06-05 04:31:29.089 I/MediaPlayerService( 1333): MediaPlayerService::getOMX
06-05 04:31:29.090 V/vold    ( 1276): Waiting for FUSE to spin up...
06-05 04:31:29.121 I/OMXClient( 1333): MuxOMX ctor
06-05 04:31:29.122 I/OMXMaster( 1330): makeComponentInstance(OMX.google.amrwb.decoder) in mediacodec process
06-05 04:31:29.150 V/vold    ( 1276): Waiting for FUSE to spin up...
06-05 04:31:29.159 I/MediaPlayerService( 1333): MediaPlayerService::getOMX
06-05 04:31:29.173 I/OMXClient( 1333): MuxOMX ctor
06-05 04:31:29.225 I/OMXMaster( 1330): makeComponentInstance(OMX.google.aac.decoder) in mediacodec process
06-05 04:31:29.267 D/VoldConnector( 2596): RCV <- {651 emulated 2}
06-05 04:31:29.269 D/VoldConnector( 2596): RCV <- {200 6 Command succeeded}
06-05 04:31:29.460 E/VoldConnector( 2596): NDC Command {6 volume mount emulated 3 -1} took too long (1539ms)
06-05 04:31:29.463 D/VoldConnector( 2596): SND -> {7 volume mount public:253,48 2 0}
06-05 04:31:29.465 V/vold    ( 1276): /system/bin/blkid
06-05 04:31:29.465 V/vold    ( 1276):     -c
06-05 04:31:29.465 V/vold    ( 1276):     /dev/null
06-05 04:31:29.465 V/vold    ( 1276):     -s
06-05 04:31:29.465 V/vold    ( 1276):     TYPE
06-05 04:31:29.465 V/vold    ( 1276):     -s
06-05 04:31:29.465 V/vold    ( 1276):     UUID
06-05 04:31:29.465 V/vold    ( 1276):     -s
06-05 04:31:29.465 V/vold    ( 1276):     LABEL
06-05 04:31:29.465 V/vold    ( 1276):     /dev/block/vold/public:253,48
06-05 04:31:29.467 D/VoldConnector( 2596): RCV <- {651 public:253,48 1}
06-05 04:31:29.630 I/MediaPlayerService( 1333): MediaPlayerService::getOMX
06-05 04:31:29.632 I/OMXClient( 1333): MuxOMX ctor
06-05 04:31:29.633 I/OMXMaster( 1330): makeComponentInstance(OMX.google.g711.alaw.decoder) in mediacodec process
06-05 04:31:30.259 V/SystemUIService( 2872): Starting SystemUI services for user 0.
06-05 04:31:30.738 I/art     ( 2908): System.exit called, status: 0
06-05 04:31:30.739 I/AndroidRuntime( 2908): VM exiting with result code 0, cleanup skipped.
06-05 04:31:30.831 I/art     ( 2913): System.exit called, status: 0
06-05 04:31:30.831 I/AndroidRuntime( 2913): VM exiting with result code 0, cleanup skipped.
06-05 04:31:30.933 I/LatinIME( 2866): Hardware accelerated drawing: true
06-05 04:31:31.205 V/MediaRouter( 2872): Adding route: RouteInfo{ name=Phone, description=null, status=null, category=RouteCategory{ name=null types=ROUTE_TYPE_LIVE_AUDIO ROUTE_TYPE_LIVE_VIDEO  groupable=false }, supportedTypes=ROUTE_TYPE_LIVE_AUDIO ROUTE_TYPE_LIVE_VIDEO , presentationDisplay=null }
06-05 04:31:31.387 V/MediaRouter( 2872): Updating audio routes: AudioRoutesInfo{ type=SPEAKER }
06-05 04:31:31.399 V/MediaRouter( 2872): Selecting route: RouteInfo{ name=Phone, description=null, status=null, category=RouteCategory{ name=null types=ROUTE_TYPE_LIVE_AUDIO ROUTE_TYPE_LIVE_VIDEO  groupable=false }, supportedTypes=ROUTE_TYPE_LIVE_AUDIO ROUTE_TYPE_LIVE_VIDEO , presentationDisplay=null }
06-05 04:31:31.444 V/vold    ( 1276): /dev/block/vold/public:253,48: LABEL="SDCARD" UUID="1EFF-1C1B" TYPE="vfat" 
06-05 04:31:31.444 V/vold    ( 1276): 
06-05 04:31:31.458 V/vold    ( 1276): /system/bin/fsck_msdos
06-05 04:31:31.458 V/vold    ( 1276):     -p
06-05 04:31:31.458 V/vold    ( 1276):     -f
06-05 04:31:31.458 V/vold    ( 1276):     /dev/block/vold/public:253,48
06-05 04:31:31.500 D/VoldConnector( 2596): RCV <- {652 public:253,48 vfat}
06-05 04:31:31.503 D/VoldConnector( 2596): RCV <- {653 public:253,48 1EFF-1C1B}
06-05 04:31:31.509 D/VoldConnector( 2596): RCV <- {654 public:253,48 SDCARD}
06-05 04:31:31.614 I/MediaPlayerService( 1333): MediaPlayerService::getOMX
06-05 04:31:31.616 I/OMXClient( 1333): MuxOMX ctor
06-05 04:31:31.616 I/OMXMaster( 1330): makeComponentInstance(OMX.google.g711.mlaw.decoder) in mediacodec process
06-05 04:31:32.162 I/fsck_msdos( 1276): ** /dev/block/vold/public:253,48
06-05 04:31:32.209 I/fsck_msdos( 1276): ** Phase 1 - Read and Compare FATs
06-05 04:31:32.281 I/fsck_msdos( 1276): Attempting to allocate 1046 KB for FAT
06-05 04:31:32.633 I/MediaPlayerService( 1333): MediaPlayerService::getOMX
06-05 04:31:32.635 I/OMXClient( 1333): MuxOMX ctor
06-05 04:31:32.635 I/OMXMaster( 1330): makeComponentInstance(OMX.google.vorbis.decoder) in mediacodec process
06-05 04:31:32.876 E/WVMExtractor( 2872): Failed to open libwvm.so: dlopen failed: library "libwvm.so" not found
06-05 04:31:32.936 I/fsck_msdos( 1276): Attempting to allocate 1046 KB for FAT
06-05 04:31:33.540 I/fsck_msdos( 1276): ** Phase 2 - Check Cluster Chains
06-05 04:31:33.593 I/fsck_msdos( 1276): ** Phase 3 - Checking Directories
06-05 04:31:33.612 I/fsck_msdos( 1276): ** Phase 4 - Checking for Lost Files
06-05 04:31:33.632 I/fsck_msdos( 1276): 2 files, 534464 free (267232 clusters)
06-05 04:31:33.912 I/Vold    ( 1276): Filesystem check completed OK
06-05 04:31:33.913 D/VoldConnector( 2596): RCV <- {656 public:253,48 /mnt/media_rw/1EFF-1C1B}
06-05 04:31:33.931 D/VoldConnector( 2596): RCV <- {655 public:253,48 /storage/1EFF-1C1B}
06-05 04:31:33.948 I/MediaPlayerService( 1333): MediaPlayerService::getOMX
06-05 04:31:34.004 I/OMXClient( 1333): MuxOMX ctor
06-05 04:31:34.006 I/OMXMaster( 1330): makeComponentInstance(OMX.google.opus.decoder) in mediacodec process
06-05 04:31:34.138 V/vold    ( 1276): Waiting for FUSE to spin up...
06-05 04:31:34.190 V/vold    ( 1276): Waiting for FUSE to spin up...
06-05 04:31:34.250 V/vold    ( 1276): Waiting for FUSE to spin up...
06-05 04:31:34.302 V/vold    ( 1276): Waiting for FUSE to spin up...
06-05 04:31:34.360 V/vold    ( 1276): Waiting for FUSE to spin up...
06-05 04:31:34.411 V/vold    ( 1276): Waiting for FUSE to spin up...
06-05 04:31:34.443 E/NetdConnector( 2596): NDC Command {3 bandwidth enable} took too long (6625ms)
06-05 04:31:34.470 V/vold    ( 1276): Waiting for FUSE to spin up...
06-05 04:31:34.530 V/vold    ( 1276): Waiting for FUSE to spin up...
06-05 04:31:34.591 V/vold    ( 1276): Waiting for FUSE to spin up...
06-05 04:31:34.650 V/vold    ( 1276): Waiting for FUSE to spin up...
06-05 04:31:34.667 W/InputAttributes( 2866): No editor info for this field. Bug?
06-05 04:31:34.687 W/sdcard  ( 2988): Device explicitly disabled sdcardfs
06-05 04:31:34.710 V/vold    ( 1276): Waiting for FUSE to spin up...
06-05 04:31:34.811 V/vold    ( 1276): Waiting for FUSE to spin up...
06-05 04:31:34.870 V/vold    ( 1276): Waiting for FUSE to spin up...
06-05 04:31:34.930 V/vold    ( 1276): Waiting for FUSE to spin up...
06-05 04:31:35.064 D/VoldConnector( 2596): RCV <- {651 public:253,48 2}
06-05 04:31:35.065 D/VoldConnector( 2596): RCV <- {200 7 Command succeeded}
06-05 04:31:35.081 E/VoldConnector( 2596): NDC Command {7 volume mount public:253,48 2 0} took too long (5619ms)
06-05 04:31:35.306 I/LatinIME:LogUtils( 2866): Dictionary info: dictionary = userunigram.en_US ; version = 1591331495 ; date = ?
06-05 04:31:35.335 E/ActivityThread( 2866): Failed to find provider info for user_dictionary
06-05 04:31:35.338 I/LatinIME:LogUtils( 2866): Dictionary info: dictionary = UserHistoryDictionary.en_US ; version = 1591331495 ; date = ?
06-05 04:31:35.663 W/ProcessCpuTracker( 2596): Skipping unknown process pid 2989
06-05 04:31:35.790 I/MediaPlayerService( 1333): MediaPlayerService::getOMX
06-05 04:31:35.821 I/OMXClient( 1333): MuxOMX ctor
06-05 04:31:35.822 I/OMXMaster( 1330): makeComponentInstance(OMX.google.raw.decoder) in mediacodec process
06-05 04:31:35.873 I/MediaPlayerService( 1333): MediaPlayerService::getOMX
06-05 04:31:35.875 I/OMXClient( 1333): MuxOMX ctor
06-05 04:31:35.877 I/OMXMaster( 1330): makeComponentInstance(OMX.google.aac.encoder) in mediacodec process
06-05 04:31:36.665 I/MediaPlayerService( 1333): MediaPlayerService::getOMX
06-05 04:31:36.723 I/OMXClient( 1333): MuxOMX ctor
06-05 04:31:36.743 I/OMXMaster( 1330): makeComponentInstance(OMX.google.amrnb.encoder) in mediacodec process
06-05 04:31:37.444 I/MediaPlayerService( 1333): MediaPlayerService::getOMX
06-05 04:31:37.445 I/OMXClient( 1333): MuxOMX ctor
06-05 04:31:37.446 I/OMXMaster( 1330): makeComponentInstance(OMX.google.amrwb.encoder) in mediacodec process
06-05 04:31:37.643 I/MediaPlayerService( 1333): MediaPlayerService::getOMX
06-05 04:31:37.646 I/OMXClient( 1333): MuxOMX ctor
06-05 04:31:37.647 I/OMXMaster( 1330): makeComponentInstance(OMX.google.flac.encoder) in mediacodec process
06-05 04:31:37.847 I/vol.Events( 2872): writeEvent collection_started
06-05 04:31:38.097 I/vol.Events( 2872): writeEvent external_ringer_mode_changed normal
06-05 04:31:38.137 I/vol.Events( 2872): writeEvent internal_ringer_mode_changed normal
06-05 04:31:38.754 E/NetdConnector( 2596): NDC Command {4 strict enable} took too long (4305ms)
06-05 04:31:38.756 W/NetworkManagement( 2596): setDataSaverMode(): already false
06-05 04:31:38.980 I/MediaPlayerService( 1333): MediaPlayerService::getOMX
06-05 04:31:38.983 I/OMXClient( 1333): MuxOMX ctor
06-05 04:31:38.984 I/OMXMaster( 1330): makeComponentInstance(OMX.google.gsm.decoder) in mediacodec process
06-05 04:31:40.542 I/MediaPlayerService( 1333): MediaPlayerService::getOMX
06-05 04:31:40.543 I/OMXClient( 1333): MuxOMX ctor
06-05 04:31:40.544 I/OMXMaster( 1330): makeComponentInstance(OMX.google.mpeg4.decoder) in mediacodec process
06-05 04:31:40.593 W/AudioService( 2596): onLoadSoundEffects(), Error 1 while loading samples
06-05 04:31:41.286 E/NetdConnector( 2596): NDC Command {7 bandwidth setglobalalert 2097152} took too long (2181ms)
06-05 04:31:41.603 D/NetworkPolicy( 2596): setRestrictBackgroundUL(): false
06-05 04:31:41.636 W/NetworkManagement( 2596): setDataSaverMode(): already false
06-05 04:31:41.738 E/OMXNodeInstance( 1330): getExtensionIndex(532000f:google.mpeg4.decoder, OMX.google.android.index.configureVideoTunnelMode) ERROR: UnsupportedIndex(0x8000101a)
06-05 04:31:41.739 W/OMXNodeInstance( 1330): [532000f:google.mpeg4.decoder] component does not support metadata mode; using fallback
06-05 04:31:41.801 I/MediaPlayerService( 1333): MediaPlayerService::getOMX
06-05 04:31:41.803 I/OMXClient( 1333): MuxOMX ctor
06-05 04:31:41.804 I/OMXMaster( 1330): makeComponentInstance(OMX.google.h263.decoder) in mediacodec process
06-05 04:31:42.213 I/art     ( 2596): Background sticky concurrent mark sweep GC freed 40757(2MB) AllocSpace objects, 18(420KB) LOS objects, 20% free, 13MB/16MB, paused 58.427ms total 899.928ms
06-05 04:31:42.251 W/ActivityManager( 2596): Timeout executing service: ServiceRecord{9dcebc8 u0 com.android.server.telecom/.components.TelecomService}
06-05 04:31:42.586 I/Process ( 2596): Sending signal. PID: 2596 SIG: 3
06-05 04:31:42.592 I/art     ( 2596): Thread[2,tid=2601,WaitingInMainSignalCatcherLoop,Thread*=0x7965f2030000,peer=0x12c010d0,"Signal Catcher"]: reacting to signal 3
06-05 04:31:42.592 I/art     ( 2596): 
06-05 04:31:43.225 E/OMXNodeInstance( 1330): getExtensionIndex(5320010:google.h263.decoder, OMX.google.android.index.configureVideoTunnelMode) ERROR: UnsupportedIndex(0x8000101a)
06-05 04:31:43.226 W/OMXNodeInstance( 1330): [5320010:google.h263.decoder] component does not support metadata mode; using fallback
06-05 04:31:43.356 I/vol.Events( 2872): writeEvent level_changed STREAM_ALARM 6
06-05 04:31:43.415 I/MediaPlayerService( 1333): MediaPlayerService::getOMX
06-05 04:31:43.417 I/OMXClient( 1333): MuxOMX ctor
06-05 04:31:43.418 I/OMXMaster( 1330): makeComponentInstance(OMX.google.h264.decoder) in mediacodec process
06-05 04:31:43.480 I/vol.Events( 2872): writeEvent level_changed STREAM_BLUETOOTH_SCO 7
06-05 04:31:43.557 I/vol.Events( 2872): writeEvent level_changed STREAM_MUSIC 11
06-05 04:31:43.587 I/Process ( 2596): Sending signal. PID: 2872 SIG: 3
06-05 04:31:43.589 I/art     ( 2872): Thread[3,tid=2878,WaitingInMainSignalCatcherLoop,Thread*=0x7965f8c96400,peer=0x12c005e0,"Signal Catcher"]: reacting to signal 3
06-05 04:31:43.589 I/art     ( 2872): 
06-05 04:31:43.730 W/art     ( 2872): Suspending all threads took: 88.976ms
06-05 04:31:44.382 W/ACodec  ( 1333): [OMX.google.h264.decoder] stopping checking profiles after 32: 2/8000
06-05 04:31:44.386 E/OMXNodeInstance( 1330): getExtensionIndex(5320011:google.h264.decoder, OMX.google.android.index.configureVideoTunnelMode) ERROR: UnsupportedIndex(0x8000101a)
06-05 04:31:44.387 W/OMXNodeInstance( 1330): [5320011:google.h264.decoder] component does not support metadata mode; using fallback
06-05 04:31:44.505 I/MediaPlayerService( 1333): MediaPlayerService::getOMX
06-05 04:31:44.506 I/OMXClient( 1333): MuxOMX ctor
06-05 04:31:44.507 I/OMXMaster( 1330): makeComponentInstance(OMX.google.hevc.decoder) in mediacodec process
06-05 04:31:44.791 I/art     ( 2872): Wrote stack traces to '/data/anr/traces.txt'
06-05 04:31:45.374 E/OMXNodeInstance( 1330): getExtensionIndex(5320012:google.hevc.decoder, OMX.google.android.index.configureVideoTunnelMode) ERROR: UnsupportedIndex(0x8000101a)
06-05 04:31:45.375 W/OMXNodeInstance( 1330): [5320012:google.hevc.decoder] component does not support metadata mode; using fallback
06-05 04:31:45.473 I/MediaPlayerService( 1333): MediaPlayerService::getOMX
06-05 04:31:45.475 I/OMXClient( 1333): MuxOMX ctor
06-05 04:31:45.476 I/OMXMaster( 1330): makeComponentInstance(OMX.google.vp8.decoder) in mediacodec process
06-05 04:31:46.159 E/OMXNodeInstance( 1330): getExtensionIndex(5320013:google.vp8.decoder, OMX.google.android.index.configureVideoTunnelMode) ERROR: UnsupportedIndex(0x8000101a)
06-05 04:31:46.160 W/OMXNodeInstance( 1330): [5320013:google.vp8.decoder] component does not support metadata mode; using fallback
06-05 04:31:46.243 I/MediaPlayerService( 1333): MediaPlayerService::getOMX
06-05 04:31:46.245 I/OMXClient( 1333): MuxOMX ctor
06-05 04:31:46.246 I/OMXMaster( 1330): makeComponentInstance(OMX.google.vp9.decoder) in mediacodec process
06-05 04:31:46.759 E/OMXNodeInstance( 1330): getExtensionIndex(5320014:google.vp9.decoder, OMX.google.android.index.configureVideoTunnelMode) ERROR: UnsupportedIndex(0x8000101a)
06-05 04:31:46.820 W/OMXNodeInstance( 1330): [5320014:google.vp9.decoder] component does not support metadata mode; using fallback
06-05 04:31:46.844 I/MediaPlayerService( 1333): MediaPlayerService::getOMX
06-05 04:31:46.846 I/OMXClient( 1333): MuxOMX ctor
06-05 04:31:46.847 I/OMXMaster( 1330): makeComponentInstance(OMX.google.h263.encoder) in mediacodec process
06-05 04:31:47.386 W/        ( 1275): debuggerd: handling request: pid=1320 uid=1000 gid=1003 tid=1320
06-05 04:31:47.748 I/SoftMPEG4Encoder( 1330): Construct SoftMPEG4Encoder
06-05 04:31:47.796 W/ACodec  ( 1333): do not know color format 0x7f000789 = 2130708361
06-05 04:31:47.811 E/OMXNodeInstance( 1330): getConfig(5320015:google.h263.encoder, ConfigAndroidIntraRefresh(0x6f60000a)) ERROR: Undefined(0x80001001)
06-05 04:31:47.879 I/MediaPlayerService( 1333): MediaPlayerService::getOMX
06-05 04:31:47.906 I/OMXClient( 1333): MuxOMX ctor
06-05 04:31:47.907 I/OMXMaster( 1330): makeComponentInstance(OMX.google.h264.encoder) in mediacodec process
06-05 04:31:48.200 W/        ( 1275): debuggerd: resuming target 1320
06-05 04:31:48.205 W/        ( 1275): debuggerd: handling request: pid=1325 uid=1041 gid=1005 tid=1325
06-05 04:31:48.309 W/        ( 1274): debuggerd: handling request: pid=1325 uid=1041 gid=1005 tid=1325
06-05 04:31:48.355 W/art     ( 2596): Long monitor contention with owner NetworkPolicy (2821) at boolean android.os.BinderProxy.transactNative(int, android.os.Parcel, android.os.Parcel, int)(Binder.java:-2) waiters=0 in void com.android.server.NetworkManagementService.setFirewallChainEnabled(int, boolean) for 6.233s
06-05 04:31:48.962 W/ACodec  ( 1333): do not know color format 0x7f000789 = 2130708361
06-05 04:31:49.003 I/MediaPlayerService( 1333): MediaPlayerService::getOMX
06-05 04:31:49.005 I/OMXClient( 1333): MuxOMX ctor
06-05 04:31:49.006 I/OMXMaster( 1330): makeComponentInstance(OMX.google.mpeg4.encoder) in mediacodec process
06-05 04:31:49.673 W/        ( 1274): debuggerd: resuming target 1325
06-05 04:31:49.677 W/        ( 1275): debuggerd: handling request: pid=1326 uid=1047 gid=1005 tid=1326
06-05 04:31:49.752 W/        ( 1274): debuggerd: handling request: pid=1326 uid=1047 gid=1005 tid=1326
06-05 04:31:50.060 I/vol.Events( 2872): writeEvent level_changed STREAM_RING 5
06-05 04:31:50.078 I/vol.Events( 2872): writeEvent level_changed STREAM_SYSTEM 5
06-05 04:31:50.142 I/art     ( 2596): Wrote stack traces to '/data/anr/traces.txt'
06-05 04:31:50.263 I/vol.Events( 2872): writeEvent level_changed STREAM_VOICE_CALL 4
06-05 04:31:50.396 I/SoftMPEG4Encoder( 1330): Construct SoftMPEG4Encoder
06-05 04:31:50.493 W/        ( 1274): debuggerd: resuming target 1326
06-05 04:31:50.498 W/        ( 1275): debuggerd: handling request: pid=1327 uid=1019 gid=1019 tid=1327
06-05 04:31:50.583 W/        ( 1274): debuggerd: handling request: pid=1327 uid=1019 gid=1019 tid=1327
06-05 04:31:50.659 W/ACodec  ( 1333): do not know color format 0x7f000789 = 2130708361
06-05 04:31:50.712 E/OMXNodeInstance( 1330): getConfig(5320017:google.mpeg4.encoder, ConfigAndroidIntraRefresh(0x6f60000a)) ERROR: Undefined(0x80001001)
06-05 04:31:50.729 I/MediaPlayerService( 1333): MediaPlayerService::getOMX
06-05 04:31:50.842 I/OMXClient( 1333): MuxOMX ctor
06-05 04:31:50.843 I/OMXMaster( 1330): makeComponentInstance(OMX.google.vp8.encoder) in mediacodec process
06-05 04:31:51.064 D/StorageNotification( 2872): Notifying about private volume: VolumeInfo{private}:
06-05 04:31:51.064 D/StorageNotification( 2872):     type=PRIVATE diskId=null partGuid=null mountFlags=0 mountUserId=-1 
06-05 04:31:51.064 D/StorageNotification( 2872):     state=MOUNTED 
06-05 04:31:51.064 D/StorageNotification( 2872):     fsType=null fsUuid=null fsLabel=null 
06-05 04:31:51.064 D/StorageNotification( 2872):     path=/data internalPath=null 
06-05 04:31:51.069 D/StorageNotification( 2872): Notifying about public volume: VolumeInfo{public:253,48}:
06-05 04:31:51.069 D/StorageNotification( 2872):     type=PUBLIC diskId=disk:253,48 partGuid=null mountFlags=VISIBLE 
06-05 04:31:51.069 D/StorageNotification( 2872):     mountUserId=0 state=MOUNTED 
06-05 04:31:51.069 D/StorageNotification( 2872):     fsType=vfat fsUuid=1EFF-1C1B fsLabel=SDCARD 
06-05 04:31:51.069 D/StorageNotification( 2872):     path=/storage/1EFF-1C1B internalPath=/mnt/media_rw/1EFF-1C1B 
06-05 04:31:51.414 E/NetdConnector( 2596): NDC Command {8 firewall enable_chain standby} took too long (3058ms)
06-05 04:31:51.422 W/        ( 1274): debuggerd: resuming target 1327
06-05 04:31:51.425 W/        ( 1275): debuggerd: handling request: pid=1330 uid=1046 gid=1006 tid=1330
06-05 04:31:51.430 W/        ( 1274): debuggerd: handling request: pid=1330 uid=1046 gid=1006 tid=1330
06-05 04:31:51.687 I/SystemServiceManager( 2596): Starting phase 600
06-05 04:31:52.053 D/SensorNotificationService( 2596): Cannot obtain dynamic meta sensor, not supported.
06-05 04:31:52.086 W/        ( 1274): debuggerd: resuming target 1330
06-05 04:31:52.233 W/        ( 1275): debuggerd: handling request: pid=1331 uid=1013 gid=1031 tid=1331
06-05 04:31:52.235 W/        ( 1274): debuggerd: handling request: pid=1331 uid=1013 gid=1031 tid=1331
06-05 04:31:52.274 I/Choreographer( 2872): Skipped 104 frames!  The application may be doing too much work on its main thread.
06-05 04:31:52.478 I/GnssLocationProvider( 2596): WakeLock acquired by sendMessage(13, 0, null)
06-05 04:31:52.587 W/LocationManagerService( 2596): no network location provider found
06-05 04:31:52.771 E/LocationManagerService( 2596): no geocoder provider found
06-05 04:31:52.773 E/FlpHardwareProvider( 2596): Error hw_get_module 'flp': -2
06-05 04:31:52.774 D/LocationManagerService( 2596): FLP HAL not supported
06-05 04:31:52.869 D/LocationManagerService( 2596): Unable to bind FLP Geofence proxy.
06-05 04:31:52.894 W/        ( 1274): debuggerd: resuming target 1331
06-05 04:31:52.898 W/        ( 1275): debuggerd: handling request: pid=1332 uid=1040 gid=1026 tid=1332
06-05 04:31:52.926 W/        ( 1274): debuggerd: handling request: pid=1332 uid=1040 gid=1026 tid=1332
06-05 04:31:52.943 E/ActivityRecognitionHardware( 2596): Error hw_get_module: -2
06-05 04:31:52.943 D/LocationManagerService( 2596): Hardware Activity-Recognition not supported.
06-05 04:31:52.946 E/ActivityRecognitionProxy( 2596): ServiceWatcher could not start.
06-05 04:31:52.946 D/LocationManagerService( 2596): Unable to bind ActivityRecognitionProxy.
06-05 04:31:53.013 W/ACodec  ( 1333): do not know color format 0x7f000789 = 2130708361
06-05 04:31:53.014 E/OMXNodeInstance( 1330): getConfig(5320018:google.vp8.encoder, ConfigAndroidIntraRefresh(0x6f60000a)) ERROR: Undefined(0x80001001)
06-05 04:31:53.066 I/MediaPlayerService( 1333): MediaPlayerService::getOMX
06-05 04:31:53.068 I/OMXClient( 1333): MuxOMX ctor
06-05 04:31:53.100 I/MediaPlayerService( 1333): MediaPlayerService::getOMX
06-05 04:31:53.103 I/OMXClient( 1333): MuxOMX ctor
06-05 04:31:53.103 W/MediaCodecList( 1333): unable to open media codecs configuration xml file: /data/misc/media/media_codecs_profiling_results.xml
06-05 04:31:53.126 I/MediaPlayerService( 1333): MediaPlayerService::getOMX
06-05 04:31:53.131 I/OMXClient( 2596): MuxOMX ctor
06-05 04:31:53.400 I/MediaPlayerService( 1333): MediaPlayerService::getOMX
06-05 04:31:53.414 I/OMXMaster( 1330): makeComponentInstance(OMX.google.vorbis.decoder) in mediacodec process
06-05 04:31:53.584 I/OMXClient( 2872): MuxOMX ctor
06-05 04:31:54.094 W/        ( 1274): debuggerd: resuming target 1332
06-05 04:31:54.265 W/        ( 1275): debuggerd: handling request: pid=1333 uid=1013 gid=1005 tid=1333
06-05 04:31:54.278 W/        ( 1274): debuggerd: handling request: pid=1333 uid=1013 gid=1005 tid=1333
06-05 04:31:54.431 I/OMXMaster( 1330): makeComponentInstance(OMX.google.vorbis.decoder) in mediacodec process
06-05 04:31:54.859 W/        ( 1274): debuggerd: resuming target 1333
06-05 04:31:54.873 W/        ( 1275): debuggerd: handling request: pid=2936 uid=1023 gid=1023 tid=2936
06-05 04:31:55.076 W/        ( 1275): debuggerd: resuming target 2936
06-05 04:31:55.091 W/        ( 1275): debuggerd: handling request: pid=2988 uid=1023 gid=1023 tid=2988
06-05 04:31:55.166 W/        ( 1275): debuggerd: resuming target 2988
06-05 04:31:55.205 I/GnssLocationProvider( 2596): WakeLock acquired by sendMessage(2, 1, null)
06-05 04:31:56.106 I/CommonTimeManagementService( 2596): No common time service detected on this platform.  Common time services will be unavailable.
06-05 04:31:56.216 I/InputReader( 2596): Reconfiguring input devices.  changes=0x00000020
06-05 04:31:56.297 I/MmsServiceBroker( 2596): Delay connecting to MmsService until an API is called
06-05 04:31:56.463 W/VoiceInteractionManagerService( 2596): no available voice interaction services found for user 0
06-05 04:31:56.463 W/VoiceInteractionManagerService( 2596): no available voice recognition services found for user 0
06-05 04:31:56.522 I/InputReader( 2596): Reconfiguring input devices.  changes=0x00000010
06-05 04:31:56.833 W/ActivityManager( 2596): Slow operation: 306ms so far, now at startProcess: returned from zygote!
06-05 04:31:56.833 W/ActivityManager( 2596): Slow operation: 306ms so far, now at startProcess: done updating battery stats
06-05 04:31:56.835 W/ActivityManager( 2596): Slow operation: 308ms so far, now at startProcess: building log message
06-05 04:31:56.835 I/ActivityManager( 2596): Start proc 3107:com.android.phone/1001 for added application com.android.phone
06-05 04:31:56.835 W/ActivityManager( 2596): Slow operation: 308ms so far, now at startProcess: starting to update pids map
06-05 04:31:56.836 W/ActivityManager( 2596): Slow operation: 308ms so far, now at startProcess: done updating pids map
06-05 04:31:56.862 I/ActivityManager( 2596): START u0 {act=android.intent.action.MAIN cat=[android.intent.category.HOME] flg=0x10000100 cmp=com.android.settings/.FallbackHome} from uid 0 on display 0
06-05 04:31:56.978 W/System  ( 2596): ClassLoader referenced unknown path: 
06-05 04:31:57.061 W/System  ( 2596): ClassLoader referenced unknown path: /system/priv-app/Settings/lib/x86_64
06-05 04:31:57.086 W/art     ( 3107): Unexpected CPU variant for X86 using defaults: x86_64
06-05 04:31:57.136 D/ApplicationLoaders( 2596): ignored Vulkan layer search path /system/priv-app/Settings/lib/x86_64:/system/priv-app/Settings/Settings.apk!/lib/x86_64:/system/lib64:/vendor/lib64 for namespace 0x7965fd52c160
06-05 04:31:57.226 I/ActivityManager( 2596): Loaded persisted task ids for user 0
06-05 04:31:57.364 I/MediaPlayerService( 1333): MediaPlayerService::getOMX
06-05 04:31:57.366 I/OMXClient( 2872): MuxOMX ctor
06-05 04:31:57.382 I/OMXMaster( 1330): makeComponentInstance(OMX.google.vorbis.decoder) in mediacodec process
06-05 04:31:57.661 W/ActivityManager( 2596): Slow operation: 209ms so far, now at startProcess: returned from zygote!
06-05 04:31:57.662 W/ActivityManager( 2596): Slow operation: 210ms so far, now at startProcess: done updating battery stats
06-05 04:31:57.662 W/ActivityManager( 2596): Slow operation: 210ms so far, now at startProcess: building log message
06-05 04:31:57.662 I/ActivityManager( 2596): Start proc 3122:com.android.settings/1000 for activity com.android.settings/.FallbackHome
06-05 04:31:57.662 W/ActivityManager( 2596): Slow operation: 210ms so far, now at startProcess: starting to update pids map
06-05 04:31:57.662 W/ActivityManager( 2596): Slow operation: 210ms so far, now at startProcess: done updating pids map
06-05 04:31:57.663 W/ActivityManager( 2596): Slow operation: 212ms so far, now at startProcess: done starting proc!
06-05 04:31:57.707 W/art     ( 3122): Unexpected CPU variant for X86 using defaults: x86_64
06-05 04:31:57.719 W/art     ( 2596): Long monitor contention with owner main (2596) at void com.android.server.am.ActivityManagerService.systemReady(java.lang.Runnable)(ActivityManagerService.java:13368) waiters=0 in void com.android.server.am.ActivityManagerService.dispatchUidsChanged() for 1.219s
06-05 04:31:57.733 W/art     ( 2596): Long monitor contention with owner main (2596) at void com.android.server.am.ActivityManagerService.systemReady(java.lang.Runnable)(ActivityManagerService.java:13368) waiters=2 in java.lang.String com.android.server.am.ActivityManagerService.checkContentProviderAccess(java.lang.String, int) for 1.016s
06-05 04:31:57.734 W/art     ( 2596): Long monitor contention with owner main (2596) at void com.android.server.am.ActivityManagerService.systemReady(java.lang.Runnable)(ActivityManagerService.java:13368) waiters=1 in int com.android.server.am.ActivityManagerService.broadcastIntent(android.app.IApplicationThread, android.content.Intent, java.lang.String, android.content.IIntentReceiver, int, java.lang.String, android.os.Bundle, java.lang.String[], int, android.os.Bundle, boolean, boolean, int) for 1.080s
06-05 04:31:57.763 I/SystemServer( 2596): Enabled StrictMode for system server main thread.
06-05 04:31:57.991 W/art     ( 2596): Long monitor contention with owner Binder:2596_3 (2847) at java.lang.String com.android.server.am.ActivityManagerService.checkContentProviderAccess(java.lang.String, int)(ActivityManagerService.java:10435) waiters=1 in int com.android.server.am.ActivityManagerService.broadcastIntent(android.app.IApplicationThread, android.content.Intent, java.lang.String, android.content.IIntentReceiver, int, java.lang.String, android.os.Bundle, java.lang.String[], int, android.os.Bundle, boolean, boolean, int) for 256ms
06-05 04:31:58.095 W/art     ( 2596): Long monitor contention with owner Binder:2596_4 (2907) at void com.android.server.am.ActivityManagerService.attachApplication(android.app.IApplicationThread)(ActivityManagerService.java:6669) waiters=1 in int com.android.server.am.ActivityManagerService.broadcastIntent(android.app.IApplicationThread, android.content.Intent, java.lang.String, android.content.IIntentReceiver, int, java.lang.String, android.os.Bundle, java.lang.String[], int, android.os.Bundle, boolean, boolean, int) for 331ms
06-05 04:31:58.111 W/art     ( 2596): Long monitor contention with owner Binder:2596_4 (2907) at void com.android.server.am.ActivityManagerService.attachApplication(android.app.IApplicationThread)(ActivityManagerService.java:6669) waiters=2 in java.lang.String com.android.server.am.ActivityManagerService.checkContentProviderAccess(java.lang.String, int) for 313ms
06-05 04:31:58.199 I/StatusBarManagerService( 2596): registerStatusBar bar=com.android.internal.statusbar.IStatusBar$Stub$Proxy@2fe9d1b
06-05 04:31:58.318 D/PermissionCache( 1320): checking android.permission.READ_FRAME_BUFFER for uid=1000 => granted (3798 us)
06-05 04:31:58.433 D/gralloc ( 1320): Registering a buffer in the process that created it. This may cause memory ordering problems.
06-05 04:31:58.434 E/libEGL  ( 1320): called unimplemented OpenGL ES API
06-05 04:31:58.434 E/SurfaceFlinger( 1320): glCheckFramebufferStatusOES error 1236697786
06-05 04:31:58.434 E/SurfaceFlinger( 1320): got GL_FRAMEBUFFER_COMPLETE_OES error while taking screenshot
06-05 04:31:58.640 W/art     ( 2596): Long monitor contention with owner Binder:2596_2 (2632) at void com.android.server.am.ActivityManagerService.attachApplication(android.app.IApplicationThread)(ActivityManagerService.java:6669) waiters=0 in void com.android.server.am.ActivityManagerService.dispatchUidsChanged() for 457ms
06-05 04:31:58.661 W/art     ( 2596): Long monitor contention with owner Binder:2596_2 (2632) at void com.android.server.am.ActivityManagerService.attachApplication(android.app.IApplicationThread)(ActivityManagerService.java:6669) waiters=1 in void com.android.server.am.ActivityManagerService$LocalService.notifyAppTransitionCancelled() for 438ms
06-05 04:31:58.663 W/art     ( 2596): Long monitor contention with owner Binder:2596_2 (2632) at void com.android.server.am.ActivityManagerService.attachApplication(android.app.IApplicationThread)(ActivityManagerService.java:6669) waiters=2 in android.content.Intent com.android.server.am.ActivityManagerService.registerReceiver(android.app.IApplicationThread, java.lang.String, android.content.IIntentReceiver, android.content.IntentFilter, java.lang.String, int) for 425ms
06-05 04:31:58.664 D/ConditionProviders.SCP( 2596): onConnected
06-05 04:31:58.667 D/ZenLog  ( 2596): set_zen_mode: off,readXml
06-05 04:31:58.725 D/ConditionProviders( 2596): Subscribing to condition://android/schedule?days=1.2.3.4.5&start=22.0&end=7.0&exitAtAlarm=false with ComponentInfo{android/com.android.server.notification.ScheduleConditionProvider}
06-05 04:31:58.726 D/ZenLog  ( 2596): subscribe: condition://android/schedule?days=1.2.3.4.5&start=22.0&end=7.0&exitAtAlarm=false,ok
06-05 04:31:58.727 D/ConditionProviders( 2596): Subscribing to condition://android/schedule?days=6.7&start=23.30&end=10.0&exitAtAlarm=false with ComponentInfo{android/com.android.server.notification.ScheduleConditionProvider}
06-05 04:31:58.727 D/ZenLog  ( 2596): subscribe: condition://android/schedule?days=6.7&start=23.30&end=10.0&exitAtAlarm=false,ok
06-05 04:31:58.728 D/ConditionProviders( 2596): Subscribing to condition://android/event?userId=-10000&calendar=&reply=1 with ComponentInfo{android/com.android.server.notification.EventConditionProvider}
06-05 04:31:58.728 D/ZenLog  ( 2596): subscribe: condition://android/event?userId=-10000&calendar=&reply=1,ok
06-05 04:31:58.843 W/System  ( 3122): ClassLoader referenced unknown path: /system/priv-app/Settings/lib/x86_64
06-05 04:31:59.181 W/System  ( 3107): ClassLoader referenced unknown path: /system/priv-app/TeleService/lib/x86_64
06-05 04:32:00.141 W/System  ( 3107): ClassLoader referenced unknown path: /system/priv-app/TelephonyProvider/lib/x86_64
06-05 04:32:00.146 D/ApplicationLoaders( 3107): ignored Vulkan layer search path /system/priv-app/TelephonyProvider/lib/x86_64:/system/lib64:/vendor/lib64 for namespace 0x7965fd51c0f0
06-05 04:32:00.568 W/WindowManager( 2596): App freeze timeout expired.
06-05 04:32:00.569 W/WindowManager( 2596): Force clearing freeze: AppWindowToken{7a66b2a token=Token{259e1cc ActivityRecord{9fffff u0 com.android.settings/.FallbackHome t1}}}
06-05 04:32:00.801 D/gralloc_ranchu( 3122): Emulator without host-side GPU emulation detected. Loading gralloc.default.so from /vendor/lib64/hw/gralloc.goldfish.default.so...
06-05 04:32:00.805 D/gralloc_ranchu( 3122): gralloc.default.so not found in /vendor. Trying /system/lib64/hw/gralloc.goldfish.default.so...
06-05 04:32:01.493 D/TelephonyProvider( 3107): dbh.onOpen: ok, queried table=siminfo
06-05 04:32:01.496 D/TelephonyProvider( 3107): dbh.onOpen: ok, queried table=carriers
06-05 04:32:02.144 D/RttService( 2596): SCAN_AVAILABLE : 1
06-05 04:32:02.145 D/ZenLog  ( 2596): set_zen_mode: off,cleanUpZenRules
06-05 04:32:02.257 I/WindowManager( 2596): Screen frozen for +4s54ms due to Window{fc73181 u0 KeyguardScrim}
06-05 04:32:03.544 I/MediaPlayerService( 1333): MediaPlayerService::getOMX
06-05 04:32:03.547 I/OMXClient( 2872): MuxOMX ctor
06-05 04:32:03.563 I/OMXMaster( 1330): makeComponentInstance(OMX.google.vorbis.decoder) in mediacodec process
06-05 04:32:04.679 I/WifiScanningService( 2596): wifi driver unloaded
06-05 04:32:04.684 D/RttService( 2596): DefaultState got{ when=-2s538ms what=160513 target=com.android.internal.util.StateMachine$SmHandler }
06-05 04:32:04.720 W/art     ( 2596): Long monitor contention with owner android.display (2669) at java.lang.String android.content.res.StringBlock.nativeGetString(long, int)(StringBlock.java:-2) waiters=0 in java.lang.CharSequence android.content.res.StringBlock.get(int) for 999ms
06-05 04:32:04.926 W/System  ( 2596): ClassLoader referenced unknown path: /system/priv-app/Telecom/lib/x86_64
06-05 04:32:05.053 D/ApplicationLoaders( 2596): ignored Vulkan layer search path /system/priv-app/Telecom/lib/x86_64:/system/priv-app/Telecom/Telecom.apk!/lib/x86_64:/system/lib64:/vendor/lib64 for namespace 0x7965fd52c1d0
06-05 04:32:05.463 W/art     ( 2596): Long monitor contention with owner android.display (2669) at void com.android.server.wm.WindowManagerService$H.handleMessage(android.os.Message)(WindowManagerService.java:8368) waiters=0 in int com.android.server.wm.WindowManagerService.relayoutWindow(com.android.server.wm.Session, android.view.IWindow, int, android.view.WindowManager$LayoutParams, int, int, int, int, android.graphics.Rect, android.graphics.Rect, android.graphics.Rect, android.graphics.Rect, android.graphics.Rect, android.graphics.Rect, android.graphics.Rect, android.content.res.Configuration, android.view.Surface) for 785ms
06-05 04:32:05.721 I/ActivityManager( 2596): Displayed com.android.settings/.FallbackHome: +8s222ms
06-05 04:32:05.723 I/Choreographer( 2596): Skipped 208 frames!  The application may be doing too much work on its main thread.
06-05 04:32:06.383 I/Choreographer( 3122): Skipped 229 frames!  The application may be doing too much work on its main thread.
06-05 04:32:06.914 E/BluetoothAdapter( 2596): Bluetooth binder is null
06-05 04:32:07.292 I/Telecom ( 2596): SystemStateProvider: Registering car mode receiver: android.content.IntentFilter@fda88cf: TS.init@AAA
06-05 04:32:07.378 W/ProcessCpuTracker( 2596): Skipping unknown process pid 3166
06-05 04:32:07.429 I/art     ( 2596): Starting a blocking GC Explicit
06-05 04:32:07.492 I/Choreographer( 3122): Skipped 47 frames!  The application may be doing too much work on its main thread.
06-05 04:32:07.742 I/Telecom ( 2596): CallAudioModeStateMachine: Message received: null.: TS.init->CAMSM.pM_1@AAA_0
06-05 04:32:07.851 I/Telecom ( 2596): Telecom: Non-call EVENT: AUDIO_ROUTE, Entering state QuiescentEarpieceRoute
06-05 04:32:07.852 E/BluetoothAdapter( 2596): Bluetooth binder is null
06-05 04:32:08.012 E/ActivityThread( 2596): Failed to find provider info for call_log
06-05 04:32:08.167 W/GnssLocationProvider( 2596): Could not open GPS configuration file /etc/gps.conf
06-05 04:32:08.167 E/GnssLocationProvider( 2596): no AGPS interface in set_agps_server
06-05 04:32:08.188 I/Telecom ( 2596): Class: TelecomSystem.INSTANCE being set
06-05 04:32:08.232 E/BluetoothAdapter( 2596): Bluetooth binder is null
06-05 04:32:08.398 W/ContextImpl( 2596): Calling a method in the system process without a qualified user: android.app.ContextImpl.startService:1357 com.android.server.content.SyncManager$13.run:658 android.os.Handler.handleCallback:751 android.os.Handler.dispatchMessage:95 android.os.Looper.loop:154 
06-05 04:32:13.585 W/SystemConfig( 3107): No directory /system/etc/sysconfig, skipping
06-05 04:32:14.003 W/ProcessCpuTracker( 2596): Skipping unknown process pid 3171
06-05 04:32:15.205 E/ActivityManager( 2596): ANR in system
06-05 04:32:15.205 E/ActivityManager( 2596): PID: 2596
06-05 04:32:15.205 E/ActivityManager( 2596): Reason: executing service com.android.server.telecom/.components.TelecomService
06-05 04:32:15.205 E/ActivityManager( 2596): Load: 12.07 / 5.34 / 2.13
06-05 04:32:15.205 E/ActivityManager( 2596): CPU usage from 0ms to 31886ms later (2020-06-05 04:31:42.266 to 2020-06-05 04:32:14.152):
06-05 04:32:15.205 E/ActivityManager( 2596):   46% 1320/surfaceflinger: 22% user + 24% kernel / faults: 82 minor
06-05 04:32:15.205 E/ActivityManager( 2596):   40% 1685/bootanimation: 24% user + 15% kernel
06-05 04:32:15.205 E/ActivityManager( 2596):   26% 2596/system_server: 9.8% user + 16% kernel / faults: 3586 minor 33 major
06-05 04:32:15.205 E/ActivityManager( 2596):   13% 1330/media.codec: 6.6% user + 6.9% kernel / faults: 6884 minor 17 major
06-05 04:32:15.205 E/ActivityManager( 2596):   11% 2872/com.android.systemui: 4.4% user + 7.3% kernel / faults: 3527 minor 28 major
06-05 04:32:15.205 E/ActivityManager( 2596):   3.1% 8/rcu_preempt: 0% user + 3.1% kernel
06-05 04:32:15.205 E/ActivityManager( 2596):   2.9% 2079/adbd: 0.1% user + 2.7% kernel / faults: 1778 minor
06-05 04:32:15.205 E/ActivityManager( 2596):   1.2% 1333/mediaserver: 0.5% user + 0.7% kernel / faults: 77 minor
06-05 04:32:15.205 E/ActivityManager( 2596):   1% 2866/com.android.inputmethod.latin: 0.4% user + 0.5% kernel / faults: 338 minor
06-05 04:32:15.205 E/ActivityManager( 2596):   0.6% 1332/media.extractor: 0.5% user + 0.1% kernel / faults: 74 minor
06-05 04:32:15.205 E/ActivityManager( 2596):   0.2% 1275/debuggerd64: 0% user + 0.1% kernel / faults: 103 minor
06-05 04:32:15.205 E/ActivityManager( 2596):   0.6% 1334/netd: 0.1% user + 0.4% kernel / faults: 151 minor
06-05 04:32:15.205 E/ActivityManager( 2596):   0.5% 1319/servicemanager: 0% user + 0.4% kernel
06-05 04:32:15.205 E/ActivityManager( 2596):   0.1% 1274/debuggerd: 0% user + 0% kernel / faults: 180 minor
06-05 04:32:15.205 E/ActivityManager( 2596):   0.2% 1323/zygote64: 0% user + 0.2% kernel / faults: 287 minor
06-05 04:32:15.205 E/ActivityManager( 2596):   0.3% 17/kworker/u4:1: 0% user + 0.3% kernel
06-05 04:32:15.205 E/ActivityManager( 2596):   0.2% 1254/kworker/0:1H: 0% user + 0.2% kernel
06-05 04:32:15.205 E/ActivityManager( 2596):   0.1% 1325/audioserver: 0% user + 0.1% kernel / faults: 39 minor
06-05 04:32:15.205 E/ActivityManager( 2596):   0.1% 1//init: 0% user + 0.1% kernel / faults: 1 minor
06-05 04:32:15.205 E/ActivityManager( 2596):   0.1% 12/ksoftirqd/1: 0% user + 0.1% kernel
06-05 04:32:15.205 E/ActivityManager( 2596):   0.1% 1266/logd: 0% user + 0.1% kernel / faults: 5 minor
06-05 04:32:15.205 E/ActivityManager( 2596):   0.1% 1264/jbd2/vdc-8: 0% user + 0.1% kernel
06-05 04:32:15.205 E/ActivityManager( 2596):   0% 1326/cameraserver: 0% user + 0% kernel / faults: 74 minor
06-05 04:32:15.205 E/ActivityManager( 2596):   0.1% 3/ksoftirqd/0: 0% user + 0.1% kernel
06-05 04:32:15.205 E/ActivityManager( 2596):   0% 673/kworker/1:1: 0% user + 0% kernel
06-05 04:32:15.205 E/ActivityManager( 2596):   0% 809/kworker/0:2: 0% user + 0% kernel
06-05 04:32:15.205 E/ActivityManager( 2596):   0% 1336/rild: 0% user + 0% kernel / faults: 5 minor
06-05 04:32:15.205 E/ActivityManager( 2596):   0% 1318/lmkd: 0% user + 0% kernel
06-05 04:32:15.205 E/ActivityManager( 2596):   0% 1373/logcat: 0% user + 0% kernel
06-05 04:32:15.205 E/ActivityManager( 2596):   0% 2936/sdcard: 0% user + 0% kernel / faults: 7 minor
06-05 04:32:15.205 E/ActivityManager( 2596):  +0% 3107/com.android.phone: 0% user + 0% kernel
06-05 04:32:15.205 E/ActivityManager( 2596):  +0% 3122/com.android.settings: 0% user + 0% kernel
06-05 04:32:15.205 E/ActivityManager( 2596):  +0% 3192/sh: 0% user + 0% kernel
06-05 04:32:15.205 E/ActivityManager( 2596):  +0% 3194/sh: 0% user + 0% kernel
06-05 04:32:15.205 E/ActivityManager( 2596): 100% TOTAL: 45% user + 53% kernel + 0% irq + 0.5% softirq
06-05 04:32:15.205 E/ActivityManager( 2596): CPU usage from 23113ms to 25724ms later (2020-06-05 04:32:05.379 to 2020-06-05 04:32:07.991) with 99% awake:
06-05 04:32:15.205 E/ActivityManager( 2596):   47% 1320/surfaceflinger: 26% user + 21% kernel / faults: 4 minor
06-05 04:32:15.205 E/ActivityManager( 2596):     18% 1320/surfaceflinger: 14% user + 3.9% kernel
06-05 04:32:15.205 E/ActivityManager( 2596):     7.4% 1662/EventThread: 1.7% user + 5.7% kernel
06-05 04:32:15.205 E/ActivityManager( 2596):     5.7% 1599/DispSync: 0% user + 5.7% kernel
06-05 04:32:15.205 E/ActivityManager( 2596):     1.7% 1669/VSyncThread: 1.7% user + 0% kernel
06-05 04:32:15.205 E/ActivityManager( 2596):     1.3% 1600/Binder:1320_2: 0.4% user + 0.8% kernel
06-05 04:32:15.205 E/ActivityManager( 2596):     0.8% 2354/Binder:1320_3: 0% user + 0.8% kernel
06-05 04:32:15.205 E/ActivityManager( 2596):     0.4% 1659/POSIX timer 0: 0% user + 0.4% kernel
06-05 04:32:15.205 E/ActivityManager( 2596):     0.4% 1684/EventControl: 0% user + 0.4% kernel
06-05 04:32:15.205 E/ActivityManager( 2596):     0.4% 3063/Binder:1320_4: 0% user + 0.4% kernel
06-05 04:32:15.205 E/ActivityManager( 2596):   34% 2596/system_server: 4.8% user + 29% kernel / faults: 408 minor 4 major
06-05 04:32:15.205 E/ActivityManager( 2596):     11% 2596/system_server: 1% user + 10% kernel
06-05 04:32:15.205 E/ActivityManager( 2596):     10% 2651/ActivityManager: 1.6% user + 8.6% kernel
06-05 04:32:15.205 E/ActivityManager( 2596):     2.1% 2907/Binder:2596_4: 0% user + 2.1% kernel
06-05 04:32:15.205 E/ActivityManager( 2596):     1.6% 2847/Binder:2596_3: 0% user + 1.6% kernel
06-05 04:32:15.205 E/ActivityManager( 2596):     1.6% 2970/Binder:2596_5: 0% user + 1.6% kernel
06-05 04:32:15.205 E/ActivityManager( 2596):     1% 2630/Binder:2596_1: 0.5% user + 0.5% kernel
06-05 04:32:15.205 E/ActivityManager( 2596):     1% 2648/android.bg: 0% user + 1% kernel
06-05 04:32:15.205 E/ActivityManager( 2596):     1% 2832/ConnectivitySer: 0% user + 1% kernel
06-05 04:32:15.205 E/ActivityManager( 2596):     0.5% 2632/Binder:2596_2: 0% user + 0.5% kernel
06-05 04:32:15.205 E/ActivityManager( 2596):     0.5% 2669/android.display: 0% user + 0.5% kernel
06-05 04:32:15.205 E/ActivityManager( 2596):    +0% 3173/uteStateMachine: 0% user + 0% kernel
06-05 04:32:15.205 E/ActivityManager( 2596):    +0% 3175/CallAudioModeSt: 0% user + 0% kernel
06-05 04:32:15.205 E/ActivityManager( 2596):    +0% 3176/AsyncQueryWorke: 0% user + 0% kernel
06-05 04:32:15.205 E/ActivityManager( 2596):    +0% 3177/callActivityMan: 0% user + 0% kernel
06-05 04:32:15.205 E/ActivityManager( 2596):    +0% 3178/callActivityMan: 0% user + 0% kernel
06-05 04:32:15.205 E/ActivityManager( 2596):    +0% 3179/callActivityMan: 0% user + 0% kernel
06-05 04:32:15.205 E/ActivityManager( 2596):    +0% 3180/callActivityMan: 0% user + 0% kernel
06-05 04:32:15.205 E/ActivityManager( 2596):    +0% 3181/callActivityMan: 0% user + 0% kernel
06-05 04:32:15.205 E/ActivityManager( 2596):   33% 3122/com.android.settings: 17% user + 15% kernel / faults: 4158 minor
06-05 04:32:15.205 E/ActivityManager( 2596):     33% 3122/ndroid.settings: 17% user + 15% kernel
06-05 04:32:15.205 E/ActivityManager( 2596):     0.5% 3128/Jit thread pool: 0% user + 0.5% kernel
06-05 04:32:15.205 E/ActivityManager( 2596):     0.5% 3135/Binder:3122_1: 0.5% user + 0% kernel
06-05 04:32:15.205 E/ActivityManager( 2596):   22% 1685/bootanimation: 17% 
06-05 04:32:15.492 W/System  ( 2596): ClassLoader referenced unknown path: /system/priv-app/FusedLocation/lib/x86_64
06-05 04:32:16.541 W/art     ( 2872): Suspending all threads took: 11.385ms
06-05 04:32:17.019 I/art     ( 2872): Background sticky concurrent mark sweep GC freed 18159(2MB) AllocSpace objects, 2(40KB) LOS objects, 30% free, 6MB/10MB, paused 15.543ms total 854.941ms
06-05 04:32:18.458 I/LatinIME:LogUtils( 2866): Dictionary info: dictionary = main:en ; version = 54 ; date = 1414726273
06-05 04:32:19.410 W/art     ( 2596): Suspending all threads took: 746.457ms
06-05 04:32:19.521 D/ApplicationLoaders( 2596): ignored Vulkan layer search path /system/priv-app/FusedLocation/lib/x86_64:/system/priv-app/FusedLocation/FusedLocation.apk!/lib/x86_64:/system/lib64:/vendor/lib64 for namespace 0x7965fd52c240
06-05 04:32:19.633 W/art     ( 2596): Long monitor contention with owner android.ui (2652) at void com.android.server.am.AppErrors.handleShowAnrUi(android.os.Message)(AppErrors.java:925) waiters=0 in android.content.Intent com.android.server.am.ActivityManagerService.registerReceiver(android.app.IApplicationThread, java.lang.String, android.content.IIntentReceiver, android.content.IntentFilter, java.lang.String, int) for 3.389s
06-05 04:32:19.658 W/art     ( 2596): Long monitor contention with owner android.ui (2652) at void com.android.server.am.AppErrors.handleShowAnrUi(android.os.Message)(AppErrors.java:925) waiters=1 in android.content.Intent com.android.server.am.ActivityManagerService.registerReceiver(android.app.IApplicationThread, java.lang.String, android.content.IIntentReceiver, android.content.IntentFilter, java.lang.String, int) for 1.129s
06-05 04:32:19.659 W/art     ( 2596): Long monitor contention with owner android.ui (2652) at void com.android.server.am.AppErrors.handleShowAnrUi(android.os.Message)(AppErrors.java:925) waiters=2 in void com.android.server.am.BroadcastQueue.processNextBroadcast(boolean) for 167ms
06-05 04:32:19.862 I/art     ( 2596): Explicit concurrent mark sweep GC freed 43766(2MB) AllocSpace objects, 11(4MB) LOS objects, 28% free, 10MB/14MB, paused 759.573ms total 12.418s
06-05 04:32:20.492 W/art     ( 2596): Long monitor contention with owner ActivityManager (2651) at int com.android.server.am.ActivityManagerService.bindService(android.app.IApplicationThread, android.os.IBinder, android.content.Intent, java.lang.String, android.app.IServiceConnection, int, java.lang.String, int)(ActivityManagerService.java:17301) waiters=1 in void com.android.server.am.ActivityManagerService.serviceDoneExecuting(android.os.IBinder, int, int, int) for 171ms
06-05 04:32:20.511 V/KeyguardServiceDelegate( 2596): *** Keyguard started
06-05 04:32:20.546 W/KeyguardServiceDelegate( 2596): onScreenTurningOn(): no keyguard service!
06-05 04:32:20.621 W/art     ( 2596): Long monitor contention with owner ActivityManager (2651) at int com.android.server.am.ActivityManagerService.bindService(android.app.IApplicationThread, android.os.IBinder, android.content.Intent, java.lang.String, android.app.IServiceConnection, int, java.lang.String, int)(ActivityManagerService.java:17301) waiters=2 in android.content.Intent com.android.server.am.ActivityManagerService.registerReceiver(android.app.IApplicationThread, java.lang.String, android.content.IIntentReceiver, android.content.IntentFilter, java.lang.String, int) for 262ms
06-05 04:32:20.626 W/art     ( 2596): Long monitor contention with owner ActivityManager (2651) at int com.android.server.am.ActivityManagerService.bindService(android.app.IApplicationThread, android.os.IBinder, android.content.Intent, java.lang.String, android.app.IServiceConnection, int, java.lang.String, int)(ActivityManagerService.java:17301) waiters=3 in int com.android.server.am.ActivityManagerService.broadcastIntent(android.app.IApplicationThread, android.content.Intent, java.lang.String, android.content.IIntentReceiver, int, java.lang.String, android.os.Bundle, java.lang.String[], int, android.os.Bundle, boolean, boolean, int) for 142ms
06-05 04:32:20.893 D/PhoneSwitcherNetworkRequstListener( 3107): Registering NetworkFactory
06-05 04:32:20.897 D/ConnectivityService( 2596): Got NetworkFactory Messenger for PhoneSwitcherNetworkRequstListener
06-05 04:32:21.123 D/ConnectivityService( 2596): Got NetworkFactory Messenger for TelephonyNetworkFactory[0]
06-05 04:32:21.128 V/WiredAccessoryManager( 2596): notifyWiredAccessoryChanged: when=0 bits= mask=54
06-05 04:32:21.128 V/WiredAccessoryManager( 2596): newName=h2w newState=0 headsetState=0 prev headsetState=0
06-05 04:32:21.350 E/WiredAccessoryManager( 2596): No state change.
06-05 04:32:21.351 V/WiredAccessoryManager( 2596): init()
06-05 04:32:21.515 D/ConditionProviders.SCP( 2596): onSubscribe condition://android/schedule?days=1.2.3.4.5&start=22.0&end=7.0&exitAtAlarm=false
06-05 04:32:21.520 D/ConditionProviders.SCP( 2596): setRegistered true
06-05 04:32:21.524 D/ConditionProviders.SCP( 2596): notifyCondition condition://android/schedule?days=1.2.3.4.5&start=22.0&end=7.0&exitAtAlarm=false STATE_TRUE reason=meetsSchedule
06-05 04:32:22.068 D/ConditionProviders.SCP( 2596): Scheduling evaluate for Fri Jun 05 07:00:00 UTC 2020 (1591340400000), in +2h27m38s479ms, now=Fri Jun 05 04:32:21 UTC 2020 (1591331541521)
06-05 04:32:22.076 D/ConditionProviders.SCP( 2596): onSubscribe condition://android/schedule?days=6.7&start=23.30&end=10.0&exitAtAlarm=false
06-05 04:32:22.079 D/ConditionProviders.SCP( 2596): notifyCondition condition://android/schedule?days=6.7&start=23.30&end=10.0&exitAtAlarm=false STATE_FALSE reason=!meetsSchedule
06-05 04:32:22.176 D/ConditionProviders.SCP( 2596): notifyCondition condition://android/schedule?days=1.2.3.4.5&start=22.0&end=7.0&exitAtAlarm=false STATE_TRUE reason=meetsSchedule
06-05 04:32:22.179 D/ConditionProviders.SCP( 2596): Scheduling evaluate for Fri Jun 05 07:00:00 UTC 2020 (1591340400000), in +2h27m37s922ms, now=Fri Jun 05 04:32:22 UTC 2020 (1591331542078)
