06-05 04:31:04.542 I/InputManager( 2596): Initializing input manager, mUseDevInputEventForAudioJack=true
06-05 04:31:04.671 I/SystemServer( 2596): StartWindowManagerService
06-05 04:31:05.590 I/WindowManager( 2596): No existing display settings /data/system/display_settings.xml; starting empty
06-05 04:31:06.411 I/SystemServer( 2596): StartVrManagerService
06-05 04:31:06.412 I/SystemServiceManager( 2596): Starting com.android.server.vr.VrManagerService
06-05 04:31:06.508 W/VrManagerService( 2596): init_native: Could not open VR hardware module, error No such file or directory (-2).
06-05 04:31:06.969 I/InputManager( 2596): Starting input manager
06-05 04:31:07.153 D/EventHub( 2596): No input device configuration file found for device 'Power Button'.
06-05 04:31:07.541 I/SystemServer( 2596): No Bluetooth Service (emulator)
06-05 04:31:07.541 I/SystemServer( 2596): ConnectivityMetricsLoggerService
06-05 04:31:07.674 I/SystemServiceManager( 2596): Starting com.android.server.connectivity.MetricsLoggerService
06-05 04:31:07.711 W/EventHub( 2596): Unable to disable kernel key repeat for /dev/input/event0: Function not implemented
06-05 04:31:07.712 I/EventHub( 2596): New device: id=1, fd=91, path='/dev/input/event0', name='Power Button', classes=0x1, configuration='', keyLayout='/system/usr/keylayout/Generic.kl', keyCharacterMap='/system/usr/keychars/Generic.kcm', builtinKeyboard=false, wakeMechanism=EPOLLWAKEUP, usingClockIoctl=true
06-05 04:31:07.752 I/SystemServer( 2596): IpConnectivityMetrics
06-05 04:31:07.753 I/SystemServiceManager( 2596): Starting com.android.server.connectivity.IpConnectivityMetrics
06-05 04:31:07.756 I/SystemServer( 2596): PinnerService
06-05 04:31:07.757 I/SystemServiceManager( 2596): Starting com.android.server.PinnerService
06-05 04:31:07.775 I/SystemServiceManager( 2596): Starting com.android.server.InputMethodManagerService$Lifecycle
06-05 04:31:07.791 W/EventHub( 2596): Unable to disable kernel key repeat for /dev/input/event1: Function not implemented
06-05 04:31:07.791 I/EventHub( 2596): New device: id=2, fd=92, path='/dev/input/event1', name='qwerty2', classes=0x95, configuration='/system/usr/idc/qwerty2.idc', keyLayout='/system/usr/keylayout/qwerty.kl', keyCharacterMap='/system/usr/keychars/qwerty2.kcm', builtinKeyboard=true, wakeMechanism=EPOLLWAKEUP, usingClockIoctl=true
06-05 04:31:07.791 E/EventHub( 2596): could not get driver version for /dev/input/mice, Not a typewriter
06-05 04:31:07.905 I/InputReader( 2596): Device added: id=-1, name='Virtual', sources=0x00000301
06-05 04:31:07.982 I/InputReader( 2596):   Touch device 'qwerty2' could not query the properties of its associated display.  The device will be inoperable until the display size becomes available.
06-05 04:31:07.984 I/InputReader( 2596): Device added: id=0, name='qwerty2', sources=0x80001103
06-05 04:31:07.984 I/InputReader( 2596): Device added: id=1, name='Power Button', sources=0x00000101
06-05 04:31:09.349 I/SystemServer( 2596): StartAccessibilityManagerService
06-05 04:31:09.549 I/ActivityManager( 2596): Config changes=1df8 {1.0 ?mcc?mnc [en_US] ldltr sw360dp w360dp h640dp 480dpi nrml long port ?uimode ?night -touch -keyb/v/h -nav/h s.2}
06-05 04:31:09.607 I/ActivityManager( 2596): Config changes=500 {1.0 ?mcc?mnc [en_US] ldltr sw360dp w360dp h568dp 480dpi nrml port ?uimode ?night -touch -keyb/v/h -nav/h s.3}
06-05 04:31:09.646 I/ActivityManager( 2596): Config changes=8 {1.0 ?mcc?mnc [en_US] ldltr sw360dp w360dp h568dp 480dpi nrml port ?uimode ?night finger -keyb/v/h -nav/h s.4}
06-05 04:31:09.873 W/art     ( 2596): Long monitor contention with owner main (2596) at void com.android.server.am.ActivityManagerService.updateConfiguration(android.content.res.Configuration)(ActivityManagerService.java:18937) waiters=0 in void com.android.server.am.ActivityManagerService.updateConfiguration(android.content.res.Configuration) for 207ms
06-05 04:31:09.912 I/SystemServiceManager( 2596): Starting com.android.server.MountService$Lifecycle
06-05 04:31:09.957 I/InputReader( 2596): Reconfiguring input devices.  changes=0x00000004
06-05 04:31:09.958 I/InputReader( 2596): Device reconfigured: id=0, name='qwerty2', size 1080x1920, orientation 0, mode 1, display id 0
06-05 04:31:10.037 I/UsageStatsService( 2596): User[0] Rollover scheduled @ 2020-06-06 04:31:09(1591417869566)
06-05 04:31:10.072 I/SystemServiceManager( 2596): Starting com.android.server.UiModeManagerService
06-05 04:31:10.079 I/ActivityManager( 2596): Config changes=200 {1.0 ?mcc?mnc [en_US] ldltr sw360dp w360dp h568dp 480dpi nrml port finger -keyb/v/h -nav/h s.5}
06-05 04:31:10.143 D/MountService( 2596): Thinking about init, mSystemReady=false, mDaemonConnected=true
06-05 04:31:10.143 D/MountService( 2596): Thinking about reset, mSystemReady=false, mDaemonConnected=true
06-05 04:31:10.210 D/MountService( 2596): Thinking about init, mSystemReady=false, mDaemonConnected=true
06-05 04:31:10.211 D/MountService( 2596): Thinking about reset, mSystemReady=false, mDaemonConnected=true
06-05 04:31:10.212 E/AppIdleHistory( 2596): Unable to read app idle file for user 0
06-05 04:31:10.216 D/CryptdConnector( 2596): SND -> {1 cryptfs getfield SystemLocale}
06-05 04:31:10.237 W/PackageManager( 2596): No disk maintenance in 708746237; running immediately
06-05 04:31:10.238 I/SystemServer( 2596): StartLockSettingsService
06-05 04:31:10.241 I/SystemServiceManager( 2596): Starting com.android.server.LockSettingsService$Lifecycle
06-05 04:31:10.748 D/CryptdConnector( 2596): RCV <- {200 1 -1}
06-05 04:31:10.807 I/SystemServiceManager( 2596): Starting com.android.server.DeviceIdleController
06-05 04:31:10.830 I/SystemServiceManager( 2596): Starting com.android.server.devicepolicy.DevicePolicyManagerService$Lifecycle
06-05 04:31:10.871 E/CryptdConnector( 2596): NDC Command {1 cryptfs getfield SystemLocale} took too long (656ms)
06-05 04:31:10.891 W/MountService( 2596): No primary storage mounted!
06-05 04:31:10.901 D/VoldConnector( 2596): SND -> {1 asec list}
06-05 04:31:10.929 I/SystemServer( 2596): StartStatusBarManagerService
06-05 04:31:10.951 D/VoldConnector( 2596): RCV <- {200 1 asec operation succeeded}
06-05 04:31:10.980 I/PackageManager( 2596): No secure containers found
06-05 04:31:10.984 W/PackageManager( 2596): Unknown permission com.google.android.googleapps.permission.GOOGLE_AUTH in package com.android.providers.calendar
06-05 04:31:10.984 W/PackageManager( 2596): Unknown permission com.google.android.googleapps.permission.GOOGLE_AUTH.cl in package com.android.providers.calendar
06-05 04:31:10.985 W/PackageManager( 2596): Not granting permission android.permission.GLOBAL_SEARCH to package com.android.quicksearchbox (protectionLevel=18 flags=0x3808be45)
06-05 04:31:10.987 W/PackageManager( 2596): Not granting permission android.permission.WRITE_EXTERNAL_STORAGE to package gov.nasa.arc.astrobee.android.gs.manager because it was previously installed without
06-05 04:31:10.987 W/PackageManager( 2596): Not granting permission android.permission.READ_EXTERNAL_STORAGE to package gov.nasa.arc.astrobee.android.gs.manager because it was previously installed without
06-05 04:31:10.988 W/PackageManager( 2596): Unknown permission com.android.launcher.permission.READ_SETTINGS in package com.android.launcher3
06-05 04:31:10.988 W/PackageManager( 2596): Unknown permission com.android.launcher.permission.WRITE_SETTINGS in package com.android.launcher3
06-05 04:31:10.988 W/PackageManager( 2596): Not granting permission android.permission.BIND_APPWIDGET to package com.android.launcher3 (protectionLevel=18 flags=0x3c4bbe45)
06-05 04:31:10.988 W/PackageManager( 2596): Unknown permission com.google.android.googleapps.permission.GOOGLE_AUTH.mail in package com.android.calendar
06-05 04:31:10.989 W/PackageManager( 2596): Unknown permission com.google.android.providers.settings.permission.WRITE_GSETTINGS in package com.android.sdksetup
06-05 04:31:11.004 I/SystemServer( 2596): StartClipboardService
06-05 04:31:11.026 I/SystemServer( 2596): StartNetworkManagementService
06-05 04:31:11.047 W/PackageManager( 2596): Unknown permission com.google.android.permission.INSTALL_WEARABLE_PACKAGES in package com.android.packageinstaller
06-05 04:31:11.048 W/PackageManager( 2596): Not granting permission android.permission.DELETE_PACKAGES to package com.svox.pico (protectionLevel=18 flags=0x3808be45)
06-05 04:31:11.048 W/PackageManager( 2596): Not granting permission android.permission.READ_CONTACTS to package com.example.android.apis because it was previously installed without
06-05 04:31:11.048 W/PackageManager( 2596): Not granting permission android.permission.WRITE_CONTACTS to package com.example.android.apis because it was previously installed without
06-05 04:31:11.048 W/PackageManager( 2596): Not granting permission android.permission.ACCESS_COARSE_LOCATION to package com.example.android.apis because it was previously installed without
06-05 04:31:11.048 W/PackageManager( 2596): Not granting permission android.permission.WRITE_EXTERNAL_STORAGE to package com.example.android.apis because it was previously installed without
06-05 04:31:11.048 W/PackageManager( 2596): Not granting permission android.permission.SEND_SMS to package com.example.android.apis because it was previously installed without
06-05 04:31:11.048 W/PackageManager( 2596): Not granting permission android.permission.RECEIVE_SMS to package com.example.android.apis because it was previously installed without
06-05 04:31:11.048 W/PackageManager( 2596): Not granting permission android.permission.RECEIVE_MMS to package com.example.android.apis because it was previously installed without
06-05 04:31:11.048 W/PackageManager( 2596): Not granting permission android.permission.READ_SMS to package com.example.android.apis because it was previously installed without
06-05 04:31:11.049 W/PackageManager( 2596): Not granting permission android.permission.READ_PHONE_STATE to package com.example.android.apis because it was previously installed without
06-05 04:31:11.049 W/PackageManager( 2596): Not granting permission android.permission.RECORD_AUDIO to package com.example.android.apis because it was previously installed without
06-05 04:31:11.049 W/PackageManager( 2596): Not granting permission android.permission.CAMERA to package com.example.android.apis because it was previously installed without
06-05 04:31:11.049 W/PackageManager( 2596): Not granting permission android.permission.READ_EXTERNAL_STORAGE to package com.example.android.apis because it was previously installed without
06-05 04:31:11.049 W/PackageManager( 2596): Unknown permission android.permission.RUN_INSTRUMENTATION in package org.chromium.webview_shell
06-05 04:31:11.081 W/PackageManager( 2596): Unknown permission com.google.android.googleapps.permission.GOOGLE_AUTH in package com.android.settings
06-05 04:31:11.082 W/PackageManager( 2596): Unknown permission com.android.launcher.permission.READ_SETTINGS in package com.android.settings
06-05 04:31:11.082 W/PackageManager( 2596): Unknown permission com.android.launcher.permission.WRITE_SETTINGS in package com.android.settings
06-05 04:31:11.141 W/PackageManager( 2596): Unknown permission com.android.smspush.WAPPUSH_MANAGER_BIND in package com.android.phone
06-05 04:31:11.144 W/PackageManager( 2596): Unknown permission com.google.android.googleapps.permission.ACCESS_GOOGLE_PASSWORD in package com.android.development
06-05 04:31:11.144 W/PackageManager( 2596): Unknown permission com.google.android.googleapps.permission.GOOGLE_AUTH in package com.android.development
06-05 04:31:11.144 W/PackageManager( 2596): Unknown permission com.google.android.googleapps.permission.GOOGLE_AUTH.ALL_SERVICES in package com.android.development
06-05 04:31:11.144 W/PackageManager( 2596): Unknown permission com.google.android.googleapps.permission.GOOGLE_AUTH.YouTubeUser in package com.android.development
06-05 04:31:11.145 W/PackageManager( 2596): Not granting permission android.permission.BIND_APPWIDGET to package com.android.widgetpreview (protectionLevel=18 flags=0x3808be44)
06-05 04:31:11.162 I/NetworkManagement( 2596): onDaemonConnected()
06-05 04:31:11.284 I/SystemServiceManager( 2596): Starting com.android.server.TextServicesManagerService$Lifecycle
06-05 04:31:11.817 W/art     ( 2596): Long monitor contention with owner MountService (2808) at void com.android.server.pm.PackageManagerService.loadMediaPackages(android.util.ArrayMap, int[], boolean)(PackageManagerService.java:19317) waiters=0 in java.util.List com.android.server.pm.PackageManagerService.queryIntentServicesInternal(android.content.Intent, java.lang.String, int, int) for 484ms
06-05 04:31:11.841 W/MountService( 2596): No primary storage defined yet; hacking together a stub
06-05 04:31:11.864 W/MountService( 2596): No primary storage defined yet; hacking together a stub
06-05 04:31:11.876 I/SystemServer( 2596): StartNetworkScoreService
06-05 04:31:11.908 W/MountService( 2596): No primary storage mounted!
06-05 04:31:11.908 D/VoldConnector( 2596): SND -> {2 asec list}
06-05 04:31:11.913 D/VoldConnector( 2596): RCV <- {200 2 asec operation succeeded}
06-05 04:31:11.922 I/MountService( 2596): Running fstrim idle maintenance
06-05 04:31:11.924 D/VoldConnector( 2596): SND -> {3 fstrim dotrim}
06-05 04:31:11.944 D/VoldConnector( 2596): RCV <- {200 3 Command succeeded}
06-05 04:31:11.976 D/vold    ( 1276): Starting trim of /cache
06-05 04:31:11.977 W/vold    ( 1276): Trim failed on /cache: Operation not supported on transport endpoint
06-05 04:31:12.017 D/VoldConnector( 2596): RCV <- {662 /cache -1 -1}
06-05 04:31:12.021 I/SystemServer( 2596): StartNetworkStatsService
06-05 04:31:12.028 D/vold    ( 1276): Starting trim of /data
06-05 04:31:12.028 W/vold    ( 1276): Trim failed on /data: Operation not supported on transport endpoint
06-05 04:31:12.029 D/VoldConnector( 2596): RCV <- {662 /data -1 -1}
06-05 04:31:12.081 E/VoldConnector( 2596): Error handling '662 /cache -1 -1': java.lang.NullPointerException: Attempt to invoke virtual method 'void android.os.DropBoxManager.addText(java.lang.String, java.lang.String)' on a null object reference
06-05 04:31:12.095 E/VoldConnector( 2596): Error handling '662 /data -1 -1': java.lang.NullPointerException: Attempt to invoke virtual method 'void android.os.DropBoxManager.addText(java.lang.String, java.lang.String)' on a null object reference
06-05 04:31:12.210 I/SystemServer( 2596): StartNetworkPolicyManagerService
06-05 04:31:12.325 I/SystemServer( 2596): No Wi-Fi NAN Service (NAN support Not Present)
06-05 04:31:12.381 W/art     ( 2596): Long monitor contention with owner MountService (2808) at void com.android.server.pm.PackageManagerService.loadMediaPackages(android.util.ArrayMap, int[], boolean)(PackageManagerService.java:19317) waiters=1 in void com.android.server.pm.Settings$RuntimePermissionPersistence.writePermissionsSync(int) for 632ms
06-05 04:31:12.644 W/art     ( 2596): Verification of void com.android.server.wifi.p2p.WifiP2pService.<init>(android.content.Context) took 142.665ms
06-05 04:31:12.647 I/SystemServiceManager( 2596): Starting com.android.server.wifi.p2p.WifiP2pService
06-05 04:31:13.009 I/WifiP2pService( 2596): Registering wifip2p
06-05 04:31:13.026 I/SystemServiceManager( 2596): Starting com.android.server.wifi.WifiService
06-05 04:31:13.989 W/art     ( 2596): Verification of com.android.server.wifi.NetworkUpdateResult com.android.server.wifi.WifiConfigManager.addOrUpdateNetworkNative(android.net.wifi.WifiConfiguration, int) took 124.567ms
06-05 04:31:14.235 I/art     ( 2596): Background sticky concurrent mark sweep GC freed 34413(2MB) AllocSpace objects, 15(300KB) LOS objects, 26% free, 8MB/10MB, paused 27.765ms total 683.858ms
06-05 04:31:14.408 D/HS20    ( 2596): Passpoint is disabled
06-05 04:31:14.785 D/CommandListener( 1334): Clearing all IP addresses on wlan0
06-05 04:31:15.008 D/WifiApConfigStore( 2596): 2G band allowed channels are:1,6,11
06-05 04:31:15.020 W/art     ( 2596): Long monitor contention with owner WifiStateMachine (2824) at boolean com.android.server.wifi.WifiNative.unloadDriverNative()(WifiNative.java:-2) waiters=0 in java.lang.String com.android.server.wifi.WifiNative.doStringCommand(java.lang.String) for 197ms
06-05 04:31:15.022 E/WifiLogger( 2596): no ring buffers found
06-05 04:31:15.022 E/WifiLogger( 2596): Failed to start packet fate monitoring
06-05 04:31:15.067 D/WifiController( 2596): isAirplaneModeOn = true, isWifiEnabled = false, isScanningAvailable = false
06-05 04:31:15.077 I/WifiService( 2596): Registering wifi
06-05 04:31:15.113 I/SystemServiceManager( 2596): Starting com.android.server.wifi.scanner.WifiScanningService
06-05 04:31:15.114 I/WifiScanningService( 2596): Creating wifiscanner
06-05 04:31:15.135 I/WifiScanningService( 2596): Publishing wifiscanner
06-05 04:31:15.140 I/SystemServiceManager( 2596): Starting com.android.server.wifi.RttService
06-05 04:31:15.141 I/RttService( 2596): Creating rttmanager
06-05 04:31:15.150 I/RttService( 2596): Starting rttmanager
06-05 04:31:15.152 I/SystemServer( 2596): StartConnectivityService
06-05 04:31:15.306 D/ConnectivityService( 2596): ConnectivityService starting up
06-05 04:31:15.355 D/ConnectivityService( 2596): wifiOnly=false
06-05 04:31:15.539 I/SystemServer( 2596): StartNsdService
06-05 04:31:15.585 I/SystemServer( 2596): StartUpdateLockService
06-05 04:31:15.603 I/SystemServiceManager( 2596): Starting com.android.server.RecoverySystemService
06-05 04:31:15.611 I/SystemServiceManager( 2596): Starting com.android.server.notification.NotificationManagerService
06-05 04:31:16.075 D/ConditionProviders.SCP( 2596): new ScheduleConditionProvider()
06-05 04:31:16.169 D/ZenLog  ( 2596): config: readXml,ZenModeConfig[user=0,allowCalls=true,allowRepeatCallers=false,allowMessages=false,allowCallsFrom=contacts,allowMessagesFrom=contacts,allowReminders=true,allowEvents=true,allowWhenScreenOff=true,allowWhenScreenOn=true,automaticRules={370bd6672ef541ba946db9ac4aef0faf=ZenRule[enabled=false,snoozing=false,name=Weeknight,zenMode=ZEN_MODE_ALARMS,conditionId=condition://android/schedule?days=1.2.3.4.5&start=22.0&end=7.0&exitAtAlarm=false,condition=Condition[id=condition://android/schedule?days=1.2.3.4.5&start=22.0&end=7.0&exitAtAlarm=false,summary=...,line1=...,line2=...,icon=0,state=STATE_TRUE,flags=2],component=ComponentInfo{android/com.android.server.notification.ScheduleConditionProvider},id=370bd6672ef541ba946db9ac4aef0faf,creationTime=1590622727817,enabler=null], a53ffdf89c814123a52adbdd46bc948d=ZenRule[enabled=false,snoozing=false,name=Weekend,zenMode=ZEN_MODE_ALARMS,conditionId=condition://android/schedule?days=6.7&start=23.30&end=10.0&exitAtAlarm=false,condition=Condition[id=condition://android/schedule?days=6.7&start=23.30&end=10.0&exitAtAlarm=false,summary=...,line1=...,line2=...,icon=0,state=STATE_FALSE,flags=2],component=ComponentInfo{android/com.android.server.notification.ScheduleConditionProvider},id=a53ffdf89c814123a52adbdd46bc948d,creationTime=1590622727818,enabler=null], fc8bb1aacabb4877a1d1d167106f6e77=ZenRule[enabled=false,snoozing=false,name=Event,zenMode=ZEN_MODE_ALARMS,conditionId=condition://android/event?userId=-10000&calendar=&reply=1,condition=Condition[id=condition://android/event?userId=-10000&calendar=&reply=1,summary=...,line1=...,line2=...,icon=0,state=STATE_FALSE,flags=2],component=ComponentInfo{android/com.android.server.notification.EventConditionProvider},id=fc8bb1aacabb4877a1d1d167106f6e77,creationTime=1590622727822,enabler=null]},manualRule=null],Diff[automaticRule[370bd6672ef541ba946db9ac4aef0faf]:insert,automaticRule[4da768014198455aa9c1956d58471a82]:delete,automaticRule[a39afa4a79d54a9e88e4b42df2d63e89]:delete,automaticRule[a53ffdf89c814123a52adbdd46bc948d]:insert,automaticRule[c03e5ed4619d41ae98a7da2b088f8e6c]:delete,automaticRule[fc8bb1aacabb4877a1d1d167106f6e77]:insert]
06-05 04:31:16.425 D/ZenLog  ( 2596): set_zen_mode: off,init
06-05 04:31:16.491 I/SystemServiceManager( 2596): Starting com.android.server.storage.DeviceStorageMonitorService
06-05 04:31:16.539 I/SystemServer( 2596): StartLocationManagerService
06-05 04:31:16.574 I/SystemServer( 2596): StartCountryDetectorService
06-05 04:31:16.612 I/SystemServer( 2596): StartSearchManagerService
06-05 04:31:16.613 I/SystemServiceManager( 2596): Starting com.android.server.search.SearchManagerService$Lifecycle
06-05 04:31:16.634 I/SystemServiceManager( 2596): Starting com.android.server.DropBoxManagerService
06-05 04:31:16.671 I/SystemServer( 2596): StartWallpaperManagerService
06-05 04:31:16.672 I/SystemServiceManager( 2596): Starting com.android.server.wallpaper.WallpaperManagerService$Lifecycle
06-05 04:31:16.687 E/BitmapFactory( 2596): Unable to decode stream: java.io.FileNotFoundException: /data/system/users/0/wallpaper_orig (No such file or directory)
06-05 04:31:16.687 E/WallpaperManagerService( 2596): Invalid wallpaper data
06-05 04:31:16.687 E/WallpaperManagerService( 2596): Unable to apply new wallpaper
06-05 04:31:16.699 I/SystemServer( 2596): StartAudioService
06-05 04:31:16.700 I/SystemServiceManager( 2596): Starting com.android.server.audio.AudioService$Lifecycle
06-05 04:31:16.873 W/TelecomManager( 2596): Telecom Service not found.
06-05 04:31:16.922 D/PermissionCache( 1325): checking android.permission.MODIFY_AUDIO_SETTINGS for uid=1000 => granted (20332 us)
06-05 04:31:17.017 W/AudioFlinger( 1325): no wake lock to update, system not ready yet
06-05 04:31:17.192 I/SystemServiceManager( 2596): Starting com.android.server.DockObserver
06-05 04:31:17.195 W/DockObserver( 2596): This kernel does not have dock station support
06-05 04:31:17.266 I/SystemServer( 2596): StartWiredAccessoryManager
06-05 04:31:17.285 W/WiredAccessoryManager( 2596): This kernel does not have usb audio support
06-05 04:31:17.294 W/WiredAccessoryManager( 2596): This kernel does not have HDMI audio support
06-05 04:31:17.295 I/SystemServiceManager( 2596): Starting com.android.server.midi.MidiService$Lifecycle
06-05 04:31:17.321 I/SystemServiceManager( 2596): Starting com.android.server.usb.UsbService$Lifecycle
06-05 04:31:17.408 I/SystemServer( 2596): StartSerialService
06-05 04:31:17.424 E/HardwarePropertiesManagerService-JNI( 2596): Couldn't load thermal module (No such file or directory)
06-05 04:31:17.427 I/SystemServiceManager( 2596): Starting com.android.server.twilight.TwilightService
06-05 04:31:17.429 I/SystemServiceManager( 2596): Starting com.android.server.job.JobSchedulerService
06-05 04:31:17.569 I/SystemServiceManager( 2596): Starting com.android.server.soundtrigger.SoundTriggerService
06-05 04:31:17.589 I/SystemServiceManager( 2596): Starting com.android.server.backup.BackupManagerService$Lifecycle
06-05 04:31:17.623 I/SystemServiceManager( 2596): Starting com.android.server.appwidget.AppWidgetService
06-05 04:31:17.786 I/SystemServiceManager( 2596): Starting com.android.server.voiceinteraction.VoiceInteractionManagerService
06-05 04:31:17.802 I/SystemServer( 2596): Gesture Launcher Service
06-05 04:31:17.803 I/SystemServiceManager( 2596): Starting com.android.server.GestureLauncherService
06-05 04:31:17.804 I/SystemServiceManager( 2596): Starting com.android.server.SensorNotificationService
06-05 04:31:17.805 I/SystemServiceManager( 2596): Starting com.android.server.ContextHubSystemService
06-05 04:31:17.812 E/ContextHubService( 2596): ** Could not load context_hub module : err No such file or directory
06-05 04:31:17.812 W/ContextHubService( 2596): No Context Hub Module present
06-05 04:31:17.834 I/SystemServer( 2596): StartDiskStatsService
06-05 04:31:17.863 I/SystemServer( 2596): StartSamplingProfilerService
06-05 04:31:17.999 I/SystemServer( 2596): StartNetworkTimeUpdateService
06-05 04:31:18.043 I/SystemServer( 2596): StartCommonTimeManagementService
06-05 04:31:18.049 I/SystemServer( 2596): CertBlacklister
06-05 04:31:18.094 I/SystemServiceManager( 2596): Starting com.android.server.emergency.EmergencyAffordanceService
06-05 04:31:18.116 I/SystemServiceManager( 2596): Starting com.android.server.dreams.DreamManagerService
06-05 04:31:18.155 I/SystemServer( 2596): StartAssetAtlasService
06-05 04:31:18.251 I/SystemServiceManager( 2596): Starting com.android.server.print.PrintManagerService
06-05 04:31:18.289 D/AssetAtlas( 2596): Loaded configuration: SliceMinArea (1280x896) flags=0x2 count=91
06-05 04:31:18.382 I/SystemServiceManager( 2596): Starting com.android.server.restrictions.RestrictionsManagerService
06-05 04:31:18.389 I/SystemServiceManager( 2596): Starting com.android.server.media.MediaSessionService
06-05 04:31:18.434 I/SystemServer( 2596): StartMediaRouterService
06-05 04:31:18.442 I/SystemServiceManager( 2596): Starting com.android.server.trust.TrustManagerService
06-05 04:31:18.457 D/gralloc_ranchu( 2596): Emulator without host-side GPU emulation detected. Loading gralloc.default.so from /vendor/lib64/hw/gralloc.goldfish.default.so...
06-05 04:31:18.489 I/SystemServiceManager( 2596): Starting com.android.server.fingerprint.FingerprintService
06-05 04:31:18.493 D/gralloc_ranchu( 2596): gralloc.default.so not found in /vendor. Trying /system/lib64/hw/gralloc.goldfish.default.so...
06-05 04:31:18.756 D/PermissionCache( 1338): checking android.permission.MANAGE_FINGERPRINT for uid=1000 => granted (16609 us)
06-05 04:31:18.771 V/fingerprintd( 1338): nativeOpenHal()
06-05 04:31:18.826 D/FingerprintHal( 1338): ----------------> fingerprint_open ----------------->
06-05 04:31:18.829 E/fingerprintd( 1338): Wrong fp version. Expected 512, got 513
06-05 04:31:18.829 D/FingerprintHal( 1338): ----------------> set_notify_callback ----------------->
06-05 04:31:18.829 D/FingerprintHal( 1338): fingerprint callback notification set
06-05 04:31:18.829 V/fingerprintd( 1338): fingerprint HAL successfully initialized
06-05 04:31:18.864 D/FingerprintHal( 1338): ----------------> listenerFunction ----------------->
06-05 04:31:18.881 V/fingerprintd( 1338): setActiveGroup(0, /data/system/users/0/fpdata, 27)
06-05 04:31:18.881 D/FingerprintHal( 1338): ----------------> fingerprint_set_active_group -----------------> path /data/system/users/0/fpdata
06-05 04:31:18.882 D/FingerprintHal( 1338): ----------------> loadFingerprints ----------------->
06-05 04:31:18.882 E/FingerprintHal( 1338): Could not load fingerprints from storage at /data/system/users/0/fpdata/emufp.bin; it has not yet been created.
06-05 04:31:18.882 D/FingerprintHal( 1338): ----------------> loadAuthenticatorId ----------------->
06-05 04:31:18.889 D/FingerprintHal( 1338): Read authenticator id (0x6b8b4567327b23c6)
06-05 04:31:18.900 D/FingerprintHal( 1338): ----------------> fingerprint_get_auth_id ----------------->
06-05 04:31:18.900 D/FingerprintHal( 1338): ----------------> fingerprint_get_auth_id auth id 6b8b4567327b23c6----------------->
06-05 04:31:18.910 V/FingerprintService( 2596): Fingerprint HAL id: 128511111380992
06-05 04:31:18.913 I/SystemServer( 2596): StartBackgroundDexOptService
06-05 04:31:18.936 I/SystemServiceManager( 2596): Starting com.android.server.pm.ShortcutService$Lifecycle
06-05 04:31:19.090 W/AssetAtlasService( 2596): Could not find EGL configuration
06-05 04:31:19.109 I/art     ( 2596): Background partial concurrent mark sweep GC freed 17015(1271KB) AllocSpace objects, 4(80KB) LOS objects, 24% free, 12MB/16MB, paused 36.837ms total 523.211ms
06-05 04:31:19.121 I/SystemServiceManager( 2596): Starting com.android.server.pm.LauncherAppsService
06-05 04:31:19.127 I/SystemServiceManager( 2596): Starting com.android.server.media.projection.MediaProjectionManagerService
06-05 04:31:19.144 D/AssetAtlas( 2596): Rendered atlas in 493.71ms (452.44+41.26ms)
06-05 04:31:19.164 V/MediaRouter( 2596): Adding route: RouteInfo{ name=Phone, description=null, status=null, category=RouteCategory{ name=null types=ROUTE_TYPE_LIVE_AUDIO ROUTE_TYPE_LIVE_VIDEO  groupable=false }, supportedTypes=ROUTE_TYPE_LIVE_AUDIO ROUTE_TYPE_LIVE_VIDEO , presentationDisplay=null }
06-05 04:31:19.183 V/MediaRouter( 2596): Updating audio routes: AudioRoutesInfo{ type=SPEAKER }
06-05 04:31:19.189 V/MediaRouter( 2596): Selecting route: RouteInfo{ name=Phone, description=null, status=null, category=RouteCategory{ name=null types=ROUTE_TYPE_LIVE_AUDIO ROUTE_TYPE_LIVE_VIDEO  groupable=false }, supportedTypes=ROUTE_TYPE_LIVE_AUDIO ROUTE_TYPE_LIVE_VIDEO , presentationDisplay=null }
06-05 04:31:19.217 I/WindowManager( 2596): SAFE MODE not enabled
06-05 04:31:19.218 I/SystemServiceManager( 2596): Starting com.android.server.MmsServiceBroker
06-05 04:31:19.271 W/VibratorService( 2596): Tried to stop vibrating but there is no vibrator device.
06-05 04:31:19.808 E/LockSettingsStorage( 2596): Cannot read file java.io.FileNotFoundException: /data/system/gatekeeper.password.key: open failed: ENOENT (No such file or directory)
06-05 04:31:19.829 E/LockSettingsStorage( 2596): Cannot read file java.io.FileNotFoundException: /data/system/password.key: open failed: ENOENT (No such file or directory)
06-05 04:31:19.863 E/LockSettingsStorage( 2596): Cannot read file java.io.FileNotFoundException: /data/system/gatekeeper.pattern.key: open failed: ENOENT (No such file or directory)
06-05 04:31:19.865 E/LockSettingsStorage( 2596): Cannot read file java.io.FileNotFoundException: /data/system/gatekeeper.gesture.key: open failed: ENOENT (No such file or directory)
06-05 04:31:19.866 E/LockSettingsStorage( 2596): Cannot read file java.io.FileNotFoundException: /data/system/gesture.key: open failed: ENOENT (No such file or directory)
06-05 04:31:19.867 I/SystemServiceManager( 2596): Starting phase 480
06-05 04:31:19.936 I/DevicePolicyManagerService( 2596): Set ro.device_owner property to false
06-05 04:31:19.973 I/SystemServiceManager( 2596): Starting phase 500
06-05 04:31:20.132 D/ConnectivityMetricsLoggerService( 2596): onBootPhase: PHASE_SYSTEM_SERVICES_READY
06-05 04:31:20.252 I/WifiService( 2596): WifiService starting up with Wi-Fi disabled
06-05 04:31:20.376 I/WifiScanningService( 2596): Starting wifiscanner
06-05 04:31:20.406 I/RttService( 2596): Registering rttmanager
06-05 04:31:20.487 D/ZenLog  ( 2596): config: cleanUpZenRules,ZenModeConfig[user=0,allowCalls=true,allowRepeatCallers=false,allowMessages=false,allowCallsFrom=contacts,allowMessagesFrom=contacts,allowReminders=true,allowEvents=true,allowWhenScreenOff=true,allowWhenScreenOn=true,automaticRules={370bd6672ef541ba946db9ac4aef0faf=ZenRule[enabled=false,snoozing=false,name=Weeknight,zenMode=ZEN_MODE_ALARMS,conditionId=condition://android/schedule?days=1.2.3.4.5&start=22.0&end=7.0&exitAtAlarm=false,condition=Condition[id=condition://android/schedule?days=1.2.3.4.5&start=22.0&end=7.0&exitAtAlarm=false,summary=...,line1=...,line2=...,icon=0,state=STATE_TRUE,flags=2],component=ComponentInfo{android/com.android.server.notification.ScheduleConditionProvider},id=370bd6672ef541ba946db9ac4aef0faf,creationTime=1590622727817,enabler=null], a53ffdf89c814123a52adbdd46bc948d=ZenRule[enabled=false,snoozing=false,name=Weekend,zenMode=ZEN_MODE_ALARMS,conditionId=condition://android/schedule?days=6.7&start=23.30&end=10.0&exitAtAlarm=false,condition=Condition[id=condition://android/schedule?days=6.7&start=23.30&end=10.0&exitAtAlarm=false,summary=...,line1=...,line2=...,icon=0,state=STATE_FALSE,flags=2],component=ComponentInfo{android/com.android.server.notification.ScheduleConditionProvider},id=a53ffdf89c814123a52adbdd46bc948d,creationTime=1590622727818,enabler=null], fc8bb1aacabb4877a1d1d167106f6e77=ZenRule[enabled=false,snoozing=false,name=Event,zenMode=ZEN_MODE_ALARMS,conditionId=condition://android/event?userId=-10000&calendar=&reply=1,condition=Condition[id=condition://android/event?userId=-10000&calendar=&reply=1,summary=...,line1=...,line2=...,icon=0,state=STATE_FALSE,flags=2],component=ComponentInfo{android/com.android.server.notification.EventConditionProvider},id=fc8bb1aacabb4877a1d1d167106f6e77,creationTime=1590622727822,enabler=null]},manualRule=null],Diff[]
06-05 04:31:20.487 D/ZenLog  ( 2596): set_zen_mode: off,onSystemReady
06-05 04:31:20.549 D/PermissionCache( 1325): checking android.permission.CAPTURE_AUDIO_HOTWORD for uid=1000 => granted (1023 us)
06-05 04:31:20.562 W/SoundTriggerHelper( 2596): listModules status=0, # of modules=0
06-05 04:31:20.563 D/ContextHubSystemService( 2596): onBootPhase: PHASE_SYSTEM_SERVICES_READY
06-05 04:31:21.014 W/KeyguardServiceDelegate( 2596): onScreenTurningOn(): no keyguard service!
06-05 04:31:21.143 V/UserManagerService( 2596): Found /data/user_de/0 with serial number 0
06-05 04:31:21.144 V/UserManagerService( 2596): Found /data/user/0 with serial number 0
06-05 04:31:21.144 V/UserManagerService( 2596): Found /data/system_de/0 with serial number 0
06-05 04:31:21.145 V/UserManagerService( 2596): Found /data/system_ce/0 with serial number 0
06-05 04:31:21.389 W/art     ( 2596): Long monitor contention with owner android.ui (2652) at int com.android.server.wm.WindowManagerService.relayoutWindow(com.android.server.wm.Session, android.view.IWindow, int, android.view.WindowManager$LayoutParams, int, int, int, int, android.graphics.Rect, android.graphics.Rect, android.graphics.Rect, android.graphics.Rect, android.graphics.Rect, android.graphics.Rect, android.graphics.Rect, android.content.res.Configuration, android.view.Surface)(WindowManagerService.java:2857) waiters=0 in void com.android.server.wm.WindowManagerService$H.handleMessage(android.os.Message) for 123ms
06-05 04:31:21.839 I/ActivityManager( 2596): System now ready
06-05 04:31:21.987 I/SystemServer( 2596): Making services ready
06-05 04:31:21.987 I/SystemServiceManager( 2596): Starting phase 550
06-05 04:31:22.073 W/WindowManager( 2596): Keyguard drawn timeout. Setting mKeyguardDrawComplete
06-05 04:31:22.608 E/InputMethodManagerService( 2596): Ignoring updateSystemUiLocked due to an invalid token. uid:1000 token:null
06-05 04:31:23.241 I/Zygote  ( 2596): Process: zygote socket opened, supported ABIS: x86_64
06-05 04:31:23.441 W/ActivityManager( 2596): Slow operation: 358ms so far, now at startProcess: returned from zygote!
06-05 04:31:23.442 W/ActivityManager( 2596): Slow operation: 359ms so far, now at startProcess: done updating battery stats
06-05 04:31:23.443 W/ActivityManager( 2596): Slow operation: 360ms so far, now at startProcess: building log message
06-05 04:31:23.444 I/ActivityManager( 2596): Start proc 2866:com.android.inputmethod.latin/u0a41 for service com.android.inputmethod.latin/.LatinIME
06-05 04:31:23.444 W/ActivityManager( 2596): Slow operation: 361ms so far, now at startProcess: starting to update pids map
06-05 04:31:23.444 W/ActivityManager( 2596): Slow operation: 361ms so far, now at startProcess: done updating pids map
06-05 04:31:23.445 W/ActivityManager( 2596): Slow operation: 363ms so far, now at startProcess: done starting proc!
06-05 04:31:23.445 V/InputMethodManagerService( 2596): Adding window token: android.os.Binder@e701d79
06-05 04:31:23.446 D/MountService( 2596): Thinking about init, mSystemReady=true, mDaemonConnected=true
06-05 04:31:23.447 D/MountService( 2596): Setting up emulation state, initlocked=false
06-05 04:31:23.448 D/CryptdConnector( 2596): SND -> {2 cryptfs unlock_user_key 0 0 ! !}
06-05 04:31:23.450 W/art     ( 2596): Long monitor contention with owner main (2596) at int com.android.server.am.ActivityManagerService.bindService(android.app.IApplicationThread, android.os.IBinder, android.content.Intent, java.lang.String, android.app.IServiceConnection, int, java.lang.String, int)(ActivityManagerService.java:17301) waiters=0 in void com.android.server.am.ActivityManagerService.dispatchUidsChanged() for 360ms
06-05 04:31:23.468 E/BitmapFactory( 2596): Unable to decode stream: java.io.FileNotFoundException: /data/system/users/0/wallpaper_orig (No such file or directory)
06-05 04:31:23.468 E/WallpaperManagerService( 2596): Invalid wallpaper data
06-05 04:31:23.468 E/WallpaperManagerService( 2596): Unable to apply new wallpaper
06-05 04:31:23.492 D/vold    ( 1276): e4crypt_unlock_user_key 0 serial=0 token_present=0
06-05 04:31:23.494 D/CryptdConnector( 2596): RCV <- {200 2 Command succeeded}
06-05 04:31:23.496 D/MountService( 2596): Thinking about reset, mSystemReady=true, mDaemonConnected=true
06-05 04:31:23.499 I/ActivityManager( 2596): Force stopping com.android.providers.media appid=10010 user=-1: vold reset
06-05 04:31:23.563 D/VoldConnector( 2596): SND -> {4 volume reset}
06-05 04:31:23.661 D/VoldConnector( 2596): RCV <- {651 emulated 7}
06-05 04:31:23.664 D/VoldConnector( 2596): RCV <- {659 emulated}
06-05 04:31:23.669 D/vold    ( 1276): Recognized experimental block major ID 253 as virtio-blk (emulator's virtual SD card device)
06-05 04:31:23.669 V/vold    ( 1276): /system/bin/sgdisk
06-05 04:31:23.680 D/VoldConnector( 2596): RCV <- {650 emulated 2 "" ""}
06-05 04:31:23.689 V/MountService( 2596): Found primary storage at VolumeInfo{emulated}:
06-05 04:31:23.689 V/MountService( 2596):     type=EMULATED diskId=null partGuid=null mountFlags=0 mountUserId=-1 
06-05 04:31:23.689 V/MountService( 2596):     state=UNMOUNTED 
06-05 04:31:23.689 V/MountService( 2596):     fsType=null fsUuid=null fsLabel=null 
06-05 04:31:23.689 V/MountService( 2596):     path=null internalPath=null 
06-05 04:31:23.689 D/VoldConnector( 2596): RCV <- {651 emulated 0}
06-05 04:31:23.754 D/VoldConnector( 2596): RCV <- {651 public:253,48 7}
06-05 04:31:23.756 D/VoldConnector( 2596): RCV <- {659 public:253,48}
06-05 04:31:23.670 V/vold    ( 1276):     --android-dump
06-05 04:31:23.771 V/vold    ( 1276):     /dev/block/vold/disk:253,48
06-05 04:31:23.774 D/VoldConnector( 2596): RCV <- {649 disk:253,48}
06-05 04:31:23.776 D/VoldConnector( 2596): RCV <- {640 disk:253,48 5}
06-05 04:31:23.779 D/VoldConnector( 2596): RCV <- {641 disk:253,48 549453824}
06-05 04:31:23.806 D/VoldConnector( 2596): RCV <- {642 disk:253,48 Virtual}
06-05 04:31:23.823 W/art     ( 2866): Unexpected CPU variant for X86 using defaults: x86_64
06-05 04:31:23.825 W/art     ( 2596): Long monitor contention with owner android.bg (2648) at void java.io.FileDescriptor.sync()(FileDescriptor.java:-2) waiters=0 in void com.android.server.pm.ShortcutService.handleOnUidStateChanged(int, int) for 366ms
06-05 04:31:23.853 D/VoldConnector( 2596): RCV <- {644 disk:253,48 /sys//devices/pci0000:00/0000:00:06.0/virtio3/block/vdd}
06-05 04:31:23.941 W/ActivityManager( 2596): Slow operation: 345ms so far, now at startProcess: returned from zygote!
06-05 04:31:23.941 W/ActivityManager( 2596): Slow operation: 345ms so far, now at startProcess: done updating battery stats
06-05 04:31:23.942 W/ActivityManager( 2596): Slow operation: 346ms so far, now at startProcess: building log message
06-05 04:31:23.942 I/ActivityManager( 2596): Start proc 2872:com.android.systemui/u0a21 for service com.android.systemui/.ImageWallpaper
06-05 04:31:23.942 W/ActivityManager( 2596): Slow operation: 346ms so far, now at startProcess: starting to update pids map
06-05 04:31:23.942 W/ActivityManager( 2596): Slow operation: 346ms so far, now at startProcess: done updating pids map
06-05 04:31:23.942 W/ActivityManager( 2596): Slow operation: 347ms so far, now at startProcess: done starting proc!
06-05 04:31:23.951 W/art     ( 2596): Long monitor contention with owner main (2596) at int com.android.server.am.ActivityManagerService.bindService(android.app.IApplicationThread, android.os.IBinder, android.content.Intent, java.lang.String, android.app.IServiceConnection, int, java.lang.String, int)(ActivityManagerService.java:17301) waiters=0 in void com.android.server.am.ActivityManagerService.dispatchUidsChanged() for 124ms
06-05 04:31:23.956 W/art     ( 2872): Unexpected CPU variant for X86 using defaults: x86_64
06-05 04:31:24.002 E/BluetoothAdapter( 2596): Bluetooth binder is null
06-05 04:31:24.007 D/UsbAlsaManager( 2596): Adding ALSA device AlsaDevice: [card: 0, device: 0, type: 1]
06-05 04:31:24.007 D/UsbAlsaManager( 2596): Adding ALSA device AlsaDevice: [card: 0, device: 0, type: 2]
06-05 04:31:24.038 I/SystemServer( 2596): WebViewFactory preparation
06-05 04:31:24.637 D/WebViewFactory( 2596): Setting new address space to 114394000
06-05 04:31:24.727 E/BluetoothAdapter( 2596): Bluetooth binder is null
06-05 04:31:24.992 I/AudioFlinger( 1325): systemReady
06-05 04:31:25.154 I/Zygote  ( 2596): Process: zygote socket opened, supported ABIS: x86
06-05 04:31:25.211 W/art     ( 2596): Long monitor contention with owner Binder:2596_1 (2630) at void com.android.server.power.PowerManagerService.nativeAcquireSuspendBlocker(java.lang.String)(PowerManagerService.java:-2) waiters=0 in void com.android.server.power.PowerManagerService.handleSandman() for 152ms
06-05 04:31:25.442 I/art     ( 1324): Starting a blocking GC Background
06-05 04:31:25.578 E/WVMExtractor( 2596): Failed to open libwvm.so: dlopen failed: library "libwvm.so" not found
06-05 04:31:25.772 I/art     ( 1324): Background concurrent mark sweep GC freed 128(17KB) AllocSpace objects, 0(0B) LOS objects, 39% free, 6MB/10MB, paused 23.033ms total 311.862ms
06-05 04:31:25.771 V/vold    ( 1276): DISK mbr
06-05 04:31:25.822 V/vold    ( 1276): 
06-05 04:31:25.826 W/vold    ( 1276): disk:253,48 has unknown partition table; trying entire device
06-05 04:31:25.827 V/vold    ( 1276): /system/bin/blkid
06-05 04:31:25.827 V/vold    ( 1276):     -c
06-05 04:31:25.827 V/vold    ( 1276):     /dev/null
06-05 04:31:25.827 V/vold    ( 1276):     -s
06-05 04:31:25.901 V/vold    ( 1276):     TYPE
06-05 04:31:25.901 V/vold    ( 1276):     -s
06-05 04:31:25.901 V/vold    ( 1276):     UUID
06-05 04:31:25.902 V/vold    ( 1276):     -s
06-05 04:31:25.902 V/vold    ( 1276):     LABEL
06-05 04:31:25.902 V/vold    ( 1276):     /dev/block/vold/disk:253,48
06-05 04:31:26.287 I/MediaPlayerService( 1333): MediaPlayerService::getOMX
06-05 04:31:26.533 I/OMXClient( 1333): MuxOMX ctor
06-05 04:31:26.704 V/vold    ( 1276): /dev/block/vold/disk:253,48: LABEL="SDCARD" UUID="1EFF-1C1B" TYPE="vfat" 
06-05 04:31:26.704 V/vold    ( 1276): 
06-05 04:31:26.731 I/MediaPlayerService( 1333): MediaPlayerService::getOMX
06-05 04:31:26.736 I/OMXClient( 1333): MuxOMX ctor
06-05 04:31:26.776 I/OMXMaster( 1330): makeComponentInstance(OMX.google.mp3.decoder) in mediacodec process
06-05 04:31:26.791 D/VoldConnector( 2596): RCV <- {650 public:253,48 0 "disk:253,48" ""}
06-05 04:31:26.811 D/VoldConnector( 2596): RCV <- {651 public:253,48 0}
06-05 04:31:26.813 D/VoldConnector( 2596): RCV <- {643 disk:253,48}
06-05 04:31:26.814 D/VoldConnector( 2596): RCV <- {200 4 Command succeeded}
06-05 04:31:26.862 E/VoldConnector( 2596): NDC Command {4 volume reset} took too long (3300ms)
06-05 04:31:26.883 D/VoldConnector( 2596): SND -> {5 volume user_added 0 0}
06-05 04:31:26.887 D/VoldConnector( 2596): RCV <- {200 5 Command succeeded}
06-05 04:31:26.994 W/ActivityManager( 2596): Slow operation: 2089ms so far, now at startProcess: returned from zygote!
06-05 04:31:26.995 W/ActivityManager( 2596): Slow operation: 2090ms so far, now at startProcess: done updating battery stats
06-05 04:31:26.996 W/ActivityManager( 2596): Slow operation: 2091ms so far, now at startProcess: building log message
06-05 04:31:26.997 I/ActivityManager( 2596): Start proc 2908:WebViewLoader-x86/1037 [android.webkit.WebViewFactory$RelroFileCreator] for 
06-05 04:31:26.997 W/ActivityManager( 2596): Slow operation: 2092ms so far, now at startProcess: starting to update pids map
06-05 04:31:26.997 W/ActivityManager( 2596): Slow operation: 2092ms so far, now at startProcess: done updating pids map
06-05 04:31:26.997 W/ActivityManager( 2596): Slow operation: 2095ms so far, now at startProcess: done starting proc!
06-05 04:31:27.009 W/art     ( 2596): Long monitor contention with owner main (2596) at int com.android.server.am.ActivityManagerService.startIsolatedProcess(java.lang.String, java.lang.String[], java.lang.String, java.lang.String, int, java.lang.Runnable)(ActivityManagerService.java:3509) waiters=0 in void com.android.server.am.ActivityManagerService.dispatchUidsChanged() for 2.102s
06-05 04:31:27.293 W/art     ( 2908): Unexpected CPU variant for X86 using defaults: x86
06-05 04:31:27.373 W/ActivityManager( 2596): Slow operation: 374ms so far, now at startProcess: returned from zygote!
06-05 04:31:27.374 W/ActivityManager( 2596): Slow operation: 376ms so far, now at startProcess: done updating battery stats
06-05 04:31:27.375 W/ActivityManager( 2596): Slow operation: 377ms so far, now at startProcess: building log message
06-05 04:31:27.375 I/ActivityManager( 2596): Start proc 2913:WebViewLoader-x86_64/1037 [android.webkit.WebViewFactory$RelroFileCreator] for 
06-05 04:31:27.375 W/ActivityManager( 2596): Slow operation: 377ms so far, now at startProcess: starting to update pids map
06-05 04:31:27.375 W/ActivityManager( 2596): Slow operation: 377ms so far, now at startProcess: done updating pids map
06-05 04:31:27.375 W/ActivityManager( 2596): Slow operation: 377ms so far, now at startProcess: done starting proc!
06-05 04:31:27.376 W/art     ( 2596): Long monitor contention with owner main (2596) at int com.android.server.am.ActivityManagerService.startIsolatedProcess(java.lang.String, java.lang.String[], java.lang.String, java.lang.String, int, java.lang.Runnable)(ActivityManagerService.java:3509) waiters=1 in void com.android.server.am.ActivityManagerService.attachApplication(android.app.IApplicationThread) for 2.181s
06-05 04:31:27.399 W/art     ( 2913): Unexpected CPU variant for X86 using defaults: x86_64
06-05 04:31:27.591 W/art     ( 2596): Long monitor contention with owner main (2596) at int com.android.server.am.ActivityManagerService.startIsolatedProcess(java.lang.String, java.lang.String[], java.lang.String, java.lang.String, int, java.lang.Runnable)(ActivityManagerService.java:3509) waiters=2 in void com.android.server.am.ActivityManagerService.attachApplication(android.app.IApplicationThread) for 1.664s
06-05 04:31:27.697 V/WebViewFactory( 2913): RelroFileCreator (64bit = true),  32-bit lib: /system/app/webview/webview.apk!/lib/x86/libwebviewchromium.so, 64-bit lib: /system/app/webview/webview.apk!/lib/x86_64/libwebviewchromium.so
06-05 04:31:27.781 W/art     ( 2596): Long monitor contention with owner main (2596) at int com.android.server.am.ActivityManagerService.startIsolatedProcess(java.lang.String, java.lang.String[], java.lang.String, java.lang.String, int, java.lang.Runnable)(ActivityManagerService.java:3509) waiters=3 in void com.android.server.am.ActivityManagerService$MainHandler.handleMessage(android.os.Message) for 1.691s
06-05 04:31:27.783 W/art     ( 2596): Long monitor contention with owner main (2596) at int com.android.server.am.ActivityManagerService.startIsolatedProcess(java.lang.String, java.lang.String[], java.lang.String, java.lang.String, int, java.lang.Runnable)(ActivityManagerService.java:3509) waiters=4 in void com.android.server.am.ActivityManagerService.dispatchUidsChanged() for 687ms
06-05 04:31:27.786 W/art     ( 2596): Long monitor contention with owner main (2596) at int com.android.server.am.ActivityManagerService.startIsolatedProcess(java.lang.String, java.lang.String[], java.lang.String, java.lang.String, int, java.lang.Runnable)(ActivityManagerService.java:3509) waiters=4 in int com.android.server.am.ActivityManagerService.getAppStartMode(int, java.lang.String) for 801ms
06-05 04:31:27.787 W/art     ( 2596): Long monitor contention with owner Binder:2596_2 (2632) at void com.android.server.am.ActivityManagerService.attachApplication(android.app.IApplicationThread)(ActivityManagerService.java:6669) waiters=4 in android.content.ComponentName com.android.server.am.ActivityManagerService.startService(android.app.IApplicationThread, android.content.Intent, java.lang.String, java.lang.String, int) for 400ms
06-05 04:31:27.795 D/VoldConnector( 2596): SND -> {6 volume mount emulated 3 -1}
06-05 04:31:27.817 D/NetworkManagement( 2596): enabling bandwidth control
06-05 04:31:27.858 D/VoldConnector( 2596): RCV <- {651 emulated 1}
06-05 04:31:27.927 D/VoldConnector( 2596): RCV <- {656 emulated /data/media}
06-05 04:31:27.929 D/VoldConnector( 2596): RCV <- {655 emulated /storage/emulated}
06-05 04:31:27.985 V/vold    ( 1276): Waiting for FUSE to spin up...
06-05 04:31:28.044 V/vold    ( 1276): Waiting for FUSE to spin up...
06-05 04:31:28.099 V/vold    ( 1276): Waiting for FUSE to spin up...
06-05 04:31:28.150 V/vold    ( 1276): Waiting for FUSE to spin up...
06-05 04:31:28.168 V/WebViewFactory( 2908): RelroFileCreator (64bit = false),  32-bit lib: /system/app/webview/webview.apk!/lib/x86/libwebviewchromium.so, 64-bit lib: /system/app/webview/webview.apk!/lib/x86_64/libwebviewchromium.so
06-05 04:31:28.218 V/vold    ( 1276): Waiting for FUSE to spin up...
06-05 04:31:28.268 V/vold    ( 1276): Waiting for FUSE to spin up...
06-05 04:31:28.307 W/System  ( 2872): ClassLoader referenced unknown path: /system/priv-app/SystemUI/lib/x86_64
06-05 04:31:28.320 V/vold    ( 1276): Waiting for FUSE to spin up...
06-05 04:31:28.380 V/vold    ( 1276): Waiting for FUSE to spin up...
06-05 04:31:28.440 V/vold    ( 1276): Waiting for FUSE to spin up...
06-05 04:31:28.517 V/vold    ( 1276): Waiting for FUSE to spin up...
06-05 04:31:28.591 V/vold    ( 1276): Waiting for FUSE to spin up...
06-05 04:31:28.648 V/vold    ( 1276): Waiting for FUSE to spin up...
06-05 04:31:28.698 V/vold    ( 1276): Waiting for FUSE to spin up...
06-05 04:31:28.750 V/vold    ( 1276): Waiting for FUSE to spin up...
06-05 04:31:28.763 W/sdcard  ( 2936): Device explicitly disabled sdcardfs
06-05 04:31:28.813 V/vold    ( 1276): Waiting for FUSE to spin up...
06-05 04:31:28.835 I/MediaPlayerService( 1333): MediaPlayerService::getOMX
06-05 04:31:28.837 I/OMXClient( 1333): MuxOMX ctor
06-05 04:31:28.838 I/OMXMaster( 1330): makeComponentInstance(OMX.google.amrnb.decoder) in mediacodec process
06-05 04:31:28.867 V/vold    ( 1276): Waiting for FUSE to spin up...
06-05 04:31:28.918 V/vold    ( 1276): Waiting for FUSE to spin up...
06-05 04:31:29.034 V/vold    ( 1276): Waiting for FUSE to spin up...
