--------- beginning of main
06-05 04:28:26.110 W/auditd  ( 1266): type=2000 audit(0.0:1): initialized
06-05 04:28:30.480 I/auditd  ( 1266): type=1403 audit(0.0:2): policy loaded auid=4294967295 ses=4294967295
06-05 04:28:30.490 W/auditd  ( 1266): type=1404 audit(0.0:3): enforcing=1 old_enforcing=0 auid=4294967295 ses=4294967295
06-05 04:28:35.020 W/init    (    1): type=1400 audit(0.0:4): avc: denied { write } for name="tracing_on" dev="debugfs" ino=28 scontext=u:r:init:s0 tcontext=u:object_r:debugfs:s0 tclass=file permissive=0
06-05 04:28:36.774 I/        ( 1275): debuggerd: starting
--------- beginning of system
06-05 04:28:37.374 I/vold    ( 1276): Vold 3.0 (the awakening) firing up
06-05 04:28:37.376 V/vold    ( 1276): Detected support for: ext4 vfat
06-05 04:28:37.698 I/        ( 1274): debuggerd: starting
06-05 04:28:37.726 D/vold    ( 1276): Recognized experimental block major ID 253 as virtio-blk (emulator's virtual SD card device)
06-05 04:28:37.727 V/vold    ( 1276): /system/bin/sgdisk
06-05 04:28:37.727 V/vold    ( 1276):     --android-dump
06-05 04:28:37.727 V/vold    ( 1276):     /dev/block/vold/disk:253,48
06-05 04:28:37.793 D/vold    ( 1276): e4crypt_init_user0
06-05 04:28:37.794 D/vold    ( 1276): e4crypt_prepare_user_storage for volume null, user 0, serial 0, flags 1
06-05 04:28:37.795 D/vold    ( 1276): Preparing: /data/system/users/0
06-05 04:28:37.801 D/vold    ( 1276): Preparing: /data/misc/profiles/cur/0
06-05 04:28:37.810 D/vold    ( 1276): Preparing: /data/misc/profiles/cur/0/foreign-dex
06-05 04:28:37.831 D/vold    ( 1276): Preparing: /data/system_de/0
06-05 04:28:37.841 D/vold    ( 1276): Preparing: /data/misc_de/0
06-05 04:28:37.851 D/vold    ( 1276): Preparing: /data/user_de/0
06-05 04:28:37.856 D/vold    ( 1276): e4crypt_unlock_user_key 0 serial=0 token_present=0
06-05 04:28:37.903 I/vdc     (    1): 200 1277 Command succeeded
06-05 04:28:38.233 V/vold    ( 1276): DISK mbr
06-05 04:28:38.233 V/vold    ( 1276): 
06-05 04:28:38.264 W/vold    ( 1276): disk:253,48 has unknown partition table; trying entire device
06-05 04:28:38.265 V/vold    ( 1276): /system/bin/blkid
06-05 04:28:38.265 V/vold    ( 1276):     -c
06-05 04:28:38.265 V/vold    ( 1276):     /dev/null
06-05 04:28:38.265 V/vold    ( 1276):     -s
06-05 04:28:38.265 V/vold    ( 1276):     TYPE
06-05 04:28:38.265 V/vold    ( 1276):     -s
06-05 04:28:38.265 V/vold    ( 1276):     UUID
06-05 04:28:38.265 V/vold    ( 1276):     -s
06-05 04:28:38.265 V/vold    ( 1276):     LABEL
06-05 04:28:38.266 V/vold    ( 1276):     /dev/block/vold/disk:253,48
06-05 04:28:38.359 I//system/bin/tzdatacheck( 1312): tzdata file /data/misc/zoneinfo/current/tzdata does not exist. No action required.
06-05 04:28:39.340 W/mediacodec( 1330): type=1400 audit(0.0:5): avc: denied { getattr } for path="/vendor" dev="rootfs" ino=2986 scontext=u:r:mediacodec:s0 tcontext=u:object_r:rootfs:s0 tclass=lnk_file permissive=0
06-05 04:28:39.390 W/audioserver( 1325): type=1400 audit(0.0:6): avc: denied { getattr } for path="/vendor" dev="rootfs" ino=2986 scontext=u:r:audioserver:s0 tcontext=u:object_r:rootfs:s0 tclass=lnk_file permissive=0
06-05 04:28:39.510 W/cameraserver( 1326): type=1400 audit(0.0:7): avc: denied { getattr } for path="/vendor" dev="rootfs" ino=2986 scontext=u:r:cameraserver:s0 tcontext=u:object_r:rootfs:s0 tclass=lnk_file permissive=0
06-05 04:28:39.550 W/mediadrmserver( 1331): type=1400 audit(0.0:8): avc: denied { getattr } for path="/vendor" dev="rootfs" ino=2986 scontext=u:r:mediadrmserver:s0 tcontext=u:object_r:rootfs:s0 tclass=lnk_file permissive=0
06-05 04:28:39.733 I/lowmemorykiller( 1318): Using in-kernel low memory killer interface
06-05 04:28:40.113 V/vold    ( 1276): /dev/block/vold/disk:253,48: LABEL="SDCARD" UUID="1EFF-1C1B" TYPE="vfat" 
06-05 04:28:40.113 V/vold    ( 1276): 
06-05 04:28:40.312 I/qemu-props( 1317): connected to 'boot-properties' qemud service.
06-05 04:28:40.314 I/qemu-props( 1317): receiving..
06-05 04:28:40.314 I/qemu-props( 1317): received: qemu.cmdline=androidboot.logcat=v:* androidboot.consolepipe=qemu_pipe,pipe:logcat
06-05 04:28:40.344 I/        ( 1328): installd firing up
06-05 04:28:40.430 I/qemu-props( 1317): receiving..
06-05 04:28:40.431 I/qemu-props( 1317): received: qemu.logcat=start
06-05 04:28:40.748 I/qemu-props( 1317): receiving..
06-05 04:28:40.748 I/qemu-props( 1317): received: ro.opengles.version=131072
06-05 04:28:40.751 I/qemu-props( 1317): receiving..
06-05 04:28:40.751 I/qemu-props( 1317): received: qemu.sf.fake_camera=back
06-05 04:28:40.754 I/qemu-props( 1317): receiving..
06-05 04:28:40.754 I/qemu-props( 1317): received: dalvik.vm.heapsize=256m
06-05 04:28:40.756 I/qemu-props( 1317): receiving..
06-05 04:28:40.757 I/qemu-props( 1317): received: qemu.hw.mainkeys=0
06-05 04:28:40.798 I/qemu-props( 1317): receiving..
06-05 04:28:40.798 I/qemu-props( 1317): received: qemu.sf.lcd_density=480
06-05 04:28:40.804 I/qemu-props( 1317): receiving..
06-05 04:28:40.804 I/qemu-props( 1317): received: qemu.timezone=Etc/UTC
06-05 04:28:40.806 I/qemu-props( 1317): receiving..
06-05 04:28:40.806 I/qemu-props( 1317): exiting (8 properties set).
06-05 04:28:41.079 I/fingerprintd( 1338): Starting fingerprintd
06-05 04:28:41.543 I/gatekeeperd( 1339): Starting gatekeeperd...
06-05 04:28:41.645 W/gatekeeperd( 1339): falling back to software GateKeeper
06-05 04:28:41.694 I/keystore( 1329): Found keymaster0 module Keymaster OpenSSL HAL, version 2
06-05 04:28:41.696 I/SoftKeymaster( 1329): system/keymaster/soft_keymaster_device.cpp, Line 131: Creating device
06-05 04:28:41.696 D/SoftKeymaster( 1329): system/keymaster/soft_keymaster_device.cpp, Line 132: Device address: 0x709b8483d000
06-05 04:28:41.696 I/keystore( 1329): Keymaster0 module is software-only.  Using SoftKeymasterDevice instead.
06-05 04:28:41.696 I/SoftKeymaster( 1329): system/keymaster/soft_keymaster_device.cpp, Line 131: Creating device
06-05 04:28:41.696 D/SoftKeymaster( 1329): system/keymaster/soft_keymaster_device.cpp, Line 132: Device address: 0x709b8483d400
06-05 04:28:42.874 I/perfprofd( 1340): starting Android Wide Profiling daemon
06-05 04:28:42.892 E/perfprofd( 1340): unable to open configuration file /data/data/com.google.android.gms/files/perfprofd.conf
06-05 04:28:42.896 I/perfprofd( 1340): random seed set to 583502143
06-05 04:28:44.444 I/SurfaceFlinger( 1320): SurfaceFlinger is starting
06-05 04:28:44.498 I/SurfaceFlinger( 1320): SurfaceFlinger's main thread ready to run. Initializing graphics H/W...
06-05 04:28:44.499 D/libEGL  ( 1320): Emulator without GPU support detected. Fallback to legacy software renderer, qemu.gles is set to 0.
06-05 04:28:44.670 D/libEGL  ( 1320): loaded /system/lib64/egl/libGLES_android.so
06-05 04:28:46.370 W/bootanimation( 1685): type=1400 audit(0.0:9): avc: denied { getattr } for path="/vendor" dev="rootfs" ino=2986 scontext=u:r:bootanim:s0 tcontext=u:object_r:rootfs:s0 tclass=lnk_file permissive=0
06-05 04:28:45.737 D/gralloc_ranchu( 1320): Emulator without host-side GPU emulation detected. Loading gralloc.default.so from /vendor/lib64/hw/gralloc.goldfish.default.so...
06-05 04:28:45.739 D/gralloc_ranchu( 1320): gralloc.default.so not found in /vendor. Trying /system/lib64/hw/gralloc.goldfish.default.so...
06-05 04:28:45.759 I/gralloc ( 1320): using (fd=11)
06-05 04:28:45.759 I/gralloc ( 1320): id           = 
06-05 04:28:45.759 I/gralloc ( 1320): xres         = 1080 px
06-05 04:28:45.759 I/gralloc ( 1320): yres         = 1920 px
06-05 04:28:45.759 I/gralloc ( 1320): xres_virtual = 1080 px
06-05 04:28:45.759 I/gralloc ( 1320): yres_virtual = 3840 px
06-05 04:28:45.759 I/gralloc ( 1320): bpp          = 16
06-05 04:28:45.759 I/gralloc ( 1320): r            = 11:5
06-05 04:28:45.759 I/gralloc ( 1320): g            =  5:6
06-05 04:28:45.759 I/gralloc ( 1320): b            =  0:5
06-05 04:28:45.774 I/gralloc ( 1320): width        = 166 mm (165.253006 dpi)
06-05 04:28:45.774 I/gralloc ( 1320): height       = 296 mm (164.756760 dpi)
06-05 04:28:45.774 I/gralloc ( 1320): refresh rate = 60.00 Hz
06-05 04:28:45.809 E/SurfaceFlinger( 1320): hwcomposer module not found
06-05 04:28:45.814 W/SurfaceFlinger( 1320): no suitable EGLConfig found, trying a simpler query
06-05 04:28:45.815 W/SurfaceFlinger( 1320): EGL_SLOW_CONFIG selected!
06-05 04:28:45.815 I/SurfaceFlinger( 1320): EGL information:
06-05 04:28:45.815 I/SurfaceFlinger( 1320): vendor    : Android
06-05 04:28:45.815 I/SurfaceFlinger( 1320): version   : 1.4 Android META-EGL
06-05 04:28:45.815 I/SurfaceFlinger( 1320): extensions: EGL_KHR_get_all_proc_addresses EGL_ANDROID_presentation_time EGL_KHR_swap_buffers_with_damage EGL_ANDROID_create_native_client_buffer EGL_ANDROID_front_buffer_auto_refresh EGL_KHR_image_base EGL_KHR_fence_sync EGL_ANDROID_image_native_buffer 
06-05 04:28:45.815 I/SurfaceFlinger( 1320): Client API: OpenGL_ES
06-05 04:28:45.815 I/SurfaceFlinger( 1320): EGLSurface: 5-6-5-0, config=0x0
06-05 04:28:45.817 W/SurfaceFlinger( 1320): no suitable EGLConfig found, trying a simpler query
06-05 04:28:45.817 W/SurfaceFlinger( 1320): EGL_SLOW_CONFIG selected!
06-05 04:28:45.818 I/SurfaceFlinger( 1320): EGL information:
06-05 04:28:45.818 I/SurfaceFlinger( 1320): vendor    : Android
06-05 04:28:45.818 I/SurfaceFlinger( 1320): version   : 1.4 Android META-EGL
06-05 04:28:45.818 I/SurfaceFlinger( 1320): extensions: EGL_KHR_get_all_proc_addresses EGL_ANDROID_presentation_time EGL_KHR_swap_buffers_with_damage EGL_ANDROID_create_native_client_buffer EGL_ANDROID_front_buffer_auto_refresh EGL_KHR_image_base EGL_KHR_fence_sync EGL_ANDROID_image_native_buffer 
06-05 04:28:45.818 I/SurfaceFlinger( 1320): Client API: OpenGL_ES
06-05 04:28:45.818 I/SurfaceFlinger( 1320): EGLSurface: 5-6-5-0, config=0x0
06-05 04:28:45.867 I/SurfaceFlinger( 1320): OpenGL ES informations:
06-05 04:28:45.868 I/SurfaceFlinger( 1320): vendor    : Android
06-05 04:28:45.868 I/SurfaceFlinger( 1320): renderer  : Android PixelFlinger 1.4
06-05 04:28:45.868 I/SurfaceFlinger( 1320): version   : OpenGL ES-CM 1.0
06-05 04:28:45.868 I/SurfaceFlinger( 1320): extensions: GL_EXT_debug_marker GL_OES_byte_coordinates GL_OES_fixed_point GL_OES_single_precision GL_OES_read_format GL_OES_compressed_paletted_texture GL_OES_draw_texture GL_OES_matrix_get GL_OES_query_matrix GL_OES_EGL_image GL_OES_EGL_sync GL_OES_compressed_ETC1_RGB8_texture GL_ARB_texture_compression GL_ARB_texture_non_power_of_two GL_ANDROID_user_clip_plane GL_ANDROID_vertex_buffer_object GL_ANDROID_generate_mipmap 
06-05 04:28:45.868 I/SurfaceFlinger( 1320): GL_MAX_TEXTURE_SIZE = 4096
06-05 04:28:45.868 I/SurfaceFlinger( 1320): GL_MAX_VIEWPORT_DIMS = 4096
06-05 04:28:45.889 W/SurfaceFlinger( 1320): no suitable EGLConfig found, trying a simpler query
06-05 04:28:45.889 W/SurfaceFlinger( 1320): EGL_SLOW_CONFIG selected!
06-05 04:28:45.889 I/SurfaceFlinger( 1320): EGL information:
06-05 04:28:45.889 I/SurfaceFlinger( 1320): vendor    : Android
06-05 04:28:45.889 I/SurfaceFlinger( 1320): version   : 1.4 Android META-EGL
06-05 04:28:45.889 I/SurfaceFlinger( 1320): extensions: EGL_KHR_get_all_proc_addresses EGL_ANDROID_presentation_time EGL_KHR_swap_buffers_with_damage EGL_ANDROID_create_native_client_buffer EGL_ANDROID_front_buffer_auto_refresh EGL_KHR_image_base EGL_KHR_fence_sync EGL_ANDROID_image_native_buffer 
06-05 04:28:45.889 I/SurfaceFlinger( 1320): Client API: OpenGL_ES
06-05 04:28:45.889 I/SurfaceFlinger( 1320): EGLSurface: 5-6-5-0, config=0x0
06-05 04:28:45.927 E/libEGL  ( 1320): called unimplemented OpenGL ES API
06-05 04:28:45.928 E/SurfaceFlinger( 1320): Error while compiling shader: 
06-05 04:28:45.928 E/SurfaceFlinger( 1320): attribute vec4 position;
06-05 04:28:45.928 E/SurfaceFlinger( 1320): uniform mat4 projection;
06-05 04:28:45.928 E/SurfaceFlinger( 1320): uniform mat4 texture;
06-05 04:28:45.928 E/SurfaceFlinger( 1320): void main(void) {
06-05 04:28:45.928 E/SurfaceFlinger( 1320):     gl_Position = projection * position;
06-05 04:28:45.928 E/SurfaceFlinger( 1320): }
06-05 04:28:45.928 E/SurfaceFlinger( 1320): 
06-05 04:28:45.928 E/SurfaceFlinger( 1320): \F6\FF\FF\FF\FF\FF\FF\FF\9FA\DDvx
06-05 04:28:45.928 E/SurfaceFlinger( 1320): Error while compiling shader: 
06-05 04:28:45.928 E/SurfaceFlinger( 1320): precision mediump float;
06-05 04:28:45.928 E/SurfaceFlinger( 1320): uniform vec4 color;
06-05 04:28:45.928 E/SurfaceFlinger( 1320): void main(void) {
06-05 04:28:45.928 E/SurfaceFlinger( 1320):     gl_FragColor = color;
06-05 04:28:45.928 E/SurfaceFlinger( 1320): }
06-05 04:28:45.928 E/SurfaceFlinger( 1320): 
06-05 04:28:45.928 E/SurfaceFlinger( 1320): \F6\FF\FF\FF\FF\FF\FF\FF\9FA\DDvx
06-05 04:28:45.929 E/SurfaceFlinger( 1320): Error while linking shaders:
06-05 04:28:45.933 E/SurfaceFlinger( 1320): Error while compiling shader: 
06-05 04:28:45.933 E/SurfaceFlinger( 1320): attribute vec4 position;
06-05 04:28:45.933 E/SurfaceFlinger( 1320): uniform mat4 projection;
06-05 04:28:45.933 E/SurfaceFlinger( 1320): uniform mat4 texture;
06-05 04:28:45.933 E/SurfaceFlinger( 1320): void main(void) {
06-05 04:28:45.933 E/SurfaceFlinger( 1320):     gl_Position = projection * position;
06-05 04:28:45.933 E/SurfaceFlinger( 1320): }
06-05 04:28:45.933 E/SurfaceFlinger( 1320): 
06-05 04:28:45.933 E/SurfaceFlinger( 1320): \F6\FF\FF\FF\FF\FF\FF\FF\9FA\DDvx
06-05 04:28:45.933 E/SurfaceFlinger( 1320): Error while compiling shader: 
06-05 04:28:45.933 E/SurfaceFlinger( 1320): precision mediump float;
06-05 04:28:45.933 E/SurfaceFlinger( 1320): uniform vec4 color;
06-05 04:28:45.933 E/SurfaceFlinger( 1320): void main(void) {
06-05 04:28:45.933 E/SurfaceFlinger( 1320):     gl_FragColor = color;
06-05 04:28:45.933 E/SurfaceFlinger( 1320): }
06-05 04:28:45.933 E/SurfaceFlinger( 1320): 
06-05 04:28:45.933 E/SurfaceFlinger( 1320): \F6\FF\FF\FF\FF\FF\FF\FF\9FA\DDvx
06-05 04:28:45.933 E/SurfaceFlinger( 1320): Error while linking shaders:
06-05 04:28:45.933 E/SurfaceFlinger( 1320): Error while compiling shader: 
06-05 04:28:45.933 E/SurfaceFlinger( 1320): attribute vec4 position;
06-05 04:28:45.933 E/SurfaceFlinger( 1320): uniform mat4 projection;
06-05 04:28:45.933 E/SurfaceFlinger( 1320): uniform mat4 texture;
06-05 04:28:45.933 E/SurfaceFlinger( 1320): void main(void) {
06-05 04:28:45.933 E/SurfaceFlinger( 1320):     gl_Position = projection * position;
06-05 04:28:45.933 E/SurfaceFlinger( 1320): }
06-05 04:28:45.933 E/SurfaceFlinger( 1320): 
06-05 04:28:45.933 E/SurfaceFlinger( 1320): \F6\FF\FF\FF\FF\FF\FF\FF\9FA\DDvx
06-05 04:28:45.933 E/SurfaceFlinger( 1320): Error while compiling shader: 
06-05 04:28:45.933 E/SurfaceFlinger( 1320): precision mediump float;
06-05 04:28:45.933 E/SurfaceFlinger( 1320): uniform vec4 color;
06-05 04:28:45.933 E/SurfaceFlinger( 1320): void main(void) {
06-05 04:28:45.933 E/SurfaceFlinger( 1320):     gl_FragColor = color;
06-05 04:28:45.933 E/SurfaceFlinger( 1320):     gl_FragColor.a = 1.0;
06-05 04:28:45.933 E/SurfaceFlinger( 1320): }
06-05 04:28:45.933 E/SurfaceFlinger( 1320): 
06-05 04:28:45.933 E/SurfaceFlinger( 1320): \F6\FF\FF\FF\FF\FF\FF\FF\9FA\DDvx
06-05 04:28:45.933 E/SurfaceFlinger( 1320): Error while linking shaders:
06-05 04:28:45.933 E/SurfaceFlinger( 1320): Error while compiling shader: 
06-05 04:28:45.933 E/SurfaceFlinger( 1320): attribute vec4 position;
06-05 04:28:45.933 E/SurfaceFlinger( 1320): uniform mat4 projection;
06-05 04:28:45.933 E/SurfaceFlinger( 1320): uniform mat4 texture;
06-05 04:28:45.933 E/SurfaceFlinger( 1320): void main(void) {
06-05 04:28:45.933 E/SurfaceFlinger( 1320):     gl_Position = projection * position;
06-05 04:28:45.933 E/SurfaceFlinger( 1320): }
06-05 04:28:45.933 E/SurfaceFlinger( 1320): 
06-05 04:28:45.933 E/SurfaceFlinger( 1320): \F6\FF\FF\FF\FF\FF\FF\FF\9FA\DDvx
06-05 04:28:45.933 E/SurfaceFlinger( 1320): Error while compiling shader: 
06-05 04:28:45.933 E/SurfaceFlinger( 1320): precision mediump float;
06-05 04:28:45.933 E/SurfaceFlinger( 1320): uniform vec4 color;
06-05 04:28:45.933 E/SurfaceFlinger( 1320): void main(void) {
06-05 04:28:45.933 E/SurfaceFlinger( 1320):     gl_FragColor = color;
06-05 04:28:45.933 E/SurfaceFlinger( 1320):     gl_FragColor.a = 1.0;
06-05 04:28:45.933 E/SurfaceFlinger( 1320): }
06-05 04:28:45.933 E/SurfaceFlinger( 1320): 
06-05 04:28:45.933 E/SurfaceFlinger( 1320): \F6\FF\FF\FF\FF\FF\FF\FF\9FA\DDvx
06-05 04:28:45.933 E/SurfaceFlinger( 1320): Error while linking shaders:
06-05 04:28:45.933 E/SurfaceFlinger( 1320): Error while compiling shader: 
06-05 04:28:45.933 E/SurfaceFlinger( 1320): attribute vec4 position;
06-05 04:28:45.933 E/SurfaceFlinger( 1320): uniform mat4 projection;
06-05 04:28:45.933 E/SurfaceFlinger( 1320): uniform mat4 texture;
06-05 04:28:45.933 E/SurfaceFlinger( 1320): void main(void) {
06-05 04:28:45.933 E/SurfaceFlinger( 1320):     gl_Position = projection * position;
06-05 04:28:45.933 E/SurfaceFlinger( 1320): }
06-05 04:28:45.933 E/SurfaceFlinger( 1320): 
06-05 04:28:45.933 E/SurfaceFlinger( 1320): \F6\FF\FF\FF\FF\FF\FF\FF\9FA\DDvx
06-05 04:28:45.933 E/SurfaceFlinger( 1320): Error while compiling shader: 
06-05 04:28:45.933 E/SurfaceFlinger( 1320): precision mediump float;
06-05 04:28:45.933 E/SurfaceFlinger( 1320): uniform vec4 color;
06-05 04:28:45.933 E/SurfaceFlinger( 1320): uniform float alphaPlane;
06-05 04:28:45.933 E/SurfaceFlinger( 1320): void main(void) {
06-05 04:28:45.933 E/SurfaceFlinger( 1320):     gl_FragColor = color;
06-05 04:28:45.933 E/SurfaceFlinger( 1320):     gl_FragColor.a *= alphaPlane;
06-05 04:28:45.933 E/SurfaceFlinger( 1320): }
06-05 04:28:45.933 E/SurfaceFlinger( 1320): 
06-05 04:28:45.933 E/SurfaceFlinger( 1320): \F6\FF\FF\FF\FF\FF\FF\FF\9FA\DDvx
06-05 04:28:45.933 E/SurfaceFlinger( 1320): Error while linking shaders:
06-05 04:28:45.934 E/SurfaceFlinger( 1320): Error while compiling shader: 
06-05 04:28:45.934 E/SurfaceFlinger( 1320): attribute vec4 position;
06-05 04:28:45.934 E/SurfaceFlinger( 1320): uniform mat4 projection;
06-05 04:28:45.934 E/SurfaceFlinger( 1320): uniform mat4 texture;
06-05 04:28:45.934 E/SurfaceFlinger( 1320): void main(void) {
06-05 04:28:45.934 E/SurfaceFlinger( 1320):     gl_Position = projection * position;
06-05 04:28:45.934 E/SurfaceFlinger( 1320): }
06-05 04:28:45.934 E/SurfaceFlinger( 1320): 
06-05 04:28:45.934 E/SurfaceFlinger( 1320): \F6\FF\FF\FF\FF\FF\FF\FF\9FA\DDvx
06-05 04:28:45.934 E/SurfaceFlinger( 1320): Error while compiling shader: 
06-05 04:28:45.934 E/SurfaceFlinger( 1320): precision mediump float;
06-05 04:28:45.934 E/SurfaceFlinger( 1320): uniform vec4 color;
06-05 04:28:45.934 E/SurfaceFlinger( 1320): uniform float alphaPlane;
06-05 04:28:45.934 E/SurfaceFlinger( 1320): void main(void) {
06-05 04:28:45.934 E/SurfaceFlinger( 1320):     gl_FragColor = color;
06-05 04:28:45.934 E/SurfaceFlinger( 1320):     gl_FragColor *= alphaPlane;
06-05 04:28:45.934 E/SurfaceFlinger( 1320): }
06-05 04:28:45.934 E/SurfaceFlinger( 1320): 
06-05 04:28:45.934 E/SurfaceFlinger( 1320): \F6\FF\FF\FF\FF\FF\FF\FF\9FA\DDvx
06-05 04:28:45.934 E/SurfaceFlinger( 1320): Error while linking shaders:
06-05 04:28:45.934 E/SurfaceFlinger( 1320): Error while compiling shader: 
06-05 04:28:45.934 E/SurfaceFlinger( 1320): attribute vec4 position;
06-05 04:28:45.934 E/SurfaceFlinger( 1320): uniform mat4 projection;
06-05 04:28:45.934 E/SurfaceFlinger( 1320): uniform mat4 texture;
06-05 04:28:45.934 E/SurfaceFlinger( 1320): void main(void) {
06-05 04:28:45.934 E/SurfaceFlinger( 1320):     gl_Position = projection * position;
06-05 04:28:45.934 E/SurfaceFlinger( 1320): }
06-05 04:28:45.934 E/SurfaceFlinger( 1320): 
06-05 04:28:45.934 E/SurfaceFlinger( 1320): \F6\FF\FF\FF\FF\FF\FF\FF\9FA\DDvx
06-05 04:28:45.934 E/SurfaceFlinger( 1320): Error while compiling shader: 
06-05 04:28:45.934 E/SurfaceFlinger( 1320): precision mediump float;
06-05 04:28:45.934 E/SurfaceFlinger( 1320): uniform vec4 color;
06-05 04:28:45.934 E/SurfaceFlinger( 1320): uniform float alphaPlane;
06-05 04:28:45.934 E/SurfaceFlinger( 1320): void main(void) {
06-05 04:28:45.934 E/SurfaceFlinger( 1320):     gl_FragColor = color;
06-05 04:28:45.934 E/SurfaceFlinger( 1320):     gl_FragColor.a = 1.0;
06-05 04:28:45.934 E/SurfaceFlinger( 1320):     gl_FragColor.a *= alphaPlane;
06-05 04:28:45.934 E/SurfaceFlinger( 1320): }
06-05 04:28:45.934 E/SurfaceFlinger( 1320): 
06-05 04:28:45.934 E/SurfaceFlinger( 1320): \F6\FF\FF\FF\FF\FF\FF\FF\9FA\DDvx
06-05 04:28:45.934 E/SurfaceFlinger( 1320): Error while linking shaders:
06-05 04:28:45.934 E/SurfaceFlinger( 1320): Error while compiling shader: 
06-05 04:28:45.934 E/SurfaceFlinger( 1320): attribute vec4 position;
06-05 04:28:45.934 E/SurfaceFlinger( 1320): uniform mat4 projection;
06-05 04:28:45.934 E/SurfaceFlinger( 1320): uniform mat4 texture;
06-05 04:28:45.934 E/SurfaceFlinger( 1320): void main(void) {
06-05 04:28:45.934 E/SurfaceFlinger( 1320):     gl_Position = projection * position;
06-05 04:28:45.934 E/SurfaceFlinger( 1320): }
06-05 04:28:45.934 E/SurfaceFlinger( 1320): 
06-05 04:28:45.934 E/SurfaceFlinger( 1320): \F6\FF\FF\FF\FF\FF\FF\FF\9FA\DDvx
06-05 04:28:45.934 E/SurfaceFlinger( 1320): Error while compiling shader: 
06-05 04:28:45.934 E/SurfaceFlinger( 1320): precision mediump float;
06-05 04:28:45.934 E/SurfaceFlinger( 1320): uniform vec4 color;
06-05 04:28:45.934 E/SurfaceFlinger( 1320): uniform float alphaPlane;
06-05 04:28:45.934 E/SurfaceFlinger( 1320): void main(void) {
06-05 04:28:45.934 E/SurfaceFlinger( 1320):     gl_FragColor = color;
06-05 04:28:45.934 E/SurfaceFlinger( 1320):     gl_FragColor.a = 1.0;
06-05 04:28:45.934 E/SurfaceFlinger( 1320):     gl_FragColor *= alphaPlane;
06-05 04:28:45.934 E/SurfaceFlinger( 1320): }
06-05 04:28:45.934 E/SurfaceFlinger( 1320): 
06-05 04:28:45.934 E/SurfaceFlinger( 1320): \F6\FF\FF\FF\FF\FF\FF\FF\9FA\DDvx
06-05 04:28:45.934 E/SurfaceFlinger( 1320): Error while linking shaders:
06-05 04:28:45.934 E/SurfaceFlinger( 1320): Error while compiling shader: 
06-05 04:28:45.934 E/SurfaceFlinger( 1320): attribute vec4 texCoords;
06-05 04:28:45.934 E/SurfaceFlinger( 1320): varying vec2 outTexCoords;
06-05 04:28:45.934 E/SurfaceFlinger( 1320): attribute vec4 position;
06-05 04:28:45.934 E/SurfaceFlinger( 1320): uniform mat4 projection;
06-05 04:28:45.934 E/SurfaceFlinger( 1320): uniform mat4 texture;
06-05 04:28:45.934 E/SurfaceFlinger( 1320): void main(void) {
06-05 04:28:45.934 E/SurfaceFlinger( 1320):     gl_Position = projection * position;
06-05 04:28:45.934 E/SurfaceFlinger( 1320):     outTexCoords = (texture * texCoords).st;
06-05 04:28:45.934 E/SurfaceFlinger( 1320): }
06-05 04:28:45.934 E/SurfaceFlinger( 1320): 
06-05 04:28:45.934 E/SurfaceFlinger( 1320): \F6\FF\FF\FF\FF\FF\FF\FF\9FA\DDvx
06-05 04:28:45.935 E/SurfaceFlinger( 1320): Error while compiling shader: 
06-05 04:28:45.935 E/SurfaceFlinger( 1320): #extension GL_OES_EGL_image_external : require
06-05 04:28:45.935 E/SurfaceFlinger( 1320): precision mediump float;
06-05 04:28:45.935 E/SurfaceFlinger( 1320): uniform samplerExternalOES sampler;
06-05 04:28:45.935 E/SurfaceFlinger( 1320): varying vec2 outTexCoords;
06-05 04:28:45.935 E/SurfaceFlinger( 1320): void main(void) {
06-05 04:28:45.935 E/SurfaceFlinger( 1320):     gl_FragColor = texture2D(sampler, outTexCoords);
06-05 04:28:45.935 E/SurfaceFlinger( 1320): }
06-05 04:28:45.935 E/SurfaceFlinger( 1320): 
06-05 04:28:45.935 E/SurfaceFlinger( 1320): \F6\FF\FF\FF\FF\FF\FF\FF\9FA\DDvx
06-05 04:28:45.935 E/SurfaceFlinger( 1320): Error while linking shaders:
06-05 04:28:45.935 E/SurfaceFlinger( 1320): Error while compiling shader: 
06-05 04:28:45.935 E/SurfaceFlinger( 1320): attribute vec4 texCoords;
06-05 04:28:45.935 E/SurfaceFlinger( 1320): varying vec2 outTexCoords;
06-05 04:28:45.935 E/SurfaceFlinger( 1320): attribute vec4 position;
06-05 04:28:45.935 E/SurfaceFlinger( 1320): uniform mat4 projection;
06-05 04:28:45.935 E/SurfaceFlinger( 1320): uniform mat4 texture;
06-05 04:28:45.935 E/SurfaceFlinger( 1320): void main(void) {
06-05 04:28:45.935 E/SurfaceFlinger( 1320):     gl_Position = projection * position;
06-05 04:28:45.935 E/SurfaceFlinger( 1320):     outTexCoords = (texture * texCoords).st;
06-05 04:28:45.935 E/SurfaceFlinger( 1320): }
06-05 04:28:45.935 E/SurfaceFlinger( 1320): 
06-05 04:28:45.935 E/SurfaceFlinger( 1320): \F6\FF\FF\FF\FF\FF\FF\FF\9FA\DDvx
06-05 04:28:45.935 E/SurfaceFlinger( 1320): Error while compiling shader: 
06-05 04:28:45.935 E/SurfaceFlinger( 1320): #extension GL_OES_EGL_image_external : require
06-05 04:28:45.935 E/SurfaceFlinger( 1320): precision mediump float;
06-05 04:28:45.935 E/SurfaceFlinger( 1320): uniform samplerExternalOES sampler;
06-05 04:28:45.935 E/SurfaceFlinger( 1320): varying vec2 outTexCoords;
06-05 04:28:45.935 E/SurfaceFlinger( 1320): void main(void) {
06-05 04:28:45.935 E/SurfaceFlinger( 1320):     gl_FragColor = texture2D(sampler, outTexCoords);
06-05 04:28:45.935 E/SurfaceFlinger( 1320): }
06-05 04:28:45.935 E/SurfaceFlinger( 1320): 
06-05 04:28:45.935 E/SurfaceFlinger( 1320): \F6\FF\FF\FF\FF\FF\FF\FF\9FA\DDvx
06-05 04:28:45.935 E/SurfaceFlinger( 1320): Error while linking shaders:
06-05 04:28:45.935 E/SurfaceFlinger( 1320): Error while compiling shader: 
06-05 04:28:45.935 E/SurfaceFlinger( 1320): attribute vec4 texCoords;
06-05 04:28:45.935 E/SurfaceFlinger( 1320): varying vec2 outTexCoords;
06-05 04:28:45.935 E/SurfaceFlinger( 1320): attribute vec4 position;
06-05 04:28:45.935 E/SurfaceFlinger( 1320): uniform mat4 projection;
06-05 04:28:45.935 E/SurfaceFlinger( 1320): uniform mat4 texture;
06-05 04:28:45.935 E/SurfaceFlinger( 1320): void main(void) {
06-05 04:28:45.935 E/SurfaceFlinger( 1320):     gl_Position = projection * position;
06-05 04:28:45.935 E/SurfaceFlinger( 1320):     outTexCoords = (texture * texCoords).st;
06-05 04:28:45.935 E/SurfaceFlinger( 1320): }
06-05 04:28:45.935 E/SurfaceFlinger( 1320): 
06-05 04:28:45.935 E/SurfaceFlinger( 1320): \F6\FF\FF\FF\FF\FF\FF\FF\9FA\DDvx
06-05 04:28:45.935 E/SurfaceFlinger( 1320): Error while compiling shader: 
06-05 04:28:45.935 E/SurfaceFlinger( 1320): #extension GL_OES_EGL_image_external : require
06-05 04:28:45.935 E/SurfaceFlinger( 1320): precision mediump float;
06-05 04:28:45.935 E/SurfaceFlinger( 1320): uniform samplerExternalOES sampler;
06-05 04:28:45.935 E/SurfaceFlinger( 1320): varying vec2 outTexCoords;
06-05 04:28:45.935 E/SurfaceFlinger( 1320): void main(void) {
06-05 04:28:45.935 E/SurfaceFlinger( 1320):     gl_FragColor = texture2D(sampler, outTexCoords);
06-05 04:28:45.935 E/SurfaceFlinger( 1320):     gl_FragColor.a = 1.0;
06-05 04:28:45.935 E/SurfaceFlinger( 1320): }
06-05 04:28:45.935 E/SurfaceFlinger( 1320): 
06-05 04:28:45.935 E/SurfaceFlinger( 1320): \F6\FF\FF\FF\FF\FF\FF\FF\9FA\DDvx
06-05 04:28:45.935 E/SurfaceFlinger( 1320): Error while linking shaders:
06-05 04:28:45.935 E/SurfaceFlinger( 1320): Error while compiling shader: 
06-05 04:28:45.935 E/SurfaceFlinger( 1320): attribute vec4 texCoords;
06-05 04:28:45.935 E/SurfaceFlinger( 1320): varying vec2 outTexCoords;
06-05 04:28:45.935 E/SurfaceFlinger( 1320): attribute vec4 position;
06-05 04:28:45.935 E/SurfaceFlinger( 1320): uniform mat4 projection;
06-05 04:28:45.935 E/SurfaceFlinger( 1320): uniform mat4 texture;
06-05 04:28:45.935 E/SurfaceFlinger( 1320): void main(void) {
06-05 04:28:45.935 E/SurfaceFlinger( 1320):     gl_Position = projection * position;
06-05 04:28:45.935 E/SurfaceFlinger( 1320):     outTexCoords = (texture * texCoords).st;
06-05 04:28:45.935 E/SurfaceFlinger( 1320): }
06-05 04:28:45.935 E/SurfaceFlinger( 1320): 
06-05 04:28:45.935 E/SurfaceFlinger( 1320): \F6\FF\FF\FF\FF\FF\FF\FF\9FA\DDvx
06-05 04:28:45.935 E/SurfaceFlinger( 1320): Error while compiling shader: 
06-05 04:28:45.935 E/SurfaceFlinger( 1320): #extension GL_OES_EGL_image_external : require
06-05 04:28:45.935 E/SurfaceFlinger( 1320): precision mediump float;
06-05 04:28:45.935 E/SurfaceFlinger( 1320): uniform samplerExternalOES sampler;
06-05 04:28:45.935 E/SurfaceFlinger( 1320): varying vec2 outTexCoords;
06-05 04:28:45.935 E/SurfaceFlinger( 1320): void main(void) {
06-05 04:28:45.935 E/SurfaceFlinger( 1320):     gl_FragColor = texture2D(sampler, outTexCoords);
06-05 04:28:45.935 E/SurfaceFlinger( 1320):     gl_FragColor.a = 1.0;
06-05 04:28:45.935 E/SurfaceFlinger( 1320): }
06-05 04:28:45.935 E/SurfaceFlinger( 1320): 
06-05 04:28:45.935 E/SurfaceFlinger( 1320): \F6\FF\FF\FF\FF\FF\FF\FF\9FA\DDvx
06-05 04:28:45.935 E/SurfaceFlinger( 1320): Error while linking shaders:
06-05 04:28:45.935 E/SurfaceFlinger( 1320): Error while compiling shader: 
06-05 04:28:45.935 E/SurfaceFlinger( 1320): attribute vec4 texCoords;
06-05 04:28:45.935 E/SurfaceFlinger( 1320): varying vec2 outTexCoords;
06-05 04:28:45.935 E/SurfaceFlinger( 1320): attribute vec4 position;
06-05 04:28:45.935 E/SurfaceFlinger( 1320): uniform mat4 projection;
06-05 04:28:45.935 E/SurfaceFlinger( 1320): uniform mat4 texture;
06-05 04:28:45.935 E/SurfaceFlinger( 1320): void main(void) {
06-05 04:28:45.935 E/SurfaceFlinger( 1320):     gl_Position = projection * position;
06-05 04:28:45.935 E/SurfaceFlinger( 1320):     outTexCoords = (texture * texCoords).st;
06-05 04:28:45.935 E/SurfaceFlinger( 1320): }
06-05 04:28:45.935 E/SurfaceFlinger( 1320): 
06-05 04:28:45.935 E/SurfaceFlinger( 1320): \F6\FF\FF\FF\FF\FF\FF\FF\9FA\DDvx
06-05 04:28:45.935 E/SurfaceFlinger( 1320): Error while compiling shader: 
06-05 04:28:45.935 E/SurfaceFlinger( 1320): #extension GL_OES_EGL_image_external : require
06-05 04:28:45.935 E/SurfaceFlinger( 1320): precision mediump float;
06-05 04:28:45.935 E/SurfaceFlinger( 1320): uniform samplerExternalOES sampler;
06-05 04:28:45.935 E/SurfaceFlinger( 1320): varying vec2 outTexCoords;
06-05 04:28:45.935 E/SurfaceFlinger( 1320): uniform float alphaPlane;
06-05 04:28:45.935 E/SurfaceFlinger( 1320): void main(void) {
06-05 04:28:45.935 E/SurfaceFlinger( 1320):     gl_FragColor = texture2D(sampler, outTexCoords);
06-05 04:28:45.935 E/SurfaceFlinger( 1320):     gl_FragColor.a *= alphaPlane;
06-05 04:28:45.935 E/SurfaceFlinger( 1320): }
06-05 04:28:45.935 E/SurfaceFlinger( 1320): 
06-05 04:28:45.935 E/SurfaceFlinger( 1320): \F6\FF\FF\FF\FF\FF\FF\FF\9FA\DDvx
06-05 04:28:45.935 E/SurfaceFlinger( 1320): Error while linking shaders:
06-05 04:28:45.936 E/SurfaceFlinger( 1320): Error while compiling shader: 
06-05 04:28:45.936 E/SurfaceFlinger( 1320): attribute vec4 texCoords;
06-05 04:28:45.936 E/SurfaceFlinger( 1320): varying vec2 outTexCoords;
06-05 04:28:45.936 E/SurfaceFlinger( 1320): attribute vec4 position;
06-05 04:28:45.936 E/SurfaceFlinger( 1320): uniform mat4 projection;
06-05 04:28:45.936 E/SurfaceFlinger( 1320): uniform mat4 texture;
06-05 04:28:45.936 E/SurfaceFlinger( 1320): void main(void) {
06-05 04:28:45.936 E/SurfaceFlinger( 1320):     gl_Position = projection * position;
06-05 04:28:45.936 E/SurfaceFlinger( 1320):     outTexCoords = (texture * texCoords).st;
06-05 04:28:45.936 E/SurfaceFlinger( 1320): }
06-05 04:28:45.936 E/SurfaceFlinger( 1320): 
06-05 04:28:45.936 E/SurfaceFlinger( 1320): \F6\FF\FF\FF\FF\FF\FF\FF\9FA\DDvx
06-05 04:28:45.936 E/SurfaceFlinger( 1320): Error while compiling shader: 
06-05 04:28:45.936 E/SurfaceFlinger( 1320): #extension GL_OES_EGL_image_external : require
06-05 04:28:45.936 E/SurfaceFlinger( 1320): precision mediump float;
06-05 04:28:45.936 E/SurfaceFlinger( 1320): uniform samplerExternalOES sampler;
06-05 04:28:45.936 E/SurfaceFlinger( 1320): varying vec2 outTexCoords;
06-05 04:28:45.936 E/SurfaceFlinger( 1320): uniform float alphaPlane;
06-05 04:28:45.936 E/SurfaceFlinger( 1320): void main(void) {
06-05 04:28:45.936 E/SurfaceFlinger( 1320):     gl_FragColor = texture2D(sampler, outTexCoords);
06-05 04:28:45.936 E/SurfaceFlinger( 1320):     gl_FragColor *= alphaPlane;
06-05 04:28:45.936 E/SurfaceFlinger( 1320): }
06-05 04:28:45.936 E/SurfaceFlinger( 1320): 
06-05 04:28:45.936 E/SurfaceFlinger( 1320): \F6\FF\FF\FF\FF\FF\FF\FF\9FA\DDvx
06-05 04:28:45.936 E/SurfaceFlinger( 1320): Error while linking shaders:
06-05 04:28:45.936 E/SurfaceFlinger( 1320): Error while compiling shader: 
06-05 04:28:45.936 E/SurfaceFlinger( 1320): attribute vec4 texCoords;
06-05 04:28:45.936 E/SurfaceFlinger( 1320): varying vec2 outTexCoords;
06-05 04:28:45.936 E/SurfaceFlinger( 1320): attribute vec4 position;
06-05 04:28:45.936 E/SurfaceFlinger( 1320): uniform mat4 projection;
06-05 04:28:45.936 E/SurfaceFlinger( 1320): uniform mat4 texture;
06-05 04:28:45.936 E/SurfaceFlinger( 1320): void main(void) {
06-05 04:28:45.936 E/SurfaceFlinger( 1320):     gl_Position = projection * position;
06-05 04:28:45.936 E/SurfaceFlinger( 1320):     outTexCoords = (texture * texCoords).st;
06-05 04:28:45.936 E/SurfaceFlinger( 1320): }
06-05 04:28:45.936 E/SurfaceFlinger( 1320): 
06-05 04:28:45.936 E/SurfaceFlinger( 1320): \F6\FF\FF\FF\FF\FF\FF\FF\9FA\DDvx
06-05 04:28:45.936 E/SurfaceFlinger( 1320): Error while compiling shader: 
06-05 04:28:45.936 E/SurfaceFlinger( 1320): #extension GL_OES_EGL_image_external : require
06-05 04:28:45.936 E/SurfaceFlinger( 1320): precision mediump float;
06-05 04:28:45.936 E/SurfaceFlinger( 1320): uniform samplerExternalOES sampler;
06-05 04:28:45.936 E/SurfaceFlinger( 1320): varying vec2 outTexCoords;
06-05 04:28:45.936 E/SurfaceFlinger( 1320): uniform float alphaPlane;
06-05 04:28:45.936 E/SurfaceFlinger( 1320): void main(void) {
06-05 04:28:45.936 E/SurfaceFlinger( 1320):     gl_FragColor = texture2D(sampler, outTexCoords);
06-05 04:28:45.936 E/SurfaceFlinger( 1320):     gl_FragColor.a = 1.0;
06-05 04:28:45.936 E/SurfaceFlinger( 1320):     gl_FragColor.a *= alphaPlane;
06-05 04:28:45.936 E/SurfaceFlinger( 1320): }
06-05 04:28:45.936 E/SurfaceFlinger( 1320): 
06-05 04:28:45.936 E/SurfaceFlinger( 1320): \F6\FF\FF\FF\FF\FF\FF\FF\9FA\DDvx
06-05 04:28:45.936 E/SurfaceFlinger( 1320): Error while linking shaders:
06-05 04:28:45.936 E/SurfaceFlinger( 1320): Error while compiling shader: 
06-05 04:28:45.936 E/SurfaceFlinger( 1320): attribute vec4 texCoords;
06-05 04:28:45.936 E/SurfaceFlinger( 1320): varying vec2 outTexCoords;
06-05 04:28:45.936 E/SurfaceFlinger( 1320): attribute vec4 position;
06-05 04:28:45.936 E/SurfaceFlinger( 1320): uniform mat4 projection;
06-05 04:28:45.936 E/SurfaceFlinger( 1320): uniform mat4 texture;
06-05 04:28:45.936 E/SurfaceFlinger( 1320): void main(void) {
06-05 04:28:45.936 E/SurfaceFlinger( 1320):     gl_Position = projection * position;
06-05 04:28:45.936 E/SurfaceFlinger( 1320):     outTexCoords = (texture * texCoords).st;
06-05 04:28:45.936 E/SurfaceFlinger( 1320): }
06-05 04:28:45.936 E/SurfaceFlinger( 1320): 
06-05 04:28:45.936 E/SurfaceFlinger( 1320): \F6\FF\FF\FF\FF\FF\FF\FF\9FA\DDvx
06-05 04:28:45.936 E/SurfaceFlinger( 1320): Error while compiling shader: 
06-05 04:28:45.936 E/SurfaceFlinger( 1320): #extension GL_OES_EGL_image_external : require
06-05 04:28:45.936 E/SurfaceFlinger( 1320): precision mediump float;
06-05 04:28:45.936 E/SurfaceFlinger( 1320): uniform samplerExternalOES sampler;
06-05 04:28:45.936 E/SurfaceFlinger( 1320): varying vec2 outTexCoords;
06-05 04:28:45.936 E/SurfaceFlinger( 1320): uniform float alphaPlane;
06-05 04:28:45.936 E/SurfaceFlinger( 1320): void main(void) {
06-05 04:28:45.936 E/SurfaceFlinger( 1320):     gl_FragColor = texture2D(sampler, outTexCoords);
06-05 04:28:45.936 E/SurfaceFlinger( 1320):     gl_FragColor.a = 1.0;
06-05 04:28:45.936 E/SurfaceFlinger( 1320):     gl_FragColor *= alphaPlane;
06-05 04:28:45.936 E/SurfaceFlinger( 1320): }
06-05 04:28:45.936 E/SurfaceFlinger( 1320): 
06-05 04:28:45.936 E/SurfaceFlinger( 1320): \F6\FF\FF\FF\FF\FF\FF\FF\9FA\DDvx
06-05 04:28:45.936 E/SurfaceFlinger( 1320): Error while linking shaders:
06-05 04:28:45.936 E/SurfaceFlinger( 1320): Error while compiling shader: 
06-05 04:28:45.936 E/SurfaceFlinger( 1320): attribute vec4 texCoords;
06-05 04:28:45.936 E/SurfaceFlinger( 1320): varying vec2 outTexCoords;
06-05 04:28:45.936 E/SurfaceFlinger( 1320): attribute vec4 position;
06-05 04:28:45.936 E/SurfaceFlinger( 1320): uniform mat4 projection;
06-05 04:28:45.936 E/SurfaceFlinger( 1320): uniform mat4 texture;
06-05 04:28:45.936 E/SurfaceFlinger( 1320): void main(void) {
06-05 04:28:45.936 E/SurfaceFlinger( 1320):     gl_Position = projection * position;
06-05 04:28:45.936 E/SurfaceFlinger( 1320):     outTexCoords = (texture * texCoords).st;
06-05 04:28:45.936 E/SurfaceFlinger( 1320): }
06-05 04:28:45.936 E/SurfaceFlinger( 1320): 
06-05 04:28:45.936 E/SurfaceFlinger( 1320): \F6\FF\FF\FF\FF\FF\FF\FF\9FA\DDvx
06-05 04:28:45.936 E/SurfaceFlinger( 1320): Error while compiling shader: 
06-05 04:28:45.936 E/SurfaceFlinger( 1320): precision mediump float;
06-05 04:28:45.936 E/SurfaceFlinger( 1320): uniform sampler2D sampler;
06-05 04:28:45.936 E/SurfaceFlinger( 1320): varying vec2 outTexCoords;
06-05 04:28:45.936 E/SurfaceFlinger( 1320): void main(void) {
06-05 04:28:45.936 E/SurfaceFlinger( 1320):     gl_FragColor = texture2D(sampler, outTexCoords);
06-05 04:28:45.936 E/SurfaceFlinger( 1320): }
06-05 04:28:45.936 E/SurfaceFlinger( 1320): 
06-05 04:28:45.936 E/SurfaceFlinger( 1320): \F6\FF\FF\FF\FF\FF\FF\FF\9FA\DDvx
06-05 04:28:45.936 E/SurfaceFlinger( 1320): Error while linking shaders:
06-05 04:28:45.937 E/SurfaceFlinger( 1320): Error while compiling shader: 
06-05 04:28:45.937 E/SurfaceFlinger( 1320): attribute vec4 texCoords;
06-05 04:28:45.937 E/SurfaceFlinger( 1320): varying vec2 outTexCoords;
06-05 04:28:45.937 E/SurfaceFlinger( 1320): attribute vec4 position;
06-05 04:28:45.937 E/SurfaceFlinger( 1320): uniform mat4 projection;
06-05 04:28:45.937 E/SurfaceFlinger( 1320): uniform mat4 texture;
06-05 04:28:45.937 E/SurfaceFlinger( 1320): void main(void) {
06-05 04:28:45.937 E/SurfaceFlinger( 1320):     gl_Position = projection * position;
06-05 04:28:45.937 E/SurfaceFlinger( 1320):     outTexCoords = (texture * texCoords).st;
06-05 04:28:45.937 E/SurfaceFlinger( 1320): }
06-05 04:28:45.937 E/SurfaceFlinger( 1320): 
06-05 04:28:45.937 E/SurfaceFlinger( 1320): \F6\FF\FF\FF\FF\FF\FF\FF\9FA\DDvx
06-05 04:28:45.937 E/SurfaceFlinger( 1320): Error while compiling shader: 
06-05 04:28:45.937 E/SurfaceFlinger( 1320): precision mediump float;
06-05 04:28:45.937 E/SurfaceFlinger( 1320): uniform sampler2D sampler;
06-05 04:28:45.937 E/SurfaceFlinger( 1320): varying vec2 outTexCoords;
06-05 04:28:45.937 E/SurfaceFlinger( 1320): void main(void) {
06-05 04:28:45.937 E/SurfaceFlinger( 1320):     gl_FragColor = texture2D(sampler, outTexCoords);
06-05 04:28:45.937 E/SurfaceFlinger( 1320): }
06-05 04:28:45.937 E/SurfaceFlinger( 1320): 
06-05 04:28:45.937 E/SurfaceFlinger( 1320): \F6\FF\FF\FF\FF\FF\FF\FF\9FA\DDvx
06-05 04:28:45.937 E/SurfaceFlinger( 1320): Error while linking shaders:
06-05 04:28:45.937 E/SurfaceFlinger( 1320): Error while compiling shader: 
06-05 04:28:45.937 E/SurfaceFlinger( 1320): attribute vec4 texCoords;
06-05 04:28:45.937 E/SurfaceFlinger( 1320): varying vec2 outTexCoords;
06-05 04:28:45.937 E/SurfaceFlinger( 1320): attribute vec4 position;
06-05 04:28:45.937 E/SurfaceFlinger( 1320): uniform mat4 projection;
06-05 04:28:45.937 E/SurfaceFlinger( 1320): uniform mat4 texture;
06-05 04:28:45.937 E/SurfaceFlinger( 1320): void main(void) {
06-05 04:28:45.937 E/SurfaceFlinger( 1320):     gl_Position = projection * position;
06-05 04:28:45.937 E/SurfaceFlinger( 1320):     outTexCoords = (texture * texCoords).st;
06-05 04:28:45.937 E/SurfaceFlinger( 1320): }
06-05 04:28:45.937 E/SurfaceFlinger( 1320): 
06-05 04:28:45.937 E/SurfaceFlinger( 1320): \F6\FF\FF\FF\FF\FF\FF\FF\9FA\DDvx
06-05 04:28:45.937 E/SurfaceFlinger( 1320): Error while compiling shader: 
06-05 04:28:45.937 E/SurfaceFlinger( 1320): precision mediump float;
06-05 04:28:45.937 E/SurfaceFlinger( 1320): uniform sampler2D sampler;
06-05 04:28:45.937 E/SurfaceFlinger( 1320): varying vec2 outTexCoords;
06-05 04:28:45.937 E/SurfaceFlinger( 1320): void main(void) {
06-05 04:28:45.937 E/SurfaceFlinger( 1320):     gl_FragColor = texture2D(sampler, outTexCoords);
06-05 04:28:45.937 E/SurfaceFlinger( 1320):     gl_FragColor.a = 1.0;
06-05 04:28:45.937 E/SurfaceFlinger( 1320): }
06-05 04:28:45.937 E/SurfaceFlinger( 1320): 
06-05 04:28:45.937 E/SurfaceFlinger( 1320): \F6\FF\FF\FF\FF\FF\FF\FF\9FA\DDvx
06-05 04:28:45.937 E/SurfaceFlinger( 1320): Error while linking shaders:
06-05 04:28:45.937 E/SurfaceFlinger( 1320): Error while compiling shader: 
06-05 04:28:45.937 E/SurfaceFlinger( 1320): attribute vec4 texCoords;
06-05 04:28:45.937 E/SurfaceFlinger( 1320): varying vec2 outTexCoords;
06-05 04:28:45.937 E/SurfaceFlinger( 1320): attribute vec4 position;
06-05 04:28:45.937 E/SurfaceFlinger( 1320): uniform mat4 projection;
06-05 04:28:45.937 E/SurfaceFlinger( 1320): uniform mat4 texture;
06-05 04:28:45.937 E/SurfaceFlinger( 1320): void main(void) {
06-05 04:28:45.937 E/SurfaceFlinger( 1320):     gl_Position = projection * position;
06-05 04:28:45.937 E/SurfaceFlinger( 1320):     outTexCoords = (texture * texCoords).st;
06-05 04:28:45.937 E/SurfaceFlinger( 1320): }
06-05 04:28:45.937 E/SurfaceFlinger( 1320): 
06-05 04:28:45.937 E/SurfaceFlinger( 1320): \F6\FF\FF\FF\FF\FF\FF\FF\9FA\DDvx
06-05 04:28:45.937 E/SurfaceFlinger( 1320): Error while compiling shader: 
06-05 04:28:45.937 E/SurfaceFlinger( 1320): precision mediump float;
06-05 04:28:45.937 E/SurfaceFlinger( 1320): uniform sampler2D sampler;
06-05 04:28:45.937 E/SurfaceFlinger( 1320): varying vec2 outTexCoords;
06-05 04:28:45.937 E/SurfaceFlinger( 1320): void main(void) {
06-05 04:28:45.937 E/SurfaceFlinger( 1320):     gl_FragColor = texture2D(sampler, outTexCoords);
06-05 04:28:45.937 E/SurfaceFlinger( 1320):     gl_FragColor.a = 1.0;
06-05 04:28:45.937 E/SurfaceFlinger( 1320): }
06-05 04:28:45.937 E/SurfaceFlinger( 1320): 
06-05 04:28:45.937 E/SurfaceFlinger( 1320): \F6\FF\FF\FF\FF\FF\FF\FF\9FA\DDvx
06-05 04:28:45.937 E/SurfaceFlinger( 1320): Error while linking shaders:
06-05 04:28:45.937 E/SurfaceFlinger( 1320): Error while compiling shader: 
06-05 04:28:45.937 E/SurfaceFlinger( 1320): attribute vec4 texCoords;
06-05 04:28:45.937 E/SurfaceFlinger( 1320): varying vec2 outTexCoords;
06-05 04:28:45.937 E/SurfaceFlinger( 1320): attribute vec4 position;
06-05 04:28:45.937 E/SurfaceFlinger( 1320): uniform mat4 projection;
06-05 04:28:45.937 E/SurfaceFlinger( 1320): uniform mat4 texture;
06-05 04:28:45.937 E/SurfaceFlinger( 1320): void main(void) {
06-05 04:28:45.937 E/SurfaceFlinger( 1320):     gl_Position = projection * position;
06-05 04:28:45.937 E/SurfaceFlinger( 1320):     outTexCoords = (texture * texCoords).st;
06-05 04:28:45.937 E/SurfaceFlinger( 1320): }
06-05 04:28:45.937 E/SurfaceFlinger( 1320): 
06-05 04:28:45.937 E/SurfaceFlinger( 1320): \F6\FF\FF\FF\FF\FF\FF\FF\9FA\DDvx
06-05 04:28:45.937 E/SurfaceFlinger( 1320): Error while compiling shader: 
06-05 04:28:45.937 E/SurfaceFlinger( 1320): precision mediump float;
06-05 04:28:45.937 E/SurfaceFlinger( 1320): uniform sampler2D sampler;
06-05 04:28:45.937 E/SurfaceFlinger( 1320): varying vec2 outTexCoords;
06-05 04:28:45.937 E/SurfaceFlinger( 1320): uniform float alphaPlane;
06-05 04:28:45.937 E/SurfaceFlinger( 1320): void main(void) {
06-05 04:28:45.937 E/SurfaceFlinger( 1320):     gl_FragColor = texture2D(sampler, outTexCoords);
06-05 04:28:45.937 E/SurfaceFlinger( 1320):     gl_FragColor.a *= alphaPlane;
06-05 04:28:45.937 E/SurfaceFlinger( 1320): }
06-05 04:28:45.937 E/SurfaceFlinger( 1320): 
06-05 04:28:45.937 E/SurfaceFlinger( 1320): \F6\FF\FF\FF\FF\FF\FF\FF\9FA\DDvx
06-05 04:28:45.937 E/SurfaceFlinger( 1320): Error while linking shaders:
06-05 04:28:45.937 E/SurfaceFlinger( 1320): Error while compiling shader: 
06-05 04:28:45.937 E/SurfaceFlinger( 1320): attribute vec4 texCoords;
06-05 04:28:45.937 E/SurfaceFlinger( 1320): varying vec2 outTexCoords;
06-05 04:28:45.937 E/SurfaceFlinger( 1320): attribute vec4 position;
06-05 04:28:45.937 E/SurfaceFlinger( 1320): uniform mat4 projection;
06-05 04:28:45.937 E/SurfaceFlinger( 1320): uniform mat4 texture;
06-05 04:28:45.937 E/SurfaceFlinger( 1320): void main(void) {
06-05 04:28:45.937 E/SurfaceFlinger( 1320):     gl_Position = projection * position;
06-05 04:28:45.937 E/SurfaceFlinger( 1320):     outTexCoords = (texture * texCoords).st;
06-05 04:28:45.937 E/SurfaceFlinger( 1320): }
06-05 04:28:45.937 E/SurfaceFlinger( 1320): 
06-05 04:28:45.937 E/SurfaceFlinger( 1320): \F6\FF\FF\FF\FF\FF\FF\FF\9FA\DDvx
06-05 04:28:45.937 E/SurfaceFlinger( 1320): Error while compiling shader: 
06-05 04:28:45.937 E/SurfaceFlinger( 1320): precision mediump float;
06-05 04:28:45.937 E/SurfaceFlinger( 1320): uniform sampler2D sampler;
06-05 04:28:45.937 E/SurfaceFlinger( 1320): varying vec2 outTexCoords;
06-05 04:28:45.937 E/SurfaceFlinger( 1320): uniform float alphaPlane;
06-05 04:28:45.937 E/SurfaceFlinger( 1320): void main(void) {
06-05 04:28:45.937 E/SurfaceFlinger( 1320):     gl_FragColor = texture2D(sampler, outTexCoords);
06-05 04:28:45.937 E/SurfaceFlinger( 1320):     gl_FragColor *= alphaPlane;
06-05 04:28:45.937 E/SurfaceFlinger( 1320): }
06-05 04:28:45.937 E/SurfaceFlinger( 1320): 
06-05 04:28:45.937 E/SurfaceFlinger( 1320): \F6\FF\FF\FF\FF\FF\FF\FF\9FA\DDvx
06-05 04:28:45.937 E/SurfaceFlinger( 1320): Error while linking shaders:
06-05 04:28:45.938 E/SurfaceFlinger( 1320): Error while compiling shader: 
06-05 04:28:45.938 E/SurfaceFlinger( 1320): attribute vec4 texCoords;
06-05 04:28:45.938 E/SurfaceFlinger( 1320): varying vec2 outTexCoords;
06-05 04:28:45.938 E/SurfaceFlinger( 1320): attribute vec4 position;
06-05 04:28:45.938 E/SurfaceFlinger( 1320): uniform mat4 projection;
06-05 04:28:45.938 E/SurfaceFlinger( 1320): uniform mat4 texture;
06-05 04:28:45.938 E/SurfaceFlinger( 1320): void main(void) {
06-05 04:28:45.938 E/SurfaceFlinger( 1320):     gl_Position = projection * position;
06-05 04:28:45.938 E/SurfaceFlinger( 1320):     outTexCoords = (texture * texCoords).st;
06-05 04:28:45.938 E/SurfaceFlinger( 1320): }
06-05 04:28:45.938 E/SurfaceFlinger( 1320): 
06-05 04:28:45.938 E/SurfaceFlinger( 1320): \F6\FF\FF\FF\FF\FF\FF\FF\9FA\DDvx
06-05 04:28:45.938 E/SurfaceFlinger( 1320): Error while compiling shader: 
06-05 04:28:45.938 E/SurfaceFlinger( 1320): precision mediump float;
06-05 04:28:45.938 E/SurfaceFlinger( 1320): uniform sampler2D sampler;
06-05 04:28:45.938 E/SurfaceFlinger( 1320): varying vec2 outTexCoords;
06-05 04:28:45.938 E/SurfaceFlinger( 1320): uniform float alphaPlane;
06-05 04:28:45.938 E/SurfaceFlinger( 1320): void main(void) {
06-05 04:28:45.938 E/SurfaceFlinger( 1320):     gl_FragColor = texture2D(sampler, outTexCoords);
06-05 04:28:45.938 E/SurfaceFlinger( 1320):     gl_FragColor.a = 1.0;
06-05 04:28:45.938 E/SurfaceFlinger( 1320):     gl_FragColor.a *= alphaPlane;
06-05 04:28:45.938 E/SurfaceFlinger( 1320): }
06-05 04:28:45.938 E/SurfaceFlinger( 1320): 
06-05 04:28:45.938 E/SurfaceFlinger( 1320): \F6\FF\FF\FF\FF\FF\FF\FF\9FA\DDvx
06-05 04:28:45.938 E/SurfaceFlinger( 1320): Error while linking shaders:
06-05 04:28:45.938 E/SurfaceFlinger( 1320): Error while compiling shader: 
06-05 04:28:45.938 E/SurfaceFlinger( 1320): attribute vec4 texCoords;
06-05 04:28:45.938 E/SurfaceFlinger( 1320): varying vec2 outTexCoords;
06-05 04:28:45.938 E/SurfaceFlinger( 1320): attribute vec4 position;
06-05 04:28:45.938 E/SurfaceFlinger( 1320): uniform mat4 projection;
06-05 04:28:45.938 E/SurfaceFlinger( 1320): uniform mat4 texture;
06-05 04:28:45.938 E/SurfaceFlinger( 1320): void main(void) {
06-05 04:28:45.938 E/SurfaceFlinger( 1320):     gl_Position = projection * position;
06-05 04:28:45.938 E/SurfaceFlinger( 1320):     outTexCoords = (texture * texCoords).st;
06-05 04:28:45.938 E/SurfaceFlinger( 1320): }
06-05 04:28:45.938 E/SurfaceFlinger( 1320): 
06-05 04:28:45.938 E/SurfaceFlinger( 1320): \F6\FF\FF\FF\FF\FF\FF\FF\9FA\DDvx
06-05 04:28:45.938 E/SurfaceFlinger( 1320): Error while compiling shader: 
06-05 04:28:45.938 E/SurfaceFlinger( 1320): precision mediump float;
06-05 04:28:45.938 E/SurfaceFlinger( 1320): uniform sampler2D sampler;
06-05 04:28:45.938 E/SurfaceFlinger( 1320): varying vec2 outTexCoords;
06-05 04:28:45.938 E/SurfaceFlinger( 1320): uniform float alphaPlane;
06-05 04:28:45.938 E/SurfaceFlinger( 1320): void main(void) {
06-05 04:28:45.938 E/SurfaceFlinger( 1320):     gl_FragColor = texture2D(sampler, outTexCoords);
06-05 04:28:45.938 E/SurfaceFlinger( 1320):     gl_FragColor.a = 1.0;
06-05 04:28:45.938 E/SurfaceFlinger( 1320):     gl_FragColor *= alphaPlane;
06-05 04:28:45.938 E/SurfaceFlinger( 1320): }
06-05 04:28:45.938 E/SurfaceFlinger( 1320): 
06-05 04:28:45.938 E/SurfaceFlinger( 1320): \F6\FF\FF\FF\FF\FF\FF\FF\9FA\DDvx
06-05 04:28:45.938 E/SurfaceFlinger( 1320): Error while linking shaders:
06-05 04:28:45.970 D/SurfaceFlinger( 1320): shader cache generated - 24 shaders in 43.512245 ms
06-05 04:28:45.978 I/Netd    ( 1334): Netd 1.0 starting
06-05 04:28:46.020 D/SurfaceFlinger( 1320): Set power mode=2, type=0 flinger=0x781c76847000
06-05 04:28:46.038 D/TetherController( 1334): Setting IP forward enable = 0
06-05 04:28:49.958 I/mediaserver( 1331): ServiceManager: 0xf453c0a0
06-05 04:28:49.995 I/        ( 1325): sMaxFastTracks = 8
06-05 04:28:50.122 I/audioserver( 1325): ServiceManager: 0xe9e3c020
06-05 04:28:50.125 W/BatteryNotifier( 1325): batterystats service unavailable!
06-05 04:28:50.126 I/AudioFlinger( 1325): Using default 3000 mSec as standby time.
06-05 04:28:50.145 I/AudioPolicyService( 1325): AudioPolicyService CSTOR in new mode
06-05 04:28:50.181 I/mediacodec( 1330): @@@ mediacodecservice starting
06-05 04:28:50.212 W/        ( 1330): No seccomp filter defined for this architecture.
06-05 04:28:50.279 I/APM::ConfigParsingUtils( 1325): loadAudioPolicyConfig() loaded /system/etc/audio_policy.conf
06-05 04:28:50.624 D/audio_hw_generic( 1325): Emulator host-side ALSA audio emulation detected.
06-05 04:28:50.627 D/audio_hw_generic( 1325): mixer 0 name Master Playback Volume
06-05 04:28:50.627 D/audio_hw_generic( 1325): set ctl 0 to 100
06-05 04:28:50.628 D/audio_hw_generic( 1325): set ctl 1 to 100
06-05 04:28:50.629 D/audio_hw_generic( 1325): mixer 1 name Master Playback Switch
