06-05 04:32:22.538 I/Telecom ( 2596): WiredHeadsetManager: ACTION_HEADSET_PLUG event, plugged in: false, : WHC.oADA@AAE
06-05 04:32:22.545 W/WindowManager( 2596): Keyguard drawn timeout. Setting mKeyguardDrawComplete
06-05 04:32:22.588 I/Choreographer( 2596): Skipped 31 frames!  The application may be doing too much work on its main thread.
06-05 04:32:22.670 I/ActivityManager( 2596): user 0 is still locked. Cannot load recents
06-05 04:32:23.412 D/GpsNetInitiatedHandler( 2596): location enabled :true
06-05 04:32:23.528 D/CarrierConfigLoader( 3107): CarrierConfigLoader has started
06-05 04:32:23.610 W/WindowManager( 2596): Timeout waiting for drawn: undrawn=[Window{fc73181 u0 KeyguardScrim}]
06-05 04:32:23.618 E/BluetoothAdapter( 3107): Bluetooth binder is null
06-05 04:32:24.048 I/GnssLocationProvider( 2596): WakeLock released by handleMessage(13, 0, null)
06-05 04:32:24.761 W/WindowManager( 2596): Window freeze timeout expired.
06-05 04:32:24.762 W/WindowManager( 2596): Force clearing orientation change: Window{fc73181 u0 KeyguardScrim}
06-05 04:32:24.762 W/WindowManager( 2596): Force clearing orientation change: Window{9aa8917 u0 Application Not Responding: system}
06-05 04:32:25.076 I/Telephony( 3107): TtyManager: updateUiTtyMode -1 -> 0
06-05 04:32:25.337 W/System  ( 2872): ClassLoader referenced unknown path: 
06-05 04:32:25.338 W/System  ( 2872): ClassLoader referenced unknown path: /system/priv-app/Dialer/lib/x86_64
06-05 04:32:25.343 I/Choreographer( 2596): Skipped 135 frames!  The application may be doing too much work on its main thread.
06-05 04:32:25.433 D/ApplicationLoaders( 2872): ignored Vulkan layer search path /system/priv-app/Dialer/lib/x86_64:/system/lib64:/vendor/lib64 for namespace 0x7965fd51c0f0
06-05 04:32:25.600 D/AccessibilityManagerService( 2596): Ignoring non-encryption-aware service ComponentInfo{com.example.android.apis/com.example.android.apis.accessibility.ClockBackService}
06-05 04:32:25.601 D/AccessibilityManagerService( 2596): Ignoring non-encryption-aware service ComponentInfo{com.example.android.apis/com.example.android.apis.accessibility.MagnificationService}
06-05 04:32:25.601 D/AccessibilityManagerService( 2596): Ignoring non-encryption-aware service ComponentInfo{com.example.android.apis/com.example.android.apis.accessibility.TaskBackService}
06-05 04:32:26.574 D/AlarmManagerService( 2596): Kernel timezone updated to 0 minutes west of GMT
06-05 04:32:26.772 D/AlarmManagerService( 2596): Setting time of day to sec=1591331546
06-05 04:32:26.992 W/AlarmManagerService( 2596): Unable to set rtc to 1591331546: No such device
06-05 04:32:27.633 I/Choreographer( 2596): Skipped 49 frames!  The application may be doing too much work on its main thread.
06-05 04:32:28.142 W/VibratorService( 2596): Tried to stop vibrating but there is no vibrator device.
06-05 04:32:28.777 E/BluetoothAdapter( 2872): Bluetooth binder is null
06-05 04:32:29.053 W/ActivityManager( 2596): Slow operation: 430ms so far, now at startProcess: returned from zygote!
06-05 04:32:29.053 W/ActivityManager( 2596): Slow operation: 436ms so far, now at startProcess: done updating battery stats
06-05 04:32:29.217 W/ActivityManager( 2596): Slow operation: 479ms so far, now at startProcess: building log message
06-05 04:32:29.217 I/ActivityManager( 2596): Start proc 3233:com.android.cellbroadcastreceiver/u0a4 for broadcast com.android.cellbroadcastreceiver/.CellBroadcastReceiver
06-05 04:32:29.217 W/ActivityManager( 2596): Slow operation: 600ms so far, now at startProcess: starting to update pids map
06-05 04:32:29.218 W/ActivityManager( 2596): Slow operation: 601ms so far, now at startProcess: done updating pids map
06-05 04:32:29.218 W/ActivityManager( 2596): Slow operation: 646ms so far, now at startProcess: done starting proc!
06-05 04:32:29.313 W/art     ( 2596): Long monitor contention with owner main (2596) at void com.android.server.am.BroadcastQueue.processNextBroadcast(boolean)(BroadcastQueue.java:760) waiters=1 in int com.android.server.am.ActivityManagerService.broadcastIntent(android.app.IApplicationThread, android.content.Intent, java.lang.String, android.content.IIntentReceiver, int, java.lang.String, android.os.Bundle, java.lang.String[], int, android.os.Bundle, boolean, boolean, int) for 685ms
06-05 04:32:29.333 W/art     ( 2596): Long monitor contention with owner main (2596) at void com.android.server.am.BroadcastQueue.processNextBroadcast(boolean)(BroadcastQueue.java:760) waiters=0 in void com.android.server.am.ActivityManagerService.dispatchUidsChanged() for 716ms
06-05 04:32:29.358 W/art     ( 2596): Long monitor contention with owner main (2596) at void com.android.server.am.BroadcastQueue.processNextBroadcast(boolean)(BroadcastQueue.java:760) waiters=2 in android.content.pm.UserInfo com.android.server.am.UserController.getCurrentUser() for 579ms
06-05 04:32:29.360 W/art     ( 2596): Long monitor contention with owner main (2596) at void com.android.server.am.BroadcastQueue.processNextBroadcast(boolean)(BroadcastQueue.java:760) waiters=3 in android.app.IActivityManager$ContentProviderHolder com.android.server.am.ActivityManagerService.getContentProviderImpl(android.app.IApplicationThread, java.lang.String, android.os.IBinder, boolean, int) for 346ms
06-05 04:32:29.766 W/art     ( 3233): Unexpected CPU variant for X86 using defaults: x86_64
06-05 04:32:30.637 D/ConditionProviders.SCP( 2596): onReceive android.intent.action.TIME_SET
06-05 04:32:30.638 D/ConditionProviders.SCP( 2596): notifyCondition condition://android/schedule?days=6.7&start=23.30&end=10.0&exitAtAlarm=false STATE_FALSE reason=!meetsSchedule
06-05 04:32:30.639 D/ConditionProviders.SCP( 2596): notifyCondition condition://android/schedule?days=1.2.3.4.5&start=22.0&end=7.0&exitAtAlarm=false STATE_TRUE reason=meetsSchedule
06-05 04:32:30.641 D/ConditionProviders.SCP( 2596): Scheduling evaluate for Fri Jun 05 07:00:00 UTC 2020 (1591340400000), in +2h27m29s363ms, now=Fri Jun 05 04:32:30 UTC 2020 (1591331550637)
06-05 04:32:30.662 I/CameraManagerGlobal( 2872): Connecting to camera service
06-05 04:32:31.227 V/EmulatedCamera_Camera( 1326): getCameraInfo
06-05 04:32:31.229 V/EmulatedCamera_BaseCamera( 1326): getCameraInfo
06-05 04:32:31.229 I/CameraService( 1326): getCameraCharacteristics: Switching to HAL1 shim implementation...
06-05 04:32:31.229 V/EmulatedCamera_Camera( 1326): getCameraInfo
06-05 04:32:31.229 V/EmulatedCamera_BaseCamera( 1326): getCameraInfo
06-05 04:32:31.232 I/CameraService( 1326): CameraService::connect call (PID -1 "cameraserver", camera ID 0) for HAL version default and Camera API version 1
06-05 04:32:31.310 E/CameraService( 1326): getCameraPriorityFromProcState: Received invalid process state -1 from ActivityManagerService!
06-05 04:32:31.311 V/EmulatedCamera_Camera( 1326): getCameraInfo
06-05 04:32:31.311 V/EmulatedCamera_BaseCamera( 1326): getCameraInfo
06-05 04:32:32.283 E/WVMExtractor( 1333): Failed to open libwvm.so: dlopen failed: library "libwvm.so" not found
06-05 04:32:32.627 E/GnssLocationProvider( 2596): no AGPS interface in set_agps_server
06-05 04:32:32.630 I/GnssLocationProvider( 2596): WakeLock released by handleMessage(2, 1, null)
06-05 04:32:33.500 D/NuPlayerDriver( 1333): notifyListener_l(0xf2a13120), (1, 0, 0), loop setting(0, 0)
06-05 04:32:33.640 D/PhoneSwitcherNetworkRequstListener( 3107): got request NetworkRequest [ REQUEST id=1, [ Capabilities: INTERNET&NOT_RESTRICTED&TRUSTED&NOT_VPN] ] with score 0
06-05 04:32:33.769 D/TelephonyDebugService( 3107): TelephonyDebugService()
06-05 04:32:33.817 D/CarrierConfigLoader( 3107): mHandler: 12 phoneId: 0
06-05 04:32:33.914 D/NuPlayerDriver( 1333): notifyListener_l(0xf4228e40), (1, 0, 0), loop setting(0, 0)
06-05 04:32:34.456 D/NuPlayerDriver( 1333): notifyListener_l(0xf4228d80), (1, 0, 0), loop setting(0, 0)
06-05 04:32:34.543 I/CameraFlashlight( 1326): Opening camera 0
06-05 04:32:34.543 V/EmulatedCamera_Camera( 1326): getCameraInfo
06-05 04:32:34.543 V/EmulatedCamera_BaseCamera( 1326): getCameraInfo
06-05 04:32:34.545 V/EmulatedCamera_Camera( 1326): connectCamera
06-05 04:32:34.545 V/EmulatedCamera_FakeDevice( 1326): connectDevice
06-05 04:32:34.545 V/EmulatedCamera_CallbackNotifier( 1326): setCallbacks: 0xf0c96e80, 0xf0c96ed0, 0xf0c96ff0, 0xf0c97110 (0xf07c3320)
06-05 04:32:34.574 V/EmulatedCamera_CallbackNotifier( 1326): enableMessage: msg_type = 0xc0d
06-05 04:32:34.575 V/EmulatedCamera_CallbackNotifier( 1326):     CAMERA_MSG_ERROR
06-05 04:32:34.575 V/EmulatedCamera_CallbackNotifier( 1326):     CAMERA_MSG_FOCUS
06-05 04:32:34.575 V/EmulatedCamera_CallbackNotifier( 1326):     CAMERA_MSG_ZOOM
06-05 04:32:34.575 V/EmulatedCamera_CallbackNotifier( 1326):     CAMERA_MSG_PREVIEW_METADATA
06-05 04:32:34.575 V/EmulatedCamera_CallbackNotifier( 1326): **** Currently enabled messages:
06-05 04:32:34.575 V/EmulatedCamera_CallbackNotifier( 1326):     CAMERA_MSG_ERROR
06-05 04:32:34.575 V/EmulatedCamera_CallbackNotifier( 1326):     CAMERA_MSG_FOCUS
06-05 04:32:34.575 V/EmulatedCamera_CallbackNotifier( 1326):     CAMERA_MSG_ZOOM
06-05 04:32:34.575 V/EmulatedCamera_CallbackNotifier( 1326):     CAMERA_MSG_PREVIEW_METADATA
06-05 04:32:34.581 V/EmulatedCamera_CallbackNotifier( 1326): disableMessage: msg_type = 0xffff
06-05 04:32:34.581 V/EmulatedCamera_CallbackNotifier( 1326):     CAMERA_MSG_ERROR
06-05 04:32:34.581 V/EmulatedCamera_CallbackNotifier( 1326):     CAMERA_MSG_SHUTTER
06-05 04:32:34.581 V/EmulatedCamera_CallbackNotifier( 1326):     CAMERA_MSG_FOCUS
06-05 04:32:34.581 V/EmulatedCamera_CallbackNotifier( 1326):     CAMERA_MSG_ZOOM
06-05 04:32:34.581 V/EmulatedCamera_CallbackNotifier( 1326):     CAMERA_MSG_PREVIEW_FRAME
06-05 04:32:34.581 V/EmulatedCamera_CallbackNotifier( 1326):     CAMERA_MSG_VIDEO_FRAME
06-05 04:32:34.581 V/EmulatedCamera_CallbackNotifier( 1326):     CAMERA_MSG_POSTVIEW_FRAME
06-05 04:32:34.581 V/EmulatedCamera_CallbackNotifier( 1326):     CAMERA_MSG_RAW_IMAGE
06-05 04:32:34.581 V/EmulatedCamera_CallbackNotifier( 1326):     CAMERA_MSG_COMPRESSED_IMAGE
06-05 04:32:34.581 V/EmulatedCamera_CallbackNotifier( 1326):     CAMERA_MSG_RAW_IMAGE_NOTIFY
06-05 04:32:34.581 V/EmulatedCamera_CallbackNotifier( 1326):     CAMERA_MSG_PREVIEW_METADATA
06-05 04:32:34.581 V/EmulatedCamera_CallbackNotifier( 1326): **** Currently enabled messages:
06-05 04:32:34.582 V/EmulatedCamera_Preview( 1326): setPreviewWindow: current: 0x0 -> new: 0x0
06-05 04:32:34.582 V/EmulatedCamera_Camera( 1326): doStopPreview
06-05 04:32:34.589 V/EmulatedCamera_Camera( 1326): cancelPicture
06-05 04:32:34.589 V/EmulatedCamera_Camera( 1326): releaseCamera
06-05 04:32:34.589 V/EmulatedCamera_Camera( 1326): doStopPreview
06-05 04:32:34.589 V/EmulatedCamera_FakeDevice( 1326): disconnectDevice
06-05 04:32:34.589 W/EmulatedCamera_Device( 1326): Initialize: Emulated camera device is already initialized: mState = 1
06-05 04:32:34.589 D/EmulatedCamera_FakeCamera( 1326): Initialize: Fake camera is facing back
06-05 04:32:34.617 V/EmulatedCamera_Device( 1326): initializeWhiteBalanceModes with auto, 1.000000, 1.000000
06-05 04:32:34.655 V/EmulatedCamera_Device( 1326): initializeWhiteBalanceModes with incandescent, 1.380000, 0.600000
06-05 04:32:34.655 V/EmulatedCamera_Device( 1326): initializeWhiteBalanceModes with daylight, 1.090000, 0.920000
06-05 04:32:34.655 V/EmulatedCamera_Device( 1326): initializeWhiteBalanceModes with twilight, 0.920000, 1.220000
06-05 04:32:34.655 V/EmulatedCamera_Device( 1326): setWhiteBalanceMode with white balance auto
06-05 04:32:34.656 I/CameraFlashlight( 1326): Destroying camera 0
06-05 04:32:34.656 V/EmulatedCamera_Camera( 1326): closeCamera
06-05 04:32:34.656 V/EmulatedCamera_Camera( 1326): doStopPreview
06-05 04:32:34.656 W/EmulatedCamera_Device( 1326): Initialize: Emulated camera device is already initialized: mState = 1
06-05 04:32:34.656 D/EmulatedCamera_FakeCamera( 1326): Initialize: Fake camera is facing back
06-05 04:32:34.658 V/EmulatedCamera_Device( 1326): initializeWhiteBalanceModes with auto, 1.000000, 1.000000
06-05 04:32:34.658 V/EmulatedCamera_Device( 1326): initializeWhiteBalanceModes with incandescent, 1.380000, 0.600000
06-05 04:32:34.658 V/EmulatedCamera_Device( 1326): initializeWhiteBalanceModes with daylight, 1.090000, 0.920000
06-05 04:32:34.658 V/EmulatedCamera_Device( 1326): initializeWhiteBalanceModes with twilight, 0.920000, 1.220000
06-05 04:32:34.658 V/EmulatedCamera_Device( 1326): setWhiteBalanceMode with white balance auto
06-05 04:32:34.717 I/CameraService( 1326): disconnect: Disconnected client for camera 0 for PID 1326
06-05 04:32:34.719 D/NuPlayerDriver( 1333): reset(0xf2a13120) at state 4
06-05 04:32:34.778 D/NuPlayerDriver( 1333): notifyListener_l(0xf2a13120), (8, 0, 0), loop setting(0, 0)
06-05 04:32:34.825 D/NuPlayerDriver( 1333): notifyResetComplete(0xf2a13120)
06-05 04:32:34.956 D/NuPlayerDriver( 1333): reset(0xf4228e40) at state 4
06-05 04:32:34.957 D/NuPlayerDriver( 1333): notifyListener_l(0xf4228e40), (8, 0, 0), loop setting(0, 0)
06-05 04:32:34.957 D/NuPlayerDriver( 1333): notifyResetComplete(0xf4228e40)
06-05 04:32:35.029 D/NuPlayerDriver( 1333): reset(0xf4228d80) at state 4
06-05 04:32:35.030 D/NuPlayerDriver( 1333): notifyListener_l(0xf4228d80), (8, 0, 0), loop setting(0, 0)
06-05 04:32:35.097 D/NuPlayerDriver( 1333): notifyResetComplete(0xf4228d80)
06-05 04:32:35.121 V/EmulatedCamera_Camera( 1326): getCameraInfo
06-05 04:32:35.121 V/EmulatedCamera_BaseCamera( 1326): getCameraInfo
06-05 04:32:35.229 V/EmulatedCamera_Camera( 1326): getCameraInfo
06-05 04:32:35.229 V/EmulatedCamera_BaseCamera( 1326): getCameraInfo
06-05 04:32:36.280 I/StatusBar( 2872): isKeyguardShowing() called before startKeyguard(), returning true
06-05 04:32:36.283 W/StatusBar( 2872): isKeyguardSecure() called before startKeyguard(), returning false
06-05 04:32:36.283 W/StatusBar( 2872): java.lang.Throwable
06-05 04:32:36.283 W/StatusBar( 2872): 	at com.android.systemui.statusbar.BaseStatusBar.isKeyguardSecure(BaseStatusBar.java:2647)
06-05 04:32:36.283 W/StatusBar( 2872): 	at com.android.systemui.statusbar.BaseStatusBar.isCameraAllowedByAdmin(BaseStatusBar.java:2670)
06-05 04:32:36.283 W/StatusBar( 2872): 	at com.android.systemui.statusbar.phone.KeyguardBottomAreaView.updateCameraVisibility(KeyguardBottomAreaView.java:309)
06-05 04:32:36.283 W/StatusBar( 2872): 	at com.android.systemui.statusbar.phone.KeyguardBottomAreaView.setPhoneStatusBar(KeyguardBottomAreaView.java:272)
06-05 04:32:36.283 W/StatusBar( 2872): 	at com.android.systemui.statusbar.phone.PhoneStatusBar.makeStatusBarView(PhoneStatusBar.java:904)
06-05 04:32:36.283 W/StatusBar( 2872): 	at com.android.systemui.statusbar.phone.PhoneStatusBar.addStatusBarWindow(PhoneStatusBar.java:3432)
06-05 04:32:36.283 W/StatusBar( 2872): 	at com.android.systemui.statusbar.phone.PhoneStatusBar.createAndAddWindows(PhoneStatusBar.java:3428)
06-05 04:32:36.283 W/StatusBar( 2872): 	at com.android.systemui.statusbar.BaseStatusBar.start(BaseStatusBar.java:765)
06-05 04:32:36.283 W/StatusBar( 2872): 	at com.android.systemui.statusbar.phone.PhoneStatusBar.start(PhoneStatusBar.java:686)
06-05 04:32:36.283 W/StatusBar( 2872): 	at com.android.systemui.statusbar.SystemBars.createStatusBarFromConfig(SystemBars.java:106)
06-05 04:32:36.283 W/StatusBar( 2872): 	at com.android.systemui.statusbar.SystemBars.onNoService(SystemBars.java:58)
06-05 04:32:36.283 W/StatusBar( 2872): 	at com.android.systemui.statusbar.ServiceMonitor.startService(ServiceMonitor.java:230)
06-05 04:32:36.283 W/StatusBar( 2872): 	at com.android.systemui.statusbar.ServiceMonitor.-wrap5(ServiceMonitor.java)
06-05 04:32:36.283 W/StatusBar( 2872): 	at com.android.systemui.statusbar.ServiceMonitor$1.handleMessage(ServiceMonitor.java:73)
06-05 04:32:36.283 W/StatusBar( 2872): 	at android.os.Handler.dispatchMessage(Handler.java:102)
06-05 04:32:36.283 W/StatusBar( 2872): 	at android.os.Looper.loop(Looper.java:154)
06-05 04:32:36.283 W/StatusBar( 2872): 	at android.app.ActivityThread.main(ActivityThread.java:6119)
06-05 04:32:36.283 W/StatusBar( 2872): 	at java.lang.reflect.Method.invoke(Native Method)
06-05 04:32:36.283 W/StatusBar( 2872): 	at com.android.internal.os.ZygoteInit$MethodAndArgsCaller.run(ZygoteInit.java:886)
06-05 04:32:36.283 W/StatusBar( 2872): 	at com.android.internal.os.ZygoteInit.main(ZygoteInit.java:776)
06-05 04:32:36.336 I/StatusBar( 2872): isKeyguardShowing() called before startKeyguard(), returning true
06-05 04:32:36.338 W/StatusBar( 2872): isKeyguardSecure() called before startKeyguard(), returning false
06-05 04:32:36.338 W/StatusBar( 2872): java.lang.Throwable
06-05 04:32:36.338 W/StatusBar( 2872): 	at com.android.systemui.statusbar.BaseStatusBar.isKeyguardSecure(BaseStatusBar.java:2647)
06-05 04:32:36.338 W/StatusBar( 2872): 	at com.android.systemui.statusbar.BaseStatusBar.isCameraAllowedByAdmin(BaseStatusBar.java:2670)
06-05 04:32:36.338 W/StatusBar( 2872): 	at com.android.systemui.statusbar.phone.KeyguardBottomAreaView.updateCameraVisibility(KeyguardBottomAreaView.java:309)
06-05 04:32:36.338 W/StatusBar( 2872): 	at com.android.systemui.statusbar.phone.KeyguardBottomAreaView.setUserSetupComplete(KeyguardBottomAreaView.java:281)
06-05 04:32:36.338 W/StatusBar( 2872): 	at com.android.systemui.statusbar.phone.PhoneStatusBar.makeStatusBarView(PhoneStatusBar.java:905)
06-05 04:32:36.338 W/StatusBar( 2872): 	at com.android.systemui.statusbar.phone.PhoneStatusBar.addStatusBarWindow(PhoneStatusBar.java:3432)
06-05 04:32:36.338 W/StatusBar( 2872): 	at com.android.systemui.statusbar.phone.PhoneStatusBar.createAndAddWindows(PhoneStatusBar.java:3428)
06-05 04:32:36.338 W/StatusBar( 2872): 	at com.android.systemui.statusbar.BaseStatusBar.start(BaseStatusBar.java:765)
06-05 04:32:36.338 W/StatusBar( 2872): 	at com.android.systemui.statusbar.phone.PhoneStatusBar.start(PhoneStatusBar.java:686)
06-05 04:32:36.338 W/StatusBar( 2872): 	at com.android.systemui.statusbar.SystemBars.createStatusBarFromConfig(SystemBars.java:106)
06-05 04:32:36.338 W/StatusBar( 2872): 	at com.android.systemui.statusbar.SystemBars.onNoService(SystemBars.java:58)
06-05 04:32:36.338 W/StatusBar( 2872): 	at com.android.systemui.statusbar.ServiceMonitor.startService(ServiceMonitor.java:230)
06-05 04:32:36.338 W/StatusBar( 2872): 	at com.android.systemui.statusbar.ServiceMonitor.-wrap5(ServiceMonitor.java)
06-05 04:32:36.338 W/StatusBar( 2872): 	at com.android.systemui.statusbar.ServiceMonitor$1.handleMessage(ServiceMonitor.java:73)
06-05 04:32:36.338 W/StatusBar( 2872): 	at android.os.Handler.dispatchMessage(Handler.java:102)
06-05 04:32:36.338 W/StatusBar( 2872): 	at android.os.Looper.loop(Looper.java:154)
06-05 04:32:36.338 W/StatusBar( 2872): 	at android.app.ActivityThread.main(ActivityThread.java:6119)
06-05 04:32:36.338 W/StatusBar( 2872): 	at java.lang.reflect.Method.invoke(Native Method)
06-05 04:32:36.338 W/StatusBar( 2872): 	at com.android.internal.os.ZygoteInit$MethodAndArgsCaller.run(ZygoteInit.java:886)
06-05 04:32:36.338 W/StatusBar( 2872): 	at com.android.internal.os.ZygoteInit.main(ZygoteInit.java:776)
06-05 04:32:37.910 W/art     ( 2596): Long monitor contention with owner Binder:2596_1 (2630) at android.content.Intent com.android.server.am.ActivityManagerService.registerReceiver(android.app.IApplicationThread, java.lang.String, android.content.IIntentReceiver, android.content.IntentFilter, java.lang.String, int)(ActivityManagerService.java:17625) waiters=0 in void com.android.server.am.ActivityManagerService$3.handleMessage(android.os.Message) for 391ms
06-05 04:32:37.941 W/art     ( 3233): Long monitor contention with owner Binder:3233_1 (3250) at void android.os.MessageQueue.nativeWake(long)(MessageQueue.java:-2) waiters=0 in android.os.Message android.os.MessageQueue.next() for 1.921s
06-05 04:32:38.028 V/EmulatedCamera_Camera( 1326): getCameraInfo
06-05 04:32:38.028 V/EmulatedCamera_BaseCamera( 1326): getCameraInfo
06-05 04:32:38.073 V/EmulatedCamera_Camera( 1326): getCameraInfo
06-05 04:32:38.073 V/EmulatedCamera_BaseCamera( 1326): getCameraInfo
06-05 04:32:38.176 W/BroadcastQueue( 2596): Timeout of broadcast BroadcastRecord{d34dbdb u-1 android.intent.action.TIME_TICK} - receiver=android.os.BinderProxy@c63ad91, started 10010ms ago
06-05 04:32:38.177 W/BroadcastQueue( 2596): Receiver during timeout: BroadcastFilter{6e980f7 u0 ReceiverList{47944f6 2872 com.android.systemui/10021/u0 remote:c63ad91}}
06-05 04:32:38.692 W/ProcessCpuTracker( 2596): Skipping unknown process pid 3274
06-05 04:32:38.847 I/Process ( 2596): Sending signal. PID: 2872 SIG: 3
06-05 04:32:38.849 I/art     ( 2872): Thread[3,tid=2878,WaitingInMainSignalCatcherLoop,Thread*=0x7965f8c96400,peer=0x12c005e0,"Signal Catcher"]: reacting to signal 3
06-05 04:32:38.849 I/art     ( 2872): 
06-05 04:32:39.172 W/art     ( 2872): Suspending all threads took: 30.355ms
06-05 04:32:40.463 E/ActivityManager( 2596): ANR in com.android.systemui
06-05 04:32:40.463 E/ActivityManager( 2596): PID: 2872
06-05 04:32:40.463 E/ActivityManager( 2596): Reason: Broadcast of Intent { act=android.intent.action.TIME_TICK flg=0x50000014 (has extras) }
06-05 04:32:40.463 E/ActivityManager( 2596): Load: 0.0 / 0.0 / 0.0
06-05 04:32:40.463 E/ActivityManager( 2596): CPU usage from 23815ms to 0ms ago (2020-06-05 04:32:14.152 to 2020-06-05 04:32:38.181):
06-05 04:32:40.463 E/ActivityManager( 2596):   96% 1320/surfaceflinger: 28% user + 67% kernel / faults: 2 minor
06-05 04:32:40.463 E/ActivityManager( 2596):   29% 2596/system_server: 4.5% user + 25% kernel / faults: 4571 minor 41 major
06-05 04:32:40.463 E/ActivityManager( 2596):   20% 1685/bootanimation: 1.9% user + 18% kernel
06-05 04:32:40.463 E/ActivityManager( 2596):   19% 3122/com.android.settings: 5.3% user + 14% kernel / faults: 83 minor
06-05 04:32:40.463 E/ActivityManager( 2596):   7.7% 2872/com.android.systemui: 1.7% user + 5.9% kernel / faults: 2245 minor 8 major
06-05 04:32:40.463 E/ActivityManager( 2596):   4.3% 3107/com.android.phone: 0.9% user + 3.3% kernel / faults: 894 minor 15 major
06-05 04:32:40.463 E/ActivityManager( 2596):   1.2% 1333/mediaserver: 0% user + 1.2% kernel / faults: 133 minor 1 major
06-05 04:32:40.463 E/ActivityManager( 2596):   1% 2079/adbd: 0% user + 1% kernel / faults: 762 minor
06-05 04:32:40.463 E/ActivityManager( 2596):   0.7% 1319/servicemanager: 0% user + 0.7% kernel
06-05 04:32:40.463 E/ActivityManager( 2596):   0.7% 1332/media.extractor: 0% user + 0.7% kernel / faults: 22 minor
06-05 04:32:40.463 E/ActivityManager( 2596):   0.6% 8/rcu_preempt: 0% user + 0.6% kernel
06-05 04:32:40.463 E/ActivityManager( 2596):   0.6% 1325/audioserver: 0.1% user + 0.5% kernel
06-05 04:32:40.463 E/ActivityManager( 2596):   0.6% 1326/cameraserver: 0.1% user + 0.5% kernel / faults: 86 minor
06-05 04:32:40.463 E/ActivityManager( 2596):   0.2% 1266/logd: 0% user + 0.2% kernel / faults: 14 minor
06-05 04:32:40.463 E/ActivityManager( 2596):   0.2% 1323/zygote64: 0% user + 0.2% kernel / faults: 147 minor
06-05 04:32:40.463 E/ActivityManager( 2596):   0.2% 3/ksoftirqd/0: 0% user + 0.2% kernel
06-05 04:32:40.463 E/ActivityManager( 2596):   0.2% 2866/com.android.inputmethod.latin: 0% user + 0.2% kernel / faults: 18 minor
06-05 04:32:40.463 E/ActivityManager( 2596):   0.1% 1254/kworker/0:1H: 0% user + 0.1% kernel
06-05 04:32:40.463 E/ActivityManager( 2596):   0.1% 1264/jbd2/vdc-8: 0% user + 0.1% kernel
06-05 04:32:40.463 E/ActivityManager( 2596):   0.1% 1373/logcat: 0% user + 0.1% kernel
06-05 04:32:40.463 E/ActivityManager( 2596):   0% 12/ksoftirqd/1: 0% user + 0% kernel
06-05 04:32:40.463 E/ActivityManager( 2596):   0% 1336/rild: 0% user + 0% kernel / faults: 1 minor
06-05 04:32:40.463 E/ActivityManager( 2596):   0% 1//init: 0% user + 0% kernel
06-05 04:32:40.463 E/ActivityManager( 2596):   0% 17/kworker/u4:1: 0% user + 0% kernel
06-05 04:32:40.463 E/ActivityManager( 2596):   0% 673/kworker/1:1: 0% user + 0% kernel
06-05 04:32:40.463 E/ActivityManager( 2596):   0% 809/kworker/0:2: 0% user + 0% kernel
06-05 04:32:40.463 E/ActivityManager( 2596):   0% 1318/lmkd: 0% user + 0% kernel
06-05 04:32:40.463 E/ActivityManager( 2596):   0% 1329/keystore: 0% user + 0% kernel
06-05 04:32:40.463 E/ActivityManager( 2596):   0% 1334/netd: 0% user + 0% kernel / faults: 3 minor
06-05 04:32:40.463 E/ActivityManager( 2596):   0% 2387/hostapd: 0% user + 0% kernel
06-05 04:32:40.463 E/ActivityManager( 2596):  +0% 3233/com.android.cellbroadcastreceiver: 0% user + 0% kernel
06-05 04:32:40.463 E/ActivityManager( 2596): 100% TOTAL: 25% user + 72% kernel + 1.6% softirq
06-05 04:32:40.463 E/ActivityManager( 2596): CPU usage from 252967ms to 252967ms ago (1970-01-01 00:00:00.000 to 1970-01-01 00:00:00.000) with 0% awake:
06-05 04:32:40.463 E/ActivityManager( 2596): 0% TOTAL: 0% user + 0% kernel
06-05 04:32:40.650 I/ActivityManager( 2596): Killing 2872:com.android.systemui/u0a21 (adj -800): bg anr
06-05 04:32:40.772 W/ActivityManager( 2596): Timeout executing service: ServiceRecord{69575d1 u0 com.android.systemui/.keyguard.KeyguardService}
06-05 04:32:41.056 I/ActivityManager( 2596): Skipping duplicate ANR: ProcessRecord{ea4e9af 2872:com.android.systemui/u0a21} executing service com.android.systemui/.keyguard.KeyguardService
06-05 04:32:41.856 W/art     ( 2596): Suspending all threads took: 74.868ms
06-05 04:32:41.956 W/art     ( 2596): Long monitor contention with owner BackgroundDexOptService_PostBootUpdate (3261) at void com.android.server.power.PowerManagerService.acquireWakeLockInternal(android.os.IBinder, int, java.lang.String, java.lang.String, android.os.WorkSource, java.lang.String, int, int)(PowerManagerService.java:862) waiters=0 in void com.android.server.power.PowerManagerService.handleSandman() for 169ms
06-05 04:32:42.339 I/art     ( 2596): Background sticky concurrent mark sweep GC freed 19796(1725KB) AllocSpace objects, 9(1400KB) LOS objects, 27% free, 10MB/14MB, paused 103.291ms total 1.342s
06-05 04:32:43.236 E/ActivityThread( 3107): Failed to find provider info for com.android.contacts
06-05 04:32:43.237 W/CallerInfoCache( 3107): cursor is null
06-05 04:32:45.510 W/art     ( 3107): Long monitor contention with owner AsyncTask #2 (3215) at void android.os.MessageQueue.nativeWake(long)(MessageQueue.java:-2) waiters=0 in android.os.Message android.os.MessageQueue.next() for 2.269s
06-05 04:32:45.757 W/System  ( 3233): ClassLoader referenced unknown path: /system/priv-app/CellBroadcastReceiver/lib/x86_64
06-05 04:32:49.194 W/art     ( 2596): Long monitor contention with owner ConditionProviders.ECP (2842) at android.content.pm.ProviderInfo com.android.server.pm.PackageManagerService.resolveContentProvider(java.lang.String, int, int)(PackageManagerService.java:6460) waiters=0 in int com.android.server.pm.PackageManagerService.performDexOptInternal(java.lang.String, boolean, java.lang.String, boolean) for 1.185s
06-05 04:32:49.207 W/art     ( 2596): Long monitor contention with owner ConditionProviders.ECP (2842) at android.content.pm.ProviderInfo com.android.server.pm.PackageManagerService.resolveContentProvider(java.lang.String, int, int)(PackageManagerService.java:6460) waiters=1 in android.content.pm.PackageInfo com.android.server.pm.PackageManagerService.getPackageInfo(java.lang.String, int, int) for 737ms
06-05 04:32:50.535 W/WindowManager( 2596): ***** BOOT TIMEOUT: forcing display enabled
06-05 04:32:50.552 I/SurfaceFlinger( 1320): Boot is finished (245932 ms)
06-05 04:32:50.862 I/SystemServiceManager( 2596): Starting phase 1000
06-05 04:32:51.462 W/ActivityManager( 2596): Slow operation: 469ms so far, now at startProcess: returned from zygote!
06-05 04:32:51.463 W/ActivityManager( 2596): Slow operation: 469ms so far, now at startProcess: done updating battery stats
06-05 04:32:51.463 W/ActivityManager( 2596): Slow operation: 470ms so far, now at startProcess: building log message
06-05 04:32:51.465 I/ActivityManager( 2596): Start proc 3299:android.ext.services/u0a12 for on-hold
06-05 04:32:51.465 W/ActivityManager( 2596): Slow operation: 472ms so far, now at startProcess: starting to update pids map
06-05 04:32:51.466 W/ActivityManager( 2596): Slow operation: 473ms so far, now at startProcess: done updating pids map
06-05 04:32:51.605 D/ActivityManager( 2596): Finishing user boot 0
06-05 04:32:51.651 D/CryptdConnector( 2596): SND -> {3 cryptfs prepare_user_storage ! 0 0 2}
06-05 04:32:51.900 W/art     ( 3299): Unexpected CPU variant for X86 using defaults: x86_64
06-05 04:32:52.012 D/vold    ( 1276): e4crypt_prepare_user_storage for volume null, user 0, serial 0, flags 2
06-05 04:32:52.013 D/vold    ( 1276): Preparing: /data/system_ce/0
06-05 04:32:52.063 D/vold    ( 1276): Preparing: /data/misc_ce/0
06-05 04:32:52.064 D/vold    ( 1276): Preparing: /data/media/0
06-05 04:32:52.086 D/vold    ( 1276): Preparing: /data/data
06-05 04:32:52.098 D/CryptdConnector( 2596): RCV <- {200 3 Command succeeded}
06-05 04:32:52.111 V/UserManagerService( 2596): Found /data/user/0 with serial number 0
06-05 04:32:52.111 V/UserManagerService( 2596): Found /data/system_ce/0 with serial number 0
06-05 04:32:52.115 V/PackageManager( 2596): reconcileAppsData for null u0 0x2
06-05 04:32:52.767 D/ConnectivityService( 2596): ConnectivityService NetworkRequestInfo binderDied(NetworkRequest [ LISTEN id=5, [] ], android.os.BinderProxy@8eb4f43)
06-05 04:32:52.857 W/AudioService( 2596): Current remote volume controller died, unregistering
06-05 04:32:52.937 W/VolumeController( 2596): Error calling dismiss
06-05 04:32:52.937 W/VolumeController( 2596): android.os.DeadObjectException
06-05 04:32:52.937 W/VolumeController( 2596): 	at android.os.BinderProxy.transactNative(Native Method)
06-05 04:32:52.937 W/VolumeController( 2596): 	at android.os.BinderProxy.transact(Binder.java:615)
06-05 04:32:52.937 W/VolumeController( 2596): 	at android.media.IVolumeController$Stub$Proxy.dismiss(IVolumeController.java:162)
06-05 04:32:52.937 W/VolumeController( 2596): 	at com.android.server.audio.AudioService$VolumeController.postDismiss(AudioService.java:6138)
06-05 04:32:52.937 W/VolumeController( 2596): 	at com.android.server.audio.AudioService.setVolumeController(AudioService.java:5986)
06-05 04:32:52.937 W/VolumeController( 2596): 	at com.android.server.audio.AudioService$4.binderDied(AudioService.java:5995)
06-05 04:32:52.937 W/VolumeController( 2596): 	at android.os.BinderProxy.sendDeathNotice(Binder.java:688)
06-05 04:32:52.983 E/ConnectivityService( 2596): RemoteException caught trying to send a callback msg for NetworkRequest [ LISTEN id=5, [] ]
06-05 04:32:53.025 W/WallpaperManagerService( 2596): Wallpaper service gone: ComponentInfo{com.android.systemui/com.android.systemui.ImageWallpaper}
06-05 04:32:53.140 I/WindowManager( 2596): WIN DEATH: Window{da37ce4 u0 DockedStackDivider}
06-05 04:32:56.616 V/PackageManager( 2596): reconcileAppsData finished 81 packages
06-05 04:32:56.621 W/art     ( 2596): Long monitor contention with owner android.display (2669) at void com.android.server.am.ActivityManagerService.finishBooting()(ActivityManagerService.java:6823) waiters=0 in android.content.Intent com.android.server.am.ActivityManagerService.registerReceiver(android.app.IApplicationThread, java.lang.String, android.content.IIntentReceiver, android.content.IntentFilter, java.lang.String, int) for 5.510s
06-05 04:32:56.662 W/art     ( 2596): Long monitor contention with owner android.display (2669) at void com.android.server.am.ActivityManagerService.finishBooting()(ActivityManagerService.java:6823) waiters=1 in java.lang.String com.android.server.am.ActivityManagerService.checkContentProviderAccess(java.lang.String, int) for 5.362s
06-05 04:32:56.719 W/art     ( 2596): Long monitor contention with owner android.display (2669) at void com.android.server.am.ActivityManagerService.finishBooting()(ActivityManagerService.java:6823) waiters=2 in void com.android.server.am.BroadcastQueue.processNextBroadcast(boolean) for 5.100s
06-05 04:32:56.721 D/MountService( 2596): onUnlockUser 0
06-05 04:32:56.722 D/VoldConnector( 2596): SND -> {8 volume user_started 0}
06-05 04:32:56.735 W/art     ( 2596): Long monitor contention with owner android.display (2669) at void com.android.server.am.ActivityManagerService.finishBooting()(ActivityManagerService.java:6823) waiters=3 in void com.android.server.am.ActivityManagerService.monitor() for 4.681s
06-05 04:32:56.737 W/art     ( 2596): Long monitor contention with owner android.display (2669) at void com.android.server.am.ActivityManagerService.finishBooting()(ActivityManagerService.java:6823) waiters=4 in void com.android.server.am.ActivityManagerService.attachApplication(android.app.IApplicationThread) for 4.459s
06-05 04:32:56.833 D/vold    ( 1276): Linking /storage/emulated/0 to /mnt/user/0/primary
06-05 04:32:56.843 D/VoldConnector( 2596): RCV <- {200 8 Command succeeded}
06-05 04:32:56.875 D/MountService( 2596): Volume public:253,48 broadcasting mounted to UserHandle{0}
06-05 04:32:56.951 W/art     ( 2596): Long monitor contention with owner android.display (2669) at void com.android.server.am.ActivityManagerService.finishBooting()(ActivityManagerService.java:6823) waiters=5 in void com.android.server.am.ActivityManagerService$AppDeathRecipient.binderDied() for 3.950s
06-05 04:32:56.953 I/ActivityManager( 2596): Process com.android.systemui (pid 2872) has died
06-05 04:32:56.954 D/ActivityManager( 2596): cleanUpApplicationRecord -- 2872
06-05 04:32:57.022 W/ActivityManager( 2596): Scheduling restart of crashed service com.android.systemui/.ImageWallpaper in 0ms
06-05 04:32:57.026 W/ActivityManager( 2596): Scheduling restart of crashed service com.android.systemui/.keyguard.KeyguardService in 0ms
06-05 04:32:57.027 W/ActivityManager( 2596): Scheduling restart of crashed service com.android.systemui/.SystemUIService in 0ms
06-05 04:32:57.065 W/ActivityManager( 2596): Re-adding persistent process ProcessRecord{ea4e9af 2872:com.android.systemui/u0a21}
06-05 04:32:57.303 W/ActivityManager( 2596): Slow operation: 237ms so far, now at startProcess: returned from zygote!
06-05 04:32:57.303 W/ActivityManager( 2596): Slow operation: 237ms so far, now at startProcess: done updating battery stats
06-05 04:32:57.316 W/ActivityManager( 2596): Slow operation: 250ms so far, now at startProcess: building log message
06-05 04:32:57.316 I/ActivityManager( 2596): Start proc 3321:com.android.systemui/u0a21 for restart com.android.systemui
06-05 04:32:57.316 W/ActivityManager( 2596): Slow operation: 250ms so far, now at startProcess: starting to update pids map
06-05 04:32:57.316 W/ActivityManager( 2596): Slow operation: 250ms so far, now at startProcess: done updating pids map
06-05 04:32:57.392 W/art     ( 2596): Long monitor contention with owner android.display (2669) at void com.android.server.am.ActivityManagerService.finishBooting()(ActivityManagerService.java:6823) waiters=6 in void com.android.server.am.ActivityManagerService$3.handleMessage(android.os.Message) for 4.165s
06-05 04:32:57.413 W/art     ( 2596): Long monitor contention with owner android.display (2669) at void com.android.server.am.ActivityManagerService.finishBooting()(ActivityManagerService.java:6823) waiters=7 in void com.android.server.am.ActivityManagerService.publishContentProviders(android.app.IApplicationThread, java.util.List) for 3.555s
06-05 04:32:57.469 W/System  ( 3299): ClassLoader referenced unknown path: /system/priv-app/ExtServices/lib/x86_64
06-05 04:32:57.478 W/art     ( 2596): Long monitor contention with owner android.display (2669) at void com.android.server.am.ActivityManagerService.finishBooting()(ActivityManagerService.java:6823) waiters=8 in int com.android.server.am.PendingIntentRecord.sendInner(int, android.content.Intent, java.lang.String, android.content.IIntentReceiver, java.lang.String, android.os.IBinder, java.lang.String, int, int, int, android.os.Bundle, android.app.IActivityContainer) for 1.039s
06-05 04:32:57.515 W/art     ( 2596): Long monitor contention with owner android.display (2669) at void com.android.server.am.ActivityManagerService.updateConfiguration(android.content.res.Configuration)(ActivityManagerService.java:18937) waiters=7 in java.lang.String com.android.server.am.ActivityManagerService.checkContentProviderAccess(java.lang.String, int) for 832ms
06-05 04:32:57.542 W/art     ( 2596): Long monitor contention with owner android.display (2669) at void com.android.server.am.ActivityManagerService.updateConfiguration(android.content.res.Configuration)(ActivityManagerService.java:18937) waiters=8 in android.content.Intent com.android.server.am.ActivityManagerService.registerReceiver(android.app.IApplicationThread, java.lang.String, android.content.IIntentReceiver, android.content.IntentFilter, java.lang.String, int) for 840ms
06-05 04:32:57.548 W/art     ( 2596): Long monitor contention with owner Binder:2596_3 (2847) at void com.android.server.am.ActivityManagerService.attachApplication(android.app.IApplicationThread)(ActivityManagerService.java:6669) waiters=7 in boolean com.android.server.am.ActivityManagerService.isUserRunning(int, int) for 659ms
06-05 04:32:57.590 W/art     ( 2596): Long monitor contention with owner Binder:2596_3 (2847) at void com.android.server.am.ActivityManagerService.attachApplication(android.app.IApplicationThread)(ActivityManagerService.java:6669) waiters=6 in int com.android.server.am.ActivityManagerService.broadcastIntent(android.app.IApplicationThread, android.content.Intent, java.lang.String, android.content.IIntentReceiver, int, java.lang.String, android.os.Bundle, java.lang.String[], int, android.os.Bundle, boolean, boolean, int) for 671ms
06-05 04:32:57.596 W/art     ( 3321): Unexpected CPU variant for X86 using defaults: x86_64
06-05 04:32:57.985 W/ActivityManager( 2596): Slow operation: 392ms so far, now at startProcess: creating new process record
06-05 04:32:57.986 W/ActivityManager( 2596): Slow operation: 393ms so far, now at startProcess: done creating new process record
06-05 04:32:57.986 W/ActivityManager( 2596): Slow operation: 393ms so far, now at startProcess: stepping in to startProcess
06-05 04:32:58.029 W/WallpaperManagerService( 2596): Wallpaper reconnect timed out, reverting to built-in wallpaper!
06-05 04:32:58.190 W/art     ( 3336): Unexpected CPU variant for X86 using defaults: x86_64
06-05 04:32:58.195 W/ActivityManager( 2596): Slow operation: 208ms so far, now at startProcess: returned from zygote!
06-05 04:32:58.195 W/ActivityManager( 2596): Slow operation: 209ms so far, now at startProcess: done updating battery stats
06-05 04:32:58.195 W/ActivityManager( 2596): Slow operation: 209ms so far, now at startProcess: building log message
06-05 04:32:58.195 I/ActivityManager( 2596): Start proc 3336:com.android.providers.calendar/u0a2 for content provider com.android.providers.calendar/.CalendarProvider2
06-05 04:32:58.196 W/ActivityManager( 2596): Slow operation: 209ms so far, now at startProcess: starting to update pids map
06-05 04:32:58.196 W/ActivityManager( 2596): Slow operation: 210ms so far, now at startProcess: done updating pids map
06-05 04:32:58.196 W/ActivityManager( 2596): Slow operation: 603ms so far, now at startProcess: done starting proc!
06-05 04:32:58.196 W/ActivityManager( 2596): Slow operation: 622ms so far, now at getContentProviderImpl: after start process
06-05 04:32:58.196 W/ActivityManager( 2596): Slow operation: 622ms so far, now at getContentProviderImpl: updating data structures
06-05 04:32:58.197 W/ActivityManager( 2596): Slow operation: 623ms so far, now at getContentProviderImpl: done!
06-05 04:32:58.225 W/art     ( 2596): Long monitor contention with owner Binder:2596_3 (2847) at void com.android.server.am.ActivityManagerService.attachApplication(android.app.IApplicationThread)(ActivityManagerService.java:6669) waiters=8 in void com.android.server.am.ActivityManagerService.dispatchProcessesChanged() for 1.313s
06-05 04:32:58.269 W/art     ( 2596): Long monitor contention with owner ConditionProviders.ECP (2842) at android.app.IActivityManager$ContentProviderHolder com.android.server.am.ActivityManagerService.getContentProviderImpl(android.app.IApplicationThread, java.lang.String, android.os.IBinder, boolean, int)(ActivityManagerService.java:10666) waiters=3 in android.content.Intent com.android.server.am.ActivityManagerService.registerReceiver(android.app.IApplicationThread, java.lang.String, android.content.IIntentReceiver, android.content.IntentFilter, java.lang.String, int) for 679ms
06-05 04:32:58.270 W/art     ( 2596): Long monitor contention with owner ConditionProviders.ECP (2842) at android.app.IActivityManager$ContentProviderHolder com.android.server.am.ActivityManagerService.getContentProviderImpl(android.app.IApplicationThread, java.lang.String, android.os.IBinder, boolean, int)(ActivityManagerService.java:10666) waiters=3 in int com.android.server.am.ActivityManagerService.broadcastIntent(android.app.IApplicationThread, android.content.Intent, java.lang.String, android.content.IIntentReceiver, int, java.lang.String, android.os.Bundle, java.lang.String[], int, android.os.Bundle, boolean, boolean, int) for 680ms
06-05 04:32:58.285 W/art     ( 2596): Long monitor contention with owner ConditionProviders.ECP (2842) at android.app.IActivityManager$ContentProviderHolder com.android.server.am.ActivityManagerService.getContentProviderImpl(android.app.IApplicationThread, java.lang.String, android.os.IBinder, boolean, int)(ActivityManagerService.java:10666) waiters=3 in boolean com.android.server.am.ActivityManagerService.isUserRunning(int, int) for 695ms
06-05 04:32:58.289 D/MountService( 2596): Volume emulated broadcasting mounted to UserHandle{0}
06-05 04:32:58.298 W/art     ( 2596): Long monitor contention with owner ConditionProviders.ECP (2842) at android.app.IActivityManager$ContentProviderHolder com.android.server.am.ActivityManagerService.getContentProviderImpl(android.app.IApplicationThread, java.lang.String, android.os.IBinder, boolean, int)(ActivityManagerService.java:10666) waiters=6 in void com.android.server.am.ActivityManagerService.attachApplication(android.app.IApplicationThread) for 340ms
06-05 04:32:58.448 W/art     ( 2596): Long monitor contention with owner ConditionProviders.ECP (2842) at android.app.IActivityManager$ContentProviderHolder com.android.server.am.ActivityManagerService.getContentProviderImpl(android.app.IApplicationThread, java.lang.String, android.os.IBinder, boolean, int)(ActivityManagerService.java:10666) waiters=4 in void com.android.server.am.ActivityManagerService$3.handleMessage(android.os.Message) for 853ms
06-05 04:32:58.476 W/RichInputConnection( 2866): Slow InputConnection: GET_TEXT_BEFORE_CURSOR took 236 ms.
06-05 04:32:58.536 I/InputAttributes( 2866): InputType.TYPE_NULL is specified
06-05 04:32:58.806 W/art     ( 2596): Long monitor contention with owner Binder:2596_3 (2847) at void com.android.server.am.ActivityManagerService.attachApplication(android.app.IApplicationThread)(ActivityManagerService.java:6669) waiters=2 in com.android.server.am.ProcessRecord com.android.server.am.ActivityManagerService.findAppProcess(android.os.IBinder, java.lang.String) for 356ms
06-05 04:32:58.815 W/art     ( 2596): Long monitor contention with owner Binder:2596_3 (2847) at void com.android.server.am.ActivityManagerService.attachApplication(android.app.IApplicationThread)(ActivityManagerService.java:6669) waiters=3 in android.content.Intent com.android.server.am.ActivityManagerService.registerReceiver(android.app.IApplicationThread, java.lang.String, android.content.IIntentReceiver, android.content.IntentFilter, java.lang.String, int) for 280ms
06-05 04:32:58.845 W/art     ( 2596): Long monitor contention with owner Binder:2596_3 (2847) at void com.android.server.am.ActivityManagerService.attachApplication(android.app.IApplicationThread)(ActivityManagerService.java:6669) waiters=4 in void com.android.server.am.ActivityManagerService.dispatchUidsChanged() for 303ms
06-05 04:32:58.846 W/art     ( 2596): Long monitor contention with owner Binder:2596_1 (2630) at void com.android.server.am.ActivityManagerService.attachApplication(android.app.IApplicationThread)(ActivityManagerService.java:6669) waiters=4 in com.android.server.am.ProcessRecord com.android.server.am.ActivityManagerService.findAppProcess(android.os.IBinder, java.lang.String) for 227ms
06-05 04:32:59.146 W/System  ( 3321): ClassLoader referenced unknown path: /system/priv-app/SystemUI/lib/x86_64
06-05 04:32:59.283 V/BackupManagerService( 2596): No ancestral data
06-05 04:32:59.369 W/System  ( 3336): ClassLoader referenced unknown path: /system/priv-app/CalendarProvider/lib/x86_64
06-05 04:32:59.664 W/art     ( 2596): Long monitor contention with owner Binder:2596_9 (3319) at void com.android.server.am.BroadcastQueue.processNextBroadcast(boolean)(BroadcastQueue.java:760) waiters=0 in android.content.Intent com.android.server.am.ActivityManagerService.registerReceiver(android.app.IApplicationThread, java.lang.String, android.content.IIntentReceiver, android.content.IntentFilter, java.lang.String, int) for 222ms
06-05 04:32:59.930 V/BackupManagerService( 2596): Starting with transport android/com.android.internal.backup.LocalTransport
06-05 04:32:59.931 V/BackupManagerService( 2596): Found transports: 1
06-05 04:32:59.932 W/BackupManagerService( 2596): Proposed transport ComponentInfo{android/com.android.internal.backup.LocalTransportService} not whitelisted; ignoring
06-05 04:32:59.975 I/BackupManagerService( 2596): Backup enabled => false
06-05 04:33:00.437 W/ActivityManager( 2596): Slow operation: 64ms so far, now at startProcess: done creating new process record
06-05 04:33:00.437 W/ActivityManager( 2596): Slow operation: 65ms so far, now at startProcess: stepping in to startProcess
06-05 04:33:00.632 W/art     ( 3356): Unexpected CPU variant for X86 using defaults: x86_64
06-05 04:33:00.644 W/ActivityManager( 2596): Slow operation: 207ms so far, now at startProcess: returned from zygote!
06-05 04:33:00.644 W/ActivityManager( 2596): Slow operation: 207ms so far, now at startProcess: done updating battery stats
06-05 04:33:00.645 W/ActivityManager( 2596): Slow operation: 208ms so far, now at startProcess: building log message
06-05 04:33:00.645 I/ActivityManager( 2596): Start proc 3356:com.android.deskclock/u0a31 for broadcast com.android.deskclock/.AlarmInitReceiver
06-05 04:33:00.645 W/ActivityManager( 2596): Slow operation: 208ms so far, now at startProcess: starting to update pids map
06-05 04:33:00.645 W/ActivityManager( 2596): Slow operation: 208ms so far, now at startProcess: done updating pids map
06-05 04:33:00.645 W/ActivityManager( 2596): Slow operation: 273ms so far, now at startProcess: done starting proc!
06-05 04:33:00.646 W/art     ( 2596): Long monitor contention with owner Binder:2596_3 (2847) at void com.android.server.am.BroadcastQueue.processNextBroadcast(boolean)(BroadcastQueue.java:760) waiters=0 in com.android.server.am.ProcessRecord com.android.server.am.ActivityManagerService.findAppProcess(android.os.IBinder, java.lang.String) for 275ms
06-05 04:33:00.662 W/art     ( 2596): Long monitor contention with owner Binder:2596_3 (2847) at void com.android.server.am.BroadcastQueue.processNextBroadcast(boolean)(BroadcastQueue.java:760) waiters=1 in boolean com.android.server.am.ActivityManagerService.unbindService(android.app.IServiceConnection) for 268ms
06-05 04:33:00.708 W/art     ( 2596): Long monitor contention with owner backup (3352) at boolean java.io.UnixFileSystem.checkAccess0(java.io.File, int)(UnixFileSystem.java:-2) waiters=0 in void com.android.server.backup.BackupManagerService.setBackupEnabled(boolean) for 523ms
06-05 04:33:00.712 V/KeyValueBackupJob( 2596): Scheduling k/v pass in 242 minutes
06-05 04:33:01.457 I/CalendarProvider2( 3336): Created com.android.providers.calendar.CalendarAlarmManager@12b99f7(com.android.providers.calendar.CalendarProvider2@4840064)
06-05 04:33:01.680 I/LatinIME( 2866): Timeout waiting for dictionary load
06-05 04:33:01.427 W/ifconfig( 3353): type=1400 audit(0.0:10): avc: denied { ioctl } for path="socket:[15322]" dev="sockfs" ino=15322 ioctlcmd=8927 scontext=u:r:shell:s0 tcontext=u:r:shell:s0 tclass=udp_socket permissive=0
06-05 04:33:01.912 W/VoiceInteractionManagerService( 2596): no available voice interaction services found for user 0
06-05 04:33:01.913 W/VoiceInteractionManagerService( 2596): no available voice recognition services found for user 0
06-05 04:33:01.946 I/ActivityManager( 2596): Loading recents for user 0 into memory.
06-05 04:33:02.112 D/ActivityManager( 2596): Sending BOOT_COMPLETE user #0
06-05 04:33:02.423 V/SystemUIService( 3321): Starting SystemUI services for user 0.
06-05 04:33:02.486 W/art     ( 2596): Long monitor contention with owner Binder:2596_2 (2632) at com.android.server.am.ProcessRecord com.android.server.am.ActivityManagerService.findAppProcess(android.os.IBinder, java.lang.String)(ActivityManagerService.java:13717) waiters=1 in int com.android.server.am.ActivityManagerService.getAppStartMode(int, java.lang.String) for 1.772s
06-05 04:33:02.610 D/FallbackHome( 3122): User unlocked and real home found; let's go!
06-05 04:33:02.755 W/art     ( 2596): Long monitor contention with owner Binder:2596_3 (2847) at boolean com.android.server.am.ActivityManagerService.finishActivity(android.os.IBinder, int, android.content.Intent, int)(ActivityManagerService.java:4839) waiters=1 in void com.android.server.am.ActivityManagerService$MainHandler.handleMessage(android.os.Message) for 119ms
06-05 04:33:02.820 D/CarrierSvcBindHelper( 3107): Received android.intent.action.USER_UNLOCKED
06-05 04:33:02.859 E/PhoneInterfaceManager( 3107): [PhoneIntfMgr] getCarrierPackageNamesForIntent: No UICC
06-05 04:33:02.859 D/CarrierSvcBindHelper( 3107): No carrier app for: 0
06-05 04:33:02.952 I/ActivityManager( 2596): START u0 {act=android.intent.action.MAIN cat=[android.intent.category.HOME] flg=0x10000100 cmp=com.android.launcher3/.Launcher} from uid 0 on display 0
