05-30 15:56:49.598 W/ActivityManager( 2101): Slow operation: 584ms so far, now at startProcess: building log message
05-30 15:56:49.598 I/ActivityManager( 2101): Start proc 2831:com.android.providers.calendar/u0a2 for content provider com.android.providers.calendar/.CalendarProvider2
05-30 15:56:49.598 W/ActivityManager( 2101): Slow operation: 584ms so far, now at startProcess: starting to update pids map
05-30 15:56:49.598 W/ActivityManager( 2101): Slow operation: 584ms so far, now at startProcess: done updating pids map
05-30 15:56:49.599 W/ActivityManager( 2101): Slow operation: 586ms so far, now at startProcess: done starting proc!
05-30 15:56:49.599 W/ActivityManager( 2101): Slow operation: 653ms so far, now at getContentProviderImpl: after start process
05-30 15:56:49.599 W/ActivityManager( 2101): Slow operation: 653ms so far, now at getContentProviderImpl: updating data structures
05-30 15:56:49.600 W/ActivityManager( 2101): Slow operation: 654ms so far, now at getContentProviderImpl: done!
05-30 15:56:49.601 W/art     ( 2101): Long monitor contention with owner ConditionProviders.ECP (2333) at android.app.IActivityManager$ContentProviderHolder com.android.server.am.ActivityManagerService.getContentProviderImpl(android.app.IApplicationThread, java.lang.String, android.os.IBinder, boolean, int)(ActivityManagerService.java:10666) waiters=0 in void com.android.server.am.ActivityManagerService.dispatchUidsChanged() for 563ms
05-30 15:56:49.605 W/art     ( 2101): Long monitor contention with owner ConditionProviders.ECP (2333) at android.app.IActivityManager$ContentProviderHolder com.android.server.am.ActivityManagerService.getContentProviderImpl(android.app.IApplicationThread, java.lang.String, android.os.IBinder, boolean, int)(ActivityManagerService.java:10666) waiters=1 in com.android.server.am.ProcessRecord com.android.server.am.ActivityManagerService.findAppProcess(android.os.IBinder, java.lang.String) for 565ms
05-30 15:56:49.618 W/art     ( 2101): Long monitor contention with owner ConditionProviders.ECP (2333) at android.app.IActivityManager$ContentProviderHolder com.android.server.am.ActivityManagerService.getContentProviderImpl(android.app.IApplicationThread, java.lang.String, android.os.IBinder, boolean, int)(ActivityManagerService.java:10666) waiters=2 in android.content.Intent com.android.server.am.ActivityManagerService.registerReceiver(android.app.IApplicationThread, java.lang.String, android.content.IIntentReceiver, android.content.IntentFilter, java.lang.String, int) for 317ms
05-30 15:56:49.748 W/art     ( 2831): Unexpected CPU variant for X86 using defaults: x86_64
05-30 15:56:50.005 I/BackupManagerService( 2101): Package jp.jaxa.iss.kibo.rpc.userleveltest not installed; dropping from full backup
05-30 15:56:50.072 V/BackupManagerService( 2101): Starting with transport android/com.android.internal.backup.LocalTransport
05-30 15:56:50.072 V/BackupManagerService( 2101): Found transports: 1
05-30 15:56:50.073 W/BackupManagerService( 2101): Proposed transport ComponentInfo{android/com.android.internal.backup.LocalTransportService} not whitelisted; ignoring
05-30 15:56:50.094 W/art     ( 2101): Long monitor contention with owner Binder:2101_6 (2571) at com.android.server.am.ProcessRecord com.android.server.am.ActivityManagerService.findAppProcess(android.os.IBinder, java.lang.String)(ActivityManagerService.java:13717) waiters=0 in android.content.Intent com.android.server.am.ActivityManagerService.registerReceiver(android.app.IApplicationThread, java.lang.String, android.content.IIntentReceiver, android.content.IntentFilter, java.lang.String, int) for 148ms
05-30 15:56:50.139 I/BackupManagerService( 2101): Backup enabled => false
05-30 15:56:50.940 W/art     ( 2101): Long monitor contention with owner Binder:2101_7 (2572) at void com.android.server.am.ActivityManagerService.attachApplication(android.app.IApplicationThread)(ActivityManagerService.java:6669) waiters=0 in com.android.server.am.ProcessRecord com.android.server.am.ActivityManagerService.findAppProcess(android.os.IBinder, java.lang.String) for 276ms
05-30 15:56:51.037 W/art     ( 2101): Long monitor contention with owner Binder:2101_7 (2572) at void com.android.server.am.ActivityManagerService.attachApplication(android.app.IApplicationThread)(ActivityManagerService.java:6669) waiters=1 in android.content.Intent com.android.server.am.ActivityManagerService.registerReceiver(android.app.IApplicationThread, java.lang.String, android.content.IIntentReceiver, android.content.IntentFilter, java.lang.String, int) for 175ms
05-30 15:56:51.344 W/System  ( 2831): ClassLoader referenced unknown path: /system/priv-app/CalendarProvider/lib/x86_64
05-30 15:56:51.573 W/ActivityManager( 2101): Slow operation: 97ms so far, now at startProcess: returned from zygote!
05-30 15:56:51.573 W/ActivityManager( 2101): Slow operation: 97ms so far, now at startProcess: done updating battery stats
05-30 15:56:51.573 W/ActivityManager( 2101): Slow operation: 98ms so far, now at startProcess: building log message
05-30 15:56:51.574 I/ActivityManager( 2101): Start proc 2847:com.android.deskclock/u0a31 for broadcast com.android.deskclock/.AlarmInitReceiver
05-30 15:56:51.574 W/ActivityManager( 2101): Slow operation: 98ms so far, now at startProcess: starting to update pids map
05-30 15:56:51.574 W/ActivityManager( 2101): Slow operation: 98ms so far, now at startProcess: done updating pids map
05-30 15:56:51.574 W/ActivityManager( 2101): Slow operation: 99ms so far, now at startProcess: done starting proc!
05-30 15:56:51.582 W/VoiceInteractionManagerService( 2101): no available voice interaction services found for user 0
05-30 15:56:51.582 W/VoiceInteractionManagerService( 2101): no available voice recognition services found for user 0
05-30 15:56:51.672 I/ActivityManager( 2101): Loading recents for user 0 into memory.
05-30 15:56:51.748 W/art     ( 2847): Unexpected CPU variant for X86 using defaults: x86_64
05-30 15:56:51.802 V/KeyValueBackupJob( 2101): Scheduling k/v pass in 244 minutes
05-30 15:56:51.984 D/ActivityManager( 2101): Sending BOOT_COMPLETE user #0
05-30 15:56:52.173 V/SystemUIService( 2812): Starting SystemUI services for user 0.
05-30 15:56:52.313 W/RichInputConnection( 2361): Slow InputConnection: GET_TEXT_BEFORE_CURSOR took 1824 ms.
05-30 15:56:50.680 W/ifconfig( 2818): type=1400 audit(0.0:10): avc: denied { ioctl } for path="socket:[13994]" dev="sockfs" ino=13994 ioctlcmd=8927 scontext=u:r:shell:s0 tcontext=u:r:shell:s0 tclass=udp_socket permissive=0
05-30 15:56:51.000 W/ifconfig( 2818): type=1400 audit(0.0:11): avc: denied { ioctl } for path="socket:[13994]" dev="sockfs" ino=13994 ioctlcmd=891d scontext=u:r:shell:s0 tcontext=u:r:shell:s0 tclass=udp_socket permissive=0
05-30 15:56:51.000 W/ifconfig( 2818): type=1400 audit(0.0:12): avc: denied { ioctl } for path="socket:[13994]" dev="sockfs" ino=13994 ioctlcmd=8970 scontext=u:r:shell:s0 tcontext=u:r:shell:s0 tclass=udp_socket permissive=0
05-30 15:56:52.411 W/art     ( 2101): Long monitor contention with owner ActivityManager (2137) at void com.android.server.am.ActivityManagerService$MainHandler.handleMessage(android.os.Message)(ActivityManagerService.java:2027) waiters=0 in int com.android.server.am.ActivityManagerService.getAppStartMode(int, java.lang.String) for 608ms
05-30 15:56:52.586 D/FallbackHome( 2622): User unlocked and real home found; let's go!
05-30 15:56:53.218 W/art     ( 2101): Long monitor contention with owner Binder:2101_4 (2394) at boolean com.android.server.am.ActivityManagerService.finishActivity(android.os.IBinder, int, android.content.Intent, int)(ActivityManagerService.java:4839) waiters=1 in int com.android.server.am.ActivityManagerService.broadcastIntent(android.app.IApplicationThread, android.content.Intent, java.lang.String, android.content.IIntentReceiver, int, java.lang.String, android.os.Bundle, java.lang.String[], int, android.os.Bundle, boolean, boolean, int) for 567ms
05-30 15:56:53.219 I/Choreographer( 2622): Skipped 43 frames!  The application may be doing too much work on its main thread.
05-30 15:56:53.245 W/art     ( 2101): Long monitor contention with owner Binder:2101_4 (2394) at boolean com.android.server.am.ActivityManagerService.finishActivity(android.os.IBinder, int, android.content.Intent, int)(ActivityManagerService.java:4839) waiters=2 in android.content.Intent com.android.server.am.ActivityManagerService.registerReceiver(android.app.IApplicationThread, java.lang.String, android.content.IIntentReceiver, android.content.IntentFilter, java.lang.String, int) for 333ms
05-30 15:56:53.253 W/art     ( 2101): Long monitor contention with owner Binder:2101_4 (2394) at boolean com.android.server.am.ActivityManagerService.finishActivity(android.os.IBinder, int, android.content.Intent, int)(ActivityManagerService.java:4839) waiters=4 in java.lang.String com.android.server.am.ActivityManagerService.checkContentProviderAccess(java.lang.String, int) for 287ms
05-30 15:56:53.264 D/CarrierSvcBindHelper( 2607): Received android.intent.action.USER_UNLOCKED
05-30 15:56:53.296 E/PhoneInterfaceManager( 2607): [PhoneIntfMgr] getCarrierPackageNamesForIntent: No UICC
05-30 15:56:53.296 D/CarrierSvcBindHelper( 2607): No carrier app for: 0
05-30 15:56:53.299 I/CalendarProvider2( 2831): Created com.android.providers.calendar.CalendarAlarmManager@9322e59(com.android.providers.calendar.CalendarProvider2@6530a1e)
05-30 15:56:53.418 I/AccountManagerService( 2101): User 0 is unlocked - opening CE database
05-30 15:56:53.441 I/ActivityManager( 2101): START u0 {act=android.intent.action.MAIN cat=[android.intent.category.HOME] flg=0x10000100 cmp=com.android.launcher3/.Launcher} from uid 0 on display 0
05-30 15:56:53.701 W/ActivityManager( 2101): Slow operation: 188ms so far, now at startProcess: returned from zygote!
05-30 15:56:53.701 W/ActivityManager( 2101): Slow operation: 188ms so far, now at startProcess: done updating battery stats
05-30 15:56:53.701 W/ActivityManager( 2101): Slow operation: 188ms so far, now at startProcess: building log message
05-30 15:56:53.702 I/ActivityManager( 2101): Start proc 2882:com.android.launcher3/u0a42 for activity com.android.launcher3/.Launcher
05-30 15:56:53.702 W/ActivityManager( 2101): Slow operation: 189ms so far, now at startProcess: starting to update pids map
05-30 15:56:53.702 W/ActivityManager( 2101): Slow operation: 189ms so far, now at startProcess: done updating pids map
05-30 15:56:53.702 W/ActivityManager( 2101): Slow operation: 190ms so far, now at startProcess: done starting proc!
05-30 15:56:53.803 W/art     ( 2882): Unexpected CPU variant for X86 using defaults: x86_64
05-30 15:56:54.035 W/art     ( 2101): Long monitor contention with owner Binder:2101_4 (2394) at boolean com.android.server.am.ActivityManagerService.finishActivity(android.os.IBinder, int, android.content.Intent, int)(ActivityManagerService.java:4839) waiters=5 in boolean com.android.server.am.ActivityManagerService.isUserRunning(int, int) for 688ms
05-30 15:56:54.085 W/art     ( 2101): Long monitor contention with owner Binder:2101_6 (2571) at int com.android.server.am.ActivityManagerService.broadcastIntent(android.app.IApplicationThread, android.content.Intent, java.lang.String, android.content.IIntentReceiver, int, java.lang.String, android.os.Bundle, java.lang.String[], int, android.os.Bundle, boolean, boolean, int)(ActivityManagerService.java:18551) waiters=5 in void com.android.server.am.BroadcastQueue.processNextBroadcast(boolean) for 841ms
05-30 15:56:54.102 W/System  ( 2847): ClassLoader referenced unknown path: /system/app/DeskClock/lib/x86_64
05-30 15:56:54.164 W/art     ( 2101): Long monitor contention with owner Binder:2101_2 (2122) at void com.android.server.am.ActivityManagerService.activityPaused(android.os.IBinder)(ActivityManagerService.java:6916) waiters=4 in android.content.Intent com.android.server.am.ActivityManagerService.registerReceiver(android.app.IApplicationThread, java.lang.String, android.content.IIntentReceiver, android.content.IntentFilter, java.lang.String, int) for 877ms
05-30 15:56:54.175 W/art     ( 2101): Long monitor contention with owner Binder:2101_2 (2122) at void com.android.server.am.ActivityManagerService.activityPaused(android.os.IBinder)(ActivityManagerService.java:6916) waiters=5 in android.content.pm.UserInfo com.android.server.am.UserController.getCurrentUser() for 881ms
05-30 15:56:54.458 W/art     ( 2101): Long monitor contention with owner Binder:2101_2 (2122) at void com.android.server.am.ActivityManagerService.activityPaused(android.os.IBinder)(ActivityManagerService.java:6916) waiters=6 in void com.android.server.am.ActivityManagerService.publishContentProviders(android.app.IApplicationThread, java.util.List) for 1.152s
05-30 15:56:54.459 W/art     ( 2101): Long monitor contention with owner Binder:2101_2 (2122) at void com.android.server.am.ActivityManagerService.activityPaused(android.os.IBinder)(ActivityManagerService.java:6916) waiters=7 in android.content.Intent com.android.server.am.ActivityManagerService.registerReceiver(android.app.IApplicationThread, java.lang.String, android.content.IIntentReceiver, android.content.IntentFilter, java.lang.String, int) for 1.136s
05-30 15:56:54.462 W/art     ( 2101): Long monitor contention with owner Binder:2101_2 (2122) at void com.android.server.am.ActivityManagerService.activityPaused(android.os.IBinder)(ActivityManagerService.java:6916) waiters=7 in java.lang.String com.android.server.am.ActivityManagerService.checkContentProviderAccess(java.lang.String, int) for 1.048s
05-30 15:56:54.479 W/art     ( 2101): Long monitor contention with owner Binder:2101_2 (2122) at void com.android.server.am.ActivityManagerService.activityPaused(android.os.IBinder)(ActivityManagerService.java:6916) waiters=8 in void com.android.server.am.ActivityManagerService.dispatchUidsChanged() for 950ms
05-30 15:56:54.529 W/art     ( 2101): Long monitor contention with owner ActivityManager (2137) at void com.android.server.am.ActivityStackSupervisor$ActivityStackSupervisorHandler.handleMessage(android.os.Message)(ActivityStackSupervisor.java:3910) waiters=6 in android.content.pm.UserInfo com.android.server.am.UserController.getCurrentUser() for 352ms
05-30 15:56:54.531 W/art     ( 2101): Long monitor contention with owner Binder:2101_2 (2122) at void com.android.server.am.ActivityManagerService.activityPaused(android.os.IBinder)(ActivityManagerService.java:6916) waiters=6 in int com.android.server.am.ActivityManagerService.getAppStartMode(int, java.lang.String) for 1.224s
05-30 15:56:54.607 W/InputConnectionWrapper.ICC( 2361): Timed out waiting on IInputContextCallback
05-30 15:56:54.817 W/art     ( 2101): Long monitor contention with owner main (2101) at android.content.pm.ParceledListSlice com.android.server.pm.PackageManagerService.getInstalledPackages(int, int)(PackageManagerService.java:6173) waiters=0 in android.content.pm.ProviderInfo com.android.server.pm.PackageManagerService.resolveContentProvider(java.lang.String, int, int) for 458ms
05-30 15:56:55.270 W/ActivityManager( 2101): Slow operation: 171ms so far, now at startProcess: returned from zygote!
05-30 15:56:55.270 W/ActivityManager( 2101): Slow operation: 171ms so far, now at startProcess: done updating battery stats
05-30 15:56:55.271 W/ActivityManager( 2101): Slow operation: 172ms so far, now at startProcess: building log message
05-30 15:56:55.271 I/ActivityManager( 2101): Start proc 2905:com.android.keychain/1000 for service com.android.keychain/.KeyChainService
05-30 15:56:55.271 W/ActivityManager( 2101): Slow operation: 172ms so far, now at startProcess: starting to update pids map
05-30 15:56:55.271 W/ActivityManager( 2101): Slow operation: 172ms so far, now at startProcess: done updating pids map
05-30 15:56:55.271 W/ActivityManager( 2101): Slow operation: 172ms so far, now at startProcess: done starting proc!
05-30 15:56:55.319 W/art     ( 2905): Unexpected CPU variant for X86 using defaults: x86_64
05-30 15:56:55.369 W/art     ( 2101): Long monitor contention with owner ActivityManager (2137) at void com.android.server.am.ActivityStackSupervisor$ActivityStackSupervisorHandler.handleMessage(android.os.Message)(ActivityStackSupervisor.java:3910) waiters=8 in void com.android.server.am.ActivityManagerService.attachApplication(android.app.IApplicationThread) for 975ms
05-30 15:56:55.418 I/InputConnectionWrapper.ICC( 2361): Got out-of-sequence callback 2 (expected 3) in setSelectedText, ignoring.
05-30 15:56:55.650 I/InputAttributes( 2361): InputType.TYPE_NULL is specified
05-30 15:56:56.190 W/art     ( 2101): Long monitor contention with owner android.display (2156) at void com.android.server.wm.WindowAnimator$1.doFrame(long)(WindowAnimator.java:144) waiters=0 in void com.android.server.wm.WindowManagerService.executeAppTransition() for 104ms
05-30 15:56:57.638 W/art     ( 2101): Long monitor contention with owner android.display (2156) at void com.android.server.wm.WindowAnimator$1.doFrame(long)(WindowAnimator.java:144) waiters=0 in void com.android.server.wm.WindowManagerService.executeAppTransition() for 131ms
05-30 15:56:57.678 W/art     ( 2101): Long monitor contention with owner Binder:2101_3 (2390) at void com.android.server.am.ActivityManagerService.publishContentProviders(android.app.IApplicationThread, java.util.List)(ActivityManagerService.java:11160) waiters=7 in android.content.Intent com.android.server.am.ActivityManagerService.registerReceiver(android.app.IApplicationThread, java.lang.String, android.content.IIntentReceiver, android.content.IntentFilter, java.lang.String, int) for 3.219s
05-30 15:56:57.680 W/art     ( 2101): Long monitor contention with owner BackgroundDexOptService_PostBootUpdate (2745) at android.content.Intent com.android.server.am.ActivityManagerService.registerReceiver(android.app.IApplicationThread, java.lang.String, android.content.IIntentReceiver, android.content.IntentFilter, java.lang.String, int)(ActivityManagerService.java:17547) waiters=5 in com.android.server.am.ProcessRecord com.android.server.am.ActivityManagerService.findAppProcess(android.os.IBinder, java.lang.String) for 3.164s
05-30 15:56:57.681 W/art     ( 2101): Long monitor contention with owner BackgroundDexOptService_PostBootUpdate (2745) at android.content.Intent com.android.server.am.ActivityManagerService.registerReceiver(android.app.IApplicationThread, java.lang.String, android.content.IIntentReceiver, android.content.IntentFilter, java.lang.String, int)(ActivityManagerService.java:17547) waiters=6 in void com.android.server.am.ActivityManagerService$MainHandler.handleMessage(android.os.Message) for 3.157s
05-30 15:56:57.684 W/art     ( 2101): Long monitor contention with owner Binder:2101_4 (2394) at android.content.pm.UserInfo com.android.server.am.UserController.getCurrentUser()(UserController.java:1438) waiters=6 in void com.android.server.am.ActivityManagerService.dispatchUidsChanged() for 2.992s
05-30 15:56:57.693 W/art     ( 2101): Long monitor contention with owner AsyncTask #4 (2874) at int com.android.server.am.ActivityManagerService.bindService(android.app.IApplicationThread, android.os.IBinder, android.content.Intent, java.lang.String, android.app.IServiceConnection, int, java.lang.String, int)(ActivityManagerService.java:17301) waiters=6 in android.content.Intent com.android.server.am.ActivityManagerService.registerReceiver(android.app.IApplicationThread, java.lang.String, android.content.IIntentReceiver, android.content.IntentFilter, java.lang.String, int) for 2.877s
05-30 15:56:57.694 W/art     ( 2101): Long monitor contention with owner Binder:2101_9 (2806) at void com.android.server.am.ActivityManagerService.attachApplication(android.app.IApplicationThread)(ActivityManagerService.java:6669) waiters=9 in void com.android.server.am.ActivityManagerService.publishContentProviders(android.app.IApplicationThread, java.util.List) for 1.887s
05-30 15:56:57.716 W/art     ( 2101): Long monitor contention with owner AsyncTask #4 (2874) at int com.android.server.am.ActivityManagerService.bindService(android.app.IApplicationThread, android.os.IBinder, android.content.Intent, java.lang.String, android.app.IServiceConnection, int, java.lang.String, int)(ActivityManagerService.java:17301) waiters=7 in android.content.Intent com.android.server.am.ActivityManagerService.registerReceiver(android.app.IApplicationThread, java.lang.String, android.content.IIntentReceiver, android.content.IntentFilter, java.lang.String, int) for 2.868s
05-30 15:56:57.727 W/art     ( 2101): Long monitor contention with owner Binder:2101_9 (2806) at void com.android.server.am.ActivityManagerService.attachApplication(android.app.IApplicationThread)(ActivityManagerService.java:6669) waiters=7 in void com.android.server.am.ActivityManagerService.attachApplication(android.app.IApplicationThread) for 2.194s
05-30 15:56:57.756 W/art     ( 2101): Long monitor contention with owner Binder:2101_9 (2806) at void com.android.server.am.ActivityManagerService.attachApplication(android.app.IApplicationThread)(ActivityManagerService.java:6669) waiters=8 in void com.android.server.am.ActivityManagerService$3.handleMessage(android.os.Message) for 2.123s
05-30 15:56:57.770 W/System  ( 2882): ClassLoader referenced unknown path: /system/app/Launcher3/lib/x86_64
05-30 15:56:57.920 W/art     ( 2101): Long monitor contention with owner Binder:2101_5 (2470) at void com.android.server.am.ActivityManagerService.attachApplication(android.app.IApplicationThread)(ActivityManagerService.java:6669) waiters=3 in android.content.Intent com.android.server.am.ActivityManagerService.registerReceiver(android.app.IApplicationThread, java.lang.String, android.content.IIntentReceiver, android.content.IntentFilter, java.lang.String, int) for 122ms
05-30 15:56:58.138 I/LatinIME( 2361): Timeout waiting for dictionary load
05-30 15:56:58.139 W/System  ( 2905): ClassLoader referenced unknown path: /system/app/KeyChain/lib/x86_64
05-30 15:56:58.288 W/art     ( 2101): Long monitor contention with owner Binder:2101_4 (2394) at android.content.pm.UserInfo com.android.server.am.UserController.getCurrentUser()(UserController.java:1438) waiters=5 in int com.android.server.am.ActivityManagerService.getAppStartMode(int, java.lang.String) for 3.757s
05-30 15:56:58.292 W/art     ( 2101): Long monitor contention with owner Binder:2101_5 (2470) at void com.android.server.am.ActivityManagerService.attachApplication(android.app.IApplicationThread)(ActivityManagerService.java:6669) waiters=3 in void com.android.server.am.ActivityManagerService$3.handleMessage(android.os.Message) for 536ms
05-30 15:56:58.321 D/LauncherProvider( 2882): Launcher process started
05-30 15:56:58.976 W/art     ( 2847): Suspending all threads took: 266.560ms
05-30 15:56:59.003 W/art     ( 2101): Long monitor contention with owner android.display (2156) at void com.android.server.wm.WindowAnimator$1.doFrame(long)(WindowAnimator.java:144) waiters=1 in float com.android.server.wm.WindowManagerService.getCurrentAnimatorScale() for 154ms
05-30 15:56:59.181 W/art     ( 2101): Long monitor contention with owner Binder:2101_9 (2806) at void com.android.server.am.ActivityManagerService.attachApplication(android.app.IApplicationThread)(ActivityManagerService.java:6669) waiters=10 in boolean com.android.server.am.ActivityManagerService.refContentProvider(android.os.IBinder, int, int) for 1.983s
05-30 15:56:59.205 W/art     ( 2101): Long monitor contention with owner android.display (2156) at void com.android.server.wm.WindowAnimator$1.doFrame(long)(WindowAnimator.java:144) waiters=1 in float com.android.server.wm.WindowManagerService.getCurrentAnimatorScale() for 202ms
05-30 15:56:59.378 W/art     ( 2101): Long monitor contention with owner backup (2822) at boolean android.os.MessageQueue.enqueueMessage(android.os.Message, long)(MessageQueue.java:541) waiters=0 in android.os.Message android.os.MessageQueue.next() for 153ms
05-30 15:56:59.511 V/Launcher( 2882): LauncherAppState inited
05-30 15:56:59.765 I/Choreographer( 2622): Skipped 35 frames!  The application may be doing too much work on its main thread.
05-30 15:56:59.865 V/MediaRouter( 2812): Adding route: RouteInfo{ name=Phone, description=null, status=null, category=RouteCategory{ name=null types=ROUTE_TYPE_LIVE_AUDIO ROUTE_TYPE_LIVE_VIDEO  groupable=false }, supportedTypes=ROUTE_TYPE_LIVE_AUDIO ROUTE_TYPE_LIVE_VIDEO , presentationDisplay=null }
05-30 15:57:00.189 V/MediaRouter( 2812): Updating audio routes: AudioRoutesInfo{ type=SPEAKER }
05-30 15:57:00.284 V/MediaRouter( 2812): Selecting route: RouteInfo{ name=Phone, description=null, status=null, category=RouteCategory{ name=null types=ROUTE_TYPE_LIVE_AUDIO ROUTE_TYPE_LIVE_VIDEO  groupable=false }, supportedTypes=ROUTE_TYPE_LIVE_AUDIO ROUTE_TYPE_LIVE_VIDEO , presentationDisplay=null }
05-30 15:57:00.692 I/Choreographer( 2622): Skipped 40 frames!  The application may be doing too much work on its main thread.
05-30 15:57:01.133 D/TrustManagerService( 2101): Removing dead TrustListener.
05-30 15:57:01.542 E/WVMExtractor( 2812): Failed to open libwvm.so: dlopen failed: library "libwvm.so" not found
05-30 15:57:01.938 I/CalendarProvider2( 2831): Sending notification intent: Intent { act=android.intent.action.PROVIDER_CHANGED dat=content://com.android.calendar flg=0x20000000 }
05-30 15:57:01.940 W/ContentResolver( 2831): Failed to get type for: content://com.android.calendar (Unknown URL content://com.android.calendar)
05-30 15:57:02.180 I/MediaPlayerService( 1339): MediaPlayerService::getOMX
05-30 15:57:02.193 I/OMXClient( 2812): MuxOMX ctor
05-30 15:57:02.225 I/OMXMaster( 1336): makeComponentInstance(OMX.google.vorbis.decoder) in mediacodec process
05-30 15:57:03.221 W/ActivityManager( 2101): Launch timeout has expired, giving up wake lock!
05-30 15:57:03.451 I/Choreographer( 2882): Skipped 33 frames!  The application may be doing too much work on its main thread.
05-30 15:57:04.499 I/Choreographer( 2882): Skipped 61 frames!  The application may be doing too much work on its main thread.
05-30 15:57:04.673 D/gralloc_ranchu( 2882): Emulator without host-side GPU emulation detected. Loading gralloc.default.so from /vendor/lib64/hw/gralloc.goldfish.default.so...
05-30 15:57:04.709 D/gralloc_ranchu( 2882): gralloc.default.so not found in /vendor. Trying /system/lib64/hw/gralloc.goldfish.default.so...
05-30 15:57:04.759 I/MediaPlayerService( 1339): MediaPlayerService::getOMX
05-30 15:57:04.770 I/OMXClient( 2812): MuxOMX ctor
05-30 15:57:04.812 I/OMXMaster( 1336): makeComponentInstance(OMX.google.vorbis.decoder) in mediacodec process
05-30 15:57:05.080 I/Choreographer( 2882): Skipped 33 frames!  The application may be doing too much work on its main thread.
05-30 15:57:05.213 I/ActivityManager( 2101): Displayed com.android.launcher3/.Launcher: +11s701ms
05-30 15:57:06.420 V/GridSizeMigrationTask( 2882): Workspace migration completed in 681
05-30 15:57:06.423 D/Launcher.Model( 2882): loadWorkspace: loading default favorites
05-30 15:57:06.806 I/vol.Events( 2812): writeEvent collection_started
05-30 15:57:06.931 I/vol.Events( 2812): writeEvent external_ringer_mode_changed normal
05-30 15:57:06.932 I/vol.Events( 2812): writeEvent internal_ringer_mode_changed normal
05-30 15:57:07.296 I/MediaPlayerService( 1339): MediaPlayerService::getOMX
05-30 15:57:07.333 I/OMXClient( 2812): MuxOMX ctor
05-30 15:57:07.388 I/OMXMaster( 1336): makeComponentInstance(OMX.google.vorbis.decoder) in mediacodec process
05-30 15:57:08.260 W/ifconfig( 2975): type=1400 audit(0.0:13): avc: denied { ioctl } for path="socket:[14327]" dev="sockfs" ino=14327 ioctlcmd=8927 scontext=u:r:shell:s0 tcontext=u:r:shell:s0 tclass=udp_socket permissive=0
05-30 15:57:08.330 W/ifconfig( 2975): type=1400 audit(0.0:14): avc: denied { ioctl } for path="socket:[14327]" dev="sockfs" ino=14327 ioctlcmd=891d scontext=u:r:shell:s0 tcontext=u:r:shell:s0 tclass=udp_socket permissive=0
05-30 15:57:08.370 W/ifconfig( 2975): type=1400 audit(0.0:15): avc: denied { ioctl } for path="socket:[14327]" dev="sockfs" ino=14327 ioctlcmd=8970 scontext=u:r:shell:s0 tcontext=u:r:shell:s0 tclass=udp_socket permissive=0
05-30 15:57:10.409 I/vol.Events( 2812): writeEvent level_changed STREAM_ALARM 6
05-30 15:57:10.501 I/AlarmClock( 2847): AlarmInitReceiver android.intent.action.TIME_SET
05-30 15:57:10.544 I/vol.Events( 2812): writeEvent level_changed STREAM_BLUETOOTH_SCO 7
05-30 15:57:10.571 I/vol.Events( 2812): writeEvent level_changed STREAM_MUSIC 11
05-30 15:57:10.601 I/vol.Events( 2812): writeEvent level_changed STREAM_RING 5
05-30 15:57:10.620 I/vol.Events( 2812): writeEvent level_changed STREAM_SYSTEM 5
05-30 15:57:10.659 I/vol.Events( 2812): writeEvent level_changed STREAM_VOICE_CALL 4
05-30 15:57:10.965 D/StorageNotification( 2812): Notifying about private volume: VolumeInfo{private}:
05-30 15:57:10.965 D/StorageNotification( 2812):     type=PRIVATE diskId=null partGuid=null mountFlags=0 mountUserId=-1 
05-30 15:57:10.965 D/StorageNotification( 2812):     state=MOUNTED 
05-30 15:57:10.965 D/StorageNotification( 2812):     fsType=null fsUuid=null fsLabel=null 
05-30 15:57:10.965 D/StorageNotification( 2812):     path=/data internalPath=null 
05-30 15:57:11.354 I/art     ( 2882): Background sticky concurrent mark sweep GC freed 20079(1936KB) AllocSpace objects, 8(188KB) LOS objects, 26% free, 7MB/10MB, paused 12.122ms total 107.289ms
05-30 15:57:11.438 V/KeyguardServiceDelegate( 2101): *** Keyguard connected (yay!)
05-30 15:57:11.672 D/LockSettings( 2101): Removing dead StrongAuthTracker.
05-30 15:57:11.753 I/Choreographer( 2812): Skipped 56 frames!  The application may be doing too much work on its main thread.
05-30 15:57:12.039 I/BackupManagerService( 2101): Found stale backup journal, scheduling
05-30 15:57:12.110 D/WIFI    ( 2101): Registering NetworkFactory
05-30 15:57:12.112 D/ConnectivityService( 2101): Got NetworkFactory Messenger for WIFI
05-30 15:57:12.113 D/WIFI_UT ( 2101): Registering NetworkFactory
05-30 15:57:12.119 D/ConnectivityService( 2101): Got NetworkFactory Messenger for WIFI_UT
05-30 15:57:12.128 D/WIFI    ( 2101): got request NetworkRequest [ REQUEST id=1, [ Capabilities: INTERNET&NOT_RESTRICTED&TRUSTED&NOT_VPN] ] with score 0
05-30 15:57:12.129 D/WIFI_UT ( 2101): got request NetworkRequest [ REQUEST id=1, [ Capabilities: INTERNET&NOT_RESTRICTED&TRUSTED&NOT_VPN] ] with score 0
05-30 15:57:12.144 V/AlarmClock( 2847): AlarmInitReceiver finished
05-30 15:57:12.259 W/art     ( 2101): Long monitor contention with owner android.display (2156) at void com.android.server.wm.WindowAnimator$1.doFrame(long)(WindowAnimator.java:144) waiters=0 in void com.android.server.wm.WindowManagerService.setDockedStackDividerTouchRegion(android.graphics.Rect) for 137ms
05-30 15:57:12.388 I/AlarmClock( 2847): AlarmInitReceiver android.intent.action.LOCKED_BOOT_COMPLETED
05-30 15:57:12.545 I/StatusBarManagerService( 2101): registerStatusBar bar=com.android.internal.statusbar.IStatusBar$Stub$Proxy@86001b5
05-30 15:57:12.595 D/AlarmClock/Events( 2847): [Stopwatch] [Reset] [Reboot]
05-30 15:57:12.668 W/art     ( 2101): Long monitor contention with owner Binder:2101_4 (2394) at void com.android.server.wm.WindowManagerService.setInsetsWindow(com.android.server.wm.Session, android.view.IWindow, int, android.graphics.Rect, android.graphics.Rect, android.graphics.Region)(WindowManagerService.java:2719) waiters=1 in void com.android.server.wm.WindowManagerService.setDockedStackDividerTouchRegion(android.graphics.Rect) for 375ms
05-30 15:57:13.118 W/art     ( 2101): Long monitor contention with owner android.display (2156) at void com.android.server.wm.WindowManagerService$H.handleMessage(android.os.Message)(WindowManagerService.java:8368) waiters=0 in void com.android.server.wm.WindowManagerService.setDockedStackDividerTouchRegion(android.graphics.Rect) for 449ms
05-30 15:57:13.582 W/art     ( 2101): Long monitor contention with owner android.display (2156) at void com.android.server.wm.WindowManagerService$H.handleMessage(android.os.Message)(WindowManagerService.java:8368) waiters=0 in void com.android.server.wm.WindowManagerService.setDockedStackDividerTouchRegion(android.graphics.Rect) for 459ms
05-30 15:57:14.244 W/art     ( 2990): Unexpected CPU variant for X86 using defaults: x86_64
05-30 15:57:14.271 W/ActivityManager( 2101): Slow operation: 594ms so far, now at startProcess: returned from zygote!
05-30 15:57:14.271 W/ActivityManager( 2101): Slow operation: 595ms so far, now at startProcess: done updating battery stats
05-30 15:57:14.272 W/ActivityManager( 2101): Slow operation: 596ms so far, now at startProcess: building log message
05-30 15:57:14.272 I/ActivityManager( 2101): Start proc 2990:android.process.media/u0a10 for broadcast com.android.providers.downloads/.DownloadReceiver
05-30 15:57:14.272 W/ActivityManager( 2101): Slow operation: 596ms so far, now at startProcess: starting to update pids map
05-30 15:57:14.273 W/ActivityManager( 2101): Slow operation: 597ms so far, now at startProcess: done updating pids map
05-30 15:57:14.273 W/ActivityManager( 2101): Slow operation: 598ms so far, now at startProcess: done starting proc!
05-30 15:57:14.274 W/art     ( 2101): Long monitor contention with owner main (2101) at void com.android.server.am.BroadcastQueue.processNextBroadcast(boolean)(BroadcastQueue.java:760) waiters=0 in java.lang.String com.android.server.am.ActivityManagerService.getTagForIntentSender(android.content.IIntentSender, java.lang.String) for 586ms
05-30 15:57:14.284 W/art     ( 2101): Long monitor contention with owner main (2101) at void com.android.server.am.BroadcastQueue.processNextBroadcast(boolean)(BroadcastQueue.java:760) waiters=1 in void com.android.server.am.ActivityManagerService.trimApplications() for 597ms
05-30 15:57:14.286 W/art     ( 2101): Long monitor contention with owner main (2101) at void com.android.server.am.BroadcastQueue.processNextBroadcast(boolean)(BroadcastQueue.java:760) waiters=2 in void com.android.server.am.ActivityManagerService.dispatchUidsChanged() for 577ms
05-30 15:57:14.296 W/art     ( 2101): Long monitor contention with owner main (2101) at void com.android.server.am.BroadcastQueue.processNextBroadcast(boolean)(BroadcastQueue.java:760) waiters=3 in void com.android.server.am.ActivityManagerService.appendDropBoxProcessHeaders(com.android.server.am.ProcessRecord, java.lang.String, java.lang.StringBuilder) for 586ms
05-30 15:57:14.299 V/AlarmClock( 2847): AlarmInitReceiver finished
05-30 15:57:14.458 W/ActivityManager( 2101): Slow operation: 65ms so far, now at startProcess: returned from zygote!
05-30 15:57:14.459 W/ActivityManager( 2101): Slow operation: 66ms so far, now at startProcess: done updating battery stats
05-30 15:57:14.459 W/ActivityManager( 2101): Slow operation: 66ms so far, now at startProcess: building log message
05-30 15:57:14.459 I/ActivityManager( 2101): Start proc 3002:com.android.printspooler/u0a51 for service com.android.printspooler/.model.PrintSpoolerService
05-30 15:57:14.459 W/ActivityManager( 2101): Slow operation: 67ms so far, now at startProcess: starting to update pids map
05-30 15:57:14.460 W/ActivityManager( 2101): Slow operation: 67ms so far, now at startProcess: done updating pids map
05-30 15:57:14.460 W/ActivityManager( 2101): Slow operation: 68ms so far, now at startProcess: done starting proc!
05-30 15:57:14.484 W/art     ( 3002): Unexpected CPU variant for X86 using defaults: x86_64
05-30 15:57:14.742 W/System  ( 2990): ClassLoader referenced unknown path: /system/priv-app/DownloadProvider/lib/x86_64
05-30 15:57:15.084 W/System  ( 2990): ClassLoader referenced unknown path: /system/priv-app/MediaProvider/lib/x86_64
05-30 15:57:15.112 D/ApplicationLoaders( 2990): ignored Vulkan layer search path /system/priv-app/MediaProvider/lib/x86_64:/system/priv-app/MediaProvider/MediaProvider.apk!/lib/x86_64:/system/lib64:/vendor/lib64 for namespace 0x7c095fa000f0
05-30 15:57:15.463 I/art     ( 2101): Background sticky concurrent mark sweep GC freed 32213(2MB) AllocSpace objects, 11(348KB) LOS objects, 26% free, 10MB/14MB, paused 2.639ms total 261.871ms
05-30 15:57:15.566 I/art     ( 2812): Background sticky concurrent mark sweep GC freed 16649(2MB) AllocSpace objects, 2(40KB) LOS objects, 29% free, 7MB/10MB, paused 1.056ms total 268.847ms
05-30 15:57:16.142 W/System  ( 2812): ClassLoader referenced unknown path: 
05-30 15:57:16.144 W/System  ( 2812): ClassLoader referenced unknown path: /system/priv-app/Dialer/lib/x86_64
05-30 15:57:16.162 D/ApplicationLoaders( 2812): ignored Vulkan layer search path /system/priv-app/Dialer/lib/x86_64:/system/lib64:/vendor/lib64 for namespace 0x7c095fb630f0
05-30 15:57:16.465 E/BluetoothAdapter( 2812): Bluetooth binder is null
05-30 15:57:16.598 I/CameraManagerGlobal( 2812): Connecting to camera service
05-30 15:57:16.639 V/EmulatedCamera_Camera( 1332): getCameraInfo
05-30 15:57:16.640 V/EmulatedCamera_BaseCamera( 1332): getCameraInfo
05-30 15:57:16.641 I/CameraService( 1332): getCameraCharacteristics: Switching to HAL1 shim implementation...
05-30 15:57:16.641 V/EmulatedCamera_Camera( 1332): getCameraInfo
05-30 15:57:16.641 V/EmulatedCamera_BaseCamera( 1332): getCameraInfo
05-30 15:57:16.667 V/EmulatedCamera_Camera( 1332): getCameraInfo
05-30 15:57:16.668 V/EmulatedCamera_BaseCamera( 1332): getCameraInfo
05-30 15:57:16.672 V/EmulatedCamera_Camera( 1332): getCameraInfo
05-30 15:57:16.672 V/EmulatedCamera_BaseCamera( 1332): getCameraInfo
05-30 15:57:16.810 I/StatusBar( 2812): isKeyguardShowing() called before startKeyguard(), returning true
05-30 15:57:16.812 W/StatusBar( 2812): isKeyguardSecure() called before startKeyguard(), returning false
05-30 15:57:16.812 W/StatusBar( 2812): java.lang.Throwable
05-30 15:57:16.812 W/StatusBar( 2812): 	at com.android.systemui.statusbar.BaseStatusBar.isKeyguardSecure(BaseStatusBar.java:2647)
05-30 15:57:16.812 W/StatusBar( 2812): 	at com.android.systemui.statusbar.BaseStatusBar.isCameraAllowedByAdmin(BaseStatusBar.java:2670)
05-30 15:57:16.812 W/StatusBar( 2812): 	at com.android.systemui.statusbar.phone.KeyguardBottomAreaView.updateCameraVisibility(KeyguardBottomAreaView.java:309)
05-30 15:57:16.812 W/StatusBar( 2812): 	at com.android.systemui.statusbar.phone.KeyguardBottomAreaView.setPhoneStatusBar(KeyguardBottomAreaView.java:272)
05-30 15:57:16.812 W/StatusBar( 2812): 	at com.android.systemui.statusbar.phone.PhoneStatusBar.makeStatusBarView(PhoneStatusBar.java:904)
05-30 15:57:16.812 W/StatusBar( 2812): 	at com.android.systemui.statusbar.phone.PhoneStatusBar.addStatusBarWindow(PhoneStatusBar.java:3432)
05-30 15:57:16.812 W/StatusBar( 2812): 	at com.android.systemui.statusbar.phone.PhoneStatusBar.createAndAddWindows(PhoneStatusBar.java:3428)
05-30 15:57:16.812 W/StatusBar( 2812): 	at com.android.systemui.statusbar.BaseStatusBar.start(BaseStatusBar.java:765)
05-30 15:57:16.812 W/StatusBar( 2812): 	at com.android.systemui.statusbar.phone.PhoneStatusBar.start(PhoneStatusBar.java:686)
05-30 15:57:16.812 W/StatusBar( 2812): 	at com.android.systemui.statusbar.SystemBars.createStatusBarFromConfig(SystemBars.java:106)
05-30 15:57:16.812 W/StatusBar( 2812): 	at com.android.systemui.statusbar.SystemBars.onNoService(SystemBars.java:58)
05-30 15:57:16.812 W/StatusBar( 2812): 	at com.android.systemui.statusbar.ServiceMonitor.startService(ServiceMonitor.java:230)
05-30 15:57:16.812 W/StatusBar( 2812): 	at com.android.systemui.statusbar.ServiceMonitor.-wrap5(ServiceMonitor.java)
05-30 15:57:16.812 W/StatusBar( 2812): 	at com.android.systemui.statusbar.ServiceMonitor$1.handleMessage(ServiceMonitor.java:73)
05-30 15:57:16.812 W/StatusBar( 2812): 	at android.os.Handler.dispatchMessage(Handler.java:102)
05-30 15:57:16.812 W/StatusBar( 2812): 	at android.os.Looper.loop(Looper.java:154)
05-30 15:57:16.812 W/StatusBar( 2812): 	at android.app.ActivityThread.main(ActivityThread.java:6119)
05-30 15:57:16.812 W/StatusBar( 2812): 	at java.lang.reflect.Method.invoke(Native Method)
05-30 15:57:16.812 W/StatusBar( 2812): 	at com.android.internal.os.ZygoteInit$MethodAndArgsCaller.run(ZygoteInit.java:886)
05-30 15:57:16.812 W/StatusBar( 2812): 	at com.android.internal.os.ZygoteInit.main(ZygoteInit.java:776)
05-30 15:57:16.829 I/StatusBar( 2812): isKeyguardShowing() called before startKeyguard(), returning true
05-30 15:57:16.831 W/StatusBar( 2812): isKeyguardSecure() called before startKeyguard(), returning false
05-30 15:57:16.831 W/StatusBar( 2812): java.lang.Throwable
05-30 15:57:16.831 W/StatusBar( 2812): 	at com.android.systemui.statusbar.BaseStatusBar.isKeyguardSecure(BaseStatusBar.java:2647)
05-30 15:57:16.831 W/StatusBar( 2812): 	at com.android.systemui.statusbar.BaseStatusBar.isCameraAllowedByAdmin(BaseStatusBar.java:2670)
05-30 15:57:16.831 W/StatusBar( 2812): 	at com.android.systemui.statusbar.phone.KeyguardBottomAreaView.updateCameraVisibility(KeyguardBottomAreaView.java:309)
05-30 15:57:16.831 W/StatusBar( 2812): 	at com.android.systemui.statusbar.phone.KeyguardBottomAreaView.setUserSetupComplete(KeyguardBottomAreaView.java:281)
05-30 15:57:16.831 W/StatusBar( 2812): 	at com.android.systemui.statusbar.phone.PhoneStatusBar.makeStatusBarView(PhoneStatusBar.java:905)
05-30 15:57:16.831 W/StatusBar( 2812): 	at com.android.systemui.statusbar.phone.PhoneStatusBar.addStatusBarWindow(PhoneStatusBar.java:3432)
05-30 15:57:16.831 W/StatusBar( 2812): 	at com.android.systemui.statusbar.phone.PhoneStatusBar.createAndAddWindows(PhoneStatusBar.java:3428)
05-30 15:57:16.831 W/StatusBar( 2812): 	at com.android.systemui.statusbar.BaseStatusBar.start(BaseStatusBar.java:765)
05-30 15:57:16.831 W/StatusBar( 2812): 	at com.android.systemui.statusbar.phone.PhoneStatusBar.start(PhoneStatusBar.java:686)
05-30 15:57:16.831 W/StatusBar( 2812): 	at com.android.systemui.statusbar.SystemBars.createStatusBarFromConfig(SystemBars.java:106)
05-30 15:57:16.831 W/StatusBar( 2812): 	at com.android.systemui.statusbar.SystemBars.onNoService(SystemBars.java:58)
05-30 15:57:16.831 W/StatusBar( 2812): 	at com.android.systemui.statusbar.ServiceMonitor.startService(ServiceMonitor.java:230)
05-30 15:57:16.831 W/StatusBar( 2812): 	at com.android.systemui.statusbar.ServiceMonitor.-wrap5(ServiceMonitor.java)
05-30 15:57:16.831 W/StatusBar( 2812): 	at com.android.systemui.statusbar.ServiceMonitor$1.handleMessage(ServiceMonitor.java:73)
05-30 15:57:16.831 W/StatusBar( 2812): 	at android.os.Handler.dispatchMessage(Handler.java:102)
05-30 15:57:16.831 W/StatusBar( 2812): 	at android.os.Looper.loop(Looper.java:154)
05-30 15:57:16.831 W/StatusBar( 2812): 	at android.app.ActivityThread.main(ActivityThread.java:6119)
05-30 15:57:16.831 W/StatusBar( 2812): 	at java.lang.reflect.Method.invoke(Native Method)
05-30 15:57:16.831 W/StatusBar( 2812): 	at com.android.internal.os.ZygoteInit$MethodAndArgsCaller.run(ZygoteInit.java:886)
05-30 15:57:16.831 W/StatusBar( 2812): 	at com.android.internal.os.ZygoteInit.main(ZygoteInit.java:776)
05-30 15:57:16.969 D/MediaScannerReceiver( 2990): action: android.intent.action.MEDIA_MOUNTED path: /storage/emulated/0
05-30 15:57:17.122 V/EmulatedCamera_Camera( 1332): getCameraInfo
05-30 15:57:17.122 V/EmulatedCamera_BaseCamera( 1332): getCameraInfo
05-30 15:57:17.125 V/EmulatedCamera_Camera( 1332): getCameraInfo
05-30 15:57:17.125 V/EmulatedCamera_BaseCamera( 1332): getCameraInfo
05-30 15:57:17.591 I/StatusBar( 2812): isKeyguardShowing() called before startKeyguard(), returning true
05-30 15:57:17.593 W/StatusBar( 2812): isKeyguardSecure() called before startKeyguard(), returning false
05-30 15:57:17.593 W/StatusBar( 2812): java.lang.Throwable
05-30 15:57:17.593 W/StatusBar( 2812): 	at com.android.systemui.statusbar.BaseStatusBar.isKeyguardSecure(BaseStatusBar.java:2647)
05-30 15:57:17.593 W/StatusBar( 2812): 	at com.android.systemui.statusbar.BaseStatusBar.isCameraAllowedByAdmin(BaseStatusBar.java:2670)
05-30 15:57:17.593 W/StatusBar( 2812): 	at com.android.systemui.statusbar.phone.KeyguardBottomAreaView.updateCameraVisibility(KeyguardBottomAreaView.java:309)
05-30 15:57:17.593 W/StatusBar( 2812): 	at com.android.systemui.statusbar.phone.KeyguardBottomAreaView.setUserSetupComplete(KeyguardBottomAreaView.java:281)
05-30 15:57:17.593 W/StatusBar( 2812): 	at com.android.systemui.statusbar.phone.PhoneStatusBar$1.onChange(PhoneStatusBar.java:441)
05-30 15:57:17.593 W/StatusBar( 2812): 	at com.android.systemui.statusbar.phone.PhoneStatusBar.resetUserSetupObserver(PhoneStatusBar.java:3676)
05-30 15:57:17.593 W/StatusBar( 2812): 	at com.android.systemui.statusbar.phone.PhoneStatusBar.makeStatusBarView(PhoneStatusBar.java:1008)
05-30 15:57:17.593 W/StatusBar( 2812): 	at com.android.systemui.statusbar.phone.PhoneStatusBar.addStatusBarWindow(PhoneStatusBar.java:3432)
05-30 15:57:17.593 W/StatusBar( 2812): 	at com.android.systemui.statusbar.phone.PhoneStatusBar.createAndAddWindows(PhoneStatusBar.java:3428)
05-30 15:57:17.593 W/StatusBar( 2812): 	at com.android.systemui.statusbar.BaseStatusBar.start(BaseStatusBar.java:765)
05-30 15:57:17.593 W/StatusBar( 2812): 	at com.android.systemui.statusbar.phone.PhoneStatusBar.start(PhoneStatusBar.java:686)
05-30 15:57:17.593 W/StatusBar( 2812): 	at com.android.systemui.statusbar.SystemBars.createStatusBarFromConfig(SystemBars.java:106)
05-30 15:57:17.593 W/StatusBar( 2812): 	at com.android.systemui.statusbar.SystemBars.onNoService(SystemBars.java:58)
05-30 15:57:17.593 W/StatusBar( 2812): 	at com.android.systemui.statusbar.ServiceMonitor.startService(ServiceMonitor.java:230)
05-30 15:57:17.593 W/StatusBar( 2812): 	at com.android.systemui.statusbar.ServiceMonitor.-wrap5(ServiceMonitor.java)
05-30 15:57:17.593 W/StatusBar( 2812): 	at com.android.systemui.statusbar.ServiceMonitor$1.handleMessage(ServiceMonitor.java:73)
05-30 15:57:17.593 W/StatusBar( 2812): 	at android.os.Handler.dispatchMessage(Handler.java:102)
05-30 15:57:17.593 W/StatusBar( 2812): 	at android.os.Looper.loop(Looper.java:154)
05-30 15:57:17.593 W/StatusBar( 2812): 	at android.app.ActivityThread.main(ActivityThread.java:6119)
05-30 15:57:17.593 W/StatusBar( 2812): 	at java.lang.reflect.Method.invoke(Native Method)
05-30 15:57:17.593 W/StatusBar( 2812): 	at com.android.internal.os.ZygoteInit$MethodAndArgsCaller.run(ZygoteInit.java:886)
05-30 15:57:17.593 W/StatusBar( 2812): 	at com.android.internal.os.ZygoteInit.main(ZygoteInit.java:776)
05-30 15:57:17.663 E/SurfaceFlinger( 1326): ro.sf.lcd_density must be defined as a build property
05-30 15:57:17.674 D/OpenGLRenderer( 2812): profile bars disabled
05-30 15:57:17.688 D/OpenGLRenderer( 2812): ambientRatio = 1.50
05-30 15:57:17.777 D/PhoneStatusBar( 2812): disable: < EXPAND* icons alerts system_info BACK* HOME* RECENT* clock SEARCH* quick_settings >
05-30 15:57:17.791 W/art     ( 3039): Unexpected CPU variant for X86 using defaults: x86_64
05-30 15:57:17.838 W/ActivityManager( 2101): Slow operation: 147ms so far, now at startProcess: returned from zygote!
05-30 15:57:17.838 W/ActivityManager( 2101): Slow operation: 147ms so far, now at startProcess: done updating battery stats
05-30 15:57:17.839 W/ActivityManager( 2101): Slow operation: 148ms so far, now at startProcess: building log message
05-30 15:57:17.839 I/ActivityManager( 2101): Start proc 3039:android.process.acore/u0a1 for content provider com.android.providers.contacts/.ContactsProvider2
05-30 15:57:17.839 W/ActivityManager( 2101): Slow operation: 148ms so far, now at startProcess: starting to update pids map
05-30 15:57:17.839 W/ActivityManager( 2101): Slow operation: 148ms so far, now at startProcess: done updating pids map
05-30 15:57:17.839 W/ActivityManager( 2101): Slow operation: 149ms so far, now at startProcess: done starting proc!
05-30 15:57:17.839 W/ActivityManager( 2101): Slow operation: 163ms so far, now at getContentProviderImpl: after start process
05-30 15:57:17.840 W/ActivityManager( 2101): Slow operation: 164ms so far, now at getContentProviderImpl: updating data structures
05-30 15:57:17.840 W/ActivityManager( 2101): Slow operation: 164ms so far, now at getContentProviderImpl: done!
05-30 15:57:18.060 W/System  ( 3039): ClassLoader referenced unknown path: /system/priv-app/ContactsProvider/lib/x86_64
05-30 15:57:18.452 D/PhoneStatusBar( 2812): heads up is enabled
05-30 15:57:18.586 W/KeyguardUpdateMonitor( 2812): invalid subId in handleSimStateChange()
05-30 15:57:18.675 V/KeyguardServiceDelegate( 2101): **** SHOWN CALLED ****
05-30 15:57:18.729 I/ContactsPerf( 3039): VoicemailContentProvider.onCreate start
05-30 15:57:18.831 I/ContactsPerf( 3039): VoicemailContentProvider.onCreate finish
05-30 15:57:18.869 I/Choreographer( 2812): Skipped 156 frames!  The application may be doing too much work on its main thread.
05-30 15:57:18.979 D/ViewRootImpl[StatusBar]( 2812): changeCanvasOpacity: opaque=true
05-30 15:57:19.467 W/System  ( 3039): ClassLoader referenced unknown path: /system/priv-app/BlockedNumberProvider/lib/x86_64
05-30 15:57:19.472 D/ApplicationLoaders( 3039): ignored Vulkan layer search path /system/priv-app/BlockedNumberProvider/lib/x86_64:/system/lib64:/vendor/lib64 for namespace 0x7c095f9c50f0
05-30 15:57:20.137 I/Choreographer( 2101): Skipped 54 frames!  The application may be doing too much work on its main thread.
05-30 15:57:20.173 W/System  ( 3039): ClassLoader referenced unknown path: /system/app/UserDictionaryProvider/lib/x86_64
05-30 15:57:20.181 D/ApplicationLoaders( 3039): ignored Vulkan layer search path /system/app/UserDictionaryProvider/lib/x86_64:/system/lib64:/vendor/lib64 for namespace 0x7c095f9c5160
05-30 15:57:21.922 I/art     ( 2812): Background partial concurrent mark sweep GC freed 18513(1658KB) AllocSpace objects, 4(84KB) LOS objects, 32% free, 8MB/12MB, paused 1.080ms total 458.593ms
