06-01 10:07:25.981 I/SystemServiceManager( 1857): Starting com.android.server.media.projection.MediaProjectionManagerService
06-01 10:07:26.030 V/MediaRouter( 1857): Adding route: RouteInfo{ name=Phone, description=null, status=null, category=RouteCategory{ name=null types=ROUTE_TYPE_LIVE_AUDIO ROUTE_TYPE_LIVE_VIDEO  groupable=false }, supportedTypes=ROUTE_TYPE_LIVE_AUDIO ROUTE_TYPE_LIVE_VIDEO , presentationDisplay=null }
06-01 10:07:26.058 V/MediaRouter( 1857): Updating audio routes: AudioRoutesInfo{ type=SPEAKER }
06-01 10:07:26.116 V/MediaRouter( 1857): Selecting route: RouteInfo{ name=Phone, description=null, status=null, category=RouteCategory{ name=null types=ROUTE_TYPE_LIVE_AUDIO ROUTE_TYPE_LIVE_VIDEO  groupable=false }, supportedTypes=ROUTE_TYPE_LIVE_AUDIO ROUTE_TYPE_LIVE_VIDEO , presentationDisplay=null }
06-01 10:07:26.137 I/WindowManager( 1857): SAFE MODE not enabled
06-01 10:07:26.138 I/SystemServiceManager( 1857): Starting com.android.server.MmsServiceBroker
06-01 10:07:26.275 W/VibratorService( 1857): Tried to stop vibrating but there is no vibrator device.
06-01 10:07:26.685 W/AssetAtlasService( 1857): Could not find EGL configuration
06-01 10:07:26.692 D/AssetAtlas( 1857): Rendered atlas in 797.02ms (749.09+47.94ms)
06-01 10:07:26.732 I/art     ( 1857): Background sticky concurrent mark sweep GC freed 13850(1173KB) AllocSpace objects, 8(160KB) LOS objects, 0% free, 12MB/12MB, paused 26.481ms total 721.185ms
06-01 10:07:27.063 E/LockSettingsStorage( 1857): Cannot read file java.io.FileNotFoundException: /data/system/gatekeeper.password.key: open failed: ENOENT (No such file or directory)
06-01 10:07:27.065 E/LockSettingsStorage( 1857): Cannot read file java.io.FileNotFoundException: /data/system/password.key: open failed: ENOENT (No such file or directory)
06-01 10:07:27.067 E/LockSettingsStorage( 1857): Cannot read file java.io.FileNotFoundException: /data/system/gatekeeper.pattern.key: open failed: ENOENT (No such file or directory)
06-01 10:07:27.069 E/LockSettingsStorage( 1857): Cannot read file java.io.FileNotFoundException: /data/system/gatekeeper.gesture.key: open failed: ENOENT (No such file or directory)
06-01 10:07:27.122 E/LockSettingsStorage( 1857): Cannot read file java.io.FileNotFoundException: /data/system/gesture.key: open failed: ENOENT (No such file or directory)
06-01 10:07:27.122 I/SystemServiceManager( 1857): Starting phase 480
06-01 10:07:27.135 E/hostapd ( 2138): Configuration file: /system/etc/simulated_hostapd.conf
06-01 10:07:27.238 I/DevicePolicyManagerService( 1857): Set ro.device_owner property to false
06-01 10:07:27.308 E/hostapd ( 2138): Could not read interface wlan1 flags: No such device
06-01 10:07:27.308 I/hostapd ( 2138): nl80211: Driver does not support authentication/association or connect commands
06-01 10:07:27.308 I/hostapd ( 2138): nl80211: deinit ifname=wlan1 disabled_11b_rates=0
06-01 10:07:27.309 E/hostapd ( 2138): Could not read interface wlan1 flags: No such device
06-01 10:07:27.322 E/hostapd ( 2138): nl80211 driver initialization failed.
06-01 10:07:27.322 I/hostapd ( 2138): wlan1: interface state UNINITIALIZED->DISABLED
06-01 10:07:27.323 I/hostapd ( 2138): wlan1: AP-DISABLED 
06-01 10:07:27.323 E/hostapd ( 2138): hostapd_free_hapd_data: Interface wlan1 wasn't started
06-01 10:07:27.330 W/art     ( 1857): Suspending all threads took: 35.231ms
06-01 10:07:27.376 I/SystemServiceManager( 1857): Starting phase 500
06-01 10:07:27.386 I/art     ( 1857): Background partial concurrent mark sweep GC freed 3254(233KB) AllocSpace objects, 3(4MB) LOS objects, 32% free, 8MB/12MB, paused 38.703ms total 595.479ms
06-01 10:07:27.425 D/ConnectivityMetricsLoggerService( 1857): onBootPhase: PHASE_SYSTEM_SERVICES_READY
06-01 10:07:27.624 I/WifiService( 1857): WifiService starting up with Wi-Fi disabled
06-01 10:07:27.659 I/WifiScanningService( 1857): Starting wifiscanner
06-01 10:07:27.755 I/RttService( 1857): Registering rttmanager
06-01 10:07:27.883 D/ZenLog  ( 1857): config: cleanUpZenRules,ZenModeConfig[user=0,allowCalls=true,allowRepeatCallers=false,allowMessages=false,allowCallsFrom=contacts,allowMessagesFrom=contacts,allowReminders=true,allowEvents=true,allowWhenScreenOff=true,allowWhenScreenOn=true,automaticRules={55791e34e80a438d872f3ee0d75d2aff=ZenRule[enabled=false,snoozing=false,name=Weeknight,zenMode=ZEN_MODE_ALARMS,conditionId=condition://android/schedule?days=1.2.3.4.5&start=22.0&end=7.0&exitAtAlarm=false,condition=Condition[id=condition://android/schedule?days=1.2.3.4.5&start=22.0&end=7.0&exitAtAlarm=false,summary=...,line1=...,line2=...,icon=0,state=STATE_FALSE,flags=2],component=ComponentInfo{android/com.android.server.notification.ScheduleConditionProvider},id=55791e34e80a438d872f3ee0d75d2aff,creationTime=1574383122597,enabler=null], f3f3db1d05034b449d11e2dd0fddc917=ZenRule[enabled=false,snoozing=false,name=Weekend,zenMode=ZEN_MODE_ALARMS,conditionId=condition://android/schedule?days=6.7&start=23.30&end=10.0&exitAtAlarm=false,condition=Condition[id=condition://android/schedule?days=6.7&start=23.30&end=10.0&exitAtAlarm=false,summary=...,line1=...,line2=...,icon=0,state=STATE_FALSE,flags=2],component=ComponentInfo{android/com.android.server.notification.ScheduleConditionProvider},id=f3f3db1d05034b449d11e2dd0fddc917,creationTime=1574383122598,enabler=null], a952894dbb2144c8bc7bbcd244ed361b=ZenRule[enabled=false,snoozing=false,name=Event,zenMode=ZEN_MODE_ALARMS,conditionId=condition://android/event?userId=-10000&calendar=&reply=1,condition=Condition[id=condition://android/event?userId=-10000&calendar=&reply=1,summary=...,line1=...,line2=...,icon=0,state=STATE_FALSE,flags=2],component=ComponentInfo{android/com.android.server.notification.EventConditionProvider},id=a952894dbb2144c8bc7bbcd244ed361b,creationTime=1574383122610,enabler=null]},manualRule=null],Diff[]
06-01 10:07:27.884 D/ZenLog  ( 1857): set_zen_mode: off,onSystemReady
06-01 10:07:27.987 D/PermissionCache( 1331): checking android.permission.CAPTURE_AUDIO_HOTWORD for uid=1000 => granted (1150 us)
06-01 10:07:27.989 W/SoundTriggerHelper( 1857): listModules status=0, # of modules=0
06-01 10:07:28.021 D/ContextHubSystemService( 1857): onBootPhase: PHASE_SYSTEM_SERVICES_READY
06-01 10:07:28.834 W/KeyguardServiceDelegate( 1857): onScreenTurningOn(): no keyguard service!
06-01 10:07:28.898 V/UserManagerService( 1857): Found /data/user_de/0 with serial number 0
06-01 10:07:28.899 V/UserManagerService( 1857): Found /data/user/0 with serial number 0
06-01 10:07:28.899 V/UserManagerService( 1857): Found /data/system_de/0 with serial number 0
06-01 10:07:29.066 V/UserManagerService( 1857): Found /data/system_ce/0 with serial number 0
06-01 10:07:29.585 E/ipv6proxy( 2144): Failed to get interface flags for wlan1: No such device
06-01 10:07:29.715 I/ActivityManager( 1857): System now ready
06-01 10:07:29.757 I/SystemServer( 1857): Making services ready
06-01 10:07:29.758 I/SystemServiceManager( 1857): Starting phase 550
06-01 10:07:29.840 W/WindowManager( 1857): Keyguard drawn timeout. Setting mKeyguardDrawComplete
06-01 10:07:30.413 E/InputMethodManagerService( 1857): Ignoring updateSystemUiLocked due to an invalid token. uid:1000 token:null
06-01 10:07:31.295 I/Zygote  ( 1857): Process: zygote socket opened, supported ABIS: x86_64
06-01 10:07:31.423 W/ActivityManager( 1857): Slow operation: 273ms so far, now at startProcess: returned from zygote!
06-01 10:07:31.423 W/ActivityManager( 1857): Slow operation: 274ms so far, now at startProcess: done updating battery stats
06-01 10:07:31.425 W/ActivityManager( 1857): Slow operation: 275ms so far, now at startProcess: building log message
06-01 10:07:31.425 I/ActivityManager( 1857): Start proc 2151:com.android.inputmethod.latin/u0a41 for service com.android.inputmethod.latin/.LatinIME
06-01 10:07:31.425 W/ActivityManager( 1857): Slow operation: 276ms so far, now at startProcess: starting to update pids map
06-01 10:07:31.426 W/ActivityManager( 1857): Slow operation: 277ms so far, now at startProcess: done updating pids map
06-01 10:07:31.426 W/ActivityManager( 1857): Slow operation: 278ms so far, now at startProcess: done starting proc!
06-01 10:07:31.428 V/InputMethodManagerService( 1857): Adding window token: android.os.Binder@9ec4d02
06-01 10:07:31.430 D/MountService( 1857): Thinking about init, mSystemReady=true, mDaemonConnected=true
06-01 10:07:31.431 D/MountService( 1857): Setting up emulation state, initlocked=false
06-01 10:07:31.432 D/CryptdConnector( 1857): SND -> {2 cryptfs unlock_user_key 0 0 ! !}
06-01 10:07:31.449 E/BitmapFactory( 1857): Unable to decode stream: java.io.FileNotFoundException: /data/system/users/0/wallpaper_orig (No such file or directory)
06-01 10:07:31.449 E/WallpaperManagerService( 1857): Invalid wallpaper data
06-01 10:07:31.449 E/WallpaperManagerService( 1857): Unable to apply new wallpaper
06-01 10:07:31.471 D/vold    ( 1280): e4crypt_unlock_user_key 0 serial=0 token_present=0
06-01 10:07:31.541 D/CryptdConnector( 1857): RCV <- {200 2 Command succeeded}
06-01 10:07:31.563 D/MountService( 1857): Thinking about reset, mSystemReady=true, mDaemonConnected=true
06-01 10:07:31.566 D/VoldConnector( 1857): SND -> {4 volume reset}
06-01 10:07:31.574 D/VoldConnector( 1857): RCV <- {651 emulated 7}
06-01 10:07:31.577 D/VoldConnector( 1857): RCV <- {659 emulated}
06-01 10:07:31.578 D/VoldConnector( 1857): RCV <- {650 emulated 2 "" ""}
06-01 10:07:31.579 D/VoldConnector( 1857): RCV <- {651 emulated 0}
06-01 10:07:31.604 W/art     ( 2151): Unexpected CPU variant for X86 using defaults: x86_64
06-01 10:07:31.608 D/vold    ( 1280): Recognized experimental block major ID 253 as virtio-blk (emulator's virtual SD card device)
06-01 10:07:31.609 V/vold    ( 1280): /system/bin/sgdisk
06-01 10:07:31.609 V/vold    ( 1280):     --android-dump
06-01 10:07:31.609 V/vold    ( 1280):     /dev/block/vold/disk:253,48
06-01 10:07:31.636 W/ActivityManager( 1857): Slow operation: 150ms so far, now at startProcess: returned from zygote!
06-01 10:07:31.636 W/ActivityManager( 1857): Slow operation: 150ms so far, now at startProcess: done updating battery stats
06-01 10:07:31.637 W/ActivityManager( 1857): Slow operation: 151ms so far, now at startProcess: building log message
06-01 10:07:31.637 I/ActivityManager( 1857): Start proc 2156:com.android.systemui/u0a21 for service com.android.systemui/.ImageWallpaper
06-01 10:07:31.637 W/ActivityManager( 1857): Slow operation: 151ms so far, now at startProcess: starting to update pids map
06-01 10:07:31.637 W/ActivityManager( 1857): Slow operation: 151ms so far, now at startProcess: done updating pids map
06-01 10:07:31.637 W/ActivityManager( 1857): Slow operation: 152ms so far, now at startProcess: done starting proc!
06-01 10:07:31.655 I/ActivityManager( 1857): Force stopping com.android.providers.media appid=10010 user=-1: vold reset
06-01 10:07:31.669 D/UsbAlsaManager( 1857): Adding ALSA device AlsaDevice: [card: 0, device: 0, type: 1]
06-01 10:07:31.684 E/BluetoothAdapter( 1857): Bluetooth binder is null
06-01 10:07:31.670 D/UsbAlsaManager( 1857): Adding ALSA device AlsaDevice: [card: 0, device: 0, type: 2]
06-01 10:07:31.688 I/SystemServer( 1857): WebViewFactory preparation
06-01 10:07:31.731 E/BluetoothAdapter( 1857): Bluetooth binder is null
06-01 10:07:31.630 V/MountService( 1857): Found primary storage at VolumeInfo{emulated}:
06-01 10:07:31.630 V/MountService( 1857):     type=EMULATED diskId=null partGuid=null mountFlags=0 mountUserId=-1 
06-01 10:07:31.630 V/MountService( 1857):     state=UNMOUNTED 
06-01 10:07:31.630 V/MountService( 1857):     fsType=null fsUuid=null fsLabel=null 
06-01 10:07:31.630 V/MountService( 1857):     path=null internalPath=null 
06-01 10:07:31.753 I/AudioFlinger( 1331): systemReady
06-01 10:07:31.795 W/art     ( 2156): Unexpected CPU variant for X86 using defaults: x86_64
06-01 10:07:31.804 D/VoldConnector( 1857): RCV <- {649 disk:253,48}
06-01 10:07:31.824 D/VoldConnector( 1857): RCV <- {640 disk:253,48 5}
06-01 10:07:31.842 D/VoldConnector( 1857): RCV <- {641 disk:253,48 524288000}
06-01 10:07:31.871 D/VoldConnector( 1857): RCV <- {642 disk:253,48 Virtual}
06-01 10:07:31.924 D/VoldConnector( 1857): RCV <- {644 disk:253,48 /sys//devices/pci0000:00/0000:00:06.0/virtio3/block/vdd}
06-01 10:07:31.982 D/WebViewFactory( 1857): Setting new address space to 114394000
06-01 10:07:32.204 E/WVMExtractor( 1857): Failed to open libwvm.so: dlopen failed: library "libwvm.so" not found
06-01 10:07:32.453 I/Zygote  ( 1857): Process: zygote socket opened, supported ABIS: x86
06-01 10:07:32.669 I/art     ( 1330): Starting a blocking GC Background
06-01 10:07:32.843 I/MediaPlayerService( 1339): MediaPlayerService::getOMX
06-01 10:07:33.102 I/OMXClient( 1339): MuxOMX ctor
06-01 10:07:33.223 I/MediaPlayerService( 1339): MediaPlayerService::getOMX
06-01 10:07:33.240 I/OMXClient( 1339): MuxOMX ctor
06-01 10:07:33.303 I/art     ( 1330): Background concurrent mark sweep GC freed 129(17KB) AllocSpace objects, 0(0B) LOS objects, 39% free, 6MB/10MB, paused 2.274ms total 594.697ms
06-01 10:07:33.250 I/OMXMaster( 1336): makeComponentInstance(OMX.google.mp3.decoder) in mediacodec process
06-01 10:07:33.516 E/hostapd ( 2182): Configuration file: /system/etc/simulated_hostapd.conf
06-01 10:07:33.694 E/hostapd ( 2182): Could not read interface wlan1 flags: No such device
06-01 10:07:33.695 I/hostapd ( 2182): nl80211: Driver does not support authentication/association or connect commands
06-01 10:07:33.695 I/hostapd ( 2182): nl80211: deinit ifname=wlan1 disabled_11b_rates=0
06-01 10:07:33.696 E/hostapd ( 2182): Could not read interface wlan1 flags: No such device
06-01 10:07:33.697 E/hostapd ( 2182): nl80211 driver initialization failed.
06-01 10:07:33.697 I/hostapd ( 2182): wlan1: interface state UNINITIALIZED->DISABLED
06-01 10:07:33.697 I/hostapd ( 2182): wlan1: AP-DISABLED 
06-01 10:07:33.697 E/hostapd ( 2182): hostapd_free_hapd_data: Interface wlan1 wasn't started
06-01 10:07:33.745 V/vold    ( 1280): DISK gpt BB9123B5-D349-492B-A02C-70E73BB77C56
06-01 10:07:33.745 V/vold    ( 1280): 
06-01 10:07:33.746 V/vold    ( 1280): PART 1 19A710A2-B3CA-11E4-B026-10604B889DCF EED9717C-D445-490C-8E8D-2D167B319359 android_meta
06-01 10:07:33.746 V/vold    ( 1280): 
06-01 10:07:33.746 V/vold    ( 1280): PART 2 193D1EA4-B3CA-11E4-B075-10604B889DCF 8F368E03-8B01-C40D-EBD0-D1FEEDFE912E android_expand
06-01 10:07:33.746 V/vold    ( 1280): 
06-01 10:07:33.786 E/vold    ( 1280): Failed to load key for GUID 8f368e038b01c40debd0d1feedfe912e: No such file or directory
06-01 10:07:33.786 D/VoldConnector( 1857): RCV <- {643 disk:253,48}
06-01 10:07:33.801 D/VoldConnector( 1857): RCV <- {200 4 Command succeeded}
06-01 10:07:33.812 E/VoldConnector( 1857): NDC Command {4 volume reset} took too long (2246ms)
06-01 10:07:33.814 D/VoldConnector( 1857): SND -> {5 volume user_added 0 0}
06-01 10:07:33.822 D/VoldConnector( 1857): RCV <- {200 5 Command succeeded}
06-01 10:07:34.278 W/ActivityManager( 1857): Slow operation: 2263ms so far, now at startProcess: returned from zygote!
06-01 10:07:34.279 W/ActivityManager( 1857): Slow operation: 2264ms so far, now at startProcess: done updating battery stats
06-01 10:07:34.279 W/ActivityManager( 1857): Slow operation: 2264ms so far, now at startProcess: building log message
06-01 10:07:34.280 I/ActivityManager( 1857): Start proc 2194:WebViewLoader-x86/1037 [android.webkit.WebViewFactory$RelroFileCreator] for 
06-01 10:07:34.299 E/ipv6proxy( 2193): Failed to get interface flags for wlan1: No such device
06-01 10:07:34.303 W/ActivityManager( 1857): Slow operation: 2287ms so far, now at startProcess: starting to update pids map
06-01 10:07:34.303 W/ActivityManager( 1857): Slow operation: 2288ms so far, now at startProcess: done updating pids map
06-01 10:07:34.303 W/ActivityManager( 1857): Slow operation: 2289ms so far, now at startProcess: done starting proc!
06-01 10:07:34.305 W/art     ( 1857): Long monitor contention with owner main (1857) at int com.android.server.am.ActivityManagerService.startIsolatedProcess(java.lang.String, java.lang.String[], java.lang.String, java.lang.String, int, java.lang.Runnable)(ActivityManagerService.java:3509) waiters=0 in void com.android.server.am.ActivityManagerService.dispatchUidsChanged() for 2.288s
06-01 10:07:34.307 W/art     ( 1857): Long monitor contention with owner main (1857) at int com.android.server.am.ActivityManagerService.startIsolatedProcess(java.lang.String, java.lang.String[], java.lang.String, java.lang.String, int, java.lang.Runnable)(ActivityManagerService.java:3509) waiters=2 in void com.android.server.am.ActivityManagerService.attachApplication(android.app.IApplicationThread) for 1.994s
06-01 10:07:34.311 W/art     ( 1857): Long monitor contention with owner main (1857) at int com.android.server.am.ActivityManagerService.startIsolatedProcess(java.lang.String, java.lang.String[], java.lang.String, java.lang.String, int, java.lang.Runnable)(ActivityManagerService.java:3509) waiters=1 in void com.android.server.am.ActivityManagerService.attachApplication(android.app.IApplicationThread) for 2.013s
06-01 10:07:34.410 W/art     ( 1857): Long monitor contention with owner main (1857) at int com.android.server.am.ActivityManagerService.startIsolatedProcess(java.lang.String, java.lang.String[], java.lang.String, java.lang.String, int, java.lang.Runnable)(ActivityManagerService.java:3509) waiters=3 in int com.android.server.am.ActivityManagerService.getAppStartMode(int, java.lang.String) for 536ms
06-01 10:07:34.431 W/art     ( 1857): Long monitor contention with owner main (1857) at int com.android.server.am.ActivityManagerService.startIsolatedProcess(java.lang.String, java.lang.String[], java.lang.String, java.lang.String, int, java.lang.Runnable)(ActivityManagerService.java:3509) waiters=4 in void com.android.server.am.ActivityManagerService$MainHandler.handleMessage(android.os.Message) for 278ms
06-01 10:07:34.455 D/VoldConnector( 1857): SND -> {6 volume mount emulated 3 -1}
06-01 10:07:34.480 D/VoldConnector( 1857): RCV <- {651 emulated 1}
06-01 10:07:34.482 D/VoldConnector( 1857): RCV <- {656 emulated /data/media}
06-01 10:07:34.483 D/VoldConnector( 1857): RCV <- {655 emulated /storage/emulated}
06-01 10:07:34.620 V/vold    ( 1280): Waiting for FUSE to spin up...
06-01 10:07:34.677 V/vold    ( 1280): Waiting for FUSE to spin up...
06-01 10:07:34.717 W/art     ( 2194): Unexpected CPU variant for X86 using defaults: x86
06-01 10:07:34.728 V/vold    ( 1280): Waiting for FUSE to spin up...
06-01 10:07:34.780 V/vold    ( 1280): Waiting for FUSE to spin up...
06-01 10:07:34.802 W/ActivityManager( 1857): Slow operation: 341ms so far, now at startProcess: returned from zygote!
06-01 10:07:34.802 W/ActivityManager( 1857): Slow operation: 341ms so far, now at startProcess: done updating battery stats
06-01 10:07:34.803 W/ActivityManager( 1857): Slow operation: 342ms so far, now at startProcess: building log message
06-01 10:07:34.803 I/ActivityManager( 1857): Start proc 2200:WebViewLoader-x86_64/1037 [android.webkit.WebViewFactory$RelroFileCreator] for 
06-01 10:07:34.803 W/ActivityManager( 1857): Slow operation: 342ms so far, now at startProcess: starting to update pids map
06-01 10:07:34.803 W/ActivityManager( 1857): Slow operation: 342ms so far, now at startProcess: done updating pids map
06-01 10:07:34.803 W/ActivityManager( 1857): Slow operation: 342ms so far, now at startProcess: done starting proc!
06-01 10:07:34.825 D/NetworkManagement( 1857): enabling bandwidth control
06-01 10:07:34.837 V/vold    ( 1280): Waiting for FUSE to spin up...
06-01 10:07:34.846 W/art     ( 2200): Unexpected CPU variant for X86 using defaults: x86_64
06-01 10:07:34.877 W/art     ( 1857): Long monitor contention with owner main (1857) at int com.android.server.am.ActivityManagerService.startIsolatedProcess(java.lang.String, java.lang.String[], java.lang.String, java.lang.String, int, java.lang.Runnable)(ActivityManagerService.java:3509) waiters=1 in void com.android.server.am.ActivityManagerService$MainHandler.handleMessage(android.os.Message) for 340ms
06-01 10:07:34.880 W/art     ( 1857): Long monitor contention with owner Binder:1857_4 (2171) at void com.android.server.am.ActivityManagerService.attachApplication(android.app.IApplicationThread)(ActivityManagerService.java:6669) waiters=4 in void com.android.server.am.ActivityManagerService.dispatchProcessesChanged() for 439ms
06-01 10:07:35.214 V/vold    ( 1280): Waiting for FUSE to spin up...
06-01 10:07:35.394 V/vold    ( 1280): Waiting for FUSE to spin up...
06-01 10:07:35.460 V/vold    ( 1280): Waiting for FUSE to spin up...
06-01 10:07:35.520 V/vold    ( 1280): Waiting for FUSE to spin up...
06-01 10:07:35.539 W/System  ( 2156): ClassLoader referenced unknown path: /system/priv-app/SystemUI/lib/x86_64
06-01 10:07:35.577 V/vold    ( 1280): Waiting for FUSE to spin up...
06-01 10:07:35.630 V/vold    ( 1280): Waiting for FUSE to spin up...
06-01 10:07:35.700 V/vold    ( 1280): Waiting for FUSE to spin up...
06-01 10:07:35.760 V/vold    ( 1280): Waiting for FUSE to spin up...
06-01 10:07:35.808 V/WebViewFactory( 2200): RelroFileCreator (64bit = true),  32-bit lib: /system/app/webview/webview.apk!/lib/x86/libwebviewchromium.so, 64-bit lib: /system/app/webview/webview.apk!/lib/x86_64/libwebviewchromium.so
06-01 10:07:35.822 V/vold    ( 1280): Waiting for FUSE to spin up...
06-01 10:07:35.873 V/vold    ( 1280): Waiting for FUSE to spin up...
06-01 10:07:35.930 V/vold    ( 1280): Waiting for FUSE to spin up...
06-01 10:07:35.944 I/MediaPlayerService( 1339): MediaPlayerService::getOMX
06-01 10:07:35.949 I/OMXClient( 1339): MuxOMX ctor
06-01 10:07:35.989 W/sdcard  ( 2199): Device explicitly disabled sdcardfs
06-01 10:07:35.993 V/vold    ( 1280): Waiting for FUSE to spin up...
06-01 10:07:36.008 I/OMXMaster( 1336): makeComponentInstance(OMX.google.amrnb.decoder) in mediacodec process
06-01 10:07:36.053 V/vold    ( 1280): Waiting for FUSE to spin up...
06-01 10:07:36.121 V/vold    ( 1280): Waiting for FUSE to spin up...
06-01 10:07:36.179 V/vold    ( 1280): Waiting for FUSE to spin up...
06-01 10:07:36.279 V/vold    ( 1280): Waiting for FUSE to spin up...
06-01 10:07:36.348 V/vold    ( 1280): Waiting for FUSE to spin up...
06-01 10:07:36.400 V/vold    ( 1280): Waiting for FUSE to spin up...
06-01 10:07:36.455 V/vold    ( 1280): Waiting for FUSE to spin up...
06-01 10:07:36.508 V/vold    ( 1280): Waiting for FUSE to spin up...
06-01 10:07:36.560 V/vold    ( 1280): Waiting for FUSE to spin up...
06-01 10:07:36.612 V/vold    ( 1280): Waiting for FUSE to spin up...
06-01 10:07:36.674 I/MediaPlayerService( 1339): MediaPlayerService::getOMX
06-01 10:07:36.676 I/OMXClient( 1339): MuxOMX ctor
06-01 10:07:36.723 I/OMXMaster( 1336): makeComponentInstance(OMX.google.amrwb.decoder) in mediacodec process
06-01 10:07:36.775 D/VoldConnector( 1857): RCV <- {651 emulated 2}
06-01 10:07:36.847 D/VoldConnector( 1857): RCV <- {200 6 Command succeeded}
06-01 10:07:36.882 E/VoldConnector( 1857): NDC Command {6 volume mount emulated 3 -1} took too long (2426ms)
06-01 10:07:36.899 I/MediaPlayerService( 1339): MediaPlayerService::getOMX
06-01 10:07:37.031 I/OMXClient( 1339): MuxOMX ctor
06-01 10:07:37.103 I/OMXMaster( 1336): makeComponentInstance(OMX.google.aac.decoder) in mediacodec process
06-01 10:07:37.337 V/WebViewFactory( 2194): RelroFileCreator (64bit = false),  32-bit lib: /system/app/webview/webview.apk!/lib/x86/libwebviewchromium.so, 64-bit lib: /system/app/webview/webview.apk!/lib/x86_64/libwebviewchromium.so
06-01 10:07:37.482 I/MediaPlayerService( 1339): MediaPlayerService::getOMX
06-01 10:07:37.553 I/OMXClient( 1339): MuxOMX ctor
06-01 10:07:37.561 I/OMXMaster( 1336): makeComponentInstance(OMX.google.g711.alaw.decoder) in mediacodec process
06-01 10:07:38.064 V/SystemUIService( 2156): Starting SystemUI services for user 0.
06-01 10:07:38.813 E/hostapd ( 2235): Configuration file: /system/etc/simulated_hostapd.conf
06-01 10:07:38.965 V/MediaRouter( 2156): Adding route: RouteInfo{ name=Phone, description=null, status=null, category=RouteCategory{ name=null types=ROUTE_TYPE_LIVE_AUDIO ROUTE_TYPE_LIVE_VIDEO  groupable=false }, supportedTypes=ROUTE_TYPE_LIVE_AUDIO ROUTE_TYPE_LIVE_VIDEO , presentationDisplay=null }
06-01 10:07:39.096 V/MediaRouter( 2156): Updating audio routes: AudioRoutesInfo{ type=SPEAKER }
06-01 10:07:39.104 I/LatinIME( 2151): Hardware accelerated drawing: true
06-01 10:07:39.128 E/hostapd ( 2235): Could not read interface wlan1 flags: No such device
06-01 10:07:39.129 I/hostapd ( 2235): nl80211: Driver does not support authentication/association or connect commands
06-01 10:07:39.129 I/hostapd ( 2235): nl80211: deinit ifname=wlan1 disabled_11b_rates=0
06-01 10:07:39.149 V/MediaRouter( 2156): Selecting route: RouteInfo{ name=Phone, description=null, status=null, category=RouteCategory{ name=null types=ROUTE_TYPE_LIVE_AUDIO ROUTE_TYPE_LIVE_VIDEO  groupable=false }, supportedTypes=ROUTE_TYPE_LIVE_AUDIO ROUTE_TYPE_LIVE_VIDEO , presentationDisplay=null }
06-01 10:07:39.284 E/hostapd ( 2235): Could not read interface wlan1 flags: No such device
06-01 10:07:39.285 E/hostapd ( 2235): nl80211 driver initialization failed.
06-01 10:07:39.285 I/hostapd ( 2235): wlan1: interface state UNINITIALIZED->DISABLED
06-01 10:07:39.285 I/hostapd ( 2235): wlan1: AP-DISABLED 
06-01 10:07:39.285 E/hostapd ( 2235): hostapd_free_hapd_data: Interface wlan1 wasn't started
06-01 10:07:39.320 I/MediaPlayerService( 1339): MediaPlayerService::getOMX
06-01 10:07:39.540 I/OMXClient( 1339): MuxOMX ctor
06-01 10:07:39.541 I/OMXMaster( 1336): makeComponentInstance(OMX.google.g711.mlaw.decoder) in mediacodec process
06-01 10:07:40.582 I/art     ( 2200): System.exit called, status: 0
06-01 10:07:40.616 I/AndroidRuntime( 2200): VM exiting with result code 0, cleanup skipped.
06-01 10:07:40.723 I/art     ( 2194): System.exit called, status: 0
06-01 10:07:40.724 I/AndroidRuntime( 2194): VM exiting with result code 0, cleanup skipped.
06-01 10:07:41.086 I/MediaPlayerService( 1339): MediaPlayerService::getOMX
06-01 10:07:41.088 I/OMXClient( 1339): MuxOMX ctor
06-01 10:07:41.089 I/OMXMaster( 1336): makeComponentInstance(OMX.google.vorbis.decoder) in mediacodec process
06-01 10:07:41.155 E/WVMExtractor( 2156): Failed to open libwvm.so: dlopen failed: library "libwvm.so" not found
06-01 10:07:41.258 E/NetdConnector( 1857): NDC Command {3 bandwidth enable} took too long (6432ms)
06-01 10:07:42.573 E/hostapd ( 2267): Configuration file: /system/etc/simulated_hostapd.conf
06-01 10:07:42.665 E/hostapd ( 2267): Could not read interface wlan1 flags: No such device
06-01 10:07:42.666 I/hostapd ( 2267): nl80211: Driver does not support authentication/association or connect commands
06-01 10:07:42.666 I/hostapd ( 2267): nl80211: deinit ifname=wlan1 disabled_11b_rates=0
06-01 10:07:42.667 E/hostapd ( 2267): Could not read interface wlan1 flags: No such device
06-01 10:07:42.667 E/hostapd ( 2267): nl80211 driver initialization failed.
06-01 10:07:42.667 I/hostapd ( 2267): wlan1: interface state UNINITIALIZED->DISABLED
06-01 10:07:42.668 I/hostapd ( 2267): wlan1: AP-DISABLED 
06-01 10:07:42.668 E/hostapd ( 2267): hostapd_free_hapd_data: Interface wlan1 wasn't started
06-01 10:07:42.977 E/ipv6proxy( 2250): Failed to get interface flags for wlan1: No such device
06-01 10:07:43.064 I/MediaPlayerService( 1339): MediaPlayerService::getOMX
06-01 10:07:43.066 I/OMXClient( 1339): MuxOMX ctor
06-01 10:07:43.067 I/OMXMaster( 1336): makeComponentInstance(OMX.google.opus.decoder) in mediacodec process
06-01 10:07:44.350 W/InputAttributes( 2151): No editor info for this field. Bug?
06-01 10:07:44.568 I/MediaPlayerService( 1339): MediaPlayerService::getOMX
06-01 10:07:44.582 I/OMXClient( 1339): MuxOMX ctor
06-01 10:07:44.618 I/OMXMaster( 1336): makeComponentInstance(OMX.google.raw.decoder) in mediacodec process
06-01 10:07:44.736 I/MediaPlayerService( 1339): MediaPlayerService::getOMX
06-01 10:07:44.738 I/OMXClient( 1339): MuxOMX ctor
06-01 10:07:44.739 I/OMXMaster( 1336): makeComponentInstance(OMX.google.aac.encoder) in mediacodec process
06-01 10:07:45.019 I/MediaPlayerService( 1339): MediaPlayerService::getOMX
06-01 10:07:45.053 I/LatinIME:LogUtils( 2151): Dictionary info: dictionary = userunigram.en_US ; version = 1591006064 ; date = ?
06-01 10:07:45.096 I/OMXClient( 1339): MuxOMX ctor
06-01 10:07:45.097 I/OMXMaster( 1336): makeComponentInstance(OMX.google.amrnb.encoder) in mediacodec process
06-01 10:07:45.157 I/MediaPlayerService( 1339): MediaPlayerService::getOMX
06-01 10:07:45.158 I/OMXClient( 1339): MuxOMX ctor
06-01 10:07:45.159 I/OMXMaster( 1336): makeComponentInstance(OMX.google.amrwb.encoder) in mediacodec process
06-01 10:07:45.184 E/ipv6proxy( 2280): Failed to get interface flags for wlan1: No such device
06-01 10:07:45.240 E/ActivityThread( 2151): Failed to find provider info for user_dictionary
06-01 10:07:45.245 I/LatinIME:LogUtils( 2151): Dictionary info: dictionary = UserHistoryDictionary.en_US ; version = 1591006065 ; date = ?
06-01 10:07:45.326 I/vol.Events( 2156): writeEvent collection_started
06-01 10:07:45.408 I/MediaPlayerService( 1339): MediaPlayerService::getOMX
06-01 10:07:45.460 I/OMXClient( 1339): MuxOMX ctor
06-01 10:07:45.462 I/OMXMaster( 1336): makeComponentInstance(OMX.google.flac.encoder) in mediacodec process
06-01 10:07:45.651 E/NetdConnector( 1857): NDC Command {4 strict enable} took too long (4377ms)
06-01 10:07:45.653 W/NetworkManagement( 1857): setDataSaverMode(): already false
06-01 10:07:45.796 I/vol.Events( 2156): writeEvent external_ringer_mode_changed normal
06-01 10:07:45.797 I/vol.Events( 2156): writeEvent internal_ringer_mode_changed normal
06-01 10:07:46.860 I/MediaPlayerService( 1339): MediaPlayerService::getOMX
06-01 10:07:46.863 I/OMXClient( 1339): MuxOMX ctor
06-01 10:07:46.863 I/OMXMaster( 1336): makeComponentInstance(OMX.google.gsm.decoder) in mediacodec process
06-01 10:07:47.265 W/AudioService( 1857): onLoadSoundEffects(), Error 1 while loading samples
06-01 10:07:48.099 E/hostapd ( 2304): Configuration file: /system/etc/simulated_hostapd.conf
06-01 10:07:48.222 E/hostapd ( 2304): Could not read interface wlan1 flags: No such device
06-01 10:07:48.223 I/hostapd ( 2304): nl80211: Driver does not support authentication/association or connect commands
06-01 10:07:48.223 I/hostapd ( 2304): nl80211: deinit ifname=wlan1 disabled_11b_rates=0
06-01 10:07:48.224 E/hostapd ( 2304): Could not read interface wlan1 flags: No such device
06-01 10:07:48.224 E/hostapd ( 2304): nl80211 driver initialization failed.
06-01 10:07:48.225 I/hostapd ( 2304): wlan1: interface state UNINITIALIZED->DISABLED
06-01 10:07:48.225 I/hostapd ( 2304): wlan1: AP-DISABLED 
06-01 10:07:48.225 E/hostapd ( 2304): hostapd_free_hapd_data: Interface wlan1 wasn't started
06-01 10:07:48.763 I/MediaPlayerService( 1339): MediaPlayerService::getOMX
06-01 10:07:48.851 I/OMXClient( 1339): MuxOMX ctor
06-01 10:07:48.858 I/OMXMaster( 1336): makeComponentInstance(OMX.google.mpeg4.decoder) in mediacodec process
06-01 10:07:49.206 E/NetdConnector( 1857): NDC Command {7 bandwidth setglobalalert 2097152} took too long (2951ms)
06-01 10:07:49.446 D/NetworkPolicy( 1857): setRestrictBackgroundUL(): false
06-01 10:07:49.484 W/NetworkManagement( 1857): setDataSaverMode(): already false
06-01 10:07:49.853 W/ActivityManager( 1857): Timeout executing service: ServiceRecord{78914b5 u0 com.android.server.telecom/.components.TelecomService}
06-01 10:07:50.164 I/Process ( 1857): Sending signal. PID: 1857 SIG: 3
06-01 10:07:50.173 I/art     ( 1857): Thread[2,tid=1862,WaitingInMainSignalCatcherLoop,Thread*=0x76c0aa030000,peer=0x12c010d0,"Signal Catcher"]: reacting to signal 3
06-01 10:07:50.174 I/art     ( 1857): 
06-01 10:07:50.529 E/ipv6proxy( 2312): Failed to get interface flags for wlan1: No such device
06-01 10:07:50.548 E/OMXNodeInstance( 1336): getExtensionIndex(538000f:google.mpeg4.decoder, OMX.google.android.index.configureVideoTunnelMode) ERROR: UnsupportedIndex(0x8000101a)
06-01 10:07:50.550 W/OMXNodeInstance( 1336): [538000f:google.mpeg4.decoder] component does not support metadata mode; using fallback
06-01 10:07:50.671 I/MediaPlayerService( 1339): MediaPlayerService::getOMX
06-01 10:07:50.673 I/OMXClient( 1339): MuxOMX ctor
06-01 10:07:50.674 I/OMXMaster( 1336): makeComponentInstance(OMX.google.h263.decoder) in mediacodec process
06-01 10:07:51.170 I/Process ( 1857): Sending signal. PID: 2156 SIG: 3
06-01 10:07:51.172 I/art     ( 2156): Thread[3,tid=2173,WaitingInMainSignalCatcherLoop,Thread*=0x76c0b0c96400,peer=0x12c005e0,"Signal Catcher"]: reacting to signal 3
06-01 10:07:51.172 I/art     ( 2156): 
06-01 10:07:51.221 W/art     ( 2156): Suspending all threads took: 48.179ms
06-01 10:07:51.314 W/art     ( 1857): Long monitor contention with owner NetworkPolicy (2098) at boolean android.os.BinderProxy.transactNative(int, android.os.Parcel, android.os.Parcel, int)(Binder.java:-2) waiters=0 in void com.android.server.NetworkManagementService.setFirewallChainEnabled(int, boolean) for 1.361s
06-01 10:07:51.912 E/OMXNodeInstance( 1336): getExtensionIndex(5380010:google.h263.decoder, OMX.google.android.index.configureVideoTunnelMode) ERROR: UnsupportedIndex(0x8000101a)
06-01 10:07:51.913 W/OMXNodeInstance( 1336): [5380010:google.h263.decoder] component does not support metadata mode; using fallback
06-01 10:07:52.034 I/MediaPlayerService( 1339): MediaPlayerService::getOMX
06-01 10:07:52.036 I/OMXClient( 1339): MuxOMX ctor
06-01 10:07:52.036 I/OMXMaster( 1336): makeComponentInstance(OMX.google.h264.decoder) in mediacodec process
06-01 10:07:52.581 I/art     ( 2156): Wrote stack traces to '/data/anr/traces.txt'
06-01 10:07:53.012 E/hostapd ( 2326): Configuration file: /system/etc/simulated_hostapd.conf
06-01 10:07:53.214 W/ACodec  ( 1339): [OMX.google.h264.decoder] stopping checking profiles after 32: 2/8000
06-01 10:07:53.217 E/OMXNodeInstance( 1336): getExtensionIndex(5380011:google.h264.decoder, OMX.google.android.index.configureVideoTunnelMode) ERROR: UnsupportedIndex(0x8000101a)
06-01 10:07:53.218 W/OMXNodeInstance( 1336): [5380011:google.h264.decoder] component does not support metadata mode; using fallback
06-01 10:07:53.221 E/hostapd ( 2326): Could not read interface wlan1 flags: No such device
06-01 10:07:53.222 I/hostapd ( 2326): nl80211: Driver does not support authentication/association or connect commands
06-01 10:07:53.222 I/hostapd ( 2326): nl80211: deinit ifname=wlan1 disabled_11b_rates=0
06-01 10:07:53.223 E/hostapd ( 2326): Could not read interface wlan1 flags: No such device
06-01 10:07:53.223 E/hostapd ( 2326): nl80211 driver initialization failed.
06-01 10:07:53.224 I/hostapd ( 2326): wlan1: interface state UNINITIALIZED->DISABLED
06-01 10:07:53.224 I/hostapd ( 2326): wlan1: AP-DISABLED 
06-01 10:07:53.224 E/hostapd ( 2326): hostapd_free_hapd_data: Interface wlan1 wasn't started
06-01 10:07:53.274 I/MediaPlayerService( 1339): MediaPlayerService::getOMX
06-01 10:07:53.276 I/OMXClient( 1339): MuxOMX ctor
06-01 10:07:53.277 I/OMXMaster( 1336): makeComponentInstance(OMX.google.hevc.decoder) in mediacodec process
06-01 10:07:54.309 E/OMXNodeInstance( 1336): getExtensionIndex(5380012:google.hevc.decoder, OMX.google.android.index.configureVideoTunnelMode) ERROR: UnsupportedIndex(0x8000101a)
06-01 10:07:54.340 W/OMXNodeInstance( 1336): [5380012:google.hevc.decoder] component does not support metadata mode; using fallback
06-01 10:07:54.365 I/MediaPlayerService( 1339): MediaPlayerService::getOMX
06-01 10:07:54.367 I/OMXClient( 1339): MuxOMX ctor
06-01 10:07:54.368 I/OMXMaster( 1336): makeComponentInstance(OMX.google.vp8.decoder) in mediacodec process
06-01 10:07:54.835 E/ipv6proxy( 2336): Failed to get interface flags for wlan1: No such device
06-01 10:07:55.109 E/OMXNodeInstance( 1336): getExtensionIndex(5380013:google.vp8.decoder, OMX.google.android.index.configureVideoTunnelMode) ERROR: UnsupportedIndex(0x8000101a)
06-01 10:07:55.110 W/OMXNodeInstance( 1336): [5380013:google.vp8.decoder] component does not support metadata mode; using fallback
06-01 10:07:55.244 I/MediaPlayerService( 1339): MediaPlayerService::getOMX
06-01 10:07:55.246 I/OMXClient( 1339): MuxOMX ctor
06-01 10:07:55.246 I/OMXMaster( 1336): makeComponentInstance(OMX.google.vp9.decoder) in mediacodec process
06-01 10:07:55.802 E/OMXNodeInstance( 1336): getExtensionIndex(5380014:google.vp9.decoder, OMX.google.android.index.configureVideoTunnelMode) ERROR: UnsupportedIndex(0x8000101a)
06-01 10:07:55.802 W/OMXNodeInstance( 1336): [5380014:google.vp9.decoder] component does not support metadata mode; using fallback
06-01 10:07:55.837 I/MediaPlayerService( 1339): MediaPlayerService::getOMX
06-01 10:07:55.839 I/OMXClient( 1339): MuxOMX ctor
06-01 10:07:55.847 I/OMXMaster( 1336): makeComponentInstance(OMX.google.h263.encoder) in mediacodec process
06-01 10:07:56.522 W/        ( 1279): debuggerd: handling request: pid=1325 uid=1000 gid=1003 tid=1325
06-01 10:07:56.674 I/SoftMPEG4Encoder( 1336): Construct SoftMPEG4Encoder
06-01 10:07:56.692 E/hostapd ( 2347): Configuration file: /system/etc/simulated_hostapd.conf
06-01 10:07:56.766 W/ACodec  ( 1339): do not know color format 0x7f000789 = 2130708361
06-01 10:07:56.768 E/OMXNodeInstance( 1336): getConfig(5380015:google.h263.encoder, ConfigAndroidIntraRefresh(0x6f60000a)) ERROR: Undefined(0x80001001)
06-01 10:07:56.810 I/MediaPlayerService( 1339): MediaPlayerService::getOMX
06-01 10:07:56.812 I/OMXClient( 1339): MuxOMX ctor
06-01 10:07:56.813 I/OMXMaster( 1336): makeComponentInstance(OMX.google.h264.encoder) in mediacodec process
06-01 10:07:56.845 E/hostapd ( 2347): Could not read interface wlan1 flags: No such device
06-01 10:07:56.846 I/hostapd ( 2347): nl80211: Driver does not support authentication/association or connect commands
06-01 10:07:56.846 I/hostapd ( 2347): nl80211: deinit ifname=wlan1 disabled_11b_rates=0
06-01 10:07:56.847 E/hostapd ( 2347): Could not read interface wlan1 flags: No such device
06-01 10:07:56.848 E/hostapd ( 2347): nl80211 driver initialization failed.
06-01 10:07:56.848 I/hostapd ( 2347): wlan1: interface state UNINITIALIZED->DISABLED
06-01 10:07:56.848 I/hostapd ( 2347): wlan1: AP-DISABLED 
06-01 10:07:56.848 E/hostapd ( 2347): hostapd_free_hapd_data: Interface wlan1 wasn't started
06-01 10:07:57.212 E/NetdConnector( 1857): NDC Command {8 firewall enable_chain standby} took too long (5895ms)
06-01 10:07:57.417 W/ACodec  ( 1339): do not know color format 0x7f000789 = 2130708361
06-01 10:07:57.453 I/MediaPlayerService( 1339): MediaPlayerService::getOMX
06-01 10:07:57.454 I/OMXClient( 1339): MuxOMX ctor
06-01 10:07:57.455 I/OMXMaster( 1336): makeComponentInstance(OMX.google.mpeg4.encoder) in mediacodec process
06-01 10:07:57.534 I/SystemServiceManager( 1857): Starting phase 600
06-01 10:07:57.762 W/        ( 1279): debuggerd: resuming target 1325
06-01 10:07:57.766 W/        ( 1279): debuggerd: handling request: pid=1331 uid=1041 gid=1005 tid=1331
06-01 10:07:57.935 D/SensorNotificationService( 1857): Cannot obtain dynamic meta sensor, not supported.
06-01 10:07:57.961 W/        ( 1278): debuggerd: handling request: pid=1331 uid=1041 gid=1005 tid=1331
06-01 10:07:58.092 I/SoftMPEG4Encoder( 1336): Construct SoftMPEG4Encoder
06-01 10:07:58.163 W/ACodec  ( 1339): do not know color format 0x7f000789 = 2130708361
06-01 10:07:58.164 E/OMXNodeInstance( 1336): getConfig(5380017:google.mpeg4.encoder, ConfigAndroidIntraRefresh(0x6f60000a)) ERROR: Undefined(0x80001001)
06-01 10:07:58.304 I/MediaPlayerService( 1339): MediaPlayerService::getOMX
06-01 10:07:58.306 I/OMXClient( 1339): MuxOMX ctor
06-01 10:07:58.306 I/OMXMaster( 1336): makeComponentInstance(OMX.google.vp8.encoder) in mediacodec process
06-01 10:07:58.326 I/GnssLocationProvider( 1857): WakeLock acquired by sendMessage(13, 0, null)
06-01 10:07:58.389 W/LocationManagerService( 1857): no network location provider found
06-01 10:07:58.505 E/LocationManagerService( 1857): no geocoder provider found
06-01 10:07:58.507 E/FlpHardwareProvider( 1857): Error hw_get_module 'flp': -2
06-01 10:07:58.507 D/LocationManagerService( 1857): FLP HAL not supported
06-01 10:07:58.537 D/LocationManagerService( 1857): Unable to bind FLP Geofence proxy.
06-01 10:07:58.538 E/ActivityRecognitionHardware( 1857): Error hw_get_module: -2
06-01 10:07:58.539 D/LocationManagerService( 1857): Hardware Activity-Recognition not supported.
06-01 10:07:58.612 E/ActivityRecognitionProxy( 1857): ServiceWatcher could not start.
06-01 10:07:58.612 D/LocationManagerService( 1857): Unable to bind ActivityRecognitionProxy.
06-01 10:07:58.615 I/GnssLocationProvider( 1857): WakeLock acquired by sendMessage(2, 1, null)
06-01 10:07:58.836 I/CommonTimeManagementService( 1857): No common time service detected on this platform.  Common time services will be unavailable.
06-01 10:07:58.893 I/InputReader( 1857): Reconfiguring input devices.  changes=0x00000020
06-01 10:07:58.919 I/MmsServiceBroker( 1857): Delay connecting to MmsService until an API is called
06-01 10:07:59.107 W/VoiceInteractionManagerService( 1857): no available voice interaction services found for user 0
06-01 10:07:59.107 W/VoiceInteractionManagerService( 1857): no available voice recognition services found for user 0
06-01 10:07:59.166 I/InputReader( 1857): Reconfiguring input devices.  changes=0x00000010
06-01 10:07:59.201 I/art     ( 1857): Wrote stack traces to '/data/anr/traces.txt'
06-01 10:07:59.713 W/ActivityManager( 1857): Slow operation: 538ms so far, now at startProcess: returned from zygote!
06-01 10:07:59.714 W/ActivityManager( 1857): Slow operation: 539ms so far, now at startProcess: done updating battery stats
06-01 10:07:59.715 W/ActivityManager( 1857): Slow operation: 540ms so far, now at startProcess: building log message
06-01 10:07:59.715 I/ActivityManager( 1857): Start proc 2367:com.android.phone/1001 for added application com.android.phone
06-01 10:07:59.715 W/ActivityManager( 1857): Slow operation: 540ms so far, now at startProcess: starting to update pids map
06-01 10:07:59.716 W/ActivityManager( 1857): Slow operation: 541ms so far, now at startProcess: done updating pids map
06-01 10:07:59.725 E/ipv6proxy( 2361): Failed to get interface flags for wlan1: No such device
06-01 10:07:59.752 I/art     ( 1857): Background sticky concurrent mark sweep GC freed 43673(2MB) AllocSpace objects, 17(400KB) LOS objects, 26% free, 9MB/12MB, paused 29.412ms total 2.188s
06-01 10:07:59.782 I/ActivityManager( 1857): START u0 {act=android.intent.action.MAIN cat=[android.intent.category.HOME] flg=0x10000100 cmp=com.android.settings/.FallbackHome} from uid 0 on display 0
06-01 10:07:59.812 W/ACodec  ( 1339): do not know color format 0x7f000789 = 2130708361
06-01 10:07:59.821 E/OMXNodeInstance( 1336): getConfig(5380018:google.vp8.encoder, ConfigAndroidIntraRefresh(0x6f60000a)) ERROR: Undefined(0x80001001)
06-01 10:07:59.853 W/System  ( 1857): ClassLoader referenced unknown path: 
06-01 10:07:59.854 W/System  ( 1857): ClassLoader referenced unknown path: /system/priv-app/Settings/lib/x86_64
06-01 10:07:59.874 I/MediaPlayerService( 1339): MediaPlayerService::getOMX
06-01 10:07:59.876 I/OMXClient( 1339): MuxOMX ctor
06-01 10:07:59.917 I/MediaPlayerService( 1339): MediaPlayerService::getOMX
06-01 10:07:59.932 I/OMXClient( 1339): MuxOMX ctor
06-01 10:07:59.933 W/MediaCodecList( 1339): unable to open media codecs configuration xml file: /data/misc/media/media_codecs_profiling_results.xml
06-01 10:07:59.967 I/MediaPlayerService( 1339): MediaPlayerService::getOMX
06-01 10:08:00.025 W/        ( 1278): debuggerd: resuming target 1331
06-01 10:08:00.032 I/OMXClient( 1857): MuxOMX ctor
06-01 10:08:00.046 W/art     ( 2367): Unexpected CPU variant for X86 using defaults: x86_64
06-01 10:08:00.052 I/OMXMaster( 1336): makeComponentInstance(OMX.google.vorbis.decoder) in mediacodec process
06-01 10:08:00.062 W/        ( 1279): debuggerd: handling request: pid=1332 uid=1047 gid=1005 tid=1332
06-01 10:08:00.064 W/        ( 1278): debuggerd: handling request: pid=1332 uid=1047 gid=1005 tid=1332
06-01 10:08:00.077 D/ApplicationLoaders( 1857): ignored Vulkan layer search path /system/priv-app/Settings/lib/x86_64:/system/priv-app/Settings/Settings.apk!/lib/x86_64:/system/lib64:/vendor/lib64 for namespace 0x76c0b546a160
06-01 10:08:00.289 I/ActivityManager( 1857): Loaded persisted task ids for user 0
06-01 10:08:00.774 W/ActivityManager( 1857): Slow operation: 217ms so far, now at startProcess: building args
06-01 10:08:00.778 W/ActivityManager( 1857): Slow operation: 275ms so far, now at startProcess: asking zygote to start proc
06-01 10:08:01.013 W/        ( 1278): debuggerd: resuming target 1332
06-01 10:08:01.134 W/        ( 1279): debuggerd: handling request: pid=1333 uid=1019 gid=1019 tid=1333
06-01 10:08:01.232 W/        ( 1278): debuggerd: handling request: pid=1333 uid=1019 gid=1019 tid=1333
06-01 10:08:01.454 W/ActivityManager( 1857): Slow operation: 951ms so far, now at startProcess: returned from zygote!
06-01 10:08:01.456 W/ActivityManager( 1857): Slow operation: 953ms so far, now at startProcess: done updating battery stats
06-01 10:08:01.457 W/ActivityManager( 1857): Slow operation: 954ms so far, now at startProcess: building log message
06-01 10:08:01.457 I/ActivityManager( 1857): Start proc 2389:com.android.settings/1000 for activity com.android.settings/.FallbackHome
06-01 10:08:01.458 W/ActivityManager( 1857): Slow operation: 955ms so far, now at startProcess: starting to update pids map
06-01 10:08:01.459 W/ActivityManager( 1857): Slow operation: 956ms so far, now at startProcess: done updating pids map
06-01 10:08:01.459 W/ActivityManager( 1857): Slow operation: 990ms so far, now at startProcess: done starting proc!
06-01 10:08:01.865 W/art     ( 2389): Unexpected CPU variant for X86 using defaults: x86_64
06-01 10:08:02.120 W/art     ( 1857): Long monitor contention with owner main (1857) at void com.android.server.am.ActivityManagerService.systemReady(java.lang.Runnable)(ActivityManagerService.java:13368) waiters=0 in void com.android.server.am.ActivityManagerService.dispatchUidsChanged() for 2.937s
06-01 10:08:02.123 W/art     ( 1857): Long monitor contention with owner main (1857) at void com.android.server.am.ActivityManagerService.systemReady(java.lang.Runnable)(ActivityManagerService.java:13368) waiters=1 in int com.android.server.am.PendingIntentRecord.sendInner(int, android.content.Intent, java.lang.String, android.content.IIntentReceiver, java.lang.String, android.os.IBinder, java.lang.String, int, int, int, android.os.Bundle, android.app.IActivityContainer) for 2.111s
06-01 10:08:02.125 W/art     ( 1857): Long monitor contention with owner main (1857) at void com.android.server.am.ActivityManagerService.systemReady(java.lang.Runnable)(ActivityManagerService.java:13368) waiters=2 in void com.android.server.am.ActivityManagerService.attachApplication(android.app.IApplicationThread) for 1.146s
06-01 10:08:02.144 I/SystemServer( 1857): Enabled StrictMode for system server main thread.
06-01 10:08:02.682 W/        ( 1278): debuggerd: resuming target 1333
06-01 10:08:02.688 W/        ( 1279): debuggerd: handling request: pid=1336 uid=1046 gid=1006 tid=1336
06-01 10:08:02.741 W/        ( 1278): debuggerd: handling request: pid=1336 uid=1046 gid=1006 tid=1336
06-01 10:08:03.167 W/art     ( 1857): Long monitor contention with owner main (1857) at void com.android.server.am.ActivityManagerService.systemReady(java.lang.Runnable)(ActivityManagerService.java:13368) waiters=3 in android.content.IIntentSender com.android.server.am.ActivityManagerService.getIntentSender(int, java.lang.String, android.os.IBinder, java.lang.String, int, android.content.Intent[], java.lang.String[], int, android.os.Bundle, int) for 1.881s
06-01 10:08:03.282 W/art     ( 1857): Long monitor contention with owner Binder:1857_3 (2170) at void com.android.server.am.ActivityManagerService.attachApplication(android.app.IApplicationThread)(ActivityManagerService.java:6669) waiters=1 in void com.android.server.am.ActivityManagerService.dispatchUidsChanged() for 1.153s
06-01 10:08:03.293 W/art     ( 1857): Long monitor contention with owner Binder:1857_3 (2170) at void com.android.server.am.ActivityManagerService.attachApplication(android.app.IApplicationThread)(ActivityManagerService.java:6669) waiters=2 in int com.android.server.am.ActivityManagerService.broadcastIntent(android.app.IApplicationThread, android.content.Intent, java.lang.String, android.content.IIntentReceiver, int, java.lang.String, android.os.Bundle, java.lang.String[], int, android.os.Bundle, boolean, boolean, int) for 1.148s
06-01 10:08:03.295 W/art     ( 1857): Long monitor contention with owner Binder:1857_3 (2170) at void com.android.server.am.ActivityManagerService.attachApplication(android.app.IApplicationThread)(ActivityManagerService.java:6669) waiters=3 in void com.android.server.am.ActivityManagerService$LocalService.notifyAppTransitionFinished() for 932ms
06-01 10:08:03.309 D/ConditionProviders.SCP( 1857): onConnected
06-01 10:08:03.311 W/art     ( 1857): Long monitor contention with owner Binder:1857_3 (2170) at void com.android.server.am.ActivityManagerService.attachApplication(android.app.IApplicationThread)(ActivityManagerService.java:6669) waiters=4 in void com.android.server.am.ActivityManagerService.attachApplication(android.app.IApplicationThread) for 687ms
06-01 10:08:03.347 D/ZenLog  ( 1857): set_zen_mode: off,readXml
06-01 10:08:03.442 D/ConditionProviders( 1857): Subscribing to condition://android/schedule?days=1.2.3.4.5&start=22.0&end=7.0&exitAtAlarm=false with ComponentInfo{android/com.android.server.notification.ScheduleConditionProvider}
06-01 10:08:03.442 D/ZenLog  ( 1857): subscribe: condition://android/schedule?days=1.2.3.4.5&start=22.0&end=7.0&exitAtAlarm=false,ok
