06-01 08:43:00.249 W/art     ( 1754): Long monitor contention with owner main (1754) at int com.android.server.am.ActivityManagerService.bindService(android.app.IApplicationThread, android.os.IBinder, android.content.Intent, java.lang.String, android.app.IServiceConnection, int, java.lang.String, int)(ActivityManagerService.java:17301) waiters=2 in void com.android.server.am.ActivityManagerService.attachApplication(android.app.IApplicationThread) for 127ms
06-01 08:43:00.466 W/art     ( 1754): Long monitor contention with owner Binder:1754_2 (1779) at void com.android.server.am.ActivityManagerService.attachApplication(android.app.IApplicationThread)(ActivityManagerService.java:6669) waiters=0 in void com.android.server.am.ActivityManagerService.attachApplication(android.app.IApplicationThread) for 217ms
06-01 08:43:00.469 W/art     ( 1754): Long monitor contention with owner Binder:1754_2 (1779) at void com.android.server.am.ActivityManagerService.attachApplication(android.app.IApplicationThread)(ActivityManagerService.java:6669) waiters=1 in void com.android.server.am.ActivityManagerService.dispatchUidsChanged() for 108ms
06-01 08:43:01.018 W/WindowManager( 1754): ***** BOOT TIMEOUT: forcing display enabled
06-01 08:43:01.020 W/art     ( 1754): Long monitor contention with owner BackgroundDexOptService_PostBootUpdate (2522) at void com.android.server.power.PowerManagerService.acquireWakeLockInternal(android.os.IBinder, int, java.lang.String, java.lang.String, android.os.WorkSource, java.lang.String, int, int)(PowerManagerService.java:862) waiters=0 in void com.android.server.power.PowerManagerService.handleSandman() for 153ms
06-01 08:43:01.025 I/SurfaceFlinger( 1326): Boot is finished (225069 ms)
06-01 08:43:01.041 W/System  ( 2483): ClassLoader referenced unknown path: /system/priv-app/SystemUI/lib/x86_64
06-01 08:43:01.121 I/SystemServiceManager( 1754): Starting phase 1000
06-01 08:43:01.342 E/ipv6proxy( 2482): Failed to get interface flags for wlan1: No such device
06-01 08:43:01.513 W/ActivityManager( 1754): Slow operation: 361ms so far, now at startProcess: returned from zygote!
06-01 08:43:01.514 W/ActivityManager( 1754): Slow operation: 361ms so far, now at startProcess: done updating battery stats
06-01 08:43:01.514 W/ActivityManager( 1754): Slow operation: 362ms so far, now at startProcess: building log message
06-01 08:43:01.514 I/ActivityManager( 1754): Start proc 2525:android.ext.services/u0a12 for on-hold
06-01 08:43:01.514 W/ActivityManager( 1754): Slow operation: 362ms so far, now at startProcess: starting to update pids map
06-01 08:43:01.514 W/ActivityManager( 1754): Slow operation: 362ms so far, now at startProcess: done updating pids map
06-01 08:43:01.541 D/ActivityManager( 1754): Finishing user boot 0
06-01 08:43:01.614 D/CryptdConnector( 1754): SND -> {3 cryptfs prepare_user_storage ! 0 0 2}
06-01 08:43:01.683 D/vold    ( 1281): e4crypt_prepare_user_storage for volume null, user 0, serial 0, flags 2
06-01 08:43:01.684 D/vold    ( 1281): Preparing: /data/system_ce/0
06-01 08:43:01.685 D/vold    ( 1281): Preparing: /data/misc_ce/0
06-01 08:43:01.685 D/vold    ( 1281): Preparing: /data/media/0
06-01 08:43:01.685 D/vold    ( 1281): Preparing: /data/data
06-01 08:43:01.720 D/CryptdConnector( 1754): RCV <- {200 3 Command succeeded}
06-01 08:43:01.724 V/UserManagerService( 1754): Found /data/user/0 with serial number 0
06-01 08:43:01.725 V/UserManagerService( 1754): Found /data/system_ce/0 with serial number 0
06-01 08:43:01.769 V/PackageManager( 1754): reconcileAppsData for null u0 0x2
06-01 08:43:01.791 W/art     ( 2525): Unexpected CPU variant for X86 using defaults: x86_64
06-01 08:43:02.232 W/System  ( 2491): ClassLoader referenced unknown path: /system/priv-app/CellBroadcastReceiver/lib/x86_64
06-01 08:43:02.305 W/libprocessgroup( 1754): failed to open /acct/uid_10021/pid_2074/cgroup.procs: No such file or directory
06-01 08:43:03.229 E/hostapd ( 2542): Configuration file: /system/etc/simulated_hostapd.conf
06-01 08:43:03.321 E/hostapd ( 2542): Could not read interface wlan1 flags: No such device
06-01 08:43:03.322 I/hostapd ( 2542): nl80211: Driver does not support authentication/association or connect commands
06-01 08:43:03.322 I/hostapd ( 2542): nl80211: deinit ifname=wlan1 disabled_11b_rates=0
06-01 08:43:03.323 E/hostapd ( 2542): Could not read interface wlan1 flags: No such device
06-01 08:43:03.323 E/hostapd ( 2542): nl80211 driver initialization failed.
06-01 08:43:03.323 I/hostapd ( 2542): wlan1: interface state UNINITIALIZED->DISABLED
06-01 08:43:03.324 I/hostapd ( 2542): wlan1: AP-DISABLED 
06-01 08:43:03.324 E/hostapd ( 2542): hostapd_free_hapd_data: Interface wlan1 wasn't started
06-01 08:43:03.959 I/SyncManager( 1754): Got SyncJobService instance.
06-01 08:43:03.964 I/FusedLocation( 1754): engine started (com.android.location.fused)
06-01 08:43:04.252 E/ipv6proxy( 2543): Failed to get interface flags for wlan1: No such device
06-01 08:43:04.378 D/NotificationSQLiteLog( 1754): Pruned event entries: 5
06-01 08:43:05.525 V/PackageManager( 1754): reconcileAppsData finished 81 packages
06-01 08:43:05.528 W/art     ( 1754): Long monitor contention with owner android.display (1826) at void com.android.server.am.ActivityManagerService.finishBooting()(ActivityManagerService.java:6823) waiters=0 in android.content.Intent com.android.server.am.ActivityManagerService.registerReceiver(android.app.IApplicationThread, java.lang.String, android.content.IIntentReceiver, android.content.IntentFilter, java.lang.String, int) for 4.357s
06-01 08:43:05.531 W/art     ( 1754): Long monitor contention with owner android.display (1826) at void com.android.server.am.ActivityManagerService.finishBooting()(ActivityManagerService.java:6823) waiters=1 in void com.android.server.am.ActivityManagerService$MainHandler.handleMessage(android.os.Message) for 4.264s
06-01 08:43:05.547 D/MountService( 1754): onUnlockUser 0
06-01 08:43:05.548 D/VoldConnector( 1754): SND -> {7 volume user_started 0}
06-01 08:43:05.550 W/art     ( 1754): Long monitor contention with owner android.display (1826) at void com.android.server.am.ActivityManagerService.finishBooting()(ActivityManagerService.java:6823) waiters=2 in void com.android.server.am.ActivityManagerService.attachApplication(android.app.IApplicationThread) for 3.569s
06-01 08:43:05.550 W/art     ( 1754): Long monitor contention with owner android.display (1826) at void com.android.server.am.ActivityManagerService.finishBooting()(ActivityManagerService.java:6823) waiters=3 in android.content.Intent com.android.server.am.ActivityManagerService.registerReceiver(android.app.IApplicationThread, java.lang.String, android.content.IIntentReceiver, android.content.IntentFilter, java.lang.String, int) for 3.439s
06-01 08:43:05.551 W/art     ( 1754): Long monitor contention with owner android.display (1826) at void com.android.server.am.ActivityManagerService.finishBooting()(ActivityManagerService.java:6823) waiters=4 in void com.android.server.am.ActivityManagerService.monitor() for 3.277s
06-01 08:43:05.652 W/art     ( 1754): Long monitor contention with owner android.display (1826) at void com.android.server.am.ActivityManagerService.finishBooting()(ActivityManagerService.java:6823) waiters=5 in void com.android.server.am.ActivityManagerService.publishContentProviders(android.app.IApplicationThread, java.util.List) for 3.013s
06-01 08:43:05.656 D/vold    ( 1281): Linking /storage/emulated/0 to /mnt/user/0/primary
06-01 08:43:05.660 D/VoldConnector( 1754): RCV <- {200 7 Command succeeded}
06-01 08:43:05.688 W/WallpaperManagerService( 1754): Wallpaper reconnect timed out, reverting to built-in wallpaper!
06-01 08:43:05.704 D/MountService( 1754): Volume emulated broadcasting mounted to UserHandle{0}
06-01 08:43:05.725 W/art     ( 1754): Long monitor contention with owner android.display (1826) at void com.android.server.am.ActivityManagerService.finishBooting()(ActivityManagerService.java:6823) waiters=6 in void com.android.server.am.ActivityManagerService$3.handleMessage(android.os.Message) for 1.647s
06-01 08:43:05.835 V/SystemUIService( 2483): Starting SystemUI services for user 0.
06-01 08:43:05.992 W/System  ( 2525): ClassLoader referenced unknown path: /system/priv-app/ExtServices/lib/x86_64
06-01 08:43:06.210 V/MediaRouter( 2483): Adding route: RouteInfo{ name=Phone, description=null, status=null, category=RouteCategory{ name=null types=ROUTE_TYPE_LIVE_AUDIO ROUTE_TYPE_LIVE_VIDEO  groupable=false }, supportedTypes=ROUTE_TYPE_LIVE_AUDIO ROUTE_TYPE_LIVE_VIDEO , presentationDisplay=null }
06-01 08:43:06.288 V/MediaRouter( 2483): Updating audio routes: AudioRoutesInfo{ type=SPEAKER }
06-01 08:43:06.302 V/MediaRouter( 2483): Selecting route: RouteInfo{ name=Phone, description=null, status=null, category=RouteCategory{ name=null types=ROUTE_TYPE_LIVE_AUDIO ROUTE_TYPE_LIVE_VIDEO  groupable=false }, supportedTypes=ROUTE_TYPE_LIVE_AUDIO ROUTE_TYPE_LIVE_VIDEO , presentationDisplay=null }
06-01 08:43:06.333 V/BackupManagerService( 1754): No ancestral data
06-01 08:43:06.691 I/BackupManagerService( 1754): Package jp.jaxa.iss.kibo.rpc.userleveltest not installed; dropping from full backup
06-01 08:43:06.725 W/art     ( 1754): Long monitor contention with owner Binder:1754_3 (2100) at com.android.server.am.ProcessRecord com.android.server.am.ActivityManagerService.findAppProcess(android.os.IBinder, java.lang.String)(ActivityManagerService.java:13717) waiters=1 in void com.android.server.am.ActivityManagerService$3.handleMessage(android.os.Message) for 999ms
06-01 08:43:06.799 V/BackupManagerService( 1754): Starting with transport android/com.android.internal.backup.LocalTransport
06-01 08:43:06.799 V/BackupManagerService( 1754): Found transports: 1
06-01 08:43:06.923 I/art     ( 2491): Waiting for a blocking GC DisableMovingGc
06-01 08:43:06.938 I/art     ( 2491): WaitForGcToComplete blocked for 15.839ms for cause DisableMovingGc
06-01 08:43:06.938 I/art     ( 2491): Starting a blocking GC DisableMovingGc
06-01 08:43:06.948 W/BackupManagerService( 1754): Proposed transport ComponentInfo{android/com.android.internal.backup.LocalTransportService} not whitelisted; ignoring
06-01 08:43:09.692 W/ifconfig( 2547): type=1400 audit(0.0:10): avc: denied { ioctl } for path="socket:[15419]" dev="sockfs" ino=15419 ioctlcmd=8927 scontext=u:r:shell:s0 tcontext=u:r:shell:s0 tclass=udp_socket permissive=0
06-01 08:43:09.912 W/ifconfig( 2547): type=1400 audit(0.0:11): avc: denied { ioctl } for path="socket:[15419]" dev="sockfs" ino=15419 ioctlcmd=891d scontext=u:r:shell:s0 tcontext=u:r:shell:s0 tclass=udp_socket permissive=0
06-01 08:43:09.912 W/ifconfig( 2547): type=1400 audit(0.0:12): avc: denied { ioctl } for path="socket:[15419]" dev="sockfs" ino=15419 ioctlcmd=8970 scontext=u:r:shell:s0 tcontext=u:r:shell:s0 tclass=udp_socket permissive=0
06-01 08:43:07.027 I/BackupManagerService( 1754): Backup enabled => false
06-01 08:43:07.724 D/TrustManagerService( 1754): Removing dead TrustListener.
06-01 08:43:08.302 E/WVMExtractor( 2483): Failed to open libwvm.so: dlopen failed: library "libwvm.so" not found
06-01 08:43:09.022 I/MediaPlayerService( 1346): MediaPlayerService::getOMX
06-01 08:43:09.083 I/OMXClient( 2483): MuxOMX ctor
06-01 08:43:09.148 I/OMXMaster( 1339): makeComponentInstance(OMX.google.vorbis.decoder) in mediacodec process
06-01 08:43:10.479 E/hostapd ( 2549): Configuration file: /system/etc/simulated_hostapd.conf
06-01 08:43:10.633 E/hostapd ( 2549): Could not read interface wlan1 flags: No such device
06-01 08:43:10.664 I/hostapd ( 2549): nl80211: Driver does not support authentication/association or connect commands
06-01 08:43:10.664 I/hostapd ( 2549): nl80211: deinit ifname=wlan1 disabled_11b_rates=0
06-01 08:43:10.665 E/hostapd ( 2549): Could not read interface wlan1 flags: No such device
06-01 08:43:10.773 E/hostapd ( 2549): nl80211 driver initialization failed.
06-01 08:43:10.773 I/hostapd ( 2549): wlan1: interface state UNINITIALIZED->DISABLED
06-01 08:43:10.773 I/hostapd ( 2549): wlan1: AP-DISABLED 
06-01 08:43:10.773 E/hostapd ( 2549): hostapd_free_hapd_data: Interface wlan1 wasn't started
06-01 08:43:11.702 I/ActivityManager( 1754): user 0 is still locked. Cannot load recents
06-01 08:43:13.053 I/vol.Events( 2483): writeEvent collection_started
06-01 08:43:13.064 W/RichInputConnection( 2069): Slow InputConnection: GET_TEXT_BEFORE_CURSOR took 270 ms.
06-01 08:43:13.865 I/MediaPlayerService( 1346): MediaPlayerService::getOMX
06-01 08:43:13.879 I/OMXClient( 2483): MuxOMX ctor
06-01 08:43:13.898 I/OMXMaster( 1339): makeComponentInstance(OMX.google.vorbis.decoder) in mediacodec process
06-01 08:43:15.296 W/art     ( 1754): Long monitor contention with owner BackgroundDexOptService_PostBootUpdate (2522) at boolean android.os.MessageQueue.enqueueMessage(android.os.Message, long)(MessageQueue.java:541) waiters=0 in android.os.Message android.os.MessageQueue.next() for 111ms
06-01 08:43:16.382 I/MediaPlayerService( 1346): MediaPlayerService::getOMX
06-01 08:43:16.385 I/OMXClient( 2483): MuxOMX ctor
06-01 08:43:16.403 I/OMXMaster( 1339): makeComponentInstance(OMX.google.vorbis.decoder) in mediacodec process
06-01 08:43:18.665 E/ipv6proxy( 2552): Failed to get interface flags for wlan1: No such device
06-01 08:43:19.009 W/art     ( 2069): Long monitor contention with owner InputLogicHandler (2564) at void android.os.HandlerThread.run()(HandlerThread.java:55) waiters=1 in void java.lang.Object.wait!() for 462ms
06-01 08:43:19.179 E/hostapd ( 2578): Configuration file: /system/etc/simulated_hostapd.conf
06-01 08:43:19.256 E/hostapd ( 2578): Could not read interface wlan1 flags: No such device
06-01 08:43:19.308 I/hostapd ( 2578): nl80211: Driver does not support authentication/association or connect commands
06-01 08:43:19.308 I/hostapd ( 2578): nl80211: deinit ifname=wlan1 disabled_11b_rates=0
06-01 08:43:19.309 E/hostapd ( 2578): Could not read interface wlan1 flags: No such device
06-01 08:43:19.310 E/hostapd ( 2578): nl80211 driver initialization failed.
06-01 08:43:19.310 I/hostapd ( 2578): wlan1: interface state UNINITIALIZED->DISABLED
06-01 08:43:19.310 I/hostapd ( 2578): wlan1: AP-DISABLED 
06-01 08:43:19.310 E/hostapd ( 2578): hostapd_free_hapd_data: Interface wlan1 wasn't started
06-01 08:43:19.427 W/art     ( 1754): Suspending all threads took: 565.276ms
06-01 08:43:19.682 I/vol.Events( 2483): writeEvent level_changed STREAM_ALARM 6
06-01 08:43:19.714 I/vol.Events( 2483): writeEvent level_changed STREAM_BLUETOOTH_SCO 7
06-01 08:43:19.908 I/vol.Events( 2483): writeEvent level_changed STREAM_MUSIC 11
06-01 08:43:20.023 I/vol.Events( 2483): writeEvent level_changed STREAM_RING 5
06-01 08:43:20.081 I/vol.Events( 2483): writeEvent level_changed STREAM_SYSTEM 5
06-01 08:43:20.161 I/InputAttributes( 2069): InputType.TYPE_NULL is specified
06-01 08:43:20.168 I/vol.Events( 2483): writeEvent level_changed STREAM_VOICE_CALL 4
06-01 08:43:20.175 I/vol.Events( 2483): writeEvent external_ringer_mode_changed normal
06-01 08:43:20.229 I/art     ( 1754): Background partial concurrent mark sweep GC freed 45724(2MB) AllocSpace objects, 11(1124KB) LOS objects, 29% free, 9MB/13MB, paused 609.911ms total 14.076s
06-01 08:43:20.352 E/ipv6proxy( 2579): Failed to get interface flags for wlan1: No such device
06-01 08:43:20.535 W/ActivityManager( 1754): Slow operation: 422ms so far, now at startProcess: returned from zygote!
06-01 08:43:20.535 W/ActivityManager( 1754): Slow operation: 423ms so far, now at startProcess: done updating battery stats
06-01 08:43:20.536 W/ActivityManager( 1754): Slow operation: 424ms so far, now at startProcess: building log message
06-01 08:43:20.537 I/ActivityManager( 1754): Start proc 2586:com.android.deskclock/u0a31 for broadcast com.android.deskclock/.AlarmInitReceiver
06-01 08:43:20.549 W/ActivityManager( 1754): Slow operation: 425ms so far, now at startProcess: starting to update pids map
06-01 08:43:20.550 W/ActivityManager( 1754): Slow operation: 437ms so far, now at startProcess: done updating pids map
06-01 08:43:20.550 W/ActivityManager( 1754): Slow operation: 440ms so far, now at startProcess: done starting proc!
06-01 08:43:20.550 W/art     ( 1754): Long monitor contention with owner Binder:1754_2 (1779) at void com.android.server.am.BroadcastQueue.processNextBroadcast(boolean)(BroadcastQueue.java:760) waiters=0 in void com.android.server.am.ActivityManagerService.dispatchUidsChanged() for 438ms
06-01 08:43:20.555 W/art     ( 1754): Long monitor contention with owner Binder:1754_2 (1779) at void com.android.server.am.BroadcastQueue.processNextBroadcast(boolean)(BroadcastQueue.java:760) waiters=1 in java.lang.String com.android.server.am.ActivityManagerService.checkContentProviderAccess(java.lang.String, int) for 363ms
06-01 08:43:20.652 W/art     ( 2586): Unexpected CPU variant for X86 using defaults: x86_64
06-01 08:43:21.485 W/System  ( 2586): ClassLoader referenced unknown path: /system/app/DeskClock/lib/x86_64
06-01 08:43:21.816 D/StorageNotification( 2483): Notifying about private volume: VolumeInfo{private}:
06-01 08:43:21.816 D/StorageNotification( 2483):     type=PRIVATE diskId=null partGuid=null mountFlags=0 mountUserId=-1 
06-01 08:43:21.816 D/StorageNotification( 2483):     state=MOUNTED 
06-01 08:43:21.816 D/StorageNotification( 2483):     fsType=null fsUuid=null fsLabel=null 
06-01 08:43:21.816 D/StorageNotification( 2483):     path=/data internalPath=null 
06-01 08:43:22.436 V/KeyguardServiceDelegate( 1754): *** Keyguard connected (yay!)
06-01 08:43:22.915 I/LatinIME( 2069): Timeout waiting for dictionary load
06-01 08:43:22.971 I/Choreographer( 2483): Skipped 106 frames!  The application may be doing too much work on its main thread.
06-01 08:43:23.462 D/LockSettings( 1754): Removing dead StrongAuthTracker.
06-01 08:43:23.937 I/StatusBarManagerService( 1754): registerStatusBar bar=com.android.internal.statusbar.IStatusBar$Stub$Proxy@b010908
06-01 08:43:24.777 W/art     ( 1754): Long monitor contention with owner backup (2546) at java.io.File java.io.File.createTempFile(java.lang.String, java.lang.String, java.io.File)(File.java:1850) waiters=0 in void com.android.server.backup.BackupManagerService.setBackupEnabled(boolean) for 5.175s
06-01 08:43:25.013 E/hostapd ( 2614): Configuration file: /system/etc/simulated_hostapd.conf
06-01 08:43:25.181 E/hostapd ( 2614): Could not read interface wlan1 flags: No such device
06-01 08:43:25.182 I/hostapd ( 2614): nl80211: Driver does not support authentication/association or connect commands
06-01 08:43:25.182 I/hostapd ( 2614): nl80211: deinit ifname=wlan1 disabled_11b_rates=0
06-01 08:43:25.183 E/hostapd ( 2614): Could not read interface wlan1 flags: No such device
06-01 08:43:25.183 E/hostapd ( 2614): nl80211 driver initialization failed.
06-01 08:43:25.183 I/hostapd ( 2614): wlan1: interface state UNINITIALIZED->DISABLED
06-01 08:43:25.184 I/hostapd ( 2614): wlan1: AP-DISABLED 
06-01 08:43:25.184 E/hostapd ( 2614): hostapd_free_hapd_data: Interface wlan1 wasn't started
06-01 08:43:25.258 E/ipv6proxy( 2615): Failed to get interface flags for wlan1: No such device
06-01 08:43:25.407 W/VoiceInteractionManagerService( 1754): no available voice interaction services found for user 0
06-01 08:43:25.427 W/VoiceInteractionManagerService( 1754): no available voice recognition services found for user 0
06-01 08:43:25.441 I/ActivityManager( 1754): Loading recents for user 0 into memory.
06-01 08:43:25.519 D/ActivityManager( 1754): Sending BOOT_COMPLETE user #0
06-01 08:43:25.556 I/Choreographer( 2325): Skipped 149 frames!  The application may be doing too much work on its main thread.
06-01 08:43:25.987 V/KeyValueBackupJob( 1754): Scheduling k/v pass in 244 minutes
06-01 08:43:26.838 W/art     ( 2586): Suspending all threads took: 43.605ms
06-01 08:43:27.694 I/Choreographer( 2325): Skipped 38 frames!  The application may be doing too much work on its main thread.
06-01 08:43:29.340 I/vol.Events( 2483): writeEvent internal_ringer_mode_changed normal
06-01 08:43:30.809 E/hostapd ( 2646): Configuration file: /system/etc/simulated_hostapd.conf
06-01 08:43:30.886 E/hostapd ( 2646): Could not read interface wlan1 flags: No such device
06-01 08:43:30.895 I/hostapd ( 2646): nl80211: Driver does not support authentication/association or connect commands
06-01 08:43:30.895 I/hostapd ( 2646): nl80211: deinit ifname=wlan1 disabled_11b_rates=0
06-01 08:43:30.896 E/hostapd ( 2646): Could not read interface wlan1 flags: No such device
06-01 08:43:30.897 E/hostapd ( 2646): nl80211 driver initialization failed.
06-01 08:43:30.908 I/hostapd ( 2646): wlan1: interface state UNINITIALIZED->DISABLED
06-01 08:43:30.908 I/hostapd ( 2646): wlan1: AP-DISABLED 
06-01 08:43:30.909 E/hostapd ( 2646): hostapd_free_hapd_data: Interface wlan1 wasn't started
06-01 08:43:30.930 W/art     ( 1754): Long monitor contention with owner main (1754) at void com.android.server.pm.UserManagerService$MainHandler.handleMessage(android.os.Message)(UserManagerService.java:3290) waiters=0 in java.util.List com.android.server.pm.PackageManagerService.queryIntentServicesInternal(android.content.Intent, java.lang.String, int, int) for 1.561s
06-01 08:43:30.965 W/art     ( 1754): Long monitor contention with owner main (1754) at void com.android.server.pm.UserManagerService$MainHandler.handleMessage(android.os.Message)(UserManagerService.java:3290) waiters=1 in java.util.List com.android.server.pm.PackageManagerService.queryIntentServicesInternal(android.content.Intent, java.lang.String, int, int) for 1.518s
06-01 08:43:30.983 E/ipv6proxy( 2645): Failed to get interface flags for wlan1: No such device
06-01 08:43:30.986 W/art     ( 1754): Long monitor contention with owner main (1754) at void com.android.server.pm.UserManagerService$MainHandler.handleMessage(android.os.Message)(UserManagerService.java:3290) waiters=2 in java.util.List com.android.server.pm.PackageManagerService.queryIntentActivitiesInternal(android.content.Intent, java.lang.String, int, int) for 1.190s
06-01 08:43:31.005 D/FallbackHome( 2325): User unlocked and real home found; let's go!
06-01 08:43:31.015 W/art     ( 1754): Long monitor contention with owner main (1754) at void com.android.server.pm.UserManagerService$MainHandler.handleMessage(android.os.Message)(UserManagerService.java:3290) waiters=3 in android.content.pm.ProviderInfo com.android.server.pm.PackageManagerService.resolveContentProvider(java.lang.String, int, int) for 689ms
06-01 08:43:31.016 W/art     ( 1754): Long monitor contention with owner main (1754) at void com.android.server.pm.UserManagerService$MainHandler.handleMessage(android.os.Message)(UserManagerService.java:3290) waiters=4 in int com.android.server.pm.PackageManagerService.checkUidPermission(java.lang.String, int) for 497ms
06-01 08:43:28.742 W/ifconfig( 2637): type=1400 audit(0.0:13): avc: denied { ioctl } for path="socket:[15233]" dev="sockfs" ino=15233 ioctlcmd=8927 scontext=u:r:shell:s0 tcontext=u:r:shell:s0 tclass=udp_socket permissive=0
06-01 08:43:28.902 W/ifconfig( 2637): type=1400 audit(0.0:14): avc: denied { ioctl } for path="socket:[15233]" dev="sockfs" ino=15233 ioctlcmd=891d scontext=u:r:shell:s0 tcontext=u:r:shell:s0 tclass=udp_socket permissive=0
06-01 08:43:28.902 W/ifconfig( 2637): type=1400 audit(0.0:15): avc: denied { ioctl } for path="socket:[15233]" dev="sockfs" ino=15233 ioctlcmd=8970 scontext=u:r:shell:s0 tcontext=u:r:shell:s0 tclass=udp_socket permissive=0
06-01 08:43:31.101 I/Choreographer( 2325): Skipped 104 frames!  The application may be doing too much work on its main thread.
06-01 08:43:31.158 W/art     ( 1754): Long monitor contention with owner ActivityManager (1800) at void com.android.server.am.ActivityManagerService$MainHandler.handleMessage(android.os.Message)(ActivityManagerService.java:2294) waiters=0 in int com.android.server.am.ActivityManagerService.broadcastIntent(android.app.IApplicationThread, android.content.Intent, java.lang.String, android.content.IIntentReceiver, int, java.lang.String, android.os.Bundle, java.lang.String[], int, android.os.Bundle, boolean, boolean, int) for 1.547s
06-01 08:43:31.194 D/CarrierSvcBindHelper( 2309): Received android.intent.action.USER_UNLOCKED
06-01 08:43:31.197 E/PhoneInterfaceManager( 2309): [PhoneIntfMgr] getCarrierPackageNamesForIntent: No UICC
06-01 08:43:31.207 D/CarrierSvcBindHelper( 2309): No carrier app for: 0
06-01 08:43:31.222 W/art     ( 1754): Long monitor contention with owner Binder:1754_5 (2105) at android.content.pm.UserInfo com.android.server.pm.UserManagerService.getUserInfo(int)(UserManagerService.java:841) waiters=1 in android.content.pm.UserInfo com.android.server.pm.UserManagerService.getUserInfoNoChecks(int) for 5.234s
06-01 08:43:31.335 I/art     ( 2586): Waiting for a blocking GC DisableMovingGc
06-01 08:43:31.348 I/art     ( 2586): WaitForGcToComplete blocked for 12.592ms for cause DisableMovingGc
06-01 08:43:31.348 I/art     ( 2586): Starting a blocking GC DisableMovingGc
06-01 08:43:31.444 I/ActivityManager( 1754): START u0 {act=android.intent.action.MAIN cat=[android.intent.category.HOME] flg=0x10000100 cmp=com.android.launcher3/.Launcher} from uid 0 on display 0
06-01 08:43:31.817 W/ActivityManager( 1754): Slow operation: 90ms so far, now at startProcess: building args
06-01 08:43:31.818 W/ActivityManager( 1754): Slow operation: 91ms so far, now at startProcess: asking zygote to start proc
06-01 08:43:31.952 W/ActivityManager( 1754): Slow operation: 226ms so far, now at startProcess: returned from zygote!
06-01 08:43:31.953 W/ActivityManager( 1754): Slow operation: 227ms so far, now at startProcess: done updating battery stats
06-01 08:43:31.954 W/ActivityManager( 1754): Slow operation: 227ms so far, now at startProcess: building log message
06-01 08:43:31.954 I/ActivityManager( 1754): Start proc 2651:com.android.launcher3/u0a42 for activity com.android.launcher3/.Launcher
06-01 08:43:31.954 W/ActivityManager( 1754): Slow operation: 228ms so far, now at startProcess: starting to update pids map
06-01 08:43:31.954 W/ActivityManager( 1754): Slow operation: 228ms so far, now at startProcess: done updating pids map
06-01 08:43:31.955 W/ActivityManager( 1754): Slow operation: 249ms so far, now at startProcess: done starting proc!
06-01 08:43:31.984 W/art     ( 2651): Unexpected CPU variant for X86 using defaults: x86_64
06-01 08:43:32.116 I/AccountManagerService( 1754): User 0 is unlocked - opening CE database
06-01 08:43:32.921 W/art     ( 1754): Long monitor contention with owner Binder:1754_1 (1778) at int com.android.server.am.ActivityManagerService.broadcastIntent(android.app.IApplicationThread, android.content.Intent, java.lang.String, android.content.IIntentReceiver, int, java.lang.String, android.os.Bundle, java.lang.String[], int, android.os.Bundle, boolean, boolean, int)(ActivityManagerService.java:18551) waiters=1 in void com.android.server.am.BroadcastQueue.processNextBroadcast(boolean) for 1.728s
06-01 08:43:32.930 I/Choreographer( 2325): Skipped 109 frames!  The application may be doing too much work on its main thread.
06-01 08:43:32.949 W/art     ( 1754): Long monitor contention with owner Binder:1754_3 (2100) at void com.android.server.am.ActivityManagerService.activityPaused(android.os.IBinder)(ActivityManagerService.java:6916) waiters=2 in void com.android.server.am.ActivityManagerService.publishContentProviders(android.app.IApplicationThread, java.util.List) for 1.598s
06-01 08:43:32.950 W/art     ( 1754): Long monitor contention with owner Binder:1754_3 (2100) at void com.android.server.am.ActivityManagerService.activityPaused(android.os.IBinder)(ActivityManagerService.java:6916) waiters=1 in boolean com.android.server.am.ActivityManagerService.isUserRunning(int, int) for 1.656s
06-01 08:43:32.968 W/art     ( 1754): Long monitor contention with owner Binder:1754_3 (2100) at void com.android.server.am.ActivityManagerService.activityPaused(android.os.IBinder)(ActivityManagerService.java:6916) waiters=3 in int com.android.server.am.ActivityManagerService.getAppStartMode(int, java.lang.String) for 1.552s
06-01 08:43:33.231 W/art     ( 1754): Long monitor contention with owner android.display (1826) at void com.android.server.wm.WindowAnimator$1.doFrame(long)(WindowAnimator.java:144) waiters=0 in void com.android.server.wm.WindowManagerService.prepareAppTransition(int, boolean) for 276ms
06-01 08:43:34.141 W/art     ( 1754): Long monitor contention with owner android.display (1826) at void com.android.server.wm.WindowAnimator$1.doFrame(long)(WindowAnimator.java:144) waiters=0 in void com.android.server.wm.WindowManagerService.prepareAppTransition(int, boolean) for 230ms
06-01 08:43:34.802 E/ipv6proxy( 2676): Failed to get interface flags for wlan1: No such device
06-01 08:43:34.957 E/hostapd ( 2677): Configuration file: /system/etc/simulated_hostapd.conf
06-01 08:43:34.983 E/hostapd ( 2677): Could not read interface wlan1 flags: No such device
06-01 08:43:34.984 I/hostapd ( 2677): nl80211: Driver does not support authentication/association or connect commands
06-01 08:43:34.984 I/hostapd ( 2677): nl80211: deinit ifname=wlan1 disabled_11b_rates=0
06-01 08:43:34.985 E/hostapd ( 2677): Could not read interface wlan1 flags: No such device
06-01 08:43:34.985 E/hostapd ( 2677): nl80211 driver initialization failed.
06-01 08:43:34.985 I/hostapd ( 2677): wlan1: interface state UNINITIALIZED->DISABLED
06-01 08:43:34.986 I/hostapd ( 2677): wlan1: AP-DISABLED 
06-01 08:43:34.986 E/hostapd ( 2677): hostapd_free_hapd_data: Interface wlan1 wasn't started
06-01 08:43:35.117 W/art     ( 1754): Long monitor contention with owner android.display (1826) at void com.android.server.wm.WindowAnimator$1.doFrame(long)(WindowAnimator.java:144) waiters=0 in void com.android.server.wm.WindowManagerService.prepareAppTransition(int, boolean) for 344ms
06-01 08:43:36.057 W/art     ( 1754): Long monitor contention with owner android.display (1826) at void com.android.server.wm.WindowAnimator$1.doFrame(long)(WindowAnimator.java:144) waiters=0 in void com.android.server.wm.WindowManagerService.prepareAppTransition(int, boolean) for 220ms
06-01 08:43:36.274 W/art     ( 1754): Long monitor contention with owner android.display (1826) at void com.android.server.wm.WindowAnimator$1.doFrame(long)(WindowAnimator.java:144) waiters=0 in void com.android.server.wm.WindowManagerService.prepareAppTransition(int, boolean) for 215ms
06-01 08:43:36.502 W/art     ( 1754): Long monitor contention with owner android.display (1826) at void com.android.server.wm.WindowAnimator$1.doFrame(long)(WindowAnimator.java:144) waiters=0 in void com.android.server.wm.WindowManagerService.prepareAppTransition(int, boolean) for 227ms
06-01 08:43:36.737 W/art     ( 1754): Long monitor contention with owner android.display (1826) at void com.android.server.wm.WindowAnimator$1.doFrame(long)(WindowAnimator.java:144) waiters=0 in void com.android.server.wm.WindowManagerService.prepareAppTransition(int, boolean) for 235ms
06-01 08:43:37.461 I/Choreographer( 1754): Skipped 42 frames!  The application may be doing too much work on its main thread.
06-01 08:43:37.467 W/art     ( 1754): Long monitor contention with owner android.display (1826) at void com.android.server.wm.WindowManagerService$H.handleMessage(android.os.Message)(WindowManagerService.java:8549) waiters=0 in void com.android.server.wm.WindowManagerService.prepareAppTransition(int, boolean) for 502ms
06-01 08:43:37.891 W/art     ( 1754): Long monitor contention with owner android.display (1826) at void com.android.server.wm.WindowAnimator$1.doFrame(long)(WindowAnimator.java:144) waiters=0 in void com.android.server.wm.WindowManagerService.prepareAppTransition(int, boolean) for 422ms
06-01 08:43:37.894 W/art     ( 1754): Long monitor contention with owner Binder:1754_3 (2100) at void com.android.server.am.ActivityManagerService.activityPaused(android.os.IBinder)(ActivityManagerService.java:6916) waiters=5 in void com.android.server.am.ActivityManagerService.dispatchUidsChanged() for 6.175s
06-01 08:43:37.908 W/art     ( 1754): Long monitor contention with owner Binder:1754_3 (2100) at void com.android.server.am.ActivityManagerService.activityPaused(android.os.IBinder)(ActivityManagerService.java:6916) waiters=4 in android.content.Intent com.android.server.am.ActivityManagerService.registerReceiver(android.app.IApplicationThread, java.lang.String, android.content.IIntentReceiver, android.content.IntentFilter, java.lang.String, int) for 6.251s
06-01 08:43:37.909 W/art     ( 1754): Long monitor contention with owner Binder:1754_3 (2100) at void com.android.server.am.ActivityManagerService.activityPaused(android.os.IBinder)(ActivityManagerService.java:6916) waiters=7 in void com.android.server.am.ActivityManagerService.attachApplication(android.app.IApplicationThread) for 5.771s
06-01 08:43:37.938 W/art     ( 1754): Long monitor contention with owner android.display (1826) at void com.android.server.wm.WindowAnimator$1.doFrame(long)(WindowAnimator.java:144) waiters=1 in int com.android.server.wm.WindowManagerService.relayoutWindow(com.android.server.wm.Session, android.view.IWindow, int, android.view.WindowManager$LayoutParams, int, int, int, int, android.graphics.Rect, android.graphics.Rect, android.graphics.Rect, android.graphics.Rect, android.graphics.Rect, android.graphics.Rect, android.graphics.Rect, android.content.res.Configuration, android.view.Surface) for 464ms
06-01 08:43:37.939 W/art     ( 1754): Long monitor contention with owner Binder:1754_3 (2100) at void com.android.server.am.ActivityManagerService.activityPaused(android.os.IBinder)(ActivityManagerService.java:6916) waiters=6 in void com.android.server.am.ActivityManagerService$3.handleMessage(android.os.Message) for 6.153s
06-01 08:43:39.539 E/hostapd ( 2679): Configuration file: /system/etc/simulated_hostapd.conf
06-01 08:43:39.566 E/hostapd ( 2679): Could not read interface wlan1 flags: No such device
06-01 08:43:39.566 I/hostapd ( 2679): nl80211: Driver does not support authentication/association or connect commands
06-01 08:43:39.587 E/ipv6proxy( 2678): Failed to get interface flags for wlan1: No such device
06-01 08:43:39.590 I/hostapd ( 2679): nl80211: deinit ifname=wlan1 disabled_11b_rates=0
06-01 08:43:39.590 E/hostapd ( 2679): Could not read interface wlan1 flags: No such device
06-01 08:43:39.591 E/hostapd ( 2679): nl80211 driver initialization failed.
06-01 08:43:39.591 I/hostapd ( 2679): wlan1: interface state UNINITIALIZED->DISABLED
06-01 08:43:39.591 I/hostapd ( 2679): wlan1: AP-DISABLED 
06-01 08:43:39.592 E/hostapd ( 2679): hostapd_free_hapd_data: Interface wlan1 wasn't started
06-01 08:43:41.876 W/art     ( 1754): Long monitor contention with owner Binder:1754_1 (1778) at void com.android.server.wm.WindowManagerService.continueSurfaceLayout()(WindowManagerService.java:5454) waiters=0 in int com.android.server.wm.WindowManagerService.relayoutWindow(com.android.server.wm.Session, android.view.IWindow, int, android.view.WindowManager$LayoutParams, int, int, int, int, android.graphics.Rect, android.graphics.Rect, android.graphics.Rect, android.graphics.Rect, android.graphics.Rect, android.graphics.Rect, android.graphics.Rect, android.content.res.Configuration, android.view.Surface) for 3.938s
06-01 08:43:45.188 E/hostapd ( 2681): Configuration file: /system/etc/simulated_hostapd.conf
06-01 08:43:45.218 E/ipv6proxy( 2680): Failed to get interface flags for wlan1: No such device
06-01 08:43:45.226 E/hostapd ( 2681): Could not read interface wlan1 flags: No such device
06-01 08:43:45.227 I/hostapd ( 2681): nl80211: Driver does not support authentication/association or connect commands
06-01 08:43:45.239 I/hostapd ( 2681): nl80211: deinit ifname=wlan1 disabled_11b_rates=0
06-01 08:43:45.239 E/hostapd ( 2681): Could not read interface wlan1 flags: No such device
06-01 08:43:45.240 E/hostapd ( 2681): nl80211 driver initialization failed.
06-01 08:43:45.240 I/hostapd ( 2681): wlan1: interface state UNINITIALIZED->DISABLED
06-01 08:43:45.241 I/hostapd ( 2681): wlan1: AP-DISABLED 
06-01 08:43:45.241 E/hostapd ( 2681): hostapd_free_hapd_data: Interface wlan1 wasn't started
06-01 08:43:45.858 W/art     ( 1754): Long monitor contention with owner Binder:1754_7 (2344) at int com.android.server.wm.WindowManagerService.relayoutWindow(com.android.server.wm.Session, android.view.IWindow, int, android.view.WindowManager$LayoutParams, int, int, int, int, android.graphics.Rect, android.graphics.Rect, android.graphics.Rect, android.graphics.Rect, android.graphics.Rect, android.graphics.Rect, android.graphics.Rect, android.content.res.Configuration, android.view.Surface)(WindowManagerService.java:2857) waiters=0 in void com.android.server.wm.WindowManagerService.executeAppTransition() for 3.925s
06-01 08:43:45.918 I/Choreographer( 2325): Skipped 505 frames!  The application may be doing too much work on its main thread.
06-01 08:43:49.723 W/art     ( 1754): Long monitor contention with owner Binder:1754_3 (2100) at void com.android.server.am.ActivityManagerService.activityPaused(android.os.IBinder)(ActivityManagerService.java:6916) waiters=8 in void com.android.server.am.ActivityManagerService.monitor() for 17.443s
06-01 08:43:49.725 W/art     ( 1754): Long monitor contention with owner Binder:1754_3 (2100) at void com.android.server.am.ActivityManagerService.activityPaused(android.os.IBinder)(ActivityManagerService.java:6916) waiters=9 in int com.android.server.am.ActivityManagerService.broadcastIntent(android.app.IApplicationThread, android.content.Intent, java.lang.String, android.content.IIntentReceiver, int, java.lang.String, android.os.Bundle, java.lang.String[], int, android.os.Bundle, boolean, boolean, int) for 17.299s
06-01 08:43:49.887 W/art     ( 1754): Long monitor contention with owner Binder:1754_7 (2344) at void com.android.server.am.ActivityManagerService.publishContentProviders(android.app.IApplicationThread, java.util.List)(ActivityManagerService.java:11160) waiters=7 in boolean com.android.server.am.ActivityManagerService.isUserRunning(int, int) for 16.937s
06-01 08:43:49.905 W/System  ( 2651): ClassLoader referenced unknown path: /system/app/Launcher3/lib/x86_64
06-01 08:43:50.048 W/art     ( 1754): Long monitor contention with owner ActivityManager (1800) at void com.android.server.am.ActivityStackSupervisor$ActivityStackSupervisorHandler.handleMessage(android.os.Message)(ActivityStackSupervisor.java:3910) waiters=7 in int com.android.server.am.ActivityManagerService.getAppStartMode(int, java.lang.String) for 17.079s
06-01 08:43:50.076 W/art     ( 1754): Long monitor contention with owner ActivityManager (1800) at void com.android.server.am.ActivityStackSupervisor$ActivityStackSupervisorHandler.handleMessage(android.os.Message)(ActivityStackSupervisor.java:3910) waiters=8 in android.content.Intent com.android.server.am.ActivityManagerService.registerReceiver(android.app.IApplicationThread, java.lang.String, android.content.IIntentReceiver, android.content.IntentFilter, java.lang.String, int) for 16.937s
06-01 08:43:50.088 W/art     ( 1754): Long monitor contention with owner Binder:1754_1 (1778) at void com.android.server.am.ActivityManagerService.attachApplication(android.app.IApplicationThread)(ActivityManagerService.java:6669) waiters=7 in android.content.Intent com.android.server.am.ActivityManagerService.registerReceiver(android.app.IApplicationThread, java.lang.String, android.content.IIntentReceiver, android.content.IntentFilter, java.lang.String, int) for 12.161s
06-01 08:43:50.089 W/art     ( 1754): Long monitor contention with owner Binder:1754_1 (1778) at void com.android.server.am.ActivityManagerService.attachApplication(android.app.IApplicationThread)(ActivityManagerService.java:6669) waiters=8 in void com.android.server.am.ActivityManagerService$MainHandler.handleMessage(android.os.Message) for 12.162s
06-01 08:43:50.093 W/ActivityManager( 1754): Launch timeout has expired, giving up wake lock!
06-01 08:43:50.095 W/art     ( 1754): Long monitor contention with owner Binder:1754_1 (1778) at void com.android.server.am.ActivityManagerService.attachApplication(android.app.IApplicationThread)(ActivityManagerService.java:6669) waiters=9 in void com.android.server.am.ActivityManagerService.dispatchUidsChanged() for 12.160s
06-01 08:43:50.138 W/art     ( 1754): Long monitor contention with owner ActivityManager (1800) at void com.android.server.am.ActivityStackSupervisor$ActivityStackSupervisorHandler.handleMessage(android.os.Message)(ActivityStackSupervisor.java:3910) waiters=9 in void com.android.server.am.ActivityManagerService$LocalService.notifyAppTransitionStarting(int) for 12.186s
06-01 08:43:50.144 I/Choreographer( 1754): Skipped 746 frames!  The application may be doing too much work on its main thread.
06-01 08:43:50.249 W/art     ( 1754): Long monitor contention with owner Binder:1754_1 (1778) at void com.android.server.am.ActivityManagerService.attachApplication(android.app.IApplicationThread)(ActivityManagerService.java:6669) waiters=9 in void com.android.server.am.ActivityManagerService$3.handleMessage(android.os.Message) for 12.309s
06-01 08:43:50.372 E/hostapd ( 2683): Configuration file: /system/etc/simulated_hostapd.conf
06-01 08:43:50.467 E/hostapd ( 2683): Could not read interface wlan1 flags: No such device
06-01 08:43:50.468 I/hostapd ( 2683): nl80211: Driver does not support authentication/association or connect commands
06-01 08:43:50.468 I/hostapd ( 2683): nl80211: deinit ifname=wlan1 disabled_11b_rates=0
06-01 08:43:50.469 E/hostapd ( 2683): Could not read interface wlan1 flags: No such device
06-01 08:43:50.469 E/hostapd ( 2683): nl80211 driver initialization failed.
06-01 08:43:50.469 I/hostapd ( 2683): wlan1: interface state UNINITIALIZED->DISABLED
06-01 08:43:50.470 I/hostapd ( 2683): wlan1: AP-DISABLED 
06-01 08:43:50.470 E/hostapd ( 2683): hostapd_free_hapd_data: Interface wlan1 wasn't started
06-01 08:43:50.507 D/LauncherProvider( 2651): Launcher process started
06-01 08:43:50.668 I/art     ( 2483): Background sticky concurrent mark sweep GC freed 15801(2MB) AllocSpace objects, 2(40KB) LOS objects, 28% free, 7MB/10MB, paused 2.093ms total 316.846ms
06-01 08:43:50.688 W/art     ( 1754): Long monitor contention with owner Binder:1754_2 (1779) at void com.android.server.content.ContentService.registerContentObserver(android.net.Uri, boolean, android.database.IContentObserver, int)(ContentService.java:309) waiters=0 in void com.android.server.content.ContentService.registerContentObserver(android.net.Uri, boolean, android.database.IContentObserver, int) for 289ms
06-01 08:43:50.801 E/ipv6proxy( 2682): Failed to get interface flags for wlan1: No such device
06-01 08:43:51.012 W/ActivityManager( 1754): Slow operation: 231ms so far, now at startProcess: returned from zygote!
06-01 08:43:51.013 W/ActivityManager( 1754): Slow operation: 232ms so far, now at startProcess: done updating battery stats
06-01 08:43:51.013 W/ActivityManager( 1754): Slow operation: 232ms so far, now at startProcess: building log message
06-01 08:43:51.013 I/ActivityManager( 1754): Start proc 2684:com.android.keychain/1000 for service com.android.keychain/.KeyChainService
06-01 08:43:51.013 W/ActivityManager( 1754): Slow operation: 232ms so far, now at startProcess: starting to update pids map
06-01 08:43:51.014 W/ActivityManager( 1754): Slow operation: 232ms so far, now at startProcess: done updating pids map
06-01 08:43:51.014 W/ActivityManager( 1754): Slow operation: 232ms so far, now at startProcess: done starting proc!
06-01 08:43:51.055 W/art     ( 2684): Unexpected CPU variant for X86 using defaults: x86_64
06-01 08:43:51.489 W/System  ( 2684): ClassLoader referenced unknown path: /system/app/KeyChain/lib/x86_64
06-01 08:43:51.710 W/System  ( 2483): ClassLoader referenced unknown path: 
06-01 08:43:51.711 W/System  ( 2483): ClassLoader referenced unknown path: /system/priv-app/Dialer/lib/x86_64
06-01 08:43:51.715 D/ApplicationLoaders( 2483): ignored Vulkan layer search path /system/priv-app/Dialer/lib/x86_64:/system/lib64:/vendor/lib64 for namespace 0x7bffc69680f0
06-01 08:43:51.924 I/AlarmClock( 2586): AlarmInitReceiver android.intent.action.TIME_SET
06-01 08:43:52.238 I/BackupManagerService( 1754): Found stale backup journal, scheduling
06-01 08:43:54.460 E/hostapd ( 2701): Configuration file: /system/etc/simulated_hostapd.conf
06-01 08:43:54.486 E/hostapd ( 2701): Could not read interface wlan1 flags: No such device
06-01 08:43:54.498 I/hostapd ( 2701): nl80211: Driver does not support authentication/association or connect commands
06-01 08:43:54.498 I/hostapd ( 2701): nl80211: deinit ifname=wlan1 disabled_11b_rates=0
06-01 08:43:54.499 E/hostapd ( 2701): Could not read interface wlan1 flags: No such device
06-01 08:43:54.499 E/hostapd ( 2701): nl80211 driver initialization failed.
06-01 08:43:54.500 I/hostapd ( 2701): wlan1: interface state UNINITIALIZED->DISABLED
06-01 08:43:54.500 I/hostapd ( 2701): wlan1: AP-DISABLED 
06-01 08:43:54.500 E/hostapd ( 2701): hostapd_free_hapd_data: Interface wlan1 wasn't started
06-01 08:43:54.511 E/ipv6proxy( 2700): Failed to get interface flags for wlan1: No such device
06-01 08:43:58.100 W/art     ( 1754): Long monitor contention with owner android.display (1826) at void com.android.server.wm.WindowManagerService$H.handleMessage(android.os.Message)(WindowManagerService.java:8549) waiters=0 in float com.android.server.wm.WindowManagerService.getCurrentAnimatorScale() for 7.473s
06-01 08:43:58.101 W/art     ( 1754): Long monitor contention with owner android.display (1826) at void com.android.server.wm.WindowManagerService$H.handleMessage(android.os.Message)(WindowManagerService.java:8549) waiters=1 in void com.android.server.wm.WindowManagerService.notifyAppRelaunchesCleared(android.os.IBinder) for 6.147s
06-01 08:43:58.144 W/art     ( 1754): Long monitor contention with owner ActivityManager (1800) at void com.android.server.am.ActivityStackSupervisor$ActivityStackSupervisorHandler.activityIdleInternal(com.android.server.am.ActivityRecord)(ActivityStackSupervisor.java:3867) waiters=1 in java.lang.String com.android.server.am.ActivityManagerService.checkContentProviderAccess(java.lang.String, int) for 5.686s
06-01 08:43:58.145 W/art     ( 1754): Long monitor contention with owner ActivityManager (1800) at void com.android.server.am.ActivityStackSupervisor$ActivityStackSupervisorHandler.activityIdleInternal(com.android.server.am.ActivityRecord)(ActivityStackSupervisor.java:3867) waiters=2 in com.android.server.am.ProcessRecord com.android.server.am.ActivityManagerService.findAppProcess(android.os.IBinder, java.lang.String) for 5.647s
06-01 08:43:58.146 W/art     ( 1754): Long monitor contention with owner ActivityManager (1800) at void com.android.server.am.ActivityStackSupervisor$ActivityStackSupervisorHandler.activityIdleInternal(com.android.server.am.ActivityRecord)(ActivityStackSupervisor.java:3867) waiters=3 in java.lang.String com.android.server.am.ActivityManagerService.checkContentProviderAccess(java.lang.String, int) for 5.601s
06-01 08:43:58.193 I/Choreographer( 1754): Skipped 481 frames!  The application may be doing too much work on its main thread.
06-01 08:43:58.238 W/art     ( 1754): Long monitor contention with owner ActivityManager (1800) at void com.android.server.am.ActivityStackSupervisor$ActivityStackSupervisorHandler.activityIdleInternal(com.android.server.am.ActivityRecord)(ActivityStackSupervisor.java:3867) waiters=0 in void com.android.server.am.ActivityManagerService$3.handleMessage(android.os.Message) for 5.958s
06-01 08:43:58.305 V/Launcher( 2651): LauncherAppState inited
06-01 08:44:00.307 E/BluetoothAdapter( 2483): Bluetooth binder is null
06-01 08:44:00.669 I/CameraManagerGlobal( 2483): Connecting to camera service
06-01 08:44:00.823 V/EmulatedCamera_Camera( 1334): getCameraInfo
06-01 08:44:00.824 V/EmulatedCamera_BaseCamera( 1334): getCameraInfo
06-01 08:44:00.825 I/CameraService( 1334): getCameraCharacteristics: Switching to HAL1 shim implementation...
06-01 08:44:00.825 V/EmulatedCamera_Camera( 1334): getCameraInfo
06-01 08:44:00.825 V/EmulatedCamera_BaseCamera( 1334): getCameraInfo
06-01 08:44:00.873 V/EmulatedCamera_Camera( 1334): getCameraInfo
06-01 08:44:00.873 V/EmulatedCamera_BaseCamera( 1334): getCameraInfo
06-01 08:44:00.921 V/EmulatedCamera_Camera( 1334): getCameraInfo
06-01 08:44:00.921 V/EmulatedCamera_BaseCamera( 1334): getCameraInfo
06-01 08:44:01.948 I/StatusBar( 2483): isKeyguardShowing() called before startKeyguard(), returning true
06-01 08:44:01.950 W/StatusBar( 2483): isKeyguardSecure() called before startKeyguard(), returning false
06-01 08:44:01.950 W/StatusBar( 2483): java.lang.Throwable
06-01 08:44:01.950 W/StatusBar( 2483): 	at com.android.systemui.statusbar.BaseStatusBar.isKeyguardSecure(BaseStatusBar.java:2647)
06-01 08:44:01.950 W/StatusBar( 2483): 	at com.android.systemui.statusbar.BaseStatusBar.isCameraAllowedByAdmin(BaseStatusBar.java:2670)
06-01 08:44:01.950 W/StatusBar( 2483): 	at com.android.systemui.statusbar.phone.KeyguardBottomAreaView.updateCameraVisibility(KeyguardBottomAreaView.java:309)
06-01 08:44:01.950 W/StatusBar( 2483): 	at com.android.systemui.statusbar.phone.KeyguardBottomAreaView.setPhoneStatusBar(KeyguardBottomAreaView.java:272)
06-01 08:44:01.950 W/StatusBar( 2483): 	at com.android.systemui.statusbar.phone.PhoneStatusBar.makeStatusBarView(PhoneStatusBar.java:904)
06-01 08:44:01.950 W/StatusBar( 2483): 	at com.android.systemui.statusbar.phone.PhoneStatusBar.addStatusBarWindow(PhoneStatusBar.java:3432)
06-01 08:44:01.950 W/StatusBar( 2483): 	at com.android.systemui.statusbar.phone.PhoneStatusBar.createAndAddWindows(PhoneStatusBar.java:3428)
06-01 08:44:01.950 W/StatusBar( 2483): 	at com.android.systemui.statusbar.BaseStatusBar.start(BaseStatusBar.java:765)
