06-01 08:40:31.414 E/Hyphenator( 1332): 	at java.io.RandomAccessFile.<init>(RandomAccessFile.java:247)
06-01 08:40:31.414 E/Hyphenator( 1332): 	at android.text.Hyphenator.loadHyphenator(Hyphenator.java:118)
06-01 08:40:31.414 E/Hyphenator( 1332): 	at android.text.Hyphenator.init(Hyphenator.java:224)
06-01 08:40:31.414 E/Hyphenator( 1332): 	at com.android.internal.os.ZygoteInit.preloadTextResources(ZygoteInit.java:252)
06-01 08:40:31.414 E/Hyphenator( 1332): 	at com.android.internal.os.ZygoteInit.preload(ZygoteInit.java:206)
06-01 08:40:31.414 E/Hyphenator( 1332): 	at com.android.internal.os.ZygoteInit.main(ZygoteInit.java:743)
06-01 08:40:31.414 E/Hyphenator( 1332): Caused by: android.system.ErrnoException: open failed: ENOENT (No such file or directory)
06-01 08:40:31.414 E/Hyphenator( 1332): 	at libcore.io.Posix.open(Native Method)
06-01 08:40:31.414 E/Hyphenator( 1332): 	at libcore.io.BlockGuardOs.open(BlockGuardOs.java:187)
06-01 08:40:31.414 E/Hyphenator( 1332): 	at libcore.io.IoBridge.open(IoBridge.java:441)
06-01 08:40:31.414 E/Hyphenator( 1332): 	... 6 more
06-01 08:40:31.416 E/Hyphenator( 1332): error loading hyphenation /system/usr/hyphen-data/hyph-et.hyb
06-01 08:40:31.416 E/Hyphenator( 1332): java.io.FileNotFoundException: /system/usr/hyphen-data/hyph-et.hyb: open failed: ENOENT (No such file or directory)
06-01 08:40:31.416 E/Hyphenator( 1332): 	at libcore.io.IoBridge.open(IoBridge.java:455)
06-01 08:40:31.416 E/Hyphenator( 1332): 	at java.io.RandomAccessFile.<init>(RandomAccessFile.java:247)
06-01 08:40:31.416 E/Hyphenator( 1332): 	at android.text.Hyphenator.loadHyphenator(Hyphenator.java:118)
06-01 08:40:31.416 E/Hyphenator( 1332): 	at android.text.Hyphenator.init(Hyphenator.java:224)
06-01 08:40:31.416 E/Hyphenator( 1332): 	at com.android.internal.os.ZygoteInit.preloadTextResources(ZygoteInit.java:252)
06-01 08:40:31.416 E/Hyphenator( 1332): 	at com.android.internal.os.ZygoteInit.preload(ZygoteInit.java:206)
06-01 08:40:31.416 E/Hyphenator( 1332): 	at com.android.internal.os.ZygoteInit.main(ZygoteInit.java:743)
06-01 08:40:31.416 E/Hyphenator( 1332): Caused by: android.system.ErrnoException: open failed: ENOENT (No such file or directory)
06-01 08:40:31.416 E/Hyphenator( 1332): 	at libcore.io.Posix.open(Native Method)
06-01 08:40:31.416 E/Hyphenator( 1332): 	at libcore.io.BlockGuardOs.open(BlockGuardOs.java:187)
06-01 08:40:31.416 E/Hyphenator( 1332): 	at libcore.io.IoBridge.open(IoBridge.java:441)
06-01 08:40:31.416 E/Hyphenator( 1332): 	... 6 more
06-01 08:40:31.418 E/Hyphenator( 1332): error loading hyphenation /system/usr/hyphen-data/hyph-eu.hyb
06-01 08:40:31.418 E/Hyphenator( 1332): java.io.FileNotFoundException: /system/usr/hyphen-data/hyph-eu.hyb: open failed: ENOENT (No such file or directory)
06-01 08:40:31.418 E/Hyphenator( 1332): 	at libcore.io.IoBridge.open(IoBridge.java:455)
06-01 08:40:31.418 E/Hyphenator( 1332): 	at java.io.RandomAccessFile.<init>(RandomAccessFile.java:247)
06-01 08:40:31.418 E/Hyphenator( 1332): 	at android.text.Hyphenator.loadHyphenator(Hyphenator.java:118)
06-01 08:40:31.418 E/Hyphenator( 1332): 	at android.text.Hyphenator.init(Hyphenator.java:224)
06-01 08:40:31.418 E/Hyphenator( 1332): 	at com.android.internal.os.ZygoteInit.preloadTextResources(ZygoteInit.java:252)
06-01 08:40:31.418 E/Hyphenator( 1332): 	at com.android.internal.os.ZygoteInit.preload(ZygoteInit.java:206)
06-01 08:40:31.418 E/Hyphenator( 1332): 	at com.android.internal.os.ZygoteInit.main(ZygoteInit.java:743)
06-01 08:40:31.418 E/Hyphenator( 1332): Caused by: android.system.ErrnoException: open failed: ENOENT (No such file or directory)
06-01 08:40:31.418 E/Hyphenator( 1332): 	at libcore.io.Posix.open(Native Method)
06-01 08:40:31.418 E/Hyphenator( 1332): 	at libcore.io.BlockGuardOs.open(BlockGuardOs.java:187)
06-01 08:40:31.418 E/Hyphenator( 1332): 	at libcore.io.IoBridge.open(IoBridge.java:441)
06-01 08:40:31.418 E/Hyphenator( 1332): 	... 6 more
06-01 08:40:31.480 E/Hyphenator( 1332): error loading hyphenation /system/usr/hyphen-data/hyph-fr.hyb
06-01 08:40:31.480 E/Hyphenator( 1332): java.io.FileNotFoundException: /system/usr/hyphen-data/hyph-fr.hyb: open failed: ENOENT (No such file or directory)
06-01 08:40:31.480 E/Hyphenator( 1332): 	at libcore.io.IoBridge.open(IoBridge.java:455)
06-01 08:40:31.480 E/Hyphenator( 1332): 	at java.io.RandomAccessFile.<init>(RandomAccessFile.java:247)
06-01 08:40:31.480 E/Hyphenator( 1332): 	at android.text.Hyphenator.loadHyphenator(Hyphenator.java:118)
06-01 08:40:31.480 E/Hyphenator( 1332): 	at android.text.Hyphenator.init(Hyphenator.java:224)
06-01 08:40:31.480 E/Hyphenator( 1332): 	at com.android.internal.os.ZygoteInit.preloadTextResources(ZygoteInit.java:252)
06-01 08:40:31.480 E/Hyphenator( 1332): 	at com.android.internal.os.ZygoteInit.preload(ZygoteInit.java:206)
06-01 08:40:31.480 E/Hyphenator( 1332): 	at com.android.internal.os.ZygoteInit.main(ZygoteInit.java:743)
06-01 08:40:31.480 E/Hyphenator( 1332): Caused by: android.system.ErrnoException: open failed: ENOENT (No such file or directory)
06-01 08:40:31.480 E/Hyphenator( 1332): 	at libcore.io.Posix.open(Native Method)
06-01 08:40:31.480 E/Hyphenator( 1332): 	at libcore.io.BlockGuardOs.open(BlockGuardOs.java:187)
06-01 08:40:31.480 E/Hyphenator( 1332): 	at libcore.io.IoBridge.open(IoBridge.java:441)
06-01 08:40:31.480 E/Hyphenator( 1332): 	... 6 more
06-01 08:40:31.482 E/Hyphenator( 1332): error loading hyphenation /system/usr/hyphen-data/hyph-ga.hyb
06-01 08:40:31.482 E/Hyphenator( 1332): java.io.FileNotFoundException: /system/usr/hyphen-data/hyph-ga.hyb: open failed: ENOENT (No such file or directory)
06-01 08:40:31.482 E/Hyphenator( 1332): 	at libcore.io.IoBridge.open(IoBridge.java:455)
06-01 08:40:31.482 E/Hyphenator( 1332): 	at java.io.RandomAccessFile.<init>(RandomAccessFile.java:247)
06-01 08:40:31.482 E/Hyphenator( 1332): 	at android.text.Hyphenator.loadHyphenator(Hyphenator.java:118)
06-01 08:40:31.482 E/Hyphenator( 1332): 	at android.text.Hyphenator.init(Hyphenator.java:224)
06-01 08:40:31.482 E/Hyphenator( 1332): 	at com.android.internal.os.ZygoteInit.preloadTextResources(ZygoteInit.java:252)
06-01 08:40:31.482 E/Hyphenator( 1332): 	at com.android.internal.os.ZygoteInit.preload(ZygoteInit.java:206)
06-01 08:40:31.482 E/Hyphenator( 1332): 	at com.android.internal.os.ZygoteInit.main(ZygoteInit.java:743)
06-01 08:40:31.482 E/Hyphenator( 1332): Caused by: android.system.ErrnoException: open failed: ENOENT (No such file or directory)
06-01 08:40:31.482 E/Hyphenator( 1332): 	at libcore.io.Posix.open(Native Method)
06-01 08:40:31.482 E/Hyphenator( 1332): 	at libcore.io.BlockGuardOs.open(BlockGuardOs.java:187)
06-01 08:40:31.482 E/Hyphenator( 1332): 	at libcore.io.IoBridge.open(IoBridge.java:441)
06-01 08:40:31.482 E/Hyphenator( 1332): 	... 6 more
06-01 08:40:31.484 E/Hyphenator( 1332): error loading hyphenation /system/usr/hyphen-data/hyph-gu.hyb
06-01 08:40:31.484 E/Hyphenator( 1332): java.io.FileNotFoundException: /system/usr/hyphen-data/hyph-gu.hyb: open failed: ENOENT (No such file or directory)
06-01 08:40:31.484 E/Hyphenator( 1332): 	at libcore.io.IoBridge.open(IoBridge.java:455)
06-01 08:40:31.484 E/Hyphenator( 1332): 	at java.io.RandomAccessFile.<init>(RandomAccessFile.java:247)
06-01 08:40:31.484 E/Hyphenator( 1332): 	at android.text.Hyphenator.loadHyphenator(Hyphenator.java:118)
06-01 08:40:31.484 E/Hyphenator( 1332): 	at android.text.Hyphenator.init(Hyphenator.java:224)
06-01 08:40:31.484 E/Hyphenator( 1332): 	at com.android.internal.os.ZygoteInit.preloadTextResources(ZygoteInit.java:252)
06-01 08:40:31.484 E/Hyphenator( 1332): 	at com.android.internal.os.ZygoteInit.preload(ZygoteInit.java:206)
06-01 08:40:31.484 E/Hyphenator( 1332): 	at com.android.internal.os.ZygoteInit.main(ZygoteInit.java:743)
06-01 08:40:31.484 E/Hyphenator( 1332): Caused by: android.system.ErrnoException: open failed: ENOENT (No such file or directory)
06-01 08:40:31.484 E/Hyphenator( 1332): 	at libcore.io.Posix.open(Native Method)
06-01 08:40:31.484 E/Hyphenator( 1332): 	at libcore.io.BlockGuardOs.open(BlockGuardOs.java:187)
06-01 08:40:31.484 E/Hyphenator( 1332): 	at libcore.io.IoBridge.open(IoBridge.java:441)
06-01 08:40:31.484 E/Hyphenator( 1332): 	... 6 more
06-01 08:40:31.486 E/Hyphenator( 1332): error loading hyphenation /system/usr/hyphen-data/hyph-hi.hyb
06-01 08:40:31.486 E/Hyphenator( 1332): java.io.FileNotFoundException: /system/usr/hyphen-data/hyph-hi.hyb: open failed: ENOENT (No such file or directory)
06-01 08:40:31.486 E/Hyphenator( 1332): 	at libcore.io.IoBridge.open(IoBridge.java:455)
06-01 08:40:31.486 E/Hyphenator( 1332): 	at java.io.RandomAccessFile.<init>(RandomAccessFile.java:247)
06-01 08:40:31.486 E/Hyphenator( 1332): 	at android.text.Hyphenator.loadHyphenator(Hyphenator.java:118)
06-01 08:40:31.486 E/Hyphenator( 1332): 	at android.text.Hyphenator.init(Hyphenator.java:224)
06-01 08:40:31.486 E/Hyphenator( 1332): 	at com.android.internal.os.ZygoteInit.preloadTextResources(ZygoteInit.java:252)
06-01 08:40:31.486 E/Hyphenator( 1332): 	at com.android.internal.os.ZygoteInit.preload(ZygoteInit.java:206)
06-01 08:40:31.486 E/Hyphenator( 1332): 	at com.android.internal.os.ZygoteInit.main(ZygoteInit.java:743)
06-01 08:40:31.486 E/Hyphenator( 1332): Caused by: android.system.ErrnoException: open failed: ENOENT (No such file or directory)
06-01 08:40:31.486 E/Hyphenator( 1332): 	at libcore.io.Posix.open(Native Method)
06-01 08:40:31.486 E/Hyphenator( 1332): 	at libcore.io.BlockGuardOs.open(BlockGuardOs.java:187)
06-01 08:40:31.486 E/Hyphenator( 1332): 	at libcore.io.IoBridge.open(IoBridge.java:441)
06-01 08:40:31.486 E/Hyphenator( 1332): 	... 6 more
06-01 08:40:31.487 E/Hyphenator( 1332): error loading hyphenation /system/usr/hyphen-data/hyph-hr.hyb
06-01 08:40:31.487 E/Hyphenator( 1332): java.io.FileNotFoundException: /system/usr/hyphen-data/hyph-hr.hyb: open failed: ENOENT (No such file or directory)
06-01 08:40:31.487 E/Hyphenator( 1332): 	at libcore.io.IoBridge.open(IoBridge.java:455)
06-01 08:40:31.487 E/Hyphenator( 1332): 	at java.io.RandomAccessFile.<init>(RandomAccessFile.java:247)
06-01 08:40:31.487 E/Hyphenator( 1332): 	at android.text.Hyphenator.loadHyphenator(Hyphenator.java:118)
06-01 08:40:31.487 E/Hyphenator( 1332): 	at android.text.Hyphenator.init(Hyphenator.java:224)
06-01 08:40:31.487 E/Hyphenator( 1332): 	at com.android.internal.os.ZygoteInit.preloadTextResources(ZygoteInit.java:252)
06-01 08:40:31.487 E/Hyphenator( 1332): 	at com.android.internal.os.ZygoteInit.preload(ZygoteInit.java:206)
06-01 08:40:31.487 E/Hyphenator( 1332): 	at com.android.internal.os.ZygoteInit.main(ZygoteInit.java:743)
06-01 08:40:31.487 E/Hyphenator( 1332): Caused by: android.system.ErrnoException: open failed: ENOENT (No such file or directory)
06-01 08:40:31.487 E/Hyphenator( 1332): 	at libcore.io.Posix.open(Native Method)
06-01 08:40:31.487 E/Hyphenator( 1332): 	at libcore.io.BlockGuardOs.open(BlockGuardOs.java:187)
06-01 08:40:31.487 E/Hyphenator( 1332): 	at libcore.io.IoBridge.open(IoBridge.java:441)
06-01 08:40:31.487 E/Hyphenator( 1332): 	... 6 more
06-01 08:40:31.489 E/Hyphenator( 1332): error loading hyphenation /system/usr/hyphen-data/hyph-hu.hyb
06-01 08:40:31.489 E/Hyphenator( 1332): java.io.FileNotFoundException: /system/usr/hyphen-data/hyph-hu.hyb: open failed: ENOENT (No such file or directory)
06-01 08:40:31.489 E/Hyphenator( 1332): 	at libcore.io.IoBridge.open(IoBridge.java:455)
06-01 08:40:31.489 E/Hyphenator( 1332): 	at java.io.RandomAccessFile.<init>(RandomAccessFile.java:247)
06-01 08:40:31.489 E/Hyphenator( 1332): 	at android.text.Hyphenator.loadHyphenator(Hyphenator.java:118)
06-01 08:40:31.489 E/Hyphenator( 1332): 	at android.text.Hyphenator.init(Hyphenator.java:224)
06-01 08:40:31.489 E/Hyphenator( 1332): 	at com.android.internal.os.ZygoteInit.preloadTextResources(ZygoteInit.java:252)
06-01 08:40:31.489 E/Hyphenator( 1332): 	at com.android.internal.os.ZygoteInit.preload(ZygoteInit.java:206)
06-01 08:40:31.489 E/Hyphenator( 1332): 	at com.android.internal.os.ZygoteInit.main(ZygoteInit.java:743)
06-01 08:40:31.489 E/Hyphenator( 1332): Caused by: android.system.ErrnoException: open failed: ENOENT (No such file or directory)
06-01 08:40:31.489 E/Hyphenator( 1332): 	at libcore.io.Posix.open(Native Method)
06-01 08:40:31.489 E/Hyphenator( 1332): 	at libcore.io.BlockGuardOs.open(BlockGuardOs.java:187)
06-01 08:40:31.489 E/Hyphenator( 1332): 	at libcore.io.IoBridge.open(IoBridge.java:441)
06-01 08:40:31.489 E/Hyphenator( 1332): 	... 6 more
06-01 08:40:31.574 E/ipv6proxy( 1746): Failed to get interface flags for wlan1: No such device
06-01 08:40:31.581 E/Hyphenator( 1332): error loading hyphenation /system/usr/hyphen-data/hyph-hy.hyb
06-01 08:40:31.581 E/Hyphenator( 1332): java.io.FileNotFoundException: /system/usr/hyphen-data/hyph-hy.hyb: open failed: ENOENT (No such file or directory)
06-01 08:40:31.581 E/Hyphenator( 1332): 	at libcore.io.IoBridge.open(IoBridge.java:455)
06-01 08:40:31.581 E/Hyphenator( 1332): 	at java.io.RandomAccessFile.<init>(RandomAccessFile.java:247)
06-01 08:40:31.581 E/Hyphenator( 1332): 	at android.text.Hyphenator.loadHyphenator(Hyphenator.java:118)
06-01 08:40:31.581 E/Hyphenator( 1332): 	at android.text.Hyphenator.init(Hyphenator.java:224)
06-01 08:40:31.581 E/Hyphenator( 1332): 	at com.android.internal.os.ZygoteInit.preloadTextResources(ZygoteInit.java:252)
06-01 08:40:31.581 E/Hyphenator( 1332): 	at com.android.internal.os.ZygoteInit.preload(ZygoteInit.java:206)
06-01 08:40:31.581 E/Hyphenator( 1332): 	at com.android.internal.os.ZygoteInit.main(ZygoteInit.java:743)
06-01 08:40:31.581 E/Hyphenator( 1332): Caused by: android.system.ErrnoException: open failed: ENOENT (No such file or directory)
06-01 08:40:31.581 E/Hyphenator( 1332): 	at libcore.io.Posix.open(Native Method)
06-01 08:40:31.581 E/Hyphenator( 1332): 	at libcore.io.BlockGuardOs.open(BlockGuardOs.java:187)
06-01 08:40:31.581 E/Hyphenator( 1332): 	at libcore.io.IoBridge.open(IoBridge.java:441)
06-01 08:40:31.581 E/Hyphenator( 1332): 	... 6 more
06-01 08:40:31.583 E/Hyphenator( 1332): error loading hyphenation /system/usr/hyphen-data/hyph-kn.hyb
06-01 08:40:31.583 E/Hyphenator( 1332): java.io.FileNotFoundException: /system/usr/hyphen-data/hyph-kn.hyb: open failed: ENOENT (No such file or directory)
06-01 08:40:31.583 E/Hyphenator( 1332): 	at libcore.io.IoBridge.open(IoBridge.java:455)
06-01 08:40:31.583 E/Hyphenator( 1332): 	at java.io.RandomAccessFile.<init>(RandomAccessFile.java:247)
06-01 08:40:31.583 E/Hyphenator( 1332): 	at android.text.Hyphenator.loadHyphenator(Hyphenator.java:118)
06-01 08:40:31.583 E/Hyphenator( 1332): 	at android.text.Hyphenator.init(Hyphenator.java:224)
06-01 08:40:31.583 E/Hyphenator( 1332): 	at com.android.internal.os.ZygoteInit.preloadTextResources(ZygoteInit.java:252)
06-01 08:40:31.583 E/Hyphenator( 1332): 	at com.android.internal.os.ZygoteInit.preload(ZygoteInit.java:206)
06-01 08:40:31.583 E/Hyphenator( 1332): 	at com.android.internal.os.ZygoteInit.main(ZygoteInit.java:743)
06-01 08:40:31.583 E/Hyphenator( 1332): Caused by: android.system.ErrnoException: open failed: ENOENT (No such file or directory)
06-01 08:40:31.583 E/Hyphenator( 1332): 	at libcore.io.Posix.open(Native Method)
06-01 08:40:31.583 E/Hyphenator( 1332): 	at libcore.io.BlockGuardOs.open(BlockGuardOs.java:187)
06-01 08:40:31.583 E/Hyphenator( 1332): 	at libcore.io.IoBridge.open(IoBridge.java:441)
06-01 08:40:31.583 E/Hyphenator( 1332): 	... 6 more
06-01 08:40:31.585 E/Hyphenator( 1332): error loading hyphenation /system/usr/hyphen-data/hyph-ml.hyb
06-01 08:40:31.585 E/Hyphenator( 1332): java.io.FileNotFoundException: /system/usr/hyphen-data/hyph-ml.hyb: open failed: ENOENT (No such file or directory)
06-01 08:40:31.585 E/Hyphenator( 1332): 	at libcore.io.IoBridge.open(IoBridge.java:455)
06-01 08:40:31.585 E/Hyphenator( 1332): 	at java.io.RandomAccessFile.<init>(RandomAccessFile.java:247)
06-01 08:40:31.585 E/Hyphenator( 1332): 	at android.text.Hyphenator.loadHyphenator(Hyphenator.java:118)
06-01 08:40:31.585 E/Hyphenator( 1332): 	at android.text.Hyphenator.init(Hyphenator.java:224)
06-01 08:40:31.585 E/Hyphenator( 1332): 	at com.android.internal.os.ZygoteInit.preloadTextResources(ZygoteInit.java:252)
06-01 08:40:31.585 E/Hyphenator( 1332): 	at com.android.internal.os.ZygoteInit.preload(ZygoteInit.java:206)
06-01 08:40:31.585 E/Hyphenator( 1332): 	at com.android.internal.os.ZygoteInit.main(ZygoteInit.java:743)
06-01 08:40:31.585 E/Hyphenator( 1332): Caused by: android.system.ErrnoException: open failed: ENOENT (No such file or directory)
06-01 08:40:31.585 E/Hyphenator( 1332): 	at libcore.io.Posix.open(Native Method)
06-01 08:40:31.585 E/Hyphenator( 1332): 	at libcore.io.BlockGuardOs.open(BlockGuardOs.java:187)
06-01 08:40:31.585 E/Hyphenator( 1332): 	at libcore.io.IoBridge.open(IoBridge.java:441)
06-01 08:40:31.585 E/Hyphenator( 1332): 	... 6 more
06-01 08:40:31.586 E/Hyphenator( 1332): error loading hyphenation /system/usr/hyphen-data/hyph-mn-cyrl.hyb
06-01 08:40:31.586 E/Hyphenator( 1332): java.io.FileNotFoundException: /system/usr/hyphen-data/hyph-mn-cyrl.hyb: open failed: ENOENT (No such file or directory)
06-01 08:40:31.586 E/Hyphenator( 1332): 	at libcore.io.IoBridge.open(IoBridge.java:455)
06-01 08:40:31.586 E/Hyphenator( 1332): 	at java.io.RandomAccessFile.<init>(RandomAccessFile.java:247)
06-01 08:40:31.586 E/Hyphenator( 1332): 	at android.text.Hyphenator.loadHyphenator(Hyphenator.java:118)
06-01 08:40:31.586 E/Hyphenator( 1332): 	at android.text.Hyphenator.init(Hyphenator.java:224)
06-01 08:40:31.586 E/Hyphenator( 1332): 	at com.android.internal.os.ZygoteInit.preloadTextResources(ZygoteInit.java:252)
06-01 08:40:31.586 E/Hyphenator( 1332): 	at com.android.internal.os.ZygoteInit.preload(ZygoteInit.java:206)
06-01 08:40:31.586 E/Hyphenator( 1332): 	at com.android.internal.os.ZygoteInit.main(ZygoteInit.java:743)
06-01 08:40:31.586 E/Hyphenator( 1332): Caused by: android.system.ErrnoException: open failed: ENOENT (No such file or directory)
06-01 08:40:31.586 E/Hyphenator( 1332): 	at libcore.io.Posix.open(Native Method)
06-01 08:40:31.586 E/Hyphenator( 1332): 	at libcore.io.BlockGuardOs.open(BlockGuardOs.java:187)
06-01 08:40:31.586 E/Hyphenator( 1332): 	at libcore.io.IoBridge.open(IoBridge.java:441)
06-01 08:40:31.586 E/Hyphenator( 1332): 	... 6 more
06-01 08:40:31.588 E/Hyphenator( 1332): error loading hyphenation /system/usr/hyphen-data/hyph-mr.hyb
06-01 08:40:31.588 E/Hyphenator( 1332): java.io.FileNotFoundException: /system/usr/hyphen-data/hyph-mr.hyb: open failed: ENOENT (No such file or directory)
06-01 08:40:31.588 E/Hyphenator( 1332): 	at libcore.io.IoBridge.open(IoBridge.java:455)
06-01 08:40:31.588 E/Hyphenator( 1332): 	at java.io.RandomAccessFile.<init>(RandomAccessFile.java:247)
06-01 08:40:31.588 E/Hyphenator( 1332): 	at android.text.Hyphenator.loadHyphenator(Hyphenator.java:118)
06-01 08:40:31.588 E/Hyphenator( 1332): 	at android.text.Hyphenator.init(Hyphenator.java:224)
06-01 08:40:31.588 E/Hyphenator( 1332): 	at com.android.internal.os.ZygoteInit.preloadTextResources(ZygoteInit.java:252)
06-01 08:40:31.588 E/Hyphenator( 1332): 	at com.android.internal.os.ZygoteInit.preload(ZygoteInit.java:206)
06-01 08:40:31.588 E/Hyphenator( 1332): 	at com.android.internal.os.ZygoteInit.main(ZygoteInit.java:743)
06-01 08:40:31.588 E/Hyphenator( 1332): Caused by: android.system.ErrnoException: open failed: ENOENT (No such file or directory)
06-01 08:40:31.588 E/Hyphenator( 1332): 	at libcore.io.Posix.open(Native Method)
06-01 08:40:31.588 E/Hyphenator( 1332): 	at libcore.io.BlockGuardOs.open(BlockGuardOs.java:187)
06-01 08:40:31.588 E/Hyphenator( 1332): 	at libcore.io.IoBridge.open(IoBridge.java:441)
06-01 08:40:31.588 E/Hyphenator( 1332): 	... 6 more
06-01 08:40:31.640 E/Hyphenator( 1332): error loading hyphenation /system/usr/hyphen-data/hyph-nb.hyb
06-01 08:40:31.640 E/Hyphenator( 1332): java.io.FileNotFoundException: /system/usr/hyphen-data/hyph-nb.hyb: open failed: ENOENT (No such file or directory)
06-01 08:40:31.640 E/Hyphenator( 1332): 	at libcore.io.IoBridge.open(IoBridge.java:455)
06-01 08:40:31.640 E/Hyphenator( 1332): 	at java.io.RandomAccessFile.<init>(RandomAccessFile.java:247)
06-01 08:40:31.640 E/Hyphenator( 1332): 	at android.text.Hyphenator.loadHyphenator(Hyphenator.java:118)
06-01 08:40:31.640 E/Hyphenator( 1332): 	at android.text.Hyphenator.init(Hyphenator.java:224)
06-01 08:40:31.640 E/Hyphenator( 1332): 	at com.android.internal.os.ZygoteInit.preloadTextResources(ZygoteInit.java:252)
06-01 08:40:31.640 E/Hyphenator( 1332): 	at com.android.internal.os.ZygoteInit.preload(ZygoteInit.java:206)
06-01 08:40:31.640 E/Hyphenator( 1332): 	at com.android.internal.os.ZygoteInit.main(ZygoteInit.java:743)
06-01 08:40:31.640 E/Hyphenator( 1332): Caused by: android.system.ErrnoException: open failed: ENOENT (No such file or directory)
06-01 08:40:31.640 E/Hyphenator( 1332): 	at libcore.io.Posix.open(Native Method)
06-01 08:40:31.640 E/Hyphenator( 1332): 	at libcore.io.BlockGuardOs.open(BlockGuardOs.java:187)
06-01 08:40:31.640 E/Hyphenator( 1332): 	at libcore.io.IoBridge.open(IoBridge.java:441)
06-01 08:40:31.640 E/Hyphenator( 1332): 	... 6 more
06-01 08:40:31.642 E/Hyphenator( 1332): error loading hyphenation /system/usr/hyphen-data/hyph-nn.hyb
06-01 08:40:31.642 E/Hyphenator( 1332): java.io.FileNotFoundException: /system/usr/hyphen-data/hyph-nn.hyb: open failed: ENOENT (No such file or directory)
06-01 08:40:31.642 E/Hyphenator( 1332): 	at libcore.io.IoBridge.open(IoBridge.java:455)
06-01 08:40:31.642 E/Hyphenator( 1332): 	at java.io.RandomAccessFile.<init>(RandomAccessFile.java:247)
06-01 08:40:31.642 E/Hyphenator( 1332): 	at android.text.Hyphenator.loadHyphenator(Hyphenator.java:118)
06-01 08:40:31.642 E/Hyphenator( 1332): 	at android.text.Hyphenator.init(Hyphenator.java:224)
06-01 08:40:31.642 E/Hyphenator( 1332): 	at com.android.internal.os.ZygoteInit.preloadTextResources(ZygoteInit.java:252)
06-01 08:40:31.642 E/Hyphenator( 1332): 	at com.android.internal.os.ZygoteInit.preload(ZygoteInit.java:206)
06-01 08:40:31.642 E/Hyphenator( 1332): 	at com.android.internal.os.ZygoteInit.main(ZygoteInit.java:743)
06-01 08:40:31.642 E/Hyphenator( 1332): Caused by: android.system.ErrnoException: open failed: ENOENT (No such file or directory)
06-01 08:40:31.642 E/Hyphenator( 1332): 	at libcore.io.Posix.open(Native Method)
06-01 08:40:31.642 E/Hyphenator( 1332): 	at libcore.io.BlockGuardOs.open(BlockGuardOs.java:187)
06-01 08:40:31.642 E/Hyphenator( 1332): 	at libcore.io.IoBridge.open(IoBridge.java:441)
06-01 08:40:31.642 E/Hyphenator( 1332): 	... 6 more
06-01 08:40:31.644 E/Hyphenator( 1332): error loading hyphenation /system/usr/hyphen-data/hyph-or.hyb
06-01 08:40:31.644 E/Hyphenator( 1332): java.io.FileNotFoundException: /system/usr/hyphen-data/hyph-or.hyb: open failed: ENOENT (No such file or directory)
06-01 08:40:31.644 E/Hyphenator( 1332): 	at libcore.io.IoBridge.open(IoBridge.java:455)
06-01 08:40:31.644 E/Hyphenator( 1332): 	at java.io.RandomAccessFile.<init>(RandomAccessFile.java:247)
06-01 08:40:31.644 E/Hyphenator( 1332): 	at android.text.Hyphenator.loadHyphenator(Hyphenator.java:118)
06-01 08:40:31.644 E/Hyphenator( 1332): 	at android.text.Hyphenator.init(Hyphenator.java:224)
06-01 08:40:31.644 E/Hyphenator( 1332): 	at com.android.internal.os.ZygoteInit.preloadTextResources(ZygoteInit.java:252)
06-01 08:40:31.644 E/Hyphenator( 1332): 	at com.android.internal.os.ZygoteInit.preload(ZygoteInit.java:206)
06-01 08:40:31.644 E/Hyphenator( 1332): 	at com.android.internal.os.ZygoteInit.main(ZygoteInit.java:743)
06-01 08:40:31.644 E/Hyphenator( 1332): Caused by: android.system.ErrnoException: open failed: ENOENT (No such file or directory)
06-01 08:40:31.644 E/Hyphenator( 1332): 	at libcore.io.Posix.open(Native Method)
06-01 08:40:31.644 E/Hyphenator( 1332): 	at libcore.io.BlockGuardOs.open(BlockGuardOs.java:187)
06-01 08:40:31.644 E/Hyphenator( 1332): 	at libcore.io.IoBridge.open(IoBridge.java:441)
06-01 08:40:31.644 E/Hyphenator( 1332): 	... 6 more
06-01 08:40:31.646 E/Hyphenator( 1332): error loading hyphenation /system/usr/hyphen-data/hyph-pa.hyb
06-01 08:40:31.646 E/Hyphenator( 1332): java.io.FileNotFoundException: /system/usr/hyphen-data/hyph-pa.hyb: open failed: ENOENT (No such file or directory)
06-01 08:40:31.646 E/Hyphenator( 1332): 	at libcore.io.IoBridge.open(IoBridge.java:455)
06-01 08:40:31.646 E/Hyphenator( 1332): 	at java.io.RandomAccessFile.<init>(RandomAccessFile.java:247)
06-01 08:40:31.646 E/Hyphenator( 1332): 	at android.text.Hyphenator.loadHyphenator(Hyphenator.java:118)
06-01 08:40:31.646 E/Hyphenator( 1332): 	at android.text.Hyphenator.init(Hyphenator.java:224)
06-01 08:40:31.646 E/Hyphenator( 1332): 	at com.android.internal.os.ZygoteInit.preloadTextResources(ZygoteInit.java:252)
06-01 08:40:31.646 E/Hyphenator( 1332): 	at com.android.internal.os.ZygoteInit.preload(ZygoteInit.java:206)
06-01 08:40:31.646 E/Hyphenator( 1332): 	at com.android.internal.os.ZygoteInit.main(ZygoteInit.java:743)
06-01 08:40:31.646 E/Hyphenator( 1332): Caused by: android.system.ErrnoException: open failed: ENOENT (No such file or directory)
06-01 08:40:31.646 E/Hyphenator( 1332): 	at libcore.io.Posix.open(Native Method)
06-01 08:40:31.646 E/Hyphenator( 1332): 	at libcore.io.BlockGuardOs.open(BlockGuardOs.java:187)
06-01 08:40:31.646 E/Hyphenator( 1332): 	at libcore.io.IoBridge.open(IoBridge.java:441)
06-01 08:40:31.646 E/Hyphenator( 1332): 	... 6 more
06-01 08:40:31.648 E/Hyphenator( 1332): error loading hyphenation /system/usr/hyphen-data/hyph-pt.hyb
06-01 08:40:31.648 E/Hyphenator( 1332): java.io.FileNotFoundException: /system/usr/hyphen-data/hyph-pt.hyb: open failed: ENOENT (No such file or directory)
06-01 08:40:31.648 E/Hyphenator( 1332): 	at libcore.io.IoBridge.open(IoBridge.java:455)
06-01 08:40:31.648 E/Hyphenator( 1332): 	at java.io.RandomAccessFile.<init>(RandomAccessFile.java:247)
06-01 08:40:31.648 E/Hyphenator( 1332): 	at android.text.Hyphenator.loadHyphenator(Hyphenator.java:118)
06-01 08:40:31.648 E/Hyphenator( 1332): 	at android.text.Hyphenator.init(Hyphenator.java:224)
06-01 08:40:31.648 E/Hyphenator( 1332): 	at com.android.internal.os.ZygoteInit.preloadTextResources(ZygoteInit.java:252)
06-01 08:40:31.648 E/Hyphenator( 1332): 	at com.android.internal.os.ZygoteInit.preload(ZygoteInit.java:206)
06-01 08:40:31.648 E/Hyphenator( 1332): 	at com.android.internal.os.ZygoteInit.main(ZygoteInit.java:743)
06-01 08:40:31.648 E/Hyphenator( 1332): Caused by: android.system.ErrnoException: open failed: ENOENT (No such file or directory)
06-01 08:40:31.648 E/Hyphenator( 1332): 	at libcore.io.Posix.open(Native Method)
06-01 08:40:31.648 E/Hyphenator( 1332): 	at libcore.io.BlockGuardOs.open(BlockGuardOs.java:187)
06-01 08:40:31.648 E/Hyphenator( 1332): 	at libcore.io.IoBridge.open(IoBridge.java:441)
06-01 08:40:31.648 E/Hyphenator( 1332): 	... 6 more
06-01 08:40:31.649 E/Hyphenator( 1332): error loading hyphenation /system/usr/hyphen-data/hyph-sl.hyb
06-01 08:40:31.649 E/Hyphenator( 1332): java.io.FileNotFoundException: /system/usr/hyphen-data/hyph-sl.hyb: open failed: ENOENT (No such file or directory)
06-01 08:40:31.649 E/Hyphenator( 1332): 	at libcore.io.IoBridge.open(IoBridge.java:455)
06-01 08:40:31.649 E/Hyphenator( 1332): 	at java.io.RandomAccessFile.<init>(RandomAccessFile.java:247)
06-01 08:40:31.649 E/Hyphenator( 1332): 	at android.text.Hyphenator.loadHyphenator(Hyphenator.java:118)
06-01 08:40:31.649 E/Hyphenator( 1332): 	at android.text.Hyphenator.init(Hyphenator.java:224)
06-01 08:40:31.649 E/Hyphenator( 1332): 	at com.android.internal.os.ZygoteInit.preloadTextResources(ZygoteInit.java:252)
06-01 08:40:31.649 E/Hyphenator( 1332): 	at com.android.internal.os.ZygoteInit.preload(ZygoteInit.java:206)
06-01 08:40:31.649 E/Hyphenator( 1332): 	at com.android.internal.os.ZygoteInit.main(ZygoteInit.java:743)
06-01 08:40:31.649 E/Hyphenator( 1332): Caused by: android.system.ErrnoException: open failed: ENOENT (No such file or directory)
06-01 08:40:31.649 E/Hyphenator( 1332): 	at libcore.io.Posix.open(Native Method)
06-01 08:40:31.649 E/Hyphenator( 1332): 	at libcore.io.BlockGuardOs.open(BlockGuardOs.java:187)
06-01 08:40:31.649 E/Hyphenator( 1332): 	at libcore.io.IoBridge.open(IoBridge.java:441)
06-01 08:40:31.649 E/Hyphenator( 1332): 	... 6 more
06-01 08:40:31.672 E/Hyphenator( 1332): error loading hyphenation /system/usr/hyphen-data/hyph-ta.hyb
06-01 08:40:31.672 E/Hyphenator( 1332): java.io.FileNotFoundException: /system/usr/hyphen-data/hyph-ta.hyb: open failed: ENOENT (No such file or directory)
06-01 08:40:31.672 E/Hyphenator( 1332): 	at libcore.io.IoBridge.open(IoBridge.java:455)
06-01 08:40:31.672 E/Hyphenator( 1332): 	at java.io.RandomAccessFile.<init>(RandomAccessFile.java:247)
06-01 08:40:31.672 E/Hyphenator( 1332): 	at android.text.Hyphenator.loadHyphenator(Hyphenator.java:118)
06-01 08:40:31.672 E/Hyphenator( 1332): 	at android.text.Hyphenator.init(Hyphenator.java:224)
06-01 08:40:31.672 E/Hyphenator( 1332): 	at com.android.internal.os.ZygoteInit.preloadTextResources(ZygoteInit.java:252)
06-01 08:40:31.672 E/Hyphenator( 1332): 	at com.android.internal.os.ZygoteInit.preload(ZygoteInit.java:206)
06-01 08:40:31.672 E/Hyphenator( 1332): 	at com.android.internal.os.ZygoteInit.main(ZygoteInit.java:743)
06-01 08:40:31.672 E/Hyphenator( 1332): Caused by: android.system.ErrnoException: open failed: ENOENT (No such file or directory)
06-01 08:40:31.672 E/Hyphenator( 1332): 	at libcore.io.Posix.open(Native Method)
06-01 08:40:31.672 E/Hyphenator( 1332): 	at libcore.io.BlockGuardOs.open(BlockGuardOs.java:187)
06-01 08:40:31.672 E/Hyphenator( 1332): 	at libcore.io.IoBridge.open(IoBridge.java:441)
06-01 08:40:31.672 E/Hyphenator( 1332): 	... 6 more
06-01 08:40:31.674 E/Hyphenator( 1332): error loading hyphenation /system/usr/hyphen-data/hyph-te.hyb
06-01 08:40:31.674 E/Hyphenator( 1332): java.io.FileNotFoundException: /system/usr/hyphen-data/hyph-te.hyb: open failed: ENOENT (No such file or directory)
06-01 08:40:31.674 E/Hyphenator( 1332): 	at libcore.io.IoBridge.open(IoBridge.java:455)
06-01 08:40:31.674 E/Hyphenator( 1332): 	at java.io.RandomAccessFile.<init>(RandomAccessFile.java:247)
06-01 08:40:31.674 E/Hyphenator( 1332): 	at android.text.Hyphenator.loadHyphenator(Hyphenator.java:118)
06-01 08:40:31.674 E/Hyphenator( 1332): 	at android.text.Hyphenator.init(Hyphenator.java:224)
06-01 08:40:31.674 E/Hyphenator( 1332): 	at com.android.internal.os.ZygoteInit.preloadTextResources(ZygoteInit.java:252)
06-01 08:40:31.674 E/Hyphenator( 1332): 	at com.android.internal.os.ZygoteInit.preload(ZygoteInit.java:206)
06-01 08:40:31.674 E/Hyphenator( 1332): 	at com.android.internal.os.ZygoteInit.main(ZygoteInit.java:743)
06-01 08:40:31.674 E/Hyphenator( 1332): Caused by: android.system.ErrnoException: open failed: ENOENT (No such file or directory)
06-01 08:40:31.674 E/Hyphenator( 1332): 	at libcore.io.Posix.open(Native Method)
06-01 08:40:31.674 E/Hyphenator( 1332): 	at libcore.io.BlockGuardOs.open(BlockGuardOs.java:187)
06-01 08:40:31.674 E/Hyphenator( 1332): 	at libcore.io.IoBridge.open(IoBridge.java:441)
06-01 08:40:31.674 E/Hyphenator( 1332): 	... 6 more
06-01 08:40:31.676 E/Hyphenator( 1332): error loading hyphenation /system/usr/hyphen-data/hyph-tk.hyb
06-01 08:40:31.676 E/Hyphenator( 1332): java.io.FileNotFoundException: /system/usr/hyphen-data/hyph-tk.hyb: open failed: ENOENT (No such file or directory)
06-01 08:40:31.676 E/Hyphenator( 1332): 	at libcore.io.IoBridge.open(IoBridge.java:455)
06-01 08:40:31.676 E/Hyphenator( 1332): 	at java.io.RandomAccessFile.<init>(RandomAccessFile.java:247)
06-01 08:40:31.676 E/Hyphenator( 1332): 	at android.text.Hyphenator.loadHyphenator(Hyphenator.java:118)
06-01 08:40:31.676 E/Hyphenator( 1332): 	at android.text.Hyphenator.init(Hyphenator.java:224)
06-01 08:40:31.676 E/Hyphenator( 1332): 	at com.android.internal.os.ZygoteInit.preloadTextResources(ZygoteInit.java:252)
06-01 08:40:31.676 E/Hyphenator( 1332): 	at com.android.internal.os.ZygoteInit.preload(ZygoteInit.java:206)
06-01 08:40:31.676 E/Hyphenator( 1332): 	at com.android.internal.os.ZygoteInit.main(ZygoteInit.java:743)
06-01 08:40:31.676 E/Hyphenator( 1332): Caused by: android.system.ErrnoException: open failed: ENOENT (No such file or directory)
06-01 08:40:31.676 E/Hyphenator( 1332): 	at libcore.io.Posix.open(Native Method)
06-01 08:40:31.676 E/Hyphenator( 1332): 	at libcore.io.BlockGuardOs.open(BlockGuardOs.java:187)
06-01 08:40:31.676 E/Hyphenator( 1332): 	at libcore.io.IoBridge.open(IoBridge.java:441)
06-01 08:40:31.676 E/Hyphenator( 1332): 	... 6 more
06-01 08:40:31.678 E/Hyphenator( 1332): error loading hyphenation /system/usr/hyphen-data/hyph-und-ethi.hyb
06-01 08:40:31.678 E/Hyphenator( 1332): java.io.FileNotFoundException: /system/usr/hyphen-data/hyph-und-ethi.hyb: open failed: ENOENT (No such file or directory)
06-01 08:40:31.678 E/Hyphenator( 1332): 	at libcore.io.IoBridge.open(IoBridge.java:455)
06-01 08:40:31.678 E/Hyphenator( 1332): 	at java.io.RandomAccessFile.<init>(RandomAccessFile.java:247)
06-01 08:40:31.678 E/Hyphenator( 1332): 	at android.text.Hyphenator.loadHyphenator(Hyphenator.java:118)
06-01 08:40:31.678 E/Hyphenator( 1332): 	at android.text.Hyphenator.init(Hyphenator.java:224)
06-01 08:40:31.678 E/Hyphenator( 1332): 	at com.android.internal.os.ZygoteInit.preloadTextResources(ZygoteInit.java:252)
06-01 08:40:31.678 E/Hyphenator( 1332): 	at com.android.internal.os.ZygoteInit.preload(ZygoteInit.java:206)
06-01 08:40:31.678 E/Hyphenator( 1332): 	at com.android.internal.os.ZygoteInit.main(ZygoteInit.java:743)
06-01 08:40:31.678 E/Hyphenator( 1332): Caused by: android.system.ErrnoException: open failed: ENOENT (No such file or directory)
06-01 08:40:31.678 E/Hyphenator( 1332): 	at libcore.io.Posix.open(Native Method)
06-01 08:40:31.678 E/Hyphenator( 1332): 	at libcore.io.BlockGuardOs.open(BlockGuardOs.java:187)
06-01 08:40:31.678 E/Hyphenator( 1332): 	at libcore.io.IoBridge.open(IoBridge.java:441)
06-01 08:40:31.678 E/Hyphenator( 1332): 	... 6 more
06-01 08:40:31.697 I/Zygote  ( 1329): System server process 1754 has been created
06-01 08:40:31.867 I/Zygote  ( 1329): Accepting command socket connections
06-01 08:40:32.509 I/Zygote  ( 1332): Uninstalled ICU cache reference pinning...
06-01 08:40:32.631 I/Zygote  ( 1332): Installed AndroidKeyStoreProvider in 91ms.
06-01 08:40:33.174 I/Zygote  ( 1332): Warmed up JCA providers in 542ms.
06-01 08:40:33.174 D/Zygote  ( 1332): end preload
06-01 08:40:33.176 I/art     ( 1332): Starting a blocking GC Explicit
06-01 08:40:33.854 I/art     ( 1332): Explicit concurrent mark sweep GC freed 15627(1178KB) AllocSpace objects, 3(112KB) LOS objects, 39% free, 6MB/10MB, paused 2.554ms total 641.062ms
06-01 08:40:33.865 I/art     ( 1332): Starting a blocking GC Explicit
06-01 08:40:34.053 I/art     ( 1332): Explicit concurrent mark sweep GC freed 1634(67KB) AllocSpace objects, 3(132KB) LOS objects, 39% free, 6MB/10MB, paused 412us total 186.218ms
06-01 08:40:34.058 I/Zygote  ( 1332): Accepting command socket connections
06-01 08:40:34.201 I/Zygote  ( 1754): Process: zygote socket opened, supported ABIS: x86
06-01 08:40:34.242 I/InstallerConnection( 1754): connecting...
06-01 08:40:34.245 I/        ( 1336): new connection
06-01 08:40:34.721 I/InstallerConnection( 1754): disconnecting...
06-01 08:40:34.722 E/        ( 1336): eof
06-01 08:40:34.722 E/        ( 1336): failed to read size
06-01 08:40:34.722 I/        ( 1336): closing connection
06-01 08:40:35.747 E/hostapd ( 1776): Configuration file: /system/etc/simulated_hostapd.conf
06-01 08:40:35.925 E/hostapd ( 1776): Could not read interface wlan1 flags: No such device
06-01 08:40:35.925 I/hostapd ( 1776): nl80211: Driver does not support authentication/association or connect commands
06-01 08:40:35.926 I/hostapd ( 1776): nl80211: deinit ifname=wlan1 disabled_11b_rates=0
06-01 08:40:35.926 E/hostapd ( 1776): Could not read interface wlan1 flags: No such device
06-01 08:40:35.927 E/hostapd ( 1776): nl80211 driver initialization failed.
06-01 08:40:35.927 I/hostapd ( 1776): wlan1: interface state UNINITIALIZED->DISABLED
06-01 08:40:35.927 I/hostapd ( 1776): wlan1: AP-DISABLED 
06-01 08:40:35.927 E/hostapd ( 1776): hostapd_free_hapd_data: Interface wlan1 wasn't started
06-01 08:40:35.996 I/SystemServer( 1754): Entered the Android system server!
06-01 08:40:36.902 E/ipv6proxy( 1786): Failed to get interface flags for wlan1: No such device
06-01 08:40:38.344 I/SystemServiceManager( 1754): Starting com.android.server.pm.Installer
06-01 08:40:38.436 I/Installer( 1754): Waiting for installd to be ready.
06-01 08:40:38.436 I/InstallerConnection( 1754): connecting...
06-01 08:40:38.438 I/        ( 1336): new connection
06-01 08:40:38.462 I/SystemServiceManager( 1754): Starting com.android.server.am.ActivityManagerService$Lifecycle
06-01 08:40:39.011 I/ActivityManager( 1754): Memory class: 256
06-01 08:40:39.111 I/ServiceThread( 1754): Enabled StrictMode logging for ActivityManager looper.
06-01 08:40:39.179 I/ServiceThread( 1754): Enabled StrictMode logging for android.ui looper.
06-01 08:40:39.632 D/BatteryStatsImpl( 1754): Reading daily items from /data/system/batterystats-daily.xml
06-01 08:40:40.029 E/hostapd ( 1801): Configuration file: /system/etc/simulated_hostapd.conf
06-01 08:40:40.142 E/hostapd ( 1801): Could not read interface wlan1 flags: No such device
06-01 08:40:40.143 I/hostapd ( 1801): nl80211: Driver does not support authentication/association or connect commands
06-01 08:40:40.143 I/hostapd ( 1801): nl80211: deinit ifname=wlan1 disabled_11b_rates=0
06-01 08:40:40.144 E/hostapd ( 1801): Could not read interface wlan1 flags: No such device
06-01 08:40:40.145 E/hostapd ( 1801): nl80211 driver initialization failed.
06-01 08:40:40.145 I/hostapd ( 1801): wlan1: interface state UNINITIALIZED->DISABLED
06-01 08:40:40.145 I/hostapd ( 1801): wlan1: AP-DISABLED 
06-01 08:40:40.146 E/hostapd ( 1801): hostapd_free_hapd_data: Interface wlan1 wasn't started
06-01 08:40:41.085 E/ipv6proxy( 1807): Failed to get interface flags for wlan1: No such device
06-01 08:40:43.113 W/ProcessCpuTracker( 1754): Skipping unknown process pid 1816
06-01 08:40:43.262 I/IntentFirewall( 1754): Read new rules (A:0 B:0 S:0)
06-01 08:40:43.485 I/ServiceThread( 1754): Enabled StrictMode logging for android.display looper.
06-01 08:40:43.641 D/AppOps  ( 1754): AppOpsService published
06-01 08:40:43.643 I/SystemServiceManager( 1754): Starting com.android.server.power.PowerManagerService
06-01 08:40:43.742 I/ServiceThread( 1754): Enabled StrictMode logging for PowerManagerService looper.
06-01 08:40:43.764 E/PowerManagerService-JNI( 1754): Couldn't load power module (No such file or directory)
06-01 08:40:43.765 W/libsuspend( 1754): Error writing 'on' to /sys/power/state: Invalid argument
06-01 08:40:43.766 I/libsuspend( 1754): Selected wakeup count
06-01 08:40:43.932 I/SystemServiceManager( 1754): Starting com.android.server.lights.LightsService
06-01 08:40:44.024 I/SystemServiceManager( 1754): Starting com.android.server.display.DisplayManagerService
06-01 08:40:44.108 I/SystemServiceManager( 1754): Starting phase 100
06-01 08:40:44.152 E/SurfaceFlinger( 1326): ro.sf.lcd_density must be defined as a build property
06-01 08:40:44.241 I/DisplayManagerService( 1754): Display device added: DisplayDeviceInfo{"Built-in Screen": uniqueId="local:0", 1080 x 1920, modeId 1, defaultModeId 1, supportedModes [{id=1, width=1080, height=1920, fps=60.000004}], colorMode 0, supportedColorModes [0], HdrCapabilities android.view.Display$HdrCapabilities@a69d6308, density 480, 480.0 x 480.0 dpi, appVsyncOff 1000000, presDeadline 16666666, touch INTERNAL, rotation 0, type BUILT_IN, state UNKNOWN, FLAG_DEFAULT_DISPLAY, FLAG_ROTATES_WITH_CONTENT, FLAG_SECURE, FLAG_SUPPORTS_PROTECTED_BUFFERS}
06-01 08:40:44.250 D/SurfaceFlinger( 1326): Set power mode=2, type=0 flinger=0x72e5be647000
06-01 08:40:44.251 D/SurfaceFlinger( 1326): Screen type=0 is already mode=2
06-01 08:40:44.263 I/DisplayManagerService( 1754): Display device changed state: "Built-in Screen", ON
06-01 08:40:44.265 I/SystemServer( 1754): StartPackageManagerService
06-01 08:40:44.895 W/SystemConfig( 1754): No directory /system/etc/sysconfig, skipping
06-01 08:40:45.042 E/hostapd ( 1833): Configuration file: /system/etc/simulated_hostapd.conf
06-01 08:40:45.194 E/hostapd ( 1833): Could not read interface wlan1 flags: No such device
06-01 08:40:45.194 I/hostapd ( 1833): nl80211: Driver does not support authentication/association or connect commands
06-01 08:40:45.195 I/hostapd ( 1833): nl80211: deinit ifname=wlan1 disabled_11b_rates=0
06-01 08:40:45.195 E/hostapd ( 1833): Could not read interface wlan1 flags: No such device
06-01 08:40:45.196 E/hostapd ( 1833): nl80211 driver initialization failed.
06-01 08:40:45.196 I/hostapd ( 1833): wlan1: interface state UNINITIALIZED->DISABLED
06-01 08:40:45.196 I/hostapd ( 1833): wlan1: AP-DISABLED 
06-01 08:40:45.197 E/hostapd ( 1833): hostapd_free_hapd_data: Interface wlan1 wasn't started
06-01 08:40:45.464 D/SELinuxMMAC( 1754): Using policy file /system/etc/security/mac_permissions.xml
06-01 08:40:46.735 E/ipv6proxy( 1840): Failed to get interface flags for wlan1: No such device
06-01 08:40:47.843 E/art     ( 1754): DexFile_getDexOptNeeded file '/system/framework/org.apache.http.legacy.jar' does not exist
06-01 08:40:47.845 W/PackageManager( 1754): Library not found: /system/framework/org.apache.http.legacy.jar
06-01 08:40:48.124 E/art     ( 1754): DexFile_getDexOptNeeded file '/system/framework/org.apache.http.legacy.jar' does not exist
06-01 08:40:48.125 W/PackageManager( 1754): Library not found: /system/framework/org.apache.http.legacy.jar
06-01 08:40:48.191 D/PackageManager( 1754): No files in app dir /vendor/overlay
06-01 08:40:49.281 W/PackageManager( 1754): Failed to parse /system/framework/oat: Missing base APK in /system/framework/oat
06-01 08:40:49.286 W/PackageManager( 1754): Failed to parse /system/framework/x86: Missing base APK in /system/framework/x86
06-01 08:40:49.288 W/PackageManager( 1754): Failed to parse /system/framework/x86_64: Missing base APK in /system/framework/x86_64
06-01 08:40:50.853 E/hostapd ( 1861): Configuration file: /system/etc/simulated_hostapd.conf
06-01 08:40:50.875 W/PackageParser( 1754): No actions in intent filter at /system/priv-app/Contacts/Contacts.apk Binary XML file line #409
06-01 08:40:50.985 E/hostapd ( 1861): Could not read interface wlan1 flags: No such device
06-01 08:40:50.985 I/hostapd ( 1861): nl80211: Driver does not support authentication/association or connect commands
06-01 08:40:50.985 I/hostapd ( 1861): nl80211: deinit ifname=wlan1 disabled_11b_rates=0
06-01 08:40:50.986 E/hostapd ( 1861): Could not read interface wlan1 flags: No such device
06-01 08:40:50.986 E/hostapd ( 1861): nl80211 driver initialization failed.
06-01 08:40:50.987 I/hostapd ( 1861): wlan1: interface state UNINITIALIZED->DISABLED
06-01 08:40:50.987 I/hostapd ( 1861): wlan1: AP-DISABLED 
06-01 08:40:50.987 E/hostapd ( 1861): hostapd_free_hapd_data: Interface wlan1 wasn't started
06-01 08:40:51.886 E/ipv6proxy( 1864): Failed to get interface flags for wlan1: No such device
06-01 08:40:52.633 W/PackageParser( 1754): No actions in intent filter at /system/priv-app/Dialer/Dialer.apk Binary XML file line #186
06-01 08:40:53.509 W/PackageManager( 1754): Permission android.permission.DOWNLOAD_WITHOUT_NOTIFICATION from package com.android.providers.downloads in an unknown group android.permission-group.NETWORK
06-01 08:40:55.196 E/hostapd ( 1882): Configuration file: /system/etc/simulated_hostapd.conf
06-01 08:40:55.264 E/hostapd ( 1882): Could not read interface wlan1 flags: No such device
06-01 08:40:55.265 I/hostapd ( 1882): nl80211: Driver does not support authentication/association or connect commands
06-01 08:40:55.265 I/hostapd ( 1882): nl80211: deinit ifname=wlan1 disabled_11b_rates=0
06-01 08:40:55.266 E/hostapd ( 1882): Could not read interface wlan1 flags: No such device
06-01 08:40:55.267 E/hostapd ( 1882): nl80211 driver initialization failed.
06-01 08:40:55.267 I/hostapd ( 1882): wlan1: interface state UNINITIALIZED->DISABLED
06-01 08:40:55.267 I/hostapd ( 1882): wlan1: AP-DISABLED 
06-01 08:40:55.268 E/hostapd ( 1882): hostapd_free_hapd_data: Interface wlan1 wasn't started
06-01 08:40:56.495 E/ipv6proxy( 1884): Failed to get interface flags for wlan1: No such device
06-01 08:40:56.763 V/NatController( 1347): runCmd(/system/bin/iptables -w -F natctrl_FORWARD) res=0
06-01 08:40:56.817 W/PackageParser( 1754): Ignoring duplicate uses-permissions/uses-permissions-sdk-m: android.permission.USE_CREDENTIALS in package: com.android.settings at: Binary XML file line #53
06-01 08:40:56.818 W/PackageParser( 1754): Ignoring duplicate uses-permissions/uses-permissions-sdk-m: android.permission.READ_SYNC_SETTINGS in package: com.android.settings at: Binary XML file line #58
06-01 08:40:56.819 W/PackageParser( 1754): Ignoring duplicate uses-permissions/uses-permissions-sdk-m: android.permission.WRITE_SYNC_SETTINGS in package: com.android.settings at: Binary XML file line #59
06-01 08:40:57.174 V/NatController( 1347): runCmd(/system/bin/ip6tables -w -F natctrl_FORWARD) res=0
06-01 08:40:57.641 V/NatController( 1347): runCmd(/system/bin/iptables -w -A natctrl_FORWARD -j DROP) res=0
06-01 08:40:58.021 V/NatController( 1347): runCmd(/system/bin/iptables -w -t nat -F natctrl_nat_POSTROUTING) res=0
06-01 08:40:58.541 V/NatController( 1347): runCmd(/system/bin/ip6tables -w -t raw -F natctrl_raw_PREROUTING) res=0
06-01 08:40:58.601 W/PackageParser( 1754): Ignoring duplicate uses-permissions/uses-permissions-sdk-m: android.permission.INSTALL_GRANT_RUNTIME_PERMISSIONS in package: com.android.shell at: Binary XML file line #102
06-01 08:40:58.707 I/art     ( 1754): Background sticky concurrent mark sweep GC freed 31592(2MB) AllocSpace objects, 24(520KB) LOS objects, 31% free, 6MB/10MB, paused 2.565ms total 593.625ms
06-01 08:40:59.021 V/NatController( 1347): runCmd(/system/bin/iptables -w -F natctrl_tether_counters) res=1
06-01 08:40:59.331 V/NatController( 1347): runCmd(/system/bin/ip6tables -w -F natctrl_tether_counters) res=1
06-01 08:40:59.551 V/NatController( 1347): runCmd(/system/bin/iptables -w -X natctrl_tether_counters) res=1
06-01 08:40:59.948 W/PackageParser( 1754): Ignoring duplicate uses-permissions/uses-permissions-sdk-m: android.permission.CONFIGURE_WIFI_DISPLAY in package: com.android.systemui at: Binary XML file line #123
06-01 08:40:59.991 V/NatController( 1347): runCmd(/system/bin/ip6tables -w -X natctrl_tether_counters) res=1
06-01 08:41:00.377 V/NatController( 1347): runCmd(/system/bin/iptables -w -N natctrl_tether_counters) res=0
06-01 08:41:00.853 E/hostapd ( 1902): Configuration file: /system/etc/simulated_hostapd.conf
06-01 08:41:00.919 E/hostapd ( 1902): Could not read interface wlan1 flags: No such device
06-01 08:41:00.961 V/NatController( 1347): runCmd(/system/bin/ip6tables -w -N natctrl_tether_counters) res=0
06-01 08:41:01.000 I/hostapd ( 1902): nl80211: Driver does not support authentication/association or connect commands
06-01 08:41:01.001 I/hostapd ( 1902): nl80211: deinit ifname=wlan1 disabled_11b_rates=0
06-01 08:41:01.001 E/hostapd ( 1902): Could not read interface wlan1 flags: No such device
06-01 08:41:01.002 E/hostapd ( 1902): nl80211 driver initialization failed.
06-01 08:41:01.002 I/hostapd ( 1902): wlan1: interface state UNINITIALIZED->DISABLED
06-01 08:41:01.003 I/hostapd ( 1902): wlan1: AP-DISABLED 
06-01 08:41:01.003 E/hostapd ( 1902): hostapd_free_hapd_data: Interface wlan1 wasn't started
06-01 08:41:01.541 V/NatController( 1347): runCmd(/system/bin/iptables -w -t mangle -A natctrl_mangle_FORWARD -p tcp --tcp-flags SYN SYN -j TCPMSS --clamp-mss-to-pmtu) res=0
06-01 08:41:01.594 E/ipv6proxy( 1907): Failed to get interface flags for wlan1: No such device
06-01 08:41:02.205 W/PackageManager( 1754): Non-privileged app; cap priority to 0; package: com.android.calendar activity: com.android.calendar.GoogleCalendarUriIntentFilter origPrio: 50
06-01 08:41:02.514 W/PackageManager( 1754): Non-privileged app; cap priority to 0; package: com.android.cts.ctsshim activity: com.android.cts.ctsshim.InstallPriority origPrio: 100
06-01 08:41:02.514 W/PackageManager( 1754): Non-privileged app; cap priority to 0; package: com.android.cts.ctsshim activity: com.android.cts.ctsshim.InstallPriority origPrio: 100
06-01 08:41:02.514 W/PackageManager( 1754): Non-privileged app; cap priority to 0; package: com.android.cts.ctsshim activity: com.android.cts.ctsshim.InstallPriority origPrio: 100
06-01 08:41:02.514 W/PackageManager( 1754): Non-privileged app; cap priority to 0; package: com.android.cts.ctsshim activity: com.android.cts.ctsshim.InstallPriority origPrio: 100
06-01 08:41:02.514 W/PackageManager( 1754): Non-privileged app; cap priority to 0; package: com.android.cts.ctsshim activity: com.android.cts.ctsshim.InstallPriority origPrio: 100
06-01 08:41:03.975 W/PackageParser( 1754): Ignoring duplicate uses-permissions/uses-permissions-sdk-m: android.permission.WRITE_CONTACTS in package: com.android.email at: Binary XML file line #40
06-01 08:41:05.980 W/PackageParser( 1754): Unknown element under <application>: permission at /system/app/Gallery2/Gallery2.apk Binary XML file line #238
06-01 08:41:06.010 W/PackageParser( 1754): Unknown element under <application>: permission at /system/app/Gallery2/Gallery2.apk Binary XML file line #241
06-01 08:41:06.161 E/hostapd ( 1923): Configuration file: /system/etc/simulated_hostapd.conf
06-01 08:41:06.325 E/hostapd ( 1923): Could not read interface wlan1 flags: No such device
06-01 08:41:06.326 I/hostapd ( 1923): nl80211: Driver does not support authentication/association or connect commands
06-01 08:41:06.327 I/hostapd ( 1923): nl80211: deinit ifname=wlan1 disabled_11b_rates=0
06-01 08:41:06.327 E/hostapd ( 1923): Could not read interface wlan1 flags: No such device
