05-30 04:24:56.249 E/Hyphenator( 1330): error loading hyphenation /system/usr/hyphen-data/hyph-hr.hyb
05-30 04:24:56.249 E/Hyphenator( 1330): java.io.FileNotFoundException: /system/usr/hyphen-data/hyph-hr.hyb: open failed: ENOENT (No such file or directory)
05-30 04:24:56.249 E/Hyphenator( 1330): 	at libcore.io.IoBridge.open(IoBridge.java:455)
05-30 04:24:56.249 E/Hyphenator( 1330): 	at java.io.RandomAccessFile.<init>(RandomAccessFile.java:247)
05-30 04:24:56.249 E/Hyphenator( 1330): 	at android.text.Hyphenator.loadHyphenator(Hyphenator.java:118)
05-30 04:24:56.249 E/Hyphenator( 1330): 	at android.text.Hyphenator.init(Hyphenator.java:224)
05-30 04:24:56.249 E/Hyphenator( 1330): 	at com.android.internal.os.ZygoteInit.preloadTextResources(ZygoteInit.java:252)
05-30 04:24:56.249 E/Hyphenator( 1330): 	at com.android.internal.os.ZygoteInit.preload(ZygoteInit.java:206)
05-30 04:24:56.249 E/Hyphenator( 1330): 	at com.android.internal.os.ZygoteInit.main(ZygoteInit.java:743)
05-30 04:24:56.249 E/Hyphenator( 1330): Caused by: android.system.ErrnoException: open failed: ENOENT (No such file or directory)
05-30 04:24:56.249 E/Hyphenator( 1330): 	at libcore.io.Posix.open(Native Method)
05-30 04:24:56.249 E/Hyphenator( 1330): 	at libcore.io.BlockGuardOs.open(BlockGuardOs.java:187)
05-30 04:24:56.249 E/Hyphenator( 1330): 	at libcore.io.IoBridge.open(IoBridge.java:441)
05-30 04:24:56.249 E/Hyphenator( 1330): 	... 6 more
05-30 04:24:56.298 I/art     ( 1329): Explicit concurrent mark sweep GC freed 1250(48KB) AllocSpace objects, 2(116KB) LOS objects, 39% free, 6MB/10MB, paused 322us total 261.993ms
05-30 04:24:56.313 E/Hyphenator( 1330): error loading hyphenation /system/usr/hyphen-data/hyph-hu.hyb
05-30 04:24:56.313 E/Hyphenator( 1330): java.io.FileNotFoundException: /system/usr/hyphen-data/hyph-hu.hyb: open failed: ENOENT (No such file or directory)
05-30 04:24:56.313 E/Hyphenator( 1330): 	at libcore.io.IoBridge.open(IoBridge.java:455)
05-30 04:24:56.313 E/Hyphenator( 1330): 	at java.io.RandomAccessFile.<init>(RandomAccessFile.java:247)
05-30 04:24:56.313 E/Hyphenator( 1330): 	at android.text.Hyphenator.loadHyphenator(Hyphenator.java:118)
05-30 04:24:56.313 E/Hyphenator( 1330): 	at android.text.Hyphenator.init(Hyphenator.java:224)
05-30 04:24:56.313 E/Hyphenator( 1330): 	at com.android.internal.os.ZygoteInit.preloadTextResources(ZygoteInit.java:252)
05-30 04:24:56.313 E/Hyphenator( 1330): 	at com.android.internal.os.ZygoteInit.preload(ZygoteInit.java:206)
05-30 04:24:56.313 E/Hyphenator( 1330): 	at com.android.internal.os.ZygoteInit.main(ZygoteInit.java:743)
05-30 04:24:56.313 E/Hyphenator( 1330): Caused by: android.system.ErrnoException: open failed: ENOENT (No such file or directory)
05-30 04:24:56.313 E/Hyphenator( 1330): 	at libcore.io.Posix.open(Native Method)
05-30 04:24:56.313 E/Hyphenator( 1330): 	at libcore.io.BlockGuardOs.open(BlockGuardOs.java:187)
05-30 04:24:56.313 E/Hyphenator( 1330): 	at libcore.io.IoBridge.open(IoBridge.java:441)
05-30 04:24:56.313 E/Hyphenator( 1330): 	... 6 more
05-30 04:24:56.315 E/Hyphenator( 1330): error loading hyphenation /system/usr/hyphen-data/hyph-hy.hyb
05-30 04:24:56.315 E/Hyphenator( 1330): java.io.FileNotFoundException: /system/usr/hyphen-data/hyph-hy.hyb: open failed: ENOENT (No such file or directory)
05-30 04:24:56.315 E/Hyphenator( 1330): 	at libcore.io.IoBridge.open(IoBridge.java:455)
05-30 04:24:56.315 E/Hyphenator( 1330): 	at java.io.RandomAccessFile.<init>(RandomAccessFile.java:247)
05-30 04:24:56.315 E/Hyphenator( 1330): 	at android.text.Hyphenator.loadHyphenator(Hyphenator.java:118)
05-30 04:24:56.315 E/Hyphenator( 1330): 	at android.text.Hyphenator.init(Hyphenator.java:224)
05-30 04:24:56.315 E/Hyphenator( 1330): 	at com.android.internal.os.ZygoteInit.preloadTextResources(ZygoteInit.java:252)
05-30 04:24:56.315 E/Hyphenator( 1330): 	at com.android.internal.os.ZygoteInit.preload(ZygoteInit.java:206)
05-30 04:24:56.315 E/Hyphenator( 1330): 	at com.android.internal.os.ZygoteInit.main(ZygoteInit.java:743)
05-30 04:24:56.315 E/Hyphenator( 1330): Caused by: android.system.ErrnoException: open failed: ENOENT (No such file or directory)
05-30 04:24:56.315 E/Hyphenator( 1330): 	at libcore.io.Posix.open(Native Method)
05-30 04:24:56.315 E/Hyphenator( 1330): 	at libcore.io.BlockGuardOs.open(BlockGuardOs.java:187)
05-30 04:24:56.315 E/Hyphenator( 1330): 	at libcore.io.IoBridge.open(IoBridge.java:441)
05-30 04:24:56.315 E/Hyphenator( 1330): 	... 6 more
05-30 04:24:56.317 E/Hyphenator( 1330): error loading hyphenation /system/usr/hyphen-data/hyph-kn.hyb
05-30 04:24:56.317 E/Hyphenator( 1330): java.io.FileNotFoundException: /system/usr/hyphen-data/hyph-kn.hyb: open failed: ENOENT (No such file or directory)
05-30 04:24:56.317 E/Hyphenator( 1330): 	at libcore.io.IoBridge.open(IoBridge.java:455)
05-30 04:24:56.317 E/Hyphenator( 1330): 	at java.io.RandomAccessFile.<init>(RandomAccessFile.java:247)
05-30 04:24:56.317 E/Hyphenator( 1330): 	at android.text.Hyphenator.loadHyphenator(Hyphenator.java:118)
05-30 04:24:56.317 E/Hyphenator( 1330): 	at android.text.Hyphenator.init(Hyphenator.java:224)
05-30 04:24:56.317 E/Hyphenator( 1330): 	at com.android.internal.os.ZygoteInit.preloadTextResources(ZygoteInit.java:252)
05-30 04:24:56.317 E/Hyphenator( 1330): 	at com.android.internal.os.ZygoteInit.preload(ZygoteInit.java:206)
05-30 04:24:56.317 E/Hyphenator( 1330): 	at com.android.internal.os.ZygoteInit.main(ZygoteInit.java:743)
05-30 04:24:56.317 E/Hyphenator( 1330): Caused by: android.system.ErrnoException: open failed: ENOENT (No such file or directory)
05-30 04:24:56.317 E/Hyphenator( 1330): 	at libcore.io.Posix.open(Native Method)
05-30 04:24:56.317 E/Hyphenator( 1330): 	at libcore.io.BlockGuardOs.open(BlockGuardOs.java:187)
05-30 04:24:56.317 E/Hyphenator( 1330): 	at libcore.io.IoBridge.open(IoBridge.java:441)
05-30 04:24:56.317 E/Hyphenator( 1330): 	... 6 more
05-30 04:24:56.319 E/Hyphenator( 1330): error loading hyphenation /system/usr/hyphen-data/hyph-ml.hyb
05-30 04:24:56.319 E/Hyphenator( 1330): java.io.FileNotFoundException: /system/usr/hyphen-data/hyph-ml.hyb: open failed: ENOENT (No such file or directory)
05-30 04:24:56.319 E/Hyphenator( 1330): 	at libcore.io.IoBridge.open(IoBridge.java:455)
05-30 04:24:56.319 E/Hyphenator( 1330): 	at java.io.RandomAccessFile.<init>(RandomAccessFile.java:247)
05-30 04:24:56.319 E/Hyphenator( 1330): 	at android.text.Hyphenator.loadHyphenator(Hyphenator.java:118)
05-30 04:24:56.319 E/Hyphenator( 1330): 	at android.text.Hyphenator.init(Hyphenator.java:224)
05-30 04:24:56.319 E/Hyphenator( 1330): 	at com.android.internal.os.ZygoteInit.preloadTextResources(ZygoteInit.java:252)
05-30 04:24:56.319 E/Hyphenator( 1330): 	at com.android.internal.os.ZygoteInit.preload(ZygoteInit.java:206)
05-30 04:24:56.319 E/Hyphenator( 1330): 	at com.android.internal.os.ZygoteInit.main(ZygoteInit.java:743)
05-30 04:24:56.319 E/Hyphenator( 1330): Caused by: android.system.ErrnoException: open failed: ENOENT (No such file or directory)
05-30 04:24:56.319 E/Hyphenator( 1330): 	at libcore.io.Posix.open(Native Method)
05-30 04:24:56.319 E/Hyphenator( 1330): 	at libcore.io.BlockGuardOs.open(BlockGuardOs.java:187)
05-30 04:24:56.319 E/Hyphenator( 1330): 	at libcore.io.IoBridge.open(IoBridge.java:441)
05-30 04:24:56.319 E/Hyphenator( 1330): 	... 6 more
05-30 04:24:56.374 E/Hyphenator( 1330): error loading hyphenation /system/usr/hyphen-data/hyph-mn-cyrl.hyb
05-30 04:24:56.374 E/Hyphenator( 1330): java.io.FileNotFoundException: /system/usr/hyphen-data/hyph-mn-cyrl.hyb: open failed: ENOENT (No such file or directory)
05-30 04:24:56.374 E/Hyphenator( 1330): 	at libcore.io.IoBridge.open(IoBridge.java:455)
05-30 04:24:56.374 E/Hyphenator( 1330): 	at java.io.RandomAccessFile.<init>(RandomAccessFile.java:247)
05-30 04:24:56.374 E/Hyphenator( 1330): 	at android.text.Hyphenator.loadHyphenator(Hyphenator.java:118)
05-30 04:24:56.374 E/Hyphenator( 1330): 	at android.text.Hyphenator.init(Hyphenator.java:224)
05-30 04:24:56.374 E/Hyphenator( 1330): 	at com.android.internal.os.ZygoteInit.preloadTextResources(ZygoteInit.java:252)
05-30 04:24:56.374 E/Hyphenator( 1330): 	at com.android.internal.os.ZygoteInit.preload(ZygoteInit.java:206)
05-30 04:24:56.374 E/Hyphenator( 1330): 	at com.android.internal.os.ZygoteInit.main(ZygoteInit.java:743)
05-30 04:24:56.374 E/Hyphenator( 1330): Caused by: android.system.ErrnoException: open failed: ENOENT (No such file or directory)
05-30 04:24:56.374 E/Hyphenator( 1330): 	at libcore.io.Posix.open(Native Method)
05-30 04:24:56.374 E/Hyphenator( 1330): 	at libcore.io.BlockGuardOs.open(BlockGuardOs.java:187)
05-30 04:24:56.374 E/Hyphenator( 1330): 	at libcore.io.IoBridge.open(IoBridge.java:441)
05-30 04:24:56.374 E/Hyphenator( 1330): 	... 6 more
05-30 04:24:56.377 E/Hyphenator( 1330): error loading hyphenation /system/usr/hyphen-data/hyph-mr.hyb
05-30 04:24:56.377 E/Hyphenator( 1330): java.io.FileNotFoundException: /system/usr/hyphen-data/hyph-mr.hyb: open failed: ENOENT (No such file or directory)
05-30 04:24:56.377 E/Hyphenator( 1330): 	at libcore.io.IoBridge.open(IoBridge.java:455)
05-30 04:24:56.377 E/Hyphenator( 1330): 	at java.io.RandomAccessFile.<init>(RandomAccessFile.java:247)
05-30 04:24:56.377 E/Hyphenator( 1330): 	at android.text.Hyphenator.loadHyphenator(Hyphenator.java:118)
05-30 04:24:56.377 E/Hyphenator( 1330): 	at android.text.Hyphenator.init(Hyphenator.java:224)
05-30 04:24:56.377 E/Hyphenator( 1330): 	at com.android.internal.os.ZygoteInit.preloadTextResources(ZygoteInit.java:252)
05-30 04:24:56.377 E/Hyphenator( 1330): 	at com.android.internal.os.ZygoteInit.preload(ZygoteInit.java:206)
05-30 04:24:56.377 E/Hyphenator( 1330): 	at com.android.internal.os.ZygoteInit.main(ZygoteInit.java:743)
05-30 04:24:56.377 E/Hyphenator( 1330): Caused by: android.system.ErrnoException: open failed: ENOENT (No such file or directory)
05-30 04:24:56.377 E/Hyphenator( 1330): 	at libcore.io.Posix.open(Native Method)
05-30 04:24:56.377 E/Hyphenator( 1330): 	at libcore.io.BlockGuardOs.open(BlockGuardOs.java:187)
05-30 04:24:56.377 E/Hyphenator( 1330): 	at libcore.io.IoBridge.open(IoBridge.java:441)
05-30 04:24:56.377 E/Hyphenator( 1330): 	... 6 more
05-30 04:24:56.378 E/Hyphenator( 1330): error loading hyphenation /system/usr/hyphen-data/hyph-nb.hyb
05-30 04:24:56.378 E/Hyphenator( 1330): java.io.FileNotFoundException: /system/usr/hyphen-data/hyph-nb.hyb: open failed: ENOENT (No such file or directory)
05-30 04:24:56.378 E/Hyphenator( 1330): 	at libcore.io.IoBridge.open(IoBridge.java:455)
05-30 04:24:56.378 E/Hyphenator( 1330): 	at java.io.RandomAccessFile.<init>(RandomAccessFile.java:247)
05-30 04:24:56.378 E/Hyphenator( 1330): 	at android.text.Hyphenator.loadHyphenator(Hyphenator.java:118)
05-30 04:24:56.378 E/Hyphenator( 1330): 	at android.text.Hyphenator.init(Hyphenator.java:224)
05-30 04:24:56.378 E/Hyphenator( 1330): 	at com.android.internal.os.ZygoteInit.preloadTextResources(ZygoteInit.java:252)
05-30 04:24:56.378 E/Hyphenator( 1330): 	at com.android.internal.os.ZygoteInit.preload(ZygoteInit.java:206)
05-30 04:24:56.378 E/Hyphenator( 1330): 	at com.android.internal.os.ZygoteInit.main(ZygoteInit.java:743)
05-30 04:24:56.378 E/Hyphenator( 1330): Caused by: android.system.ErrnoException: open failed: ENOENT (No such file or directory)
05-30 04:24:56.378 E/Hyphenator( 1330): 	at libcore.io.Posix.open(Native Method)
05-30 04:24:56.378 E/Hyphenator( 1330): 	at libcore.io.BlockGuardOs.open(BlockGuardOs.java:187)
05-30 04:24:56.378 E/Hyphenator( 1330): 	at libcore.io.IoBridge.open(IoBridge.java:441)
05-30 04:24:56.378 E/Hyphenator( 1330): 	... 6 more
05-30 04:24:56.410 I/art     ( 1329): Starting a blocking GC HeapTrim
05-30 04:24:56.522 E/Hyphenator( 1330): error loading hyphenation /system/usr/hyphen-data/hyph-nn.hyb
05-30 04:24:56.522 E/Hyphenator( 1330): java.io.FileNotFoundException: /system/usr/hyphen-data/hyph-nn.hyb: open failed: ENOENT (No such file or directory)
05-30 04:24:56.522 E/Hyphenator( 1330): 	at libcore.io.IoBridge.open(IoBridge.java:455)
05-30 04:24:56.522 E/Hyphenator( 1330): 	at java.io.RandomAccessFile.<init>(RandomAccessFile.java:247)
05-30 04:24:56.522 E/Hyphenator( 1330): 	at android.text.Hyphenator.loadHyphenator(Hyphenator.java:118)
05-30 04:24:56.522 E/Hyphenator( 1330): 	at android.text.Hyphenator.init(Hyphenator.java:224)
05-30 04:24:56.522 E/Hyphenator( 1330): 	at com.android.internal.os.ZygoteInit.preloadTextResources(ZygoteInit.java:252)
05-30 04:24:56.522 E/Hyphenator( 1330): 	at com.android.internal.os.ZygoteInit.preload(ZygoteInit.java:206)
05-30 04:24:56.522 E/Hyphenator( 1330): 	at com.android.internal.os.ZygoteInit.main(ZygoteInit.java:743)
05-30 04:24:56.522 E/Hyphenator( 1330): Caused by: android.system.ErrnoException: open failed: ENOENT (No such file or directory)
05-30 04:24:56.522 E/Hyphenator( 1330): 	at libcore.io.Posix.open(Native Method)
05-30 04:24:56.522 E/Hyphenator( 1330): 	at libcore.io.BlockGuardOs.open(BlockGuardOs.java:187)
05-30 04:24:56.522 E/Hyphenator( 1330): 	at libcore.io.IoBridge.open(IoBridge.java:441)
05-30 04:24:56.522 E/Hyphenator( 1330): 	... 6 more
05-30 04:24:56.524 E/Hyphenator( 1330): error loading hyphenation /system/usr/hyphen-data/hyph-or.hyb
05-30 04:24:56.524 E/Hyphenator( 1330): java.io.FileNotFoundException: /system/usr/hyphen-data/hyph-or.hyb: open failed: ENOENT (No such file or directory)
05-30 04:24:56.524 E/Hyphenator( 1330): 	at libcore.io.IoBridge.open(IoBridge.java:455)
05-30 04:24:56.524 E/Hyphenator( 1330): 	at java.io.RandomAccessFile.<init>(RandomAccessFile.java:247)
05-30 04:24:56.524 E/Hyphenator( 1330): 	at android.text.Hyphenator.loadHyphenator(Hyphenator.java:118)
05-30 04:24:56.524 E/Hyphenator( 1330): 	at android.text.Hyphenator.init(Hyphenator.java:224)
05-30 04:24:56.524 E/Hyphenator( 1330): 	at com.android.internal.os.ZygoteInit.preloadTextResources(ZygoteInit.java:252)
05-30 04:24:56.524 E/Hyphenator( 1330): 	at com.android.internal.os.ZygoteInit.preload(ZygoteInit.java:206)
05-30 04:24:56.524 E/Hyphenator( 1330): 	at com.android.internal.os.ZygoteInit.main(ZygoteInit.java:743)
05-30 04:24:56.524 E/Hyphenator( 1330): Caused by: android.system.ErrnoException: open failed: ENOENT (No such file or directory)
05-30 04:24:56.524 E/Hyphenator( 1330): 	at libcore.io.Posix.open(Native Method)
05-30 04:24:56.524 E/Hyphenator( 1330): 	at libcore.io.BlockGuardOs.open(BlockGuardOs.java:187)
05-30 04:24:56.524 E/Hyphenator( 1330): 	at libcore.io.IoBridge.open(IoBridge.java:441)
05-30 04:24:56.524 E/Hyphenator( 1330): 	... 6 more
05-30 04:24:56.526 E/Hyphenator( 1330): error loading hyphenation /system/usr/hyphen-data/hyph-pa.hyb
05-30 04:24:56.526 E/Hyphenator( 1330): java.io.FileNotFoundException: /system/usr/hyphen-data/hyph-pa.hyb: open failed: ENOENT (No such file or directory)
05-30 04:24:56.526 E/Hyphenator( 1330): 	at libcore.io.IoBridge.open(IoBridge.java:455)
05-30 04:24:56.526 E/Hyphenator( 1330): 	at java.io.RandomAccessFile.<init>(RandomAccessFile.java:247)
05-30 04:24:56.526 E/Hyphenator( 1330): 	at android.text.Hyphenator.loadHyphenator(Hyphenator.java:118)
05-30 04:24:56.526 E/Hyphenator( 1330): 	at android.text.Hyphenator.init(Hyphenator.java:224)
05-30 04:24:56.526 E/Hyphenator( 1330): 	at com.android.internal.os.ZygoteInit.preloadTextResources(ZygoteInit.java:252)
05-30 04:24:56.526 E/Hyphenator( 1330): 	at com.android.internal.os.ZygoteInit.preload(ZygoteInit.java:206)
05-30 04:24:56.526 E/Hyphenator( 1330): 	at com.android.internal.os.ZygoteInit.main(ZygoteInit.java:743)
05-30 04:24:56.526 E/Hyphenator( 1330): Caused by: android.system.ErrnoException: open failed: ENOENT (No such file or directory)
05-30 04:24:56.526 E/Hyphenator( 1330): 	at libcore.io.Posix.open(Native Method)
05-30 04:24:56.526 E/Hyphenator( 1330): 	at libcore.io.BlockGuardOs.open(BlockGuardOs.java:187)
05-30 04:24:56.526 E/Hyphenator( 1330): 	at libcore.io.IoBridge.open(IoBridge.java:441)
05-30 04:24:56.526 E/Hyphenator( 1330): 	... 6 more
05-30 04:24:56.528 E/Hyphenator( 1330): error loading hyphenation /system/usr/hyphen-data/hyph-pt.hyb
05-30 04:24:56.528 E/Hyphenator( 1330): java.io.FileNotFoundException: /system/usr/hyphen-data/hyph-pt.hyb: open failed: ENOENT (No such file or directory)
05-30 04:24:56.528 E/Hyphenator( 1330): 	at libcore.io.IoBridge.open(IoBridge.java:455)
05-30 04:24:56.528 E/Hyphenator( 1330): 	at java.io.RandomAccessFile.<init>(RandomAccessFile.java:247)
05-30 04:24:56.528 E/Hyphenator( 1330): 	at android.text.Hyphenator.loadHyphenator(Hyphenator.java:118)
05-30 04:24:56.528 E/Hyphenator( 1330): 	at android.text.Hyphenator.init(Hyphenator.java:224)
05-30 04:24:56.528 E/Hyphenator( 1330): 	at com.android.internal.os.ZygoteInit.preloadTextResources(ZygoteInit.java:252)
05-30 04:24:56.528 E/Hyphenator( 1330): 	at com.android.internal.os.ZygoteInit.preload(ZygoteInit.java:206)
05-30 04:24:56.528 E/Hyphenator( 1330): 	at com.android.internal.os.ZygoteInit.main(ZygoteInit.java:743)
05-30 04:24:56.528 E/Hyphenator( 1330): Caused by: android.system.ErrnoException: open failed: ENOENT (No such file or directory)
05-30 04:24:56.528 E/Hyphenator( 1330): 	at libcore.io.Posix.open(Native Method)
05-30 04:24:56.528 E/Hyphenator( 1330): 	at libcore.io.BlockGuardOs.open(BlockGuardOs.java:187)
05-30 04:24:56.528 E/Hyphenator( 1330): 	at libcore.io.IoBridge.open(IoBridge.java:441)
05-30 04:24:56.528 E/Hyphenator( 1330): 	... 6 more
05-30 04:24:56.565 I/art     ( 1329): Starting a blocking GC Background
05-30 04:24:56.581 E/Hyphenator( 1330): error loading hyphenation /system/usr/hyphen-data/hyph-sl.hyb
05-30 04:24:56.581 E/Hyphenator( 1330): java.io.FileNotFoundException: /system/usr/hyphen-data/hyph-sl.hyb: open failed: ENOENT (No such file or directory)
05-30 04:24:56.581 E/Hyphenator( 1330): 	at libcore.io.IoBridge.open(IoBridge.java:455)
05-30 04:24:56.581 E/Hyphenator( 1330): 	at java.io.RandomAccessFile.<init>(RandomAccessFile.java:247)
05-30 04:24:56.581 E/Hyphenator( 1330): 	at android.text.Hyphenator.loadHyphenator(Hyphenator.java:118)
05-30 04:24:56.581 E/Hyphenator( 1330): 	at android.text.Hyphenator.init(Hyphenator.java:224)
05-30 04:24:56.581 E/Hyphenator( 1330): 	at com.android.internal.os.ZygoteInit.preloadTextResources(ZygoteInit.java:252)
05-30 04:24:56.581 E/Hyphenator( 1330): 	at com.android.internal.os.ZygoteInit.preload(ZygoteInit.java:206)
05-30 04:24:56.581 E/Hyphenator( 1330): 	at com.android.internal.os.ZygoteInit.main(ZygoteInit.java:743)
05-30 04:24:56.581 E/Hyphenator( 1330): Caused by: android.system.ErrnoException: open failed: ENOENT (No such file or directory)
05-30 04:24:56.581 E/Hyphenator( 1330): 	at libcore.io.Posix.open(Native Method)
05-30 04:24:56.581 E/Hyphenator( 1330): 	at libcore.io.BlockGuardOs.open(BlockGuardOs.java:187)
05-30 04:24:56.581 E/Hyphenator( 1330): 	at libcore.io.IoBridge.open(IoBridge.java:441)
05-30 04:24:56.581 E/Hyphenator( 1330): 	... 6 more
05-30 04:24:56.584 E/Hyphenator( 1330): error loading hyphenation /system/usr/hyphen-data/hyph-ta.hyb
05-30 04:24:56.584 E/Hyphenator( 1330): java.io.FileNotFoundException: /system/usr/hyphen-data/hyph-ta.hyb: open failed: ENOENT (No such file or directory)
05-30 04:24:56.584 E/Hyphenator( 1330): 	at libcore.io.IoBridge.open(IoBridge.java:455)
05-30 04:24:56.584 E/Hyphenator( 1330): 	at java.io.RandomAccessFile.<init>(RandomAccessFile.java:247)
05-30 04:24:56.584 E/Hyphenator( 1330): 	at android.text.Hyphenator.loadHyphenator(Hyphenator.java:118)
05-30 04:24:56.584 E/Hyphenator( 1330): 	at android.text.Hyphenator.init(Hyphenator.java:224)
05-30 04:24:56.584 E/Hyphenator( 1330): 	at com.android.internal.os.ZygoteInit.preloadTextResources(ZygoteInit.java:252)
05-30 04:24:56.584 E/Hyphenator( 1330): 	at com.android.internal.os.ZygoteInit.preload(ZygoteInit.java:206)
05-30 04:24:56.584 E/Hyphenator( 1330): 	at com.android.internal.os.ZygoteInit.main(ZygoteInit.java:743)
05-30 04:24:56.584 E/Hyphenator( 1330): Caused by: android.system.ErrnoException: open failed: ENOENT (No such file or directory)
05-30 04:24:56.584 E/Hyphenator( 1330): 	at libcore.io.Posix.open(Native Method)
05-30 04:24:56.584 E/Hyphenator( 1330): 	at libcore.io.BlockGuardOs.open(BlockGuardOs.java:187)
05-30 04:24:56.584 E/Hyphenator( 1330): 	at libcore.io.IoBridge.open(IoBridge.java:441)
05-30 04:24:56.584 E/Hyphenator( 1330): 	... 6 more
05-30 04:24:56.586 E/Hyphenator( 1330): error loading hyphenation /system/usr/hyphen-data/hyph-te.hyb
05-30 04:24:56.586 E/Hyphenator( 1330): java.io.FileNotFoundException: /system/usr/hyphen-data/hyph-te.hyb: open failed: ENOENT (No such file or directory)
05-30 04:24:56.586 E/Hyphenator( 1330): 	at libcore.io.IoBridge.open(IoBridge.java:455)
05-30 04:24:56.586 E/Hyphenator( 1330): 	at java.io.RandomAccessFile.<init>(RandomAccessFile.java:247)
05-30 04:24:56.586 E/Hyphenator( 1330): 	at android.text.Hyphenator.loadHyphenator(Hyphenator.java:118)
05-30 04:24:56.586 E/Hyphenator( 1330): 	at android.text.Hyphenator.init(Hyphenator.java:224)
05-30 04:24:56.586 E/Hyphenator( 1330): 	at com.android.internal.os.ZygoteInit.preloadTextResources(ZygoteInit.java:252)
05-30 04:24:56.586 E/Hyphenator( 1330): 	at com.android.internal.os.ZygoteInit.preload(ZygoteInit.java:206)
05-30 04:24:56.586 E/Hyphenator( 1330): 	at com.android.internal.os.ZygoteInit.main(ZygoteInit.java:743)
05-30 04:24:56.586 E/Hyphenator( 1330): Caused by: android.system.ErrnoException: open failed: ENOENT (No such file or directory)
05-30 04:24:56.586 E/Hyphenator( 1330): 	at libcore.io.Posix.open(Native Method)
05-30 04:24:56.586 E/Hyphenator( 1330): 	at libcore.io.BlockGuardOs.open(BlockGuardOs.java:187)
05-30 04:24:56.586 E/Hyphenator( 1330): 	at libcore.io.IoBridge.open(IoBridge.java:441)
05-30 04:24:56.586 E/Hyphenator( 1330): 	... 6 more
05-30 04:24:56.588 E/Hyphenator( 1330): error loading hyphenation /system/usr/hyphen-data/hyph-tk.hyb
05-30 04:24:56.588 E/Hyphenator( 1330): java.io.FileNotFoundException: /system/usr/hyphen-data/hyph-tk.hyb: open failed: ENOENT (No such file or directory)
05-30 04:24:56.588 E/Hyphenator( 1330): 	at libcore.io.IoBridge.open(IoBridge.java:455)
05-30 04:24:56.588 E/Hyphenator( 1330): 	at java.io.RandomAccessFile.<init>(RandomAccessFile.java:247)
05-30 04:24:56.588 E/Hyphenator( 1330): 	at android.text.Hyphenator.loadHyphenator(Hyphenator.java:118)
05-30 04:24:56.588 E/Hyphenator( 1330): 	at android.text.Hyphenator.init(Hyphenator.java:224)
05-30 04:24:56.588 E/Hyphenator( 1330): 	at com.android.internal.os.ZygoteInit.preloadTextResources(ZygoteInit.java:252)
05-30 04:24:56.588 E/Hyphenator( 1330): 	at com.android.internal.os.ZygoteInit.preload(ZygoteInit.java:206)
05-30 04:24:56.588 E/Hyphenator( 1330): 	at com.android.internal.os.ZygoteInit.main(ZygoteInit.java:743)
05-30 04:24:56.588 E/Hyphenator( 1330): Caused by: android.system.ErrnoException: open failed: ENOENT (No such file or directory)
05-30 04:24:56.588 E/Hyphenator( 1330): 	at libcore.io.Posix.open(Native Method)
05-30 04:24:56.588 E/Hyphenator( 1330): 	at libcore.io.BlockGuardOs.open(BlockGuardOs.java:187)
05-30 04:24:56.588 E/Hyphenator( 1330): 	at libcore.io.IoBridge.open(IoBridge.java:441)
05-30 04:24:56.588 E/Hyphenator( 1330): 	... 6 more
05-30 04:24:56.636 E/Hyphenator( 1330): error loading hyphenation /system/usr/hyphen-data/hyph-und-ethi.hyb
05-30 04:24:56.636 E/Hyphenator( 1330): java.io.FileNotFoundException: /system/usr/hyphen-data/hyph-und-ethi.hyb: open failed: ENOENT (No such file or directory)
05-30 04:24:56.636 E/Hyphenator( 1330): 	at libcore.io.IoBridge.open(IoBridge.java:455)
05-30 04:24:56.636 E/Hyphenator( 1330): 	at java.io.RandomAccessFile.<init>(RandomAccessFile.java:247)
05-30 04:24:56.636 E/Hyphenator( 1330): 	at android.text.Hyphenator.loadHyphenator(Hyphenator.java:118)
05-30 04:24:56.636 E/Hyphenator( 1330): 	at android.text.Hyphenator.init(Hyphenator.java:224)
05-30 04:24:56.636 E/Hyphenator( 1330): 	at com.android.internal.os.ZygoteInit.preloadTextResources(ZygoteInit.java:252)
05-30 04:24:56.636 E/Hyphenator( 1330): 	at com.android.internal.os.ZygoteInit.preload(ZygoteInit.java:206)
05-30 04:24:56.636 E/Hyphenator( 1330): 	at com.android.internal.os.ZygoteInit.main(ZygoteInit.java:743)
05-30 04:24:56.636 E/Hyphenator( 1330): Caused by: android.system.ErrnoException: open failed: ENOENT (No such file or directory)
05-30 04:24:56.636 E/Hyphenator( 1330): 	at libcore.io.Posix.open(Native Method)
05-30 04:24:56.636 E/Hyphenator( 1330): 	at libcore.io.BlockGuardOs.open(BlockGuardOs.java:187)
05-30 04:24:56.636 E/Hyphenator( 1330): 	at libcore.io.IoBridge.open(IoBridge.java:441)
05-30 04:24:56.636 E/Hyphenator( 1330): 	... 6 more
05-30 04:24:56.702 I/art     ( 1329): Background concurrent mark sweep GC freed 85(3KB) AllocSpace objects, 0(0B) LOS objects, 39% free, 6MB/10MB, paused 244us total 136.403ms
05-30 04:24:57.383 I/Zygote  ( 1329): System server process 1887 has been created
05-30 04:24:57.435 I/Zygote  ( 1329): Accepting command socket connections
05-30 04:24:57.487 I/Zygote  ( 1330): Uninstalled ICU cache reference pinning...
05-30 04:24:57.602 I/Zygote  ( 1330): Installed AndroidKeyStoreProvider in 115ms.
05-30 04:24:58.364 I/Zygote  ( 1330): Warmed up JCA providers in 760ms.
05-30 04:24:58.364 D/Zygote  ( 1330): end preload
05-30 04:24:58.365 I/art     ( 1330): Starting a blocking GC Explicit
05-30 04:24:58.567 I/art     ( 1330): Explicit concurrent mark sweep GC freed 15981(1198KB) AllocSpace objects, 1(32KB) LOS objects, 39% free, 6MB/10MB, paused 628us total 182.476ms
05-30 04:24:58.578 I/art     ( 1330): Starting a blocking GC Explicit
05-30 04:24:58.745 I/art     ( 1330): Explicit concurrent mark sweep GC freed 1524(62KB) AllocSpace objects, 3(132KB) LOS objects, 39% free, 6MB/10MB, paused 487us total 164.719ms
05-30 04:24:58.750 I/Zygote  ( 1330): Accepting command socket connections
05-30 04:24:58.823 I/Zygote  ( 1887): Process: zygote socket opened, supported ABIS: x86
05-30 04:24:58.939 I/InstallerConnection( 1887): connecting...
05-30 04:24:59.271 I/        ( 1334): new connection
05-30 04:24:59.942 I/InstallerConnection( 1887): disconnecting...
05-30 04:24:59.944 E/        ( 1334): eof
05-30 04:24:59.944 E/        ( 1334): failed to read size
05-30 04:24:59.944 I/        ( 1334): closing connection
05-30 04:25:01.371 I/SystemServer( 1887): Entered the Android system server!
05-30 04:25:04.241 I/SystemServiceManager( 1887): Starting com.android.server.pm.Installer
05-30 04:25:04.530 I/Installer( 1887): Waiting for installd to be ready.
05-30 04:25:04.531 I/InstallerConnection( 1887): connecting...
05-30 04:25:04.532 I/        ( 1334): new connection
05-30 04:25:04.581 I/SystemServiceManager( 1887): Starting com.android.server.am.ActivityManagerService$Lifecycle
05-30 04:25:05.024 I/ActivityManager( 1887): Memory class: 256
05-30 04:25:05.061 I/ServiceThread( 1887): Enabled StrictMode logging for ActivityManager looper.
05-30 04:25:05.093 I/ServiceThread( 1887): Enabled StrictMode logging for android.ui looper.
05-30 04:25:05.428 D/BatteryStatsImpl( 1887): Reading daily items from /data/system/batterystats-daily.xml
05-30 04:25:07.926 W/ProcessCpuTracker( 1887): Skipping unknown process pid 1944
05-30 04:25:07.929 W/ProcessCpuTracker( 1887): Skipping unknown process pid 1947
05-30 04:25:07.962 W/ProcessCpuTracker( 1887): Skipping unknown process pid 1949
05-30 04:25:08.072 I/IntentFirewall( 1887): Read new rules (A:0 B:0 S:0)
05-30 04:25:08.280 I/ServiceThread( 1887): Enabled StrictMode logging for android.display looper.
05-30 04:25:08.572 D/AppOps  ( 1887): AppOpsService published
05-30 04:25:08.574 I/SystemServiceManager( 1887): Starting com.android.server.power.PowerManagerService
05-30 04:25:09.396 I/ServiceThread( 1887): Enabled StrictMode logging for PowerManagerService looper.
05-30 04:25:09.406 E/PowerManagerService-JNI( 1887): Couldn't load power module (No such file or directory)
05-30 04:25:09.407 W/libsuspend( 1887): Error writing 'on' to /sys/power/state: Invalid argument
05-30 04:25:09.409 I/libsuspend( 1887): Selected wakeup count
05-30 04:25:09.438 I/SystemServiceManager( 1887): Starting com.android.server.lights.LightsService
05-30 04:25:09.481 I/SystemServiceManager( 1887): Starting com.android.server.display.DisplayManagerService
05-30 04:25:09.533 I/SystemServiceManager( 1887): Starting phase 100
05-30 04:25:09.556 E/SurfaceFlinger( 1326): ro.sf.lcd_density must be defined as a build property
05-30 04:25:09.621 I/DisplayManagerService( 1887): Display device added: DisplayDeviceInfo{"Built-in Screen": uniqueId="local:0", 1080 x 1920, modeId 1, defaultModeId 1, supportedModes [{id=1, width=1080, height=1920, fps=60.000004}], colorMode 0, supportedColorModes [0], HdrCapabilities android.view.Display$HdrCapabilities@a69d6308, density 480, 480.0 x 480.0 dpi, appVsyncOff 1000000, presDeadline 16666666, touch INTERNAL, rotation 0, type BUILT_IN, state UNKNOWN, FLAG_DEFAULT_DISPLAY, FLAG_ROTATES_WITH_CONTENT, FLAG_SECURE, FLAG_SUPPORTS_PROTECTED_BUFFERS}
05-30 04:25:09.651 D/SurfaceFlinger( 1326): Set power mode=2, type=0 flinger=0x72fea3647000
05-30 04:25:09.651 D/SurfaceFlinger( 1326): Screen type=0 is already mode=2
05-30 04:25:09.674 I/DisplayManagerService( 1887): Display device changed state: "Built-in Screen", ON
05-30 04:25:09.677 I/SystemServer( 1887): StartPackageManagerService
05-30 04:25:10.044 W/SystemConfig( 1887): No directory /system/etc/sysconfig, skipping
05-30 04:25:10.591 D/SELinuxMMAC( 1887): Using policy file /system/etc/security/mac_permissions.xml
05-30 04:25:14.143 E/art     ( 1887): DexFile_getDexOptNeeded file '/system/framework/org.apache.http.legacy.jar' does not exist
05-30 04:25:14.172 W/PackageManager( 1887): Library not found: /system/framework/org.apache.http.legacy.jar
05-30 04:25:14.525 E/art     ( 1887): DexFile_getDexOptNeeded file '/system/framework/org.apache.http.legacy.jar' does not exist
05-30 04:25:14.526 W/PackageManager( 1887): Library not found: /system/framework/org.apache.http.legacy.jar
05-30 04:25:14.572 D/PackageManager( 1887): No files in app dir /vendor/overlay
05-30 04:25:15.871 W/PackageManager( 1887): Failed to parse /system/framework/oat: Missing base APK in /system/framework/oat
05-30 04:25:15.876 W/PackageManager( 1887): Failed to parse /system/framework/x86: Missing base APK in /system/framework/x86
05-30 04:25:15.878 W/PackageManager( 1887): Failed to parse /system/framework/x86_64: Missing base APK in /system/framework/x86_64
05-30 04:25:16.262 V/NatController( 1341): runCmd(/system/bin/iptables -w -F natctrl_FORWARD) res=0
05-30 04:25:16.812 V/NatController( 1341): runCmd(/system/bin/ip6tables -w -F natctrl_FORWARD) res=0
05-30 04:25:17.161 V/NatController( 1341): runCmd(/system/bin/iptables -w -A natctrl_FORWARD -j DROP) res=0
05-30 04:25:17.323 W/PackageParser( 1887): No actions in intent filter at /system/priv-app/Contacts/Contacts.apk Binary XML file line #409
05-30 04:25:17.472 V/NatController( 1341): runCmd(/system/bin/iptables -w -t nat -F natctrl_nat_POSTROUTING) res=0
05-30 04:25:17.807 V/NatController( 1341): runCmd(/system/bin/ip6tables -w -t raw -F natctrl_raw_PREROUTING) res=0
05-30 04:25:18.440 W/PackageParser( 1887): No actions in intent filter at /system/priv-app/Dialer/Dialer.apk Binary XML file line #186
05-30 04:25:18.517 V/NatController( 1341): runCmd(/system/bin/iptables -w -F natctrl_tether_counters) res=1
05-30 04:25:19.236 W/PackageManager( 1887): Permission android.permission.DOWNLOAD_WITHOUT_NOTIFICATION from package com.android.providers.downloads in an unknown group android.permission-group.NETWORK
05-30 04:25:19.334 V/NatController( 1341): runCmd(/system/bin/ip6tables -w -F natctrl_tether_counters) res=1
05-30 04:25:19.531 V/NatController( 1341): runCmd(/system/bin/iptables -w -X natctrl_tether_counters) res=1
05-30 04:25:19.972 V/NatController( 1341): runCmd(/system/bin/ip6tables -w -X natctrl_tether_counters) res=1
05-30 04:25:20.381 V/NatController( 1341): runCmd(/system/bin/iptables -w -N natctrl_tether_counters) res=0
05-30 04:25:21.221 V/NatController( 1341): runCmd(/system/bin/ip6tables -w -N natctrl_tether_counters) res=0
05-30 04:25:22.120 V/NatController( 1341): runCmd(/system/bin/iptables -w -t mangle -A natctrl_mangle_FORWARD -p tcp --tcp-flags SYN SYN -j TCPMSS --clamp-mss-to-pmtu) res=0
05-30 04:25:22.589 W/PackageParser( 1887): Ignoring duplicate uses-permissions/uses-permissions-sdk-m: android.permission.USE_CREDENTIALS in package: com.android.settings at: Binary XML file line #53
05-30 04:25:22.602 W/PackageParser( 1887): Ignoring duplicate uses-permissions/uses-permissions-sdk-m: android.permission.READ_SYNC_SETTINGS in package: com.android.settings at: Binary XML file line #58
05-30 04:25:22.602 W/PackageParser( 1887): Ignoring duplicate uses-permissions/uses-permissions-sdk-m: android.permission.WRITE_SYNC_SETTINGS in package: com.android.settings at: Binary XML file line #59
05-30 04:25:23.725 W/PackageParser( 1887): Ignoring duplicate uses-permissions/uses-permissions-sdk-m: android.permission.INSTALL_GRANT_RUNTIME_PERMISSIONS in package: com.android.shell at: Binary XML file line #102
05-30 04:25:23.924 I/art     ( 1887): Background sticky concurrent mark sweep GC freed 31785(2MB) AllocSpace objects, 24(520KB) LOS objects, 31% free, 6MB/10MB, paused 2.832ms total 561.214ms
05-30 04:25:25.209 W/PackageParser( 1887): Ignoring duplicate uses-permissions/uses-permissions-sdk-m: android.permission.CONFIGURE_WIFI_DISPLAY in package: com.android.systemui at: Binary XML file line #123
05-30 04:25:27.462 W/PackageManager( 1887): Non-privileged app; cap priority to 0; package: com.android.calendar activity: com.android.calendar.GoogleCalendarUriIntentFilter origPrio: 50
05-30 04:25:27.848 W/PackageManager( 1887): Non-privileged app; cap priority to 0; package: com.android.cts.ctsshim activity: com.android.cts.ctsshim.InstallPriority origPrio: 100
05-30 04:25:27.848 W/PackageManager( 1887): Non-privileged app; cap priority to 0; package: com.android.cts.ctsshim activity: com.android.cts.ctsshim.InstallPriority origPrio: 100
05-30 04:25:27.848 W/PackageManager( 1887): Non-privileged app; cap priority to 0; package: com.android.cts.ctsshim activity: com.android.cts.ctsshim.InstallPriority origPrio: 100
05-30 04:25:27.848 W/PackageManager( 1887): Non-privileged app; cap priority to 0; package: com.android.cts.ctsshim activity: com.android.cts.ctsshim.InstallPriority origPrio: 100
05-30 04:25:27.848 W/PackageManager( 1887): Non-privileged app; cap priority to 0; package: com.android.cts.ctsshim activity: com.android.cts.ctsshim.InstallPriority origPrio: 100
05-30 04:25:28.595 E/Netd    ( 1341): cannot find interface dummy0
05-30 04:25:29.147 D/MDnsDS  ( 1341): MDnsSdListener::Hander starting up
05-30 04:25:29.171 D/MDnsDS  ( 1341): MDnsSdListener starting to monitor
05-30 04:25:29.171 D/MDnsDS  ( 1341): Going to poll with pollCount 1
05-30 04:25:30.019 W/PackageParser( 1887): Ignoring duplicate uses-permissions/uses-permissions-sdk-m: android.permission.WRITE_CONTACTS in package: com.android.email at: Binary XML file line #40
05-30 04:25:31.526 W/PackageParser( 1887): Unknown element under <application>: permission at /system/app/Gallery2/Gallery2.apk Binary XML file line #238
05-30 04:25:31.526 W/PackageParser( 1887): Unknown element under <application>: permission at /system/app/Gallery2/Gallery2.apk Binary XML file line #241
05-30 04:25:32.963 W/PackageManager( 1887): Permission com.android.launcher3.permission.READ_SETTINGS from package com.android.launcher3 in an unknown group android.permission-group.SYSTEM_TOOLS
05-30 04:25:32.964 W/PackageManager( 1887): Permission com.android.launcher3.permission.WRITE_SETTINGS from package com.android.launcher3 in an unknown group android.permission-group.SYSTEM_TOOLS
05-30 04:25:32.964 W/PackageManager( 1887): Permission com.android.launcher.permission.INSTALL_SHORTCUT from package com.android.launcher3 in an unknown group android.permission-group.SYSTEM_TOOLS
05-30 04:25:36.507 D/PackageManager( 1887): No files in app dir /system/vendor/app
05-30 04:25:36.508 D/PackageManager( 1887): No files in app dir /oem/app
05-30 04:25:38.148 W/PackageParser( 1887): No actions in intent filter at /data/app/ApiDemos/ApiDemos.apk Binary XML file line #3145
05-30 04:25:38.181 W/PackageParser( 1887): No actions in intent filter at /data/app/ApiDemos/ApiDemos.apk Binary XML file line #3151
05-30 04:25:38.236 W/PackageManager( 1887): Package com.example.android.apis desires unavailable shared library com.example.will.never.exist; ignoring!
05-30 04:25:38.293 I/SELinux ( 1887): SELinux: Loaded file_contexts contexts from /file_contexts.bin.
05-30 04:25:38.818 D/PackageManager( 1887): No files in app dir /data/app-private
05-30 04:25:38.821 D/PackageManager( 1887): No files in app dir /data/app-ephemeral
05-30 04:25:38.931 E/PackageManager( 1887): There should probably be exactly one setup wizard; found 0: matches=[]
05-30 04:25:38.932 W/PackageManager( 1887): Protected action; cap priority to 0; package: com.android.cts.priv.ctsshim activity: com.android.cts.priv.ctsshim.InstallPriority origPrio: 100
05-30 04:25:38.932 W/PackageManager( 1887): Protected action; cap priority to 0; package: com.android.cts.priv.ctsshim activity: com.android.cts.priv.ctsshim.InstallPriority origPrio: 100
05-30 04:25:38.932 W/PackageManager( 1887): Protected action; cap priority to 0; package: com.android.cts.priv.ctsshim activity: com.android.cts.priv.ctsshim.InstallPriority origPrio: 100
05-30 04:25:38.932 W/PackageManager( 1887): Protected action; cap priority to 0; package: com.android.cts.priv.ctsshim activity: com.android.cts.priv.ctsshim.InstallPriority origPrio: 100
05-30 04:25:38.932 W/PackageManager( 1887): Protected action; cap priority to 0; package: com.android.packageinstaller activity: com.android.packageinstaller.PackageInstallerActivity origPrio: 1
05-30 04:25:38.933 W/PackageManager( 1887): Package com.android.camera desires unavailable shared library com.google.android.media.effects; ignoring!
05-30 04:25:38.933 W/PackageManager( 1887): Package com.android.gallery3d desires unavailable shared library com.google.android.media.effects; ignoring!
05-30 04:25:38.933 W/PackageManager( 1887): Package com.android.gallery3d desires unavailable shared library com.google.android.media.effects; ignoring!
05-30 04:25:38.933 W/PackageManager( 1887): Package com.example.android.apis desires unavailable shared library com.example.will.never.exist; ignoring!
05-30 04:25:38.935 I/PackageManager( 1887): Adjusting ABI for com.android.providers.media to x86_64 (requirer=com.android.mtp, scannedPackage=null)
05-30 04:25:38.959 I/PackageManager( 1887): Adjusting ABI for com.android.providers.downloads.ui to x86_64 (requirer=com.android.mtp, scannedPackage=null)
05-30 04:25:38.971 I/PackageManager( 1887): Adjusting ABI for com.android.providers.downloads to x86_64 (requirer=com.android.mtp, scannedPackage=null)
05-30 04:25:38.974 I/PackageManager( 1887): Adjusting ABI for com.android.server.telecom to x86_64 (requirer=android, scannedPackage=null)
05-30 04:25:38.976 I/PackageManager( 1887): Adjusting ABI for com.android.location.fused to x86_64 (requirer=android, scannedPackage=null)
05-30 04:25:38.992 I/PackageManager( 1887): Adjusting ABI for com.android.inputdevices to x86_64 (requirer=android, scannedPackage=null)
05-30 04:25:38.995 I/PackageManager( 1887): Adjusting ABI for com.android.providers.settings to x86_64 (requirer=android, scannedPackage=null)
05-30 04:25:39.003 I/PackageManager( 1887): Adjusting ABI for com.android.keychain to x86_64 (requirer=android, scannedPackage=null)
05-30 04:25:39.006 I/PackageManager( 1887): Adjusting ABI for com.android.wallpaperbackup to x86_64 (requirer=android, scannedPackage=null)
05-30 04:25:39.008 I/PackageManager( 1887): Adjusting ABI for com.android.settings to x86_64 (requirer=android, scannedPackage=null)
05-30 04:25:39.033 I/PackageManager( 1887): Time to scan packages: 25.267 seconds
05-30 04:25:39.037 W/PackageManager( 1887): Unknown permission com.google.android.googleapps.permission.GOOGLE_AUTH in package com.android.providers.calendar
05-30 04:25:39.037 W/PackageManager( 1887): Unknown permission com.google.android.googleapps.permission.GOOGLE_AUTH.cl in package com.android.providers.calendar
05-30 04:25:39.039 W/PackageManager( 1887): Not granting permission android.permission.GLOBAL_SEARCH to package com.android.quicksearchbox (protectionLevel=18 flags=0x3808be45)
05-30 04:25:39.071 W/PackageManager( 1887): Not granting permission android.permission.WRITE_EXTERNAL_STORAGE to package gov.nasa.arc.astrobee.android.gs.manager because it was previously installed without
05-30 04:25:39.071 W/PackageManager( 1887): Not granting permission android.permission.READ_EXTERNAL_STORAGE to package gov.nasa.arc.astrobee.android.gs.manager because it was previously installed without
05-30 04:25:39.072 W/PackageManager( 1887): Unknown permission com.android.launcher.permission.READ_SETTINGS in package com.android.launcher3
05-30 04:25:39.072 W/PackageManager( 1887): Unknown permission com.android.launcher.permission.WRITE_SETTINGS in package com.android.launcher3
05-30 04:25:39.072 W/PackageManager( 1887): Not granting permission android.permission.BIND_APPWIDGET to package com.android.launcher3 (protectionLevel=18 flags=0x3c4bbe45)
05-30 04:25:39.073 W/PackageManager( 1887): Unknown permission com.google.android.googleapps.permission.GOOGLE_AUTH.mail in package com.android.calendar
05-30 04:25:39.073 W/PackageManager( 1887): Unknown permission com.google.android.providers.settings.permission.WRITE_GSETTINGS in package com.android.sdksetup
05-30 04:25:39.074 W/PackageManager( 1887): Unknown permission com.google.android.permission.INSTALL_WEARABLE_PACKAGES in package com.android.packageinstaller
05-30 04:25:39.074 W/PackageManager( 1887): Not granting permission android.permission.DELETE_PACKAGES to package com.svox.pico (protectionLevel=18 flags=0x3808be45)
05-30 04:25:39.075 W/PackageManager( 1887): Not granting permission android.permission.READ_CONTACTS to package com.example.android.apis because it was previously installed without
05-30 04:25:39.075 W/PackageManager( 1887): Not granting permission android.permission.WRITE_CONTACTS to package com.example.android.apis because it was previously installed without
05-30 04:25:39.075 W/PackageManager( 1887): Not granting permission android.permission.ACCESS_COARSE_LOCATION to package com.example.android.apis because it was previously installed without
05-30 04:25:39.075 W/PackageManager( 1887): Not granting permission android.permission.WRITE_EXTERNAL_STORAGE to package com.example.android.apis because it was previously installed without
05-30 04:25:39.075 W/PackageManager( 1887): Not granting permission android.permission.SEND_SMS to package com.example.android.apis because it was previously installed without
05-30 04:25:39.075 W/PackageManager( 1887): Not granting permission android.permission.RECEIVE_SMS to package com.example.android.apis because it was previously installed without
05-30 04:25:39.075 W/PackageManager( 1887): Not granting permission android.permission.RECEIVE_MMS to package com.example.android.apis because it was previously installed without
05-30 04:25:39.075 W/PackageManager( 1887): Not granting permission android.permission.READ_SMS to package com.example.android.apis because it was previously installed without
05-30 04:25:39.075 W/PackageManager( 1887): Not granting permission android.permission.READ_PHONE_STATE to package com.example.android.apis because it was previously installed without
05-30 04:25:39.075 W/PackageManager( 1887): Not granting permission android.permission.RECORD_AUDIO to package com.example.android.apis because it was previously installed without
05-30 04:25:39.076 W/PackageManager( 1887): Not granting permission android.permission.CAMERA to package com.example.android.apis because it was previously installed without
05-30 04:25:39.076 W/PackageManager( 1887): Not granting permission android.permission.READ_EXTERNAL_STORAGE to package com.example.android.apis because it was previously installed without
05-30 04:25:39.076 W/PackageManager( 1887): Unknown permission android.permission.RUN_INSTRUMENTATION in package org.chromium.webview_shell
05-30 04:25:39.077 W/PackageManager( 1887): Unknown permission com.google.android.googleapps.permission.GOOGLE_AUTH in package com.android.settings
05-30 04:25:39.077 W/PackageManager( 1887): Unknown permission com.android.launcher.permission.READ_SETTINGS in package com.android.settings
05-30 04:25:39.077 W/PackageManager( 1887): Unknown permission com.android.launcher.permission.WRITE_SETTINGS in package com.android.settings
05-30 04:25:39.078 W/PackageManager( 1887): Unknown permission com.android.smspush.WAPPUSH_MANAGER_BIND in package com.android.phone
05-30 04:25:39.102 W/PackageManager( 1887): Unknown permission com.google.android.googleapps.permission.ACCESS_GOOGLE_PASSWORD in package com.android.development
05-30 04:25:39.102 W/PackageManager( 1887): Unknown permission com.google.android.googleapps.permission.GOOGLE_AUTH in package com.android.development
05-30 04:25:39.102 W/PackageManager( 1887): Unknown permission com.google.android.googleapps.permission.GOOGLE_AUTH.ALL_SERVICES in package com.android.development
05-30 04:25:39.102 W/PackageManager( 1887): Unknown permission com.google.android.googleapps.permission.GOOGLE_AUTH.YouTubeUser in package com.android.development
05-30 04:25:39.103 W/PackageManager( 1887): Not granting permission android.permission.BIND_APPWIDGET to package com.android.widgetpreview (protectionLevel=18 flags=0x3808be44)
05-30 04:25:39.104 V/PackageManager( 1887): reconcileAppsData for null u0 0x3
05-30 04:25:39.215 I/SELinux ( 1334): SELinux: Loaded file_contexts contexts from /file_contexts.bin.
05-30 04:25:44.742 V/PackageManager( 1887): reconcileAppsData finished 81 packages
05-30 04:25:45.394 E/PackageManager( 1887): There should probably be a verifier, but, none were found
05-30 04:25:45.532 D/PackageManager( 1887): Ephemeral resolver NOT found; no matching intent filters
05-30 04:25:45.533 I/PackageManager( 1887): Ephemeral deactivated; missing resolver and installer
05-30 04:25:45.537 I/art     ( 1887): Waiting for a blocking GC Explicit
05-30 04:25:45.592 I/art     ( 1887): Background partial concurrent mark sweep GC freed 38440(2MB) AllocSpace objects, 1(20KB) LOS objects, 33% free, 7MB/11MB, paused 2.593ms total 427.331ms
05-30 04:25:45.592 I/art     ( 1887): WaitForGcToComplete blocked for 56.105ms for cause Explicit
05-30 04:25:45.592 I/art     ( 1887): Starting a blocking GC Explicit
05-30 04:25:45.728 I/art     ( 1887): Explicit concurrent mark sweep GC freed 153(59KB) AllocSpace objects, 3(60KB) LOS objects, 33% free, 7MB/11MB, paused 975us total 134.274ms
05-30 04:25:45.749 I/SystemServer( 1887): StartOtaDexOptService
05-30 04:25:45.793 I/SystemServer( 1887): StartUserManagerService
05-30 04:25:45.794 I/SystemServiceManager( 1887): Starting com.android.server.pm.UserManagerService$LifeCycle
05-30 04:25:45.932 I/lowmemorykiller( 1324): ActivityManager connected
05-30 04:25:45.975 D/SensorService( 1887): nuSensorService starting...
05-30 04:25:46.051 W/art     ( 1887): Long monitor contention with owner main (1887) at int android.net.LocalSocketImpl.readba_native(byte[], int, int, java.io.FileDescriptor)(LocalSocketImpl.java:-2) waiters=0 in void com.android.server.pm.Settings$RuntimePermissionPersistence.writePermissionsSync(int) for 3.836s
05-30 04:25:46.216 D/SensorService( 1887): nuSensorService thread starting...
05-30 04:25:46.242 D/SensorService( 1887): new thread SensorEventAckReceiver
05-30 04:25:46.246 I/SystemServiceManager( 1887): Starting com.android.server.BatteryService
05-30 04:25:46.352 I/SystemServiceManager( 1887): Starting com.android.server.usage.UsageStatsService
05-30 04:25:46.601 I/SystemServiceManager( 1887): Starting com.android.server.webkit.WebViewUpdateService
05-30 04:25:46.690 I/SystemServer( 1887): Reading configuration...
05-30 04:25:46.710 I/SystemServer( 1887): StartSchedulingPolicyService
05-30 04:25:46.722 I/SystemServiceManager( 1887): Starting com.android.server.telecom.TelecomLoaderService
05-30 04:25:46.724 I/SystemServer( 1887): StartTelephonyRegistry
05-30 04:25:46.766 I/SystemServer( 1887): StartEntropyMixer
05-30 04:25:46.821 I/EntropyMixer( 1887): Writing entropy...
05-30 04:25:46.969 I/SystemServer( 1887): Camera Service
05-30 04:25:47.011 I/SystemServiceManager( 1887): Starting com.android.server.camera.CameraService
05-30 04:25:47.041 I/ServiceThread( 1887): Enabled StrictMode logging for CameraService_proxy looper.
05-30 04:25:47.046 I/SystemServer( 1887): StartAccountManagerService
05-30 04:25:47.061 I/SystemServiceManager( 1887): Starting com.android.server.accounts.AccountManagerService$Lifecycle
05-30 04:25:47.159 I/SystemServer( 1887): StartContentService
05-30 04:25:47.201 I/SystemServiceManager( 1887): Starting com.android.server.content.ContentService$Lifecycle
05-30 04:25:47.216 I/SystemServer( 1887): InstallSystemProviders
05-30 04:25:47.373 W/System  ( 1887): ClassLoader referenced unknown path: /system/priv-app/SettingsProvider/lib/x86_64
05-30 04:25:47.741 I/SystemServer( 1887): StartVibratorService
05-30 04:25:47.744 E/VibratorService( 1887): Couldn't load vibrator module (No such file or directory)
05-30 04:25:47.745 W/VibratorService( 1887): Tried to stop vibrating but there is no vibrator device.
05-30 04:25:47.764 I/SystemServer( 1887): StartConsumerIrService
05-30 04:25:47.766 E/ConsumerIrService( 1887): Can't open consumer IR HW Module, error: -2
05-30 04:25:47.773 I/SystemServer( 1887): StartAlarmManagerService
05-30 04:25:47.773 I/SystemServiceManager( 1887): Starting com.android.server.AlarmManagerService
05-30 04:25:47.801 W/AlarmManagerService( 1887): no wall clock RTC found
05-30 04:25:47.804 D/AlarmManagerService( 1887): Kernel timezone updated to 0 minutes west of GMT
