05-30 15:54:02.965 E/Hyphenator( 1330): 	at libcore.io.IoBridge.open(IoBridge.java:455)
05-30 15:54:02.965 E/Hyphenator( 1330): 	at java.io.RandomAccessFile.<init>(RandomAccessFile.java:247)
05-30 15:54:02.965 E/Hyphenator( 1330): 	at android.text.Hyphenator.loadHyphenator(Hyphenator.java:118)
05-30 15:54:02.965 E/Hyphenator( 1330): 	at android.text.Hyphenator.init(Hyphenator.java:224)
05-30 15:54:02.965 E/Hyphenator( 1330): 	at com.android.internal.os.ZygoteInit.preloadTextResources(ZygoteInit.java:252)
05-30 15:54:02.965 E/Hyphenator( 1330): 	at com.android.internal.os.ZygoteInit.preload(ZygoteInit.java:206)
05-30 15:54:02.965 E/Hyphenator( 1330): 	at com.android.internal.os.ZygoteInit.main(ZygoteInit.java:743)
05-30 15:54:02.965 E/Hyphenator( 1330): Caused by: android.system.ErrnoException: open failed: ENOENT (No such file or directory)
05-30 15:54:02.965 E/Hyphenator( 1330): 	at libcore.io.Posix.open(Native Method)
05-30 15:54:02.965 E/Hyphenator( 1330): 	at libcore.io.BlockGuardOs.open(BlockGuardOs.java:187)
05-30 15:54:02.965 E/Hyphenator( 1330): 	at libcore.io.IoBridge.open(IoBridge.java:441)
05-30 15:54:02.965 E/Hyphenator( 1330): 	... 6 more
05-30 15:54:02.967 E/Hyphenator( 1330): error loading hyphenation /system/usr/hyphen-data/hyph-hu.hyb
05-30 15:54:02.967 E/Hyphenator( 1330): java.io.FileNotFoundException: /system/usr/hyphen-data/hyph-hu.hyb: open failed: ENOENT (No such file or directory)
05-30 15:54:02.967 E/Hyphenator( 1330): 	at libcore.io.IoBridge.open(IoBridge.java:455)
05-30 15:54:02.967 E/Hyphenator( 1330): 	at java.io.RandomAccessFile.<init>(RandomAccessFile.java:247)
05-30 15:54:02.967 E/Hyphenator( 1330): 	at android.text.Hyphenator.loadHyphenator(Hyphenator.java:118)
05-30 15:54:02.967 E/Hyphenator( 1330): 	at android.text.Hyphenator.init(Hyphenator.java:224)
05-30 15:54:02.967 E/Hyphenator( 1330): 	at com.android.internal.os.ZygoteInit.preloadTextResources(ZygoteInit.java:252)
05-30 15:54:02.967 E/Hyphenator( 1330): 	at com.android.internal.os.ZygoteInit.preload(ZygoteInit.java:206)
05-30 15:54:02.967 E/Hyphenator( 1330): 	at com.android.internal.os.ZygoteInit.main(ZygoteInit.java:743)
05-30 15:54:02.967 E/Hyphenator( 1330): Caused by: android.system.ErrnoException: open failed: ENOENT (No such file or directory)
05-30 15:54:02.967 E/Hyphenator( 1330): 	at libcore.io.Posix.open(Native Method)
05-30 15:54:02.967 E/Hyphenator( 1330): 	at libcore.io.BlockGuardOs.open(BlockGuardOs.java:187)
05-30 15:54:02.967 E/Hyphenator( 1330): 	at libcore.io.IoBridge.open(IoBridge.java:441)
05-30 15:54:02.967 E/Hyphenator( 1330): 	... 6 more
05-30 15:54:02.969 E/Hyphenator( 1330): error loading hyphenation /system/usr/hyphen-data/hyph-hy.hyb
05-30 15:54:02.969 E/Hyphenator( 1330): java.io.FileNotFoundException: /system/usr/hyphen-data/hyph-hy.hyb: open failed: ENOENT (No such file or directory)
05-30 15:54:02.969 E/Hyphenator( 1330): 	at libcore.io.IoBridge.open(IoBridge.java:455)
05-30 15:54:02.969 E/Hyphenator( 1330): 	at java.io.RandomAccessFile.<init>(RandomAccessFile.java:247)
05-30 15:54:02.969 E/Hyphenator( 1330): 	at android.text.Hyphenator.loadHyphenator(Hyphenator.java:118)
05-30 15:54:02.969 E/Hyphenator( 1330): 	at android.text.Hyphenator.init(Hyphenator.java:224)
05-30 15:54:02.969 E/Hyphenator( 1330): 	at com.android.internal.os.ZygoteInit.preloadTextResources(ZygoteInit.java:252)
05-30 15:54:02.969 E/Hyphenator( 1330): 	at com.android.internal.os.ZygoteInit.preload(ZygoteInit.java:206)
05-30 15:54:02.969 E/Hyphenator( 1330): 	at com.android.internal.os.ZygoteInit.main(ZygoteInit.java:743)
05-30 15:54:02.969 E/Hyphenator( 1330): Caused by: android.system.ErrnoException: open failed: ENOENT (No such file or directory)
05-30 15:54:02.969 E/Hyphenator( 1330): 	at libcore.io.Posix.open(Native Method)
05-30 15:54:02.969 E/Hyphenator( 1330): 	at libcore.io.BlockGuardOs.open(BlockGuardOs.java:187)
05-30 15:54:02.969 E/Hyphenator( 1330): 	at libcore.io.IoBridge.open(IoBridge.java:441)
05-30 15:54:02.969 E/Hyphenator( 1330): 	... 6 more
05-30 15:54:03.012 E/Hyphenator( 1330): error loading hyphenation /system/usr/hyphen-data/hyph-kn.hyb
05-30 15:54:03.012 E/Hyphenator( 1330): java.io.FileNotFoundException: /system/usr/hyphen-data/hyph-kn.hyb: open failed: ENOENT (No such file or directory)
05-30 15:54:03.012 E/Hyphenator( 1330): 	at libcore.io.IoBridge.open(IoBridge.java:455)
05-30 15:54:03.012 E/Hyphenator( 1330): 	at java.io.RandomAccessFile.<init>(RandomAccessFile.java:247)
05-30 15:54:03.012 E/Hyphenator( 1330): 	at android.text.Hyphenator.loadHyphenator(Hyphenator.java:118)
05-30 15:54:03.012 E/Hyphenator( 1330): 	at android.text.Hyphenator.init(Hyphenator.java:224)
05-30 15:54:03.012 E/Hyphenator( 1330): 	at com.android.internal.os.ZygoteInit.preloadTextResources(ZygoteInit.java:252)
05-30 15:54:03.012 E/Hyphenator( 1330): 	at com.android.internal.os.ZygoteInit.preload(ZygoteInit.java:206)
05-30 15:54:03.012 E/Hyphenator( 1330): 	at com.android.internal.os.ZygoteInit.main(ZygoteInit.java:743)
05-30 15:54:03.012 E/Hyphenator( 1330): Caused by: android.system.ErrnoException: open failed: ENOENT (No such file or directory)
05-30 15:54:03.012 E/Hyphenator( 1330): 	at libcore.io.Posix.open(Native Method)
05-30 15:54:03.012 E/Hyphenator( 1330): 	at libcore.io.BlockGuardOs.open(BlockGuardOs.java:187)
05-30 15:54:03.012 E/Hyphenator( 1330): 	at libcore.io.IoBridge.open(IoBridge.java:441)
05-30 15:54:03.012 E/Hyphenator( 1330): 	... 6 more
05-30 15:54:03.014 E/Hyphenator( 1330): error loading hyphenation /system/usr/hyphen-data/hyph-ml.hyb
05-30 15:54:03.014 E/Hyphenator( 1330): java.io.FileNotFoundException: /system/usr/hyphen-data/hyph-ml.hyb: open failed: ENOENT (No such file or directory)
05-30 15:54:03.014 E/Hyphenator( 1330): 	at libcore.io.IoBridge.open(IoBridge.java:455)
05-30 15:54:03.014 E/Hyphenator( 1330): 	at java.io.RandomAccessFile.<init>(RandomAccessFile.java:247)
05-30 15:54:03.014 E/Hyphenator( 1330): 	at android.text.Hyphenator.loadHyphenator(Hyphenator.java:118)
05-30 15:54:03.014 E/Hyphenator( 1330): 	at android.text.Hyphenator.init(Hyphenator.java:224)
05-30 15:54:03.014 E/Hyphenator( 1330): 	at com.android.internal.os.ZygoteInit.preloadTextResources(ZygoteInit.java:252)
05-30 15:54:03.014 E/Hyphenator( 1330): 	at com.android.internal.os.ZygoteInit.preload(ZygoteInit.java:206)
05-30 15:54:03.014 E/Hyphenator( 1330): 	at com.android.internal.os.ZygoteInit.main(ZygoteInit.java:743)
05-30 15:54:03.014 E/Hyphenator( 1330): Caused by: android.system.ErrnoException: open failed: ENOENT (No such file or directory)
05-30 15:54:03.014 E/Hyphenator( 1330): 	at libcore.io.Posix.open(Native Method)
05-30 15:54:03.014 E/Hyphenator( 1330): 	at libcore.io.BlockGuardOs.open(BlockGuardOs.java:187)
05-30 15:54:03.014 E/Hyphenator( 1330): 	at libcore.io.IoBridge.open(IoBridge.java:441)
05-30 15:54:03.014 E/Hyphenator( 1330): 	... 6 more
05-30 15:54:03.017 E/Hyphenator( 1330): error loading hyphenation /system/usr/hyphen-data/hyph-mn-cyrl.hyb
05-30 15:54:03.017 E/Hyphenator( 1330): java.io.FileNotFoundException: /system/usr/hyphen-data/hyph-mn-cyrl.hyb: open failed: ENOENT (No such file or directory)
05-30 15:54:03.017 E/Hyphenator( 1330): 	at libcore.io.IoBridge.open(IoBridge.java:455)
05-30 15:54:03.017 E/Hyphenator( 1330): 	at java.io.RandomAccessFile.<init>(RandomAccessFile.java:247)
05-30 15:54:03.017 E/Hyphenator( 1330): 	at android.text.Hyphenator.loadHyphenator(Hyphenator.java:118)
05-30 15:54:03.017 E/Hyphenator( 1330): 	at android.text.Hyphenator.init(Hyphenator.java:224)
05-30 15:54:03.017 E/Hyphenator( 1330): 	at com.android.internal.os.ZygoteInit.preloadTextResources(ZygoteInit.java:252)
05-30 15:54:03.017 E/Hyphenator( 1330): 	at com.android.internal.os.ZygoteInit.preload(ZygoteInit.java:206)
05-30 15:54:03.017 E/Hyphenator( 1330): 	at com.android.internal.os.ZygoteInit.main(ZygoteInit.java:743)
05-30 15:54:03.017 E/Hyphenator( 1330): Caused by: android.system.ErrnoException: open failed: ENOENT (No such file or directory)
05-30 15:54:03.017 E/Hyphenator( 1330): 	at libcore.io.Posix.open(Native Method)
05-30 15:54:03.017 E/Hyphenator( 1330): 	at libcore.io.BlockGuardOs.open(BlockGuardOs.java:187)
05-30 15:54:03.017 E/Hyphenator( 1330): 	at libcore.io.IoBridge.open(IoBridge.java:441)
05-30 15:54:03.017 E/Hyphenator( 1330): 	... 6 more
05-30 15:54:03.019 E/Hyphenator( 1330): error loading hyphenation /system/usr/hyphen-data/hyph-mr.hyb
05-30 15:54:03.019 E/Hyphenator( 1330): java.io.FileNotFoundException: /system/usr/hyphen-data/hyph-mr.hyb: open failed: ENOENT (No such file or directory)
05-30 15:54:03.019 E/Hyphenator( 1330): 	at libcore.io.IoBridge.open(IoBridge.java:455)
05-30 15:54:03.019 E/Hyphenator( 1330): 	at java.io.RandomAccessFile.<init>(RandomAccessFile.java:247)
05-30 15:54:03.019 E/Hyphenator( 1330): 	at android.text.Hyphenator.loadHyphenator(Hyphenator.java:118)
05-30 15:54:03.019 E/Hyphenator( 1330): 	at android.text.Hyphenator.init(Hyphenator.java:224)
05-30 15:54:03.019 E/Hyphenator( 1330): 	at com.android.internal.os.ZygoteInit.preloadTextResources(ZygoteInit.java:252)
05-30 15:54:03.019 E/Hyphenator( 1330): 	at com.android.internal.os.ZygoteInit.preload(ZygoteInit.java:206)
05-30 15:54:03.019 E/Hyphenator( 1330): 	at com.android.internal.os.ZygoteInit.main(ZygoteInit.java:743)
05-30 15:54:03.019 E/Hyphenator( 1330): Caused by: android.system.ErrnoException: open failed: ENOENT (No such file or directory)
05-30 15:54:03.019 E/Hyphenator( 1330): 	at libcore.io.Posix.open(Native Method)
05-30 15:54:03.019 E/Hyphenator( 1330): 	at libcore.io.BlockGuardOs.open(BlockGuardOs.java:187)
05-30 15:54:03.019 E/Hyphenator( 1330): 	at libcore.io.IoBridge.open(IoBridge.java:441)
05-30 15:54:03.019 E/Hyphenator( 1330): 	... 6 more
05-30 15:54:03.036 E/Hyphenator( 1330): error loading hyphenation /system/usr/hyphen-data/hyph-nb.hyb
05-30 15:54:03.036 E/Hyphenator( 1330): java.io.FileNotFoundException: /system/usr/hyphen-data/hyph-nb.hyb: open failed: ENOENT (No such file or directory)
05-30 15:54:03.036 E/Hyphenator( 1330): 	at libcore.io.IoBridge.open(IoBridge.java:455)
05-30 15:54:03.036 E/Hyphenator( 1330): 	at java.io.RandomAccessFile.<init>(RandomAccessFile.java:247)
05-30 15:54:03.036 E/Hyphenator( 1330): 	at android.text.Hyphenator.loadHyphenator(Hyphenator.java:118)
05-30 15:54:03.036 E/Hyphenator( 1330): 	at android.text.Hyphenator.init(Hyphenator.java:224)
05-30 15:54:03.036 E/Hyphenator( 1330): 	at com.android.internal.os.ZygoteInit.preloadTextResources(ZygoteInit.java:252)
05-30 15:54:03.036 E/Hyphenator( 1330): 	at com.android.internal.os.ZygoteInit.preload(ZygoteInit.java:206)
05-30 15:54:03.036 E/Hyphenator( 1330): 	at com.android.internal.os.ZygoteInit.main(ZygoteInit.java:743)
05-30 15:54:03.036 E/Hyphenator( 1330): Caused by: android.system.ErrnoException: open failed: ENOENT (No such file or directory)
05-30 15:54:03.036 E/Hyphenator( 1330): 	at libcore.io.Posix.open(Native Method)
05-30 15:54:03.036 E/Hyphenator( 1330): 	at libcore.io.BlockGuardOs.open(BlockGuardOs.java:187)
05-30 15:54:03.036 E/Hyphenator( 1330): 	at libcore.io.IoBridge.open(IoBridge.java:441)
05-30 15:54:03.036 E/Hyphenator( 1330): 	... 6 more
05-30 15:54:03.038 E/Hyphenator( 1330): error loading hyphenation /system/usr/hyphen-data/hyph-nn.hyb
05-30 15:54:03.038 E/Hyphenator( 1330): java.io.FileNotFoundException: /system/usr/hyphen-data/hyph-nn.hyb: open failed: ENOENT (No such file or directory)
05-30 15:54:03.038 E/Hyphenator( 1330): 	at libcore.io.IoBridge.open(IoBridge.java:455)
05-30 15:54:03.038 E/Hyphenator( 1330): 	at java.io.RandomAccessFile.<init>(RandomAccessFile.java:247)
05-30 15:54:03.038 E/Hyphenator( 1330): 	at android.text.Hyphenator.loadHyphenator(Hyphenator.java:118)
05-30 15:54:03.038 E/Hyphenator( 1330): 	at android.text.Hyphenator.init(Hyphenator.java:224)
05-30 15:54:03.038 E/Hyphenator( 1330): 	at com.android.internal.os.ZygoteInit.preloadTextResources(ZygoteInit.java:252)
05-30 15:54:03.038 E/Hyphenator( 1330): 	at com.android.internal.os.ZygoteInit.preload(ZygoteInit.java:206)
05-30 15:54:03.038 E/Hyphenator( 1330): 	at com.android.internal.os.ZygoteInit.main(ZygoteInit.java:743)
05-30 15:54:03.038 E/Hyphenator( 1330): Caused by: android.system.ErrnoException: open failed: ENOENT (No such file or directory)
05-30 15:54:03.038 E/Hyphenator( 1330): 	at libcore.io.Posix.open(Native Method)
05-30 15:54:03.038 E/Hyphenator( 1330): 	at libcore.io.BlockGuardOs.open(BlockGuardOs.java:187)
05-30 15:54:03.038 E/Hyphenator( 1330): 	at libcore.io.IoBridge.open(IoBridge.java:441)
05-30 15:54:03.038 E/Hyphenator( 1330): 	... 6 more
05-30 15:54:03.081 E/Hyphenator( 1330): error loading hyphenation /system/usr/hyphen-data/hyph-or.hyb
05-30 15:54:03.081 E/Hyphenator( 1330): java.io.FileNotFoundException: /system/usr/hyphen-data/hyph-or.hyb: open failed: ENOENT (No such file or directory)
05-30 15:54:03.081 E/Hyphenator( 1330): 	at libcore.io.IoBridge.open(IoBridge.java:455)
05-30 15:54:03.081 E/Hyphenator( 1330): 	at java.io.RandomAccessFile.<init>(RandomAccessFile.java:247)
05-30 15:54:03.081 E/Hyphenator( 1330): 	at android.text.Hyphenator.loadHyphenator(Hyphenator.java:118)
05-30 15:54:03.081 E/Hyphenator( 1330): 	at android.text.Hyphenator.init(Hyphenator.java:224)
05-30 15:54:03.081 E/Hyphenator( 1330): 	at com.android.internal.os.ZygoteInit.preloadTextResources(ZygoteInit.java:252)
05-30 15:54:03.081 E/Hyphenator( 1330): 	at com.android.internal.os.ZygoteInit.preload(ZygoteInit.java:206)
05-30 15:54:03.081 E/Hyphenator( 1330): 	at com.android.internal.os.ZygoteInit.main(ZygoteInit.java:743)
05-30 15:54:03.081 E/Hyphenator( 1330): Caused by: android.system.ErrnoException: open failed: ENOENT (No such file or directory)
05-30 15:54:03.081 E/Hyphenator( 1330): 	at libcore.io.Posix.open(Native Method)
05-30 15:54:03.081 E/Hyphenator( 1330): 	at libcore.io.BlockGuardOs.open(BlockGuardOs.java:187)
05-30 15:54:03.081 E/Hyphenator( 1330): 	at libcore.io.IoBridge.open(IoBridge.java:441)
05-30 15:54:03.081 E/Hyphenator( 1330): 	... 6 more
05-30 15:54:03.116 I/Zygote  ( 1329): Warmed up JCA providers in 1165ms.
05-30 15:54:03.116 D/Zygote  ( 1329): end preload
05-30 15:54:03.117 I/art     ( 1329): Starting a blocking GC Explicit
05-30 15:54:03.162 E/Hyphenator( 1330): error loading hyphenation /system/usr/hyphen-data/hyph-pa.hyb
05-30 15:54:03.162 E/Hyphenator( 1330): java.io.FileNotFoundException: /system/usr/hyphen-data/hyph-pa.hyb: open failed: ENOENT (No such file or directory)
05-30 15:54:03.162 E/Hyphenator( 1330): 	at libcore.io.IoBridge.open(IoBridge.java:455)
05-30 15:54:03.162 E/Hyphenator( 1330): 	at java.io.RandomAccessFile.<init>(RandomAccessFile.java:247)
05-30 15:54:03.162 E/Hyphenator( 1330): 	at android.text.Hyphenator.loadHyphenator(Hyphenator.java:118)
05-30 15:54:03.162 E/Hyphenator( 1330): 	at android.text.Hyphenator.init(Hyphenator.java:224)
05-30 15:54:03.162 E/Hyphenator( 1330): 	at com.android.internal.os.ZygoteInit.preloadTextResources(ZygoteInit.java:252)
05-30 15:54:03.162 E/Hyphenator( 1330): 	at com.android.internal.os.ZygoteInit.preload(ZygoteInit.java:206)
05-30 15:54:03.162 E/Hyphenator( 1330): 	at com.android.internal.os.ZygoteInit.main(ZygoteInit.java:743)
05-30 15:54:03.162 E/Hyphenator( 1330): Caused by: android.system.ErrnoException: open failed: ENOENT (No such file or directory)
05-30 15:54:03.162 E/Hyphenator( 1330): 	at libcore.io.Posix.open(Native Method)
05-30 15:54:03.162 E/Hyphenator( 1330): 	at libcore.io.BlockGuardOs.open(BlockGuardOs.java:187)
05-30 15:54:03.162 E/Hyphenator( 1330): 	at libcore.io.IoBridge.open(IoBridge.java:441)
05-30 15:54:03.162 E/Hyphenator( 1330): 	... 6 more
05-30 15:54:03.165 E/Hyphenator( 1330): error loading hyphenation /system/usr/hyphen-data/hyph-pt.hyb
05-30 15:54:03.165 E/Hyphenator( 1330): java.io.FileNotFoundException: /system/usr/hyphen-data/hyph-pt.hyb: open failed: ENOENT (No such file or directory)
05-30 15:54:03.165 E/Hyphenator( 1330): 	at libcore.io.IoBridge.open(IoBridge.java:455)
05-30 15:54:03.165 E/Hyphenator( 1330): 	at java.io.RandomAccessFile.<init>(RandomAccessFile.java:247)
05-30 15:54:03.165 E/Hyphenator( 1330): 	at android.text.Hyphenator.loadHyphenator(Hyphenator.java:118)
05-30 15:54:03.165 E/Hyphenator( 1330): 	at android.text.Hyphenator.init(Hyphenator.java:224)
05-30 15:54:03.165 E/Hyphenator( 1330): 	at com.android.internal.os.ZygoteInit.preloadTextResources(ZygoteInit.java:252)
05-30 15:54:03.165 E/Hyphenator( 1330): 	at com.android.internal.os.ZygoteInit.preload(ZygoteInit.java:206)
05-30 15:54:03.165 E/Hyphenator( 1330): 	at com.android.internal.os.ZygoteInit.main(ZygoteInit.java:743)
05-30 15:54:03.165 E/Hyphenator( 1330): Caused by: android.system.ErrnoException: open failed: ENOENT (No such file or directory)
05-30 15:54:03.165 E/Hyphenator( 1330): 	at libcore.io.Posix.open(Native Method)
05-30 15:54:03.165 E/Hyphenator( 1330): 	at libcore.io.BlockGuardOs.open(BlockGuardOs.java:187)
05-30 15:54:03.165 E/Hyphenator( 1330): 	at libcore.io.IoBridge.open(IoBridge.java:441)
05-30 15:54:03.165 E/Hyphenator( 1330): 	... 6 more
05-30 15:54:03.167 E/Hyphenator( 1330): error loading hyphenation /system/usr/hyphen-data/hyph-sl.hyb
05-30 15:54:03.167 E/Hyphenator( 1330): java.io.FileNotFoundException: /system/usr/hyphen-data/hyph-sl.hyb: open failed: ENOENT (No such file or directory)
05-30 15:54:03.167 E/Hyphenator( 1330): 	at libcore.io.IoBridge.open(IoBridge.java:455)
05-30 15:54:03.167 E/Hyphenator( 1330): 	at java.io.RandomAccessFile.<init>(RandomAccessFile.java:247)
05-30 15:54:03.167 E/Hyphenator( 1330): 	at android.text.Hyphenator.loadHyphenator(Hyphenator.java:118)
05-30 15:54:03.167 E/Hyphenator( 1330): 	at android.text.Hyphenator.init(Hyphenator.java:224)
05-30 15:54:03.167 E/Hyphenator( 1330): 	at com.android.internal.os.ZygoteInit.preloadTextResources(ZygoteInit.java:252)
05-30 15:54:03.167 E/Hyphenator( 1330): 	at com.android.internal.os.ZygoteInit.preload(ZygoteInit.java:206)
05-30 15:54:03.167 E/Hyphenator( 1330): 	at com.android.internal.os.ZygoteInit.main(ZygoteInit.java:743)
05-30 15:54:03.167 E/Hyphenator( 1330): Caused by: android.system.ErrnoException: open failed: ENOENT (No such file or directory)
05-30 15:54:03.167 E/Hyphenator( 1330): 	at libcore.io.Posix.open(Native Method)
05-30 15:54:03.167 E/Hyphenator( 1330): 	at libcore.io.BlockGuardOs.open(BlockGuardOs.java:187)
05-30 15:54:03.167 E/Hyphenator( 1330): 	at libcore.io.IoBridge.open(IoBridge.java:441)
05-30 15:54:03.167 E/Hyphenator( 1330): 	... 6 more
05-30 15:54:03.169 E/Hyphenator( 1330): error loading hyphenation /system/usr/hyphen-data/hyph-ta.hyb
05-30 15:54:03.169 E/Hyphenator( 1330): java.io.FileNotFoundException: /system/usr/hyphen-data/hyph-ta.hyb: open failed: ENOENT (No such file or directory)
05-30 15:54:03.169 E/Hyphenator( 1330): 	at libcore.io.IoBridge.open(IoBridge.java:455)
05-30 15:54:03.169 E/Hyphenator( 1330): 	at java.io.RandomAccessFile.<init>(RandomAccessFile.java:247)
05-30 15:54:03.169 E/Hyphenator( 1330): 	at android.text.Hyphenator.loadHyphenator(Hyphenator.java:118)
05-30 15:54:03.169 E/Hyphenator( 1330): 	at android.text.Hyphenator.init(Hyphenator.java:224)
05-30 15:54:03.169 E/Hyphenator( 1330): 	at com.android.internal.os.ZygoteInit.preloadTextResources(ZygoteInit.java:252)
05-30 15:54:03.169 E/Hyphenator( 1330): 	at com.android.internal.os.ZygoteInit.preload(ZygoteInit.java:206)
05-30 15:54:03.169 E/Hyphenator( 1330): 	at com.android.internal.os.ZygoteInit.main(ZygoteInit.java:743)
05-30 15:54:03.169 E/Hyphenator( 1330): Caused by: android.system.ErrnoException: open failed: ENOENT (No such file or directory)
05-30 15:54:03.169 E/Hyphenator( 1330): 	at libcore.io.Posix.open(Native Method)
05-30 15:54:03.169 E/Hyphenator( 1330): 	at libcore.io.BlockGuardOs.open(BlockGuardOs.java:187)
05-30 15:54:03.169 E/Hyphenator( 1330): 	at libcore.io.IoBridge.open(IoBridge.java:441)
05-30 15:54:03.169 E/Hyphenator( 1330): 	... 6 more
05-30 15:54:03.182 E/Hyphenator( 1330): error loading hyphenation /system/usr/hyphen-data/hyph-te.hyb
05-30 15:54:03.182 E/Hyphenator( 1330): java.io.FileNotFoundException: /system/usr/hyphen-data/hyph-te.hyb: open failed: ENOENT (No such file or directory)
05-30 15:54:03.182 E/Hyphenator( 1330): 	at libcore.io.IoBridge.open(IoBridge.java:455)
05-30 15:54:03.182 E/Hyphenator( 1330): 	at java.io.RandomAccessFile.<init>(RandomAccessFile.java:247)
05-30 15:54:03.182 E/Hyphenator( 1330): 	at android.text.Hyphenator.loadHyphenator(Hyphenator.java:118)
05-30 15:54:03.182 E/Hyphenator( 1330): 	at android.text.Hyphenator.init(Hyphenator.java:224)
05-30 15:54:03.182 E/Hyphenator( 1330): 	at com.android.internal.os.ZygoteInit.preloadTextResources(ZygoteInit.java:252)
05-30 15:54:03.182 E/Hyphenator( 1330): 	at com.android.internal.os.ZygoteInit.preload(ZygoteInit.java:206)
05-30 15:54:03.182 E/Hyphenator( 1330): 	at com.android.internal.os.ZygoteInit.main(ZygoteInit.java:743)
05-30 15:54:03.182 E/Hyphenator( 1330): Caused by: android.system.ErrnoException: open failed: ENOENT (No such file or directory)
05-30 15:54:03.182 E/Hyphenator( 1330): 	at libcore.io.Posix.open(Native Method)
05-30 15:54:03.182 E/Hyphenator( 1330): 	at libcore.io.BlockGuardOs.open(BlockGuardOs.java:187)
05-30 15:54:03.182 E/Hyphenator( 1330): 	at libcore.io.IoBridge.open(IoBridge.java:441)
05-30 15:54:03.182 E/Hyphenator( 1330): 	... 6 more
05-30 15:54:03.191 E/Hyphenator( 1330): error loading hyphenation /system/usr/hyphen-data/hyph-tk.hyb
05-30 15:54:03.191 E/Hyphenator( 1330): java.io.FileNotFoundException: /system/usr/hyphen-data/hyph-tk.hyb: open failed: ENOENT (No such file or directory)
05-30 15:54:03.191 E/Hyphenator( 1330): 	at libcore.io.IoBridge.open(IoBridge.java:455)
05-30 15:54:03.191 E/Hyphenator( 1330): 	at java.io.RandomAccessFile.<init>(RandomAccessFile.java:247)
05-30 15:54:03.191 E/Hyphenator( 1330): 	at android.text.Hyphenator.loadHyphenator(Hyphenator.java:118)
05-30 15:54:03.191 E/Hyphenator( 1330): 	at android.text.Hyphenator.init(Hyphenator.java:224)
05-30 15:54:03.191 E/Hyphenator( 1330): 	at com.android.internal.os.ZygoteInit.preloadTextResources(ZygoteInit.java:252)
05-30 15:54:03.191 E/Hyphenator( 1330): 	at com.android.internal.os.ZygoteInit.preload(ZygoteInit.java:206)
05-30 15:54:03.191 E/Hyphenator( 1330): 	at com.android.internal.os.ZygoteInit.main(ZygoteInit.java:743)
05-30 15:54:03.191 E/Hyphenator( 1330): Caused by: android.system.ErrnoException: open failed: ENOENT (No such file or directory)
05-30 15:54:03.191 E/Hyphenator( 1330): 	at libcore.io.Posix.open(Native Method)
05-30 15:54:03.191 E/Hyphenator( 1330): 	at libcore.io.BlockGuardOs.open(BlockGuardOs.java:187)
05-30 15:54:03.191 E/Hyphenator( 1330): 	at libcore.io.IoBridge.open(IoBridge.java:441)
05-30 15:54:03.191 E/Hyphenator( 1330): 	... 6 more
05-30 15:54:03.193 E/Hyphenator( 1330): error loading hyphenation /system/usr/hyphen-data/hyph-und-ethi.hyb
05-30 15:54:03.193 E/Hyphenator( 1330): java.io.FileNotFoundException: /system/usr/hyphen-data/hyph-und-ethi.hyb: open failed: ENOENT (No such file or directory)
05-30 15:54:03.193 E/Hyphenator( 1330): 	at libcore.io.IoBridge.open(IoBridge.java:455)
05-30 15:54:03.193 E/Hyphenator( 1330): 	at java.io.RandomAccessFile.<init>(RandomAccessFile.java:247)
05-30 15:54:03.193 E/Hyphenator( 1330): 	at android.text.Hyphenator.loadHyphenator(Hyphenator.java:118)
05-30 15:54:03.193 E/Hyphenator( 1330): 	at android.text.Hyphenator.init(Hyphenator.java:224)
05-30 15:54:03.193 E/Hyphenator( 1330): 	at com.android.internal.os.ZygoteInit.preloadTextResources(ZygoteInit.java:252)
05-30 15:54:03.193 E/Hyphenator( 1330): 	at com.android.internal.os.ZygoteInit.preload(ZygoteInit.java:206)
05-30 15:54:03.193 E/Hyphenator( 1330): 	at com.android.internal.os.ZygoteInit.main(ZygoteInit.java:743)
05-30 15:54:03.193 E/Hyphenator( 1330): Caused by: android.system.ErrnoException: open failed: ENOENT (No such file or directory)
05-30 15:54:03.193 E/Hyphenator( 1330): 	at libcore.io.Posix.open(Native Method)
05-30 15:54:03.193 E/Hyphenator( 1330): 	at libcore.io.BlockGuardOs.open(BlockGuardOs.java:187)
05-30 15:54:03.193 E/Hyphenator( 1330): 	at libcore.io.IoBridge.open(IoBridge.java:441)
05-30 15:54:03.193 E/Hyphenator( 1330): 	... 6 more
05-30 15:54:03.301 I/art     ( 1329): Explicit concurrent mark sweep GC freed 5620(287KB) AllocSpace objects, 4(164KB) LOS objects, 39% free, 6MB/10MB, paused 424us total 171.868ms
05-30 15:54:03.320 I/art     ( 1329): Starting a blocking GC Explicit
05-30 15:54:03.511 I/art     ( 1329): Explicit concurrent mark sweep GC freed 56(1928B) AllocSpace objects, 0(0B) LOS objects, 39% free, 6MB/10MB, paused 304us total 128.388ms
05-30 15:54:03.583 I/art     ( 1329): Starting a blocking GC HeapTrim
05-30 15:54:03.655 I/art     ( 1329): Starting a blocking GC Background
05-30 15:54:03.726 I/Zygote  ( 1330): Uninstalled ICU cache reference pinning...
05-30 15:54:03.786 I/Zygote  ( 1330): Installed AndroidKeyStoreProvider in 59ms.
05-30 15:54:03.920 I/art     ( 1329): Background concurrent mark sweep GC freed 75(3KB) AllocSpace objects, 0(0B) LOS objects, 39% free, 6MB/10MB, paused 222us total 264.618ms
05-30 15:54:04.881 I/Zygote  ( 1329): System server process 2101 has been created
05-30 15:54:04.888 I/Zygote  ( 1329): Accepting command socket connections
05-30 15:54:05.207 I/Zygote  ( 1330): Warmed up JCA providers in 1421ms.
05-30 15:54:05.207 D/Zygote  ( 1330): end preload
05-30 15:54:05.208 I/art     ( 1330): Starting a blocking GC Explicit
05-30 15:54:05.661 I/art     ( 1330): Explicit concurrent mark sweep GC freed 16003(1200KB) AllocSpace objects, 2(48KB) LOS objects, 39% free, 6MB/10MB, paused 16.678ms total 430.272ms
05-30 15:54:05.691 I/art     ( 1330): Starting a blocking GC Explicit
05-30 15:54:05.796 I/art     ( 1330): Explicit concurrent mark sweep GC freed 1204(46KB) AllocSpace objects, 2(116KB) LOS objects, 39% free, 6MB/10MB, paused 448us total 95.192ms
05-30 15:54:05.822 I/Zygote  ( 1330): Accepting command socket connections
05-30 15:54:05.883 I/Zygote  ( 2101): Process: zygote socket opened, supported ABIS: x86
05-30 15:54:05.889 I/InstallerConnection( 2101): connecting...
05-30 15:54:05.916 I/        ( 1334): new connection
05-30 15:54:06.251 I/InstallerConnection( 2101): disconnecting...
05-30 15:54:06.252 E/        ( 1334): eof
05-30 15:54:06.252 E/        ( 1334): failed to read size
05-30 15:54:06.252 I/        ( 1334): closing connection
05-30 15:54:07.261 I/SystemServer( 2101): Entered the Android system server!
05-30 15:54:09.922 I/SystemServiceManager( 2101): Starting com.android.server.pm.Installer
05-30 15:54:10.041 I/Installer( 2101): Waiting for installd to be ready.
05-30 15:54:10.041 I/InstallerConnection( 2101): connecting...
05-30 15:54:10.047 I/        ( 1334): new connection
05-30 15:54:10.054 I/SystemServiceManager( 2101): Starting com.android.server.am.ActivityManagerService$Lifecycle
05-30 15:54:10.512 I/ActivityManager( 2101): Memory class: 256
05-30 15:54:10.561 I/ServiceThread( 2101): Enabled StrictMode logging for ActivityManager looper.
05-30 15:54:10.609 I/ServiceThread( 2101): Enabled StrictMode logging for android.ui looper.
05-30 15:54:10.966 D/BatteryStatsImpl( 2101): Reading daily items from /data/system/batterystats-daily.xml
05-30 15:54:13.553 W/ProcessCpuTracker( 2101): Skipping unknown process pid 2145
05-30 15:54:13.556 W/ProcessCpuTracker( 2101): Skipping unknown process pid 2148
05-30 15:54:13.557 W/ProcessCpuTracker( 2101): Skipping unknown process pid 2150
05-30 15:54:13.642 I/IntentFirewall( 2101): Read new rules (A:0 B:0 S:0)
05-30 15:54:13.821 I/ServiceThread( 2101): Enabled StrictMode logging for android.display looper.
05-30 15:54:13.933 D/AppOps  ( 2101): AppOpsService published
05-30 15:54:13.935 I/SystemServiceManager( 2101): Starting com.android.server.power.PowerManagerService
05-30 15:54:14.081 I/ServiceThread( 2101): Enabled StrictMode logging for PowerManagerService looper.
05-30 15:54:14.087 E/PowerManagerService-JNI( 2101): Couldn't load power module (No such file or directory)
05-30 15:54:14.088 W/libsuspend( 2101): Error writing 'on' to /sys/power/state: Invalid argument
05-30 15:54:14.090 I/libsuspend( 2101): Selected wakeup count
05-30 15:54:14.243 I/SystemServiceManager( 2101): Starting com.android.server.lights.LightsService
05-30 15:54:14.296 I/SystemServiceManager( 2101): Starting com.android.server.display.DisplayManagerService
05-30 15:54:14.403 I/SystemServiceManager( 2101): Starting phase 100
05-30 15:54:14.456 E/SurfaceFlinger( 1326): ro.sf.lcd_density must be defined as a build property
05-30 15:54:14.517 I/DisplayManagerService( 2101): Display device added: DisplayDeviceInfo{"Built-in Screen": uniqueId="local:0", 1080 x 1920, modeId 1, defaultModeId 1, supportedModes [{id=1, width=1080, height=1920, fps=60.000004}], colorMode 0, supportedColorModes [0], HdrCapabilities android.view.Display$HdrCapabilities@a69d6308, density 480, 480.0 x 480.0 dpi, appVsyncOff 1000000, presDeadline 16666666, touch INTERNAL, rotation 0, type BUILT_IN, state UNKNOWN, FLAG_DEFAULT_DISPLAY, FLAG_ROTATES_WITH_CONTENT, FLAG_SECURE, FLAG_SUPPORTS_PROTECTED_BUFFERS}
05-30 15:54:14.534 D/SurfaceFlinger( 1326): Set power mode=2, type=0 flinger=0x7af17a847000
05-30 15:54:14.534 D/SurfaceFlinger( 1326): Screen type=0 is already mode=2
05-30 15:54:14.539 I/DisplayManagerService( 2101): Display device changed state: "Built-in Screen", ON
05-30 15:54:14.571 I/SystemServer( 2101): StartPackageManagerService
05-30 15:54:15.063 W/SystemConfig( 2101): No directory /system/etc/sysconfig, skipping
05-30 15:54:15.625 D/SELinuxMMAC( 2101): Using policy file /system/etc/security/mac_permissions.xml
05-30 15:54:18.558 E/art     ( 2101): DexFile_getDexOptNeeded file '/system/framework/org.apache.http.legacy.jar' does not exist
05-30 15:54:18.560 W/PackageManager( 2101): Library not found: /system/framework/org.apache.http.legacy.jar
05-30 15:54:18.916 E/art     ( 2101): DexFile_getDexOptNeeded file '/system/framework/org.apache.http.legacy.jar' does not exist
05-30 15:54:18.916 W/PackageManager( 2101): Library not found: /system/framework/org.apache.http.legacy.jar
05-30 15:54:18.962 D/PackageManager( 2101): No files in app dir /vendor/overlay
05-30 15:54:20.317 W/PackageManager( 2101): Failed to parse /system/framework/oat: Missing base APK in /system/framework/oat
05-30 15:54:20.363 W/PackageManager( 2101): Failed to parse /system/framework/x86: Missing base APK in /system/framework/x86
05-30 15:54:20.365 W/PackageManager( 2101): Failed to parse /system/framework/x86_64: Missing base APK in /system/framework/x86_64
05-30 15:54:21.987 W/PackageParser( 2101): No actions in intent filter at /system/priv-app/Contacts/Contacts.apk Binary XML file line #409
05-30 15:54:23.106 W/PackageParser( 2101): No actions in intent filter at /system/priv-app/Dialer/Dialer.apk Binary XML file line #186
05-30 15:54:23.669 W/PackageManager( 2101): Permission android.permission.DOWNLOAD_WITHOUT_NOTIFICATION from package com.android.providers.downloads in an unknown group android.permission-group.NETWORK
05-30 15:54:26.670 W/PackageParser( 2101): Ignoring duplicate uses-permissions/uses-permissions-sdk-m: android.permission.USE_CREDENTIALS in package: com.android.settings at: Binary XML file line #53
05-30 15:54:26.722 W/PackageParser( 2101): Ignoring duplicate uses-permissions/uses-permissions-sdk-m: android.permission.READ_SYNC_SETTINGS in package: com.android.settings at: Binary XML file line #58
05-30 15:54:26.722 W/PackageParser( 2101): Ignoring duplicate uses-permissions/uses-permissions-sdk-m: android.permission.WRITE_SYNC_SETTINGS in package: com.android.settings at: Binary XML file line #59
05-30 15:54:27.613 V/NatController( 1340): runCmd(/system/bin/iptables -w -F natctrl_FORWARD) res=0
05-30 15:54:28.079 V/NatController( 1340): runCmd(/system/bin/ip6tables -w -F natctrl_FORWARD) res=0
05-30 15:54:28.395 I/art     ( 2101): Background sticky concurrent mark sweep GC freed 31262(2MB) AllocSpace objects, 24(520KB) LOS objects, 31% free, 6MB/10MB, paused 8.483ms total 351.149ms
05-30 15:54:28.481 W/PackageParser( 2101): Ignoring duplicate uses-permissions/uses-permissions-sdk-m: android.permission.INSTALL_GRANT_RUNTIME_PERMISSIONS in package: com.android.shell at: Binary XML file line #102
05-30 15:54:28.634 V/NatController( 1340): runCmd(/system/bin/iptables -w -A natctrl_FORWARD -j DROP) res=0
05-30 15:54:28.786 V/NatController( 1340): runCmd(/system/bin/iptables -w -t nat -F natctrl_nat_POSTROUTING) res=0
05-30 15:54:28.941 V/NatController( 1340): runCmd(/system/bin/ip6tables -w -t raw -F natctrl_raw_PREROUTING) res=0
05-30 15:54:29.193 V/NatController( 1340): runCmd(/system/bin/iptables -w -F natctrl_tether_counters) res=1
05-30 15:54:29.417 W/PackageParser( 2101): Ignoring duplicate uses-permissions/uses-permissions-sdk-m: android.permission.CONFIGURE_WIFI_DISPLAY in package: com.android.systemui at: Binary XML file line #123
05-30 15:54:29.552 V/NatController( 1340): runCmd(/system/bin/ip6tables -w -F natctrl_tether_counters) res=1
05-30 15:54:29.891 V/NatController( 1340): runCmd(/system/bin/iptables -w -X natctrl_tether_counters) res=1
05-30 15:54:30.216 V/NatController( 1340): runCmd(/system/bin/ip6tables -w -X natctrl_tether_counters) res=1
05-30 15:54:30.381 V/NatController( 1340): runCmd(/system/bin/iptables -w -N natctrl_tether_counters) res=0
05-30 15:54:30.611 V/NatController( 1340): runCmd(/system/bin/ip6tables -w -N natctrl_tether_counters) res=0
05-30 15:54:30.791 V/NatController( 1340): runCmd(/system/bin/iptables -w -t mangle -A natctrl_mangle_FORWARD -p tcp --tcp-flags SYN SYN -j TCPMSS --clamp-mss-to-pmtu) res=0
05-30 15:54:31.775 W/PackageManager( 2101): Non-privileged app; cap priority to 0; package: com.android.calendar activity: com.android.calendar.GoogleCalendarUriIntentFilter origPrio: 50
05-30 15:54:32.035 W/PackageManager( 2101): Non-privileged app; cap priority to 0; package: com.android.cts.ctsshim activity: com.android.cts.ctsshim.InstallPriority origPrio: 100
05-30 15:54:32.035 W/PackageManager( 2101): Non-privileged app; cap priority to 0; package: com.android.cts.ctsshim activity: com.android.cts.ctsshim.InstallPriority origPrio: 100
05-30 15:54:32.035 W/PackageManager( 2101): Non-privileged app; cap priority to 0; package: com.android.cts.ctsshim activity: com.android.cts.ctsshim.InstallPriority origPrio: 100
05-30 15:54:32.035 W/PackageManager( 2101): Non-privileged app; cap priority to 0; package: com.android.cts.ctsshim activity: com.android.cts.ctsshim.InstallPriority origPrio: 100
05-30 15:54:32.036 W/PackageManager( 2101): Non-privileged app; cap priority to 0; package: com.android.cts.ctsshim activity: com.android.cts.ctsshim.InstallPriority origPrio: 100
05-30 15:54:33.777 W/PackageParser( 2101): Ignoring duplicate uses-permissions/uses-permissions-sdk-m: android.permission.WRITE_CONTACTS in package: com.android.email at: Binary XML file line #40
05-30 15:54:34.866 W/PackageParser( 2101): Unknown element under <application>: permission at /system/app/Gallery2/Gallery2.apk Binary XML file line #238
05-30 15:54:34.866 W/PackageParser( 2101): Unknown element under <application>: permission at /system/app/Gallery2/Gallery2.apk Binary XML file line #241
05-30 15:54:35.985 W/PackageManager( 2101): Permission com.android.launcher3.permission.READ_SETTINGS from package com.android.launcher3 in an unknown group android.permission-group.SYSTEM_TOOLS
05-30 15:54:35.985 W/PackageManager( 2101): Permission com.android.launcher3.permission.WRITE_SETTINGS from package com.android.launcher3 in an unknown group android.permission-group.SYSTEM_TOOLS
05-30 15:54:35.986 W/PackageManager( 2101): Permission com.android.launcher.permission.INSTALL_SHORTCUT from package com.android.launcher3 in an unknown group android.permission-group.SYSTEM_TOOLS
05-30 15:54:36.243 E/Netd    ( 1340): cannot find interface dummy0
05-30 15:54:36.459 D/MDnsDS  ( 1340): MDnsSdListener::Hander starting up
05-30 15:54:36.526 D/MDnsDS  ( 1340): MDnsSdListener starting to monitor
05-30 15:54:36.531 D/MDnsDS  ( 1340): Going to poll with pollCount 1
05-30 15:54:39.417 D/PackageManager( 2101): No files in app dir /system/vendor/app
05-30 15:54:39.420 D/PackageManager( 2101): No files in app dir /oem/app
05-30 15:54:40.835 W/PackageParser( 2101): No actions in intent filter at /data/app/ApiDemos/ApiDemos.apk Binary XML file line #3145
05-30 15:54:40.836 W/PackageParser( 2101): No actions in intent filter at /data/app/ApiDemos/ApiDemos.apk Binary XML file line #3151
05-30 15:54:40.879 W/PackageManager( 2101): Package com.example.android.apis desires unavailable shared library com.example.will.never.exist; ignoring!
05-30 15:54:40.927 I/SELinux ( 2101): SELinux: Loaded file_contexts contexts from /file_contexts.bin.
05-30 15:54:41.678 D/PackageManager( 2101): No files in app dir /data/app-private
05-30 15:54:41.680 D/PackageManager( 2101): No files in app dir /data/app-ephemeral
05-30 15:54:41.704 E/PackageManager( 2101): There should probably be exactly one setup wizard; found 0: matches=[]
05-30 15:54:41.704 W/PackageManager( 2101): Protected action; cap priority to 0; package: com.android.cts.priv.ctsshim activity: com.android.cts.priv.ctsshim.InstallPriority origPrio: 100
05-30 15:54:41.705 W/PackageManager( 2101): Protected action; cap priority to 0; package: com.android.cts.priv.ctsshim activity: com.android.cts.priv.ctsshim.InstallPriority origPrio: 100
05-30 15:54:41.705 W/PackageManager( 2101): Protected action; cap priority to 0; package: com.android.cts.priv.ctsshim activity: com.android.cts.priv.ctsshim.InstallPriority origPrio: 100
05-30 15:54:41.705 W/PackageManager( 2101): Protected action; cap priority to 0; package: com.android.cts.priv.ctsshim activity: com.android.cts.priv.ctsshim.InstallPriority origPrio: 100
05-30 15:54:41.705 W/PackageManager( 2101): Protected action; cap priority to 0; package: com.android.packageinstaller activity: com.android.packageinstaller.PackageInstallerActivity origPrio: 1
05-30 15:54:41.705 W/PackageManager( 2101): Package com.android.camera desires unavailable shared library com.google.android.media.effects; ignoring!
05-30 15:54:41.705 W/PackageManager( 2101): Package com.android.gallery3d desires unavailable shared library com.google.android.media.effects; ignoring!
05-30 15:54:41.706 W/PackageManager( 2101): Package com.android.gallery3d desires unavailable shared library com.google.android.media.effects; ignoring!
05-30 15:54:41.706 W/PackageManager( 2101): Package com.example.android.apis desires unavailable shared library com.example.will.never.exist; ignoring!
05-30 15:54:41.707 I/PackageManager( 2101): Adjusting ABI for com.android.providers.downloads to x86_64 (requirer=com.android.mtp, scannedPackage=null)
05-30 15:54:41.728 I/PackageManager( 2101): Adjusting ABI for com.android.providers.media to x86_64 (requirer=com.android.mtp, scannedPackage=null)
05-30 15:54:41.742 I/PackageManager( 2101): Adjusting ABI for com.android.providers.downloads.ui to x86_64 (requirer=com.android.mtp, scannedPackage=null)
05-30 15:54:41.745 I/PackageManager( 2101): Adjusting ABI for com.android.providers.settings to x86_64 (requirer=android, scannedPackage=null)
05-30 15:54:41.747 I/PackageManager( 2101): Adjusting ABI for com.android.wallpaperbackup to x86_64 (requirer=android, scannedPackage=null)
05-30 15:54:41.749 I/PackageManager( 2101): Adjusting ABI for com.android.keychain to x86_64 (requirer=android, scannedPackage=null)
05-30 15:54:41.762 I/PackageManager( 2101): Adjusting ABI for com.android.settings to x86_64 (requirer=android, scannedPackage=null)
05-30 15:54:41.764 I/PackageManager( 2101): Adjusting ABI for com.android.server.telecom to x86_64 (requirer=android, scannedPackage=null)
05-30 15:54:41.766 I/PackageManager( 2101): Adjusting ABI for com.android.location.fused to x86_64 (requirer=android, scannedPackage=null)
05-30 15:54:41.768 I/PackageManager( 2101): Adjusting ABI for com.android.inputdevices to x86_64 (requirer=android, scannedPackage=null)
05-30 15:54:41.803 I/PackageManager( 2101): Time to scan packages: 23.55 seconds
05-30 15:54:41.807 W/PackageManager( 2101): Unknown permission com.google.android.googleapps.permission.GOOGLE_AUTH in package com.android.providers.calendar
05-30 15:54:41.807 W/PackageManager( 2101): Unknown permission com.google.android.googleapps.permission.GOOGLE_AUTH.cl in package com.android.providers.calendar
05-30 15:54:41.809 W/PackageManager( 2101): Not granting permission android.permission.GLOBAL_SEARCH to package com.android.quicksearchbox (protectionLevel=18 flags=0x3808be45)
05-30 15:54:41.823 W/PackageManager( 2101): Not granting permission android.permission.WRITE_EXTERNAL_STORAGE to package gov.nasa.arc.astrobee.android.gs.manager because it was previously installed without
05-30 15:54:41.823 W/PackageManager( 2101): Not granting permission android.permission.READ_EXTERNAL_STORAGE to package gov.nasa.arc.astrobee.android.gs.manager because it was previously installed without
05-30 15:54:41.824 W/PackageManager( 2101): Unknown permission com.android.launcher.permission.READ_SETTINGS in package com.android.launcher3
05-30 15:54:41.824 W/PackageManager( 2101): Unknown permission com.android.launcher.permission.WRITE_SETTINGS in package com.android.launcher3
05-30 15:54:41.824 W/PackageManager( 2101): Not granting permission android.permission.BIND_APPWIDGET to package com.android.launcher3 (protectionLevel=18 flags=0x3c4bbe45)
05-30 15:54:41.825 W/PackageManager( 2101): Unknown permission com.google.android.googleapps.permission.GOOGLE_AUTH.mail in package com.android.calendar
05-30 15:54:41.825 W/PackageManager( 2101): Unknown permission com.google.android.providers.settings.permission.WRITE_GSETTINGS in package com.android.sdksetup
05-30 15:54:41.826 W/PackageManager( 2101): Unknown permission com.google.android.permission.INSTALL_WEARABLE_PACKAGES in package com.android.packageinstaller
05-30 15:54:41.827 W/PackageManager( 2101): Not granting permission android.permission.DELETE_PACKAGES to package com.svox.pico (protectionLevel=18 flags=0x3808be45)
05-30 15:54:41.827 W/PackageManager( 2101): Not granting permission android.permission.READ_CONTACTS to package com.example.android.apis because it was previously installed without
05-30 15:54:41.827 W/PackageManager( 2101): Not granting permission android.permission.WRITE_CONTACTS to package com.example.android.apis because it was previously installed without
05-30 15:54:41.827 W/PackageManager( 2101): Not granting permission android.permission.ACCESS_COARSE_LOCATION to package com.example.android.apis because it was previously installed without
05-30 15:54:41.827 W/PackageManager( 2101): Not granting permission android.permission.WRITE_EXTERNAL_STORAGE to package com.example.android.apis because it was previously installed without
05-30 15:54:41.827 W/PackageManager( 2101): Not granting permission android.permission.SEND_SMS to package com.example.android.apis because it was previously installed without
05-30 15:54:41.827 W/PackageManager( 2101): Not granting permission android.permission.RECEIVE_SMS to package com.example.android.apis because it was previously installed without
05-30 15:54:41.827 W/PackageManager( 2101): Not granting permission android.permission.RECEIVE_MMS to package com.example.android.apis because it was previously installed without
05-30 15:54:41.827 W/PackageManager( 2101): Not granting permission android.permission.READ_SMS to package com.example.android.apis because it was previously installed without
05-30 15:54:41.827 W/PackageManager( 2101): Not granting permission android.permission.READ_PHONE_STATE to package com.example.android.apis because it was previously installed without
05-30 15:54:41.828 W/PackageManager( 2101): Not granting permission android.permission.RECORD_AUDIO to package com.example.android.apis because it was previously installed without
05-30 15:54:41.828 W/PackageManager( 2101): Not granting permission android.permission.CAMERA to package com.example.android.apis because it was previously installed without
05-30 15:54:41.828 W/PackageManager( 2101): Not granting permission android.permission.READ_EXTERNAL_STORAGE to package com.example.android.apis because it was previously installed without
05-30 15:54:41.828 W/PackageManager( 2101): Unknown permission android.permission.RUN_INSTRUMENTATION in package org.chromium.webview_shell
05-30 15:54:41.829 W/PackageManager( 2101): Unknown permission com.google.android.googleapps.permission.GOOGLE_AUTH in package com.android.settings
05-30 15:54:41.829 W/PackageManager( 2101): Unknown permission com.android.launcher.permission.READ_SETTINGS in package com.android.settings
05-30 15:54:41.829 W/PackageManager( 2101): Unknown permission com.android.launcher.permission.WRITE_SETTINGS in package com.android.settings
05-30 15:54:41.840 W/PackageManager( 2101): Unknown permission com.android.smspush.WAPPUSH_MANAGER_BIND in package com.android.phone
05-30 15:54:41.842 W/PackageManager( 2101): Unknown permission com.google.android.googleapps.permission.ACCESS_GOOGLE_PASSWORD in package com.android.development
05-30 15:54:41.842 W/PackageManager( 2101): Unknown permission com.google.android.googleapps.permission.GOOGLE_AUTH in package com.android.development
05-30 15:54:41.842 W/PackageManager( 2101): Unknown permission com.google.android.googleapps.permission.GOOGLE_AUTH.ALL_SERVICES in package com.android.development
05-30 15:54:41.842 W/PackageManager( 2101): Unknown permission com.google.android.googleapps.permission.GOOGLE_AUTH.YouTubeUser in package com.android.development
05-30 15:54:41.843 W/PackageManager( 2101): Not granting permission android.permission.BIND_APPWIDGET to package com.android.widgetpreview (protectionLevel=18 flags=0x3808be44)
05-30 15:54:41.844 V/PackageManager( 2101): reconcileAppsData for null u0 0x3
05-30 15:54:41.915 I/SELinux ( 1334): SELinux: Loaded file_contexts contexts from /file_contexts.bin.
05-30 15:54:46.972 V/PackageManager( 2101): reconcileAppsData finished 81 packages
05-30 15:54:47.614 E/PackageManager( 2101): There should probably be a verifier, but, none were found
05-30 15:54:47.814 D/PackageManager( 2101): Ephemeral resolver NOT found; no matching intent filters
05-30 15:54:47.815 I/PackageManager( 2101): Ephemeral deactivated; missing resolver and installer
05-30 15:54:47.819 I/art     ( 2101): Waiting for a blocking GC Explicit
05-30 15:54:47.852 W/art     ( 2101): Long monitor contention with owner main (2101) at int android.net.LocalSocketImpl.readba_native(byte[], int, int, java.io.FileDescriptor)(LocalSocketImpl.java:-2) waiters=0 in void com.android.server.pm.Settings$RuntimePermissionPersistence.writePermissionsSync(int) for 5.700s
05-30 15:54:47.901 W/art     ( 2101): Suspending all threads took: 6.873ms
05-30 15:54:47.992 I/art     ( 2101): Background partial concurrent mark sweep GC freed 39425(2MB) AllocSpace objects, 3(60KB) LOS objects, 33% free, 7MB/11MB, paused 11.394ms total 581.310ms
05-30 15:54:47.992 I/art     ( 2101): WaitForGcToComplete blocked for 173.991ms for cause Explicit
05-30 15:54:47.992 I/art     ( 2101): Starting a blocking GC Explicit
05-30 15:54:48.206 I/art     ( 2101): Explicit concurrent mark sweep GC freed 6258(397KB) AllocSpace objects, 1(20KB) LOS objects, 33% free, 7MB/10MB, paused 1.211ms total 212.019ms
05-30 15:54:48.246 I/SystemServer( 2101): StartOtaDexOptService
05-30 15:54:48.298 I/SystemServer( 2101): StartUserManagerService
05-30 15:54:48.299 I/SystemServiceManager( 2101): Starting com.android.server.pm.UserManagerService$LifeCycle
05-30 15:54:48.420 I/lowmemorykiller( 1324): ActivityManager connected
05-30 15:54:48.458 D/SensorService( 2101): nuSensorService starting...
05-30 15:54:48.614 D/SensorService( 2101): nuSensorService thread starting...
05-30 15:54:48.632 D/SensorService( 2101): new thread SensorEventAckReceiver
05-30 15:54:48.636 I/SystemServiceManager( 2101): Starting com.android.server.BatteryService
05-30 15:54:48.818 I/SystemServiceManager( 2101): Starting com.android.server.usage.UsageStatsService
05-30 15:54:49.080 I/SystemServiceManager( 2101): Starting com.android.server.webkit.WebViewUpdateService
05-30 15:54:49.156 I/SystemServer( 2101): Reading configuration...
05-30 15:54:49.156 I/SystemServer( 2101): StartSchedulingPolicyService
05-30 15:54:49.212 I/SystemServiceManager( 2101): Starting com.android.server.telecom.TelecomLoaderService
05-30 15:54:49.214 I/SystemServer( 2101): StartTelephonyRegistry
05-30 15:54:49.309 I/SystemServer( 2101): StartEntropyMixer
05-30 15:54:49.335 I/EntropyMixer( 2101): Writing entropy...
05-30 15:54:49.473 I/SystemServer( 2101): Camera Service
05-30 15:54:49.484 I/SystemServiceManager( 2101): Starting com.android.server.camera.CameraService
05-30 15:54:49.601 I/ServiceThread( 2101): Enabled StrictMode logging for CameraService_proxy looper.
05-30 15:54:49.607 I/SystemServer( 2101): StartAccountManagerService
05-30 15:54:49.610 I/SystemServiceManager( 2101): Starting com.android.server.accounts.AccountManagerService$Lifecycle
05-30 15:54:49.738 I/SystemServer( 2101): StartContentService
05-30 15:54:49.751 I/SystemServiceManager( 2101): Starting com.android.server.content.ContentService$Lifecycle
05-30 15:54:49.766 I/SystemServer( 2101): InstallSystemProviders
05-30 15:54:49.928 W/System  ( 2101): ClassLoader referenced unknown path: /system/priv-app/SettingsProvider/lib/x86_64
05-30 15:54:50.344 I/SystemServer( 2101): StartVibratorService
05-30 15:54:50.346 E/VibratorService( 2101): Couldn't load vibrator module (No such file or directory)
05-30 15:54:50.346 W/VibratorService( 2101): Tried to stop vibrating but there is no vibrator device.
05-30 15:54:50.364 I/SystemServer( 2101): StartConsumerIrService
05-30 15:54:50.366 E/ConsumerIrService( 2101): Can't open consumer IR HW Module, error: -2
05-30 15:54:50.373 I/SystemServer( 2101): StartAlarmManagerService
