05-30 04:25:47.939 I/SystemServer( 1887): InitWatchdog
05-30 04:25:47.963 I/SystemServer( 1887): StartInputManagerService
05-30 04:25:47.969 I/InputManager( 1887): Initializing input manager, mUseDevInputEventForAudioJack=true
05-30 04:25:48.054 I/SystemServer( 1887): StartWindowManagerService
05-30 04:25:48.407 I/WindowManager( 1887): No existing display settings /data/system/display_settings.xml; starting empty
05-30 04:25:48.908 I/SystemServer( 1887): StartVrManagerService
05-30 04:25:48.909 I/SystemServiceManager( 1887): Starting com.android.server.vr.VrManagerService
05-30 04:25:48.926 W/VrManagerService( 1887): init_native: Could not open VR hardware module, error No such file or directory (-2).
05-30 04:25:49.021 I/InputManager( 1887): Starting input manager
05-30 04:25:49.385 I/SystemServer( 1887): No Bluetooth Service (emulator)
05-30 04:25:49.385 I/SystemServer( 1887): ConnectivityMetricsLoggerService
05-30 04:25:49.386 I/SystemServiceManager( 1887): Starting com.android.server.connectivity.MetricsLoggerService
05-30 04:25:49.433 D/EventHub( 1887): No input device configuration file found for device 'Power Button'.
05-30 04:25:49.437 I/SystemServer( 1887): IpConnectivityMetrics
05-30 04:25:49.438 I/SystemServiceManager( 1887): Starting com.android.server.connectivity.IpConnectivityMetrics
05-30 04:25:49.462 I/SystemServer( 1887): PinnerService
05-30 04:25:49.463 I/SystemServiceManager( 1887): Starting com.android.server.PinnerService
05-30 04:25:49.497 W/EventHub( 1887): Unable to disable kernel key repeat for /dev/input/event0: Function not implemented
05-30 04:25:49.498 I/EventHub( 1887): New device: id=1, fd=90, path='/dev/input/event0', name='Power Button', classes=0x1, configuration='', keyLayout='/system/usr/keylayout/Generic.kl', keyCharacterMap='/system/usr/keychars/Generic.kcm', builtinKeyboard=false, wakeMechanism=EPOLLWAKEUP, usingClockIoctl=true
05-30 04:25:49.503 I/SystemServiceManager( 1887): Starting com.android.server.InputMethodManagerService$Lifecycle
05-30 04:25:49.558 W/EventHub( 1887): Unable to disable kernel key repeat for /dev/input/event1: Function not implemented
05-30 04:25:49.559 I/EventHub( 1887): New device: id=2, fd=92, path='/dev/input/event1', name='qwerty2', classes=0x95, configuration='/system/usr/idc/qwerty2.idc', keyLayout='/system/usr/keylayout/qwerty.kl', keyCharacterMap='/system/usr/keychars/qwerty2.kcm', builtinKeyboard=true, wakeMechanism=EPOLLWAKEUP, usingClockIoctl=true
05-30 04:25:49.559 E/EventHub( 1887): could not get driver version for /dev/input/mice, Not a typewriter
05-30 04:25:49.764 I/InputReader( 1887): Device added: id=-1, name='Virtual', sources=0x00000301
05-30 04:25:49.780 I/InputReader( 1887):   Touch device 'qwerty2' could not query the properties of its associated display.  The device will be inoperable until the display size becomes available.
05-30 04:25:49.781 I/InputReader( 1887): Device added: id=0, name='qwerty2', sources=0x80001103
05-30 04:25:49.782 I/InputReader( 1887): Device added: id=1, name='Power Button', sources=0x00000101
05-30 04:25:51.120 I/SystemServer( 1887): StartAccessibilityManagerService
05-30 04:25:51.264 I/ActivityManager( 1887): Config changes=1df8 {1.0 ?mcc?mnc [en_US] ldltr sw360dp w360dp h640dp 480dpi nrml long port ?uimode ?night -touch -keyb/v/h -nav/h s.2}
05-30 04:25:51.338 I/ActivityManager( 1887): Config changes=500 {1.0 ?mcc?mnc [en_US] ldltr sw360dp w360dp h568dp 480dpi nrml port ?uimode ?night -touch -keyb/v/h -nav/h s.3}
05-30 04:25:51.382 I/ActivityManager( 1887): Config changes=8 {1.0 ?mcc?mnc [en_US] ldltr sw360dp w360dp h568dp 480dpi nrml port ?uimode ?night finger -keyb/v/h -nav/h s.4}
05-30 04:25:51.484 I/SystemServiceManager( 1887): Starting com.android.server.MountService$Lifecycle
05-30 04:25:51.572 I/InputReader( 1887): Reconfiguring input devices.  changes=0x00000004
05-30 04:25:51.573 I/InputReader( 1887): Device reconfigured: id=0, name='qwerty2', size 1080x1920, orientation 0, mode 1, display id 0
05-30 04:25:51.576 I/InputReader( 1887): Reconfiguring input devices.  changes=0x00000004
05-30 04:25:51.695 I/SystemServiceManager( 1887): Starting com.android.server.UiModeManagerService
05-30 04:25:51.704 I/ActivityManager( 1887): Config changes=200 {1.0 ?mcc?mnc [en_US] ldltr sw360dp w360dp h568dp 480dpi nrml port finger -keyb/v/h -nav/h s.5}
05-30 04:25:51.947 W/PackageManager( 1887): No disk maintenance in 8108005946; running immediately
05-30 04:25:51.948 I/SystemServer( 1887): StartLockSettingsService
05-30 04:25:51.951 I/MountService( 1887): fstrim requested, but no daemon connection yet; trying again
05-30 04:25:51.953 D/MountService( 1887): Thinking about init, mSystemReady=false, mDaemonConnected=true
05-30 04:25:51.954 D/MountService( 1887): Thinking about reset, mSystemReady=false, mDaemonConnected=true
05-30 04:25:51.955 I/SystemServiceManager( 1887): Starting com.android.server.LockSettingsService$Lifecycle
05-30 04:25:51.963 D/MountService( 1887): Thinking about init, mSystemReady=false, mDaemonConnected=true
05-30 04:25:51.963 D/MountService( 1887): Thinking about reset, mSystemReady=false, mDaemonConnected=true
05-30 04:25:51.966 D/CryptdConnector( 1887): SND -> {1 cryptfs getfield SystemLocale}
05-30 04:25:52.034 D/CryptdConnector( 1887): RCV <- {200 1 -1}
05-30 04:25:52.045 W/MountService( 1887): No primary storage mounted!
05-30 04:25:52.045 D/VoldConnector( 1887): SND -> {1 asec list}
05-30 04:25:52.061 D/VoldConnector( 1887): RCV <- {200 1 asec operation succeeded}
05-30 04:25:52.063 I/PackageManager( 1887): No secure containers found
05-30 04:25:52.064 W/PackageManager( 1887): Unknown permission com.google.android.googleapps.permission.GOOGLE_AUTH in package com.android.providers.calendar
05-30 04:25:52.064 W/PackageManager( 1887): Unknown permission com.google.android.googleapps.permission.GOOGLE_AUTH.cl in package com.android.providers.calendar
05-30 04:25:52.065 W/PackageManager( 1887): Not granting permission android.permission.GLOBAL_SEARCH to package com.android.quicksearchbox (protectionLevel=18 flags=0x3808be45)
05-30 04:25:52.066 W/PackageManager( 1887): Not granting permission android.permission.WRITE_EXTERNAL_STORAGE to package gov.nasa.arc.astrobee.android.gs.manager because it was previously installed without
05-30 04:25:52.066 W/PackageManager( 1887): Not granting permission android.permission.READ_EXTERNAL_STORAGE to package gov.nasa.arc.astrobee.android.gs.manager because it was previously installed without
05-30 04:25:52.067 W/PackageManager( 1887): Unknown permission com.android.launcher.permission.READ_SETTINGS in package com.android.launcher3
05-30 04:25:52.067 W/PackageManager( 1887): Unknown permission com.android.launcher.permission.WRITE_SETTINGS in package com.android.launcher3
05-30 04:25:52.067 W/PackageManager( 1887): Not granting permission android.permission.BIND_APPWIDGET to package com.android.launcher3 (protectionLevel=18 flags=0x3c4bbe45)
05-30 04:25:52.067 W/PackageManager( 1887): Unknown permission com.google.android.googleapps.permission.GOOGLE_AUTH.mail in package com.android.calendar
05-30 04:25:52.067 W/PackageManager( 1887): Unknown permission com.google.android.providers.settings.permission.WRITE_GSETTINGS in package com.android.sdksetup
05-30 04:25:52.068 W/PackageManager( 1887): Unknown permission com.google.android.permission.INSTALL_WEARABLE_PACKAGES in package com.android.packageinstaller
05-30 04:25:52.069 W/PackageManager( 1887): Not granting permission android.permission.DELETE_PACKAGES to package com.svox.pico (protectionLevel=18 flags=0x3808be45)
05-30 04:25:52.069 W/PackageManager( 1887): Not granting permission android.permission.READ_CONTACTS to package com.example.android.apis because it was previously installed without
05-30 04:25:52.069 W/PackageManager( 1887): Not granting permission android.permission.WRITE_CONTACTS to package com.example.android.apis because it was previously installed without
05-30 04:25:52.069 W/PackageManager( 1887): Not granting permission android.permission.ACCESS_COARSE_LOCATION to package com.example.android.apis because it was previously installed without
05-30 04:25:52.069 W/PackageManager( 1887): Not granting permission android.permission.WRITE_EXTERNAL_STORAGE to package com.example.android.apis because it was previously installed without
05-30 04:25:52.069 W/PackageManager( 1887): Not granting permission android.permission.SEND_SMS to package com.example.android.apis because it was previously installed without
05-30 04:25:52.069 W/PackageManager( 1887): Not granting permission android.permission.RECEIVE_SMS to package com.example.android.apis because it was previously installed without
05-30 04:25:52.069 W/PackageManager( 1887): Not granting permission android.permission.RECEIVE_MMS to package com.example.android.apis because it was previously installed without
05-30 04:25:52.069 W/PackageManager( 1887): Not granting permission android.permission.READ_SMS to package com.example.android.apis because it was previously installed without
05-30 04:25:52.069 W/PackageManager( 1887): Not granting permission android.permission.READ_PHONE_STATE to package com.example.android.apis because it was previously installed without
05-30 04:25:52.070 W/PackageManager( 1887): Not granting permission android.permission.RECORD_AUDIO to package com.example.android.apis because it was previously installed without
05-30 04:25:52.110 W/PackageManager( 1887): Not granting permission android.permission.CAMERA to package com.example.android.apis because it was previously installed without
05-30 04:25:52.110 W/PackageManager( 1887): Not granting permission android.permission.READ_EXTERNAL_STORAGE to package com.example.android.apis because it was previously installed without
05-30 04:25:52.111 W/PackageManager( 1887): Unknown permission android.permission.RUN_INSTRUMENTATION in package org.chromium.webview_shell
05-30 04:25:52.111 W/PackageManager( 1887): Unknown permission com.google.android.googleapps.permission.GOOGLE_AUTH in package com.android.settings
05-30 04:25:52.112 W/PackageManager( 1887): Unknown permission com.android.launcher.permission.READ_SETTINGS in package com.android.settings
05-30 04:25:52.112 W/PackageManager( 1887): Unknown permission com.android.launcher.permission.WRITE_SETTINGS in package com.android.settings
05-30 04:25:52.113 W/PackageManager( 1887): Unknown permission com.android.smspush.WAPPUSH_MANAGER_BIND in package com.android.phone
05-30 04:25:52.114 W/PackageManager( 1887): Unknown permission com.google.android.googleapps.permission.ACCESS_GOOGLE_PASSWORD in package com.android.development
05-30 04:25:52.115 W/PackageManager( 1887): Unknown permission com.google.android.googleapps.permission.GOOGLE_AUTH in package com.android.development
05-30 04:25:52.115 W/PackageManager( 1887): Unknown permission com.google.android.googleapps.permission.GOOGLE_AUTH.ALL_SERVICES in package com.android.development
05-30 04:25:52.115 W/PackageManager( 1887): Unknown permission com.google.android.googleapps.permission.GOOGLE_AUTH.YouTubeUser in package com.android.development
05-30 04:25:52.115 W/PackageManager( 1887): Not granting permission android.permission.BIND_APPWIDGET to package com.android.widgetpreview (protectionLevel=18 flags=0x3808be44)
05-30 04:25:52.413 I/SystemServiceManager( 1887): Starting com.android.server.DeviceIdleController
05-30 04:25:52.631 W/MountService( 1887): No primary storage defined yet; hacking together a stub
05-30 04:25:52.652 W/MountService( 1887): No primary storage defined yet; hacking together a stub
05-30 04:25:52.655 W/MountService( 1887): No primary storage mounted!
05-30 04:25:52.656 D/VoldConnector( 1887): SND -> {2 asec list}
05-30 04:25:52.658 D/VoldConnector( 1887): RCV <- {200 2 asec operation succeeded}
05-30 04:25:52.731 I/SystemServiceManager( 1887): Starting com.android.server.devicepolicy.DevicePolicyManagerService$Lifecycle
05-30 04:25:52.848 I/SystemServer( 1887): StartStatusBarManagerService
05-30 04:25:52.885 I/SystemServer( 1887): StartClipboardService
05-30 04:25:52.909 I/SystemServer( 1887): StartNetworkManagementService
05-30 04:25:52.957 I/MountService( 1887): Running fstrim idle maintenance
05-30 04:25:52.961 D/VoldConnector( 1887): SND -> {3 fstrim dotrim}
05-30 04:25:53.027 I/NetworkManagement( 1887): onDaemonConnected()
05-30 04:25:53.030 D/VoldConnector( 1887): RCV <- {200 3 Command succeeded}
05-30 04:25:53.072 D/vold    ( 1281): Starting trim of /cache
05-30 04:25:53.074 W/vold    ( 1281): Trim failed on /cache: Operation not supported on transport endpoint
05-30 04:25:53.075 D/VoldConnector( 1887): RCV <- {662 /cache -1 -1}
05-30 04:25:53.095 D/vold    ( 1281): Starting trim of /data
05-30 04:25:53.095 W/vold    ( 1281): Trim failed on /data: Operation not supported on transport endpoint
05-30 04:25:53.095 D/VoldConnector( 1887): RCV <- {662 /data -1 -1}
05-30 04:25:53.339 I/SystemServiceManager( 1887): Starting com.android.server.TextServicesManagerService$Lifecycle
05-30 04:25:53.585 E/VoldConnector( 1887): Error handling '662 /cache -1 -1': java.lang.NullPointerException: Attempt to invoke virtual method 'void android.os.DropBoxManager.addText(java.lang.String, java.lang.String)' on a null object reference
05-30 04:25:53.657 E/VoldConnector( 1887): NDC event {662 /cache -1 -1} took too long: 575ms
05-30 04:25:53.695 E/VoldConnector( 1887): Error handling '662 /data -1 -1': java.lang.NullPointerException: Attempt to invoke virtual method 'void android.os.DropBoxManager.addText(java.lang.String, java.lang.String)' on a null object reference
05-30 04:25:53.697 E/VoldConnector( 1887): NDC event {662 /data -1 -1} processed too late: 562ms
05-30 04:25:53.771 I/SystemServer( 1887): StartNetworkScoreService
05-30 04:25:53.823 I/SystemServer( 1887): StartNetworkStatsService
05-30 04:25:54.053 I/SystemServer( 1887): StartNetworkPolicyManagerService
05-30 04:25:54.145 I/SystemServer( 1887): No Wi-Fi NAN Service (NAN support Not Present)
05-30 04:25:54.427 W/art     ( 1887): Verification of void com.android.server.wifi.p2p.WifiP2pService.<init>(android.content.Context) took 212.853ms
05-30 04:25:54.444 I/SystemServiceManager( 1887): Starting com.android.server.wifi.p2p.WifiP2pService
05-30 04:25:54.772 I/WifiP2pService( 1887): Registering wifip2p
05-30 04:25:54.778 I/SystemServiceManager( 1887): Starting com.android.server.wifi.WifiService
05-30 04:25:54.882 I/UsageStatsService( 1887): User[0] Rollover scheduled @ 2020-02-27 08:12:24(1582791144326)
05-30 04:25:55.135 I/UsageStatsService( 1887): User[0] Rolling over usage stats
05-30 04:25:55.135 I/UsageStatsService( 1887): User[0] Flushing usage stats to disk
05-30 04:25:55.541 W/art     ( 1887): Suspending all threads took: 27.142ms
05-30 04:25:55.746 I/art     ( 1887): Background sticky concurrent mark sweep GC freed 34261(2MB) AllocSpace objects, 17(340KB) LOS objects, 26% free, 8MB/11MB, paused 32.600ms total 519.792ms
05-30 04:25:56.134 W/art     ( 1887): Verification of void com.android.server.wifi.WifiConfigManager.<init>(android.content.Context, com.android.server.wifi.WifiNative, com.android.server.wifi.FrameworkFacade, com.android.server.wifi.Clock, android.os.UserManager, android.security.KeyStore) took 296.685ms
05-30 04:25:56.375 D/HS20    ( 1887): Passpoint is disabled
05-30 04:25:56.813 D/CommandListener( 1341): Clearing all IP addresses on wlan0
05-30 04:25:56.931 E/WifiLogger( 1887): no ring buffers found
05-30 04:25:56.932 E/WifiLogger( 1887): Failed to start packet fate monitoring
05-30 04:25:56.973 D/WifiApConfigStore( 1887): 2G band allowed channels are:1,6,11
05-30 04:25:57.090 D/WifiController( 1887): isAirplaneModeOn = true, isWifiEnabled = false, isScanningAvailable = false
05-30 04:25:57.099 I/WifiService( 1887): Registering wifi
05-30 04:25:57.153 I/SystemServiceManager( 1887): Starting com.android.server.wifi.scanner.WifiScanningService
05-30 04:25:57.153 I/WifiScanningService( 1887): Creating wifiscanner
05-30 04:25:57.172 I/WifiScanningService( 1887): Publishing wifiscanner
05-30 04:25:57.182 I/SystemServiceManager( 1887): Starting com.android.server.wifi.RttService
05-30 04:25:57.192 I/RttService( 1887): Creating rttmanager
05-30 04:25:57.196 I/RttService( 1887): Starting rttmanager
05-30 04:25:57.224 I/SystemServer( 1887): StartConnectivityService
05-30 04:25:57.291 D/ConnectivityService( 1887): ConnectivityService starting up
05-30 04:25:57.356 D/ConnectivityService( 1887): wifiOnly=false
05-30 04:25:57.575 I/SystemServer( 1887): StartNsdService
05-30 04:25:57.624 I/SystemServer( 1887): StartUpdateLockService
05-30 04:25:57.662 I/SystemServiceManager( 1887): Starting com.android.server.RecoverySystemService
05-30 04:25:57.678 I/SystemServiceManager( 1887): Starting com.android.server.notification.NotificationManagerService
05-30 04:25:57.955 D/ConditionProviders.SCP( 1887): new ScheduleConditionProvider()
05-30 04:25:58.029 D/ZenLog  ( 1887): config: readXml,ZenModeConfig[user=0,allowCalls=true,allowRepeatCallers=false,allowMessages=false,allowCallsFrom=contacts,allowMessagesFrom=contacts,allowReminders=true,allowEvents=true,allowWhenScreenOff=true,allowWhenScreenOn=true,automaticRules={55791e34e80a438d872f3ee0d75d2aff=ZenRule[enabled=false,snoozing=false,name=Weeknight,zenMode=ZEN_MODE_ALARMS,conditionId=condition://android/schedule?days=1.2.3.4.5&start=22.0&end=7.0&exitAtAlarm=false,condition=Condition[id=condition://android/schedule?days=1.2.3.4.5&start=22.0&end=7.0&exitAtAlarm=false,summary=...,line1=...,line2=...,icon=0,state=STATE_FALSE,flags=2],component=ComponentInfo{android/com.android.server.notification.ScheduleConditionProvider},id=55791e34e80a438d872f3ee0d75d2aff,creationTime=1574383122597,enabler=null], f3f3db1d05034b449d11e2dd0fddc917=ZenRule[enabled=false,snoozing=false,name=Weekend,zenMode=ZEN_MODE_ALARMS,conditionId=condition://android/schedule?days=6.7&start=23.30&end=10.0&exitAtAlarm=false,condition=Condition[id=condition://android/schedule?days=6.7&start=23.30&end=10.0&exitAtAlarm=false,summary=...,line1=...,line2=...,icon=0,state=STATE_FALSE,flags=2],component=ComponentInfo{android/com.android.server.notification.ScheduleConditionProvider},id=f3f3db1d05034b449d11e2dd0fddc917,creationTime=1574383122598,enabler=null], a952894dbb2144c8bc7bbcd244ed361b=ZenRule[enabled=false,snoozing=false,name=Event,zenMode=ZEN_MODE_ALARMS,conditionId=condition://android/event?userId=-10000&calendar=&reply=1,condition=Condition[id=condition://android/event?userId=-10000&calendar=&reply=1,summary=...,line1=...,line2=...,icon=0,state=STATE_FALSE,flags=2],component=ComponentInfo{android/com.android.server.notification.EventConditionProvider},id=a952894dbb2144c8bc7bbcd244ed361b,creationTime=1574383122610,enabler=null]},manualRule=null],Diff[automaticRule[747f7ae74aa7452bb3ac70c9680a5ed7]:delete,automaticRule[55791e34e80a438d872f3ee0d75d2aff]:insert,automaticRule[c8e8c3f229734f79b031ec610c4fb041]:delete,automaticRule[1595ecbbf0b24fcfa3b82ff5787b9cf3]:delete,automaticRule[f3f3db1d05034b449d11e2dd0fddc917]:insert,automaticRule[a952894dbb2144c8bc7bbcd244ed361b]:insert]
05-30 04:25:58.309 D/ZenLog  ( 1887): set_zen_mode: off,init
05-30 04:25:58.413 I/SystemServiceManager( 1887): Starting com.android.server.storage.DeviceStorageMonitorService
05-30 04:25:58.463 I/SystemServer( 1887): StartLocationManagerService
05-30 04:25:58.532 I/SystemServer( 1887): StartCountryDetectorService
05-30 04:25:58.544 I/SystemServer( 1887): StartSearchManagerService
05-30 04:25:58.545 I/SystemServiceManager( 1887): Starting com.android.server.search.SearchManagerService$Lifecycle
05-30 04:25:58.594 I/SystemServiceManager( 1887): Starting com.android.server.DropBoxManagerService
05-30 04:25:58.632 I/SystemServer( 1887): StartWallpaperManagerService
05-30 04:25:58.633 I/SystemServiceManager( 1887): Starting com.android.server.wallpaper.WallpaperManagerService$Lifecycle
05-30 04:25:58.656 E/BitmapFactory( 1887): Unable to decode stream: java.io.FileNotFoundException: /data/system/users/0/wallpaper_orig (No such file or directory)
05-30 04:25:58.656 E/WallpaperManagerService( 1887): Invalid wallpaper data
05-30 04:25:58.656 E/WallpaperManagerService( 1887): Unable to apply new wallpaper
05-30 04:25:58.679 I/SystemServer( 1887): StartAudioService
05-30 04:25:58.690 I/SystemServiceManager( 1887): Starting com.android.server.audio.AudioService$Lifecycle
05-30 04:25:58.840 W/TelecomManager( 1887): Telecom Service not found.
05-30 04:25:58.924 D/PermissionCache( 1331): checking android.permission.MODIFY_AUDIO_SETTINGS for uid=1000 => granted (8921 us)
05-30 04:25:59.023 W/AudioFlinger( 1331): no wake lock to update, system not ready yet
05-30 04:25:59.441 I/SystemServiceManager( 1887): Starting com.android.server.DockObserver
05-30 04:25:59.445 W/DockObserver( 1887): This kernel does not have dock station support
05-30 04:25:59.463 I/SystemServer( 1887): StartWiredAccessoryManager
05-30 04:25:59.515 W/WiredAccessoryManager( 1887): This kernel does not have usb audio support
05-30 04:25:59.515 W/WiredAccessoryManager( 1887): This kernel does not have HDMI audio support
05-30 04:25:59.516 I/SystemServiceManager( 1887): Starting com.android.server.midi.MidiService$Lifecycle
05-30 04:25:59.532 I/SystemServiceManager( 1887): Starting com.android.server.usb.UsbService$Lifecycle
05-30 04:25:59.681 I/SystemServer( 1887): StartSerialService
05-30 04:25:59.694 E/HardwarePropertiesManagerService-JNI( 1887): Couldn't load thermal module (No such file or directory)
05-30 04:25:59.697 I/SystemServiceManager( 1887): Starting com.android.server.twilight.TwilightService
05-30 04:25:59.711 I/SystemServiceManager( 1887): Starting com.android.server.job.JobSchedulerService
05-30 04:26:00.236 I/UsageStatsService( 1887): User[0] Rollover scheduled @ 2020-05-31 04:25:51(1590899151265)
05-30 04:26:00.236 I/UsageStatsService( 1887): User[0] Rolling over usage stats complete. Took 5102 milliseconds
05-30 04:26:00.261 W/ProcessCpuTracker( 1887): Skipping unknown process pid 2140
05-30 04:26:00.292 W/art     ( 1887): Long monitor contention with owner android.bg (1937) at boolean java.io.UnixFileSystem.delete0(java.io.File)(UnixFileSystem.java:-2) waiters=0 in void com.android.server.usage.UsageStatsService.addListener(android.app.usage.UsageStatsManagerInternal$AppIdleStateChangeListener) for 418ms
05-30 04:26:00.327 I/SystemServiceManager( 1887): Starting com.android.server.soundtrigger.SoundTriggerService
05-30 04:26:00.364 I/SystemServiceManager( 1887): Starting com.android.server.backup.BackupManagerService$Lifecycle
05-30 04:26:00.390 I/SystemServiceManager( 1887): Starting com.android.server.appwidget.AppWidgetService
05-30 04:26:00.479 I/SystemServiceManager( 1887): Starting com.android.server.voiceinteraction.VoiceInteractionManagerService
05-30 04:26:00.499 I/SystemServer( 1887): Gesture Launcher Service
05-30 04:26:00.499 I/SystemServiceManager( 1887): Starting com.android.server.GestureLauncherService
05-30 04:26:00.500 I/SystemServiceManager( 1887): Starting com.android.server.SensorNotificationService
05-30 04:26:00.501 I/SystemServiceManager( 1887): Starting com.android.server.ContextHubSystemService
05-30 04:26:00.532 E/ContextHubService( 1887): ** Could not load context_hub module : err No such file or directory
05-30 04:26:00.532 W/ContextHubService( 1887): No Context Hub Module present
05-30 04:26:00.533 I/SystemServer( 1887): StartDiskStatsService
05-30 04:26:00.544 I/SystemServer( 1887): StartSamplingProfilerService
05-30 04:26:00.605 I/SystemServer( 1887): StartNetworkTimeUpdateService
05-30 04:26:00.623 I/SystemServer( 1887): StartCommonTimeManagementService
05-30 04:26:00.641 I/SystemServer( 1887): CertBlacklister
05-30 04:26:00.647 I/SystemServiceManager( 1887): Starting com.android.server.emergency.EmergencyAffordanceService
05-30 04:26:00.692 I/SystemServiceManager( 1887): Starting com.android.server.dreams.DreamManagerService
05-30 04:26:00.741 I/SystemServer( 1887): StartAssetAtlasService
05-30 04:26:00.846 I/SystemServiceManager( 1887): Starting com.android.server.print.PrintManagerService
05-30 04:26:00.904 D/AssetAtlas( 1887): Loaded configuration: SliceMinArea (1280x896) flags=0x2 count=91
05-30 04:26:01.009 I/SystemServiceManager( 1887): Starting com.android.server.restrictions.RestrictionsManagerService
05-30 04:26:01.052 I/SystemServiceManager( 1887): Starting com.android.server.media.MediaSessionService
05-30 04:26:01.159 I/SystemServer( 1887): StartMediaRouterService
05-30 04:26:01.208 D/gralloc_ranchu( 1887): Emulator without host-side GPU emulation detected. Loading gralloc.default.so from /vendor/lib64/hw/gralloc.goldfish.default.so...
05-30 04:26:01.251 I/SystemServiceManager( 1887): Starting com.android.server.trust.TrustManagerService
05-30 04:26:01.288 I/SystemServiceManager( 1887): Starting com.android.server.fingerprint.FingerprintService
05-30 04:26:01.304 D/gralloc_ranchu( 1887): gralloc.default.so not found in /vendor. Trying /system/lib64/hw/gralloc.goldfish.default.so...
05-30 04:26:01.483 D/PermissionCache( 1346): checking android.permission.MANAGE_FINGERPRINT for uid=1000 => granted (5596 us)
05-30 04:26:01.561 V/fingerprintd( 1346): nativeOpenHal()
05-30 04:26:01.623 D/FingerprintHal( 1346): ----------------> fingerprint_open ----------------->
05-30 04:26:01.626 E/fingerprintd( 1346): Wrong fp version. Expected 512, got 513
05-30 04:26:01.626 D/FingerprintHal( 1346): ----------------> set_notify_callback ----------------->
05-30 04:26:01.626 D/FingerprintHal( 1346): fingerprint callback notification set
05-30 04:26:01.626 V/fingerprintd( 1346): fingerprint HAL successfully initialized
05-30 04:26:01.658 D/FingerprintHal( 1346): ----------------> listenerFunction ----------------->
05-30 04:26:01.732 V/fingerprintd( 1346): setActiveGroup(0, /data/system/users/0/fpdata, 27)
05-30 04:26:01.732 D/FingerprintHal( 1346): ----------------> fingerprint_set_active_group -----------------> path /data/system/users/0/fpdata
05-30 04:26:01.733 D/FingerprintHal( 1346): ----------------> loadFingerprints ----------------->
05-30 04:26:01.733 E/FingerprintHal( 1346): Could not load fingerprints from storage at /data/system/users/0/fpdata/emufp.bin; it has not yet been created.
05-30 04:26:01.734 D/FingerprintHal( 1346): ----------------> loadAuthenticatorId ----------------->
05-30 04:26:01.740 D/FingerprintHal( 1346): Read authenticator id (0x6b8b4567327b23c6)
05-30 04:26:01.742 D/FingerprintHal( 1346): ----------------> fingerprint_get_auth_id ----------------->
05-30 04:26:01.742 D/FingerprintHal( 1346): ----------------> fingerprint_get_auth_id auth id 6b8b4567327b23c6----------------->
05-30 04:26:01.743 V/FingerprintService( 1887): Fingerprint HAL id: 134671489089536
05-30 04:26:01.746 I/SystemServer( 1887): StartBackgroundDexOptService
05-30 04:26:01.823 I/SystemServiceManager( 1887): Starting com.android.server.pm.ShortcutService$Lifecycle
05-30 04:26:01.886 I/SystemServiceManager( 1887): Starting com.android.server.pm.LauncherAppsService
05-30 04:26:01.906 I/SystemServiceManager( 1887): Starting com.android.server.media.projection.MediaProjectionManagerService
05-30 04:26:01.947 V/MediaRouter( 1887): Adding route: RouteInfo{ name=Phone, description=null, status=null, category=RouteCategory{ name=null types=ROUTE_TYPE_LIVE_AUDIO ROUTE_TYPE_LIVE_VIDEO  groupable=false }, supportedTypes=ROUTE_TYPE_LIVE_AUDIO ROUTE_TYPE_LIVE_VIDEO , presentationDisplay=null }
05-30 04:26:01.991 V/MediaRouter( 1887): Updating audio routes: AudioRoutesInfo{ type=SPEAKER }
05-30 04:26:02.029 V/MediaRouter( 1887): Selecting route: RouteInfo{ name=Phone, description=null, status=null, category=RouteCategory{ name=null types=ROUTE_TYPE_LIVE_AUDIO ROUTE_TYPE_LIVE_VIDEO  groupable=false }, supportedTypes=ROUTE_TYPE_LIVE_AUDIO ROUTE_TYPE_LIVE_VIDEO , presentationDisplay=null }
05-30 04:26:02.073 I/WindowManager( 1887): SAFE MODE not enabled
05-30 04:26:02.074 I/SystemServiceManager( 1887): Starting com.android.server.MmsServiceBroker
05-30 04:26:02.108 W/VibratorService( 1887): Tried to stop vibrating but there is no vibrator device.
05-30 04:26:02.286 W/AssetAtlasService( 1887): Could not find EGL configuration
05-30 04:26:02.352 D/AssetAtlas( 1887): Rendered atlas in 615.82ms (612.00+3.82ms)
05-30 04:26:02.371 I/art     ( 1887): Background partial concurrent mark sweep GC freed 22417(1658KB) AllocSpace objects, 11(220KB) LOS objects, 23% free, 12MB/16MB, paused 4.619ms total 809.962ms
05-30 04:26:02.931 E/LockSettingsStorage( 1887): Cannot read file java.io.FileNotFoundException: /data/system/gatekeeper.password.key: open failed: ENOENT (No such file or directory)
05-30 04:26:02.933 E/LockSettingsStorage( 1887): Cannot read file java.io.FileNotFoundException: /data/system/password.key: open failed: ENOENT (No such file or directory)
05-30 04:26:02.935 E/LockSettingsStorage( 1887): Cannot read file java.io.FileNotFoundException: /data/system/gatekeeper.pattern.key: open failed: ENOENT (No such file or directory)
05-30 04:26:02.937 E/LockSettingsStorage( 1887): Cannot read file java.io.FileNotFoundException: /data/system/gatekeeper.gesture.key: open failed: ENOENT (No such file or directory)
05-30 04:26:02.939 E/LockSettingsStorage( 1887): Cannot read file java.io.FileNotFoundException: /data/system/gesture.key: open failed: ENOENT (No such file or directory)
05-30 04:26:02.939 I/SystemServiceManager( 1887): Starting phase 480
05-30 04:26:03.061 I/DevicePolicyManagerService( 1887): Set ro.device_owner property to false
05-30 04:26:03.215 I/SystemServiceManager( 1887): Starting phase 500
05-30 04:26:03.353 D/ConnectivityMetricsLoggerService( 1887): onBootPhase: PHASE_SYSTEM_SERVICES_READY
05-30 04:26:03.501 I/WifiService( 1887): WifiService starting up with Wi-Fi disabled
05-30 04:26:03.542 I/WifiScanningService( 1887): Starting wifiscanner
05-30 04:26:03.610 I/RttService( 1887): Registering rttmanager
05-30 04:26:03.660 D/ZenLog  ( 1887): config: cleanUpZenRules,ZenModeConfig[user=0,allowCalls=true,allowRepeatCallers=false,allowMessages=false,allowCallsFrom=contacts,allowMessagesFrom=contacts,allowReminders=true,allowEvents=true,allowWhenScreenOff=true,allowWhenScreenOn=true,automaticRules={55791e34e80a438d872f3ee0d75d2aff=ZenRule[enabled=false,snoozing=false,name=Weeknight,zenMode=ZEN_MODE_ALARMS,conditionId=condition://android/schedule?days=1.2.3.4.5&start=22.0&end=7.0&exitAtAlarm=false,condition=Condition[id=condition://android/schedule?days=1.2.3.4.5&start=22.0&end=7.0&exitAtAlarm=false,summary=...,line1=...,line2=...,icon=0,state=STATE_FALSE,flags=2],component=ComponentInfo{android/com.android.server.notification.ScheduleConditionProvider},id=55791e34e80a438d872f3ee0d75d2aff,creationTime=1574383122597,enabler=null], f3f3db1d05034b449d11e2dd0fddc917=ZenRule[enabled=false,snoozing=false,name=Weekend,zenMode=ZEN_MODE_ALARMS,conditionId=condition://android/schedule?days=6.7&start=23.30&end=10.0&exitAtAlarm=false,condition=Condition[id=condition://android/schedule?days=6.7&start=23.30&end=10.0&exitAtAlarm=false,summary=...,line1=...,line2=...,icon=0,state=STATE_FALSE,flags=2],component=ComponentInfo{android/com.android.server.notification.ScheduleConditionProvider},id=f3f3db1d05034b449d11e2dd0fddc917,creationTime=1574383122598,enabler=null], a952894dbb2144c8bc7bbcd244ed361b=ZenRule[enabled=false,snoozing=false,name=Event,zenMode=ZEN_MODE_ALARMS,conditionId=condition://android/event?userId=-10000&calendar=&reply=1,condition=Condition[id=condition://android/event?userId=-10000&calendar=&reply=1,summary=...,line1=...,line2=...,icon=0,state=STATE_FALSE,flags=2],component=ComponentInfo{android/com.android.server.notification.EventConditionProvider},id=a952894dbb2144c8bc7bbcd244ed361b,creationTime=1574383122610,enabler=null]},manualRule=null],Diff[]
05-30 04:26:03.701 D/ZenLog  ( 1887): set_zen_mode: off,onSystemReady
05-30 04:26:03.726 D/PermissionCache( 1331): checking android.permission.CAPTURE_AUDIO_HOTWORD for uid=1000 => granted (999 us)
05-30 04:26:03.728 W/SoundTriggerHelper( 1887): listModules status=0, # of modules=0
05-30 04:26:03.729 D/ContextHubSystemService( 1887): onBootPhase: PHASE_SYSTEM_SERVICES_READY
05-30 04:26:04.437 W/KeyguardServiceDelegate( 1887): onScreenTurningOn(): no keyguard service!
05-30 04:26:04.463 V/UserManagerService( 1887): Found /data/user_de/0 with serial number 0
05-30 04:26:04.464 V/UserManagerService( 1887): Found /data/user/0 with serial number 0
05-30 04:26:04.465 V/UserManagerService( 1887): Found /data/system_de/0 with serial number 0
05-30 04:26:04.466 V/UserManagerService( 1887): Found /data/system_ce/0 with serial number 0
05-30 04:26:05.357 I/ActivityManager( 1887): System now ready
05-30 04:26:05.441 W/WindowManager( 1887): Keyguard drawn timeout. Setting mKeyguardDrawComplete
05-30 04:26:05.659 I/SystemServer( 1887): Making services ready
05-30 04:26:05.757 I/SystemServiceManager( 1887): Starting phase 550
05-30 04:26:05.771 W/art     ( 1887): Long monitor contention with owner main (1887) at void com.android.server.am.ActivityManagerService.retrieveSettings()(ActivityManagerService.java:13214) waiters=0 in void com.android.server.am.TaskPersister$LazyTaskWriterThread.run() for 266ms
05-30 04:26:06.186 E/InputMethodManagerService( 1887): Ignoring updateSystemUiLocked due to an invalid token. uid:1000 token:null
05-30 04:26:06.925 I/Zygote  ( 1887): Process: zygote socket opened, supported ABIS: x86_64
05-30 04:26:07.057 W/ActivityManager( 1887): Slow operation: 215ms so far, now at startProcess: returned from zygote!
05-30 04:26:07.057 W/ActivityManager( 1887): Slow operation: 216ms so far, now at startProcess: done updating battery stats
05-30 04:26:07.059 W/ActivityManager( 1887): Slow operation: 218ms so far, now at startProcess: building log message
05-30 04:26:07.059 I/ActivityManager( 1887): Start proc 2163:com.android.inputmethod.latin/u0a41 for service com.android.inputmethod.latin/.LatinIME
05-30 04:26:07.073 W/ActivityManager( 1887): Slow operation: 232ms so far, now at startProcess: starting to update pids map
05-30 04:26:07.074 W/ActivityManager( 1887): Slow operation: 233ms so far, now at startProcess: done updating pids map
05-30 04:26:07.074 W/ActivityManager( 1887): Slow operation: 235ms so far, now at startProcess: done starting proc!
05-30 04:26:07.075 W/art     ( 1887): Long monitor contention with owner main (1887) at int com.android.server.am.ActivityManagerService.bindService(android.app.IApplicationThread, android.os.IBinder, android.content.Intent, java.lang.String, android.app.IServiceConnection, int, java.lang.String, int)(ActivityManagerService.java:17301) waiters=0 in void com.android.server.am.ActivityManagerService.dispatchUidsChanged() for 234ms
05-30 04:26:07.077 V/InputMethodManagerService( 1887): Adding window token: android.os.Binder@2d5ade1
05-30 04:26:07.081 D/MountService( 1887): Thinking about init, mSystemReady=true, mDaemonConnected=true
05-30 04:26:07.081 D/MountService( 1887): Setting up emulation state, initlocked=false
05-30 04:26:07.083 D/CryptdConnector( 1887): SND -> {2 cryptfs unlock_user_key 0 0 ! !}
05-30 04:26:07.107 D/vold    ( 1281): e4crypt_unlock_user_key 0 serial=0 token_present=0
05-30 04:26:07.117 E/BitmapFactory( 1887): Unable to decode stream: java.io.FileNotFoundException: /data/system/users/0/wallpaper_orig (No such file or directory)
05-30 04:26:07.117 E/WallpaperManagerService( 1887): Invalid wallpaper data
05-30 04:26:07.117 E/WallpaperManagerService( 1887): Unable to apply new wallpaper
05-30 04:26:07.182 D/CryptdConnector( 1887): RCV <- {200 2 Command succeeded}
05-30 04:26:07.185 D/MountService( 1887): Thinking about reset, mSystemReady=true, mDaemonConnected=true
05-30 04:26:07.188 D/VoldConnector( 1887): SND -> {4 volume reset}
05-30 04:26:07.213 W/ActivityManager( 1887): Slow operation: 77ms so far, now at startProcess: done creating new process record
05-30 04:26:07.213 W/ActivityManager( 1887): Slow operation: 77ms so far, now at startProcess: stepping in to startProcess
05-30 04:26:07.230 D/VoldConnector( 1887): RCV <- {651 emulated 7}
05-30 04:26:07.301 D/VoldConnector( 1887): RCV <- {659 emulated}
05-30 04:26:07.304 W/ActivityManager( 1887): Slow operation: 91ms so far, now at startProcess: returned from zygote!
05-30 04:26:07.304 W/ActivityManager( 1887): Slow operation: 91ms so far, now at startProcess: done updating battery stats
05-30 04:26:07.305 W/ActivityManager( 1887): Slow operation: 92ms so far, now at startProcess: building log message
05-30 04:26:07.305 I/ActivityManager( 1887): Start proc 2168:com.android.systemui/u0a21 for service com.android.systemui/.ImageWallpaper
05-30 04:26:07.305 W/ActivityManager( 1887): Slow operation: 92ms so far, now at startProcess: starting to update pids map
05-30 04:26:07.305 W/ActivityManager( 1887): Slow operation: 92ms so far, now at startProcess: done updating pids map
05-30 04:26:07.305 W/ActivityManager( 1887): Slow operation: 169ms so far, now at startProcess: done starting proc!
05-30 04:26:07.309 I/ActivityManager( 1887): Force stopping com.android.providers.media appid=10010 user=-1: vold reset
05-30 04:26:07.342 D/VoldConnector( 1887): RCV <- {650 emulated 2 "" ""}
05-30 04:26:07.343 D/VoldConnector( 1887): RCV <- {651 emulated 0}
05-30 04:26:07.344 D/VoldConnector( 1887): RCV <- {649 disk:253,48}
05-30 04:26:07.345 D/VoldConnector( 1887): RCV <- {640 disk:253,48 5}
05-30 04:26:07.373 D/vold    ( 1281): Recognized experimental block major ID 253 as virtio-blk (emulator's virtual SD card device)
05-30 04:26:07.375 V/vold    ( 1281): /system/bin/sgdisk
05-30 04:26:07.375 V/vold    ( 1281):     --android-dump
05-30 04:26:07.375 V/vold    ( 1281):     /dev/block/vold/disk:253,48
05-30 04:26:07.377 D/VoldConnector( 1887): RCV <- {641 disk:253,48 524288000}
05-30 04:26:07.379 D/VoldConnector( 1887): RCV <- {642 disk:253,48 Virtual}
05-30 04:26:07.384 D/UsbAlsaManager( 1887): Adding ALSA device AlsaDevice: [card: 0, device: 0, type: 1]
05-30 04:26:07.385 D/UsbAlsaManager( 1887): Adding ALSA device AlsaDevice: [card: 0, device: 0, type: 2]
05-30 04:26:07.400 E/BluetoothAdapter( 1887): Bluetooth binder is null
05-30 04:26:07.421 I/SystemServer( 1887): WebViewFactory preparation
05-30 04:26:07.436 D/VoldConnector( 1887): RCV <- {644 disk:253,48 /sys//devices/pci0000:00/0000:00:06.0/virtio3/block/vdd}
05-30 04:26:07.443 W/art     ( 2168): Unexpected CPU variant for X86 using defaults: x86_64
05-30 04:26:07.479 V/MountService( 1887): Found primary storage at VolumeInfo{emulated}:
05-30 04:26:07.479 V/MountService( 1887):     type=EMULATED diskId=null partGuid=null mountFlags=0 mountUserId=-1 
05-30 04:26:07.479 V/MountService( 1887):     state=UNMOUNTED 
05-30 04:26:07.479 V/MountService( 1887):     fsType=null fsUuid=null fsLabel=null 
05-30 04:26:07.479 V/MountService( 1887):     path=null internalPath=null 
05-30 04:26:07.486 W/art     ( 2163): Unexpected CPU variant for X86 using defaults: x86_64
05-30 04:26:07.488 E/BluetoothAdapter( 1887): Bluetooth binder is null
05-30 04:26:07.557 I/AudioFlinger( 1331): systemReady
05-30 04:26:07.587 D/WebViewFactory( 1887): Setting new address space to 114394000
05-30 04:26:07.828 E/WVMExtractor( 1887): Failed to open libwvm.so: dlopen failed: library "libwvm.so" not found
05-30 04:26:08.142 I/Zygote  ( 1887): Process: zygote socket opened, supported ABIS: x86
05-30 04:26:08.237 I/MediaPlayerService( 1340): MediaPlayerService::getOMX
05-30 04:26:08.311 I/OMXClient( 1340): MuxOMX ctor
05-30 04:26:08.339 I/art     ( 1330): Starting a blocking GC Background
05-30 04:26:08.423 I/MediaPlayerService( 1340): MediaPlayerService::getOMX
05-30 04:26:08.427 I/OMXClient( 1340): MuxOMX ctor
05-30 04:26:08.438 I/OMXMaster( 1337): makeComponentInstance(OMX.google.mp3.decoder) in mediacodec process
05-30 04:26:08.852 I/art     ( 1330): Background concurrent mark sweep GC freed 123(16KB) AllocSpace objects, 0(0B) LOS objects, 39% free, 6MB/10MB, paused 2.748ms total 404.544ms
05-30 04:26:09.038 V/vold    ( 1281): DISK gpt BB9123B5-D349-492B-A02C-70E73BB77C56
05-30 04:26:09.038 V/vold    ( 1281): 
05-30 04:26:09.038 V/vold    ( 1281): PART 1 19A710A2-B3CA-11E4-B026-10604B889DCF EED9717C-D445-490C-8E8D-2D167B319359 android_meta
05-30 04:26:09.038 V/vold    ( 1281): 
05-30 04:26:09.038 V/vold    ( 1281): PART 2 193D1EA4-B3CA-11E4-B075-10604B889DCF 8F368E03-8B01-C40D-EBD0-D1FEEDFE912E android_expand
05-30 04:26:09.038 V/vold    ( 1281): 
05-30 04:26:09.058 E/vold    ( 1281): Failed to load key for GUID 8f368e038b01c40debd0d1feedfe912e: No such file or directory
05-30 04:26:09.060 D/VoldConnector( 1887): RCV <- {643 disk:253,48}
05-30 04:26:09.062 D/VoldConnector( 1887): RCV <- {200 4 Command succeeded}
05-30 04:26:09.064 E/VoldConnector( 1887): NDC Command {4 volume reset} took too long (1876ms)
05-30 04:26:09.066 D/VoldConnector( 1887): SND -> {5 volume user_added 0 0}
05-30 04:26:09.069 D/VoldConnector( 1887): RCV <- {200 5 Command succeeded}
05-30 04:26:10.414 W/ActivityManager( 1887): Slow operation: 2750ms so far, now at startProcess: returned from zygote!
05-30 04:26:10.417 W/ActivityManager( 1887): Slow operation: 2756ms so far, now at startProcess: done updating battery stats
05-30 04:26:10.419 W/ActivityManager( 1887): Slow operation: 2758ms so far, now at startProcess: building log message
05-30 04:26:10.472 I/ActivityManager( 1887): Start proc 2203:WebViewLoader-x86/1037 [android.webkit.WebViewFactory$RelroFileCreator] for 
05-30 04:26:10.472 W/ActivityManager( 1887): Slow operation: 2811ms so far, now at startProcess: starting to update pids map
05-30 04:26:10.473 W/ActivityManager( 1887): Slow operation: 2811ms so far, now at startProcess: done updating pids map
05-30 04:26:10.473 W/ActivityManager( 1887): Slow operation: 2847ms so far, now at startProcess: done starting proc!
05-30 04:26:10.479 W/art     ( 1887): Long monitor contention with owner main (1887) at int com.android.server.am.ActivityManagerService.startIsolatedProcess(java.lang.String, java.lang.String[], java.lang.String, java.lang.String, int, java.lang.Runnable)(ActivityManagerService.java:3509) waiters=0 in void com.android.server.am.ActivityManagerService.dispatchUidsChanged() for 2.813s
05-30 04:26:10.483 I/MediaPlayerService( 1340): MediaPlayerService::getOMX
05-30 04:26:10.503 I/OMXClient( 1340): MuxOMX ctor
05-30 04:26:10.510 I/OMXMaster( 1337): makeComponentInstance(OMX.google.amrnb.decoder) in mediacodec process
05-30 04:26:10.895 W/art     ( 2203): Unexpected CPU variant for X86 using defaults: x86
05-30 04:26:11.056 I/MediaPlayerService( 1340): MediaPlayerService::getOMX
05-30 04:26:11.058 I/OMXClient( 1340): MuxOMX ctor
05-30 04:26:11.059 W/ActivityManager( 1887): Slow operation: 564ms so far, now at startProcess: returned from zygote!
05-30 04:26:11.073 I/OMXMaster( 1337): makeComponentInstance(OMX.google.amrwb.decoder) in mediacodec process
05-30 04:26:11.093 W/ActivityManager( 1887): Slow operation: 598ms so far, now at startProcess: done updating battery stats
05-30 04:26:11.093 W/ActivityManager( 1887): Slow operation: 598ms so far, now at startProcess: building log message
05-30 04:26:11.093 I/ActivityManager( 1887): Start proc 2216:WebViewLoader-x86_64/1037 [android.webkit.WebViewFactory$RelroFileCreator] for 
05-30 04:26:11.093 W/ActivityManager( 1887): Slow operation: 598ms so far, now at startProcess: starting to update pids map
05-30 04:26:11.094 W/ActivityManager( 1887): Slow operation: 598ms so far, now at startProcess: done updating pids map
05-30 04:26:11.094 W/ActivityManager( 1887): Slow operation: 602ms so far, now at startProcess: done starting proc!
05-30 04:26:11.094 W/art     ( 1887): Long monitor contention with owner main (1887) at int com.android.server.am.ActivityManagerService.startIsolatedProcess(java.lang.String, java.lang.String[], java.lang.String, java.lang.String, int, java.lang.Runnable)(ActivityManagerService.java:3509) waiters=1 in void com.android.server.am.ActivityManagerService.attachApplication(android.app.IApplicationThread) for 3.117s
05-30 04:26:11.142 I/MediaPlayerService( 1340): MediaPlayerService::getOMX
05-30 04:26:11.162 I/OMXClient( 1340): MuxOMX ctor
05-30 04:26:11.163 I/OMXMaster( 1337): makeComponentInstance(OMX.google.aac.decoder) in mediacodec process
05-30 04:26:11.223 W/art     ( 2216): Unexpected CPU variant for X86 using defaults: x86_64
05-30 04:26:11.343 W/art     ( 1887): Long monitor contention with owner main (1887) at int com.android.server.am.ActivityManagerService.startIsolatedProcess(java.lang.String, java.lang.String[], java.lang.String, java.lang.String, int, java.lang.Runnable)(ActivityManagerService.java:3509) waiters=2 in void com.android.server.am.ActivityManagerService.attachApplication(android.app.IApplicationThread) for 3.299s
05-30 04:26:11.473 W/art     ( 1887): Long monitor contention with owner main (1887) at int com.android.server.am.ActivityManagerService.startIsolatedProcess(java.lang.String, java.lang.String[], java.lang.String, java.lang.String, int, java.lang.Runnable)(ActivityManagerService.java:3509) waiters=3 in int com.android.server.am.ActivityManagerService.getAppStartMode(int, java.lang.String) for 2.311s
05-30 04:26:11.486 I/MediaPlayerService( 1340): MediaPlayerService::getOMX
05-30 04:26:11.487 I/OMXClient( 1340): MuxOMX ctor
05-30 04:26:11.501 W/art     ( 1887): Long monitor contention with owner main (1887) at int com.android.server.am.ActivityManagerService.startIsolatedProcess(java.lang.String, java.lang.String[], java.lang.String, java.lang.String, int, java.lang.Runnable)(ActivityManagerService.java:3509) waiters=4 in void com.android.server.am.ActivityManagerService$MainHandler.handleMessage(android.os.Message) for 1.654s
05-30 04:26:11.504 W/BroadcastQueue( 1887): Timeout of broadcast BroadcastRecord{204318d u-1 android.intent.action.TIME_TICK} - receiver=android.app.LoadedApk$ReceiverDispatcher$InnerReceiver@ea35249, started 11478ms ago
05-30 04:26:11.505 W/BroadcastQueue( 1887): Receiver during timeout: BroadcastFilter{88ac06f u0 ReceiverList{c12774e 1887 system/1000/u0 local:ea35249}}
05-30 04:26:11.506 W/art     ( 1887): Long monitor contention with owner Binder:1887_1 (1908) at void com.android.server.am.ActivityManagerService.attachApplication(android.app.IApplicationThread)(ActivityManagerService.java:6669) waiters=4 in android.content.ComponentName com.android.server.am.ActivityManagerService.startService(android.app.IApplicationThread, android.content.Intent, java.lang.String, java.lang.String, int) for 394ms
05-30 04:26:11.508 W/art     ( 1887): Long monitor contention with owner main (1887) at int com.android.server.am.ActivityManagerService.startIsolatedProcess(java.lang.String, java.lang.String[], java.lang.String, java.lang.String, int, java.lang.Runnable)(ActivityManagerService.java:3509) waiters=4 in void com.android.server.am.ActivityManagerService.dispatchUidsChanged() for 956ms
05-30 04:26:11.512 D/VoldConnector( 1887): SND -> {6 volume mount emulated 3 -1}
05-30 04:26:11.556 I/OMXMaster( 1337): makeComponentInstance(OMX.google.g711.alaw.decoder) in mediacodec process
05-30 04:26:11.588 D/NetworkManagement( 1887): enabling bandwidth control
05-30 04:26:11.641 D/VoldConnector( 1887): RCV <- {651 emulated 1}
05-30 04:26:11.644 D/VoldConnector( 1887): RCV <- {656 emulated /data/media}
05-30 04:26:11.645 D/VoldConnector( 1887): RCV <- {655 emulated /storage/emulated}
05-30 04:26:11.798 V/vold    ( 1281): Waiting for FUSE to spin up...
05-30 04:26:11.812 V/WebViewFactory( 2216): RelroFileCreator (64bit = true),  32-bit lib: /system/app/webview/webview.apk!/lib/x86/libwebviewchromium.so, 64-bit lib: /system/app/webview/webview.apk!/lib/x86_64/libwebviewchromium.so
05-30 04:26:11.850 V/vold    ( 1281): Waiting for FUSE to spin up...
05-30 04:26:11.902 V/vold    ( 1281): Waiting for FUSE to spin up...
05-30 04:26:11.942 V/WebViewFactory( 2203): RelroFileCreator (64bit = false),  32-bit lib: /system/app/webview/webview.apk!/lib/x86/libwebviewchromium.so, 64-bit lib: /system/app/webview/webview.apk!/lib/x86_64/libwebviewchromium.so
05-30 04:26:11.970 V/vold    ( 1281): Waiting for FUSE to spin up...
05-30 04:26:12.021 V/vold    ( 1281): Waiting for FUSE to spin up...
05-30 04:26:12.111 V/vold    ( 1281): Waiting for FUSE to spin up...
05-30 04:26:12.170 V/vold    ( 1281): Waiting for FUSE to spin up...
05-30 04:26:12.204 W/System  ( 2168): ClassLoader referenced unknown path: /system/priv-app/SystemUI/lib/x86_64
05-30 04:26:12.231 V/vold    ( 1281): Waiting for FUSE to spin up...
05-30 04:26:12.290 V/vold    ( 1281): Waiting for FUSE to spin up...
05-30 04:26:12.350 V/vold    ( 1281): Waiting for FUSE to spin up...
05-30 04:26:12.403 V/vold    ( 1281): Waiting for FUSE to spin up...
05-30 04:26:12.457 V/vold    ( 1281): Waiting for FUSE to spin up...
05-30 04:26:12.508 V/vold    ( 1281): Waiting for FUSE to spin up...
05-30 04:26:12.560 V/vold    ( 1281): Waiting for FUSE to spin up...
05-30 04:26:12.612 V/vold    ( 1281): Waiting for FUSE to spin up...
05-30 04:26:12.635 W/sdcard  ( 2245): Device explicitly disabled sdcardfs
05-30 04:26:12.665 V/vold    ( 1281): Waiting for FUSE to spin up...
05-30 04:26:12.718 V/vold    ( 1281): Waiting for FUSE to spin up...
05-30 04:26:12.770 V/vold    ( 1281): Waiting for FUSE to spin up...
05-30 04:26:12.821 V/vold    ( 1281): Waiting for FUSE to spin up...
05-30 04:26:12.912 V/vold    ( 1281): Waiting for FUSE to spin up...
05-30 04:26:12.964 V/vold    ( 1281): Waiting for FUSE to spin up...
05-30 04:26:13.073 D/VoldConnector( 1887): RCV <- {651 emulated 2}
05-30 04:26:13.136 D/VoldConnector( 1887): RCV <- {200 6 Command succeeded}
05-30 04:26:13.173 E/VoldConnector( 1887): NDC Command {6 volume mount emulated 3 -1} took too long (1661ms)
05-30 04:26:13.932 I/MediaPlayerService( 1340): MediaPlayerService::getOMX
05-30 04:26:13.940 I/OMXClient( 1340): MuxOMX ctor
05-30 04:26:13.946 I/OMXMaster( 1337): makeComponentInstance(OMX.google.g711.mlaw.decoder) in mediacodec process
