--------- beginning of main
06-01 10:04:34.160 W/auditd  ( 1270): type=2000 audit(0.0:1): initialized
06-01 10:04:38.630 I/auditd  ( 1270): type=1403 audit(0.0:2): policy loaded auid=4294967295 ses=4294967295
06-01 10:04:38.640 W/auditd  ( 1270): type=1404 audit(0.0:3): enforcing=1 old_enforcing=0 auid=4294967295 ses=4294967295
06-01 10:04:41.450 W/init    (    1): type=1400 audit(0.0:4): avc: denied { write } for name="tracing_on" dev="debugfs" ino=26 scontext=u:r:init:s0 tcontext=u:object_r:debugfs:s0 tclass=file permissive=0
06-01 10:04:42.962 I/        ( 1279): debuggerd: starting
--------- beginning of system
06-01 10:04:43.251 I/vold    ( 1280): Vold 3.0 (the awakening) firing up
06-01 10:04:43.253 V/vold    ( 1280): Detected support for: ext4 vfat
06-01 10:04:43.515 I/        ( 1278): debuggerd: starting
06-01 10:04:43.596 D/vold    ( 1280): Recognized experimental block major ID 253 as virtio-blk (emulator's virtual SD card device)
06-01 10:04:43.597 V/vold    ( 1280): /system/bin/sgdisk
06-01 10:04:43.597 V/vold    ( 1280):     --android-dump
06-01 10:04:43.597 V/vold    ( 1280):     /dev/block/vold/disk:253,48
06-01 10:04:43.806 D/vold    ( 1280): e4crypt_init_user0
06-01 10:04:43.806 D/vold    ( 1280): e4crypt_prepare_user_storage for volume null, user 0, serial 0, flags 1
06-01 10:04:43.807 D/vold    ( 1280): Preparing: /data/system/users/0
06-01 10:04:43.811 D/vold    ( 1280): Preparing: /data/misc/profiles/cur/0
06-01 10:04:43.821 D/vold    ( 1280): Preparing: /data/misc/profiles/cur/0/foreign-dex
06-01 10:04:43.831 D/vold    ( 1280): Preparing: /data/system_de/0
06-01 10:04:43.833 D/vold    ( 1280): Preparing: /data/misc_de/0
06-01 10:04:43.834 D/vold    ( 1280): Preparing: /data/user_de/0
06-01 10:04:43.835 D/vold    ( 1280): e4crypt_unlock_user_key 0 serial=0 token_present=0
06-01 10:04:43.847 I/vdc     (    1): 200 1281 Command succeeded
06-01 10:04:44.196 V/vold    ( 1280): DISK gpt BB9123B5-D349-492B-A02C-70E73BB77C56
06-01 10:04:44.196 V/vold    ( 1280): 
06-01 10:04:44.196 V/vold    ( 1280): PART 1 19A710A2-B3CA-11E4-B026-10604B889DCF EED9717C-D445-490C-8E8D-2D167B319359 android_meta
06-01 10:04:44.196 V/vold    ( 1280): 
06-01 10:04:44.196 V/vold    ( 1280): PART 2 193D1EA4-B3CA-11E4-B075-10604B889DCF 8F368E03-8B01-C40D-EBD0-D1FEEDFE912E android_expand
06-01 10:04:44.196 V/vold    ( 1280): 
06-01 10:04:44.237 E/vold    ( 1280): Failed to load key for GUID 8f368e038b01c40debd0d1feedfe912e: No such file or directory
06-01 10:04:44.238 I//system/bin/tzdatacheck( 1318): tzdata file /data/misc/zoneinfo/current/tzdata does not exist. No action required.
06-01 10:04:45.000 W/audioserver( 1331): type=1400 audit(0.0:5): avc: denied { getattr } for path="/vendor" dev="rootfs" ino=4008 scontext=u:r:audioserver:s0 tcontext=u:object_r:rootfs:s0 tclass=lnk_file permissive=0
06-01 10:04:45.020 W/cameraserver( 1332): type=1400 audit(0.0:6): avc: denied { getattr } for path="/vendor" dev="rootfs" ino=4008 scontext=u:r:cameraserver:s0 tcontext=u:object_r:rootfs:s0 tclass=lnk_file permissive=0
06-01 10:04:45.380 I/qemu-props( 1322): connected to 'boot-properties' qemud service.
06-01 10:04:45.381 I/qemu-props( 1322): receiving..
06-01 10:04:45.382 I/qemu-props( 1322): received: qemu.cmdline=androidboot.logcat=v:* androidboot.consolepipe=qemu_pipe,pipe:logcat
06-01 10:04:45.390 W/mediacodec( 1336): type=1400 audit(0.0:7): avc: denied { getattr } for path="/vendor" dev="rootfs" ino=4008 scontext=u:r:mediacodec:s0 tcontext=u:object_r:rootfs:s0 tclass=lnk_file permissive=0
06-01 10:04:45.500 W/mediadrmserver( 1337): type=1400 audit(0.0:8): avc: denied { getattr } for path="/vendor" dev="rootfs" ino=4008 scontext=u:r:mediadrmserver:s0 tcontext=u:object_r:rootfs:s0 tclass=lnk_file permissive=0
06-01 10:04:45.634 I/qemu-props( 1322): receiving..
06-01 10:04:45.634 I/qemu-props( 1322): received: qemu.logcat=start
06-01 10:04:45.640 I/lowmemorykiller( 1323): Using in-kernel low memory killer interface
06-01 10:04:45.885 I/qemu-props( 1322): receiving..
06-01 10:04:45.886 I/qemu-props( 1322): received: ro.opengles.version=131072
06-01 10:04:46.140 I/qemu-props( 1322): receiving..
06-01 10:04:46.140 I/qemu-props( 1322): received: qemu.sf.fake_camera=back
06-01 10:04:46.393 I/qemu-props( 1322): receiving..
06-01 10:04:46.393 I/qemu-props( 1322): received: dalvik.vm.heapsize=256m
06-01 10:04:46.523 I/qemu-props( 1322): receiving..
06-01 10:04:46.523 I/qemu-props( 1322): received: qemu.hw.mainkeys=0
06-01 10:04:46.565 I/qemu-props( 1322): receiving..
06-01 10:04:46.566 I/qemu-props( 1322): received: qemu.sf.lcd_density=480
06-01 10:04:46.567 I/qemu-props( 1322): receiving..
06-01 10:04:46.567 I/qemu-props( 1322): received: qemu.timezone=Etc/UTC
06-01 10:04:46.750 I/qemu-props( 1322): receiving..
06-01 10:04:46.751 I/qemu-props( 1322): exiting (8 properties set).
06-01 10:04:47.267 I/        ( 1334): installd firing up
06-01 10:04:47.419 I/gatekeeperd( 1355): Starting gatekeeperd...
06-01 10:04:47.628 I/keystore( 1335): Found keymaster0 module Keymaster OpenSSL HAL, version 2
06-01 10:04:47.629 I/SoftKeymaster( 1335): system/keymaster/soft_keymaster_device.cpp, Line 131: Creating device
06-01 10:04:47.629 D/SoftKeymaster( 1335): system/keymaster/soft_keymaster_device.cpp, Line 132: Device address: 0x758cc263d000
06-01 10:04:47.629 I/keystore( 1335): Keymaster0 module is software-only.  Using SoftKeymasterDevice instead.
06-01 10:04:47.629 I/SoftKeymaster( 1335): system/keymaster/soft_keymaster_device.cpp, Line 131: Creating device
06-01 10:04:47.630 D/SoftKeymaster( 1335): system/keymaster/soft_keymaster_device.cpp, Line 132: Device address: 0x758cc263d400
06-01 10:04:47.865 W/gatekeeperd( 1355): falling back to software GateKeeper
06-01 10:04:48.173 I/perfprofd( 1376): starting Android Wide Profiling daemon
06-01 10:04:48.216 E/perfprofd( 1376): unable to open configuration file /data/data/com.google.android.gms/files/perfprofd.conf
06-01 10:04:48.341 I/perfprofd( 1376): random seed set to 3898913836
06-01 10:04:49.743 I/Netd    ( 1341): Netd 1.0 starting
06-01 10:04:49.754 D/TetherController( 1341): Setting IP forward enable = 0
06-01 10:04:49.955 I/fingerprintd( 1346): Starting fingerprintd
06-01 10:04:51.126 I/SurfaceFlinger( 1325): SurfaceFlinger is starting
06-01 10:04:51.181 I/SurfaceFlinger( 1325): SurfaceFlinger's main thread ready to run. Initializing graphics H/W...
06-01 10:04:51.182 D/libEGL  ( 1325): Emulator without GPU support detected. Fallback to legacy software renderer, qemu.gles is set to 0.
06-01 10:04:51.380 D/libEGL  ( 1325): loaded /system/lib64/egl/libGLES_android.so
06-01 10:04:51.959 I/cameraserver( 1332): ServiceManager: 0xeb8bc020
06-01 10:04:52.192 I/CameraService( 1332): CameraService started (pid=1332)
06-01 10:04:52.193 I/CameraService( 1332): CameraService process starting
06-01 10:04:52.195 W/BatteryNotifier( 1332): batterystats service unavailable!
06-01 10:04:52.196 W/BatteryNotifier( 1332): batterystats service unavailable!
06-01 10:04:52.759 D/gralloc_ranchu( 1325): Emulator without host-side GPU emulation detected. Loading gralloc.default.so from /vendor/lib64/hw/gralloc.goldfish.default.so...
06-01 10:04:52.783 D/gralloc_ranchu( 1325): gralloc.default.so not found in /vendor. Trying /system/lib64/hw/gralloc.goldfish.default.so...
06-01 10:04:52.804 I/gralloc ( 1325): using (fd=11)
06-01 10:04:52.804 I/gralloc ( 1325): id           = 
06-01 10:04:52.804 I/gralloc ( 1325): xres         = 1080 px
06-01 10:04:52.804 I/gralloc ( 1325): yres         = 1920 px
06-01 10:04:52.804 I/gralloc ( 1325): xres_virtual = 1080 px
06-01 10:04:52.804 I/gralloc ( 1325): yres_virtual = 3840 px
06-01 10:04:52.804 I/gralloc ( 1325): bpp          = 16
06-01 10:04:52.804 I/gralloc ( 1325): r            = 11:5
06-01 10:04:52.804 I/gralloc ( 1325): g            =  5:6
06-01 10:04:52.804 I/gralloc ( 1325): b            =  0:5
06-01 10:04:52.806 I/gralloc ( 1325): width        = 166 mm (165.253006 dpi)
06-01 10:04:52.806 I/gralloc ( 1325): height       = 296 mm (164.756760 dpi)
06-01 10:04:52.806 I/gralloc ( 1325): refresh rate = 60.00 Hz
06-01 10:04:52.887 E/SurfaceFlinger( 1325): hwcomposer module not found
06-01 10:04:52.914 W/SurfaceFlinger( 1325): no suitable EGLConfig found, trying a simpler query
06-01 10:04:52.914 W/SurfaceFlinger( 1325): EGL_SLOW_CONFIG selected!
06-01 10:04:52.914 I/SurfaceFlinger( 1325): EGL information:
06-01 10:04:53.940 W/bootanimation( 1482): type=1400 audit(0.0:9): avc: denied { getattr } for path="/vendor" dev="rootfs" ino=4008 scontext=u:r:bootanim:s0 tcontext=u:object_r:rootfs:s0 tclass=lnk_file permissive=0
06-01 10:04:52.914 I/SurfaceFlinger( 1325): vendor    : Android
06-01 10:04:52.914 I/SurfaceFlinger( 1325): version   : 1.4 Android META-EGL
06-01 10:04:52.915 I/SurfaceFlinger( 1325): extensions: EGL_KHR_get_all_proc_addresses EGL_ANDROID_presentation_time EGL_KHR_swap_buffers_with_damage EGL_ANDROID_create_native_client_buffer EGL_ANDROID_front_buffer_auto_refresh EGL_KHR_image_base EGL_KHR_fence_sync EGL_ANDROID_image_native_buffer 
06-01 10:04:52.915 I/SurfaceFlinger( 1325): Client API: OpenGL_ES
06-01 10:04:52.915 I/SurfaceFlinger( 1325): EGLSurface: 5-6-5-0, config=0x0
06-01 10:04:52.918 W/SurfaceFlinger( 1325): no suitable EGLConfig found, trying a simpler query
06-01 10:04:52.918 W/SurfaceFlinger( 1325): EGL_SLOW_CONFIG selected!
06-01 10:04:52.918 I/SurfaceFlinger( 1325): EGL information:
06-01 10:04:52.918 I/SurfaceFlinger( 1325): vendor    : Android
06-01 10:04:52.918 I/SurfaceFlinger( 1325): version   : 1.4 Android META-EGL
06-01 10:04:52.918 I/SurfaceFlinger( 1325): extensions: EGL_KHR_get_all_proc_addresses EGL_ANDROID_presentation_time EGL_KHR_swap_buffers_with_damage EGL_ANDROID_create_native_client_buffer EGL_ANDROID_front_buffer_auto_refresh EGL_KHR_image_base EGL_KHR_fence_sync EGL_ANDROID_image_native_buffer 
06-01 10:04:52.918 I/SurfaceFlinger( 1325): Client API: OpenGL_ES
06-01 10:04:52.918 I/SurfaceFlinger( 1325): EGLSurface: 5-6-5-0, config=0x0
06-01 10:04:52.967 I/SurfaceFlinger( 1325): OpenGL ES informations:
06-01 10:04:52.968 I/SurfaceFlinger( 1325): vendor    : Android
06-01 10:04:52.968 I/SurfaceFlinger( 1325): renderer  : Android PixelFlinger 1.4
06-01 10:04:52.968 I/SurfaceFlinger( 1325): version   : OpenGL ES-CM 1.0
06-01 10:04:52.968 I/SurfaceFlinger( 1325): extensions: GL_EXT_debug_marker GL_OES_byte_coordinates GL_OES_fixed_point GL_OES_single_precision GL_OES_read_format GL_OES_compressed_paletted_texture GL_OES_draw_texture GL_OES_matrix_get GL_OES_query_matrix GL_OES_EGL_image GL_OES_EGL_sync GL_OES_compressed_ETC1_RGB8_texture GL_ARB_texture_compression GL_ARB_texture_non_power_of_two GL_ANDROID_user_clip_plane GL_ANDROID_vertex_buffer_object GL_ANDROID_generate_mipmap 
06-01 10:04:52.968 I/SurfaceFlinger( 1325): GL_MAX_TEXTURE_SIZE = 4096
06-01 10:04:52.968 I/SurfaceFlinger( 1325): GL_MAX_VIEWPORT_DIMS = 4096
06-01 10:04:53.002 W/SurfaceFlinger( 1325): no suitable EGLConfig found, trying a simpler query
06-01 10:04:53.003 W/SurfaceFlinger( 1325): EGL_SLOW_CONFIG selected!
06-01 10:04:53.003 I/SurfaceFlinger( 1325): EGL information:
06-01 10:04:53.003 I/SurfaceFlinger( 1325): vendor    : Android
06-01 10:04:53.003 I/SurfaceFlinger( 1325): version   : 1.4 Android META-EGL
06-01 10:04:53.003 I/SurfaceFlinger( 1325): extensions: EGL_KHR_get_all_proc_addresses EGL_ANDROID_presentation_time EGL_KHR_swap_buffers_with_damage EGL_ANDROID_create_native_client_buffer EGL_ANDROID_front_buffer_auto_refresh EGL_KHR_image_base EGL_KHR_fence_sync EGL_ANDROID_image_native_buffer 
06-01 10:04:53.003 I/SurfaceFlinger( 1325): Client API: OpenGL_ES
06-01 10:04:53.003 I/SurfaceFlinger( 1325): EGLSurface: 5-6-5-0, config=0x0
06-01 10:04:53.043 E/libEGL  ( 1325): called unimplemented OpenGL ES API
06-01 10:04:53.043 E/SurfaceFlinger( 1325): Error while compiling shader: 
06-01 10:04:53.043 E/SurfaceFlinger( 1325): attribute vec4 position;
06-01 10:04:53.043 E/SurfaceFlinger( 1325): uniform mat4 projection;
06-01 10:04:53.043 E/SurfaceFlinger( 1325): uniform mat4 texture;
06-01 10:04:53.043 E/SurfaceFlinger( 1325): void main(void) {
06-01 10:04:53.043 E/SurfaceFlinger( 1325):     gl_Position = projection * position;
06-01 10:04:53.043 E/SurfaceFlinger( 1325): }
06-01 10:04:53.043 E/SurfaceFlinger( 1325): 
06-01 10:04:53.043 E/SurfaceFlinger( 1325): \F6\FF\FF\FF\FF\FF\FF\FF\9FQ\B0\A7\EBr
06-01 10:04:53.043 E/SurfaceFlinger( 1325): Error while compiling shader: 
06-01 10:04:53.043 E/SurfaceFlinger( 1325): precision mediump float;
06-01 10:04:53.043 E/SurfaceFlinger( 1325): uniform vec4 color;
06-01 10:04:53.043 E/SurfaceFlinger( 1325): void main(void) {
06-01 10:04:53.043 E/SurfaceFlinger( 1325):     gl_FragColor = color;
06-01 10:04:53.043 E/SurfaceFlinger( 1325): }
06-01 10:04:53.043 E/SurfaceFlinger( 1325): 
06-01 10:04:53.043 E/SurfaceFlinger( 1325): \F6\FF\FF\FF\FF\FF\FF\FF\9FQ\B0\A7\EBr
06-01 10:04:53.043 E/SurfaceFlinger( 1325): Error while linking shaders:
06-01 10:04:53.044 E/SurfaceFlinger( 1325): Error while compiling shader: 
06-01 10:04:53.044 E/SurfaceFlinger( 1325): attribute vec4 position;
06-01 10:04:53.044 E/SurfaceFlinger( 1325): uniform mat4 projection;
06-01 10:04:53.044 E/SurfaceFlinger( 1325): uniform mat4 texture;
06-01 10:04:53.044 E/SurfaceFlinger( 1325): void main(void) {
06-01 10:04:53.044 E/SurfaceFlinger( 1325):     gl_Position = projection * position;
06-01 10:04:53.044 E/SurfaceFlinger( 1325): }
06-01 10:04:53.044 E/SurfaceFlinger( 1325): 
06-01 10:04:53.044 E/SurfaceFlinger( 1325): \F6\FF\FF\FF\FF\FF\FF\FF\9FQ\B0\A7\EBr
06-01 10:04:53.044 E/SurfaceFlinger( 1325): Error while compiling shader: 
06-01 10:04:53.044 E/SurfaceFlinger( 1325): precision mediump float;
06-01 10:04:53.044 E/SurfaceFlinger( 1325): uniform vec4 color;
06-01 10:04:53.044 E/SurfaceFlinger( 1325): void main(void) {
06-01 10:04:53.044 E/SurfaceFlinger( 1325):     gl_FragColor = color;
06-01 10:04:53.044 E/SurfaceFlinger( 1325): }
06-01 10:04:53.044 E/SurfaceFlinger( 1325): 
06-01 10:04:53.044 E/SurfaceFlinger( 1325): \F6\FF\FF\FF\FF\FF\FF\FF\9FQ\B0\A7\EBr
06-01 10:04:53.044 E/SurfaceFlinger( 1325): Error while linking shaders:
06-01 10:04:53.044 E/SurfaceFlinger( 1325): Error while compiling shader: 
06-01 10:04:53.044 E/SurfaceFlinger( 1325): attribute vec4 position;
06-01 10:04:53.044 E/SurfaceFlinger( 1325): uniform mat4 projection;
06-01 10:04:53.044 E/SurfaceFlinger( 1325): uniform mat4 texture;
06-01 10:04:53.044 E/SurfaceFlinger( 1325): void main(void) {
06-01 10:04:53.044 E/SurfaceFlinger( 1325):     gl_Position = projection * position;
06-01 10:04:53.044 E/SurfaceFlinger( 1325): }
06-01 10:04:53.044 E/SurfaceFlinger( 1325): 
06-01 10:04:53.044 E/SurfaceFlinger( 1325): \F6\FF\FF\FF\FF\FF\FF\FF\9FQ\B0\A7\EBr
06-01 10:04:53.044 E/SurfaceFlinger( 1325): Error while compiling shader: 
06-01 10:04:53.044 E/SurfaceFlinger( 1325): precision mediump float;
06-01 10:04:53.044 E/SurfaceFlinger( 1325): uniform vec4 color;
06-01 10:04:53.044 E/SurfaceFlinger( 1325): void main(void) {
06-01 10:04:53.044 E/SurfaceFlinger( 1325):     gl_FragColor = color;
06-01 10:04:53.044 E/SurfaceFlinger( 1325):     gl_FragColor.a = 1.0;
06-01 10:04:53.044 E/SurfaceFlinger( 1325): }
06-01 10:04:53.044 E/SurfaceFlinger( 1325): 
06-01 10:04:53.044 E/SurfaceFlinger( 1325): \F6\FF\FF\FF\FF\FF\FF\FF\9FQ\B0\A7\EBr
06-01 10:04:53.044 E/SurfaceFlinger( 1325): Error while linking shaders:
06-01 10:04:53.044 E/SurfaceFlinger( 1325): Error while compiling shader: 
06-01 10:04:53.044 E/SurfaceFlinger( 1325): attribute vec4 position;
06-01 10:04:53.044 E/SurfaceFlinger( 1325): uniform mat4 projection;
06-01 10:04:53.044 E/SurfaceFlinger( 1325): uniform mat4 texture;
06-01 10:04:53.044 E/SurfaceFlinger( 1325): void main(void) {
06-01 10:04:53.044 E/SurfaceFlinger( 1325):     gl_Position = projection * position;
06-01 10:04:53.044 E/SurfaceFlinger( 1325): }
06-01 10:04:53.044 E/SurfaceFlinger( 1325): 
06-01 10:04:53.044 E/SurfaceFlinger( 1325): \F6\FF\FF\FF\FF\FF\FF\FF\9FQ\B0\A7\EBr
06-01 10:04:53.044 E/SurfaceFlinger( 1325): Error while compiling shader: 
06-01 10:04:53.044 E/SurfaceFlinger( 1325): precision mediump float;
06-01 10:04:53.044 E/SurfaceFlinger( 1325): uniform vec4 color;
06-01 10:04:53.044 E/SurfaceFlinger( 1325): void main(void) {
06-01 10:04:53.044 E/SurfaceFlinger( 1325):     gl_FragColor = color;
06-01 10:04:53.044 E/SurfaceFlinger( 1325):     gl_FragColor.a = 1.0;
06-01 10:04:53.044 E/SurfaceFlinger( 1325): }
06-01 10:04:53.044 E/SurfaceFlinger( 1325): 
06-01 10:04:53.044 E/SurfaceFlinger( 1325): \F6\FF\FF\FF\FF\FF\FF\FF\9FQ\B0\A7\EBr
06-01 10:04:53.044 E/SurfaceFlinger( 1325): Error while linking shaders:
06-01 10:04:53.044 E/SurfaceFlinger( 1325): Error while compiling shader: 
06-01 10:04:53.044 E/SurfaceFlinger( 1325): attribute vec4 position;
06-01 10:04:53.044 E/SurfaceFlinger( 1325): uniform mat4 projection;
06-01 10:04:53.044 E/SurfaceFlinger( 1325): uniform mat4 texture;
06-01 10:04:53.044 E/SurfaceFlinger( 1325): void main(void) {
06-01 10:04:53.044 E/SurfaceFlinger( 1325):     gl_Position = projection * position;
06-01 10:04:53.044 E/SurfaceFlinger( 1325): }
06-01 10:04:53.044 E/SurfaceFlinger( 1325): 
06-01 10:04:53.044 E/SurfaceFlinger( 1325): \F6\FF\FF\FF\FF\FF\FF\FF\9FQ\B0\A7\EBr
06-01 10:04:53.044 E/SurfaceFlinger( 1325): Error while compiling shader: 
06-01 10:04:53.044 E/SurfaceFlinger( 1325): precision mediump float;
06-01 10:04:53.044 E/SurfaceFlinger( 1325): uniform vec4 color;
06-01 10:04:53.044 E/SurfaceFlinger( 1325): uniform float alphaPlane;
06-01 10:04:53.044 E/SurfaceFlinger( 1325): void main(void) {
06-01 10:04:53.044 E/SurfaceFlinger( 1325):     gl_FragColor = color;
06-01 10:04:53.044 E/SurfaceFlinger( 1325):     gl_FragColor.a *= alphaPlane;
06-01 10:04:53.044 E/SurfaceFlinger( 1325): }
06-01 10:04:53.044 E/SurfaceFlinger( 1325): 
06-01 10:04:53.044 E/SurfaceFlinger( 1325): \F6\FF\FF\FF\FF\FF\FF\FF\9FQ\B0\A7\EBr
06-01 10:04:53.045 E/SurfaceFlinger( 1325): Error while linking shaders:
06-01 10:04:53.045 E/SurfaceFlinger( 1325): Error while compiling shader: 
06-01 10:04:53.045 E/SurfaceFlinger( 1325): attribute vec4 position;
06-01 10:04:53.045 E/SurfaceFlinger( 1325): uniform mat4 projection;
06-01 10:04:53.045 E/SurfaceFlinger( 1325): uniform mat4 texture;
06-01 10:04:53.045 E/SurfaceFlinger( 1325): void main(void) {
06-01 10:04:53.045 E/SurfaceFlinger( 1325):     gl_Position = projection * position;
06-01 10:04:53.045 E/SurfaceFlinger( 1325): }
06-01 10:04:53.045 E/SurfaceFlinger( 1325): 
06-01 10:04:53.045 E/SurfaceFlinger( 1325): \F6\FF\FF\FF\FF\FF\FF\FF\9FQ\B0\A7\EBr
06-01 10:04:53.045 E/SurfaceFlinger( 1325): Error while compiling shader: 
06-01 10:04:53.045 E/SurfaceFlinger( 1325): precision mediump float;
06-01 10:04:53.045 E/SurfaceFlinger( 1325): uniform vec4 color;
06-01 10:04:53.045 E/SurfaceFlinger( 1325): uniform float alphaPlane;
06-01 10:04:53.045 E/SurfaceFlinger( 1325): void main(void) {
06-01 10:04:53.045 E/SurfaceFlinger( 1325):     gl_FragColor = color;
06-01 10:04:53.045 E/SurfaceFlinger( 1325):     gl_FragColor *= alphaPlane;
06-01 10:04:53.045 E/SurfaceFlinger( 1325): }
06-01 10:04:53.045 E/SurfaceFlinger( 1325): 
06-01 10:04:53.045 E/SurfaceFlinger( 1325): \F6\FF\FF\FF\FF\FF\FF\FF\9FQ\B0\A7\EBr
06-01 10:04:53.045 E/SurfaceFlinger( 1325): Error while linking shaders:
06-01 10:04:53.045 E/SurfaceFlinger( 1325): Error while compiling shader: 
06-01 10:04:53.045 E/SurfaceFlinger( 1325): attribute vec4 position;
06-01 10:04:53.045 E/SurfaceFlinger( 1325): uniform mat4 projection;
06-01 10:04:53.045 E/SurfaceFlinger( 1325): uniform mat4 texture;
06-01 10:04:53.045 E/SurfaceFlinger( 1325): void main(void) {
06-01 10:04:53.045 E/SurfaceFlinger( 1325):     gl_Position = projection * position;
06-01 10:04:53.045 E/SurfaceFlinger( 1325): }
06-01 10:04:53.045 E/SurfaceFlinger( 1325): 
06-01 10:04:53.045 E/SurfaceFlinger( 1325): \F6\FF\FF\FF\FF\FF\FF\FF\9FQ\B0\A7\EBr
06-01 10:04:53.045 E/SurfaceFlinger( 1325): Error while compiling shader: 
06-01 10:04:53.045 E/SurfaceFlinger( 1325): precision mediump float;
06-01 10:04:53.045 E/SurfaceFlinger( 1325): uniform vec4 color;
06-01 10:04:53.045 E/SurfaceFlinger( 1325): uniform float alphaPlane;
06-01 10:04:53.045 E/SurfaceFlinger( 1325): void main(void) {
06-01 10:04:53.045 E/SurfaceFlinger( 1325):     gl_FragColor = color;
06-01 10:04:53.045 E/SurfaceFlinger( 1325):     gl_FragColor.a = 1.0;
06-01 10:04:53.045 E/SurfaceFlinger( 1325):     gl_FragColor.a *= alphaPlane;
06-01 10:04:53.045 E/SurfaceFlinger( 1325): }
06-01 10:04:53.045 E/SurfaceFlinger( 1325): 
06-01 10:04:53.045 E/SurfaceFlinger( 1325): \F6\FF\FF\FF\FF\FF\FF\FF\9FQ\B0\A7\EBr
06-01 10:04:53.045 E/SurfaceFlinger( 1325): Error while linking shaders:
06-01 10:04:53.045 E/SurfaceFlinger( 1325): Error while compiling shader: 
06-01 10:04:53.045 E/SurfaceFlinger( 1325): attribute vec4 position;
06-01 10:04:53.045 E/SurfaceFlinger( 1325): uniform mat4 projection;
06-01 10:04:53.045 E/SurfaceFlinger( 1325): uniform mat4 texture;
06-01 10:04:53.045 E/SurfaceFlinger( 1325): void main(void) {
06-01 10:04:53.045 E/SurfaceFlinger( 1325):     gl_Position = projection * position;
06-01 10:04:53.045 E/SurfaceFlinger( 1325): }
06-01 10:04:53.045 E/SurfaceFlinger( 1325): 
06-01 10:04:53.045 E/SurfaceFlinger( 1325): \F6\FF\FF\FF\FF\FF\FF\FF\9FQ\B0\A7\EBr
06-01 10:04:53.045 E/SurfaceFlinger( 1325): Error while compiling shader: 
06-01 10:04:53.045 E/SurfaceFlinger( 1325): precision mediump float;
06-01 10:04:53.045 E/SurfaceFlinger( 1325): uniform vec4 color;
06-01 10:04:53.045 E/SurfaceFlinger( 1325): uniform float alphaPlane;
06-01 10:04:53.045 E/SurfaceFlinger( 1325): void main(void) {
06-01 10:04:53.045 E/SurfaceFlinger( 1325):     gl_FragColor = color;
06-01 10:04:53.045 E/SurfaceFlinger( 1325):     gl_FragColor.a = 1.0;
06-01 10:04:53.045 E/SurfaceFlinger( 1325):     gl_FragColor *= alphaPlane;
06-01 10:04:53.045 E/SurfaceFlinger( 1325): }
06-01 10:04:53.045 E/SurfaceFlinger( 1325): 
06-01 10:04:53.045 E/SurfaceFlinger( 1325): \F6\FF\FF\FF\FF\FF\FF\FF\9FQ\B0\A7\EBr
06-01 10:04:53.045 E/SurfaceFlinger( 1325): Error while linking shaders:
06-01 10:04:53.045 E/SurfaceFlinger( 1325): Error while compiling shader: 
06-01 10:04:53.045 E/SurfaceFlinger( 1325): attribute vec4 texCoords;
06-01 10:04:53.045 E/SurfaceFlinger( 1325): varying vec2 outTexCoords;
06-01 10:04:53.045 E/SurfaceFlinger( 1325): attribute vec4 position;
06-01 10:04:53.045 E/SurfaceFlinger( 1325): uniform mat4 projection;
06-01 10:04:53.045 E/SurfaceFlinger( 1325): uniform mat4 texture;
06-01 10:04:53.045 E/SurfaceFlinger( 1325): void main(void) {
06-01 10:04:53.045 E/SurfaceFlinger( 1325):     gl_Position = projection * position;
06-01 10:04:53.045 E/SurfaceFlinger( 1325):     outTexCoords = (texture * texCoords).st;
06-01 10:04:53.045 E/SurfaceFlinger( 1325): }
06-01 10:04:53.045 E/SurfaceFlinger( 1325): 
06-01 10:04:53.045 E/SurfaceFlinger( 1325): \F6\FF\FF\FF\FF\FF\FF\FF\9FQ\B0\A7\EBr
06-01 10:04:53.045 E/SurfaceFlinger( 1325): Error while compiling shader: 
06-01 10:04:53.045 E/SurfaceFlinger( 1325): #extension GL_OES_EGL_image_external : require
06-01 10:04:53.045 E/SurfaceFlinger( 1325): precision mediump float;
06-01 10:04:53.045 E/SurfaceFlinger( 1325): uniform samplerExternalOES sampler;
06-01 10:04:53.045 E/SurfaceFlinger( 1325): varying vec2 outTexCoords;
06-01 10:04:53.045 E/SurfaceFlinger( 1325): void main(void) {
06-01 10:04:53.045 E/SurfaceFlinger( 1325):     gl_FragColor = texture2D(sampler, outTexCoords);
06-01 10:04:53.045 E/SurfaceFlinger( 1325): }
06-01 10:04:53.045 E/SurfaceFlinger( 1325): 
06-01 10:04:53.045 E/SurfaceFlinger( 1325): \F6\FF\FF\FF\FF\FF\FF\FF\9FQ\B0\A7\EBr
06-01 10:04:53.046 E/SurfaceFlinger( 1325): Error while linking shaders:
06-01 10:04:53.046 E/SurfaceFlinger( 1325): Error while compiling shader: 
06-01 10:04:53.046 E/SurfaceFlinger( 1325): attribute vec4 texCoords;
06-01 10:04:53.046 E/SurfaceFlinger( 1325): varying vec2 outTexCoords;
06-01 10:04:53.046 E/SurfaceFlinger( 1325): attribute vec4 position;
06-01 10:04:53.046 E/SurfaceFlinger( 1325): uniform mat4 projection;
06-01 10:04:53.046 E/SurfaceFlinger( 1325): uniform mat4 texture;
06-01 10:04:53.046 E/SurfaceFlinger( 1325): void main(void) {
06-01 10:04:53.046 E/SurfaceFlinger( 1325):     gl_Position = projection * position;
06-01 10:04:53.046 E/SurfaceFlinger( 1325):     outTexCoords = (texture * texCoords).st;
06-01 10:04:53.046 E/SurfaceFlinger( 1325): }
06-01 10:04:53.046 E/SurfaceFlinger( 1325): 
06-01 10:04:53.046 E/SurfaceFlinger( 1325): \F6\FF\FF\FF\FF\FF\FF\FF\9FQ\B0\A7\EBr
06-01 10:04:53.046 E/SurfaceFlinger( 1325): Error while compiling shader: 
06-01 10:04:53.046 E/SurfaceFlinger( 1325): #extension GL_OES_EGL_image_external : require
06-01 10:04:53.046 E/SurfaceFlinger( 1325): precision mediump float;
06-01 10:04:53.046 E/SurfaceFlinger( 1325): uniform samplerExternalOES sampler;
06-01 10:04:53.046 E/SurfaceFlinger( 1325): varying vec2 outTexCoords;
06-01 10:04:53.046 E/SurfaceFlinger( 1325): void main(void) {
06-01 10:04:53.046 E/SurfaceFlinger( 1325):     gl_FragColor = texture2D(sampler, outTexCoords);
06-01 10:04:53.046 E/SurfaceFlinger( 1325): }
06-01 10:04:53.046 E/SurfaceFlinger( 1325): 
06-01 10:04:53.046 E/SurfaceFlinger( 1325): \F6\FF\FF\FF\FF\FF\FF\FF\9FQ\B0\A7\EBr
06-01 10:04:53.046 E/SurfaceFlinger( 1325): Error while linking shaders:
06-01 10:04:53.046 E/SurfaceFlinger( 1325): Error while compiling shader: 
06-01 10:04:53.046 E/SurfaceFlinger( 1325): attribute vec4 texCoords;
06-01 10:04:53.046 E/SurfaceFlinger( 1325): varying vec2 outTexCoords;
06-01 10:04:53.046 E/SurfaceFlinger( 1325): attribute vec4 position;
06-01 10:04:53.046 E/SurfaceFlinger( 1325): uniform mat4 projection;
06-01 10:04:53.046 E/SurfaceFlinger( 1325): uniform mat4 texture;
06-01 10:04:53.046 E/SurfaceFlinger( 1325): void main(void) {
06-01 10:04:53.046 E/SurfaceFlinger( 1325):     gl_Position = projection * position;
06-01 10:04:53.046 E/SurfaceFlinger( 1325):     outTexCoords = (texture * texCoords).st;
06-01 10:04:53.046 E/SurfaceFlinger( 1325): }
06-01 10:04:53.046 E/SurfaceFlinger( 1325): 
06-01 10:04:53.046 E/SurfaceFlinger( 1325): \F6\FF\FF\FF\FF\FF\FF\FF\9FQ\B0\A7\EBr
06-01 10:04:53.046 E/SurfaceFlinger( 1325): Error while compiling shader: 
06-01 10:04:53.046 E/SurfaceFlinger( 1325): #extension GL_OES_EGL_image_external : require
06-01 10:04:53.046 E/SurfaceFlinger( 1325): precision mediump float;
06-01 10:04:53.046 E/SurfaceFlinger( 1325): uniform samplerExternalOES sampler;
06-01 10:04:53.046 E/SurfaceFlinger( 1325): varying vec2 outTexCoords;
06-01 10:04:53.046 E/SurfaceFlinger( 1325): void main(void) {
06-01 10:04:53.046 E/SurfaceFlinger( 1325):     gl_FragColor = texture2D(sampler, outTexCoords);
06-01 10:04:53.046 E/SurfaceFlinger( 1325):     gl_FragColor.a = 1.0;
06-01 10:04:53.046 E/SurfaceFlinger( 1325): }
06-01 10:04:53.046 E/SurfaceFlinger( 1325): 
06-01 10:04:53.046 E/SurfaceFlinger( 1325): \F6\FF\FF\FF\FF\FF\FF\FF\9FQ\B0\A7\EBr
06-01 10:04:53.046 E/SurfaceFlinger( 1325): Error while linking shaders:
06-01 10:04:53.046 E/SurfaceFlinger( 1325): Error while compiling shader: 
06-01 10:04:53.046 E/SurfaceFlinger( 1325): attribute vec4 texCoords;
06-01 10:04:53.046 E/SurfaceFlinger( 1325): varying vec2 outTexCoords;
06-01 10:04:53.046 E/SurfaceFlinger( 1325): attribute vec4 position;
06-01 10:04:53.046 E/SurfaceFlinger( 1325): uniform mat4 projection;
06-01 10:04:53.046 E/SurfaceFlinger( 1325): uniform mat4 texture;
06-01 10:04:53.046 E/SurfaceFlinger( 1325): void main(void) {
06-01 10:04:53.046 E/SurfaceFlinger( 1325):     gl_Position = projection * position;
06-01 10:04:53.046 E/SurfaceFlinger( 1325):     outTexCoords = (texture * texCoords).st;
06-01 10:04:53.046 E/SurfaceFlinger( 1325): }
06-01 10:04:53.046 E/SurfaceFlinger( 1325): 
06-01 10:04:53.046 E/SurfaceFlinger( 1325): \F6\FF\FF\FF\FF\FF\FF\FF\9FQ\B0\A7\EBr
06-01 10:04:53.046 E/SurfaceFlinger( 1325): Error while compiling shader: 
06-01 10:04:53.046 E/SurfaceFlinger( 1325): #extension GL_OES_EGL_image_external : require
06-01 10:04:53.046 E/SurfaceFlinger( 1325): precision mediump float;
06-01 10:04:53.046 E/SurfaceFlinger( 1325): uniform samplerExternalOES sampler;
06-01 10:04:53.046 E/SurfaceFlinger( 1325): varying vec2 outTexCoords;
06-01 10:04:53.046 E/SurfaceFlinger( 1325): void main(void) {
06-01 10:04:53.046 E/SurfaceFlinger( 1325):     gl_FragColor = texture2D(sampler, outTexCoords);
06-01 10:04:53.046 E/SurfaceFlinger( 1325):     gl_FragColor.a = 1.0;
06-01 10:04:53.046 E/SurfaceFlinger( 1325): }
06-01 10:04:53.046 E/SurfaceFlinger( 1325): 
06-01 10:04:53.046 E/SurfaceFlinger( 1325): \F6\FF\FF\FF\FF\FF\FF\FF\9FQ\B0\A7\EBr
06-01 10:04:53.046 E/SurfaceFlinger( 1325): Error while linking shaders:
06-01 10:04:53.046 E/SurfaceFlinger( 1325): Error while compiling shader: 
06-01 10:04:53.046 E/SurfaceFlinger( 1325): attribute vec4 texCoords;
06-01 10:04:53.046 E/SurfaceFlinger( 1325): varying vec2 outTexCoords;
06-01 10:04:53.046 E/SurfaceFlinger( 1325): attribute vec4 position;
06-01 10:04:53.046 E/SurfaceFlinger( 1325): uniform mat4 projection;
06-01 10:04:53.046 E/SurfaceFlinger( 1325): uniform mat4 texture;
06-01 10:04:53.046 E/SurfaceFlinger( 1325): void main(void) {
06-01 10:04:53.046 E/SurfaceFlinger( 1325):     gl_Position = projection * position;
06-01 10:04:53.046 E/SurfaceFlinger( 1325):     outTexCoords = (texture * texCoords).st;
06-01 10:04:53.046 E/SurfaceFlinger( 1325): }
06-01 10:04:53.046 E/SurfaceFlinger( 1325): 
06-01 10:04:53.046 E/SurfaceFlinger( 1325): \F6\FF\FF\FF\FF\FF\FF\FF\9FQ\B0\A7\EBr
06-01 10:04:53.046 E/SurfaceFlinger( 1325): Error while compiling shader: 
06-01 10:04:53.046 E/SurfaceFlinger( 1325): #extension GL_OES_EGL_image_external : require
06-01 10:04:53.046 E/SurfaceFlinger( 1325): precision mediump float;
06-01 10:04:53.046 E/SurfaceFlinger( 1325): uniform samplerExternalOES sampler;
06-01 10:04:53.046 E/SurfaceFlinger( 1325): varying vec2 outTexCoords;
06-01 10:04:53.046 E/SurfaceFlinger( 1325): uniform float alphaPlane;
06-01 10:04:53.046 E/SurfaceFlinger( 1325): void main(void) {
06-01 10:04:53.046 E/SurfaceFlinger( 1325):     gl_FragColor = texture2D(sampler, outTexCoords);
06-01 10:04:53.046 E/SurfaceFlinger( 1325):     gl_FragColor.a *= alphaPlane;
06-01 10:04:53.046 E/SurfaceFlinger( 1325): }
06-01 10:04:53.046 E/SurfaceFlinger( 1325): 
06-01 10:04:53.046 E/SurfaceFlinger( 1325): \F6\FF\FF\FF\FF\FF\FF\FF\9FQ\B0\A7\EBr
06-01 10:04:53.046 E/SurfaceFlinger( 1325): Error while linking shaders:
06-01 10:04:53.047 E/SurfaceFlinger( 1325): Error while compiling shader: 
06-01 10:04:53.047 E/SurfaceFlinger( 1325): attribute vec4 texCoords;
06-01 10:04:53.047 E/SurfaceFlinger( 1325): varying vec2 outTexCoords;
06-01 10:04:53.047 E/SurfaceFlinger( 1325): attribute vec4 position;
06-01 10:04:53.047 E/SurfaceFlinger( 1325): uniform mat4 projection;
06-01 10:04:53.047 E/SurfaceFlinger( 1325): uniform mat4 texture;
06-01 10:04:53.047 E/SurfaceFlinger( 1325): void main(void) {
06-01 10:04:53.047 E/SurfaceFlinger( 1325):     gl_Position = projection * position;
06-01 10:04:53.047 E/SurfaceFlinger( 1325):     outTexCoords = (texture * texCoords).st;
06-01 10:04:53.047 E/SurfaceFlinger( 1325): }
06-01 10:04:53.047 E/SurfaceFlinger( 1325): 
06-01 10:04:53.047 E/SurfaceFlinger( 1325): \F6\FF\FF\FF\FF\FF\FF\FF\9FQ\B0\A7\EBr
06-01 10:04:53.047 E/SurfaceFlinger( 1325): Error while compiling shader: 
06-01 10:04:53.047 E/SurfaceFlinger( 1325): #extension GL_OES_EGL_image_external : require
06-01 10:04:53.047 E/SurfaceFlinger( 1325): precision mediump float;
06-01 10:04:53.047 E/SurfaceFlinger( 1325): uniform samplerExternalOES sampler;
06-01 10:04:53.047 E/SurfaceFlinger( 1325): varying vec2 outTexCoords;
06-01 10:04:53.047 E/SurfaceFlinger( 1325): uniform float alphaPlane;
06-01 10:04:53.047 E/SurfaceFlinger( 1325): void main(void) {
06-01 10:04:53.047 E/SurfaceFlinger( 1325):     gl_FragColor = texture2D(sampler, outTexCoords);
06-01 10:04:53.047 E/SurfaceFlinger( 1325):     gl_FragColor *= alphaPlane;
06-01 10:04:53.047 E/SurfaceFlinger( 1325): }
06-01 10:04:53.047 E/SurfaceFlinger( 1325): 
06-01 10:04:53.047 E/SurfaceFlinger( 1325): \F6\FF\FF\FF\FF\FF\FF\FF\9FQ\B0\A7\EBr
06-01 10:04:53.047 E/SurfaceFlinger( 1325): Error while linking shaders:
06-01 10:04:53.047 E/SurfaceFlinger( 1325): Error while compiling shader: 
06-01 10:04:53.047 E/SurfaceFlinger( 1325): attribute vec4 texCoords;
06-01 10:04:53.047 E/SurfaceFlinger( 1325): varying vec2 outTexCoords;
06-01 10:04:53.047 E/SurfaceFlinger( 1325): attribute vec4 position;
06-01 10:04:53.047 E/SurfaceFlinger( 1325): uniform mat4 projection;
06-01 10:04:53.047 E/SurfaceFlinger( 1325): uniform mat4 texture;
06-01 10:04:53.047 E/SurfaceFlinger( 1325): void main(void) {
06-01 10:04:53.047 E/SurfaceFlinger( 1325):     gl_Position = projection * position;
06-01 10:04:53.047 E/SurfaceFlinger( 1325):     outTexCoords = (texture * texCoords).st;
06-01 10:04:53.047 E/SurfaceFlinger( 1325): }
06-01 10:04:53.047 E/SurfaceFlinger( 1325): 
06-01 10:04:53.047 E/SurfaceFlinger( 1325): \F6\FF\FF\FF\FF\FF\FF\FF\9FQ\B0\A7\EBr
06-01 10:04:53.047 E/SurfaceFlinger( 1325): Error while compiling shader: 
06-01 10:04:53.047 E/SurfaceFlinger( 1325): #extension GL_OES_EGL_image_external : require
06-01 10:04:53.047 E/SurfaceFlinger( 1325): precision mediump float;
06-01 10:04:53.047 E/SurfaceFlinger( 1325): uniform samplerExternalOES sampler;
06-01 10:04:53.047 E/SurfaceFlinger( 1325): varying vec2 outTexCoords;
06-01 10:04:53.047 E/SurfaceFlinger( 1325): uniform float alphaPlane;
06-01 10:04:53.047 E/SurfaceFlinger( 1325): void main(void) {
06-01 10:04:53.047 E/SurfaceFlinger( 1325):     gl_FragColor = texture2D(sampler, outTexCoords);
06-01 10:04:53.047 E/SurfaceFlinger( 1325):     gl_FragColor.a = 1.0;
06-01 10:04:53.047 E/SurfaceFlinger( 1325):     gl_FragColor.a *= alphaPlane;
06-01 10:04:53.047 E/SurfaceFlinger( 1325): }
06-01 10:04:53.047 E/SurfaceFlinger( 1325): 
06-01 10:04:53.047 E/SurfaceFlinger( 1325): \F6\FF\FF\FF\FF\FF\FF\FF\9FQ\B0\A7\EBr
06-01 10:04:53.047 E/SurfaceFlinger( 1325): Error while linking shaders:
06-01 10:04:53.047 E/SurfaceFlinger( 1325): Error while compiling shader: 
06-01 10:04:53.047 E/SurfaceFlinger( 1325): attribute vec4 texCoords;
06-01 10:04:53.047 E/SurfaceFlinger( 1325): varying vec2 outTexCoords;
06-01 10:04:53.047 E/SurfaceFlinger( 1325): attribute vec4 position;
06-01 10:04:53.047 E/SurfaceFlinger( 1325): uniform mat4 projection;
06-01 10:04:53.047 E/SurfaceFlinger( 1325): uniform mat4 texture;
06-01 10:04:53.047 E/SurfaceFlinger( 1325): void main(void) {
06-01 10:04:53.047 E/SurfaceFlinger( 1325):     gl_Position = projection * position;
06-01 10:04:53.047 E/SurfaceFlinger( 1325):     outTexCoords = (texture * texCoords).st;
06-01 10:04:53.047 E/SurfaceFlinger( 1325): }
06-01 10:04:53.047 E/SurfaceFlinger( 1325): 
06-01 10:04:53.047 E/SurfaceFlinger( 1325): \F6\FF\FF\FF\FF\FF\FF\FF\9FQ\B0\A7\EBr
06-01 10:04:53.047 E/SurfaceFlinger( 1325): Error while compiling shader: 
06-01 10:04:53.047 E/SurfaceFlinger( 1325): #extension GL_OES_EGL_image_external : require
06-01 10:04:53.047 E/SurfaceFlinger( 1325): precision mediump float;
06-01 10:04:53.047 E/SurfaceFlinger( 1325): uniform samplerExternalOES sampler;
06-01 10:04:53.047 E/SurfaceFlinger( 1325): varying vec2 outTexCoords;
06-01 10:04:53.047 E/SurfaceFlinger( 1325): uniform float alphaPlane;
06-01 10:04:53.047 E/SurfaceFlinger( 1325): void main(void) {
06-01 10:04:53.047 E/SurfaceFlinger( 1325):     gl_FragColor = texture2D(sampler, outTexCoords);
06-01 10:04:53.047 E/SurfaceFlinger( 1325):     gl_FragColor.a = 1.0;
06-01 10:04:53.047 E/SurfaceFlinger( 1325):     gl_FragColor *= alphaPlane;
06-01 10:04:53.047 E/SurfaceFlinger( 1325): }
06-01 10:04:53.047 E/SurfaceFlinger( 1325): 
06-01 10:04:53.047 E/SurfaceFlinger( 1325): \F6\FF\FF\FF\FF\FF\FF\FF\9FQ\B0\A7\EBr
06-01 10:04:53.047 E/SurfaceFlinger( 1325): Error while linking shaders:
06-01 10:04:53.047 E/SurfaceFlinger( 1325): Error while compiling shader: 
06-01 10:04:53.047 E/SurfaceFlinger( 1325): attribute vec4 texCoords;
06-01 10:04:53.047 E/SurfaceFlinger( 1325): varying vec2 outTexCoords;
06-01 10:04:53.047 E/SurfaceFlinger( 1325): attribute vec4 position;
06-01 10:04:53.047 E/SurfaceFlinger( 1325): uniform mat4 projection;
06-01 10:04:53.047 E/SurfaceFlinger( 1325): uniform mat4 texture;
06-01 10:04:53.047 E/SurfaceFlinger( 1325): void main(void) {
06-01 10:04:53.047 E/SurfaceFlinger( 1325):     gl_Position = projection * position;
06-01 10:04:53.047 E/SurfaceFlinger( 1325):     outTexCoords = (texture * texCoords).st;
06-01 10:04:53.047 E/SurfaceFlinger( 1325): }
06-01 10:04:53.047 E/SurfaceFlinger( 1325): 
06-01 10:04:53.047 E/SurfaceFlinger( 1325): \F6\FF\FF\FF\FF\FF\FF\FF\9FQ\B0\A7\EBr
06-01 10:04:53.047 E/SurfaceFlinger( 1325): Error while compiling shader: 
06-01 10:04:53.047 E/SurfaceFlinger( 1325): precision mediump float;
06-01 10:04:53.047 E/SurfaceFlinger( 1325): uniform sampler2D sampler;
06-01 10:04:53.047 E/SurfaceFlinger( 1325): varying vec2 outTexCoords;
06-01 10:04:53.047 E/SurfaceFlinger( 1325): void main(void) {
06-01 10:04:53.047 E/SurfaceFlinger( 1325):     gl_FragColor = texture2D(sampler, outTexCoords);
06-01 10:04:53.047 E/SurfaceFlinger( 1325): }
06-01 10:04:53.047 E/SurfaceFlinger( 1325): 
06-01 10:04:53.047 E/SurfaceFlinger( 1325): \F6\FF\FF\FF\FF\FF\FF\FF\9FQ\B0\A7\EBr
06-01 10:04:53.047 E/SurfaceFlinger( 1325): Error while linking shaders:
06-01 10:04:53.047 E/SurfaceFlinger( 1325): Error while compiling shader: 
06-01 10:04:53.047 E/SurfaceFlinger( 1325): attribute vec4 texCoords;
06-01 10:04:53.047 E/SurfaceFlinger( 1325): varying vec2 outTexCoords;
06-01 10:04:53.047 E/SurfaceFlinger( 1325): attribute vec4 position;
06-01 10:04:53.047 E/SurfaceFlinger( 1325): uniform mat4 projection;
06-01 10:04:53.047 E/SurfaceFlinger( 1325): uniform mat4 texture;
06-01 10:04:53.047 E/SurfaceFlinger( 1325): void main(void) {
06-01 10:04:53.047 E/SurfaceFlinger( 1325):     gl_Position = projection * position;
06-01 10:04:53.047 E/SurfaceFlinger( 1325):     outTexCoords = (texture * texCoords).st;
06-01 10:04:53.047 E/SurfaceFlinger( 1325): }
06-01 10:04:53.047 E/SurfaceFlinger( 1325): 
06-01 10:04:53.047 E/SurfaceFlinger( 1325): \F6\FF\FF\FF\FF\FF\FF\FF\9FQ\B0\A7\EBr
06-01 10:04:53.048 E/SurfaceFlinger( 1325): Error while compiling shader: 
06-01 10:04:53.048 E/SurfaceFlinger( 1325): precision mediump float;
06-01 10:04:53.048 E/SurfaceFlinger( 1325): uniform sampler2D sampler;
06-01 10:04:53.048 E/SurfaceFlinger( 1325): varying vec2 outTexCoords;
06-01 10:04:53.048 E/SurfaceFlinger( 1325): void main(void) {
06-01 10:04:53.048 E/SurfaceFlinger( 1325):     gl_FragColor = texture2D(sampler, outTexCoords);
06-01 10:04:53.048 E/SurfaceFlinger( 1325): }
06-01 10:04:53.048 E/SurfaceFlinger( 1325): 
06-01 10:04:53.048 E/SurfaceFlinger( 1325): \F6\FF\FF\FF\FF\FF\FF\FF\9FQ\B0\A7\EBr
06-01 10:04:53.048 E/SurfaceFlinger( 1325): Error while linking shaders:
06-01 10:04:53.048 E/SurfaceFlinger( 1325): Error while compiling shader: 
06-01 10:04:53.048 E/SurfaceFlinger( 1325): attribute vec4 texCoords;
06-01 10:04:53.048 E/SurfaceFlinger( 1325): varying vec2 outTexCoords;
06-01 10:04:53.048 E/SurfaceFlinger( 1325): attribute vec4 position;
06-01 10:04:53.048 E/SurfaceFlinger( 1325): uniform mat4 projection;
06-01 10:04:53.048 E/SurfaceFlinger( 1325): uniform mat4 texture;
06-01 10:04:53.048 E/SurfaceFlinger( 1325): void main(void) {
06-01 10:04:53.048 E/SurfaceFlinger( 1325):     gl_Position = projection * position;
06-01 10:04:53.048 E/SurfaceFlinger( 1325):     outTexCoords = (texture * texCoords).st;
06-01 10:04:53.048 E/SurfaceFlinger( 1325): }
06-01 10:04:53.048 E/SurfaceFlinger( 1325): 
06-01 10:04:53.048 E/SurfaceFlinger( 1325): \F6\FF\FF\FF\FF\FF\FF\FF\9FQ\B0\A7\EBr
06-01 10:04:53.048 E/SurfaceFlinger( 1325): Error while compiling shader: 
06-01 10:04:53.048 E/SurfaceFlinger( 1325): precision mediump float;
06-01 10:04:53.048 E/SurfaceFlinger( 1325): uniform sampler2D sampler;
06-01 10:04:53.048 E/SurfaceFlinger( 1325): varying vec2 outTexCoords;
06-01 10:04:53.048 E/SurfaceFlinger( 1325): void main(void) {
06-01 10:04:53.048 E/SurfaceFlinger( 1325):     gl_FragColor = texture2D(sampler, outTexCoords);
06-01 10:04:53.048 E/SurfaceFlinger( 1325):     gl_FragColor.a = 1.0;
06-01 10:04:53.048 E/SurfaceFlinger( 1325): }
06-01 10:04:53.048 E/SurfaceFlinger( 1325): 
06-01 10:04:53.048 E/SurfaceFlinger( 1325): \F6\FF\FF\FF\FF\FF\FF\FF\9FQ\B0\A7\EBr
06-01 10:04:53.048 E/SurfaceFlinger( 1325): Error while linking shaders:
06-01 10:04:53.048 E/SurfaceFlinger( 1325): Error while compiling shader: 
06-01 10:04:53.048 E/SurfaceFlinger( 1325): attribute vec4 texCoords;
06-01 10:04:53.048 E/SurfaceFlinger( 1325): varying vec2 outTexCoords;
06-01 10:04:53.048 E/SurfaceFlinger( 1325): attribute vec4 position;
06-01 10:04:53.048 E/SurfaceFlinger( 1325): uniform mat4 projection;
06-01 10:04:53.048 E/SurfaceFlinger( 1325): uniform mat4 texture;
06-01 10:04:53.048 E/SurfaceFlinger( 1325): void main(void) {
06-01 10:04:53.048 E/SurfaceFlinger( 1325):     gl_Position = projection * position;
06-01 10:04:53.048 E/SurfaceFlinger( 1325):     outTexCoords = (texture * texCoords).st;
06-01 10:04:53.048 E/SurfaceFlinger( 1325): }
06-01 10:04:53.048 E/SurfaceFlinger( 1325): 
06-01 10:04:53.048 E/SurfaceFlinger( 1325): \F6\FF\FF\FF\FF\FF\FF\FF\9FQ\B0\A7\EBr
06-01 10:04:53.048 E/SurfaceFlinger( 1325): Error while compiling shader: 
06-01 10:04:53.048 E/SurfaceFlinger( 1325): precision mediump float;
06-01 10:04:53.048 E/SurfaceFlinger( 1325): uniform sampler2D sampler;
06-01 10:04:53.048 E/SurfaceFlinger( 1325): varying vec2 outTexCoords;
06-01 10:04:53.048 E/SurfaceFlinger( 1325): void main(void) {
06-01 10:04:53.048 E/SurfaceFlinger( 1325):     gl_FragColor = texture2D(sampler, outTexCoords);
06-01 10:04:53.048 E/SurfaceFlinger( 1325):     gl_FragColor.a = 1.0;
06-01 10:04:53.048 E/SurfaceFlinger( 1325): }
06-01 10:04:53.048 E/SurfaceFlinger( 1325): 
06-01 10:04:53.048 E/SurfaceFlinger( 1325): \F6\FF\FF\FF\FF\FF\FF\FF\9FQ\B0\A7\EBr
06-01 10:04:53.048 E/SurfaceFlinger( 1325): Error while linking shaders:
06-01 10:04:53.048 E/SurfaceFlinger( 1325): Error while compiling shader: 
06-01 10:04:53.048 E/SurfaceFlinger( 1325): attribute vec4 texCoords;
06-01 10:04:53.048 E/SurfaceFlinger( 1325): varying vec2 outTexCoords;
06-01 10:04:53.048 E/SurfaceFlinger( 1325): attribute vec4 position;
06-01 10:04:53.048 E/SurfaceFlinger( 1325): uniform mat4 projection;
06-01 10:04:53.048 E/SurfaceFlinger( 1325): uniform mat4 texture;
06-01 10:04:53.048 E/SurfaceFlinger( 1325): void main(void) {
06-01 10:04:53.048 E/SurfaceFlinger( 1325):     gl_Position = projection * position;
06-01 10:04:53.048 E/SurfaceFlinger( 1325):     outTexCoords = (texture * texCoords).st;
06-01 10:04:53.048 E/SurfaceFlinger( 1325): }
06-01 10:04:53.048 E/SurfaceFlinger( 1325): 
06-01 10:04:53.048 E/SurfaceFlinger( 1325): \F6\FF\FF\FF\FF\FF\FF\FF\9FQ\B0\A7\EBr
06-01 10:04:53.048 E/SurfaceFlinger( 1325): Error while compiling shader: 
06-01 10:04:53.048 E/SurfaceFlinger( 1325): precision mediump float;
06-01 10:04:53.048 E/SurfaceFlinger( 1325): uniform sampler2D sampler;
06-01 10:04:53.048 E/SurfaceFlinger( 1325): varying vec2 outTexCoords;
06-01 10:04:53.048 E/SurfaceFlinger( 1325): uniform float alphaPlane;
06-01 10:04:53.048 E/SurfaceFlinger( 1325): void main(void) {
06-01 10:04:53.048 E/SurfaceFlinger( 1325):     gl_FragColor = texture2D(sampler, outTexCoords);
06-01 10:04:53.048 E/SurfaceFlinger( 1325):     gl_FragColor.a *= alphaPlane;
06-01 10:04:53.048 E/SurfaceFlinger( 1325): }
06-01 10:04:53.048 E/SurfaceFlinger( 1325): 
06-01 10:04:53.048 E/SurfaceFlinger( 1325): \F6\FF\FF\FF\FF\FF\FF\FF\9FQ\B0\A7\EBr
06-01 10:04:53.048 E/SurfaceFlinger( 1325): Error while linking shaders:
06-01 10:04:53.048 E/SurfaceFlinger( 1325): Error while compiling shader: 
06-01 10:04:53.048 E/SurfaceFlinger( 1325): attribute vec4 texCoords;
06-01 10:04:53.048 E/SurfaceFlinger( 1325): varying vec2 outTexCoords;
06-01 10:04:53.048 E/SurfaceFlinger( 1325): attribute vec4 position;
06-01 10:04:53.048 E/SurfaceFlinger( 1325): uniform mat4 projection;
06-01 10:04:53.048 E/SurfaceFlinger( 1325): uniform mat4 texture;
06-01 10:04:53.048 E/SurfaceFlinger( 1325): void main(void) {
06-01 10:04:53.048 E/SurfaceFlinger( 1325):     gl_Position = projection * position;
06-01 10:04:53.048 E/SurfaceFlinger( 1325):     outTexCoords = (texture * texCoords).st;
06-01 10:04:53.048 E/SurfaceFlinger( 1325): }
06-01 10:04:53.048 E/SurfaceFlinger( 1325): 
06-01 10:04:53.048 E/SurfaceFlinger( 1325): \F6\FF\FF\FF\FF\FF\FF\FF\9FQ\B0\A7\EBr
06-01 10:04:53.048 E/SurfaceFlinger( 1325): Error while compiling shader: 
06-01 10:04:53.048 E/SurfaceFlinger( 1325): precision mediump float;
06-01 10:04:53.048 E/SurfaceFlinger( 1325): uniform sampler2D sampler;
06-01 10:04:53.048 E/SurfaceFlinger( 1325): varying vec2 outTexCoords;
06-01 10:04:53.048 E/SurfaceFlinger( 1325): uniform float alphaPlane;
06-01 10:04:53.048 E/SurfaceFlinger( 1325): void main(void) {
06-01 10:04:53.048 E/SurfaceFlinger( 1325):     gl_FragColor = texture2D(sampler, outTexCoords);
06-01 10:04:53.048 E/SurfaceFlinger( 1325):     gl_FragColor *= alphaPlane;
06-01 10:04:53.048 E/SurfaceFlinger( 1325): }
06-01 10:04:53.048 E/SurfaceFlinger( 1325): 
06-01 10:04:53.048 E/SurfaceFlinger( 1325): \F6\FF\FF\FF\FF\FF\FF\FF\9FQ\B0\A7\EBr
06-01 10:04:53.048 E/SurfaceFlinger( 1325): Error while linking shaders:
06-01 10:04:53.049 E/SurfaceFlinger( 1325): Error while compiling shader: 
06-01 10:04:53.049 E/SurfaceFlinger( 1325): attribute vec4 texCoords;
06-01 10:04:53.049 E/SurfaceFlinger( 1325): varying vec2 outTexCoords;
06-01 10:04:53.049 E/SurfaceFlinger( 1325): attribute vec4 position;
06-01 10:04:53.049 E/SurfaceFlinger( 1325): uniform mat4 projection;
06-01 10:04:53.049 E/SurfaceFlinger( 1325): uniform mat4 texture;
06-01 10:04:53.049 E/SurfaceFlinger( 1325): void main(void) {
06-01 10:04:53.049 E/SurfaceFlinger( 1325):     gl_Position = projection * position;
06-01 10:04:53.049 E/SurfaceFlinger( 1325):     outTexCoords = (texture * texCoords).st;
06-01 10:04:53.049 E/SurfaceFlinger( 1325): }
06-01 10:04:53.049 E/SurfaceFlinger( 1325): 
06-01 10:04:53.049 E/SurfaceFlinger( 1325): \F6\FF\FF\FF\FF\FF\FF\FF\9FQ\B0\A7\EBr
06-01 10:04:53.049 E/SurfaceFlinger( 1325): Error while compiling shader: 
06-01 10:04:53.049 E/SurfaceFlinger( 1325): precision mediump float;
06-01 10:04:53.049 E/SurfaceFlinger( 1325): uniform sampler2D sampler;
06-01 10:04:53.049 E/SurfaceFlinger( 1325): varying vec2 outTexCoords;
06-01 10:04:53.049 E/SurfaceFlinger( 1325): uniform float alphaPlane;
06-01 10:04:53.049 E/SurfaceFlinger( 1325): void main(void) {
06-01 10:04:53.049 E/SurfaceFlinger( 1325):     gl_FragColor = texture2D(sampler, outTexCoords);
06-01 10:04:53.049 E/SurfaceFlinger( 1325):     gl_FragColor.a = 1.0;
06-01 10:04:53.049 E/SurfaceFlinger( 1325):     gl_FragColor.a *= alphaPlane;
06-01 10:04:53.049 E/SurfaceFlinger( 1325): }
06-01 10:04:53.049 E/SurfaceFlinger( 1325): 
06-01 10:04:53.049 E/SurfaceFlinger( 1325): \F6\FF\FF\FF\FF\FF\FF\FF\9FQ\B0\A7\EBr
06-01 10:04:53.049 E/SurfaceFlinger( 1325): Error while linking shaders:
06-01 10:04:53.049 E/SurfaceFlinger( 1325): Error while compiling shader: 
06-01 10:04:53.049 E/SurfaceFlinger( 1325): attribute vec4 texCoords;
06-01 10:04:53.049 E/SurfaceFlinger( 1325): varying vec2 outTexCoords;
06-01 10:04:53.049 E/SurfaceFlinger( 1325): attribute vec4 position;
06-01 10:04:53.049 E/SurfaceFlinger( 1325): uniform mat4 projection;
06-01 10:04:53.049 E/SurfaceFlinger( 1325): uniform mat4 texture;
06-01 10:04:53.049 E/SurfaceFlinger( 1325): void main(void) {
06-01 10:04:53.049 E/SurfaceFlinger( 1325):     gl_Position = projection * position;
06-01 10:04:53.049 E/SurfaceFlinger( 1325):     outTexCoords = (texture * texCoords).st;
06-01 10:04:53.049 E/SurfaceFlinger( 1325): }
06-01 10:04:53.049 E/SurfaceFlinger( 1325): 
06-01 10:04:53.049 E/SurfaceFlinger( 1325): \F6\FF\FF\FF\FF\FF\FF\FF\9FQ\B0\A7\EBr
06-01 10:04:53.049 E/SurfaceFlinger( 1325): Error while compiling shader: 
06-01 10:04:53.049 E/SurfaceFlinger( 1325): precision mediump float;
06-01 10:04:53.049 E/SurfaceFlinger( 1325): uniform sampler2D sampler;
06-01 10:04:53.049 E/SurfaceFlinger( 1325): varying vec2 outTexCoords;
06-01 10:04:53.049 E/SurfaceFlinger( 1325): uniform float alphaPlane;
06-01 10:04:53.049 E/SurfaceFlinger( 1325): void main(void) {
06-01 10:04:53.049 E/SurfaceFlinger( 1325):     gl_FragColor = texture2D(sampler, outTexCoords);
06-01 10:04:53.049 E/SurfaceFlinger( 1325):     gl_FragColor.a = 1.0;
06-01 10:04:53.049 E/SurfaceFlinger( 1325):     gl_FragColor *= alphaPlane;
06-01 10:04:53.049 E/SurfaceFlinger( 1325): }
06-01 10:04:53.049 E/SurfaceFlinger( 1325): 
06-01 10:04:53.049 E/SurfaceFlinger( 1325): \F6\FF\FF\FF\FF\FF\FF\FF\9FQ\B0\A7\EBr
06-01 10:04:53.049 E/SurfaceFlinger( 1325): Error while linking shaders:
06-01 10:04:53.049 D/SurfaceFlinger( 1325): shader cache generated - 24 shaders in 7.276373 ms
06-01 10:04:53.233 D/EmulatedCamera_QemuClient( 1332): Emulated camera list: 
06-01 10:04:53.238 D/EmulatedCamera_FakeCamera( 1332): Initialize: Fake camera is facing back
06-01 10:04:53.274 I/mediacodec( 1336): @@@ mediacodecservice starting
06-01 10:04:53.287 W/        ( 1336): No seccomp filter defined for this architecture.
06-01 10:04:53.382 D/SurfaceFlinger( 1325): Set power mode=2, type=0 flinger=0x72eba7447000
06-01 10:04:53.477 V/EmulatedCamera_Device( 1332): initializeWhiteBalanceModes with auto, 1.000000, 1.000000
06-01 10:04:53.477 V/EmulatedCamera_Device( 1332): initializeWhiteBalanceModes with incandescent, 1.380000, 0.600000
06-01 10:04:53.477 V/EmulatedCamera_Device( 1332): initializeWhiteBalanceModes with daylight, 1.090000, 0.920000
