06-01 10:06:18.190 E/Hyphenator( 1330): 	at libcore.io.IoBridge.open(IoBridge.java:441)
06-01 10:06:18.190 E/Hyphenator( 1330): 	... 6 more
06-01 10:06:18.193 E/Hyphenator( 1330): error loading hyphenation /system/usr/hyphen-data/hyph-en-us.hyb
06-01 10:06:18.193 E/Hyphenator( 1330): java.io.FileNotFoundException: /system/usr/hyphen-data/hyph-en-us.hyb: open failed: ENOENT (No such file or directory)
06-01 10:06:18.193 E/Hyphenator( 1330): 	at libcore.io.IoBridge.open(IoBridge.java:455)
06-01 10:06:18.193 E/Hyphenator( 1330): 	at java.io.RandomAccessFile.<init>(RandomAccessFile.java:247)
06-01 10:06:18.193 E/Hyphenator( 1330): 	at android.text.Hyphenator.loadHyphenator(Hyphenator.java:118)
06-01 10:06:18.193 E/Hyphenator( 1330): 	at android.text.Hyphenator.init(Hyphenator.java:224)
06-01 10:06:18.193 E/Hyphenator( 1330): 	at com.android.internal.os.ZygoteInit.preloadTextResources(ZygoteInit.java:252)
06-01 10:06:18.193 E/Hyphenator( 1330): 	at com.android.internal.os.ZygoteInit.preload(ZygoteInit.java:206)
06-01 10:06:18.193 E/Hyphenator( 1330): 	at com.android.internal.os.ZygoteInit.main(ZygoteInit.java:743)
06-01 10:06:18.193 E/Hyphenator( 1330): Caused by: android.system.ErrnoException: open failed: ENOENT (No such file or directory)
06-01 10:06:18.193 E/Hyphenator( 1330): 	at libcore.io.Posix.open(Native Method)
06-01 10:06:18.193 E/Hyphenator( 1330): 	at libcore.io.BlockGuardOs.open(BlockGuardOs.java:187)
06-01 10:06:18.193 E/Hyphenator( 1330): 	at libcore.io.IoBridge.open(IoBridge.java:441)
06-01 10:06:18.193 E/Hyphenator( 1330): 	... 6 more
06-01 10:06:18.195 E/Hyphenator( 1330): error loading hyphenation /system/usr/hyphen-data/hyph-es.hyb
06-01 10:06:18.195 E/Hyphenator( 1330): java.io.FileNotFoundException: /system/usr/hyphen-data/hyph-es.hyb: open failed: ENOENT (No such file or directory)
06-01 10:06:18.195 E/Hyphenator( 1330): 	at libcore.io.IoBridge.open(IoBridge.java:455)
06-01 10:06:18.195 E/Hyphenator( 1330): 	at java.io.RandomAccessFile.<init>(RandomAccessFile.java:247)
06-01 10:06:18.195 E/Hyphenator( 1330): 	at android.text.Hyphenator.loadHyphenator(Hyphenator.java:118)
06-01 10:06:18.195 E/Hyphenator( 1330): 	at android.text.Hyphenator.init(Hyphenator.java:224)
06-01 10:06:18.195 E/Hyphenator( 1330): 	at com.android.internal.os.ZygoteInit.preloadTextResources(ZygoteInit.java:252)
06-01 10:06:18.195 E/Hyphenator( 1330): 	at com.android.internal.os.ZygoteInit.preload(ZygoteInit.java:206)
06-01 10:06:18.195 E/Hyphenator( 1330): 	at com.android.internal.os.ZygoteInit.main(ZygoteInit.java:743)
06-01 10:06:18.195 E/Hyphenator( 1330): Caused by: android.system.ErrnoException: open failed: ENOENT (No such file or directory)
06-01 10:06:18.195 E/Hyphenator( 1330): 	at libcore.io.Posix.open(Native Method)
06-01 10:06:18.195 E/Hyphenator( 1330): 	at libcore.io.BlockGuardOs.open(BlockGuardOs.java:187)
06-01 10:06:18.195 E/Hyphenator( 1330): 	at libcore.io.IoBridge.open(IoBridge.java:441)
06-01 10:06:18.195 E/Hyphenator( 1330): 	... 6 more
06-01 10:06:18.198 E/Hyphenator( 1330): error loading hyphenation /system/usr/hyphen-data/hyph-et.hyb
06-01 10:06:18.198 E/Hyphenator( 1330): java.io.FileNotFoundException: /system/usr/hyphen-data/hyph-et.hyb: open failed: ENOENT (No such file or directory)
06-01 10:06:18.198 E/Hyphenator( 1330): 	at libcore.io.IoBridge.open(IoBridge.java:455)
06-01 10:06:18.198 E/Hyphenator( 1330): 	at java.io.RandomAccessFile.<init>(RandomAccessFile.java:247)
06-01 10:06:18.198 E/Hyphenator( 1330): 	at android.text.Hyphenator.loadHyphenator(Hyphenator.java:118)
06-01 10:06:18.198 E/Hyphenator( 1330): 	at android.text.Hyphenator.init(Hyphenator.java:224)
06-01 10:06:18.198 E/Hyphenator( 1330): 	at com.android.internal.os.ZygoteInit.preloadTextResources(ZygoteInit.java:252)
06-01 10:06:18.198 E/Hyphenator( 1330): 	at com.android.internal.os.ZygoteInit.preload(ZygoteInit.java:206)
06-01 10:06:18.198 E/Hyphenator( 1330): 	at com.android.internal.os.ZygoteInit.main(ZygoteInit.java:743)
06-01 10:06:18.198 E/Hyphenator( 1330): Caused by: android.system.ErrnoException: open failed: ENOENT (No such file or directory)
06-01 10:06:18.198 E/Hyphenator( 1330): 	at libcore.io.Posix.open(Native Method)
06-01 10:06:18.198 E/Hyphenator( 1330): 	at libcore.io.BlockGuardOs.open(BlockGuardOs.java:187)
06-01 10:06:18.198 E/Hyphenator( 1330): 	at libcore.io.IoBridge.open(IoBridge.java:441)
06-01 10:06:18.198 E/Hyphenator( 1330): 	... 6 more
06-01 10:06:18.199 E/Hyphenator( 1330): error loading hyphenation /system/usr/hyphen-data/hyph-eu.hyb
06-01 10:06:18.199 E/Hyphenator( 1330): java.io.FileNotFoundException: /system/usr/hyphen-data/hyph-eu.hyb: open failed: ENOENT (No such file or directory)
06-01 10:06:18.199 E/Hyphenator( 1330): 	at libcore.io.IoBridge.open(IoBridge.java:455)
06-01 10:06:18.199 E/Hyphenator( 1330): 	at java.io.RandomAccessFile.<init>(RandomAccessFile.java:247)
06-01 10:06:18.199 E/Hyphenator( 1330): 	at android.text.Hyphenator.loadHyphenator(Hyphenator.java:118)
06-01 10:06:18.199 E/Hyphenator( 1330): 	at android.text.Hyphenator.init(Hyphenator.java:224)
06-01 10:06:18.199 E/Hyphenator( 1330): 	at com.android.internal.os.ZygoteInit.preloadTextResources(ZygoteInit.java:252)
06-01 10:06:18.199 E/Hyphenator( 1330): 	at com.android.internal.os.ZygoteInit.preload(ZygoteInit.java:206)
06-01 10:06:18.199 E/Hyphenator( 1330): 	at com.android.internal.os.ZygoteInit.main(ZygoteInit.java:743)
06-01 10:06:18.199 E/Hyphenator( 1330): Caused by: android.system.ErrnoException: open failed: ENOENT (No such file or directory)
06-01 10:06:18.199 E/Hyphenator( 1330): 	at libcore.io.Posix.open(Native Method)
06-01 10:06:18.199 E/Hyphenator( 1330): 	at libcore.io.BlockGuardOs.open(BlockGuardOs.java:187)
06-01 10:06:18.199 E/Hyphenator( 1330): 	at libcore.io.IoBridge.open(IoBridge.java:441)
06-01 10:06:18.199 E/Hyphenator( 1330): 	... 6 more
06-01 10:06:18.216 I/art     ( 1329): Explicit concurrent mark sweep GC freed 5220(300KB) AllocSpace objects, 0(0B) LOS objects, 39% free, 6MB/10MB, paused 368us total 184.301ms
06-01 10:06:18.230 I/art     ( 1329): Starting a blocking GC Explicit
06-01 10:06:18.293 E/Hyphenator( 1330): error loading hyphenation /system/usr/hyphen-data/hyph-fr.hyb
06-01 10:06:18.293 E/Hyphenator( 1330): java.io.FileNotFoundException: /system/usr/hyphen-data/hyph-fr.hyb: open failed: ENOENT (No such file or directory)
06-01 10:06:18.293 E/Hyphenator( 1330): 	at libcore.io.IoBridge.open(IoBridge.java:455)
06-01 10:06:18.293 E/Hyphenator( 1330): 	at java.io.RandomAccessFile.<init>(RandomAccessFile.java:247)
06-01 10:06:18.293 E/Hyphenator( 1330): 	at android.text.Hyphenator.loadHyphenator(Hyphenator.java:118)
06-01 10:06:18.293 E/Hyphenator( 1330): 	at android.text.Hyphenator.init(Hyphenator.java:224)
06-01 10:06:18.293 E/Hyphenator( 1330): 	at com.android.internal.os.ZygoteInit.preloadTextResources(ZygoteInit.java:252)
06-01 10:06:18.293 E/Hyphenator( 1330): 	at com.android.internal.os.ZygoteInit.preload(ZygoteInit.java:206)
06-01 10:06:18.293 E/Hyphenator( 1330): 	at com.android.internal.os.ZygoteInit.main(ZygoteInit.java:743)
06-01 10:06:18.293 E/Hyphenator( 1330): Caused by: android.system.ErrnoException: open failed: ENOENT (No such file or directory)
06-01 10:06:18.293 E/Hyphenator( 1330): 	at libcore.io.Posix.open(Native Method)
06-01 10:06:18.293 E/Hyphenator( 1330): 	at libcore.io.BlockGuardOs.open(BlockGuardOs.java:187)
06-01 10:06:18.293 E/Hyphenator( 1330): 	at libcore.io.IoBridge.open(IoBridge.java:441)
06-01 10:06:18.293 E/Hyphenator( 1330): 	... 6 more
06-01 10:06:18.295 E/Hyphenator( 1330): error loading hyphenation /system/usr/hyphen-data/hyph-ga.hyb
06-01 10:06:18.295 E/Hyphenator( 1330): java.io.FileNotFoundException: /system/usr/hyphen-data/hyph-ga.hyb: open failed: ENOENT (No such file or directory)
06-01 10:06:18.295 E/Hyphenator( 1330): 	at libcore.io.IoBridge.open(IoBridge.java:455)
06-01 10:06:18.295 E/Hyphenator( 1330): 	at java.io.RandomAccessFile.<init>(RandomAccessFile.java:247)
06-01 10:06:18.295 E/Hyphenator( 1330): 	at android.text.Hyphenator.loadHyphenator(Hyphenator.java:118)
06-01 10:06:18.295 E/Hyphenator( 1330): 	at android.text.Hyphenator.init(Hyphenator.java:224)
06-01 10:06:18.295 E/Hyphenator( 1330): 	at com.android.internal.os.ZygoteInit.preloadTextResources(ZygoteInit.java:252)
06-01 10:06:18.295 E/Hyphenator( 1330): 	at com.android.internal.os.ZygoteInit.preload(ZygoteInit.java:206)
06-01 10:06:18.295 E/Hyphenator( 1330): 	at com.android.internal.os.ZygoteInit.main(ZygoteInit.java:743)
06-01 10:06:18.295 E/Hyphenator( 1330): Caused by: android.system.ErrnoException: open failed: ENOENT (No such file or directory)
06-01 10:06:18.295 E/Hyphenator( 1330): 	at libcore.io.Posix.open(Native Method)
06-01 10:06:18.295 E/Hyphenator( 1330): 	at libcore.io.BlockGuardOs.open(BlockGuardOs.java:187)
06-01 10:06:18.295 E/Hyphenator( 1330): 	at libcore.io.IoBridge.open(IoBridge.java:441)
06-01 10:06:18.295 E/Hyphenator( 1330): 	... 6 more
06-01 10:06:18.297 E/Hyphenator( 1330): error loading hyphenation /system/usr/hyphen-data/hyph-gu.hyb
06-01 10:06:18.297 E/Hyphenator( 1330): java.io.FileNotFoundException: /system/usr/hyphen-data/hyph-gu.hyb: open failed: ENOENT (No such file or directory)
06-01 10:06:18.297 E/Hyphenator( 1330): 	at libcore.io.IoBridge.open(IoBridge.java:455)
06-01 10:06:18.297 E/Hyphenator( 1330): 	at java.io.RandomAccessFile.<init>(RandomAccessFile.java:247)
06-01 10:06:18.297 E/Hyphenator( 1330): 	at android.text.Hyphenator.loadHyphenator(Hyphenator.java:118)
06-01 10:06:18.297 E/Hyphenator( 1330): 	at android.text.Hyphenator.init(Hyphenator.java:224)
06-01 10:06:18.297 E/Hyphenator( 1330): 	at com.android.internal.os.ZygoteInit.preloadTextResources(ZygoteInit.java:252)
06-01 10:06:18.297 E/Hyphenator( 1330): 	at com.android.internal.os.ZygoteInit.preload(ZygoteInit.java:206)
06-01 10:06:18.297 E/Hyphenator( 1330): 	at com.android.internal.os.ZygoteInit.main(ZygoteInit.java:743)
06-01 10:06:18.297 E/Hyphenator( 1330): Caused by: android.system.ErrnoException: open failed: ENOENT (No such file or directory)
06-01 10:06:18.297 E/Hyphenator( 1330): 	at libcore.io.Posix.open(Native Method)
06-01 10:06:18.297 E/Hyphenator( 1330): 	at libcore.io.BlockGuardOs.open(BlockGuardOs.java:187)
06-01 10:06:18.297 E/Hyphenator( 1330): 	at libcore.io.IoBridge.open(IoBridge.java:441)
06-01 10:06:18.297 E/Hyphenator( 1330): 	... 6 more
06-01 10:06:18.300 E/Hyphenator( 1330): error loading hyphenation /system/usr/hyphen-data/hyph-hi.hyb
06-01 10:06:18.300 E/Hyphenator( 1330): java.io.FileNotFoundException: /system/usr/hyphen-data/hyph-hi.hyb: open failed: ENOENT (No such file or directory)
06-01 10:06:18.300 E/Hyphenator( 1330): 	at libcore.io.IoBridge.open(IoBridge.java:455)
06-01 10:06:18.300 E/Hyphenator( 1330): 	at java.io.RandomAccessFile.<init>(RandomAccessFile.java:247)
06-01 10:06:18.300 E/Hyphenator( 1330): 	at android.text.Hyphenator.loadHyphenator(Hyphenator.java:118)
06-01 10:06:18.300 E/Hyphenator( 1330): 	at android.text.Hyphenator.init(Hyphenator.java:224)
06-01 10:06:18.300 E/Hyphenator( 1330): 	at com.android.internal.os.ZygoteInit.preloadTextResources(ZygoteInit.java:252)
06-01 10:06:18.300 E/Hyphenator( 1330): 	at com.android.internal.os.ZygoteInit.preload(ZygoteInit.java:206)
06-01 10:06:18.300 E/Hyphenator( 1330): 	at com.android.internal.os.ZygoteInit.main(ZygoteInit.java:743)
06-01 10:06:18.300 E/Hyphenator( 1330): Caused by: android.system.ErrnoException: open failed: ENOENT (No such file or directory)
06-01 10:06:18.300 E/Hyphenator( 1330): 	at libcore.io.Posix.open(Native Method)
06-01 10:06:18.300 E/Hyphenator( 1330): 	at libcore.io.BlockGuardOs.open(BlockGuardOs.java:187)
06-01 10:06:18.300 E/Hyphenator( 1330): 	at libcore.io.IoBridge.open(IoBridge.java:441)
06-01 10:06:18.300 E/Hyphenator( 1330): 	... 6 more
06-01 10:06:18.356 E/Hyphenator( 1330): error loading hyphenation /system/usr/hyphen-data/hyph-hr.hyb
06-01 10:06:18.356 E/Hyphenator( 1330): java.io.FileNotFoundException: /system/usr/hyphen-data/hyph-hr.hyb: open failed: ENOENT (No such file or directory)
06-01 10:06:18.356 E/Hyphenator( 1330): 	at libcore.io.IoBridge.open(IoBridge.java:455)
06-01 10:06:18.356 E/Hyphenator( 1330): 	at java.io.RandomAccessFile.<init>(RandomAccessFile.java:247)
06-01 10:06:18.356 E/Hyphenator( 1330): 	at android.text.Hyphenator.loadHyphenator(Hyphenator.java:118)
06-01 10:06:18.356 E/Hyphenator( 1330): 	at android.text.Hyphenator.init(Hyphenator.java:224)
06-01 10:06:18.356 E/Hyphenator( 1330): 	at com.android.internal.os.ZygoteInit.preloadTextResources(ZygoteInit.java:252)
06-01 10:06:18.356 E/Hyphenator( 1330): 	at com.android.internal.os.ZygoteInit.preload(ZygoteInit.java:206)
06-01 10:06:18.356 E/Hyphenator( 1330): 	at com.android.internal.os.ZygoteInit.main(ZygoteInit.java:743)
06-01 10:06:18.356 E/Hyphenator( 1330): Caused by: android.system.ErrnoException: open failed: ENOENT (No such file or directory)
06-01 10:06:18.356 E/Hyphenator( 1330): 	at libcore.io.Posix.open(Native Method)
06-01 10:06:18.356 E/Hyphenator( 1330): 	at libcore.io.BlockGuardOs.open(BlockGuardOs.java:187)
06-01 10:06:18.356 E/Hyphenator( 1330): 	at libcore.io.IoBridge.open(IoBridge.java:441)
06-01 10:06:18.356 E/Hyphenator( 1330): 	... 6 more
06-01 10:06:18.359 E/Hyphenator( 1330): error loading hyphenation /system/usr/hyphen-data/hyph-hu.hyb
06-01 10:06:18.359 E/Hyphenator( 1330): java.io.FileNotFoundException: /system/usr/hyphen-data/hyph-hu.hyb: open failed: ENOENT (No such file or directory)
06-01 10:06:18.359 E/Hyphenator( 1330): 	at libcore.io.IoBridge.open(IoBridge.java:455)
06-01 10:06:18.359 E/Hyphenator( 1330): 	at java.io.RandomAccessFile.<init>(RandomAccessFile.java:247)
06-01 10:06:18.359 E/Hyphenator( 1330): 	at android.text.Hyphenator.loadHyphenator(Hyphenator.java:118)
06-01 10:06:18.359 E/Hyphenator( 1330): 	at android.text.Hyphenator.init(Hyphenator.java:224)
06-01 10:06:18.359 E/Hyphenator( 1330): 	at com.android.internal.os.ZygoteInit.preloadTextResources(ZygoteInit.java:252)
06-01 10:06:18.359 E/Hyphenator( 1330): 	at com.android.internal.os.ZygoteInit.preload(ZygoteInit.java:206)
06-01 10:06:18.359 E/Hyphenator( 1330): 	at com.android.internal.os.ZygoteInit.main(ZygoteInit.java:743)
06-01 10:06:18.359 E/Hyphenator( 1330): Caused by: android.system.ErrnoException: open failed: ENOENT (No such file or directory)
06-01 10:06:18.359 E/Hyphenator( 1330): 	at libcore.io.Posix.open(Native Method)
06-01 10:06:18.359 E/Hyphenator( 1330): 	at libcore.io.BlockGuardOs.open(BlockGuardOs.java:187)
06-01 10:06:18.359 E/Hyphenator( 1330): 	at libcore.io.IoBridge.open(IoBridge.java:441)
06-01 10:06:18.359 E/Hyphenator( 1330): 	... 6 more
06-01 10:06:18.391 I/art     ( 1329): Explicit concurrent mark sweep GC freed 7(192B) AllocSpace objects, 0(0B) LOS objects, 39% free, 6MB/10MB, paused 293us total 147.875ms
06-01 10:06:18.422 E/Hyphenator( 1330): error loading hyphenation /system/usr/hyphen-data/hyph-hy.hyb
06-01 10:06:18.422 E/Hyphenator( 1330): java.io.FileNotFoundException: /system/usr/hyphen-data/hyph-hy.hyb: open failed: ENOENT (No such file or directory)
06-01 10:06:18.422 E/Hyphenator( 1330): 	at libcore.io.IoBridge.open(IoBridge.java:455)
06-01 10:06:18.422 E/Hyphenator( 1330): 	at java.io.RandomAccessFile.<init>(RandomAccessFile.java:247)
06-01 10:06:18.422 E/Hyphenator( 1330): 	at android.text.Hyphenator.loadHyphenator(Hyphenator.java:118)
06-01 10:06:18.422 E/Hyphenator( 1330): 	at android.text.Hyphenator.init(Hyphenator.java:224)
06-01 10:06:18.422 E/Hyphenator( 1330): 	at com.android.internal.os.ZygoteInit.preloadTextResources(ZygoteInit.java:252)
06-01 10:06:18.422 E/Hyphenator( 1330): 	at com.android.internal.os.ZygoteInit.preload(ZygoteInit.java:206)
06-01 10:06:18.422 E/Hyphenator( 1330): 	at com.android.internal.os.ZygoteInit.main(ZygoteInit.java:743)
06-01 10:06:18.422 E/Hyphenator( 1330): Caused by: android.system.ErrnoException: open failed: ENOENT (No such file or directory)
06-01 10:06:18.422 E/Hyphenator( 1330): 	at libcore.io.Posix.open(Native Method)
06-01 10:06:18.422 E/Hyphenator( 1330): 	at libcore.io.BlockGuardOs.open(BlockGuardOs.java:187)
06-01 10:06:18.422 E/Hyphenator( 1330): 	at libcore.io.IoBridge.open(IoBridge.java:441)
06-01 10:06:18.422 E/Hyphenator( 1330): 	... 6 more
06-01 10:06:18.424 E/Hyphenator( 1330): error loading hyphenation /system/usr/hyphen-data/hyph-kn.hyb
06-01 10:06:18.424 E/Hyphenator( 1330): java.io.FileNotFoundException: /system/usr/hyphen-data/hyph-kn.hyb: open failed: ENOENT (No such file or directory)
06-01 10:06:18.424 E/Hyphenator( 1330): 	at libcore.io.IoBridge.open(IoBridge.java:455)
06-01 10:06:18.424 E/Hyphenator( 1330): 	at java.io.RandomAccessFile.<init>(RandomAccessFile.java:247)
06-01 10:06:18.424 E/Hyphenator( 1330): 	at android.text.Hyphenator.loadHyphenator(Hyphenator.java:118)
06-01 10:06:18.424 E/Hyphenator( 1330): 	at android.text.Hyphenator.init(Hyphenator.java:224)
06-01 10:06:18.424 E/Hyphenator( 1330): 	at com.android.internal.os.ZygoteInit.preloadTextResources(ZygoteInit.java:252)
06-01 10:06:18.424 E/Hyphenator( 1330): 	at com.android.internal.os.ZygoteInit.preload(ZygoteInit.java:206)
06-01 10:06:18.424 E/Hyphenator( 1330): 	at com.android.internal.os.ZygoteInit.main(ZygoteInit.java:743)
06-01 10:06:18.424 E/Hyphenator( 1330): Caused by: android.system.ErrnoException: open failed: ENOENT (No such file or directory)
06-01 10:06:18.424 E/Hyphenator( 1330): 	at libcore.io.Posix.open(Native Method)
06-01 10:06:18.424 E/Hyphenator( 1330): 	at libcore.io.BlockGuardOs.open(BlockGuardOs.java:187)
06-01 10:06:18.424 E/Hyphenator( 1330): 	at libcore.io.IoBridge.open(IoBridge.java:441)
06-01 10:06:18.424 E/Hyphenator( 1330): 	... 6 more
06-01 10:06:18.426 E/Hyphenator( 1330): error loading hyphenation /system/usr/hyphen-data/hyph-ml.hyb
06-01 10:06:18.426 E/Hyphenator( 1330): java.io.FileNotFoundException: /system/usr/hyphen-data/hyph-ml.hyb: open failed: ENOENT (No such file or directory)
06-01 10:06:18.426 E/Hyphenator( 1330): 	at libcore.io.IoBridge.open(IoBridge.java:455)
06-01 10:06:18.426 E/Hyphenator( 1330): 	at java.io.RandomAccessFile.<init>(RandomAccessFile.java:247)
06-01 10:06:18.426 E/Hyphenator( 1330): 	at android.text.Hyphenator.loadHyphenator(Hyphenator.java:118)
06-01 10:06:18.426 E/Hyphenator( 1330): 	at android.text.Hyphenator.init(Hyphenator.java:224)
06-01 10:06:18.426 E/Hyphenator( 1330): 	at com.android.internal.os.ZygoteInit.preloadTextResources(ZygoteInit.java:252)
06-01 10:06:18.426 E/Hyphenator( 1330): 	at com.android.internal.os.ZygoteInit.preload(ZygoteInit.java:206)
06-01 10:06:18.426 E/Hyphenator( 1330): 	at com.android.internal.os.ZygoteInit.main(ZygoteInit.java:743)
06-01 10:06:18.426 E/Hyphenator( 1330): Caused by: android.system.ErrnoException: open failed: ENOENT (No such file or directory)
06-01 10:06:18.426 E/Hyphenator( 1330): 	at libcore.io.Posix.open(Native Method)
06-01 10:06:18.426 E/Hyphenator( 1330): 	at libcore.io.BlockGuardOs.open(BlockGuardOs.java:187)
06-01 10:06:18.426 E/Hyphenator( 1330): 	at libcore.io.IoBridge.open(IoBridge.java:441)
06-01 10:06:18.426 E/Hyphenator( 1330): 	... 6 more
06-01 10:06:18.428 E/Hyphenator( 1330): error loading hyphenation /system/usr/hyphen-data/hyph-mn-cyrl.hyb
06-01 10:06:18.428 E/Hyphenator( 1330): java.io.FileNotFoundException: /system/usr/hyphen-data/hyph-mn-cyrl.hyb: open failed: ENOENT (No such file or directory)
06-01 10:06:18.428 E/Hyphenator( 1330): 	at libcore.io.IoBridge.open(IoBridge.java:455)
06-01 10:06:18.428 E/Hyphenator( 1330): 	at java.io.RandomAccessFile.<init>(RandomAccessFile.java:247)
06-01 10:06:18.428 E/Hyphenator( 1330): 	at android.text.Hyphenator.loadHyphenator(Hyphenator.java:118)
06-01 10:06:18.428 E/Hyphenator( 1330): 	at android.text.Hyphenator.init(Hyphenator.java:224)
06-01 10:06:18.428 E/Hyphenator( 1330): 	at com.android.internal.os.ZygoteInit.preloadTextResources(ZygoteInit.java:252)
06-01 10:06:18.428 E/Hyphenator( 1330): 	at com.android.internal.os.ZygoteInit.preload(ZygoteInit.java:206)
06-01 10:06:18.428 E/Hyphenator( 1330): 	at com.android.internal.os.ZygoteInit.main(ZygoteInit.java:743)
06-01 10:06:18.428 E/Hyphenator( 1330): Caused by: android.system.ErrnoException: open failed: ENOENT (No such file or directory)
06-01 10:06:18.428 E/Hyphenator( 1330): 	at libcore.io.Posix.open(Native Method)
06-01 10:06:18.428 E/Hyphenator( 1330): 	at libcore.io.BlockGuardOs.open(BlockGuardOs.java:187)
06-01 10:06:18.428 E/Hyphenator( 1330): 	at libcore.io.IoBridge.open(IoBridge.java:441)
06-01 10:06:18.428 E/Hyphenator( 1330): 	... 6 more
06-01 10:06:18.443 I/art     ( 1329): Starting a blocking GC HeapTrim
06-01 10:06:18.519 I/art     ( 1329): Starting a blocking GC Background
06-01 10:06:18.531 E/Hyphenator( 1330): error loading hyphenation /system/usr/hyphen-data/hyph-mr.hyb
06-01 10:06:18.531 E/Hyphenator( 1330): java.io.FileNotFoundException: /system/usr/hyphen-data/hyph-mr.hyb: open failed: ENOENT (No such file or directory)
06-01 10:06:18.531 E/Hyphenator( 1330): 	at libcore.io.IoBridge.open(IoBridge.java:455)
06-01 10:06:18.531 E/Hyphenator( 1330): 	at java.io.RandomAccessFile.<init>(RandomAccessFile.java:247)
06-01 10:06:18.531 E/Hyphenator( 1330): 	at android.text.Hyphenator.loadHyphenator(Hyphenator.java:118)
06-01 10:06:18.531 E/Hyphenator( 1330): 	at android.text.Hyphenator.init(Hyphenator.java:224)
06-01 10:06:18.531 E/Hyphenator( 1330): 	at com.android.internal.os.ZygoteInit.preloadTextResources(ZygoteInit.java:252)
06-01 10:06:18.531 E/Hyphenator( 1330): 	at com.android.internal.os.ZygoteInit.preload(ZygoteInit.java:206)
06-01 10:06:18.531 E/Hyphenator( 1330): 	at com.android.internal.os.ZygoteInit.main(ZygoteInit.java:743)
06-01 10:06:18.531 E/Hyphenator( 1330): Caused by: android.system.ErrnoException: open failed: ENOENT (No such file or directory)
06-01 10:06:18.531 E/Hyphenator( 1330): 	at libcore.io.Posix.open(Native Method)
06-01 10:06:18.531 E/Hyphenator( 1330): 	at libcore.io.BlockGuardOs.open(BlockGuardOs.java:187)
06-01 10:06:18.531 E/Hyphenator( 1330): 	at libcore.io.IoBridge.open(IoBridge.java:441)
06-01 10:06:18.531 E/Hyphenator( 1330): 	... 6 more
06-01 10:06:18.533 E/Hyphenator( 1330): error loading hyphenation /system/usr/hyphen-data/hyph-nb.hyb
06-01 10:06:18.533 E/Hyphenator( 1330): java.io.FileNotFoundException: /system/usr/hyphen-data/hyph-nb.hyb: open failed: ENOENT (No such file or directory)
06-01 10:06:18.533 E/Hyphenator( 1330): 	at libcore.io.IoBridge.open(IoBridge.java:455)
06-01 10:06:18.533 E/Hyphenator( 1330): 	at java.io.RandomAccessFile.<init>(RandomAccessFile.java:247)
06-01 10:06:18.533 E/Hyphenator( 1330): 	at android.text.Hyphenator.loadHyphenator(Hyphenator.java:118)
06-01 10:06:18.533 E/Hyphenator( 1330): 	at android.text.Hyphenator.init(Hyphenator.java:224)
06-01 10:06:18.533 E/Hyphenator( 1330): 	at com.android.internal.os.ZygoteInit.preloadTextResources(ZygoteInit.java:252)
06-01 10:06:18.533 E/Hyphenator( 1330): 	at com.android.internal.os.ZygoteInit.preload(ZygoteInit.java:206)
06-01 10:06:18.533 E/Hyphenator( 1330): 	at com.android.internal.os.ZygoteInit.main(ZygoteInit.java:743)
06-01 10:06:18.533 E/Hyphenator( 1330): Caused by: android.system.ErrnoException: open failed: ENOENT (No such file or directory)
06-01 10:06:18.533 E/Hyphenator( 1330): 	at libcore.io.Posix.open(Native Method)
06-01 10:06:18.533 E/Hyphenator( 1330): 	at libcore.io.BlockGuardOs.open(BlockGuardOs.java:187)
06-01 10:06:18.533 E/Hyphenator( 1330): 	at libcore.io.IoBridge.open(IoBridge.java:441)
06-01 10:06:18.533 E/Hyphenator( 1330): 	... 6 more
06-01 10:06:18.535 E/Hyphenator( 1330): error loading hyphenation /system/usr/hyphen-data/hyph-nn.hyb
06-01 10:06:18.535 E/Hyphenator( 1330): java.io.FileNotFoundException: /system/usr/hyphen-data/hyph-nn.hyb: open failed: ENOENT (No such file or directory)
06-01 10:06:18.535 E/Hyphenator( 1330): 	at libcore.io.IoBridge.open(IoBridge.java:455)
06-01 10:06:18.535 E/Hyphenator( 1330): 	at java.io.RandomAccessFile.<init>(RandomAccessFile.java:247)
06-01 10:06:18.535 E/Hyphenator( 1330): 	at android.text.Hyphenator.loadHyphenator(Hyphenator.java:118)
06-01 10:06:18.535 E/Hyphenator( 1330): 	at android.text.Hyphenator.init(Hyphenator.java:224)
06-01 10:06:18.535 E/Hyphenator( 1330): 	at com.android.internal.os.ZygoteInit.preloadTextResources(ZygoteInit.java:252)
06-01 10:06:18.535 E/Hyphenator( 1330): 	at com.android.internal.os.ZygoteInit.preload(ZygoteInit.java:206)
06-01 10:06:18.535 E/Hyphenator( 1330): 	at com.android.internal.os.ZygoteInit.main(ZygoteInit.java:743)
06-01 10:06:18.535 E/Hyphenator( 1330): Caused by: android.system.ErrnoException: open failed: ENOENT (No such file or directory)
06-01 10:06:18.535 E/Hyphenator( 1330): 	at libcore.io.Posix.open(Native Method)
06-01 10:06:18.535 E/Hyphenator( 1330): 	at libcore.io.BlockGuardOs.open(BlockGuardOs.java:187)
06-01 10:06:18.535 E/Hyphenator( 1330): 	at libcore.io.IoBridge.open(IoBridge.java:441)
06-01 10:06:18.535 E/Hyphenator( 1330): 	... 6 more
06-01 10:06:18.537 E/Hyphenator( 1330): error loading hyphenation /system/usr/hyphen-data/hyph-or.hyb
06-01 10:06:18.537 E/Hyphenator( 1330): java.io.FileNotFoundException: /system/usr/hyphen-data/hyph-or.hyb: open failed: ENOENT (No such file or directory)
06-01 10:06:18.537 E/Hyphenator( 1330): 	at libcore.io.IoBridge.open(IoBridge.java:455)
06-01 10:06:18.537 E/Hyphenator( 1330): 	at java.io.RandomAccessFile.<init>(RandomAccessFile.java:247)
06-01 10:06:18.537 E/Hyphenator( 1330): 	at android.text.Hyphenator.loadHyphenator(Hyphenator.java:118)
06-01 10:06:18.537 E/Hyphenator( 1330): 	at android.text.Hyphenator.init(Hyphenator.java:224)
06-01 10:06:18.537 E/Hyphenator( 1330): 	at com.android.internal.os.ZygoteInit.preloadTextResources(ZygoteInit.java:252)
06-01 10:06:18.537 E/Hyphenator( 1330): 	at com.android.internal.os.ZygoteInit.preload(ZygoteInit.java:206)
06-01 10:06:18.537 E/Hyphenator( 1330): 	at com.android.internal.os.ZygoteInit.main(ZygoteInit.java:743)
06-01 10:06:18.537 E/Hyphenator( 1330): Caused by: android.system.ErrnoException: open failed: ENOENT (No such file or directory)
06-01 10:06:18.537 E/Hyphenator( 1330): 	at libcore.io.Posix.open(Native Method)
06-01 10:06:18.537 E/Hyphenator( 1330): 	at libcore.io.BlockGuardOs.open(BlockGuardOs.java:187)
06-01 10:06:18.537 E/Hyphenator( 1330): 	at libcore.io.IoBridge.open(IoBridge.java:441)
06-01 10:06:18.537 E/Hyphenator( 1330): 	... 6 more
06-01 10:06:18.539 E/Hyphenator( 1330): error loading hyphenation /system/usr/hyphen-data/hyph-pa.hyb
06-01 10:06:18.539 E/Hyphenator( 1330): java.io.FileNotFoundException: /system/usr/hyphen-data/hyph-pa.hyb: open failed: ENOENT (No such file or directory)
06-01 10:06:18.539 E/Hyphenator( 1330): 	at libcore.io.IoBridge.open(IoBridge.java:455)
06-01 10:06:18.539 E/Hyphenator( 1330): 	at java.io.RandomAccessFile.<init>(RandomAccessFile.java:247)
06-01 10:06:18.539 E/Hyphenator( 1330): 	at android.text.Hyphenator.loadHyphenator(Hyphenator.java:118)
06-01 10:06:18.539 E/Hyphenator( 1330): 	at android.text.Hyphenator.init(Hyphenator.java:224)
06-01 10:06:18.539 E/Hyphenator( 1330): 	at com.android.internal.os.ZygoteInit.preloadTextResources(ZygoteInit.java:252)
06-01 10:06:18.539 E/Hyphenator( 1330): 	at com.android.internal.os.ZygoteInit.preload(ZygoteInit.java:206)
06-01 10:06:18.539 E/Hyphenator( 1330): 	at com.android.internal.os.ZygoteInit.main(ZygoteInit.java:743)
06-01 10:06:18.539 E/Hyphenator( 1330): Caused by: android.system.ErrnoException: open failed: ENOENT (No such file or directory)
06-01 10:06:18.539 E/Hyphenator( 1330): 	at libcore.io.Posix.open(Native Method)
06-01 10:06:18.539 E/Hyphenator( 1330): 	at libcore.io.BlockGuardOs.open(BlockGuardOs.java:187)
06-01 10:06:18.539 E/Hyphenator( 1330): 	at libcore.io.IoBridge.open(IoBridge.java:441)
06-01 10:06:18.539 E/Hyphenator( 1330): 	... 6 more
06-01 10:06:18.603 E/Hyphenator( 1330): error loading hyphenation /system/usr/hyphen-data/hyph-pt.hyb
06-01 10:06:18.603 E/Hyphenator( 1330): java.io.FileNotFoundException: /system/usr/hyphen-data/hyph-pt.hyb: open failed: ENOENT (No such file or directory)
06-01 10:06:18.603 E/Hyphenator( 1330): 	at libcore.io.IoBridge.open(IoBridge.java:455)
06-01 10:06:18.603 E/Hyphenator( 1330): 	at java.io.RandomAccessFile.<init>(RandomAccessFile.java:247)
06-01 10:06:18.603 E/Hyphenator( 1330): 	at android.text.Hyphenator.loadHyphenator(Hyphenator.java:118)
06-01 10:06:18.603 E/Hyphenator( 1330): 	at android.text.Hyphenator.init(Hyphenator.java:224)
06-01 10:06:18.603 E/Hyphenator( 1330): 	at com.android.internal.os.ZygoteInit.preloadTextResources(ZygoteInit.java:252)
06-01 10:06:18.603 E/Hyphenator( 1330): 	at com.android.internal.os.ZygoteInit.preload(ZygoteInit.java:206)
06-01 10:06:18.603 E/Hyphenator( 1330): 	at com.android.internal.os.ZygoteInit.main(ZygoteInit.java:743)
06-01 10:06:18.603 E/Hyphenator( 1330): Caused by: android.system.ErrnoException: open failed: ENOENT (No such file or directory)
06-01 10:06:18.603 E/Hyphenator( 1330): 	at libcore.io.Posix.open(Native Method)
06-01 10:06:18.603 E/Hyphenator( 1330): 	at libcore.io.BlockGuardOs.open(BlockGuardOs.java:187)
06-01 10:06:18.603 E/Hyphenator( 1330): 	at libcore.io.IoBridge.open(IoBridge.java:441)
06-01 10:06:18.603 E/Hyphenator( 1330): 	... 6 more
06-01 10:06:18.606 E/Hyphenator( 1330): error loading hyphenation /system/usr/hyphen-data/hyph-sl.hyb
06-01 10:06:18.606 E/Hyphenator( 1330): java.io.FileNotFoundException: /system/usr/hyphen-data/hyph-sl.hyb: open failed: ENOENT (No such file or directory)
06-01 10:06:18.606 E/Hyphenator( 1330): 	at libcore.io.IoBridge.open(IoBridge.java:455)
06-01 10:06:18.606 E/Hyphenator( 1330): 	at java.io.RandomAccessFile.<init>(RandomAccessFile.java:247)
06-01 10:06:18.606 E/Hyphenator( 1330): 	at android.text.Hyphenator.loadHyphenator(Hyphenator.java:118)
06-01 10:06:18.606 E/Hyphenator( 1330): 	at android.text.Hyphenator.init(Hyphenator.java:224)
06-01 10:06:18.606 E/Hyphenator( 1330): 	at com.android.internal.os.ZygoteInit.preloadTextResources(ZygoteInit.java:252)
06-01 10:06:18.606 E/Hyphenator( 1330): 	at com.android.internal.os.ZygoteInit.preload(ZygoteInit.java:206)
06-01 10:06:18.606 E/Hyphenator( 1330): 	at com.android.internal.os.ZygoteInit.main(ZygoteInit.java:743)
06-01 10:06:18.606 E/Hyphenator( 1330): Caused by: android.system.ErrnoException: open failed: ENOENT (No such file or directory)
06-01 10:06:18.606 E/Hyphenator( 1330): 	at libcore.io.Posix.open(Native Method)
06-01 10:06:18.606 E/Hyphenator( 1330): 	at libcore.io.BlockGuardOs.open(BlockGuardOs.java:187)
06-01 10:06:18.606 E/Hyphenator( 1330): 	at libcore.io.IoBridge.open(IoBridge.java:441)
06-01 10:06:18.606 E/Hyphenator( 1330): 	... 6 more
06-01 10:06:18.608 E/Hyphenator( 1330): error loading hyphenation /system/usr/hyphen-data/hyph-ta.hyb
06-01 10:06:18.608 E/Hyphenator( 1330): java.io.FileNotFoundException: /system/usr/hyphen-data/hyph-ta.hyb: open failed: ENOENT (No such file or directory)
06-01 10:06:18.608 E/Hyphenator( 1330): 	at libcore.io.IoBridge.open(IoBridge.java:455)
06-01 10:06:18.608 E/Hyphenator( 1330): 	at java.io.RandomAccessFile.<init>(RandomAccessFile.java:247)
06-01 10:06:18.608 E/Hyphenator( 1330): 	at android.text.Hyphenator.loadHyphenator(Hyphenator.java:118)
06-01 10:06:18.608 E/Hyphenator( 1330): 	at android.text.Hyphenator.init(Hyphenator.java:224)
06-01 10:06:18.608 E/Hyphenator( 1330): 	at com.android.internal.os.ZygoteInit.preloadTextResources(ZygoteInit.java:252)
06-01 10:06:18.608 E/Hyphenator( 1330): 	at com.android.internal.os.ZygoteInit.preload(ZygoteInit.java:206)
06-01 10:06:18.608 E/Hyphenator( 1330): 	at com.android.internal.os.ZygoteInit.main(ZygoteInit.java:743)
06-01 10:06:18.608 E/Hyphenator( 1330): Caused by: android.system.ErrnoException: open failed: ENOENT (No such file or directory)
06-01 10:06:18.608 E/Hyphenator( 1330): 	at libcore.io.Posix.open(Native Method)
06-01 10:06:18.608 E/Hyphenator( 1330): 	at libcore.io.BlockGuardOs.open(BlockGuardOs.java:187)
06-01 10:06:18.608 E/Hyphenator( 1330): 	at libcore.io.IoBridge.open(IoBridge.java:441)
06-01 10:06:18.608 E/Hyphenator( 1330): 	... 6 more
06-01 10:06:18.610 E/Hyphenator( 1330): error loading hyphenation /system/usr/hyphen-data/hyph-te.hyb
06-01 10:06:18.610 E/Hyphenator( 1330): java.io.FileNotFoundException: /system/usr/hyphen-data/hyph-te.hyb: open failed: ENOENT (No such file or directory)
06-01 10:06:18.610 E/Hyphenator( 1330): 	at libcore.io.IoBridge.open(IoBridge.java:455)
06-01 10:06:18.610 E/Hyphenator( 1330): 	at java.io.RandomAccessFile.<init>(RandomAccessFile.java:247)
06-01 10:06:18.610 E/Hyphenator( 1330): 	at android.text.Hyphenator.loadHyphenator(Hyphenator.java:118)
06-01 10:06:18.610 E/Hyphenator( 1330): 	at android.text.Hyphenator.init(Hyphenator.java:224)
06-01 10:06:18.610 E/Hyphenator( 1330): 	at com.android.internal.os.ZygoteInit.preloadTextResources(ZygoteInit.java:252)
06-01 10:06:18.610 E/Hyphenator( 1330): 	at com.android.internal.os.ZygoteInit.preload(ZygoteInit.java:206)
06-01 10:06:18.610 E/Hyphenator( 1330): 	at com.android.internal.os.ZygoteInit.main(ZygoteInit.java:743)
06-01 10:06:18.610 E/Hyphenator( 1330): Caused by: android.system.ErrnoException: open failed: ENOENT (No such file or directory)
06-01 10:06:18.610 E/Hyphenator( 1330): 	at libcore.io.Posix.open(Native Method)
06-01 10:06:18.610 E/Hyphenator( 1330): 	at libcore.io.BlockGuardOs.open(BlockGuardOs.java:187)
06-01 10:06:18.610 E/Hyphenator( 1330): 	at libcore.io.IoBridge.open(IoBridge.java:441)
06-01 10:06:18.610 E/Hyphenator( 1330): 	... 6 more
06-01 10:06:18.664 E/Hyphenator( 1330): error loading hyphenation /system/usr/hyphen-data/hyph-tk.hyb
06-01 10:06:18.664 E/Hyphenator( 1330): java.io.FileNotFoundException: /system/usr/hyphen-data/hyph-tk.hyb: open failed: ENOENT (No such file or directory)
06-01 10:06:18.664 E/Hyphenator( 1330): 	at libcore.io.IoBridge.open(IoBridge.java:455)
06-01 10:06:18.664 E/Hyphenator( 1330): 	at java.io.RandomAccessFile.<init>(RandomAccessFile.java:247)
06-01 10:06:18.664 E/Hyphenator( 1330): 	at android.text.Hyphenator.loadHyphenator(Hyphenator.java:118)
06-01 10:06:18.664 E/Hyphenator( 1330): 	at android.text.Hyphenator.init(Hyphenator.java:224)
06-01 10:06:18.664 E/Hyphenator( 1330): 	at com.android.internal.os.ZygoteInit.preloadTextResources(ZygoteInit.java:252)
06-01 10:06:18.664 E/Hyphenator( 1330): 	at com.android.internal.os.ZygoteInit.preload(ZygoteInit.java:206)
06-01 10:06:18.664 E/Hyphenator( 1330): 	at com.android.internal.os.ZygoteInit.main(ZygoteInit.java:743)
06-01 10:06:18.664 E/Hyphenator( 1330): Caused by: android.system.ErrnoException: open failed: ENOENT (No such file or directory)
06-01 10:06:18.664 E/Hyphenator( 1330): 	at libcore.io.Posix.open(Native Method)
06-01 10:06:18.664 E/Hyphenator( 1330): 	at libcore.io.BlockGuardOs.open(BlockGuardOs.java:187)
06-01 10:06:18.664 E/Hyphenator( 1330): 	at libcore.io.IoBridge.open(IoBridge.java:441)
06-01 10:06:18.664 E/Hyphenator( 1330): 	... 6 more
06-01 10:06:18.666 E/Hyphenator( 1330): error loading hyphenation /system/usr/hyphen-data/hyph-und-ethi.hyb
06-01 10:06:18.666 E/Hyphenator( 1330): java.io.FileNotFoundException: /system/usr/hyphen-data/hyph-und-ethi.hyb: open failed: ENOENT (No such file or directory)
06-01 10:06:18.666 E/Hyphenator( 1330): 	at libcore.io.IoBridge.open(IoBridge.java:455)
06-01 10:06:18.666 E/Hyphenator( 1330): 	at java.io.RandomAccessFile.<init>(RandomAccessFile.java:247)
06-01 10:06:18.666 E/Hyphenator( 1330): 	at android.text.Hyphenator.loadHyphenator(Hyphenator.java:118)
06-01 10:06:18.666 E/Hyphenator( 1330): 	at android.text.Hyphenator.init(Hyphenator.java:224)
06-01 10:06:18.666 E/Hyphenator( 1330): 	at com.android.internal.os.ZygoteInit.preloadTextResources(ZygoteInit.java:252)
06-01 10:06:18.666 E/Hyphenator( 1330): 	at com.android.internal.os.ZygoteInit.preload(ZygoteInit.java:206)
06-01 10:06:18.666 E/Hyphenator( 1330): 	at com.android.internal.os.ZygoteInit.main(ZygoteInit.java:743)
06-01 10:06:18.666 E/Hyphenator( 1330): Caused by: android.system.ErrnoException: open failed: ENOENT (No such file or directory)
06-01 10:06:18.666 E/Hyphenator( 1330): 	at libcore.io.Posix.open(Native Method)
06-01 10:06:18.666 E/Hyphenator( 1330): 	at libcore.io.BlockGuardOs.open(BlockGuardOs.java:187)
06-01 10:06:18.666 E/Hyphenator( 1330): 	at libcore.io.IoBridge.open(IoBridge.java:441)
06-01 10:06:18.666 E/Hyphenator( 1330): 	... 6 more
06-01 10:06:18.742 I/art     ( 1329): Background concurrent mark sweep GC freed 79(3KB) AllocSpace objects, 0(0B) LOS objects, 39% free, 6MB/10MB, paused 260us total 222.871ms
06-01 10:06:19.466 I/Zygote  ( 1329): System server process 1857 has been created
06-01 10:06:19.526 I/Zygote  ( 1330): Uninstalled ICU cache reference pinning...
06-01 10:06:19.573 I/Zygote  ( 1329): Accepting command socket connections
06-01 10:06:19.714 I/Zygote  ( 1330): Installed AndroidKeyStoreProvider in 188ms.
06-01 10:06:20.124 E/ipv6proxy( 1852): Failed to get interface flags for wlan1: No such device
06-01 10:06:21.361 I/Zygote  ( 1330): Warmed up JCA providers in 1592ms.
06-01 10:06:21.362 D/Zygote  ( 1330): end preload
06-01 10:06:21.366 I/art     ( 1330): Starting a blocking GC Explicit
06-01 10:06:22.022 I/art     ( 1330): Explicit concurrent mark sweep GC freed 15363(1171KB) AllocSpace objects, 0(0B) LOS objects, 39% free, 6MB/10MB, paused 2.709ms total 613.153ms
06-01 10:06:22.063 I/art     ( 1330): Starting a blocking GC Explicit
06-01 10:06:22.413 I/art     ( 1330): Explicit concurrent mark sweep GC freed 1405(53KB) AllocSpace objects, 3(132KB) LOS objects, 39% free, 6MB/10MB, paused 21.838ms total 244.434ms
06-01 10:06:22.447 I/Zygote  ( 1330): Accepting command socket connections
06-01 10:06:22.453 E/hostapd ( 1873): Configuration file: /system/etc/simulated_hostapd.conf
06-01 10:06:22.616 E/hostapd ( 1873): Could not read interface wlan1 flags: No such device
06-01 10:06:22.617 I/hostapd ( 1873): nl80211: Driver does not support authentication/association or connect commands
06-01 10:06:22.617 I/hostapd ( 1873): nl80211: deinit ifname=wlan1 disabled_11b_rates=0
06-01 10:06:22.618 E/hostapd ( 1873): Could not read interface wlan1 flags: No such device
06-01 10:06:22.619 E/hostapd ( 1873): nl80211 driver initialization failed.
06-01 10:06:22.619 I/hostapd ( 1873): wlan1: interface state UNINITIALIZED->DISABLED
06-01 10:06:22.619 I/hostapd ( 1873): wlan1: AP-DISABLED 
06-01 10:06:22.619 E/hostapd ( 1873): hostapd_free_hapd_data: Interface wlan1 wasn't started
06-01 10:06:22.925 I/Zygote  ( 1857): Process: zygote socket opened, supported ABIS: x86
06-01 10:06:22.996 I/InstallerConnection( 1857): connecting...
06-01 10:06:23.037 I/        ( 1334): new connection
06-01 10:06:23.432 I/InstallerConnection( 1857): disconnecting...
06-01 10:06:23.432 E/        ( 1334): eof
06-01 10:06:23.433 E/        ( 1334): failed to read size
06-01 10:06:23.433 I/        ( 1334): closing connection
06-01 10:06:24.581 I/SystemServer( 1857): Entered the Android system server!
06-01 10:06:24.946 E/ipv6proxy( 1883): Failed to get interface flags for wlan1: No such device
06-01 10:06:26.641 I/SystemServiceManager( 1857): Starting com.android.server.pm.Installer
06-01 10:06:26.730 I/Installer( 1857): Waiting for installd to be ready.
06-01 10:06:26.731 I/InstallerConnection( 1857): connecting...
06-01 10:06:26.732 I/        ( 1334): new connection
06-01 10:06:26.734 I/SystemServiceManager( 1857): Starting com.android.server.am.ActivityManagerService$Lifecycle
06-01 10:06:27.292 I/ActivityManager( 1857): Memory class: 256
06-01 10:06:27.331 I/ServiceThread( 1857): Enabled StrictMode logging for ActivityManager looper.
06-01 10:06:27.361 E/hostapd ( 1895): Configuration file: /system/etc/simulated_hostapd.conf
06-01 10:06:27.412 I/ServiceThread( 1857): Enabled StrictMode logging for android.ui looper.
06-01 10:06:27.538 E/hostapd ( 1895): Could not read interface wlan1 flags: No such device
06-01 10:06:27.539 I/hostapd ( 1895): nl80211: Driver does not support authentication/association or connect commands
06-01 10:06:27.539 I/hostapd ( 1895): nl80211: deinit ifname=wlan1 disabled_11b_rates=0
06-01 10:06:27.587 E/hostapd ( 1895): Could not read interface wlan1 flags: No such device
06-01 10:06:27.588 E/hostapd ( 1895): nl80211 driver initialization failed.
06-01 10:06:27.588 I/hostapd ( 1895): wlan1: interface state UNINITIALIZED->DISABLED
06-01 10:06:27.589 I/hostapd ( 1895): wlan1: AP-DISABLED 
06-01 10:06:27.589 E/hostapd ( 1895): hostapd_free_hapd_data: Interface wlan1 wasn't started
06-01 10:06:27.806 D/BatteryStatsImpl( 1857): Reading daily items from /data/system/batterystats-daily.xml
06-01 10:06:30.234 E/ipv6proxy( 1910): Failed to get interface flags for wlan1: No such device
06-01 10:06:30.244 W/ProcessCpuTracker( 1857): Skipping unknown process pid 1907
06-01 10:06:30.250 W/ProcessCpuTracker( 1857): Skipping unknown process pid 1913
06-01 10:06:30.342 I/IntentFirewall( 1857): Read new rules (A:0 B:0 S:0)
06-01 10:06:30.581 I/ServiceThread( 1857): Enabled StrictMode logging for android.display looper.
06-01 10:06:30.746 D/AppOps  ( 1857): AppOpsService published
06-01 10:06:30.748 I/SystemServiceManager( 1857): Starting com.android.server.power.PowerManagerService
06-01 10:06:30.873 I/ServiceThread( 1857): Enabled StrictMode logging for PowerManagerService looper.
06-01 10:06:30.878 E/PowerManagerService-JNI( 1857): Couldn't load power module (No such file or directory)
06-01 10:06:30.879 W/libsuspend( 1857): Error writing 'on' to /sys/power/state: Invalid argument
06-01 10:06:30.892 I/libsuspend( 1857): Selected wakeup count
06-01 10:06:30.944 I/SystemServiceManager( 1857): Starting com.android.server.lights.LightsService
06-01 10:06:31.131 I/SystemServiceManager( 1857): Starting com.android.server.display.DisplayManagerService
06-01 10:06:31.201 I/SystemServiceManager( 1857): Starting phase 100
06-01 10:06:31.306 E/SurfaceFlinger( 1325): ro.sf.lcd_density must be defined as a build property
06-01 10:06:31.367 I/DisplayManagerService( 1857): Display device added: DisplayDeviceInfo{"Built-in Screen": uniqueId="local:0", 1080 x 1920, modeId 1, defaultModeId 1, supportedModes [{id=1, width=1080, height=1920, fps=60.000004}], colorMode 0, supportedColorModes [0], HdrCapabilities android.view.Display$HdrCapabilities@a69d6308, density 480, 480.0 x 480.0 dpi, appVsyncOff 1000000, presDeadline 16666666, touch INTERNAL, rotation 0, type BUILT_IN, state UNKNOWN, FLAG_DEFAULT_DISPLAY, FLAG_ROTATES_WITH_CONTENT, FLAG_SECURE, FLAG_SUPPORTS_PROTECTED_BUFFERS}
06-01 10:06:31.383 D/SurfaceFlinger( 1325): Set power mode=2, type=0 flinger=0x72eba7447000
06-01 10:06:31.384 D/SurfaceFlinger( 1325): Screen type=0 is already mode=2
06-01 10:06:31.387 I/SystemServer( 1857): StartPackageManagerService
06-01 10:06:31.391 I/DisplayManagerService( 1857): Display device changed state: "Built-in Screen", ON
06-01 10:06:32.154 W/SystemConfig( 1857): No directory /system/etc/sysconfig, skipping
06-01 10:06:32.461 E/hostapd ( 1928): Configuration file: /system/etc/simulated_hostapd.conf
06-01 10:06:32.546 E/hostapd ( 1928): Could not read interface wlan1 flags: No such device
06-01 10:06:32.547 I/hostapd ( 1928): nl80211: Driver does not support authentication/association or connect commands
06-01 10:06:32.547 I/hostapd ( 1928): nl80211: deinit ifname=wlan1 disabled_11b_rates=0
06-01 10:06:32.548 E/hostapd ( 1928): Could not read interface wlan1 flags: No such device
06-01 10:06:32.548 E/hostapd ( 1928): nl80211 driver initialization failed.
06-01 10:06:32.549 I/hostapd ( 1928): wlan1: interface state UNINITIALIZED->DISABLED
06-01 10:06:32.549 I/hostapd ( 1928): wlan1: AP-DISABLED 
06-01 10:06:32.549 E/hostapd ( 1928): hostapd_free_hapd_data: Interface wlan1 wasn't started
06-01 10:06:32.792 D/SELinuxMMAC( 1857): Using policy file /system/etc/security/mac_permissions.xml
06-01 10:06:34.916 E/ipv6proxy( 1935): Failed to get interface flags for wlan1: No such device
06-01 10:06:36.073 E/art     ( 1857): DexFile_getDexOptNeeded file '/system/framework/org.apache.http.legacy.jar' does not exist
06-01 10:06:36.077 W/PackageManager( 1857): Library not found: /system/framework/org.apache.http.legacy.jar
06-01 10:06:36.353 E/art     ( 1857): DexFile_getDexOptNeeded file '/system/framework/org.apache.http.legacy.jar' does not exist
06-01 10:06:36.354 W/PackageManager( 1857): Library not found: /system/framework/org.apache.http.legacy.jar
06-01 10:06:36.401 D/PackageManager( 1857): No files in app dir /vendor/overlay
06-01 10:06:37.063 E/hostapd ( 1943): Configuration file: /system/etc/simulated_hostapd.conf
06-01 10:06:37.187 E/hostapd ( 1943): Could not read interface wlan1 flags: No such device
06-01 10:06:37.188 I/hostapd ( 1943): nl80211: Driver does not support authentication/association or connect commands
06-01 10:06:37.189 I/hostapd ( 1943): nl80211: deinit ifname=wlan1 disabled_11b_rates=0
06-01 10:06:37.251 E/hostapd ( 1943): Could not read interface wlan1 flags: No such device
06-01 10:06:37.252 E/hostapd ( 1943): nl80211 driver initialization failed.
06-01 10:06:37.252 I/hostapd ( 1943): wlan1: interface state UNINITIALIZED->DISABLED
06-01 10:06:37.252 I/hostapd ( 1943): wlan1: AP-DISABLED 
06-01 10:06:37.252 E/hostapd ( 1943): hostapd_free_hapd_data: Interface wlan1 wasn't started
06-01 10:06:38.014 W/PackageManager( 1857): Failed to parse /system/framework/oat: Missing base APK in /system/framework/oat
06-01 10:06:38.018 W/PackageManager( 1857): Failed to parse /system/framework/x86: Missing base APK in /system/framework/x86
06-01 10:06:38.025 W/PackageManager( 1857): Failed to parse /system/framework/x86_64: Missing base APK in /system/framework/x86_64
06-01 10:06:39.417 W/PackageParser( 1857): No actions in intent filter at /system/priv-app/Contacts/Contacts.apk Binary XML file line #409
06-01 10:06:39.474 E/ipv6proxy( 1952): Failed to get interface flags for wlan1: No such device
06-01 10:06:40.725 W/PackageParser( 1857): No actions in intent filter at /system/priv-app/Dialer/Dialer.apk Binary XML file line #186
06-01 10:06:41.317 W/PackageManager( 1857): Permission android.permission.DOWNLOAD_WITHOUT_NOTIFICATION from package com.android.providers.downloads in an unknown group android.permission-group.NETWORK
06-01 10:06:43.085 E/hostapd ( 1966): Configuration file: /system/etc/simulated_hostapd.conf
06-01 10:06:43.134 E/hostapd ( 1966): Could not read interface wlan1 flags: No such device
06-01 10:06:43.134 I/hostapd ( 1966): nl80211: Driver does not support authentication/association or connect commands
06-01 10:06:43.135 I/hostapd ( 1966): nl80211: deinit ifname=wlan1 disabled_11b_rates=0
06-01 10:06:43.135 E/hostapd ( 1966): Could not read interface wlan1 flags: No such device
06-01 10:06:43.136 E/hostapd ( 1966): nl80211 driver initialization failed.
06-01 10:06:43.136 I/hostapd ( 1966): wlan1: interface state UNINITIALIZED->DISABLED
06-01 10:06:43.136 I/hostapd ( 1966): wlan1: AP-DISABLED 
06-01 10:06:43.137 E/hostapd ( 1966): hostapd_free_hapd_data: Interface wlan1 wasn't started
06-01 10:06:44.240 E/ipv6proxy( 1971): Failed to get interface flags for wlan1: No such device
06-01 10:06:44.514 W/PackageParser( 1857): Ignoring duplicate uses-permissions/uses-permissions-sdk-m: android.permission.USE_CREDENTIALS in package: com.android.settings at: Binary XML file line #53
06-01 10:06:44.515 W/PackageParser( 1857): Ignoring duplicate uses-permissions/uses-permissions-sdk-m: android.permission.READ_SYNC_SETTINGS in package: com.android.settings at: Binary XML file line #58
06-01 10:06:44.516 W/PackageParser( 1857): Ignoring duplicate uses-permissions/uses-permissions-sdk-m: android.permission.WRITE_SYNC_SETTINGS in package: com.android.settings at: Binary XML file line #59
06-01 10:06:44.963 V/NatController( 1341): runCmd(/system/bin/iptables -w -F natctrl_FORWARD) res=0
06-01 10:06:45.371 V/NatController( 1341): runCmd(/system/bin/ip6tables -w -F natctrl_FORWARD) res=0
06-01 10:06:45.967 V/NatController( 1341): runCmd(/system/bin/iptables -w -A natctrl_FORWARD -j DROP) res=0
06-01 10:06:46.437 W/PackageParser( 1857): Ignoring duplicate uses-permissions/uses-permissions-sdk-m: android.permission.INSTALL_GRANT_RUNTIME_PERMISSIONS in package: com.android.shell at: Binary XML file line #102
06-01 10:06:46.590 V/NatController( 1341): runCmd(/system/bin/iptables -w -t nat -F natctrl_nat_POSTROUTING) res=0
06-01 10:06:46.644 I/art     ( 1857): Background sticky concurrent mark sweep GC freed 31782(2MB) AllocSpace objects, 24(520KB) LOS objects, 30% free, 6MB/10MB, paused 2.583ms total 679.273ms
06-01 10:06:47.611 V/NatController( 1341): runCmd(/system/bin/ip6tables -w -t raw -F natctrl_raw_PREROUTING) res=0
06-01 10:06:47.737 W/PackageParser( 1857): Ignoring duplicate uses-permissions/uses-permissions-sdk-m: android.permission.CONFIGURE_WIFI_DISPLAY in package: com.android.systemui at: Binary XML file line #123
06-01 10:06:47.963 E/hostapd ( 1983): Configuration file: /system/etc/simulated_hostapd.conf
06-01 10:06:47.992 V/NatController( 1341): runCmd(/system/bin/iptables -w -F natctrl_tether_counters) res=1
06-01 10:06:48.238 E/hostapd ( 1983): Could not read interface wlan1 flags: No such device
06-01 10:06:48.262 I/hostapd ( 1983): nl80211: Driver does not support authentication/association or connect commands
06-01 10:06:48.263 I/hostapd ( 1983): nl80211: deinit ifname=wlan1 disabled_11b_rates=0
06-01 10:06:48.264 E/hostapd ( 1983): Could not read interface wlan1 flags: No such device
06-01 10:06:48.264 E/hostapd ( 1983): nl80211 driver initialization failed.
06-01 10:06:48.264 I/hostapd ( 1983): wlan1: interface state UNINITIALIZED->DISABLED
06-01 10:06:48.265 I/hostapd ( 1983): wlan1: AP-DISABLED 
06-01 10:06:48.265 E/hostapd ( 1983): hostapd_free_hapd_data: Interface wlan1 wasn't started
06-01 10:06:48.705 V/NatController( 1341): runCmd(/system/bin/ip6tables -w -F natctrl_tether_counters) res=1
