--------- beginning of main
05-30 04:23:18.210 W/auditd  ( 1271): type=2000 audit(0.0:1): initialized
05-30 04:23:22.700 I/auditd  ( 1271): type=1403 audit(0.0:2): policy loaded auid=4294967295 ses=4294967295
05-30 04:23:22.710 W/auditd  ( 1271): type=1404 audit(0.0:3): enforcing=1 old_enforcing=0 auid=4294967295 ses=4294967295
05-30 04:23:26.120 W/init    (    1): type=1400 audit(0.0:4): avc: denied { write } for name="tracing_on" dev="debugfs" ino=26 scontext=u:r:init:s0 tcontext=u:object_r:debugfs:s0 tclass=file permissive=0
05-30 04:23:27.996 I/        ( 1280): debuggerd: starting
--------- beginning of system
05-30 04:23:28.232 I/vold    ( 1281): Vold 3.0 (the awakening) firing up
05-30 04:23:28.236 V/vold    ( 1281): Detected support for: ext4 vfat
05-30 04:23:28.479 I/        ( 1279): debuggerd: starting
05-30 04:23:28.591 D/vold    ( 1281): Recognized experimental block major ID 253 as virtio-blk (emulator's virtual SD card device)
05-30 04:23:28.592 V/vold    ( 1281): /system/bin/sgdisk
05-30 04:23:28.592 V/vold    ( 1281):     --android-dump
05-30 04:23:28.592 V/vold    ( 1281):     /dev/block/vold/disk:253,48
05-30 04:23:28.682 D/vold    ( 1281): e4crypt_init_user0
05-30 04:23:28.683 D/vold    ( 1281): e4crypt_prepare_user_storage for volume null, user 0, serial 0, flags 1
05-30 04:23:28.684 D/vold    ( 1281): Preparing: /data/system/users/0
05-30 04:23:28.709 D/vold    ( 1281): Preparing: /data/misc/profiles/cur/0
05-30 04:23:28.735 D/vold    ( 1281): Preparing: /data/misc/profiles/cur/0/foreign-dex
05-30 04:23:28.740 D/vold    ( 1281): Preparing: /data/system_de/0
05-30 04:23:28.750 D/vold    ( 1281): Preparing: /data/misc_de/0
05-30 04:23:28.760 D/vold    ( 1281): Preparing: /data/user_de/0
05-30 04:23:28.771 D/vold    ( 1281): e4crypt_unlock_user_key 0 serial=0 token_present=0
05-30 04:23:28.792 I/vdc     (    1): 200 1282 Command succeeded
05-30 04:23:28.985 V/vold    ( 1281): DISK gpt BB9123B5-D349-492B-A02C-70E73BB77C56
05-30 04:23:28.986 V/vold    ( 1281): 
05-30 04:23:28.986 V/vold    ( 1281): PART 1 19A710A2-B3CA-11E4-B026-10604B889DCF EED9717C-D445-490C-8E8D-2D167B319359 android_meta
05-30 04:23:28.986 V/vold    ( 1281): 
05-30 04:23:28.986 V/vold    ( 1281): PART 2 193D1EA4-B3CA-11E4-B075-10604B889DCF 8F368E03-8B01-C40D-EBD0-D1FEEDFE912E android_expand
05-30 04:23:28.986 V/vold    ( 1281): 
05-30 04:23:29.024 E/vold    ( 1281): Failed to load key for GUID 8f368e038b01c40debd0d1feedfe912e: No such file or directory
05-30 04:23:29.130 I//system/bin/tzdatacheck( 1319): tzdata file /data/misc/zoneinfo/current/tzdata does not exist. No action required.
05-30 04:23:30.100 W/audioserver( 1331): type=1400 audit(0.0:5): avc: denied { getattr } for path="/vendor" dev="rootfs" ino=4008 scontext=u:r:audioserver:s0 tcontext=u:object_r:rootfs:s0 tclass=lnk_file permissive=0
05-30 04:23:30.287 I/qemu-props( 1323): connected to 'boot-properties' qemud service.
05-30 04:23:30.289 I/qemu-props( 1323): receiving..
05-30 04:23:30.289 I/qemu-props( 1323): received: qemu.cmdline=androidboot.logcat=v:* androidboot.consolepipe=qemu_pipe,pipe:logcat
05-30 04:23:30.709 I/lowmemorykiller( 1324): Using in-kernel low memory killer interface
05-30 04:23:30.713 I/qemu-props( 1323): receiving..
05-30 04:23:30.713 I/qemu-props( 1323): received: qemu.logcat=start
05-30 04:23:30.744 I/        ( 1334): installd firing up
05-30 04:23:30.970 I/qemu-props( 1323): receiving..
05-30 04:23:30.970 I/qemu-props( 1323): received: ro.opengles.version=131072
05-30 04:23:31.094 I/qemu-props( 1323): receiving..
05-30 04:23:30.240 W/mediadrmserver( 1338): type=1400 audit(0.0:6): avc: denied { getattr } for path="/vendor" dev="rootfs" ino=4008 scontext=u:r:mediadrmserver:s0 tcontext=u:object_r:rootfs:s0 tclass=lnk_file permissive=0
05-30 04:23:31.094 I/qemu-props( 1323): received: qemu.sf.fake_camera=back
05-30 04:23:31.098 I/qemu-props( 1323): receiving..
05-30 04:23:31.098 I/qemu-props( 1323): received: dalvik.vm.heapsize=256m
05-30 04:23:31.122 I/qemu-props( 1323): receiving..
05-30 04:23:31.122 I/qemu-props( 1323): received: qemu.hw.mainkeys=0
05-30 04:23:31.124 I/qemu-props( 1323): receiving..
05-30 04:23:31.124 I/qemu-props( 1323): received: qemu.sf.lcd_density=480
05-30 04:23:31.377 I/qemu-props( 1323): receiving..
05-30 04:23:31.377 I/qemu-props( 1323): received: qemu.timezone=Etc/UTC
05-30 04:23:31.434 I/qemu-props( 1323): receiving..
05-30 04:23:31.434 I/qemu-props( 1323): exiting (8 properties set).
05-30 04:23:32.325 I/keystore( 1336): Found keymaster0 module Keymaster OpenSSL HAL, version 2
05-30 04:23:32.326 I/SoftKeymaster( 1336): system/keymaster/soft_keymaster_device.cpp, Line 131: Creating device
05-30 04:23:32.326 D/SoftKeymaster( 1336): system/keymaster/soft_keymaster_device.cpp, Line 132: Device address: 0x786f6ec3d000
05-30 04:23:32.327 I/keystore( 1336): Keymaster0 module is software-only.  Using SoftKeymasterDevice instead.
05-30 04:23:32.327 I/SoftKeymaster( 1336): system/keymaster/soft_keymaster_device.cpp, Line 131: Creating device
05-30 04:23:32.327 D/SoftKeymaster( 1336): system/keymaster/soft_keymaster_device.cpp, Line 132: Device address: 0x786f6ec3d400
05-30 04:23:32.892 I/perfprofd( 1348): starting Android Wide Profiling daemon
05-30 04:23:32.903 E/perfprofd( 1348): unable to open configuration file /data/data/com.google.android.gms/files/perfprofd.conf
05-30 04:23:33.133 I/fingerprintd( 1346): Starting fingerprintd
05-30 04:23:33.238 I/perfprofd( 1348): random seed set to 1933008117
05-30 04:23:33.161 I/gatekeeperd( 1347): Starting gatekeeperd...
05-30 04:23:33.298 W/gatekeeperd( 1347): falling back to software GateKeeper
05-30 04:23:34.636 I/Netd    ( 1341): Netd 1.0 starting
05-30 04:23:34.691 D/TetherController( 1341): Setting IP forward enable = 0
05-30 04:23:35.356 I/SurfaceFlinger( 1326): SurfaceFlinger is starting
05-30 04:23:35.409 I/SurfaceFlinger( 1326): SurfaceFlinger's main thread ready to run. Initializing graphics H/W...
05-30 04:23:35.412 D/libEGL  ( 1326): Emulator without GPU support detected. Fallback to legacy software renderer, qemu.gles is set to 0.
05-30 04:23:35.530 D/libEGL  ( 1326): loaded /system/lib64/egl/libGLES_android.so
05-30 04:23:30.240 W/mediacodec( 1337): type=1400 audit(0.0:7): avc: denied { getattr } for path="/vendor" dev="rootfs" ino=4008 scontext=u:r:mediacodec:s0 tcontext=u:object_r:rootfs:s0 tclass=lnk_file permissive=0
05-30 04:23:30.240 W/cameraserver( 1332): type=1400 audit(0.0:8): avc: denied { getattr } for path="/vendor" dev="rootfs" ino=4008 scontext=u:r:cameraserver:s0 tcontext=u:object_r:rootfs:s0 tclass=lnk_file permissive=0
05-30 04:23:36.930 W/bootanimation( 1552): type=1400 audit(0.0:9): avc: denied { getattr } for path="/vendor" dev="rootfs" ino=4008 scontext=u:r:bootanim:s0 tcontext=u:object_r:rootfs:s0 tclass=lnk_file permissive=0
05-30 04:23:36.465 D/gralloc_ranchu( 1326): Emulator without host-side GPU emulation detected. Loading gralloc.default.so from /vendor/lib64/hw/gralloc.goldfish.default.so...
05-30 04:23:36.467 D/gralloc_ranchu( 1326): gralloc.default.so not found in /vendor. Trying /system/lib64/hw/gralloc.goldfish.default.so...
05-30 04:23:36.473 I/gralloc ( 1326): using (fd=11)
05-30 04:23:36.473 I/gralloc ( 1326): id           = 
05-30 04:23:36.473 I/gralloc ( 1326): xres         = 1080 px
05-30 04:23:36.473 I/gralloc ( 1326): yres         = 1920 px
05-30 04:23:36.473 I/gralloc ( 1326): xres_virtual = 1080 px
05-30 04:23:36.473 I/gralloc ( 1326): yres_virtual = 3840 px
05-30 04:23:36.473 I/gralloc ( 1326): bpp          = 16
05-30 04:23:36.473 I/gralloc ( 1326): r            = 11:5
05-30 04:23:36.473 I/gralloc ( 1326): g            =  5:6
05-30 04:23:36.473 I/gralloc ( 1326): b            =  0:5
05-30 04:23:36.474 I/gralloc ( 1326): width        = 166 mm (165.253006 dpi)
05-30 04:23:36.474 I/gralloc ( 1326): height       = 296 mm (164.756760 dpi)
05-30 04:23:36.474 I/gralloc ( 1326): refresh rate = 60.00 Hz
05-30 04:23:36.533 E/SurfaceFlinger( 1326): hwcomposer module not found
05-30 04:23:36.536 W/SurfaceFlinger( 1326): no suitable EGLConfig found, trying a simpler query
05-30 04:23:36.536 W/SurfaceFlinger( 1326): EGL_SLOW_CONFIG selected!
05-30 04:23:36.536 I/SurfaceFlinger( 1326): EGL information:
05-30 04:23:36.536 I/SurfaceFlinger( 1326): vendor    : Android
05-30 04:23:36.536 I/SurfaceFlinger( 1326): version   : 1.4 Android META-EGL
05-30 04:23:36.537 I/SurfaceFlinger( 1326): extensions: EGL_KHR_get_all_proc_addresses EGL_ANDROID_presentation_time EGL_KHR_swap_buffers_with_damage EGL_ANDROID_create_native_client_buffer EGL_ANDROID_front_buffer_auto_refresh EGL_KHR_image_base EGL_KHR_fence_sync EGL_ANDROID_image_native_buffer 
05-30 04:23:36.537 I/SurfaceFlinger( 1326): Client API: OpenGL_ES
05-30 04:23:36.537 I/SurfaceFlinger( 1326): EGLSurface: 5-6-5-0, config=0x0
05-30 04:23:36.539 W/SurfaceFlinger( 1326): no suitable EGLConfig found, trying a simpler query
05-30 04:23:36.539 W/SurfaceFlinger( 1326): EGL_SLOW_CONFIG selected!
05-30 04:23:36.539 I/SurfaceFlinger( 1326): EGL information:
05-30 04:23:36.539 I/SurfaceFlinger( 1326): vendor    : Android
05-30 04:23:36.539 I/SurfaceFlinger( 1326): version   : 1.4 Android META-EGL
05-30 04:23:36.539 I/SurfaceFlinger( 1326): extensions: EGL_KHR_get_all_proc_addresses EGL_ANDROID_presentation_time EGL_KHR_swap_buffers_with_damage EGL_ANDROID_create_native_client_buffer EGL_ANDROID_front_buffer_auto_refresh EGL_KHR_image_base EGL_KHR_fence_sync EGL_ANDROID_image_native_buffer 
05-30 04:23:36.539 I/SurfaceFlinger( 1326): Client API: OpenGL_ES
05-30 04:23:36.539 I/SurfaceFlinger( 1326): EGLSurface: 5-6-5-0, config=0x0
05-30 04:23:36.597 I/SurfaceFlinger( 1326): OpenGL ES informations:
05-30 04:23:36.597 I/SurfaceFlinger( 1326): vendor    : Android
05-30 04:23:36.597 I/SurfaceFlinger( 1326): renderer  : Android PixelFlinger 1.4
05-30 04:23:36.597 I/SurfaceFlinger( 1326): version   : OpenGL ES-CM 1.0
05-30 04:23:36.597 I/SurfaceFlinger( 1326): extensions: GL_EXT_debug_marker GL_OES_byte_coordinates GL_OES_fixed_point GL_OES_single_precision GL_OES_read_format GL_OES_compressed_paletted_texture GL_OES_draw_texture GL_OES_matrix_get GL_OES_query_matrix GL_OES_EGL_image GL_OES_EGL_sync GL_OES_compressed_ETC1_RGB8_texture GL_ARB_texture_compression GL_ARB_texture_non_power_of_two GL_ANDROID_user_clip_plane GL_ANDROID_vertex_buffer_object GL_ANDROID_generate_mipmap 
05-30 04:23:36.597 I/SurfaceFlinger( 1326): GL_MAX_TEXTURE_SIZE = 4096
05-30 04:23:36.597 I/SurfaceFlinger( 1326): GL_MAX_VIEWPORT_DIMS = 4096
05-30 04:23:36.625 W/SurfaceFlinger( 1326): no suitable EGLConfig found, trying a simpler query
05-30 04:23:36.625 W/SurfaceFlinger( 1326): EGL_SLOW_CONFIG selected!
05-30 04:23:36.625 I/SurfaceFlinger( 1326): EGL information:
05-30 04:23:36.625 I/SurfaceFlinger( 1326): vendor    : Android
05-30 04:23:36.625 I/SurfaceFlinger( 1326): version   : 1.4 Android META-EGL
05-30 04:23:36.625 I/SurfaceFlinger( 1326): extensions: EGL_KHR_get_all_proc_addresses EGL_ANDROID_presentation_time EGL_KHR_swap_buffers_with_damage EGL_ANDROID_create_native_client_buffer EGL_ANDROID_front_buffer_auto_refresh EGL_KHR_image_base EGL_KHR_fence_sync EGL_ANDROID_image_native_buffer 
05-30 04:23:36.625 I/SurfaceFlinger( 1326): Client API: OpenGL_ES
05-30 04:23:36.625 I/SurfaceFlinger( 1326): EGLSurface: 5-6-5-0, config=0x0
05-30 04:23:36.690 E/libEGL  ( 1326): called unimplemented OpenGL ES API
05-30 04:23:36.691 E/SurfaceFlinger( 1326): Error while compiling shader: 
05-30 04:23:36.691 E/SurfaceFlinger( 1326): attribute vec4 position;
05-30 04:23:36.691 E/SurfaceFlinger( 1326): uniform mat4 projection;
05-30 04:23:36.691 E/SurfaceFlinger( 1326): uniform mat4 texture;
05-30 04:23:36.691 E/SurfaceFlinger( 1326): void main(void) {
05-30 04:23:36.691 E/SurfaceFlinger( 1326):     gl_Position = projection * position;
05-30 04:23:36.691 E/SurfaceFlinger( 1326): }
05-30 04:23:36.691 E/SurfaceFlinger( 1326): 
05-30 04:23:36.691 E/SurfaceFlinger( 1326): \F6\FF\FF\FF\FF\FF\FF\FF\9FQڣ\FEr
05-30 04:23:36.691 E/SurfaceFlinger( 1326): Error while compiling shader: 
05-30 04:23:36.691 E/SurfaceFlinger( 1326): precision mediump float;
05-30 04:23:36.691 E/SurfaceFlinger( 1326): uniform vec4 color;
05-30 04:23:36.691 E/SurfaceFlinger( 1326): void main(void) {
05-30 04:23:36.691 E/SurfaceFlinger( 1326):     gl_FragColor = color;
05-30 04:23:36.691 E/SurfaceFlinger( 1326): }
05-30 04:23:36.691 E/SurfaceFlinger( 1326): 
05-30 04:23:36.691 E/SurfaceFlinger( 1326): \F6\FF\FF\FF\FF\FF\FF\FF\9FQڣ\FEr
05-30 04:23:36.691 E/SurfaceFlinger( 1326): Error while linking shaders:
05-30 04:23:36.691 E/SurfaceFlinger( 1326): Error while compiling shader: 
05-30 04:23:36.691 E/SurfaceFlinger( 1326): attribute vec4 position;
05-30 04:23:36.691 E/SurfaceFlinger( 1326): uniform mat4 projection;
05-30 04:23:36.691 E/SurfaceFlinger( 1326): uniform mat4 texture;
05-30 04:23:36.691 E/SurfaceFlinger( 1326): void main(void) {
05-30 04:23:36.691 E/SurfaceFlinger( 1326):     gl_Position = projection * position;
05-30 04:23:36.691 E/SurfaceFlinger( 1326): }
05-30 04:23:36.691 E/SurfaceFlinger( 1326): 
05-30 04:23:36.691 E/SurfaceFlinger( 1326): \F6\FF\FF\FF\FF\FF\FF\FF\9FQڣ\FEr
05-30 04:23:36.691 E/SurfaceFlinger( 1326): Error while compiling shader: 
05-30 04:23:36.691 E/SurfaceFlinger( 1326): precision mediump float;
05-30 04:23:36.691 E/SurfaceFlinger( 1326): uniform vec4 color;
05-30 04:23:36.691 E/SurfaceFlinger( 1326): void main(void) {
05-30 04:23:36.691 E/SurfaceFlinger( 1326):     gl_FragColor = color;
05-30 04:23:36.691 E/SurfaceFlinger( 1326): }
05-30 04:23:36.691 E/SurfaceFlinger( 1326): 
05-30 04:23:36.691 E/SurfaceFlinger( 1326): \F6\FF\FF\FF\FF\FF\FF\FF\9FQڣ\FEr
05-30 04:23:36.691 E/SurfaceFlinger( 1326): Error while linking shaders:
05-30 04:23:36.692 E/SurfaceFlinger( 1326): Error while compiling shader: 
05-30 04:23:36.692 E/SurfaceFlinger( 1326): attribute vec4 position;
05-30 04:23:36.692 E/SurfaceFlinger( 1326): uniform mat4 projection;
05-30 04:23:36.692 E/SurfaceFlinger( 1326): uniform mat4 texture;
05-30 04:23:36.692 E/SurfaceFlinger( 1326): void main(void) {
05-30 04:23:36.692 E/SurfaceFlinger( 1326):     gl_Position = projection * position;
05-30 04:23:36.692 E/SurfaceFlinger( 1326): }
05-30 04:23:36.692 E/SurfaceFlinger( 1326): 
05-30 04:23:36.692 E/SurfaceFlinger( 1326): \F6\FF\FF\FF\FF\FF\FF\FF\9FQڣ\FEr
05-30 04:23:36.692 E/SurfaceFlinger( 1326): Error while compiling shader: 
05-30 04:23:36.692 E/SurfaceFlinger( 1326): precision mediump float;
05-30 04:23:36.692 E/SurfaceFlinger( 1326): uniform vec4 color;
05-30 04:23:36.692 E/SurfaceFlinger( 1326): void main(void) {
05-30 04:23:36.692 E/SurfaceFlinger( 1326):     gl_FragColor = color;
05-30 04:23:36.692 E/SurfaceFlinger( 1326):     gl_FragColor.a = 1.0;
05-30 04:23:36.692 E/SurfaceFlinger( 1326): }
05-30 04:23:36.692 E/SurfaceFlinger( 1326): 
05-30 04:23:36.692 E/SurfaceFlinger( 1326): \F6\FF\FF\FF\FF\FF\FF\FF\9FQڣ\FEr
05-30 04:23:36.692 E/SurfaceFlinger( 1326): Error while linking shaders:
05-30 04:23:36.692 E/SurfaceFlinger( 1326): Error while compiling shader: 
05-30 04:23:36.692 E/SurfaceFlinger( 1326): attribute vec4 position;
05-30 04:23:36.692 E/SurfaceFlinger( 1326): uniform mat4 projection;
05-30 04:23:36.692 E/SurfaceFlinger( 1326): uniform mat4 texture;
05-30 04:23:36.692 E/SurfaceFlinger( 1326): void main(void) {
05-30 04:23:36.692 E/SurfaceFlinger( 1326):     gl_Position = projection * position;
05-30 04:23:36.692 E/SurfaceFlinger( 1326): }
05-30 04:23:36.692 E/SurfaceFlinger( 1326): 
05-30 04:23:36.692 E/SurfaceFlinger( 1326): \F6\FF\FF\FF\FF\FF\FF\FF\9FQڣ\FEr
05-30 04:23:36.692 E/SurfaceFlinger( 1326): Error while compiling shader: 
05-30 04:23:36.692 E/SurfaceFlinger( 1326): precision mediump float;
05-30 04:23:36.692 E/SurfaceFlinger( 1326): uniform vec4 color;
05-30 04:23:36.692 E/SurfaceFlinger( 1326): void main(void) {
05-30 04:23:36.692 E/SurfaceFlinger( 1326):     gl_FragColor = color;
05-30 04:23:36.692 E/SurfaceFlinger( 1326):     gl_FragColor.a = 1.0;
05-30 04:23:36.692 E/SurfaceFlinger( 1326): }
05-30 04:23:36.692 E/SurfaceFlinger( 1326): 
05-30 04:23:36.692 E/SurfaceFlinger( 1326): \F6\FF\FF\FF\FF\FF\FF\FF\9FQڣ\FEr
05-30 04:23:36.692 E/SurfaceFlinger( 1326): Error while linking shaders:
05-30 04:23:36.692 E/SurfaceFlinger( 1326): Error while compiling shader: 
05-30 04:23:36.692 E/SurfaceFlinger( 1326): attribute vec4 position;
05-30 04:23:36.692 E/SurfaceFlinger( 1326): uniform mat4 projection;
05-30 04:23:36.692 E/SurfaceFlinger( 1326): uniform mat4 texture;
05-30 04:23:36.692 E/SurfaceFlinger( 1326): void main(void) {
05-30 04:23:36.692 E/SurfaceFlinger( 1326):     gl_Position = projection * position;
05-30 04:23:36.692 E/SurfaceFlinger( 1326): }
05-30 04:23:36.692 E/SurfaceFlinger( 1326): 
05-30 04:23:36.692 E/SurfaceFlinger( 1326): \F6\FF\FF\FF\FF\FF\FF\FF\9FQڣ\FEr
05-30 04:23:36.692 E/SurfaceFlinger( 1326): Error while compiling shader: 
05-30 04:23:36.692 E/SurfaceFlinger( 1326): precision mediump float;
05-30 04:23:36.692 E/SurfaceFlinger( 1326): uniform vec4 color;
05-30 04:23:36.692 E/SurfaceFlinger( 1326): uniform float alphaPlane;
05-30 04:23:36.692 E/SurfaceFlinger( 1326): void main(void) {
05-30 04:23:36.692 E/SurfaceFlinger( 1326):     gl_FragColor = color;
05-30 04:23:36.692 E/SurfaceFlinger( 1326):     gl_FragColor.a *= alphaPlane;
05-30 04:23:36.692 E/SurfaceFlinger( 1326): }
05-30 04:23:36.692 E/SurfaceFlinger( 1326): 
05-30 04:23:36.692 E/SurfaceFlinger( 1326): \F6\FF\FF\FF\FF\FF\FF\FF\9FQڣ\FEr
05-30 04:23:36.692 E/SurfaceFlinger( 1326): Error while linking shaders:
05-30 04:23:36.692 E/SurfaceFlinger( 1326): Error while compiling shader: 
05-30 04:23:36.692 E/SurfaceFlinger( 1326): attribute vec4 position;
05-30 04:23:36.692 E/SurfaceFlinger( 1326): uniform mat4 projection;
05-30 04:23:36.692 E/SurfaceFlinger( 1326): uniform mat4 texture;
05-30 04:23:36.692 E/SurfaceFlinger( 1326): void main(void) {
05-30 04:23:36.692 E/SurfaceFlinger( 1326):     gl_Position = projection * position;
05-30 04:23:36.692 E/SurfaceFlinger( 1326): }
05-30 04:23:36.692 E/SurfaceFlinger( 1326): 
05-30 04:23:36.692 E/SurfaceFlinger( 1326): \F6\FF\FF\FF\FF\FF\FF\FF\9FQڣ\FEr
05-30 04:23:36.692 E/SurfaceFlinger( 1326): Error while compiling shader: 
05-30 04:23:36.692 E/SurfaceFlinger( 1326): precision mediump float;
05-30 04:23:36.692 E/SurfaceFlinger( 1326): uniform vec4 color;
05-30 04:23:36.692 E/SurfaceFlinger( 1326): uniform float alphaPlane;
05-30 04:23:36.692 E/SurfaceFlinger( 1326): void main(void) {
05-30 04:23:36.692 E/SurfaceFlinger( 1326):     gl_FragColor = color;
05-30 04:23:36.692 E/SurfaceFlinger( 1326):     gl_FragColor *= alphaPlane;
05-30 04:23:36.692 E/SurfaceFlinger( 1326): }
05-30 04:23:36.692 E/SurfaceFlinger( 1326): 
05-30 04:23:36.692 E/SurfaceFlinger( 1326): \F6\FF\FF\FF\FF\FF\FF\FF\9FQڣ\FEr
05-30 04:23:36.692 E/SurfaceFlinger( 1326): Error while linking shaders:
05-30 04:23:36.693 E/SurfaceFlinger( 1326): Error while compiling shader: 
05-30 04:23:36.693 E/SurfaceFlinger( 1326): attribute vec4 position;
05-30 04:23:36.693 E/SurfaceFlinger( 1326): uniform mat4 projection;
05-30 04:23:36.693 E/SurfaceFlinger( 1326): uniform mat4 texture;
05-30 04:23:36.693 E/SurfaceFlinger( 1326): void main(void) {
05-30 04:23:36.693 E/SurfaceFlinger( 1326):     gl_Position = projection * position;
05-30 04:23:36.693 E/SurfaceFlinger( 1326): }
05-30 04:23:36.693 E/SurfaceFlinger( 1326): 
05-30 04:23:36.693 E/SurfaceFlinger( 1326): \F6\FF\FF\FF\FF\FF\FF\FF\9FQڣ\FEr
05-30 04:23:36.693 E/SurfaceFlinger( 1326): Error while compiling shader: 
05-30 04:23:36.693 E/SurfaceFlinger( 1326): precision mediump float;
05-30 04:23:36.693 E/SurfaceFlinger( 1326): uniform vec4 color;
05-30 04:23:36.693 E/SurfaceFlinger( 1326): uniform float alphaPlane;
05-30 04:23:36.693 E/SurfaceFlinger( 1326): void main(void) {
05-30 04:23:36.693 E/SurfaceFlinger( 1326):     gl_FragColor = color;
05-30 04:23:36.693 E/SurfaceFlinger( 1326):     gl_FragColor.a = 1.0;
05-30 04:23:36.693 E/SurfaceFlinger( 1326):     gl_FragColor.a *= alphaPlane;
05-30 04:23:36.693 E/SurfaceFlinger( 1326): }
05-30 04:23:36.693 E/SurfaceFlinger( 1326): 
05-30 04:23:36.693 E/SurfaceFlinger( 1326): \F6\FF\FF\FF\FF\FF\FF\FF\9FQڣ\FEr
05-30 04:23:36.693 E/SurfaceFlinger( 1326): Error while linking shaders:
05-30 04:23:36.693 E/SurfaceFlinger( 1326): Error while compiling shader: 
05-30 04:23:36.693 E/SurfaceFlinger( 1326): attribute vec4 position;
05-30 04:23:36.693 E/SurfaceFlinger( 1326): uniform mat4 projection;
05-30 04:23:36.693 E/SurfaceFlinger( 1326): uniform mat4 texture;
05-30 04:23:36.693 E/SurfaceFlinger( 1326): void main(void) {
05-30 04:23:36.693 E/SurfaceFlinger( 1326):     gl_Position = projection * position;
05-30 04:23:36.693 E/SurfaceFlinger( 1326): }
05-30 04:23:36.693 E/SurfaceFlinger( 1326): 
05-30 04:23:36.693 E/SurfaceFlinger( 1326): \F6\FF\FF\FF\FF\FF\FF\FF\9FQڣ\FEr
05-30 04:23:36.693 E/SurfaceFlinger( 1326): Error while compiling shader: 
05-30 04:23:36.693 E/SurfaceFlinger( 1326): precision mediump float;
05-30 04:23:36.693 E/SurfaceFlinger( 1326): uniform vec4 color;
05-30 04:23:36.693 E/SurfaceFlinger( 1326): uniform float alphaPlane;
05-30 04:23:36.693 E/SurfaceFlinger( 1326): void main(void) {
05-30 04:23:36.693 E/SurfaceFlinger( 1326):     gl_FragColor = color;
05-30 04:23:36.693 E/SurfaceFlinger( 1326):     gl_FragColor.a = 1.0;
05-30 04:23:36.693 E/SurfaceFlinger( 1326):     gl_FragColor *= alphaPlane;
05-30 04:23:36.693 E/SurfaceFlinger( 1326): }
05-30 04:23:36.693 E/SurfaceFlinger( 1326): 
05-30 04:23:36.693 E/SurfaceFlinger( 1326): \F6\FF\FF\FF\FF\FF\FF\FF\9FQڣ\FEr
05-30 04:23:36.693 E/SurfaceFlinger( 1326): Error while linking shaders:
05-30 04:23:36.693 E/SurfaceFlinger( 1326): Error while compiling shader: 
05-30 04:23:36.693 E/SurfaceFlinger( 1326): attribute vec4 texCoords;
05-30 04:23:36.693 E/SurfaceFlinger( 1326): varying vec2 outTexCoords;
05-30 04:23:36.693 E/SurfaceFlinger( 1326): attribute vec4 position;
05-30 04:23:36.693 E/SurfaceFlinger( 1326): uniform mat4 projection;
05-30 04:23:36.693 E/SurfaceFlinger( 1326): uniform mat4 texture;
05-30 04:23:36.693 E/SurfaceFlinger( 1326): void main(void) {
05-30 04:23:36.693 E/SurfaceFlinger( 1326):     gl_Position = projection * position;
05-30 04:23:36.693 E/SurfaceFlinger( 1326):     outTexCoords = (texture * texCoords).st;
05-30 04:23:36.693 E/SurfaceFlinger( 1326): }
05-30 04:23:36.693 E/SurfaceFlinger( 1326): 
05-30 04:23:36.693 E/SurfaceFlinger( 1326): \F6\FF\FF\FF\FF\FF\FF\FF\9FQڣ\FEr
05-30 04:23:36.693 E/SurfaceFlinger( 1326): Error while compiling shader: 
05-30 04:23:36.693 E/SurfaceFlinger( 1326): #extension GL_OES_EGL_image_external : require
05-30 04:23:36.693 E/SurfaceFlinger( 1326): precision mediump float;
05-30 04:23:36.693 E/SurfaceFlinger( 1326): uniform samplerExternalOES sampler;
05-30 04:23:36.693 E/SurfaceFlinger( 1326): varying vec2 outTexCoords;
05-30 04:23:36.693 E/SurfaceFlinger( 1326): void main(void) {
05-30 04:23:36.693 E/SurfaceFlinger( 1326):     gl_FragColor = texture2D(sampler, outTexCoords);
05-30 04:23:36.693 E/SurfaceFlinger( 1326): }
05-30 04:23:36.693 E/SurfaceFlinger( 1326): 
05-30 04:23:36.693 E/SurfaceFlinger( 1326): \F6\FF\FF\FF\FF\FF\FF\FF\9FQڣ\FEr
05-30 04:23:36.693 E/SurfaceFlinger( 1326): Error while linking shaders:
05-30 04:23:36.693 E/SurfaceFlinger( 1326): Error while compiling shader: 
05-30 04:23:36.693 E/SurfaceFlinger( 1326): attribute vec4 texCoords;
05-30 04:23:36.693 E/SurfaceFlinger( 1326): varying vec2 outTexCoords;
05-30 04:23:36.693 E/SurfaceFlinger( 1326): attribute vec4 position;
05-30 04:23:36.693 E/SurfaceFlinger( 1326): uniform mat4 projection;
05-30 04:23:36.693 E/SurfaceFlinger( 1326): uniform mat4 texture;
05-30 04:23:36.693 E/SurfaceFlinger( 1326): void main(void) {
05-30 04:23:36.693 E/SurfaceFlinger( 1326):     gl_Position = projection * position;
05-30 04:23:36.693 E/SurfaceFlinger( 1326):     outTexCoords = (texture * texCoords).st;
05-30 04:23:36.693 E/SurfaceFlinger( 1326): }
05-30 04:23:36.693 E/SurfaceFlinger( 1326): 
05-30 04:23:36.693 E/SurfaceFlinger( 1326): \F6\FF\FF\FF\FF\FF\FF\FF\9FQڣ\FEr
05-30 04:23:36.693 E/SurfaceFlinger( 1326): Error while compiling shader: 
05-30 04:23:36.693 E/SurfaceFlinger( 1326): #extension GL_OES_EGL_image_external : require
05-30 04:23:36.693 E/SurfaceFlinger( 1326): precision mediump float;
05-30 04:23:36.693 E/SurfaceFlinger( 1326): uniform samplerExternalOES sampler;
05-30 04:23:36.693 E/SurfaceFlinger( 1326): varying vec2 outTexCoords;
05-30 04:23:36.693 E/SurfaceFlinger( 1326): void main(void) {
05-30 04:23:36.693 E/SurfaceFlinger( 1326):     gl_FragColor = texture2D(sampler, outTexCoords);
05-30 04:23:36.693 E/SurfaceFlinger( 1326): }
05-30 04:23:36.693 E/SurfaceFlinger( 1326): 
05-30 04:23:36.693 E/SurfaceFlinger( 1326): \F6\FF\FF\FF\FF\FF\FF\FF\9FQڣ\FEr
05-30 04:23:36.693 E/SurfaceFlinger( 1326): Error while linking shaders:
05-30 04:23:36.694 E/SurfaceFlinger( 1326): Error while compiling shader: 
05-30 04:23:36.694 E/SurfaceFlinger( 1326): attribute vec4 texCoords;
05-30 04:23:36.694 E/SurfaceFlinger( 1326): varying vec2 outTexCoords;
05-30 04:23:36.694 E/SurfaceFlinger( 1326): attribute vec4 position;
05-30 04:23:36.694 E/SurfaceFlinger( 1326): uniform mat4 projection;
05-30 04:23:36.694 E/SurfaceFlinger( 1326): uniform mat4 texture;
05-30 04:23:36.694 E/SurfaceFlinger( 1326): void main(void) {
05-30 04:23:36.694 E/SurfaceFlinger( 1326):     gl_Position = projection * position;
05-30 04:23:36.694 E/SurfaceFlinger( 1326):     outTexCoords = (texture * texCoords).st;
05-30 04:23:36.694 E/SurfaceFlinger( 1326): }
05-30 04:23:36.694 E/SurfaceFlinger( 1326): 
05-30 04:23:36.694 E/SurfaceFlinger( 1326): \F6\FF\FF\FF\FF\FF\FF\FF\9FQڣ\FEr
05-30 04:23:36.694 E/SurfaceFlinger( 1326): Error while compiling shader: 
05-30 04:23:36.694 E/SurfaceFlinger( 1326): #extension GL_OES_EGL_image_external : require
05-30 04:23:36.694 E/SurfaceFlinger( 1326): precision mediump float;
05-30 04:23:36.694 E/SurfaceFlinger( 1326): uniform samplerExternalOES sampler;
05-30 04:23:36.694 E/SurfaceFlinger( 1326): varying vec2 outTexCoords;
05-30 04:23:36.694 E/SurfaceFlinger( 1326): void main(void) {
05-30 04:23:36.694 E/SurfaceFlinger( 1326):     gl_FragColor = texture2D(sampler, outTexCoords);
05-30 04:23:36.694 E/SurfaceFlinger( 1326):     gl_FragColor.a = 1.0;
05-30 04:23:36.694 E/SurfaceFlinger( 1326): }
05-30 04:23:36.694 E/SurfaceFlinger( 1326): 
05-30 04:23:36.694 E/SurfaceFlinger( 1326): \F6\FF\FF\FF\FF\FF\FF\FF\9FQڣ\FEr
05-30 04:23:36.694 E/SurfaceFlinger( 1326): Error while linking shaders:
05-30 04:23:36.694 E/SurfaceFlinger( 1326): Error while compiling shader: 
05-30 04:23:36.694 E/SurfaceFlinger( 1326): attribute vec4 texCoords;
05-30 04:23:36.694 E/SurfaceFlinger( 1326): varying vec2 outTexCoords;
05-30 04:23:36.694 E/SurfaceFlinger( 1326): attribute vec4 position;
05-30 04:23:36.694 E/SurfaceFlinger( 1326): uniform mat4 projection;
05-30 04:23:36.694 E/SurfaceFlinger( 1326): uniform mat4 texture;
05-30 04:23:36.694 E/SurfaceFlinger( 1326): void main(void) {
05-30 04:23:36.694 E/SurfaceFlinger( 1326):     gl_Position = projection * position;
05-30 04:23:36.694 E/SurfaceFlinger( 1326):     outTexCoords = (texture * texCoords).st;
05-30 04:23:36.694 E/SurfaceFlinger( 1326): }
05-30 04:23:36.694 E/SurfaceFlinger( 1326): 
05-30 04:23:36.694 E/SurfaceFlinger( 1326): \F6\FF\FF\FF\FF\FF\FF\FF\9FQڣ\FEr
05-30 04:23:36.694 E/SurfaceFlinger( 1326): Error while compiling shader: 
05-30 04:23:36.694 E/SurfaceFlinger( 1326): #extension GL_OES_EGL_image_external : require
05-30 04:23:36.694 E/SurfaceFlinger( 1326): precision mediump float;
05-30 04:23:36.694 E/SurfaceFlinger( 1326): uniform samplerExternalOES sampler;
05-30 04:23:36.694 E/SurfaceFlinger( 1326): varying vec2 outTexCoords;
05-30 04:23:36.694 E/SurfaceFlinger( 1326): void main(void) {
05-30 04:23:36.694 E/SurfaceFlinger( 1326):     gl_FragColor = texture2D(sampler, outTexCoords);
05-30 04:23:36.694 E/SurfaceFlinger( 1326):     gl_FragColor.a = 1.0;
05-30 04:23:36.694 E/SurfaceFlinger( 1326): }
05-30 04:23:36.694 E/SurfaceFlinger( 1326): 
05-30 04:23:36.694 E/SurfaceFlinger( 1326): \F6\FF\FF\FF\FF\FF\FF\FF\9FQڣ\FEr
05-30 04:23:36.694 E/SurfaceFlinger( 1326): Error while linking shaders:
05-30 04:23:36.694 E/SurfaceFlinger( 1326): Error while compiling shader: 
05-30 04:23:36.694 E/SurfaceFlinger( 1326): attribute vec4 texCoords;
05-30 04:23:36.694 E/SurfaceFlinger( 1326): varying vec2 outTexCoords;
05-30 04:23:36.694 E/SurfaceFlinger( 1326): attribute vec4 position;
05-30 04:23:36.694 E/SurfaceFlinger( 1326): uniform mat4 projection;
05-30 04:23:36.694 E/SurfaceFlinger( 1326): uniform mat4 texture;
05-30 04:23:36.694 E/SurfaceFlinger( 1326): void main(void) {
05-30 04:23:36.694 E/SurfaceFlinger( 1326):     gl_Position = projection * position;
05-30 04:23:36.694 E/SurfaceFlinger( 1326):     outTexCoords = (texture * texCoords).st;
05-30 04:23:36.694 E/SurfaceFlinger( 1326): }
05-30 04:23:36.694 E/SurfaceFlinger( 1326): 
05-30 04:23:36.694 E/SurfaceFlinger( 1326): \F6\FF\FF\FF\FF\FF\FF\FF\9FQڣ\FEr
05-30 04:23:36.694 E/SurfaceFlinger( 1326): Error while compiling shader: 
05-30 04:23:36.694 E/SurfaceFlinger( 1326): #extension GL_OES_EGL_image_external : require
05-30 04:23:36.694 E/SurfaceFlinger( 1326): precision mediump float;
05-30 04:23:36.694 E/SurfaceFlinger( 1326): uniform samplerExternalOES sampler;
05-30 04:23:36.694 E/SurfaceFlinger( 1326): varying vec2 outTexCoords;
05-30 04:23:36.694 E/SurfaceFlinger( 1326): uniform float alphaPlane;
05-30 04:23:36.694 E/SurfaceFlinger( 1326): void main(void) {
05-30 04:23:36.694 E/SurfaceFlinger( 1326):     gl_FragColor = texture2D(sampler, outTexCoords);
05-30 04:23:36.694 E/SurfaceFlinger( 1326):     gl_FragColor.a *= alphaPlane;
05-30 04:23:36.694 E/SurfaceFlinger( 1326): }
05-30 04:23:36.694 E/SurfaceFlinger( 1326): 
05-30 04:23:36.694 E/SurfaceFlinger( 1326): \F6\FF\FF\FF\FF\FF\FF\FF\9FQڣ\FEr
05-30 04:23:36.694 E/SurfaceFlinger( 1326): Error while linking shaders:
05-30 04:23:36.694 E/SurfaceFlinger( 1326): Error while compiling shader: 
05-30 04:23:36.694 E/SurfaceFlinger( 1326): attribute vec4 texCoords;
05-30 04:23:36.694 E/SurfaceFlinger( 1326): varying vec2 outTexCoords;
05-30 04:23:36.694 E/SurfaceFlinger( 1326): attribute vec4 position;
05-30 04:23:36.694 E/SurfaceFlinger( 1326): uniform mat4 projection;
05-30 04:23:36.694 E/SurfaceFlinger( 1326): uniform mat4 texture;
05-30 04:23:36.694 E/SurfaceFlinger( 1326): void main(void) {
05-30 04:23:36.694 E/SurfaceFlinger( 1326):     gl_Position = projection * position;
05-30 04:23:36.694 E/SurfaceFlinger( 1326):     outTexCoords = (texture * texCoords).st;
05-30 04:23:36.694 E/SurfaceFlinger( 1326): }
05-30 04:23:36.694 E/SurfaceFlinger( 1326): 
05-30 04:23:36.694 E/SurfaceFlinger( 1326): \F6\FF\FF\FF\FF\FF\FF\FF\9FQڣ\FEr
05-30 04:23:36.694 E/SurfaceFlinger( 1326): Error while compiling shader: 
05-30 04:23:36.694 E/SurfaceFlinger( 1326): #extension GL_OES_EGL_image_external : require
05-30 04:23:36.694 E/SurfaceFlinger( 1326): precision mediump float;
05-30 04:23:36.694 E/SurfaceFlinger( 1326): uniform samplerExternalOES sampler;
05-30 04:23:36.694 E/SurfaceFlinger( 1326): varying vec2 outTexCoords;
05-30 04:23:36.694 E/SurfaceFlinger( 1326): uniform float alphaPlane;
05-30 04:23:36.694 E/SurfaceFlinger( 1326): void main(void) {
05-30 04:23:36.694 E/SurfaceFlinger( 1326):     gl_FragColor = texture2D(sampler, outTexCoords);
05-30 04:23:36.694 E/SurfaceFlinger( 1326):     gl_FragColor *= alphaPlane;
05-30 04:23:36.694 E/SurfaceFlinger( 1326): }
05-30 04:23:36.694 E/SurfaceFlinger( 1326): 
05-30 04:23:36.694 E/SurfaceFlinger( 1326): \F6\FF\FF\FF\FF\FF\FF\FF\9FQڣ\FEr
05-30 04:23:36.694 E/SurfaceFlinger( 1326): Error while linking shaders:
05-30 04:23:36.694 E/SurfaceFlinger( 1326): Error while compiling shader: 
05-30 04:23:36.694 E/SurfaceFlinger( 1326): attribute vec4 texCoords;
05-30 04:23:36.694 E/SurfaceFlinger( 1326): varying vec2 outTexCoords;
05-30 04:23:36.694 E/SurfaceFlinger( 1326): attribute vec4 position;
05-30 04:23:36.694 E/SurfaceFlinger( 1326): uniform mat4 projection;
05-30 04:23:36.694 E/SurfaceFlinger( 1326): uniform mat4 texture;
05-30 04:23:36.694 E/SurfaceFlinger( 1326): void main(void) {
05-30 04:23:36.694 E/SurfaceFlinger( 1326):     gl_Position = projection * position;
05-30 04:23:36.694 E/SurfaceFlinger( 1326):     outTexCoords = (texture * texCoords).st;
05-30 04:23:36.694 E/SurfaceFlinger( 1326): }
05-30 04:23:36.694 E/SurfaceFlinger( 1326): 
05-30 04:23:36.694 E/SurfaceFlinger( 1326): \F6\FF\FF\FF\FF\FF\FF\FF\9FQڣ\FEr
05-30 04:23:36.695 E/SurfaceFlinger( 1326): Error while compiling shader: 
05-30 04:23:36.695 E/SurfaceFlinger( 1326): #extension GL_OES_EGL_image_external : require
05-30 04:23:36.695 E/SurfaceFlinger( 1326): precision mediump float;
05-30 04:23:36.695 E/SurfaceFlinger( 1326): uniform samplerExternalOES sampler;
05-30 04:23:36.695 E/SurfaceFlinger( 1326): varying vec2 outTexCoords;
05-30 04:23:36.695 E/SurfaceFlinger( 1326): uniform float alphaPlane;
05-30 04:23:36.695 E/SurfaceFlinger( 1326): void main(void) {
05-30 04:23:36.695 E/SurfaceFlinger( 1326):     gl_FragColor = texture2D(sampler, outTexCoords);
05-30 04:23:36.695 E/SurfaceFlinger( 1326):     gl_FragColor.a = 1.0;
05-30 04:23:36.695 E/SurfaceFlinger( 1326):     gl_FragColor.a *= alphaPlane;
05-30 04:23:36.695 E/SurfaceFlinger( 1326): }
05-30 04:23:36.695 E/SurfaceFlinger( 1326): 
05-30 04:23:36.695 E/SurfaceFlinger( 1326): \F6\FF\FF\FF\FF\FF\FF\FF\9FQڣ\FEr
05-30 04:23:36.695 E/SurfaceFlinger( 1326): Error while linking shaders:
05-30 04:23:36.695 E/SurfaceFlinger( 1326): Error while compiling shader: 
05-30 04:23:36.695 E/SurfaceFlinger( 1326): attribute vec4 texCoords;
05-30 04:23:36.695 E/SurfaceFlinger( 1326): varying vec2 outTexCoords;
05-30 04:23:36.695 E/SurfaceFlinger( 1326): attribute vec4 position;
05-30 04:23:36.695 E/SurfaceFlinger( 1326): uniform mat4 projection;
05-30 04:23:36.695 E/SurfaceFlinger( 1326): uniform mat4 texture;
05-30 04:23:36.695 E/SurfaceFlinger( 1326): void main(void) {
05-30 04:23:36.695 E/SurfaceFlinger( 1326):     gl_Position = projection * position;
05-30 04:23:36.695 E/SurfaceFlinger( 1326):     outTexCoords = (texture * texCoords).st;
05-30 04:23:36.695 E/SurfaceFlinger( 1326): }
05-30 04:23:36.695 E/SurfaceFlinger( 1326): 
05-30 04:23:36.695 E/SurfaceFlinger( 1326): \F6\FF\FF\FF\FF\FF\FF\FF\9FQڣ\FEr
05-30 04:23:36.695 E/SurfaceFlinger( 1326): Error while compiling shader: 
05-30 04:23:36.695 E/SurfaceFlinger( 1326): #extension GL_OES_EGL_image_external : require
05-30 04:23:36.695 E/SurfaceFlinger( 1326): precision mediump float;
05-30 04:23:36.695 E/SurfaceFlinger( 1326): uniform samplerExternalOES sampler;
05-30 04:23:36.695 E/SurfaceFlinger( 1326): varying vec2 outTexCoords;
05-30 04:23:36.695 E/SurfaceFlinger( 1326): uniform float alphaPlane;
05-30 04:23:36.695 E/SurfaceFlinger( 1326): void main(void) {
05-30 04:23:36.695 E/SurfaceFlinger( 1326):     gl_FragColor = texture2D(sampler, outTexCoords);
05-30 04:23:36.695 E/SurfaceFlinger( 1326):     gl_FragColor.a = 1.0;
05-30 04:23:36.695 E/SurfaceFlinger( 1326):     gl_FragColor *= alphaPlane;
05-30 04:23:36.695 E/SurfaceFlinger( 1326): }
05-30 04:23:36.695 E/SurfaceFlinger( 1326): 
05-30 04:23:36.695 E/SurfaceFlinger( 1326): \F6\FF\FF\FF\FF\FF\FF\FF\9FQڣ\FEr
05-30 04:23:36.695 E/SurfaceFlinger( 1326): Error while linking shaders:
05-30 04:23:36.695 E/SurfaceFlinger( 1326): Error while compiling shader: 
05-30 04:23:36.695 E/SurfaceFlinger( 1326): attribute vec4 texCoords;
05-30 04:23:36.695 E/SurfaceFlinger( 1326): varying vec2 outTexCoords;
05-30 04:23:36.695 E/SurfaceFlinger( 1326): attribute vec4 position;
05-30 04:23:36.695 E/SurfaceFlinger( 1326): uniform mat4 projection;
05-30 04:23:36.695 E/SurfaceFlinger( 1326): uniform mat4 texture;
05-30 04:23:36.695 E/SurfaceFlinger( 1326): void main(void) {
05-30 04:23:36.695 E/SurfaceFlinger( 1326):     gl_Position = projection * position;
05-30 04:23:36.695 E/SurfaceFlinger( 1326):     outTexCoords = (texture * texCoords).st;
05-30 04:23:36.695 E/SurfaceFlinger( 1326): }
05-30 04:23:36.695 E/SurfaceFlinger( 1326): 
05-30 04:23:36.695 E/SurfaceFlinger( 1326): \F6\FF\FF\FF\FF\FF\FF\FF\9FQڣ\FEr
05-30 04:23:36.695 E/SurfaceFlinger( 1326): Error while compiling shader: 
05-30 04:23:36.695 E/SurfaceFlinger( 1326): precision mediump float;
05-30 04:23:36.695 E/SurfaceFlinger( 1326): uniform sampler2D sampler;
05-30 04:23:36.695 E/SurfaceFlinger( 1326): varying vec2 outTexCoords;
05-30 04:23:36.695 E/SurfaceFlinger( 1326): void main(void) {
05-30 04:23:36.695 E/SurfaceFlinger( 1326):     gl_FragColor = texture2D(sampler, outTexCoords);
05-30 04:23:36.695 E/SurfaceFlinger( 1326): }
05-30 04:23:36.695 E/SurfaceFlinger( 1326): 
05-30 04:23:36.695 E/SurfaceFlinger( 1326): \F6\FF\FF\FF\FF\FF\FF\FF\9FQڣ\FEr
05-30 04:23:36.695 E/SurfaceFlinger( 1326): Error while linking shaders:
05-30 04:23:36.695 E/SurfaceFlinger( 1326): Error while compiling shader: 
05-30 04:23:36.695 E/SurfaceFlinger( 1326): attribute vec4 texCoords;
05-30 04:23:36.695 E/SurfaceFlinger( 1326): varying vec2 outTexCoords;
05-30 04:23:36.695 E/SurfaceFlinger( 1326): attribute vec4 position;
05-30 04:23:36.695 E/SurfaceFlinger( 1326): uniform mat4 projection;
05-30 04:23:36.695 E/SurfaceFlinger( 1326): uniform mat4 texture;
05-30 04:23:36.695 E/SurfaceFlinger( 1326): void main(void) {
05-30 04:23:36.695 E/SurfaceFlinger( 1326):     gl_Position = projection * position;
05-30 04:23:36.695 E/SurfaceFlinger( 1326):     outTexCoords = (texture * texCoords).st;
05-30 04:23:36.695 E/SurfaceFlinger( 1326): }
05-30 04:23:36.695 E/SurfaceFlinger( 1326): 
05-30 04:23:36.695 E/SurfaceFlinger( 1326): \F6\FF\FF\FF\FF\FF\FF\FF\9FQڣ\FEr
05-30 04:23:36.695 E/SurfaceFlinger( 1326): Error while compiling shader: 
05-30 04:23:36.695 E/SurfaceFlinger( 1326): precision mediump float;
05-30 04:23:36.695 E/SurfaceFlinger( 1326): uniform sampler2D sampler;
05-30 04:23:36.695 E/SurfaceFlinger( 1326): varying vec2 outTexCoords;
05-30 04:23:36.695 E/SurfaceFlinger( 1326): void main(void) {
05-30 04:23:36.695 E/SurfaceFlinger( 1326):     gl_FragColor = texture2D(sampler, outTexCoords);
05-30 04:23:36.695 E/SurfaceFlinger( 1326): }
05-30 04:23:36.695 E/SurfaceFlinger( 1326): 
05-30 04:23:36.695 E/SurfaceFlinger( 1326): \F6\FF\FF\FF\FF\FF\FF\FF\9FQڣ\FEr
05-30 04:23:36.695 E/SurfaceFlinger( 1326): Error while linking shaders:
05-30 04:23:36.695 E/SurfaceFlinger( 1326): Error while compiling shader: 
05-30 04:23:36.695 E/SurfaceFlinger( 1326): attribute vec4 texCoords;
05-30 04:23:36.695 E/SurfaceFlinger( 1326): varying vec2 outTexCoords;
05-30 04:23:36.695 E/SurfaceFlinger( 1326): attribute vec4 position;
05-30 04:23:36.695 E/SurfaceFlinger( 1326): uniform mat4 projection;
05-30 04:23:36.695 E/SurfaceFlinger( 1326): uniform mat4 texture;
05-30 04:23:36.695 E/SurfaceFlinger( 1326): void main(void) {
05-30 04:23:36.695 E/SurfaceFlinger( 1326):     gl_Position = projection * position;
05-30 04:23:36.695 E/SurfaceFlinger( 1326):     outTexCoords = (texture * texCoords).st;
05-30 04:23:36.695 E/SurfaceFlinger( 1326): }
05-30 04:23:36.695 E/SurfaceFlinger( 1326): 
05-30 04:23:36.695 E/SurfaceFlinger( 1326): \F6\FF\FF\FF\FF\FF\FF\FF\9FQڣ\FEr
05-30 04:23:36.695 E/SurfaceFlinger( 1326): Error while compiling shader: 
05-30 04:23:36.695 E/SurfaceFlinger( 1326): precision mediump float;
05-30 04:23:36.695 E/SurfaceFlinger( 1326): uniform sampler2D sampler;
05-30 04:23:36.695 E/SurfaceFlinger( 1326): varying vec2 outTexCoords;
05-30 04:23:36.695 E/SurfaceFlinger( 1326): void main(void) {
05-30 04:23:36.695 E/SurfaceFlinger( 1326):     gl_FragColor = texture2D(sampler, outTexCoords);
05-30 04:23:36.695 E/SurfaceFlinger( 1326):     gl_FragColor.a = 1.0;
05-30 04:23:36.695 E/SurfaceFlinger( 1326): }
05-30 04:23:36.695 E/SurfaceFlinger( 1326): 
05-30 04:23:36.695 E/SurfaceFlinger( 1326): \F6\FF\FF\FF\FF\FF\FF\FF\9FQڣ\FEr
05-30 04:23:36.695 E/SurfaceFlinger( 1326): Error while linking shaders:
05-30 04:23:36.696 E/SurfaceFlinger( 1326): Error while compiling shader: 
05-30 04:23:36.696 E/SurfaceFlinger( 1326): attribute vec4 texCoords;
05-30 04:23:36.696 E/SurfaceFlinger( 1326): varying vec2 outTexCoords;
05-30 04:23:36.696 E/SurfaceFlinger( 1326): attribute vec4 position;
05-30 04:23:36.696 E/SurfaceFlinger( 1326): uniform mat4 projection;
05-30 04:23:36.696 E/SurfaceFlinger( 1326): uniform mat4 texture;
05-30 04:23:36.696 E/SurfaceFlinger( 1326): void main(void) {
05-30 04:23:36.696 E/SurfaceFlinger( 1326):     gl_Position = projection * position;
05-30 04:23:36.696 E/SurfaceFlinger( 1326):     outTexCoords = (texture * texCoords).st;
05-30 04:23:36.696 E/SurfaceFlinger( 1326): }
05-30 04:23:36.696 E/SurfaceFlinger( 1326): 
05-30 04:23:36.696 E/SurfaceFlinger( 1326): \F6\FF\FF\FF\FF\FF\FF\FF\9FQڣ\FEr
05-30 04:23:36.696 E/SurfaceFlinger( 1326): Error while compiling shader: 
05-30 04:23:36.696 E/SurfaceFlinger( 1326): precision mediump float;
05-30 04:23:36.696 E/SurfaceFlinger( 1326): uniform sampler2D sampler;
05-30 04:23:36.696 E/SurfaceFlinger( 1326): varying vec2 outTexCoords;
05-30 04:23:36.696 E/SurfaceFlinger( 1326): void main(void) {
05-30 04:23:36.696 E/SurfaceFlinger( 1326):     gl_FragColor = texture2D(sampler, outTexCoords);
05-30 04:23:36.696 E/SurfaceFlinger( 1326):     gl_FragColor.a = 1.0;
05-30 04:23:36.696 E/SurfaceFlinger( 1326): }
05-30 04:23:36.696 E/SurfaceFlinger( 1326): 
05-30 04:23:36.696 E/SurfaceFlinger( 1326): \F6\FF\FF\FF\FF\FF\FF\FF\9FQڣ\FEr
05-30 04:23:36.696 E/SurfaceFlinger( 1326): Error while linking shaders:
05-30 04:23:36.696 E/SurfaceFlinger( 1326): Error while compiling shader: 
05-30 04:23:36.696 E/SurfaceFlinger( 1326): attribute vec4 texCoords;
05-30 04:23:36.696 E/SurfaceFlinger( 1326): varying vec2 outTexCoords;
05-30 04:23:36.696 E/SurfaceFlinger( 1326): attribute vec4 position;
05-30 04:23:36.696 E/SurfaceFlinger( 1326): uniform mat4 projection;
05-30 04:23:36.696 E/SurfaceFlinger( 1326): uniform mat4 texture;
05-30 04:23:36.696 E/SurfaceFlinger( 1326): void main(void) {
05-30 04:23:36.696 E/SurfaceFlinger( 1326):     gl_Position = projection * position;
05-30 04:23:36.696 E/SurfaceFlinger( 1326):     outTexCoords = (texture * texCoords).st;
05-30 04:23:36.696 E/SurfaceFlinger( 1326): }
05-30 04:23:36.696 E/SurfaceFlinger( 1326): 
05-30 04:23:36.696 E/SurfaceFlinger( 1326): \F6\FF\FF\FF\FF\FF\FF\FF\9FQڣ\FEr
05-30 04:23:36.696 E/SurfaceFlinger( 1326): Error while compiling shader: 
05-30 04:23:36.696 E/SurfaceFlinger( 1326): precision mediump float;
05-30 04:23:36.696 E/SurfaceFlinger( 1326): uniform sampler2D sampler;
05-30 04:23:36.696 E/SurfaceFlinger( 1326): varying vec2 outTexCoords;
05-30 04:23:36.696 E/SurfaceFlinger( 1326): uniform float alphaPlane;
05-30 04:23:36.696 E/SurfaceFlinger( 1326): void main(void) {
05-30 04:23:36.696 E/SurfaceFlinger( 1326):     gl_FragColor = texture2D(sampler, outTexCoords);
05-30 04:23:36.696 E/SurfaceFlinger( 1326):     gl_FragColor.a *= alphaPlane;
05-30 04:23:36.696 E/SurfaceFlinger( 1326): }
05-30 04:23:36.696 E/SurfaceFlinger( 1326): 
05-30 04:23:36.696 E/SurfaceFlinger( 1326): \F6\FF\FF\FF\FF\FF\FF\FF\9FQڣ\FEr
05-30 04:23:36.696 E/SurfaceFlinger( 1326): Error while linking shaders:
05-30 04:23:36.696 E/SurfaceFlinger( 1326): Error while compiling shader: 
05-30 04:23:36.696 E/SurfaceFlinger( 1326): attribute vec4 texCoords;
05-30 04:23:36.696 E/SurfaceFlinger( 1326): varying vec2 outTexCoords;
05-30 04:23:36.696 E/SurfaceFlinger( 1326): attribute vec4 position;
05-30 04:23:36.696 E/SurfaceFlinger( 1326): uniform mat4 projection;
05-30 04:23:36.696 E/SurfaceFlinger( 1326): uniform mat4 texture;
05-30 04:23:36.696 E/SurfaceFlinger( 1326): void main(void) {
05-30 04:23:36.696 E/SurfaceFlinger( 1326):     gl_Position = projection * position;
05-30 04:23:36.696 E/SurfaceFlinger( 1326):     outTexCoords = (texture * texCoords).st;
05-30 04:23:36.696 E/SurfaceFlinger( 1326): }
05-30 04:23:36.696 E/SurfaceFlinger( 1326): 
05-30 04:23:36.696 E/SurfaceFlinger( 1326): \F6\FF\FF\FF\FF\FF\FF\FF\9FQڣ\FEr
05-30 04:23:36.696 E/SurfaceFlinger( 1326): Error while compiling shader: 
05-30 04:23:36.696 E/SurfaceFlinger( 1326): precision mediump float;
05-30 04:23:36.696 E/SurfaceFlinger( 1326): uniform sampler2D sampler;
05-30 04:23:36.696 E/SurfaceFlinger( 1326): varying vec2 outTexCoords;
05-30 04:23:36.696 E/SurfaceFlinger( 1326): uniform float alphaPlane;
05-30 04:23:36.696 E/SurfaceFlinger( 1326): void main(void) {
05-30 04:23:36.696 E/SurfaceFlinger( 1326):     gl_FragColor = texture2D(sampler, outTexCoords);
05-30 04:23:36.696 E/SurfaceFlinger( 1326):     gl_FragColor *= alphaPlane;
05-30 04:23:36.696 E/SurfaceFlinger( 1326): }
05-30 04:23:36.696 E/SurfaceFlinger( 1326): 
05-30 04:23:36.696 E/SurfaceFlinger( 1326): \F6\FF\FF\FF\FF\FF\FF\FF\9FQڣ\FEr
05-30 04:23:36.696 E/SurfaceFlinger( 1326): Error while linking shaders:
05-30 04:23:36.696 E/SurfaceFlinger( 1326): Error while compiling shader: 
05-30 04:23:36.696 E/SurfaceFlinger( 1326): attribute vec4 texCoords;
05-30 04:23:36.696 E/SurfaceFlinger( 1326): varying vec2 outTexCoords;
05-30 04:23:36.696 E/SurfaceFlinger( 1326): attribute vec4 position;
05-30 04:23:36.696 E/SurfaceFlinger( 1326): uniform mat4 projection;
05-30 04:23:36.696 E/SurfaceFlinger( 1326): uniform mat4 texture;
05-30 04:23:36.696 E/SurfaceFlinger( 1326): void main(void) {
05-30 04:23:36.696 E/SurfaceFlinger( 1326):     gl_Position = projection * position;
05-30 04:23:36.696 E/SurfaceFlinger( 1326):     outTexCoords = (texture * texCoords).st;
05-30 04:23:36.696 E/SurfaceFlinger( 1326): }
05-30 04:23:36.696 E/SurfaceFlinger( 1326): 
05-30 04:23:36.696 E/SurfaceFlinger( 1326): \F6\FF\FF\FF\FF\FF\FF\FF\9FQڣ\FEr
05-30 04:23:36.696 E/SurfaceFlinger( 1326): Error while compiling shader: 
05-30 04:23:36.696 E/SurfaceFlinger( 1326): precision mediump float;
05-30 04:23:36.696 E/SurfaceFlinger( 1326): uniform sampler2D sampler;
05-30 04:23:36.696 E/SurfaceFlinger( 1326): varying vec2 outTexCoords;
05-30 04:23:36.696 E/SurfaceFlinger( 1326): uniform float alphaPlane;
05-30 04:23:36.696 E/SurfaceFlinger( 1326): void main(void) {
05-30 04:23:36.696 E/SurfaceFlinger( 1326):     gl_FragColor = texture2D(sampler, outTexCoords);
05-30 04:23:36.696 E/SurfaceFlinger( 1326):     gl_FragColor.a = 1.0;
05-30 04:23:36.696 E/SurfaceFlinger( 1326):     gl_FragColor.a *= alphaPlane;
05-30 04:23:36.696 E/SurfaceFlinger( 1326): }
05-30 04:23:36.696 E/SurfaceFlinger( 1326): 
05-30 04:23:36.696 E/SurfaceFlinger( 1326): \F6\FF\FF\FF\FF\FF\FF\FF\9FQڣ\FEr
05-30 04:23:36.696 E/SurfaceFlinger( 1326): Error while linking shaders:
05-30 04:23:36.696 E/SurfaceFlinger( 1326): Error while compiling shader: 
05-30 04:23:36.696 E/SurfaceFlinger( 1326): attribute vec4 texCoords;
05-30 04:23:36.696 E/SurfaceFlinger( 1326): varying vec2 outTexCoords;
05-30 04:23:36.696 E/SurfaceFlinger( 1326): attribute vec4 position;
05-30 04:23:36.696 E/SurfaceFlinger( 1326): uniform mat4 projection;
05-30 04:23:36.696 E/SurfaceFlinger( 1326): uniform mat4 texture;
05-30 04:23:36.696 E/SurfaceFlinger( 1326): void main(void) {
05-30 04:23:36.696 E/SurfaceFlinger( 1326):     gl_Position = projection * position;
05-30 04:23:36.696 E/SurfaceFlinger( 1326):     outTexCoords = (texture * texCoords).st;
05-30 04:23:36.696 E/SurfaceFlinger( 1326): }
05-30 04:23:36.696 E/SurfaceFlinger( 1326): 
05-30 04:23:36.696 E/SurfaceFlinger( 1326): \F6\FF\FF\FF\FF\FF\FF\FF\9FQڣ\FEr
05-30 04:23:36.697 E/SurfaceFlinger( 1326): Error while compiling shader: 
05-30 04:23:36.697 E/SurfaceFlinger( 1326): precision mediump float;
05-30 04:23:36.697 E/SurfaceFlinger( 1326): uniform sampler2D sampler;
05-30 04:23:36.697 E/SurfaceFlinger( 1326): varying vec2 outTexCoords;
05-30 04:23:36.697 E/SurfaceFlinger( 1326): uniform float alphaPlane;
05-30 04:23:36.697 E/SurfaceFlinger( 1326): void main(void) {
05-30 04:23:36.697 E/SurfaceFlinger( 1326):     gl_FragColor = texture2D(sampler, outTexCoords);
05-30 04:23:36.697 E/SurfaceFlinger( 1326):     gl_FragColor.a = 1.0;
05-30 04:23:36.697 E/SurfaceFlinger( 1326):     gl_FragColor *= alphaPlane;
05-30 04:23:36.697 E/SurfaceFlinger( 1326): }
05-30 04:23:36.697 E/SurfaceFlinger( 1326): 
05-30 04:23:36.697 E/SurfaceFlinger( 1326): \F6\FF\FF\FF\FF\FF\FF\FF\9FQڣ\FEr
05-30 04:23:36.697 E/SurfaceFlinger( 1326): Error while linking shaders:
05-30 04:23:36.697 D/SurfaceFlinger( 1326): shader cache generated - 24 shaders in 37.435806 ms
05-30 04:23:36.736 D/SurfaceFlinger( 1326): Set power mode=2, type=0 flinger=0x72fea3647000
05-30 04:23:38.939 I/mediacodec( 1337): @@@ mediacodecservice starting
05-30 04:23:39.151 I/        ( 1331): sMaxFastTracks = 8
05-30 04:23:39.190 W/        ( 1337): No seccomp filter defined for this architecture.
05-30 04:23:39.322 I/audioserver( 1331): ServiceManager: 0xe7a3c020
05-30 04:23:39.401 W/BatteryNotifier( 1331): batterystats service unavailable!
05-30 04:23:39.402 I/AudioFlinger( 1331): Using default 3000 mSec as standby time.
05-30 04:23:39.571 I/AudioPolicyService( 1331): AudioPolicyService CSTOR in new mode
05-30 04:23:39.734 I/cameraserver( 1332): ServiceManager: 0xf2e3c020
05-30 04:23:39.761 I/CameraService( 1332): CameraService started (pid=1332)
05-30 04:23:39.761 I/CameraService( 1332): CameraService process starting
05-30 04:23:39.763 W/BatteryNotifier( 1332): batterystats service unavailable!
05-30 04:23:39.770 W/BatteryNotifier( 1332): batterystats service unavailable!
05-30 04:23:39.784 I/APM::ConfigParsingUtils( 1331): loadAudioPolicyConfig() loaded /system/etc/audio_policy.conf
05-30 04:23:39.984 D/audio_hw_generic( 1331): Emulator host-side ALSA audio emulation detected.
05-30 04:23:39.987 D/audio_hw_generic( 1331): mixer 0 name Master Playback Volume
05-30 04:23:39.987 D/audio_hw_generic( 1331): set ctl 0 to 100
05-30 04:23:39.989 D/audio_hw_generic( 1331): set ctl 1 to 100
