05-30 15:56:05.935 E/ActivityManager( 2101): 100% TOTAL: 44% user + 54% kernel + 1.2% softirq
05-30 15:56:05.935 E/ActivityManager( 2101): CPU usage from 33620ms to 35002ms later (2020-05-30 15:56:00.029 to 2020-05-30 15:56:01.411):
05-30 15:56:05.935 E/ActivityManager( 2101):   98% 1326/surfaceflinger: 42% user + 55% kernel
05-30 15:56:05.935 E/ActivityManager( 2101):     48% 1326/surfaceflinger: 23% user + 24% kernel
05-30 15:56:05.935 E/ActivityManager( 2101):     25% 1630/EventThread: 6% user + 19% kernel
05-30 15:56:05.935 E/ActivityManager( 2101):     19% 1602/DispSync: 4% user + 14% kernel
05-30 15:56:05.935 E/ActivityManager( 2101):     1.6% 1627/POSIX timer 0: 0% user + 1.6% kernel
05-30 15:56:05.935 E/ActivityManager( 2101):     1.2% 1629/POSIX timer 1: 0% user + 1.2% kernel
05-30 15:56:05.935 E/ActivityManager( 2101):     0.8% 2583/Binder:1326_5: 0.8% user + 0% kernel
05-30 15:56:05.935 E/ActivityManager( 2101):     0.4% 1601/Binder:1326_2: 0.4% user + 0% kernel
05-30 15:56:05.935 E/ActivityManager( 2101):     0.4% 1881/Binder:1326_3: 0% user + 0.4% kernel
05-30 15:56:05.935 E/ActivityManager( 2101):     0.4% 2354/Binder:1326_4: 0% user + 0.4% kernel
05-30 15:56:05.935 E/ActivityManager( 2101):   32% 1658/bootanimation: 10% user + 21% kernel
05-30 15:56:05.935 E/ActivityManager( 2101):     31% 1876/BootAnimation: 10% user + 21% kernel
05-30 15:56:05.935 E/ActivityManager( 2101):   18% 2101/system_server: 0% user + 18% kernel / faults: 43 minor
05-30 15:56:05.935 E/ActivityManager( 2101):     9.5% 2137/ActivityManager: 0.9% user + 8.5% kernel
05-30 15:56:05.935 E/ActivityManager( 2101):     1.9% 2101/system_server: 0% user + 1.9% kernel
05-30 15:56:05.935 E/ActivityManager( 2101):     1.2% 2571/Binder:2101_6: 0% user + 1.2% kernel
05-30 15:56:05.935 E/ActivityManager( 2101):     0.9% 2122/Binder:2101_2: 0.3% user + 0.6% kernel
05-30 15:56:05.935 E/ActivityManager( 2101):     0.9% 2390/Binder:2101_3: 0% user + 0.9% kernel
05-30 15:56:05.935 E/ActivityManager( 2101):     0.9% 2470/Binder:2101_5: 0% user + 0.9% kernel
05-30 15:56:05.935 E/ActivityManager( 2101):     0.6% 2120/Binder:2101_1: 0.3% user + 0.3% kernel
05-30 15:56:05.935 E/ActivityManager( 2101):     0.6% 2394/Binder:2101_4: 0% user + 0.6% kernel
05-30 15:56:05.935 E/ActivityManager( 2101):     0.6% 2572/Binder:2101_7: 0% user + 0.6% kernel
05-30 15:56:05.935 E/ActivityManager( 2101):     0.3% 2136/android.bg: 0% user + 0.3% kernel
05-30 15:56:05.935 E/ActivityManager( 2101):   12% 2622/com.android.settings: 0.9% user + 11% kernel / faults: 7 minor
05-30 15:56:05.935 E/ActivityManager( 2101):     12% 2622/ndroid.settings: 0.9% user + 11% kernel
05-30 15:56:05.935 E/ActivityManager( 2101):     0.6% 2627/Jit thread pool: 0% user + 0.6% kernel
05-30 15:56:05.935 E/ActivityManager( 2101):     0.3% 2635/Binder:2622_2: 0% user + 0.3% kernel
05-30 15:56:05.935 E/ActivityManager( 2101):   5.3% 1339/mediaserver: 0% user + 5.3% kernel / faults: 67 minor
05-30 15:56:05.935 E/ActivityManager( 2101):     0.6% 1339/mediaserver: 0% user + 0.6% kernel
05-30 15:56:05.935 E/ActivityManager( 2101):     0.6% 1791/Binder:1339_1: 0% user + 0.6% kernel
05-30 15:56:05.935 E/ActivityManager( 2101):     0.6% 2478/Binder:1339_3: 0% user + 0.6% kernel
05-30 15:56:05.935 E/ActivityManager( 2101):     0.3% 2440/Binder:1339_2: 0% user + 0.3% kerne
05-30 15:56:06.106 V/EmulatedCamera_Camera( 1332): getCameraInfo
05-30 15:56:06.106 V/EmulatedCamera_BaseCamera( 1332): getCameraInfo
05-30 15:56:06.123 V/EmulatedCamera_Camera( 1332): getCameraInfo
05-30 15:56:06.123 V/EmulatedCamera_BaseCamera( 1332): getCameraInfo
05-30 15:56:06.672 W/art     ( 2101): Long monitor contention with owner ActivityManager (2137) at boolean android.os.MessageQueue.enqueueMessage(android.os.Message, long)(MessageQueue.java:541) waiters=0 in android.os.Message android.os.MessageQueue.next() for 574ms
05-30 15:56:06.681 W/art     ( 2101): Long monitor contention with owner ActivityManager (2137) at void com.android.server.am.AppErrors.appNotResponding(com.android.server.am.ProcessRecord, com.android.server.am.ActivityRecord, com.android.server.am.ActivityRecord, boolean, java.lang.String)(AppErrors.java:884) waiters=0 in android.content.Intent com.android.server.am.ActivityManagerService.registerReceiver(android.app.IApplicationThread, java.lang.String, android.content.IIntentReceiver, android.content.IntentFilter, java.lang.String, int) for 649ms
05-30 15:56:08.439 W/art     ( 2101): Long monitor contention with owner android.ui (2139) at void com.android.server.am.AppErrors.handleShowAnrUi(android.os.Message)(AppErrors.java:925) waiters=0 in android.content.Intent com.android.server.am.ActivityManagerService.registerReceiver(android.app.IApplicationThread, java.lang.String, android.content.IIntentReceiver, android.content.IntentFilter, java.lang.String, int) for 1.515s
05-30 15:56:08.477 W/art     ( 2101): Long monitor contention with owner android.ui (2139) at void com.android.server.am.AppErrors.handleShowAnrUi(android.os.Message)(AppErrors.java:925) waiters=2 in int com.android.server.am.ActivityManagerService.getAppStartMode(int, java.lang.String) for 484ms
05-30 15:56:08.523 W/art     ( 2101): Long monitor contention with owner android.ui (2139) at void com.android.server.am.AppErrors.handleShowAnrUi(android.os.Message)(AppErrors.java:925) waiters=3 in boolean com.android.server.am.ActivityManagerService.isUserRunning(int, int) for 503ms
05-30 15:56:08.785 W/art     ( 2101): Long monitor contention with owner android.ui (2139) at void com.android.server.am.AppErrors.handleShowAnrUi(android.os.Message)(AppErrors.java:925) waiters=5 in android.content.pm.UserInfo com.android.server.am.UserController.getCurrentUser() for 367ms
05-30 15:56:08.826 W/art     ( 2101): Long monitor contention with owner ActivityManager (2137) at void com.android.server.am.BroadcastQueue.processNextBroadcast(boolean)(BroadcastQueue.java:760) waiters=4 in android.content.Intent com.android.server.am.ActivityManagerService.registerReceiver(android.app.IApplicationThread, java.lang.String, android.content.IIntentReceiver, android.content.IntentFilter, java.lang.String, int) for 284ms
05-30 15:56:08.853 D/GpsNetInitiatedHandler( 2101): location enabled :true
05-30 15:56:08.888 W/art     ( 2101): Long monitor contention with owner android.ui (2139) at void com.android.server.am.AppErrors.handleShowAnrUi(android.os.Message)(AppErrors.java:925) waiters=1 in void com.android.server.am.ActivityManagerService$3.handleMessage(android.os.Message) for 1.852s
05-30 15:56:09.405 V/KeyguardServiceDelegate( 2101): *** Keyguard started
05-30 15:56:09.514 E/NetdConnector( 2101): NDC Command {16 bandwidth gettetherstats} took too long (745ms)
05-30 15:56:09.533 W/SystemConfig( 2607): No directory /system/etc/sysconfig, skipping
05-30 15:56:09.679 W/KeyguardServiceDelegate( 2101): onScreenTurningOn(): no keyguard service!
05-30 15:56:09.871 W/art     ( 2101): Long monitor contention with owner main (2101) at int libcore.icu.NativeConverter.decode(long, byte[], int, char[], int, int[], boolean)(NativeConverter.java:-2) waiters=0 in boolean com.android.server.devicepolicy.DevicePolicyManagerService.getCameraDisabled(android.content.ComponentName, int, boolean) for 390ms
05-30 15:56:09.876 I/StatusBar( 2370): isKeyguardShowing() called before startKeyguard(), returning true
05-30 15:56:09.878 W/StatusBar( 2370): isKeyguardSecure() called before startKeyguard(), returning false
05-30 15:56:09.878 W/StatusBar( 2370): java.lang.Throwable
05-30 15:56:09.878 W/StatusBar( 2370): 	at com.android.systemui.statusbar.BaseStatusBar.isKeyguardSecure(BaseStatusBar.java:2647)
05-30 15:56:09.878 W/StatusBar( 2370): 	at com.android.systemui.statusbar.BaseStatusBar.isCameraAllowedByAdmin(BaseStatusBar.java:2670)
05-30 15:56:09.878 W/StatusBar( 2370): 	at com.android.systemui.statusbar.phone.KeyguardBottomAreaView.updateCameraVisibility(KeyguardBottomAreaView.java:309)
05-30 15:56:09.878 W/StatusBar( 2370): 	at com.android.systemui.statusbar.phone.KeyguardBottomAreaView.setUserSetupComplete(KeyguardBottomAreaView.java:281)
05-30 15:56:09.878 W/StatusBar( 2370): 	at com.android.systemui.statusbar.phone.PhoneStatusBar$1.onChange(PhoneStatusBar.java:441)
05-30 15:56:09.878 W/StatusBar( 2370): 	at com.android.systemui.statusbar.phone.PhoneStatusBar.resetUserSetupObserver(PhoneStatusBar.java:3676)
05-30 15:56:09.878 W/StatusBar( 2370): 	at com.android.systemui.statusbar.phone.PhoneStatusBar.makeStatusBarView(PhoneStatusBar.java:1008)
05-30 15:56:09.878 W/StatusBar( 2370): 	at com.android.systemui.statusbar.phone.PhoneStatusBar.addStatusBarWindow(PhoneStatusBar.java:3432)
05-30 15:56:09.878 W/StatusBar( 2370): 	at com.android.systemui.statusbar.phone.PhoneStatusBar.createAndAddWindows(PhoneStatusBar.java:3428)
05-30 15:56:09.878 W/StatusBar( 2370): 	at com.android.systemui.statusbar.BaseStatusBar.start(BaseStatusBar.java:765)
05-30 15:56:09.878 W/StatusBar( 2370): 	at com.android.systemui.statusbar.phone.PhoneStatusBar.start(PhoneStatusBar.java:686)
05-30 15:56:09.878 W/StatusBar( 2370): 	at com.android.systemui.statusbar.SystemBars.createStatusBarFromConfig(SystemBars.java:106)
05-30 15:56:09.878 W/StatusBar( 2370): 	at com.android.systemui.statusbar.SystemBars.onNoService(SystemBars.java:58)
05-30 15:56:09.878 W/StatusBar( 2370): 	at com.android.systemui.statusbar.ServiceMonitor.startService(ServiceMonitor.java:230)
05-30 15:56:09.878 W/StatusBar( 2370): 	at com.android.systemui.statusbar.ServiceMonitor.-wrap5(ServiceMonitor.java)
05-30 15:56:09.878 W/StatusBar( 2370): 	at com.android.systemui.statusbar.ServiceMonitor$1.handleMessage(ServiceMonitor.java:73)
05-30 15:56:09.878 W/StatusBar( 2370): 	at android.os.Handler.dispatchMessage(Handler.java:102)
05-30 15:56:09.878 W/StatusBar( 2370): 	at android.os.Looper.loop(Looper.java:154)
05-30 15:56:09.878 W/StatusBar( 2370): 	at android.app.ActivityThread.main(ActivityThread.java:6119)
05-30 15:56:09.878 W/StatusBar( 2370): 	at java.lang.reflect.Method.invoke(Native Method)
05-30 15:56:09.878 W/StatusBar( 2370): 	at com.android.internal.os.ZygoteInit$MethodAndArgsCaller.run(ZygoteInit.java:886)
05-30 15:56:09.878 W/StatusBar( 2370): 	at com.android.internal.os.ZygoteInit.main(ZygoteInit.java:776)
05-30 15:56:10.109 E/SurfaceFlinger( 1326): ro.sf.lcd_density must be defined as a build property
05-30 15:56:10.150 D/OpenGLRenderer( 2370): profile bars disabled
05-30 15:56:10.152 D/OpenGLRenderer( 2370): ambientRatio = 1.50
05-30 15:56:10.500 W/art     ( 2101): Long monitor contention with owner Binder:2101_2 (2122) at int com.android.server.wm.WindowManagerService.addWindow(com.android.server.wm.Session, android.view.IWindow, int, android.view.WindowManager$LayoutParams, int, int, android.graphics.Rect, android.graphics.Rect, android.graphics.Rect, android.view.InputChannel)(WindowManagerService.java:1887) waiters=0 in void com.android.server.policy.PhoneWindowManager.updateSettings() for 139ms
05-30 15:56:10.947 D/PhoneStatusBar( 2370): disable: < EXPAND* icons alerts system_info BACK* HOME* RECENT* clock SEARCH* quick_settings >
05-30 15:56:11.053 D/AccessibilityManagerService( 2101): Ignoring non-encryption-aware service ComponentInfo{com.example.android.apis/com.example.android.apis.accessibility.ClockBackService}
05-30 15:56:11.053 D/AccessibilityManagerService( 2101): Ignoring non-encryption-aware service ComponentInfo{com.example.android.apis/com.example.android.apis.accessibility.MagnificationService}
05-30 15:56:11.054 D/AccessibilityManagerService( 2101): Ignoring non-encryption-aware service ComponentInfo{com.example.android.apis/com.example.android.apis.accessibility.TaskBackService}
05-30 15:56:11.087 I/LatinIME:LogUtils( 2361): Dictionary info: dictionary = main:en ; version = 54 ; date = 1414726273
05-30 15:56:12.053 W/art     ( 2101): Long monitor contention with owner main (2101) at boolean android.os.MessageQueue.enqueueMessage(android.os.Message, long)(MessageQueue.java:541) waiters=0 in android.os.Message android.os.MessageQueue.next() for 106ms
05-30 15:56:12.614 D/PhoneSwitcherNetworkRequstListener( 2607): Registering NetworkFactory
05-30 15:56:12.619 D/ConnectivityService( 2101): Got NetworkFactory Messenger for PhoneSwitcherNetworkRequstListener
05-30 15:56:12.776 W/VibratorService( 2101): Tried to stop vibrating but there is no vibrator device.
05-30 15:56:13.455 D/ConnectivityService( 2101): Got NetworkFactory Messenger for TelephonyNetworkFactory[0]
05-30 15:56:13.635 W/art     ( 2101): Long monitor contention with owner android.ui (2139) at int com.android.server.wm.WindowManagerService.addWindow(com.android.server.wm.Session, android.view.IWindow, int, android.view.WindowManager$LayoutParams, int, int, android.graphics.Rect, android.graphics.Rect, android.graphics.Rect, android.view.InputChannel)(WindowManagerService.java:1887) waiters=0 in void com.android.server.wm.WindowManagerService.monitor() for 211ms
05-30 15:56:13.661 W/art     ( 2101): Long monitor contention with owner android.ui (2139) at int com.android.server.wm.WindowManagerService.addWindow(com.android.server.wm.Session, android.view.IWindow, int, android.view.WindowManager$LayoutParams, int, int, android.graphics.Rect, android.graphics.Rect, android.graphics.Rect, android.view.InputChannel)(WindowManagerService.java:1887) waiters=1 in void com.android.server.wm.WindowManagerService.getInitialDisplaySize(int, android.graphics.Point) for 182ms
05-30 15:56:13.757 W/art     ( 2101): Long monitor contention with owner main (2101) at void com.android.server.power.PowerManagerService.acquireWakeLockInternal(android.os.IBinder, int, java.lang.String, java.lang.String, android.os.WorkSource, java.lang.String, int, int)(PowerManagerService.java:862) waiters=0 in void com.android.server.power.PowerManagerService.handleSandman() for 276ms
05-30 15:56:13.939 W/WindowManager( 2101): Keyguard drawn timeout. Setting mKeyguardDrawComplete
05-30 15:56:14.017 I/Choreographer( 2101): Skipped 32 frames!  The application may be doing too much work on its main thread.
05-30 15:56:14.805 W/ActivityManager( 2101): Slow operation: 643ms so far, now at startProcess: returned from zygote!
05-30 15:56:14.806 W/ActivityManager( 2101): Slow operation: 660ms so far, now at startProcess: done updating battery stats
05-30 15:56:14.807 W/ActivityManager( 2101): Slow operation: 661ms so far, now at startProcess: building log message
05-30 15:56:14.807 I/ActivityManager( 2101): Start proc 2729:com.android.cellbroadcastreceiver/u0a4 for broadcast com.android.cellbroadcastreceiver/.CellBroadcastReceiver
05-30 15:56:14.807 W/ActivityManager( 2101): Slow operation: 661ms so far, now at startProcess: starting to update pids map
05-30 15:56:14.808 W/ActivityManager( 2101): Slow operation: 662ms so far, now at startProcess: done updating pids map
05-30 15:56:14.808 W/ActivityManager( 2101): Slow operation: 671ms so far, now at startProcess: done starting proc!
05-30 15:56:14.808 W/art     ( 2101): Long monitor contention with owner main (2101) at void com.android.server.am.BroadcastQueue.processNextBroadcast(boolean)(BroadcastQueue.java:760) waiters=1 in void com.android.server.am.ActivityRecord$Token.windowsGone() for 496ms
05-30 15:56:14.976 I/Choreographer( 2101): Skipped 39 frames!  The application may be doing too much work on its main thread.
05-30 15:56:15.132 W/WindowManager( 2101): Timeout waiting for drawn: undrawn=[Window{248c852 u0 KeyguardScrim}]
05-30 15:56:15.355 W/art     ( 2729): Unexpected CPU variant for X86 using defaults: x86_64
05-30 15:56:15.476 W/art     ( 2101): Long monitor contention with owner main (2101) at void com.android.server.pm.UserManagerService$MainHandler.handleMessage(android.os.Message)(UserManagerService.java:3290) waiters=0 in int com.android.server.pm.PackageManagerService.checkUidPermission(java.lang.String, int) for 450ms
05-30 15:56:15.478 W/art     ( 2101): Long monitor contention with owner main (2101) at void com.android.server.pm.UserManagerService$MainHandler.handleMessage(android.os.Message)(UserManagerService.java:3290) waiters=1 in android.content.pm.ApplicationInfo com.android.server.pm.PackageManagerService.getApplicationInfo(java.lang.String, int, int) for 362ms
05-30 15:56:15.917 D/CarrierConfigLoader( 2607): CarrierConfigLoader has started
05-30 15:56:15.954 E/BluetoothAdapter( 2607): Bluetooth binder is null
05-30 15:56:16.104 W/WindowManager( 2101): Window freeze timeout expired.
05-30 15:56:16.105 W/WindowManager( 2101): Force clearing orientation change: Window{248c852 u0 KeyguardScrim}
05-30 15:56:17.059 W/art     ( 2101): Long monitor contention with owner android.ui (2139) at void com.android.server.wm.WindowManagerService.updateRotationUnchecked(boolean, boolean)(WindowManagerService.java:6783) waiters=0 in void com.android.server.wm.WindowManagerService$H.handleMessage(android.os.Message) for 230ms
05-30 15:56:17.183 I/Choreographer( 2101): Skipped 165 frames!  The application may be doing too much work on its main thread.
05-30 15:56:18.551 D/PhoneStatusBar( 2370): heads up is enabled
05-30 15:56:18.905 W/art     ( 2101): Long monitor contention with owner Binder:2101_4 (2394) at void com.android.server.am.ActivityManagerService.attachApplication(android.app.IApplicationThread)(ActivityManagerService.java:6669) waiters=1 in java.lang.String com.android.server.am.ActivityManagerService.checkContentProviderAccess(java.lang.String, int) for 118ms
05-30 15:56:19.416 W/art     ( 2101): Long monitor contention with owner ActivityManager (2137) at void com.android.server.am.BroadcastQueue.processNextBroadcast(boolean)(BroadcastQueue.java:760) waiters=2 in void com.android.server.am.ActivityManagerService$3.handleMessage(android.os.Message) for 10.526s
05-30 15:56:20.068 W/art     ( 2101): Suspending all threads took: 50.076ms
05-30 15:56:20.224 W/art     ( 2101): Long monitor contention with owner AsyncTask #2 (2467) at boolean android.os.MessageQueue.enqueueMessage(android.os.Message, long)(MessageQueue.java:541) waiters=0 in android.os.Message android.os.MessageQueue.next() for 416ms
05-30 15:56:20.225 W/art     ( 2101): Long monitor contention with owner AsyncTask #2 (2467) at boolean android.os.MessageQueue.enqueueMessage(android.os.Message, long)(MessageQueue.java:541) waiters=1 in void android.os.MessageQueue.removeCallbacksAndMessages(android.os.Handler, java.lang.Object) for 417ms
05-30 15:56:20.228 W/art     ( 2101): Long monitor contention with owner AsyncTask #2 (2467) at boolean android.os.MessageQueue.enqueueMessage(android.os.Message, long)(MessageQueue.java:541) waiters=2 in void android.os.MessageQueue.removeMessages(android.os.Handler, java.lang.Runnable, java.lang.Object) for 281ms
05-30 15:56:20.266 W/art     ( 2101): Long monitor contention with owner android.bg (2136) at void com.android.server.am.ActivityManagerService$3.handleMessage(android.os.Message)(ActivityManagerService.java:2443) waiters=0 in android.app.IActivityManager$ContentProviderHolder com.android.server.am.ActivityManagerService.getContentProviderImpl(android.app.IApplicationThread, java.lang.String, android.os.IBinder, boolean, int) for 641ms
05-30 15:56:20.268 W/art     ( 2101): Long monitor contention with owner android.bg (2136) at void com.android.server.am.ActivityManagerService$3.handleMessage(android.os.Message)(ActivityManagerService.java:2443) waiters=1 in com.android.server.am.ProcessRecord com.android.server.am.ActivityManagerService.findAppProcess(android.os.IBinder, java.lang.String) for 632ms
05-30 15:56:20.404 I/Telephony( 2607): TtyManager: updateUiTtyMode -1 -> 0
05-30 15:56:20.805 I/Choreographer( 2370): Skipped 1444 frames!  The application may be doing too much work on its main thread.
05-30 15:56:21.055 D/ViewRootImpl[StatusBar]( 2370): changeCanvasOpacity: opaque=true
05-30 15:56:23.002 W/art     ( 2101): Long monitor contention with owner android.display (2156) at void com.android.server.wm.WindowManagerService$H.handleMessage(android.os.Message)(WindowManagerService.java:8368) waiters=0 in int com.android.server.wm.WindowManagerService.relayoutWindow(com.android.server.wm.Session, android.view.IWindow, int, android.view.WindowManager$LayoutParams, int, int, int, int, android.graphics.Rect, android.graphics.Rect, android.graphics.Rect, android.graphics.Rect, android.graphics.Rect, android.graphics.Rect, android.graphics.Rect, android.content.res.Configuration, android.view.Surface) for 2.477s
05-30 15:56:23.004 W/art     ( 2101): Long monitor contention with owner Binder:2101_7 (2572) at com.android.server.am.ProcessRecord com.android.server.am.ActivityManagerService.findAppProcess(android.os.IBinder, java.lang.String)(ActivityManagerService.java:13717) waiters=0 in android.content.Intent com.android.server.am.ActivityManagerService.registerReceiver(android.app.IApplicationThread, java.lang.String, android.content.IIntentReceiver, android.content.IntentFilter, java.lang.String, int) for 2.260s
05-30 15:56:23.005 W/art     ( 2101): Long monitor contention with owner android.bg (2136) at void com.android.server.am.ActivityManagerService$3.handleMessage(android.os.Message)(ActivityManagerService.java:2421) waiters=1 in android.content.pm.UserInfo com.android.server.am.UserController.getCurrentUser() for 237ms
05-30 15:56:23.237 W/art     ( 2101): Long monitor contention with owner android.ui (2139) at int com.android.server.wm.WindowManagerService.relayoutWindow(com.android.server.wm.Session, android.view.IWindow, int, android.view.WindowManager$LayoutParams, int, int, int, int, android.graphics.Rect, android.graphics.Rect, android.graphics.Rect, android.graphics.Rect, android.graphics.Rect, android.graphics.Rect, android.graphics.Rect, android.content.res.Configuration, android.view.Surface)(WindowManagerService.java:2857) waiters=0 in void com.android.server.wm.WindowManagerService$H.handleMessage(android.os.Message) for 190ms
05-30 15:56:23.284 I/art     ( 2101): Background sticky concurrent mark sweep GC freed 26523(1970KB) AllocSpace objects, 6(880KB) LOS objects, 16% free, 11MB/13MB, paused 113.801ms total 13.606s
05-30 15:56:23.411 W/BroadcastQueue( 2101): Timeout of broadcast BroadcastRecord{829b5d8 u-1 android.intent.action.TIME_TICK} - receiver=android.os.BinderProxy@dd31d59, started 10016ms ago
05-30 15:56:23.412 W/BroadcastQueue( 2101): Receiver during timeout: BroadcastFilter{36ca9ff u0 ReceiverList{1aacd1e 2370 com.android.systemui/10021/u0 remote:dd31d59}}
05-30 15:56:25.051 W/WindowManager( 2101): Window freeze timeout expired.
05-30 15:56:25.051 W/WindowManager( 2101): Force clearing orientation change: Window{248c852 u0 KeyguardScrim}
05-30 15:56:25.275 I/art     ( 2370): Background partial concurrent mark sweep GC freed 15877(1662KB) AllocSpace objects, 3(60KB) LOS objects, 33% free, 8MB/12MB, paused 1.505ms total 922.290ms
05-30 15:56:25.799 D/AlarmManagerService( 2101): Kernel timezone updated to 0 minutes west of GMT
05-30 15:56:25.875 I/Process ( 2101): Sending signal. PID: 2370 SIG: 3
05-30 15:56:25.877 I/art     ( 2370): Thread[3,tid=2380,WaitingInMainSignalCatcherLoop,Thread*=0x7c095b296400,peer=0x12c005e0,"Signal Catcher"]: reacting to signal 3
05-30 15:56:25.877 I/art     ( 2370): 
05-30 15:56:25.911 E/ActivityThread( 2607): Failed to find provider info for com.android.contacts
05-30 15:56:25.912 W/CallerInfoCache( 2607): cursor is null
05-30 15:56:26.012 D/AlarmManagerService( 2101): Setting time of day to sec=1590854186
05-30 15:56:26.531 W/AlarmManagerService( 2101): Unable to set rtc to 1590854186: No such device
05-30 15:56:26.836 W/art     ( 2101): Long monitor contention with owner AlarmManager (2290) at int com.android.server.am.ActivityManagerService.broadcastIntent(android.app.IApplicationThread, android.content.Intent, java.lang.String, android.content.IIntentReceiver, int, java.lang.String, android.os.Bundle, java.lang.String[], int, android.os.Bundle, boolean, boolean, int)(ActivityManagerService.java:18551) waiters=0 in int com.android.server.am.ActivityManagerService.broadcastIntent(android.app.IApplicationThread, android.content.Intent, java.lang.String, android.content.IIntentReceiver, int, java.lang.String, android.os.Bundle, java.lang.String[], int, android.os.Bundle, boolean, boolean, int) for 295ms
05-30 15:56:28.494 I/art     ( 2370): Wrote stack traces to '/data/anr/traces.txt'
05-30 15:56:29.093 W/art     ( 2101): Long monitor contention with owner AlarmManager (2290) at int com.android.server.am.ActivityManagerService.broadcastIntent(android.app.IApplicationThread, android.content.Intent, java.lang.String, android.content.IIntentReceiver, int, java.lang.String, android.os.Bundle, java.lang.String[], int, android.os.Bundle, boolean, boolean, int)(ActivityManagerService.java:18551) waiters=1 in android.content.Intent com.android.server.am.ActivityManagerService.registerReceiver(android.app.IApplicationThread, java.lang.String, android.content.IIntentReceiver, android.content.IntentFilter, java.lang.String, int) for 2.527s
05-30 15:56:29.161 E/ActivityManager( 2101): ANR in com.android.systemui
05-30 15:56:29.161 E/ActivityManager( 2101): PID: 2370
05-30 15:56:29.161 E/ActivityManager( 2101): Reason: Broadcast of Intent { act=android.intent.action.TIME_TICK flg=0x50000014 (has extras) }
05-30 15:56:29.161 E/ActivityManager( 2101): Load: 0.0 / 0.0 / 0.0
05-30 15:56:29.161 E/ActivityManager( 2101): CPU usage from 18979ms to 0ms ago (2020-05-30 15:56:04.442 to 2020-05-30 15:56:23.421):
05-30 15:56:29.161 E/ActivityManager( 2101):   95% 1326/surfaceflinger: 28% user + 66% kernel / faults: 5 minor
05-30 15:56:29.161 E/ActivityManager( 2101):   29% 2101/system_server: 2.9% user + 26% kernel / faults: 3051 minor 19 major
05-30 15:56:29.161 E/ActivityManager( 2101):   24% 1658/bootanimation: 5.2% user + 18% kernel
05-30 15:56:29.161 E/ActivityManager( 2101):   15% 2622/com.android.settings: 3.5% user + 11% kernel / faults: 89 minor
05-30 15:56:29.161 E/ActivityManager( 2101):   6.8% 2370/com.android.systemui: 0.7% user + 6% kernel / faults: 766 minor
05-30 15:56:29.161 E/ActivityManager( 2101):   4.3% 2607/com.android.phone: 0.7% user + 3.5% kernel / faults: 1071 minor 11 major
05-30 15:56:29.161 E/ActivityManager( 2101):   2.8% 1328/adbd: 0% user + 2.7% kernel / faults: 796 minor
05-30 15:56:29.161 E/ActivityManager( 2101):   1.2% 8/rcu_preempt: 0% user + 1.2% kernel
05-30 15:56:29.161 E/ActivityManager( 2101):   0.4% 1329/zygote64: 0% user + 0.4% kernel / faults: 156 minor
05-30 15:56:29.161 E/ActivityManager( 2101):   0.4% 1357/logcat: 0% user + 0.4% kernel
05-30 15:56:29.161 E/ActivityManager( 2101):   0.4% 2361/com.android.inputmethod.latin: 0% user + 0.4% kernel / faults: 144 minor
05-30 15:56:29.161 E/ActivityManager( 2101):   0.3% 1270/logd: 0% user + 0.3% kernel / faults: 12 minor
05-30 15:56:29.161 E/ActivityManager( 2101):   0.3% 1325/servicemanager: 0.1% user + 0.1% kernel
05-30 15:56:29.161 E/ActivityManager( 2101):   0.2% 3/ksoftirqd/0: 0% user + 0.2% kernel
05-30 15:56:29.161 E/ActivityManager( 2101):   0.2% 1331/audioserver: 0% user + 0.1% kernel / faults: 1 minor
05-30 15:56:29.161 E/ActivityManager( 2101):   0.2% 1335/keystore: 0% user + 0.1% kernel
05-30 15:56:29.161 E/ActivityManager( 2101):   0.1% 6/kworker/u4:0: 0% user + 0.1% kernel
05-30 15:56:29.161 E/ActivityManager( 2101):   0.1% 1341/rild: 0.1% user + 0% kernel / faults: 1 minor
05-30 15:56:29.161 E/ActivityManager( 2101):   0.1% 1268/jbd2/vdc-8: 0% user + 0.1% kernel
05-30 15:56:29.161 E/ActivityManager( 2101):   0.1% 1340/netd: 0% user + 0.1% kernel / faults: 3 minor
05-30 15:56:29.161 E/ActivityManager( 2101):   0% 1//init: 0% user + 0% kernel
05-30 15:56:29.161 E/ActivityManager( 2101):   0% 4/kworker/0:0: 0% user + 0% kernel
05-30 15:56:29.161 E/ActivityManager( 2101):   0% 673/kworker/1:1: 0% user + 0% kernel
05-30 15:56:29.161 E/ActivityManager( 2101):   0% 1258/kworker/0:1H: 0% user + 0% kernel
05-30 15:56:29.161 E/ActivityManager( 2101):   0% 1324/lmkd: 0% user + 0% kernel
05-30 15:56:29.161 E/ActivityManager( 2101):  +0% 2729/com.android.cellbroadcastreceiver: 0% user + 0% kernel
05-30 15:56:29.161 E/ActivityManager( 2101): 100% TOTAL: 26% user + 72% kernel + 1.7% softirq
05-30 15:56:29.161 E/ActivityManager( 2101): CPU usage from 242421ms to 242421ms ago (1970-01-01 00:00:00.000 to 1970-01-01 00:00:00.000) with 0% awake:
05-30 15:56:29.161 E/ActivityManager( 2101): 0% TOTAL: 0% user + 0% kernel
05-30 15:56:29.590 I/ActivityManager( 2101): Killing 2370:com.android.systemui/u0a21 (adj -800): bg anr
05-30 15:56:30.008 D/ConditionProviders.SCP( 2101): onReceive android.intent.action.TIME_SET
05-30 15:56:30.359 W/art     ( 2101): Long monitor contention with owner ActivityManager (2137) at void com.android.server.am.ActivityManagerService$MainHandler.handleMessage(android.os.Message)(ActivityManagerService.java:2004) waiters=2 in android.content.Intent com.android.server.am.ActivityManagerService.registerReceiver(android.app.IApplicationThread, java.lang.String, android.content.IIntentReceiver, android.content.IntentFilter, java.lang.String, int) for 327ms
05-30 15:56:30.379 I/Choreographer( 2101): Skipped 578 frames!  The application may be doing too much work on its main thread.
05-30 15:56:30.563 W/ActivityManager( 2101): Timeout executing service: ServiceRecord{e3c4c91 u0 com.android.systemui/.keyguard.KeyguardService}
05-30 15:56:30.585 D/ConditionProviders.SCP( 2101): notifyCondition condition://android/schedule?days=6.7&start=23.30&end=10.0&exitAtAlarm=false STATE_FALSE reason=!meetsSchedule
05-30 15:56:30.695 D/ConditionProviders.SCP( 2101): notifyCondition condition://android/schedule?days=1.2.3.4.5&start=22.0&end=7.0&exitAtAlarm=false STATE_FALSE reason=!meetsSchedule
05-30 15:56:30.745 D/ConditionProviders.SCP( 2101): Scheduling evaluate for Sat May 30 22:00:00 UTC 2020 (1590876000000), in +6h3m29s992ms, now=Sat May 30 15:56:30 UTC 2020 (1590854190008)
05-30 15:56:30.894 I/ActivityManager( 2101): Skipping duplicate ANR: ProcessRecord{92e48f 2370:com.android.systemui/u0a21} executing service com.android.systemui/.keyguard.KeyguardService
05-30 15:56:30.940 E/JavaBinder( 2101): !!! FAILED BINDER TRANSACTION !!!  (parcel size = 96)
05-30 15:56:31.036 W/art     ( 2101): Long monitor contention with owner ActivityManager (2137) at void com.android.server.am.BroadcastQueue.processNextBroadcast(boolean)(BroadcastQueue.java:760) waiters=0 in android.content.Intent com.android.server.am.ActivityManagerService.registerReceiver(android.app.IApplicationThread, java.lang.String, android.content.IIntentReceiver, android.content.IntentFilter, java.lang.String, int) for 140ms
05-30 15:56:31.054 E/JavaBinder( 2101): !!! FAILED BINDER TRANSACTION !!!  (parcel size = 96)
05-30 15:56:31.055 E/JavaBinder( 2101): !!! FAILED BINDER TRANSACTION !!!  (parcel size = 96)
05-30 15:56:31.056 E/JavaBinder( 2101): !!! FAILED BINDER TRANSACTION !!!  (parcel size = 96)
05-30 15:56:31.217 E/JavaBinder( 2101): !!! FAILED BINDER TRANSACTION !!!  (parcel size = 96)
05-30 15:56:31.236 E/JavaBinder( 2101): !!! FAILED BINDER TRANSACTION !!!  (parcel size = 96)
05-30 15:56:31.248 E/JavaBinder( 2101): !!! FAILED BINDER TRANSACTION !!!  (parcel size = 96)
05-30 15:56:31.249 E/JavaBinder( 2101): !!! FAILED BINDER TRANSACTION !!!  (parcel size = 96)
05-30 15:56:31.295 E/JavaBinder( 2101): !!! FAILED BINDER TRANSACTION !!!  (parcel size = 96)
05-30 15:56:31.297 E/JavaBinder( 2101): !!! FAILED BINDER TRANSACTION !!!  (parcel size = 96)
05-30 15:56:31.363 E/JavaBinder( 2101): !!! FAILED BINDER TRANSACTION !!!  (parcel size = 96)
05-30 15:56:31.501 E/JavaBinder( 2101): !!! FAILED BINDER TRANSACTION !!!  (parcel size = 96)
05-30 15:56:31.502 E/JavaBinder( 2101): !!! FAILED BINDER TRANSACTION !!!  (parcel size = 96)
05-30 15:56:31.503 E/JavaBinder( 2101): !!! FAILED BINDER TRANSACTION !!!  (parcel size = 96)
05-30 15:56:34.019 W/BroadcastQueue( 2101): Timeout of broadcast BroadcastRecord{829b5d8 u-1 android.intent.action.TIME_TICK} - receiver=android.os.BinderProxy@4836a97, started 10088ms ago
05-30 15:56:34.020 W/BroadcastQueue( 2101): Receiver during timeout: BroadcastFilter{d6fa46d u0 ReceiverList{e389484 2370 com.android.systemui/10021/u0 remote:4836a97}}
05-30 15:56:34.060 I/ActivityManager( 2101): Skipping duplicate ANR: ProcessRecord{92e48f 2370:com.android.systemui/u0a21} Broadcast of Intent { act=android.intent.action.TIME_TICK flg=0x50000014 (has extras) }
05-30 15:56:34.189 D/PhoneSwitcherNetworkRequstListener( 2607): got request NetworkRequest [ REQUEST id=1, [ Capabilities: INTERNET&NOT_RESTRICTED&TRUSTED&NOT_VPN] ] with score 0
05-30 15:56:34.230 D/TelephonyDebugService( 2607): TelephonyDebugService()
05-30 15:56:34.300 D/CarrierConfigLoader( 2607): mHandler: 12 phoneId: 0
05-30 15:56:37.865 W/GnssLocationProvider( 2101): Could not open GPS configuration file /etc/gps.conf
05-30 15:56:37.866 E/GnssLocationProvider( 2101): no AGPS interface in set_agps_server
05-30 15:56:38.576 I/GnssLocationProvider( 2101): WakeLock released by handleMessage(13, 0, null)
05-30 15:56:38.818 E/GnssLocationProvider( 2101): no AGPS interface in set_agps_server
05-30 15:56:38.821 I/GnssLocationProvider( 2101): WakeLock released by handleMessage(2, 1, null)
05-30 15:56:39.109 I/SyncManager( 2101): Got SyncJobService instance.
05-30 15:56:39.111 I/FusedLocation( 2101): engine started (com.android.location.fused)
05-30 15:56:39.602 W/WindowManager( 2101): ***** BOOT TIMEOUT: forcing display enabled
05-30 15:56:39.626 I/SurfaceFlinger( 1326): Boot is finished (239396 ms)
05-30 15:56:39.799 I/SystemServiceManager( 2101): Starting phase 1000
05-30 15:56:40.129 W/ActivityManager( 2101): Slow operation: 186ms so far, now at startProcess: returned from zygote!
05-30 15:56:40.129 W/ActivityManager( 2101): Slow operation: 186ms so far, now at startProcess: done updating battery stats
05-30 15:56:40.130 W/ActivityManager( 2101): Slow operation: 187ms so far, now at startProcess: building log message
05-30 15:56:40.130 I/ActivityManager( 2101): Start proc 2791:android.ext.services/u0a12 for on-hold
05-30 15:56:40.130 W/ActivityManager( 2101): Slow operation: 187ms so far, now at startProcess: starting to update pids map
05-30 15:56:40.130 W/ActivityManager( 2101): Slow operation: 187ms so far, now at startProcess: done updating pids map
05-30 15:56:40.190 D/ActivityManager( 2101): Finishing user boot 0
05-30 15:56:40.226 D/CryptdConnector( 2101): SND -> {3 cryptfs prepare_user_storage ! 0 0 2}
05-30 15:56:40.246 D/vold    ( 1280): e4crypt_prepare_user_storage for volume null, user 0, serial 0, flags 2
05-30 15:56:40.257 D/vold    ( 1280): Preparing: /data/system_ce/0
05-30 15:56:40.283 W/art     ( 2791): Unexpected CPU variant for X86 using defaults: x86_64
05-30 15:56:40.292 D/vold    ( 1280): Preparing: /data/misc_ce/0
05-30 15:56:40.292 D/vold    ( 1280): Preparing: /data/media/0
05-30 15:56:40.292 D/vold    ( 1280): Preparing: /data/data
05-30 15:56:40.298 D/CryptdConnector( 2101): RCV <- {200 3 Command succeeded}
05-30 15:56:40.350 V/UserManagerService( 2101): Found /data/user/0 with serial number 0
05-30 15:56:40.351 V/UserManagerService( 2101): Found /data/system_ce/0 with serial number 0
05-30 15:56:40.353 V/PackageManager( 2101): reconcileAppsData for null u0 0x2
05-30 15:56:41.841 W/System  ( 2729): ClassLoader referenced unknown path: /system/priv-app/CellBroadcastReceiver/lib/x86_64
05-30 15:56:42.005 D/ConnectivityService( 2101): ConnectivityService NetworkRequestInfo binderDied(NetworkRequest [ LISTEN id=4, [] ], android.os.BinderProxy@90c249b)
05-30 15:56:42.014 I/WindowManager( 2101): WIN DEATH: Window{a759c85 u0 StatusBar}
05-30 15:56:42.043 E/ConnectivityService( 2101): RemoteException caught trying to send a callback msg for NetworkRequest [ LISTEN id=4, [] ]
05-30 15:56:42.242 W/AudioService( 2101): Current remote volume controller died, unregistering
05-30 15:56:42.245 W/VolumeController( 2101): Error calling dismiss
05-30 15:56:42.245 W/VolumeController( 2101): android.os.DeadObjectException
05-30 15:56:42.245 W/VolumeController( 2101): 	at android.os.BinderProxy.transactNative(Native Method)
05-30 15:56:42.245 W/VolumeController( 2101): 	at android.os.BinderProxy.transact(Binder.java:615)
05-30 15:56:42.245 W/VolumeController( 2101): 	at android.media.IVolumeController$Stub$Proxy.dismiss(IVolumeController.java:162)
05-30 15:56:42.245 W/VolumeController( 2101): 	at com.android.server.audio.AudioService$VolumeController.postDismiss(AudioService.java:6138)
05-30 15:56:42.245 W/VolumeController( 2101): 	at com.android.server.audio.AudioService.setVolumeController(AudioService.java:5986)
05-30 15:56:42.245 W/VolumeController( 2101): 	at com.android.server.audio.AudioService$4.binderDied(AudioService.java:5995)
05-30 15:56:42.245 W/VolumeController( 2101): 	at android.os.BinderProxy.sendDeathNotice(Binder.java:688)
05-30 15:56:42.253 W/art     ( 2101): Long monitor contention with owner Binder:2101_5 (2470) at void com.android.server.wm.WindowState$DeathRecipient.binderDied()(WindowState.java:1806) waiters=0 in void com.android.server.wm.WindowManagerService$9.binderDied() for 236ms
05-30 15:56:42.255 I/WindowManager( 2101): WIN DEATH: Window{ca62073 u0 AssistPreviewPanel}
05-30 15:56:42.303 W/WallpaperManagerService( 2101): Wallpaper service gone: ComponentInfo{com.android.systemui/com.android.systemui.ImageWallpaper}
05-30 15:56:42.338 I/WindowManager( 2101): WIN DEATH: Window{3eba6db u0 DockedStackDivider}
05-30 15:56:42.384 I/WindowManager( 2101): WIN DEATH: Window{43850cf u0 NavigationBar}
05-30 15:56:42.809 D/NotificationSQLiteLog( 2101): Pruned event entries: 5
05-30 15:56:45.063 V/PackageManager( 2101): reconcileAppsData finished 81 packages
05-30 15:56:45.096 W/art     ( 2101): Long monitor contention with owner android.display (2156) at void com.android.server.am.ActivityManagerService.finishBooting()(ActivityManagerService.java:6823) waiters=0 in android.content.Intent com.android.server.am.ActivityManagerService.registerReceiver(android.app.IApplicationThread, java.lang.String, android.content.IIntentReceiver, android.content.IntentFilter, java.lang.String, int) for 5.104s
05-30 15:56:45.234 W/art     ( 2101): Long monitor contention with owner android.display (2156) at void com.android.server.am.ActivityManagerService.finishBooting()(ActivityManagerService.java:6823) waiters=1 in void com.android.server.am.BroadcastQueue.processNextBroadcast(boolean) for 5.040s
05-30 15:56:45.304 W/art     ( 2101): Long monitor contention with owner android.display (2156) at void com.android.server.am.ActivityManagerService.finishBooting()(ActivityManagerService.java:6823) waiters=2 in void com.android.server.am.ActivityManagerService.attachApplication(android.app.IApplicationThread) for 4.641s
05-30 15:56:45.648 W/art     ( 2101): Long monitor contention with owner BackgroundDexOptService_PostBootUpdate (2745) at boolean android.os.MessageQueue.enqueueMessage(android.os.Message, long)(MessageQueue.java:541) waiters=0 in android.os.Message android.os.MessageQueue.next() for 219ms
05-30 15:56:45.690 D/MountService( 2101): onUnlockUser 0
05-30 15:56:45.691 D/VoldConnector( 2101): SND -> {7 volume user_started 0}
05-30 15:56:45.842 W/art     ( 2101): Long monitor contention with owner android.display (2156) at void com.android.server.am.ActivityManagerService.finishBooting()(ActivityManagerService.java:6823) waiters=3 in void com.android.server.am.ActivityManagerService$AppDeathRecipient.binderDied() for 3.593s
05-30 15:56:45.843 W/art     ( 2101): Long monitor contention with owner android.display (2156) at void com.android.server.am.ActivityManagerService.finishBooting()(ActivityManagerService.java:6823) waiters=4 in void com.android.server.am.ActivityManagerService.publishContentProviders(android.app.IApplicationThread, java.util.List) for 2.977s
05-30 15:56:45.844 W/art     ( 2101): Long monitor contention with owner android.display (2156) at void com.android.server.am.ActivityManagerService.finishBooting()(ActivityManagerService.java:6823) waiters=5 in java.lang.String com.android.server.am.ActivityManagerService.checkContentProviderAccess(java.lang.String, int) for 2.913s
05-30 15:56:45.844 W/art     ( 2101): Long monitor contention with owner android.display (2156) at void com.android.server.am.ActivityManagerService.finishBooting()(ActivityManagerService.java:6823) waiters=6 in void com.android.server.am.ActivityManagerService.monitor() for 1.896s
05-30 15:56:45.846 I/ActivityManager( 2101): Process com.android.systemui (pid 2370) has died
05-30 15:56:45.847 D/ActivityManager( 2101): cleanUpApplicationRecord -- 2370
05-30 15:56:45.876 W/ActivityManager( 2101): Scheduling restart of crashed service com.android.systemui/.keyguard.KeyguardService in 0ms
05-30 15:56:45.926 D/vold    ( 1280): Linking /storage/emulated/0 to /mnt/user/0/primary
05-30 15:56:46.080 D/VoldConnector( 2101): RCV <- {200 7 Command succeeded}
05-30 15:56:46.224 W/ActivityManager( 2101): Scheduling restart of crashed service com.android.systemui/.ImageWallpaper in 0ms
05-30 15:56:46.225 W/ActivityManager( 2101): Scheduling restart of crashed service com.android.systemui/.SystemUIService in 0ms
05-30 15:56:46.312 W/ActivityManager( 2101): Re-adding persistent process ProcessRecord{92e48f 2370:com.android.systemui/u0a21}
05-30 15:56:46.780 W/ActivityManager( 2101): Slow operation: 466ms so far, now at startProcess: returned from zygote!
05-30 15:56:46.802 W/ActivityManager( 2101): Slow operation: 488ms so far, now at startProcess: done updating battery stats
05-30 15:56:46.803 W/ActivityManager( 2101): Slow operation: 489ms so far, now at startProcess: building log message
05-30 15:56:46.803 I/ActivityManager( 2101): Start proc 2812:com.android.systemui/u0a21 for restart com.android.systemui
05-30 15:56:46.803 W/ActivityManager( 2101): Slow operation: 489ms so far, now at startProcess: starting to update pids map
05-30 15:56:46.804 W/ActivityManager( 2101): Slow operation: 490ms so far, now at startProcess: done updating pids map
05-30 15:56:46.812 W/art     ( 2101): Long monitor contention with owner Binder:2101_3 (2390) at void com.android.server.am.ActivityManagerService.attachApplication(android.app.IApplicationThread)(ActivityManagerService.java:6669) waiters=4 in int com.android.server.am.PendingIntentRecord.sendInner(int, android.content.Intent, java.lang.String, android.content.IIntentReceiver, java.lang.String, android.os.IBinder, java.lang.String, int, int, int, android.os.Bundle, android.app.IActivityContainer) for 1.173s
05-30 15:56:46.829 W/art     ( 2101): Long monitor contention with owner Binder:2101_3 (2390) at void com.android.server.am.ActivityManagerService.attachApplication(android.app.IApplicationThread)(ActivityManagerService.java:6669) waiters=5 in void com.android.server.am.ActivityManagerService.updateConfiguration(android.content.res.Configuration) for 1.159s
05-30 15:56:46.938 W/art     ( 2101): Long monitor contention with owner Binder:2101_4 (2394) at void com.android.server.am.ActivityManagerService$AppDeathRecipient.binderDied()(ActivityManagerService.java:1475) waiters=4 in void com.android.server.am.ActivityManagerService.publishContentProviders(android.app.IApplicationThread, java.util.List) for 1.033s
05-30 15:56:47.018 D/MountService( 2101): Volume emulated broadcasting mounted to UserHandle{0}
05-30 15:56:47.092 W/art     ( 2101): Long monitor contention with owner Binder:2101_4 (2394) at void com.android.server.am.ActivityManagerService$AppDeathRecipient.binderDied()(ActivityManagerService.java:1475) waiters=4 in void com.android.server.am.ActivityManagerService.monitor() for 1.246s
05-30 15:56:47.093 W/art     ( 2101): Long monitor contention with owner Binder:2101_4 (2394) at void com.android.server.am.ActivityManagerService$AppDeathRecipient.binderDied()(ActivityManagerService.java:1475) waiters=5 in boolean com.android.server.am.ActivityManagerService.isUserRunning(int, int) for 648ms
05-30 15:56:47.108 W/art     ( 2101): Long monitor contention with owner Binder:2101_4 (2394) at void com.android.server.am.ActivityManagerService$AppDeathRecipient.binderDied()(ActivityManagerService.java:1475) waiters=6 in android.content.Intent com.android.server.am.ActivityManagerService.registerReceiver(android.app.IApplicationThread, java.lang.String, android.content.IIntentReceiver, android.content.IntentFilter, java.lang.String, int) for 298ms
05-30 15:56:47.235 W/art     ( 2812): Unexpected CPU variant for X86 using defaults: x86_64
05-30 15:56:47.308 W/WallpaperManagerService( 2101): Wallpaper reconnect timed out, reverting to built-in wallpaper!
05-30 15:56:47.433 E/NetdConnector( 2101): NDC Command {18 firewall disable_chain standby} took too long (4033ms)
05-30 15:56:47.444 W/art     ( 2101): Long monitor contention with owner Binder:2101_4 (2394) at void com.android.server.am.ActivityManagerService$AppDeathRecipient.binderDied()(ActivityManagerService.java:1475) waiters=4 in java.lang.String com.android.server.am.ActivityManagerService.checkContentProviderAccess(java.lang.String, int) for 1.600s
05-30 15:56:47.468 W/libprocessgroup( 2101): failed to open /acct/uid_10021/pid_2370/cgroup.procs: No such file or directory
05-30 15:56:47.598 W/art     ( 2101): Long monitor contention with owner android.bg (2136) at void com.android.server.net.NetworkPolicyManagerService$AppIdleStateChangeListener.onParoleStateChanged(boolean)(NetworkPolicyManagerService.java:3204) waiters=0 in void com.android.server.net.NetworkPolicyManagerService$1.onUidStateChanged(int, int) for 1.705s
05-30 15:56:48.029 W/art     ( 2101): Long monitor contention with owner Binder:2101_7 (2572) at void com.android.server.am.ActivityManagerService.attachApplication(android.app.IApplicationThread)(ActivityManagerService.java:6669) waiters=2 in com.android.server.am.ProcessRecord com.android.server.am.ActivityManagerService.findAppProcess(android.os.IBinder, java.lang.String) for 167ms
05-30 15:56:48.082 W/art     ( 2101): Long monitor contention with owner android.ui (2139) at int com.android.server.wm.WindowManagerService.relayoutWindow(com.android.server.wm.Session, android.view.IWindow, int, android.view.WindowManager$LayoutParams, int, int, int, int, android.graphics.Rect, android.graphics.Rect, android.graphics.Rect, android.graphics.Rect, android.graphics.Rect, android.graphics.Rect, android.graphics.Rect, android.content.res.Configuration, android.view.Surface)(WindowManagerService.java:2857) waiters=0 in void com.android.server.wm.WindowManagerService$H.handleMessage(android.os.Message) for 347ms
05-30 15:56:48.108 W/art     ( 2101): Long monitor contention with owner Binder:2101_7 (2572) at void com.android.server.am.ActivityManagerService.attachApplication(android.app.IApplicationThread)(ActivityManagerService.java:6669) waiters=1 in boolean com.android.server.am.ActivityManagerService.isUserRunning(int, int) for 248ms
05-30 15:56:48.508 W/art     ( 2101): Suspending all threads took: 34.823ms
05-30 15:56:48.688 W/art     ( 2101): Long monitor contention with owner Binder:2101_7 (2572) at void com.android.server.am.ActivityManagerService.attachApplication(android.app.IApplicationThread)(ActivityManagerService.java:6669) waiters=2 in java.lang.String com.android.server.am.ActivityManagerService.checkContentProviderAccess(java.lang.String, int) for 783ms
05-30 15:56:48.703 W/System  ( 2812): ClassLoader referenced unknown path: /system/priv-app/SystemUI/lib/x86_64
05-30 15:56:48.759 W/System  ( 2791): ClassLoader referenced unknown path: /system/priv-app/ExtServices/lib/x86_64
05-30 15:56:48.854 V/BackupManagerService( 2101): No ancestral data
05-30 15:56:49.008 W/ActivityManager( 2101): Slow operation: 62ms so far, now at getContentProviderImpl: after resolveContentProvider
05-30 15:56:49.009 W/ActivityManager( 2101): Slow operation: 63ms so far, now at getContentProviderImpl: got app info for user
05-30 15:56:49.009 W/ActivityManager( 2101): Slow operation: 63ms so far, now at getContentProviderImpl: before checkContentProviderPermission
05-30 15:56:49.009 W/ActivityManager( 2101): Slow operation: 63ms so far, now at getContentProviderImpl: after checkContentProviderPermission
05-30 15:56:49.009 W/ActivityManager( 2101): Slow operation: 63ms so far, now at getContentProviderImpl: before getProviderByClass
05-30 15:56:49.009 W/ActivityManager( 2101): Slow operation: 63ms so far, now at getContentProviderImpl: after getProviderByClass
05-30 15:56:49.010 W/ActivityManager( 2101): Slow operation: 64ms so far, now at getContentProviderImpl: before getApplicationInfo
05-30 15:56:49.010 W/ActivityManager( 2101): Slow operation: 64ms so far, now at getContentProviderImpl: after getApplicationInfo
05-30 15:56:49.011 W/ActivityManager( 2101): Slow operation: 65ms so far, now at getContentProviderImpl: now have ContentProviderRecord
05-30 15:56:49.011 W/ActivityManager( 2101): Slow operation: 65ms so far, now at getContentProviderImpl: before set stopped state
05-30 15:56:49.012 W/ActivityManager( 2101): Slow operation: 66ms so far, now at getContentProviderImpl: after set stopped state
05-30 15:56:49.012 W/ActivityManager( 2101): Slow operation: 66ms so far, now at getContentProviderImpl: looking for process record
05-30 15:56:49.012 W/ActivityManager( 2101): Slow operation: 66ms so far, now at getContentProviderImpl: before start process
05-30 15:56:49.348 I/art     ( 2101): Background partial concurrent mark sweep GC freed 32441(2MB) AllocSpace objects, 17(1552KB) LOS objects, 28% free, 10MB/14MB, paused 40.775ms total 2.932s
05-30 15:56:49.595 W/ActivityManager( 2101): Slow operation: 581ms so far, now at startProcess: returned from zygote!
05-30 15:56:49.598 W/ActivityManager( 2101): Slow operation: 584ms so far, now at startProcess: done updating battery stats
