06-01 08:44:20.660 V/MediaScanner( 2741): pruneDeadThumbnailFiles... android.content.ContentProviderClient$CursorWrapperInner@8b0b00e
06-01 08:44:20.784 V/MediaScanner( 2741): /pruneDeadThumbnailFiles... android.content.ContentProviderClient$CursorWrapperInner@8b0b00e
06-01 08:44:21.155 E/hostapd ( 2805): Configuration file: /system/etc/simulated_hostapd.conf
06-01 08:44:21.183 E/hostapd ( 2805): Could not read interface wlan1 flags: No such device
06-01 08:44:21.184 I/hostapd ( 2805): nl80211: Driver does not support authentication/association or connect commands
06-01 08:44:21.184 I/hostapd ( 2805): nl80211: deinit ifname=wlan1 disabled_11b_rates=0
06-01 08:44:21.185 E/hostapd ( 2805): Could not read interface wlan1 flags: No such device
06-01 08:44:21.185 E/hostapd ( 2805): nl80211 driver initialization failed.
06-01 08:44:21.186 I/hostapd ( 2805): wlan1: interface state UNINITIALIZED->DISABLED
06-01 08:44:21.186 I/hostapd ( 2805): wlan1: AP-DISABLED 
06-01 08:44:21.186 E/hostapd ( 2805): hostapd_free_hapd_data: Interface wlan1 wasn't started
06-01 08:44:21.211 E/ipv6proxy( 2804): Failed to get interface flags for wlan1: No such device
06-01 08:44:22.372 I/MediaPlayerService( 1346): MediaPlayerService::getOMX
06-01 08:44:22.385 I/OMXClient( 2763): MuxOMX ctor
06-01 08:44:22.464 I/OMXMaster( 1339): makeComponentInstance(OMX.google.vorbis.decoder) in mediacodec process
06-01 08:44:22.567 I/vol.Events( 2763): writeEvent level_changed STREAM_ALARM 6
06-01 08:44:22.617 I/vol.Events( 2763): writeEvent level_changed STREAM_BLUETOOTH_SCO 7
06-01 08:44:22.844 I/vol.Events( 2763): writeEvent level_changed STREAM_MUSIC 11
06-01 08:44:22.958 I/vol.Events( 2763): writeEvent level_changed STREAM_RING 5
06-01 08:44:22.972 I/vol.Events( 2763): writeEvent level_changed STREAM_SYSTEM 5
06-01 08:44:23.044 I/vol.Events( 2763): writeEvent level_changed STREAM_VOICE_CALL 4
06-01 08:44:23.223 D/StorageNotification( 2763): Notifying about private volume: VolumeInfo{private}:
06-01 08:44:23.223 D/StorageNotification( 2763):     type=PRIVATE diskId=null partGuid=null mountFlags=0 mountUserId=-1 
06-01 08:44:23.223 D/StorageNotification( 2763):     state=MOUNTED 
06-01 08:44:23.223 D/StorageNotification( 2763):     fsType=null fsUuid=null fsLabel=null 
06-01 08:44:23.223 D/StorageNotification( 2763):     path=/data internalPath=null 
06-01 08:44:23.404 V/KeyguardServiceDelegate( 1754): *** Keyguard connected (yay!)
06-01 08:44:23.481 I/Choreographer( 2763): Skipped 39 frames!  The application may be doing too much work on its main thread.
06-01 08:44:23.983 W/art     ( 1754): Long monitor contention with owner android.display (1826) at void com.android.server.wm.WindowAnimator$1.doFrame(long)(WindowAnimator.java:144) waiters=1 in void com.android.server.wm.WindowManagerService.setDockedStackDividerTouchRegion(android.graphics.Rect) for 182ms
06-01 08:44:24.108 I/StatusBarManagerService( 1754): registerStatusBar bar=com.android.internal.statusbar.IStatusBar$Stub$Proxy@6ca67b2
06-01 08:44:25.290 I/art     ( 2763): Background sticky concurrent mark sweep GC freed 16936(2MB) AllocSpace objects, 2(40KB) LOS objects, 29% free, 7MB/10MB, paused 2.011ms total 149.541ms
06-01 08:44:25.783 W/System  ( 2763): ClassLoader referenced unknown path: 
06-01 08:44:25.785 W/System  ( 2763): ClassLoader referenced unknown path: /system/priv-app/Dialer/lib/x86_64
06-01 08:44:25.805 D/ApplicationLoaders( 2763): ignored Vulkan layer search path /system/priv-app/Dialer/lib/x86_64:/system/lib64:/vendor/lib64 for namespace 0x7bffc69680f0
06-01 08:44:26.032 E/ipv6proxy( 2815): Failed to get interface flags for wlan1: No such device
06-01 08:44:26.065 E/BluetoothAdapter( 2763): Bluetooth binder is null
06-01 08:44:26.093 E/hostapd ( 2816): Configuration file: /system/etc/simulated_hostapd.conf
06-01 08:44:26.126 E/hostapd ( 2816): Could not read interface wlan1 flags: No such device
06-01 08:44:26.128 I/hostapd ( 2816): nl80211: Driver does not support authentication/association or connect commands
06-01 08:44:26.128 I/hostapd ( 2816): nl80211: deinit ifname=wlan1 disabled_11b_rates=0
06-01 08:44:26.129 E/hostapd ( 2816): Could not read interface wlan1 flags: No such device
06-01 08:44:26.130 E/hostapd ( 2816): nl80211 driver initialization failed.
06-01 08:44:26.130 I/hostapd ( 2816): wlan1: interface state UNINITIALIZED->DISABLED
06-01 08:44:26.130 I/hostapd ( 2816): wlan1: AP-DISABLED 
06-01 08:44:26.130 E/hostapd ( 2816): hostapd_free_hapd_data: Interface wlan1 wasn't started
06-01 08:44:26.208 I/CameraManagerGlobal( 2763): Connecting to camera service
06-01 08:44:26.229 V/EmulatedCamera_Camera( 1334): getCameraInfo
06-01 08:44:26.231 V/EmulatedCamera_BaseCamera( 1334): getCameraInfo
06-01 08:44:26.231 I/CameraService( 1334): getCameraCharacteristics: Switching to HAL1 shim implementation...
06-01 08:44:26.231 V/EmulatedCamera_Camera( 1334): getCameraInfo
06-01 08:44:26.232 V/EmulatedCamera_BaseCamera( 1334): getCameraInfo
06-01 08:44:26.242 V/EmulatedCamera_Camera( 1334): getCameraInfo
06-01 08:44:26.242 V/EmulatedCamera_BaseCamera( 1334): getCameraInfo
06-01 08:44:26.250 V/EmulatedCamera_Camera( 1334): getCameraInfo
06-01 08:44:26.250 V/EmulatedCamera_BaseCamera( 1334): getCameraInfo
06-01 08:44:26.308 I/StatusBar( 2763): isKeyguardShowing() called before startKeyguard(), returning true
06-01 08:44:26.311 W/StatusBar( 2763): isKeyguardSecure() called before startKeyguard(), returning false
06-01 08:44:26.311 W/StatusBar( 2763): java.lang.Throwable
06-01 08:44:26.311 W/StatusBar( 2763): 	at com.android.systemui.statusbar.BaseStatusBar.isKeyguardSecure(BaseStatusBar.java:2647)
06-01 08:44:26.311 W/StatusBar( 2763): 	at com.android.systemui.statusbar.BaseStatusBar.isCameraAllowedByAdmin(BaseStatusBar.java:2670)
06-01 08:44:26.311 W/StatusBar( 2763): 	at com.android.systemui.statusbar.phone.KeyguardBottomAreaView.updateCameraVisibility(KeyguardBottomAreaView.java:309)
06-01 08:44:26.311 W/StatusBar( 2763): 	at com.android.systemui.statusbar.phone.KeyguardBottomAreaView.setPhoneStatusBar(KeyguardBottomAreaView.java:272)
06-01 08:44:26.311 W/StatusBar( 2763): 	at com.android.systemui.statusbar.phone.PhoneStatusBar.makeStatusBarView(PhoneStatusBar.java:904)
06-01 08:44:26.311 W/StatusBar( 2763): 	at com.android.systemui.statusbar.phone.PhoneStatusBar.addStatusBarWindow(PhoneStatusBar.java:3432)
06-01 08:44:26.311 W/StatusBar( 2763): 	at com.android.systemui.statusbar.phone.PhoneStatusBar.createAndAddWindows(PhoneStatusBar.java:3428)
06-01 08:44:26.311 W/StatusBar( 2763): 	at com.android.systemui.statusbar.BaseStatusBar.start(BaseStatusBar.java:765)
06-01 08:44:26.311 W/StatusBar( 2763): 	at com.android.systemui.statusbar.phone.PhoneStatusBar.start(PhoneStatusBar.java:686)
06-01 08:44:26.311 W/StatusBar( 2763): 	at com.android.systemui.statusbar.SystemBars.createStatusBarFromConfig(SystemBars.java:106)
06-01 08:44:26.311 W/StatusBar( 2763): 	at com.android.systemui.statusbar.SystemBars.onNoService(SystemBars.java:58)
06-01 08:44:26.311 W/StatusBar( 2763): 	at com.android.systemui.statusbar.ServiceMonitor.startService(ServiceMonitor.java:230)
06-01 08:44:26.311 W/StatusBar( 2763): 	at com.android.systemui.statusbar.ServiceMonitor.-wrap5(ServiceMonitor.java)
06-01 08:44:26.311 W/StatusBar( 2763): 	at com.android.systemui.statusbar.ServiceMonitor$1.handleMessage(ServiceMonitor.java:73)
06-01 08:44:26.311 W/StatusBar( 2763): 	at android.os.Handler.dispatchMessage(Handler.java:102)
06-01 08:44:26.311 W/StatusBar( 2763): 	at android.os.Looper.loop(Looper.java:154)
06-01 08:44:26.311 W/StatusBar( 2763): 	at android.app.ActivityThread.main(ActivityThread.java:6119)
06-01 08:44:26.311 W/StatusBar( 2763): 	at java.lang.reflect.Method.invoke(Native Method)
06-01 08:44:26.311 W/StatusBar( 2763): 	at com.android.internal.os.ZygoteInit$MethodAndArgsCaller.run(ZygoteInit.java:886)
06-01 08:44:26.311 W/StatusBar( 2763): 	at com.android.internal.os.ZygoteInit.main(ZygoteInit.java:776)
06-01 08:44:26.317 I/StatusBar( 2763): isKeyguardShowing() called before startKeyguard(), returning true
06-01 08:44:26.321 W/StatusBar( 2763): isKeyguardSecure() called before startKeyguard(), returning false
06-01 08:44:26.321 W/StatusBar( 2763): java.lang.Throwable
06-01 08:44:26.321 W/StatusBar( 2763): 	at com.android.systemui.statusbar.BaseStatusBar.isKeyguardSecure(BaseStatusBar.java:2647)
06-01 08:44:26.321 W/StatusBar( 2763): 	at com.android.systemui.statusbar.BaseStatusBar.isCameraAllowedByAdmin(BaseStatusBar.java:2670)
06-01 08:44:26.321 W/StatusBar( 2763): 	at com.android.systemui.statusbar.phone.KeyguardBottomAreaView.updateCameraVisibility(KeyguardBottomAreaView.java:309)
06-01 08:44:26.321 W/StatusBar( 2763): 	at com.android.systemui.statusbar.phone.KeyguardBottomAreaView.setUserSetupComplete(KeyguardBottomAreaView.java:281)
06-01 08:44:26.321 W/StatusBar( 2763): 	at com.android.systemui.statusbar.phone.PhoneStatusBar.makeStatusBarView(PhoneStatusBar.java:905)
06-01 08:44:26.321 W/StatusBar( 2763): 	at com.android.systemui.statusbar.phone.PhoneStatusBar.addStatusBarWindow(PhoneStatusBar.java:3432)
06-01 08:44:26.321 W/StatusBar( 2763): 	at com.android.systemui.statusbar.phone.PhoneStatusBar.createAndAddWindows(PhoneStatusBar.java:3428)
06-01 08:44:26.321 W/StatusBar( 2763): 	at com.android.systemui.statusbar.BaseStatusBar.start(BaseStatusBar.java:765)
06-01 08:44:26.321 W/StatusBar( 2763): 	at com.android.systemui.statusbar.phone.PhoneStatusBar.start(PhoneStatusBar.java:686)
06-01 08:44:26.321 W/StatusBar( 2763): 	at com.android.systemui.statusbar.SystemBars.createStatusBarFromConfig(SystemBars.java:106)
06-01 08:44:26.321 W/StatusBar( 2763): 	at com.android.systemui.statusbar.SystemBars.onNoService(SystemBars.java:58)
06-01 08:44:26.321 W/StatusBar( 2763): 	at com.android.systemui.statusbar.ServiceMonitor.startService(ServiceMonitor.java:230)
06-01 08:44:26.321 W/StatusBar( 2763): 	at com.android.systemui.statusbar.ServiceMonitor.-wrap5(ServiceMonitor.java)
06-01 08:44:26.321 W/StatusBar( 2763): 	at com.android.systemui.statusbar.ServiceMonitor$1.handleMessage(ServiceMonitor.java:73)
06-01 08:44:26.321 W/StatusBar( 2763): 	at android.os.Handler.dispatchMessage(Handler.java:102)
06-01 08:44:26.321 W/StatusBar( 2763): 	at android.os.Looper.loop(Looper.java:154)
06-01 08:44:26.321 W/StatusBar( 2763): 	at android.app.ActivityThread.main(ActivityThread.java:6119)
06-01 08:44:26.321 W/StatusBar( 2763): 	at java.lang.reflect.Method.invoke(Native Method)
06-01 08:44:26.321 W/StatusBar( 2763): 	at com.android.internal.os.ZygoteInit$MethodAndArgsCaller.run(ZygoteInit.java:886)
06-01 08:44:26.321 W/StatusBar( 2763): 	at com.android.internal.os.ZygoteInit.main(ZygoteInit.java:776)
06-01 08:44:26.480 V/EmulatedCamera_Camera( 1334): getCameraInfo
06-01 08:44:26.480 V/EmulatedCamera_BaseCamera( 1334): getCameraInfo
06-01 08:44:26.483 V/EmulatedCamera_Camera( 1334): getCameraInfo
06-01 08:44:26.483 V/EmulatedCamera_BaseCamera( 1334): getCameraInfo
06-01 08:44:26.735 I/StatusBar( 2763): isKeyguardShowing() called before startKeyguard(), returning true
06-01 08:44:26.741 W/StatusBar( 2763): isKeyguardSecure() called before startKeyguard(), returning false
06-01 08:44:26.741 W/StatusBar( 2763): java.lang.Throwable
06-01 08:44:26.741 W/StatusBar( 2763): 	at com.android.systemui.statusbar.BaseStatusBar.isKeyguardSecure(BaseStatusBar.java:2647)
06-01 08:44:26.741 W/StatusBar( 2763): 	at com.android.systemui.statusbar.BaseStatusBar.isCameraAllowedByAdmin(BaseStatusBar.java:2670)
06-01 08:44:26.741 W/StatusBar( 2763): 	at com.android.systemui.statusbar.phone.KeyguardBottomAreaView.updateCameraVisibility(KeyguardBottomAreaView.java:309)
06-01 08:44:26.741 W/StatusBar( 2763): 	at com.android.systemui.statusbar.phone.KeyguardBottomAreaView.setUserSetupComplete(KeyguardBottomAreaView.java:281)
06-01 08:44:26.741 W/StatusBar( 2763): 	at com.android.systemui.statusbar.phone.PhoneStatusBar$1.onChange(PhoneStatusBar.java:441)
06-01 08:44:26.741 W/StatusBar( 2763): 	at com.android.systemui.statusbar.phone.PhoneStatusBar.resetUserSetupObserver(PhoneStatusBar.java:3676)
06-01 08:44:26.741 W/StatusBar( 2763): 	at com.android.systemui.statusbar.phone.PhoneStatusBar.makeStatusBarView(PhoneStatusBar.java:1008)
06-01 08:44:26.741 W/StatusBar( 2763): 	at com.android.systemui.statusbar.phone.PhoneStatusBar.addStatusBarWindow(PhoneStatusBar.java:3432)
06-01 08:44:26.741 W/StatusBar( 2763): 	at com.android.systemui.statusbar.phone.PhoneStatusBar.createAndAddWindows(PhoneStatusBar.java:3428)
06-01 08:44:26.741 W/StatusBar( 2763): 	at com.android.systemui.statusbar.BaseStatusBar.start(BaseStatusBar.java:765)
06-01 08:44:26.741 W/StatusBar( 2763): 	at com.android.systemui.statusbar.phone.PhoneStatusBar.start(PhoneStatusBar.java:686)
06-01 08:44:26.741 W/StatusBar( 2763): 	at com.android.systemui.statusbar.SystemBars.createStatusBarFromConfig(SystemBars.java:106)
06-01 08:44:26.741 W/StatusBar( 2763): 	at com.android.systemui.statusbar.SystemBars.onNoService(SystemBars.java:58)
06-01 08:44:26.741 W/StatusBar( 2763): 	at com.android.systemui.statusbar.ServiceMonitor.startService(ServiceMonitor.java:230)
06-01 08:44:26.741 W/StatusBar( 2763): 	at com.android.systemui.statusbar.ServiceMonitor.-wrap5(ServiceMonitor.java)
06-01 08:44:26.741 W/StatusBar( 2763): 	at com.android.systemui.statusbar.ServiceMonitor$1.handleMessage(ServiceMonitor.java:73)
06-01 08:44:26.741 W/StatusBar( 2763): 	at android.os.Handler.dispatchMessage(Handler.java:102)
06-01 08:44:26.741 W/StatusBar( 2763): 	at android.os.Looper.loop(Looper.java:154)
06-01 08:44:26.741 W/StatusBar( 2763): 	at android.app.ActivityThread.main(ActivityThread.java:6119)
06-01 08:44:26.741 W/StatusBar( 2763): 	at java.lang.reflect.Method.invoke(Native Method)
06-01 08:44:26.741 W/StatusBar( 2763): 	at com.android.internal.os.ZygoteInit$MethodAndArgsCaller.run(ZygoteInit.java:886)
06-01 08:44:26.741 W/StatusBar( 2763): 	at com.android.internal.os.ZygoteInit.main(ZygoteInit.java:776)
06-01 08:44:26.839 W/ActivityManager( 1754): Slow operation: 66ms so far, now at startProcess: returned from zygote!
06-01 08:44:26.840 W/ActivityManager( 1754): Slow operation: 67ms so far, now at startProcess: done updating battery stats
06-01 08:44:26.841 W/ActivityManager( 1754): Slow operation: 67ms so far, now at startProcess: building log message
06-01 08:44:26.841 I/ActivityManager( 1754): Start proc 2822:android.process.acore/u0a1 for content provider com.android.providers.contacts/.ContactsProvider2
06-01 08:44:26.841 W/ActivityManager( 1754): Slow operation: 68ms so far, now at startProcess: starting to update pids map
06-01 08:44:26.841 W/ActivityManager( 1754): Slow operation: 68ms so far, now at startProcess: done updating pids map
06-01 08:44:26.841 W/ActivityManager( 1754): Slow operation: 86ms so far, now at startProcess: done starting proc!
06-01 08:44:26.842 W/ActivityManager( 1754): Slow operation: 90ms so far, now at getContentProviderImpl: after start process
06-01 08:44:26.842 W/ActivityManager( 1754): Slow operation: 91ms so far, now at getContentProviderImpl: updating data structures
06-01 08:44:26.843 W/ActivityManager( 1754): Slow operation: 91ms so far, now at getContentProviderImpl: done!
06-01 08:44:26.883 E/SurfaceFlinger( 1326): ro.sf.lcd_density must be defined as a build property
06-01 08:44:26.889 D/OpenGLRenderer( 2763): profile bars disabled
06-01 08:44:26.892 D/OpenGLRenderer( 2763): ambientRatio = 1.50
06-01 08:44:26.915 W/art     ( 2822): Unexpected CPU variant for X86 using defaults: x86_64
06-01 08:44:26.970 D/PhoneStatusBar( 2763): disable: < EXPAND* icons alerts system_info BACK* HOME* RECENT* clock SEARCH* quick_settings >
06-01 08:44:27.320 I/art     ( 1754): Background partial concurrent mark sweep GC freed 21187(1888KB) AllocSpace objects, 15(576KB) LOS objects, 29% free, 9MB/13MB, paused 1.921ms total 224.570ms
06-01 08:44:27.350 W/System  ( 2822): ClassLoader referenced unknown path: /system/priv-app/ContactsProvider/lib/x86_64
06-01 08:44:27.482 D/PhoneStatusBar( 2763): heads up is enabled
06-01 08:44:28.158 I/ContactsPerf( 2822): VoicemailContentProvider.onCreate start
06-01 08:44:28.194 I/ContactsPerf( 2822): VoicemailContentProvider.onCreate finish
06-01 08:44:28.290 W/System  ( 2822): ClassLoader referenced unknown path: /system/priv-app/BlockedNumberProvider/lib/x86_64
06-01 08:44:28.295 D/ApplicationLoaders( 2822): ignored Vulkan layer search path /system/priv-app/BlockedNumberProvider/lib/x86_64:/system/lib64:/vendor/lib64 for namespace 0x7bffc68050f0
06-01 08:44:28.484 I/art     ( 2763): Background partial concurrent mark sweep GC freed 10734(1449KB) AllocSpace objects, 3(60KB) LOS objects, 23% free, 12MB/16MB, paused 947us total 882.263ms
06-01 08:44:28.523 W/System  ( 2822): ClassLoader referenced unknown path: /system/app/UserDictionaryProvider/lib/x86_64
06-01 08:44:28.540 D/ApplicationLoaders( 2822): ignored Vulkan layer search path /system/app/UserDictionaryProvider/lib/x86_64:/system/lib64:/vendor/lib64 for namespace 0x7bffc6805160
06-01 08:44:28.563 W/art     ( 1754): Long monitor contention with owner Binder:1754_1 (1778) at int com.android.server.wm.WindowManagerService.relayoutWindow(com.android.server.wm.Session, android.view.IWindow, int, android.view.WindowManager$LayoutParams, int, int, int, int, android.graphics.Rect, android.graphics.Rect, android.graphics.Rect, android.graphics.Rect, android.graphics.Rect, android.graphics.Rect, android.graphics.Rect, android.content.res.Configuration, android.view.Surface)(WindowManagerService.java:2857) waiters=0 in void com.android.server.wm.WindowManagerService$H.handleMessage(android.os.Message) for 902ms
06-01 08:44:28.959 W/art     ( 1754): Long monitor contention with owner Binder:1754_6 (2343) at int com.android.server.wm.WindowManagerService.relayoutWindow(com.android.server.wm.Session, android.view.IWindow, int, android.view.WindowManager$LayoutParams, int, int, int, int, android.graphics.Rect, android.graphics.Rect, android.graphics.Rect, android.graphics.Rect, android.graphics.Rect, android.graphics.Rect, android.graphics.Rect, android.content.res.Configuration, android.view.Surface)(WindowManagerService.java:2857) waiters=1 in void com.android.server.wm.WindowManagerService.finishDrawingWindow(com.android.server.wm.Session, android.view.IWindow) for 375ms
06-01 08:44:29.028 W/KeyguardUpdateMonitor( 2763): invalid subId in handleSimStateChange()
06-01 08:44:29.488 V/KeyguardServiceDelegate( 1754): **** SHOWN CALLED ****
06-01 08:44:29.491 I/Choreographer( 2763): Skipped 217 frames!  The application may be doing too much work on its main thread.
06-01 08:44:29.706 W/art     ( 1754): Long monitor contention with owner Binder:1754_2 (1779) at void com.android.server.wm.WindowManagerService.finishDrawingWindow(com.android.server.wm.Session, android.view.IWindow)(WindowManagerService.java:3255) waiters=1 in void com.android.server.wm.WindowManagerService$H.handleMessage(android.os.Message) for 715ms
06-01 08:44:29.736 D/ViewRootImpl[StatusBar]( 2763): changeCanvasOpacity: opaque=true
06-01 08:44:29.768 I/Choreographer( 1754): Skipped 71 frames!  The application may be doing too much work on its main thread.
06-01 08:44:30.148 W/art     ( 1754): Long monitor contention with owner android.display (1826) at void com.android.server.wm.WindowAnimator$1.doFrame(long)(WindowAnimator.java:144) waiters=0 in int com.android.server.wm.WindowManagerService.relayoutWindow(com.android.server.wm.Session, android.view.IWindow, int, android.view.WindowManager$LayoutParams, int, int, int, int, android.graphics.Rect, android.graphics.Rect, android.graphics.Rect, android.graphics.Rect, android.graphics.Rect, android.graphics.Rect, android.graphics.Rect, android.content.res.Configuration, android.view.Surface) for 331ms
06-01 08:44:30.530 E/hostapd ( 2842): Configuration file: /system/etc/simulated_hostapd.conf
06-01 08:44:30.571 I/Choreographer( 1754): Skipped 46 frames!  The application may be doing too much work on its main thread.
06-01 08:44:30.577 W/art     ( 1754): Long monitor contention with owner android.display (1826) at void com.android.server.wm.WindowManagerService$H.handleMessage(android.os.Message)(WindowManagerService.java:8368) waiters=0 in int com.android.server.wm.WindowManagerService.relayoutWindow(com.android.server.wm.Session, android.view.IWindow, int, android.view.WindowManager$LayoutParams, int, int, int, int, android.graphics.Rect, android.graphics.Rect, android.graphics.Rect, android.graphics.Rect, android.graphics.Rect, android.graphics.Rect, android.graphics.Rect, android.content.res.Configuration, android.view.Surface) for 429ms
06-01 08:44:30.609 E/hostapd ( 2842): Could not read interface wlan1 flags: No such device
06-01 08:44:30.609 I/hostapd ( 2842): nl80211: Driver does not support authentication/association or connect commands
06-01 08:44:30.610 I/hostapd ( 2842): nl80211: deinit ifname=wlan1 disabled_11b_rates=0
06-01 08:44:30.610 E/hostapd ( 2842): Could not read interface wlan1 flags: No such device
06-01 08:44:30.611 E/hostapd ( 2842): nl80211 driver initialization failed.
06-01 08:44:30.611 I/hostapd ( 2842): wlan1: interface state UNINITIALIZED->DISABLED
06-01 08:44:30.611 I/hostapd ( 2842): wlan1: AP-DISABLED 
06-01 08:44:30.611 E/hostapd ( 2842): hostapd_free_hapd_data: Interface wlan1 wasn't started
06-01 08:44:30.964 W/art     ( 1754): Long monitor contention with owner android.ui (1802) at int com.android.server.wm.WindowManagerService.relayoutWindow(com.android.server.wm.Session, android.view.IWindow, int, android.view.WindowManager$LayoutParams, int, int, int, int, android.graphics.Rect, android.graphics.Rect, android.graphics.Rect, android.graphics.Rect, android.graphics.Rect, android.graphics.Rect, android.graphics.Rect, android.content.res.Configuration, android.view.Surface)(WindowManagerService.java:2857) waiters=0 in void com.android.server.wm.WindowAnimator$1.doFrame(long) for 377ms
06-01 08:44:31.021 E/ipv6proxy( 2841): Failed to get interface flags for wlan1: No such device
06-01 08:44:31.770 W/art     ( 1754): Long monitor contention with owner android.display (1826) at void com.android.server.wm.WindowManagerService$H.handleMessage(android.os.Message)(WindowManagerService.java:8368) waiters=0 in void com.android.server.wm.WindowManagerService.getInitialDisplaySize(int, android.graphics.Point) for 276ms
06-01 08:44:32.943 W/art     ( 1754): Long monitor contention with owner Binder:1754_1 (1778) at int com.android.server.wm.WindowManagerService.relayoutWindow(com.android.server.wm.Session, android.view.IWindow, int, android.view.WindowManager$LayoutParams, int, int, int, int, android.graphics.Rect, android.graphics.Rect, android.graphics.Rect, android.graphics.Rect, android.graphics.Rect, android.graphics.Rect, android.graphics.Rect, android.content.res.Configuration, android.view.Surface)(WindowManagerService.java:2857) waiters=0 in void com.android.server.wm.WindowManagerService$H.handleMessage(android.os.Message) for 781ms
06-01 08:44:32.946 W/art     ( 1754): Long monitor contention with owner Binder:1754_1 (1778) at int com.android.server.wm.WindowManagerService.relayoutWindow(com.android.server.wm.Session, android.view.IWindow, int, android.view.WindowManager$LayoutParams, int, int, int, int, android.graphics.Rect, android.graphics.Rect, android.graphics.Rect, android.graphics.Rect, android.graphics.Rect, android.graphics.Rect, android.graphics.Rect, android.content.res.Configuration, android.view.Surface)(WindowManagerService.java:2857) waiters=1 in void com.android.server.wm.WindowManagerService.getInitialDisplaySize(int, android.graphics.Point) for 748ms
06-01 08:44:32.958 W/art     ( 1754): Long monitor contention with owner Binder:1754_1 (1778) at int com.android.server.wm.WindowManagerService.relayoutWindow(com.android.server.wm.Session, android.view.IWindow, int, android.view.WindowManager$LayoutParams, int, int, int, int, android.graphics.Rect, android.graphics.Rect, android.graphics.Rect, android.graphics.Rect, android.graphics.Rect, android.graphics.Rect, android.graphics.Rect, android.content.res.Configuration, android.view.Surface)(WindowManagerService.java:2857) waiters=2 in void com.android.server.wm.WindowManagerService.monitor() for 389ms
06-01 08:44:33.216 I/ContactLocale( 2822): AddressBook Labels [[en_US]]: [, A, B, C, D, E, F, G, H, I, J, K, L, M, N, O, P, Q, R, S, T, U, V, W, X, Y, Z, , , , , , , , , , , , , , , , , , , , , , , , , , , , , , , , , , , , , , , , , , , , , , , , , , , , , , , , , , , , , , , , , , , , , , , , , , , , , , , , , , , , , , , , , , , , , , , , , , , , , , , , , , , , , , , , , , , , , , , , , , , , , , , , , , , , , , , , , , , , , , , , , , , , , , , , , , , , , , , , , , , , , , , , , , , , , , , , , , , , , , , , , , , #, ]
06-01 08:44:34.051 W/art     ( 1754): Long monitor contention with owner Binder:1754_2 (1779) at int com.android.server.wm.WindowManagerService.relayoutWindow(com.android.server.wm.Session, android.view.IWindow, int, android.view.WindowManager$LayoutParams, int, int, int, int, android.graphics.Rect, android.graphics.Rect, android.graphics.Rect, android.graphics.Rect, android.graphics.Rect, android.graphics.Rect, android.graphics.Rect, android.content.res.Configuration, android.view.Surface)(WindowManagerService.java:2857) waiters=0 in void com.android.server.wm.WindowManagerService$H.handleMessage(android.os.Message) for 341ms
06-01 08:44:34.076 D/WifiService( 1754): New client listening to asynchronous messages
06-01 08:44:34.526 I/Choreographer( 2763): Skipped 294 frames!  The application may be doing too much work on its main thread.
06-01 08:44:34.548 W/art     ( 1754): Long monitor contention with owner Binder:1754_7 (2344) at int com.android.server.wm.WindowManagerService.relayoutWindow(com.android.server.wm.Session, android.view.IWindow, int, android.view.WindowManager$LayoutParams, int, int, int, int, android.graphics.Rect, android.graphics.Rect, android.graphics.Rect, android.graphics.Rect, android.graphics.Rect, android.graphics.Rect, android.graphics.Rect, android.content.res.Configuration, android.view.Surface)(WindowManagerService.java:2857) waiters=0 in void com.android.server.wm.WindowManagerService$H.handleMessage(android.os.Message) for 211ms
06-01 08:44:34.623 D/gralloc_ranchu( 2763): Emulator without host-side GPU emulation detected. Loading gralloc.default.so from /vendor/lib64/hw/gralloc.goldfish.default.so...
06-01 08:44:34.628 D/gralloc_ranchu( 2763): gralloc.default.so not found in /vendor. Trying /system/lib64/hw/gralloc.goldfish.default.so...
06-01 08:44:34.883 D/PhoneStatusBar( 2763): disable: < expand* icons alerts system_info back* home* recent* clock search* quick_settings >
06-01 08:44:35.073 W/art     ( 1754): Long monitor contention with owner android.display (1826) at void com.android.server.wm.WindowManagerService$H.handleMessage(android.os.Message)(WindowManagerService.java:8368) waiters=0 in void com.android.server.wm.WindowManagerService.statusBarVisibilityChanged(int) for 187ms
06-01 08:44:35.604 E/hostapd ( 2844): Configuration file: /system/etc/simulated_hostapd.conf
06-01 08:44:35.640 E/hostapd ( 2844): Could not read interface wlan1 flags: No such device
06-01 08:44:35.640 I/hostapd ( 2844): nl80211: Driver does not support authentication/association or connect commands
06-01 08:44:35.641 I/hostapd ( 2844): nl80211: deinit ifname=wlan1 disabled_11b_rates=0
06-01 08:44:35.641 E/hostapd ( 2844): Could not read interface wlan1 flags: No such device
06-01 08:44:35.642 E/hostapd ( 2844): nl80211 driver initialization failed.
06-01 08:44:35.642 I/hostapd ( 2844): wlan1: interface state UNINITIALIZED->DISABLED
06-01 08:44:35.642 I/hostapd ( 2844): wlan1: AP-DISABLED 
06-01 08:44:35.642 E/hostapd ( 2844): hostapd_free_hapd_data: Interface wlan1 wasn't started
06-01 08:44:35.664 W/art     ( 1754): Long monitor contention with owner Binder:1754_8 (2648) at int com.android.server.wm.WindowManagerService.relayoutWindow(com.android.server.wm.Session, android.view.IWindow, int, android.view.WindowManager$LayoutParams, int, int, int, int, android.graphics.Rect, android.graphics.Rect, android.graphics.Rect, android.graphics.Rect, android.graphics.Rect, android.graphics.Rect, android.graphics.Rect, android.content.res.Configuration, android.view.Surface)(WindowManagerService.java:2857) waiters=0 in void com.android.server.wm.WindowManagerService$H.handleMessage(android.os.Message) for 382ms
06-01 08:44:36.101 E/ipv6proxy( 2843): Failed to get interface flags for wlan1: No such device
06-01 08:44:36.722 W//sbin/adbd( 1328): type=1400 audit(0.0:16): avc: denied { search } for comm=73657276696365203637 name="security" dev="vdc" ino=35203 scontext=u:r:adbd:s0 tcontext=u:object_r:security_file:s0 tclass=dir permissive=0
06-01 08:44:37.256 I/Choreographer( 2763): Skipped 160 frames!  The application may be doing too much work on its main thread.
06-01 08:44:37.664 W/art     ( 1754): Long monitor contention with owner Binder:1754_6 (2343) at int com.android.server.wm.WindowManagerService.relayoutWindow(com.android.server.wm.Session, android.view.IWindow, int, android.view.WindowManager$LayoutParams, int, int, int, int, android.graphics.Rect, android.graphics.Rect, android.graphics.Rect, android.graphics.Rect, android.graphics.Rect, android.graphics.Rect, android.graphics.Rect, android.content.res.Configuration, android.view.Surface)(WindowManagerService.java:2857) waiters=0 in void com.android.server.wm.WindowManagerService$H.handleMessage(android.os.Message) for 243ms
06-01 08:44:38.248 W/art     ( 1754): Long monitor contention with owner Binder:1754_A (2762) at int com.android.server.wm.WindowManagerService.relayoutWindow(com.android.server.wm.Session, android.view.IWindow, int, android.view.WindowManager$LayoutParams, int, int, int, int, android.graphics.Rect, android.graphics.Rect, android.graphics.Rect, android.graphics.Rect, android.graphics.Rect, android.graphics.Rect, android.graphics.Rect, android.content.res.Configuration, android.view.Surface)(WindowManagerService.java:2857) waiters=0 in void com.android.server.wm.WindowManagerService$H.handleMessage(android.os.Message) for 269ms
06-01 08:44:38.254 I/Choreographer( 2763): Skipped 33 frames!  The application may be doing too much work on its main thread.
06-01 08:44:39.034 I/art     ( 2763): Background sticky concurrent mark sweep GC freed 12261(847KB) AllocSpace objects, 3(60KB) LOS objects, 0% free, 18MB/18MB, paused 897us total 1.328s
06-01 08:44:39.382 I/art     ( 2763): Background partial concurrent mark sweep GC freed 3907(207KB) AllocSpace objects, 1(4MB) LOS objects, 23% free, 13MB/17MB, paused 1.133ms total 343.106ms
06-01 08:44:40.853 E/hostapd ( 2847): Configuration file: /system/etc/simulated_hostapd.conf
06-01 08:44:40.874 E/hostapd ( 2847): Could not read interface wlan1 flags: No such device
06-01 08:44:40.875 I/hostapd ( 2847): nl80211: Driver does not support authentication/association or connect commands
06-01 08:44:40.875 I/hostapd ( 2847): nl80211: deinit ifname=wlan1 disabled_11b_rates=0
06-01 08:44:40.876 E/hostapd ( 2847): Could not read interface wlan1 flags: No such device
06-01 08:44:40.876 E/hostapd ( 2847): nl80211 driver initialization failed.
06-01 08:44:40.876 I/hostapd ( 2847): wlan1: interface state UNINITIALIZED->DISABLED
06-01 08:44:40.878 I/hostapd ( 2847): wlan1: AP-DISABLED 
06-01 08:44:40.878 E/hostapd ( 2847): hostapd_free_hapd_data: Interface wlan1 wasn't started
06-01 08:44:40.924 E/ipv6proxy( 2846): Failed to get interface flags for wlan1: No such device
06-01 08:44:45.279 E/ipv6proxy( 2848): Failed to get interface flags for wlan1: No such device
06-01 08:44:45.544 E/hostapd ( 2849): Configuration file: /system/etc/simulated_hostapd.conf
06-01 08:44:45.579 E/hostapd ( 2849): Could not read interface wlan1 flags: No such device
06-01 08:44:45.580 I/hostapd ( 2849): nl80211: Driver does not support authentication/association or connect commands
06-01 08:44:45.581 I/hostapd ( 2849): nl80211: deinit ifname=wlan1 disabled_11b_rates=0
06-01 08:44:45.582 E/hostapd ( 2849): Could not read interface wlan1 flags: No such device
06-01 08:44:45.582 E/hostapd ( 2849): nl80211 driver initialization failed.
06-01 08:44:45.582 I/hostapd ( 2849): wlan1: interface state UNINITIALIZED->DISABLED
06-01 08:44:45.583 I/hostapd ( 2849): wlan1: AP-DISABLED 
06-01 08:44:45.583 E/hostapd ( 2849): hostapd_free_hapd_data: Interface wlan1 wasn't started
06-01 08:44:50.931 E/ipv6proxy( 2850): Failed to get interface flags for wlan1: No such device
06-01 08:44:50.989 E/hostapd ( 2851): Configuration file: /system/etc/simulated_hostapd.conf
06-01 08:44:51.010 E/hostapd ( 2851): Could not read interface wlan1 flags: No such device
06-01 08:44:51.010 I/hostapd ( 2851): nl80211: Driver does not support authentication/association or connect commands
06-01 08:44:51.011 I/hostapd ( 2851): nl80211: deinit ifname=wlan1 disabled_11b_rates=0
06-01 08:44:51.011 E/hostapd ( 2851): Could not read interface wlan1 flags: No such device
06-01 08:44:51.012 E/hostapd ( 2851): nl80211 driver initialization failed.
06-01 08:44:51.012 I/hostapd ( 2851): wlan1: interface state UNINITIALIZED->DISABLED
06-01 08:44:51.012 I/hostapd ( 2851): wlan1: AP-DISABLED 
06-01 08:44:51.013 E/hostapd ( 2851): hostapd_free_hapd_data: Interface wlan1 wasn't started
06-01 08:44:55.319 E/ipv6proxy( 2852): Failed to get interface flags for wlan1: No such device
06-01 08:44:55.363 E/hostapd ( 2853): Configuration file: /system/etc/simulated_hostapd.conf
06-01 08:44:55.385 E/hostapd ( 2853): Could not read interface wlan1 flags: No such device
06-01 08:44:55.385 I/hostapd ( 2853): nl80211: Driver does not support authentication/association or connect commands
06-01 08:44:55.385 I/hostapd ( 2853): nl80211: deinit ifname=wlan1 disabled_11b_rates=0
06-01 08:44:55.386 E/hostapd ( 2853): Could not read interface wlan1 flags: No such device
06-01 08:44:55.397 E/hostapd ( 2853): nl80211 driver initialization failed.
06-01 08:44:55.398 I/hostapd ( 2853): wlan1: interface state UNINITIALIZED->DISABLED
06-01 08:44:55.398 I/hostapd ( 2853): wlan1: AP-DISABLED 
06-01 08:44:55.398 E/hostapd ( 2853): hostapd_free_hapd_data: Interface wlan1 wasn't started
06-01 08:45:01.441 E/ipv6proxy( 2854): Failed to get interface flags for wlan1: No such device
06-01 08:45:01.472 E/hostapd ( 2855): Configuration file: /system/etc/simulated_hostapd.conf
06-01 08:45:01.501 E/hostapd ( 2855): Could not read interface wlan1 flags: No such device
06-01 08:45:01.502 I/hostapd ( 2855): nl80211: Driver does not support authentication/association or connect commands
06-01 08:45:01.502 I/hostapd ( 2855): nl80211: deinit ifname=wlan1 disabled_11b_rates=0
06-01 08:45:01.503 E/hostapd ( 2855): Could not read interface wlan1 flags: No such device
06-01 08:45:01.503 E/hostapd ( 2855): nl80211 driver initialization failed.
06-01 08:45:01.504 I/hostapd ( 2855): wlan1: interface state UNINITIALIZED->DISABLED
06-01 08:45:01.504 I/hostapd ( 2855): wlan1: AP-DISABLED 
06-01 08:45:01.504 E/hostapd ( 2855): hostapd_free_hapd_data: Interface wlan1 wasn't started
06-01 08:45:05.792 E/ipv6proxy( 2856): Failed to get interface flags for wlan1: No such device
06-01 08:45:05.886 E/hostapd ( 2857): Configuration file: /system/etc/simulated_hostapd.conf
06-01 08:45:05.906 E/hostapd ( 2857): Could not read interface wlan1 flags: No such device
06-01 08:45:05.907 I/hostapd ( 2857): nl80211: Driver does not support authentication/association or connect commands
06-01 08:45:05.909 I/hostapd ( 2857): nl80211: deinit ifname=wlan1 disabled_11b_rates=0
06-01 08:45:05.910 E/hostapd ( 2857): Could not read interface wlan1 flags: No such device
06-01 08:45:05.910 E/hostapd ( 2857): nl80211 driver initialization failed.
06-01 08:45:05.910 I/hostapd ( 2857): wlan1: interface state UNINITIALIZED->DISABLED
06-01 08:45:05.911 I/hostapd ( 2857): wlan1: AP-DISABLED 
06-01 08:45:05.911 E/hostapd ( 2857): hostapd_free_hapd_data: Interface wlan1 wasn't started
06-01 08:45:10.170 E/hostapd ( 2859): Configuration file: /system/etc/simulated_hostapd.conf
06-01 08:45:10.197 E/hostapd ( 2859): Could not read interface wlan1 flags: No such device
06-01 08:45:10.200 I/hostapd ( 2859): nl80211: Driver does not support authentication/association or connect commands
06-01 08:45:10.200 I/hostapd ( 2859): nl80211: deinit ifname=wlan1 disabled_11b_rates=0
06-01 08:45:10.201 E/hostapd ( 2859): Could not read interface wlan1 flags: No such device
06-01 08:45:10.201 E/hostapd ( 2859): nl80211 driver initialization failed.
06-01 08:45:10.201 I/hostapd ( 2859): wlan1: interface state UNINITIALIZED->DISABLED
06-01 08:45:10.202 I/hostapd ( 2859): wlan1: AP-DISABLED 
06-01 08:45:10.202 E/hostapd ( 2859): hostapd_free_hapd_data: Interface wlan1 wasn't started
06-01 08:45:10.313 E/ipv6proxy( 2858): Failed to get interface flags for wlan1: No such device
06-01 08:45:15.801 E/ipv6proxy( 2863): Failed to get interface flags for wlan1: No such device
06-01 08:45:15.899 E/hostapd ( 2864): Configuration file: /system/etc/simulated_hostapd.conf
06-01 08:45:15.926 E/hostapd ( 2864): Could not read interface wlan1 flags: No such device
06-01 08:45:15.926 I/hostapd ( 2864): nl80211: Driver does not support authentication/association or connect commands
06-01 08:45:15.936 I/hostapd ( 2864): nl80211: deinit ifname=wlan1 disabled_11b_rates=0
06-01 08:45:15.943 E/hostapd ( 2864): Could not read interface wlan1 flags: No such device
06-01 08:45:15.944 E/hostapd ( 2864): nl80211 driver initialization failed.
06-01 08:45:15.944 I/hostapd ( 2864): wlan1: interface state UNINITIALIZED->DISABLED
06-01 08:45:15.944 I/hostapd ( 2864): wlan1: AP-DISABLED 
06-01 08:45:15.944 E/hostapd ( 2864): hostapd_free_hapd_data: Interface wlan1 wasn't started
06-01 08:45:16.358 D/AndroidRuntime( 2862): >>>>>> START com.android.internal.os.RuntimeInit uid 2000 <<<<<<
06-01 08:45:16.382 D/AndroidRuntime( 2862): CheckJNI is ON
06-01 08:45:16.779 W/art     ( 2862): Unexpected CPU variant for X86 using defaults: x86_64
06-01 08:45:16.821 D/ICU     ( 2862): No timezone override file found: /data/misc/zoneinfo/current/icu/icu_tzdata.dat
06-01 08:45:17.036 E/memtrack( 2862): Couldn't load memtrack module (No such file or directory)
06-01 08:45:17.036 E/android.os.Debug( 2862): failed to load memtrack module: -2
06-01 08:45:17.044 I/Radio-JNI( 2862): register_android_hardware_Radio DONE
06-01 08:45:17.206 D/AndroidRuntime( 2862): Calling main entry com.android.commands.pm.Pm
06-01 08:45:17.351 I/        ( 1336): free_cache(131817871) avail 743124992
06-01 08:45:18.822 W/BroadcastQueue( 1754): Timeout of broadcast BroadcastRecord{2b71d0b u0 android.intent.action.BOOT_COMPLETED} - receiver=android.os.BinderProxy@2e3bab8, started 60002ms ago
06-01 08:45:18.823 W/BroadcastQueue( 1754): Receiver during timeout: BroadcastFilter{a065bf6 u0 ReceiverList{2ac091 2483 com.android.systemui/10021/u0 remote:2e3bab8}}
06-01 08:45:18.843 W/Binder  ( 2763): Binder call failed.
06-01 08:45:18.843 W/Binder  ( 2763): android.os.DeadObjectException
06-01 08:45:18.843 W/Binder  ( 2763): 	at android.os.BinderProxy.transactNative(Native Method)
06-01 08:45:18.843 W/Binder  ( 2763): 	at android.os.BinderProxy.transact(Binder.java:615)
06-01 08:45:18.843 W/Binder  ( 2763): 	at android.content.IIntentReceiver$Stub$Proxy.performReceive(IIntentReceiver.java:124)
06-01 08:45:18.843 W/Binder  ( 2763): 	at android.app.ActivityThread$ApplicationThread.scheduleRegisteredReceiver(ActivityThread.java:946)
06-01 08:45:18.843 W/Binder  ( 2763): 	at android.app.ApplicationThreadNative.onTransact(ApplicationThreadNative.java:404)
06-01 08:45:18.843 W/Binder  ( 2763): 	at android.os.Binder.execTransact(Binder.java:565)
06-01 08:45:20.461 E/ipv6proxy( 2874): Failed to get interface flags for wlan1: No such device
06-01 08:45:20.547 E/hostapd ( 2875): Configuration file: /system/etc/simulated_hostapd.conf
06-01 08:45:20.593 E/hostapd ( 2875): Could not read interface wlan1 flags: No such device
06-01 08:45:20.599 I/hostapd ( 2875): nl80211: Driver does not support authentication/association or connect commands
06-01 08:45:20.599 I/hostapd ( 2875): nl80211: deinit ifname=wlan1 disabled_11b_rates=0
06-01 08:45:20.600 E/hostapd ( 2875): Could not read interface wlan1 flags: No such device
06-01 08:45:20.600 E/hostapd ( 2875): nl80211 driver initialization failed.
06-01 08:45:20.600 I/hostapd ( 2875): wlan1: interface state UNINITIALIZED->DISABLED
06-01 08:45:20.601 I/hostapd ( 2875): wlan1: AP-DISABLED 
06-01 08:45:20.601 E/hostapd ( 2875): hostapd_free_hapd_data: Interface wlan1 wasn't started
06-01 08:45:26.203 E/ipv6proxy( 2876): Failed to get interface flags for wlan1: No such device
06-01 08:45:26.218 E/hostapd ( 2877): Configuration file: /system/etc/simulated_hostapd.conf
06-01 08:45:26.251 E/hostapd ( 2877): Could not read interface wlan1 flags: No such device
06-01 08:45:26.251 I/hostapd ( 2877): nl80211: Driver does not support authentication/association or connect commands
06-01 08:45:26.252 I/hostapd ( 2877): nl80211: deinit ifname=wlan1 disabled_11b_rates=0
06-01 08:45:26.252 E/hostapd ( 2877): Could not read interface wlan1 flags: No such device
06-01 08:45:26.253 E/hostapd ( 2877): nl80211 driver initialization failed.
06-01 08:45:26.253 I/hostapd ( 2877): wlan1: interface state UNINITIALIZED->DISABLED
06-01 08:45:26.253 I/hostapd ( 2877): wlan1: AP-DISABLED 
06-01 08:45:26.253 E/hostapd ( 2877): hostapd_free_hapd_data: Interface wlan1 wasn't started
06-01 08:45:30.751 E/ipv6proxy( 2878): Failed to get interface flags for wlan1: No such device
06-01 08:45:30.782 E/hostapd ( 2879): Configuration file: /system/etc/simulated_hostapd.conf
06-01 08:45:30.814 E/hostapd ( 2879): Could not read interface wlan1 flags: No such device
06-01 08:45:30.815 I/hostapd ( 2879): nl80211: Driver does not support authentication/association or connect commands
06-01 08:45:30.815 I/hostapd ( 2879): nl80211: deinit ifname=wlan1 disabled_11b_rates=0
06-01 08:45:30.816 E/hostapd ( 2879): Could not read interface wlan1 flags: No such device
06-01 08:45:30.816 E/hostapd ( 2879): nl80211 driver initialization failed.
06-01 08:45:30.817 I/hostapd ( 2879): wlan1: interface state UNINITIALIZED->DISABLED
06-01 08:45:30.828 I/hostapd ( 2879): wlan1: AP-DISABLED 
06-01 08:45:30.828 E/hostapd ( 2879): hostapd_free_hapd_data: Interface wlan1 wasn't started
06-01 08:45:35.384 E/hostapd ( 2881): Configuration file: /system/etc/simulated_hostapd.conf
06-01 08:45:35.402 E/ipv6proxy( 2880): Failed to get interface flags for wlan1: No such device
06-01 08:45:35.432 E/hostapd ( 2881): Could not read interface wlan1 flags: No such device
06-01 08:45:35.433 I/hostapd ( 2881): nl80211: Driver does not support authentication/association or connect commands
06-01 08:45:35.433 I/hostapd ( 2881): nl80211: deinit ifname=wlan1 disabled_11b_rates=0
06-01 08:45:35.434 E/hostapd ( 2881): Could not read interface wlan1 flags: No such device
06-01 08:45:35.434 E/hostapd ( 2881): nl80211 driver initialization failed.
06-01 08:45:35.435 I/hostapd ( 2881): wlan1: interface state UNINITIALIZED->DISABLED
06-01 08:45:35.435 I/hostapd ( 2881): wlan1: AP-DISABLED 
06-01 08:45:35.435 E/hostapd ( 2881): hostapd_free_hapd_data: Interface wlan1 wasn't started
06-01 08:45:40.974 E/hostapd ( 2883): Configuration file: /system/etc/simulated_hostapd.conf
06-01 08:45:41.101 E/hostapd ( 2883): Could not read interface wlan1 flags: No such device
06-01 08:45:41.102 I/hostapd ( 2883): nl80211: Driver does not support authentication/association or connect commands
06-01 08:45:41.102 I/hostapd ( 2883): nl80211: deinit ifname=wlan1 disabled_11b_rates=0
06-01 08:45:41.103 E/hostapd ( 2883): Could not read interface wlan1 flags: No such device
06-01 08:45:41.104 E/hostapd ( 2883): nl80211 driver initialization failed.
06-01 08:45:41.104 I/hostapd ( 2883): wlan1: interface state UNINITIALIZED->DISABLED
06-01 08:45:41.105 I/hostapd ( 2883): wlan1: AP-DISABLED 
06-01 08:45:41.105 E/hostapd ( 2883): hostapd_free_hapd_data: Interface wlan1 wasn't started
06-01 08:45:41.352 E/ipv6proxy( 2882): Failed to get interface flags for wlan1: No such device
06-01 08:45:46.082 E/ipv6proxy( 2885): Failed to get interface flags for wlan1: No such device
06-01 08:45:46.159 E/hostapd ( 2886): Configuration file: /system/etc/simulated_hostapd.conf
06-01 08:45:46.232 E/hostapd ( 2886): Could not read interface wlan1 flags: No such device
06-01 08:45:46.233 I/hostapd ( 2886): nl80211: Driver does not support authentication/association or connect commands
06-01 08:45:46.233 I/hostapd ( 2886): nl80211: deinit ifname=wlan1 disabled_11b_rates=0
06-01 08:45:46.234 E/hostapd ( 2886): Could not read interface wlan1 flags: No such device
06-01 08:45:46.234 E/hostapd ( 2886): nl80211 driver initialization failed.
06-01 08:45:46.234 I/hostapd ( 2886): wlan1: interface state UNINITIALIZED->DISABLED
06-01 08:45:46.235 I/hostapd ( 2886): wlan1: AP-DISABLED 
06-01 08:45:46.235 E/hostapd ( 2886): hostapd_free_hapd_data: Interface wlan1 wasn't started
06-01 08:45:47.463 W/art     ( 1754): Long monitor contention with owner PackageInstaller (1970) at int android.content.res.AssetManager.getStringBlockCount!()(AssetManager.java:-2) waiters=0 in android.content.pm.PackageInstaller$SessionInfo com.android.server.pm.PackageInstallerSession.generateInfo() for 21.230s
06-01 08:45:47.629 W/ActivityManager( 1754): Slow operation: 129ms so far, now at startProcess: returned from zygote!
06-01 08:45:47.630 W/ActivityManager( 1754): Slow operation: 131ms so far, now at startProcess: done updating battery stats
06-01 08:45:47.631 W/ActivityManager( 1754): Slow operation: 132ms so far, now at startProcess: building log message
06-01 08:45:47.632 I/ActivityManager( 1754): Start proc 2887:com.android.defcontainer/u0a7 for service com.android.defcontainer/.DefaultContainerService
06-01 08:45:47.632 W/ActivityManager( 1754): Slow operation: 133ms so far, now at startProcess: starting to update pids map
06-01 08:45:47.632 W/ActivityManager( 1754): Slow operation: 133ms so far, now at startProcess: done updating pids map
06-01 08:45:47.632 W/ActivityManager( 1754): Slow operation: 146ms so far, now at startProcess: done starting proc!
06-01 08:45:47.636 W/art     ( 2887): Unexpected CPU variant for X86 using defaults: x86_64
06-01 08:45:48.638 I/PackageManager.DexOptimizer( 1754): Running dexopt (dex2oat) on: /data/app/vmdl1475549510.tmp/base.apk pkg=jp.jaxa.iss.kibo.rpc.defaultapk isa=x86_64 vmSafeMode=false debuggable=true target-filter=interpret-only oatDir = /data/app/vmdl1475549510.tmp/oat sharedLibraries=null
06-01 08:45:48.982 W/dex2oat ( 2902): Unexpected CPU variant for X86 using defaults: x86_64
06-01 08:45:48.999 I/dex2oat ( 2902): /system/bin/dex2oat --compiler-filter=interpret-only --debuggable
06-01 08:45:50.679 E/ipv6proxy( 2904): Failed to get interface flags for wlan1: No such device
06-01 08:45:50.689 E/hostapd ( 2905): Configuration file: /system/etc/simulated_hostapd.conf
06-01 08:45:50.713 E/hostapd ( 2905): Could not read interface wlan1 flags: No such device
06-01 08:45:50.714 I/hostapd ( 2905): nl80211: Driver does not support authentication/association or connect commands
06-01 08:45:50.714 I/hostapd ( 2905): nl80211: deinit ifname=wlan1 disabled_11b_rates=0
06-01 08:45:50.715 E/hostapd ( 2905): Could not read interface wlan1 flags: No such device
06-01 08:45:50.715 E/hostapd ( 2905): nl80211 driver initialization failed.
06-01 08:45:50.716 I/hostapd ( 2905): wlan1: interface state UNINITIALIZED->DISABLED
06-01 08:45:50.716 I/hostapd ( 2905): wlan1: AP-DISABLED 
06-01 08:45:50.716 E/hostapd ( 2905): hostapd_free_hapd_data: Interface wlan1 wasn't started
06-01 08:45:51.962 W/dex2oat ( 2902): Before Android 4.1, method int android.support.v7.widget.ListViewCompat.lookForSelectablePosition(int, boolean) would have incorrectly overridden the package-private method in android.widget.ListView
06-01 08:45:52.627 W/dex2oat ( 2902): Before Android 4.1, method android.graphics.PorterDuffColorFilter android.support.graphics.drawable.VectorDrawableCompat.updateTintFilter(android.graphics.PorterDuffColorFilter, android.content.res.ColorStateList, android.graphics.PorterDuff$Mode) would have incorrectly overridden the package-private method in android.graphics.drawable.Drawable
06-01 08:45:56.046 W/dex2oat ( 2902): Verification of void android.support.v7.widget.Toolbar.<init>(android.content.Context) took 138.755ms
06-01 08:45:56.092 E/ipv6proxy( 2907): Failed to get interface flags for wlan1: No such device
06-01 08:45:56.170 W/dex2oat ( 2902): Verification of void android.support.v7.widget.ShareActionProvider.updateIntent(android.content.Intent) took 384.214ms
06-01 08:45:56.178 E/hostapd ( 2908): Configuration file: /system/etc/simulated_hostapd.conf
06-01 08:45:56.210 E/hostapd ( 2908): Could not read interface wlan1 flags: No such device
06-01 08:45:56.210 I/hostapd ( 2908): nl80211: Driver does not support authentication/association or connect commands
06-01 08:45:56.211 I/hostapd ( 2908): nl80211: deinit ifname=wlan1 disabled_11b_rates=0
06-01 08:45:56.211 E/hostapd ( 2908): Could not read interface wlan1 flags: No such device
06-01 08:45:56.212 E/hostapd ( 2908): nl80211 driver initialization failed.
06-01 08:45:56.212 I/hostapd ( 2908): wlan1: interface state UNINITIALIZED->DISABLED
06-01 08:45:56.212 I/hostapd ( 2908): wlan1: AP-DISABLED 
06-01 08:45:56.212 E/hostapd ( 2908): hostapd_free_hapd_data: Interface wlan1 wasn't started
06-01 08:46:00.448 W/dex2oat ( 2902): Verification of void android.support.v4.widget.SwipeRefreshLayout.onMeasure(int, int) took 211.115ms
06-01 08:46:00.572 E/hostapd ( 2910): Configuration file: /system/etc/simulated_hostapd.conf
06-01 08:46:00.599 E/hostapd ( 2910): Could not read interface wlan1 flags: No such device
