06-01 10:04:53.478 V/EmulatedCamera_Device( 1332): initializeWhiteBalanceModes with twilight, 0.920000, 1.220000
06-01 10:04:53.478 V/EmulatedCamera_Device( 1332): setWhiteBalanceMode with white balance auto
06-01 10:04:53.479 E/EmulatedCamera_Factory( 1332): 1 cameras are being emulated. 0 of them are fake cameras.
06-01 10:04:53.657 E/EmulatedCamera_HotplugThread( 1332): createFileIfNotExists: Could not create file '/data/misc/media/emulator.camera.hotplug.0', error: 'Permission denied' (13)
06-01 10:04:53.778 I/CameraService( 1332): Loaded "Emulated Camera Module" camera module
06-01 10:04:53.778 E/CameraService( 1332): setUpVendorTags: Vendor tag operations not fully defined. Ignoring definitions.
06-01 10:04:53.779 V/EmulatedCamera_Camera( 1332): getCameraInfo
06-01 10:04:53.779 V/EmulatedCamera_BaseCamera( 1332): getCameraInfo
06-01 10:04:53.881 I/CameraFlashlight( 1332): Opening camera 0
06-01 10:04:53.881 V/EmulatedCamera_Camera( 1332): getCameraInfo
06-01 10:04:53.881 V/EmulatedCamera_BaseCamera( 1332): getCameraInfo
06-01 10:04:53.881 V/EmulatedCamera_Camera( 1332): connectCamera
06-01 10:04:53.881 V/EmulatedCamera_FakeDevice( 1332): connectDevice
06-01 10:04:53.882 V/EmulatedCamera_CallbackNotifier( 1332): setCallbacks: 0xec0abe80, 0xec0abed0, 0xec0abff0, 0xec0ac110 (0xeb8c3140)
06-01 10:04:53.999 V/EmulatedCamera_Preview( 1332): setPreviewWindow: current: 0x0 -> new: 0xeb8c3150
06-01 10:04:54.101 V/EmulatedCamera_Preview( 1332): setPreviewWindow: current: 0xeb8c3150 -> new: 0x0
06-01 10:04:54.101 V/EmulatedCamera_Camera( 1332): doStopPreview
06-01 10:04:54.103 V/EmulatedCamera_Preview( 1332): setPreviewWindow: current: 0x0 -> new: 0x0
06-01 10:04:54.103 V/EmulatedCamera_Camera( 1332): releaseCamera
06-01 10:04:54.103 V/EmulatedCamera_Camera( 1332): doStopPreview
06-01 10:04:54.103 V/EmulatedCamera_FakeDevice( 1332): disconnectDevice
06-01 10:04:54.103 W/EmulatedCamera_Device( 1332): Initialize: Emulated camera device is already initialized: mState = 1
06-01 10:04:54.103 D/EmulatedCamera_FakeCamera( 1332): Initialize: Fake camera is facing back
06-01 10:04:54.104 V/EmulatedCamera_Device( 1332): initializeWhiteBalanceModes with auto, 1.000000, 1.000000
06-01 10:04:54.104 V/EmulatedCamera_Device( 1332): initializeWhiteBalanceModes with incandescent, 1.380000, 0.600000
06-01 10:04:54.104 V/EmulatedCamera_Device( 1332): initializeWhiteBalanceModes with daylight, 1.090000, 0.920000
06-01 10:04:54.104 V/EmulatedCamera_Device( 1332): initializeWhiteBalanceModes with twilight, 0.920000, 1.220000
06-01 10:04:54.104 V/EmulatedCamera_Device( 1332): setWhiteBalanceMode with white balance auto
06-01 10:04:54.105 I/CameraFlashlight( 1332): Destroying camera 0
06-01 10:04:54.105 V/EmulatedCamera_Camera( 1332): closeCamera
06-01 10:04:54.105 V/EmulatedCamera_Camera( 1332): doStopPreview
06-01 10:04:54.105 W/EmulatedCamera_Device( 1332): Initialize: Emulated camera device is already initialized: mState = 1
06-01 10:04:54.105 D/EmulatedCamera_FakeCamera( 1332): Initialize: Fake camera is facing back
06-01 10:04:54.106 V/EmulatedCamera_Device( 1332): initializeWhiteBalanceModes with auto, 1.000000, 1.000000
06-01 10:04:54.106 V/EmulatedCamera_Device( 1332): initializeWhiteBalanceModes with incandescent, 1.380000, 0.600000
06-01 10:04:54.106 V/EmulatedCamera_Device( 1332): initializeWhiteBalanceModes with daylight, 1.090000, 0.920000
06-01 10:04:54.106 V/EmulatedCamera_Device( 1332): initializeWhiteBalanceModes with twilight, 0.920000, 1.220000
06-01 10:04:54.106 V/EmulatedCamera_Device( 1332): setWhiteBalanceMode with white balance auto
06-01 10:04:54.231 V/EmulatedCamera_Camera( 1332): getCameraInfo
06-01 10:04:54.231 V/EmulatedCamera_BaseCamera( 1332): getCameraInfo
06-01 10:04:54.234 I/ServiceManager( 1332): Waiting for service media.camera.proxy...
06-01 10:04:55.057 I/mediaserver( 1337): ServiceManager: 0xf19bc0a0
06-01 10:04:55.260 I/ServiceManager( 1332): Waiting for service media.camera.proxy...
06-01 10:04:55.356 V/MediaUtils( 1338): physMem: 1043894272
06-01 10:04:55.357 V/MediaUtils( 1338): requested limit: 208778840
06-01 10:04:55.358 V/MediaUtils( 1338): actual limit: 208778840
06-01 10:04:55.358 V/MediaUtils( 1338): original limits: 4294967295/4294967295
06-01 10:04:55.358 V/MediaUtils( 1338): new limits: 208778840/4294967295
06-01 10:04:55.481 W//system/bin/mediaextractor( 1338): libminijail: allowing syscall: socketcall
06-01 10:04:55.481 W//system/bin/mediaextractor( 1338): libminijail: allowing syscall: writev
06-01 10:04:55.482 W//system/bin/mediaextractor( 1338): libminijail: allowing syscall: fcntl64
06-01 10:04:55.482 W//system/bin/mediaextractor( 1338): libminijail: allowing syscall: clock_gettime
06-01 10:04:55.493 W//system/bin/mediaextractor( 1338): libminijail: logging seccomp filter failures
06-01 10:04:55.598 I/mediaserver( 1339): ServiceManager: 0xe80bc0a0
06-01 10:04:55.725 W/BatteryNotifier( 1339): batterystats service unavailable!
06-01 10:04:56.139 I/        ( 1331): sMaxFastTracks = 8
06-01 10:04:56.252 I/audioserver( 1331): ServiceManager: 0xf5c3c020
06-01 10:04:56.262 W/BatteryNotifier( 1331): batterystats service unavailable!
06-01 10:04:56.262 I/AudioFlinger( 1331): Using default 3000 mSec as standby time.
06-01 10:04:56.269 I/AudioPolicyService( 1331): AudioPolicyService CSTOR in new mode
06-01 10:04:56.286 I/ServiceManager( 1332): Waiting for service media.camera.proxy...
06-01 10:04:56.478 I/APM::ConfigParsingUtils( 1331): loadAudioPolicyConfig() loaded /system/etc/audio_policy.conf
06-01 10:04:56.524 D/audio_hw_generic( 1331): Emulator host-side ALSA audio emulation detected.
06-01 10:04:56.527 D/audio_hw_generic( 1331): mixer 0 name Master Playback Volume
06-01 10:04:56.527 D/audio_hw_generic( 1331): set ctl 0 to 100
06-01 10:04:56.529 D/audio_hw_generic( 1331): set ctl 1 to 100
06-01 10:04:56.529 D/audio_hw_generic( 1331): mixer 1 name Master Playback Switch
06-01 10:04:56.529 D/audio_hw_generic( 1331): set ctl 0 to 1
06-01 10:04:56.529 D/audio_hw_generic( 1331): set ctl 1 to 1
06-01 10:04:56.596 D/audio_hw_generic( 1331): mixer 2 name Capture Volume
06-01 10:04:56.596 D/audio_hw_generic( 1331): set ctl 0 to 100
06-01 10:04:56.596 D/audio_hw_generic( 1331): set ctl 1 to 100
06-01 10:04:56.596 D/audio_hw_generic( 1331): mixer 3 name Capture Switch
06-01 10:04:56.597 D/audio_hw_generic( 1331): set ctl 0 to 1
06-01 10:04:56.597 D/audio_hw_generic( 1331): set ctl 1 to 1
06-01 10:04:56.597 D/audio_hw_generic( 1331): mixer 4 name Line Phantom Jack
06-01 10:04:56.597 D/audio_hw_generic( 1331): mixer 5 name Line Out Phantom Jack
06-01 10:04:56.597 D/audio_hw_generic( 1331): mixer 6 name Playback Channel Map
06-01 10:04:56.597 D/audio_hw_generic( 1331): mixer 7 name Capture Channel Map
06-01 10:04:56.597 I/AudioFlinger( 1331): loadHwModule() Loaded primary audio interface from Generic audio HW HAL (audio) handle 10
06-01 10:04:56.599 I/AudioFlinger( 1331): openOutput(), module 10 Device 2, SamplingRate 48000, Format 0x000001, Channels 3, flags 2
06-01 10:04:56.614 I/AudioFlinger( 1331): HAL output buffer size 720 frames, normal sink buffer size 1152 frames
06-01 10:04:56.740 I/BufferProvider( 1331): found effect "Multichannel Downmix To Stereo" from The Android Open Source Project
06-01 10:04:56.746 I/AudioFlinger( 1331): Using module 10 has the primary audio interface
06-01 10:04:56.754 I/AudioFlinger( 1331): AudioFlinger's thread 0xf5683080 ready to run
06-01 10:04:56.757 W/BatteryNotifier( 1331): batterystats service unavailable!
06-01 10:04:56.759 W/BatteryNotifier( 1331): batterystats service unavailable!
06-01 10:04:56.774 W/BatteryNotifier( 1331): batterystats service unavailable!
06-01 10:04:56.777 W/AudioFlinger( 1331): no wake lock to update, system not ready yet
06-01 10:04:57.166 I/AudioFlinger( 1331): AudioFlinger's thread 0xf51832c0 ready to run
06-01 10:04:57.252 I/r_submix( 1331): adev_open(name=audio_hw_if)
06-01 10:04:57.253 I/r_submix( 1331): adev_init_check()
06-01 10:04:57.253 I/AudioFlinger( 1331): loadHwModule() Loaded r_submix audio interface from Wifi Display audio HAL (audio) handle 18
06-01 10:04:57.253 D/r_submix( 1331): adev_open_input_stream(addr=0)
06-01 10:04:57.254 D/r_submix( 1331): submix_audio_device_create_pipe_l(addr=0, idx=9)
06-01 10:04:57.254 D/r_submix( 1331):   now using address 0 for route 9
06-01 10:04:57.287 I/AudioFlinger( 1331): AudioFlinger's thread 0xf5283600 ready to run
06-01 10:04:57.290 D/r_submix( 1331): adev_close_input_stream()
06-01 10:04:57.290 D/r_submix( 1331): submix_audio_device_release_pipe_l(idx=9) addr=0
06-01 10:04:57.290 D/r_submix( 1331): submix_audio_device_destroy_pipe_l(): pipe destroyed
06-01 10:04:57.297 I/ServiceManager( 1332): Waiting for service media.camera.proxy...
06-01 10:04:57.301 I/RadioService( 1331): RadioService
06-01 10:04:57.301 I/RadioService( 1331): onFirstRef
06-01 10:04:57.302 E/RadioService( 1331): couldn't load radio module radio.primary (No such file or directory)
06-01 10:04:57.304 E/SoundTriggerHwService( 1331): couldn't load sound trigger module sound_trigger.primary (No such file or directory)
06-01 10:04:58.301 I/ServiceManager( 1332): Waiting for service media.camera.proxy...
06-01 10:04:59.791 W/BatteryNotifier( 1331): batterystats service unavailable!
06-01 10:05:08.788 E/SurfaceFlinger( 1325): ro.sf.lcd_density must be defined as a build property
06-01 10:05:08.896 D/libEGL  ( 1482): Emulator without GPU support detected. Fallback to legacy software renderer, qemu.gles is set to 0.
06-01 10:05:09.077 D/libEGL  ( 1482): loaded /system/lib64/egl/libGLES_android.so
06-01 10:05:09.461 D/AndroidRuntime( 1329): >>>>>> START com.android.internal.os.ZygoteInit uid 0 <<<<<<
06-01 10:05:09.605 D/AndroidRuntime( 1330): >>>>>> START com.android.internal.os.ZygoteInit uid 0 <<<<<<
06-01 10:05:10.162 D/AndroidRuntime( 1329): CheckJNI is ON
06-01 10:05:10.281 I/art     ( 1329): option[0]=-Xzygote
06-01 10:05:10.281 I/art     ( 1329): option[1]=-Xcheck:jni
06-01 10:05:10.281 I/art     ( 1329): option[2]=-Xstacktracefile:/data/anr/traces.txt
06-01 10:05:10.281 I/art     ( 1329): option[3]=exit
06-01 10:05:10.282 I/art     ( 1329): option[4]=vfprintf
06-01 10:05:10.282 I/art     ( 1329): option[5]=sensitiveThread
06-01 10:05:10.282 I/art     ( 1329): option[6]=-verbose:gc
06-01 10:05:10.282 I/art     ( 1329): option[7]=-Xms4m
06-01 10:05:10.282 I/art     ( 1329): option[8]=-Xmx256m
06-01 10:05:10.282 I/art     ( 1329): option[9]=-Xusejit:true
06-01 10:05:10.282 I/art     ( 1329): option[10]=-Xjitsaveprofilinginfo
06-01 10:05:10.282 I/art     ( 1329): option[11]=-agentlib:jdwp=transport=dt_android_adb,suspend=n,server=y
06-01 10:05:10.282 I/art     ( 1329): option[12]=-Xlockprofthreshold:500
06-01 10:05:10.282 I/art     ( 1329): option[13]=-Ximage-compiler-option
06-01 10:05:10.282 I/art     ( 1329): option[14]=--runtime-arg
06-01 10:05:10.282 I/art     ( 1329): option[15]=-Ximage-compiler-option
06-01 10:05:10.282 I/art     ( 1329): option[16]=-Xms64m
06-01 10:05:10.282 I/art     ( 1329): option[17]=-Ximage-compiler-option
06-01 10:05:10.282 I/art     ( 1329): option[18]=--runtime-arg
06-01 10:05:10.283 I/art     ( 1329): option[19]=-Ximage-compiler-option
06-01 10:05:10.283 I/art     ( 1329): option[20]=-Xmx64m
06-01 10:05:10.283 I/art     ( 1329): option[21]=-Ximage-compiler-option
06-01 10:05:10.283 I/art     ( 1329): option[22]=--image-classes=/system/etc/preloaded-classes
06-01 10:05:10.283 I/art     ( 1329): option[23]=-Ximage-compiler-option
06-01 10:05:10.283 I/art     ( 1329): option[24]=--compiled-classes=/system/etc/compiled-classes
06-01 10:05:10.283 I/art     ( 1329): option[25]=-Xcompiler-option
06-01 10:05:10.283 I/art     ( 1329): option[26]=--runtime-arg
06-01 10:05:10.283 I/art     ( 1329): option[27]=-Xcompiler-option
06-01 10:05:10.283 I/art     ( 1329): option[28]=-Xms64m
06-01 10:05:10.283 I/art     ( 1329): option[29]=-Xcompiler-option
06-01 10:05:10.283 I/art     ( 1329): option[30]=--runtime-arg
06-01 10:05:10.283 I/art     ( 1329): option[31]=-Xcompiler-option
06-01 10:05:10.283 I/art     ( 1329): option[32]=-Xmx512m
06-01 10:05:10.283 I/art     ( 1329): option[33]=-Ximage-compiler-option
06-01 10:05:10.283 I/art     ( 1329): option[34]=--instruction-set-variant=x86_64
06-01 10:05:10.284 I/art     ( 1329): option[35]=-Xcompiler-option
06-01 10:05:10.284 I/art     ( 1329): option[36]=--instruction-set-variant=x86_64
06-01 10:05:10.284 I/art     ( 1329): option[37]=-Ximage-compiler-option
06-01 10:05:10.284 I/art     ( 1329): option[38]=--instruction-set-features=default
06-01 10:05:10.284 I/art     ( 1329): option[39]=-Xcompiler-option
06-01 10:05:10.284 I/art     ( 1329): option[40]=--instruction-set-features=default
06-01 10:05:10.284 I/art     ( 1329): option[41]=-Duser.locale=en-US
06-01 10:05:10.284 I/art     ( 1329): option[42]=--cpu-abilist=x86_64
06-01 10:05:10.284 I/art     ( 1329): option[43]=-Xfingerprint:Android/sdk_phone_x86_64/generic_x86_64:7.1.1/NYC/4931657:userdebug/test-keys
06-01 10:05:10.287 D/AndroidRuntime( 1330): CheckJNI is ON
06-01 10:05:10.296 D/gralloc_ranchu( 1482): Emulator without host-side GPU emulation detected. Loading gralloc.default.so from /vendor/lib64/hw/gralloc.goldfish.default.so...
06-01 10:05:10.299 D/gralloc_ranchu( 1482): gralloc.default.so not found in /vendor. Trying /system/lib64/hw/gralloc.goldfish.default.so...
06-01 10:05:10.600 I/art     ( 1330): option[0]=-Xzygote
06-01 10:05:10.620 I/art     ( 1330): option[1]=-Xcheck:jni
06-01 10:05:10.620 I/art     ( 1330): option[2]=-Xstacktracefile:/data/anr/traces.txt
06-01 10:05:10.621 I/art     ( 1330): option[3]=exit
06-01 10:05:10.621 I/art     ( 1330): option[4]=vfprintf
06-01 10:05:10.621 I/art     ( 1330): option[5]=sensitiveThread
06-01 10:05:10.621 I/art     ( 1330): option[6]=-verbose:gc
06-01 10:05:10.621 I/art     ( 1330): option[7]=-Xms4m
06-01 10:05:10.621 I/art     ( 1330): option[8]=-Xmx256m
06-01 10:05:10.621 I/art     ( 1330): option[9]=-Xusejit:true
06-01 10:05:10.621 I/art     ( 1330): option[10]=-Xjitsaveprofilinginfo
06-01 10:05:10.621 I/art     ( 1330): option[11]=-agentlib:jdwp=transport=dt_android_adb,suspend=n,server=y
06-01 10:05:10.621 I/art     ( 1330): option[12]=-Xlockprofthreshold:500
06-01 10:05:10.621 I/art     ( 1330): option[13]=-Ximage-compiler-option
06-01 10:05:10.621 I/art     ( 1330): option[14]=--runtime-arg
06-01 10:05:10.622 I/art     ( 1330): option[15]=-Ximage-compiler-option
06-01 10:05:10.622 I/art     ( 1330): option[16]=-Xms64m
06-01 10:05:10.622 I/art     ( 1330): option[17]=-Ximage-compiler-option
06-01 10:05:10.622 I/art     ( 1330): option[18]=--runtime-arg
06-01 10:05:10.622 I/art     ( 1330): option[19]=-Ximage-compiler-option
06-01 10:05:10.622 I/art     ( 1330): option[20]=-Xmx64m
06-01 10:05:10.622 I/art     ( 1330): option[21]=-Ximage-compiler-option
06-01 10:05:10.622 I/art     ( 1330): option[22]=--image-classes=/system/etc/preloaded-classes
06-01 10:05:10.622 I/art     ( 1330): option[23]=-Ximage-compiler-option
06-01 10:05:10.622 I/art     ( 1330): option[24]=--compiled-classes=/system/etc/compiled-classes
06-01 10:05:10.622 I/art     ( 1330): option[25]=-Xcompiler-option
06-01 10:05:10.622 I/art     ( 1330): option[26]=--runtime-arg
06-01 10:05:10.622 I/art     ( 1330): option[27]=-Xcompiler-option
06-01 10:05:10.622 I/art     ( 1330): option[28]=-Xms64m
06-01 10:05:10.623 I/art     ( 1330): option[29]=-Xcompiler-option
06-01 10:05:10.623 I/art     ( 1330): option[30]=--runtime-arg
06-01 10:05:10.623 I/art     ( 1330): option[31]=-Xcompiler-option
06-01 10:05:10.623 I/art     ( 1330): option[32]=-Xmx512m
06-01 10:05:10.623 I/art     ( 1330): option[33]=-Ximage-compiler-option
06-01 10:05:10.623 I/art     ( 1330): option[34]=--instruction-set-variant=x86
06-01 10:05:10.623 I/art     ( 1330): option[35]=-Xcompiler-option
06-01 10:05:10.623 I/art     ( 1330): option[36]=--instruction-set-variant=x86
06-01 10:05:10.623 I/art     ( 1330): option[37]=-Ximage-compiler-option
06-01 10:05:10.623 I/art     ( 1330): option[38]=--instruction-set-features=default
06-01 10:05:10.623 I/art     ( 1330): option[39]=-Xcompiler-option
06-01 10:05:10.623 I/art     ( 1330): option[40]=--instruction-set-features=default
06-01 10:05:10.623 I/art     ( 1330): option[41]=-Duser.locale=en-US
06-01 10:05:10.623 I/art     ( 1330): option[42]=--cpu-abilist=x86
06-01 10:05:10.624 I/art     ( 1330): option[43]=-Xfingerprint:Android/sdk_phone_x86_64/generic_x86_64:7.1.1/NYC/4931657:userdebug/test-keys
06-01 10:05:15.138 E/ipv6proxy( 1611): Failed to get interface flags for wlan1: No such device
06-01 10:05:17.646 E/hostapd ( 1620): Configuration file: /system/etc/simulated_hostapd.conf
06-01 10:05:17.816 E/hostapd ( 1620): Could not read interface wlan1 flags: No such device
06-01 10:05:17.817 I/hostapd ( 1620): nl80211: Driver does not support authentication/association or connect commands
06-01 10:05:17.817 I/hostapd ( 1620): nl80211: deinit ifname=wlan1 disabled_11b_rates=0
06-01 10:05:17.818 E/hostapd ( 1620): Could not read interface wlan1 flags: No such device
06-01 10:05:17.818 E/hostapd ( 1620): nl80211 driver initialization failed.
06-01 10:05:17.819 I/hostapd ( 1620): wlan1: interface state UNINITIALIZED->DISABLED
06-01 10:05:17.819 I/hostapd ( 1620): wlan1: AP-DISABLED 
06-01 10:05:17.819 E/hostapd ( 1620): hostapd_free_hapd_data: Interface wlan1 wasn't started
06-01 10:05:19.438 E/ipv6proxy( 1633): Failed to get interface flags for wlan1: No such device
06-01 10:05:20.213 D/ICU     ( 1330): No timezone override file found: /data/misc/zoneinfo/current/icu/icu_tzdata.dat
06-01 10:05:20.261 D/ICU     ( 1329): No timezone override file found: /data/misc/zoneinfo/current/icu/icu_tzdata.dat
06-01 10:05:21.829 E/hostapd ( 1642): Configuration file: /system/etc/simulated_hostapd.conf
06-01 10:05:22.020 E/hostapd ( 1642): Could not read interface wlan1 flags: No such device
06-01 10:05:22.021 I/hostapd ( 1642): nl80211: Driver does not support authentication/association or connect commands
06-01 10:05:22.022 I/hostapd ( 1642): nl80211: deinit ifname=wlan1 disabled_11b_rates=0
06-01 10:05:22.022 E/hostapd ( 1642): Could not read interface wlan1 flags: No such device
06-01 10:05:22.023 E/hostapd ( 1642): nl80211 driver initialization failed.
06-01 10:05:22.023 I/hostapd ( 1642): wlan1: interface state UNINITIALIZED->DISABLED
06-01 10:05:22.024 I/hostapd ( 1642): wlan1: AP-DISABLED 
06-01 10:05:22.024 E/hostapd ( 1642): hostapd_free_hapd_data: Interface wlan1 wasn't started
06-01 10:05:24.656 E/memtrack( 1329): Couldn't load memtrack module (No such file or directory)
06-01 10:05:24.657 E/android.os.Debug( 1329): failed to load memtrack module: -2
06-01 10:05:24.724 E/ipv6proxy( 1658): Failed to get interface flags for wlan1: No such device
06-01 10:05:24.737 E/memtrack( 1330): Couldn't load memtrack module (No such file or directory)
06-01 10:05:24.738 E/android.os.Debug( 1330): failed to load memtrack module: -2
06-01 10:05:24.743 I/Radio-JNI( 1329): register_android_hardware_Radio DONE
06-01 10:05:24.794 I/Radio-JNI( 1330): register_android_hardware_Radio DONE
06-01 10:05:25.450 I/SamplingProfilerIntegration( 1329): Profiling disabled.
06-01 10:05:25.490 I/SamplingProfilerIntegration( 1330): Profiling disabled.
06-01 10:05:25.616 D/Zygote  ( 1329): begin preload
06-01 10:05:25.616 I/Zygote  ( 1329): Installing ICU cache reference pinning...
06-01 10:05:25.644 I/Zygote  ( 1329): Preloading ICU data...
06-01 10:05:25.818 D/Zygote  ( 1330): begin preload
06-01 10:05:25.819 I/Zygote  ( 1330): Installing ICU cache reference pinning...
06-01 10:05:25.912 I/Zygote  ( 1330): Preloading ICU data...
06-01 10:05:28.045 E/hostapd ( 1668): Configuration file: /system/etc/simulated_hostapd.conf
06-01 10:05:28.277 E/hostapd ( 1668): Could not read interface wlan1 flags: No such device
06-01 10:05:28.316 I/hostapd ( 1668): nl80211: Driver does not support authentication/association or connect commands
06-01 10:05:28.395 I/hostapd ( 1668): nl80211: deinit ifname=wlan1 disabled_11b_rates=0
06-01 10:05:28.441 E/hostapd ( 1668): Could not read interface wlan1 flags: No such device
06-01 10:05:28.442 E/hostapd ( 1668): nl80211 driver initialization failed.
06-01 10:05:28.442 I/hostapd ( 1668): wlan1: interface state UNINITIALIZED->DISABLED
06-01 10:05:28.442 I/hostapd ( 1668): wlan1: AP-DISABLED 
06-01 10:05:28.443 E/hostapd ( 1668): hostapd_free_hapd_data: Interface wlan1 wasn't started
06-01 10:05:28.510 I/Zygote  ( 1329): Preloading classes...
06-01 10:05:28.734 W/Zygote  ( 1329): Class not found for preloading: [Landroid.view.Display$ColorTransform;
06-01 10:05:29.007 I/Zygote  ( 1330): Preloading classes...
06-01 10:05:29.374 W/Zygote  ( 1330): Class not found for preloading: [Landroid.view.Display$ColorTransform;
06-01 10:05:29.745 E/ipv6proxy( 1675): Failed to get interface flags for wlan1: No such device
06-01 10:05:33.509 E/hostapd ( 1688): Configuration file: /system/etc/simulated_hostapd.conf
06-01 10:05:33.785 E/hostapd ( 1688): Could not read interface wlan1 flags: No such device
06-01 10:05:33.786 I/hostapd ( 1688): nl80211: Driver does not support authentication/association or connect commands
06-01 10:05:33.786 I/hostapd ( 1688): nl80211: deinit ifname=wlan1 disabled_11b_rates=0
06-01 10:05:33.787 E/hostapd ( 1688): Could not read interface wlan1 flags: No such device
06-01 10:05:33.787 E/hostapd ( 1688): nl80211 driver initialization failed.
06-01 10:05:33.787 I/hostapd ( 1688): wlan1: interface state UNINITIALIZED->DISABLED
06-01 10:05:33.788 I/hostapd ( 1688): wlan1: AP-DISABLED 
06-01 10:05:33.788 E/hostapd ( 1688): hostapd_free_hapd_data: Interface wlan1 wasn't started
06-01 10:05:34.934 E/ipv6proxy( 1696): Failed to get interface flags for wlan1: No such device
06-01 10:05:36.096 E/Typeface( 1329): Error mapping font file /system/fonts/DroidSansFallback.ttf
06-01 10:05:36.499 E/Typeface( 1330): Error mapping font file /system/fonts/DroidSansFallback.ttf
06-01 10:05:37.376 E/hostapd ( 1704): Configuration file: /system/etc/simulated_hostapd.conf
06-01 10:05:37.474 E/hostapd ( 1704): Could not read interface wlan1 flags: No such device
06-01 10:05:37.476 I/hostapd ( 1704): nl80211: Driver does not support authentication/association or connect commands
06-01 10:05:37.477 I/hostapd ( 1704): nl80211: deinit ifname=wlan1 disabled_11b_rates=0
06-01 10:05:37.477 E/hostapd ( 1704): Could not read interface wlan1 flags: No such device
06-01 10:05:37.478 E/hostapd ( 1704): nl80211 driver initialization failed.
06-01 10:05:37.478 I/hostapd ( 1704): wlan1: interface state UNINITIALIZED->DISABLED
06-01 10:05:37.478 I/hostapd ( 1704): wlan1: AP-DISABLED 
06-01 10:05:37.479 E/hostapd ( 1704): hostapd_free_hapd_data: Interface wlan1 wasn't started
06-01 10:05:39.315 E/ipv6proxy( 1707): Failed to get interface flags for wlan1: No such device
06-01 10:05:43.085 E/hostapd ( 1720): Configuration file: /system/etc/simulated_hostapd.conf
06-01 10:05:43.279 E/hostapd ( 1720): Could not read interface wlan1 flags: No such device
06-01 10:05:43.344 I/hostapd ( 1720): nl80211: Driver does not support authentication/association or connect commands
06-01 10:05:43.345 I/hostapd ( 1720): nl80211: deinit ifname=wlan1 disabled_11b_rates=0
06-01 10:05:43.346 E/hostapd ( 1720): Could not read interface wlan1 flags: No such device
06-01 10:05:43.346 E/hostapd ( 1720): nl80211 driver initialization failed.
06-01 10:05:43.347 I/hostapd ( 1720): wlan1: interface state UNINITIALIZED->DISABLED
06-01 10:05:43.347 I/hostapd ( 1720): wlan1: AP-DISABLED 
06-01 10:05:43.347 E/hostapd ( 1720): hostapd_free_hapd_data: Interface wlan1 wasn't started
06-01 10:05:43.713 W/art     ( 1329): Suspending all threads took: 13.249ms
06-01 10:05:44.132 I/art     ( 1329): Background concurrent mark sweep GC freed 21947(2MB) AllocSpace objects, 82(1476KB) LOS objects, 33% free, 2MB/3MB, paused 17.997ms total 742.198ms
06-01 10:05:44.520 W/art     ( 1329): Suspending all threads took: 89.961ms
06-01 10:05:44.643 I/art     ( 1329): Background sticky concurrent mark sweep GC freed 296(1521KB) AllocSpace objects, 47(900KB) LOS objects, 52% free, 1650KB/3MB, paused 90.936ms total 400.115ms
06-01 10:05:44.864 W/art     ( 1330): Suspending all threads took: 68.156ms
06-01 10:05:44.885 E/ipv6proxy( 1725): Failed to get interface flags for wlan1: No such device
06-01 10:05:45.363 I/art     ( 1330): Background concurrent mark sweep GC freed 21944(2MB) AllocSpace objects, 121(2MB) LOS objects, 33% free, 2MB/4MB, paused 75.272ms total 963.449ms
06-01 10:05:45.461 I/art     ( 1329): Thread[1,tid=1329,Native,Thread*=0x76c0b0c95a00,peer=0x12c060d0,"main"] recursive attempt to load library "/system/lib64/libmedia_jni.so"
06-01 10:05:45.493 D/MtpDeviceJNI( 1329): register_android_mtp_MtpDevice
06-01 10:05:45.551 I/art     ( 1329): Thread[1,tid=1329,Native,Thread*=0x76c0b0c95a00,peer=0x12c060d0,"main"] recursive attempt to load library "/system/lib64/libmedia_jni.so"
06-01 10:05:45.553 I/art     ( 1329): Thread[1,tid=1329,Native,Thread*=0x76c0b0c95a00,peer=0x12c060d0,"main"] recursive attempt to load library "/system/lib64/libmedia_jni.so"
06-01 10:05:46.393 I/art     ( 1330): Thread[1,tid=1330,Native,Thread*=0xe6d0b400,peer=0x12c060d0,"main"] recursive attempt to load library "/system/lib/libmedia_jni.so"
06-01 10:05:46.412 D/MtpDeviceJNI( 1330): register_android_mtp_MtpDevice
06-01 10:05:46.415 I/art     ( 1330): Thread[1,tid=1330,Native,Thread*=0xe6d0b400,peer=0x12c060d0,"main"] recursive attempt to load library "/system/lib/libmedia_jni.so"
06-01 10:05:46.417 I/art     ( 1330): Thread[1,tid=1330,Native,Thread*=0xe6d0b400,peer=0x12c060d0,"main"] recursive attempt to load library "/system/lib/libmedia_jni.so"
06-01 10:05:47.379 E/hostapd ( 1733): Configuration file: /system/etc/simulated_hostapd.conf
06-01 10:05:47.551 E/hostapd ( 1733): Could not read interface wlan1 flags: No such device
06-01 10:05:47.552 I/hostapd ( 1733): nl80211: Driver does not support authentication/association or connect commands
06-01 10:05:47.552 I/hostapd ( 1733): nl80211: deinit ifname=wlan1 disabled_11b_rates=0
06-01 10:05:47.553 E/hostapd ( 1733): Could not read interface wlan1 flags: No such device
06-01 10:05:47.553 E/hostapd ( 1733): nl80211 driver initialization failed.
06-01 10:05:47.554 I/hostapd ( 1733): wlan1: interface state UNINITIALIZED->DISABLED
06-01 10:05:47.554 I/hostapd ( 1733): wlan1: AP-DISABLED 
06-01 10:05:47.554 E/hostapd ( 1733): hostapd_free_hapd_data: Interface wlan1 wasn't started
06-01 10:05:49.684 E/ipv6proxy( 1745): Failed to get interface flags for wlan1: No such device
06-01 10:05:49.702 W/Zygote  ( 1329): Class not found for preloading: android.view.Display$ColorTransform
06-01 10:05:49.703 W/Zygote  ( 1329): Class not found for preloading: android.view.Display$ColorTransform$1
06-01 10:05:50.182 W/Zygote  ( 1330): Class not found for preloading: android.view.Display$ColorTransform
06-01 10:05:50.183 W/Zygote  ( 1330): Class not found for preloading: android.view.Display$ColorTransform$1
06-01 10:05:51.926 I/art     ( 1330): Background sticky concurrent mark sweep GC freed 11508(2MB) AllocSpace objects, 10(160KB) LOS objects, 66% free, 1539KB/4MB, paused 666us total 342.987ms
06-01 10:05:53.298 E/hostapd ( 1759): Configuration file: /system/etc/simulated_hostapd.conf
06-01 10:05:53.594 E/hostapd ( 1759): Could not read interface wlan1 flags: No such device
06-01 10:05:53.595 I/hostapd ( 1759): nl80211: Driver does not support authentication/association or connect commands
06-01 10:05:53.595 I/hostapd ( 1759): nl80211: deinit ifname=wlan1 disabled_11b_rates=0
06-01 10:05:53.596 E/hostapd ( 1759): Could not read interface wlan1 flags: No such device
06-01 10:05:53.596 E/hostapd ( 1759): nl80211 driver initialization failed.
06-01 10:05:53.597 I/hostapd ( 1759): wlan1: interface state UNINITIALIZED->DISABLED
06-01 10:05:53.597 I/hostapd ( 1759): wlan1: AP-DISABLED 
06-01 10:05:53.597 E/hostapd ( 1759): hostapd_free_hapd_data: Interface wlan1 wasn't started
06-01 10:05:55.305 E/ipv6proxy( 1763): Failed to get interface flags for wlan1: No such device
06-01 10:05:55.759 I/System  ( 1329): Loaded time zone names for "" in 2219ms (2118ms in ICU)
06-01 10:05:56.441 I/System  ( 1330): Loaded time zone names for "" in 1630ms (1581ms in ICU)
06-01 10:05:56.748 I/System  ( 1329): Loaded time zone names for "en_US" in 917ms (911ms in ICU)
06-01 10:05:57.378 E/hostapd ( 1773): Configuration file: /system/etc/simulated_hostapd.conf
06-01 10:05:57.502 E/hostapd ( 1773): Could not read interface wlan1 flags: No such device
06-01 10:05:57.502 I/hostapd ( 1773): nl80211: Driver does not support authentication/association or connect commands
06-01 10:05:57.503 I/hostapd ( 1773): nl80211: deinit ifname=wlan1 disabled_11b_rates=0
06-01 10:05:57.503 E/hostapd ( 1773): Could not read interface wlan1 flags: No such device
06-01 10:05:57.504 E/hostapd ( 1773): nl80211 driver initialization failed.
06-01 10:05:57.504 I/hostapd ( 1773): wlan1: interface state UNINITIALIZED->DISABLED
06-01 10:05:57.504 I/hostapd ( 1773): wlan1: AP-DISABLED 
06-01 10:05:57.505 E/hostapd ( 1773): hostapd_free_hapd_data: Interface wlan1 wasn't started
06-01 10:05:57.530 I/System  ( 1330): Loaded time zone names for "en_US" in 986ms (979ms in ICU)
06-01 10:05:58.338 I/art     ( 1329): Background concurrent mark sweep GC freed 26140(1707KB) AllocSpace objects, 4(80KB) LOS objects, 38% free, 1614KB/2MB, paused 170.216ms total 559.370ms
06-01 10:05:58.915 I/Zygote  ( 1329): ...preloaded 4158 classes in 30370ms.
06-01 10:05:58.916 I/art     ( 1329): VMRuntime.preloadDexCaches starting
06-01 10:05:59.442 I/Zygote  ( 1330): ...preloaded 4158 classes in 30434ms.
06-01 10:05:59.445 I/art     ( 1330): VMRuntime.preloadDexCaches starting
06-01 10:05:59.853 E/ipv6proxy( 1781): Failed to get interface flags for wlan1: No such device
06-01 10:06:01.685 I/art     ( 1329): VMRuntime.preloadDexCaches strings total=283712 before=39625 after=39625
06-01 10:06:01.686 I/art     ( 1329): VMRuntime.preloadDexCaches types total=23581 before=7877 after=7904
06-01 10:06:01.686 I/art     ( 1329): VMRuntime.preloadDexCaches fields total=112007 before=40903 after=41117
06-01 10:06:01.686 I/art     ( 1329): VMRuntime.preloadDexCaches methods total=197534 before=82457 after=83017
06-01 10:06:01.686 I/art     ( 1329): VMRuntime.preloadDexCaches finished
06-01 10:06:01.725 I/Zygote  ( 1329): Preloading resources...
06-01 10:06:02.021 I/art     ( 1330): VMRuntime.preloadDexCaches strings total=283712 before=39625 after=39625
06-01 10:06:02.021 I/art     ( 1330): VMRuntime.preloadDexCaches types total=23581 before=7877 after=7904
06-01 10:06:02.021 I/art     ( 1330): VMRuntime.preloadDexCaches fields total=112007 before=40903 after=41117
06-01 10:06:02.021 I/art     ( 1330): VMRuntime.preloadDexCaches methods total=197534 before=82457 after=83017
06-01 10:06:02.022 I/art     ( 1330): VMRuntime.preloadDexCaches finished
06-01 10:06:02.040 I/Zygote  ( 1330): Preloading resources...
06-01 10:06:02.159 E/hostapd ( 1790): Configuration file: /system/etc/simulated_hostapd.conf
06-01 10:06:02.288 E/hostapd ( 1790): Could not read interface wlan1 flags: No such device
06-01 10:06:02.289 I/hostapd ( 1790): nl80211: Driver does not support authentication/association or connect commands
06-01 10:06:02.289 I/hostapd ( 1790): nl80211: deinit ifname=wlan1 disabled_11b_rates=0
06-01 10:06:02.338 E/hostapd ( 1790): Could not read interface wlan1 flags: No such device
06-01 10:06:02.339 E/hostapd ( 1790): nl80211 driver initialization failed.
06-01 10:06:02.339 I/hostapd ( 1790): wlan1: interface state UNINITIALIZED->DISABLED
06-01 10:06:02.339 I/hostapd ( 1790): wlan1: AP-DISABLED 
06-01 10:06:02.339 E/hostapd ( 1790): hostapd_free_hapd_data: Interface wlan1 wasn't started
06-01 10:06:04.391 W/Resources( 1329): Preloaded drawable resource #0x108025c (android:drawable/dialog_background_material) that varies with configuration!!
06-01 10:06:04.466 W/Resources( 1329): Preloaded drawable resource #0x1080298 (android:drawable/editbox_dropdown_background_dark) that varies with configuration!!
06-01 10:06:04.658 E/ipv6proxy( 1800): Failed to get interface flags for wlan1: No such device
06-01 10:06:04.758 W/Resources( 1330): Preloaded drawable resource #0x108025c (android:drawable/dialog_background_material) that varies with configuration!!
06-01 10:06:04.817 W/Resources( 1330): Preloaded drawable resource #0x1080298 (android:drawable/editbox_dropdown_background_dark) that varies with configuration!!
06-01 10:06:04.842 W/Resources( 1329): Preloaded color resource #0x10600e2 (android:color/material_grey_800) that varies with configuration!!
06-01 10:06:04.842 W/Resources( 1329): Preloaded drawable resource #0x10802c9 (android:drawable/floating_popup_background_dark) that varies with configuration!!
06-01 10:06:05.009 W/Resources( 1330): Preloaded color resource #0x10600e2 (android:color/material_grey_800) that varies with configuration!!
06-01 10:06:05.056 I/art     ( 1329): Background sticky concurrent mark sweep GC freed 1792(185KB) AllocSpace objects, 0(0B) LOS objects, 8% free, 2MB/2MB, paused 409us total 128.795ms
06-01 10:06:05.112 W/Resources( 1330): Preloaded drawable resource #0x10802c9 (android:drawable/floating_popup_background_dark) that varies with configuration!!
06-01 10:06:05.350 W/art     ( 1329): Suspending all threads took: 19.262ms
06-01 10:06:05.354 I/art     ( 1329): Background concurrent mark sweep GC freed 644(46KB) AllocSpace objects, 1(32KB) LOS objects, 60% free, 2MB/6MB, paused 20.176ms total 213.416ms
06-01 10:06:06.215 W/Resources( 1329): Preloaded drawable resource #0x108030b (android:drawable/ic_clear_disabled) that varies with configuration!!
06-01 10:06:06.218 W/Resources( 1329): Preloaded drawable resource #0x1080310 (android:drawable/ic_clear_normal) that varies with configuration!!
06-01 10:06:06.441 W/art     ( 1330): Suspending all threads took: 29.720ms
06-01 10:06:06.485 W/Resources( 1329): Preloaded drawable resource #0x1080359 (android:drawable/ic_go) that varies with configuration!!
06-01 10:06:06.575 I/art     ( 1330): Background sticky concurrent mark sweep GC freed 14570(901KB) AllocSpace objects, 0(0B) LOS objects, 19% free, 3MB/4MB, paused 34.965ms total 463.957ms
06-01 10:06:07.463 W/Resources( 1330): Preloaded drawable resource #0x108030b (android:drawable/ic_clear_disabled) that varies with configuration!!
06-01 10:06:07.639 W/Resources( 1330): Preloaded drawable resource #0x1080310 (android:drawable/ic_clear_normal) that varies with configuration!!
06-01 10:06:07.931 W/Resources( 1329): Preloaded drawable resource #0x1080038 (android:drawable/ic_menu_close_clear_cancel) that varies with configuration!!
06-01 10:06:07.964 W/Resources( 1330): Preloaded drawable resource #0x1080359 (android:drawable/ic_go) that varies with configuration!!
06-01 10:06:08.227 W/Resources( 1329): Preloaded drawable resource #0x1080045 (android:drawable/ic_menu_more) that varies with configuration!!
06-01 10:06:08.368 W/Resources( 1330): Preloaded drawable resource #0x1080038 (android:drawable/ic_menu_close_clear_cancel) that varies with configuration!!
06-01 10:06:08.398 E/hostapd ( 1810): Configuration file: /system/etc/simulated_hostapd.conf
06-01 10:06:08.614 W/Resources( 1330): Preloaded drawable resource #0x1080045 (android:drawable/ic_menu_more) that varies with configuration!!
06-01 10:06:08.651 E/hostapd ( 1810): Could not read interface wlan1 flags: No such device
06-01 10:06:08.652 I/hostapd ( 1810): nl80211: Driver does not support authentication/association or connect commands
06-01 10:06:08.653 I/hostapd ( 1810): nl80211: deinit ifname=wlan1 disabled_11b_rates=0
06-01 10:06:08.653 E/hostapd ( 1810): Could not read interface wlan1 flags: No such device
06-01 10:06:08.654 E/hostapd ( 1810): nl80211 driver initialization failed.
06-01 10:06:08.654 I/hostapd ( 1810): wlan1: interface state UNINITIALIZED->DISABLED
06-01 10:06:08.655 I/hostapd ( 1810): wlan1: AP-DISABLED 
06-01 10:06:08.655 E/hostapd ( 1810): hostapd_free_hapd_data: Interface wlan1 wasn't started
06-01 10:06:09.036 W/Resources( 1329): Preloaded drawable resource #0x10804e8 (android:drawable/menu_background_fill_parent_width) that varies with configuration!!
06-01 10:06:09.745 I/art     ( 1330): Background concurrent mark sweep GC freed 3298(177KB) AllocSpace objects, 6(188KB) LOS objects, 49% free, 4MB/8MB, paused 2.381ms total 808.654ms
06-01 10:06:09.873 W/Resources( 1330): Preloaded drawable resource #0x10804e8 (android:drawable/menu_background_fill_parent_width) that varies with configuration!!
06-01 10:06:10.373 E/ipv6proxy( 1817): Failed to get interface flags for wlan1: No such device
06-01 10:06:11.876 W/Resources( 1329): Preloaded drawable resource #0x108077e (android:drawable/text_edit_paste_window) that varies with configuration!!
06-01 10:06:12.134 W/Resources( 1329): Preloaded drawable resource #0x1080096 (android:drawable/toast_frame) that varies with configuration!!
06-01 10:06:12.135 I/Zygote  ( 1329): ...preloaded 114 resources in 10409ms.
06-01 10:06:12.528 W/Resources( 1329): Preloaded color resource #0x106010b (android:color/background_cache_hint_selector_material_dark) that varies with configuration!!
06-01 10:06:12.592 W/Resources( 1329): Preloaded color resource #0x1060110 (android:color/btn_default_material_dark) that varies with configuration!!
06-01 10:06:12.643 I/Zygote  ( 1329): ...preloaded 41 resources in 508ms.
06-01 10:06:12.646 D/libEGL  ( 1329): Emulator without GPU support detected. Fallback to legacy software renderer, qemu.gles is set to 0.
06-01 10:06:12.817 E/hostapd ( 1827): Configuration file: /system/etc/simulated_hostapd.conf
06-01 10:06:12.922 D/libEGL  ( 1329): loaded /system/lib64/egl/libGLES_android.so
06-01 10:06:12.974 E/hostapd ( 1827): Could not read interface wlan1 flags: No such device
06-01 10:06:12.975 I/hostapd ( 1827): nl80211: Driver does not support authentication/association or connect commands
06-01 10:06:12.975 I/hostapd ( 1827): nl80211: deinit ifname=wlan1 disabled_11b_rates=0
06-01 10:06:12.975 E/hostapd ( 1827): Could not read interface wlan1 flags: No such device
06-01 10:06:12.976 E/hostapd ( 1827): nl80211 driver initialization failed.
06-01 10:06:12.976 I/hostapd ( 1827): wlan1: interface state UNINITIALIZED->DISABLED
06-01 10:06:12.977 I/hostapd ( 1827): wlan1: AP-DISABLED 
06-01 10:06:12.977 E/hostapd ( 1827): hostapd_free_hapd_data: Interface wlan1 wasn't started
06-01 10:06:13.113 W/Resources( 1330): Preloaded drawable resource #0x108077e (android:drawable/text_edit_paste_window) that varies with configuration!!
06-01 10:06:13.365 W/Resources( 1330): Preloaded drawable resource #0x1080096 (android:drawable/toast_frame) that varies with configuration!!
06-01 10:06:13.366 I/Zygote  ( 1330): ...preloaded 114 resources in 11245ms.
06-01 10:06:13.734 W/Resources( 1330): Preloaded color resource #0x106010b (android:color/background_cache_hint_selector_material_dark) that varies with configuration!!
06-01 10:06:13.737 W/Resources( 1330): Preloaded color resource #0x1060110 (android:color/btn_default_material_dark) that varies with configuration!!
06-01 10:06:13.829 I/Zygote  ( 1330): ...preloaded 41 resources in 463ms.
06-01 10:06:13.913 D/libEGL  ( 1330): Emulator without GPU support detected. Fallback to legacy software renderer, qemu.gles is set to 0.
06-01 10:06:13.949 E/ipv6proxy( 1832): Failed to get interface flags for wlan1: No such device
06-01 10:06:14.199 D/libEGL  ( 1330): loaded /system/lib/egl/libGLES_android.so
06-01 10:06:14.806 I/Zygote  ( 1329): Preloading shared libraries...
06-01 10:06:15.154 E/Hyphenator( 1329): error loading hyphenation /system/usr/hyphen-data/hyph-as.hyb
06-01 10:06:15.154 E/Hyphenator( 1329): java.io.FileNotFoundException: /system/usr/hyphen-data/hyph-as.hyb: open failed: ENOENT (No such file or directory)
06-01 10:06:15.154 E/Hyphenator( 1329): 	at libcore.io.IoBridge.open(IoBridge.java:455)
06-01 10:06:15.154 E/Hyphenator( 1329): 	at java.io.RandomAccessFile.<init>(RandomAccessFile.java:247)
06-01 10:06:15.154 E/Hyphenator( 1329): 	at android.text.Hyphenator.loadHyphenator(Hyphenator.java:118)
06-01 10:06:15.154 E/Hyphenator( 1329): 	at android.text.Hyphenator.init(Hyphenator.java:224)
06-01 10:06:15.154 E/Hyphenator( 1329): 	at com.android.internal.os.ZygoteInit.preloadTextResources(ZygoteInit.java:252)
06-01 10:06:15.154 E/Hyphenator( 1329): 	at com.android.internal.os.ZygoteInit.preload(ZygoteInit.java:206)
06-01 10:06:15.154 E/Hyphenator( 1329): 	at com.android.internal.os.ZygoteInit.main(ZygoteInit.java:743)
06-01 10:06:15.154 E/Hyphenator( 1329): Caused by: android.system.ErrnoException: open failed: ENOENT (No such file or directory)
06-01 10:06:15.154 E/Hyphenator( 1329): 	at libcore.io.Posix.open(Native Method)
06-01 10:06:15.154 E/Hyphenator( 1329): 	at libcore.io.BlockGuardOs.open(BlockGuardOs.java:187)
06-01 10:06:15.154 E/Hyphenator( 1329): 	at libcore.io.IoBridge.open(IoBridge.java:441)
06-01 10:06:15.154 E/Hyphenator( 1329): 	... 6 more
06-01 10:06:15.157 E/Hyphenator( 1329): error loading hyphenation /system/usr/hyphen-data/hyph-bn.hyb
06-01 10:06:15.157 E/Hyphenator( 1329): java.io.FileNotFoundException: /system/usr/hyphen-data/hyph-bn.hyb: open failed: ENOENT (No such file or directory)
06-01 10:06:15.157 E/Hyphenator( 1329): 	at libcore.io.IoBridge.open(IoBridge.java:455)
06-01 10:06:15.157 E/Hyphenator( 1329): 	at java.io.RandomAccessFile.<init>(RandomAccessFile.java:247)
06-01 10:06:15.157 E/Hyphenator( 1329): 	at android.text.Hyphenator.loadHyphenator(Hyphenator.java:118)
06-01 10:06:15.157 E/Hyphenator( 1329): 	at android.text.Hyphenator.init(Hyphenator.java:224)
06-01 10:06:15.157 E/Hyphenator( 1329): 	at com.android.internal.os.ZygoteInit.preloadTextResources(ZygoteInit.java:252)
06-01 10:06:15.157 E/Hyphenator( 1329): 	at com.android.internal.os.ZygoteInit.preload(ZygoteInit.java:206)
06-01 10:06:15.157 E/Hyphenator( 1329): 	at com.android.internal.os.ZygoteInit.main(ZygoteInit.java:743)
06-01 10:06:15.157 E/Hyphenator( 1329): Caused by: android.system.ErrnoException: open failed: ENOENT (No such file or directory)
06-01 10:06:15.157 E/Hyphenator( 1329): 	at libcore.io.Posix.open(Native Method)
06-01 10:06:15.157 E/Hyphenator( 1329): 	at libcore.io.BlockGuardOs.open(BlockGuardOs.java:187)
06-01 10:06:15.157 E/Hyphenator( 1329): 	at libcore.io.IoBridge.open(IoBridge.java:441)
06-01 10:06:15.157 E/Hyphenator( 1329): 	... 6 more
06-01 10:06:15.159 E/Hyphenator( 1329): error loading hyphenation /system/usr/hyphen-data/hyph-cy.hyb
06-01 10:06:15.159 E/Hyphenator( 1329): java.io.FileNotFoundException: /system/usr/hyphen-data/hyph-cy.hyb: open failed: ENOENT (No such file or directory)
06-01 10:06:15.159 E/Hyphenator( 1329): 	at libcore.io.IoBridge.open(IoBridge.java:455)
06-01 10:06:15.159 E/Hyphenator( 1329): 	at java.io.RandomAccessFile.<init>(RandomAccessFile.java:247)
06-01 10:06:15.159 E/Hyphenator( 1329): 	at android.text.Hyphenator.loadHyphenator(Hyphenator.java:118)
06-01 10:06:15.159 E/Hyphenator( 1329): 	at android.text.Hyphenator.init(Hyphenator.java:224)
06-01 10:06:15.159 E/Hyphenator( 1329): 	at com.android.internal.os.ZygoteInit.preloadTextResources(ZygoteInit.java:252)
06-01 10:06:15.159 E/Hyphenator( 1329): 	at com.android.internal.os.ZygoteInit.preload(ZygoteInit.java:206)
06-01 10:06:15.159 E/Hyphenator( 1329): 	at com.android.internal.os.ZygoteInit.main(ZygoteInit.java:743)
06-01 10:06:15.159 E/Hyphenator( 1329): Caused by: android.system.ErrnoException: open failed: ENOENT (No such file or directory)
06-01 10:06:15.159 E/Hyphenator( 1329): 	at libcore.io.Posix.open(Native Method)
06-01 10:06:15.159 E/Hyphenator( 1329): 	at libcore.io.BlockGuardOs.open(BlockGuardOs.java:187)
06-01 10:06:15.159 E/Hyphenator( 1329): 	at libcore.io.IoBridge.open(IoBridge.java:441)
06-01 10:06:15.159 E/Hyphenator( 1329): 	... 6 more
06-01 10:06:15.252 E/Hyphenator( 1329): error loading hyphenation /system/usr/hyphen-data/hyph-da.hyb
06-01 10:06:15.252 E/Hyphenator( 1329): java.io.FileNotFoundException: /system/usr/hyphen-data/hyph-da.hyb: open failed: ENOENT (No such file or directory)
06-01 10:06:15.252 E/Hyphenator( 1329): 	at libcore.io.IoBridge.open(IoBridge.java:455)
06-01 10:06:15.252 E/Hyphenator( 1329): 	at java.io.RandomAccessFile.<init>(RandomAccessFile.java:247)
06-01 10:06:15.252 E/Hyphenator( 1329): 	at android.text.Hyphenator.loadHyphenator(Hyphenator.java:118)
06-01 10:06:15.252 E/Hyphenator( 1329): 	at android.text.Hyphenator.init(Hyphenator.java:224)
06-01 10:06:15.252 E/Hyphenator( 1329): 	at com.android.internal.os.ZygoteInit.preloadTextResources(ZygoteInit.java:252)
06-01 10:06:15.252 E/Hyphenator( 1329): 	at com.android.internal.os.ZygoteInit.preload(ZygoteInit.java:206)
06-01 10:06:15.252 E/Hyphenator( 1329): 	at com.android.internal.os.ZygoteInit.main(ZygoteInit.java:743)
06-01 10:06:15.252 E/Hyphenator( 1329): Caused by: android.system.ErrnoException: open failed: ENOENT (No such file or directory)
06-01 10:06:15.252 E/Hyphenator( 1329): 	at libcore.io.Posix.open(Native Method)
06-01 10:06:15.252 E/Hyphenator( 1329): 	at libcore.io.BlockGuardOs.open(BlockGuardOs.java:187)
06-01 10:06:15.252 E/Hyphenator( 1329): 	at libcore.io.IoBridge.open(IoBridge.java:441)
06-01 10:06:15.252 E/Hyphenator( 1329): 	... 6 more
06-01 10:06:15.255 E/Hyphenator( 1329): error loading hyphenation /system/usr/hyphen-data/hyph-de-1901.hyb
06-01 10:06:15.255 E/Hyphenator( 1329): java.io.FileNotFoundException: /system/usr/hyphen-data/hyph-de-1901.hyb: open failed: ENOENT (No such file or directory)
06-01 10:06:15.255 E/Hyphenator( 1329): 	at libcore.io.IoBridge.open(IoBridge.java:455)
06-01 10:06:15.255 E/Hyphenator( 1329): 	at java.io.RandomAccessFile.<init>(RandomAccessFile.java:247)
06-01 10:06:15.255 E/Hyphenator( 1329): 	at android.text.Hyphenator.loadHyphenator(Hyphenator.java:118)
06-01 10:06:15.255 E/Hyphenator( 1329): 	at android.text.Hyphenator.init(Hyphenator.java:224)
06-01 10:06:15.255 E/Hyphenator( 1329): 	at com.android.internal.os.ZygoteInit.preloadTextResources(ZygoteInit.java:252)
06-01 10:06:15.255 E/Hyphenator( 1329): 	at com.android.internal.os.ZygoteInit.preload(ZygoteInit.java:206)
06-01 10:06:15.255 E/Hyphenator( 1329): 	at com.android.internal.os.ZygoteInit.main(ZygoteInit.java:743)
06-01 10:06:15.255 E/Hyphenator( 1329): Caused by: android.system.ErrnoException: open failed: ENOENT (No such file or directory)
06-01 10:06:15.255 E/Hyphenator( 1329): 	at libcore.io.Posix.open(Native Method)
06-01 10:06:15.255 E/Hyphenator( 1329): 	at libcore.io.BlockGuardOs.open(BlockGuardOs.java:187)
06-01 10:06:15.255 E/Hyphenator( 1329): 	at libcore.io.IoBridge.open(IoBridge.java:441)
06-01 10:06:15.255 E/Hyphenator( 1329): 	... 6 more
06-01 10:06:15.257 E/Hyphenator( 1329): error loading hyphenation /system/usr/hyphen-data/hyph-de-1996.hyb
06-01 10:06:15.257 E/Hyphenator( 1329): java.io.FileNotFoundException: /system/usr/hyphen-data/hyph-de-1996.hyb: open failed: ENOENT (No such file or directory)
06-01 10:06:15.257 E/Hyphenator( 1329): 	at libcore.io.IoBridge.open(IoBridge.java:455)
06-01 10:06:15.257 E/Hyphenator( 1329): 	at java.io.RandomAccessFile.<init>(RandomAccessFile.java:247)
06-01 10:06:15.257 E/Hyphenator( 1329): 	at android.text.Hyphenator.loadHyphenator(Hyphenator.java:118)
06-01 10:06:15.257 E/Hyphenator( 1329): 	at android.text.Hyphenator.init(Hyphenator.java:224)
06-01 10:06:15.257 E/Hyphenator( 1329): 	at com.android.internal.os.ZygoteInit.preloadTextResources(ZygoteInit.java:252)
06-01 10:06:15.257 E/Hyphenator( 1329): 	at com.android.internal.os.ZygoteInit.preload(ZygoteInit.java:206)
06-01 10:06:15.257 E/Hyphenator( 1329): 	at com.android.internal.os.ZygoteInit.main(ZygoteInit.java:743)
06-01 10:06:15.257 E/Hyphenator( 1329): Caused by: android.system.ErrnoException: open failed: ENOENT (No such file or directory)
06-01 10:06:15.257 E/Hyphenator( 1329): 	at libcore.io.Posix.open(Native Method)
06-01 10:06:15.257 E/Hyphenator( 1329): 	at libcore.io.BlockGuardOs.open(BlockGuardOs.java:187)
06-01 10:06:15.257 E/Hyphenator( 1329): 	at libcore.io.IoBridge.open(IoBridge.java:441)
06-01 10:06:15.257 E/Hyphenator( 1329): 	... 6 more
06-01 10:06:15.259 E/Hyphenator( 1329): error loading hyphenation /system/usr/hyphen-data/hyph-de-ch-1901.hyb
06-01 10:06:15.259 E/Hyphenator( 1329): java.io.FileNotFoundException: /system/usr/hyphen-data/hyph-de-ch-1901.hyb: open failed: ENOENT (No such file or directory)
06-01 10:06:15.259 E/Hyphenator( 1329): 	at libcore.io.IoBridge.open(IoBridge.java:455)
06-01 10:06:15.259 E/Hyphenator( 1329): 	at java.io.RandomAccessFile.<init>(RandomAccessFile.java:247)
06-01 10:06:15.259 E/Hyphenator( 1329): 	at android.text.Hyphenator.loadHyphenator(Hyphenator.java:118)
06-01 10:06:15.259 E/Hyphenator( 1329): 	at android.text.Hyphenator.init(Hyphenator.java:224)
06-01 10:06:15.259 E/Hyphenator( 1329): 	at com.android.internal.os.ZygoteInit.preloadTextResources(ZygoteInit.java:252)
06-01 10:06:15.259 E/Hyphenator( 1329): 	at com.android.internal.os.ZygoteInit.preload(ZygoteInit.java:206)
06-01 10:06:15.259 E/Hyphenator( 1329): 	at com.android.internal.os.ZygoteInit.main(ZygoteInit.java:743)
06-01 10:06:15.259 E/Hyphenator( 1329): Caused by: android.system.ErrnoException: open failed: ENOENT (No such file or directory)
06-01 10:06:15.259 E/Hyphenator( 1329): 	at libcore.io.Posix.open(Native Method)
06-01 10:06:15.259 E/Hyphenator( 1329): 	at libcore.io.BlockGuardOs.open(BlockGuardOs.java:187)
06-01 10:06:15.259 E/Hyphenator( 1329): 	at libcore.io.IoBridge.open(IoBridge.java:441)
06-01 10:06:15.259 E/Hyphenator( 1329): 	... 6 more
06-01 10:06:15.332 E/Hyphenator( 1329): error loading hyphenation /system/usr/hyphen-data/hyph-en-gb.hyb
06-01 10:06:15.332 E/Hyphenator( 1329): java.io.FileNotFoundException: /system/usr/hyphen-data/hyph-en-gb.hyb: open failed: ENOENT (No such file or directory)
