05-30 04:27:53.212 W/art     ( 1887): Long monitor contention with owner Binder:1887_9 (2717) at void com.android.server.am.BroadcastQueue.processNextBroadcast(boolean)(BroadcastQueue.java:760) waiters=0 in void com.android.server.am.ActivityManagerService.dispatchUidsChanged() for 115ms
05-30 04:27:53.315 W/art     ( 2735): Unexpected CPU variant for X86 using defaults: x86_64
05-30 04:27:53.378 W/ActivityManager( 1887): Launch timeout has expired, giving up wake lock!
05-30 04:27:54.010 V/SystemUIService( 2712): Starting SystemUI services for user 0.
05-30 04:27:54.109 I/LatinIME( 2163): Timeout waiting for dictionary load
05-30 04:27:54.204 I/Choreographer( 2648): Skipped 38 frames!  The application may be doing too much work on its main thread.
05-30 04:27:54.274 D/gralloc_ranchu( 2648): Emulator without host-side GPU emulation detected. Loading gralloc.default.so from /vendor/lib64/hw/gralloc.goldfish.default.so...
05-30 04:27:54.282 D/gralloc_ranchu( 2648): gralloc.default.so not found in /vendor. Trying /system/lib64/hw/gralloc.goldfish.default.so...
05-30 04:27:54.425 V/MediaRouter( 2712): Adding route: RouteInfo{ name=Phone, description=null, status=null, category=RouteCategory{ name=null types=ROUTE_TYPE_LIVE_AUDIO ROUTE_TYPE_LIVE_VIDEO  groupable=false }, supportedTypes=ROUTE_TYPE_LIVE_AUDIO ROUTE_TYPE_LIVE_VIDEO , presentationDisplay=null }
05-30 04:27:54.503 V/MediaRouter( 2712): Updating audio routes: AudioRoutesInfo{ type=SPEAKER }
05-30 04:27:54.636 V/MediaRouter( 2712): Selecting route: RouteInfo{ name=Phone, description=null, status=null, category=RouteCategory{ name=null types=ROUTE_TYPE_LIVE_AUDIO ROUTE_TYPE_LIVE_VIDEO  groupable=false }, supportedTypes=ROUTE_TYPE_LIVE_AUDIO ROUTE_TYPE_LIVE_VIDEO , presentationDisplay=null }
05-30 04:27:54.750 I/ActivityManager( 1887): Displayed com.android.launcher3/.Launcher: +10s785ms
05-30 04:27:54.834 W/libprocessgroup( 1887): failed to open /acct/uid_10021/pid_2571/cgroup.procs: No such file or directory
05-30 04:27:54.941 W/art     ( 1887): Long monitor contention with owner Binder:1887_9 (2717) at void com.android.server.am.BroadcastQueue.processNextBroadcast(boolean)(BroadcastQueue.java:760) waiters=1 in int com.android.server.am.ActivityManagerService.getAppStartMode(int, java.lang.String) for 1.798s
05-30 04:27:54.977 W/art     ( 1887): Long monitor contention with owner backup (2626) at int com.android.server.am.ActivityManagerService.getAppStartMode(int, java.lang.String)(ActivityManagerService.java:7896) waiters=0 in void com.android.server.job.JobSchedulerService.updateUidState(int, int) for 1.758s
05-30 04:27:55.065 V/GridSizeMigrationTask( 2648): Workspace migration completed in 1076
05-30 04:27:55.199 D/Launcher.Model( 2648): loadWorkspace: loading default favorites
05-30 04:27:55.717 W/System  ( 2735): ClassLoader referenced unknown path: /system/app/DeskClock/lib/x86_64
05-30 04:27:55.759 W/art     ( 1887): Long monitor contention with owner backup (2626) at boolean android.os.MessageQueue.enqueueMessage(android.os.Message, long)(MessageQueue.java:541) waiters=0 in android.os.Message android.os.MessageQueue.next() for 741ms
05-30 04:27:55.785 W/art     ( 1887): Long monitor contention with owner backup (2626) at boolean android.os.MessageQueue.enqueueMessage(android.os.Message, long)(MessageQueue.java:541) waiters=1 in boolean android.os.MessageQueue.enqueueMessage(android.os.Message, long) for 434ms
05-30 04:27:55.786 W/art     ( 1887): Long monitor contention with owner backup (2626) at boolean android.os.MessageQueue.enqueueMessage(android.os.Message, long)(MessageQueue.java:541) waiters=2 in boolean android.os.MessageQueue.enqueueMessage(android.os.Message, long) for 309ms
05-30 04:27:55.801 D/TrustManagerService( 1887): Removing dead TrustListener.
05-30 04:27:56.156 E/WVMExtractor( 2712): Failed to open libwvm.so: dlopen failed: library "libwvm.so" not found
05-30 04:27:56.462 I/MediaPlayerService( 1340): MediaPlayerService::getOMX
05-30 04:27:56.491 I/OMXClient( 2712): MuxOMX ctor
05-30 04:27:56.534 I/OMXMaster( 1337): makeComponentInstance(OMX.google.vorbis.decoder) in mediacodec process
05-30 04:27:58.324 I/MediaPlayerService( 1340): MediaPlayerService::getOMX
05-30 04:27:58.326 I/OMXClient( 2712): MuxOMX ctor
05-30 04:27:58.361 I/OMXMaster( 1337): makeComponentInstance(OMX.google.vorbis.decoder) in mediacodec process
05-30 04:27:59.329 I/vol.Events( 2712): writeEvent collection_started
05-30 04:27:59.381 I/vol.Events( 2712): writeEvent external_ringer_mode_changed normal
05-30 04:27:59.382 I/vol.Events( 2712): writeEvent internal_ringer_mode_changed normal
05-30 04:28:00.097 I/MediaPlayerService( 1340): MediaPlayerService::getOMX
05-30 04:28:00.106 I/OMXClient( 2712): MuxOMX ctor
05-30 04:28:00.142 I/OMXMaster( 1337): makeComponentInstance(OMX.google.vorbis.decoder) in mediacodec process
05-30 04:28:00.945 I/art     ( 2648): Background sticky concurrent mark sweep GC freed 19765(1925KB) AllocSpace objects, 9(204KB) LOS objects, 21% free, 7MB/10MB, paused 1.833ms total 301.991ms
05-30 04:28:01.521 I/vol.Events( 2712): writeEvent level_changed STREAM_ALARM 6
05-30 04:28:01.585 I/vol.Events( 2712): writeEvent level_changed STREAM_BLUETOOTH_SCO 7
05-30 04:28:01.630 I/vol.Events( 2712): writeEvent level_changed STREAM_MUSIC 11
05-30 04:28:01.689 I/vol.Events( 2712): writeEvent level_changed STREAM_RING 5
05-30 04:28:01.701 I/vol.Events( 2712): writeEvent level_changed STREAM_SYSTEM 5
05-30 04:28:01.755 I/vol.Events( 2712): writeEvent level_changed STREAM_VOICE_CALL 4
05-30 04:27:56.715 W/ifconfig( 2760): type=1400 audit(0.0:13): avc: denied { ioctl } for path="socket:[14799]" dev="sockfs" ino=14799 ioctlcmd=8927 scontext=u:r:shell:s0 tcontext=u:r:shell:s0 tclass=udp_socket permissive=0
05-30 04:27:56.755 W/ifconfig( 2760): type=1400 audit(0.0:14): avc: denied { ioctl } for path="socket:[14799]" dev="sockfs" ino=14799 ioctlcmd=891d scontext=u:r:shell:s0 tcontext=u:r:shell:s0 tclass=udp_socket permissive=0
05-30 04:28:01.851 D/StorageNotification( 2712): Notifying about private volume: VolumeInfo{private}:
05-30 04:28:01.851 D/StorageNotification( 2712):     type=PRIVATE diskId=null partGuid=null mountFlags=0 mountUserId=-1 
05-30 04:28:01.851 D/StorageNotification( 2712):     state=MOUNTED 
05-30 04:28:01.851 D/StorageNotification( 2712):     fsType=null fsUuid=null fsLabel=null 
05-30 04:28:01.851 D/StorageNotification( 2712):     path=/data internalPath=null 
05-30 04:28:01.882 I/BackupManagerService( 1887): Found stale backup journal, scheduling
05-30 04:27:56.755 W/ifconfig( 2760): type=1400 audit(0.0:15): avc: denied { ioctl } for path="socket:[14799]" dev="sockfs" ino=14799 ioctlcmd=8970 scontext=u:r:shell:s0 tcontext=u:r:shell:s0 tclass=udp_socket permissive=0
05-30 04:28:02.139 V/KeyguardServiceDelegate( 1887): *** Keyguard connected (yay!)
05-30 04:28:02.296 I/Choreographer( 2712): Skipped 36 frames!  The application may be doing too much work on its main thread.
05-30 04:28:02.355 D/LockSettings( 1887): Removing dead StrongAuthTracker.
05-30 04:28:02.356 D/LockSettings( 1887): Removing dead StrongAuthTracker.
05-30 04:28:02.574 W/art     ( 1887): Long monitor contention with owner Binder:1887_1 (1908) at void com.android.server.wm.WindowManagerService.setInsetsWindow(com.android.server.wm.Session, android.view.IWindow, int, android.graphics.Rect, android.graphics.Rect, android.graphics.Region)(WindowManagerService.java:2719) waiters=1 in void com.android.server.wm.WindowManagerService.setDockedStackDividerTouchRegion(android.graphics.Rect) for 150ms
05-30 04:28:02.857 I/AlarmClock( 2735): AlarmInitReceiver android.intent.action.TIME_SET
05-30 04:28:02.859 I/SyncManager( 1887): Got SyncJobService instance.
05-30 04:28:03.049 I/StatusBarManagerService( 1887): registerStatusBar bar=com.android.internal.statusbar.IStatusBar$Stub$Proxy@c68289b
05-30 04:28:03.099 I/FusedLocation( 1887): engine started (com.android.location.fused)
05-30 04:28:03.643 D/WIFI    ( 1887): Registering NetworkFactory
05-30 04:28:03.659 D/ConnectivityService( 1887): Got NetworkFactory Messenger for WIFI
05-30 04:28:03.661 D/WIFI_UT ( 1887): Registering NetworkFactory
05-30 04:28:03.664 D/WIFI    ( 1887): got request NetworkRequest [ REQUEST id=1, [ Capabilities: INTERNET&NOT_RESTRICTED&TRUSTED&NOT_VPN] ] with score 0
05-30 04:28:03.664 D/ConnectivityService( 1887): Got NetworkFactory Messenger for WIFI_UT
05-30 04:28:03.682 D/WIFI_UT ( 1887): got request NetworkRequest [ REQUEST id=1, [ Capabilities: INTERNET&NOT_RESTRICTED&TRUSTED&NOT_VPN] ] with score 0
05-30 04:28:03.700 I/AlarmClock( 2735): AlarmInitReceiver android.intent.action.LOCKED_BOOT_COMPLETED
05-30 04:28:04.236 V/AlarmClock( 2735): AlarmInitReceiver finished
05-30 04:28:04.636 E/NetdConnector( 1887): NDC Command {18 firewall disable_chain standby} took too long (1314ms)
05-30 04:28:04.912 D/AlarmClock/Events( 2735): [Stopwatch] [Reset] [Reboot]
05-30 04:28:04.980 W/ActivityManager( 1887): Slow operation: 148ms so far, now at startProcess: returned from zygote!
05-30 04:28:04.981 W/ActivityManager( 1887): Slow operation: 149ms so far, now at startProcess: done updating battery stats
05-30 04:28:04.982 W/ActivityManager( 1887): Slow operation: 151ms so far, now at startProcess: building log message
05-30 04:28:04.982 I/ActivityManager( 1887): Start proc 2794:com.android.printspooler/u0a51 for service com.android.printspooler/.model.PrintSpoolerService
05-30 04:28:04.983 W/ActivityManager( 1887): Slow operation: 151ms so far, now at startProcess: starting to update pids map
05-30 04:28:04.983 W/ActivityManager( 1887): Slow operation: 151ms so far, now at startProcess: done updating pids map
05-30 04:28:04.983 W/ActivityManager( 1887): Slow operation: 166ms so far, now at startProcess: done starting proc!
05-30 04:28:05.049 W/art     ( 2794): Unexpected CPU variant for X86 using defaults: x86_64
05-30 04:28:05.066 W/art     ( 1887): Long monitor contention with owner android.bg (1937) at int com.android.server.am.ActivityManagerService.bindService(android.app.IApplicationThread, android.os.IBinder, android.content.Intent, java.lang.String, android.app.IServiceConnection, int, java.lang.String, int)(ActivityManagerService.java:17301) waiters=1 in android.content.pm.UserInfo com.android.server.am.UserController.getCurrentUser() for 199ms
05-30 04:28:05.460 W/ActivityManager( 1887): Slow operation: 58ms so far, now at startProcess: returned from zygote!
05-30 04:28:05.460 W/ActivityManager( 1887): Slow operation: 58ms so far, now at startProcess: done updating battery stats
05-30 04:28:05.469 V/AlarmClock( 2735): AlarmInitReceiver finished
05-30 04:28:05.489 W/ActivityManager( 1887): Slow operation: 86ms so far, now at startProcess: building log message
05-30 04:28:05.489 I/ActivityManager( 1887): Start proc 2809:android.process.media/u0a10 for broadcast com.android.providers.downloads/.DownloadReceiver
05-30 04:28:05.489 W/ActivityManager( 1887): Slow operation: 87ms so far, now at startProcess: starting to update pids map
05-30 04:28:05.489 W/ActivityManager( 1887): Slow operation: 87ms so far, now at startProcess: done updating pids map
05-30 04:28:05.489 W/ActivityManager( 1887): Slow operation: 87ms so far, now at startProcess: done starting proc!
05-30 04:28:05.573 W/art     ( 2809): Unexpected CPU variant for X86 using defaults: x86_64
05-30 04:28:06.113 E/NetdConnector( 1887): NDC Command {19 bandwidth addniceapps 10010} took too long (599ms)
05-30 04:28:06.124 W/art     ( 1887): Long monitor contention with owner android.ui (1939) at void com.android.server.NetworkManagementService.setUidOnMeteredNetworkList(android.util.SparseBooleanArray, int, boolean, boolean)(NetworkManagementService.java:1811) waiters=0 in void com.android.server.NetworkManagementService.setUidCleartextNetworkPolicy(int, int) for 420ms
05-30 04:28:06.465 W/System  ( 2809): ClassLoader referenced unknown path: /system/priv-app/DownloadProvider/lib/x86_64
05-30 04:28:06.706 W/System  ( 2809): ClassLoader referenced unknown path: /system/priv-app/MediaProvider/lib/x86_64
05-30 04:28:06.950 I/art     ( 2712): Background sticky concurrent mark sweep GC freed 15981(2MB) AllocSpace objects, 2(40KB) LOS objects, 28% free, 7MB/10MB, paused 13.579ms total 245.432ms
05-30 04:28:07.242 D/ApplicationLoaders( 2809): ignored Vulkan layer search path /system/priv-app/MediaProvider/lib/x86_64:/system/priv-app/MediaProvider/MediaProvider.apk!/lib/x86_64:/system/lib64:/vendor/lib64 for namespace 0x7a7ddf88e0f0
05-30 04:28:07.249 I/art     ( 1887): Background partial concurrent mark sweep GC freed 31729(2MB) AllocSpace objects, 12(740KB) LOS objects, 28% free, 9MB/13MB, paused 2.377ms total 381.238ms
05-30 04:28:07.726 W/System  ( 2712): ClassLoader referenced unknown path: 
05-30 04:28:07.727 W/System  ( 2712): ClassLoader referenced unknown path: /system/priv-app/Dialer/lib/x86_64
05-30 04:28:07.743 D/ApplicationLoaders( 2712): ignored Vulkan layer search path /system/priv-app/Dialer/lib/x86_64:/system/lib64:/vendor/lib64 for namespace 0x7a7ddf9f10f0
05-30 04:28:08.132 E/BluetoothAdapter( 2712): Bluetooth binder is null
05-30 04:28:08.260 I/CameraManagerGlobal( 2712): Connecting to camera service
05-30 04:28:08.355 V/EmulatedCamera_Camera( 1332): getCameraInfo
05-30 04:28:08.357 V/EmulatedCamera_BaseCamera( 1332): getCameraInfo
05-30 04:28:08.358 I/CameraService( 1332): getCameraCharacteristics: Switching to HAL1 shim implementation...
05-30 04:28:08.358 V/EmulatedCamera_Camera( 1332): getCameraInfo
05-30 04:28:08.358 V/EmulatedCamera_BaseCamera( 1332): getCameraInfo
05-30 04:28:08.372 I/CameraService( 1332): CameraService::connect call (PID -1 "cameraserver", camera ID 0) for HAL version default and Camera API version 1
05-30 04:28:08.385 E/CameraService( 1332): getCameraPriorityFromProcState: Received invalid process state -1 from ActivityManagerService!
05-30 04:28:08.386 V/EmulatedCamera_Camera( 1332): getCameraInfo
05-30 04:28:08.386 V/EmulatedCamera_BaseCamera( 1332): getCameraInfo
05-30 04:28:08.547 E/WVMExtractor( 1340): Failed to open libwvm.so: dlopen failed: library "libwvm.so" not found
05-30 04:28:08.790 D/NuPlayerDriver( 1340): notifyListener_l(0xe8929140), (1, 0, 0), loop setting(0, 0)
05-30 04:28:08.870 D/NuPlayerDriver( 1340): notifyListener_l(0xe710c480), (1, 0, 0), loop setting(0, 0)
05-30 04:28:09.054 D/NuPlayerDriver( 1340): notifyListener_l(0xe8929200), (1, 0, 0), loop setting(0, 0)
05-30 04:28:09.076 I/CameraFlashlight( 1332): Opening camera 0
05-30 04:28:09.076 V/EmulatedCamera_Camera( 1332): getCameraInfo
05-30 04:28:09.076 V/EmulatedCamera_BaseCamera( 1332): getCameraInfo
05-30 04:28:09.076 V/EmulatedCamera_Camera( 1332): connectCamera
05-30 04:28:09.076 V/EmulatedCamera_FakeDevice( 1332): connectDevice
05-30 04:28:09.077 V/EmulatedCamera_CallbackNotifier( 1332): setCallbacks: 0xf3124e80, 0xf3124ed0, 0xf3124ff0, 0xf3125110 (0xf2e43320)
05-30 04:28:09.077 V/EmulatedCamera_CallbackNotifier( 1332): enableMessage: msg_type = 0xc0d
05-30 04:28:09.077 V/EmulatedCamera_CallbackNotifier( 1332):     CAMERA_MSG_ERROR
05-30 04:28:09.077 V/EmulatedCamera_CallbackNotifier( 1332):     CAMERA_MSG_FOCUS
05-30 04:28:09.077 V/EmulatedCamera_CallbackNotifier( 1332):     CAMERA_MSG_ZOOM
05-30 04:28:09.077 V/EmulatedCamera_CallbackNotifier( 1332):     CAMERA_MSG_PREVIEW_METADATA
05-30 04:28:09.078 V/EmulatedCamera_CallbackNotifier( 1332): **** Currently enabled messages:
05-30 04:28:09.078 V/EmulatedCamera_CallbackNotifier( 1332):     CAMERA_MSG_ERROR
05-30 04:28:09.078 V/EmulatedCamera_CallbackNotifier( 1332):     CAMERA_MSG_FOCUS
05-30 04:28:09.078 V/EmulatedCamera_CallbackNotifier( 1332):     CAMERA_MSG_ZOOM
05-30 04:28:09.078 V/EmulatedCamera_CallbackNotifier( 1332):     CAMERA_MSG_PREVIEW_METADATA
05-30 04:28:09.094 V/EmulatedCamera_CallbackNotifier( 1332): disableMessage: msg_type = 0xffff
05-30 04:28:09.094 V/EmulatedCamera_CallbackNotifier( 1332):     CAMERA_MSG_ERROR
05-30 04:28:09.094 V/EmulatedCamera_CallbackNotifier( 1332):     CAMERA_MSG_SHUTTER
05-30 04:28:09.094 V/EmulatedCamera_CallbackNotifier( 1332):     CAMERA_MSG_FOCUS
05-30 04:28:09.094 V/EmulatedCamera_CallbackNotifier( 1332):     CAMERA_MSG_ZOOM
05-30 04:28:09.095 V/EmulatedCamera_CallbackNotifier( 1332):     CAMERA_MSG_PREVIEW_FRAME
05-30 04:28:09.095 V/EmulatedCamera_CallbackNotifier( 1332):     CAMERA_MSG_VIDEO_FRAME
05-30 04:28:09.095 V/EmulatedCamera_CallbackNotifier( 1332):     CAMERA_MSG_POSTVIEW_FRAME
05-30 04:28:09.095 V/EmulatedCamera_CallbackNotifier( 1332):     CAMERA_MSG_RAW_IMAGE
05-30 04:28:09.095 V/EmulatedCamera_CallbackNotifier( 1332):     CAMERA_MSG_COMPRESSED_IMAGE
05-30 04:28:09.095 V/EmulatedCamera_CallbackNotifier( 1332):     CAMERA_MSG_RAW_IMAGE_NOTIFY
05-30 04:28:09.095 V/EmulatedCamera_CallbackNotifier( 1332):     CAMERA_MSG_PREVIEW_METADATA
05-30 04:28:09.095 V/EmulatedCamera_CallbackNotifier( 1332): **** Currently enabled messages:
05-30 04:28:09.095 V/EmulatedCamera_Preview( 1332): setPreviewWindow: current: 0x0 -> new: 0x0
05-30 04:28:09.095 V/EmulatedCamera_Camera( 1332): doStopPreview
05-30 04:28:09.098 V/EmulatedCamera_Camera( 1332): cancelPicture
05-30 04:28:09.098 V/EmulatedCamera_Camera( 1332): releaseCamera
05-30 04:28:09.098 V/EmulatedCamera_Camera( 1332): doStopPreview
05-30 04:28:09.098 V/EmulatedCamera_FakeDevice( 1332): disconnectDevice
05-30 04:28:09.115 D/MediaScannerReceiver( 2809): action: android.intent.action.MEDIA_MOUNTED path: /storage/emulated/0
05-30 04:28:09.118 W/EmulatedCamera_Device( 1332): Initialize: Emulated camera device is already initialized: mState = 1
05-30 04:28:09.119 D/EmulatedCamera_FakeCamera( 1332): Initialize: Fake camera is facing back
05-30 04:28:09.129 V/EmulatedCamera_Device( 1332): initializeWhiteBalanceModes with auto, 1.000000, 1.000000
05-30 04:28:09.130 V/EmulatedCamera_Device( 1332): initializeWhiteBalanceModes with incandescent, 1.380000, 0.600000
05-30 04:28:09.130 V/EmulatedCamera_Device( 1332): initializeWhiteBalanceModes with daylight, 1.090000, 0.920000
05-30 04:28:09.130 V/EmulatedCamera_Device( 1332): initializeWhiteBalanceModes with twilight, 0.920000, 1.220000
05-30 04:28:09.130 V/EmulatedCamera_Device( 1332): setWhiteBalanceMode with white balance auto
05-30 04:28:09.131 I/CameraFlashlight( 1332): Destroying camera 0
05-30 04:28:09.131 V/EmulatedCamera_Camera( 1332): closeCamera
05-30 04:28:09.131 V/EmulatedCamera_Camera( 1332): doStopPreview
05-30 04:28:09.131 W/EmulatedCamera_Device( 1332): Initialize: Emulated camera device is already initialized: mState = 1
05-30 04:28:09.131 D/EmulatedCamera_FakeCamera( 1332): Initialize: Fake camera is facing back
05-30 04:28:09.132 V/EmulatedCamera_Device( 1332): initializeWhiteBalanceModes with auto, 1.000000, 1.000000
05-30 04:28:09.132 V/EmulatedCamera_Device( 1332): initializeWhiteBalanceModes with incandescent, 1.380000, 0.600000
05-30 04:28:09.132 V/EmulatedCamera_Device( 1332): initializeWhiteBalanceModes with daylight, 1.090000, 0.920000
05-30 04:28:09.132 V/EmulatedCamera_Device( 1332): initializeWhiteBalanceModes with twilight, 0.920000, 1.220000
05-30 04:28:09.132 V/EmulatedCamera_Device( 1332): setWhiteBalanceMode with white balance auto
05-30 04:28:09.155 I/CameraService( 1332): disconnect: Disconnected client for camera 0 for PID 1332
05-30 04:28:09.157 D/NuPlayerDriver( 1340): reset(0xe8929140) at state 4
05-30 04:28:09.157 D/NuPlayerDriver( 1340): notifyListener_l(0xe8929140), (8, 0, 0), loop setting(0, 0)
05-30 04:28:09.170 D/NuPlayerDriver( 1340): notifyResetComplete(0xe8929140)
05-30 04:28:09.211 D/NuPlayerDriver( 1340): reset(0xe710c480) at state 4
05-30 04:28:09.211 D/NuPlayerDriver( 1340): notifyListener_l(0xe710c480), (8, 0, 0), loop setting(0, 0)
05-30 04:28:09.221 D/NuPlayerDriver( 1340): notifyResetComplete(0xe710c480)
05-30 04:28:09.243 D/NuPlayerDriver( 1340): reset(0xe8929200) at state 4
05-30 04:28:09.244 D/NuPlayerDriver( 1340): notifyListener_l(0xe8929200), (8, 0, 0), loop setting(0, 0)
05-30 04:28:09.262 D/NuPlayerDriver( 1340): notifyResetComplete(0xe8929200)
05-30 04:28:09.285 V/EmulatedCamera_Camera( 1332): getCameraInfo
05-30 04:28:09.285 V/EmulatedCamera_BaseCamera( 1332): getCameraInfo
05-30 04:28:09.300 V/EmulatedCamera_Camera( 1332): getCameraInfo
05-30 04:28:09.300 V/EmulatedCamera_BaseCamera( 1332): getCameraInfo
05-30 04:28:09.471 W/Binder  ( 2712): Binder call failed.
05-30 04:28:09.471 W/Binder  ( 2712): android.os.DeadObjectException
05-30 04:28:09.471 W/Binder  ( 2712): 	at android.os.BinderProxy.transactNative(Native Method)
05-30 04:28:09.471 W/Binder  ( 2712): 	at android.os.BinderProxy.transact(Binder.java:615)
05-30 04:28:09.471 W/Binder  ( 2712): 	at android.content.IIntentReceiver$Stub$Proxy.performReceive(IIntentReceiver.java:124)
05-30 04:28:09.471 W/Binder  ( 2712): 	at android.app.ActivityThread$ApplicationThread.scheduleRegisteredReceiver(ActivityThread.java:946)
05-30 04:28:09.471 W/Binder  ( 2712): 	at android.app.ApplicationThreadNative.onTransact(ApplicationThreadNative.java:404)
05-30 04:28:09.471 W/Binder  ( 2712): 	at android.os.Binder.execTransact(Binder.java:565)
05-30 04:28:09.549 I/StatusBar( 2712): isKeyguardShowing() called before startKeyguard(), returning true
05-30 04:28:09.555 W/StatusBar( 2712): isKeyguardSecure() called before startKeyguard(), returning false
05-30 04:28:09.555 W/StatusBar( 2712): java.lang.Throwable
05-30 04:28:09.555 W/StatusBar( 2712): 	at com.android.systemui.statusbar.BaseStatusBar.isKeyguardSecure(BaseStatusBar.java:2647)
05-30 04:28:09.555 W/StatusBar( 2712): 	at com.android.systemui.statusbar.BaseStatusBar.isCameraAllowedByAdmin(BaseStatusBar.java:2670)
05-30 04:28:09.555 W/StatusBar( 2712): 	at com.android.systemui.statusbar.phone.KeyguardBottomAreaView.updateCameraVisibility(KeyguardBottomAreaView.java:309)
05-30 04:28:09.555 W/StatusBar( 2712): 	at com.android.systemui.statusbar.phone.KeyguardBottomAreaView.setPhoneStatusBar(KeyguardBottomAreaView.java:272)
05-30 04:28:09.555 W/StatusBar( 2712): 	at com.android.systemui.statusbar.phone.PhoneStatusBar.makeStatusBarView(PhoneStatusBar.java:904)
05-30 04:28:09.555 W/StatusBar( 2712): 	at com.android.systemui.statusbar.phone.PhoneStatusBar.addStatusBarWindow(PhoneStatusBar.java:3432)
05-30 04:28:09.555 W/StatusBar( 2712): 	at com.android.systemui.statusbar.phone.PhoneStatusBar.createAndAddWindows(PhoneStatusBar.java:3428)
05-30 04:28:09.555 W/StatusBar( 2712): 	at com.android.systemui.statusbar.BaseStatusBar.start(BaseStatusBar.java:765)
05-30 04:28:09.555 W/StatusBar( 2712): 	at com.android.systemui.statusbar.phone.PhoneStatusBar.start(PhoneStatusBar.java:686)
05-30 04:28:09.555 W/StatusBar( 2712): 	at com.android.systemui.statusbar.SystemBars.createStatusBarFromConfig(SystemBars.java:106)
05-30 04:28:09.555 W/StatusBar( 2712): 	at com.android.systemui.statusbar.SystemBars.onNoService(SystemBars.java:58)
05-30 04:28:09.555 W/StatusBar( 2712): 	at com.android.systemui.statusbar.ServiceMonitor.startService(ServiceMonitor.java:230)
05-30 04:28:09.555 W/StatusBar( 2712): 	at com.android.systemui.statusbar.ServiceMonitor.-wrap5(ServiceMonitor.java)
05-30 04:28:09.555 W/StatusBar( 2712): 	at com.android.systemui.statusbar.ServiceMonitor$1.handleMessage(ServiceMonitor.java:73)
05-30 04:28:09.555 W/StatusBar( 2712): 	at android.os.Handler.dispatchMessage(Handler.java:102)
05-30 04:28:09.555 W/StatusBar( 2712): 	at android.os.Looper.loop(Looper.java:154)
05-30 04:28:09.555 W/StatusBar( 2712): 	at android.app.ActivityThread.main(ActivityThread.java:6119)
05-30 04:28:09.555 W/StatusBar( 2712): 	at java.lang.reflect.Method.invoke(Native Method)
05-30 04:28:09.555 W/StatusBar( 2712): 	at com.android.internal.os.ZygoteInit$MethodAndArgsCaller.run(ZygoteInit.java:886)
05-30 04:28:09.555 W/StatusBar( 2712): 	at com.android.internal.os.ZygoteInit.main(ZygoteInit.java:776)
05-30 04:28:09.565 I/StatusBar( 2712): isKeyguardShowing() called before startKeyguard(), returning true
05-30 04:28:09.567 W/StatusBar( 2712): isKeyguardSecure() called before startKeyguard(), returning false
05-30 04:28:09.567 W/StatusBar( 2712): java.lang.Throwable
05-30 04:28:09.567 W/StatusBar( 2712): 	at com.android.systemui.statusbar.BaseStatusBar.isKeyguardSecure(BaseStatusBar.java:2647)
05-30 04:28:09.567 W/StatusBar( 2712): 	at com.android.systemui.statusbar.BaseStatusBar.isCameraAllowedByAdmin(BaseStatusBar.java:2670)
05-30 04:28:09.567 W/StatusBar( 2712): 	at com.android.systemui.statusbar.phone.KeyguardBottomAreaView.updateCameraVisibility(KeyguardBottomAreaView.java:309)
05-30 04:28:09.567 W/StatusBar( 2712): 	at com.android.systemui.statusbar.phone.KeyguardBottomAreaView.setUserSetupComplete(KeyguardBottomAreaView.java:281)
05-30 04:28:09.567 W/StatusBar( 2712): 	at com.android.systemui.statusbar.phone.PhoneStatusBar.makeStatusBarView(PhoneStatusBar.java:905)
05-30 04:28:09.567 W/StatusBar( 2712): 	at com.android.systemui.statusbar.phone.PhoneStatusBar.addStatusBarWindow(PhoneStatusBar.java:3432)
05-30 04:28:09.567 W/StatusBar( 2712): 	at com.android.systemui.statusbar.phone.PhoneStatusBar.createAndAddWindows(PhoneStatusBar.java:3428)
05-30 04:28:09.567 W/StatusBar( 2712): 	at com.android.systemui.statusbar.BaseStatusBar.start(BaseStatusBar.java:765)
05-30 04:28:09.567 W/StatusBar( 2712): 	at com.android.systemui.statusbar.phone.PhoneStatusBar.start(PhoneStatusBar.java:686)
05-30 04:28:09.567 W/StatusBar( 2712): 	at com.android.systemui.statusbar.SystemBars.createStatusBarFromConfig(SystemBars.java:106)
05-30 04:28:09.567 W/StatusBar( 2712): 	at com.android.systemui.statusbar.SystemBars.onNoService(SystemBars.java:58)
05-30 04:28:09.567 W/StatusBar( 2712): 	at com.android.systemui.statusbar.ServiceMonitor.startService(ServiceMonitor.java:230)
05-30 04:28:09.567 W/StatusBar( 2712): 	at com.android.systemui.statusbar.ServiceMonitor.-wrap5(ServiceMonitor.java)
05-30 04:28:09.567 W/StatusBar( 2712): 	at com.android.systemui.statusbar.ServiceMonitor$1.handleMessage(ServiceMonitor.java:73)
05-30 04:28:09.567 W/StatusBar( 2712): 	at android.os.Handler.dispatchMessage(Handler.java:102)
05-30 04:28:09.567 W/StatusBar( 2712): 	at android.os.Looper.loop(Looper.java:154)
05-30 04:28:09.567 W/StatusBar( 2712): 	at android.app.ActivityThread.main(ActivityThread.java:6119)
05-30 04:28:09.567 W/StatusBar( 2712): 	at java.lang.reflect.Method.invoke(Native Method)
05-30 04:28:09.567 W/StatusBar( 2712): 	at com.android.internal.os.ZygoteInit$MethodAndArgsCaller.run(ZygoteInit.java:886)
05-30 04:28:09.567 W/StatusBar( 2712): 	at com.android.internal.os.ZygoteInit.main(ZygoteInit.java:776)
05-30 04:28:09.897 V/EmulatedCamera_Camera( 1332): getCameraInfo
05-30 04:28:09.898 V/EmulatedCamera_BaseCamera( 1332): getCameraInfo
05-30 04:28:09.902 V/EmulatedCamera_Camera( 1332): getCameraInfo
05-30 04:28:09.902 V/EmulatedCamera_BaseCamera( 1332): getCameraInfo
05-30 04:28:10.325 I/StatusBar( 2712): isKeyguardShowing() called before startKeyguard(), returning true
05-30 04:28:10.327 W/StatusBar( 2712): isKeyguardSecure() called before startKeyguard(), returning false
05-30 04:28:10.327 W/StatusBar( 2712): java.lang.Throwable
05-30 04:28:10.327 W/StatusBar( 2712): 	at com.android.systemui.statusbar.BaseStatusBar.isKeyguardSecure(BaseStatusBar.java:2647)
05-30 04:28:10.327 W/StatusBar( 2712): 	at com.android.systemui.statusbar.BaseStatusBar.isCameraAllowedByAdmin(BaseStatusBar.java:2670)
05-30 04:28:10.327 W/StatusBar( 2712): 	at com.android.systemui.statusbar.phone.KeyguardBottomAreaView.updateCameraVisibility(KeyguardBottomAreaView.java:309)
05-30 04:28:10.327 W/StatusBar( 2712): 	at com.android.systemui.statusbar.phone.KeyguardBottomAreaView.setUserSetupComplete(KeyguardBottomAreaView.java:281)
05-30 04:28:10.327 W/StatusBar( 2712): 	at com.android.systemui.statusbar.phone.PhoneStatusBar$1.onChange(PhoneStatusBar.java:441)
05-30 04:28:10.327 W/StatusBar( 2712): 	at com.android.systemui.statusbar.phone.PhoneStatusBar.resetUserSetupObserver(PhoneStatusBar.java:3676)
05-30 04:28:10.327 W/StatusBar( 2712): 	at com.android.systemui.statusbar.phone.PhoneStatusBar.makeStatusBarView(PhoneStatusBar.java:1008)
05-30 04:28:10.327 W/StatusBar( 2712): 	at com.android.systemui.statusbar.phone.PhoneStatusBar.addStatusBarWindow(PhoneStatusBar.java:3432)
05-30 04:28:10.327 W/StatusBar( 2712): 	at com.android.systemui.statusbar.phone.PhoneStatusBar.createAndAddWindows(PhoneStatusBar.java:3428)
05-30 04:28:10.327 W/StatusBar( 2712): 	at com.android.systemui.statusbar.BaseStatusBar.start(BaseStatusBar.java:765)
05-30 04:28:10.327 W/StatusBar( 2712): 	at com.android.systemui.statusbar.phone.PhoneStatusBar.start(PhoneStatusBar.java:686)
05-30 04:28:10.327 W/StatusBar( 2712): 	at com.android.systemui.statusbar.SystemBars.createStatusBarFromConfig(SystemBars.java:106)
05-30 04:28:10.327 W/StatusBar( 2712): 	at com.android.systemui.statusbar.SystemBars.onNoService(SystemBars.java:58)
05-30 04:28:10.327 W/StatusBar( 2712): 	at com.android.systemui.statusbar.ServiceMonitor.startService(ServiceMonitor.java:230)
05-30 04:28:10.327 W/StatusBar( 2712): 	at com.android.systemui.statusbar.ServiceMonitor.-wrap5(ServiceMonitor.java)
05-30 04:28:10.327 W/StatusBar( 2712): 	at com.android.systemui.statusbar.ServiceMonitor$1.handleMessage(ServiceMonitor.java:73)
05-30 04:28:10.327 W/StatusBar( 2712): 	at android.os.Handler.dispatchMessage(Handler.java:102)
05-30 04:28:10.327 W/StatusBar( 2712): 	at android.os.Looper.loop(Looper.java:154)
05-30 04:28:10.327 W/StatusBar( 2712): 	at android.app.ActivityThread.main(ActivityThread.java:6119)
05-30 04:28:10.327 W/StatusBar( 2712): 	at java.lang.reflect.Method.invoke(Native Method)
05-30 04:28:10.327 W/StatusBar( 2712): 	at com.android.internal.os.ZygoteInit$MethodAndArgsCaller.run(ZygoteInit.java:886)
05-30 04:28:10.327 W/StatusBar( 2712): 	at com.android.internal.os.ZygoteInit.main(ZygoteInit.java:776)
05-30 04:28:10.401 E/SurfaceFlinger( 1326): ro.sf.lcd_density must be defined as a build property
05-30 04:28:10.412 D/OpenGLRenderer( 2712): profile bars disabled
05-30 04:28:10.421 D/OpenGLRenderer( 2712): ambientRatio = 1.50
05-30 04:28:10.515 D/PhoneStatusBar( 2712): disable: < EXPAND* icons alerts system_info BACK* HOME* RECENT* clock SEARCH* quick_settings >
05-30 04:28:10.744 W/ActivityManager( 1887): Slow operation: 100ms so far, now at startProcess: returned from zygote!
05-30 04:28:10.744 W/ActivityManager( 1887): Slow operation: 101ms so far, now at startProcess: done updating battery stats
05-30 04:28:10.745 W/ActivityManager( 1887): Slow operation: 101ms so far, now at startProcess: building log message
05-30 04:28:10.745 I/ActivityManager( 1887): Start proc 2854:android.process.acore/u0a1 for content provider com.android.providers.contacts/.ContactsProvider2
05-30 04:28:10.745 W/ActivityManager( 1887): Slow operation: 102ms so far, now at startProcess: starting to update pids map
05-30 04:28:10.745 W/ActivityManager( 1887): Slow operation: 102ms so far, now at startProcess: done updating pids map
05-30 04:28:10.745 W/ActivityManager( 1887): Slow operation: 103ms so far, now at startProcess: done starting proc!
05-30 04:28:10.745 W/ActivityManager( 1887): Slow operation: 106ms so far, now at getContentProviderImpl: after start process
05-30 04:28:10.746 W/ActivityManager( 1887): Slow operation: 106ms so far, now at getContentProviderImpl: updating data structures
05-30 04:28:10.746 W/ActivityManager( 1887): Slow operation: 107ms so far, now at getContentProviderImpl: done!
05-30 04:28:10.749 W/art     ( 2854): Unexpected CPU variant for X86 using defaults: x86_64
05-30 04:28:10.770 V/MediaScanner( 2809): pruneDeadThumbnailFiles... android.content.ContentProviderClient$CursorWrapperInner@557b3a2
05-30 04:28:10.779 V/MediaScanner( 2809): /pruneDeadThumbnailFiles... android.content.ContentProviderClient$CursorWrapperInner@557b3a2
05-30 04:28:11.029 W/System  ( 2854): ClassLoader referenced unknown path: /system/priv-app/ContactsProvider/lib/x86_64
05-30 04:28:11.172 D/PhoneStatusBar( 2712): heads up is enabled
05-30 04:28:12.152 I/ContactsPerf( 2854): VoicemailContentProvider.onCreate start
05-30 04:28:12.517 I/art     ( 2712): Background partial concurrent mark sweep GC freed 10210(1385KB) AllocSpace objects, 4(84KB) LOS objects, 23% free, 12MB/16MB, paused 1.070ms total 140.585ms
05-30 04:28:12.644 W/art     ( 1887): Long monitor contention with owner Binder:1887_9 (2717) at int com.android.server.wm.WindowManagerService.relayoutWindow(com.android.server.wm.Session, android.view.IWindow, int, android.view.WindowManager$LayoutParams, int, int, int, int, android.graphics.Rect, android.graphics.Rect, android.graphics.Rect, android.graphics.Rect, android.graphics.Rect, android.graphics.Rect, android.graphics.Rect, android.content.res.Configuration, android.view.Surface)(WindowManagerService.java:2857) waiters=0 in void com.android.server.wm.WindowManagerService$H.handleMessage(android.os.Message) for 1.046s
05-30 04:28:12.648 W/art     ( 1887): Long monitor contention with owner Binder:1887_9 (2717) at int com.android.server.wm.WindowManagerService.relayoutWindow(com.android.server.wm.Session, android.view.IWindow, int, android.view.WindowManager$LayoutParams, int, int, int, int, android.graphics.Rect, android.graphics.Rect, android.graphics.Rect, android.graphics.Rect, android.graphics.Rect, android.graphics.Rect, android.graphics.Rect, android.content.res.Configuration, android.view.Surface)(WindowManagerService.java:2857) waiters=1 in void com.android.server.wm.WindowManagerService.getInitialDisplaySize(int, android.graphics.Point) for 533ms
05-30 04:28:12.752 I/ContactsPerf( 2854): VoicemailContentProvider.onCreate finish
05-30 04:28:12.976 W/art     ( 1887): Long monitor contention with owner Binder:1887_7 (2484) at int com.android.server.wm.WindowManagerService.relayoutWindow(com.android.server.wm.Session, android.view.IWindow, int, android.view.WindowManager$LayoutParams, int, int, int, int, android.graphics.Rect, android.graphics.Rect, android.graphics.Rect, android.graphics.Rect, android.graphics.Rect, android.graphics.Rect, android.graphics.Rect, android.content.res.Configuration, android.view.Surface)(WindowManagerService.java:2857) waiters=1 in void com.android.server.wm.WindowManagerService$H.handleMessage(android.os.Message) for 302ms
05-30 04:28:13.073 W/System  ( 2854): ClassLoader referenced unknown path: /system/priv-app/BlockedNumberProvider/lib/x86_64
05-30 04:28:13.078 D/ApplicationLoaders( 2854): ignored Vulkan layer search path /system/priv-app/BlockedNumberProvider/lib/x86_64:/system/lib64:/vendor/lib64 for namespace 0x7a7ddf8530f0
05-30 04:28:13.483 W/System  ( 2854): ClassLoader referenced unknown path: /system/app/UserDictionaryProvider/lib/x86_64
05-30 04:28:13.487 D/ApplicationLoaders( 2854): ignored Vulkan layer search path /system/app/UserDictionaryProvider/lib/x86_64:/system/lib64:/vendor/lib64 for namespace 0x7a7ddf853160
05-30 04:28:13.916 W/art     ( 1887): Long monitor contention with owner Binder:1887_7 (2484) at int com.android.server.wm.WindowManagerService.relayoutWindow(com.android.server.wm.Session, android.view.IWindow, int, android.view.WindowManager$LayoutParams, int, int, int, int, android.graphics.Rect, android.graphics.Rect, android.graphics.Rect, android.graphics.Rect, android.graphics.Rect, android.graphics.Rect, android.graphics.Rect, android.content.res.Configuration, android.view.Surface)(WindowManagerService.java:2857) waiters=2 in void com.android.server.wm.WindowManagerService.getInitialDisplaySize(int, android.graphics.Point) for 1.196s
05-30 04:28:13.998 W/art     ( 1887): Long monitor contention with owner Binder:1887_7 (2484) at int com.android.server.wm.WindowManagerService.relayoutWindow(com.android.server.wm.Session, android.view.IWindow, int, android.view.WindowManager$LayoutParams, int, int, int, int, android.graphics.Rect, android.graphics.Rect, android.graphics.Rect, android.graphics.Rect, android.graphics.Rect, android.graphics.Rect, android.graphics.Rect, android.content.res.Configuration, android.view.Surface)(WindowManagerService.java:2857) waiters=3 in void com.android.server.wm.WindowManagerService.finishDrawingWindow(com.android.server.wm.Session, android.view.IWindow) for 1.184s
05-30 04:28:14.000 W/art     ( 1887): Long monitor contention with owner android.ui (1939) at int com.android.server.wm.WindowManagerService.relayoutWindow(com.android.server.wm.Session, android.view.IWindow, int, android.view.WindowManager$LayoutParams, int, int, int, int, android.graphics.Rect, android.graphics.Rect, android.graphics.Rect, android.graphics.Rect, android.graphics.Rect, android.graphics.Rect, android.graphics.Rect, android.content.res.Configuration, android.view.Surface)(WindowManagerService.java:2857) waiters=2 in void com.android.server.wm.WindowManagerService$H.handleMessage(android.os.Message) for 1s
05-30 04:28:14.002 I/Choreographer( 1887): Skipped 78 frames!  The application may be doing too much work on its main thread.
05-30 04:28:14.022 W/KeyguardUpdateMonitor( 2712): invalid subId in handleSimStateChange()
05-30 04:28:14.489 V/KeyguardServiceDelegate( 1887): **** SHOWN CALLED ****
05-30 04:28:14.594 I/Choreographer( 2712): Skipped 404 frames!  The application may be doing too much work on its main thread.
05-30 04:28:14.666 D/ViewRootImpl[StatusBar]( 2712): changeCanvasOpacity: opaque=true
05-30 04:28:15.363 I/Choreographer( 1887): Skipped 54 frames!  The application may be doing too much work on its main thread.
05-30 04:28:15.401 W/art     ( 1887): Long monitor contention with owner android.display (1956) at void com.android.server.wm.WindowManagerService$H.handleMessage(android.os.Message)(WindowManagerService.java:8368) waiters=1 in void com.android.server.wm.WindowManagerService.getInitialDisplaySize(int, android.graphics.Point) for 409ms
05-30 04:28:15.790 W/art     ( 1887): Long monitor contention with owner android.display (1956) at void com.android.server.wm.WindowAnimator$1.doFrame(long)(WindowAnimator.java:144) waiters=0 in int com.android.server.wm.WindowManagerService.relayoutWindow(com.android.server.wm.Session, android.view.IWindow, int, android.view.WindowManager$LayoutParams, int, int, int, int, android.graphics.Rect, android.graphics.Rect, android.graphics.Rect, android.graphics.Rect, android.graphics.Rect, android.graphics.Rect, android.graphics.Rect, android.content.res.Configuration, android.view.Surface) for 371ms
05-30 04:28:16.313 W/art     ( 1887): Long monitor contention with owner android.display (1956) at void com.android.server.wm.WindowManagerService$H.handleMessage(android.os.Message)(WindowManagerService.java:8368) waiters=1 in int com.android.server.wm.WindowManagerService.relayoutWindow(com.android.server.wm.Session, android.view.IWindow, int, android.view.WindowManager$LayoutParams, int, int, int, int, android.graphics.Rect, android.graphics.Rect, android.graphics.Rect, android.graphics.Rect, android.graphics.Rect, android.graphics.Rect, android.graphics.Rect, android.content.res.Configuration, android.view.Surface) for 257ms
05-30 04:28:16.316 W/art     ( 1887): Long monitor contention with owner android.display (1956) at void com.android.server.wm.WindowManagerService$H.handleMessage(android.os.Message)(WindowManagerService.java:8368) waiters=0 in int com.android.server.wm.WindowManagerService.relayoutWindow(com.android.server.wm.Session, android.view.IWindow, int, android.view.WindowManager$LayoutParams, int, int, int, int, android.graphics.Rect, android.graphics.Rect, android.graphics.Rect, android.graphics.Rect, android.graphics.Rect, android.graphics.Rect, android.graphics.Rect, android.content.res.Configuration, android.view.Surface) for 526ms
05-30 04:28:17.495 W/art     ( 1887): Long monitor contention with owner android.display (1956) at void com.android.server.wm.WindowManagerService$H.handleMessage(android.os.Message)(WindowManagerService.java:8368) waiters=2 in void com.android.server.wm.WindowManagerService.getInitialDisplaySize(int, android.graphics.Point) for 1.315s
05-30 04:28:17.639 W/art     ( 1887): Long monitor contention with owner Binder:1887_5 (2213) at int com.android.server.wm.WindowManagerService.relayoutWindow(com.android.server.wm.Session, android.view.IWindow, int, android.view.WindowManager$LayoutParams, int, int, int, int, android.graphics.Rect, android.graphics.Rect, android.graphics.Rect, android.graphics.Rect, android.graphics.Rect, android.graphics.Rect, android.graphics.Rect, android.content.res.Configuration, android.view.Surface)(WindowManagerService.java:2857) waiters=1 in int com.android.server.wm.WindowManagerService.relayoutWindow(com.android.server.wm.Session, android.view.IWindow, int, android.view.WindowManager$LayoutParams, int, int, int, int, android.graphics.Rect, android.graphics.Rect, android.graphics.Rect, android.graphics.Rect, android.graphics.Rect, android.graphics.Rect, android.graphics.Rect, android.content.res.Configuration, android.view.Surface) for 1.321s
05-30 04:28:17.765 I/ContactLocale( 2854): AddressBook Labels [[en_US]]: […, A, B, C, D, E, F, G, H, I, J, K, L, M, N, O, P, Q, R, S, T, U, V, W, X, Y, Z, Α, Β, Γ, Δ, Ε, Ζ, Η, Θ, Ι, Κ, Λ, Μ, Ν, Ξ, Ο, Π, Ρ, Σ, Τ, Υ, Φ, Χ, Ψ, Ω, …, А, Б, В, Г, Д, Ђ, Е, Є, Ж, З, И, І, Й, Ј, К, Л, Љ, М, Н, Њ, О, П, Р, С, Т, Ћ, У, Ф, Х, Ц, Ч, Џ, Ш, Щ, Ю, Я, …, א, ב, ג, ד, ה, ו, ז, ח, ט, י, כ, ל, מ, נ, ס, ע, פ, צ, ק, ר, ש, ת, …, ا, ب, ت, ث, ج, ح, خ, د, ذ, ر, ز, س, ش, ص, ض, ط, ظ, ع, غ, ف, ق, ك, ل, م, ن, ه, و, ي, …, ก, ข, ฃ, ค, ฅ, ฆ, ง, จ, ฉ, ช, ซ, ฌ, ญ, ฎ, ฏ, ฐ, ฑ, ฒ, ณ, ด, ต, ถ, ท, ธ, น, บ, ป, ผ, ฝ, พ, ฟ, ภ, ม, ย, ร, ฤ, ล, ฦ, ว, ศ, ษ, ส, ห, ฬ, อ, ฮ, …, ㄱ, ㄴ, ㄷ, ㄹ, ㅁ, ㅂ, ㅅ, ㅇ, ㅈ, ㅊ, ㅋ, ㅌ, ㅍ, ㅎ, …, あ, か, さ, た, な, は, ま, や, ら, わ, #, …]
05-30 04:28:17.846 W/art     ( 1887): Long monitor contention with owner Binder:1887_5 (2213) at int com.android.server.wm.WindowManagerService.relayoutWindow(com.android.server.wm.Session, android.view.IWindow, int, android.view.WindowManager$LayoutParams, int, int, int, int, android.graphics.Rect, android.graphics.Rect, android.graphics.Rect, android.graphics.Rect, android.graphics.Rect, android.graphics.Rect, android.graphics.Rect, android.content.res.Configuration, android.view.Surface)(WindowManagerService.java:2857) waiters=2 in void com.android.server.wm.WindowManagerService$H.handleMessage(android.os.Message) for 1.189s
05-30 04:28:18.266 W/art     ( 1887): Long monitor contention with owner android.ui (1939) at int com.android.server.wm.WindowManagerService.relayoutWindow(com.android.server.wm.Session, android.view.IWindow, int, android.view.WindowManager$LayoutParams, int, int, int, int, android.graphics.Rect, android.graphics.Rect, android.graphics.Rect, android.graphics.Rect, android.graphics.Rect, android.graphics.Rect, android.graphics.Rect, android.content.res.Configuration, android.view.Surface)(WindowManagerService.java:2857) waiters=2 in void com.android.server.wm.WindowManagerService.getInitialDisplaySize(int, android.graphics.Point) for 548ms
05-30 04:28:18.267 W/art     ( 1887): Long monitor contention with owner Binder:1887_6 (2481) at int com.android.server.wm.WindowManagerService.relayoutWindow(com.android.server.wm.Session, android.view.IWindow, int, android.view.WindowManager$LayoutParams, int, int, int, int, android.graphics.Rect, android.graphics.Rect, android.graphics.Rect, android.graphics.Rect, android.graphics.Rect, android.graphics.Rect, android.graphics.Rect, android.content.res.Configuration, android.view.Surface)(WindowManagerService.java:2857) waiters=1 in void com.android.server.wm.WindowManagerService$H.handleMessage(android.os.Message) for 395ms
05-30 04:28:18.939 W/art     ( 1887): Long monitor contention with owner android.display (1956) at void com.android.server.wm.WindowManagerService$H.handleMessage(android.os.Message)(WindowManagerService.java:8368) waiters=0 in void com.android.server.wm.WindowManagerService.getInitialDisplaySize(int, android.graphics.Point) for 414ms
05-30 04:28:19.226 W/art     ( 1887): Long monitor contention with owner Binder:1887_1 (1908) at int com.android.server.wm.WindowManagerService.relayoutWindow(com.android.server.wm.Session, android.view.IWindow, int, android.view.WindowManager$LayoutParams, int, int, int, int, android.graphics.Rect, android.graphics.Rect, android.graphics.Rect, android.graphics.Rect, android.graphics.Rect, android.graphics.Rect, android.graphics.Rect, android.content.res.Configuration, android.view.Surface)(WindowManagerService.java:2857) waiters=0 in void com.android.server.wm.WindowManagerService.getInitialDisplaySize(int, android.graphics.Point) for 286ms
05-30 04:28:19.227 W/art     ( 1887): Long monitor contention with owner Binder:1887_1 (1908) at int com.android.server.wm.WindowManagerService.relayoutWindow(com.android.server.wm.Session, android.view.IWindow, int, android.view.WindowManager$LayoutParams, int, int, int, int, android.graphics.Rect, android.graphics.Rect, android.graphics.Rect, android.graphics.Rect, android.graphics.Rect, android.graphics.Rect, android.graphics.Rect, android.content.res.Configuration, android.view.Surface)(WindowManagerService.java:2857) waiters=1 in void com.android.server.wm.WindowAnimator$1.doFrame(long) for 240ms
05-30 04:28:19.289 D/WifiService( 1887): New client listening to asynchronous messages
05-30 04:28:19.726 W/art     ( 1887): Long monitor contention with owner Binder:1887_8 (2485) at int com.android.server.wm.WindowManagerService.relayoutWindow(com.android.server.wm.Session, android.view.IWindow, int, android.view.WindowManager$LayoutParams, int, int, int, int, android.graphics.Rect, android.graphics.Rect, android.graphics.Rect, android.graphics.Rect, android.graphics.Rect, android.graphics.Rect, android.graphics.Rect, android.content.res.Configuration, android.view.Surface)(WindowManagerService.java:2857) waiters=0 in void com.android.server.wm.WindowManagerService$H.handleMessage(android.os.Message) for 210ms
05-30 04:28:20.013 I/Choreographer( 2712): Skipped 324 frames!  The application may be doing too much work on its main thread.
05-30 04:28:20.140 D/gralloc_ranchu( 2712): Emulator without host-side GPU emulation detected. Loading gralloc.default.so from /vendor/lib64/hw/gralloc.goldfish.default.so...
05-30 04:28:20.151 D/gralloc_ranchu( 2712): gralloc.default.so not found in /vendor. Trying /system/lib64/hw/gralloc.goldfish.default.so...
05-30 04:28:20.567 W/art     ( 1887): Long monitor contention with owner android.display (1956) at void com.android.server.wm.WindowManagerService$H.handleMessage(android.os.Message)(WindowManagerService.java:8368) waiters=0 in void com.android.server.wm.WindowManagerService.finishDrawingWindow(com.android.server.wm.Session, android.view.IWindow) for 201ms
05-30 04:28:21.535 W/art     ( 1887): Long monitor contention with owner Binder:1887_9 (2717) at int com.android.server.wm.WindowManagerService.relayoutWindow(com.android.server.wm.Session, android.view.IWindow, int, android.view.WindowManager$LayoutParams, int, int, int, int, android.graphics.Rect, android.graphics.Rect, android.graphics.Rect, android.graphics.Rect, android.graphics.Rect, android.graphics.Rect, android.graphics.Rect, android.content.res.Configuration, android.view.Surface)(WindowManagerService.java:2857) waiters=0 in void com.android.server.wm.WindowAnimator$1.doFrame(long) for 438ms
05-30 04:28:21.646 D/PhoneStatusBar( 2712): disable: < expand* icons alerts system_info back* home* recent* clock search* quick_settings >
05-30 04:28:21.984 W/art     ( 1887): Long monitor contention with owner android.display (1956) at void com.android.server.wm.WindowManagerService$H.handleMessage(android.os.Message)(WindowManagerService.java:8368) waiters=0 in void com.android.server.wm.WindowManagerService.statusBarVisibilityChanged(int) for 338ms
05-30 04:28:22.051 I/art     ( 2712): Background sticky concurrent mark sweep GC freed 10390(422KB) AllocSpace objects, 3(60KB) LOS objects, 0% free, 18MB/18MB, paused 1.144ms total 418.094ms
05-30 04:28:22.527 W/art     ( 2712): Suspending all threads took: 5.142ms
05-30 04:28:22.589 I/art     ( 2712): Background partial concurrent mark sweep GC freed 3884(336KB) AllocSpace objects, 1(4MB) LOS objects, 23% free, 13MB/17MB, paused 18.468ms total 502.122ms
05-30 04:28:22.703 I/Choreographer( 1887): Skipped 37 frames!  The application may be doing too much work on its main thread.
05-30 04:28:23.368 I/Choreographer( 2712): Skipped 200 frames!  The application may be doing too much work on its main thread.
05-30 04:28:24.115 W/art     ( 1887): Long monitor contention with owner Binder:1887_3 (1910) at int com.android.server.wm.WindowManagerService.relayoutWindow(com.android.server.wm.Session, android.view.IWindow, int, android.view.WindowManager$LayoutParams, int, int, int, int, android.graphics.Rect, android.graphics.Rect, android.graphics.Rect, android.graphics.Rect, android.graphics.Rect, android.graphics.Rect, android.graphics.Rect, android.content.res.Configuration, android.view.Surface)(WindowManagerService.java:2857) waiters=0 in void com.android.server.wm.WindowManagerService$H.handleMessage(android.os.Message) for 214ms
05-30 04:28:24.368 I/Choreographer( 2712): Skipped 53 frames!  The application may be doing too much work on its main thread.
05-30 04:28:24.589 W/art     ( 1887): Long monitor contention with owner Binder:1887_1 (1908) at int com.android.server.wm.WindowManagerService.relayoutWindow(com.android.server.wm.Session, android.view.IWindow, int, android.view.WindowManager$LayoutParams, int, int, int, int, android.graphics.Rect, android.graphics.Rect, android.graphics.Rect, android.graphics.Rect, android.graphics.Rect, android.graphics.Rect, android.graphics.Rect, android.content.res.Configuration, android.view.Surface)(WindowManagerService.java:2857) waiters=0 in void com.android.server.wm.WindowManagerService$H.handleMessage(android.os.Message) for 456ms
