05-30 15:52:44.071 E/EmulatedCamera_HotplugThread( 1332): createFileIfNotExists: Could not create file '/data/misc/media/emulator.camera.hotplug.0', error: 'Permission denied' (13)
05-30 15:52:44.283 I/CameraService( 1332): Loaded "Emulated Camera Module" camera module
05-30 15:52:44.283 E/CameraService( 1332): setUpVendorTags: Vendor tag operations not fully defined. Ignoring definitions.
05-30 15:52:44.284 V/EmulatedCamera_Camera( 1332): getCameraInfo
05-30 15:52:44.284 V/EmulatedCamera_BaseCamera( 1332): getCameraInfo
05-30 15:52:44.285 I/CameraFlashlight( 1332): Opening camera 0
05-30 15:52:44.286 V/EmulatedCamera_Camera( 1332): getCameraInfo
05-30 15:52:44.286 V/EmulatedCamera_BaseCamera( 1332): getCameraInfo
05-30 15:52:44.286 V/EmulatedCamera_Camera( 1332): connectCamera
05-30 15:52:44.286 V/EmulatedCamera_FakeDevice( 1332): connectDevice
05-30 15:52:44.286 V/EmulatedCamera_CallbackNotifier( 1332): setCallbacks: 0xf373ce80, 0xf373ced0, 0xf373cff0, 0xf373d110 (0xf32c3140)
05-30 15:52:44.564 V/EmulatedCamera_Preview( 1332): setPreviewWindow: current: 0x0 -> new: 0xf32c3150
05-30 15:52:44.565 V/EmulatedCamera_Preview( 1332): setPreviewWindow: current: 0xf32c3150 -> new: 0x0
05-30 15:52:44.565 V/EmulatedCamera_Camera( 1332): doStopPreview
05-30 15:52:44.566 V/EmulatedCamera_Preview( 1332): setPreviewWindow: current: 0x0 -> new: 0x0
05-30 15:52:44.566 V/EmulatedCamera_Camera( 1332): releaseCamera
05-30 15:52:44.567 V/EmulatedCamera_Camera( 1332): doStopPreview
05-30 15:52:44.567 V/EmulatedCamera_FakeDevice( 1332): disconnectDevice
05-30 15:52:44.567 W/EmulatedCamera_Device( 1332): Initialize: Emulated camera device is already initialized: mState = 1
05-30 15:52:44.567 D/EmulatedCamera_FakeCamera( 1332): Initialize: Fake camera is facing back
05-30 15:52:44.568 V/EmulatedCamera_Device( 1332): initializeWhiteBalanceModes with auto, 1.000000, 1.000000
05-30 15:52:44.568 V/EmulatedCamera_Device( 1332): initializeWhiteBalanceModes with incandescent, 1.380000, 0.600000
05-30 15:52:44.568 V/EmulatedCamera_Device( 1332): initializeWhiteBalanceModes with daylight, 1.090000, 0.920000
05-30 15:52:44.568 V/EmulatedCamera_Device( 1332): initializeWhiteBalanceModes with twilight, 0.920000, 1.220000
05-30 15:52:44.568 V/EmulatedCamera_Device( 1332): setWhiteBalanceMode with white balance auto
05-30 15:52:44.569 I/CameraFlashlight( 1332): Destroying camera 0
05-30 15:52:44.569 V/EmulatedCamera_Camera( 1332): closeCamera
05-30 15:52:44.569 V/EmulatedCamera_Camera( 1332): doStopPreview
05-30 15:52:44.569 W/EmulatedCamera_Device( 1332): Initialize: Emulated camera device is already initialized: mState = 1
05-30 15:52:44.569 D/EmulatedCamera_FakeCamera( 1332): Initialize: Fake camera is facing back
05-30 15:52:44.569 V/EmulatedCamera_Device( 1332): initializeWhiteBalanceModes with auto, 1.000000, 1.000000
05-30 15:52:44.570 V/EmulatedCamera_Device( 1332): initializeWhiteBalanceModes with incandescent, 1.380000, 0.600000
05-30 15:52:44.651 V/EmulatedCamera_Device( 1332): initializeWhiteBalanceModes with daylight, 1.090000, 0.920000
05-30 15:52:44.652 V/EmulatedCamera_Device( 1332): initializeWhiteBalanceModes with twilight, 0.920000, 1.220000
05-30 15:52:44.652 V/EmulatedCamera_Device( 1332): setWhiteBalanceMode with white balance auto
05-30 15:52:44.655 V/EmulatedCamera_Camera( 1332): getCameraInfo
05-30 15:52:44.656 V/EmulatedCamera_BaseCamera( 1332): getCameraInfo
05-30 15:52:44.682 I/ServiceManager( 1332): Waiting for service media.camera.proxy...
05-30 15:52:44.974 I/mediacodec( 1336): @@@ mediacodecservice starting
05-30 15:52:45.054 V/MediaUtils( 1338): physMem: 1043894272
05-30 15:52:45.054 V/MediaUtils( 1338): requested limit: 208778840
05-30 15:52:45.055 V/MediaUtils( 1338): actual limit: 208778840
05-30 15:52:45.055 V/MediaUtils( 1338): original limits: 4294967295/4294967295
05-30 15:52:45.055 V/MediaUtils( 1338): new limits: 208778840/4294967295
05-30 15:52:45.057 W//system/bin/mediaextractor( 1338): libminijail: allowing syscall: socketcall
05-30 15:52:45.058 W//system/bin/mediaextractor( 1338): libminijail: allowing syscall: writev
05-30 15:52:45.058 W//system/bin/mediaextractor( 1338): libminijail: allowing syscall: fcntl64
05-30 15:52:45.059 W//system/bin/mediaextractor( 1338): libminijail: allowing syscall: clock_gettime
05-30 15:52:45.059 W/        ( 1336): No seccomp filter defined for this architecture.
05-30 15:52:45.096 W//system/bin/mediaextractor( 1338): libminijail: logging seccomp filter failures
05-30 15:52:45.720 I/ServiceManager( 1332): Waiting for service media.camera.proxy...
05-30 15:52:46.216 I/mediaserver( 1339): ServiceManager: 0xe64bc0a0
05-30 15:52:46.263 W/BatteryNotifier( 1339): batterystats service unavailable!
05-30 15:52:46.731 I/ServiceManager( 1332): Waiting for service media.camera.proxy...
05-30 15:52:46.915 I/        ( 1331): sMaxFastTracks = 8
05-30 15:52:47.003 I/mediaserver( 1337): ServiceManager: 0xef33c0a0
05-30 15:52:47.032 I/audioserver( 1331): ServiceManager: 0xe8e3c020
05-30 15:52:47.071 W/BatteryNotifier( 1331): batterystats service unavailable!
05-30 15:52:47.072 I/AudioFlinger( 1331): Using default 3000 mSec as standby time.
05-30 15:52:47.095 I/AudioPolicyService( 1331): AudioPolicyService CSTOR in new mode
05-30 15:52:47.169 I/APM::ConfigParsingUtils( 1331): loadAudioPolicyConfig() loaded /system/etc/audio_policy.conf
05-30 15:52:47.285 D/audio_hw_generic( 1331): Emulator host-side ALSA audio emulation detected.
05-30 15:52:47.362 D/audio_hw_generic( 1331): mixer 0 name Master Playback Volume
05-30 15:52:47.362 D/audio_hw_generic( 1331): set ctl 0 to 100
05-30 15:52:47.364 D/audio_hw_generic( 1331): set ctl 1 to 100
05-30 15:52:47.364 D/audio_hw_generic( 1331): mixer 1 name Master Playback Switch
05-30 15:52:47.364 D/audio_hw_generic( 1331): set ctl 0 to 1
05-30 15:52:47.365 D/audio_hw_generic( 1331): set ctl 1 to 1
05-30 15:52:47.365 D/audio_hw_generic( 1331): mixer 2 name Capture Volume
05-30 15:52:47.365 D/audio_hw_generic( 1331): set ctl 0 to 100
05-30 15:52:47.365 D/audio_hw_generic( 1331): set ctl 1 to 100
05-30 15:52:47.365 D/audio_hw_generic( 1331): mixer 3 name Capture Switch
05-30 15:52:47.365 D/audio_hw_generic( 1331): set ctl 0 to 1
05-30 15:52:47.365 D/audio_hw_generic( 1331): set ctl 1 to 1
05-30 15:52:47.366 D/audio_hw_generic( 1331): mixer 4 name Line Phantom Jack
05-30 15:52:47.366 D/audio_hw_generic( 1331): mixer 5 name Line Out Phantom Jack
05-30 15:52:47.366 D/audio_hw_generic( 1331): mixer 6 name Playback Channel Map
05-30 15:52:47.366 D/audio_hw_generic( 1331): mixer 7 name Capture Channel Map
05-30 15:52:47.366 I/AudioFlinger( 1331): loadHwModule() Loaded primary audio interface from Generic audio HW HAL (audio) handle 10
05-30 15:52:47.368 I/AudioFlinger( 1331): openOutput(), module 10 Device 2, SamplingRate 48000, Format 0x000001, Channels 3, flags 2
05-30 15:52:47.394 I/AudioFlinger( 1331): HAL output buffer size 720 frames, normal sink buffer size 1152 frames
05-30 15:52:47.606 I/BufferProvider( 1331): found effect "Multichannel Downmix To Stereo" from The Android Open Source Project
05-30 15:52:47.681 I/AudioFlinger( 1331): AudioFlinger's thread 0xe8883400 ready to run
05-30 15:52:47.689 W/BatteryNotifier( 1331): batterystats service unavailable!
05-30 15:52:47.711 W/BatteryNotifier( 1331): batterystats service unavailable!
05-30 15:52:47.713 I/AudioFlinger( 1331): Using module 10 has the primary audio interface
05-30 15:52:47.760 I/ServiceManager( 1332): Waiting for service media.camera.proxy...
05-30 15:52:47.776 W/BatteryNotifier( 1331): batterystats service unavailable!
05-30 15:52:47.791 W/AudioFlinger( 1331): no wake lock to update, system not ready yet
05-30 15:52:47.900 I/AudioFlinger( 1331): AudioFlinger's thread 0xe8383fc0 ready to run
05-30 15:52:48.036 I/r_submix( 1331): adev_open(name=audio_hw_if)
05-30 15:52:48.036 I/r_submix( 1331): adev_init_check()
05-30 15:52:48.037 I/AudioFlinger( 1331): loadHwModule() Loaded r_submix audio interface from Wifi Display audio HAL (audio) handle 18
05-30 15:52:48.037 D/r_submix( 1331): adev_open_input_stream(addr=0)
05-30 15:52:48.038 D/r_submix( 1331): submix_audio_device_create_pipe_l(addr=0, idx=9)
05-30 15:52:48.038 D/r_submix( 1331):   now using address 0 for route 9
05-30 15:52:48.092 I/AudioFlinger( 1331): AudioFlinger's thread 0xe8483d80 ready to run
05-30 15:52:48.093 D/r_submix( 1331): adev_close_input_stream()
05-30 15:52:48.094 D/r_submix( 1331): submix_audio_device_release_pipe_l(idx=9) addr=0
05-30 15:52:48.094 D/r_submix( 1331): submix_audio_device_destroy_pipe_l(): pipe destroyed
05-30 15:52:48.103 I/RadioService( 1331): RadioService
05-30 15:52:48.103 I/RadioService( 1331): onFirstRef
05-30 15:52:48.104 E/RadioService( 1331): couldn't load radio module radio.primary (No such file or directory)
05-30 15:52:48.112 E/SoundTriggerHwService( 1331): couldn't load sound trigger module sound_trigger.primary (No such file or directory)
05-30 15:52:48.771 I/ServiceManager( 1332): Waiting for service media.camera.proxy...
05-30 15:52:50.840 W/BatteryNotifier( 1331): batterystats service unavailable!
05-30 15:52:58.464 D/AndroidRuntime( 1329): >>>>>> START com.android.internal.os.ZygoteInit uid 0 <<<<<<
05-30 15:52:58.664 E/SurfaceFlinger( 1326): ro.sf.lcd_density must be defined as a build property
05-30 15:52:58.841 D/libEGL  ( 1658): Emulator without GPU support detected. Fallback to legacy software renderer, qemu.gles is set to 0.
05-30 15:52:58.889 D/libEGL  ( 1658): loaded /system/lib64/egl/libGLES_android.so
05-30 15:52:59.137 D/AndroidRuntime( 1329): CheckJNI is ON
05-30 15:52:59.525 I/art     ( 1329): option[0]=-Xzygote
05-30 15:52:59.525 I/art     ( 1329): option[1]=-Xcheck:jni
05-30 15:52:59.526 I/art     ( 1329): option[2]=-Xstacktracefile:/data/anr/traces.txt
05-30 15:52:59.526 I/art     ( 1329): option[3]=exit
05-30 15:52:59.526 I/art     ( 1329): option[4]=vfprintf
05-30 15:52:59.526 I/art     ( 1329): option[5]=sensitiveThread
05-30 15:52:59.526 I/art     ( 1329): option[6]=-verbose:gc
05-30 15:52:59.526 I/art     ( 1329): option[7]=-Xms4m
05-30 15:52:59.526 I/art     ( 1329): option[8]=-Xmx256m
05-30 15:52:59.526 I/art     ( 1329): option[9]=-Xusejit:true
05-30 15:52:59.526 I/art     ( 1329): option[10]=-Xjitsaveprofilinginfo
05-30 15:52:59.526 I/art     ( 1329): option[11]=-agentlib:jdwp=transport=dt_android_adb,suspend=n,server=y
05-30 15:52:59.526 I/art     ( 1329): option[12]=-Xlockprofthreshold:500
05-30 15:52:59.526 I/art     ( 1329): option[13]=-Ximage-compiler-option
05-30 15:52:59.526 I/art     ( 1329): option[14]=--runtime-arg
05-30 15:52:59.526 I/art     ( 1329): option[15]=-Ximage-compiler-option
05-30 15:52:59.526 I/art     ( 1329): option[16]=-Xms64m
05-30 15:52:59.526 I/art     ( 1329): option[17]=-Ximage-compiler-option
05-30 15:52:59.526 I/art     ( 1329): option[18]=--runtime-arg
05-30 15:52:59.527 I/art     ( 1329): option[19]=-Ximage-compiler-option
05-30 15:52:59.527 I/art     ( 1329): option[20]=-Xmx64m
05-30 15:52:59.527 I/art     ( 1329): option[21]=-Ximage-compiler-option
05-30 15:52:59.527 I/art     ( 1329): option[22]=--image-classes=/system/etc/preloaded-classes
05-30 15:52:59.527 I/art     ( 1329): option[23]=-Ximage-compiler-option
05-30 15:52:59.527 I/art     ( 1329): option[24]=--compiled-classes=/system/etc/compiled-classes
05-30 15:52:59.527 I/art     ( 1329): option[25]=-Xcompiler-option
05-30 15:52:59.527 I/art     ( 1329): option[26]=--runtime-arg
05-30 15:52:59.527 I/art     ( 1329): option[27]=-Xcompiler-option
05-30 15:52:59.527 I/art     ( 1329): option[28]=-Xms64m
05-30 15:52:59.527 I/art     ( 1329): option[29]=-Xcompiler-option
05-30 15:52:59.527 I/art     ( 1329): option[30]=--runtime-arg
05-30 15:52:59.527 I/art     ( 1329): option[31]=-Xcompiler-option
05-30 15:52:59.527 I/art     ( 1329): option[32]=-Xmx512m
05-30 15:52:59.527 I/art     ( 1329): option[33]=-Ximage-compiler-option
05-30 15:52:59.527 I/art     ( 1329): option[34]=--instruction-set-variant=x86_64
05-30 15:52:59.527 I/art     ( 1329): option[35]=-Xcompiler-option
05-30 15:52:59.527 I/art     ( 1329): option[36]=--instruction-set-variant=x86_64
05-30 15:52:59.527 I/art     ( 1329): option[37]=-Ximage-compiler-option
05-30 15:52:59.527 I/art     ( 1329): option[38]=--instruction-set-features=default
05-30 15:52:59.528 I/art     ( 1329): option[39]=-Xcompiler-option
05-30 15:52:59.528 I/art     ( 1329): option[40]=--instruction-set-features=default
05-30 15:52:59.528 I/art     ( 1329): option[41]=-Duser.locale=en-US
05-30 15:52:59.528 I/art     ( 1329): option[42]=--cpu-abilist=x86_64
05-30 15:52:59.528 I/art     ( 1329): option[43]=-Xfingerprint:Android/sdk_phone_x86_64/generic_x86_64:7.1.1/NYC/4931657:userdebug/test-keys
05-30 15:52:59.764 D/gralloc_ranchu( 1658): Emulator without host-side GPU emulation detected. Loading gralloc.default.so from /vendor/lib64/hw/gralloc.goldfish.default.so...
05-30 15:52:59.767 D/gralloc_ranchu( 1658): gralloc.default.so not found in /vendor. Trying /system/lib64/hw/gralloc.goldfish.default.so...
05-30 15:53:03.016 D/AndroidRuntime( 1330): >>>>>> START com.android.internal.os.ZygoteInit uid 0 <<<<<<
05-30 15:53:03.931 D/AndroidRuntime( 1330): CheckJNI is ON
05-30 15:53:04.221 I/art     ( 1330): option[0]=-Xzygote
05-30 15:53:04.221 I/art     ( 1330): option[1]=-Xcheck:jni
05-30 15:53:04.222 I/art     ( 1330): option[2]=-Xstacktracefile:/data/anr/traces.txt
05-30 15:53:04.222 I/art     ( 1330): option[3]=exit
05-30 15:53:04.222 I/art     ( 1330): option[4]=vfprintf
05-30 15:53:04.222 I/art     ( 1330): option[5]=sensitiveThread
05-30 15:53:04.222 I/art     ( 1330): option[6]=-verbose:gc
05-30 15:53:04.222 I/art     ( 1330): option[7]=-Xms4m
05-30 15:53:04.222 I/art     ( 1330): option[8]=-Xmx256m
05-30 15:53:04.222 I/art     ( 1330): option[9]=-Xusejit:true
05-30 15:53:04.222 I/art     ( 1330): option[10]=-Xjitsaveprofilinginfo
05-30 15:53:04.222 I/art     ( 1330): option[11]=-agentlib:jdwp=transport=dt_android_adb,suspend=n,server=y
05-30 15:53:04.223 I/art     ( 1330): option[12]=-Xlockprofthreshold:500
05-30 15:53:04.223 I/art     ( 1330): option[13]=-Ximage-compiler-option
05-30 15:53:04.223 I/art     ( 1330): option[14]=--runtime-arg
05-30 15:53:04.223 I/art     ( 1330): option[15]=-Ximage-compiler-option
05-30 15:53:04.223 I/art     ( 1330): option[16]=-Xms64m
05-30 15:53:04.223 I/art     ( 1330): option[17]=-Ximage-compiler-option
05-30 15:53:04.223 I/art     ( 1330): option[18]=--runtime-arg
05-30 15:53:04.223 I/art     ( 1330): option[19]=-Ximage-compiler-option
05-30 15:53:04.223 I/art     ( 1330): option[20]=-Xmx64m
05-30 15:53:04.223 I/art     ( 1330): option[21]=-Ximage-compiler-option
05-30 15:53:04.223 I/art     ( 1330): option[22]=--image-classes=/system/etc/preloaded-classes
05-30 15:53:04.223 I/art     ( 1330): option[23]=-Ximage-compiler-option
05-30 15:53:04.223 I/art     ( 1330): option[24]=--compiled-classes=/system/etc/compiled-classes
05-30 15:53:04.223 I/art     ( 1330): option[25]=-Xcompiler-option
05-30 15:53:04.224 I/art     ( 1330): option[26]=--runtime-arg
05-30 15:53:04.224 I/art     ( 1330): option[27]=-Xcompiler-option
05-30 15:53:04.224 I/art     ( 1330): option[28]=-Xms64m
05-30 15:53:04.224 I/art     ( 1330): option[29]=-Xcompiler-option
05-30 15:53:04.224 I/art     ( 1330): option[30]=--runtime-arg
05-30 15:53:04.224 I/art     ( 1330): option[31]=-Xcompiler-option
05-30 15:53:04.224 I/art     ( 1330): option[32]=-Xmx512m
05-30 15:53:04.224 I/art     ( 1330): option[33]=-Ximage-compiler-option
05-30 15:53:04.224 I/art     ( 1330): option[34]=--instruction-set-variant=x86
05-30 15:53:04.224 I/art     ( 1330): option[35]=-Xcompiler-option
05-30 15:53:04.224 I/art     ( 1330): option[36]=--instruction-set-variant=x86
05-30 15:53:04.224 I/art     ( 1330): option[37]=-Ximage-compiler-option
05-30 15:53:04.224 I/art     ( 1330): option[38]=--instruction-set-features=default
05-30 15:53:04.225 I/art     ( 1330): option[39]=-Xcompiler-option
05-30 15:53:04.225 I/art     ( 1330): option[40]=--instruction-set-features=default
05-30 15:53:04.225 I/art     ( 1330): option[41]=-Duser.locale=en-US
05-30 15:53:04.225 I/art     ( 1330): option[42]=--cpu-abilist=x86
05-30 15:53:04.225 I/art     ( 1330): option[43]=-Xfingerprint:Android/sdk_phone_x86_64/generic_x86_64:7.1.1/NYC/4931657:userdebug/test-keys
05-30 15:53:08.357 E/ipv6proxy( 1898): Failed to forward Router Advertisement from eth0 to wlan1: Network is unreachable
05-30 15:53:08.358 E/ipv6proxy( 1898): Failed to forward Router Advertisement from eth0 to radio0-peer: Cannot assign requested address
05-30 15:53:08.702 D/ICU     ( 1329): No timezone override file found: /data/misc/zoneinfo/current/icu/icu_tzdata.dat
05-30 15:53:08.858 E/hostapd ( 1907): Configuration file: /system/etc/simulated_hostapd.conf
05-30 15:53:09.724 I/hostapd ( 1907): rfkill: Cannot get wiphy information
05-30 15:53:09.728 I/hostapd ( 1907): nl80211: Could not re-add multicast membership for vendor events: -2 (No such file or directory)
05-30 15:53:09.729 I/hostapd ( 1907): wlan1: interface state UNINITIALIZED->COUNTRY_UPDATE
05-30 15:53:12.349 E/ipv6proxy( 1898): Failed to forward Router Advertisement from eth0 to wlan1: Network is unreachable
05-30 15:53:13.894 E/memtrack( 1329): Couldn't load memtrack module (No such file or directory)
05-30 15:53:13.894 E/android.os.Debug( 1329): failed to load memtrack module: -2
05-30 15:53:14.072 I/Radio-JNI( 1329): register_android_hardware_Radio DONE
05-30 15:53:14.388 D/ICU     ( 1330): No timezone override file found: /data/misc/zoneinfo/current/icu/icu_tzdata.dat
05-30 15:53:14.649 I/SamplingProfilerIntegration( 1329): Profiling disabled.
05-30 15:53:14.692 D/Zygote  ( 1329): begin preload
05-30 15:53:14.692 I/Zygote  ( 1329): Installing ICU cache reference pinning...
05-30 15:53:14.700 I/Zygote  ( 1329): Preloading ICU data...
05-30 15:53:14.845 I/hostapd ( 1907): wlan1: interface state COUNTRY_UPDATE->HT_SCAN
05-30 15:53:16.314 E/hostapd ( 1907): Using interface wlan1 with hwaddr 02:00:00:00:01:00 and ssid "AndroidWifi"
05-30 15:53:16.393 I/hostapd ( 1907): wlan1: interface state HT_SCAN->ENABLED
05-30 15:53:16.393 I/hostapd ( 1907): wlan1: AP-ENABLED 
05-30 15:53:17.679 I/Zygote  ( 1329): Preloading classes...
05-30 15:53:17.875 W/Zygote  ( 1329): Class not found for preloading: [Landroid.view.Display$ColorTransform;
05-30 15:53:19.754 E/memtrack( 1330): Couldn't load memtrack module (No such file or directory)
05-30 15:53:19.754 E/android.os.Debug( 1330): failed to load memtrack module: -2
05-30 15:53:19.922 I/Radio-JNI( 1330): register_android_hardware_Radio DONE
05-30 15:53:20.456 I/SamplingProfilerIntegration( 1330): Profiling disabled.
05-30 15:53:20.618 D/Zygote  ( 1330): begin preload
05-30 15:53:20.618 I/Zygote  ( 1330): Installing ICU cache reference pinning...
05-30 15:53:20.650 I/Zygote  ( 1330): Preloading ICU data...
05-30 15:53:23.643 I/Zygote  ( 1330): Preloading classes...
05-30 15:53:24.154 W/Zygote  ( 1330): Class not found for preloading: [Landroid.view.Display$ColorTransform;
05-30 15:53:26.685 E/Typeface( 1329): Error mapping font file /system/fonts/DroidSansFallback.ttf
05-30 15:53:30.104 E/Typeface( 1330): Error mapping font file /system/fonts/DroidSansFallback.ttf
05-30 15:53:32.809 W/art     ( 1329): Suspending all threads took: 15.999ms
05-30 15:53:33.131 I/art     ( 1329): Background concurrent mark sweep GC freed 21948(2MB) AllocSpace objects, 115(2MB) LOS objects, 33% free, 2MB/4MB, paused 25.020ms total 695.648ms
05-30 15:53:33.951 I/art     ( 1329): Thread[1,tid=1329,Native,Thread*=0x7c095b295a00,peer=0x12c060d0,"main"] recursive attempt to load library "/system/lib64/libmedia_jni.so"
05-30 15:53:33.992 D/MtpDeviceJNI( 1329): register_android_mtp_MtpDevice
05-30 15:53:34.003 I/art     ( 1329): Thread[1,tid=1329,Native,Thread*=0x7c095b295a00,peer=0x12c060d0,"main"] recursive attempt to load library "/system/lib64/libmedia_jni.so"
05-30 15:53:34.004 I/art     ( 1329): Thread[1,tid=1329,Native,Thread*=0x7c095b295a00,peer=0x12c060d0,"main"] recursive attempt to load library "/system/lib64/libmedia_jni.so"
05-30 15:53:36.815 I/art     ( 1330): Background concurrent mark sweep GC freed 21946(2MB) AllocSpace objects, 96(1764KB) LOS objects, 33% free, 3MB/5MB, paused 3.196ms total 813.426ms
05-30 15:53:38.067 I/art     ( 1330): Thread[1,tid=1330,Native,Thread*=0xe968b400,peer=0x12c060d0,"main"] recursive attempt to load library "/system/lib/libmedia_jni.so"
05-30 15:53:38.162 D/MtpDeviceJNI( 1330): register_android_mtp_MtpDevice
05-30 15:53:38.165 I/art     ( 1330): Thread[1,tid=1330,Native,Thread*=0xe968b400,peer=0x12c060d0,"main"] recursive attempt to load library "/system/lib/libmedia_jni.so"
05-30 15:53:38.167 I/art     ( 1330): Thread[1,tid=1330,Native,Thread*=0xe968b400,peer=0x12c060d0,"main"] recursive attempt to load library "/system/lib/libmedia_jni.so"
05-30 15:53:38.557 W/Zygote  ( 1329): Class not found for preloading: android.view.Display$ColorTransform
05-30 15:53:38.558 W/Zygote  ( 1329): Class not found for preloading: android.view.Display$ColorTransform$1
05-30 15:53:39.548 I/art     ( 1329): Background sticky concurrent mark sweep GC freed 9102(2MB) AllocSpace objects, 15(260KB) LOS objects, 65% free, 1563KB/4MB, paused 2.001ms total 501.394ms
05-30 15:53:41.943 W/Zygote  ( 1330): Class not found for preloading: android.view.Display$ColorTransform
05-30 15:53:41.945 W/Zygote  ( 1330): Class not found for preloading: android.view.Display$ColorTransform$1
05-30 15:53:43.859 I/System  ( 1329): Loaded time zone names for "" in 1643ms (1631ms in ICU)
05-30 15:53:44.922 I/System  ( 1329): Loaded time zone names for "en_US" in 1061ms (944ms in ICU)
05-30 15:53:45.121 W/art     ( 1330): Suspending all threads took: 57.140ms
05-30 15:53:45.418 I/art     ( 1330): Background sticky concurrent mark sweep GC freed 18412(2MB) AllocSpace objects, 33(620KB) LOS objects, 70% free, 1620KB/5MB, paused 62.011ms total 683.990ms
05-30 15:53:46.293 I/Zygote  ( 1329): ...preloaded 4158 classes in 28614ms.
05-30 15:53:46.295 I/art     ( 1329): VMRuntime.preloadDexCaches starting
05-30 15:53:46.469 I/System  ( 1330): Loaded time zone names for "" in 1410ms (1331ms in ICU)
05-30 15:53:47.637 I/System  ( 1330): Loaded time zone names for "en_US" in 1081ms (1013ms in ICU)
05-30 15:53:49.238 I/Zygote  ( 1330): ...preloaded 4158 classes in 25594ms.
05-30 15:53:49.292 I/art     ( 1330): VMRuntime.preloadDexCaches starting
05-30 15:53:49.480 I/art     ( 1329): VMRuntime.preloadDexCaches strings total=283712 before=39625 after=39625
05-30 15:53:49.481 I/art     ( 1329): VMRuntime.preloadDexCaches types total=23581 before=7877 after=7904
05-30 15:53:49.481 I/art     ( 1329): VMRuntime.preloadDexCaches fields total=112007 before=40903 after=41117
05-30 15:53:49.481 I/art     ( 1329): VMRuntime.preloadDexCaches methods total=197534 before=82457 after=83017
05-30 15:53:49.481 I/art     ( 1329): VMRuntime.preloadDexCaches finished
05-30 15:53:49.484 I/Zygote  ( 1329): Preloading resources...
05-30 15:53:51.117 I/art     ( 1330): VMRuntime.preloadDexCaches strings total=283712 before=39625 after=39625
05-30 15:53:51.118 I/art     ( 1330): VMRuntime.preloadDexCaches types total=23581 before=7877 after=7904
05-30 15:53:51.118 I/art     ( 1330): VMRuntime.preloadDexCaches fields total=112007 before=40903 after=41117
05-30 15:53:51.118 I/art     ( 1330): VMRuntime.preloadDexCaches methods total=197534 before=82457 after=83017
05-30 15:53:51.118 I/art     ( 1330): VMRuntime.preloadDexCaches finished
05-30 15:53:51.155 I/Zygote  ( 1330): Preloading resources...
05-30 15:53:51.726 W/Resources( 1329): Preloaded drawable resource #0x108025c (android:drawable/dialog_background_material) that varies with configuration!!
05-30 15:53:51.818 W/Resources( 1329): Preloaded drawable resource #0x1080298 (android:drawable/editbox_dropdown_background_dark) that varies with configuration!!
05-30 15:53:52.105 W/Resources( 1329): Preloaded color resource #0x10600e2 (android:color/material_grey_800) that varies with configuration!!
05-30 15:53:52.105 W/Resources( 1329): Preloaded drawable resource #0x10802c9 (android:drawable/floating_popup_background_dark) that varies with configuration!!
05-30 15:53:53.766 I/art     ( 1329): Background concurrent mark sweep GC freed 19176(1206KB) AllocSpace objects, 3(60KB) LOS objects, 53% free, 3MB/7MB, paused 1.936ms total 417.776ms
05-30 15:53:54.300 W/Resources( 1329): Preloaded drawable resource #0x108030b (android:drawable/ic_clear_disabled) that varies with configuration!!
05-30 15:53:54.427 W/Resources( 1329): Preloaded drawable resource #0x1080310 (android:drawable/ic_clear_normal) that varies with configuration!!
05-30 15:53:54.497 W/Resources( 1330): Preloaded drawable resource #0x108025c (android:drawable/dialog_background_material) that varies with configuration!!
05-30 15:53:54.566 W/Resources( 1329): Preloaded drawable resource #0x1080359 (android:drawable/ic_go) that varies with configuration!!
05-30 15:53:54.574 W/Resources( 1330): Preloaded drawable resource #0x1080298 (android:drawable/editbox_dropdown_background_dark) that varies with configuration!!
05-30 15:53:54.767 W/Resources( 1330): Preloaded color resource #0x10600e2 (android:color/material_grey_800) that varies with configuration!!
05-30 15:53:54.768 W/Resources( 1330): Preloaded drawable resource #0x10802c9 (android:drawable/floating_popup_background_dark) that varies with configuration!!
05-30 15:53:54.946 W/Resources( 1329): Preloaded drawable resource #0x1080038 (android:drawable/ic_menu_close_clear_cancel) that varies with configuration!!
05-30 15:53:55.037 W/Resources( 1329): Preloaded drawable resource #0x1080045 (android:drawable/ic_menu_more) that varies with configuration!!
05-30 15:53:55.645 W/Resources( 1329): Preloaded drawable resource #0x10804e8 (android:drawable/menu_background_fill_parent_width) that varies with configuration!!
05-30 15:53:55.834 W/Resources( 1330): Preloaded drawable resource #0x108030b (android:drawable/ic_clear_disabled) that varies with configuration!!
05-30 15:53:55.837 W/Resources( 1330): Preloaded drawable resource #0x1080310 (android:drawable/ic_clear_normal) that varies with configuration!!
05-30 15:53:55.984 W/Resources( 1330): Preloaded drawable resource #0x1080359 (android:drawable/ic_go) that varies with configuration!!
05-30 15:53:56.384 W/Resources( 1330): Preloaded drawable resource #0x1080038 (android:drawable/ic_menu_close_clear_cancel) that varies with configuration!!
05-30 15:53:56.583 W/Resources( 1330): Preloaded drawable resource #0x1080045 (android:drawable/ic_menu_more) that varies with configuration!!
05-30 15:53:57.145 W/Resources( 1330): Preloaded drawable resource #0x10804e8 (android:drawable/menu_background_fill_parent_width) that varies with configuration!!
05-30 15:53:57.922 I/art     ( 1330): Background concurrent mark sweep GC freed 10523(594KB) AllocSpace objects, 7(192KB) LOS objects, 46% free, 4MB/8MB, paused 3.252ms total 496.344ms
05-30 15:53:58.422 W/Resources( 1329): Preloaded drawable resource #0x108077e (android:drawable/text_edit_paste_window) that varies with configuration!!
05-30 15:53:58.664 W/Resources( 1329): Preloaded drawable resource #0x1080096 (android:drawable/toast_frame) that varies with configuration!!
05-30 15:53:58.665 I/Zygote  ( 1329): ...preloaded 114 resources in 9181ms.
05-30 15:53:59.067 W/Resources( 1329): Preloaded color resource #0x106010b (android:color/background_cache_hint_selector_material_dark) that varies with configuration!!
05-30 15:53:59.141 W/Resources( 1329): Preloaded color resource #0x1060110 (android:color/btn_default_material_dark) that varies with configuration!!
05-30 15:53:59.242 I/Zygote  ( 1329): ...preloaded 41 resources in 576ms.
05-30 15:53:59.244 D/libEGL  ( 1329): Emulator without GPU support detected. Fallback to legacy software renderer, qemu.gles is set to 0.
05-30 15:53:59.548 D/libEGL  ( 1329): loaded /system/lib64/egl/libGLES_android.so
05-30 15:53:59.599 W/Resources( 1330): Preloaded drawable resource #0x108077e (android:drawable/text_edit_paste_window) that varies with configuration!!
05-30 15:53:59.740 W/Resources( 1330): Preloaded drawable resource #0x1080096 (android:drawable/toast_frame) that varies with configuration!!
05-30 15:53:59.801 I/Zygote  ( 1330): ...preloaded 114 resources in 8646ms.
05-30 15:54:00.100 W/Resources( 1330): Preloaded color resource #0x106010b (android:color/background_cache_hint_selector_material_dark) that varies with configuration!!
05-30 15:54:00.204 W/Resources( 1330): Preloaded color resource #0x1060110 (android:color/btn_default_material_dark) that varies with configuration!!
05-30 15:54:00.315 I/Zygote  ( 1330): ...preloaded 41 resources in 513ms.
05-30 15:54:00.318 D/libEGL  ( 1330): Emulator without GPU support detected. Fallback to legacy software renderer, qemu.gles is set to 0.
05-30 15:54:00.504 D/libEGL  ( 1330): loaded /system/lib/egl/libGLES_android.so
05-30 15:54:00.754 I/Zygote  ( 1329): Preloading shared libraries...
05-30 15:54:01.022 E/Hyphenator( 1329): error loading hyphenation /system/usr/hyphen-data/hyph-as.hyb
05-30 15:54:01.022 E/Hyphenator( 1329): java.io.FileNotFoundException: /system/usr/hyphen-data/hyph-as.hyb: open failed: ENOENT (No such file or directory)
05-30 15:54:01.022 E/Hyphenator( 1329): 	at libcore.io.IoBridge.open(IoBridge.java:455)
05-30 15:54:01.022 E/Hyphenator( 1329): 	at java.io.RandomAccessFile.<init>(RandomAccessFile.java:247)
05-30 15:54:01.022 E/Hyphenator( 1329): 	at android.text.Hyphenator.loadHyphenator(Hyphenator.java:118)
05-30 15:54:01.022 E/Hyphenator( 1329): 	at android.text.Hyphenator.init(Hyphenator.java:224)
05-30 15:54:01.022 E/Hyphenator( 1329): 	at com.android.internal.os.ZygoteInit.preloadTextResources(ZygoteInit.java:252)
05-30 15:54:01.022 E/Hyphenator( 1329): 	at com.android.internal.os.ZygoteInit.preload(ZygoteInit.java:206)
05-30 15:54:01.022 E/Hyphenator( 1329): 	at com.android.internal.os.ZygoteInit.main(ZygoteInit.java:743)
05-30 15:54:01.022 E/Hyphenator( 1329): Caused by: android.system.ErrnoException: open failed: ENOENT (No such file or directory)
05-30 15:54:01.022 E/Hyphenator( 1329): 	at libcore.io.Posix.open(Native Method)
05-30 15:54:01.022 E/Hyphenator( 1329): 	at libcore.io.BlockGuardOs.open(BlockGuardOs.java:187)
05-30 15:54:01.022 E/Hyphenator( 1329): 	at libcore.io.IoBridge.open(IoBridge.java:441)
05-30 15:54:01.022 E/Hyphenator( 1329): 	... 6 more
05-30 15:54:01.025 E/Hyphenator( 1329): error loading hyphenation /system/usr/hyphen-data/hyph-bn.hyb
05-30 15:54:01.025 E/Hyphenator( 1329): java.io.FileNotFoundException: /system/usr/hyphen-data/hyph-bn.hyb: open failed: ENOENT (No such file or directory)
05-30 15:54:01.025 E/Hyphenator( 1329): 	at libcore.io.IoBridge.open(IoBridge.java:455)
05-30 15:54:01.025 E/Hyphenator( 1329): 	at java.io.RandomAccessFile.<init>(RandomAccessFile.java:247)
05-30 15:54:01.025 E/Hyphenator( 1329): 	at android.text.Hyphenator.loadHyphenator(Hyphenator.java:118)
05-30 15:54:01.025 E/Hyphenator( 1329): 	at android.text.Hyphenator.init(Hyphenator.java:224)
05-30 15:54:01.025 E/Hyphenator( 1329): 	at com.android.internal.os.ZygoteInit.preloadTextResources(ZygoteInit.java:252)
05-30 15:54:01.025 E/Hyphenator( 1329): 	at com.android.internal.os.ZygoteInit.preload(ZygoteInit.java:206)
05-30 15:54:01.025 E/Hyphenator( 1329): 	at com.android.internal.os.ZygoteInit.main(ZygoteInit.java:743)
05-30 15:54:01.025 E/Hyphenator( 1329): Caused by: android.system.ErrnoException: open failed: ENOENT (No such file or directory)
05-30 15:54:01.025 E/Hyphenator( 1329): 	at libcore.io.Posix.open(Native Method)
05-30 15:54:01.025 E/Hyphenator( 1329): 	at libcore.io.BlockGuardOs.open(BlockGuardOs.java:187)
05-30 15:54:01.025 E/Hyphenator( 1329): 	at libcore.io.IoBridge.open(IoBridge.java:441)
05-30 15:54:01.025 E/Hyphenator( 1329): 	... 6 more
05-30 15:54:01.027 E/Hyphenator( 1329): error loading hyphenation /system/usr/hyphen-data/hyph-cy.hyb
05-30 15:54:01.027 E/Hyphenator( 1329): java.io.FileNotFoundException: /system/usr/hyphen-data/hyph-cy.hyb: open failed: ENOENT (No such file or directory)
05-30 15:54:01.027 E/Hyphenator( 1329): 	at libcore.io.IoBridge.open(IoBridge.java:455)
05-30 15:54:01.027 E/Hyphenator( 1329): 	at java.io.RandomAccessFile.<init>(RandomAccessFile.java:247)
05-30 15:54:01.027 E/Hyphenator( 1329): 	at android.text.Hyphenator.loadHyphenator(Hyphenator.java:118)
05-30 15:54:01.027 E/Hyphenator( 1329): 	at android.text.Hyphenator.init(Hyphenator.java:224)
05-30 15:54:01.027 E/Hyphenator( 1329): 	at com.android.internal.os.ZygoteInit.preloadTextResources(ZygoteInit.java:252)
05-30 15:54:01.027 E/Hyphenator( 1329): 	at com.android.internal.os.ZygoteInit.preload(ZygoteInit.java:206)
05-30 15:54:01.027 E/Hyphenator( 1329): 	at com.android.internal.os.ZygoteInit.main(ZygoteInit.java:743)
05-30 15:54:01.027 E/Hyphenator( 1329): Caused by: android.system.ErrnoException: open failed: ENOENT (No such file or directory)
05-30 15:54:01.027 E/Hyphenator( 1329): 	at libcore.io.Posix.open(Native Method)
05-30 15:54:01.027 E/Hyphenator( 1329): 	at libcore.io.BlockGuardOs.open(BlockGuardOs.java:187)
05-30 15:54:01.027 E/Hyphenator( 1329): 	at libcore.io.IoBridge.open(IoBridge.java:441)
05-30 15:54:01.027 E/Hyphenator( 1329): 	... 6 more
05-30 15:54:01.028 E/Hyphenator( 1329): error loading hyphenation /system/usr/hyphen-data/hyph-da.hyb
05-30 15:54:01.028 E/Hyphenator( 1329): java.io.FileNotFoundException: /system/usr/hyphen-data/hyph-da.hyb: open failed: ENOENT (No such file or directory)
05-30 15:54:01.028 E/Hyphenator( 1329): 	at libcore.io.IoBridge.open(IoBridge.java:455)
05-30 15:54:01.028 E/Hyphenator( 1329): 	at java.io.RandomAccessFile.<init>(RandomAccessFile.java:247)
05-30 15:54:01.028 E/Hyphenator( 1329): 	at android.text.Hyphenator.loadHyphenator(Hyphenator.java:118)
05-30 15:54:01.028 E/Hyphenator( 1329): 	at android.text.Hyphenator.init(Hyphenator.java:224)
05-30 15:54:01.028 E/Hyphenator( 1329): 	at com.android.internal.os.ZygoteInit.preloadTextResources(ZygoteInit.java:252)
05-30 15:54:01.028 E/Hyphenator( 1329): 	at com.android.internal.os.ZygoteInit.preload(ZygoteInit.java:206)
05-30 15:54:01.028 E/Hyphenator( 1329): 	at com.android.internal.os.ZygoteInit.main(ZygoteInit.java:743)
05-30 15:54:01.028 E/Hyphenator( 1329): Caused by: android.system.ErrnoException: open failed: ENOENT (No such file or directory)
05-30 15:54:01.028 E/Hyphenator( 1329): 	at libcore.io.Posix.open(Native Method)
05-30 15:54:01.028 E/Hyphenator( 1329): 	at libcore.io.BlockGuardOs.open(BlockGuardOs.java:187)
05-30 15:54:01.028 E/Hyphenator( 1329): 	at libcore.io.IoBridge.open(IoBridge.java:441)
05-30 15:54:01.028 E/Hyphenator( 1329): 	... 6 more
05-30 15:54:01.061 E/Hyphenator( 1329): error loading hyphenation /system/usr/hyphen-data/hyph-de-1901.hyb
05-30 15:54:01.061 E/Hyphenator( 1329): java.io.FileNotFoundException: /system/usr/hyphen-data/hyph-de-1901.hyb: open failed: ENOENT (No such file or directory)
05-30 15:54:01.061 E/Hyphenator( 1329): 	at libcore.io.IoBridge.open(IoBridge.java:455)
05-30 15:54:01.061 E/Hyphenator( 1329): 	at java.io.RandomAccessFile.<init>(RandomAccessFile.java:247)
05-30 15:54:01.061 E/Hyphenator( 1329): 	at android.text.Hyphenator.loadHyphenator(Hyphenator.java:118)
05-30 15:54:01.061 E/Hyphenator( 1329): 	at android.text.Hyphenator.init(Hyphenator.java:224)
05-30 15:54:01.061 E/Hyphenator( 1329): 	at com.android.internal.os.ZygoteInit.preloadTextResources(ZygoteInit.java:252)
05-30 15:54:01.061 E/Hyphenator( 1329): 	at com.android.internal.os.ZygoteInit.preload(ZygoteInit.java:206)
05-30 15:54:01.061 E/Hyphenator( 1329): 	at com.android.internal.os.ZygoteInit.main(ZygoteInit.java:743)
05-30 15:54:01.061 E/Hyphenator( 1329): Caused by: android.system.ErrnoException: open failed: ENOENT (No such file or directory)
05-30 15:54:01.061 E/Hyphenator( 1329): 	at libcore.io.Posix.open(Native Method)
05-30 15:54:01.061 E/Hyphenator( 1329): 	at libcore.io.BlockGuardOs.open(BlockGuardOs.java:187)
05-30 15:54:01.061 E/Hyphenator( 1329): 	at libcore.io.IoBridge.open(IoBridge.java:441)
05-30 15:54:01.061 E/Hyphenator( 1329): 	... 6 more
05-30 15:54:01.063 E/Hyphenator( 1329): error loading hyphenation /system/usr/hyphen-data/hyph-de-1996.hyb
05-30 15:54:01.063 E/Hyphenator( 1329): java.io.FileNotFoundException: /system/usr/hyphen-data/hyph-de-1996.hyb: open failed: ENOENT (No such file or directory)
05-30 15:54:01.063 E/Hyphenator( 1329): 	at libcore.io.IoBridge.open(IoBridge.java:455)
05-30 15:54:01.063 E/Hyphenator( 1329): 	at java.io.RandomAccessFile.<init>(RandomAccessFile.java:247)
05-30 15:54:01.063 E/Hyphenator( 1329): 	at android.text.Hyphenator.loadHyphenator(Hyphenator.java:118)
05-30 15:54:01.063 E/Hyphenator( 1329): 	at android.text.Hyphenator.init(Hyphenator.java:224)
05-30 15:54:01.063 E/Hyphenator( 1329): 	at com.android.internal.os.ZygoteInit.preloadTextResources(ZygoteInit.java:252)
05-30 15:54:01.063 E/Hyphenator( 1329): 	at com.android.internal.os.ZygoteInit.preload(ZygoteInit.java:206)
05-30 15:54:01.063 E/Hyphenator( 1329): 	at com.android.internal.os.ZygoteInit.main(ZygoteInit.java:743)
05-30 15:54:01.063 E/Hyphenator( 1329): Caused by: android.system.ErrnoException: open failed: ENOENT (No such file or directory)
05-30 15:54:01.063 E/Hyphenator( 1329): 	at libcore.io.Posix.open(Native Method)
05-30 15:54:01.063 E/Hyphenator( 1329): 	at libcore.io.BlockGuardOs.open(BlockGuardOs.java:187)
05-30 15:54:01.063 E/Hyphenator( 1329): 	at libcore.io.IoBridge.open(IoBridge.java:441)
05-30 15:54:01.063 E/Hyphenator( 1329): 	... 6 more
05-30 15:54:01.065 E/Hyphenator( 1329): error loading hyphenation /system/usr/hyphen-data/hyph-de-ch-1901.hyb
05-30 15:54:01.065 E/Hyphenator( 1329): java.io.FileNotFoundException: /system/usr/hyphen-data/hyph-de-ch-1901.hyb: open failed: ENOENT (No such file or directory)
05-30 15:54:01.065 E/Hyphenator( 1329): 	at libcore.io.IoBridge.open(IoBridge.java:455)
05-30 15:54:01.065 E/Hyphenator( 1329): 	at java.io.RandomAccessFile.<init>(RandomAccessFile.java:247)
05-30 15:54:01.065 E/Hyphenator( 1329): 	at android.text.Hyphenator.loadHyphenator(Hyphenator.java:118)
05-30 15:54:01.065 E/Hyphenator( 1329): 	at android.text.Hyphenator.init(Hyphenator.java:224)
05-30 15:54:01.065 E/Hyphenator( 1329): 	at com.android.internal.os.ZygoteInit.preloadTextResources(ZygoteInit.java:252)
05-30 15:54:01.065 E/Hyphenator( 1329): 	at com.android.internal.os.ZygoteInit.preload(ZygoteInit.java:206)
05-30 15:54:01.065 E/Hyphenator( 1329): 	at com.android.internal.os.ZygoteInit.main(ZygoteInit.java:743)
05-30 15:54:01.065 E/Hyphenator( 1329): Caused by: android.system.ErrnoException: open failed: ENOENT (No such file or directory)
05-30 15:54:01.065 E/Hyphenator( 1329): 	at libcore.io.Posix.open(Native Method)
05-30 15:54:01.065 E/Hyphenator( 1329): 	at libcore.io.BlockGuardOs.open(BlockGuardOs.java:187)
05-30 15:54:01.065 E/Hyphenator( 1329): 	at libcore.io.IoBridge.open(IoBridge.java:441)
05-30 15:54:01.065 E/Hyphenator( 1329): 	... 6 more
05-30 15:54:01.067 E/Hyphenator( 1329): error loading hyphenation /system/usr/hyphen-data/hyph-en-gb.hyb
05-30 15:54:01.067 E/Hyphenator( 1329): java.io.FileNotFoundException: /system/usr/hyphen-data/hyph-en-gb.hyb: open failed: ENOENT (No such file or directory)
05-30 15:54:01.067 E/Hyphenator( 1329): 	at libcore.io.IoBridge.open(IoBridge.java:455)
05-30 15:54:01.067 E/Hyphenator( 1329): 	at java.io.RandomAccessFile.<init>(RandomAccessFile.java:247)
05-30 15:54:01.067 E/Hyphenator( 1329): 	at android.text.Hyphenator.loadHyphenator(Hyphenator.java:118)
05-30 15:54:01.067 E/Hyphenator( 1329): 	at android.text.Hyphenator.init(Hyphenator.java:224)
05-30 15:54:01.067 E/Hyphenator( 1329): 	at com.android.internal.os.ZygoteInit.preloadTextResources(ZygoteInit.java:252)
05-30 15:54:01.067 E/Hyphenator( 1329): 	at com.android.internal.os.ZygoteInit.preload(ZygoteInit.java:206)
05-30 15:54:01.067 E/Hyphenator( 1329): 	at com.android.internal.os.ZygoteInit.main(ZygoteInit.java:743)
05-30 15:54:01.067 E/Hyphenator( 1329): Caused by: android.system.ErrnoException: open failed: ENOENT (No such file or directory)
05-30 15:54:01.067 E/Hyphenator( 1329): 	at libcore.io.Posix.open(Native Method)
05-30 15:54:01.067 E/Hyphenator( 1329): 	at libcore.io.BlockGuardOs.open(BlockGuardOs.java:187)
05-30 15:54:01.067 E/Hyphenator( 1329): 	at libcore.io.IoBridge.open(IoBridge.java:441)
05-30 15:54:01.067 E/Hyphenator( 1329): 	... 6 more
05-30 15:54:01.069 E/Hyphenator( 1329): error loading hyphenation /system/usr/hyphen-data/hyph-en-us.hyb
05-30 15:54:01.069 E/Hyphenator( 1329): java.io.FileNotFoundException: /system/usr/hyphen-data/hyph-en-us.hyb: open failed: ENOENT (No such file or directory)
05-30 15:54:01.069 E/Hyphenator( 1329): 	at libcore.io.IoBridge.open(IoBridge.java:455)
05-30 15:54:01.069 E/Hyphenator( 1329): 	at java.io.RandomAccessFile.<init>(RandomAccessFile.java:247)
05-30 15:54:01.069 E/Hyphenator( 1329): 	at android.text.Hyphenator.loadHyphenator(Hyphenator.java:118)
05-30 15:54:01.069 E/Hyphenator( 1329): 	at android.text.Hyphenator.init(Hyphenator.java:224)
05-30 15:54:01.069 E/Hyphenator( 1329): 	at com.android.internal.os.ZygoteInit.preloadTextResources(ZygoteInit.java:252)
05-30 15:54:01.069 E/Hyphenator( 1329): 	at com.android.internal.os.ZygoteInit.preload(ZygoteInit.java:206)
05-30 15:54:01.069 E/Hyphenator( 1329): 	at com.android.internal.os.ZygoteInit.main(ZygoteInit.java:743)
05-30 15:54:01.069 E/Hyphenator( 1329): Caused by: android.system.ErrnoException: open failed: ENOENT (No such file or directory)
05-30 15:54:01.069 E/Hyphenator( 1329): 	at libcore.io.Posix.open(Native Method)
05-30 15:54:01.069 E/Hyphenator( 1329): 	at libcore.io.BlockGuardOs.open(BlockGuardOs.java:187)
05-30 15:54:01.069 E/Hyphenator( 1329): 	at libcore.io.IoBridge.open(IoBridge.java:441)
05-30 15:54:01.069 E/Hyphenator( 1329): 	... 6 more
05-30 15:54:01.091 E/Hyphenator( 1329): error loading hyphenation /system/usr/hyphen-data/hyph-es.hyb
05-30 15:54:01.091 E/Hyphenator( 1329): java.io.FileNotFoundException: /system/usr/hyphen-data/hyph-es.hyb: open failed: ENOENT (No such file or directory)
05-30 15:54:01.091 E/Hyphenator( 1329): 	at libcore.io.IoBridge.open(IoBridge.java:455)
05-30 15:54:01.091 E/Hyphenator( 1329): 	at java.io.RandomAccessFile.<init>(RandomAccessFile.java:247)
05-30 15:54:01.091 E/Hyphenator( 1329): 	at android.text.Hyphenator.loadHyphenator(Hyphenator.java:118)
05-30 15:54:01.091 E/Hyphenator( 1329): 	at android.text.Hyphenator.init(Hyphenator.java:224)
05-30 15:54:01.091 E/Hyphenator( 1329): 	at com.android.internal.os.ZygoteInit.preloadTextResources(ZygoteInit.java:252)
05-30 15:54:01.091 E/Hyphenator( 1329): 	at com.android.internal.os.ZygoteInit.preload(ZygoteInit.java:206)
05-30 15:54:01.091 E/Hyphenator( 1329): 	at com.android.internal.os.ZygoteInit.main(ZygoteInit.java:743)
05-30 15:54:01.091 E/Hyphenator( 1329): Caused by: android.system.ErrnoException: open failed: ENOENT (No such file or directory)
05-30 15:54:01.091 E/Hyphenator( 1329): 	at libcore.io.Posix.open(Native Method)
05-30 15:54:01.091 E/Hyphenator( 1329): 	at libcore.io.BlockGuardOs.open(BlockGuardOs.java:187)
05-30 15:54:01.091 E/Hyphenator( 1329): 	at libcore.io.IoBridge.open(IoBridge.java:441)
05-30 15:54:01.091 E/Hyphenator( 1329): 	... 6 more
05-30 15:54:01.093 E/Hyphenator( 1329): error loading hyphenation /system/usr/hyphen-data/hyph-et.hyb
05-30 15:54:01.093 E/Hyphenator( 1329): java.io.FileNotFoundException: /system/usr/hyphen-data/hyph-et.hyb: open failed: ENOENT (No such file or directory)
05-30 15:54:01.093 E/Hyphenator( 1329): 	at libcore.io.IoBridge.open(IoBridge.java:455)
05-30 15:54:01.093 E/Hyphenator( 1329): 	at java.io.RandomAccessFile.<init>(RandomAccessFile.java:247)
05-30 15:54:01.093 E/Hyphenator( 1329): 	at android.text.Hyphenator.loadHyphenator(Hyphenator.java:118)
05-30 15:54:01.093 E/Hyphenator( 1329): 	at android.text.Hyphenator.init(Hyphenator.java:224)
05-30 15:54:01.093 E/Hyphenator( 1329): 	at com.android.internal.os.ZygoteInit.preloadTextResources(ZygoteInit.java:252)
05-30 15:54:01.093 E/Hyphenator( 1329): 	at com.android.internal.os.ZygoteInit.preload(ZygoteInit.java:206)
05-30 15:54:01.093 E/Hyphenator( 1329): 	at com.android.internal.os.ZygoteInit.main(ZygoteInit.java:743)
05-30 15:54:01.093 E/Hyphenator( 1329): Caused by: android.system.ErrnoException: open failed: ENOENT (No such file or directory)
05-30 15:54:01.093 E/Hyphenator( 1329): 	at libcore.io.Posix.open(Native Method)
05-30 15:54:01.093 E/Hyphenator( 1329): 	at libcore.io.BlockGuardOs.open(BlockGuardOs.java:187)
05-30 15:54:01.093 E/Hyphenator( 1329): 	at libcore.io.IoBridge.open(IoBridge.java:441)
05-30 15:54:01.093 E/Hyphenator( 1329): 	... 6 more
05-30 15:54:01.095 E/Hyphenator( 1329): error loading hyphenation /system/usr/hyphen-data/hyph-eu.hyb
05-30 15:54:01.095 E/Hyphenator( 1329): java.io.FileNotFoundException: /system/usr/hyphen-data/hyph-eu.hyb: open failed: ENOENT (No such file or directory)
05-30 15:54:01.095 E/Hyphenator( 1329): 	at libcore.io.IoBridge.open(IoBridge.java:455)
05-30 15:54:01.095 E/Hyphenator( 1329): 	at java.io.RandomAccessFile.<init>(RandomAccessFile.java:247)
05-30 15:54:01.095 E/Hyphenator( 1329): 	at android.text.Hyphenator.loadHyphenator(Hyphenator.java:118)
05-30 15:54:01.095 E/Hyphenator( 1329): 	at android.text.Hyphenator.init(Hyphenator.java:224)
05-30 15:54:01.095 E/Hyphenator( 1329): 	at com.android.internal.os.ZygoteInit.preloadTextResources(ZygoteInit.java:252)
05-30 15:54:01.095 E/Hyphenator( 1329): 	at com.android.internal.os.ZygoteInit.preload(ZygoteInit.java:206)
05-30 15:54:01.095 E/Hyphenator( 1329): 	at com.android.internal.os.ZygoteInit.main(ZygoteInit.java:743)
05-30 15:54:01.095 E/Hyphenator( 1329): Caused by: android.system.ErrnoException: open failed: ENOENT (No such file or directory)
05-30 15:54:01.095 E/Hyphenator( 1329): 	at libcore.io.Posix.open(Native Method)
05-30 15:54:01.095 E/Hyphenator( 1329): 	at libcore.io.BlockGuardOs.open(BlockGuardOs.java:187)
05-30 15:54:01.095 E/Hyphenator( 1329): 	at libcore.io.IoBridge.open(IoBridge.java:441)
05-30 15:54:01.095 E/Hyphenator( 1329): 	... 6 more
05-30 15:54:01.097 E/Hyphenator( 1329): error loading hyphenation /system/usr/hyphen-data/hyph-fr.hyb
05-30 15:54:01.097 E/Hyphenator( 1329): java.io.FileNotFoundException: /system/usr/hyphen-data/hyph-fr.hyb: open failed: ENOENT (No such file or directory)
05-30 15:54:01.097 E/Hyphenator( 1329): 	at libcore.io.IoBridge.open(IoBridge.java:455)
05-30 15:54:01.097 E/Hyphenator( 1329): 	at java.io.RandomAccessFile.<init>(RandomAccessFile.java:247)
05-30 15:54:01.097 E/Hyphenator( 1329): 	at android.text.Hyphenator.loadHyphenator(Hyphenator.java:118)
05-30 15:54:01.097 E/Hyphenator( 1329): 	at android.text.Hyphenator.init(Hyphenator.java:224)
05-30 15:54:01.097 E/Hyphenator( 1329): 	at com.android.internal.os.ZygoteInit.preloadTextResources(ZygoteInit.java:252)
05-30 15:54:01.097 E/Hyphenator( 1329): 	at com.android.internal.os.ZygoteInit.preload(ZygoteInit.java:206)
05-30 15:54:01.097 E/Hyphenator( 1329): 	at com.android.internal.os.ZygoteInit.main(ZygoteInit.java:743)
05-30 15:54:01.097 E/Hyphenator( 1329): Caused by: android.system.ErrnoException: open failed: ENOENT (No such file or directory)
05-30 15:54:01.097 E/Hyphenator( 1329): 	at libcore.io.Posix.open(Native Method)
05-30 15:54:01.097 E/Hyphenator( 1329): 	at libcore.io.BlockGuardOs.open(BlockGuardOs.java:187)
05-30 15:54:01.097 E/Hyphenator( 1329): 	at libcore.io.IoBridge.open(IoBridge.java:441)
05-30 15:54:01.097 E/Hyphenator( 1329): 	... 6 more
05-30 15:54:01.099 E/Hyphenator( 1329): error loading hyphenation /system/usr/hyphen-data/hyph-ga.hyb
05-30 15:54:01.099 E/Hyphenator( 1329): java.io.FileNotFoundException: /system/usr/hyphen-data/hyph-ga.hyb: open failed: ENOENT (No such file or directory)
05-30 15:54:01.099 E/Hyphenator( 1329): 	at libcore.io.IoBridge.open(IoBridge.java:455)
05-30 15:54:01.099 E/Hyphenator( 1329): 	at java.io.RandomAccessFile.<init>(RandomAccessFile.java:247)
05-30 15:54:01.099 E/Hyphenator( 1329): 	at android.text.Hyphenator.loadHyphenator(Hyphenator.java:118)
05-30 15:54:01.099 E/Hyphenator( 1329): 	at android.text.Hyphenator.init(Hyphenator.java:224)
05-30 15:54:01.099 E/Hyphenator( 1329): 	at com.android.internal.os.ZygoteInit.preloadTextResources(ZygoteInit.java:252)
05-30 15:54:01.099 E/Hyphenator( 1329): 	at com.android.internal.os.ZygoteInit.preload(ZygoteInit.java:206)
05-30 15:54:01.099 E/Hyphenator( 1329): 	at com.android.internal.os.ZygoteInit.main(ZygoteInit.java:743)
05-30 15:54:01.099 E/Hyphenator( 1329): Caused by: android.system.ErrnoException: open failed: ENOENT (No such file or directory)
05-30 15:54:01.099 E/Hyphenator( 1329): 	at libcore.io.Posix.open(Native Method)
05-30 15:54:01.099 E/Hyphenator( 1329): 	at libcore.io.BlockGuardOs.open(BlockGuardOs.java:187)
05-30 15:54:01.099 E/Hyphenator( 1329): 	at libcore.io.IoBridge.open(IoBridge.java:441)
05-30 15:54:01.099 E/Hyphenator( 1329): 	... 6 more
05-30 15:54:01.132 E/Hyphenator( 1329): error loading hyphenation /system/usr/hyphen-data/hyph-gu.hyb
05-30 15:54:01.132 E/Hyphenator( 1329): java.io.FileNotFoundException: /system/usr/hyphen-data/hyph-gu.hyb: open failed: ENOENT (No such file or directory)
05-30 15:54:01.132 E/Hyphenator( 1329): 	at libcore.io.IoBridge.open(IoBridge.java:455)
05-30 15:54:01.132 E/Hyphenator( 1329): 	at java.io.RandomAccessFile.<init>(RandomAccessFile.java:247)
05-30 15:54:01.132 E/Hyphenator( 1329): 	at android.text.Hyphenator.loadHyphenator(Hyphenator.java:118)
05-30 15:54:01.132 E/Hyphenator( 1329): 	at android.text.Hyphenator.init(Hyphenator.java:224)
05-30 15:54:01.132 E/Hyphenator( 1329): 	at com.android.internal.os.ZygoteInit.preloadTextResources(ZygoteInit.java:252)
05-30 15:54:01.132 E/Hyphenator( 1329): 	at com.android.internal.os.ZygoteInit.preload(ZygoteInit.java:206)
