06-01 08:41:06.328 E/hostapd ( 1923): nl80211 driver initialization failed.
06-01 08:41:06.328 I/hostapd ( 1923): wlan1: interface state UNINITIALIZED->DISABLED
06-01 08:41:06.329 I/hostapd ( 1923): wlan1: AP-DISABLED 
06-01 08:41:06.329 E/hostapd ( 1923): hostapd_free_hapd_data: Interface wlan1 wasn't started
06-01 08:41:06.694 E/ipv6proxy( 1925): Failed to get interface flags for wlan1: No such device
06-01 08:41:07.543 W/PackageManager( 1754): Permission com.android.launcher3.permission.READ_SETTINGS from package com.android.launcher3 in an unknown group android.permission-group.SYSTEM_TOOLS
06-01 08:41:07.543 W/PackageManager( 1754): Permission com.android.launcher3.permission.WRITE_SETTINGS from package com.android.launcher3 in an unknown group android.permission-group.SYSTEM_TOOLS
06-01 08:41:07.543 W/PackageManager( 1754): Permission com.android.launcher.permission.INSTALL_SHORTCUT from package com.android.launcher3 in an unknown group android.permission-group.SYSTEM_TOOLS
06-01 08:41:07.618 E/Netd    ( 1347): cannot find interface dummy0
06-01 08:41:07.909 D/MDnsDS  ( 1347): MDnsSdListener::Hander starting up
06-01 08:41:08.030 D/MDnsDS  ( 1347): MDnsSdListener starting to monitor
06-01 08:41:08.031 D/MDnsDS  ( 1347): Going to poll with pollCount 1
06-01 08:41:10.377 E/hostapd ( 1948): Configuration file: /system/etc/simulated_hostapd.conf
06-01 08:41:10.429 E/hostapd ( 1948): Could not read interface wlan1 flags: No such device
06-01 08:41:10.461 I/hostapd ( 1948): nl80211: Driver does not support authentication/association or connect commands
06-01 08:41:10.462 I/hostapd ( 1948): nl80211: deinit ifname=wlan1 disabled_11b_rates=0
06-01 08:41:10.489 E/hostapd ( 1948): Could not read interface wlan1 flags: No such device
06-01 08:41:10.490 E/hostapd ( 1948): nl80211 driver initialization failed.
06-01 08:41:10.490 I/hostapd ( 1948): wlan1: interface state UNINITIALIZED->DISABLED
06-01 08:41:10.490 I/hostapd ( 1948): wlan1: AP-DISABLED 
06-01 08:41:10.490 E/hostapd ( 1948): hostapd_free_hapd_data: Interface wlan1 wasn't started
06-01 08:41:10.525 D/PackageManager( 1754): No files in app dir /system/vendor/app
06-01 08:41:10.526 D/PackageManager( 1754): No files in app dir /oem/app
06-01 08:41:11.314 E/ipv6proxy( 1951): Failed to get interface flags for wlan1: No such device
06-01 08:41:12.061 W/PackageParser( 1754): No actions in intent filter at /data/app/ApiDemos/ApiDemos.apk Binary XML file line #3145
06-01 08:41:12.062 W/PackageParser( 1754): No actions in intent filter at /data/app/ApiDemos/ApiDemos.apk Binary XML file line #3151
06-01 08:41:12.095 W/PackageManager( 1754): Package com.example.android.apis desires unavailable shared library com.example.will.never.exist; ignoring!
06-01 08:41:12.165 I/SELinux ( 1754): SELinux: Loaded file_contexts contexts from /file_contexts.bin.
06-01 08:41:12.720 D/PackageManager( 1754): No files in app dir /data/app-private
06-01 08:41:12.725 D/PackageManager( 1754): No files in app dir /data/app-ephemeral
06-01 08:41:12.761 E/PackageManager( 1754): There should probably be exactly one setup wizard; found 0: matches=[]
06-01 08:41:12.762 W/PackageManager( 1754): Protected action; cap priority to 0; package: com.android.cts.priv.ctsshim activity: com.android.cts.priv.ctsshim.InstallPriority origPrio: 100
06-01 08:41:12.762 W/PackageManager( 1754): Protected action; cap priority to 0; package: com.android.cts.priv.ctsshim activity: com.android.cts.priv.ctsshim.InstallPriority origPrio: 100
06-01 08:41:12.762 W/PackageManager( 1754): Protected action; cap priority to 0; package: com.android.cts.priv.ctsshim activity: com.android.cts.priv.ctsshim.InstallPriority origPrio: 100
06-01 08:41:12.762 W/PackageManager( 1754): Protected action; cap priority to 0; package: com.android.cts.priv.ctsshim activity: com.android.cts.priv.ctsshim.InstallPriority origPrio: 100
06-01 08:41:12.762 W/PackageManager( 1754): Protected action; cap priority to 0; package: com.android.packageinstaller activity: com.android.packageinstaller.PackageInstallerActivity origPrio: 1
06-01 08:41:12.763 W/PackageManager( 1754): Package com.android.camera desires unavailable shared library com.google.android.media.effects; ignoring!
06-01 08:41:12.763 W/PackageManager( 1754): Package com.android.gallery3d desires unavailable shared library com.google.android.media.effects; ignoring!
06-01 08:41:12.763 W/PackageManager( 1754): Package com.android.gallery3d desires unavailable shared library com.google.android.media.effects; ignoring!
06-01 08:41:12.763 W/PackageManager( 1754): Package com.example.android.apis desires unavailable shared library com.example.will.never.exist; ignoring!
06-01 08:41:12.764 I/PackageManager( 1754): Adjusting ABI for com.android.providers.media to x86_64 (requirer=com.android.mtp, scannedPackage=null)
06-01 08:41:12.784 I/PackageManager( 1754): Adjusting ABI for com.android.providers.downloads to x86_64 (requirer=com.android.mtp, scannedPackage=null)
06-01 08:41:12.787 I/PackageManager( 1754): Adjusting ABI for com.android.providers.downloads.ui to x86_64 (requirer=com.android.mtp, scannedPackage=null)
06-01 08:41:12.789 I/PackageManager( 1754): Adjusting ABI for com.android.server.telecom to x86_64 (requirer=android, scannedPackage=null)
06-01 08:41:12.792 I/PackageManager( 1754): Adjusting ABI for com.android.keychain to x86_64 (requirer=android, scannedPackage=null)
06-01 08:41:12.794 I/PackageManager( 1754): Adjusting ABI for com.android.settings to x86_64 (requirer=android, scannedPackage=null)
06-01 08:41:12.796 I/PackageManager( 1754): Adjusting ABI for com.android.wallpaperbackup to x86_64 (requirer=android, scannedPackage=null)
06-01 08:41:12.798 I/PackageManager( 1754): Adjusting ABI for com.android.inputdevices to x86_64 (requirer=android, scannedPackage=null)
06-01 08:41:12.811 I/PackageManager( 1754): Adjusting ABI for com.android.providers.settings to x86_64 (requirer=android, scannedPackage=null)
06-01 08:41:12.814 I/PackageManager( 1754): Adjusting ABI for com.android.location.fused to x86_64 (requirer=android, scannedPackage=null)
06-01 08:41:12.863 I/PackageManager( 1754): Time to scan packages: 25.21 seconds
06-01 08:41:12.866 W/PackageManager( 1754): Unknown permission com.google.android.googleapps.permission.GOOGLE_AUTH in package com.android.providers.calendar
06-01 08:41:12.867 W/PackageManager( 1754): Unknown permission com.google.android.googleapps.permission.GOOGLE_AUTH.cl in package com.android.providers.calendar
06-01 08:41:12.868 W/PackageManager( 1754): Not granting permission android.permission.GLOBAL_SEARCH to package com.android.quicksearchbox (protectionLevel=18 flags=0x3808be45)
06-01 08:41:12.892 W/PackageManager( 1754): Not granting permission android.permission.WRITE_EXTERNAL_STORAGE to package gov.nasa.arc.astrobee.android.gs.manager because it was previously installed without
06-01 08:41:12.893 W/PackageManager( 1754): Not granting permission android.permission.READ_EXTERNAL_STORAGE to package gov.nasa.arc.astrobee.android.gs.manager because it was previously installed without
06-01 08:41:12.893 W/PackageManager( 1754): Unknown permission com.android.launcher.permission.READ_SETTINGS in package com.android.launcher3
06-01 08:41:12.893 W/PackageManager( 1754): Unknown permission com.android.launcher.permission.WRITE_SETTINGS in package com.android.launcher3
06-01 08:41:12.893 W/PackageManager( 1754): Not granting permission android.permission.BIND_APPWIDGET to package com.android.launcher3 (protectionLevel=18 flags=0x3c4bbe45)
06-01 08:41:12.894 W/PackageManager( 1754): Unknown permission com.google.android.googleapps.permission.GOOGLE_AUTH.mail in package com.android.calendar
06-01 08:41:12.894 W/PackageManager( 1754): Unknown permission com.google.android.providers.settings.permission.WRITE_GSETTINGS in package com.android.sdksetup
06-01 08:41:12.895 W/PackageManager( 1754): Unknown permission com.google.android.permission.INSTALL_WEARABLE_PACKAGES in package com.android.packageinstaller
06-01 08:41:12.895 W/PackageManager( 1754): Not granting permission android.permission.DELETE_PACKAGES to package com.svox.pico (protectionLevel=18 flags=0x3808be45)
06-01 08:41:12.896 W/PackageManager( 1754): Not granting permission android.permission.READ_CONTACTS to package com.example.android.apis because it was previously installed without
06-01 08:41:12.896 W/PackageManager( 1754): Not granting permission android.permission.WRITE_CONTACTS to package com.example.android.apis because it was previously installed without
06-01 08:41:12.896 W/PackageManager( 1754): Not granting permission android.permission.ACCESS_COARSE_LOCATION to package com.example.android.apis because it was previously installed without
06-01 08:41:12.896 W/PackageManager( 1754): Not granting permission android.permission.WRITE_EXTERNAL_STORAGE to package com.example.android.apis because it was previously installed without
06-01 08:41:12.896 W/PackageManager( 1754): Not granting permission android.permission.SEND_SMS to package com.example.android.apis because it was previously installed without
06-01 08:41:12.896 W/PackageManager( 1754): Not granting permission android.permission.RECEIVE_SMS to package com.example.android.apis because it was previously installed without
06-01 08:41:12.896 W/PackageManager( 1754): Not granting permission android.permission.RECEIVE_MMS to package com.example.android.apis because it was previously installed without
06-01 08:41:12.896 W/PackageManager( 1754): Not granting permission android.permission.READ_SMS to package com.example.android.apis because it was previously installed without
06-01 08:41:12.896 W/PackageManager( 1754): Not granting permission android.permission.READ_PHONE_STATE to package com.example.android.apis because it was previously installed without
06-01 08:41:12.896 W/PackageManager( 1754): Not granting permission android.permission.RECORD_AUDIO to package com.example.android.apis because it was previously installed without
06-01 08:41:12.897 W/PackageManager( 1754): Not granting permission android.permission.CAMERA to package com.example.android.apis because it was previously installed without
06-01 08:41:12.897 W/PackageManager( 1754): Not granting permission android.permission.READ_EXTERNAL_STORAGE to package com.example.android.apis because it was previously installed without
06-01 08:41:12.897 W/PackageManager( 1754): Unknown permission android.permission.RUN_INSTRUMENTATION in package org.chromium.webview_shell
06-01 08:41:12.897 W/PackageManager( 1754): Unknown permission com.google.android.googleapps.permission.GOOGLE_AUTH in package com.android.settings
06-01 08:41:12.898 W/PackageManager( 1754): Unknown permission com.android.launcher.permission.READ_SETTINGS in package com.android.settings
06-01 08:41:12.898 W/PackageManager( 1754): Unknown permission com.android.launcher.permission.WRITE_SETTINGS in package com.android.settings
06-01 08:41:12.899 W/PackageManager( 1754): Unknown permission com.android.smspush.WAPPUSH_MANAGER_BIND in package com.android.phone
06-01 08:41:13.002 W/PackageManager( 1754): Unknown permission com.google.android.googleapps.permission.ACCESS_GOOGLE_PASSWORD in package com.android.development
06-01 08:41:13.002 W/PackageManager( 1754): Unknown permission com.google.android.googleapps.permission.GOOGLE_AUTH in package com.android.development
06-01 08:41:13.002 W/PackageManager( 1754): Unknown permission com.google.android.googleapps.permission.GOOGLE_AUTH.ALL_SERVICES in package com.android.development
06-01 08:41:13.002 W/PackageManager( 1754): Unknown permission com.google.android.googleapps.permission.GOOGLE_AUTH.YouTubeUser in package com.android.development
06-01 08:41:13.003 W/PackageManager( 1754): Not granting permission android.permission.BIND_APPWIDGET to package com.android.widgetpreview (protectionLevel=18 flags=0x3808be44)
06-01 08:41:13.004 V/PackageManager( 1754): reconcileAppsData for null u0 0x3
06-01 08:41:13.098 I/SELinux ( 1336): SELinux: Loaded file_contexts contexts from /file_contexts.bin.
06-01 08:41:15.893 E/hostapd ( 1960): Configuration file: /system/etc/simulated_hostapd.conf
06-01 08:41:16.008 E/hostapd ( 1960): Could not read interface wlan1 flags: No such device
06-01 08:41:16.009 I/hostapd ( 1960): nl80211: Driver does not support authentication/association or connect commands
06-01 08:41:16.009 I/hostapd ( 1960): nl80211: deinit ifname=wlan1 disabled_11b_rates=0
06-01 08:41:16.090 E/hostapd ( 1960): Could not read interface wlan1 flags: No such device
06-01 08:41:16.091 E/hostapd ( 1960): nl80211 driver initialization failed.
06-01 08:41:16.091 I/hostapd ( 1960): wlan1: interface state UNINITIALIZED->DISABLED
06-01 08:41:16.092 I/hostapd ( 1960): wlan1: AP-DISABLED 
06-01 08:41:16.092 E/hostapd ( 1960): hostapd_free_hapd_data: Interface wlan1 wasn't started
06-01 08:41:17.282 E/ipv6proxy( 1964): Failed to get interface flags for wlan1: No such device
06-01 08:41:18.482 V/PackageManager( 1754): reconcileAppsData finished 81 packages
06-01 08:41:19.144 E/PackageManager( 1754): There should probably be a verifier, but, none were found
06-01 08:41:19.296 I/art     ( 1754): Background partial concurrent mark sweep GC freed 38783(2MB) AllocSpace objects, 1(20KB) LOS objects, 33% free, 7MB/11MB, paused 14.666ms total 339.130ms
06-01 08:41:19.331 D/PackageManager( 1754): Ephemeral resolver NOT found; no matching intent filters
06-01 08:41:19.332 I/PackageManager( 1754): Ephemeral deactivated; missing resolver and installer
06-01 08:41:19.335 I/art     ( 1754): Starting a blocking GC Explicit
06-01 08:41:19.352 W/art     ( 1754): Long monitor contention with owner main (1754) at int android.net.LocalSocketImpl.readba_native(byte[], int, int, java.io.FileDescriptor)(LocalSocketImpl.java:-2) waiters=0 in void com.android.server.pm.Settings$RuntimePermissionPersistence.writePermissionsSync(int) for 4.789s
06-01 08:41:19.522 I/art     ( 1754): Explicit concurrent mark sweep GC freed 5913(423KB) AllocSpace objects, 3(60KB) LOS objects, 33% free, 7MB/10MB, paused 884us total 162.685ms
06-01 08:41:19.563 I/SystemServer( 1754): StartOtaDexOptService
06-01 08:41:19.637 I/SystemServer( 1754): StartUserManagerService
06-01 08:41:19.638 I/SystemServiceManager( 1754): Starting com.android.server.pm.UserManagerService$LifeCycle
06-01 08:41:19.806 I/lowmemorykiller( 1324): ActivityManager connected
06-01 08:41:19.865 D/SensorService( 1754): nuSensorService starting...
06-01 08:41:20.001 I/SystemServiceManager( 1754): Starting com.android.server.BatteryService
06-01 08:41:20.007 D/SensorService( 1754): new thread SensorEventAckReceiver
06-01 08:41:20.011 D/SensorService( 1754): nuSensorService thread starting...
06-01 08:41:20.111 I/SystemServiceManager( 1754): Starting com.android.server.usage.UsageStatsService
06-01 08:41:20.395 E/hostapd ( 1971): Configuration file: /system/etc/simulated_hostapd.conf
06-01 08:41:20.443 E/hostapd ( 1971): Could not read interface wlan1 flags: No such device
06-01 08:41:20.444 I/hostapd ( 1971): nl80211: Driver does not support authentication/association or connect commands
06-01 08:41:20.444 I/hostapd ( 1971): nl80211: deinit ifname=wlan1 disabled_11b_rates=0
06-01 08:41:20.445 E/hostapd ( 1971): Could not read interface wlan1 flags: No such device
06-01 08:41:20.445 E/hostapd ( 1971): nl80211 driver initialization failed.
06-01 08:41:20.445 I/hostapd ( 1971): wlan1: interface state UNINITIALIZED->DISABLED
06-01 08:41:20.446 I/hostapd ( 1971): wlan1: AP-DISABLED 
06-01 08:41:20.446 E/hostapd ( 1971): hostapd_free_hapd_data: Interface wlan1 wasn't started
06-01 08:41:20.470 I/SystemServiceManager( 1754): Starting com.android.server.webkit.WebViewUpdateService
06-01 08:41:20.567 I/SystemServer( 1754): Reading configuration...
06-01 08:41:20.567 I/SystemServer( 1754): StartSchedulingPolicyService
06-01 08:41:20.582 I/SystemServiceManager( 1754): Starting com.android.server.telecom.TelecomLoaderService
06-01 08:41:20.584 I/SystemServer( 1754): StartTelephonyRegistry
06-01 08:41:20.660 I/SystemServer( 1754): StartEntropyMixer
06-01 08:41:20.713 I/EntropyMixer( 1754): Writing entropy...
06-01 08:41:20.842 I/SystemServer( 1754): Camera Service
06-01 08:41:20.850 I/SystemServiceManager( 1754): Starting com.android.server.camera.CameraService
06-01 08:41:20.865 I/ServiceThread( 1754): Enabled StrictMode logging for CameraService_proxy looper.
06-01 08:41:20.891 I/SystemServer( 1754): StartAccountManagerService
06-01 08:41:20.907 I/SystemServiceManager( 1754): Starting com.android.server.accounts.AccountManagerService$Lifecycle
06-01 08:41:21.120 I/SystemServer( 1754): StartContentService
06-01 08:41:21.130 I/SystemServiceManager( 1754): Starting com.android.server.content.ContentService$Lifecycle
06-01 08:41:21.155 I/SystemServer( 1754): InstallSystemProviders
06-01 08:41:21.309 W/System  ( 1754): ClassLoader referenced unknown path: /system/priv-app/SettingsProvider/lib/x86_64
06-01 08:41:21.414 E/ipv6proxy( 1979): Failed to get interface flags for wlan1: No such device
06-01 08:41:21.827 I/SystemServer( 1754): StartVibratorService
06-01 08:41:21.829 E/VibratorService( 1754): Couldn't load vibrator module (No such file or directory)
06-01 08:41:21.829 W/VibratorService( 1754): Tried to stop vibrating but there is no vibrator device.
06-01 08:41:21.866 I/SystemServer( 1754): StartConsumerIrService
06-01 08:41:21.868 E/ConsumerIrService( 1754): Can't open consumer IR HW Module, error: -2
06-01 08:41:21.900 I/SystemServer( 1754): StartAlarmManagerService
06-01 08:41:21.901 I/SystemServiceManager( 1754): Starting com.android.server.AlarmManagerService
06-01 08:41:21.931 W/AlarmManagerService( 1754): no wall clock RTC found
06-01 08:41:21.933 D/AlarmManagerService( 1754): Kernel timezone updated to 0 minutes west of GMT
06-01 08:41:22.047 I/SystemServer( 1754): InitWatchdog
06-01 08:41:22.048 I/SystemServer( 1754): StartInputManagerService
06-01 08:41:22.072 I/InputManager( 1754): Initializing input manager, mUseDevInputEventForAudioJack=true
06-01 08:41:22.079 I/SystemServer( 1754): StartWindowManagerService
06-01 08:41:22.951 I/WindowManager( 1754): No existing display settings /data/system/display_settings.xml; starting empty
06-01 08:41:23.574 I/SystemServer( 1754): StartVrManagerService
06-01 08:41:23.575 I/SystemServiceManager( 1754): Starting com.android.server.vr.VrManagerService
06-01 08:41:23.742 W/VrManagerService( 1754): init_native: Could not open VR hardware module, error No such file or directory (-2).
06-01 08:41:23.801 I/InputManager( 1754): Starting input manager
06-01 08:41:23.984 I/SystemServer( 1754): No Bluetooth Service (emulator)
06-01 08:41:24.001 D/EventHub( 1754): No input device configuration file found for device 'Power Button'.
06-01 08:41:24.047 I/SystemServer( 1754): ConnectivityMetricsLoggerService
06-01 08:41:24.048 I/SystemServiceManager( 1754): Starting com.android.server.connectivity.MetricsLoggerService
06-01 08:41:24.071 W/EventHub( 1754): Unable to disable kernel key repeat for /dev/input/event0: Function not implemented
06-01 08:41:24.072 I/EventHub( 1754): New device: id=1, fd=91, path='/dev/input/event0', name='Power Button', classes=0x1, configuration='', keyLayout='/system/usr/keylayout/Generic.kl', keyCharacterMap='/system/usr/keychars/Generic.kcm', builtinKeyboard=false, wakeMechanism=EPOLLWAKEUP, usingClockIoctl=true
06-01 08:41:24.082 I/SystemServer( 1754): IpConnectivityMetrics
06-01 08:41:24.082 I/SystemServiceManager( 1754): Starting com.android.server.connectivity.IpConnectivityMetrics
06-01 08:41:24.085 I/SystemServer( 1754): PinnerService
06-01 08:41:24.086 I/SystemServiceManager( 1754): Starting com.android.server.PinnerService
06-01 08:41:24.092 I/SystemServiceManager( 1754): Starting com.android.server.InputMethodManagerService$Lifecycle
06-01 08:41:24.136 W/EventHub( 1754): Unable to disable kernel key repeat for /dev/input/event1: Function not implemented
06-01 08:41:24.136 I/EventHub( 1754): New device: id=2, fd=92, path='/dev/input/event1', name='qwerty2', classes=0x95, configuration='/system/usr/idc/qwerty2.idc', keyLayout='/system/usr/keylayout/qwerty.kl', keyCharacterMap='/system/usr/keychars/qwerty2.kcm', builtinKeyboard=true, wakeMechanism=EPOLLWAKEUP, usingClockIoctl=true
06-01 08:41:24.137 E/EventHub( 1754): could not get driver version for /dev/input/mice, Not a typewriter
06-01 08:41:24.243 I/InputReader( 1754): Device added: id=-1, name='Virtual', sources=0x00000301
06-01 08:41:24.248 I/InputReader( 1754):   Touch device 'qwerty2' could not query the properties of its associated display.  The device will be inoperable until the display size becomes available.
06-01 08:41:24.249 I/InputReader( 1754): Device added: id=0, name='qwerty2', sources=0x80001103
06-01 08:41:24.249 I/InputReader( 1754): Device added: id=1, name='Power Button', sources=0x00000101
06-01 08:41:24.805 E/hostapd ( 1997): Configuration file: /system/etc/simulated_hostapd.conf
06-01 08:41:24.936 E/hostapd ( 1997): Could not read interface wlan1 flags: No such device
06-01 08:41:24.937 I/hostapd ( 1997): nl80211: Driver does not support authentication/association or connect commands
06-01 08:41:24.937 I/hostapd ( 1997): nl80211: deinit ifname=wlan1 disabled_11b_rates=0
06-01 08:41:24.938 E/hostapd ( 1997): Could not read interface wlan1 flags: No such device
06-01 08:41:24.938 E/hostapd ( 1997): nl80211 driver initialization failed.
06-01 08:41:24.939 I/hostapd ( 1997): wlan1: interface state UNINITIALIZED->DISABLED
06-01 08:41:24.939 I/hostapd ( 1997): wlan1: AP-DISABLED 
06-01 08:41:24.939 E/hostapd ( 1997): hostapd_free_hapd_data: Interface wlan1 wasn't started
06-01 08:41:25.620 I/SystemServer( 1754): StartAccessibilityManagerService
06-01 08:41:25.738 I/ActivityManager( 1754): Config changes=1df8 {1.0 ?mcc?mnc [en_US] ldltr sw360dp w360dp h640dp 480dpi nrml long port ?uimode ?night -touch -keyb/v/h -nav/h s.2}
06-01 08:41:25.786 E/ipv6proxy( 1999): Failed to get interface flags for wlan1: No such device
06-01 08:41:25.827 I/ActivityManager( 1754): Config changes=508 {1.0 ?mcc?mnc [en_US] ldltr sw360dp w360dp h568dp 480dpi nrml port ?uimode ?night finger -keyb/v/h -nav/h s.3}
06-01 08:41:26.045 I/SystemServiceManager( 1754): Starting com.android.server.MountService$Lifecycle
06-01 08:41:26.051 I/InputReader( 1754): Reconfiguring input devices.  changes=0x00000004
06-01 08:41:26.051 I/InputReader( 1754): Device reconfigured: id=0, name='qwerty2', size 1080x1920, orientation 0, mode 1, display id 0
06-01 08:41:26.184 I/SystemServiceManager( 1754): Starting com.android.server.UiModeManagerService
06-01 08:41:26.192 I/ActivityManager( 1754): Config changes=200 {1.0 ?mcc?mnc [en_US] ldltr sw360dp w360dp h568dp 480dpi nrml port finger -keyb/v/h -nav/h s.4}
06-01 08:41:26.232 D/MountService( 1754): Thinking about init, mSystemReady=false, mDaemonConnected=true
06-01 08:41:26.232 D/MountService( 1754): Thinking about reset, mSystemReady=false, mDaemonConnected=true
06-01 08:41:26.263 D/MountService( 1754): Thinking about init, mSystemReady=false, mDaemonConnected=true
06-01 08:41:26.264 D/MountService( 1754): Thinking about reset, mSystemReady=false, mDaemonConnected=true
06-01 08:41:26.266 D/CryptdConnector( 1754): SND -> {1 cryptfs getfield SystemLocale}
06-01 08:41:26.296 D/CryptdConnector( 1754): RCV <- {200 1 -1}
06-01 08:41:26.311 W/PackageManager( 1754): No disk maintenance in 8296140248; running immediately
06-01 08:41:26.312 I/SystemServer( 1754): StartLockSettingsService
06-01 08:41:26.321 I/SystemServiceManager( 1754): Starting com.android.server.LockSettingsService$Lifecycle
06-01 08:41:26.395 W/MountService( 1754): No primary storage mounted!
06-01 08:41:26.396 D/VoldConnector( 1754): SND -> {1 asec list}
06-01 08:41:26.455 I/SystemServiceManager( 1754): Starting com.android.server.DeviceIdleController
06-01 08:41:26.471 D/VoldConnector( 1754): RCV <- {200 1 asec operation succeeded}
06-01 08:41:26.474 I/PackageManager( 1754): No secure containers found
06-01 08:41:26.477 W/PackageManager( 1754): Unknown permission com.google.android.googleapps.permission.GOOGLE_AUTH in package com.android.providers.calendar
06-01 08:41:26.478 W/PackageManager( 1754): Unknown permission com.google.android.googleapps.permission.GOOGLE_AUTH.cl in package com.android.providers.calendar
06-01 08:41:26.479 W/PackageManager( 1754): Not granting permission android.permission.GLOBAL_SEARCH to package com.android.quicksearchbox (protectionLevel=18 flags=0x3808be45)
06-01 08:41:26.495 W/PackageManager( 1754): Not granting permission android.permission.WRITE_EXTERNAL_STORAGE to package gov.nasa.arc.astrobee.android.gs.manager because it was previously installed without
06-01 08:41:26.496 W/PackageManager( 1754): Not granting permission android.permission.READ_EXTERNAL_STORAGE to package gov.nasa.arc.astrobee.android.gs.manager because it was previously installed without
06-01 08:41:26.496 W/PackageManager( 1754): Unknown permission com.android.launcher.permission.READ_SETTINGS in package com.android.launcher3
06-01 08:41:26.496 W/PackageManager( 1754): Unknown permission com.android.launcher.permission.WRITE_SETTINGS in package com.android.launcher3
06-01 08:41:26.496 W/PackageManager( 1754): Not granting permission android.permission.BIND_APPWIDGET to package com.android.launcher3 (protectionLevel=18 flags=0x3c4bbe45)
06-01 08:41:26.497 W/PackageManager( 1754): Unknown permission com.google.android.googleapps.permission.GOOGLE_AUTH.mail in package com.android.calendar
06-01 08:41:26.497 W/PackageManager( 1754): Unknown permission com.google.android.providers.settings.permission.WRITE_GSETTINGS in package com.android.sdksetup
06-01 08:41:26.498 W/PackageManager( 1754): Unknown permission com.google.android.permission.INSTALL_WEARABLE_PACKAGES in package com.android.packageinstaller
06-01 08:41:26.498 W/PackageManager( 1754): Not granting permission android.permission.DELETE_PACKAGES to package com.svox.pico (protectionLevel=18 flags=0x3808be45)
06-01 08:41:26.499 W/PackageManager( 1754): Not granting permission android.permission.READ_CONTACTS to package com.example.android.apis because it was previously installed without
06-01 08:41:26.499 W/PackageManager( 1754): Not granting permission android.permission.WRITE_CONTACTS to package com.example.android.apis because it was previously installed without
06-01 08:41:26.499 W/PackageManager( 1754): Not granting permission android.permission.ACCESS_COARSE_LOCATION to package com.example.android.apis because it was previously installed without
06-01 08:41:26.499 W/PackageManager( 1754): Not granting permission android.permission.WRITE_EXTERNAL_STORAGE to package com.example.android.apis because it was previously installed without
06-01 08:41:26.499 W/PackageManager( 1754): Not granting permission android.permission.SEND_SMS to package com.example.android.apis because it was previously installed without
06-01 08:41:26.499 W/PackageManager( 1754): Not granting permission android.permission.RECEIVE_SMS to package com.example.android.apis because it was previously installed without
06-01 08:41:26.499 W/PackageManager( 1754): Not granting permission android.permission.RECEIVE_MMS to package com.example.android.apis because it was previously installed without
06-01 08:41:26.499 W/PackageManager( 1754): Not granting permission android.permission.READ_SMS to package com.example.android.apis because it was previously installed without
06-01 08:41:26.499 W/PackageManager( 1754): Not granting permission android.permission.READ_PHONE_STATE to package com.example.android.apis because it was previously installed without
06-01 08:41:26.499 W/PackageManager( 1754): Not granting permission android.permission.RECORD_AUDIO to package com.example.android.apis because it was previously installed without
06-01 08:41:26.500 W/PackageManager( 1754): Not granting permission android.permission.CAMERA to package com.example.android.apis because it was previously installed without
06-01 08:41:26.506 W/PackageManager( 1754): Not granting permission android.permission.READ_EXTERNAL_STORAGE to package com.example.android.apis because it was previously installed without
06-01 08:41:26.507 W/PackageManager( 1754): Unknown permission android.permission.RUN_INSTRUMENTATION in package org.chromium.webview_shell
06-01 08:41:26.507 W/PackageManager( 1754): Unknown permission com.google.android.googleapps.permission.GOOGLE_AUTH in package com.android.settings
06-01 08:41:26.508 W/PackageManager( 1754): Unknown permission com.android.launcher.permission.READ_SETTINGS in package com.android.settings
06-01 08:41:26.508 W/PackageManager( 1754): Unknown permission com.android.launcher.permission.WRITE_SETTINGS in package com.android.settings
06-01 08:41:26.509 W/PackageManager( 1754): Unknown permission com.android.smspush.WAPPUSH_MANAGER_BIND in package com.android.phone
06-01 08:41:26.521 W/PackageManager( 1754): Unknown permission com.google.android.googleapps.permission.ACCESS_GOOGLE_PASSWORD in package com.android.development
06-01 08:41:26.521 W/PackageManager( 1754): Unknown permission com.google.android.googleapps.permission.GOOGLE_AUTH in package com.android.development
06-01 08:41:26.521 W/PackageManager( 1754): Unknown permission com.google.android.googleapps.permission.GOOGLE_AUTH.ALL_SERVICES in package com.android.development
06-01 08:41:26.521 W/PackageManager( 1754): Unknown permission com.google.android.googleapps.permission.GOOGLE_AUTH.YouTubeUser in package com.android.development
06-01 08:41:26.521 W/PackageManager( 1754): Not granting permission android.permission.BIND_APPWIDGET to package com.android.widgetpreview (protectionLevel=18 flags=0x3808be44)
06-01 08:41:27.116 W/art     ( 1754): Long monitor contention with owner MountService (2002) at void com.android.server.pm.PackageManagerService.loadMediaPackages(android.util.ArrayMap, int[], boolean)(PackageManagerService.java:19317) waiters=0 in boolean com.android.server.pm.PackageManagerService.hasSystemFeature(java.lang.String, int) for 618ms
06-01 08:41:27.139 W/MountService( 1754): No primary storage defined yet; hacking together a stub
06-01 08:41:27.142 W/MountService( 1754): No primary storage defined yet; hacking together a stub
06-01 08:41:27.160 I/SystemServiceManager( 1754): Starting com.android.server.devicepolicy.DevicePolicyManagerService$Lifecycle
06-01 08:41:27.181 W/MountService( 1754): No primary storage mounted!
06-01 08:41:27.181 D/VoldConnector( 1754): SND -> {2 asec list}
06-01 08:41:27.557 D/VoldConnector( 1754): RCV <- {200 2 asec operation succeeded}
06-01 08:41:27.571 I/MountService( 1754): Running fstrim idle maintenance
06-01 08:41:27.573 D/VoldConnector( 1754): SND -> {3 fstrim dotrim}
06-01 08:41:27.662 D/VoldConnector( 1754): RCV <- {200 3 Command succeeded}
06-01 08:41:27.676 D/vold    ( 1281): Starting trim of /cache
06-01 08:41:27.677 W/vold    ( 1281): Trim failed on /cache: Operation not supported on transport endpoint
06-01 08:41:27.679 D/VoldConnector( 1754): RCV <- {662 /cache -1 -1}
06-01 08:41:27.686 I/SystemServer( 1754): StartStatusBarManagerService
06-01 08:41:27.716 E/VoldConnector( 1754): Error handling '662 /cache -1 -1': java.lang.NullPointerException: Attempt to invoke virtual method 'void android.os.DropBoxManager.addText(java.lang.String, java.lang.String)' on a null object reference
06-01 08:41:27.720 I/SystemServer( 1754): StartClipboardService
06-01 08:41:27.751 D/vold    ( 1281): Starting trim of /data
06-01 08:41:27.751 W/vold    ( 1281): Trim failed on /data: Operation not supported on transport endpoint
06-01 08:41:27.751 D/VoldConnector( 1754): RCV <- {662 /data -1 -1}
06-01 08:41:27.754 E/VoldConnector( 1754): Error handling '662 /data -1 -1': java.lang.NullPointerException: Attempt to invoke virtual method 'void android.os.DropBoxManager.addText(java.lang.String, java.lang.String)' on a null object reference
06-01 08:41:27.770 I/SystemServer( 1754): StartNetworkManagementService
06-01 08:41:27.823 I/NetworkManagement( 1754): onDaemonConnected()
06-01 08:41:27.859 I/SystemServiceManager( 1754): Starting com.android.server.TextServicesManagerService$Lifecycle
06-01 08:41:27.913 I/SystemServer( 1754): StartNetworkScoreService
06-01 08:41:27.954 I/SystemServer( 1754): StartNetworkStatsService
06-01 08:41:28.053 I/SystemServer( 1754): StartNetworkPolicyManagerService
06-01 08:41:28.131 I/SystemServer( 1754): No Wi-Fi NAN Service (NAN support Not Present)
06-01 08:41:28.503 W/art     ( 1754): Verification of void com.android.server.wifi.p2p.WifiP2pService.<init>(android.content.Context) took 131.892ms
06-01 08:41:28.506 I/SystemServiceManager( 1754): Starting com.android.server.wifi.p2p.WifiP2pService
06-01 08:41:28.857 I/WifiP2pService( 1754): Registering wifip2p
06-01 08:41:28.893 I/SystemServiceManager( 1754): Starting com.android.server.wifi.WifiService
06-01 08:41:28.963 I/UsageStatsService( 1754): User[0] Rollover scheduled @ 2020-02-27 08:12:24(1582791144326)
06-01 08:41:29.872 I/UsageStatsService( 1754): User[0] Rolling over usage stats
06-01 08:41:29.872 I/UsageStatsService( 1754): User[0] Flushing usage stats to disk
06-01 08:41:29.947 D/HS20    ( 1754): Passpoint is disabled
06-01 08:41:30.000 W/art     ( 1754): Suspending all threads took: 43.632ms
06-01 08:41:30.181 I/art     ( 1754): Background sticky concurrent mark sweep GC freed 35116(2MB) AllocSpace objects, 17(340KB) LOS objects, 25% free, 8MB/10MB, paused 66.943ms total 1.194s
06-01 08:41:30.375 D/CommandListener( 1347): Clearing all IP addresses on wlan0
06-01 08:41:30.584 D/WifiApConfigStore( 1754): 2G band allowed channels are:1,6,11
06-01 08:41:30.591 E/WifiLogger( 1754): no ring buffers found
06-01 08:41:30.591 E/WifiLogger( 1754): Failed to start packet fate monitoring
06-01 08:41:30.710 D/WifiController( 1754): isAirplaneModeOn = true, isWifiEnabled = false, isScanningAvailable = false
06-01 08:41:30.718 I/WifiService( 1754): Registering wifi
06-01 08:41:30.752 I/SystemServiceManager( 1754): Starting com.android.server.wifi.scanner.WifiScanningService
06-01 08:41:30.752 I/WifiScanningService( 1754): Creating wifiscanner
06-01 08:41:30.782 I/WifiScanningService( 1754): Publishing wifiscanner
06-01 08:41:30.786 I/SystemServiceManager( 1754): Starting com.android.server.wifi.RttService
06-01 08:41:30.847 E/hostapd ( 2023): Configuration file: /system/etc/simulated_hostapd.conf
06-01 08:41:30.881 I/RttService( 1754): Creating rttmanager
06-01 08:41:30.885 I/RttService( 1754): Starting rttmanager
06-01 08:41:30.887 I/SystemServer( 1754): StartConnectivityService
06-01 08:41:30.973 D/ConnectivityService( 1754): ConnectivityService starting up
06-01 08:41:31.018 E/hostapd ( 2023): Could not read interface wlan1 flags: No such device
06-01 08:41:31.018 I/hostapd ( 2023): nl80211: Driver does not support authentication/association or connect commands
06-01 08:41:31.019 I/hostapd ( 2023): nl80211: deinit ifname=wlan1 disabled_11b_rates=0
06-01 08:41:31.019 E/hostapd ( 2023): Could not read interface wlan1 flags: No such device
06-01 08:41:31.034 D/ConnectivityService( 1754): wifiOnly=false
06-01 08:41:31.050 E/hostapd ( 2023): nl80211 driver initialization failed.
06-01 08:41:31.050 I/hostapd ( 2023): wlan1: interface state UNINITIALIZED->DISABLED
06-01 08:41:31.051 I/hostapd ( 2023): wlan1: AP-DISABLED 
06-01 08:41:31.051 E/hostapd ( 2023): hostapd_free_hapd_data: Interface wlan1 wasn't started
06-01 08:41:31.354 E/ipv6proxy( 2025): Failed to get interface flags for wlan1: No such device
06-01 08:41:31.340 I/SystemServer( 1754): StartNsdService
06-01 08:41:31.474 I/SystemServer( 1754): StartUpdateLockService
06-01 08:41:31.485 I/SystemServiceManager( 1754): Starting com.android.server.RecoverySystemService
06-01 08:41:31.491 I/SystemServiceManager( 1754): Starting com.android.server.notification.NotificationManagerService
06-01 08:41:31.744 D/ConditionProviders.SCP( 1754): new ScheduleConditionProvider()
06-01 08:41:31.790 D/ZenLog  ( 1754): config: readXml,ZenModeConfig[user=0,allowCalls=true,allowRepeatCallers=false,allowMessages=false,allowCallsFrom=contacts,allowMessagesFrom=contacts,allowReminders=true,allowEvents=true,allowWhenScreenOff=true,allowWhenScreenOn=true,automaticRules={55791e34e80a438d872f3ee0d75d2aff=ZenRule[enabled=false,snoozing=false,name=Weeknight,zenMode=ZEN_MODE_ALARMS,conditionId=condition://android/schedule?days=1.2.3.4.5&start=22.0&end=7.0&exitAtAlarm=false,condition=Condition[id=condition://android/schedule?days=1.2.3.4.5&start=22.0&end=7.0&exitAtAlarm=false,summary=...,line1=...,line2=...,icon=0,state=STATE_FALSE,flags=2],component=ComponentInfo{android/com.android.server.notification.ScheduleConditionProvider},id=55791e34e80a438d872f3ee0d75d2aff,creationTime=1574383122597,enabler=null], f3f3db1d05034b449d11e2dd0fddc917=ZenRule[enabled=false,snoozing=false,name=Weekend,zenMode=ZEN_MODE_ALARMS,conditionId=condition://android/schedule?days=6.7&start=23.30&end=10.0&exitAtAlarm=false,condition=Condition[id=condition://android/schedule?days=6.7&start=23.30&end=10.0&exitAtAlarm=false,summary=...,line1=...,line2=...,icon=0,state=STATE_FALSE,flags=2],component=ComponentInfo{android/com.android.server.notification.ScheduleConditionProvider},id=f3f3db1d05034b449d11e2dd0fddc917,creationTime=1574383122598,enabler=null], a952894dbb2144c8bc7bbcd244ed361b=ZenRule[enabled=false,snoozing=false,name=Event,zenMode=ZEN_MODE_ALARMS,conditionId=condition://android/event?userId=-10000&calendar=&reply=1,condition=Condition[id=condition://android/event?userId=-10000&calendar=&reply=1,summary=...,line1=...,line2=...,icon=0,state=STATE_FALSE,flags=2],component=ComponentInfo{android/com.android.server.notification.EventConditionProvider},id=a952894dbb2144c8bc7bbcd244ed361b,creationTime=1574383122610,enabler=null]},manualRule=null],Diff[automaticRule[55791e34e80a438d872f3ee0d75d2aff]:insert,automaticRule[d5863fe9d47e4782b516a9d904fcc654]:delete,automaticRule[b0083c2ca5d34333b6d467c37d55247c]:delete,automaticRule[751bf7d1d06145749d4d87fbe253ee39]:delete,automaticRule[f3f3db1d05034b449d11e2dd0fddc917]:insert,automaticRule[a952894dbb2144c8bc7bbcd244ed361b]:insert]
06-01 08:41:31.901 D/ZenLog  ( 1754): set_zen_mode: off,init
06-01 08:41:31.987 I/SystemServiceManager( 1754): Starting com.android.server.storage.DeviceStorageMonitorService
06-01 08:41:32.053 I/SystemServer( 1754): StartLocationManagerService
06-01 08:41:32.076 I/SystemServer( 1754): StartCountryDetectorService
06-01 08:41:32.083 I/SystemServer( 1754): StartSearchManagerService
06-01 08:41:32.083 I/SystemServiceManager( 1754): Starting com.android.server.search.SearchManagerService$Lifecycle
06-01 08:41:32.102 I/SystemServiceManager( 1754): Starting com.android.server.DropBoxManagerService
06-01 08:41:32.108 I/SystemServer( 1754): StartWallpaperManagerService
06-01 08:41:32.108 I/SystemServiceManager( 1754): Starting com.android.server.wallpaper.WallpaperManagerService$Lifecycle
06-01 08:41:32.118 E/BitmapFactory( 1754): Unable to decode stream: java.io.FileNotFoundException: /data/system/users/0/wallpaper_orig (No such file or directory)
06-01 08:41:32.119 E/WallpaperManagerService( 1754): Invalid wallpaper data
06-01 08:41:32.119 E/WallpaperManagerService( 1754): Unable to apply new wallpaper
06-01 08:41:32.155 I/SystemServer( 1754): StartAudioService
06-01 08:41:32.156 I/SystemServiceManager( 1754): Starting com.android.server.audio.AudioService$Lifecycle
06-01 08:41:32.276 W/TelecomManager( 1754): Telecom Service not found.
06-01 08:41:32.324 D/PermissionCache( 1333): checking android.permission.MODIFY_AUDIO_SETTINGS for uid=1000 => granted (4489 us)
06-01 08:41:32.366 W/AudioFlinger( 1333): no wake lock to update, system not ready yet
06-01 08:41:32.585 I/SystemServiceManager( 1754): Starting com.android.server.DockObserver
06-01 08:41:32.588 W/DockObserver( 1754): This kernel does not have dock station support
06-01 08:41:32.604 I/SystemServer( 1754): StartWiredAccessoryManager
06-01 08:41:32.608 W/WiredAccessoryManager( 1754): This kernel does not have usb audio support
06-01 08:41:32.609 W/WiredAccessoryManager( 1754): This kernel does not have HDMI audio support
06-01 08:41:32.610 I/SystemServiceManager( 1754): Starting com.android.server.midi.MidiService$Lifecycle
06-01 08:41:32.636 I/SystemServiceManager( 1754): Starting com.android.server.usb.UsbService$Lifecycle
06-01 08:41:32.737 I/SystemServer( 1754): StartSerialService
06-01 08:41:32.751 E/HardwarePropertiesManagerService-JNI( 1754): Couldn't load thermal module (No such file or directory)
06-01 08:41:32.754 I/SystemServiceManager( 1754): Starting com.android.server.twilight.TwilightService
06-01 08:41:32.756 I/SystemServiceManager( 1754): Starting com.android.server.job.JobSchedulerService
06-01 08:41:33.226 I/UsageStatsService( 1754): User[0] Rollover scheduled @ 2020-06-02 08:41:25(1591087285739)
06-01 08:41:33.227 I/UsageStatsService( 1754): User[0] Rolling over usage stats complete. Took 3355 milliseconds
06-01 08:41:33.270 W/art     ( 1754): Long monitor contention with owner android.bg (1798) at void java.lang.ref.FinalizerReference.add(java.lang.Object)(FinalizerReference.java:54) waiters=0 in void com.android.server.usage.UsageStatsService.addListener(android.app.usage.UsageStatsManagerInternal$AppIdleStateChangeListener) for 379ms
06-01 08:41:33.296 I/SystemServiceManager( 1754): Starting com.android.server.soundtrigger.SoundTriggerService
06-01 08:41:33.305 I/SystemServiceManager( 1754): Starting com.android.server.backup.BackupManagerService$Lifecycle
06-01 08:41:33.318 I/SystemServiceManager( 1754): Starting com.android.server.appwidget.AppWidgetService
06-01 08:41:33.484 I/SystemServiceManager( 1754): Starting com.android.server.voiceinteraction.VoiceInteractionManagerService
06-01 08:41:33.504 I/SystemServer( 1754): Gesture Launcher Service
06-01 08:41:33.504 I/SystemServiceManager( 1754): Starting com.android.server.GestureLauncherService
06-01 08:41:33.505 I/SystemServiceManager( 1754): Starting com.android.server.SensorNotificationService
06-01 08:41:33.506 I/SystemServiceManager( 1754): Starting com.android.server.ContextHubSystemService
06-01 08:41:33.541 E/ContextHubService( 1754): ** Could not load context_hub module : err No such file or directory
06-01 08:41:33.541 W/ContextHubService( 1754): No Context Hub Module present
06-01 08:41:33.542 I/SystemServer( 1754): StartDiskStatsService
06-01 08:41:33.545 I/SystemServer( 1754): StartSamplingProfilerService
06-01 08:41:33.598 I/SystemServer( 1754): StartNetworkTimeUpdateService
06-01 08:41:33.633 I/SystemServer( 1754): StartCommonTimeManagementService
06-01 08:41:33.650 I/SystemServer( 1754): CertBlacklister
06-01 08:41:33.655 I/SystemServiceManager( 1754): Starting com.android.server.emergency.EmergencyAffordanceService
06-01 08:41:33.658 I/SystemServiceManager( 1754): Starting com.android.server.dreams.DreamManagerService
06-01 08:41:33.695 I/SystemServer( 1754): StartAssetAtlasService
06-01 08:41:33.816 I/SystemServiceManager( 1754): Starting com.android.server.print.PrintManagerService
06-01 08:41:33.841 I/SystemServiceManager( 1754): Starting com.android.server.restrictions.RestrictionsManagerService
06-01 08:41:33.863 I/SystemServiceManager( 1754): Starting com.android.server.media.MediaSessionService
06-01 08:41:33.883 D/AssetAtlas( 1754): Loaded configuration: SliceMinArea (1280x896) flags=0x2 count=91
06-01 08:41:33.944 I/SystemServer( 1754): StartMediaRouterService
06-01 08:41:33.949 I/SystemServiceManager( 1754): Starting com.android.server.trust.TrustManagerService
06-01 08:41:33.965 D/gralloc_ranchu( 1754): Emulator without host-side GPU emulation detected. Loading gralloc.default.so from /vendor/lib64/hw/gralloc.goldfish.default.so...
06-01 08:41:33.969 D/gralloc_ranchu( 1754): gralloc.default.so not found in /vendor. Trying /system/lib64/hw/gralloc.goldfish.default.so...
06-01 08:41:34.021 I/SystemServiceManager( 1754): Starting com.android.server.fingerprint.FingerprintService
06-01 08:41:34.255 D/PermissionCache( 1360): checking android.permission.MANAGE_FINGERPRINT for uid=1000 => granted (28311 us)
06-01 08:41:34.258 V/fingerprintd( 1360): nativeOpenHal()
06-01 08:41:34.384 D/FingerprintHal( 1360): ----------------> fingerprint_open ----------------->
06-01 08:41:34.386 E/fingerprintd( 1360): Wrong fp version. Expected 512, got 513
06-01 08:41:34.386 D/FingerprintHal( 1360): ----------------> set_notify_callback ----------------->
06-01 08:41:34.387 D/FingerprintHal( 1360): fingerprint callback notification set
06-01 08:41:34.387 V/fingerprintd( 1360): fingerprint HAL successfully initialized
06-01 08:41:34.401 D/FingerprintHal( 1360): ----------------> listenerFunction ----------------->
06-01 08:41:34.507 W/AssetAtlasService( 1754): Could not find EGL configuration
06-01 08:41:34.521 D/AssetAtlas( 1754): Rendered atlas in 385.80ms (382.37+3.43ms)
06-01 08:41:34.647 I/art     ( 1754): Background partial concurrent mark sweep GC freed 14032(1144KB) AllocSpace objects, 10(200KB) LOS objects, 23% free, 12MB/16MB, paused 13.357ms total 562.772ms
06-01 08:41:35.049 V/fingerprintd( 1360): setActiveGroup(0, /data/system/users/0/fpdata, 27)
06-01 08:41:35.049 D/FingerprintHal( 1360): ----------------> fingerprint_set_active_group -----------------> path /data/system/users/0/fpdata
06-01 08:41:35.049 D/FingerprintHal( 1360): ----------------> loadFingerprints ----------------->
06-01 08:41:35.060 E/FingerprintHal( 1360): Could not load fingerprints from storage at /data/system/users/0/fpdata/emufp.bin; it has not yet been created.
06-01 08:41:35.061 D/FingerprintHal( 1360): ----------------> loadAuthenticatorId ----------------->
06-01 08:41:35.070 D/FingerprintHal( 1360): Read authenticator id (0x6b8b4567327b23c6)
06-01 08:41:35.081 D/FingerprintHal( 1360): ----------------> fingerprint_get_auth_id ----------------->
06-01 08:41:35.081 D/FingerprintHal( 1360): ----------------> fingerprint_get_auth_id auth id 6b8b4567327b23c6----------------->
06-01 08:41:35.082 V/FingerprintService( 1754): Fingerprint HAL id: 135384751456256
06-01 08:41:35.084 I/SystemServer( 1754): StartBackgroundDexOptService
06-01 08:41:35.103 I/SystemServiceManager( 1754): Starting com.android.server.pm.ShortcutService$Lifecycle
06-01 08:41:35.072 E/hostapd ( 2052): Configuration file: /system/etc/simulated_hostapd.conf
06-01 08:41:35.184 E/hostapd ( 2052): Could not read interface wlan1 flags: No such device
06-01 08:41:35.184 I/hostapd ( 2052): nl80211: Driver does not support authentication/association or connect commands
06-01 08:41:35.185 I/hostapd ( 2052): nl80211: deinit ifname=wlan1 disabled_11b_rates=0
06-01 08:41:35.200 E/hostapd ( 2052): Could not read interface wlan1 flags: No such device
06-01 08:41:35.201 E/hostapd ( 2052): nl80211 driver initialization failed.
06-01 08:41:35.201 I/hostapd ( 2052): wlan1: interface state UNINITIALIZED->DISABLED
06-01 08:41:35.202 I/hostapd ( 2052): wlan1: AP-DISABLED 
06-01 08:41:35.202 E/hostapd ( 2052): hostapd_free_hapd_data: Interface wlan1 wasn't started
06-01 08:41:35.640 W/art     ( 1754): Long monitor contention with owner android.bg (1798) at void java.lang.Object.notifyAll!()(Object.java:-2) waiters=0 in void java.lang.ref.FinalizerReference.add(java.lang.Object) for 320ms
06-01 08:41:35.648 I/SystemServiceManager( 1754): Starting com.android.server.pm.LauncherAppsService
06-01 08:41:35.701 I/SystemServiceManager( 1754): Starting com.android.server.media.projection.MediaProjectionManagerService
06-01 08:41:35.766 V/MediaRouter( 1754): Adding route: RouteInfo{ name=Phone, description=null, status=null, category=RouteCategory{ name=null types=ROUTE_TYPE_LIVE_AUDIO ROUTE_TYPE_LIVE_VIDEO  groupable=false }, supportedTypes=ROUTE_TYPE_LIVE_AUDIO ROUTE_TYPE_LIVE_VIDEO , presentationDisplay=null }
06-01 08:41:35.783 V/MediaRouter( 1754): Updating audio routes: AudioRoutesInfo{ type=SPEAKER }
06-01 08:41:35.788 V/MediaRouter( 1754): Selecting route: RouteInfo{ name=Phone, description=null, status=null, category=RouteCategory{ name=null types=ROUTE_TYPE_LIVE_AUDIO ROUTE_TYPE_LIVE_VIDEO  groupable=false }, supportedTypes=ROUTE_TYPE_LIVE_AUDIO ROUTE_TYPE_LIVE_VIDEO , presentationDisplay=null }
06-01 08:41:35.855 I/WindowManager( 1754): SAFE MODE not enabled
06-01 08:41:35.855 I/SystemServiceManager( 1754): Starting com.android.server.MmsServiceBroker
06-01 08:41:35.876 W/VibratorService( 1754): Tried to stop vibrating but there is no vibrator device.
06-01 08:41:35.951 E/ipv6proxy( 2053): Failed to get interface flags for wlan1: No such device
06-01 08:41:36.570 E/LockSettingsStorage( 1754): Cannot read file java.io.FileNotFoundException: /data/system/gatekeeper.password.key: open failed: ENOENT (No such file or directory)
06-01 08:41:36.572 E/LockSettingsStorage( 1754): Cannot read file java.io.FileNotFoundException: /data/system/password.key: open failed: ENOENT (No such file or directory)
06-01 08:41:36.573 E/LockSettingsStorage( 1754): Cannot read file java.io.FileNotFoundException: /data/system/gatekeeper.pattern.key: open failed: ENOENT (No such file or directory)
06-01 08:41:36.575 E/LockSettingsStorage( 1754): Cannot read file java.io.FileNotFoundException: /data/system/gatekeeper.gesture.key: open failed: ENOENT (No such file or directory)
06-01 08:41:36.576 E/LockSettingsStorage( 1754): Cannot read file java.io.FileNotFoundException: /data/system/gesture.key: open failed: ENOENT (No such file or directory)
06-01 08:41:36.577 I/SystemServiceManager( 1754): Starting phase 480
06-01 08:41:36.649 I/DevicePolicyManagerService( 1754): Set ro.device_owner property to false
06-01 08:41:37.007 I/SystemServiceManager( 1754): Starting phase 500
06-01 08:41:37.257 D/ConnectivityMetricsLoggerService( 1754): onBootPhase: PHASE_SYSTEM_SERVICES_READY
06-01 08:41:37.511 I/WifiService( 1754): WifiService starting up with Wi-Fi disabled
06-01 08:41:37.544 I/WifiScanningService( 1754): Starting wifiscanner
