06-07 00:40:58.364 E/Hyphenator( 1324): java.io.FileNotFoundException: /system/usr/hyphen-data/hyph-hi.hyb: open failed: ENOENT (No such file or directory)
06-07 00:40:58.364 E/Hyphenator( 1324): 	at libcore.io.IoBridge.open(IoBridge.java:455)
06-07 00:40:58.364 E/Hyphenator( 1324): 	at java.io.RandomAccessFile.<init>(RandomAccessFile.java:247)
06-07 00:40:58.364 E/Hyphenator( 1324): 	at android.text.Hyphenator.loadHyphenator(Hyphenator.java:118)
06-07 00:40:58.364 E/Hyphenator( 1324): 	at android.text.Hyphenator.init(Hyphenator.java:224)
06-07 00:40:58.364 E/Hyphenator( 1324): 	at com.android.internal.os.ZygoteInit.preloadTextResources(ZygoteInit.java:252)
06-07 00:40:58.364 E/Hyphenator( 1324): 	at com.android.internal.os.ZygoteInit.preload(ZygoteInit.java:206)
06-07 00:40:58.364 E/Hyphenator( 1324): 	at com.android.internal.os.ZygoteInit.main(ZygoteInit.java:743)
06-07 00:40:58.364 E/Hyphenator( 1324): Caused by: android.system.ErrnoException: open failed: ENOENT (No such file or directory)
06-07 00:40:58.364 E/Hyphenator( 1324): 	at libcore.io.Posix.open(Native Method)
06-07 00:40:58.364 E/Hyphenator( 1324): 	at libcore.io.BlockGuardOs.open(BlockGuardOs.java:187)
06-07 00:40:58.364 E/Hyphenator( 1324): 	at libcore.io.IoBridge.open(IoBridge.java:441)
06-07 00:40:58.364 E/Hyphenator( 1324): 	... 6 more
06-07 00:40:58.366 E/Hyphenator( 1324): error loading hyphenation /system/usr/hyphen-data/hyph-hr.hyb
06-07 00:40:58.366 E/Hyphenator( 1324): java.io.FileNotFoundException: /system/usr/hyphen-data/hyph-hr.hyb: open failed: ENOENT (No such file or directory)
06-07 00:40:58.366 E/Hyphenator( 1324): 	at libcore.io.IoBridge.open(IoBridge.java:455)
06-07 00:40:58.366 E/Hyphenator( 1324): 	at java.io.RandomAccessFile.<init>(RandomAccessFile.java:247)
06-07 00:40:58.366 E/Hyphenator( 1324): 	at android.text.Hyphenator.loadHyphenator(Hyphenator.java:118)
06-07 00:40:58.366 E/Hyphenator( 1324): 	at android.text.Hyphenator.init(Hyphenator.java:224)
06-07 00:40:58.366 E/Hyphenator( 1324): 	at com.android.internal.os.ZygoteInit.preloadTextResources(ZygoteInit.java:252)
06-07 00:40:58.366 E/Hyphenator( 1324): 	at com.android.internal.os.ZygoteInit.preload(ZygoteInit.java:206)
06-07 00:40:58.366 E/Hyphenator( 1324): 	at com.android.internal.os.ZygoteInit.main(ZygoteInit.java:743)
06-07 00:40:58.366 E/Hyphenator( 1324): Caused by: android.system.ErrnoException: open failed: ENOENT (No such file or directory)
06-07 00:40:58.366 E/Hyphenator( 1324): 	at libcore.io.Posix.open(Native Method)
06-07 00:40:58.366 E/Hyphenator( 1324): 	at libcore.io.BlockGuardOs.open(BlockGuardOs.java:187)
06-07 00:40:58.366 E/Hyphenator( 1324): 	at libcore.io.IoBridge.open(IoBridge.java:441)
06-07 00:40:58.366 E/Hyphenator( 1324): 	... 6 more
06-07 00:40:58.368 E/Hyphenator( 1324): error loading hyphenation /system/usr/hyphen-data/hyph-hu.hyb
06-07 00:40:58.368 E/Hyphenator( 1324): java.io.FileNotFoundException: /system/usr/hyphen-data/hyph-hu.hyb: open failed: ENOENT (No such file or directory)
06-07 00:40:58.368 E/Hyphenator( 1324): 	at libcore.io.IoBridge.open(IoBridge.java:455)
06-07 00:40:58.368 E/Hyphenator( 1324): 	at java.io.RandomAccessFile.<init>(RandomAccessFile.java:247)
06-07 00:40:58.368 E/Hyphenator( 1324): 	at android.text.Hyphenator.loadHyphenator(Hyphenator.java:118)
06-07 00:40:58.368 E/Hyphenator( 1324): 	at android.text.Hyphenator.init(Hyphenator.java:224)
06-07 00:40:58.368 E/Hyphenator( 1324): 	at com.android.internal.os.ZygoteInit.preloadTextResources(ZygoteInit.java:252)
06-07 00:40:58.368 E/Hyphenator( 1324): 	at com.android.internal.os.ZygoteInit.preload(ZygoteInit.java:206)
06-07 00:40:58.368 E/Hyphenator( 1324): 	at com.android.internal.os.ZygoteInit.main(ZygoteInit.java:743)
06-07 00:40:58.368 E/Hyphenator( 1324): Caused by: android.system.ErrnoException: open failed: ENOENT (No such file or directory)
06-07 00:40:58.368 E/Hyphenator( 1324): 	at libcore.io.Posix.open(Native Method)
06-07 00:40:58.368 E/Hyphenator( 1324): 	at libcore.io.BlockGuardOs.open(BlockGuardOs.java:187)
06-07 00:40:58.368 E/Hyphenator( 1324): 	at libcore.io.IoBridge.open(IoBridge.java:441)
06-07 00:40:58.368 E/Hyphenator( 1324): 	... 6 more
06-07 00:40:58.369 E/Hyphenator( 1324): error loading hyphenation /system/usr/hyphen-data/hyph-hy.hyb
06-07 00:40:58.369 E/Hyphenator( 1324): java.io.FileNotFoundException: /system/usr/hyphen-data/hyph-hy.hyb: open failed: ENOENT (No such file or directory)
06-07 00:40:58.369 E/Hyphenator( 1324): 	at libcore.io.IoBridge.open(IoBridge.java:455)
06-07 00:40:58.369 E/Hyphenator( 1324): 	at java.io.RandomAccessFile.<init>(RandomAccessFile.java:247)
06-07 00:40:58.369 E/Hyphenator( 1324): 	at android.text.Hyphenator.loadHyphenator(Hyphenator.java:118)
06-07 00:40:58.369 E/Hyphenator( 1324): 	at android.text.Hyphenator.init(Hyphenator.java:224)
06-07 00:40:58.369 E/Hyphenator( 1324): 	at com.android.internal.os.ZygoteInit.preloadTextResources(ZygoteInit.java:252)
06-07 00:40:58.369 E/Hyphenator( 1324): 	at com.android.internal.os.ZygoteInit.preload(ZygoteInit.java:206)
06-07 00:40:58.369 E/Hyphenator( 1324): 	at com.android.internal.os.ZygoteInit.main(ZygoteInit.java:743)
06-07 00:40:58.369 E/Hyphenator( 1324): Caused by: android.system.ErrnoException: open failed: ENOENT (No such file or directory)
06-07 00:40:58.369 E/Hyphenator( 1324): 	at libcore.io.Posix.open(Native Method)
06-07 00:40:58.369 E/Hyphenator( 1324): 	at libcore.io.BlockGuardOs.open(BlockGuardOs.java:187)
06-07 00:40:58.369 E/Hyphenator( 1324): 	at libcore.io.IoBridge.open(IoBridge.java:441)
06-07 00:40:58.369 E/Hyphenator( 1324): 	... 6 more
06-07 00:40:58.402 E/Hyphenator( 1324): error loading hyphenation /system/usr/hyphen-data/hyph-kn.hyb
06-07 00:40:58.402 E/Hyphenator( 1324): java.io.FileNotFoundException: /system/usr/hyphen-data/hyph-kn.hyb: open failed: ENOENT (No such file or directory)
06-07 00:40:58.402 E/Hyphenator( 1324): 	at libcore.io.IoBridge.open(IoBridge.java:455)
06-07 00:40:58.402 E/Hyphenator( 1324): 	at java.io.RandomAccessFile.<init>(RandomAccessFile.java:247)
06-07 00:40:58.402 E/Hyphenator( 1324): 	at android.text.Hyphenator.loadHyphenator(Hyphenator.java:118)
06-07 00:40:58.402 E/Hyphenator( 1324): 	at android.text.Hyphenator.init(Hyphenator.java:224)
06-07 00:40:58.402 E/Hyphenator( 1324): 	at com.android.internal.os.ZygoteInit.preloadTextResources(ZygoteInit.java:252)
06-07 00:40:58.402 E/Hyphenator( 1324): 	at com.android.internal.os.ZygoteInit.preload(ZygoteInit.java:206)
06-07 00:40:58.402 E/Hyphenator( 1324): 	at com.android.internal.os.ZygoteInit.main(ZygoteInit.java:743)
06-07 00:40:58.402 E/Hyphenator( 1324): Caused by: android.system.ErrnoException: open failed: ENOENT (No such file or directory)
06-07 00:40:58.402 E/Hyphenator( 1324): 	at libcore.io.Posix.open(Native Method)
06-07 00:40:58.402 E/Hyphenator( 1324): 	at libcore.io.BlockGuardOs.open(BlockGuardOs.java:187)
06-07 00:40:58.402 E/Hyphenator( 1324): 	at libcore.io.IoBridge.open(IoBridge.java:441)
06-07 00:40:58.402 E/Hyphenator( 1324): 	... 6 more
06-07 00:40:58.404 E/Hyphenator( 1324): error loading hyphenation /system/usr/hyphen-data/hyph-ml.hyb
06-07 00:40:58.404 E/Hyphenator( 1324): java.io.FileNotFoundException: /system/usr/hyphen-data/hyph-ml.hyb: open failed: ENOENT (No such file or directory)
06-07 00:40:58.404 E/Hyphenator( 1324): 	at libcore.io.IoBridge.open(IoBridge.java:455)
06-07 00:40:58.404 E/Hyphenator( 1324): 	at java.io.RandomAccessFile.<init>(RandomAccessFile.java:247)
06-07 00:40:58.404 E/Hyphenator( 1324): 	at android.text.Hyphenator.loadHyphenator(Hyphenator.java:118)
06-07 00:40:58.404 E/Hyphenator( 1324): 	at android.text.Hyphenator.init(Hyphenator.java:224)
06-07 00:40:58.404 E/Hyphenator( 1324): 	at com.android.internal.os.ZygoteInit.preloadTextResources(ZygoteInit.java:252)
06-07 00:40:58.404 E/Hyphenator( 1324): 	at com.android.internal.os.ZygoteInit.preload(ZygoteInit.java:206)
06-07 00:40:58.404 E/Hyphenator( 1324): 	at com.android.internal.os.ZygoteInit.main(ZygoteInit.java:743)
06-07 00:40:58.404 E/Hyphenator( 1324): Caused by: android.system.ErrnoException: open failed: ENOENT (No such file or directory)
06-07 00:40:58.404 E/Hyphenator( 1324): 	at libcore.io.Posix.open(Native Method)
06-07 00:40:58.404 E/Hyphenator( 1324): 	at libcore.io.BlockGuardOs.open(BlockGuardOs.java:187)
06-07 00:40:58.404 E/Hyphenator( 1324): 	at libcore.io.IoBridge.open(IoBridge.java:441)
06-07 00:40:58.404 E/Hyphenator( 1324): 	... 6 more
06-07 00:40:58.406 E/Hyphenator( 1324): error loading hyphenation /system/usr/hyphen-data/hyph-mn-cyrl.hyb
06-07 00:40:58.406 E/Hyphenator( 1324): java.io.FileNotFoundException: /system/usr/hyphen-data/hyph-mn-cyrl.hyb: open failed: ENOENT (No such file or directory)
06-07 00:40:58.406 E/Hyphenator( 1324): 	at libcore.io.IoBridge.open(IoBridge.java:455)
06-07 00:40:58.406 E/Hyphenator( 1324): 	at java.io.RandomAccessFile.<init>(RandomAccessFile.java:247)
06-07 00:40:58.406 E/Hyphenator( 1324): 	at android.text.Hyphenator.loadHyphenator(Hyphenator.java:118)
06-07 00:40:58.406 E/Hyphenator( 1324): 	at android.text.Hyphenator.init(Hyphenator.java:224)
06-07 00:40:58.406 E/Hyphenator( 1324): 	at com.android.internal.os.ZygoteInit.preloadTextResources(ZygoteInit.java:252)
06-07 00:40:58.406 E/Hyphenator( 1324): 	at com.android.internal.os.ZygoteInit.preload(ZygoteInit.java:206)
06-07 00:40:58.406 E/Hyphenator( 1324): 	at com.android.internal.os.ZygoteInit.main(ZygoteInit.java:743)
06-07 00:40:58.406 E/Hyphenator( 1324): Caused by: android.system.ErrnoException: open failed: ENOENT (No such file or directory)
06-07 00:40:58.406 E/Hyphenator( 1324): 	at libcore.io.Posix.open(Native Method)
06-07 00:40:58.406 E/Hyphenator( 1324): 	at libcore.io.BlockGuardOs.open(BlockGuardOs.java:187)
06-07 00:40:58.406 E/Hyphenator( 1324): 	at libcore.io.IoBridge.open(IoBridge.java:441)
06-07 00:40:58.406 E/Hyphenator( 1324): 	... 6 more
06-07 00:40:58.408 E/Hyphenator( 1324): error loading hyphenation /system/usr/hyphen-data/hyph-mr.hyb
06-07 00:40:58.408 E/Hyphenator( 1324): java.io.FileNotFoundException: /system/usr/hyphen-data/hyph-mr.hyb: open failed: ENOENT (No such file or directory)
06-07 00:40:58.408 E/Hyphenator( 1324): 	at libcore.io.IoBridge.open(IoBridge.java:455)
06-07 00:40:58.408 E/Hyphenator( 1324): 	at java.io.RandomAccessFile.<init>(RandomAccessFile.java:247)
06-07 00:40:58.408 E/Hyphenator( 1324): 	at android.text.Hyphenator.loadHyphenator(Hyphenator.java:118)
06-07 00:40:58.408 E/Hyphenator( 1324): 	at android.text.Hyphenator.init(Hyphenator.java:224)
06-07 00:40:58.408 E/Hyphenator( 1324): 	at com.android.internal.os.ZygoteInit.preloadTextResources(ZygoteInit.java:252)
06-07 00:40:58.408 E/Hyphenator( 1324): 	at com.android.internal.os.ZygoteInit.preload(ZygoteInit.java:206)
06-07 00:40:58.408 E/Hyphenator( 1324): 	at com.android.internal.os.ZygoteInit.main(ZygoteInit.java:743)
06-07 00:40:58.408 E/Hyphenator( 1324): Caused by: android.system.ErrnoException: open failed: ENOENT (No such file or directory)
06-07 00:40:58.408 E/Hyphenator( 1324): 	at libcore.io.Posix.open(Native Method)
06-07 00:40:58.408 E/Hyphenator( 1324): 	at libcore.io.BlockGuardOs.open(BlockGuardOs.java:187)
06-07 00:40:58.408 E/Hyphenator( 1324): 	at libcore.io.IoBridge.open(IoBridge.java:441)
06-07 00:40:58.408 E/Hyphenator( 1324): 	... 6 more
06-07 00:40:58.409 E/Hyphenator( 1324): error loading hyphenation /system/usr/hyphen-data/hyph-nb.hyb
06-07 00:40:58.409 E/Hyphenator( 1324): java.io.FileNotFoundException: /system/usr/hyphen-data/hyph-nb.hyb: open failed: ENOENT (No such file or directory)
06-07 00:40:58.409 E/Hyphenator( 1324): 	at libcore.io.IoBridge.open(IoBridge.java:455)
06-07 00:40:58.409 E/Hyphenator( 1324): 	at java.io.RandomAccessFile.<init>(RandomAccessFile.java:247)
06-07 00:40:58.409 E/Hyphenator( 1324): 	at android.text.Hyphenator.loadHyphenator(Hyphenator.java:118)
06-07 00:40:58.409 E/Hyphenator( 1324): 	at android.text.Hyphenator.init(Hyphenator.java:224)
06-07 00:40:58.409 E/Hyphenator( 1324): 	at com.android.internal.os.ZygoteInit.preloadTextResources(ZygoteInit.java:252)
06-07 00:40:58.409 E/Hyphenator( 1324): 	at com.android.internal.os.ZygoteInit.preload(ZygoteInit.java:206)
06-07 00:40:58.409 E/Hyphenator( 1324): 	at com.android.internal.os.ZygoteInit.main(ZygoteInit.java:743)
06-07 00:40:58.409 E/Hyphenator( 1324): Caused by: android.system.ErrnoException: open failed: ENOENT (No such file or directory)
06-07 00:40:58.409 E/Hyphenator( 1324): 	at libcore.io.Posix.open(Native Method)
06-07 00:40:58.409 E/Hyphenator( 1324): 	at libcore.io.BlockGuardOs.open(BlockGuardOs.java:187)
06-07 00:40:58.409 E/Hyphenator( 1324): 	at libcore.io.IoBridge.open(IoBridge.java:441)
06-07 00:40:58.409 E/Hyphenator( 1324): 	... 6 more
06-07 00:40:58.431 E/Hyphenator( 1324): error loading hyphenation /system/usr/hyphen-data/hyph-nn.hyb
06-07 00:40:58.431 E/Hyphenator( 1324): java.io.FileNotFoundException: /system/usr/hyphen-data/hyph-nn.hyb: open failed: ENOENT (No such file or directory)
06-07 00:40:58.431 E/Hyphenator( 1324): 	at libcore.io.IoBridge.open(IoBridge.java:455)
06-07 00:40:58.431 E/Hyphenator( 1324): 	at java.io.RandomAccessFile.<init>(RandomAccessFile.java:247)
06-07 00:40:58.431 E/Hyphenator( 1324): 	at android.text.Hyphenator.loadHyphenator(Hyphenator.java:118)
06-07 00:40:58.431 E/Hyphenator( 1324): 	at android.text.Hyphenator.init(Hyphenator.java:224)
06-07 00:40:58.431 E/Hyphenator( 1324): 	at com.android.internal.os.ZygoteInit.preloadTextResources(ZygoteInit.java:252)
06-07 00:40:58.431 E/Hyphenator( 1324): 	at com.android.internal.os.ZygoteInit.preload(ZygoteInit.java:206)
06-07 00:40:58.431 E/Hyphenator( 1324): 	at com.android.internal.os.ZygoteInit.main(ZygoteInit.java:743)
06-07 00:40:58.431 E/Hyphenator( 1324): Caused by: android.system.ErrnoException: open failed: ENOENT (No such file or directory)
06-07 00:40:58.431 E/Hyphenator( 1324): 	at libcore.io.Posix.open(Native Method)
06-07 00:40:58.431 E/Hyphenator( 1324): 	at libcore.io.BlockGuardOs.open(BlockGuardOs.java:187)
06-07 00:40:58.431 E/Hyphenator( 1324): 	at libcore.io.IoBridge.open(IoBridge.java:441)
06-07 00:40:58.431 E/Hyphenator( 1324): 	... 6 more
06-07 00:40:58.433 E/Hyphenator( 1324): error loading hyphenation /system/usr/hyphen-data/hyph-or.hyb
06-07 00:40:58.433 E/Hyphenator( 1324): java.io.FileNotFoundException: /system/usr/hyphen-data/hyph-or.hyb: open failed: ENOENT (No such file or directory)
06-07 00:40:58.433 E/Hyphenator( 1324): 	at libcore.io.IoBridge.open(IoBridge.java:455)
06-07 00:40:58.433 E/Hyphenator( 1324): 	at java.io.RandomAccessFile.<init>(RandomAccessFile.java:247)
06-07 00:40:58.433 E/Hyphenator( 1324): 	at android.text.Hyphenator.loadHyphenator(Hyphenator.java:118)
06-07 00:40:58.433 E/Hyphenator( 1324): 	at android.text.Hyphenator.init(Hyphenator.java:224)
06-07 00:40:58.433 E/Hyphenator( 1324): 	at com.android.internal.os.ZygoteInit.preloadTextResources(ZygoteInit.java:252)
06-07 00:40:58.433 E/Hyphenator( 1324): 	at com.android.internal.os.ZygoteInit.preload(ZygoteInit.java:206)
06-07 00:40:58.433 E/Hyphenator( 1324): 	at com.android.internal.os.ZygoteInit.main(ZygoteInit.java:743)
06-07 00:40:58.433 E/Hyphenator( 1324): Caused by: android.system.ErrnoException: open failed: ENOENT (No such file or directory)
06-07 00:40:58.433 E/Hyphenator( 1324): 	at libcore.io.Posix.open(Native Method)
06-07 00:40:58.433 E/Hyphenator( 1324): 	at libcore.io.BlockGuardOs.open(BlockGuardOs.java:187)
06-07 00:40:58.433 E/Hyphenator( 1324): 	at libcore.io.IoBridge.open(IoBridge.java:441)
06-07 00:40:58.433 E/Hyphenator( 1324): 	... 6 more
06-07 00:40:58.470 E/Hyphenator( 1324): error loading hyphenation /system/usr/hyphen-data/hyph-pa.hyb
06-07 00:40:58.470 E/Hyphenator( 1324): java.io.FileNotFoundException: /system/usr/hyphen-data/hyph-pa.hyb: open failed: ENOENT (No such file or directory)
06-07 00:40:58.470 E/Hyphenator( 1324): 	at libcore.io.IoBridge.open(IoBridge.java:455)
06-07 00:40:58.470 E/Hyphenator( 1324): 	at java.io.RandomAccessFile.<init>(RandomAccessFile.java:247)
06-07 00:40:58.470 E/Hyphenator( 1324): 	at android.text.Hyphenator.loadHyphenator(Hyphenator.java:118)
06-07 00:40:58.470 E/Hyphenator( 1324): 	at android.text.Hyphenator.init(Hyphenator.java:224)
06-07 00:40:58.470 E/Hyphenator( 1324): 	at com.android.internal.os.ZygoteInit.preloadTextResources(ZygoteInit.java:252)
06-07 00:40:58.470 E/Hyphenator( 1324): 	at com.android.internal.os.ZygoteInit.preload(ZygoteInit.java:206)
06-07 00:40:58.470 E/Hyphenator( 1324): 	at com.android.internal.os.ZygoteInit.main(ZygoteInit.java:743)
06-07 00:40:58.470 E/Hyphenator( 1324): Caused by: android.system.ErrnoException: open failed: ENOENT (No such file or directory)
06-07 00:40:58.470 E/Hyphenator( 1324): 	at libcore.io.Posix.open(Native Method)
06-07 00:40:58.470 E/Hyphenator( 1324): 	at libcore.io.BlockGuardOs.open(BlockGuardOs.java:187)
06-07 00:40:58.470 E/Hyphenator( 1324): 	at libcore.io.IoBridge.open(IoBridge.java:441)
06-07 00:40:58.470 E/Hyphenator( 1324): 	... 6 more
06-07 00:40:58.472 E/Hyphenator( 1324): error loading hyphenation /system/usr/hyphen-data/hyph-pt.hyb
06-07 00:40:58.472 E/Hyphenator( 1324): java.io.FileNotFoundException: /system/usr/hyphen-data/hyph-pt.hyb: open failed: ENOENT (No such file or directory)
06-07 00:40:58.472 E/Hyphenator( 1324): 	at libcore.io.IoBridge.open(IoBridge.java:455)
06-07 00:40:58.472 E/Hyphenator( 1324): 	at java.io.RandomAccessFile.<init>(RandomAccessFile.java:247)
06-07 00:40:58.472 E/Hyphenator( 1324): 	at android.text.Hyphenator.loadHyphenator(Hyphenator.java:118)
06-07 00:40:58.472 E/Hyphenator( 1324): 	at android.text.Hyphenator.init(Hyphenator.java:224)
06-07 00:40:58.472 E/Hyphenator( 1324): 	at com.android.internal.os.ZygoteInit.preloadTextResources(ZygoteInit.java:252)
06-07 00:40:58.472 E/Hyphenator( 1324): 	at com.android.internal.os.ZygoteInit.preload(ZygoteInit.java:206)
06-07 00:40:58.472 E/Hyphenator( 1324): 	at com.android.internal.os.ZygoteInit.main(ZygoteInit.java:743)
06-07 00:40:58.472 E/Hyphenator( 1324): Caused by: android.system.ErrnoException: open failed: ENOENT (No such file or directory)
06-07 00:40:58.472 E/Hyphenator( 1324): 	at libcore.io.Posix.open(Native Method)
06-07 00:40:58.472 E/Hyphenator( 1324): 	at libcore.io.BlockGuardOs.open(BlockGuardOs.java:187)
06-07 00:40:58.472 E/Hyphenator( 1324): 	at libcore.io.IoBridge.open(IoBridge.java:441)
06-07 00:40:58.472 E/Hyphenator( 1324): 	... 6 more
06-07 00:40:58.474 E/Hyphenator( 1324): error loading hyphenation /system/usr/hyphen-data/hyph-sl.hyb
06-07 00:40:58.474 E/Hyphenator( 1324): java.io.FileNotFoundException: /system/usr/hyphen-data/hyph-sl.hyb: open failed: ENOENT (No such file or directory)
06-07 00:40:58.474 E/Hyphenator( 1324): 	at libcore.io.IoBridge.open(IoBridge.java:455)
06-07 00:40:58.474 E/Hyphenator( 1324): 	at java.io.RandomAccessFile.<init>(RandomAccessFile.java:247)
06-07 00:40:58.474 E/Hyphenator( 1324): 	at android.text.Hyphenator.loadHyphenator(Hyphenator.java:118)
06-07 00:40:58.474 E/Hyphenator( 1324): 	at android.text.Hyphenator.init(Hyphenator.java:224)
06-07 00:40:58.474 E/Hyphenator( 1324): 	at com.android.internal.os.ZygoteInit.preloadTextResources(ZygoteInit.java:252)
06-07 00:40:58.474 E/Hyphenator( 1324): 	at com.android.internal.os.ZygoteInit.preload(ZygoteInit.java:206)
06-07 00:40:58.474 E/Hyphenator( 1324): 	at com.android.internal.os.ZygoteInit.main(ZygoteInit.java:743)
06-07 00:40:58.474 E/Hyphenator( 1324): Caused by: android.system.ErrnoException: open failed: ENOENT (No such file or directory)
06-07 00:40:58.474 E/Hyphenator( 1324): 	at libcore.io.Posix.open(Native Method)
06-07 00:40:58.474 E/Hyphenator( 1324): 	at libcore.io.BlockGuardOs.open(BlockGuardOs.java:187)
06-07 00:40:58.474 E/Hyphenator( 1324): 	at libcore.io.IoBridge.open(IoBridge.java:441)
06-07 00:40:58.474 E/Hyphenator( 1324): 	... 6 more
06-07 00:40:58.476 E/Hyphenator( 1324): error loading hyphenation /system/usr/hyphen-data/hyph-ta.hyb
06-07 00:40:58.476 E/Hyphenator( 1324): java.io.FileNotFoundException: /system/usr/hyphen-data/hyph-ta.hyb: open failed: ENOENT (No such file or directory)
06-07 00:40:58.476 E/Hyphenator( 1324): 	at libcore.io.IoBridge.open(IoBridge.java:455)
06-07 00:40:58.476 E/Hyphenator( 1324): 	at java.io.RandomAccessFile.<init>(RandomAccessFile.java:247)
06-07 00:40:58.476 E/Hyphenator( 1324): 	at android.text.Hyphenator.loadHyphenator(Hyphenator.java:118)
06-07 00:40:58.476 E/Hyphenator( 1324): 	at android.text.Hyphenator.init(Hyphenator.java:224)
06-07 00:40:58.476 E/Hyphenator( 1324): 	at com.android.internal.os.ZygoteInit.preloadTextResources(ZygoteInit.java:252)
06-07 00:40:58.476 E/Hyphenator( 1324): 	at com.android.internal.os.ZygoteInit.preload(ZygoteInit.java:206)
06-07 00:40:58.476 E/Hyphenator( 1324): 	at com.android.internal.os.ZygoteInit.main(ZygoteInit.java:743)
06-07 00:40:58.476 E/Hyphenator( 1324): Caused by: android.system.ErrnoException: open failed: ENOENT (No such file or directory)
06-07 00:40:58.476 E/Hyphenator( 1324): 	at libcore.io.Posix.open(Native Method)
06-07 00:40:58.476 E/Hyphenator( 1324): 	at libcore.io.BlockGuardOs.open(BlockGuardOs.java:187)
06-07 00:40:58.476 E/Hyphenator( 1324): 	at libcore.io.IoBridge.open(IoBridge.java:441)
06-07 00:40:58.476 E/Hyphenator( 1324): 	... 6 more
06-07 00:40:58.477 E/Hyphenator( 1324): error loading hyphenation /system/usr/hyphen-data/hyph-te.hyb
06-07 00:40:58.477 E/Hyphenator( 1324): java.io.FileNotFoundException: /system/usr/hyphen-data/hyph-te.hyb: open failed: ENOENT (No such file or directory)
06-07 00:40:58.477 E/Hyphenator( 1324): 	at libcore.io.IoBridge.open(IoBridge.java:455)
06-07 00:40:58.477 E/Hyphenator( 1324): 	at java.io.RandomAccessFile.<init>(RandomAccessFile.java:247)
06-07 00:40:58.477 E/Hyphenator( 1324): 	at android.text.Hyphenator.loadHyphenator(Hyphenator.java:118)
06-07 00:40:58.477 E/Hyphenator( 1324): 	at android.text.Hyphenator.init(Hyphenator.java:224)
06-07 00:40:58.477 E/Hyphenator( 1324): 	at com.android.internal.os.ZygoteInit.preloadTextResources(ZygoteInit.java:252)
06-07 00:40:58.477 E/Hyphenator( 1324): 	at com.android.internal.os.ZygoteInit.preload(ZygoteInit.java:206)
06-07 00:40:58.477 E/Hyphenator( 1324): 	at com.android.internal.os.ZygoteInit.main(ZygoteInit.java:743)
06-07 00:40:58.477 E/Hyphenator( 1324): Caused by: android.system.ErrnoException: open failed: ENOENT (No such file or directory)
06-07 00:40:58.477 E/Hyphenator( 1324): 	at libcore.io.Posix.open(Native Method)
06-07 00:40:58.477 E/Hyphenator( 1324): 	at libcore.io.BlockGuardOs.open(BlockGuardOs.java:187)
06-07 00:40:58.477 E/Hyphenator( 1324): 	at libcore.io.IoBridge.open(IoBridge.java:441)
06-07 00:40:58.477 E/Hyphenator( 1324): 	... 6 more
06-07 00:40:58.479 E/Hyphenator( 1324): error loading hyphenation /system/usr/hyphen-data/hyph-tk.hyb
06-07 00:40:58.479 E/Hyphenator( 1324): java.io.FileNotFoundException: /system/usr/hyphen-data/hyph-tk.hyb: open failed: ENOENT (No such file or directory)
06-07 00:40:58.479 E/Hyphenator( 1324): 	at libcore.io.IoBridge.open(IoBridge.java:455)
06-07 00:40:58.479 E/Hyphenator( 1324): 	at java.io.RandomAccessFile.<init>(RandomAccessFile.java:247)
06-07 00:40:58.479 E/Hyphenator( 1324): 	at android.text.Hyphenator.loadHyphenator(Hyphenator.java:118)
06-07 00:40:58.479 E/Hyphenator( 1324): 	at android.text.Hyphenator.init(Hyphenator.java:224)
06-07 00:40:58.479 E/Hyphenator( 1324): 	at com.android.internal.os.ZygoteInit.preloadTextResources(ZygoteInit.java:252)
06-07 00:40:58.479 E/Hyphenator( 1324): 	at com.android.internal.os.ZygoteInit.preload(ZygoteInit.java:206)
06-07 00:40:58.479 E/Hyphenator( 1324): 	at com.android.internal.os.ZygoteInit.main(ZygoteInit.java:743)
06-07 00:40:58.479 E/Hyphenator( 1324): Caused by: android.system.ErrnoException: open failed: ENOENT (No such file or directory)
06-07 00:40:58.479 E/Hyphenator( 1324): 	at libcore.io.Posix.open(Native Method)
06-07 00:40:58.479 E/Hyphenator( 1324): 	at libcore.io.BlockGuardOs.open(BlockGuardOs.java:187)
06-07 00:40:58.479 E/Hyphenator( 1324): 	at libcore.io.IoBridge.open(IoBridge.java:441)
06-07 00:40:58.479 E/Hyphenator( 1324): 	... 6 more
06-07 00:40:58.511 E/Hyphenator( 1324): error loading hyphenation /system/usr/hyphen-data/hyph-und-ethi.hyb
06-07 00:40:58.511 E/Hyphenator( 1324): java.io.FileNotFoundException: /system/usr/hyphen-data/hyph-und-ethi.hyb: open failed: ENOENT (No such file or directory)
06-07 00:40:58.511 E/Hyphenator( 1324): 	at libcore.io.IoBridge.open(IoBridge.java:455)
06-07 00:40:58.511 E/Hyphenator( 1324): 	at java.io.RandomAccessFile.<init>(RandomAccessFile.java:247)
06-07 00:40:58.511 E/Hyphenator( 1324): 	at android.text.Hyphenator.loadHyphenator(Hyphenator.java:118)
06-07 00:40:58.511 E/Hyphenator( 1324): 	at android.text.Hyphenator.init(Hyphenator.java:224)
06-07 00:40:58.511 E/Hyphenator( 1324): 	at com.android.internal.os.ZygoteInit.preloadTextResources(ZygoteInit.java:252)
06-07 00:40:58.511 E/Hyphenator( 1324): 	at com.android.internal.os.ZygoteInit.preload(ZygoteInit.java:206)
06-07 00:40:58.511 E/Hyphenator( 1324): 	at com.android.internal.os.ZygoteInit.main(ZygoteInit.java:743)
06-07 00:40:58.511 E/Hyphenator( 1324): Caused by: android.system.ErrnoException: open failed: ENOENT (No such file or directory)
06-07 00:40:58.511 E/Hyphenator( 1324): 	at libcore.io.Posix.open(Native Method)
06-07 00:40:58.511 E/Hyphenator( 1324): 	at libcore.io.BlockGuardOs.open(BlockGuardOs.java:187)
06-07 00:40:58.511 E/Hyphenator( 1324): 	at libcore.io.IoBridge.open(IoBridge.java:441)
06-07 00:40:58.511 E/Hyphenator( 1324): 	... 6 more
06-07 00:40:58.586 W/art     ( 1324): Suspending all threads took: 33.947ms
06-07 00:40:58.705 I/Zygote  ( 1323): System server process 1914 has been created
06-07 00:40:58.787 I/Zygote  ( 1323): Accepting command socket connections
06-07 00:40:58.863 I/art     ( 1324): Background sticky concurrent mark sweep GC freed 10779(889KB) AllocSpace objects, 3(120KB) LOS objects, 16% free, 6MB/7MB, paused 104.742ms total 392.077ms
06-07 00:40:58.966 I/Zygote  ( 1324): Uninstalled ICU cache reference pinning...
06-07 00:40:59.121 I/Zygote  ( 1324): Installed AndroidKeyStoreProvider in 155ms.
06-07 00:40:59.718 I/Zygote  ( 1324): Warmed up JCA providers in 597ms.
06-07 00:40:59.719 D/Zygote  ( 1324): end preload
06-07 00:40:59.760 I/art     ( 1324): Starting a blocking GC Explicit
06-07 00:41:00.102 I/art     ( 1324): Explicit concurrent mark sweep GC freed 7038(387KB) AllocSpace objects, 4(164KB) LOS objects, 39% free, 6MB/10MB, paused 424us total 333.666ms
06-07 00:41:00.120 I/art     ( 1324): Starting a blocking GC Explicit
06-07 00:41:00.431 I/art     ( 1324): Explicit concurrent mark sweep GC freed 60(2072B) AllocSpace objects, 0(0B) LOS objects, 39% free, 6MB/10MB, paused 433us total 219.792ms
06-07 00:41:00.436 I/Zygote  ( 1324): Accepting command socket connections
06-07 00:41:00.530 I/Zygote  ( 1914): Process: zygote socket opened, supported ABIS: x86
06-07 00:41:00.537 I/InstallerConnection( 1914): connecting...
06-07 00:41:00.542 I/        ( 1328): new connection
06-07 00:41:00.961 I/InstallerConnection( 1914): disconnecting...
06-07 00:41:00.970 E/        ( 1328): eof
06-07 00:41:00.971 E/        ( 1328): failed to read size
06-07 00:41:00.971 I/        ( 1328): closing connection
06-07 00:41:02.280 I/SystemServer( 1914): Entered the Android system server!
06-07 00:41:04.902 I/SystemServiceManager( 1914): Starting com.android.server.pm.Installer
06-07 00:41:05.030 I/Installer( 1914): Waiting for installd to be ready.
06-07 00:41:05.030 I/InstallerConnection( 1914): connecting...
06-07 00:41:05.032 I/        ( 1328): new connection
06-07 00:41:05.034 I/SystemServiceManager( 1914): Starting com.android.server.am.ActivityManagerService$Lifecycle
06-07 00:41:05.572 I/ActivityManager( 1914): Memory class: 256
06-07 00:41:05.621 I/ServiceThread( 1914): Enabled StrictMode logging for ActivityManager looper.
06-07 00:41:05.653 I/ServiceThread( 1914): Enabled StrictMode logging for android.ui looper.
06-07 00:41:06.054 D/BatteryStatsImpl( 1914): Reading daily items from /data/system/batterystats-daily.xml
06-07 00:41:08.031 W/ProcessCpuTracker( 1914): Skipping unknown process pid 1971
06-07 00:41:08.111 I/IntentFirewall( 1914): Read new rules (A:0 B:0 S:0)
06-07 00:41:08.340 I/ServiceThread( 1914): Enabled StrictMode logging for android.display looper.
06-07 00:41:09.083 D/AppOps  ( 1914): AppOpsService published
06-07 00:41:09.088 I/SystemServiceManager( 1914): Starting com.android.server.power.PowerManagerService
06-07 00:41:09.311 I/ServiceThread( 1914): Enabled StrictMode logging for PowerManagerService looper.
06-07 00:41:09.343 E/PowerManagerService-JNI( 1914): Couldn't load power module (No such file or directory)
06-07 00:41:09.344 W/libsuspend( 1914): Error writing 'on' to /sys/power/state: Invalid argument
06-07 00:41:09.345 I/libsuspend( 1914): Selected wakeup count
06-07 00:41:09.422 I/SystemServiceManager( 1914): Starting com.android.server.lights.LightsService
06-07 00:41:09.501 I/SystemServiceManager( 1914): Starting com.android.server.display.DisplayManagerService
06-07 00:41:09.603 I/SystemServiceManager( 1914): Starting phase 100
06-07 00:41:09.775 E/SurfaceFlinger( 1320): ro.sf.lcd_density must be defined as a build property
06-07 00:41:09.837 I/DisplayManagerService( 1914): Display device added: DisplayDeviceInfo{"Built-in Screen": uniqueId="local:0", 1080 x 1920, modeId 1, defaultModeId 1, supportedModes [{id=1, width=1080, height=1920, fps=60.000004}], colorMode 0, supportedColorModes [0], HdrCapabilities android.view.Display$HdrCapabilities@a69d6308, density 480, 480.0 x 480.0 dpi, appVsyncOff 1000000, presDeadline 16666666, touch INTERNAL, rotation 0, type BUILT_IN, state UNKNOWN, FLAG_DEFAULT_DISPLAY, FLAG_ROTATES_WITH_CONTENT, FLAG_SECURE, FLAG_SUPPORTS_PROTECTED_BUFFERS}
06-07 00:41:09.842 D/SurfaceFlinger( 1320): Set power mode=2, type=0 flinger=0x7f1bb7a47000
06-07 00:41:09.842 D/SurfaceFlinger( 1320): Screen type=0 is already mode=2
06-07 00:41:09.845 I/DisplayManagerService( 1914): Display device changed state: "Built-in Screen", ON
06-07 00:41:09.850 I/SystemServer( 1914): StartPackageManagerService
06-07 00:41:10.563 W/SystemConfig( 1914): No directory /system/etc/sysconfig, skipping
06-07 00:41:11.231 D/SELinuxMMAC( 1914): Using policy file /system/etc/security/mac_permissions.xml
06-07 00:41:11.532 V/NatController( 1334): runCmd(/system/bin/iptables -w -F natctrl_FORWARD) res=0
06-07 00:41:12.021 V/NatController( 1334): runCmd(/system/bin/ip6tables -w -F natctrl_FORWARD) res=0
06-07 00:41:12.455 V/NatController( 1334): runCmd(/system/bin/iptables -w -A natctrl_FORWARD -j DROP) res=0
06-07 00:41:12.852 V/NatController( 1334): runCmd(/system/bin/iptables -w -t nat -F natctrl_nat_POSTROUTING) res=0
06-07 00:41:13.409 V/NatController( 1334): runCmd(/system/bin/ip6tables -w -t raw -F natctrl_raw_PREROUTING) res=0
06-07 00:41:13.582 E/art     ( 1914): DexFile_getDexOptNeeded file '/system/framework/org.apache.http.legacy.jar' does not exist
06-07 00:41:13.584 W/PackageManager( 1914): Library not found: /system/framework/org.apache.http.legacy.jar
06-07 00:41:13.751 V/NatController( 1334): runCmd(/system/bin/iptables -w -F natctrl_tether_counters) res=1
06-07 00:41:13.805 E/art     ( 1914): DexFile_getDexOptNeeded file '/system/framework/org.apache.http.legacy.jar' does not exist
06-07 00:41:13.806 W/PackageManager( 1914): Library not found: /system/framework/org.apache.http.legacy.jar
06-07 00:41:13.861 D/PackageManager( 1914): No files in app dir /vendor/overlay
06-07 00:41:13.922 V/NatController( 1334): runCmd(/system/bin/ip6tables -w -F natctrl_tether_counters) res=1
06-07 00:41:14.103 V/NatController( 1334): runCmd(/system/bin/iptables -w -X natctrl_tether_counters) res=1
06-07 00:41:14.241 V/NatController( 1334): runCmd(/system/bin/ip6tables -w -X natctrl_tether_counters) res=1
06-07 00:41:14.571 V/NatController( 1334): runCmd(/system/bin/iptables -w -N natctrl_tether_counters) res=0
06-07 00:41:15.333 V/NatController( 1334): runCmd(/system/bin/ip6tables -w -N natctrl_tether_counters) res=0
06-07 00:41:15.570 W/PackageManager( 1914): Failed to parse /system/framework/oat: Missing base APK in /system/framework/oat
06-07 00:41:15.574 W/PackageManager( 1914): Failed to parse /system/framework/x86: Missing base APK in /system/framework/x86
06-07 00:41:15.577 W/PackageManager( 1914): Failed to parse /system/framework/x86_64: Missing base APK in /system/framework/x86_64
06-07 00:41:15.747 V/NatController( 1334): runCmd(/system/bin/iptables -w -t mangle -A natctrl_mangle_FORWARD -p tcp --tcp-flags SYN SYN -j TCPMSS --clamp-mss-to-pmtu) res=0
06-07 00:41:17.263 W/PackageParser( 1914): No actions in intent filter at /system/priv-app/Contacts/Contacts.apk Binary XML file line #409
06-07 00:41:18.440 W/PackageParser( 1914): No actions in intent filter at /system/priv-app/Dialer/Dialer.apk Binary XML file line #186
06-07 00:41:18.979 W/PackageManager( 1914): Permission android.permission.DOWNLOAD_WITHOUT_NOTIFICATION from package com.android.providers.downloads in an unknown group android.permission-group.NETWORK
06-07 00:41:19.638 E/Netd    ( 1334): cannot find interface dummy0
06-07 00:41:19.781 D/MDnsDS  ( 1334): MDnsSdListener::Hander starting up
06-07 00:41:19.801 D/MDnsDS  ( 1334): MDnsSdListener starting to monitor
06-07 00:41:19.801 D/MDnsDS  ( 1334): Going to poll with pollCount 1
06-07 00:41:21.748 W/PackageParser( 1914): Ignoring duplicate uses-permissions/uses-permissions-sdk-m: android.permission.USE_CREDENTIALS in package: com.android.settings at: Binary XML file line #53
06-07 00:41:21.749 W/PackageParser( 1914): Ignoring duplicate uses-permissions/uses-permissions-sdk-m: android.permission.READ_SYNC_SETTINGS in package: com.android.settings at: Binary XML file line #58
06-07 00:41:21.751 W/PackageParser( 1914): Ignoring duplicate uses-permissions/uses-permissions-sdk-m: android.permission.WRITE_SYNC_SETTINGS in package: com.android.settings at: Binary XML file line #59
06-07 00:41:22.866 W/PackageParser( 1914): Ignoring duplicate uses-permissions/uses-permissions-sdk-m: android.permission.INSTALL_GRANT_RUNTIME_PERMISSIONS in package: com.android.shell at: Binary XML file line #102
06-07 00:41:24.546 W/PackageParser( 1914): Ignoring duplicate uses-permissions/uses-permissions-sdk-m: android.permission.CONFIGURE_WIFI_DISPLAY in package: com.android.systemui at: Binary XML file line #123
06-07 00:41:25.501 W/art     ( 1914): Suspending all threads took: 12.360ms
06-07 00:41:25.611 I/art     ( 1914): Background sticky concurrent mark sweep GC freed 33309(2MB) AllocSpace objects, 20(416KB) LOS objects, 31% free, 6MB/10MB, paused 22.488ms total 241.644ms
06-07 00:41:26.865 W/PackageManager( 1914): Non-privileged app; cap priority to 0; package: com.android.calendar activity: com.android.calendar.GoogleCalendarUriIntentFilter origPrio: 50
06-07 00:41:27.069 W/PackageManager( 1914): Non-privileged app; cap priority to 0; package: com.android.cts.ctsshim activity: com.android.cts.ctsshim.InstallPriority origPrio: 100
06-07 00:41:27.069 W/PackageManager( 1914): Non-privileged app; cap priority to 0; package: com.android.cts.ctsshim activity: com.android.cts.ctsshim.InstallPriority origPrio: 100
06-07 00:41:27.069 W/PackageManager( 1914): Non-privileged app; cap priority to 0; package: com.android.cts.ctsshim activity: com.android.cts.ctsshim.InstallPriority origPrio: 100
06-07 00:41:27.069 W/PackageManager( 1914): Non-privileged app; cap priority to 0; package: com.android.cts.ctsshim activity: com.android.cts.ctsshim.InstallPriority origPrio: 100
06-07 00:41:27.069 W/PackageManager( 1914): Non-privileged app; cap priority to 0; package: com.android.cts.ctsshim activity: com.android.cts.ctsshim.InstallPriority origPrio: 100
06-07 00:41:28.438 W/PackageParser( 1914): Ignoring duplicate uses-permissions/uses-permissions-sdk-m: android.permission.WRITE_CONTACTS in package: com.android.email at: Binary XML file line #40
06-07 00:41:29.138 W/PackageParser( 1914): Unknown element under <application>: permission at /system/app/Gallery2/Gallery2.apk Binary XML file line #238
06-07 00:41:29.138 W/PackageParser( 1914): Unknown element under <application>: permission at /system/app/Gallery2/Gallery2.apk Binary XML file line #241
06-07 00:41:30.382 W/PackageManager( 1914): Permission com.android.launcher3.permission.READ_SETTINGS from package com.android.launcher3 in an unknown group android.permission-group.SYSTEM_TOOLS
06-07 00:41:30.383 W/PackageManager( 1914): Permission com.android.launcher3.permission.WRITE_SETTINGS from package com.android.launcher3 in an unknown group android.permission-group.SYSTEM_TOOLS
06-07 00:41:30.383 W/PackageManager( 1914): Permission com.android.launcher.permission.INSTALL_SHORTCUT from package com.android.launcher3 in an unknown group android.permission-group.SYSTEM_TOOLS
06-07 00:41:33.158 D/PackageManager( 1914): No files in app dir /system/vendor/app
06-07 00:41:33.159 D/PackageManager( 1914): No files in app dir /oem/app
06-07 00:41:34.444 W/PackageParser( 1914): No actions in intent filter at /data/app/ApiDemos/ApiDemos.apk Binary XML file line #3145
06-07 00:41:34.445 W/PackageParser( 1914): No actions in intent filter at /data/app/ApiDemos/ApiDemos.apk Binary XML file line #3151
06-07 00:41:34.458 W/PackageManager( 1914): Package com.example.android.apis desires unavailable shared library com.example.will.never.exist; ignoring!
06-07 00:41:34.554 I/SELinux ( 1914): SELinux: Loaded file_contexts contexts from /file_contexts.bin.
06-07 00:41:34.986 D/PackageManager( 1914): No files in app dir /data/app-private
06-07 00:41:35.000 D/PackageManager( 1914): No files in app dir /data/app-ephemeral
06-07 00:41:35.034 E/PackageManager( 1914): There should probably be exactly one setup wizard; found 0: matches=[]
06-07 00:41:35.034 W/PackageManager( 1914): Protected action; cap priority to 0; package: com.android.cts.priv.ctsshim activity: com.android.cts.priv.ctsshim.InstallPriority origPrio: 100
06-07 00:41:35.034 W/PackageManager( 1914): Protected action; cap priority to 0; package: com.android.cts.priv.ctsshim activity: com.android.cts.priv.ctsshim.InstallPriority origPrio: 100
06-07 00:41:35.035 W/PackageManager( 1914): Protected action; cap priority to 0; package: com.android.cts.priv.ctsshim activity: com.android.cts.priv.ctsshim.InstallPriority origPrio: 100
06-07 00:41:35.035 W/PackageManager( 1914): Protected action; cap priority to 0; package: com.android.cts.priv.ctsshim activity: com.android.cts.priv.ctsshim.InstallPriority origPrio: 100
06-07 00:41:35.035 W/PackageManager( 1914): Protected action; cap priority to 0; package: com.android.packageinstaller activity: com.android.packageinstaller.PackageInstallerActivity origPrio: 1
06-07 00:41:35.035 W/PackageManager( 1914): Package com.android.camera desires unavailable shared library com.google.android.media.effects; ignoring!
06-07 00:41:35.035 W/PackageManager( 1914): Package com.android.gallery3d desires unavailable shared library com.google.android.media.effects; ignoring!
06-07 00:41:35.035 W/PackageManager( 1914): Package com.android.gallery3d desires unavailable shared library com.google.android.media.effects; ignoring!
06-07 00:41:35.035 W/PackageManager( 1914): Package com.example.android.apis desires unavailable shared library com.example.will.never.exist; ignoring!
06-07 00:41:35.037 I/PackageManager( 1914): Adjusting ABI for com.android.providers.media to x86_64 (requirer=com.android.mtp, scannedPackage=null)
06-07 00:41:35.058 I/PackageManager( 1914): Adjusting ABI for com.android.providers.downloads.ui to x86_64 (requirer=com.android.mtp, scannedPackage=null)
06-07 00:41:35.071 I/PackageManager( 1914): Adjusting ABI for com.android.providers.downloads to x86_64 (requirer=com.android.mtp, scannedPackage=null)
06-07 00:41:35.074 I/PackageManager( 1914): Adjusting ABI for com.android.keychain to x86_64 (requirer=android, scannedPackage=null)
06-07 00:41:35.076 I/PackageManager( 1914): Adjusting ABI for com.android.location.fused to x86_64 (requirer=android, scannedPackage=null)
06-07 00:41:35.078 I/PackageManager( 1914): Adjusting ABI for com.android.wallpaperbackup to x86_64 (requirer=android, scannedPackage=null)
06-07 00:41:35.083 I/PackageManager( 1914): Adjusting ABI for com.android.server.telecom to x86_64 (requirer=android, scannedPackage=null)
06-07 00:41:35.085 I/PackageManager( 1914): Adjusting ABI for com.android.settings to x86_64 (requirer=android, scannedPackage=null)
06-07 00:41:35.087 I/PackageManager( 1914): Adjusting ABI for com.android.inputdevices to x86_64 (requirer=android, scannedPackage=null)
06-07 00:41:35.089 I/PackageManager( 1914): Adjusting ABI for com.android.providers.settings to x86_64 (requirer=android, scannedPackage=null)
06-07 00:41:35.113 I/PackageManager( 1914): Time to scan packages: 21.832 seconds
06-07 00:41:35.116 W/PackageManager( 1914): Unknown permission com.google.android.googleapps.permission.GOOGLE_AUTH in package com.android.providers.calendar
06-07 00:41:35.116 W/PackageManager( 1914): Unknown permission com.google.android.googleapps.permission.GOOGLE_AUTH.cl in package com.android.providers.calendar
06-07 00:41:35.118 W/PackageManager( 1914): Not granting permission android.permission.GLOBAL_SEARCH to package com.android.quicksearchbox (protectionLevel=18 flags=0x3808be45)
06-07 00:41:35.119 W/PackageManager( 1914): Not granting permission android.permission.WRITE_EXTERNAL_STORAGE to package gov.nasa.arc.astrobee.android.gs.manager because it was previously installed without
06-07 00:41:35.131 W/PackageManager( 1914): Not granting permission android.permission.READ_EXTERNAL_STORAGE to package gov.nasa.arc.astrobee.android.gs.manager because it was previously installed without
06-07 00:41:35.132 W/PackageManager( 1914): Unknown permission com.android.launcher.permission.READ_SETTINGS in package com.android.launcher3
06-07 00:41:35.132 W/PackageManager( 1914): Unknown permission com.android.launcher.permission.WRITE_SETTINGS in package com.android.launcher3
06-07 00:41:35.132 W/PackageManager( 1914): Not granting permission android.permission.BIND_APPWIDGET to package com.android.launcher3 (protectionLevel=18 flags=0x3c4bbe45)
06-07 00:41:35.132 W/PackageManager( 1914): Unknown permission com.google.android.googleapps.permission.GOOGLE_AUTH.mail in package com.android.calendar
06-07 00:41:35.133 W/PackageManager( 1914): Unknown permission com.google.android.providers.settings.permission.WRITE_GSETTINGS in package com.android.sdksetup
06-07 00:41:35.134 W/PackageManager( 1914): Unknown permission com.google.android.permission.INSTALL_WEARABLE_PACKAGES in package com.android.packageinstaller
06-07 00:41:35.134 W/PackageManager( 1914): Not granting permission android.permission.DELETE_PACKAGES to package com.svox.pico (protectionLevel=18 flags=0x3808be45)
06-07 00:41:35.135 W/PackageManager( 1914): Not granting permission android.permission.READ_CONTACTS to package com.example.android.apis because it was previously installed without
06-07 00:41:35.135 W/PackageManager( 1914): Not granting permission android.permission.WRITE_CONTACTS to package com.example.android.apis because it was previously installed without
06-07 00:41:35.135 W/PackageManager( 1914): Not granting permission android.permission.ACCESS_COARSE_LOCATION to package com.example.android.apis because it was previously installed without
06-07 00:41:35.135 W/PackageManager( 1914): Not granting permission android.permission.WRITE_EXTERNAL_STORAGE to package com.example.android.apis because it was previously installed without
06-07 00:41:35.135 W/PackageManager( 1914): Not granting permission android.permission.SEND_SMS to package com.example.android.apis because it was previously installed without
06-07 00:41:35.135 W/PackageManager( 1914): Not granting permission android.permission.RECEIVE_SMS to package com.example.android.apis because it was previously installed without
06-07 00:41:35.135 W/PackageManager( 1914): Not granting permission android.permission.RECEIVE_MMS to package com.example.android.apis because it was previously installed without
06-07 00:41:35.135 W/PackageManager( 1914): Not granting permission android.permission.READ_SMS to package com.example.android.apis because it was previously installed without
06-07 00:41:35.135 W/PackageManager( 1914): Not granting permission android.permission.READ_PHONE_STATE to package com.example.android.apis because it was previously installed without
06-07 00:41:35.135 W/PackageManager( 1914): Not granting permission android.permission.RECORD_AUDIO to package com.example.android.apis because it was previously installed without
06-07 00:41:35.135 W/PackageManager( 1914): Not granting permission android.permission.CAMERA to package com.example.android.apis because it was previously installed without
06-07 00:41:35.136 W/PackageManager( 1914): Not granting permission android.permission.READ_EXTERNAL_STORAGE to package com.example.android.apis because it was previously installed without
06-07 00:41:35.136 W/PackageManager( 1914): Unknown permission android.permission.RUN_INSTRUMENTATION in package org.chromium.webview_shell
06-07 00:41:35.136 W/PackageManager( 1914): Unknown permission com.google.android.googleapps.permission.GOOGLE_AUTH in package com.android.settings
06-07 00:41:35.137 W/PackageManager( 1914): Unknown permission com.android.launcher.permission.READ_SETTINGS in package com.android.settings
06-07 00:41:35.137 W/PackageManager( 1914): Unknown permission com.android.launcher.permission.WRITE_SETTINGS in package com.android.settings
06-07 00:41:35.138 W/PackageManager( 1914): Unknown permission com.android.smspush.WAPPUSH_MANAGER_BIND in package com.android.phone
06-07 00:41:35.150 W/PackageManager( 1914): Unknown permission com.google.android.googleapps.permission.ACCESS_GOOGLE_PASSWORD in package com.android.development
06-07 00:41:35.150 W/PackageManager( 1914): Unknown permission com.google.android.googleapps.permission.GOOGLE_AUTH in package com.android.development
06-07 00:41:35.150 W/PackageManager( 1914): Unknown permission com.google.android.googleapps.permission.GOOGLE_AUTH.ALL_SERVICES in package com.android.development
06-07 00:41:35.150 W/PackageManager( 1914): Unknown permission com.google.android.googleapps.permission.GOOGLE_AUTH.YouTubeUser in package com.android.development
06-07 00:41:35.151 W/PackageManager( 1914): Not granting permission android.permission.BIND_APPWIDGET to package com.android.widgetpreview (protectionLevel=18 flags=0x3808be44)
06-07 00:41:35.152 V/PackageManager( 1914): reconcileAppsData for null u0 0x3
06-07 00:41:35.253 I/SELinux ( 1328): SELinux: Loaded file_contexts contexts from /file_contexts.bin.
06-07 00:41:40.943 V/PackageManager( 1914): reconcileAppsData finished 81 packages
06-07 00:41:41.313 E/PackageManager( 1914): There should probably be a verifier, but, none were found
06-07 00:41:41.441 D/PackageManager( 1914): Ephemeral resolver NOT found; no matching intent filters
06-07 00:41:41.443 I/PackageManager( 1914): Ephemeral deactivated; missing resolver and installer
06-07 00:41:41.445 I/art     ( 1914): Starting a blocking GC Explicit
06-07 00:41:41.462 W/art     ( 1914): Long monitor contention with owner main (1914) at int android.net.LocalSocketImpl.readba_native(byte[], int, int, java.io.FileDescriptor)(LocalSocketImpl.java:-2) waiters=0 in void com.android.server.pm.Settings$RuntimePermissionPersistence.writePermissionsSync(int) for 4.543s
06-07 00:41:41.690 I/art     ( 1914): Explicit concurrent mark sweep GC freed 37909(2MB) AllocSpace objects, 4(80KB) LOS objects, 33% free, 7MB/10MB, paused 928us total 223.748ms
06-07 00:41:41.734 I/SystemServer( 1914): StartOtaDexOptService
06-07 00:41:41.776 I/SystemServer( 1914): StartUserManagerService
06-07 00:41:41.777 I/SystemServiceManager( 1914): Starting com.android.server.pm.UserManagerService$LifeCycle
06-07 00:41:42.023 I/lowmemorykiller( 1318): ActivityManager connected
06-07 00:41:42.059 D/SensorService( 1914): nuSensorService starting...
06-07 00:41:42.248 I/SystemServiceManager( 1914): Starting com.android.server.BatteryService
06-07 00:41:42.342 D/SensorService( 1914): nuSensorService thread starting...
06-07 00:41:42.350 D/SensorService( 1914): new thread SensorEventAckReceiver
06-07 00:41:42.441 I/SystemServiceManager( 1914): Starting com.android.server.usage.UsageStatsService
06-07 00:41:42.671 I/SystemServiceManager( 1914): Starting com.android.server.webkit.WebViewUpdateService
06-07 00:41:42.752 I/SystemServer( 1914): Reading configuration...
06-07 00:41:42.752 I/SystemServer( 1914): StartSchedulingPolicyService
06-07 00:41:42.758 I/SystemServiceManager( 1914): Starting com.android.server.telecom.TelecomLoaderService
06-07 00:41:42.759 I/SystemServer( 1914): StartTelephonyRegistry
06-07 00:41:42.813 I/SystemServer( 1914): StartEntropyMixer
06-07 00:41:42.836 I/EntropyMixer( 1914): Writing entropy...
06-07 00:41:42.904 I/SystemServer( 1914): Camera Service
06-07 00:41:42.952 I/SystemServiceManager( 1914): Starting com.android.server.camera.CameraService
06-07 00:41:42.965 I/ServiceThread( 1914): Enabled StrictMode logging for CameraService_proxy looper.
06-07 00:41:42.981 I/SystemServer( 1914): StartAccountManagerService
06-07 00:41:42.990 I/SystemServiceManager( 1914): Starting com.android.server.accounts.AccountManagerService$Lifecycle
06-07 00:41:43.067 I/SystemServer( 1914): StartContentService
06-07 00:41:43.070 I/SystemServiceManager( 1914): Starting com.android.server.content.ContentService$Lifecycle
06-07 00:41:43.085 I/SystemServer( 1914): InstallSystemProviders
06-07 00:41:43.148 W/System  ( 1914): ClassLoader referenced unknown path: /system/priv-app/SettingsProvider/lib/x86_64
06-07 00:41:43.491 I/SystemServer( 1914): StartVibratorService
