06-06 06:48:50.250 D/ZenLog  ( 2961): config: conditionChanged,ZenModeConfig[user=0,allowCalls=true,allowRepeatCallers=false,allowMessages=false,allowCallsFrom=contacts,allowMessagesFrom=contacts,allowReminders=true,allowEvents=true,allowWhenScreenOff=true,allowWhenScreenOn=true,automaticRules={370bd6672ef541ba946db9ac4aef0faf=ZenRule[enabled=false,snoozing=false,name=Weeknight,zenMode=ZEN_MODE_ALARMS,conditionId=condition://android/schedule?days=1.2.3.4.5&start=22.0&end=7.0&exitAtAlarm=false,condition=Condition[id=condition://android/schedule?days=1.2.3.4.5&start=22.0&end=7.0&exitAtAlarm=false,summary=...,line1=...,line2=...,icon=0,state=STATE_FALSE,flags=2],component=ComponentInfo{android/com.android.server.notification.ScheduleConditionProvider},id=370bd6672ef541ba946db9ac4aef0faf,creationTime=1590622727817,enabler=null], a53ffdf89c814123a52adbdd46bc948d=ZenRule[enabled=false,snoozing=false,name=Weekend,zenMode=ZEN_MODE_ALARMS,conditionId=condition://android/schedule?days=6.7&start=23.30&end=10.0&exitAtAlarm=false,condition=Condition[id=condition://android/schedule?days=6.7&start=23.30&end=10.0&exitAtAlarm=false,summary=...,line1=...,line2=...,icon=0,state=STATE_FALSE,flags=2],component=ComponentInfo{android/com.android.server.notification.ScheduleConditionProvider},id=a53ffdf89c814123a52adbdd46bc948d,creationTime=1590622727818,enabler=null], fc8bb1aacabb4877a1d1d167106f6e77=ZenRule[enabled=false,snoozing=false,name=Event,zenMode=ZEN_MODE_ALARMS,conditionId=condition://android/event?userId=-10000&calendar=&reply=1,condition=Condition[id=condition://android/event?userId=-10000&calendar=&reply=1,summary=...,line1=...,line2=...,icon=0,state=STATE_FALSE,flags=2],component=ComponentInfo{android/com.android.server.notification.EventConditionProvider},id=fc8bb1aacabb4877a1d1d167106f6e77,creationTime=1590622727822,enabler=null]},manualRule=null],Diff[automaticRule[370bd6672ef541ba946db9ac4aef0faf].condition:Condition[id=condition://android/schedule?days=1.2.3.4.5&start=22.0&end=7.0&exitAtAlarm=false,summary=...,line1=...,line2=...,icon=0,state=STATE_TRUE,flags=2]->Condition[id=condition://android/schedule?days=1.2.3.4.5&start=22.0&end=7.0&exitAtAlarm=false,summary=...,line1=...,line2=...,icon=0,state=STATE_FALSE,flags=2]]
06-06 06:48:50.258 D/ZenLog  ( 2961): config: conditionChanged,ZenModeConfig[user=0,allowCalls=true,allowRepeatCallers=false,allowMessages=false,allowCallsFrom=contacts,allowMessagesFrom=contacts,allowReminders=true,allowEvents=true,allowWhenScreenOff=true,allowWhenScreenOn=true,automaticRules={370bd6672ef541ba946db9ac4aef0faf=ZenRule[enabled=false,snoozing=false,name=Weeknight,zenMode=ZEN_MODE_ALARMS,conditionId=condition://android/schedule?days=1.2.3.4.5&start=22.0&end=7.0&exitAtAlarm=false,condition=Condition[id=condition://android/schedule?days=1.2.3.4.5&start=22.0&end=7.0&exitAtAlarm=false,summary=...,line1=...,line2=...,icon=0,state=STATE_FALSE,flags=2],component=ComponentInfo{android/com.android.server.notification.ScheduleConditionProvider},id=370bd6672ef541ba946db9ac4aef0faf,creationTime=1590622727817,enabler=null], a53ffdf89c814123a52adbdd46bc948d=ZenRule[enabled=false,snoozing=false,name=Weekend,zenMode=ZEN_MODE_ALARMS,conditionId=condition://android/schedule?days=6.7&start=23.30&end=10.0&exitAtAlarm=false,condition=Condition[id=condition://android/schedule?days=6.7&start=23.30&end=10.0&exitAtAlarm=false,summary=...,line1=...,line2=...,icon=0,state=STATE_TRUE,flags=2],component=ComponentInfo{android/com.android.server.notification.ScheduleConditionProvider},id=a53ffdf89c814123a52adbdd46bc948d,creationTime=1590622727818,enabler=null], fc8bb1aacabb4877a1d1d167106f6e77=ZenRule[enabled=false,snoozing=false,name=Event,zenMode=ZEN_MODE_ALARMS,conditionId=condition://android/event?userId=-10000&calendar=&reply=1,condition=Condition[id=condition://android/event?userId=-10000&calendar=&reply=1,summary=...,line1=...,line2=...,icon=0,state=STATE_FALSE,flags=2],component=ComponentInfo{android/com.android.server.notification.EventConditionProvider},id=fc8bb1aacabb4877a1d1d167106f6e77,creationTime=1590622727822,enabler=null]},manualRule=null],Diff[automaticRule[a53ffdf89c814123a52adbdd46bc948d].condition:Condition[id=condition://android/schedule?days=6.7&start=23.30&end=10.0&exitAtAlarm=false,summary=...,line1=...,line2=...,icon=0,state=STATE_FALSE,flags=2]->Condition[id=condition://android/schedule?days=6.7&start=23.30&end=10.0&exitAtAlarm=false,summary=...,line1=...,line2=...,icon=0,state=STATE_TRUE,flags=2]]
06-06 06:48:50.577 D/ZenLog  ( 2961): set_zen_mode: off,conditionChanged
06-06 06:48:51.078 D/ZenLog  ( 2961): set_zen_mode: off,conditionChanged
06-06 06:48:54.483 I/art     ( 2961): Wrote stack traces to '/data/anr/traces.txt'
06-06 06:48:56.070 W/GnssLocationProvider( 2961): Could not open GPS configuration file /etc/gps.conf
06-06 06:48:56.071 E/GnssLocationProvider( 2961): no AGPS interface in set_agps_server
06-06 06:48:56.513 I/GnssLocationProvider( 2961): WakeLock released by handleMessage(13, 0, null)
06-06 06:48:56.515 E/GnssLocationProvider( 2961): no AGPS interface in set_agps_server
06-06 06:48:56.588 W/        ( 1272): debuggerd: handling request: pid=1320 uid=1000 gid=1003 tid=1320
06-06 06:48:56.750 W/art     ( 2961): Long monitor contention with owner android.bg (2997) at boolean android.os.MessageQueue.enqueueMessage(android.os.Message, long)(MessageQueue.java:541) waiters=0 in android.os.Message android.os.MessageQueue.next() for 232ms
06-06 06:48:56.803 W/art     ( 2961): Long monitor contention with owner android.bg (2997) at void com.android.server.power.PowerManagerService.releaseWakeLockInternal(android.os.IBinder, int)(PowerManagerService.java:937) waiters=0 in void com.android.server.power.PowerManagerService.releaseWakeLockInternal(android.os.IBinder, int) for 240ms
06-06 06:48:56.839 I/GnssLocationProvider( 2961): WakeLock released by handleMessage(2, 1, null)
06-06 06:48:57.241 W/art     ( 2961): Long monitor contention with owner ConditionProviders.ECP (3188) at java.lang.String com.android.server.am.ActivityManagerService.checkContentProviderAccess(java.lang.String, int)(ActivityManagerService.java:10435) waiters=1 in android.content.Intent com.android.server.am.ActivityManagerService.registerReceiver(android.app.IApplicationThread, java.lang.String, android.content.IIntentReceiver, android.content.IntentFilter, java.lang.String, int) for 435ms
06-06 06:48:57.270 W/art     ( 2961): Long monitor contention with owner ConditionProviders.ECP (3188) at java.lang.String com.android.server.am.ActivityManagerService.checkContentProviderAccess(java.lang.String, int)(ActivityManagerService.java:10435) waiters=0 in android.content.Intent com.android.server.am.ActivityManagerService.registerReceiver(android.app.IApplicationThread, java.lang.String, android.content.IIntentReceiver, android.content.IntentFilter, java.lang.String, int) for 628ms
06-06 06:48:57.298 W/        ( 1272): debuggerd: resuming target 1320
06-06 06:48:57.304 E/ActivityThread( 2961): Failed to find provider info for com.android.calendar
06-06 06:48:57.305 E/ActivityThread( 2961): Failed to find provider info for com.android.calendar
06-06 06:48:57.381 I/Choreographer( 3445): Skipped 46 frames!  The application may be doing too much work on its main thread.
06-06 06:48:57.403 W/        ( 1272): debuggerd: handling request: pid=1325 uid=1041 gid=1005 tid=1325
06-06 06:48:57.645 W/        ( 1271): debuggerd: handling request: pid=1325 uid=1041 gid=1005 tid=1325
06-06 06:48:58.590 E/BluetoothAdapter( 3218): Bluetooth binder is null
06-06 06:48:59.551 I/CameraManagerGlobal( 3218): Connecting to camera service
06-06 06:48:59.643 W/        ( 1271): debuggerd: resuming target 1325
06-06 06:48:59.646 W/        ( 1272): debuggerd: handling request: pid=1326 uid=1047 gid=1005 tid=1326
06-06 06:48:59.648 W/        ( 1271): debuggerd: handling request: pid=1326 uid=1047 gid=1005 tid=1326
06-06 06:49:00.605 W/        ( 1271): debuggerd: resuming target 1326
06-06 06:49:00.608 W/        ( 1272): debuggerd: handling request: pid=1327 uid=1019 gid=1019 tid=1327
06-06 06:49:00.711 W/        ( 1271): debuggerd: handling request: pid=1327 uid=1019 gid=1019 tid=1327
06-06 06:49:00.763 V/EmulatedCamera_Camera( 1326): getCameraInfo
06-06 06:49:00.764 V/EmulatedCamera_BaseCamera( 1326): getCameraInfo
06-06 06:49:00.765 I/CameraService( 1326): getCameraCharacteristics: Switching to HAL1 shim implementation...
06-06 06:49:00.765 V/EmulatedCamera_Camera( 1326): getCameraInfo
06-06 06:49:00.765 V/EmulatedCamera_BaseCamera( 1326): getCameraInfo
06-06 06:49:00.768 I/CameraService( 1326): CameraService::connect call (PID -1 "cameraserver", camera ID 0) for HAL version default and Camera API version 1
06-06 06:49:00.816 E/CameraService( 1326): getCameraPriorityFromProcState: Received invalid process state -1 from ActivityManagerService!
06-06 06:49:00.817 V/EmulatedCamera_Camera( 1326): getCameraInfo
06-06 06:49:00.817 V/EmulatedCamera_BaseCamera( 1326): getCameraInfo
06-06 06:49:01.595 E/WVMExtractor( 1333): Failed to open libwvm.so: dlopen failed: library "libwvm.so" not found
06-06 06:49:01.613 W/        ( 1271): debuggerd: resuming target 1327
06-06 06:49:01.616 W/        ( 1272): debuggerd: handling request: pid=1330 uid=1046 gid=1006 tid=1330
06-06 06:49:01.618 W/        ( 1271): debuggerd: handling request: pid=1330 uid=1046 gid=1006 tid=1330
06-06 06:49:02.998 I/SyncManager( 2961): Got SyncJobService instance.
06-06 06:49:03.136 I/FusedLocation( 2961): engine started (com.android.location.fused)
06-06 06:49:03.455 D/NuPlayerDriver( 1333): notifyListener_l(0xf058c0c0), (1, 0, 0), loop setting(0, 0)
06-06 06:49:04.595 W/art     ( 2961): Long monitor contention with owner BackgroundDexOptService_PostBootUpdate (3574) at void com.android.server.power.PowerManagerService.acquireWakeLockInternal(android.os.IBinder, int, java.lang.String, java.lang.String, android.os.WorkSource, java.lang.String, int, int)(PowerManagerService.java:862) waiters=1 in void com.android.server.power.PowerManagerService.handleSandman() for 383ms
06-06 06:49:05.435 W/        ( 1271): debuggerd: resuming target 1330
06-06 06:49:05.473 W/        ( 1272): debuggerd: handling request: pid=1331 uid=1013 gid=1031 tid=1331
06-06 06:49:05.494 W/        ( 1271): debuggerd: handling request: pid=1331 uid=1013 gid=1031 tid=1331
06-06 06:49:05.653 D/NuPlayerDriver( 1333): notifyListener_l(0xf1da8ea0), (1, 0, 0), loop setting(0, 0)
06-06 06:49:06.564 W/        ( 1271): debuggerd: resuming target 1331
06-06 06:49:06.652 D/NuPlayerDriver( 1333): notifyListener_l(0xf058c2a0), (1, 0, 0), loop setting(0, 0)
06-06 06:49:06.694 W/        ( 1272): debuggerd: handling request: pid=1332 uid=1040 gid=1026 tid=1332
06-06 06:49:06.722 W/        ( 1271): debuggerd: handling request: pid=1332 uid=1040 gid=1026 tid=1332
06-06 06:49:06.812 I/CameraFlashlight( 1326): Opening camera 0
06-06 06:49:06.813 V/EmulatedCamera_Camera( 1326): getCameraInfo
06-06 06:49:06.814 V/EmulatedCamera_BaseCamera( 1326): getCameraInfo
06-06 06:49:06.814 V/EmulatedCamera_Camera( 1326): connectCamera
06-06 06:49:06.814 V/EmulatedCamera_FakeDevice( 1326): connectDevice
06-06 06:49:06.815 V/EmulatedCamera_CallbackNotifier( 1326): setCallbacks: 0xf346ae80, 0xf346aed0, 0xf346aff0, 0xf346b110 (0xf2d9d1e0)
06-06 06:49:06.815 V/EmulatedCamera_CallbackNotifier( 1326): enableMessage: msg_type = 0xc0d
06-06 06:49:06.815 V/EmulatedCamera_CallbackNotifier( 1326):     CAMERA_MSG_ERROR
06-06 06:49:06.815 V/EmulatedCamera_CallbackNotifier( 1326):     CAMERA_MSG_FOCUS
06-06 06:49:06.815 V/EmulatedCamera_CallbackNotifier( 1326):     CAMERA_MSG_ZOOM
06-06 06:49:06.815 V/EmulatedCamera_CallbackNotifier( 1326):     CAMERA_MSG_PREVIEW_METADATA
06-06 06:49:06.815 V/EmulatedCamera_CallbackNotifier( 1326): **** Currently enabled messages:
06-06 06:49:06.815 V/EmulatedCamera_CallbackNotifier( 1326):     CAMERA_MSG_ERROR
06-06 06:49:06.815 V/EmulatedCamera_CallbackNotifier( 1326):     CAMERA_MSG_FOCUS
06-06 06:49:06.815 V/EmulatedCamera_CallbackNotifier( 1326):     CAMERA_MSG_ZOOM
06-06 06:49:06.816 V/EmulatedCamera_CallbackNotifier( 1326):     CAMERA_MSG_PREVIEW_METADATA
06-06 06:49:06.825 V/EmulatedCamera_CallbackNotifier( 1326): disableMessage: msg_type = 0xffff
06-06 06:49:06.825 V/EmulatedCamera_CallbackNotifier( 1326):     CAMERA_MSG_ERROR
06-06 06:49:06.825 V/EmulatedCamera_CallbackNotifier( 1326):     CAMERA_MSG_SHUTTER
06-06 06:49:06.825 V/EmulatedCamera_CallbackNotifier( 1326):     CAMERA_MSG_FOCUS
06-06 06:49:06.825 V/EmulatedCamera_CallbackNotifier( 1326):     CAMERA_MSG_ZOOM
06-06 06:49:06.825 V/EmulatedCamera_CallbackNotifier( 1326):     CAMERA_MSG_PREVIEW_FRAME
06-06 06:49:06.825 V/EmulatedCamera_CallbackNotifier( 1326):     CAMERA_MSG_VIDEO_FRAME
06-06 06:49:06.825 V/EmulatedCamera_CallbackNotifier( 1326):     CAMERA_MSG_POSTVIEW_FRAME
06-06 06:49:06.825 V/EmulatedCamera_CallbackNotifier( 1326):     CAMERA_MSG_RAW_IMAGE
06-06 06:49:06.825 V/EmulatedCamera_CallbackNotifier( 1326):     CAMERA_MSG_COMPRESSED_IMAGE
06-06 06:49:06.826 V/EmulatedCamera_CallbackNotifier( 1326):     CAMERA_MSG_RAW_IMAGE_NOTIFY
06-06 06:49:06.826 V/EmulatedCamera_CallbackNotifier( 1326):     CAMERA_MSG_PREVIEW_METADATA
06-06 06:49:06.826 V/EmulatedCamera_CallbackNotifier( 1326): **** Currently enabled messages:
06-06 06:49:06.826 V/EmulatedCamera_Preview( 1326): setPreviewWindow: current: 0x0 -> new: 0x0
06-06 06:49:06.826 V/EmulatedCamera_Camera( 1326): doStopPreview
06-06 06:49:06.835 V/EmulatedCamera_Camera( 1326): cancelPicture
06-06 06:49:06.835 V/EmulatedCamera_Camera( 1326): releaseCamera
06-06 06:49:06.835 V/EmulatedCamera_Camera( 1326): doStopPreview
06-06 06:49:06.836 V/EmulatedCamera_FakeDevice( 1326): disconnectDevice
06-06 06:49:06.836 W/EmulatedCamera_Device( 1326): Initialize: Emulated camera device is already initialized: mState = 1
06-06 06:49:06.899 D/EmulatedCamera_FakeCamera( 1326): Initialize: Fake camera is facing back
06-06 06:49:06.904 V/EmulatedCamera_Device( 1326): initializeWhiteBalanceModes with auto, 1.000000, 1.000000
06-06 06:49:06.905 V/EmulatedCamera_Device( 1326): initializeWhiteBalanceModes with incandescent, 1.380000, 0.600000
06-06 06:49:06.905 V/EmulatedCamera_Device( 1326): initializeWhiteBalanceModes with daylight, 1.090000, 0.920000
06-06 06:49:06.905 V/EmulatedCamera_Device( 1326): initializeWhiteBalanceModes with twilight, 0.920000, 1.220000
06-06 06:49:06.906 V/EmulatedCamera_Device( 1326): setWhiteBalanceMode with white balance auto
06-06 06:49:06.906 I/CameraFlashlight( 1326): Destroying camera 0
06-06 06:49:06.906 V/EmulatedCamera_Camera( 1326): closeCamera
06-06 06:49:06.906 V/EmulatedCamera_Camera( 1326): doStopPreview
06-06 06:49:06.907 W/EmulatedCamera_Device( 1326): Initialize: Emulated camera device is already initialized: mState = 1
06-06 06:49:06.907 D/EmulatedCamera_FakeCamera( 1326): Initialize: Fake camera is facing back
06-06 06:49:06.907 V/EmulatedCamera_Device( 1326): initializeWhiteBalanceModes with auto, 1.000000, 1.000000
06-06 06:49:06.907 V/EmulatedCamera_Device( 1326): initializeWhiteBalanceModes with incandescent, 1.380000, 0.600000
06-06 06:49:06.907 V/EmulatedCamera_Device( 1326): initializeWhiteBalanceModes with daylight, 1.090000, 0.920000
06-06 06:49:06.907 V/EmulatedCamera_Device( 1326): initializeWhiteBalanceModes with twilight, 0.920000, 1.220000
06-06 06:49:06.907 V/EmulatedCamera_Device( 1326): setWhiteBalanceMode with white balance auto
06-06 06:49:07.098 I/CameraService( 1326): disconnect: Disconnected client for camera 0 for PID 1326
06-06 06:49:07.108 D/NuPlayerDriver( 1333): reset(0xf058c0c0) at state 4
06-06 06:49:07.108 D/NuPlayerDriver( 1333): notifyListener_l(0xf058c0c0), (8, 0, 0), loop setting(0, 0)
06-06 06:49:07.274 D/NuPlayerDriver( 1333): notifyResetComplete(0xf058c0c0)
06-06 06:49:07.610 D/NuPlayerDriver( 1333): reset(0xf1da8ea0) at state 4
06-06 06:49:07.610 D/NuPlayerDriver( 1333): notifyListener_l(0xf1da8ea0), (8, 0, 0), loop setting(0, 0)
06-06 06:49:07.610 D/NuPlayerDriver( 1333): notifyResetComplete(0xf1da8ea0)
06-06 06:49:07.627 D/NuPlayerDriver( 1333): reset(0xf058c2a0) at state 4
06-06 06:49:07.628 D/NuPlayerDriver( 1333): notifyListener_l(0xf058c2a0), (8, 0, 0), loop setting(0, 0)
06-06 06:49:07.628 D/NuPlayerDriver( 1333): notifyResetComplete(0xf058c2a0)
06-06 06:49:07.737 V/EmulatedCamera_Camera( 1326): getCameraInfo
06-06 06:49:07.737 V/EmulatedCamera_BaseCamera( 1326): getCameraInfo
06-06 06:49:07.863 V/EmulatedCamera_Camera( 1326): getCameraInfo
06-06 06:49:07.863 V/EmulatedCamera_BaseCamera( 1326): getCameraInfo
06-06 06:49:08.412 W/        ( 1271): debuggerd: resuming target 1332
06-06 06:49:08.421 W/        ( 1272): debuggerd: handling request: pid=1333 uid=1013 gid=1005 tid=1333
06-06 06:49:08.431 W/        ( 1271): debuggerd: handling request: pid=1333 uid=1013 gid=1005 tid=1333
06-06 06:49:09.269 I/StatusBar( 3218): isKeyguardShowing() called before startKeyguard(), returning true
06-06 06:49:09.343 W/StatusBar( 3218): isKeyguardSecure() called before startKeyguard(), returning false
06-06 06:49:09.343 W/StatusBar( 3218): java.lang.Throwable
06-06 06:49:09.343 W/StatusBar( 3218): 	at com.android.systemui.statusbar.BaseStatusBar.isKeyguardSecure(BaseStatusBar.java:2647)
06-06 06:49:09.343 W/StatusBar( 3218): 	at com.android.systemui.statusbar.BaseStatusBar.isCameraAllowedByAdmin(BaseStatusBar.java:2670)
06-06 06:49:09.343 W/StatusBar( 3218): 	at com.android.systemui.statusbar.phone.KeyguardBottomAreaView.updateCameraVisibility(KeyguardBottomAreaView.java:309)
06-06 06:49:09.343 W/StatusBar( 3218): 	at com.android.systemui.statusbar.phone.KeyguardBottomAreaView.setPhoneStatusBar(KeyguardBottomAreaView.java:272)
06-06 06:49:09.343 W/StatusBar( 3218): 	at com.android.systemui.statusbar.phone.PhoneStatusBar.makeStatusBarView(PhoneStatusBar.java:904)
06-06 06:49:09.343 W/StatusBar( 3218): 	at com.android.systemui.statusbar.phone.PhoneStatusBar.addStatusBarWindow(PhoneStatusBar.java:3432)
06-06 06:49:09.343 W/StatusBar( 3218): 	at com.android.systemui.statusbar.phone.PhoneStatusBar.createAndAddWindows(PhoneStatusBar.java:3428)
06-06 06:49:09.343 W/StatusBar( 3218): 	at com.android.systemui.statusbar.BaseStatusBar.start(BaseStatusBar.java:765)
06-06 06:49:09.343 W/StatusBar( 3218): 	at com.android.systemui.statusbar.phone.PhoneStatusBar.start(PhoneStatusBar.java:686)
06-06 06:49:09.343 W/StatusBar( 3218): 	at com.android.systemui.statusbar.SystemBars.createStatusBarFromConfig(SystemBars.java:106)
06-06 06:49:09.343 W/StatusBar( 3218): 	at com.android.systemui.statusbar.SystemBars.onNoService(SystemBars.java:58)
06-06 06:49:09.343 W/StatusBar( 3218): 	at com.android.systemui.statusbar.ServiceMonitor.startService(ServiceMonitor.java:230)
06-06 06:49:09.343 W/StatusBar( 3218): 	at com.android.systemui.statusbar.ServiceMonitor.-wrap5(ServiceMonitor.java)
06-06 06:49:09.343 W/StatusBar( 3218): 	at com.android.systemui.statusbar.ServiceMonitor$1.handleMessage(ServiceMonitor.java:73)
06-06 06:49:09.343 W/StatusBar( 3218): 	at android.os.Handler.dispatchMessage(Handler.java:102)
06-06 06:49:09.343 W/StatusBar( 3218): 	at android.os.Looper.loop(Looper.java:154)
06-06 06:49:09.343 W/StatusBar( 3218): 	at android.app.ActivityThread.main(ActivityThread.java:6119)
06-06 06:49:09.343 W/StatusBar( 3218): 	at java.lang.reflect.Method.invoke(Native Method)
06-06 06:49:09.343 W/StatusBar( 3218): 	at com.android.internal.os.ZygoteInit$MethodAndArgsCaller.run(ZygoteInit.java:886)
06-06 06:49:09.343 W/StatusBar( 3218): 	at com.android.internal.os.ZygoteInit.main(ZygoteInit.java:776)
06-06 06:49:09.420 I/StatusBar( 3218): isKeyguardShowing() called before startKeyguard(), returning true
06-06 06:49:09.422 W/StatusBar( 3218): isKeyguardSecure() called before startKeyguard(), returning false
06-06 06:49:09.422 W/StatusBar( 3218): java.lang.Throwable
06-06 06:49:09.422 W/StatusBar( 3218): 	at com.android.systemui.statusbar.BaseStatusBar.isKeyguardSecure(BaseStatusBar.java:2647)
06-06 06:49:09.422 W/StatusBar( 3218): 	at com.android.systemui.statusbar.BaseStatusBar.isCameraAllowedByAdmin(BaseStatusBar.java:2670)
06-06 06:49:09.422 W/StatusBar( 3218): 	at com.android.systemui.statusbar.phone.KeyguardBottomAreaView.updateCameraVisibility(KeyguardBottomAreaView.java:309)
06-06 06:49:09.422 W/StatusBar( 3218): 	at com.android.systemui.statusbar.phone.KeyguardBottomAreaView.setUserSetupComplete(KeyguardBottomAreaView.java:281)
06-06 06:49:09.422 W/StatusBar( 3218): 	at com.android.systemui.statusbar.phone.PhoneStatusBar.makeStatusBarView(PhoneStatusBar.java:905)
06-06 06:49:09.422 W/StatusBar( 3218): 	at com.android.systemui.statusbar.phone.PhoneStatusBar.addStatusBarWindow(PhoneStatusBar.java:3432)
06-06 06:49:09.422 W/StatusBar( 3218): 	at com.android.systemui.statusbar.phone.PhoneStatusBar.createAndAddWindows(PhoneStatusBar.java:3428)
06-06 06:49:09.422 W/StatusBar( 3218): 	at com.android.systemui.statusbar.BaseStatusBar.start(BaseStatusBar.java:765)
06-06 06:49:09.422 W/StatusBar( 3218): 	at com.android.systemui.statusbar.phone.PhoneStatusBar.start(PhoneStatusBar.java:686)
06-06 06:49:09.422 W/StatusBar( 3218): 	at com.android.systemui.statusbar.SystemBars.createStatusBarFromConfig(SystemBars.java:106)
06-06 06:49:09.422 W/StatusBar( 3218): 	at com.android.systemui.statusbar.SystemBars.onNoService(SystemBars.java:58)
06-06 06:49:09.422 W/StatusBar( 3218): 	at com.android.systemui.statusbar.ServiceMonitor.startService(ServiceMonitor.java:230)
06-06 06:49:09.422 W/StatusBar( 3218): 	at com.android.systemui.statusbar.ServiceMonitor.-wrap5(ServiceMonitor.java)
06-06 06:49:09.422 W/StatusBar( 3218): 	at com.android.systemui.statusbar.ServiceMonitor$1.handleMessage(ServiceMonitor.java:73)
06-06 06:49:09.422 W/StatusBar( 3218): 	at android.os.Handler.dispatchMessage(Handler.java:102)
06-06 06:49:09.422 W/StatusBar( 3218): 	at android.os.Looper.loop(Looper.java:154)
06-06 06:49:09.422 W/StatusBar( 3218): 	at android.app.ActivityThread.main(ActivityThread.java:6119)
06-06 06:49:09.422 W/StatusBar( 3218): 	at java.lang.reflect.Method.invoke(Native Method)
06-06 06:49:09.422 W/StatusBar( 3218): 	at com.android.internal.os.ZygoteInit$MethodAndArgsCaller.run(ZygoteInit.java:886)
06-06 06:49:09.422 W/StatusBar( 3218): 	at com.android.internal.os.ZygoteInit.main(ZygoteInit.java:776)
06-06 06:49:10.140 W/        ( 1271): debuggerd: resuming target 1333
06-06 06:49:10.143 W/        ( 1272): debuggerd: handling request: pid=3294 uid=1023 gid=1023 tid=3294
06-06 06:49:10.685 W/        ( 1272): debuggerd: resuming target 3294
06-06 06:49:10.687 W/        ( 1272): debuggerd: handling request: pid=3330 uid=1023 gid=1023 tid=3330
06-06 06:49:10.977 W/        ( 1272): debuggerd: resuming target 3330
06-06 06:49:11.012 W/art     ( 2961): Long monitor contention with owner watchdog (3416) at void com.android.server.Watchdog.run()(Watchdog.java:360) waiters=0 in void com.android.server.Watchdog$HandlerChecker.run() for 28.430s
06-06 06:49:11.040 D/GpsNetInitiatedHandler( 2961): location enabled :true
06-06 06:49:11.051 V/EmulatedCamera_Camera( 1326): getCameraInfo
06-06 06:49:11.052 V/EmulatedCamera_BaseCamera( 1326): getCameraInfo
06-06 06:49:11.054 V/EmulatedCamera_Camera( 1326): getCameraInfo
06-06 06:49:11.055 V/EmulatedCamera_BaseCamera( 1326): getCameraInfo
06-06 06:49:11.801 W/art     ( 2961): Long monitor contention with owner ActivityManager (2998) at void com.android.server.am.BroadcastQueue.processNextBroadcast(boolean)(BroadcastQueue.java:760) waiters=0 in void com.android.server.am.ActivityManagerService.monitor() for 753ms
06-06 06:49:11.802 W/art     ( 2961): Long monitor contention with owner ActivityManager (2998) at void com.android.server.am.BroadcastQueue.processNextBroadcast(boolean)(BroadcastQueue.java:760) waiters=1 in android.content.Intent com.android.server.am.ActivityManagerService.registerReceiver(android.app.IApplicationThread, java.lang.String, android.content.IIntentReceiver, android.content.IntentFilter, java.lang.String, int) for 353ms
06-06 06:49:11.891 W/BroadcastQueue( 2961): Timeout of broadcast BroadcastRecord{febe96b u-1 android.intent.action.TIME_TICK} - receiver=null, started 70610ms ago
06-06 06:49:12.058 W/BroadcastQueue( 2961): Receiver during timeout: BroadcastFilter{1a56d8d u0 ReceiverList{f314e24 2961 system/1000/u0 local:daa86b7}}
06-06 06:49:12.066 W/BroadcastQueue( 2961): finishReceiver [foreground] called but state is IDLE
06-06 06:49:12.325 W/BroadcastQueue( 2961): Hung broadcast [foreground] discarded after timeout failure: now=260981 dispatchTime=190040 startTime=260650 intent=Intent { act=android.intent.action.TIME_TICK flg=0x50000014 (has extras) } numReceivers=2 nextReceiver=1 state=0
06-06 06:49:12.325 W/BroadcastQueue( 2961): Timeout of broadcast BroadcastRecord{febe96b u-1 android.intent.action.TIME_TICK} - receiver=null, started 436ms ago
06-06 06:49:12.325 W/BroadcastQueue( 2961): Receiver during timeout: BroadcastFilter{1a56d8d u0 ReceiverList{f314e24 2961 system/1000/u0 local:daa86b7}}
06-06 06:49:12.326 W/BroadcastQueue( 2961): finishReceiver [foreground] called but state is IDLE
06-06 06:49:12.427 W/art     ( 2961): Long monitor contention with owner ActivityManager (2998) at void com.android.server.am.BroadcastQueue.processNextBroadcast(boolean)(BroadcastQueue.java:760) waiters=0 in android.content.Intent com.android.server.am.ActivityManagerService.registerReceiver(android.app.IApplicationThread, java.lang.String, android.content.IIntentReceiver, android.content.IntentFilter, java.lang.String, int) for 359ms
06-06 06:49:12.783 V/KeyguardServiceDelegate( 2961): *** Keyguard started
06-06 06:49:12.925 W/KeyguardServiceDelegate( 2961): onScreenTurningOn(): no keyguard service!
06-06 06:49:14.031 W/art     ( 2961): Long monitor contention with owner ActivityManager (2998) at boolean android.os.MessageQueue.enqueueMessage(android.os.Message, long)(MessageQueue.java:541) waiters=0 in android.os.Message android.os.MessageQueue.next() for 1.122s
06-06 06:49:14.110 W/art     ( 2961): Long monitor contention with owner NetworkStats (3168) at boolean android.os.MessageQueue.enqueueMessage(android.os.Message, long)(MessageQueue.java:541) waiters=0 in android.os.Message android.os.MessageQueue.next() for 774ms
06-06 06:49:14.111 W/art     ( 2961): Long monitor contention with owner main (2961) at void com.android.server.power.PowerManagerService.setMaximumScreenOffTimeoutFromDeviceAdminInternal(int)(PowerManagerService.java:2533) waiters=0 in void com.android.server.power.PowerManagerService.releaseWakeLockInternal(android.os.IBinder, int) for 776ms
06-06 06:49:14.145 W/WindowManager( 2961): Keyguard drawn timeout. Setting mKeyguardDrawComplete
06-06 06:49:14.490 W/art     ( 2961): Suspending all threads took: 12.520ms
06-06 06:49:14.630 W/art     ( 2961): Long monitor contention with owner NetdConnector (3165) at void java.lang.Thread.unpark$()(Thread.java:2069) waiters=1 in void java.lang.Object.wait!(long, int) for 150ms
06-06 06:49:14.631 E/NetdConnector( 2961): NDC Command {17 bandwidth setglobalalert 2097152} took too long (519ms)
06-06 06:49:15.112 I/StatusBar( 3218): isKeyguardShowing() called before startKeyguard(), returning true
06-06 06:49:15.211 W/StatusBar( 3218): isKeyguardSecure() called before startKeyguard(), returning false
06-06 06:49:15.211 W/StatusBar( 3218): java.lang.Throwable
06-06 06:49:15.211 W/StatusBar( 3218): 	at com.android.systemui.statusbar.BaseStatusBar.isKeyguardSecure(BaseStatusBar.java:2647)
06-06 06:49:15.211 W/StatusBar( 3218): 	at com.android.systemui.statusbar.BaseStatusBar.isCameraAllowedByAdmin(BaseStatusBar.java:2670)
06-06 06:49:15.211 W/StatusBar( 3218): 	at com.android.systemui.statusbar.phone.KeyguardBottomAreaView.updateCameraVisibility(KeyguardBottomAreaView.java:309)
06-06 06:49:15.211 W/StatusBar( 3218): 	at com.android.systemui.statusbar.phone.KeyguardBottomAreaView.setUserSetupComplete(KeyguardBottomAreaView.java:281)
06-06 06:49:15.211 W/StatusBar( 3218): 	at com.android.systemui.statusbar.phone.PhoneStatusBar$1.onChange(PhoneStatusBar.java:441)
06-06 06:49:15.211 W/StatusBar( 3218): 	at com.android.systemui.statusbar.phone.PhoneStatusBar.resetUserSetupObserver(PhoneStatusBar.java:3676)
06-06 06:49:15.211 W/StatusBar( 3218): 	at com.android.systemui.statusbar.phone.PhoneStatusBar.makeStatusBarView(PhoneStatusBar.java:1008)
06-06 06:49:15.211 W/StatusBar( 3218): 	at com.android.systemui.statusbar.phone.PhoneStatusBar.addStatusBarWindow(PhoneStatusBar.java:3432)
06-06 06:49:15.211 W/StatusBar( 3218): 	at com.android.systemui.statusbar.phone.PhoneStatusBar.createAndAddWindows(PhoneStatusBar.java:3428)
06-06 06:49:15.211 W/StatusBar( 3218): 	at com.android.systemui.statusbar.BaseStatusBar.start(BaseStatusBar.java:765)
06-06 06:49:15.211 W/StatusBar( 3218): 	at com.android.systemui.statusbar.phone.PhoneStatusBar.start(PhoneStatusBar.java:686)
06-06 06:49:15.211 W/StatusBar( 3218): 	at com.android.systemui.statusbar.SystemBars.createStatusBarFromConfig(SystemBars.java:106)
06-06 06:49:15.211 W/StatusBar( 3218): 	at com.android.systemui.statusbar.SystemBars.onNoService(SystemBars.java:58)
06-06 06:49:15.211 W/StatusBar( 3218): 	at com.android.systemui.statusbar.ServiceMonitor.startService(ServiceMonitor.java:230)
06-06 06:49:15.211 W/StatusBar( 3218): 	at com.android.systemui.statusbar.ServiceMonitor.-wrap5(ServiceMonitor.java)
06-06 06:49:15.211 W/StatusBar( 3218): 	at com.android.systemui.statusbar.ServiceMonitor$1.handleMessage(ServiceMonitor.java:73)
06-06 06:49:15.211 W/StatusBar( 3218): 	at android.os.Handler.dispatchMessage(Handler.java:102)
06-06 06:49:15.211 W/StatusBar( 3218): 	at android.os.Looper.loop(Looper.java:154)
06-06 06:49:15.211 W/StatusBar( 3218): 	at android.app.ActivityThread.main(ActivityThread.java:6119)
06-06 06:49:15.211 W/StatusBar( 3218): 	at java.lang.reflect.Method.invoke(Native Method)
06-06 06:49:15.211 W/StatusBar( 3218): 	at com.android.internal.os.ZygoteInit$MethodAndArgsCaller.run(ZygoteInit.java:886)
06-06 06:49:15.211 W/StatusBar( 3218): 	at com.android.internal.os.ZygoteInit.main(ZygoteInit.java:776)
06-06 06:49:15.321 D/AccessibilityManagerService( 2961): Ignoring non-encryption-aware service ComponentInfo{com.example.android.apis/com.example.android.apis.accessibility.ClockBackService}
06-06 06:49:15.321 D/AccessibilityManagerService( 2961): Ignoring non-encryption-aware service ComponentInfo{com.example.android.apis/com.example.android.apis.accessibility.MagnificationService}
06-06 06:49:15.321 D/AccessibilityManagerService( 2961): Ignoring non-encryption-aware service ComponentInfo{com.example.android.apis/com.example.android.apis.accessibility.TaskBackService}
06-06 06:49:16.575 I/art     ( 2961): Background sticky concurrent mark sweep GC freed 29495(2MB) AllocSpace objects, 10(372KB) LOS objects, 25% free, 9MB/13MB, paused 85.380ms total 4.642s
06-06 06:49:16.812 E/SurfaceFlinger( 1320): ro.sf.lcd_density must be defined as a build property
06-06 06:49:16.824 D/OpenGLRenderer( 3218): profile bars disabled
06-06 06:49:16.827 D/OpenGLRenderer( 3218): ambientRatio = 1.50
06-06 06:49:17.025 W/VibratorService( 2961): Tried to stop vibrating but there is no vibrator device.
06-06 06:49:17.403 D/PhoneStatusBar( 3218): disable: < EXPAND* icons alerts system_info BACK* HOME* RECENT* clock SEARCH* quick_settings >
06-06 06:49:17.930 W/ActivityManager( 2961): Slow operation: 553ms so far, now at startProcess: returned from zygote!
06-06 06:49:17.931 W/ActivityManager( 2961): Slow operation: 554ms so far, now at startProcess: done updating battery stats
06-06 06:49:17.932 W/ActivityManager( 2961): Slow operation: 554ms so far, now at startProcess: building log message
06-06 06:49:17.932 I/ActivityManager( 2961): Start proc 3642:com.android.cellbroadcastreceiver/u0a4 for broadcast com.android.cellbroadcastreceiver/.CellBroadcastReceiver
06-06 06:49:17.932 W/ActivityManager( 2961): Slow operation: 555ms so far, now at startProcess: starting to update pids map
06-06 06:49:17.932 W/ActivityManager( 2961): Slow operation: 555ms so far, now at startProcess: done updating pids map
06-06 06:49:17.933 W/ActivityManager( 2961): Slow operation: 561ms so far, now at startProcess: done starting proc!
06-06 06:49:17.933 W/art     ( 2961): Long monitor contention with owner main (2961) at void com.android.server.am.BroadcastQueue.processNextBroadcast(boolean)(BroadcastQueue.java:760) waiters=0 in void com.android.server.am.ActivityManagerService.dispatchUidsChanged() for 557ms
06-06 06:49:17.950 W/art     ( 2961): Long monitor contention with owner main (2961) at void com.android.server.am.BroadcastQueue.processNextBroadcast(boolean)(BroadcastQueue.java:760) waiters=1 in int com.android.server.am.ActivityManagerService.getLockTaskModeState() for 439ms
06-06 06:49:18.354 W/art     ( 3642): Unexpected CPU variant for X86 using defaults: x86_64
06-06 06:49:18.568 W/art     ( 2961): Long monitor contention with owner main (2961) at void com.android.server.pm.UserManagerService$MainHandler.handleMessage(android.os.Message)(UserManagerService.java:3290) waiters=0 in int com.android.server.pm.PackageManagerService.checkUidPermission(java.lang.String, int) for 346ms
06-06 06:49:18.570 W/art     ( 2961): Long monitor contention with owner main (2961) at void com.android.server.pm.UserManagerService$MainHandler.handleMessage(android.os.Message)(UserManagerService.java:3290) waiters=1 in int com.android.server.pm.PackageManagerService.checkUidPermission(java.lang.String, int) for 177ms
06-06 06:49:20.147 W/art     ( 2961): Long monitor contention with owner Binder:2961_4 (3245) at void com.android.server.am.ActivityManagerService.attachApplication(android.app.IApplicationThread)(ActivityManagerService.java:6669) waiters=0 in android.content.Intent com.android.server.am.ActivityManagerService.registerReceiver(android.app.IApplicationThread, java.lang.String, android.content.IIntentReceiver, android.content.IntentFilter, java.lang.String, int) for 632ms
06-06 06:49:20.148 W/art     ( 2961): Long monitor contention with owner Binder:2961_4 (3245) at void com.android.server.am.ActivityManagerService.attachApplication(android.app.IApplicationThread)(ActivityManagerService.java:6669) waiters=1 in android.content.pm.UserInfo com.android.server.am.UserController.getCurrentUser() for 513ms
06-06 06:49:20.744 W/System  ( 3642): ClassLoader referenced unknown path: /system/priv-app/CellBroadcastReceiver/lib/x86_64
06-06 06:49:21.058 D/PhoneStatusBar( 3218): heads up is enabled
06-06 06:49:21.697 I/Choreographer( 3218): Skipped 2310 frames!  The application may be doing too much work on its main thread.
06-06 06:49:22.162 D/ViewRootImpl[StatusBar]( 3218): changeCanvasOpacity: opaque=true
06-06 06:49:24.150 W/ActivityManager( 2961): Slow operation: 197ms so far, now at startProcess: returned from zygote!
06-06 06:49:24.151 W/ActivityManager( 2961): Slow operation: 238ms so far, now at startProcess: done updating battery stats
06-06 06:49:24.151 W/ActivityManager( 2961): Slow operation: 239ms so far, now at startProcess: building log message
06-06 06:49:24.151 I/ActivityManager( 2961): Start proc 3672:com.android.deskclock/u0a31 for broadcast com.android.deskclock/.AlarmInitReceiver
06-06 06:49:24.151 W/ActivityManager( 2961): Slow operation: 239ms so far, now at startProcess: starting to update pids map
06-06 06:49:24.152 W/ActivityManager( 2961): Slow operation: 239ms so far, now at startProcess: done updating pids map
06-06 06:49:24.152 W/ActivityManager( 2961): Slow operation: 240ms so far, now at startProcess: done starting proc!
06-06 06:49:24.152 W/art     ( 2961): Long monitor contention with owner Binder:2961_6 (3513) at void com.android.server.am.BroadcastQueue.processNextBroadcast(boolean)(BroadcastQueue.java:760) waiters=0 in void com.android.server.am.ActivityManagerService.dispatchUidsChanged() for 233ms
06-06 06:49:24.581 W/art     ( 3672): Unexpected CPU variant for X86 using defaults: x86_64
06-06 06:49:25.798 I/art     ( 3218): Background partial concurrent mark sweep GC freed 15820(1690KB) AllocSpace objects, 3(60KB) LOS objects, 33% free, 7MB/11MB, paused 1.827ms total 623.386ms
06-06 06:49:27.200 W/BroadcastQueue( 2961): Timeout of broadcast BroadcastRecord{51f3275 u-1 android.intent.action.TIME_TICK} - receiver=android.os.BinderProxy@f833094, started 10046ms ago
06-06 06:49:27.200 W/BroadcastQueue( 2961): Receiver during timeout: BroadcastFilter{18c0b32 u0 ReceiverList{a20f73d 3218 com.android.systemui/10021/u0 remote:f833094}}
06-06 06:49:27.588 W/ProcessCpuTracker( 2961): Skipping unknown process pid 3685
06-06 06:49:27.631 W/ProcessCpuTracker( 2961): Skipping unknown process pid 3687
06-06 06:49:27.833 I/Process ( 2961): Sending signal. PID: 3218 SIG: 3
06-06 06:49:28.030 I/art     ( 3218): Thread[3,tid=3233,WaitingInMainSignalCatcherLoop,Thread*=0x704920e96400,peer=0x12c005e0,"Signal Catcher"]: reacting to signal 3
06-06 06:49:28.031 I/art     ( 3218): 
06-06 06:49:28.877 W/art     ( 2961): Long monitor contention with owner Binder:2961_3 (2981) at int com.android.server.wm.WindowManagerService.relayoutWindow(com.android.server.wm.Session, android.view.IWindow, int, android.view.WindowManager$LayoutParams, int, int, int, int, android.graphics.Rect, android.graphics.Rect, android.graphics.Rect, android.graphics.Rect, android.graphics.Rect, android.graphics.Rect, android.graphics.Rect, android.content.res.Configuration, android.view.Surface)(WindowManagerService.java:2857) waiters=0 in void com.android.server.wm.WindowManagerService$H.handleMessage(android.os.Message) for 556ms
06-06 06:49:28.984 E/ActivityManager( 2961): ANR in com.android.systemui
06-06 06:49:28.984 E/ActivityManager( 2961): PID: 3218
06-06 06:49:28.984 E/ActivityManager( 2961): Reason: Broadcast of Intent { act=android.intent.action.TIME_TICK flg=0x50000014 (has extras) }
06-06 06:49:28.984 E/ActivityManager( 2961): Load: 0.0 / 0.0 / 0.0
06-06 06:49:28.984 E/ActivityManager( 2961): CPU usage from 51653ms to 0ms ago (2020-06-06 06:48:35.568 to 2020-06-06 06:49:27.221):
06-06 06:49:28.984 E/ActivityManager( 2961):   101% 1320/surfaceflinger: 35% user + 65% kernel / faults: 9 minor
06-06 06:49:28.984 E/ActivityManager( 2961):   27% 1674/bootanimation: 4.2% user + 22% kernel
06-06 06:49:28.984 E/ActivityManager( 2961):   20% 2961/system_server: 1.8% user + 19% kernel / faults: 6628 minor 130 major
06-06 06:49:28.984 E/ActivityManager( 2961):   14% 3445/com.android.settings: 3% user + 11% kernel / faults: 35 minor 1 major
06-06 06:49:28.984 E/ActivityManager( 2961):   5.6% 3218/com.android.systemui: 0.5% user + 5% kernel / faults: 2440 minor 5 major
06-06 06:49:28.984 E/ActivityManager( 2961):   2.1% 8/rcu_preempt: 0% user + 2.1% kernel
06-06 06:49:28.984 E/ActivityManager( 2961):   1.9% 2558/adbd: 0% user + 1.9% kernel / faults: 2358 minor
06-06 06:49:28.984 E/ActivityManager( 2961):   0.9% 3427/com.android.phone: 0.2% user + 0.6% kernel / faults: 103 minor 3 major
06-06 06:49:28.984 E/ActivityManager( 2961):   0.8% 1333/mediaserver: 0.1% user + 0.7% kernel / faults: 138 minor 1 major
06-06 06:49:28.984 E/ActivityManager( 2961):   0.4% 1326/cameraserver: 0% user + 0.3% kernel / faults: 98 minor
06-06 06:49:28.984 E/ActivityManager( 2961):   0.3% 1265/logd: 0% user + 0.3% kernel / faults: 38 minor
06-06 06:49:28.984 E/ActivityManager( 2961):   0.3% 3210/com.android.inputmethod.latin: 0% user + 0.3% kernel / faults: 194 minor
06-06 06:49:28.984 E/ActivityManager( 2961):   0.3% 1272/debuggerd64: 0% user + 0.3% kernel / faults: 60 minor
06-06 06:49:28.984 E/ActivityManager( 2961):   0.3% 1319/servicemanager: 0% user + 0.3% kernel
06-06 06:49:28.984 E/ActivityManager( 2961):   0.3% 1332/media.extractor: 0% user + 0.2% kernel / faults: 38 minor
06-06 06:49:28.984 E/ActivityManager( 2961):   0.2% 1325/audioserver: 0% user + 0.2% kernel / faults: 1 minor
06-06 06:49:28.984 E/ActivityManager( 2961):   0.2% 1323/zygote64: 0% user + 0.2% kernel / faults: 300 minor
06-06 06:49:28.984 E/ActivityManager( 2961):   0.2% 1482/logcat: 0% user + 0.1% kernel / faults: 3 minor
06-06 06:49:28.984 E/ActivityManager( 2961):   0.1% 1263/jbd2/vdc-8: 0% user + 0.1% kernel
06-06 06:49:28.984 E/ActivityManager( 2961):   0.1% 1271/debuggerd: 0% user + 0% kernel / faults: 140 minor
06-06 06:49:28.984 E/ActivityManager( 2961):   0.1% 12/ksoftirqd/1: 0% user + 0.1% kernel
06-06 06:49:28.984 E/ActivityManager( 2961):   0.1% 1253/kworker/0:1H: 0% user + 0.1% kernel
06-06 06:49:28.984 E/ActivityManager( 2961):   0.1% 3/ksoftirqd/0: 0% user + 0.1% kernel
06-06 06:49:28.984 E/ActivityManager( 2961):   0% 17/kworker/u4:1: 0% user + 0% kernel
06-06 06:49:28.984 E/ActivityManager( 2961):   0% 809/kworker/0:2: 0% user + 0% kernel
06-06 06:49:28.984 E/ActivityManager( 2961):   0% 673/kworker/1:1: 0% user + 0% kernel
06-06 06:49:28.984 E/ActivityManager( 2961):   0% 1315/healthd: 0% user + 0% kernel
06-06 06:49:28.984 E/ActivityManager( 2961):   0% 1318/lmkd: 0% user + 0% kernel
06-06 06:49:28.984 E/ActivityManager( 2961):   0% 1329/keystore: 0% user + 0% kernel
06-06 06:49:28.984 E/ActivityManager( 2961):   0% 1344/fingerprintd: 0% user + 0% kernel
06-06 06:49:28.984 E/ActivityManager( 2961):  +0% 3642/com.android.cellbroadcastreceiver: 0% user + 0% kernel
06-06 06:49:28.984 E/ActivityManager( 2961):  +0% 3672/<pre-initialized>: 0% user + 0% kernel
06-06 06:49:28.984 E/ActivityManager( 2961): 100% TOTAL: 24% user + 74% kernel + 1% softirq
06-06 06:49:28.984 E/ActivityManager( 2961): CPU usage from 275982ms to 275982ms ago (1970-01-01 00:00:00.000 to 1970-01-01 00:00:00.000) with 0% awake:
06-06 06:49:28.984 E/ActivityManager( 2961): 0% TOTAL: 0% user + 0% kernel
06-06 06:49:29.055 I/ActivityManager( 2961): Killing 3218:com.android.systemui/u0a21 (adj -800): bg anr
06-06 06:49:29.378 W/art     ( 2961): Long monitor contention with owner android.display (3013) at void com.android.server.wm.WindowManagerService$H.handleMessage(android.os.Message)(WindowManagerService.java:8368) waiters=0 in int com.android.server.wm.WindowManagerService.relayoutWindow(com.android.server.wm.Session, android.view.IWindow, int, android.view.WindowManager$LayoutParams, int, int, int, int, android.graphics.Rect, android.graphics.Rect, android.graphics.Rect, android.graphics.Rect, android.graphics.Rect, android.graphics.Rect, android.graphics.Rect, android.content.res.Configuration, android.view.Surface) for 178ms
06-06 06:49:29.518 W/art     ( 2961): Long monitor contention with owner android.ui (2999) at int com.android.server.wm.WindowManagerService.relayoutWindow(com.android.server.wm.Session, android.view.IWindow, int, android.view.WindowManager$LayoutParams, int, int, int, int, android.graphics.Rect, android.graphics.Rect, android.graphics.Rect, android.graphics.Rect, android.graphics.Rect, android.graphics.Rect, android.graphics.Rect, android.content.res.Configuration, android.view.Surface)(WindowManagerService.java:2857) waiters=0 in void com.android.server.wm.WindowManagerService.performEnableScreen() for 118ms
06-06 06:49:30.144 W/WindowManager( 2961): Window freeze timeout expired.
06-06 06:49:30.144 W/WindowManager( 2961): Force clearing orientation change: Window{becc925 u0 StatusBar}
06-06 06:49:30.194 W/System  ( 3672): ClassLoader referenced unknown path: /system/app/DeskClock/lib/x86_64
06-06 06:49:32.292 I/WindowManager( 2961): WIN DEATH: Window{30e36aa u0 AssistPreviewPanel}
06-06 06:49:32.588 W/AudioService( 2961): Current remote volume controller died, unregistering
06-06 06:49:32.654 W/InputDispatcher( 2961): channel '1278781 DockedStackDivider (server)' ~ Consumer closed input channel or an error occurred.  events=0x9
06-06 06:49:32.655 E/InputDispatcher( 2961): channel '1278781 DockedStackDivider (server)' ~ Channel is unrecoverably broken and will be disposed!
06-06 06:49:32.219 D/ConnectivityService( 2961): ConnectivityService NetworkRequestInfo binderDied(NetworkRequest [ LISTEN id=5, [] ], android.os.BinderProxy@edf84d6)
06-06 06:49:32.778 I/ActivityManager( 2961): Process com.android.systemui (pid 3218) has died
06-06 06:49:32.801 W/WallpaperManagerService( 2961): Wallpaper service gone: ComponentInfo{com.android.systemui/com.android.systemui.ImageWallpaper}
06-06 06:49:32.854 W/VolumeController( 2961): Error calling dismiss
06-06 06:49:32.854 W/VolumeController( 2961): android.os.DeadObjectException
06-06 06:49:32.854 W/VolumeController( 2961): 	at android.os.BinderProxy.transactNative(Native Method)
06-06 06:49:32.854 W/VolumeController( 2961): 	at android.os.BinderProxy.transact(Binder.java:615)
06-06 06:49:32.854 W/VolumeController( 2961): 	at android.media.IVolumeController$Stub$Proxy.dismiss(IVolumeController.java:162)
06-06 06:49:32.854 W/VolumeController( 2961): 	at com.android.server.audio.AudioService$VolumeController.postDismiss(AudioService.java:6138)
06-06 06:49:32.854 W/VolumeController( 2961): 	at com.android.server.audio.AudioService.setVolumeController(AudioService.java:5986)
06-06 06:49:32.854 W/VolumeController( 2961): 	at com.android.server.audio.AudioService$4.binderDied(AudioService.java:5995)
06-06 06:49:32.854 W/VolumeController( 2961): 	at android.os.BinderProxy.sendDeathNotice(Binder.java:688)
06-06 06:49:33.074 D/ActivityManager( 2961): cleanUpApplicationRecord -- 3218
06-06 06:49:33.077 W/ActivityManager( 2961): Scheduling restart of crashed service com.android.systemui/.ImageWallpaper in 0ms
06-06 06:49:33.078 W/ActivityManager( 2961): Scheduling restart of crashed service com.android.systemui/.SystemUIService in 0ms
06-06 06:49:33.078 W/ActivityManager( 2961): Scheduling restart of crashed service com.android.systemui/.keyguard.KeyguardService in 0ms
06-06 06:49:33.137 E/ConnectivityService( 2961): RemoteException caught trying to send a callback msg for NetworkRequest [ LISTEN id=5, [] ]
06-06 06:49:33.151 W/art     ( 2961): Long monitor contention with owner Binder:2961_3 (2981) at void com.android.server.wm.WindowState$DeathRecipient.binderDied()(WindowState.java:1806) waiters=0 in void com.android.server.wm.WindowState$DeathRecipient.binderDied() for 837ms
06-06 06:49:33.153 I/WindowManager( 2961): WIN DEATH: Window{becc925 u0 StatusBar}
06-06 06:49:33.248 W/art     ( 2961): Long monitor contention with owner Binder:2961_3 (2981) at void com.android.server.wm.WindowState$DeathRecipient.binderDied()(WindowState.java:1806) waiters=1 in void com.android.server.wm.WindowState$DeathRecipient.binderDied() for 896ms
06-06 06:49:33.248 I/WindowManager( 2961): WIN DEATH: Window{d26c638 u0 NavigationBar}
06-06 06:49:33.262 W/ActivityManager( 2961): Re-adding persistent process ProcessRecord{d183b2d 3218:com.android.systemui/u0a21}
06-06 06:49:33.455 W/art     ( 2961): Long monitor contention with owner Binder:2961_3 (2981) at void com.android.server.wm.WindowState$DeathRecipient.binderDied()(WindowState.java:1806) waiters=2 in void com.android.server.wm.WindowManagerService$H.handleMessage(android.os.Message) for 961ms
06-06 06:49:33.470 W/art     ( 2961): Long monitor contention with owner Binder:2961_3 (2981) at void com.android.server.wm.WindowState$DeathRecipient.binderDied()(WindowState.java:1806) waiters=3 in void com.android.server.wm.Session.binderDied() for 944ms
06-06 06:49:33.480 W/art     ( 2961): Long monitor contention with owner Binder:2961_3 (2981) at void com.android.server.wm.WindowState$DeathRecipient.binderDied()(WindowState.java:1806) waiters=4 in void com.android.server.wm.WindowState$DeathRecipient.binderDied() for 733ms
06-06 06:49:33.481 I/WindowManager( 2961): WIN DEATH: Window{1278781 u0 DockedStackDivider}
06-06 06:49:33.481 W/InputDispatcher( 2961): Attempted to unregister already unregistered input channel '1278781 DockedStackDivider (server)'
06-06 06:49:33.488 W/art     ( 2961): Long monitor contention with owner Binder:2961_6 (3513) at void com.android.server.wm.WindowState$DeathRecipient.binderDied()(WindowState.java:1806) waiters=3 in int com.android.server.wm.WindowManagerService.relayoutWindow(com.android.server.wm.Session, android.view.IWindow, int, android.view.WindowManager$LayoutParams, int, int, int, int, android.graphics.Rect, android.graphics.Rect, android.graphics.Rect, android.graphics.Rect, android.graphics.Rect, android.graphics.Rect, android.graphics.Rect, android.content.res.Configuration, android.view.Surface) for 161ms
06-06 06:49:34.025 W/ActivityManager( 2961): Slow operation: 762ms so far, now at startProcess: returned from zygote!
06-06 06:49:34.030 W/ActivityManager( 2961): Slow operation: 767ms so far, now at startProcess: done updating battery stats
06-06 06:49:34.031 W/ActivityManager( 2961): Slow operation: 768ms so far, now at startProcess: building log message
06-06 06:49:34.031 I/ActivityManager( 2961): Start proc 3710:com.android.systemui/u0a21 for restart com.android.systemui
06-06 06:49:34.031 W/ActivityManager( 2961): Slow operation: 768ms so far, now at startProcess: starting to update pids map
06-06 06:49:34.032 W/ActivityManager( 2961): Slow operation: 768ms so far, now at startProcess: done updating pids map
06-06 06:49:34.039 W/art     ( 2961): Long monitor contention with owner Binder:2961_8 (3701) at void com.android.server.am.ActivityManagerService$AppDeathRecipient.binderDied()(ActivityManagerService.java:1475) waiters=1 in void com.android.server.am.ActivityManagerService.dispatchUidsChanged() for 778ms
06-06 06:49:34.040 W/art     ( 2961): Long monitor contention with owner Binder:2961_8 (3701) at void com.android.server.am.ActivityManagerService$AppDeathRecipient.binderDied()(ActivityManagerService.java:1475) waiters=0 in void com.android.server.am.ActiveServices.serviceTimeout(com.android.server.am.ProcessRecord) for 1.236s
06-06 06:49:34.173 I/Choreographer( 2961): Skipped 56 frames!  The application may be doing too much work on its main thread.
