06-06 06:47:50.284 V/vold    ( 1273): 
06-06 06:47:50.343 I/MediaPlayerService( 1333): MediaPlayerService::getOMX
06-06 06:47:50.344 I/OMXClient( 1333): MuxOMX ctor
06-06 06:47:50.345 I/OMXMaster( 1330): makeComponentInstance(OMX.google.vorbis.decoder) in mediacodec process
06-06 06:47:50.349 V/vold    ( 1273): /system/bin/fsck_msdos
06-06 06:47:50.349 V/vold    ( 1273):     -p
06-06 06:47:50.349 V/vold    ( 1273):     -f
06-06 06:47:50.349 V/vold    ( 1273):     /dev/block/vold/public:253,48
06-06 06:47:50.368 D/VoldConnector( 2961): RCV <- {652 public:253,48 vfat}
06-06 06:47:50.463 D/VoldConnector( 2961): RCV <- {653 public:253,48 1EFF-1C1B}
06-06 06:47:50.465 D/VoldConnector( 2961): RCV <- {654 public:253,48 SDCARD}
06-06 06:47:50.714 V/SystemUIService( 3218): Starting SystemUI services for user 0.
06-06 06:47:50.803 I/art     ( 3257): System.exit called, status: 0
06-06 06:47:50.803 I/AndroidRuntime( 3257): VM exiting with result code 0, cleanup skipped.
06-06 06:47:50.953 I/LatinIME( 3210): Hardware accelerated drawing: true
06-06 06:47:51.291 V/MediaRouter( 3218): Adding route: RouteInfo{ name=Phone, description=null, status=null, category=RouteCategory{ name=null types=ROUTE_TYPE_LIVE_AUDIO ROUTE_TYPE_LIVE_VIDEO  groupable=false }, supportedTypes=ROUTE_TYPE_LIVE_AUDIO ROUTE_TYPE_LIVE_VIDEO , presentationDisplay=null }
06-06 06:47:51.323 I/fsck_msdos( 1273): ** /dev/block/vold/public:253,48
06-06 06:47:51.361 V/MediaRouter( 3218): Updating audio routes: AudioRoutesInfo{ type=SPEAKER }
06-06 06:47:51.370 I/fsck_msdos( 1273): ** Phase 1 - Read and Compare FATs
06-06 06:47:51.370 I/fsck_msdos( 1273): Attempting to allocate 1046 KB for FAT
06-06 06:47:51.405 V/MediaRouter( 3218): Selecting route: RouteInfo{ name=Phone, description=null, status=null, category=RouteCategory{ name=null types=ROUTE_TYPE_LIVE_AUDIO ROUTE_TYPE_LIVE_VIDEO  groupable=false }, supportedTypes=ROUTE_TYPE_LIVE_AUDIO ROUTE_TYPE_LIVE_VIDEO , presentationDisplay=null }
06-06 06:47:52.094 I/fsck_msdos( 1273): Attempting to allocate 1046 KB for FAT
06-06 06:47:52.314 I/MediaPlayerService( 1333): MediaPlayerService::getOMX
06-06 06:47:52.316 I/OMXClient( 1333): MuxOMX ctor
06-06 06:47:52.317 I/OMXMaster( 1330): makeComponentInstance(OMX.google.opus.decoder) in mediacodec process
06-06 06:47:52.760 I/fsck_msdos( 1273): ** Phase 2 - Check Cluster Chains
06-06 06:47:52.831 E/WVMExtractor( 3218): Failed to open libwvm.so: dlopen failed: library "libwvm.so" not found
06-06 06:47:52.834 I/fsck_msdos( 1273): ** Phase 3 - Checking Directories
06-06 06:47:52.834 I/fsck_msdos( 1273): ** Phase 4 - Checking for Lost Files
06-06 06:47:52.889 I/fsck_msdos( 1273): 2 files, 534464 free (267232 clusters)
06-06 06:47:52.902 I/Vold    ( 1273): Filesystem check completed OK
06-06 06:47:52.903 D/VoldConnector( 2961): RCV <- {656 public:253,48 /mnt/media_rw/1EFF-1C1B}
06-06 06:47:52.906 D/VoldConnector( 2961): RCV <- {655 public:253,48 /storage/1EFF-1C1B}
06-06 06:47:53.154 V/vold    ( 1273): Waiting for FUSE to spin up...
06-06 06:47:53.210 V/vold    ( 1273): Waiting for FUSE to spin up...
06-06 06:47:53.321 V/vold    ( 1273): Waiting for FUSE to spin up...
06-06 06:47:53.381 V/vold    ( 1273): Waiting for FUSE to spin up...
06-06 06:47:53.440 V/vold    ( 1273): Waiting for FUSE to spin up...
06-06 06:47:53.500 V/vold    ( 1273): Waiting for FUSE to spin up...
06-06 06:47:53.555 V/vold    ( 1273): Waiting for FUSE to spin up...
06-06 06:47:53.610 V/vold    ( 1273): Waiting for FUSE to spin up...
06-06 06:47:53.661 V/vold    ( 1273): Waiting for FUSE to spin up...
06-06 06:47:53.693 E/NetdConnector( 2961): NDC Command {3 bandwidth enable} took too long (7186ms)
06-06 06:47:53.712 V/vold    ( 1273): Waiting for FUSE to spin up...
06-06 06:47:53.811 V/vold    ( 1273): Waiting for FUSE to spin up...
06-06 06:47:53.862 V/vold    ( 1273): Waiting for FUSE to spin up...
06-06 06:47:53.919 V/vold    ( 1273): Waiting for FUSE to spin up...
06-06 06:47:53.973 V/vold    ( 1273): Waiting for FUSE to spin up...
06-06 06:47:54.030 V/vold    ( 1273): Waiting for FUSE to spin up...
06-06 06:47:54.082 V/vold    ( 1273): Waiting for FUSE to spin up...
06-06 06:47:54.140 V/vold    ( 1273): Waiting for FUSE to spin up...
06-06 06:47:54.192 V/vold    ( 1273): Waiting for FUSE to spin up...
06-06 06:47:54.228 I/MediaPlayerService( 1333): MediaPlayerService::getOMX
06-06 06:47:54.243 V/vold    ( 1273): Waiting for FUSE to spin up...
06-06 06:47:54.229 W/sdcard  ( 3330): Device explicitly disabled sdcardfs
06-06 06:47:54.280 I/OMXClient( 1333): MuxOMX ctor
06-06 06:47:54.281 I/OMXMaster( 1330): makeComponentInstance(OMX.google.raw.decoder) in mediacodec process
06-06 06:47:54.300 V/vold    ( 1273): Waiting for FUSE to spin up...
06-06 06:47:54.360 V/vold    ( 1273): Waiting for FUSE to spin up...
06-06 06:47:54.477 D/VoldConnector( 2961): RCV <- {651 public:253,48 2}
06-06 06:47:54.479 D/VoldConnector( 2961): RCV <- {200 7 Command succeeded}
06-06 06:47:54.499 I/MediaPlayerService( 1333): MediaPlayerService::getOMX
06-06 06:47:54.503 I/OMXClient( 1333): MuxOMX ctor
06-06 06:47:54.504 I/OMXMaster( 1330): makeComponentInstance(OMX.google.aac.encoder) in mediacodec process
06-06 06:47:54.554 E/VoldConnector( 2961): NDC Command {7 volume mount public:253,48 2 0} took too long (5735ms)
06-06 06:47:54.780 I/MediaPlayerService( 1333): MediaPlayerService::getOMX
06-06 06:47:54.820 I/OMXClient( 1333): MuxOMX ctor
06-06 06:47:54.821 I/OMXMaster( 1330): makeComponentInstance(OMX.google.amrnb.encoder) in mediacodec process
06-06 06:47:55.020 I/MediaPlayerService( 1333): MediaPlayerService::getOMX
06-06 06:47:55.061 I/OMXClient( 1333): MuxOMX ctor
06-06 06:47:55.062 I/OMXMaster( 1330): makeComponentInstance(OMX.google.amrwb.encoder) in mediacodec process
06-06 06:47:55.195 W/InputAttributes( 3210): No editor info for this field. Bug?
06-06 06:47:55.338 I/MediaPlayerService( 1333): MediaPlayerService::getOMX
06-06 06:47:55.351 I/OMXClient( 1333): MuxOMX ctor
06-06 06:47:55.354 I/OMXMaster( 1330): makeComponentInstance(OMX.google.flac.encoder) in mediacodec process
06-06 06:47:55.961 I/LatinIME:LogUtils( 3210): Dictionary info: dictionary = userunigram.en_US ; version = 1591426075 ; date = ?
06-06 06:47:55.985 E/ActivityThread( 3210): Failed to find provider info for user_dictionary
06-06 06:47:55.988 I/LatinIME:LogUtils( 3210): Dictionary info: dictionary = UserHistoryDictionary.en_US ; version = 1591426075 ; date = ?
06-06 06:47:56.719 I/vol.Events( 3218): writeEvent collection_started
06-06 06:47:57.252 I/vol.Events( 3218): writeEvent external_ringer_mode_changed normal
06-06 06:47:57.253 I/vol.Events( 3218): writeEvent internal_ringer_mode_changed normal
06-06 06:47:57.523 I/MediaPlayerService( 1333): MediaPlayerService::getOMX
06-06 06:47:57.561 I/OMXClient( 1333): MuxOMX ctor
06-06 06:47:57.573 I/OMXMaster( 1330): makeComponentInstance(OMX.google.gsm.decoder) in mediacodec process
06-06 06:47:57.755 E/NetdConnector( 2961): NDC Command {4 strict enable} took too long (3942ms)
06-06 06:47:57.757 W/NetworkManagement( 2961): setDataSaverMode(): already false
06-06 06:47:58.861 W/AudioService( 2961): onLoadSoundEffects(), Error 1 while loading samples
06-06 06:47:58.948 I/MediaPlayerService( 1333): MediaPlayerService::getOMX
06-06 06:47:58.981 I/OMXClient( 1333): MuxOMX ctor
06-06 06:47:58.982 I/OMXMaster( 1330): makeComponentInstance(OMX.google.mpeg4.decoder) in mediacodec process
06-06 06:47:59.769 E/OMXNodeInstance( 1330): getExtensionIndex(532000f:google.mpeg4.decoder, OMX.google.android.index.configureVideoTunnelMode) ERROR: UnsupportedIndex(0x8000101a)
06-06 06:47:59.780 W/OMXNodeInstance( 1330): [532000f:google.mpeg4.decoder] component does not support metadata mode; using fallback
06-06 06:47:59.804 I/MediaPlayerService( 1333): MediaPlayerService::getOMX
06-06 06:47:59.805 I/OMXClient( 1333): MuxOMX ctor
06-06 06:47:59.806 I/OMXMaster( 1330): makeComponentInstance(OMX.google.h263.decoder) in mediacodec process
06-06 06:48:00.783 E/OMXNodeInstance( 1330): getExtensionIndex(5320010:google.h263.decoder, OMX.google.android.index.configureVideoTunnelMode) ERROR: UnsupportedIndex(0x8000101a)
06-06 06:48:00.784 W/OMXNodeInstance( 1330): [5320010:google.h263.decoder] component does not support metadata mode; using fallback
06-06 06:48:00.893 E/NetdConnector( 2961): NDC Command {7 bandwidth setglobalalert 2097152} took too long (2762ms)
06-06 06:48:00.925 I/MediaPlayerService( 1333): MediaPlayerService::getOMX
06-06 06:48:00.927 I/OMXClient( 1333): MuxOMX ctor
06-06 06:48:00.928 I/OMXMaster( 1330): makeComponentInstance(OMX.google.h264.decoder) in mediacodec process
06-06 06:48:01.115 D/NetworkPolicy( 2961): setRestrictBackgroundUL(): false
06-06 06:48:01.133 W/NetworkManagement( 2961): setDataSaverMode(): already false
06-06 06:48:01.801 W/ActivityManager( 2961): Timeout executing service: ServiceRecord{266c536 u0 com.android.server.telecom/.components.TelecomService}
06-06 06:48:01.919 I/Process ( 2961): Sending signal. PID: 2961 SIG: 3
06-06 06:48:01.969 I/art     ( 2961): Background sticky concurrent mark sweep GC freed 41029(2MB) AllocSpace objects, 17(372KB) LOS objects, 19% free, 13MB/16MB, paused 65.099ms total 743.818ms
06-06 06:48:01.982 I/art     ( 2961): Thread[2,tid=2966,WaitingInMainSignalCatcherLoop,Thread*=0x70491a230000,peer=0x12c010d0,"Signal Catcher"]: reacting to signal 3
06-06 06:48:01.982 I/art     ( 2961): 
06-06 06:48:02.160 W/art     ( 2961): Suspending all threads took: 94.285ms
06-06 06:48:02.229 W/ACodec  ( 1333): [OMX.google.h264.decoder] stopping checking profiles after 32: 2/8000
06-06 06:48:02.265 E/OMXNodeInstance( 1330): getExtensionIndex(5320011:google.h264.decoder, OMX.google.android.index.configureVideoTunnelMode) ERROR: UnsupportedIndex(0x8000101a)
06-06 06:48:02.265 W/OMXNodeInstance( 1330): [5320011:google.h264.decoder] component does not support metadata mode; using fallback
06-06 06:48:02.313 I/MediaPlayerService( 1333): MediaPlayerService::getOMX
06-06 06:48:02.315 I/OMXClient( 1333): MuxOMX ctor
06-06 06:48:02.316 I/OMXMaster( 1330): makeComponentInstance(OMX.google.hevc.decoder) in mediacodec process
06-06 06:48:02.862 W/art     ( 2961): Long monitor contention with owner NetworkPolicy (3169) at boolean android.os.BinderProxy.transactNative(int, android.os.Parcel, android.os.Parcel, int)(Binder.java:-2) waiters=0 in void com.android.server.NetworkManagementService.setFirewallChainEnabled(int, boolean) for 1.349s
06-06 06:48:02.912 I/vol.Events( 3218): writeEvent level_changed STREAM_ALARM 6
06-06 06:48:03.090 I/vol.Events( 3218): writeEvent level_changed STREAM_BLUETOOTH_SCO 7
06-06 06:48:03.109 I/vol.Events( 3218): writeEvent level_changed STREAM_MUSIC 11
06-06 06:48:03.216 I/vol.Events( 3218): writeEvent level_changed STREAM_RING 5
06-06 06:48:03.236 I/vol.Events( 3218): writeEvent level_changed STREAM_SYSTEM 5
06-06 06:48:03.696 E/OMXNodeInstance( 1330): getExtensionIndex(5320012:google.hevc.decoder, OMX.google.android.index.configureVideoTunnelMode) ERROR: UnsupportedIndex(0x8000101a)
06-06 06:48:03.697 W/OMXNodeInstance( 1330): [5320012:google.hevc.decoder] component does not support metadata mode; using fallback
06-06 06:48:03.766 I/MediaPlayerService( 1333): MediaPlayerService::getOMX
06-06 06:48:03.768 I/OMXClient( 1333): MuxOMX ctor
06-06 06:48:03.769 I/OMXMaster( 1330): makeComponentInstance(OMX.google.vp8.decoder) in mediacodec process
06-06 06:48:04.829 E/OMXNodeInstance( 1330): getExtensionIndex(5320013:google.vp8.decoder, OMX.google.android.index.configureVideoTunnelMode) ERROR: UnsupportedIndex(0x8000101a)
06-06 06:48:04.861 W/OMXNodeInstance( 1330): [5320013:google.vp8.decoder] component does not support metadata mode; using fallback
06-06 06:48:04.884 I/MediaPlayerService( 1333): MediaPlayerService::getOMX
06-06 06:48:04.886 I/OMXClient( 1333): MuxOMX ctor
06-06 06:48:04.887 I/OMXMaster( 1330): makeComponentInstance(OMX.google.vp9.decoder) in mediacodec process
06-06 06:48:05.573 E/OMXNodeInstance( 1330): getExtensionIndex(5320014:google.vp9.decoder, OMX.google.android.index.configureVideoTunnelMode) ERROR: UnsupportedIndex(0x8000101a)
06-06 06:48:05.574 W/OMXNodeInstance( 1330): [5320014:google.vp9.decoder] component does not support metadata mode; using fallback
06-06 06:48:05.601 I/MediaPlayerService( 1333): MediaPlayerService::getOMX
06-06 06:48:05.603 I/OMXClient( 1333): MuxOMX ctor
06-06 06:48:05.604 I/OMXMaster( 1330): makeComponentInstance(OMX.google.h263.encoder) in mediacodec process
06-06 06:48:06.288 I/SoftMPEG4Encoder( 1330): Construct SoftMPEG4Encoder
06-06 06:48:06.331 W/ACodec  ( 1333): do not know color format 0x7f000789 = 2130708361
06-06 06:48:06.342 E/OMXNodeInstance( 1330): getConfig(5320015:google.h263.encoder, ConfigAndroidIntraRefresh(0x6f60000a)) ERROR: Undefined(0x80001001)
06-06 06:48:06.400 I/MediaPlayerService( 1333): MediaPlayerService::getOMX
06-06 06:48:06.415 I/OMXClient( 1333): MuxOMX ctor
06-06 06:48:06.416 I/OMXMaster( 1330): makeComponentInstance(OMX.google.h264.encoder) in mediacodec process
06-06 06:48:06.752 I/Process ( 2961): Sending signal. PID: 3218 SIG: 3
06-06 06:48:06.753 I/art     ( 3218): Thread[3,tid=3233,WaitingInMainSignalCatcherLoop,Thread*=0x704920e96400,peer=0x12c005e0,"Signal Catcher"]: reacting to signal 3
06-06 06:48:06.753 I/art     ( 3218): 
06-06 06:48:07.415 W/ACodec  ( 1333): do not know color format 0x7f000789 = 2130708361
06-06 06:48:07.550 I/MediaPlayerService( 1333): MediaPlayerService::getOMX
06-06 06:48:07.574 I/OMXClient( 1333): MuxOMX ctor
06-06 06:48:07.575 I/OMXMaster( 1330): makeComponentInstance(OMX.google.mpeg4.encoder) in mediacodec process
06-06 06:48:07.908 W/        ( 1272): debuggerd: handling request: pid=1320 uid=1000 gid=1003 tid=1320
06-06 06:48:08.053 E/NetdConnector( 2961): NDC Command {8 firewall enable_chain standby} took too long (5190ms)
06-06 06:48:08.382 I/SystemServiceManager( 2961): Starting phase 600
06-06 06:48:08.521 I/art     ( 3218): Wrote stack traces to '/data/anr/traces.txt'
06-06 06:48:08.554 D/SensorNotificationService( 2961): Cannot obtain dynamic meta sensor, not supported.
06-06 06:48:08.739 I/SoftMPEG4Encoder( 1330): Construct SoftMPEG4Encoder
06-06 06:48:08.796 I/GnssLocationProvider( 2961): WakeLock acquired by sendMessage(13, 0, null)
06-06 06:48:08.800 W/ACodec  ( 1333): do not know color format 0x7f000789 = 2130708361
06-06 06:48:08.803 E/OMXNodeInstance( 1330): getConfig(5320017:google.mpeg4.encoder, ConfigAndroidIntraRefresh(0x6f60000a)) ERROR: Undefined(0x80001001)
06-06 06:48:08.904 I/MediaPlayerService( 1333): MediaPlayerService::getOMX
06-06 06:48:08.906 I/OMXClient( 1333): MuxOMX ctor
06-06 06:48:08.907 I/OMXMaster( 1330): makeComponentInstance(OMX.google.vp8.encoder) in mediacodec process
06-06 06:48:08.931 W/LocationManagerService( 2961): no network location provider found
06-06 06:48:08.962 D/StorageNotification( 3218): Notifying about private volume: VolumeInfo{private}:
06-06 06:48:08.962 D/StorageNotification( 3218):     type=PRIVATE diskId=null partGuid=null mountFlags=0 mountUserId=-1 
06-06 06:48:08.962 D/StorageNotification( 3218):     state=MOUNTED 
06-06 06:48:08.962 D/StorageNotification( 3218):     fsType=null fsUuid=null fsLabel=null 
06-06 06:48:08.962 D/StorageNotification( 3218):     path=/data internalPath=null 
06-06 06:48:09.003 D/StorageNotification( 3218): Notifying about public volume: VolumeInfo{public:253,48}:
06-06 06:48:09.003 D/StorageNotification( 3218):     type=PUBLIC diskId=disk:253,48 partGuid=null mountFlags=VISIBLE 
06-06 06:48:09.003 D/StorageNotification( 3218):     mountUserId=0 state=MOUNTED 
06-06 06:48:09.003 D/StorageNotification( 3218):     fsType=vfat fsUuid=1EFF-1C1B fsLabel=SDCARD 
06-06 06:48:09.003 D/StorageNotification( 3218):     path=/storage/1EFF-1C1B internalPath=/mnt/media_rw/1EFF-1C1B 
06-06 06:48:09.006 E/LocationManagerService( 2961): no geocoder provider found
06-06 06:48:09.007 E/FlpHardwareProvider( 2961): Error hw_get_module 'flp': -2
06-06 06:48:09.008 D/LocationManagerService( 2961): FLP HAL not supported
06-06 06:48:09.065 D/LocationManagerService( 2961): Unable to bind FLP Geofence proxy.
06-06 06:48:09.066 E/ActivityRecognitionHardware( 2961): Error hw_get_module: -2
06-06 06:48:09.068 D/LocationManagerService( 2961): Hardware Activity-Recognition not supported.
06-06 06:48:09.091 E/ActivityRecognitionProxy( 2961): ServiceWatcher could not start.
06-06 06:48:09.120 D/LocationManagerService( 2961): Unable to bind ActivityRecognitionProxy.
06-06 06:48:09.123 I/GnssLocationProvider( 2961): WakeLock acquired by sendMessage(2, 1, null)
06-06 06:48:09.236 W/        ( 1272): debuggerd: resuming target 1320
06-06 06:48:09.243 W/        ( 1272): debuggerd: handling request: pid=1325 uid=1041 gid=1005 tid=1325
06-06 06:48:09.291 I/CommonTimeManagementService( 2961): No common time service detected on this platform.  Common time services will be unavailable.
06-06 06:48:09.385 I/MmsServiceBroker( 2961): Delay connecting to MmsService until an API is called
06-06 06:48:09.396 W/        ( 1271): debuggerd: handling request: pid=1325 uid=1041 gid=1005 tid=1325
06-06 06:48:09.462 I/InputReader( 2961): Reconfiguring input devices.  changes=0x00000020
06-06 06:48:09.496 I/InputReader( 2961): Reconfiguring input devices.  changes=0x00000010
06-06 06:48:09.605 W/VoiceInteractionManagerService( 2961): no available voice interaction services found for user 0
06-06 06:48:09.606 W/VoiceInteractionManagerService( 2961): no available voice recognition services found for user 0
06-06 06:48:09.983 W/ActivityManager( 2961): Slow operation: 321ms so far, now at startProcess: returned from zygote!
06-06 06:48:09.984 W/ActivityManager( 2961): Slow operation: 322ms so far, now at startProcess: done updating battery stats
06-06 06:48:09.985 W/ActivityManager( 2961): Slow operation: 323ms so far, now at startProcess: building log message
06-06 06:48:09.985 I/ActivityManager( 2961): Start proc 3427:com.android.phone/1001 for added application com.android.phone
06-06 06:48:09.985 W/ActivityManager( 2961): Slow operation: 323ms so far, now at startProcess: starting to update pids map
06-06 06:48:09.985 W/ActivityManager( 2961): Slow operation: 323ms so far, now at startProcess: done updating pids map
06-06 06:48:09.996 I/ActivityManager( 2961): START u0 {act=android.intent.action.MAIN cat=[android.intent.category.HOME] flg=0x10000100 cmp=com.android.settings/.FallbackHome} from uid 0 on display 0
06-06 06:48:10.057 W/System  ( 2961): ClassLoader referenced unknown path: 
06-06 06:48:10.058 W/System  ( 2961): ClassLoader referenced unknown path: /system/priv-app/Settings/lib/x86_64
06-06 06:48:10.092 W/art     ( 3427): Unexpected CPU variant for X86 using defaults: x86_64
06-06 06:48:10.298 W/ACodec  ( 1333): do not know color format 0x7f000789 = 2130708361
06-06 06:48:10.320 E/OMXNodeInstance( 1330): getConfig(5320018:google.vp8.encoder, ConfigAndroidIntraRefresh(0x6f60000a)) ERROR: Undefined(0x80001001)
06-06 06:48:10.269 D/ApplicationLoaders( 2961): ignored Vulkan layer search path /system/priv-app/Settings/lib/x86_64:/system/priv-app/Settings/Settings.apk!/lib/x86_64:/system/lib64:/vendor/lib64 for namespace 0x704925784160
06-06 06:48:10.360 I/art     ( 2961): Wrote stack traces to '/data/anr/traces.txt'
06-06 06:48:10.410 I/MediaPlayerService( 1333): MediaPlayerService::getOMX
06-06 06:48:10.412 I/OMXClient( 1333): MuxOMX ctor
06-06 06:48:10.426 I/ActivityManager( 2961): Loaded persisted task ids for user 0
06-06 06:48:10.581 I/MediaPlayerService( 1333): MediaPlayerService::getOMX
06-06 06:48:10.589 I/OMXClient( 1333): MuxOMX ctor
06-06 06:48:10.602 W/MediaCodecList( 1333): unable to open media codecs configuration xml file: /data/misc/media/media_codecs_profiling_results.xml
06-06 06:48:10.614 I/MediaPlayerService( 1333): MediaPlayerService::getOMX
06-06 06:48:10.618 I/OMXClient( 3218): MuxOMX ctor
06-06 06:48:10.647 I/MediaPlayerService( 1333): MediaPlayerService::getOMX
06-06 06:48:10.651 I/OMXClient( 2961): MuxOMX ctor
06-06 06:48:10.659 I/OMXMaster( 1330): makeComponentInstance(OMX.google.vorbis.decoder) in mediacodec process
06-06 06:48:10.862 W/ActivityManager( 2961): Slow operation: 226ms so far, now at startProcess: returned from zygote!
06-06 06:48:10.863 W/ActivityManager( 2961): Slow operation: 227ms so far, now at startProcess: done updating battery stats
06-06 06:48:10.863 W/ActivityManager( 2961): Slow operation: 227ms so far, now at startProcess: building log message
06-06 06:48:10.863 I/ActivityManager( 2961): Start proc 3445:com.android.settings/1000 for activity com.android.settings/.FallbackHome
06-06 06:48:10.863 W/ActivityManager( 2961): Slow operation: 227ms so far, now at startProcess: starting to update pids map
06-06 06:48:10.864 W/ActivityManager( 2961): Slow operation: 228ms so far, now at startProcess: done updating pids map
06-06 06:48:10.864 W/ActivityManager( 2961): Slow operation: 229ms so far, now at startProcess: done starting proc!
06-06 06:48:11.409 W/art     ( 2961): Long monitor contention with owner main (2961) at void com.android.server.am.ActivityManagerService.systemReady(java.lang.Runnable)(ActivityManagerService.java:13368) waiters=1 in void com.android.server.am.ActivityManagerService.appendDropBoxProcessHeaders(com.android.server.am.ProcessRecord, java.lang.String, java.lang.StringBuilder) for 1.785s
06-06 06:48:11.429 W/art     ( 3445): Unexpected CPU variant for X86 using defaults: x86_64
06-06 06:48:11.462 I/SystemServer( 2961): Enabled StrictMode for system server main thread.
06-06 06:48:11.549 W/art     ( 2961): Long monitor contention with owner main (2961) at void com.android.server.am.ActivityManagerService.systemReady(java.lang.Runnable)(ActivityManagerService.java:13368) waiters=2 in void com.android.server.am.ActivityManagerService.dispatchUidsChanged() for 1.804s
06-06 06:48:11.563 W/art     ( 2961): Long monitor contention with owner main (2961) at void com.android.server.am.ActivityManagerService.systemReady(java.lang.Runnable)(ActivityManagerService.java:13368) waiters=3 in void com.android.server.am.ActivityManagerService.attachApplication(android.app.IApplicationThread) for 928ms
06-06 06:48:11.871 W/art     ( 2961): Long monitor contention with owner Binder:2961_3 (2981) at void com.android.server.am.ActivityManagerService.attachApplication(android.app.IApplicationThread)(ActivityManagerService.java:6669) waiters=3 in android.content.Intent com.android.server.am.ActivityManagerService.registerReceiver(android.app.IApplicationThread, java.lang.String, android.content.IIntentReceiver, android.content.IntentFilter, java.lang.String, int) for 276ms
06-06 06:48:11.874 D/ConditionProviders.SCP( 2961): onConnected
06-06 06:48:11.951 D/ZenLog  ( 2961): set_zen_mode: off,readXml
06-06 06:48:11.994 I/OMXMaster( 1330): makeComponentInstance(OMX.google.vorbis.decoder) in mediacodec process
06-06 06:48:12.231 I/vol.Events( 3218): writeEvent level_changed STREAM_VOICE_CALL 4
06-06 06:48:12.258 W/        ( 1271): debuggerd: resuming target 1325
06-06 06:48:12.392 D/ConditionProviders( 2961): Subscribing to condition://android/schedule?days=1.2.3.4.5&start=22.0&end=7.0&exitAtAlarm=false with ComponentInfo{android/com.android.server.notification.ScheduleConditionProvider}
06-06 06:48:12.392 D/ZenLog  ( 2961): subscribe: condition://android/schedule?days=1.2.3.4.5&start=22.0&end=7.0&exitAtAlarm=false,ok
06-06 06:48:12.394 D/ConditionProviders( 2961): Subscribing to condition://android/schedule?days=6.7&start=23.30&end=10.0&exitAtAlarm=false with ComponentInfo{android/com.android.server.notification.ScheduleConditionProvider}
06-06 06:48:12.394 D/ZenLog  ( 2961): subscribe: condition://android/schedule?days=6.7&start=23.30&end=10.0&exitAtAlarm=false,ok
06-06 06:48:12.395 D/ConditionProviders( 2961): Subscribing to condition://android/event?userId=-10000&calendar=&reply=1 with ComponentInfo{android/com.android.server.notification.EventConditionProvider}
06-06 06:48:12.395 D/ZenLog  ( 2961): subscribe: condition://android/event?userId=-10000&calendar=&reply=1,ok
06-06 06:48:12.428 W/        ( 1272): debuggerd: handling request: pid=1326 uid=1047 gid=1005 tid=1326
06-06 06:48:12.568 W/        ( 1271): debuggerd: handling request: pid=1326 uid=1047 gid=1005 tid=1326
06-06 06:48:12.756 I/Choreographer( 3218): Skipped 335 frames!  The application may be doing too much work on its main thread.
06-06 06:48:13.380 D/PermissionCache( 1320): checking android.permission.READ_FRAME_BUFFER for uid=1000 => granted (9864 us)
06-06 06:48:13.509 W/System  ( 3427): ClassLoader referenced unknown path: /system/priv-app/TeleService/lib/x86_64
06-06 06:48:13.531 D/gralloc ( 1320): Registering a buffer in the process that created it. This may cause memory ordering problems.
06-06 06:48:13.532 E/libEGL  ( 1320): called unimplemented OpenGL ES API
06-06 06:48:13.533 E/SurfaceFlinger( 1320): glCheckFramebufferStatusOES error -1349156185
06-06 06:48:13.533 E/SurfaceFlinger( 1320): got GL_FRAMEBUFFER_COMPLETE_OES error while taking screenshot
06-06 06:48:13.582 W/art     ( 2961): Long monitor contention with owner Binder:2961_5 (3266) at void com.android.server.wm.WindowManagerService.startAppFreezingScreen(android.os.IBinder, int)(WindowManagerService.java:4812) waiters=0 in int com.android.server.wm.WindowManagerService.relayoutWindow(com.android.server.wm.Session, android.view.IWindow, int, android.view.WindowManager$LayoutParams, int, int, int, int, android.graphics.Rect, android.graphics.Rect, android.graphics.Rect, android.graphics.Rect, android.graphics.Rect, android.graphics.Rect, android.graphics.Rect, android.content.res.Configuration, android.view.Surface) for 224ms
06-06 06:48:14.024 W/art     ( 2961): Long monitor contention with owner Binder:2961_4 (3245) at int com.android.server.wm.WindowManagerService.relayoutWindow(com.android.server.wm.Session, android.view.IWindow, int, android.view.WindowManager$LayoutParams, int, int, int, int, android.graphics.Rect, android.graphics.Rect, android.graphics.Rect, android.graphics.Rect, android.graphics.Rect, android.graphics.Rect, android.graphics.Rect, android.content.res.Configuration, android.view.Surface)(WindowManagerService.java:2857) waiters=0 in void com.android.server.wm.WindowManagerService.setAppVisibility(android.os.IBinder, boolean) for 433ms
06-06 06:48:14.120 W/art     ( 2961): Long monitor contention with owner Binder:2961_5 (3266) at void com.android.server.am.ActivityManagerService.attachApplication(android.app.IApplicationThread)(ActivityManagerService.java:6669) waiters=1 in int com.android.server.am.ActivityManagerService.getMemoryTrimLevel() for 1.011s
06-06 06:48:14.127 I/WifiScanningService( 2961): wifi driver unloaded
06-06 06:48:14.129 D/RttService( 2961): SCAN_AVAILABLE : 1
06-06 06:48:14.130 W/art     ( 2961): Long monitor contention with owner Binder:2961_5 (3266) at void com.android.server.am.ActivityManagerService.attachApplication(android.app.IApplicationThread)(ActivityManagerService.java:6669) waiters=2 in void com.android.server.am.ActivityManagerService$LocalService.notifyAppTransitionCancelled() for 940ms
06-06 06:48:14.182 D/RttService( 2961): DefaultState got{ when=-51ms what=160513 target=com.android.internal.util.StateMachine$SmHandler }
06-06 06:48:14.183 D/ZenLog  ( 2961): set_zen_mode: off,cleanUpZenRules
06-06 06:48:14.232 W/        ( 1271): debuggerd: resuming target 1326
06-06 06:48:14.237 W/        ( 1272): debuggerd: handling request: pid=1327 uid=1019 gid=1019 tid=1327
06-06 06:48:14.239 W/        ( 1271): debuggerd: handling request: pid=1327 uid=1019 gid=1019 tid=1327
06-06 06:48:14.496 W/System  ( 3445): ClassLoader referenced unknown path: /system/priv-app/Settings/lib/x86_64
06-06 06:48:14.614 W/System  ( 2961): ClassLoader referenced unknown path: /system/priv-app/Telecom/lib/x86_64
06-06 06:48:14.619 D/ApplicationLoaders( 2961): ignored Vulkan layer search path /system/priv-app/Telecom/lib/x86_64:/system/priv-app/Telecom/Telecom.apk!/lib/x86_64:/system/lib64:/vendor/lib64 for namespace 0x7049257841d0
06-06 06:48:14.850 I/MediaPlayerService( 1333): MediaPlayerService::getOMX
06-06 06:48:14.867 I/OMXClient( 3218): MuxOMX ctor
06-06 06:48:14.879 I/OMXMaster( 1330): makeComponentInstance(OMX.google.vorbis.decoder) in mediacodec process
06-06 06:48:15.229 W/        ( 1271): debuggerd: resuming target 1327
06-06 06:48:15.256 W/        ( 1272): debuggerd: handling request: pid=1330 uid=1046 gid=1006 tid=1330
06-06 06:48:15.274 W/System  ( 3427): ClassLoader referenced unknown path: /system/priv-app/TelephonyProvider/lib/x86_64
06-06 06:48:15.279 D/ApplicationLoaders( 3427): ignored Vulkan layer search path /system/priv-app/TelephonyProvider/lib/x86_64:/system/lib64:/vendor/lib64 for namespace 0x7049257740f0
06-06 06:48:15.282 W/        ( 1271): debuggerd: handling request: pid=1330 uid=1046 gid=1006 tid=1330
06-06 06:48:15.313 I/StatusBarManagerService( 2961): registerStatusBar bar=com.android.internal.statusbar.IStatusBar$Stub$Proxy@2cbf7f5
06-06 06:48:15.588 W/WindowManager( 2961): App freeze timeout expired.
06-06 06:48:15.588 W/WindowManager( 2961): Force clearing freeze: AppWindowToken{b267301 token=Token{124aa0b ActivityRecord{3f9d5da u0 com.android.settings/.FallbackHome t1}}}
06-06 06:48:15.589 I/WindowManager( 2961): Screen frozen for +2s436ms due to AppWindowToken{b267301 token=Token{124aa0b ActivityRecord{3f9d5da u0 com.android.settings/.FallbackHome t1}}}
06-06 06:48:15.880 W/art     ( 2961): Long monitor contention with owner Binder:2961_2 (2979) at android.content.Intent com.android.server.am.ActivityManagerService.registerReceiver(android.app.IApplicationThread, java.lang.String, android.content.IIntentReceiver, android.content.IntentFilter, java.lang.String, int)(ActivityManagerService.java:17547) waiters=0 in void com.android.server.am.ActivityManagerService$3.handleMessage(android.os.Message) for 6.187s
06-06 06:48:16.457 D/gralloc_ranchu( 3445): Emulator without host-side GPU emulation detected. Loading gralloc.default.so from /vendor/lib64/hw/gralloc.goldfish.default.so...
06-06 06:48:16.473 D/gralloc_ranchu( 3445): gralloc.default.so not found in /vendor. Trying /system/lib64/hw/gralloc.goldfish.default.so...
06-06 06:48:16.698 I/ActivityManager( 2961): Displayed com.android.settings/.FallbackHome: +6s63ms
06-06 06:48:16.747 D/TelephonyProvider( 3427): dbh.onOpen: ok, queried table=siminfo
06-06 06:48:16.772 D/TelephonyProvider( 3427): dbh.onOpen: ok, queried table=carriers
06-06 06:48:17.302 W/        ( 1271): debuggerd: resuming target 1330
06-06 06:48:17.305 W/        ( 1272): debuggerd: handling request: pid=1331 uid=1013 gid=1031 tid=1331
06-06 06:48:17.307 W/        ( 1271): debuggerd: handling request: pid=1331 uid=1013 gid=1031 tid=1331
06-06 06:48:17.679 W/        ( 1271): debuggerd: resuming target 1331
06-06 06:48:17.695 W/        ( 1272): debuggerd: handling request: pid=1332 uid=1040 gid=1026 tid=1332
06-06 06:48:17.705 W/        ( 1271): debuggerd: handling request: pid=1332 uid=1040 gid=1026 tid=1332
06-06 06:48:17.933 I/art     ( 2961): Starting a blocking GC Explicit
06-06 06:48:18.628 I/Choreographer( 3445): Skipped 35 frames!  The application may be doing too much work on its main thread.
06-06 06:48:19.474 I/Choreographer( 3445): Skipped 34 frames!  The application may be doing too much work on its main thread.
06-06 06:48:19.697 W/        ( 1271): debuggerd: resuming target 1332
06-06 06:48:19.722 W/        ( 1272): debuggerd: handling request: pid=1333 uid=1013 gid=1005 tid=1333
06-06 06:48:19.742 W/        ( 1271): debuggerd: handling request: pid=1333 uid=1013 gid=1005 tid=1333
06-06 06:48:21.886 W/        ( 1271): debuggerd: resuming target 1333
06-06 06:48:22.082 W/        ( 1272): debuggerd: handling request: pid=3294 uid=1023 gid=1023 tid=3294
06-06 06:48:22.556 I/MediaPlayerService( 1333): MediaPlayerService::getOMX
06-06 06:48:22.559 I/OMXClient( 3218): MuxOMX ctor
06-06 06:48:22.622 I/OMXMaster( 1330): makeComponentInstance(OMX.google.vorbis.decoder) in mediacodec process
06-06 06:48:23.298 W/        ( 1272): debuggerd: resuming target 3294
06-06 06:48:23.383 W/        ( 1272): debuggerd: handling request: pid=3330 uid=1023 gid=1023 tid=3330
06-06 06:48:24.076 W/        ( 1272): debuggerd: resuming target 3330
06-06 06:48:24.416 W/art     ( 2961): Long monitor contention with owner Binder:2961_2 (2979) at void com.android.server.power.PowerManagerService.releaseWakeLockInternal(android.os.IBinder, int)(PowerManagerService.java:937) waiters=1 in void com.android.server.power.PowerManagerService.handleSandman() for 109ms
06-06 06:48:26.503 W/SystemConfig( 3427): No directory /system/etc/sysconfig, skipping
06-06 06:48:27.623 D/PhoneSwitcherNetworkRequstListener( 3427): Registering NetworkFactory
06-06 06:48:27.627 D/ConnectivityService( 2961): Got NetworkFactory Messenger for PhoneSwitcherNetworkRequstListener
06-06 06:48:27.838 D/ConnectivityService( 2961): Got NetworkFactory Messenger for TelephonyNetworkFactory[0]
06-06 06:48:28.875 W/ProcessCpuTracker( 2961): Skipping unknown process pid 3517
06-06 06:48:28.947 D/CarrierConfigLoader( 3427): CarrierConfigLoader has started
06-06 06:48:28.968 E/BluetoothAdapter( 3427): Bluetooth binder is null
06-06 06:48:29.252 W/TelecomManager( 3427): Telecom Service not found.
06-06 06:48:29.432 I/Telephony( 3427): TtyManager: updateUiTtyMode -1 -> 0
06-06 06:48:29.504 E/ActivityThread( 3427): Failed to find provider info for com.android.contacts
06-06 06:48:29.513 W/CallerInfoCache( 3427): cursor is null
06-06 06:48:30.341 W/art     ( 2961): Suspending all threads took: 611.786ms
06-06 06:48:30.384 W/art     ( 3427): Long monitor contention with owner RILReceiver0 (3494) at boolean android.os.BinderProxy.transactNative(int, android.os.Parcel, android.os.Parcel, int)(Binder.java:-2) waiters=0 in void com.android.internal.telephony.RIL.acquireWakeLock(com.android.internal.telephony.RILRequest, int) for 648ms
06-06 06:48:30.641 I/art     ( 2961): Explicit concurrent mark sweep GC freed 31898(1819KB) AllocSpace objects, 9(4MB) LOS objects, 30% free, 9MB/13MB, paused 618.794ms total 12.691s
06-06 06:48:30.917 D/AlarmManagerService( 2961): Kernel timezone updated to 0 minutes west of GMT
06-06 06:48:31.228 D/AlarmManagerService( 2961): Setting time of day to sec=1591426112
06-06 06:48:32.469 W/SurfaceFlinger( 1320): Timed out waiting for hw vsync; faking it
06-06 06:48:32.471 W/AlarmManagerService( 2961): Unable to set rtc to 1591426112: No such device
06-06 06:48:32.600 W/art     ( 3218): Suspending all threads took: 66.497ms
06-06 06:48:32.958 W/ProcessCpuTracker( 2961): Skipping unknown process pid 3511
06-06 06:48:33.107 E/BluetoothAdapter( 2961): Bluetooth binder is null
06-06 06:48:33.217 I/art     ( 3218): Background sticky concurrent mark sweep GC freed 17521(2MB) AllocSpace objects, 2(40KB) LOS objects, 29% free, 7MB/10MB, paused 68.219ms total 1.551s
06-06 06:48:33.512 I/Telecom ( 2961): SystemStateProvider: Registering car mode receiver: android.content.IntentFilter@2d5cb9: TS.init@AAA
06-06 06:48:37.478 E/ActivityManager( 2961): ANR in system
06-06 06:48:37.478 E/ActivityManager( 2961): PID: 2961
06-06 06:48:37.478 E/ActivityManager( 2961): Reason: executing service com.android.server.telecom/.components.TelecomService
06-06 06:48:37.478 E/ActivityManager( 2961): Load: 11.84 / 5.35 / 2.13
06-06 06:48:37.478 E/ActivityManager( 2961): CPU usage from 4720ms to -32439ms ago (2020-06-06 06:47:57.170 to 2020-06-06 06:48:35.568):
06-06 06:48:37.478 E/ActivityManager( 2961):   61% 1320/surfaceflinger: 25% user + 36% kernel / faults: 84 minor
06-06 06:48:37.478 E/ActivityManager( 2961):   32% 1674/bootanimation: 18% user + 14% kernel
06-06 06:48:37.478 E/ActivityManager( 2961):   23% 2961/system_server: 8.1% user + 14% kernel / faults: 3471 minor 32 major
06-06 06:48:37.478 E/ActivityManager( 2961):   13% 1330/media.codec: 6.1% user + 7.5% kernel / faults: 8326 minor 19 major
06-06 06:48:37.478 E/ActivityManager( 2961):   13% 3218/com.android.systemui: 5.2% user + 7.8% kernel / faults: 5496 minor 39 major
06-06 06:48:37.478 E/ActivityManager( 2961):   2% 8/rcu_preempt: 0% user + 2% kernel
06-06 06:48:37.478 E/ActivityManager( 2961):   2% 2558/adbd: 0.2% user + 1.7% kernel / faults: 1701 minor
06-06 06:48:37.478 E/ActivityManager( 2961):   1% 1333/mediaserver: 0.3% user + 0.7% kernel / faults: 80 minor
06-06 06:48:37.478 E/ActivityManager( 2961):   0.9% 1334/netd: 0% user + 0.8% kernel / faults: 290 minor
06-06 06:48:37.478 E/ActivityManager( 2961):   0.2% 1272/debuggerd64: 0% user + 0.1% kernel / faults: 103 minor
06-06 06:48:37.478 E/ActivityManager( 2961):   0.6% 1319/servicemanager: 0.2% user + 0.4% kernel
06-06 06:48:37.478 E/ActivityManager( 2961):   0.6% 1332/media.extractor: 0.1% user + 0.4% kernel / faults: 93 minor
06-06 06:48:37.478 E/ActivityManager( 2961):   0.6% 3210/com.android.inputmethod.latin: 0.1% user + 0.4% kernel / faults: 415 minor
06-06 06:48:37.478 E/ActivityManager( 2961):   0.4% 1323/zygote64: 0.1% user + 0.2% kernel / faults: 302 minor
06-06 06:48:37.478 E/ActivityManager( 2961):   0.3% 1325/audioserver: 0.1% user + 0.1% kernel / faults: 41 minor
06-06 06:48:37.478 E/ActivityManager( 2961):   0.3% 1253/kworker/0:1H: 0% user + 0.3% kernel
06-06 06:48:37.478 E/ActivityManager( 2961):   0.2% 17/kworker/u4:1: 0% user + 0.2% kernel
06-06 06:48:37.478 E/ActivityManager( 2961):   0% 1271/debuggerd: 0% user + 0% kernel / faults: 188 minor
06-06 06:48:37.478 E/ActivityManager( 2961):   0.2% 1482/logcat: 0% user + 0.1% kernel
06-06 06:48:37.478 E/ActivityManager( 2961):   0.1% 12/ksoftirqd/1: 0% user + 0.1% kernel
06-06 06:48:37.478 E/ActivityManager( 2961):   0.1% 1263/jbd2/vdc-8: 0% user + 0.1% kernel
06-06 06:48:37.478 E/ActivityManager( 2961):   0% 1326/cameraserver: 0% user + 0% kernel / faults: 65 minor
06-06 06:48:37.478 E/ActivityManager( 2961):   0.1% 3/ksoftirqd/0: 0% user + 0.1% kernel
06-06 06:48:37.478 E/ActivityManager( 2961):   0.1% 1//init: 0% user + 0.1% kernel / faults: 1 minor
06-06 06:48:37.478 E/ActivityManager( 2961):   0.1% 1265/logd: 0% user + 0.1% kernel / faults: 6 minor
06-06 06:48:37.478 E/ActivityManager( 2961):   0% 1342/rild: 0% user + 0% kernel / faults: 6 minor
06-06 06:48:37.478 E/ActivityManager( 2961):   0% 809/kworker/0:2: 0% user + 0% kernel
06-06 06:48:37.478 E/ActivityManager( 2961):   0% 1318/lmkd: 0% user + 0% kernel
06-06 06:48:37.478 E/ActivityManager( 2961):   0% 1329/keystore: 0% user + 0% kernel
06-06 06:48:37.478 E/ActivityManager( 2961):   0% 7/migration/0: 0% user + 0% kernel
06-06 06:48:37.478 E/ActivityManager( 2961):   0% 673/kworker/1:1: 0% user + 0% kernel
06-06 06:48:37.478 E/ActivityManager( 2961):   0% 1315/healthd: 0% user + 0% kernel
06-06 06:48:37.478 E/ActivityManager( 2961):   0% 1327/drmserver: 0% user + 0% kernel / faults: 19 minor
06-06 06:48:37.478 E/ActivityManager( 2961):   0% 1344/fingerprintd: 0% user + 0% kernel
06-06 06:48:37.478 E/ActivityManager( 2961):   0% 3294/sdcard: 0% user + 0% kernel / faults: 7 minor
06-06 06:48:37.478 E/ActivityManager( 2961):   0% 3330/sdcard: 0% user + 0% kernel / faults: 7 minor
06-06 06:48:37.478 E/ActivityManager( 2961):  +0% 3427/com.android.phone: 0% user + 0% kernel
06-06 06:48:37.478 E/ActivityManager( 2961):  +0% 3445/com.android.settings: 0% user + 0% kernel
06-06 06:48:37.478 E/ActivityManager( 2961):  +0% 3531/getprop: 0% user + 0% kernel
06-06 06:48:37.478 E/ActivityManager( 2961): 100% TOTAL: 40% user + 58% kernel + 0.8% softirq
06-06 06:48:37.478 E/ActivityManager( 2961): CPU usage from 30203ms to 31941ms later (2020-06-06 06:48:33.332 to 2020-06-06 06:48:35.071):
06-06 06:48:37.478 E/ActivityManager( 2961):   104% 1320/surfaceflinger: 51% user + 52% kernel
06-06 06:48:37.478 E/ActivityManager( 2961):     50% 1320/surfaceflinger: 27% user + 22% kernel
06-06 06:48:37.478 E/ActivityManager( 2961):     25% 1670/EventThread: 19% user + 6.4% kernel
06-06 06:48:37.478 E/ActivityManager( 2961):     23% 1664/DispSync: 11% user + 12% kernel
06-06 06:48:37.478 E/ActivityManager( 2961):     1.2% 1668/EventThread: 0% user + 1.2% kernel
06-06 06:48:37.478 E/ActivityManager( 2961):     0.6% 1647/Binder:1320_1: 0% user + 0.6% kernel
06-06 06:48:37.478 E/ActivityManager( 2961):     0.6% 1667/POSIX timer 0: 0% user + 0.6% kernel
06-06 06:48:37.478 E/ActivityManager( 2961):     0.6% 3143/Binder:1320_4: 0% user + 0.6% kernel
06-06 06:48:37.478 E/ActivityManager( 2961):   34% 1674/bootanimation: 10% user + 23% kernel
06-06 06:48:37.478 E/ActivityManager( 2961):     34% 2725/BootAnimation: 11% user + 23% kernel
06-06 06:48:37.478 E/ActivityManager( 2961):   15% 2961/system_server: 0% user + 15% kernel / faults: 1 minor
06-06 06:48:37.478 E/ActivityManager( 2961):     10% 2998/ActivityManager: 0% user + 10% kernel
06-06 06:48:37.478 E/ActivityManager( 2961):     2.3% 3245/Binder:2961_4: 0% user + 2.3% kernel
06-06 06:48:37.478 E/ActivityManager( 2961):     0.7% 2978/Binder:2961_1: 0.7% user + 0% kernel
06-06 06:48:37.478 E/ActivityManager( 2961):     0.7% 2979/Binder:2961_2: 0% user + 0.7% kernel
06-06 06:48:37.478 E/ActivityManager( 2961):     0.7% 2981/Binder:2961_3: 0% user + 0.7% kernel
06-06 06:48:37.478 E/ActivityManager( 2961):     0.7% 3017/PowerManagerSer: 0% user + 0.7% kernel
06-06 06:48:37.478 E/ActivityManager( 2961):     0.7% 3266/Binder:2961_5: 0% user + 0.7% kernel
06-06 06:48:37.478 E/ActivityManager( 2961):   13% 3445/com.android.settings: 5.1% user + 8.5% kernel
06-06 06:48:37.478 E/ActivityManager( 2961):     14% 3445/ndroid.settings: 6% user + 8.5% kernel
06-06 06:48:37.478 E/ActivityManager( 2961):   8.3% 3218/com.android.systemui: 0% user + 8.3% kernel / faults: 84 minor
06-06 06:48:37.478 E/ActivityManager( 2961):     7.5% 3218/ndroid.systemui: 0% user + 7.5% kernel
06-06 06:48:37.478 E/ActivityManager( 2961):   2.5% 3427/com.android.phone: 0.8% user + 1.6% kernel / faults: 9 minor
06-06 06:48:37.478 E/ActivityManager( 2961):     2.5% 3494/RILReceiver0: 0% user + 2.5% kernel
06-06 06:48:37.478 E/ActivityManager( 2961):     1.6% 3427/m.android.phone: 0.8% user + 0.8% kernel
06-06 06:48:37.478 E/ActivityManager( 2961):     0.8% 3492/RILSender0: 0% user + 0.8% kernel
06-06 06:48:37.478 E/ActivityManager( 2961):   0.5% 8/rcu_preempt: 0% user + 0.5% kernel
06-06 06:48:37.478 E/ActivityManager( 2961):   0.5% 17/kworker/u4:1: 0% user + 0.5% kernel
06-06 06:48:37.478 E/ActivityManager( 2961):   0.6% 2558/adbd: 0% user + 0.6% kernel / faults: 77 min
06-06 06:48:40.076 D/PhoneSwitcherNetworkRequstListener( 3427): got request NetworkRequest [ REQUEST id=1, [ Capabilities: INTERNET&NOT_RESTRICTED&TRUSTED&NOT_VPN] ] with score 0
06-06 06:48:40.137 I/Process ( 2961): Sending signal. PID: 2961 SIG: 3
06-06 06:48:40.142 I/art     ( 2961): Thread[2,tid=2966,WaitingInMainSignalCatcherLoop,Thread*=0x70491a230000,peer=0x12c010d0,"Signal Catcher"]: reacting to signal 3
06-06 06:48:40.142 I/art     ( 2961): 
06-06 06:48:40.161 D/TelephonyDebugService( 3427): TelephonyDebugService()
06-06 06:48:41.439 W/art     ( 2961): Suspending all threads took: 1.292s
06-06 06:48:41.800 D/CarrierConfigLoader( 3427): mHandler: 12 phoneId: 0
06-06 06:48:41.898 W/System  ( 3218): ClassLoader referenced unknown path: 
06-06 06:48:42.075 W/System  ( 3218): ClassLoader referenced unknown path: /system/priv-app/Dialer/lib/x86_64
06-06 06:48:42.100 W/art     ( 2961): Suspending all threads took: 132.105ms
06-06 06:48:42.236 D/ApplicationLoaders( 3218): ignored Vulkan layer search path /system/priv-app/Dialer/lib/x86_64:/system/lib64:/vendor/lib64 for namespace 0x7049257740f0
06-06 06:48:42.512 W/art     ( 2961): Long monitor contention with owner Binder:2961_3 (2981) at void com.android.server.power.PowerManagerService.acquireWakeLockInternal(android.os.IBinder, int, java.lang.String, java.lang.String, android.os.WorkSource, java.lang.String, int, int)(PowerManagerService.java:862) waiters=0 in void com.android.server.power.PowerManagerService.handleSandman() for 700ms
06-06 06:48:42.729 W/art     ( 2961): Long monitor contention with owner ActivityManager (2998) at void com.android.server.am.AppErrors.appNotResponding(com.android.server.am.ProcessRecord, com.android.server.am.ActivityRecord, com.android.server.am.ActivityRecord, boolean, java.lang.String)(AppErrors.java:884) waiters=0 in android.content.Intent com.android.server.am.ActivityManagerService.registerReceiver(android.app.IApplicationThread, java.lang.String, android.content.IIntentReceiver, android.content.IntentFilter, java.lang.String, int) for 724ms
06-06 06:48:43.295 I/Telecom ( 2961): Telecom: Non-call EVENT: AUDIO_ROUTE, Entering state QuiescentEarpieceRoute
06-06 06:48:43.670 I/Telecom ( 2961): CallAudioModeStateMachine: Message received: null.: TS.init->CAMSM.pM_1@AAA_0
06-06 06:48:44.113 E/ActivityThread( 2961): Failed to find provider info for call_log
06-06 06:48:44.140 E/BluetoothAdapter( 2961): Bluetooth binder is null
06-06 06:48:44.494 I/Telecom ( 2961): Class: TelecomSystem.INSTANCE being set
06-06 06:48:44.520 E/BluetoothAdapter( 2961): Bluetooth binder is null
06-06 06:48:44.751 W/ContextImpl( 2961): Calling a method in the system process without a qualified user: android.app.ContextImpl.startService:1357 com.android.server.content.SyncManager$13.run:658 android.os.Handler.handleCallback:751 android.os.Handler.dispatchMessage:95 android.os.Looper.loop:154 
06-06 06:48:47.696 I/LatinIME:LogUtils( 3210): Dictionary info: dictionary = main:en ; version = 54 ; date = 1414726273
06-06 06:48:47.833 W/System  ( 2961): ClassLoader referenced unknown path: /system/priv-app/FusedLocation/lib/x86_64
06-06 06:48:47.945 D/ApplicationLoaders( 2961): ignored Vulkan layer search path /system/priv-app/FusedLocation/lib/x86_64:/system/priv-app/FusedLocation/FusedLocation.apk!/lib/x86_64:/system/lib64:/vendor/lib64 for namespace 0x704925784240
06-06 06:48:48.793 V/WiredAccessoryManager( 2961): notifyWiredAccessoryChanged: when=0 bits= mask=54
06-06 06:48:48.794 V/WiredAccessoryManager( 2961): newName=h2w newState=0 headsetState=0 prev headsetState=0
06-06 06:48:48.794 E/WiredAccessoryManager( 2961): No state change.
06-06 06:48:48.794 V/WiredAccessoryManager( 2961): init()
06-06 06:48:48.850 D/ConditionProviders.SCP( 2961): onSubscribe condition://android/schedule?days=1.2.3.4.5&start=22.0&end=7.0&exitAtAlarm=false
06-06 06:48:48.855 D/ConditionProviders.SCP( 2961): setRegistered true
06-06 06:48:49.170 D/ConditionProviders.SCP( 2961): notifyCondition condition://android/schedule?days=1.2.3.4.5&start=22.0&end=7.0&exitAtAlarm=false STATE_FALSE reason=!meetsSchedule
06-06 06:48:49.304 I/Choreographer( 2961): Skipped 205 frames!  The application may be doing too much work on its main thread.
06-06 06:48:49.352 D/ConditionProviders.SCP( 2961): Scheduling evaluate for Sat Jun 06 07:00:00 UTC 2020 (1591426800000), in +11m11s143ms, now=Sat Jun 06 06:48:48 UTC 2020 (1591426128857)
06-06 06:48:49.353 D/ConditionProviders.SCP( 2961): onSubscribe condition://android/schedule?days=6.7&start=23.30&end=10.0&exitAtAlarm=false
06-06 06:48:49.356 D/ConditionProviders.SCP( 2961): notifyCondition condition://android/schedule?days=6.7&start=23.30&end=10.0&exitAtAlarm=false STATE_TRUE reason=meetsSchedule
06-06 06:48:49.357 D/ConditionProviders.SCP( 2961): notifyCondition condition://android/schedule?days=1.2.3.4.5&start=22.0&end=7.0&exitAtAlarm=false STATE_FALSE reason=!meetsSchedule
06-06 06:48:49.433 D/ConditionProviders.SCP( 2961): Scheduling evaluate for Sat Jun 06 07:00:00 UTC 2020 (1591426800000), in +11m10s645ms, now=Sat Jun 06 06:48:49 UTC 2020 (1591426129355)
06-06 06:48:49.527 I/Telecom ( 2961): WiredHeadsetManager: ACTION_HEADSET_PLUG event, plugged in: false, : WHC.oADA@AAE
06-06 06:48:49.785 I/ActivityManager( 2961): user 0 is still locked. Cannot load recents
