--------- beginning of main
06-07 00:39:23.080 W/auditd  ( 1266): type=2000 audit(0.0:1): initialized
06-07 00:39:27.260 I/auditd  ( 1266): type=1403 audit(0.0:2): policy loaded auid=4294967295 ses=4294967295
06-07 00:39:27.260 W/auditd  ( 1266): type=1404 audit(0.0:3): enforcing=1 old_enforcing=0 auid=4294967295 ses=4294967295
06-07 00:39:32.410 W/init    (    1): type=1400 audit(0.0:4): avc: denied { write } for name="tracing_on" dev="debugfs" ino=22 scontext=u:r:init:s0 tcontext=u:object_r:debugfs:s0 tclass=file permissive=0
06-07 00:39:34.018 I/        ( 1268): debuggerd: starting
--------- beginning of system
06-07 00:39:34.367 I/vold    ( 1269): Vold 3.0 (the awakening) firing up
06-07 00:39:34.368 V/vold    ( 1269): Detected support for: ext4 vfat
06-07 00:39:34.619 I/        ( 1267): debuggerd: starting
06-07 00:39:34.675 D/vold    ( 1269): Recognized experimental block major ID 253 as virtio-blk (emulator's virtual SD card device)
06-07 00:39:34.675 V/vold    ( 1269): /system/bin/sgdisk
06-07 00:39:34.682 V/vold    ( 1269):     --android-dump
06-07 00:39:34.682 V/vold    ( 1269):     /dev/block/vold/disk:253,48
06-07 00:39:34.777 D/vold    ( 1269): e4crypt_init_user0
06-07 00:39:34.778 D/vold    ( 1269): e4crypt_prepare_user_storage for volume null, user 0, serial 0, flags 1
06-07 00:39:34.779 D/vold    ( 1269): Preparing: /data/system/users/0
06-07 00:39:34.781 D/vold    ( 1269): Preparing: /data/misc/profiles/cur/0
06-07 00:39:34.798 D/vold    ( 1269): Preparing: /data/misc/profiles/cur/0/foreign-dex
06-07 00:39:34.802 D/vold    ( 1269): Preparing: /data/system_de/0
06-07 00:39:34.804 D/vold    ( 1269): Preparing: /data/misc_de/0
06-07 00:39:34.810 D/vold    ( 1269): Preparing: /data/user_de/0
06-07 00:39:34.821 D/vold    ( 1269): e4crypt_unlock_user_key 0 serial=0 token_present=0
06-07 00:39:34.838 I/vdc     (    1): 200 1270 Command succeeded
06-07 00:39:35.154 V/vold    ( 1269): DISK mbr
06-07 00:39:35.154 V/vold    ( 1269): 
06-07 00:39:35.204 W/vold    ( 1269): disk:253,48 has unknown partition table; trying entire device
06-07 00:39:35.205 V/vold    ( 1269): /system/bin/blkid
06-07 00:39:35.205 V/vold    ( 1269):     -c
06-07 00:39:35.205 V/vold    ( 1269):     /dev/null
06-07 00:39:35.205 V/vold    ( 1269):     -s
06-07 00:39:35.205 V/vold    ( 1269):     TYPE
06-07 00:39:35.205 V/vold    ( 1269):     -s
06-07 00:39:35.205 V/vold    ( 1269):     UUID
06-07 00:39:35.205 V/vold    ( 1269):     -s
06-07 00:39:35.205 V/vold    ( 1269):     LABEL
06-07 00:39:35.205 V/vold    ( 1269):     /dev/block/vold/disk:253,48
06-07 00:39:35.225 I//system/bin/tzdatacheck( 1312): tzdata file /data/misc/zoneinfo/current/tzdata does not exist. No action required.
06-07 00:39:35.676 V/vold    ( 1269): /dev/block/vold/disk:253,48: LABEL="SDCARD" UUID="1EFF-1C1B" TYPE="vfat" 
06-07 00:39:35.676 V/vold    ( 1269): 
06-07 00:39:36.010 W/audioserver( 1325): type=1400 audit(0.0:5): avc: denied { getattr } for path="/vendor" dev="rootfs" ino=4004 scontext=u:r:audioserver:s0 tcontext=u:object_r:rootfs:s0 tclass=lnk_file permissive=0
06-07 00:39:36.190 W/mediadrmserver( 1331): type=1400 audit(0.0:6): avc: denied { getattr } for path="/vendor" dev="rootfs" ino=4004 scontext=u:r:mediadrmserver:s0 tcontext=u:object_r:rootfs:s0 tclass=lnk_file permissive=0
06-07 00:39:36.210 W/mediacodec( 1330): type=1400 audit(0.0:7): avc: denied { getattr } for path="/vendor" dev="rootfs" ino=4004 scontext=u:r:mediacodec:s0 tcontext=u:object_r:rootfs:s0 tclass=lnk_file permissive=0
06-07 00:39:36.220 W/cameraserver( 1326): type=1400 audit(0.0:8): avc: denied { getattr } for path="/vendor" dev="rootfs" ino=4004 scontext=u:r:cameraserver:s0 tcontext=u:object_r:rootfs:s0 tclass=lnk_file permissive=0
06-07 00:39:36.469 I/lowmemorykiller( 1318): Using in-kernel low memory killer interface
06-07 00:39:36.517 I/qemu-props( 1317): connected to 'boot-properties' qemud service.
06-07 00:39:36.518 I/qemu-props( 1317): receiving..
06-07 00:39:36.519 I/qemu-props( 1317): received: qemu.cmdline=androidboot.logcat=v:* androidboot.consolepipe=qemu_pipe,pipe:logcat
06-07 00:39:36.771 I/qemu-props( 1317): receiving..
06-07 00:39:36.771 I/qemu-props( 1317): received: qemu.logcat=start
06-07 00:39:36.918 I/        ( 1328): installd firing up
06-07 00:39:37.030 I/qemu-props( 1317): receiving..
06-07 00:39:37.030 I/qemu-props( 1317): received: ro.opengles.version=131072
06-07 00:39:37.116 I/qemu-props( 1317): receiving..
06-07 00:39:37.116 I/qemu-props( 1317): received: qemu.sf.fake_camera=back
06-07 00:39:37.118 I/qemu-props( 1317): receiving..
06-07 00:39:37.118 I/qemu-props( 1317): received: dalvik.vm.heapsize=256m
06-07 00:39:37.172 I/qemu-props( 1317): receiving..
06-07 00:39:37.172 I/qemu-props( 1317): received: qemu.hw.mainkeys=0
06-07 00:39:37.174 I/qemu-props( 1317): receiving..
06-07 00:39:37.174 I/qemu-props( 1317): received: qemu.sf.lcd_density=480
06-07 00:39:37.425 I/qemu-props( 1317): receiving..
06-07 00:39:37.425 I/qemu-props( 1317): received: qemu.timezone=Etc/UTC
06-07 00:39:37.441 I/qemu-props( 1317): receiving..
06-07 00:39:37.441 I/qemu-props( 1317): exiting (8 properties set).
06-07 00:39:39.265 I/perfprofd( 1350): starting Android Wide Profiling daemon
06-07 00:39:39.306 E/perfprofd( 1350): unable to open configuration file /data/data/com.google.android.gms/files/perfprofd.conf
06-07 00:39:39.309 I/perfprofd( 1350): random seed set to 1209551121
06-07 00:39:39.364 I/keystore( 1329): Found keymaster0 module Keymaster OpenSSL HAL, version 2
06-07 00:39:39.365 I/SoftKeymaster( 1329): system/keymaster/soft_keymaster_device.cpp, Line 131: Creating device
06-07 00:39:39.365 D/SoftKeymaster( 1329): system/keymaster/soft_keymaster_device.cpp, Line 132: Device address: 0x7f3da803d000
06-07 00:39:39.366 I/keystore( 1329): Keymaster0 module is software-only.  Using SoftKeymasterDevice instead.
06-07 00:39:39.366 I/SoftKeymaster( 1329): system/keymaster/soft_keymaster_device.cpp, Line 131: Creating device
06-07 00:39:39.366 D/SoftKeymaster( 1329): system/keymaster/soft_keymaster_device.cpp, Line 132: Device address: 0x7f3da803d400
06-07 00:39:39.859 I/fingerprintd( 1340): Starting fingerprintd
06-07 00:39:40.328 I/Netd    ( 1334): Netd 1.0 starting
06-07 00:39:40.452 D/TetherController( 1334): Setting IP forward enable = 0
06-07 00:39:41.422 I/gatekeeperd( 1341): Starting gatekeeperd...
06-07 00:39:41.442 W/gatekeeperd( 1341): falling back to software GateKeeper
06-07 00:39:41.868 I/mediacodec( 1330): @@@ mediacodecservice starting
06-07 00:39:42.000 W/        ( 1330): No seccomp filter defined for this architecture.
06-07 00:39:42.156 I/cameraserver( 1326): ServiceManager: 0xe9cbc020
06-07 00:39:42.311 I/CameraService( 1326): CameraService started (pid=1326)
06-07 00:39:42.312 I/CameraService( 1326): CameraService process starting
06-07 00:39:42.415 W/BatteryNotifier( 1326): batterystats service unavailable!
06-07 00:39:42.416 W/BatteryNotifier( 1326): batterystats service unavailable!
06-07 00:39:42.970 D/EmulatedCamera_QemuClient( 1326): Emulated camera list: 
06-07 00:39:42.973 D/EmulatedCamera_FakeCamera( 1326): Initialize: Fake camera is facing back
06-07 00:39:42.976 V/EmulatedCamera_Device( 1326): initializeWhiteBalanceModes with auto, 1.000000, 1.000000
06-07 00:39:42.977 V/EmulatedCamera_Device( 1326): initializeWhiteBalanceModes with incandescent, 1.380000, 0.600000
06-07 00:39:42.977 V/EmulatedCamera_Device( 1326): initializeWhiteBalanceModes with daylight, 1.090000, 0.920000
06-07 00:39:42.977 V/EmulatedCamera_Device( 1326): initializeWhiteBalanceModes with twilight, 0.920000, 1.220000
06-07 00:39:42.977 V/EmulatedCamera_Device( 1326): setWhiteBalanceMode with white balance auto
06-07 00:39:42.978 E/EmulatedCamera_Factory( 1326): 1 cameras are being emulated. 0 of them are fake cameras.
06-07 00:39:42.979 E/EmulatedCamera_HotplugThread( 1326): createFileIfNotExists: Could not create file '/data/misc/media/emulator.camera.hotplug.0', error: 'Permission denied' (13)
06-07 00:39:43.052 I/SurfaceFlinger( 1320): SurfaceFlinger is starting
06-07 00:39:43.127 I/CameraService( 1326): Loaded "Emulated Camera Module" camera module
06-07 00:39:43.127 E/CameraService( 1326): setUpVendorTags: Vendor tag operations not fully defined. Ignoring definitions.
06-07 00:39:43.128 V/EmulatedCamera_Camera( 1326): getCameraInfo
06-07 00:39:43.128 V/EmulatedCamera_BaseCamera( 1326): getCameraInfo
06-07 00:39:43.129 I/CameraFlashlight( 1326): Opening camera 0
06-07 00:39:43.129 V/EmulatedCamera_Camera( 1326): getCameraInfo
06-07 00:39:43.129 V/EmulatedCamera_BaseCamera( 1326): getCameraInfo
06-07 00:39:43.129 V/EmulatedCamera_Camera( 1326): connectCamera
06-07 00:39:43.129 V/EmulatedCamera_FakeDevice( 1326): connectDevice
06-07 00:39:43.160 I/SurfaceFlinger( 1320): SurfaceFlinger's main thread ready to run. Initializing graphics H/W...
06-07 00:39:43.161 D/libEGL  ( 1320): Emulator without GPU support detected. Fallback to legacy software renderer, qemu.gles is set to 0.
06-07 00:39:43.203 V/EmulatedCamera_CallbackNotifier( 1326): setCallbacks: 0xea7d8e80, 0xea7d8ed0, 0xea7d8ff0, 0xea7d9110 (0xe9cc3140)
06-07 00:39:43.210 I/ServiceManager( 1326): Waiting for service SurfaceFlinger...
06-07 00:39:43.329 D/libEGL  ( 1320): loaded /system/lib64/egl/libGLES_android.so
06-07 00:39:44.154 D/gralloc_ranchu( 1320): Emulator without host-side GPU emulation detected. Loading gralloc.default.so from /vendor/lib64/hw/gralloc.goldfish.default.so...
06-07 00:39:44.156 D/gralloc_ranchu( 1320): gralloc.default.so not found in /vendor. Trying /system/lib64/hw/gralloc.goldfish.default.so...
06-07 00:39:44.174 I/gralloc ( 1320): using (fd=11)
06-07 00:39:44.174 I/gralloc ( 1320): id           = 
06-07 00:39:44.174 I/gralloc ( 1320): xres         = 1080 px
06-07 00:39:44.174 I/gralloc ( 1320): yres         = 1920 px
06-07 00:39:44.174 I/gralloc ( 1320): xres_virtual = 1080 px
06-07 00:39:44.174 I/gralloc ( 1320): yres_virtual = 3840 px
06-07 00:39:44.174 I/gralloc ( 1320): bpp          = 16
06-07 00:39:44.174 I/gralloc ( 1320): r            = 11:5
06-07 00:39:44.174 I/gralloc ( 1320): g            =  5:6
06-07 00:39:44.174 I/gralloc ( 1320): b            =  0:5
06-07 00:39:44.175 I/gralloc ( 1320): width        = 166 mm (165.253006 dpi)
06-07 00:39:44.175 I/gralloc ( 1320): height       = 296 mm (164.756760 dpi)
06-07 00:39:44.175 I/gralloc ( 1320): refresh rate = 60.00 Hz
06-07 00:39:44.214 I/ServiceManager( 1326): Waiting for service SurfaceFlinger...
06-07 00:39:44.224 E/SurfaceFlinger( 1320): hwcomposer module not found
06-07 00:39:44.227 W/SurfaceFlinger( 1320): no suitable EGLConfig found, trying a simpler query
06-07 00:39:44.227 W/SurfaceFlinger( 1320): EGL_SLOW_CONFIG selected!
06-07 00:39:44.227 I/SurfaceFlinger( 1320): EGL information:
06-07 00:39:44.227 I/SurfaceFlinger( 1320): vendor    : Android
06-07 00:39:44.227 I/SurfaceFlinger( 1320): version   : 1.4 Android META-EGL
06-07 00:39:44.227 I/SurfaceFlinger( 1320): extensions: EGL_KHR_get_all_proc_addresses EGL_ANDROID_presentation_time EGL_KHR_swap_buffers_with_damage EGL_ANDROID_create_native_client_buffer EGL_ANDROID_front_buffer_auto_refresh EGL_KHR_image_base EGL_KHR_fence_sync EGL_ANDROID_image_native_buffer 
06-07 00:39:44.227 I/SurfaceFlinger( 1320): Client API: OpenGL_ES
06-07 00:39:44.228 I/SurfaceFlinger( 1320): EGLSurface: 5-6-5-0, config=0x0
06-07 00:39:44.229 W/SurfaceFlinger( 1320): no suitable EGLConfig found, trying a simpler query
06-07 00:39:44.229 W/SurfaceFlinger( 1320): EGL_SLOW_CONFIG selected!
06-07 00:39:44.229 I/SurfaceFlinger( 1320): EGL information:
06-07 00:39:44.229 I/SurfaceFlinger( 1320): vendor    : Android
06-07 00:39:44.230 I/SurfaceFlinger( 1320): version   : 1.4 Android META-EGL
06-07 00:39:44.250 I/SurfaceFlinger( 1320): extensions: EGL_KHR_get_all_proc_addresses EGL_ANDROID_presentation_time EGL_KHR_swap_buffers_with_damage EGL_ANDROID_create_native_client_buffer EGL_ANDROID_front_buffer_auto_refresh EGL_KHR_image_base EGL_KHR_fence_sync EGL_ANDROID_image_native_buffer 
06-07 00:39:44.250 I/SurfaceFlinger( 1320): Client API: OpenGL_ES
06-07 00:39:44.250 I/SurfaceFlinger( 1320): EGLSurface: 5-6-5-0, config=0x0
06-07 00:39:44.295 I/SurfaceFlinger( 1320): OpenGL ES informations:
06-07 00:39:44.295 I/SurfaceFlinger( 1320): vendor    : Android
06-07 00:39:44.295 I/SurfaceFlinger( 1320): renderer  : Android PixelFlinger 1.4
06-07 00:39:44.295 I/SurfaceFlinger( 1320): version   : OpenGL ES-CM 1.0
06-07 00:39:44.295 I/SurfaceFlinger( 1320): extensions: GL_EXT_debug_marker GL_OES_byte_coordinates GL_OES_fixed_point GL_OES_single_precision GL_OES_read_format GL_OES_compressed_paletted_texture GL_OES_draw_texture GL_OES_matrix_get GL_OES_query_matrix GL_OES_EGL_image GL_OES_EGL_sync GL_OES_compressed_ETC1_RGB8_texture GL_ARB_texture_compression GL_ARB_texture_non_power_of_two GL_ANDROID_user_clip_plane GL_ANDROID_vertex_buffer_object GL_ANDROID_generate_mipmap 
06-07 00:39:44.295 I/SurfaceFlinger( 1320): GL_MAX_TEXTURE_SIZE = 4096
06-07 00:39:44.295 I/SurfaceFlinger( 1320): GL_MAX_VIEWPORT_DIMS = 4096
06-07 00:39:44.330 W/SurfaceFlinger( 1320): no suitable EGLConfig found, trying a simpler query
06-07 00:39:44.330 W/SurfaceFlinger( 1320): EGL_SLOW_CONFIG selected!
06-07 00:39:44.330 I/SurfaceFlinger( 1320): EGL information:
06-07 00:39:44.330 I/SurfaceFlinger( 1320): vendor    : Android
06-07 00:39:44.330 I/SurfaceFlinger( 1320): version   : 1.4 Android META-EGL
06-07 00:39:44.330 I/SurfaceFlinger( 1320): extensions: EGL_KHR_get_all_proc_addresses EGL_ANDROID_presentation_time EGL_KHR_swap_buffers_with_damage EGL_ANDROID_create_native_client_buffer EGL_ANDROID_front_buffer_auto_refresh EGL_KHR_image_base EGL_KHR_fence_sync EGL_ANDROID_image_native_buffer 
06-07 00:39:44.330 I/SurfaceFlinger( 1320): Client API: OpenGL_ES
06-07 00:39:44.330 I/SurfaceFlinger( 1320): EGLSurface: 5-6-5-0, config=0x0
06-07 00:39:44.369 E/libEGL  ( 1320): called unimplemented OpenGL ES API
06-07 00:39:44.369 E/SurfaceFlinger( 1320): Error while compiling shader: 
06-07 00:39:44.369 E/SurfaceFlinger( 1320): attribute vec4 position;
06-07 00:39:44.369 E/SurfaceFlinger( 1320): uniform mat4 projection;
06-07 00:39:44.369 E/SurfaceFlinger( 1320): uniform mat4 texture;
06-07 00:39:44.369 E/SurfaceFlinger( 1320): void main(void) {
06-07 00:39:44.369 E/SurfaceFlinger( 1320):     gl_Position = projection * position;
06-07 00:39:44.369 E/SurfaceFlinger( 1320): }
06-07 00:39:44.369 E/SurfaceFlinger( 1320): 
06-07 00:39:44.369 E/SurfaceFlinger( 1320): \F6\FF\FF\FF\FF\FF\FF\FF\9F\81\B8
06-07 00:39:44.369 E/SurfaceFlinger( 1320): Error while compiling shader: 
06-07 00:39:44.369 E/SurfaceFlinger( 1320): precision mediump float;
06-07 00:39:44.369 E/SurfaceFlinger( 1320): uniform vec4 color;
06-07 00:39:44.369 E/SurfaceFlinger( 1320): void main(void) {
06-07 00:39:44.369 E/SurfaceFlinger( 1320):     gl_FragColor = color;
06-07 00:39:44.369 E/SurfaceFlinger( 1320): }
06-07 00:39:44.369 E/SurfaceFlinger( 1320): 
06-07 00:39:44.369 E/SurfaceFlinger( 1320): \F6\FF\FF\FF\FF\FF\FF\FF\9F\81\B8
06-07 00:39:44.369 E/SurfaceFlinger( 1320): Error while linking shaders:
06-07 00:39:44.369 E/SurfaceFlinger( 1320): Error while compiling shader: 
06-07 00:39:44.369 E/SurfaceFlinger( 1320): attribute vec4 position;
06-07 00:39:44.369 E/SurfaceFlinger( 1320): uniform mat4 projection;
06-07 00:39:44.369 E/SurfaceFlinger( 1320): uniform mat4 texture;
06-07 00:39:44.369 E/SurfaceFlinger( 1320): void main(void) {
06-07 00:39:44.369 E/SurfaceFlinger( 1320):     gl_Position = projection * position;
06-07 00:39:44.369 E/SurfaceFlinger( 1320): }
06-07 00:39:44.369 E/SurfaceFlinger( 1320): 
06-07 00:39:44.369 E/SurfaceFlinger( 1320): \F6\FF\FF\FF\FF\FF\FF\FF\9F\81\B8
06-07 00:39:44.369 E/SurfaceFlinger( 1320): Error while compiling shader: 
06-07 00:39:44.369 E/SurfaceFlinger( 1320): precision mediump float;
06-07 00:39:44.369 E/SurfaceFlinger( 1320): uniform vec4 color;
06-07 00:39:44.369 E/SurfaceFlinger( 1320): void main(void) {
06-07 00:39:44.369 E/SurfaceFlinger( 1320):     gl_FragColor = color;
06-07 00:39:44.369 E/SurfaceFlinger( 1320): }
06-07 00:39:44.369 E/SurfaceFlinger( 1320): 
06-07 00:39:44.369 E/SurfaceFlinger( 1320): \F6\FF\FF\FF\FF\FF\FF\FF\9F\81\B8
06-07 00:39:44.369 E/SurfaceFlinger( 1320): Error while linking shaders:
06-07 00:39:44.370 E/SurfaceFlinger( 1320): Error while compiling shader: 
06-07 00:39:44.370 E/SurfaceFlinger( 1320): attribute vec4 position;
06-07 00:39:44.370 E/SurfaceFlinger( 1320): uniform mat4 projection;
06-07 00:39:44.370 E/SurfaceFlinger( 1320): uniform mat4 texture;
06-07 00:39:44.370 E/SurfaceFlinger( 1320): void main(void) {
06-07 00:39:44.370 E/SurfaceFlinger( 1320):     gl_Position = projection * position;
06-07 00:39:44.370 E/SurfaceFlinger( 1320): }
06-07 00:39:44.370 E/SurfaceFlinger( 1320): 
06-07 00:39:44.370 E/SurfaceFlinger( 1320): \F6\FF\FF\FF\FF\FF\FF\FF\9F\81\B8
06-07 00:39:44.370 E/SurfaceFlinger( 1320): Error while compiling shader: 
06-07 00:39:44.370 E/SurfaceFlinger( 1320): precision mediump float;
06-07 00:39:44.370 E/SurfaceFlinger( 1320): uniform vec4 color;
06-07 00:39:44.370 E/SurfaceFlinger( 1320): void main(void) {
06-07 00:39:44.370 E/SurfaceFlinger( 1320):     gl_FragColor = color;
06-07 00:39:44.370 E/SurfaceFlinger( 1320):     gl_FragColor.a = 1.0;
06-07 00:39:44.370 E/SurfaceFlinger( 1320): }
06-07 00:39:44.370 E/SurfaceFlinger( 1320): 
06-07 00:39:44.370 E/SurfaceFlinger( 1320): \F6\FF\FF\FF\FF\FF\FF\FF\9F\81\B8
06-07 00:39:44.371 E/SurfaceFlinger( 1320): Error while linking shaders:
06-07 00:39:44.371 E/SurfaceFlinger( 1320): Error while compiling shader: 
06-07 00:39:44.371 E/SurfaceFlinger( 1320): attribute vec4 position;
06-07 00:39:44.371 E/SurfaceFlinger( 1320): uniform mat4 projection;
06-07 00:39:44.371 E/SurfaceFlinger( 1320): uniform mat4 texture;
06-07 00:39:44.371 E/SurfaceFlinger( 1320): void main(void) {
06-07 00:39:44.371 E/SurfaceFlinger( 1320):     gl_Position = projection * position;
06-07 00:39:44.371 E/SurfaceFlinger( 1320): }
06-07 00:39:44.371 E/SurfaceFlinger( 1320): 
06-07 00:39:44.371 E/SurfaceFlinger( 1320): \F6\FF\FF\FF\FF\FF\FF\FF\9F\81\B8
06-07 00:39:44.371 E/SurfaceFlinger( 1320): Error while compiling shader: 
06-07 00:39:44.371 E/SurfaceFlinger( 1320): precision mediump float;
06-07 00:39:44.371 E/SurfaceFlinger( 1320): uniform vec4 color;
06-07 00:39:44.371 E/SurfaceFlinger( 1320): void main(void) {
06-07 00:39:44.371 E/SurfaceFlinger( 1320):     gl_FragColor = color;
06-07 00:39:44.371 E/SurfaceFlinger( 1320):     gl_FragColor.a = 1.0;
06-07 00:39:44.371 E/SurfaceFlinger( 1320): }
06-07 00:39:44.371 E/SurfaceFlinger( 1320): 
06-07 00:39:44.371 E/SurfaceFlinger( 1320): \F6\FF\FF\FF\FF\FF\FF\FF\9F\81\B8
06-07 00:39:44.371 E/SurfaceFlinger( 1320): Error while linking shaders:
06-07 00:39:44.371 E/SurfaceFlinger( 1320): Error while compiling shader: 
06-07 00:39:44.371 E/SurfaceFlinger( 1320): attribute vec4 position;
06-07 00:39:44.371 E/SurfaceFlinger( 1320): uniform mat4 projection;
06-07 00:39:44.371 E/SurfaceFlinger( 1320): uniform mat4 texture;
06-07 00:39:44.371 E/SurfaceFlinger( 1320): void main(void) {
06-07 00:39:44.371 E/SurfaceFlinger( 1320):     gl_Position = projection * position;
06-07 00:39:44.371 E/SurfaceFlinger( 1320): }
06-07 00:39:44.371 E/SurfaceFlinger( 1320): 
06-07 00:39:44.371 E/SurfaceFlinger( 1320): \F6\FF\FF\FF\FF\FF\FF\FF\9F\81\B8
06-07 00:39:44.371 E/SurfaceFlinger( 1320): Error while compiling shader: 
06-07 00:39:44.371 E/SurfaceFlinger( 1320): precision mediump float;
06-07 00:39:44.371 E/SurfaceFlinger( 1320): uniform vec4 color;
06-07 00:39:44.371 E/SurfaceFlinger( 1320): uniform float alphaPlane;
06-07 00:39:44.371 E/SurfaceFlinger( 1320): void main(void) {
06-07 00:39:44.371 E/SurfaceFlinger( 1320):     gl_FragColor = color;
06-07 00:39:44.371 E/SurfaceFlinger( 1320):     gl_FragColor.a *= alphaPlane;
06-07 00:39:44.371 E/SurfaceFlinger( 1320): }
06-07 00:39:44.371 E/SurfaceFlinger( 1320): 
06-07 00:39:44.371 E/SurfaceFlinger( 1320): \F6\FF\FF\FF\FF\FF\FF\FF\9F\81\B8
06-07 00:39:44.371 E/SurfaceFlinger( 1320): Error while linking shaders:
06-07 00:39:44.371 E/SurfaceFlinger( 1320): Error while compiling shader: 
06-07 00:39:44.371 E/SurfaceFlinger( 1320): attribute vec4 position;
06-07 00:39:44.371 E/SurfaceFlinger( 1320): uniform mat4 projection;
06-07 00:39:44.371 E/SurfaceFlinger( 1320): uniform mat4 texture;
06-07 00:39:44.371 E/SurfaceFlinger( 1320): void main(void) {
06-07 00:39:44.371 E/SurfaceFlinger( 1320):     gl_Position = projection * position;
06-07 00:39:44.371 E/SurfaceFlinger( 1320): }
06-07 00:39:44.371 E/SurfaceFlinger( 1320): 
06-07 00:39:44.371 E/SurfaceFlinger( 1320): \F6\FF\FF\FF\FF\FF\FF\FF\9F\81\B8
06-07 00:39:44.371 E/SurfaceFlinger( 1320): Error while compiling shader: 
06-07 00:39:44.371 E/SurfaceFlinger( 1320): precision mediump float;
06-07 00:39:44.371 E/SurfaceFlinger( 1320): uniform vec4 color;
06-07 00:39:44.371 E/SurfaceFlinger( 1320): uniform float alphaPlane;
06-07 00:39:44.371 E/SurfaceFlinger( 1320): void main(void) {
06-07 00:39:44.371 E/SurfaceFlinger( 1320):     gl_FragColor = color;
06-07 00:39:44.371 E/SurfaceFlinger( 1320):     gl_FragColor *= alphaPlane;
06-07 00:39:44.371 E/SurfaceFlinger( 1320): }
06-07 00:39:44.371 E/SurfaceFlinger( 1320): 
06-07 00:39:44.371 E/SurfaceFlinger( 1320): \F6\FF\FF\FF\FF\FF\FF\FF\9F\81\B8
06-07 00:39:44.371 E/SurfaceFlinger( 1320): Error while linking shaders:
06-07 00:39:44.371 E/SurfaceFlinger( 1320): Error while compiling shader: 
06-07 00:39:44.371 E/SurfaceFlinger( 1320): attribute vec4 position;
06-07 00:39:44.371 E/SurfaceFlinger( 1320): uniform mat4 projection;
06-07 00:39:44.371 E/SurfaceFlinger( 1320): uniform mat4 texture;
06-07 00:39:44.371 E/SurfaceFlinger( 1320): void main(void) {
06-07 00:39:44.371 E/SurfaceFlinger( 1320):     gl_Position = projection * position;
06-07 00:39:44.371 E/SurfaceFlinger( 1320): }
06-07 00:39:44.371 E/SurfaceFlinger( 1320): 
06-07 00:39:44.371 E/SurfaceFlinger( 1320): \F6\FF\FF\FF\FF\FF\FF\FF\9F\81\B8
06-07 00:39:44.371 E/SurfaceFlinger( 1320): Error while compiling shader: 
06-07 00:39:44.371 E/SurfaceFlinger( 1320): precision mediump float;
06-07 00:39:44.371 E/SurfaceFlinger( 1320): uniform vec4 color;
06-07 00:39:44.371 E/SurfaceFlinger( 1320): uniform float alphaPlane;
06-07 00:39:44.371 E/SurfaceFlinger( 1320): void main(void) {
06-07 00:39:44.371 E/SurfaceFlinger( 1320):     gl_FragColor = color;
06-07 00:39:44.371 E/SurfaceFlinger( 1320):     gl_FragColor.a = 1.0;
06-07 00:39:44.371 E/SurfaceFlinger( 1320):     gl_FragColor.a *= alphaPlane;
06-07 00:39:44.371 E/SurfaceFlinger( 1320): }
06-07 00:39:44.371 E/SurfaceFlinger( 1320): 
06-07 00:39:44.371 E/SurfaceFlinger( 1320): \F6\FF\FF\FF\FF\FF\FF\FF\9F\81\B8
06-07 00:39:44.371 E/SurfaceFlinger( 1320): Error while linking shaders:
06-07 00:39:44.372 E/SurfaceFlinger( 1320): Error while compiling shader: 
06-07 00:39:44.372 E/SurfaceFlinger( 1320): attribute vec4 position;
06-07 00:39:44.372 E/SurfaceFlinger( 1320): uniform mat4 projection;
06-07 00:39:44.372 E/SurfaceFlinger( 1320): uniform mat4 texture;
06-07 00:39:44.372 E/SurfaceFlinger( 1320): void main(void) {
06-07 00:39:44.372 E/SurfaceFlinger( 1320):     gl_Position = projection * position;
06-07 00:39:44.372 E/SurfaceFlinger( 1320): }
06-07 00:39:44.372 E/SurfaceFlinger( 1320): 
06-07 00:39:44.372 E/SurfaceFlinger( 1320): \F6\FF\FF\FF\FF\FF\FF\FF\9F\81\B8
06-07 00:39:44.372 E/SurfaceFlinger( 1320): Error while compiling shader: 
06-07 00:39:44.372 E/SurfaceFlinger( 1320): precision mediump float;
06-07 00:39:44.372 E/SurfaceFlinger( 1320): uniform vec4 color;
06-07 00:39:44.372 E/SurfaceFlinger( 1320): uniform float alphaPlane;
06-07 00:39:44.372 E/SurfaceFlinger( 1320): void main(void) {
06-07 00:39:44.372 E/SurfaceFlinger( 1320):     gl_FragColor = color;
06-07 00:39:44.372 E/SurfaceFlinger( 1320):     gl_FragColor.a = 1.0;
06-07 00:39:44.372 E/SurfaceFlinger( 1320):     gl_FragColor *= alphaPlane;
06-07 00:39:44.372 E/SurfaceFlinger( 1320): }
06-07 00:39:44.372 E/SurfaceFlinger( 1320): 
06-07 00:39:44.372 E/SurfaceFlinger( 1320): \F6\FF\FF\FF\FF\FF\FF\FF\9F\81\B8
06-07 00:39:44.372 E/SurfaceFlinger( 1320): Error while linking shaders:
06-07 00:39:44.372 E/SurfaceFlinger( 1320): Error while compiling shader: 
06-07 00:39:44.372 E/SurfaceFlinger( 1320): attribute vec4 texCoords;
06-07 00:39:44.372 E/SurfaceFlinger( 1320): varying vec2 outTexCoords;
06-07 00:39:44.372 E/SurfaceFlinger( 1320): attribute vec4 position;
06-07 00:39:44.372 E/SurfaceFlinger( 1320): uniform mat4 projection;
06-07 00:39:44.372 E/SurfaceFlinger( 1320): uniform mat4 texture;
06-07 00:39:44.372 E/SurfaceFlinger( 1320): void main(void) {
06-07 00:39:44.372 E/SurfaceFlinger( 1320):     gl_Position = projection * position;
06-07 00:39:44.372 E/SurfaceFlinger( 1320):     outTexCoords = (texture * texCoords).st;
06-07 00:39:44.372 E/SurfaceFlinger( 1320): }
06-07 00:39:44.372 E/SurfaceFlinger( 1320): 
06-07 00:39:44.372 E/SurfaceFlinger( 1320): \F6\FF\FF\FF\FF\FF\FF\FF\9F\81\B8
06-07 00:39:44.372 E/SurfaceFlinger( 1320): Error while compiling shader: 
06-07 00:39:44.372 E/SurfaceFlinger( 1320): #extension GL_OES_EGL_image_external : require
06-07 00:39:44.372 E/SurfaceFlinger( 1320): precision mediump float;
06-07 00:39:44.372 E/SurfaceFlinger( 1320): uniform samplerExternalOES sampler;
06-07 00:39:44.372 E/SurfaceFlinger( 1320): varying vec2 outTexCoords;
06-07 00:39:44.372 E/SurfaceFlinger( 1320): void main(void) {
06-07 00:39:44.372 E/SurfaceFlinger( 1320):     gl_FragColor = texture2D(sampler, outTexCoords);
06-07 00:39:44.372 E/SurfaceFlinger( 1320): }
06-07 00:39:44.372 E/SurfaceFlinger( 1320): 
06-07 00:39:44.372 E/SurfaceFlinger( 1320): \F6\FF\FF\FF\FF\FF\FF\FF\9F\81\B8
06-07 00:39:44.372 E/SurfaceFlinger( 1320): Error while linking shaders:
06-07 00:39:44.372 E/SurfaceFlinger( 1320): Error while compiling shader: 
06-07 00:39:44.372 E/SurfaceFlinger( 1320): attribute vec4 texCoords;
06-07 00:39:44.372 E/SurfaceFlinger( 1320): varying vec2 outTexCoords;
06-07 00:39:44.372 E/SurfaceFlinger( 1320): attribute vec4 position;
06-07 00:39:44.372 E/SurfaceFlinger( 1320): uniform mat4 projection;
06-07 00:39:44.372 E/SurfaceFlinger( 1320): uniform mat4 texture;
06-07 00:39:44.372 E/SurfaceFlinger( 1320): void main(void) {
06-07 00:39:44.372 E/SurfaceFlinger( 1320):     gl_Position = projection * position;
06-07 00:39:44.372 E/SurfaceFlinger( 1320):     outTexCoords = (texture * texCoords).st;
06-07 00:39:44.372 E/SurfaceFlinger( 1320): }
06-07 00:39:44.372 E/SurfaceFlinger( 1320): 
06-07 00:39:44.372 E/SurfaceFlinger( 1320): \F6\FF\FF\FF\FF\FF\FF\FF\9F\81\B8
06-07 00:39:44.372 E/SurfaceFlinger( 1320): Error while compiling shader: 
06-07 00:39:44.372 E/SurfaceFlinger( 1320): #extension GL_OES_EGL_image_external : require
06-07 00:39:44.372 E/SurfaceFlinger( 1320): precision mediump float;
06-07 00:39:44.372 E/SurfaceFlinger( 1320): uniform samplerExternalOES sampler;
06-07 00:39:44.372 E/SurfaceFlinger( 1320): varying vec2 outTexCoords;
06-07 00:39:44.372 E/SurfaceFlinger( 1320): void main(void) {
06-07 00:39:44.372 E/SurfaceFlinger( 1320):     gl_FragColor = texture2D(sampler, outTexCoords);
06-07 00:39:44.372 E/SurfaceFlinger( 1320): }
06-07 00:39:44.372 E/SurfaceFlinger( 1320): 
06-07 00:39:44.372 E/SurfaceFlinger( 1320): \F6\FF\FF\FF\FF\FF\FF\FF\9F\81\B8
06-07 00:39:44.372 E/SurfaceFlinger( 1320): Error while linking shaders:
06-07 00:39:44.372 E/SurfaceFlinger( 1320): Error while compiling shader: 
06-07 00:39:44.372 E/SurfaceFlinger( 1320): attribute vec4 texCoords;
06-07 00:39:44.372 E/SurfaceFlinger( 1320): varying vec2 outTexCoords;
06-07 00:39:44.372 E/SurfaceFlinger( 1320): attribute vec4 position;
06-07 00:39:44.372 E/SurfaceFlinger( 1320): uniform mat4 projection;
06-07 00:39:44.372 E/SurfaceFlinger( 1320): uniform mat4 texture;
06-07 00:39:44.372 E/SurfaceFlinger( 1320): void main(void) {
06-07 00:39:44.372 E/SurfaceFlinger( 1320):     gl_Position = projection * position;
06-07 00:39:44.372 E/SurfaceFlinger( 1320):     outTexCoords = (texture * texCoords).st;
06-07 00:39:44.372 E/SurfaceFlinger( 1320): }
06-07 00:39:44.372 E/SurfaceFlinger( 1320): 
06-07 00:39:44.372 E/SurfaceFlinger( 1320): \F6\FF\FF\FF\FF\FF\FF\FF\9F\81\B8
06-07 00:39:44.380 E/SurfaceFlinger( 1320): Error while compiling shader: 
06-07 00:39:44.380 E/SurfaceFlinger( 1320): #extension GL_OES_EGL_image_external : require
06-07 00:39:44.380 E/SurfaceFlinger( 1320): precision mediump float;
06-07 00:39:44.380 E/SurfaceFlinger( 1320): uniform samplerExternalOES sampler;
06-07 00:39:44.380 E/SurfaceFlinger( 1320): varying vec2 outTexCoords;
06-07 00:39:44.380 E/SurfaceFlinger( 1320): void main(void) {
06-07 00:39:44.380 E/SurfaceFlinger( 1320):     gl_FragColor = texture2D(sampler, outTexCoords);
06-07 00:39:44.380 E/SurfaceFlinger( 1320):     gl_FragColor.a = 1.0;
06-07 00:39:44.380 E/SurfaceFlinger( 1320): }
06-07 00:39:44.380 E/SurfaceFlinger( 1320): 
06-07 00:39:44.380 E/SurfaceFlinger( 1320): \F6\FF\FF\FF\FF\FF\FF\FF\9F\81\B8
06-07 00:39:44.380 E/SurfaceFlinger( 1320): Error while linking shaders:
06-07 00:39:44.380 E/SurfaceFlinger( 1320): Error while compiling shader: 
06-07 00:39:44.380 E/SurfaceFlinger( 1320): attribute vec4 texCoords;
06-07 00:39:44.380 E/SurfaceFlinger( 1320): varying vec2 outTexCoords;
06-07 00:39:44.380 E/SurfaceFlinger( 1320): attribute vec4 position;
06-07 00:39:44.380 E/SurfaceFlinger( 1320): uniform mat4 projection;
06-07 00:39:44.380 E/SurfaceFlinger( 1320): uniform mat4 texture;
06-07 00:39:44.380 E/SurfaceFlinger( 1320): void main(void) {
06-07 00:39:44.380 E/SurfaceFlinger( 1320):     gl_Position = projection * position;
06-07 00:39:44.380 E/SurfaceFlinger( 1320):     outTexCoords = (texture * texCoords).st;
06-07 00:39:44.380 E/SurfaceFlinger( 1320): }
06-07 00:39:44.380 E/SurfaceFlinger( 1320): 
06-07 00:39:44.380 E/SurfaceFlinger( 1320): \F6\FF\FF\FF\FF\FF\FF\FF\9F\81\B8
06-07 00:39:44.380 E/SurfaceFlinger( 1320): Error while compiling shader: 
06-07 00:39:44.380 E/SurfaceFlinger( 1320): #extension GL_OES_EGL_image_external : require
06-07 00:39:44.380 E/SurfaceFlinger( 1320): precision mediump float;
06-07 00:39:44.380 E/SurfaceFlinger( 1320): uniform samplerExternalOES sampler;
06-07 00:39:44.380 E/SurfaceFlinger( 1320): varying vec2 outTexCoords;
06-07 00:39:44.380 E/SurfaceFlinger( 1320): void main(void) {
06-07 00:39:44.380 E/SurfaceFlinger( 1320):     gl_FragColor = texture2D(sampler, outTexCoords);
06-07 00:39:44.380 E/SurfaceFlinger( 1320):     gl_FragColor.a = 1.0;
06-07 00:39:44.380 E/SurfaceFlinger( 1320): }
06-07 00:39:44.380 E/SurfaceFlinger( 1320): 
06-07 00:39:44.380 E/SurfaceFlinger( 1320): \F6\FF\FF\FF\FF\FF\FF\FF\9F\81\B8
06-07 00:39:44.380 E/SurfaceFlinger( 1320): Error while linking shaders:
06-07 00:39:44.380 E/SurfaceFlinger( 1320): Error while compiling shader: 
06-07 00:39:44.380 E/SurfaceFlinger( 1320): attribute vec4 texCoords;
06-07 00:39:44.380 E/SurfaceFlinger( 1320): varying vec2 outTexCoords;
06-07 00:39:44.380 E/SurfaceFlinger( 1320): attribute vec4 position;
06-07 00:39:44.380 E/SurfaceFlinger( 1320): uniform mat4 projection;
06-07 00:39:44.380 E/SurfaceFlinger( 1320): uniform mat4 texture;
06-07 00:39:44.380 E/SurfaceFlinger( 1320): void main(void) {
06-07 00:39:44.380 E/SurfaceFlinger( 1320):     gl_Position = projection * position;
06-07 00:39:44.380 E/SurfaceFlinger( 1320):     outTexCoords = (texture * texCoords).st;
06-07 00:39:44.380 E/SurfaceFlinger( 1320): }
06-07 00:39:44.380 E/SurfaceFlinger( 1320): 
06-07 00:39:44.380 E/SurfaceFlinger( 1320): \F6\FF\FF\FF\FF\FF\FF\FF\9F\81\B8
06-07 00:39:44.380 E/SurfaceFlinger( 1320): Error while compiling shader: 
06-07 00:39:44.380 E/SurfaceFlinger( 1320): #extension GL_OES_EGL_image_external : require
06-07 00:39:44.380 E/SurfaceFlinger( 1320): precision mediump float;
06-07 00:39:44.380 E/SurfaceFlinger( 1320): uniform samplerExternalOES sampler;
06-07 00:39:44.380 E/SurfaceFlinger( 1320): varying vec2 outTexCoords;
06-07 00:39:44.380 E/SurfaceFlinger( 1320): uniform float alphaPlane;
06-07 00:39:44.380 E/SurfaceFlinger( 1320): void main(void) {
06-07 00:39:44.380 E/SurfaceFlinger( 1320):     gl_FragColor = texture2D(sampler, outTexCoords);
06-07 00:39:44.380 E/SurfaceFlinger( 1320):     gl_FragColor.a *= alphaPlane;
06-07 00:39:44.380 E/SurfaceFlinger( 1320): }
06-07 00:39:44.380 E/SurfaceFlinger( 1320): 
06-07 00:39:44.380 E/SurfaceFlinger( 1320): \F6\FF\FF\FF\FF\FF\FF\FF\9F\81\B8
06-07 00:39:44.380 E/SurfaceFlinger( 1320): Error while linking shaders:
06-07 00:39:44.381 E/SurfaceFlinger( 1320): Error while compiling shader: 
06-07 00:39:44.381 E/SurfaceFlinger( 1320): attribute vec4 texCoords;
06-07 00:39:44.381 E/SurfaceFlinger( 1320): varying vec2 outTexCoords;
06-07 00:39:44.381 E/SurfaceFlinger( 1320): attribute vec4 position;
06-07 00:39:44.381 E/SurfaceFlinger( 1320): uniform mat4 projection;
06-07 00:39:44.381 E/SurfaceFlinger( 1320): uniform mat4 texture;
06-07 00:39:44.381 E/SurfaceFlinger( 1320): void main(void) {
06-07 00:39:44.381 E/SurfaceFlinger( 1320):     gl_Position = projection * position;
06-07 00:39:44.381 E/SurfaceFlinger( 1320):     outTexCoords = (texture * texCoords).st;
06-07 00:39:44.381 E/SurfaceFlinger( 1320): }
06-07 00:39:44.381 E/SurfaceFlinger( 1320): 
06-07 00:39:44.381 E/SurfaceFlinger( 1320): \F6\FF\FF\FF\FF\FF\FF\FF\9F\81\B8
06-07 00:39:44.381 E/SurfaceFlinger( 1320): Error while compiling shader: 
06-07 00:39:44.381 E/SurfaceFlinger( 1320): #extension GL_OES_EGL_image_external : require
06-07 00:39:44.381 E/SurfaceFlinger( 1320): precision mediump float;
06-07 00:39:44.381 E/SurfaceFlinger( 1320): uniform samplerExternalOES sampler;
06-07 00:39:44.381 E/SurfaceFlinger( 1320): varying vec2 outTexCoords;
06-07 00:39:44.381 E/SurfaceFlinger( 1320): uniform float alphaPlane;
06-07 00:39:44.381 E/SurfaceFlinger( 1320): void main(void) {
06-07 00:39:44.381 E/SurfaceFlinger( 1320):     gl_FragColor = texture2D(sampler, outTexCoords);
06-07 00:39:44.381 E/SurfaceFlinger( 1320):     gl_FragColor *= alphaPlane;
06-07 00:39:44.381 E/SurfaceFlinger( 1320): }
06-07 00:39:44.381 E/SurfaceFlinger( 1320): 
06-07 00:39:44.381 E/SurfaceFlinger( 1320): \F6\FF\FF\FF\FF\FF\FF\FF\9F\81\B8
06-07 00:39:44.381 E/SurfaceFlinger( 1320): Error while linking shaders:
06-07 00:39:44.381 E/SurfaceFlinger( 1320): Error while compiling shader: 
06-07 00:39:44.381 E/SurfaceFlinger( 1320): attribute vec4 texCoords;
06-07 00:39:44.381 E/SurfaceFlinger( 1320): varying vec2 outTexCoords;
06-07 00:39:44.381 E/SurfaceFlinger( 1320): attribute vec4 position;
06-07 00:39:44.381 E/SurfaceFlinger( 1320): uniform mat4 projection;
06-07 00:39:44.381 E/SurfaceFlinger( 1320): uniform mat4 texture;
06-07 00:39:44.381 E/SurfaceFlinger( 1320): void main(void) {
06-07 00:39:44.381 E/SurfaceFlinger( 1320):     gl_Position = projection * position;
06-07 00:39:44.381 E/SurfaceFlinger( 1320):     outTexCoords = (texture * texCoords).st;
06-07 00:39:44.381 E/SurfaceFlinger( 1320): }
06-07 00:39:44.381 E/SurfaceFlinger( 1320): 
06-07 00:39:44.381 E/SurfaceFlinger( 1320): \F6\FF\FF\FF\FF\FF\FF\FF\9F\81\B8
06-07 00:39:44.381 E/SurfaceFlinger( 1320): Error while compiling shader: 
06-07 00:39:44.381 E/SurfaceFlinger( 1320): #extension GL_OES_EGL_image_external : require
06-07 00:39:44.381 E/SurfaceFlinger( 1320): precision mediump float;
06-07 00:39:44.381 E/SurfaceFlinger( 1320): uniform samplerExternalOES sampler;
06-07 00:39:44.381 E/SurfaceFlinger( 1320): varying vec2 outTexCoords;
06-07 00:39:44.381 E/SurfaceFlinger( 1320): uniform float alphaPlane;
06-07 00:39:44.381 E/SurfaceFlinger( 1320): void main(void) {
06-07 00:39:44.381 E/SurfaceFlinger( 1320):     gl_FragColor = texture2D(sampler, outTexCoords);
06-07 00:39:44.381 E/SurfaceFlinger( 1320):     gl_FragColor.a = 1.0;
06-07 00:39:44.381 E/SurfaceFlinger( 1320):     gl_FragColor.a *= alphaPlane;
06-07 00:39:44.381 E/SurfaceFlinger( 1320): }
06-07 00:39:44.381 E/SurfaceFlinger( 1320): 
06-07 00:39:44.381 E/SurfaceFlinger( 1320): \F6\FF\FF\FF\FF\FF\FF\FF\9F\81\B8
06-07 00:39:44.381 E/SurfaceFlinger( 1320): Error while linking shaders:
06-07 00:39:44.381 E/SurfaceFlinger( 1320): Error while compiling shader: 
06-07 00:39:44.381 E/SurfaceFlinger( 1320): attribute vec4 texCoords;
06-07 00:39:44.381 E/SurfaceFlinger( 1320): varying vec2 outTexCoords;
06-07 00:39:44.381 E/SurfaceFlinger( 1320): attribute vec4 position;
06-07 00:39:44.381 E/SurfaceFlinger( 1320): uniform mat4 projection;
06-07 00:39:44.381 E/SurfaceFlinger( 1320): uniform mat4 texture;
06-07 00:39:44.381 E/SurfaceFlinger( 1320): void main(void) {
06-07 00:39:44.381 E/SurfaceFlinger( 1320):     gl_Position = projection * position;
06-07 00:39:44.381 E/SurfaceFlinger( 1320):     outTexCoords = (texture * texCoords).st;
06-07 00:39:44.381 E/SurfaceFlinger( 1320): }
06-07 00:39:44.381 E/SurfaceFlinger( 1320): 
06-07 00:39:44.381 E/SurfaceFlinger( 1320): \F6\FF\FF\FF\FF\FF\FF\FF\9F\81\B8
06-07 00:39:44.381 E/SurfaceFlinger( 1320): Error while compiling shader: 
06-07 00:39:44.381 E/SurfaceFlinger( 1320): #extension GL_OES_EGL_image_external : require
06-07 00:39:44.381 E/SurfaceFlinger( 1320): precision mediump float;
06-07 00:39:44.381 E/SurfaceFlinger( 1320): uniform samplerExternalOES sampler;
06-07 00:39:44.381 E/SurfaceFlinger( 1320): varying vec2 outTexCoords;
06-07 00:39:44.381 E/SurfaceFlinger( 1320): uniform float alphaPlane;
06-07 00:39:44.381 E/SurfaceFlinger( 1320): void main(void) {
06-07 00:39:44.381 E/SurfaceFlinger( 1320):     gl_FragColor = texture2D(sampler, outTexCoords);
06-07 00:39:44.381 E/SurfaceFlinger( 1320):     gl_FragColor.a = 1.0;
06-07 00:39:44.381 E/SurfaceFlinger( 1320):     gl_FragColor *= alphaPlane;
06-07 00:39:44.381 E/SurfaceFlinger( 1320): }
06-07 00:39:44.381 E/SurfaceFlinger( 1320): 
06-07 00:39:44.381 E/SurfaceFlinger( 1320): \F6\FF\FF\FF\FF\FF\FF\FF\9F\81\B8
06-07 00:39:44.381 E/SurfaceFlinger( 1320): Error while linking shaders:
06-07 00:39:44.381 E/SurfaceFlinger( 1320): Error while compiling shader: 
06-07 00:39:44.381 E/SurfaceFlinger( 1320): attribute vec4 texCoords;
06-07 00:39:44.381 E/SurfaceFlinger( 1320): varying vec2 outTexCoords;
06-07 00:39:44.381 E/SurfaceFlinger( 1320): attribute vec4 position;
06-07 00:39:44.381 E/SurfaceFlinger( 1320): uniform mat4 projection;
06-07 00:39:44.381 E/SurfaceFlinger( 1320): uniform mat4 texture;
06-07 00:39:44.381 E/SurfaceFlinger( 1320): void main(void) {
06-07 00:39:44.381 E/SurfaceFlinger( 1320):     gl_Position = projection * position;
06-07 00:39:44.381 E/SurfaceFlinger( 1320):     outTexCoords = (texture * texCoords).st;
06-07 00:39:44.381 E/SurfaceFlinger( 1320): }
06-07 00:39:44.381 E/SurfaceFlinger( 1320): 
06-07 00:39:44.381 E/SurfaceFlinger( 1320): \F6\FF\FF\FF\FF\FF\FF\FF\9F\81\B8
06-07 00:39:44.381 E/SurfaceFlinger( 1320): Error while compiling shader: 
06-07 00:39:44.381 E/SurfaceFlinger( 1320): precision mediump float;
06-07 00:39:44.381 E/SurfaceFlinger( 1320): uniform sampler2D sampler;
06-07 00:39:44.381 E/SurfaceFlinger( 1320): varying vec2 outTexCoords;
06-07 00:39:44.381 E/SurfaceFlinger( 1320): void main(void) {
06-07 00:39:44.381 E/SurfaceFlinger( 1320):     gl_FragColor = texture2D(sampler, outTexCoords);
06-07 00:39:44.381 E/SurfaceFlinger( 1320): }
06-07 00:39:44.381 E/SurfaceFlinger( 1320): 
06-07 00:39:44.381 E/SurfaceFlinger( 1320): \F6\FF\FF\FF\FF\FF\FF\FF\9F\81\B8
06-07 00:39:44.381 E/SurfaceFlinger( 1320): Error while linking shaders:
06-07 00:39:44.382 E/SurfaceFlinger( 1320): Error while compiling shader: 
06-07 00:39:44.382 E/SurfaceFlinger( 1320): attribute vec4 texCoords;
06-07 00:39:44.382 E/SurfaceFlinger( 1320): varying vec2 outTexCoords;
06-07 00:39:44.382 E/SurfaceFlinger( 1320): attribute vec4 position;
06-07 00:39:44.382 E/SurfaceFlinger( 1320): uniform mat4 projection;
06-07 00:39:44.382 E/SurfaceFlinger( 1320): uniform mat4 texture;
06-07 00:39:44.382 E/SurfaceFlinger( 1320): void main(void) {
06-07 00:39:44.382 E/SurfaceFlinger( 1320):     gl_Position = projection * position;
06-07 00:39:44.382 E/SurfaceFlinger( 1320):     outTexCoords = (texture * texCoords).st;
06-07 00:39:44.382 E/SurfaceFlinger( 1320): }
06-07 00:39:44.382 E/SurfaceFlinger( 1320): 
06-07 00:39:44.382 E/SurfaceFlinger( 1320): \F6\FF\FF\FF\FF\FF\FF\FF\9F\81\B8
06-07 00:39:44.382 E/SurfaceFlinger( 1320): Error while compiling shader: 
06-07 00:39:44.382 E/SurfaceFlinger( 1320): precision mediump float;
06-07 00:39:44.382 E/SurfaceFlinger( 1320): uniform sampler2D sampler;
06-07 00:39:44.382 E/SurfaceFlinger( 1320): varying vec2 outTexCoords;
06-07 00:39:44.382 E/SurfaceFlinger( 1320): void main(void) {
06-07 00:39:44.382 E/SurfaceFlinger( 1320):     gl_FragColor = texture2D(sampler, outTexCoords);
06-07 00:39:44.382 E/SurfaceFlinger( 1320): }
06-07 00:39:44.382 E/SurfaceFlinger( 1320): 
06-07 00:39:44.382 E/SurfaceFlinger( 1320): \F6\FF\FF\FF\FF\FF\FF\FF\9F\81\B8
06-07 00:39:44.382 E/SurfaceFlinger( 1320): Error while linking shaders:
06-07 00:39:44.382 E/SurfaceFlinger( 1320): Error while compiling shader: 
06-07 00:39:44.382 E/SurfaceFlinger( 1320): attribute vec4 texCoords;
06-07 00:39:44.382 E/SurfaceFlinger( 1320): varying vec2 outTexCoords;
06-07 00:39:44.382 E/SurfaceFlinger( 1320): attribute vec4 position;
06-07 00:39:44.382 E/SurfaceFlinger( 1320): uniform mat4 projection;
06-07 00:39:44.382 E/SurfaceFlinger( 1320): uniform mat4 texture;
06-07 00:39:44.382 E/SurfaceFlinger( 1320): void main(void) {
06-07 00:39:44.382 E/SurfaceFlinger( 1320):     gl_Position = projection * position;
06-07 00:39:44.382 E/SurfaceFlinger( 1320):     outTexCoords = (texture * texCoords).st;
06-07 00:39:44.382 E/SurfaceFlinger( 1320): }
06-07 00:39:44.382 E/SurfaceFlinger( 1320): 
06-07 00:39:44.382 E/SurfaceFlinger( 1320): \F6\FF\FF\FF\FF\FF\FF\FF\9F\81\B8
06-07 00:39:44.830 W/bootanimation( 1566): type=1400 audit(0.0:9): avc: denied { getattr } for path="/vendor" dev="rootfs" ino=4004 scontext=u:r:bootanim:s0 tcontext=u:object_r:rootfs:s0 tclass=lnk_file permissive=0
06-07 00:39:44.382 E/SurfaceFlinger( 1320): Error while compiling shader: 
06-07 00:39:44.382 E/SurfaceFlinger( 1320): precision mediump float;
06-07 00:39:44.382 E/SurfaceFlinger( 1320): uniform sampler2D sampler;
06-07 00:39:44.382 E/SurfaceFlinger( 1320): varying vec2 outTexCoords;
06-07 00:39:44.382 E/SurfaceFlinger( 1320): void main(void) {
06-07 00:39:44.382 E/SurfaceFlinger( 1320):     gl_FragColor = texture2D(sampler, outTexCoords);
06-07 00:39:44.382 E/SurfaceFlinger( 1320):     gl_FragColor.a = 1.0;
06-07 00:39:44.382 E/SurfaceFlinger( 1320): }
06-07 00:39:44.382 E/SurfaceFlinger( 1320): 
06-07 00:39:44.382 E/SurfaceFlinger( 1320): \F6\FF\FF\FF\FF\FF\FF\FF\9F\81\B8
06-07 00:39:44.382 E/SurfaceFlinger( 1320): Error while linking shaders:
06-07 00:39:44.382 E/SurfaceFlinger( 1320): Error while compiling shader: 
06-07 00:39:44.382 E/SurfaceFlinger( 1320): attribute vec4 texCoords;
06-07 00:39:44.382 E/SurfaceFlinger( 1320): varying vec2 outTexCoords;
06-07 00:39:44.382 E/SurfaceFlinger( 1320): attribute vec4 position;
06-07 00:39:44.382 E/SurfaceFlinger( 1320): uniform mat4 projection;
06-07 00:39:44.382 E/SurfaceFlinger( 1320): uniform mat4 texture;
06-07 00:39:44.382 E/SurfaceFlinger( 1320): void main(void) {
06-07 00:39:44.382 E/SurfaceFlinger( 1320):     gl_Position = projection * position;
06-07 00:39:44.382 E/SurfaceFlinger( 1320):     outTexCoords = (texture * texCoords).st;
06-07 00:39:44.382 E/SurfaceFlinger( 1320): }
06-07 00:39:44.382 E/SurfaceFlinger( 1320): 
06-07 00:39:44.382 E/SurfaceFlinger( 1320): \F6\FF\FF\FF\FF\FF\FF\FF\9F\81\B8
06-07 00:39:44.382 E/SurfaceFlinger( 1320): Error while compiling shader: 
06-07 00:39:44.382 E/SurfaceFlinger( 1320): precision mediump float;
06-07 00:39:44.382 E/SurfaceFlinger( 1320): uniform sampler2D sampler;
06-07 00:39:44.382 E/SurfaceFlinger( 1320): varying vec2 outTexCoords;
06-07 00:39:44.382 E/SurfaceFlinger( 1320): void main(void) {
06-07 00:39:44.382 E/SurfaceFlinger( 1320):     gl_FragColor = texture2D(sampler, outTexCoords);
06-07 00:39:44.382 E/SurfaceFlinger( 1320):     gl_FragColor.a = 1.0;
06-07 00:39:44.382 E/SurfaceFlinger( 1320): }
06-07 00:39:44.382 E/SurfaceFlinger( 1320): 
06-07 00:39:44.382 E/SurfaceFlinger( 1320): \F6\FF\FF\FF\FF\FF\FF\FF\9F\81\B8
06-07 00:39:44.382 E/SurfaceFlinger( 1320): Error while linking shaders:
06-07 00:39:44.382 E/SurfaceFlinger( 1320): Error while compiling shader: 
06-07 00:39:44.382 E/SurfaceFlinger( 1320): attribute vec4 texCoords;
06-07 00:39:44.382 E/SurfaceFlinger( 1320): varying vec2 outTexCoords;
06-07 00:39:44.382 E/SurfaceFlinger( 1320): attribute vec4 position;
06-07 00:39:44.382 E/SurfaceFlinger( 1320): uniform mat4 projection;
06-07 00:39:44.382 E/SurfaceFlinger( 1320): uniform mat4 texture;
06-07 00:39:44.382 E/SurfaceFlinger( 1320): void main(void) {
06-07 00:39:44.382 E/SurfaceFlinger( 1320):     gl_Position = projection * position;
06-07 00:39:44.382 E/SurfaceFlinger( 1320):     outTexCoords = (texture * texCoords).st;
06-07 00:39:44.382 E/SurfaceFlinger( 1320): }
06-07 00:39:44.382 E/SurfaceFlinger( 1320): 
06-07 00:39:44.382 E/SurfaceFlinger( 1320): \F6\FF\FF\FF\FF\FF\FF\FF\9F\81\B8
06-07 00:39:44.382 E/SurfaceFlinger( 1320): Error while compiling shader: 
06-07 00:39:44.382 E/SurfaceFlinger( 1320): precision mediump float;
06-07 00:39:44.382 E/SurfaceFlinger( 1320): uniform sampler2D sampler;
06-07 00:39:44.382 E/SurfaceFlinger( 1320): varying vec2 outTexCoords;
06-07 00:39:44.382 E/SurfaceFlinger( 1320): uniform float alphaPlane;
06-07 00:39:44.382 E/SurfaceFlinger( 1320): void main(void) {
06-07 00:39:44.382 E/SurfaceFlinger( 1320):     gl_FragColor = texture2D(sampler, outTexCoords);
06-07 00:39:44.382 E/SurfaceFlinger( 1320):     gl_FragColor.a *= alphaPlane;
06-07 00:39:44.382 E/SurfaceFlinger( 1320): }
06-07 00:39:44.382 E/SurfaceFlinger( 1320): 
06-07 00:39:44.382 E/SurfaceFlinger( 1320): \F6\FF\FF\FF\FF\FF\FF\FF\9F\81\B8
06-07 00:39:44.382 E/SurfaceFlinger( 1320): Error while linking shaders:
06-07 00:39:44.382 E/SurfaceFlinger( 1320): Error while compiling shader: 
06-07 00:39:44.382 E/SurfaceFlinger( 1320): attribute vec4 texCoords;
06-07 00:39:44.382 E/SurfaceFlinger( 1320): varying vec2 outTexCoords;
06-07 00:39:44.382 E/SurfaceFlinger( 1320): attribute vec4 position;
06-07 00:39:44.382 E/SurfaceFlinger( 1320): uniform mat4 projection;
06-07 00:39:44.382 E/SurfaceFlinger( 1320): uniform mat4 texture;
06-07 00:39:44.382 E/SurfaceFlinger( 1320): void main(void) {
06-07 00:39:44.382 E/SurfaceFlinger( 1320):     gl_Position = projection * position;
06-07 00:39:44.382 E/SurfaceFlinger( 1320):     outTexCoords = (texture * texCoords).st;
06-07 00:39:44.382 E/SurfaceFlinger( 1320): }
06-07 00:39:44.382 E/SurfaceFlinger( 1320): 
06-07 00:39:44.382 E/SurfaceFlinger( 1320): \F6\FF\FF\FF\FF\FF\FF\FF\9F\81\B8
06-07 00:39:44.382 E/SurfaceFlinger( 1320): Error while compiling shader: 
06-07 00:39:44.382 E/SurfaceFlinger( 1320): precision mediump float;
06-07 00:39:44.382 E/SurfaceFlinger( 1320): uniform sampler2D sampler;
06-07 00:39:44.382 E/SurfaceFlinger( 1320): varying vec2 outTexCoords;
06-07 00:39:44.382 E/SurfaceFlinger( 1320): uniform float alphaPlane;
06-07 00:39:44.382 E/SurfaceFlinger( 1320): void main(void) {
06-07 00:39:44.382 E/SurfaceFlinger( 1320):     gl_FragColor = texture2D(sampler, outTexCoords);
06-07 00:39:44.382 E/SurfaceFlinger( 1320):     gl_FragColor *= alphaPlane;
06-07 00:39:44.382 E/SurfaceFlinger( 1320): }
06-07 00:39:44.382 E/SurfaceFlinger( 1320): 
06-07 00:39:44.382 E/SurfaceFlinger( 1320): \F6\FF\FF\FF\FF\FF\FF\FF\9F\81\B8
06-07 00:39:44.382 E/SurfaceFlinger( 1320): Error while linking shaders:
06-07 00:39:44.383 E/SurfaceFlinger( 1320): Error while compiling shader: 
06-07 00:39:44.383 E/SurfaceFlinger( 1320): attribute vec4 texCoords;
06-07 00:39:44.383 E/SurfaceFlinger( 1320): varying vec2 outTexCoords;
06-07 00:39:44.383 E/SurfaceFlinger( 1320): attribute vec4 position;
06-07 00:39:44.383 E/SurfaceFlinger( 1320): uniform mat4 projection;
06-07 00:39:44.383 E/SurfaceFlinger( 1320): uniform mat4 texture;
06-07 00:39:44.383 E/SurfaceFlinger( 1320): void main(void) {
06-07 00:39:44.383 E/SurfaceFlinger( 1320):     gl_Position = projection * position;
06-07 00:39:44.383 E/SurfaceFlinger( 1320):     outTexCoords = (texture * texCoords).st;
06-07 00:39:44.383 E/SurfaceFlinger( 1320): }
06-07 00:39:44.383 E/SurfaceFlinger( 1320): 
06-07 00:39:44.383 E/SurfaceFlinger( 1320): \F6\FF\FF\FF\FF\FF\FF\FF\9F\81\B8
06-07 00:39:44.383 E/SurfaceFlinger( 1320): Error while compiling shader: 
06-07 00:39:44.383 E/SurfaceFlinger( 1320): precision mediump float;
06-07 00:39:44.383 E/SurfaceFlinger( 1320): uniform sampler2D sampler;
06-07 00:39:44.383 E/SurfaceFlinger( 1320): varying vec2 outTexCoords;
06-07 00:39:44.383 E/SurfaceFlinger( 1320): uniform float alphaPlane;
06-07 00:39:44.383 E/SurfaceFlinger( 1320): void main(void) {
06-07 00:39:44.383 E/SurfaceFlinger( 1320):     gl_FragColor = texture2D(sampler, outTexCoords);
06-07 00:39:44.383 E/SurfaceFlinger( 1320):     gl_FragColor.a = 1.0;
06-07 00:39:44.383 E/SurfaceFlinger( 1320):     gl_FragColor.a *= alphaPlane;
06-07 00:39:44.383 E/SurfaceFlinger( 1320): }
06-07 00:39:44.383 E/SurfaceFlinger( 1320): 
06-07 00:39:44.383 E/SurfaceFlinger( 1320): \F6\FF\FF\FF\FF\FF\FF\FF\9F\81\B8
06-07 00:39:44.383 E/SurfaceFlinger( 1320): Error while linking shaders:
06-07 00:39:44.383 E/SurfaceFlinger( 1320): Error while compiling shader: 
06-07 00:39:44.383 E/SurfaceFlinger( 1320): attribute vec4 texCoords;
06-07 00:39:44.383 E/SurfaceFlinger( 1320): varying vec2 outTexCoords;
06-07 00:39:44.383 E/SurfaceFlinger( 1320): attribute vec4 position;
06-07 00:39:44.383 E/SurfaceFlinger( 1320): uniform mat4 projection;
