06-06 14:59:08.462 I/art     ( 2164): Background sticky concurrent mark sweep GC freed 18297(2MB) AllocSpace objects, 2(40KB) LOS objects, 29% free, 7MB/10MB, paused 1.609ms total 1.477s
06-06 14:59:09.354 W/art     ( 1926): Long monitor contention with owner main (1926) at void com.android.server.wm.WindowManagerService.updateRotationUnchecked(boolean, boolean)(WindowManagerService.java:6783) waiters=0 in void com.android.server.wm.WindowManagerService$H.handleMessage(android.os.Message) for 292ms
06-06 14:59:10.275 D/AccessibilityManagerService( 1926): Ignoring non-encryption-aware service ComponentInfo{com.example.android.apis/com.example.android.apis.accessibility.ClockBackService}
06-06 14:59:10.275 D/AccessibilityManagerService( 1926): Ignoring non-encryption-aware service ComponentInfo{com.example.android.apis/com.example.android.apis.accessibility.MagnificationService}
06-06 14:59:10.275 D/AccessibilityManagerService( 1926): Ignoring non-encryption-aware service ComponentInfo{com.example.android.apis/com.example.android.apis.accessibility.TaskBackService}
06-06 14:59:10.279 I/Choreographer( 1926): Skipped 163 frames!  The application may be doing too much work on its main thread.
06-06 14:59:11.263 W/WindowManager( 1926): Keyguard drawn timeout. Setting mKeyguardDrawComplete
06-06 14:59:11.337 W/VibratorService( 1926): Tried to stop vibrating but there is no vibrator device.
06-06 14:59:11.395 D/ConditionProviders.SCP( 1926): onReceive android.intent.action.TIME_SET
06-06 14:59:11.400 D/ConditionProviders.SCP( 1926): notifyCondition condition://android/schedule?days=6.7&start=23.30&end=10.0&exitAtAlarm=false STATE_FALSE reason=!meetsSchedule
06-06 14:59:11.402 D/ConditionProviders.SCP( 1926): notifyCondition condition://android/schedule?days=1.2.3.4.5&start=22.0&end=7.0&exitAtAlarm=false STATE_FALSE reason=!meetsSchedule
06-06 14:59:11.425 D/ConditionProviders.SCP( 1926): Scheduling evaluate for Sat Jun 06 22:00:00 UTC 2020 (1591480800000), in +7h0m48s605ms, now=Sat Jun 06 14:59:11 UTC 2020 (1591455551395)
06-06 14:59:11.834 W/art     ( 1926): Long monitor contention with owner android.ui (1970) at void com.android.server.wm.WindowManagerService.updateRotationUnchecked(boolean, boolean)(WindowManagerService.java:6783) waiters=0 in void com.android.server.wm.WindowManagerService$H.handleMessage(android.os.Message) for 367ms
06-06 14:59:11.838 I/Choreographer( 1926): Skipped 65 frames!  The application may be doing too much work on its main thread.
06-06 14:59:12.534 D/PhoneSwitcherNetworkRequstListener( 2379): got request NetworkRequest [ REQUEST id=1, [ Capabilities: INTERNET&NOT_RESTRICTED&TRUSTED&NOT_VPN] ] with score 0
06-06 14:59:12.560 D/TelephonyDebugService( 2379): TelephonyDebugService()
06-06 14:59:12.666 D/CarrierConfigLoader( 2379): mHandler: 12 phoneId: 0
06-06 14:59:14.165 W/System  ( 2498): ClassLoader referenced unknown path: /system/priv-app/CellBroadcastReceiver/lib/x86_64
06-06 14:59:14.900 W/art     ( 1926): Long monitor contention with owner Binder:1926_4 (2193) at int com.android.server.am.ActivityManagerService.broadcastIntent(android.app.IApplicationThread, android.content.Intent, java.lang.String, android.content.IIntentReceiver, int, java.lang.String, android.os.Bundle, java.lang.String[], int, android.os.Bundle, boolean, boolean, int)(ActivityManagerService.java:18551) waiters=1 in android.app.IActivityManager$ContentProviderHolder com.android.server.am.ActivityManagerService.getContentProviderImpl(android.app.IApplicationThread, java.lang.String, android.os.IBinder, boolean, int) for 8.327s
06-06 14:59:14.912 W/art     ( 1926): Long monitor contention with owner AsyncTask #3 (2426) at boolean android.os.MessageQueue.enqueueMessage(android.os.Message, long)(MessageQueue.java:541) waiters=0 in android.os.Message android.os.MessageQueue.next() for 2.630s
06-06 14:59:14.917 W/art     ( 1926): Long monitor contention with owner Binder:1926_3 (1950) at boolean android.os.MessageQueue.enqueueMessage(android.os.Message, long)(MessageQueue.java:541) waiters=0 in android.os.Message android.os.MessageQueue.next() for 2.514s
06-06 14:59:14.932 W/art     ( 1926): Long monitor contention with owner AsyncTask #3 (2426) at boolean android.os.MessageQueue.enqueueMessage(android.os.Message, long)(MessageQueue.java:541) waiters=1 in boolean android.os.MessageQueue.enqueueMessage(android.os.Message, long) for 2.632s
06-06 14:59:14.964 W/art     ( 1926): Long monitor contention with owner Binder:1926_4 (2193) at void com.android.server.power.PowerManagerService.acquireWakeLockInternal(android.os.IBinder, int, java.lang.String, java.lang.String, android.os.WorkSource, java.lang.String, int, int)(PowerManagerService.java:862) waiters=0 in void com.android.server.power.PowerManagerService.monitor() for 1.483s
06-06 14:59:15.531 E/ActivityThread( 1926): Failed to find provider info for com.android.calendar
06-06 14:59:15.559 E/ActivityThread( 1926): Failed to find provider info for com.android.calendar
06-06 14:59:16.771 W/art     ( 1926): Suspending all threads took: 1.033s
06-06 14:59:16.796 W/art     ( 1926): Long monitor contention with owner SettingsProvider (2092) at void com.android.providers.settings.SettingsState.addHistoricalOperationLocked(java.lang.String, com.android.providers.settings.SettingsState$Setting)(SettingsState.java:-1) waiters=0 in com.android.providers.settings.SettingsState$Setting com.android.providers.settings.SettingsProvider.getGlobalSetting(java.lang.String) for 1.066s
06-06 14:59:17.012 I/art     ( 1926): Background sticky concurrent mark sweep GC freed 35618(2MB) AllocSpace objects, 6(840KB) LOS objects, 17% free, 10MB/12MB, paused 1.037s total 10.816s
06-06 14:59:18.996 W/art     ( 1926): Long monitor contention with owner ConditionProviders.ECP (2136) at boolean android.os.MessageQueue.enqueueMessage(android.os.Message, long)(MessageQueue.java:541) waiters=0 in android.os.Message android.os.MessageQueue.next() for 266ms
06-06 14:59:20.180 W/art     ( 1926): Long monitor contention with owner android.bg (1968) at void com.android.server.am.ActivityManagerService$3.handleMessage(android.os.Message)(ActivityManagerService.java:2443) waiters=0 in android.app.IActivityManager$ContentProviderHolder com.android.server.am.ActivityManagerService.getContentProviderImpl(android.app.IApplicationThread, java.lang.String, android.os.IBinder, boolean, int) for 123ms
06-06 14:59:20.982 W/ActivityManager( 1926): Slow operation: 482ms so far, now at startProcess: returned from zygote!
06-06 14:59:20.983 W/ActivityManager( 1926): Slow operation: 483ms so far, now at startProcess: done updating battery stats
06-06 14:59:20.983 W/ActivityManager( 1926): Slow operation: 484ms so far, now at startProcess: building log message
06-06 14:59:20.984 I/ActivityManager( 1926): Start proc 2549:com.android.deskclock/u0a31 for broadcast com.android.deskclock/.AlarmInitReceiver
06-06 14:59:20.984 W/ActivityManager( 1926): Slow operation: 484ms so far, now at startProcess: starting to update pids map
06-06 14:59:20.984 W/ActivityManager( 1926): Slow operation: 485ms so far, now at startProcess: done updating pids map
06-06 14:59:20.984 W/ActivityManager( 1926): Slow operation: 488ms so far, now at startProcess: done starting proc!
06-06 14:59:20.985 W/art     ( 1926): Long monitor contention with owner Binder:1926_5 (2214) at void com.android.server.am.BroadcastQueue.processNextBroadcast(boolean)(BroadcastQueue.java:760) waiters=0 in void com.android.server.am.ActivityManagerService.dispatchUidsChanged() for 486ms
06-06 14:59:20.994 W/art     ( 1926): Long monitor contention with owner Binder:1926_5 (2214) at void com.android.server.am.BroadcastQueue.processNextBroadcast(boolean)(BroadcastQueue.java:760) waiters=1 in android.content.Intent com.android.server.am.ActivityManagerService.registerReceiver(android.app.IApplicationThread, java.lang.String, android.content.IIntentReceiver, android.content.IntentFilter, java.lang.String, int) for 469ms
06-06 14:59:21.472 W/art     ( 2549): Unexpected CPU variant for X86 using defaults: x86_64
06-06 14:59:21.480 W/BroadcastQueue( 1926): Timeout of broadcast BroadcastRecord{5713c14 u-1 android.intent.action.TIME_TICK} - receiver=android.os.BinderProxy@63f6c11, started 10007ms ago
06-06 14:59:21.480 W/BroadcastQueue( 1926): Receiver during timeout: BroadcastFilter{fa3a377 u0 ReceiverList{2146176 2164 com.android.systemui/10021/u0 remote:63f6c11}}
06-06 14:59:22.094 W/System  ( 2164): ClassLoader referenced unknown path: 
06-06 14:59:22.095 W/System  ( 2164): ClassLoader referenced unknown path: /system/priv-app/Dialer/lib/x86_64
06-06 14:59:22.165 D/ApplicationLoaders( 2164): ignored Vulkan layer search path /system/priv-app/Dialer/lib/x86_64:/system/lib64:/vendor/lib64 for namespace 0x77e50945e0f0
06-06 14:59:22.448 E/ActivityThread( 1926): Failed to find provider info for com.android.calendar
06-06 14:59:22.698 E/ActivityThread( 1926): Failed to find provider info for com.android.calendar
06-06 14:59:23.355 E/BluetoothAdapter( 2164): Bluetooth binder is null
06-06 14:59:23.827 I/CameraManagerGlobal( 2164): Connecting to camera service
06-06 14:59:24.362 V/EmulatedCamera_Camera( 1326): getCameraInfo
06-06 14:59:24.365 V/EmulatedCamera_BaseCamera( 1326): getCameraInfo
06-06 14:59:24.365 I/CameraService( 1326): getCameraCharacteristics: Switching to HAL1 shim implementation...
06-06 14:59:24.366 V/EmulatedCamera_Camera( 1326): getCameraInfo
06-06 14:59:24.366 V/EmulatedCamera_BaseCamera( 1326): getCameraInfo
06-06 14:59:24.432 I/CameraService( 1326): CameraService::connect call (PID -1 "cameraserver", camera ID 0) for HAL version default and Camera API version 1
06-06 14:59:24.540 E/CameraService( 1326): getCameraPriorityFromProcState: Received invalid process state -1 from ActivityManagerService!
06-06 14:59:24.541 V/EmulatedCamera_Camera( 1326): getCameraInfo
06-06 14:59:24.541 V/EmulatedCamera_BaseCamera( 1326): getCameraInfo
06-06 14:59:25.177 E/WVMExtractor( 1334): Failed to open libwvm.so: dlopen failed: library "libwvm.so" not found
06-06 14:59:25.590 W/art     ( 1926): Long monitor contention with owner BackgroundDexOptService_PostBootUpdate (2540) at void com.android.server.power.PowerManagerService.acquireWakeLockInternal(android.os.IBinder, int, java.lang.String, java.lang.String, android.os.WorkSource, java.lang.String, int, int)(PowerManagerService.java:862) waiters=0 in void com.android.server.power.PowerManagerService.handleSandman() for 182ms
06-06 14:59:26.094 W/art     ( 1926): Long monitor contention with owner BackgroundDexOptService_PostBootUpdate (2540) at boolean android.os.MessageQueue.enqueueMessage(android.os.Message, long)(MessageQueue.java:541) waiters=0 in android.os.Message android.os.MessageQueue.next() for 123ms
06-06 14:59:26.301 D/NuPlayerDriver( 1334): notifyListener_l(0xe70a8ea0), (1, 0, 0), loop setting(0, 0)
06-06 14:59:27.019 D/NuPlayerDriver( 1334): notifyListener_l(0xe588c1e0), (1, 0, 0), loop setting(0, 0)
06-06 14:59:27.229 D/NuPlayerDriver( 1334): notifyListener_l(0xe70a8b40), (1, 0, 0), loop setting(0, 0)
06-06 14:59:27.303 I/CameraFlashlight( 1326): Opening camera 0
06-06 14:59:27.303 V/EmulatedCamera_Camera( 1326): getCameraInfo
06-06 14:59:27.303 V/EmulatedCamera_BaseCamera( 1326): getCameraInfo
06-06 14:59:27.304 V/EmulatedCamera_Camera( 1326): connectCamera
06-06 14:59:27.304 V/EmulatedCamera_FakeDevice( 1326): connectDevice
06-06 14:59:27.304 V/EmulatedCamera_CallbackNotifier( 1326): setCallbacks: 0xf45a7e80, 0xf45a7ed0, 0xf45a7ff0, 0xf45a8110 (0xf3f901e0)
06-06 14:59:27.304 V/EmulatedCamera_CallbackNotifier( 1326): enableMessage: msg_type = 0xc0d
06-06 14:59:27.305 V/EmulatedCamera_CallbackNotifier( 1326):     CAMERA_MSG_ERROR
06-06 14:59:27.305 V/EmulatedCamera_CallbackNotifier( 1326):     CAMERA_MSG_FOCUS
06-06 14:59:27.305 V/EmulatedCamera_CallbackNotifier( 1326):     CAMERA_MSG_ZOOM
06-06 14:59:27.305 V/EmulatedCamera_CallbackNotifier( 1326):     CAMERA_MSG_PREVIEW_METADATA
06-06 14:59:27.305 V/EmulatedCamera_CallbackNotifier( 1326): **** Currently enabled messages:
06-06 14:59:27.305 V/EmulatedCamera_CallbackNotifier( 1326):     CAMERA_MSG_ERROR
06-06 14:59:27.305 V/EmulatedCamera_CallbackNotifier( 1326):     CAMERA_MSG_FOCUS
06-06 14:59:27.305 V/EmulatedCamera_CallbackNotifier( 1326):     CAMERA_MSG_ZOOM
06-06 14:59:27.305 V/EmulatedCamera_CallbackNotifier( 1326):     CAMERA_MSG_PREVIEW_METADATA
06-06 14:59:27.321 V/EmulatedCamera_CallbackNotifier( 1326): disableMessage: msg_type = 0xffff
06-06 14:59:27.321 V/EmulatedCamera_CallbackNotifier( 1326):     CAMERA_MSG_ERROR
06-06 14:59:27.321 V/EmulatedCamera_CallbackNotifier( 1326):     CAMERA_MSG_SHUTTER
06-06 14:59:27.321 V/EmulatedCamera_CallbackNotifier( 1326):     CAMERA_MSG_FOCUS
06-06 14:59:27.321 V/EmulatedCamera_CallbackNotifier( 1326):     CAMERA_MSG_ZOOM
06-06 14:59:27.321 V/EmulatedCamera_CallbackNotifier( 1326):     CAMERA_MSG_PREVIEW_FRAME
06-06 14:59:27.321 V/EmulatedCamera_CallbackNotifier( 1326):     CAMERA_MSG_VIDEO_FRAME
06-06 14:59:27.321 V/EmulatedCamera_CallbackNotifier( 1326):     CAMERA_MSG_POSTVIEW_FRAME
06-06 14:59:27.321 V/EmulatedCamera_CallbackNotifier( 1326):     CAMERA_MSG_RAW_IMAGE
06-06 14:59:27.321 V/EmulatedCamera_CallbackNotifier( 1326):     CAMERA_MSG_COMPRESSED_IMAGE
06-06 14:59:27.321 V/EmulatedCamera_CallbackNotifier( 1326):     CAMERA_MSG_RAW_IMAGE_NOTIFY
06-06 14:59:27.321 V/EmulatedCamera_CallbackNotifier( 1326):     CAMERA_MSG_PREVIEW_METADATA
06-06 14:59:27.321 V/EmulatedCamera_CallbackNotifier( 1326): **** Currently enabled messages:
06-06 14:59:27.322 V/EmulatedCamera_Preview( 1326): setPreviewWindow: current: 0x0 -> new: 0x0
06-06 14:59:27.322 V/EmulatedCamera_Camera( 1326): doStopPreview
06-06 14:59:27.324 V/EmulatedCamera_Camera( 1326): cancelPicture
06-06 14:59:27.324 V/EmulatedCamera_Camera( 1326): releaseCamera
06-06 14:59:27.324 V/EmulatedCamera_Camera( 1326): doStopPreview
06-06 14:59:27.324 V/EmulatedCamera_FakeDevice( 1326): disconnectDevice
06-06 14:59:27.324 W/EmulatedCamera_Device( 1326): Initialize: Emulated camera device is already initialized: mState = 1
06-06 14:59:27.325 D/EmulatedCamera_FakeCamera( 1326): Initialize: Fake camera is facing back
06-06 14:59:27.327 V/EmulatedCamera_Device( 1326): initializeWhiteBalanceModes with auto, 1.000000, 1.000000
06-06 14:59:27.327 V/EmulatedCamera_Device( 1326): initializeWhiteBalanceModes with incandescent, 1.380000, 0.600000
06-06 14:59:27.328 V/EmulatedCamera_Device( 1326): initializeWhiteBalanceModes with daylight, 1.090000, 0.920000
06-06 14:59:27.328 V/EmulatedCamera_Device( 1326): initializeWhiteBalanceModes with twilight, 0.920000, 1.220000
06-06 14:59:27.328 V/EmulatedCamera_Device( 1326): setWhiteBalanceMode with white balance auto
06-06 14:59:27.339 I/CameraFlashlight( 1326): Destroying camera 0
06-06 14:59:27.340 V/EmulatedCamera_Camera( 1326): closeCamera
06-06 14:59:27.340 V/EmulatedCamera_Camera( 1326): doStopPreview
06-06 14:59:27.340 W/EmulatedCamera_Device( 1326): Initialize: Emulated camera device is already initialized: mState = 1
06-06 14:59:27.340 D/EmulatedCamera_FakeCamera( 1326): Initialize: Fake camera is facing back
06-06 14:59:27.340 V/EmulatedCamera_Device( 1326): initializeWhiteBalanceModes with auto, 1.000000, 1.000000
06-06 14:59:27.340 V/EmulatedCamera_Device( 1326): initializeWhiteBalanceModes with incandescent, 1.380000, 0.600000
06-06 14:59:27.341 V/EmulatedCamera_Device( 1326): initializeWhiteBalanceModes with daylight, 1.090000, 0.920000
06-06 14:59:27.341 V/EmulatedCamera_Device( 1326): initializeWhiteBalanceModes with twilight, 0.920000, 1.220000
06-06 14:59:27.341 V/EmulatedCamera_Device( 1326): setWhiteBalanceMode with white balance auto
06-06 14:59:27.361 I/CameraService( 1326): disconnect: Disconnected client for camera 0 for PID 1326
06-06 14:59:27.363 D/NuPlayerDriver( 1334): reset(0xe70a8ea0) at state 4
06-06 14:59:27.363 D/NuPlayerDriver( 1334): notifyListener_l(0xe70a8ea0), (8, 0, 0), loop setting(0, 0)
06-06 14:59:27.380 D/NuPlayerDriver( 1334): notifyResetComplete(0xe70a8ea0)
06-06 14:59:27.405 D/NuPlayerDriver( 1334): reset(0xe588c1e0) at state 4
06-06 14:59:27.405 D/NuPlayerDriver( 1334): notifyListener_l(0xe588c1e0), (8, 0, 0), loop setting(0, 0)
06-06 14:59:27.429 D/NuPlayerDriver( 1334): notifyResetComplete(0xe588c1e0)
06-06 14:59:27.441 D/NuPlayerDriver( 1334): reset(0xe70a8b40) at state 4
06-06 14:59:27.441 D/NuPlayerDriver( 1334): notifyListener_l(0xe70a8b40), (8, 0, 0), loop setting(0, 0)
06-06 14:59:27.452 D/NuPlayerDriver( 1334): notifyResetComplete(0xe70a8b40)
06-06 14:59:27.572 V/EmulatedCamera_Camera( 1326): getCameraInfo
06-06 14:59:27.572 V/EmulatedCamera_BaseCamera( 1326): getCameraInfo
06-06 14:59:27.583 V/EmulatedCamera_Camera( 1326): getCameraInfo
06-06 14:59:27.583 V/EmulatedCamera_BaseCamera( 1326): getCameraInfo
06-06 14:59:27.812 I/StatusBar( 2164): isKeyguardShowing() called before startKeyguard(), returning true
06-06 14:59:27.815 W/StatusBar( 2164): isKeyguardSecure() called before startKeyguard(), returning false
06-06 14:59:27.815 W/StatusBar( 2164): java.lang.Throwable
06-06 14:59:27.815 W/StatusBar( 2164): 	at com.android.systemui.statusbar.BaseStatusBar.isKeyguardSecure(BaseStatusBar.java:2647)
06-06 14:59:27.815 W/StatusBar( 2164): 	at com.android.systemui.statusbar.BaseStatusBar.isCameraAllowedByAdmin(BaseStatusBar.java:2670)
06-06 14:59:27.815 W/StatusBar( 2164): 	at com.android.systemui.statusbar.phone.KeyguardBottomAreaView.updateCameraVisibility(KeyguardBottomAreaView.java:309)
06-06 14:59:27.815 W/StatusBar( 2164): 	at com.android.systemui.statusbar.phone.KeyguardBottomAreaView.setPhoneStatusBar(KeyguardBottomAreaView.java:272)
06-06 14:59:27.815 W/StatusBar( 2164): 	at com.android.systemui.statusbar.phone.PhoneStatusBar.makeStatusBarView(PhoneStatusBar.java:904)
06-06 14:59:27.815 W/StatusBar( 2164): 	at com.android.systemui.statusbar.phone.PhoneStatusBar.addStatusBarWindow(PhoneStatusBar.java:3432)
06-06 14:59:27.815 W/StatusBar( 2164): 	at com.android.systemui.statusbar.phone.PhoneStatusBar.createAndAddWindows(PhoneStatusBar.java:3428)
06-06 14:59:27.815 W/StatusBar( 2164): 	at com.android.systemui.statusbar.BaseStatusBar.start(BaseStatusBar.java:765)
06-06 14:59:27.815 W/StatusBar( 2164): 	at com.android.systemui.statusbar.phone.PhoneStatusBar.start(PhoneStatusBar.java:686)
06-06 14:59:27.815 W/StatusBar( 2164): 	at com.android.systemui.statusbar.SystemBars.createStatusBarFromConfig(SystemBars.java:106)
06-06 14:59:27.815 W/StatusBar( 2164): 	at com.android.systemui.statusbar.SystemBars.onNoService(SystemBars.java:58)
06-06 14:59:27.815 W/StatusBar( 2164): 	at com.android.systemui.statusbar.ServiceMonitor.startService(ServiceMonitor.java:230)
06-06 14:59:27.815 W/StatusBar( 2164): 	at com.android.systemui.statusbar.ServiceMonitor.-wrap5(ServiceMonitor.java)
06-06 14:59:27.815 W/StatusBar( 2164): 	at com.android.systemui.statusbar.ServiceMonitor$1.handleMessage(ServiceMonitor.java:73)
06-06 14:59:27.815 W/StatusBar( 2164): 	at android.os.Handler.dispatchMessage(Handler.java:102)
06-06 14:59:27.815 W/StatusBar( 2164): 	at android.os.Looper.loop(Looper.java:154)
06-06 14:59:27.815 W/StatusBar( 2164): 	at android.app.ActivityThread.main(ActivityThread.java:6119)
06-06 14:59:27.815 W/StatusBar( 2164): 	at java.lang.reflect.Method.invoke(Native Method)
06-06 14:59:27.815 W/StatusBar( 2164): 	at com.android.internal.os.ZygoteInit$MethodAndArgsCaller.run(ZygoteInit.java:886)
06-06 14:59:27.815 W/StatusBar( 2164): 	at com.android.internal.os.ZygoteInit.main(ZygoteInit.java:776)
06-06 14:59:27.846 I/StatusBar( 2164): isKeyguardShowing() called before startKeyguard(), returning true
06-06 14:59:27.867 W/StatusBar( 2164): isKeyguardSecure() called before startKeyguard(), returning false
06-06 14:59:27.867 W/StatusBar( 2164): java.lang.Throwable
06-06 14:59:27.867 W/StatusBar( 2164): 	at com.android.systemui.statusbar.BaseStatusBar.isKeyguardSecure(BaseStatusBar.java:2647)
06-06 14:59:27.867 W/StatusBar( 2164): 	at com.android.systemui.statusbar.BaseStatusBar.isCameraAllowedByAdmin(BaseStatusBar.java:2670)
06-06 14:59:27.867 W/StatusBar( 2164): 	at com.android.systemui.statusbar.phone.KeyguardBottomAreaView.updateCameraVisibility(KeyguardBottomAreaView.java:309)
06-06 14:59:27.867 W/StatusBar( 2164): 	at com.android.systemui.statusbar.phone.KeyguardBottomAreaView.setUserSetupComplete(KeyguardBottomAreaView.java:281)
06-06 14:59:27.867 W/StatusBar( 2164): 	at com.android.systemui.statusbar.phone.PhoneStatusBar.makeStatusBarView(PhoneStatusBar.java:905)
06-06 14:59:27.867 W/StatusBar( 2164): 	at com.android.systemui.statusbar.phone.PhoneStatusBar.addStatusBarWindow(PhoneStatusBar.java:3432)
06-06 14:59:27.867 W/StatusBar( 2164): 	at com.android.systemui.statusbar.phone.PhoneStatusBar.createAndAddWindows(PhoneStatusBar.java:3428)
06-06 14:59:27.867 W/StatusBar( 2164): 	at com.android.systemui.statusbar.BaseStatusBar.start(BaseStatusBar.java:765)
06-06 14:59:27.867 W/StatusBar( 2164): 	at com.android.systemui.statusbar.phone.PhoneStatusBar.start(PhoneStatusBar.java:686)
06-06 14:59:27.867 W/StatusBar( 2164): 	at com.android.systemui.statusbar.SystemBars.createStatusBarFromConfig(SystemBars.java:106)
06-06 14:59:27.867 W/StatusBar( 2164): 	at com.android.systemui.statusbar.SystemBars.onNoService(SystemBars.java:58)
06-06 14:59:27.867 W/StatusBar( 2164): 	at com.android.systemui.statusbar.ServiceMonitor.startService(ServiceMonitor.java:230)
06-06 14:59:27.867 W/StatusBar( 2164): 	at com.android.systemui.statusbar.ServiceMonitor.-wrap5(ServiceMonitor.java)
06-06 14:59:27.867 W/StatusBar( 2164): 	at com.android.systemui.statusbar.ServiceMonitor$1.handleMessage(ServiceMonitor.java:73)
06-06 14:59:27.867 W/StatusBar( 2164): 	at android.os.Handler.dispatchMessage(Handler.java:102)
06-06 14:59:27.867 W/StatusBar( 2164): 	at android.os.Looper.loop(Looper.java:154)
06-06 14:59:27.867 W/StatusBar( 2164): 	at android.app.ActivityThread.main(ActivityThread.java:6119)
06-06 14:59:27.867 W/StatusBar( 2164): 	at java.lang.reflect.Method.invoke(Native Method)
06-06 14:59:27.867 W/StatusBar( 2164): 	at com.android.internal.os.ZygoteInit$MethodAndArgsCaller.run(ZygoteInit.java:886)
06-06 14:59:27.867 W/StatusBar( 2164): 	at com.android.internal.os.ZygoteInit.main(ZygoteInit.java:776)
06-06 14:59:28.445 V/EmulatedCamera_Camera( 1326): getCameraInfo
06-06 14:59:28.445 V/EmulatedCamera_BaseCamera( 1326): getCameraInfo
06-06 14:59:28.490 V/EmulatedCamera_Camera( 1326): getCameraInfo
06-06 14:59:28.491 V/EmulatedCamera_BaseCamera( 1326): getCameraInfo
06-06 14:59:29.723 I/StatusBar( 2164): isKeyguardShowing() called before startKeyguard(), returning true
06-06 14:59:29.725 W/StatusBar( 2164): isKeyguardSecure() called before startKeyguard(), returning false
06-06 14:59:29.725 W/StatusBar( 2164): java.lang.Throwable
06-06 14:59:29.725 W/StatusBar( 2164): 	at com.android.systemui.statusbar.BaseStatusBar.isKeyguardSecure(BaseStatusBar.java:2647)
06-06 14:59:29.725 W/StatusBar( 2164): 	at com.android.systemui.statusbar.BaseStatusBar.isCameraAllowedByAdmin(BaseStatusBar.java:2670)
06-06 14:59:29.725 W/StatusBar( 2164): 	at com.android.systemui.statusbar.phone.KeyguardBottomAreaView.updateCameraVisibility(KeyguardBottomAreaView.java:309)
06-06 14:59:29.725 W/StatusBar( 2164): 	at com.android.systemui.statusbar.phone.KeyguardBottomAreaView.setUserSetupComplete(KeyguardBottomAreaView.java:281)
06-06 14:59:29.725 W/StatusBar( 2164): 	at com.android.systemui.statusbar.phone.PhoneStatusBar$1.onChange(PhoneStatusBar.java:441)
06-06 14:59:29.725 W/StatusBar( 2164): 	at com.android.systemui.statusbar.phone.PhoneStatusBar.resetUserSetupObserver(PhoneStatusBar.java:3676)
06-06 14:59:29.725 W/StatusBar( 2164): 	at com.android.systemui.statusbar.phone.PhoneStatusBar.makeStatusBarView(PhoneStatusBar.java:1008)
06-06 14:59:29.725 W/StatusBar( 2164): 	at com.android.systemui.statusbar.phone.PhoneStatusBar.addStatusBarWindow(PhoneStatusBar.java:3432)
06-06 14:59:29.725 W/StatusBar( 2164): 	at com.android.systemui.statusbar.phone.PhoneStatusBar.createAndAddWindows(PhoneStatusBar.java:3428)
06-06 14:59:29.725 W/StatusBar( 2164): 	at com.android.systemui.statusbar.BaseStatusBar.start(BaseStatusBar.java:765)
06-06 14:59:29.725 W/StatusBar( 2164): 	at com.android.systemui.statusbar.phone.PhoneStatusBar.start(PhoneStatusBar.java:686)
06-06 14:59:29.725 W/StatusBar( 2164): 	at com.android.systemui.statusbar.SystemBars.createStatusBarFromConfig(SystemBars.java:106)
06-06 14:59:29.725 W/StatusBar( 2164): 	at com.android.systemui.statusbar.SystemBars.onNoService(SystemBars.java:58)
06-06 14:59:29.725 W/StatusBar( 2164): 	at com.android.systemui.statusbar.ServiceMonitor.startService(ServiceMonitor.java:230)
06-06 14:59:29.725 W/StatusBar( 2164): 	at com.android.systemui.statusbar.ServiceMonitor.-wrap5(ServiceMonitor.java)
06-06 14:59:29.725 W/StatusBar( 2164): 	at com.android.systemui.statusbar.ServiceMonitor$1.handleMessage(ServiceMonitor.java:73)
06-06 14:59:29.725 W/StatusBar( 2164): 	at android.os.Handler.dispatchMessage(Handler.java:102)
06-06 14:59:29.725 W/StatusBar( 2164): 	at android.os.Looper.loop(Looper.java:154)
06-06 14:59:29.725 W/StatusBar( 2164): 	at android.app.ActivityThread.main(ActivityThread.java:6119)
06-06 14:59:29.725 W/StatusBar( 2164): 	at java.lang.reflect.Method.invoke(Native Method)
06-06 14:59:29.725 W/StatusBar( 2164): 	at com.android.internal.os.ZygoteInit$MethodAndArgsCaller.run(ZygoteInit.java:886)
06-06 14:59:29.725 W/StatusBar( 2164): 	at com.android.internal.os.ZygoteInit.main(ZygoteInit.java:776)
06-06 14:59:29.789 E/SurfaceFlinger( 1320): ro.sf.lcd_density must be defined as a build property
06-06 14:59:29.796 D/OpenGLRenderer( 2164): profile bars disabled
06-06 14:59:29.819 D/OpenGLRenderer( 2164): ambientRatio = 1.50
06-06 14:59:29.953 D/PhoneStatusBar( 2164): disable: < EXPAND* icons alerts system_info BACK* HOME* RECENT* clock SEARCH* quick_settings >
06-06 14:59:30.703 D/PhoneStatusBar( 2164): heads up is enabled
06-06 14:59:31.052 I/Process ( 1926): Sending signal. PID: 2164 SIG: 3
06-06 14:59:31.054 I/art     ( 2164): Thread[3,tid=2177,WaitingInMainSignalCatcherLoop,Thread*=0x77e504c96400,peer=0x12c005e0,"Signal Catcher"]: reacting to signal 3
06-06 14:59:31.054 I/art     ( 2164): 
06-06 14:59:31.059 I/Choreographer( 2394): Skipped 249 frames!  The application may be doing too much work on its main thread.
06-06 14:59:31.539 W/GnssLocationProvider( 1926): Could not open GPS configuration file /etc/gps.conf
06-06 14:59:31.539 E/GnssLocationProvider( 1926): no AGPS interface in set_agps_server
06-06 14:59:31.601 I/GnssLocationProvider( 1926): WakeLock released by handleMessage(13, 0, null)
06-06 14:59:31.606 E/GnssLocationProvider( 1926): no AGPS interface in set_agps_server
06-06 14:59:31.618 I/GnssLocationProvider( 1926): WakeLock released by handleMessage(2, 1, null)
06-06 14:59:32.544 E/ActivityManager( 1926): ANR in com.android.systemui
06-06 14:59:32.544 E/ActivityManager( 1926): PID: 2164
06-06 14:59:32.544 E/ActivityManager( 1926): Reason: Broadcast of Intent { act=android.intent.action.TIME_TICK flg=0x50000014 (has extras) }
06-06 14:59:32.544 E/ActivityManager( 1926): Load: 0.0 / 0.0 / 0.0
06-06 14:59:32.544 E/ActivityManager( 1926): CPU usage from 0ms to 10399ms later (2020-06-06 14:59:21.676 to 2020-06-06 14:59:32.075) with 99% awake:
06-06 14:59:32.544 E/ActivityManager( 1926):   66% 1320/surfaceflinger: 28% user + 37% kernel
06-06 14:59:32.544 E/ActivityManager( 1926):   43% 1553/bootanimation: 24% user + 19% kernel
06-06 14:59:32.544 E/ActivityManager( 1926):   31% 1926/system_server: 8.5% user + 22% kernel / faults: 2008 minor 100 major
06-06 14:59:32.544 E/ActivityManager( 1926):   13% 2164/com.android.systemui: 5.8% user + 7.4% kernel / faults: 1387 minor 3 major
06-06 14:59:32.544 E/ActivityManager( 1926):   8.2% 2394/com.android.settings: 1.8% user + 6.4% kernel
06-06 14:59:32.544 E/ActivityManager( 1926):   3.6% 1322/adbd: 0% user + 3.6% kernel / faults: 523 minor
06-06 14:59:32.544 E/ActivityManager( 1926):   1.1% 1334/mediaserver: 0.2% user + 0.8% kernel / faults: 135 minor 1 major
06-06 14:59:32.544 E/ActivityManager( 1926):   0.8% 1326/cameraserver: 0.3% user + 0.4% kernel / faults: 97 minor
06-06 14:59:32.544 E/ActivityManager( 1926):   0.7% 1333/media.extractor: 0.2% user + 0.5% kernel / faults: 42 minor
06-06 14:59:32.544 E/ActivityManager( 1926):   1.7% 2549/zygote64: 0.2% user + 1.4% kernel / faults: 974 minor
06-06 14:59:32.544 E/ActivityManager( 1926):   1.5% 1325/audioserver: 0% user + 1.5% kernel
06-06 14:59:32.544 E/ActivityManager( 1926):   0.8% 8/rcu_preempt: 0% user + 0.8% kernel
06-06 14:59:32.544 E/ActivityManager( 1926):   0.5% 1319/servicemanager: 0% user + 0.5% kernel
06-06 14:59:32.544 E/ActivityManager( 1926):   0.4% 1445/logcat: 0.2% user + 0.1% kernel / faults: 1 minor
06-06 14:59:32.544 E/ActivityManager( 1926):   0.2% 1253/kworker/0:1H: 0% user + 0.2% kernel
06-06 14:59:32.544 E/ActivityManager( 1926):   0.1% 12/ksoftirqd/1: 0% user + 0.1% kernel
06-06 14:59:32.544 E/ActivityManager( 1926):   0.1% 1265/logd: 0% user + 0.1% kernel / faults: 6 minor
06-06 14:59:32.544 E/ActivityManager( 1926):   0% 3/ksoftirqd/0: 0% user + 0% kernel
06-06 14:59:32.544 E/ActivityManager( 1926):   0% 2379/com.android.phone: 0% user + 0% kernel / faults: 2 minor
06-06 14:59:32.544 E/ActivityManager( 1926):  +0% 2592/sh: 0% user + 0% kernel
06-06 14:59:32.544 E/ActivityManager( 1926): 100% TOTAL: 39% user + 59% kernel + 1.2% softirq
06-06 14:59:32.544 E/ActivityManager( 1926): CPU usage from 221627ms to 221627ms ago (1970-01-01 00:00:00.000 to 1970-01-01 00:00:00.000) with 0% awake:
06-06 14:59:32.544 E/ActivityManager( 1926): 0% TOTAL: 0% user + 0% kernel
06-06 14:59:32.565 I/Choreographer( 2394): Skipped 64 frames!  The application may be doing too much work on its main thread.
06-06 14:59:32.791 I/ActivityManager( 1926): Killing 2164:com.android.systemui/u0a21 (adj -800): bg anr
06-06 14:59:32.837 W/art     ( 1926): Long monitor contention with owner android.bg (1968) at boolean android.os.MessageQueue.enqueueMessage(android.os.Message, long)(MessageQueue.java:541) waiters=0 in android.os.Message android.os.MessageQueue.next() for 420ms
06-06 14:59:32.947 W/ActivityManager( 1926): Timeout executing service: ServiceRecord{5ba7720 u0 com.android.systemui/.keyguard.KeyguardService}
06-06 14:59:32.994 I/ActivityManager( 1926): Skipping duplicate ANR: ProcessRecord{5ee4007 2164:com.android.systemui/u0a21} executing service com.android.systemui/.keyguard.KeyguardService
06-06 14:59:32.997 E/JavaBinder( 1926): !!! FAILED BINDER TRANSACTION !!!  (parcel size = 356)
06-06 14:59:33.021 W/BroadcastQueue( 1926): Can't deliver broadcast to com.android.systemui (pid 2164). Crashing it.
06-06 14:59:33.026 W/BroadcastQueue( 1926): Failure sending broadcast Intent { act=android.media.INTERNAL_RINGER_MODE_CHANGED_ACTION flg=0x34000010 (has extras) }
06-06 14:59:33.026 W/BroadcastQueue( 1926): android.os.DeadObjectException: Transaction failed on small parcel; remote process probably died
06-06 14:59:33.026 W/BroadcastQueue( 1926): 	at android.os.BinderProxy.transactNative(Native Method)
06-06 14:59:33.026 W/BroadcastQueue( 1926): 	at android.os.BinderProxy.transact(Binder.java:615)
06-06 14:59:33.026 W/BroadcastQueue( 1926): 	at android.app.ApplicationThreadProxy.scheduleRegisteredReceiver(ApplicationThreadNative.java:1201)
06-06 14:59:33.026 W/BroadcastQueue( 1926): 	at com.android.server.am.BroadcastQueue.performReceiveLocked(BroadcastQueue.java:474)
06-06 14:59:33.026 W/BroadcastQueue( 1926): 	at com.android.server.am.BroadcastQueue.deliverToRegisteredReceiverLocked(BroadcastQueue.java:666)
06-06 14:59:33.026 W/BroadcastQueue( 1926): 	at com.android.server.am.BroadcastQueue.processNextBroadcast(BroadcastQueue.java:787)
06-06 14:59:33.026 W/BroadcastQueue( 1926): 	at com.android.server.am.BroadcastQueue$BroadcastHandler.handleMessage(BroadcastQueue.java:172)
06-06 14:59:33.026 W/BroadcastQueue( 1926): 	at android.os.Handler.dispatchMessage(Handler.java:102)
06-06 14:59:33.026 W/BroadcastQueue( 1926): 	at android.os.Looper.loop(Looper.java:154)
06-06 14:59:33.026 W/BroadcastQueue( 1926): 	at android.os.HandlerThread.run(HandlerThread.java:61)
06-06 14:59:33.026 W/BroadcastQueue( 1926): 	at com.android.server.ServiceThread.run(ServiceThread.java:46)
06-06 14:59:33.394 I/Choreographer( 2394): Skipped 47 frames!  The application may be doing too much work on its main thread.
06-06 14:59:33.596 W/System  ( 2549): ClassLoader referenced unknown path: /system/app/DeskClock/lib/x86_64
06-06 14:59:33.745 D/ConnectivityService( 1926): ConnectivityService NetworkRequestInfo binderDied(NetworkRequest [ LISTEN id=4, [] ], android.os.BinderProxy@f24d5a3)
06-06 14:59:33.751 I/WindowManager( 1926): WIN DEATH: Window{94b8c4b u0 StatusBar}
06-06 14:59:33.860 W/AudioService( 1926): Current remote volume controller died, unregistering
06-06 14:59:33.879 W/WallpaperManagerService( 1926): Wallpaper service gone: ComponentInfo{com.android.systemui/com.android.systemui.ImageWallpaper}
06-06 14:59:33.890 E/ConnectivityService( 1926): RemoteException caught trying to send a callback msg for NetworkRequest [ LISTEN id=4, [] ]
06-06 14:59:33.940 I/ActivityManager( 1926): Process com.android.systemui (pid 2164) has died
06-06 14:59:33.949 D/ActivityManager( 1926): cleanUpApplicationRecord -- 2164
06-06 14:59:33.954 W/ActivityManager( 1926): Scheduling restart of crashed service com.android.systemui/.SystemUIService in 0ms
06-06 14:59:33.954 W/ActivityManager( 1926): Scheduling restart of crashed service com.android.systemui/.keyguard.KeyguardService in 0ms
06-06 14:59:33.954 W/ActivityManager( 1926): Scheduling restart of crashed service com.android.systemui/.ImageWallpaper in 0ms
06-06 14:59:34.002 W/VolumeController( 1926): Error calling dismiss
06-06 14:59:34.002 W/VolumeController( 1926): android.os.DeadObjectException
06-06 14:59:34.002 W/VolumeController( 1926): 	at android.os.BinderProxy.transactNative(Native Method)
06-06 14:59:34.002 W/VolumeController( 1926): 	at android.os.BinderProxy.transact(Binder.java:615)
06-06 14:59:34.002 W/VolumeController( 1926): 	at android.media.IVolumeController$Stub$Proxy.dismiss(IVolumeController.java:162)
06-06 14:59:34.002 W/VolumeController( 1926): 	at com.android.server.audio.AudioService$VolumeController.postDismiss(AudioService.java:6138)
06-06 14:59:34.002 W/VolumeController( 1926): 	at com.android.server.audio.AudioService.setVolumeController(AudioService.java:5986)
06-06 14:59:34.002 W/VolumeController( 1926): 	at com.android.server.audio.AudioService$4.binderDied(AudioService.java:5995)
06-06 14:59:34.002 W/VolumeController( 1926): 	at android.os.BinderProxy.sendDeathNotice(Binder.java:688)
06-06 14:59:34.007 W/ActivityManager( 1926): Re-adding persistent process ProcessRecord{5ee4007 2164:com.android.systemui/u0a21}
06-06 14:59:34.109 W/ActivityManager( 1926): Slow operation: 101ms so far, now at startProcess: done removing from pids map
06-06 14:59:34.109 W/ActivityManager( 1926): Slow operation: 102ms so far, now at startProcess: starting to update cpu stats
06-06 14:59:34.109 W/ActivityManager( 1926): Slow operation: 102ms so far, now at startProcess: done updating cpu stats
06-06 14:59:34.110 W/ActivityManager( 1926): Slow operation: 102ms so far, now at startProcess: getting gids from package manager
06-06 14:59:34.112 W/ActivityManager( 1926): Slow operation: 104ms so far, now at startProcess: building args
06-06 14:59:34.113 W/ActivityManager( 1926): Slow operation: 105ms so far, now at startProcess: asking zygote to start proc
06-06 14:59:34.286 W/art     ( 1926): Long monitor contention with owner android.bg (1968) at void com.android.server.power.PowerManagerService.acquireWakeLockInternal(android.os.IBinder, int, java.lang.String, java.lang.String, android.os.WorkSource, java.lang.String, int, int)(PowerManagerService.java:862) waiters=0 in void com.android.server.power.PowerManagerService.handleSandman() for 1.392s
06-06 14:59:34.289 W/art     ( 1926): Long monitor contention with owner android.bg (1968) at void com.android.server.power.PowerManagerService.acquireWakeLockInternal(android.os.IBinder, int, java.lang.String, java.lang.String, android.os.WorkSource, java.lang.String, int, int)(PowerManagerService.java:862) waiters=1 in void com.android.server.power.PowerManagerService.updateUidProcStateInternal(int, int) for 1.300s
06-06 14:59:34.369 W/ActivityManager( 1926): Slow operation: 361ms so far, now at startProcess: returned from zygote!
06-06 14:59:34.369 W/ActivityManager( 1926): Slow operation: 362ms so far, now at startProcess: done updating battery stats
06-06 14:59:34.370 W/ActivityManager( 1926): Slow operation: 363ms so far, now at startProcess: building log message
06-06 14:59:34.371 I/ActivityManager( 1926): Start proc 2604:com.android.systemui/u0a21 for restart com.android.systemui
06-06 14:59:34.371 W/ActivityManager( 1926): Slow operation: 363ms so far, now at startProcess: starting to update pids map
06-06 14:59:34.371 W/ActivityManager( 1926): Slow operation: 363ms so far, now at startProcess: done updating pids map
06-06 14:59:34.375 W/art     ( 1926): Long monitor contention with owner Binder:1926_4 (2193) at void com.android.server.am.ActivityManagerService$AppDeathRecipient.binderDied()(ActivityManagerService.java:1475) waiters=0 in void com.android.server.am.ActiveServices$ServiceRestarter.run() for 396ms
06-06 14:59:34.478 W/art     ( 1926): Long monitor contention with owner Binder:1926_6 (2415) at void com.android.server.wm.WindowState$DeathRecipient.binderDied()(WindowState.java:1806) waiters=0 in void com.android.server.wm.WindowManagerService$9.binderDied() for 724ms
06-06 14:59:34.490 W/art     ( 1926): Long monitor contention with owner Binder:1926_6 (2415) at void com.android.server.wm.WindowState$DeathRecipient.binderDied()(WindowState.java:1806) waiters=1 in void com.android.server.wm.WindowState$DeathRecipient.binderDied() for 735ms
06-06 14:59:34.491 I/WindowManager( 1926): WIN DEATH: Window{5001579 u0 AssistPreviewPanel}
06-06 14:59:34.549 W/art     ( 1926): Long monitor contention with owner Binder:1926_6 (2415) at void com.android.server.wm.WindowState$DeathRecipient.binderDied()(WindowState.java:1806) waiters=2 in void com.android.server.wm.WindowState$DeathRecipient.binderDied() for 794ms
06-06 14:59:34.550 I/WindowManager( 1926): WIN DEATH: Window{661af1f u0 NavigationBar}
06-06 14:59:34.557 W/art     ( 1926): Long monitor contention with owner Binder:1926_6 (2415) at void com.android.server.wm.WindowState$DeathRecipient.binderDied()(WindowState.java:1806) waiters=3 in void com.android.server.wm.WindowManagerService$H.handleMessage(android.os.Message) for 670ms
06-06 14:59:34.580 W/art     ( 1926): Long monitor contention with owner Binder:1926_6 (2415) at void com.android.server.wm.WindowState$DeathRecipient.binderDied()(WindowState.java:1806) waiters=4 in void com.android.server.wm.WindowState$DeathRecipient.binderDied() for 576ms
06-06 14:59:34.583 W/art     ( 1926): Long monitor contention with owner Binder:1926_6 (2415) at void com.android.server.wm.WindowState$DeathRecipient.binderDied()(WindowState.java:1806) waiters=6 in int com.android.server.wm.WindowManagerService.relayoutWindow(com.android.server.wm.Session, android.view.IWindow, int, android.view.WindowManager$LayoutParams, int, int, int, int, android.graphics.Rect, android.graphics.Rect, android.graphics.Rect, android.graphics.Rect, android.graphics.Rect, android.graphics.Rect, android.graphics.Rect, android.content.res.Configuration, android.view.Surface) for 200ms
06-06 14:59:34.587 W/art     ( 1926): Long monitor contention with owner Binder:1926_6 (2415) at void com.android.server.wm.WindowState$DeathRecipient.binderDied()(WindowState.java:1806) waiters=5 in void com.android.server.wm.Session.binderDied() for 507ms
06-06 14:59:34.660 I/WindowManager( 1926): WIN DEATH: Window{ac9367a u0 DockedStackDivider}
06-06 14:59:34.862 W/art     ( 2604): Unexpected CPU variant for X86 using defaults: x86_64
06-06 14:59:34.914 I/SyncManager( 1926): Got SyncJobService instance.
06-06 14:59:35.660 I/art     ( 1926): Background partial concurrent mark sweep GC freed 20324(1629KB) AllocSpace objects, 11(1140KB) LOS objects, 29% free, 9MB/13MB, paused 44.946ms total 1.478s
06-06 14:59:35.943 W/System  ( 2604): ClassLoader referenced unknown path: /system/priv-app/SystemUI/lib/x86_64
06-06 14:59:36.800 W/art     ( 1926): Long monitor contention with owner android.bg (1968) at boolean android.os.MessageQueue.enqueueMessage(android.os.Message, long)(MessageQueue.java:541) waiters=0 in android.os.Message android.os.MessageQueue.next() for 1.884s
06-06 14:59:36.802 W/art     ( 1926): Long monitor contention with owner android.bg (1968) at void com.android.server.power.PowerManagerService.releaseWakeLockInternal(android.os.IBinder, int)(PowerManagerService.java:937) waiters=0 in void com.android.server.power.PowerManagerService.setScreenBrightnessOverrideFromWindowManagerInternal(int) for 1.823s
06-06 14:59:36.806 I/FusedLocation( 1926): engine started (com.android.location.fused)
06-06 14:59:36.827 W/art     ( 1926): Long monitor contention with owner android.bg (1968) at void com.android.server.power.PowerManagerService.releaseWakeLockInternal(android.os.IBinder, int)(PowerManagerService.java:937) waiters=1 in void com.android.server.power.PowerManagerService.updateUidProcStateInternal(int, int) for 1.111s
06-06 14:59:36.947 I/Choreographer( 1926): Skipped 117 frames!  The application may be doing too much work on its main thread.
06-06 14:59:36.964 V/SystemUIService( 2604): Starting SystemUI services for user 0.
06-06 14:59:37.042 W/WindowManager( 1926): Window freeze timeout expired.
06-06 14:59:37.057 W/WindowManager( 1926): ***** BOOT TIMEOUT: forcing display enabled
06-06 14:59:37.068 I/SurfaceFlinger( 1320): Boot is finished (218077 ms)
06-06 14:59:37.384 I/SystemServiceManager( 1926): Starting phase 1000
06-06 14:59:37.477 V/MediaRouter( 2604): Adding route: RouteInfo{ name=Phone, description=null, status=null, category=RouteCategory{ name=null types=ROUTE_TYPE_LIVE_AUDIO ROUTE_TYPE_LIVE_VIDEO  groupable=false }, supportedTypes=ROUTE_TYPE_LIVE_AUDIO ROUTE_TYPE_LIVE_VIDEO , presentationDisplay=null }
06-06 14:59:37.594 W/libprocessgroup( 1926): failed to open /acct/uid_10021/pid_2164/cgroup.procs: No such file or directory
06-06 14:59:37.640 W/ActivityManager( 1926): Slow operation: 225ms so far, now at startProcess: returned from zygote!
06-06 14:59:37.641 W/ActivityManager( 1926): Slow operation: 225ms so far, now at startProcess: done updating battery stats
06-06 14:59:37.641 W/ActivityManager( 1926): Slow operation: 226ms so far, now at startProcess: building log message
06-06 14:59:37.641 I/ActivityManager( 1926): Start proc 2623:android.ext.services/u0a12 for on-hold
06-06 14:59:37.641 W/ActivityManager( 1926): Slow operation: 226ms so far, now at startProcess: starting to update pids map
06-06 14:59:37.642 W/ActivityManager( 1926): Slow operation: 226ms so far, now at startProcess: done updating pids map
06-06 14:59:37.725 W/art     ( 2623): Unexpected CPU variant for X86 using defaults: x86_64
06-06 14:59:37.929 D/ActivityManager( 1926): Finishing user boot 0
06-06 14:59:37.998 D/CryptdConnector( 1926): SND -> {3 cryptfs prepare_user_storage ! 0 0 2}
06-06 14:59:38.140 D/vold    ( 1273): e4crypt_prepare_user_storage for volume null, user 0, serial 0, flags 2
06-06 14:59:38.141 D/vold    ( 1273): Preparing: /data/system_ce/0
06-06 14:59:38.142 D/vold    ( 1273): Preparing: /data/misc_ce/0
06-06 14:59:38.142 D/vold    ( 1273): Preparing: /data/media/0
06-06 14:59:38.143 D/vold    ( 1273): Preparing: /data/data
06-06 14:59:38.145 D/CryptdConnector( 1926): RCV <- {200 3 Command succeeded}
06-06 14:59:38.190 V/UserManagerService( 1926): Found /data/user/0 with serial number 0
06-06 14:59:38.190 V/UserManagerService( 1926): Found /data/system_ce/0 with serial number 0
06-06 14:59:38.193 V/PackageManager( 1926): reconcileAppsData for null u0 0x2
06-06 14:59:38.688 W/art     ( 2549): Suspending all threads took: 446.273ms
06-06 14:59:38.889 W/WallpaperManagerService( 1926): Wallpaper reconnect timed out, reverting to built-in wallpaper!
06-06 14:59:42.298 E/NetdConnector( 1926): NDC Command {18 firewall disable_chain standby} took too long (1994ms)
06-06 14:59:42.377 V/PackageManager( 1926): reconcileAppsData finished 81 packages
06-06 14:59:42.389 W/art     ( 1926): Long monitor contention with owner android.display (1986) at void com.android.server.am.ActivityManagerService.finishBooting()(ActivityManagerService.java:6823) waiters=0 in android.content.Intent com.android.server.am.ActivityManagerService.registerReceiver(android.app.IApplicationThread, java.lang.String, android.content.IIntentReceiver, android.content.IntentFilter, java.lang.String, int) for 4.871s
06-06 14:59:42.391 W/art     ( 1926): Long monitor contention with owner android.display (1986) at void com.android.server.am.ActivityManagerService.finishBooting()(ActivityManagerService.java:6823) waiters=1 in void com.android.server.am.BroadcastQueue.processNextBroadcast(boolean) for 4.427s
06-06 14:59:42.399 W/art     ( 1926): Long monitor contention with owner android.display (1986) at void com.android.server.am.ActivityManagerService.finishBooting()(ActivityManagerService.java:6823) waiters=2 in void com.android.server.am.ActivityManagerService.attachApplication(android.app.IApplicationThread) for 4.384s
06-06 14:59:42.402 D/MountService( 1926): onUnlockUser 0
06-06 14:59:42.402 D/VoldConnector( 1926): SND -> {8 volume user_started 0}
06-06 14:59:42.483 D/vold    ( 1273): Linking /storage/emulated/0 to /mnt/user/0/primary
06-06 14:59:42.485 D/VoldConnector( 1926): RCV <- {200 8 Command succeeded}
06-06 14:59:42.490 W/art     ( 1926): Long monitor contention with owner android.display (1986) at void com.android.server.am.ActivityManagerService.finishBooting()(ActivityManagerService.java:6823) waiters=3 in android.content.IIntentSender com.android.server.am.ActivityManagerService.getIntentSender(int, java.lang.String, android.os.IBinder, java.lang.String, int, android.content.Intent[], java.lang.String[], int, android.os.Bundle, int) for 3.598s
06-06 14:59:42.492 W/art     ( 1926): Long monitor contention with owner android.display (1986) at void com.android.server.am.ActivityManagerService.finishBooting()(ActivityManagerService.java:6823) waiters=4 in void com.android.server.am.ActivityManagerService.publishContentProviders(android.app.IApplicationThread, java.util.List) for 1.159s
06-06 14:59:42.496 D/MountService( 1926): Volume public:253,48 broadcasting mounted to UserHandle{0}
06-06 14:59:42.561 D/MountService( 1926): Volume emulated broadcasting mounted to UserHandle{0}
06-06 14:59:42.571 I/Choreographer( 1926): Skipped 330 frames!  The application may be doing too much work on its main thread.
06-06 14:59:42.604 V/MediaRouter( 2604): Updating audio routes: AudioRoutesInfo{ type=SPEAKER }
06-06 14:59:42.677 V/MediaRouter( 2604): Selecting route: RouteInfo{ name=Phone, description=null, status=null, category=RouteCategory{ name=null types=ROUTE_TYPE_LIVE_AUDIO ROUTE_TYPE_LIVE_VIDEO  groupable=false }, supportedTypes=ROUTE_TYPE_LIVE_AUDIO ROUTE_TYPE_LIVE_VIDEO , presentationDisplay=null }
06-06 14:59:42.801 W/System  ( 2623): ClassLoader referenced unknown path: /system/priv-app/ExtServices/lib/x86_64
06-06 14:59:42.944 V/BackupManagerService( 1926): No ancestral data
06-06 14:59:43.171 V/BackupManagerService( 1926): Starting with transport android/com.android.internal.backup.LocalTransport
06-06 14:59:43.172 V/BackupManagerService( 1926): Found transports: 1
06-06 14:59:43.172 W/BackupManagerService( 1926): Proposed transport ComponentInfo{android/com.android.internal.backup.LocalTransportService} not whitelisted; ignoring
06-06 14:59:43.179 I/BackupManagerService( 1926): Backup enabled => false
06-06 14:59:43.775 E/WVMExtractor( 2604): Failed to open libwvm.so: dlopen failed: library "libwvm.so" not found
06-06 14:59:44.026 W/VoiceInteractionManagerService( 1926): no available voice interaction services found for user 0
06-06 14:59:44.026 W/VoiceInteractionManagerService( 1926): no available voice recognition services found for user 0
06-06 14:59:44.115 I/ActivityManager( 1926): Loading recents for user 0 into memory.
06-06 14:59:44.251 D/ActivityManager( 1926): Sending BOOT_COMPLETE user #0
06-06 14:59:44.432 D/TrustManagerService( 1926): Removing dead TrustListener.
06-06 14:59:44.620 I/MediaPlayerService( 1334): MediaPlayerService::getOMX
06-06 14:59:44.628 I/OMXClient( 2604): MuxOMX ctor
06-06 14:59:44.643 D/CarrierSvcBindHelper( 2379): Received android.intent.action.USER_UNLOCKED
06-06 14:59:44.652 E/PhoneInterfaceManager( 2379): [PhoneIntfMgr] getCarrierPackageNamesForIntent: No UICC
06-06 14:59:44.652 D/CarrierSvcBindHelper( 2379): No carrier app for: 0
06-06 14:59:44.695 D/FallbackHome( 2394): User unlocked and real home found; let's go!
06-06 14:59:44.944 I/OMXMaster( 1330): makeComponentInstance(OMX.google.vorbis.decoder) in mediacodec process
06-06 14:59:45.033 I/ActivityManager( 1926): START u0 {act=android.intent.action.MAIN cat=[android.intent.category.HOME] flg=0x10000100 cmp=com.android.launcher3/.Launcher} from uid 0 on display 0
06-06 14:59:45.594 W/ActivityManager( 1926): Slow operation: 349ms so far, now at startProcess: returned from zygote!
06-06 14:59:45.594 W/ActivityManager( 1926): Slow operation: 349ms so far, now at startProcess: done updating battery stats
06-06 14:59:45.594 W/ActivityManager( 1926): Slow operation: 350ms so far, now at startProcess: building log message
06-06 14:59:45.594 I/ActivityManager( 1926): Start proc 2673:com.android.launcher3/u0a42 for activity com.android.launcher3/.Launcher
