06-09 01:26:36.380 I/SystemServiceManager( 1805): Starting com.android.server.content.ContentService$Lifecycle
06-09 01:26:36.396 I/SystemServer( 1805): InstallSystemProviders
06-09 01:26:36.489 W/System  ( 1805): ClassLoader referenced unknown path: /system/priv-app/SettingsProvider/lib/x86_64
06-09 01:26:36.959 I/SystemServer( 1805): StartVibratorService
06-09 01:26:37.040 E/VibratorService( 1805): Couldn't load vibrator module (No such file or directory)
06-09 01:26:37.041 W/VibratorService( 1805): Tried to stop vibrating but there is no vibrator device.
06-09 01:26:37.071 I/SystemServer( 1805): StartConsumerIrService
06-09 01:26:37.072 E/ConsumerIrService( 1805): Can't open consumer IR HW Module, error: -2
06-09 01:26:37.116 I/SystemServer( 1805): StartAlarmManagerService
06-09 01:26:37.117 I/SystemServiceManager( 1805): Starting com.android.server.AlarmManagerService
06-09 01:26:37.224 W/AlarmManagerService( 1805): no wall clock RTC found
06-09 01:26:37.227 D/AlarmManagerService( 1805): Kernel timezone updated to 0 minutes west of GMT
06-09 01:26:37.291 I/SystemServer( 1805): InitWatchdog
06-09 01:26:37.293 I/SystemServer( 1805): StartInputManagerService
06-09 01:26:37.302 I/InputManager( 1805): Initializing input manager, mUseDevInputEventForAudioJack=true
06-09 01:26:37.341 I/SystemServer( 1805): StartWindowManagerService
06-09 01:26:37.717 I/WindowManager( 1805): No existing display settings /data/system/display_settings.xml; starting empty
06-09 01:26:38.108 I/SystemServer( 1805): StartVrManagerService
06-09 01:26:38.108 I/SystemServiceManager( 1805): Starting com.android.server.vr.VrManagerService
06-09 01:26:38.144 W/VrManagerService( 1805): init_native: Could not open VR hardware module, error No such file or directory (-2).
06-09 01:26:38.171 I/InputManager( 1805): Starting input manager
06-09 01:26:38.221 D/EventHub( 1805): No input device configuration file found for device 'Power Button'.
06-09 01:26:38.273 I/SystemServer( 1805): No Bluetooth Service (emulator)
06-09 01:26:38.273 I/SystemServer( 1805): ConnectivityMetricsLoggerService
06-09 01:26:38.274 I/SystemServiceManager( 1805): Starting com.android.server.connectivity.MetricsLoggerService
06-09 01:26:38.293 I/SystemServer( 1805): IpConnectivityMetrics
06-09 01:26:38.293 I/SystemServiceManager( 1805): Starting com.android.server.connectivity.IpConnectivityMetrics
06-09 01:26:38.295 I/SystemServer( 1805): PinnerService
06-09 01:26:38.296 I/SystemServiceManager( 1805): Starting com.android.server.PinnerService
06-09 01:26:38.311 I/SystemServiceManager( 1805): Starting com.android.server.InputMethodManagerService$Lifecycle
06-09 01:26:38.393 W/EventHub( 1805): Unable to disable kernel key repeat for /dev/input/event0: Function not implemented
06-09 01:26:38.394 I/EventHub( 1805): New device: id=1, fd=91, path='/dev/input/event0', name='Power Button', classes=0x1, configuration='', keyLayout='/system/usr/keylayout/Generic.kl', keyCharacterMap='/system/usr/keychars/Generic.kcm', builtinKeyboard=false, wakeMechanism=EPOLLWAKEUP, usingClockIoctl=true
06-09 01:26:38.437 W/EventHub( 1805): Unable to disable kernel key repeat for /dev/input/event1: Function not implemented
06-09 01:26:38.438 I/EventHub( 1805): New device: id=2, fd=92, path='/dev/input/event1', name='qwerty2', classes=0x95, configuration='/system/usr/idc/qwerty2.idc', keyLayout='/system/usr/keylayout/qwerty.kl', keyCharacterMap='/system/usr/keychars/qwerty2.kcm', builtinKeyboard=true, wakeMechanism=EPOLLWAKEUP, usingClockIoctl=true
06-09 01:26:38.438 E/EventHub( 1805): could not get driver version for /dev/input/mice, Not a typewriter
06-09 01:26:38.628 I/InputReader( 1805): Device added: id=-1, name='Virtual', sources=0x00000301
06-09 01:26:38.646 I/InputReader( 1805):   Touch device 'qwerty2' could not query the properties of its associated display.  The device will be inoperable until the display size becomes available.
06-09 01:26:38.648 I/InputReader( 1805): Device added: id=0, name='qwerty2', sources=0x80001103
06-09 01:26:38.648 I/InputReader( 1805): Device added: id=1, name='Power Button', sources=0x00000101
06-09 01:26:40.084 I/SystemServer( 1805): StartAccessibilityManagerService
06-09 01:26:40.169 I/ActivityManager( 1805): Config changes=1df8 {1.0 ?mcc?mnc [en_US] ldltr sw360dp w360dp h640dp 480dpi nrml long port ?uimode ?night -touch -keyb/v/h -nav/h s.2}
06-09 01:26:40.371 I/ActivityManager( 1805): Config changes=508 {1.0 ?mcc?mnc [en_US] ldltr sw360dp w360dp h568dp 480dpi nrml port ?uimode ?night finger -keyb/v/h -nav/h s.3}
06-09 01:26:40.469 I/SystemServiceManager( 1805): Starting com.android.server.MountService$Lifecycle
06-09 01:26:40.488 I/InputReader( 1805): Reconfiguring input devices.  changes=0x00000004
06-09 01:26:40.489 I/InputReader( 1805): Device reconfigured: id=0, name='qwerty2', size 1080x1920, orientation 0, mode 1, display id 0
06-09 01:26:40.507 I/InputReader( 1805): Reconfiguring input devices.  changes=0x00000004
06-09 01:26:40.604 I/UsageStatsService( 1805): User[0] Rollover scheduled @ 2020-06-10 01:26:40(1591752400278)
06-09 01:26:40.607 E/AppIdleHistory( 1805): Unable to read app idle file for user 0
06-09 01:26:40.703 I/SystemServiceManager( 1805): Starting com.android.server.UiModeManagerService
06-09 01:26:40.711 D/MountService( 1805): Thinking about init, mSystemReady=false, mDaemonConnected=true
06-09 01:26:40.712 D/MountService( 1805): Thinking about reset, mSystemReady=false, mDaemonConnected=true
06-09 01:26:40.721 D/MountService( 1805): Thinking about init, mSystemReady=false, mDaemonConnected=true
06-09 01:26:40.721 D/MountService( 1805): Thinking about reset, mSystemReady=false, mDaemonConnected=true
06-09 01:26:40.727 I/ActivityManager( 1805): Config changes=200 {1.0 ?mcc?mnc [en_US] ldltr sw360dp w360dp h568dp 480dpi nrml port finger -keyb/v/h -nav/h s.4}
06-09 01:26:40.731 D/CryptdConnector( 1805): SND -> {1 cryptfs getfield SystemLocale}
06-09 01:26:40.816 W/PackageManager( 1805): No disk maintenance in 1043276809; running immediately
06-09 01:26:40.817 I/SystemServer( 1805): StartLockSettingsService
06-09 01:26:40.821 I/SystemServiceManager( 1805): Starting com.android.server.LockSettingsService$Lifecycle
06-09 01:26:40.896 I/SystemServiceManager( 1805): Starting com.android.server.DeviceIdleController
06-09 01:26:40.901 D/CryptdConnector( 1805): RCV <- {200 1 -1}
06-09 01:26:40.925 W/MountService( 1805): No primary storage mounted!
06-09 01:26:40.926 D/VoldConnector( 1805): SND -> {1 asec list}
06-09 01:26:40.961 I/SystemServiceManager( 1805): Starting com.android.server.devicepolicy.DevicePolicyManagerService$Lifecycle
06-09 01:26:40.963 D/VoldConnector( 1805): RCV <- {200 1 asec operation succeeded}
06-09 01:26:40.971 I/PackageManager( 1805): No secure containers found
06-09 01:26:40.972 W/PackageManager( 1805): Unknown permission com.google.android.googleapps.permission.GOOGLE_AUTH in package com.android.providers.calendar
06-09 01:26:40.972 W/PackageManager( 1805): Unknown permission com.google.android.googleapps.permission.GOOGLE_AUTH.cl in package com.android.providers.calendar
06-09 01:26:40.973 W/PackageManager( 1805): Not granting permission android.permission.GLOBAL_SEARCH to package com.android.quicksearchbox (protectionLevel=18 flags=0x3808be45)
06-09 01:26:40.974 W/PackageManager( 1805): Not granting permission android.permission.WRITE_EXTERNAL_STORAGE to package gov.nasa.arc.astrobee.android.gs.manager because it was previously installed without
06-09 01:26:40.974 W/PackageManager( 1805): Not granting permission android.permission.READ_EXTERNAL_STORAGE to package gov.nasa.arc.astrobee.android.gs.manager because it was previously installed without
06-09 01:26:40.975 W/PackageManager( 1805): Unknown permission com.android.launcher.permission.READ_SETTINGS in package com.android.launcher3
06-09 01:26:40.975 W/PackageManager( 1805): Unknown permission com.android.launcher.permission.WRITE_SETTINGS in package com.android.launcher3
06-09 01:26:40.975 W/PackageManager( 1805): Not granting permission android.permission.BIND_APPWIDGET to package com.android.launcher3 (protectionLevel=18 flags=0x3c4bbe45)
06-09 01:26:40.975 W/PackageManager( 1805): Unknown permission com.google.android.googleapps.permission.GOOGLE_AUTH.mail in package com.android.calendar
06-09 01:26:40.976 W/PackageManager( 1805): Unknown permission com.google.android.providers.settings.permission.WRITE_GSETTINGS in package com.android.sdksetup
06-09 01:26:40.977 W/PackageManager( 1805): Unknown permission com.google.android.permission.INSTALL_WEARABLE_PACKAGES in package com.android.packageinstaller
06-09 01:26:40.977 W/PackageManager( 1805): Not granting permission android.permission.DELETE_PACKAGES to package com.svox.pico (protectionLevel=18 flags=0x3808be45)
06-09 01:26:40.977 W/PackageManager( 1805): Not granting permission android.permission.READ_CONTACTS to package com.example.android.apis because it was previously installed without
06-09 01:26:40.977 W/PackageManager( 1805): Not granting permission android.permission.WRITE_CONTACTS to package com.example.android.apis because it was previously installed without
06-09 01:26:40.977 W/PackageManager( 1805): Not granting permission android.permission.ACCESS_COARSE_LOCATION to package com.example.android.apis because it was previously installed without
06-09 01:26:40.978 W/PackageManager( 1805): Not granting permission android.permission.WRITE_EXTERNAL_STORAGE to package com.example.android.apis because it was previously installed without
06-09 01:26:40.978 W/PackageManager( 1805): Not granting permission android.permission.SEND_SMS to package com.example.android.apis because it was previously installed without
06-09 01:26:40.978 W/PackageManager( 1805): Not granting permission android.permission.RECEIVE_SMS to package com.example.android.apis because it was previously installed without
06-09 01:26:40.978 W/PackageManager( 1805): Not granting permission android.permission.RECEIVE_MMS to package com.example.android.apis because it was previously installed without
06-09 01:26:40.978 W/PackageManager( 1805): Not granting permission android.permission.READ_SMS to package com.example.android.apis because it was previously installed without
06-09 01:26:40.978 W/PackageManager( 1805): Not granting permission android.permission.READ_PHONE_STATE to package com.example.android.apis because it was previously installed without
06-09 01:26:40.978 W/PackageManager( 1805): Not granting permission android.permission.RECORD_AUDIO to package com.example.android.apis because it was previously installed without
06-09 01:26:40.979 W/PackageManager( 1805): Not granting permission android.permission.CAMERA to package com.example.android.apis because it was previously installed without
06-09 01:26:40.979 W/PackageManager( 1805): Not granting permission android.permission.READ_EXTERNAL_STORAGE to package com.example.android.apis because it was previously installed without
06-09 01:26:40.979 W/PackageManager( 1805): Unknown permission android.permission.RUN_INSTRUMENTATION in package org.chromium.webview_shell
06-09 01:26:41.014 W/PackageManager( 1805): Unknown permission com.google.android.googleapps.permission.GOOGLE_AUTH in package com.android.settings
06-09 01:26:41.028 W/PackageManager( 1805): Unknown permission com.android.launcher.permission.READ_SETTINGS in package com.android.settings
06-09 01:26:41.028 W/PackageManager( 1805): Unknown permission com.android.launcher.permission.WRITE_SETTINGS in package com.android.settings
06-09 01:26:41.035 W/PackageManager( 1805): Unknown permission com.android.smspush.WAPPUSH_MANAGER_BIND in package com.android.phone
06-09 01:26:41.037 W/PackageManager( 1805): Unknown permission com.google.android.googleapps.permission.ACCESS_GOOGLE_PASSWORD in package com.android.development
06-09 01:26:41.037 W/PackageManager( 1805): Unknown permission com.google.android.googleapps.permission.GOOGLE_AUTH in package com.android.development
06-09 01:26:41.038 W/PackageManager( 1805): Unknown permission com.google.android.googleapps.permission.GOOGLE_AUTH.ALL_SERVICES in package com.android.development
06-09 01:26:41.038 W/PackageManager( 1805): Unknown permission com.google.android.googleapps.permission.GOOGLE_AUTH.YouTubeUser in package com.android.development
06-09 01:26:41.038 W/PackageManager( 1805): Not granting permission android.permission.BIND_APPWIDGET to package com.android.widgetpreview (protectionLevel=18 flags=0x3808be44)
06-09 01:26:41.565 W/art     ( 1805): Long monitor contention with owner MountService (1977) at void com.android.server.pm.PackageManagerService.loadMediaPackages(android.util.ArrayMap, int[], boolean)(PackageManagerService.java:19317) waiters=0 in boolean com.android.server.pm.PackageManagerService.hasSystemFeature(java.lang.String, int) for 531ms
06-09 01:26:41.582 I/SystemServer( 1805): StartStatusBarManagerService
06-09 01:26:41.631 W/MountService( 1805): No primary storage defined yet; hacking together a stub
06-09 01:26:41.634 I/SystemServer( 1805): StartClipboardService
06-09 01:26:41.638 W/MountService( 1805): No primary storage defined yet; hacking together a stub
06-09 01:26:41.658 I/SystemServer( 1805): StartNetworkManagementService
06-09 01:26:41.700 W/MountService( 1805): No primary storage mounted!
06-09 01:26:41.701 D/VoldConnector( 1805): SND -> {2 asec list}
06-09 01:26:41.703 D/VoldConnector( 1805): RCV <- {200 2 asec operation succeeded}
06-09 01:26:41.705 I/NetworkManagement( 1805): onDaemonConnected()
06-09 01:26:41.707 I/MountService( 1805): Running fstrim idle maintenance
06-09 01:26:41.709 D/VoldConnector( 1805): SND -> {3 fstrim dotrim}
06-09 01:26:41.747 I/SystemServiceManager( 1805): Starting com.android.server.TextServicesManagerService$Lifecycle
06-09 01:26:41.778 D/VoldConnector( 1805): RCV <- {200 3 Command succeeded}
06-09 01:26:41.785 D/vold    ( 1270): Starting trim of /cache
06-09 01:26:41.786 W/vold    ( 1270): Trim failed on /cache: Operation not supported on transport endpoint
06-09 01:26:41.787 D/vold    ( 1270): Starting trim of /data
06-09 01:26:41.788 W/vold    ( 1270): Trim failed on /data: Operation not supported on transport endpoint
06-09 01:26:41.818 D/VoldConnector( 1805): RCV <- {662 /cache -1 -1}
06-09 01:26:41.831 I/SystemServer( 1805): StartNetworkScoreService
06-09 01:26:41.833 D/VoldConnector( 1805): RCV <- {662 /data -1 -1}
06-09 01:26:41.859 E/VoldConnector( 1805): Error handling '662 /cache -1 -1': java.lang.NullPointerException: Attempt to invoke virtual method 'void android.os.DropBoxManager.addText(java.lang.String, java.lang.String)' on a null object reference
06-09 01:26:41.929 I/SystemServer( 1805): StartNetworkStatsService
06-09 01:26:42.021 E/VoldConnector( 1805): Error handling '662 /data -1 -1': java.lang.NullPointerException: Attempt to invoke virtual method 'void android.os.DropBoxManager.addText(java.lang.String, java.lang.String)' on a null object reference
06-09 01:26:42.028 I/SystemServer( 1805): StartNetworkPolicyManagerService
06-09 01:26:42.067 I/SystemServer( 1805): No Wi-Fi NAN Service (NAN support Not Present)
06-09 01:26:42.567 W/art     ( 1805): Verification of void com.android.server.wifi.p2p.WifiP2pService.<init>(android.content.Context) took 205.397ms
06-09 01:26:42.632 I/SystemServiceManager( 1805): Starting com.android.server.wifi.p2p.WifiP2pService
06-09 01:26:42.818 I/WifiP2pService( 1805): Registering wifip2p
06-09 01:26:42.835 I/SystemServiceManager( 1805): Starting com.android.server.wifi.WifiService
06-09 01:26:43.169 W/art     ( 1805): Verification of void com.android.server.wifi.WifiStateMachine.<init>(android.content.Context, com.android.server.wifi.FrameworkFacade, android.os.Looper, android.os.UserManager, com.android.server.wifi.WifiInjector, com.android.server.wifi.BackupManagerProxy, com.android.server.wifi.WifiCountryCode) took 121.965ms
06-09 01:26:43.911 W/art     ( 1805): Suspending all threads took: 74.546ms
06-09 01:26:43.933 W/art     ( 1805): Verification of com.android.server.wifi.NetworkUpdateResult com.android.server.wifi.WifiConfigManager.addOrUpdateNetworkNative(android.net.wifi.WifiConfiguration, int) took 119.284ms
06-09 01:26:44.061 I/art     ( 1805): Background sticky concurrent mark sweep GC freed 33560(2MB) AllocSpace objects, 14(280KB) LOS objects, 26% free, 8MB/10MB, paused 79.282ms total 391.970ms
06-09 01:26:44.161 D/HS20    ( 1805): Passpoint is disabled
06-09 01:26:44.476 D/CommandListener( 1338): Clearing all IP addresses on wlan0
06-09 01:26:44.655 D/WifiApConfigStore( 1805): 2G band allowed channels are:1,6,11
06-09 01:26:44.671 E/WifiLogger( 1805): no ring buffers found
06-09 01:26:44.671 E/WifiLogger( 1805): Failed to start packet fate monitoring
06-09 01:26:44.719 D/WifiController( 1805): isAirplaneModeOn = true, isWifiEnabled = false, isScanningAvailable = false
06-09 01:26:44.738 I/WifiService( 1805): Registering wifi
06-09 01:26:44.782 I/SystemServiceManager( 1805): Starting com.android.server.wifi.scanner.WifiScanningService
06-09 01:26:44.782 I/WifiScanningService( 1805): Creating wifiscanner
06-09 01:26:44.791 I/WifiScanningService( 1805): Publishing wifiscanner
06-09 01:26:44.796 I/SystemServiceManager( 1805): Starting com.android.server.wifi.RttService
06-09 01:26:44.801 I/RttService( 1805): Creating rttmanager
06-09 01:26:44.804 I/RttService( 1805): Starting rttmanager
06-09 01:26:44.807 I/SystemServer( 1805): StartConnectivityService
06-09 01:26:44.898 D/ConnectivityService( 1805): ConnectivityService starting up
06-09 01:26:44.951 D/ConnectivityService( 1805): wifiOnly=false
06-09 01:26:45.081 I/SystemServer( 1805): StartNsdService
06-09 01:26:45.120 I/SystemServer( 1805): StartUpdateLockService
06-09 01:26:45.137 I/SystemServiceManager( 1805): Starting com.android.server.RecoverySystemService
06-09 01:26:45.162 I/SystemServiceManager( 1805): Starting com.android.server.notification.NotificationManagerService
06-09 01:26:45.325 D/ConditionProviders.SCP( 1805): new ScheduleConditionProvider()
06-09 01:26:45.466 D/ZenLog  ( 1805): config: readXml,ZenModeConfig[user=0,allowCalls=true,allowRepeatCallers=false,allowMessages=false,allowCallsFrom=contacts,allowMessagesFrom=contacts,allowReminders=true,allowEvents=true,allowWhenScreenOff=true,allowWhenScreenOn=true,automaticRules={370bd6672ef541ba946db9ac4aef0faf=ZenRule[enabled=false,snoozing=false,name=Weeknight,zenMode=ZEN_MODE_ALARMS,conditionId=condition://android/schedule?days=1.2.3.4.5&start=22.0&end=7.0&exitAtAlarm=false,condition=Condition[id=condition://android/schedule?days=1.2.3.4.5&start=22.0&end=7.0&exitAtAlarm=false,summary=...,line1=...,line2=...,icon=0,state=STATE_TRUE,flags=2],component=ComponentInfo{android/com.android.server.notification.ScheduleConditionProvider},id=370bd6672ef541ba946db9ac4aef0faf,creationTime=1590622727817,enabler=null], a53ffdf89c814123a52adbdd46bc948d=ZenRule[enabled=false,snoozing=false,name=Weekend,zenMode=ZEN_MODE_ALARMS,conditionId=condition://android/schedule?days=6.7&start=23.30&end=10.0&exitAtAlarm=false,condition=Condition[id=condition://android/schedule?days=6.7&start=23.30&end=10.0&exitAtAlarm=false,summary=...,line1=...,line2=...,icon=0,state=STATE_FALSE,flags=2],component=ComponentInfo{android/com.android.server.notification.ScheduleConditionProvider},id=a53ffdf89c814123a52adbdd46bc948d,creationTime=1590622727818,enabler=null], fc8bb1aacabb4877a1d1d167106f6e77=ZenRule[enabled=false,snoozing=false,name=Event,zenMode=ZEN_MODE_ALARMS,conditionId=condition://android/event?userId=-10000&calendar=&reply=1,condition=Condition[id=condition://android/event?userId=-10000&calendar=&reply=1,summary=...,line1=...,line2=...,icon=0,state=STATE_FALSE,flags=2],component=ComponentInfo{android/com.android.server.notification.EventConditionProvider},id=fc8bb1aacabb4877a1d1d167106f6e77,creationTime=1590622727822,enabler=null]},manualRule=null],Diff[automaticRule[370bd6672ef541ba946db9ac4aef0faf]:insert,automaticRule[bb56f32ee4cd44278ad8dd27db56e626]:delete,automaticRule[b4deed178f1e4f769f2e16d3c215de61]:delete,automaticRule[a53ffdf89c814123a52adbdd46bc948d]:insert,automaticRule[fc8bb1aacabb4877a1d1d167106f6e77]:insert,automaticRule[fc7d6f6947d34aabba297a049cb859d4]:delete]
06-09 01:26:45.671 D/ZenLog  ( 1805): set_zen_mode: off,init
06-09 01:26:45.741 I/SystemServiceManager( 1805): Starting com.android.server.storage.DeviceStorageMonitorService
06-09 01:26:45.813 I/SystemServer( 1805): StartLocationManagerService
06-09 01:26:45.840 I/SystemServer( 1805): StartCountryDetectorService
06-09 01:26:45.884 I/SystemServer( 1805): StartSearchManagerService
06-09 01:26:45.885 I/SystemServiceManager( 1805): Starting com.android.server.search.SearchManagerService$Lifecycle
06-09 01:26:45.926 I/SystemServiceManager( 1805): Starting com.android.server.DropBoxManagerService
06-09 01:26:45.981 I/SystemServer( 1805): StartWallpaperManagerService
06-09 01:26:45.982 I/SystemServiceManager( 1805): Starting com.android.server.wallpaper.WallpaperManagerService$Lifecycle
06-09 01:26:46.052 E/BitmapFactory( 1805): Unable to decode stream: java.io.FileNotFoundException: /data/system/users/0/wallpaper_orig (No such file or directory)
06-09 01:26:46.052 E/WallpaperManagerService( 1805): Invalid wallpaper data
06-09 01:26:46.052 E/WallpaperManagerService( 1805): Unable to apply new wallpaper
06-09 01:26:46.087 I/SystemServer( 1805): StartAudioService
06-09 01:26:46.088 I/SystemServiceManager( 1805): Starting com.android.server.audio.AudioService$Lifecycle
06-09 01:26:46.291 W/TelecomManager( 1805): Telecom Service not found.
06-09 01:26:46.365 D/PermissionCache( 1326): checking android.permission.MODIFY_AUDIO_SETTINGS for uid=1000 => granted (63855 us)
06-09 01:26:46.394 W/AudioFlinger( 1326): no wake lock to update, system not ready yet
06-09 01:26:46.460 D/PermissionCache( 1326): checking android.permission.MODIFY_AUDIO_SETTINGS for uid=1000 => granted (125287 us)
06-09 01:26:47.144 I/SystemServiceManager( 1805): Starting com.android.server.DockObserver
06-09 01:26:47.168 W/DockObserver( 1805): This kernel does not have dock station support
06-09 01:26:47.238 I/SystemServer( 1805): StartWiredAccessoryManager
06-09 01:26:47.292 W/WiredAccessoryManager( 1805): This kernel does not have usb audio support
06-09 01:26:47.294 W/WiredAccessoryManager( 1805): This kernel does not have HDMI audio support
06-09 01:26:47.295 I/SystemServiceManager( 1805): Starting com.android.server.midi.MidiService$Lifecycle
06-09 01:26:47.342 I/SystemServiceManager( 1805): Starting com.android.server.usb.UsbService$Lifecycle
06-09 01:26:47.567 I/SystemServer( 1805): StartSerialService
06-09 01:26:47.578 E/HardwarePropertiesManagerService-JNI( 1805): Couldn't load thermal module (No such file or directory)
06-09 01:26:47.582 I/SystemServiceManager( 1805): Starting com.android.server.twilight.TwilightService
06-09 01:26:47.585 I/SystemServiceManager( 1805): Starting com.android.server.job.JobSchedulerService
06-09 01:26:47.668 I/SystemServiceManager( 1805): Starting com.android.server.soundtrigger.SoundTriggerService
06-09 01:26:47.693 I/SystemServiceManager( 1805): Starting com.android.server.backup.BackupManagerService$Lifecycle
06-09 01:26:47.713 I/SystemServiceManager( 1805): Starting com.android.server.appwidget.AppWidgetService
06-09 01:26:47.871 I/SystemServiceManager( 1805): Starting com.android.server.voiceinteraction.VoiceInteractionManagerService
06-09 01:26:47.903 I/SystemServer( 1805): Gesture Launcher Service
06-09 01:26:47.903 I/SystemServiceManager( 1805): Starting com.android.server.GestureLauncherService
06-09 01:26:47.905 I/SystemServiceManager( 1805): Starting com.android.server.SensorNotificationService
06-09 01:26:47.905 I/SystemServiceManager( 1805): Starting com.android.server.ContextHubSystemService
06-09 01:26:47.921 E/ContextHubService( 1805): ** Could not load context_hub module : err No such file or directory
06-09 01:26:47.921 W/ContextHubService( 1805): No Context Hub Module present
06-09 01:26:47.922 I/SystemServer( 1805): StartDiskStatsService
06-09 01:26:47.925 I/SystemServer( 1805): StartSamplingProfilerService
06-09 01:26:48.176 I/SystemServer( 1805): StartNetworkTimeUpdateService
06-09 01:26:48.193 I/SystemServer( 1805): StartCommonTimeManagementService
06-09 01:26:48.211 I/SystemServer( 1805): CertBlacklister
06-09 01:26:48.238 I/SystemServiceManager( 1805): Starting com.android.server.emergency.EmergencyAffordanceService
06-09 01:26:48.287 I/SystemServiceManager( 1805): Starting com.android.server.dreams.DreamManagerService
06-09 01:26:48.394 I/SystemServer( 1805): StartAssetAtlasService
06-09 01:26:48.483 I/SystemServiceManager( 1805): Starting com.android.server.print.PrintManagerService
06-09 01:26:48.517 D/AssetAtlas( 1805): Loaded configuration: SliceMinArea (1280x896) flags=0x2 count=91
06-09 01:26:48.653 I/SystemServiceManager( 1805): Starting com.android.server.restrictions.RestrictionsManagerService
06-09 01:26:48.659 I/SystemServiceManager( 1805): Starting com.android.server.media.MediaSessionService
06-09 01:26:48.748 I/SystemServer( 1805): StartMediaRouterService
06-09 01:26:48.804 I/SystemServiceManager( 1805): Starting com.android.server.trust.TrustManagerService
06-09 01:26:48.891 I/SystemServiceManager( 1805): Starting com.android.server.fingerprint.FingerprintService
06-09 01:26:49.001 D/gralloc_ranchu( 1805): Emulator without host-side GPU emulation detected. Loading gralloc.default.so from /vendor/lib64/hw/gralloc.goldfish.default.so...
06-09 01:26:49.006 D/gralloc_ranchu( 1805): gralloc.default.so not found in /vendor. Trying /system/lib64/hw/gralloc.goldfish.default.so...
06-09 01:26:49.056 D/PermissionCache( 1341): checking android.permission.MANAGE_FINGERPRINT for uid=1000 => granted (30629 us)
06-09 01:26:49.070 V/fingerprintd( 1341): nativeOpenHal()
06-09 01:26:49.195 D/FingerprintHal( 1341): ----------------> fingerprint_open ----------------->
06-09 01:26:49.198 E/fingerprintd( 1341): Wrong fp version. Expected 512, got 513
06-09 01:26:49.198 D/FingerprintHal( 1341): ----------------> set_notify_callback ----------------->
06-09 01:26:49.198 D/FingerprintHal( 1341): fingerprint callback notification set
06-09 01:26:49.198 V/fingerprintd( 1341): fingerprint HAL successfully initialized
06-09 01:26:49.213 D/FingerprintHal( 1341): ----------------> listenerFunction ----------------->
06-09 01:26:49.215 V/fingerprintd( 1341): setActiveGroup(0, /data/system/users/0/fpdata, 27)
06-09 01:26:49.215 D/FingerprintHal( 1341): ----------------> fingerprint_set_active_group -----------------> path /data/system/users/0/fpdata
06-09 01:26:49.215 D/FingerprintHal( 1341): ----------------> loadFingerprints ----------------->
06-09 01:26:49.215 E/FingerprintHal( 1341): Could not load fingerprints from storage at /data/system/users/0/fpdata/emufp.bin; it has not yet been created.
06-09 01:26:49.216 D/FingerprintHal( 1341): ----------------> loadAuthenticatorId ----------------->
06-09 01:26:49.250 D/FingerprintHal( 1341): Read authenticator id (0x6b8b4567327b23c6)
06-09 01:26:49.271 D/FingerprintHal( 1341): ----------------> fingerprint_get_auth_id ----------------->
06-09 01:26:49.271 D/FingerprintHal( 1341): ----------------> fingerprint_get_auth_id auth id 6b8b4567327b23c6----------------->
06-09 01:26:49.360 V/FingerprintService( 1805): Fingerprint HAL id: 131007682756608
06-09 01:26:49.394 I/SystemServer( 1805): StartBackgroundDexOptService
06-09 01:26:49.435 I/SystemServiceManager( 1805): Starting com.android.server.pm.ShortcutService$Lifecycle
06-09 01:26:49.521 I/SystemServiceManager( 1805): Starting com.android.server.pm.LauncherAppsService
06-09 01:26:49.571 I/SystemServiceManager( 1805): Starting com.android.server.media.projection.MediaProjectionManagerService
06-09 01:26:49.635 V/MediaRouter( 1805): Adding route: RouteInfo{ name=Phone, description=null, status=null, category=RouteCategory{ name=null types=ROUTE_TYPE_LIVE_AUDIO ROUTE_TYPE_LIVE_VIDEO  groupable=false }, supportedTypes=ROUTE_TYPE_LIVE_AUDIO ROUTE_TYPE_LIVE_VIDEO , presentationDisplay=null }
06-09 01:26:49.674 V/MediaRouter( 1805): Updating audio routes: AudioRoutesInfo{ type=SPEAKER }
06-09 01:26:49.717 V/MediaRouter( 1805): Selecting route: RouteInfo{ name=Phone, description=null, status=null, category=RouteCategory{ name=null types=ROUTE_TYPE_LIVE_AUDIO ROUTE_TYPE_LIVE_VIDEO  groupable=false }, supportedTypes=ROUTE_TYPE_LIVE_AUDIO ROUTE_TYPE_LIVE_VIDEO , presentationDisplay=null }
06-09 01:26:49.782 W/art     ( 1805): Suspending all threads took: 32.652ms
06-09 01:26:49.919 W/AssetAtlasService( 1805): Could not find EGL configuration
06-09 01:26:49.924 I/WindowManager( 1805): SAFE MODE not enabled
06-09 01:26:49.925 I/SystemServiceManager( 1805): Starting com.android.server.MmsServiceBroker
06-09 01:26:49.974 D/AssetAtlas( 1805): Rendered atlas in 637.40ms (582.97+54.42ms)
06-09 01:26:50.034 W/VibratorService( 1805): Tried to stop vibrating but there is no vibrator device.
06-09 01:26:50.053 I/art     ( 1805): Background partial concurrent mark sweep GC freed 17178(1294KB) AllocSpace objects, 4(80KB) LOS objects, 24% free, 12MB/16MB, paused 48.281ms total 861.077ms
06-09 01:26:50.771 E/LockSettingsStorage( 1805): Cannot read file java.io.FileNotFoundException: /data/system/gatekeeper.password.key: open failed: ENOENT (No such file or directory)
06-09 01:26:50.773 E/LockSettingsStorage( 1805): Cannot read file java.io.FileNotFoundException: /data/system/password.key: open failed: ENOENT (No such file or directory)
06-09 01:26:50.775 E/LockSettingsStorage( 1805): Cannot read file java.io.FileNotFoundException: /data/system/gatekeeper.pattern.key: open failed: ENOENT (No such file or directory)
06-09 01:26:50.777 E/LockSettingsStorage( 1805): Cannot read file java.io.FileNotFoundException: /data/system/gatekeeper.gesture.key: open failed: ENOENT (No such file or directory)
06-09 01:26:50.778 E/LockSettingsStorage( 1805): Cannot read file java.io.FileNotFoundException: /data/system/gesture.key: open failed: ENOENT (No such file or directory)
06-09 01:26:50.779 I/SystemServiceManager( 1805): Starting phase 480
06-09 01:26:50.833 I/DevicePolicyManagerService( 1805): Set ro.device_owner property to false
06-09 01:26:50.943 I/SystemServiceManager( 1805): Starting phase 500
06-09 01:26:50.987 D/ConnectivityMetricsLoggerService( 1805): onBootPhase: PHASE_SYSTEM_SERVICES_READY
06-09 01:26:51.066 I/WifiService( 1805): WifiService starting up with Wi-Fi disabled
06-09 01:26:51.095 I/WifiScanningService( 1805): Starting wifiscanner
06-09 01:26:51.157 I/RttService( 1805): Registering rttmanager
06-09 01:26:51.317 D/ZenLog  ( 1805): config: cleanUpZenRules,ZenModeConfig[user=0,allowCalls=true,allowRepeatCallers=false,allowMessages=false,allowCallsFrom=contacts,allowMessagesFrom=contacts,allowReminders=true,allowEvents=true,allowWhenScreenOff=true,allowWhenScreenOn=true,automaticRules={370bd6672ef541ba946db9ac4aef0faf=ZenRule[enabled=false,snoozing=false,name=Weeknight,zenMode=ZEN_MODE_ALARMS,conditionId=condition://android/schedule?days=1.2.3.4.5&start=22.0&end=7.0&exitAtAlarm=false,condition=Condition[id=condition://android/schedule?days=1.2.3.4.5&start=22.0&end=7.0&exitAtAlarm=false,summary=...,line1=...,line2=...,icon=0,state=STATE_TRUE,flags=2],component=ComponentInfo{android/com.android.server.notification.ScheduleConditionProvider},id=370bd6672ef541ba946db9ac4aef0faf,creationTime=1590622727817,enabler=null], a53ffdf89c814123a52adbdd46bc948d=ZenRule[enabled=false,snoozing=false,name=Weekend,zenMode=ZEN_MODE_ALARMS,conditionId=condition://android/schedule?days=6.7&start=23.30&end=10.0&exitAtAlarm=false,condition=Condition[id=condition://android/schedule?days=6.7&start=23.30&end=10.0&exitAtAlarm=false,summary=...,line1=...,line2=...,icon=0,state=STATE_FALSE,flags=2],component=ComponentInfo{android/com.android.server.notification.ScheduleConditionProvider},id=a53ffdf89c814123a52adbdd46bc948d,creationTime=1590622727818,enabler=null], fc8bb1aacabb4877a1d1d167106f6e77=ZenRule[enabled=false,snoozing=false,name=Event,zenMode=ZEN_MODE_ALARMS,conditionId=condition://android/event?userId=-10000&calendar=&reply=1,condition=Condition[id=condition://android/event?userId=-10000&calendar=&reply=1,summary=...,line1=...,line2=...,icon=0,state=STATE_FALSE,flags=2],component=ComponentInfo{android/com.android.server.notification.EventConditionProvider},id=fc8bb1aacabb4877a1d1d167106f6e77,creationTime=1590622727822,enabler=null]},manualRule=null],Diff[]
06-09 01:26:51.318 D/ZenLog  ( 1805): set_zen_mode: off,onSystemReady
06-09 01:26:51.398 D/PermissionCache( 1326): checking android.permission.CAPTURE_AUDIO_HOTWORD for uid=1000 => granted (1492 us)
06-09 01:26:51.432 W/SoundTriggerHelper( 1805): listModules status=0, # of modules=0
06-09 01:26:51.432 D/ContextHubSystemService( 1805): onBootPhase: PHASE_SYSTEM_SERVICES_READY
06-09 01:26:52.020 W/KeyguardServiceDelegate( 1805): onScreenTurningOn(): no keyguard service!
06-09 01:26:52.044 V/UserManagerService( 1805): Found /data/user_de/0 with serial number 0
06-09 01:26:52.045 V/UserManagerService( 1805): Found /data/user/0 with serial number 0
06-09 01:26:52.045 V/UserManagerService( 1805): Found /data/system_de/0 with serial number 0
06-09 01:26:52.046 V/UserManagerService( 1805): Found /data/system_ce/0 with serial number 0
06-09 01:26:52.809 I/ActivityManager( 1805): System now ready
06-09 01:26:52.985 I/SystemServer( 1805): Making services ready
06-09 01:26:52.985 I/SystemServiceManager( 1805): Starting phase 550
06-09 01:26:53.102 W/WindowManager( 1805): Keyguard drawn timeout. Setting mKeyguardDrawComplete
06-09 01:26:53.269 W/art     ( 1805): Long monitor contention with owner main (1805) at int com.android.server.am.ActivityManagerService.bindService(android.app.IApplicationThread, android.os.IBinder, android.content.Intent, java.lang.String, android.app.IServiceConnection, int, java.lang.String, int)(ActivityManagerService.java:17301) waiters=1 in void com.android.server.am.ActivityManagerService.dispatchUidsChanged() for 130ms
06-09 01:26:53.639 E/InputMethodManagerService( 1805): Ignoring updateSystemUiLocked due to an invalid token. uid:1000 token:null
06-09 01:26:54.581 I/Zygote  ( 1805): Process: zygote socket opened, supported ABIS: x86_64
06-09 01:26:54.751 W/ActivityManager( 1805): Slow operation: 225ms so far, now at startProcess: returned from zygote!
06-09 01:26:54.752 W/ActivityManager( 1805): Slow operation: 226ms so far, now at startProcess: done updating battery stats
06-09 01:26:54.753 W/ActivityManager( 1805): Slow operation: 228ms so far, now at startProcess: building log message
06-09 01:26:54.753 I/ActivityManager( 1805): Start proc 2032:com.android.inputmethod.latin/u0a41 for service com.android.inputmethod.latin/.LatinIME
06-09 01:26:54.754 W/ActivityManager( 1805): Slow operation: 228ms so far, now at startProcess: starting to update pids map
06-09 01:26:54.754 W/ActivityManager( 1805): Slow operation: 229ms so far, now at startProcess: done updating pids map
06-09 01:26:54.754 W/ActivityManager( 1805): Slow operation: 231ms so far, now at startProcess: done starting proc!
06-09 01:26:54.755 V/InputMethodManagerService( 1805): Adding window token: android.os.Binder@7db075a
06-09 01:26:54.757 D/MountService( 1805): Thinking about init, mSystemReady=true, mDaemonConnected=true
06-09 01:26:54.758 D/MountService( 1805): Setting up emulation state, initlocked=false
06-09 01:26:54.759 D/CryptdConnector( 1805): SND -> {2 cryptfs unlock_user_key 0 0 ! !}
06-09 01:26:54.778 E/BitmapFactory( 1805): Unable to decode stream: java.io.FileNotFoundException: /data/system/users/0/wallpaper_orig (No such file or directory)
06-09 01:26:54.779 E/WallpaperManagerService( 1805): Invalid wallpaper data
06-09 01:26:54.779 E/WallpaperManagerService( 1805): Unable to apply new wallpaper
06-09 01:26:54.868 D/vold    ( 1270): e4crypt_unlock_user_key 0 serial=0 token_present=0
06-09 01:26:54.933 D/CryptdConnector( 1805): RCV <- {200 2 Command succeeded}
06-09 01:26:55.001 D/MountService( 1805): Thinking about reset, mSystemReady=true, mDaemonConnected=true
06-09 01:26:55.056 W/ActivityManager( 1805): Slow operation: 150ms so far, now at startProcess: returned from zygote!
06-09 01:26:55.057 W/ActivityManager( 1805): Slow operation: 150ms so far, now at startProcess: done updating battery stats
06-09 01:26:55.057 W/ActivityManager( 1805): Slow operation: 151ms so far, now at startProcess: building log message
06-09 01:26:55.057 I/ActivityManager( 1805): Start proc 2037:com.android.systemui/u0a21 for service com.android.systemui/.ImageWallpaper
06-09 01:26:55.057 W/ActivityManager( 1805): Slow operation: 151ms so far, now at startProcess: starting to update pids map
06-09 01:26:55.057 W/ActivityManager( 1805): Slow operation: 151ms so far, now at startProcess: done updating pids map
06-09 01:26:55.058 W/ActivityManager( 1805): Slow operation: 152ms so far, now at startProcess: done starting proc!
06-09 01:26:55.071 I/ActivityManager( 1805): Force stopping com.android.providers.media appid=10010 user=-1: vold reset
06-09 01:26:55.085 E/BluetoothAdapter( 1805): Bluetooth binder is null
06-09 01:26:55.091 D/VoldConnector( 1805): SND -> {4 volume reset}
06-09 01:26:55.093 E/BluetoothAdapter( 1805): Bluetooth binder is null
06-09 01:26:55.107 D/vold    ( 1270): Recognized experimental block major ID 253 as virtio-blk (emulator's virtual SD card device)
06-09 01:26:55.108 V/vold    ( 1270): /system/bin/sgdisk
06-09 01:26:55.108 V/vold    ( 1270):     --android-dump
06-09 01:26:55.108 V/vold    ( 1270):     /dev/block/vold/disk:253,48
06-09 01:26:55.116 I/AudioFlinger( 1326): systemReady
06-09 01:26:55.120 D/VoldConnector( 1805): RCV <- {651 emulated 7}
06-09 01:26:55.127 W/art     ( 2032): Unexpected CPU variant for X86 using defaults: x86_64
06-09 01:26:55.167 D/UsbAlsaManager( 1805): Adding ALSA device AlsaDevice: [card: 0, device: 0, type: 1]
06-09 01:26:55.168 D/UsbAlsaManager( 1805): Adding ALSA device AlsaDevice: [card: 0, device: 0, type: 2]
06-09 01:26:55.184 D/VoldConnector( 1805): RCV <- {659 emulated}
06-09 01:26:55.185 D/VoldConnector( 1805): RCV <- {650 emulated 2 "" ""}
06-09 01:26:55.186 D/VoldConnector( 1805): RCV <- {651 emulated 0}
06-09 01:26:55.188 D/VoldConnector( 1805): RCV <- {651 public:253,48 7}
06-09 01:26:55.236 W/art     ( 2037): Unexpected CPU variant for X86 using defaults: x86_64
06-09 01:26:55.290 I/SystemServer( 1805): WebViewFactory preparation
06-09 01:26:55.283 D/VoldConnector( 1805): RCV <- {659 public:253,48}
06-09 01:26:55.343 D/VoldConnector( 1805): RCV <- {649 disk:253,48}
06-09 01:26:55.344 D/VoldConnector( 1805): RCV <- {640 disk:253,48 5}
06-09 01:26:55.345 D/VoldConnector( 1805): RCV <- {641 disk:253,48 549453824}
06-09 01:26:55.358 V/MountService( 1805): Found primary storage at VolumeInfo{emulated}:
06-09 01:26:55.358 V/MountService( 1805):     type=EMULATED diskId=null partGuid=null mountFlags=0 mountUserId=-1 
06-09 01:26:55.358 V/MountService( 1805):     state=UNMOUNTED 
06-09 01:26:55.358 V/MountService( 1805):     fsType=null fsUuid=null fsLabel=null 
06-09 01:26:55.358 V/MountService( 1805):     path=null internalPath=null 
06-09 01:26:55.364 D/VoldConnector( 1805): RCV <- {642 disk:253,48 Virtual}
06-09 01:26:55.423 D/VoldConnector( 1805): RCV <- {644 disk:253,48 /sys//devices/pci0000:00/0000:00:06.0/virtio3/block/vdd}
06-09 01:26:55.647 D/WebViewFactory( 1805): Setting new address space to 114394000
06-09 01:26:55.812 E/WVMExtractor( 1805): Failed to open libwvm.so: dlopen failed: library "libwvm.so" not found
06-09 01:26:56.118 W/System  ( 2037): ClassLoader referenced unknown path: /system/priv-app/SystemUI/lib/x86_64
06-09 01:26:56.335 I/Zygote  ( 1805): Process: zygote socket opened, supported ABIS: x86
06-09 01:26:56.716 I/art     ( 1325): Starting a blocking GC Background
06-09 01:26:56.745 I/MediaPlayerService( 1335): MediaPlayerService::getOMX
06-09 01:26:56.869 I/OMXClient( 1335): MuxOMX ctor
06-09 01:26:56.990 I/MediaPlayerService( 1335): MediaPlayerService::getOMX
06-09 01:26:57.000 I/OMXClient( 1335): MuxOMX ctor
06-09 01:26:57.009 I/OMXMaster( 1332): makeComponentInstance(OMX.google.mp3.decoder) in mediacodec process
06-09 01:26:57.263 I/art     ( 1325): Background concurrent mark sweep GC freed 123(16KB) AllocSpace objects, 0(0B) LOS objects, 39% free, 6MB/10MB, paused 2.296ms total 490.508ms
06-09 01:26:57.276 V/vold    ( 1270): DISK mbr
06-09 01:26:57.276 V/vold    ( 1270): 
06-09 01:26:57.284 W/vold    ( 1270): disk:253,48 has unknown partition table; trying entire device
06-09 01:26:57.285 V/vold    ( 1270): /system/bin/blkid
06-09 01:26:57.285 V/vold    ( 1270):     -c
06-09 01:26:57.285 V/vold    ( 1270):     /dev/null
06-09 01:26:57.285 V/vold    ( 1270):     -s
06-09 01:26:57.285 V/vold    ( 1270):     TYPE
06-09 01:26:57.285 V/vold    ( 1270):     -s
06-09 01:26:57.285 V/vold    ( 1270):     UUID
06-09 01:26:57.285 V/vold    ( 1270):     -s
06-09 01:26:57.285 V/vold    ( 1270):     LABEL
06-09 01:26:57.285 V/vold    ( 1270):     /dev/block/vold/disk:253,48
06-09 01:26:58.226 V/vold    ( 1270): /dev/block/vold/disk:253,48: LABEL="SDCARD" UUID="1EFF-1C1B" TYPE="vfat" 
06-09 01:26:58.226 V/vold    ( 1270): 
06-09 01:26:58.246 D/VoldConnector( 1805): RCV <- {650 public:253,48 0 "disk:253,48" ""}
06-09 01:26:58.248 D/VoldConnector( 1805): RCV <- {651 public:253,48 0}
06-09 01:26:58.265 D/VoldConnector( 1805): RCV <- {643 disk:253,48}
06-09 01:26:58.281 D/VoldConnector( 1805): RCV <- {200 4 Command succeeded}
06-09 01:26:58.283 E/VoldConnector( 1805): NDC Command {4 volume reset} took too long (3192ms)
06-09 01:26:58.285 D/VoldConnector( 1805): SND -> {5 volume user_added 0 0}
06-09 01:26:58.288 D/VoldConnector( 1805): RCV <- {200 5 Command succeeded}
06-09 01:26:58.397 I/MediaPlayerService( 1335): MediaPlayerService::getOMX
06-09 01:26:58.427 I/OMXClient( 1335): MuxOMX ctor
06-09 01:26:58.429 I/OMXMaster( 1332): makeComponentInstance(OMX.google.amrnb.decoder) in mediacodec process
06-09 01:26:58.449 W/ActivityManager( 1805): Slow operation: 2687ms so far, now at startProcess: returned from zygote!
06-09 01:26:58.449 W/ActivityManager( 1805): Slow operation: 2687ms so far, now at startProcess: done updating battery stats
06-09 01:26:58.460 W/ActivityManager( 1805): Slow operation: 2687ms so far, now at startProcess: building log message
06-09 01:26:58.461 I/ActivityManager( 1805): Start proc 2073:WebViewLoader-x86/1037 [android.webkit.WebViewFactory$RelroFileCreator] for 
06-09 01:26:58.461 W/ActivityManager( 1805): Slow operation: 2699ms so far, now at startProcess: starting to update pids map
06-09 01:26:58.461 W/ActivityManager( 1805): Slow operation: 2699ms so far, now at startProcess: done updating pids map
06-09 01:26:58.461 W/ActivityManager( 1805): Slow operation: 2700ms so far, now at startProcess: done starting proc!
06-09 01:26:58.462 W/art     ( 1805): Long monitor contention with owner main (1805) at int com.android.server.am.ActivityManagerService.startIsolatedProcess(java.lang.String, java.lang.String[], java.lang.String, java.lang.String, int, java.lang.Runnable)(ActivityManagerService.java:3509) waiters=0 in void com.android.server.am.ActivityManagerService.dispatchProcessesChanged() for 2.691s
06-09 01:26:58.464 W/art     ( 1805): Long monitor contention with owner main (1805) at int com.android.server.am.ActivityManagerService.startIsolatedProcess(java.lang.String, java.lang.String[], java.lang.String, java.lang.String, int, java.lang.Runnable)(ActivityManagerService.java:3509) waiters=1 in void com.android.server.am.ActivityManagerService.publishContentProviders(android.app.IApplicationThread, java.util.List) for 1.342s
06-09 01:26:58.465 W/art     ( 1805): Long monitor contention with owner main (1805) at int com.android.server.am.ActivityManagerService.startIsolatedProcess(java.lang.String, java.lang.String[], java.lang.String, java.lang.String, int, java.lang.Runnable)(ActivityManagerService.java:3509) waiters=2 in void com.android.server.am.ActivityManagerService$MainHandler.handleMessage(android.os.Message) for 935ms
06-09 01:26:58.468 D/VoldConnector( 1805): SND -> {6 volume mount emulated 3 -1}
06-09 01:26:58.591 D/VoldConnector( 1805): RCV <- {651 emulated 1}
06-09 01:26:58.592 D/VoldConnector( 1805): RCV <- {656 emulated /data/media}
06-09 01:26:58.593 D/VoldConnector( 1805): RCV <- {655 emulated /storage/emulated}
06-09 01:26:58.644 W/art     ( 2073): Unexpected CPU variant for X86 using defaults: x86
06-09 01:26:58.664 V/vold    ( 1270): Waiting for FUSE to spin up...
06-09 01:26:58.705 I/MediaPlayerService( 1335): MediaPlayerService::getOMX
06-09 01:26:58.707 I/OMXClient( 1335): MuxOMX ctor
06-09 01:26:58.708 I/OMXMaster( 1332): makeComponentInstance(OMX.google.amrwb.decoder) in mediacodec process
06-09 01:26:58.720 V/vold    ( 1270): Waiting for FUSE to spin up...
06-09 01:26:58.780 V/vold    ( 1270): Waiting for FUSE to spin up...
06-09 01:26:58.788 I/MediaPlayerService( 1335): MediaPlayerService::getOMX
06-09 01:26:58.789 I/OMXClient( 1335): MuxOMX ctor
06-09 01:26:58.797 I/OMXMaster( 1332): makeComponentInstance(OMX.google.aac.decoder) in mediacodec process
06-09 01:26:58.829 W/art     ( 2089): Unexpected CPU variant for X86 using defaults: x86_64
06-09 01:26:58.832 V/vold    ( 1270): Waiting for FUSE to spin up...
06-09 01:26:58.876 W/ActivityManager( 1805): Slow operation: 278ms so far, now at startProcess: returned from zygote!
06-09 01:26:58.877 W/ActivityManager( 1805): Slow operation: 279ms so far, now at startProcess: done updating battery stats
06-09 01:26:58.877 W/ActivityManager( 1805): Slow operation: 279ms so far, now at startProcess: building log message
06-09 01:26:58.877 I/ActivityManager( 1805): Start proc 2089:WebViewLoader-x86_64/1037 [android.webkit.WebViewFactory$RelroFileCreator] for 
06-09 01:26:58.877 W/ActivityManager( 1805): Slow operation: 279ms so far, now at startProcess: starting to update pids map
06-09 01:26:58.878 W/ActivityManager( 1805): Slow operation: 280ms so far, now at startProcess: done updating pids map
06-09 01:26:58.878 W/ActivityManager( 1805): Slow operation: 281ms so far, now at startProcess: done starting proc!
06-09 01:26:58.890 V/vold    ( 1270): Waiting for FUSE to spin up...
06-09 01:26:58.909 V/WebViewFactory( 2089): RelroFileCreator (64bit = true),  32-bit lib: /system/app/webview/webview.apk!/lib/x86/libwebviewchromium.so, 64-bit lib: /system/app/webview/webview.apk!/lib/x86_64/libwebviewchromium.so
06-09 01:26:58.913 D/NetworkManagement( 1805): enabling bandwidth control
06-09 01:26:58.919 W/art     ( 1805): Long monitor contention with owner main (1805) at int com.android.server.am.ActivityManagerService.startIsolatedProcess(java.lang.String, java.lang.String[], java.lang.String, java.lang.String, int, java.lang.Runnable)(ActivityManagerService.java:3509) waiters=1 in com.android.server.am.ProcessRecord com.android.server.am.ActivityManagerService.findAppProcess(android.os.IBinder, java.lang.String) for 304ms
06-09 01:26:58.946 V/vold    ( 1270): Waiting for FUSE to spin up...
06-09 01:26:58.996 V/vold    ( 1270): Waiting for FUSE to spin up...
06-09 01:26:59.049 V/vold    ( 1270): Waiting for FUSE to spin up...
06-09 01:26:59.109 V/vold    ( 1270): Waiting for FUSE to spin up...
06-09 01:26:59.160 V/vold    ( 1270): Waiting for FUSE to spin up...
06-09 01:26:59.220 V/vold    ( 1270): Waiting for FUSE to spin up...
06-09 01:26:59.264 V/SystemUIService( 2037): Starting SystemUI services for user 0.
06-09 01:26:59.280 V/vold    ( 1270): Waiting for FUSE to spin up...
06-09 01:26:59.289 I/MediaPlayerService( 1335): MediaPlayerService::getOMX
06-09 01:26:59.340 V/vold    ( 1270): Waiting for FUSE to spin up...
06-09 01:26:59.373 I/OMXClient( 1335): MuxOMX ctor
06-09 01:26:59.374 I/OMXMaster( 1332): makeComponentInstance(OMX.google.g711.alaw.decoder) in mediacodec process
06-09 01:26:59.400 V/vold    ( 1270): Waiting for FUSE to spin up...
06-09 01:26:59.455 V/vold    ( 1270): Waiting for FUSE to spin up...
06-09 01:26:59.506 V/vold    ( 1270): Waiting for FUSE to spin up...
06-09 01:26:59.539 W/ActivityManager( 1805): Slow operation: 85ms so far, now at getContentProviderImpl: before updateOomAdj
06-09 01:26:59.560 V/vold    ( 1270): Waiting for FUSE to spin up...
06-09 01:26:59.571 W/ActivityManager( 1805): Slow operation: 117ms so far, now at getContentProviderImpl: after updateOomAdj
06-09 01:26:59.572 W/ActivityManager( 1805): Slow operation: 118ms so far, now at getContentProviderImpl: done!
06-09 01:26:59.588 W/sdcard  ( 2086): Device explicitly disabled sdcardfs
06-09 01:26:59.671 V/vold    ( 1270): Waiting for FUSE to spin up...
06-09 01:26:59.722 V/vold    ( 1270): Waiting for FUSE to spin up...
06-09 01:26:59.780 V/vold    ( 1270): Waiting for FUSE to spin up...
06-09 01:26:59.791 V/WebViewFactory( 2073): RelroFileCreator (64bit = false),  32-bit lib: /system/app/webview/webview.apk!/lib/x86/libwebviewchromium.so, 64-bit lib: /system/app/webview/webview.apk!/lib/x86_64/libwebviewchromium.so
06-09 01:26:59.840 V/vold    ( 1270): Waiting for FUSE to spin up...
06-09 01:26:59.905 V/vold    ( 1270): Waiting for FUSE to spin up...
06-09 01:26:59.960 V/vold    ( 1270): Waiting for FUSE to spin up...
06-09 01:27:00.017 V/MediaRouter( 2037): Adding route: RouteInfo{ name=Phone, description=null, status=null, category=RouteCategory{ name=null types=ROUTE_TYPE_LIVE_AUDIO ROUTE_TYPE_LIVE_VIDEO  groupable=false }, supportedTypes=ROUTE_TYPE_LIVE_AUDIO ROUTE_TYPE_LIVE_VIDEO , presentationDisplay=null }
06-09 01:27:00.020 V/vold    ( 1270): Waiting for FUSE to spin up...
06-09 01:27:00.144 V/MediaRouter( 2037): Updating audio routes: AudioRoutesInfo{ type=SPEAKER }
06-09 01:27:00.186 D/VoldConnector( 1805): RCV <- {651 emulated 2}
06-09 01:27:00.187 D/VoldConnector( 1805): RCV <- {200 6 Command succeeded}
06-09 01:27:00.189 E/VoldConnector( 1805): NDC Command {6 volume mount emulated 3 -1} took too long (1721ms)
