06-09 10:00:13.457 W/art     ( 1829): Long monitor contention with owner ConditionProviders.ECP (2038) at android.app.IActivityManager$ContentProviderHolder com.android.server.am.ActivityManagerService.getContentProviderImpl(android.app.IApplicationThread, java.lang.String, android.os.IBinder, boolean, int)(ActivityManagerService.java:10666) waiters=0 in int com.android.server.am.ActivityManagerService.broadcastIntent(android.app.IApplicationThread, android.content.Intent, java.lang.String, android.content.IIntentReceiver, int, java.lang.String, android.os.Bundle, java.lang.String[], int, android.os.Bundle, boolean, boolean, int) for 319ms
06-09 10:00:13.460 W/art     ( 1829): Long monitor contention with owner ConditionProviders.ECP (2038) at android.app.IActivityManager$ContentProviderHolder com.android.server.am.ActivityManagerService.getContentProviderImpl(android.app.IApplicationThread, java.lang.String, android.os.IBinder, boolean, int)(ActivityManagerService.java:10666) waiters=2 in com.android.server.am.ProcessRecord com.android.server.am.ActivityManagerService.findAppProcess(android.os.IBinder, java.lang.String) for 288ms
06-09 10:00:13.483 W/art     ( 2526): Unexpected CPU variant for X86 using defaults: x86_64
06-09 10:00:13.585 V/BackupManagerService( 1829): Starting with transport android/com.android.internal.backup.LocalTransport
06-09 10:00:13.626 V/BackupManagerService( 1829): Found transports: 1
06-09 10:00:13.628 W/BackupManagerService( 1829): Proposed transport ComponentInfo{android/com.android.internal.backup.LocalTransportService} not whitelisted; ignoring
06-09 10:00:13.692 I/BackupManagerService( 1829): Backup enabled => false
06-09 10:00:14.343 W/art     ( 1829): Long monitor contention with owner ConditionProviders.ECP (2038) at android.app.IActivityManager$ContentProviderHolder com.android.server.am.ActivityManagerService.getContentProviderImpl(android.app.IApplicationThread, java.lang.String, android.os.IBinder, boolean, int)(ActivityManagerService.java:10666) waiters=1 in void com.android.server.am.ActivityManagerService$3.handleMessage(android.os.Message) for 1.194s
06-09 10:00:14.426 W/GnssLocationProvider( 1829): Could not open GPS configuration file /etc/gps.conf
06-09 10:00:14.427 E/GnssLocationProvider( 1829): no AGPS interface in set_agps_server
06-09 10:00:14.935 W/System  ( 2526): ClassLoader referenced unknown path: /system/priv-app/CalendarProvider/lib/x86_64
06-09 10:00:15.085 I/GnssLocationProvider( 1829): WakeLock released by handleMessage(13, 0, null)
06-09 10:00:15.689 W/art     ( 1829): Long monitor contention with owner Binder:1829_8 (2434) at void com.android.server.am.BroadcastQueue.processNextBroadcast(boolean)(BroadcastQueue.java:760) waiters=1 in int com.android.server.am.ActivityManagerService.broadcastIntent(android.app.IApplicationThread, android.content.Intent, java.lang.String, android.content.IIntentReceiver, int, java.lang.String, android.os.Bundle, java.lang.String[], int, android.os.Bundle, boolean, boolean, int) for 382ms
06-09 10:00:15.713 W/art     ( 1829): Long monitor contention with owner Binder:1829_8 (2434) at void com.android.server.am.BroadcastQueue.processNextBroadcast(boolean)(BroadcastQueue.java:760) waiters=2 in android.content.Intent com.android.server.am.ActivityManagerService.registerReceiver(android.app.IApplicationThread, java.lang.String, android.content.IIntentReceiver, android.content.IntentFilter, java.lang.String, int) for 300ms
06-09 10:00:15.719 W/art     ( 1829): Long monitor contention with owner Binder:1829_8 (2434) at void com.android.server.am.BroadcastQueue.processNextBroadcast(boolean)(BroadcastQueue.java:760) waiters=3 in void com.android.server.am.ActivityManagerService.dispatchProcessesChanged() for 227ms
06-09 10:00:15.798 W/VoiceInteractionManagerService( 1829): no available voice interaction services found for user 0
06-09 10:00:15.798 W/VoiceInteractionManagerService( 1829): no available voice recognition services found for user 0
06-09 10:00:15.833 I/ActivityManager( 1829): Loading recents for user 0 into memory.
06-09 10:00:15.966 D/ActivityManager( 1829): Sending BOOT_COMPLETE user #0
06-09 10:00:16.249 D/FallbackHome( 2342): User unlocked and real home found; let's go!
06-09 10:00:16.264 W/art     ( 1829): Long monitor contention with owner ActivityManager (1863) at void com.android.server.am.BroadcastQueue.processNextBroadcast(boolean)(BroadcastQueue.java:760) waiters=2 in android.content.Intent com.android.server.am.ActivityManagerService.registerReceiver(android.app.IApplicationThread, java.lang.String, android.content.IIntentReceiver, android.content.IntentFilter, java.lang.String, int) for 142ms
06-09 10:00:16.266 W/Binder  ( 2509): Binder call failed.
06-09 10:00:16.266 W/Binder  ( 2509): android.os.DeadObjectException
06-09 10:00:16.266 W/Binder  ( 2509): 	at android.os.BinderProxy.transactNative(Native Method)
06-09 10:00:16.266 W/Binder  ( 2509): 	at android.os.BinderProxy.transact(Binder.java:615)
06-09 10:00:16.266 W/Binder  ( 2509): 	at android.content.IIntentReceiver$Stub$Proxy.performReceive(IIntentReceiver.java:124)
06-09 10:00:16.266 W/Binder  ( 2509): 	at android.app.ActivityThread$ApplicationThread.scheduleRegisteredReceiver(ActivityThread.java:946)
06-09 10:00:16.266 W/Binder  ( 2509): 	at android.app.ApplicationThreadNative.onTransact(ApplicationThreadNative.java:404)
06-09 10:00:16.266 W/Binder  ( 2509): 	at android.os.Binder.execTransact(Binder.java:565)
06-09 10:00:16.474 W/art     ( 1829): Long monitor contention with owner Binder:1829_2 (1849) at int com.android.server.am.ActivityManagerService.broadcastIntent(android.app.IApplicationThread, android.content.Intent, java.lang.String, android.content.IIntentReceiver, int, java.lang.String, android.os.Bundle, java.lang.String[], int, android.os.Bundle, boolean, boolean, int)(ActivityManagerService.java:18551) waiters=0 in void com.android.server.am.ActivityManagerService$3.handleMessage(android.os.Message) for 252ms
06-09 10:00:16.577 W/art     ( 1829): Long monitor contention with owner AsyncTask #2 (2166) at java.util.List com.android.server.pm.PackageManagerService.queryIntentServicesInternal(android.content.Intent, java.lang.String, int, int)(PackageManagerService.java:6105) waiters=0 in int com.android.server.pm.PackageManagerService.checkUidPermission(java.lang.String, int) for 315ms
06-09 10:00:16.594 W/art     ( 1829): Long monitor contention with owner Binder:1829_1 (1848) at int com.android.server.am.ActivityManagerService.broadcastIntent(android.app.IApplicationThread, android.content.Intent, java.lang.String, android.content.IIntentReceiver, int, java.lang.String, android.os.Bundle, java.lang.String[], int, android.os.Bundle, boolean, boolean, int)(ActivityManagerService.java:18551) waiters=2 in void com.android.server.am.BroadcastQueue$BroadcastHandler.handleMessage(android.os.Message) for 328ms
06-09 10:00:16.611 W/art     ( 1829): Long monitor contention with owner Binder:1829_1 (1848) at int com.android.server.am.ActivityManagerService.broadcastIntent(android.app.IApplicationThread, android.content.Intent, java.lang.String, android.content.IIntentReceiver, int, java.lang.String, android.os.Bundle, java.lang.String[], int, android.os.Bundle, boolean, boolean, int)(ActivityManagerService.java:18551) waiters=3 in boolean com.android.server.am.ActivityManagerService.finishActivity(android.os.IBinder, int, android.content.Intent, int) for 316ms
06-09 10:00:16.657 V/SystemUIService( 2509): Starting SystemUI services for user 0.
06-09 10:00:16.783 V/KeyValueBackupJob( 1829): Scheduling k/v pass in 244 minutes
06-09 10:00:16.792 W/art     ( 1829): Long monitor contention with owner ActivityManager (1863) at void com.android.server.am.ActiveServices$ServiceRestarter.run()(ActiveServices.java:1259) waiters=2 in int com.android.server.am.ActivityManagerService.broadcastIntent(android.app.IApplicationThread, android.content.Intent, java.lang.String, android.content.IIntentReceiver, int, java.lang.String, android.os.Bundle, java.lang.String[], int, android.os.Bundle, boolean, boolean, int) for 159ms
06-09 10:00:16.821 I/Choreographer( 2342): Skipped 39 frames!  The application may be doing too much work on its main thread.
06-09 10:00:16.834 W/ActivityManager( 1829): Timeout executing service: ServiceRecord{ff697bd u0 com.android.phone/.TelephonyDebugService}
06-09 10:00:16.865 I/CalendarProvider2( 2526): Created com.android.providers.calendar.CalendarAlarmManager@8446795(com.android.providers.calendar.CalendarProvider2@eedb0aa)
06-09 10:00:16.882 I/ActivityManager( 1829): START u0 {act=android.intent.action.MAIN cat=[android.intent.category.HOME] flg=0x10000100 cmp=com.android.launcher3/.Launcher} from uid 0 on display 0
06-09 10:00:17.239 W/ActivityManager( 1829): Slow operation: 203ms so far, now at startProcess: returned from zygote!
06-09 10:00:17.251 W/ActivityManager( 1829): Slow operation: 204ms so far, now at startProcess: done updating battery stats
06-09 10:00:17.251 W/ActivityManager( 1829): Slow operation: 216ms so far, now at startProcess: building log message
06-09 10:00:17.251 I/ActivityManager( 1829): Start proc 2558:com.android.launcher3/u0a42 for activity com.android.launcher3/.Launcher
06-09 10:00:17.252 W/ActivityManager( 1829): Slow operation: 216ms so far, now at startProcess: starting to update pids map
06-09 10:00:17.252 W/ActivityManager( 1829): Slow operation: 216ms so far, now at startProcess: done updating pids map
06-09 10:00:17.252 W/ActivityManager( 1829): Slow operation: 218ms so far, now at startProcess: done starting proc!
06-09 10:00:17.256 I/AccountManagerService( 1829): User 0 is unlocked - opening CE database
06-09 10:00:17.384 I/Choreographer( 2342): Skipped 32 frames!  The application may be doing too much work on its main thread.
06-09 10:00:17.417 W/art     ( 1829): Long monitor contention with owner ActivityManager (1863) at void com.android.server.am.ActiveServices$ServiceRestarter.run()(ActiveServices.java:1259) waiters=2 in void com.android.server.am.ActivityManagerService$3.handleMessage(android.os.Message) for 160ms
06-09 10:00:17.417 W/art     ( 1829): Long monitor contention with owner Binder:1829_6 (2213) at void com.android.server.am.ActivityManagerService.activityPaused(android.os.IBinder)(ActivityManagerService.java:6916) waiters=2 in void com.android.server.am.ActivityManagerService.publishContentProviders(android.app.IApplicationThread, java.util.List) for 499ms
06-09 10:00:17.423 W/art     ( 2558): Unexpected CPU variant for X86 using defaults: x86_64
06-09 10:00:17.435 W/art     ( 1829): Long monitor contention with owner Binder:1829_6 (2213) at void com.android.server.am.ActivityManagerService.activityPaused(android.os.IBinder)(ActivityManagerService.java:6916) waiters=3 in int com.android.server.am.ActivityManagerService.broadcastIntent(android.app.IApplicationThread, android.content.Intent, java.lang.String, android.content.IIntentReceiver, int, java.lang.String, android.os.Bundle, java.lang.String[], int, android.os.Bundle, boolean, boolean, int) for 434ms
06-09 10:00:17.443 W/art     ( 1829): Long monitor contention with owner Binder:1829_6 (2213) at void com.android.server.am.ActivityManagerService.activityPaused(android.os.IBinder)(ActivityManagerService.java:6916) waiters=5 in void com.android.server.am.AppErrors.appNotResponding(com.android.server.am.ProcessRecord, com.android.server.am.ActivityRecord, com.android.server.am.ActivityRecord, boolean, java.lang.String) for 327ms
06-09 10:00:17.458 W/art     ( 1829): Long monitor contention with owner Binder:1829_6 (2213) at void com.android.server.am.ActivityManagerService.activityPaused(android.os.IBinder)(ActivityManagerService.java:6916) waiters=6 in android.content.pm.UserInfo com.android.server.am.UserController.getCurrentUser() for 320ms
06-09 10:00:17.619 I/Process ( 1829): Sending signal. PID: 2328 SIG: 3
06-09 10:00:17.623 I/art     ( 2328): Thread[3,tid=2334,WaitingInMainSignalCatcherLoop,Thread*=0x7a8eed896400,peer=0x12c00af0,"Signal Catcher"]: reacting to signal 3
06-09 10:00:17.624 I/art     ( 2328): 
06-09 10:00:18.480 W/System  ( 2558): ClassLoader referenced unknown path: /system/app/Launcher3/lib/x86_64
06-09 10:00:18.581 W/InputConnectionWrapper.ICC( 2063): Timed out waiting on IInputContextCallback
06-09 10:00:18.581 W/RichInputConnection( 2063): Slow InputConnection: GET_TEXT_BEFORE_CURSOR took 2130 ms.
06-09 10:00:18.645 W/art     ( 1829): Long monitor contention with owner main (1829) at android.content.pm.ParceledListSlice com.android.server.pm.PackageManagerService.getInstalledPackages(int, int)(PackageManagerService.java:6173) waiters=1 in int com.android.server.pm.PackageManagerService.performDexOptInternal(java.lang.String, boolean, java.lang.String, boolean) for 238ms
06-09 10:00:18.796 E/ActivityManager( 1829): ANR in com.android.phone
06-09 10:00:18.796 E/ActivityManager( 1829): PID: 2328
06-09 10:00:18.796 E/ActivityManager( 1829): Reason: executing service com.android.phone/.TelephonyDebugService
06-09 10:00:18.796 E/ActivityManager( 1829): Load: 0.0 / 0.0 / 0.0
06-09 10:00:18.796 E/ActivityManager( 1829): CPU usage from 18818ms to -1ms ago (2020-06-09 09:59:58.015 to 2020-06-09 10:00:16.854):
06-09 10:00:18.796 E/ActivityManager( 1829):   91% 1321/surfaceflinger: 29% user + 62% kernel / faults: 2039 minor
06-09 10:00:18.796 E/ActivityManager( 1829):   38% 1829/system_server: 7.8% user + 31% kernel / faults: 3209 minor 66 major
06-09 10:00:18.796 E/ActivityManager( 1829):   15% 2342/com.android.settings: 3.4% user + 12% kernel / faults: 53 minor
06-09 10:00:18.796 E/ActivityManager( 1829):   1% 1329/installd: 0% user + 1% kernel / faults: 1 minor
06-09 10:00:18.796 E/ActivityManager( 1829):   3% 2328/com.android.phone: 0.7% user + 2.3% kernel / faults: 316 minor 11 major
06-09 10:00:18.796 E/ActivityManager( 1829):   1.8% 2414/com.android.cellbroadcastreceiver: 0.4% user + 1.4% kernel / faults: 2650 minor
06-09 10:00:18.796 E/ActivityManager( 1829):   1.7% 1324/zygote64: 0% user + 1.7% kernel / faults: 457 minor
06-09 10:00:18.796 E/ActivityManager( 1829):   1.3% 1323/adbd: 0% user + 1.3% kernel / faults: 586 minor
06-09 10:00:18.796 E/ActivityManager( 1829):   1.2% 8/rcu_preempt: 0% user + 1.2% kernel
06-09 10:00:18.796 E/ActivityManager( 1829):   1% 1266/logd: 0.1% user + 0.9% kernel / faults: 35 minor
06-09 10:00:18.796 E/ActivityManager( 1829):   1% 1320/servicemanager: 0% user + 1% kernel
06-09 10:00:18.796 E/ActivityManager( 1829):   0.7% 1349/logcat: 0.1% user + 0.6% kernel / faults: 4 minor
06-09 10:00:18.796 E/ActivityManager( 1829):   0.4% 3/ksoftirqd/0: 0% user + 0.4% kernel
06-09 10:00:18.796 E/ActivityManager( 1829):   0.4% 2063/com.android.inputmethod.latin: 0.2% user + 0.2% kernel / faults: 46 minor
06-09 10:00:18.796 E/ActivityManager( 1829):   0.2% 17/kworker/u4:1: 0% user + 0.2% kernel
06-09 10:00:18.796 E/ActivityManager( 1829):   0.1% 1//init: 0% user + 0.1% kernel / faults: 2 minor
06-09 10:00:18.796 E/ActivityManager( 1829):   0.1% 1264/jbd2/vdc-8: 0% user + 0.1% kernel
06-09 10:00:18.796 E/ActivityManager( 1829):   0% 1274/vold: 0% user + 0% kernel / faults: 13 minor
06-09 10:00:18.796 E/ActivityManager( 1829):   0.1% 12/ksoftirqd/1: 0% user + 0.1% kernel
06-09 10:00:18.796 E/ActivityManager( 1829):   0.1% 673/kworker/1:1: 0% user + 0.1% kernel
06-09 10:00:18.796 E/ActivityManager( 1829):   0.1% 1254/kworker/0:1H: 0% user + 0.1% kernel
06-09 10:00:18.796 E/ActivityManager( 1829):   0.1% 1319/lmkd: 0% user + 0.1% kernel
06-09 10:00:18.796 E/ActivityManager( 1829):   0.1% 1330/keystore: 0% user + 0.1% kernel
06-09 10:00:18.796 E/ActivityManager( 1829):   0% 1339/fingerprintd: 0% user + 0% kernel
06-09 10:00:18.796 E/ActivityManager( 1829):   0% 455/kworker/0:1: 0% user + 0% kernel
06-09 10:00:18.796 E/ActivityManager( 1829):   0% 1316/healthd: 0% user + 0% kernel
06-09 10:00:18.796 E/ActivityManager( 1829):   0% 1326/audioserver: 0% user + 0% kernel
06-09 10:00:18.796 E/ActivityManager( 1829):   0% 1336/rild: 0% user + 0% kernel / faults: 1 minor
06-09 10:00:18.796 E/ActivityManager( 1829):   0% 2116/sdcard: 0% user + 0% kernel / faults: 19 minor
06-09 10:00:18.796 E/ActivityManager( 1829):  +0% 2489/android.ext.services: 0% user + 0% kernel
06-09 10:00:18.796 E/ActivityManager( 1829):  +0% 2509/com.android.systemui: 0% user + 0% kernel
06-09 10:00:18.796 E/ActivityManager( 1829):  +0% 2526/com.android.providers.calendar: 0% user + 0% kernel
06-09 10:00:18.796 E/ActivityManager( 1829):  +0% 2553/sh: 0% user + 0% kernel
06-09 10:00:18.796 E/ActivityManager( 1829):  +0% 2556/su: 0% user + 0% kernel
06-09 10:00:18.796 E/ActivityManager( 1829): 99% TOTAL: 26% user + 70% kernel + 1.6% softirq
06-09 10:00:18.796 E/ActivityManager( 1829): CPU usage from 273833ms to 273833ms ago (1970-01-01 00:00:00.000 to 1970-01-01 00:00:00.000) with 0% awake:
06-09 10:00:18.796 E/ActivityManager( 1829): 0% TOTAL: 0% user + 0% kernel
06-09 10:00:19.161 D/LauncherProvider( 2558): Launcher process started
06-09 10:00:19.273 V/MediaRouter( 2509): Adding route: RouteInfo{ name=Phone, description=null, status=null, category=RouteCategory{ name=null types=ROUTE_TYPE_LIVE_AUDIO ROUTE_TYPE_LIVE_VIDEO  groupable=false }, supportedTypes=ROUTE_TYPE_LIVE_AUDIO ROUTE_TYPE_LIVE_VIDEO , presentationDisplay=null }
06-09 10:00:19.401 W/art     ( 1829): Long monitor contention with owner backup (2525) at int com.android.server.job.JobSchedulerService.scheduleAsPackage(android.app.job.JobInfo, int, java.lang.String, int, java.lang.String)(JobSchedulerService.java:576) waiters=0 in void com.android.server.job.JobSchedulerService.updateUidState(int, int) for 1.903s
06-09 10:00:19.718 V/Launcher( 2558): LauncherAppState inited
06-09 10:00:19.742 V/MediaRouter( 2509): Updating audio routes: AudioRoutesInfo{ type=SPEAKER }
06-09 10:00:19.882 V/MediaRouter( 2509): Selecting route: RouteInfo{ name=Phone, description=null, status=null, category=RouteCategory{ name=null types=ROUTE_TYPE_LIVE_AUDIO ROUTE_TYPE_LIVE_VIDEO  groupable=false }, supportedTypes=ROUTE_TYPE_LIVE_AUDIO ROUTE_TYPE_LIVE_VIDEO , presentationDisplay=null }
06-09 10:00:19.948 I/BackupManagerService( 1829): Found stale backup journal, scheduling
06-09 10:00:20.104 I/Choreographer( 2342): Skipped 35 frames!  The application may be doing too much work on its main thread.
06-09 10:00:20.310 D/PhoneSwitcherNetworkRequstListener( 2328): got request NetworkRequest [ REQUEST id=1, [ Capabilities: INTERNET&NOT_RESTRICTED&TRUSTED&NOT_VPN] ] with score 0
06-09 10:00:20.465 E/GnssLocationProvider( 1829): no AGPS interface in set_agps_server
06-09 10:00:20.751 D/TelephonyDebugService( 2328): TelephonyDebugService()
06-09 10:00:21.044 W/InputConnectionWrapper.ICC( 2063): Timed out waiting on IInputContextCallback
06-09 10:00:21.850 I/art     ( 2328): Wrote stack traces to '/data/anr/traces.txt'
06-09 10:00:22.796 W/art     ( 1829): Long monitor contention with owner ActivityManager (1863) at void com.android.server.am.ActiveServices$ServiceRestarter.run()(ActiveServices.java:1259) waiters=4 in int com.android.server.am.ActivityManagerService.bindService(android.app.IApplicationThread, android.os.IBinder, android.content.Intent, java.lang.String, android.app.IServiceConnection, int, java.lang.String, int) for 6.044s
06-09 10:00:22.885 W/art     ( 2585): Unexpected CPU variant for X86 using defaults: x86_64
06-09 10:00:22.931 W/ActivityManager( 1829): Slow operation: 115ms so far, now at startProcess: returned from zygote!
06-09 10:00:22.931 W/ActivityManager( 1829): Slow operation: 115ms so far, now at startProcess: done updating battery stats
06-09 10:00:22.932 W/ActivityManager( 1829): Slow operation: 115ms so far, now at startProcess: building log message
06-09 10:00:22.932 I/ActivityManager( 1829): Start proc 2585:com.android.keychain/1000 for service com.android.keychain/.KeyChainService
06-09 10:00:22.932 W/ActivityManager( 1829): Slow operation: 116ms so far, now at startProcess: starting to update pids map
06-09 10:00:22.932 W/ActivityManager( 1829): Slow operation: 116ms so far, now at startProcess: done updating pids map
06-09 10:00:22.932 W/ActivityManager( 1829): Slow operation: 116ms so far, now at startProcess: done starting proc!
06-09 10:00:23.016 I/GnssLocationProvider( 1829): WakeLock released by handleMessage(2, 1, null)
06-09 10:00:23.021 W/art     ( 1829): Long monitor contention with owner android.bg (1862) at void com.android.server.power.PowerManagerService.releaseWakeLockInternal(android.os.IBinder, int)(PowerManagerService.java:937) waiters=1 in void com.android.server.power.PowerManagerService.setScreenBrightnessOverrideFromWindowManagerInternal(int) for 663ms
06-09 10:00:23.031 W/art     ( 1829): Long monitor contention with owner android.bg (1862) at void com.android.server.power.PowerManagerService.releaseWakeLockInternal(android.os.IBinder, int)(PowerManagerService.java:937) waiters=0 in void com.android.server.power.PowerManagerService.acquireWakeLockInternal(android.os.IBinder, int, java.lang.String, java.lang.String, android.os.WorkSource, java.lang.String, int, int) for 2.465s
06-09 10:00:23.033 W/art     ( 1829): Long monitor contention with owner android.bg (1862) at void com.android.server.power.PowerManagerService.releaseWakeLockInternal(android.os.IBinder, int)(PowerManagerService.java:937) waiters=2 in boolean com.android.server.power.PowerManagerService.isInteractiveInternal() for 569ms
06-09 10:00:23.072 W/art     ( 1829): Long monitor contention with owner android.display (1876) at void com.android.server.wm.WindowManagerService$H.handleMessage(android.os.Message)(WindowManagerService.java:8549) waiters=0 in int com.android.server.wm.WindowManagerService.relayoutWindow(com.android.server.wm.Session, android.view.IWindow, int, android.view.WindowManager$LayoutParams, int, int, int, int, android.graphics.Rect, android.graphics.Rect, android.graphics.Rect, android.graphics.Rect, android.graphics.Rect, android.graphics.Rect, android.graphics.Rect, android.content.res.Configuration, android.view.Surface) for 692ms
06-09 10:00:23.106 I/Choreographer( 1829): Skipped 61 frames!  The application may be doing too much work on its main thread.
06-09 10:00:23.465 I/Choreographer( 2342): Skipped 65 frames!  The application may be doing too much work on its main thread.
06-09 10:00:24.141 W/art     ( 1829): Long monitor contention with owner android.display (1876) at void com.android.server.wm.WindowManagerService$H.handleMessage(android.os.Message)(WindowManagerService.java:8368) waiters=0 in void com.android.server.wm.WindowManagerService.setAppOrientation(android.view.IApplicationToken, int) for 110ms
06-09 10:00:24.389 E/WVMExtractor( 2509): Failed to open libwvm.so: dlopen failed: library "libwvm.so" not found
06-09 10:00:24.580 W/System  ( 2585): ClassLoader referenced unknown path: /system/app/KeyChain/lib/x86_64
06-09 10:00:24.988 I/Choreographer( 2558): Skipped 37 frames!  The application may be doing too much work on its main thread.
06-09 10:00:25.417 D/gralloc_ranchu( 2558): Emulator without host-side GPU emulation detected. Loading gralloc.default.so from /vendor/lib64/hw/gralloc.goldfish.default.so...
06-09 10:00:25.430 D/gralloc_ranchu( 2558): gralloc.default.so not found in /vendor. Trying /system/lib64/hw/gralloc.goldfish.default.so...
06-09 10:00:25.625 I/MediaPlayerService( 1334): MediaPlayerService::getOMX
06-09 10:00:25.644 I/OMXClient( 2509): MuxOMX ctor
06-09 10:00:25.705 I/OMXMaster( 1331): makeComponentInstance(OMX.google.vorbis.decoder) in mediacodec process
06-09 10:00:25.755 I/Choreographer( 2558): Skipped 43 frames!  The application may be doing too much work on its main thread.
06-09 10:00:26.218 I/SyncManager( 1829): Got SyncJobService instance.
06-09 10:00:26.312 I/ActivityManager( 1829): Killing 2328:com.android.phone/1001 (adj -800): bg anr
06-09 10:00:26.361 W/InputConnectionWrapper.ICC( 2063): Timed out waiting on IInputContextCallback
06-09 10:00:26.362 I/InputAttributes( 2063): InputType.TYPE_NULL is specified
06-09 10:00:27.666 W/art     ( 1829): Long monitor contention with owner ActivityManager (1863) at void com.android.server.am.ActivityManagerService$MainHandler.handleMessage(android.os.Message)(ActivityManagerService.java:2083) waiters=0 in java.lang.String com.android.server.am.ActivityManagerService.checkContentProviderAccess(java.lang.String, int) for 750ms
06-09 10:00:27.926 I/ServiceManager( 1320): service 'simphonebook' died
06-09 10:00:27.927 I/ServiceManager( 1320): service 'iphonesubinfo' died
06-09 10:00:27.927 I/ServiceManager( 1320): service 'isms' died
06-09 10:00:27.927 I/ServiceManager( 1320): service 'phone' died
06-09 10:00:27.927 I/ServiceManager( 1320): service 'carrier_config' died
06-09 10:00:27.927 I/ServiceManager( 1320): service 'isub' died
06-09 10:00:28.299 E/NetdConnector( 1829): NDC event {600 Iface linkstate eth1 up} took too long: 1060ms
06-09 10:00:28.328 W/BroadcastQueue( 1829): Can't deliver broadcast to com.android.phone (pid 2328). Crashing it.
06-09 10:00:28.350 I/ActivityManager( 1829): Killing 2328:com.android.phone/1001 (adj -800): scheduleCrash for 'can't deliver broadcast' failed
06-09 10:00:28.369 D/ConnectivityService( 1829): unregisterNetworkFactory for PhoneSwitcherNetworkRequstListener
06-09 10:00:28.369 D/ConnectivityService( 1829): unregisterNetworkFactory for TelephonyNetworkFactory[0]
06-09 10:00:28.452 W/art     ( 1829): Suspending all threads took: 78.887ms
06-09 10:00:28.602 W/BroadcastQueue( 1829): Failure sending broadcast Intent { act=android.intent.action.ANY_DATA_STATE flg=0x10 (has extras) }
06-09 10:00:28.602 W/BroadcastQueue( 1829): android.os.DeadObjectException
06-09 10:00:28.602 W/BroadcastQueue( 1829): 	at android.os.BinderProxy.transactNative(Native Method)
06-09 10:00:28.602 W/BroadcastQueue( 1829): 	at android.os.BinderProxy.transact(Binder.java:615)
06-09 10:00:28.602 W/BroadcastQueue( 1829): 	at android.app.ApplicationThreadProxy.scheduleRegisteredReceiver(ApplicationThreadNative.java:1201)
06-09 10:00:28.602 W/BroadcastQueue( 1829): 	at com.android.server.am.BroadcastQueue.performReceiveLocked(BroadcastQueue.java:474)
06-09 10:00:28.602 W/BroadcastQueue( 1829): 	at com.android.server.am.BroadcastQueue.deliverToRegisteredReceiverLocked(BroadcastQueue.java:666)
06-09 10:00:28.602 W/BroadcastQueue( 1829): 	at com.android.server.am.BroadcastQueue.processNextBroadcast(BroadcastQueue.java:787)
06-09 10:00:28.602 W/BroadcastQueue( 1829): 	at com.android.server.am.BroadcastQueue$BroadcastHandler.handleMessage(BroadcastQueue.java:172)
06-09 10:00:28.602 W/BroadcastQueue( 1829): 	at android.os.Handler.dispatchMessage(Handler.java:102)
06-09 10:00:28.602 W/BroadcastQueue( 1829): 	at android.os.Looper.loop(Looper.java:154)
06-09 10:00:28.602 W/BroadcastQueue( 1829): 	at android.os.HandlerThread.run(HandlerThread.java:61)
06-09 10:00:28.602 W/BroadcastQueue( 1829): 	at com.android.server.ServiceThread.run(ServiceThread.java:46)
06-09 10:00:28.606 V/GridSizeMigrationTask( 2558): Workspace migration completed in 3276
06-09 10:00:28.635 W/art     ( 1829): Long monitor contention with owner ActivityManager (1863) at void com.android.server.am.BroadcastQueue.processNextBroadcast(boolean)(BroadcastQueue.java:760) waiters=2 in void com.android.server.am.ActivityManagerService$AppDeathRecipient.binderDied() for 714ms
06-09 10:00:28.663 W/BroadcastQueue( 1829): Timeout of broadcast BroadcastRecord{f19e3d4 u-1 android.intent.action.TIME_TICK} - receiver=android.os.BinderProxy@71557bc, started 12495ms ago
06-09 10:00:28.664 W/BroadcastQueue( 1829): Receiver during timeout: BroadcastFilter{f5c2a9a u0 ReceiverList{c39d345 2069 com.android.systemui/10021/u0 remote:71557bc}}
06-09 10:00:28.666 I/ActivityManager( 1829): Process com.android.phone (pid 2328) has died
06-09 10:00:28.667 D/ActivityManager( 1829): cleanUpApplicationRecord -- 2328
06-09 10:00:28.674 D/Launcher.Model( 2558): loadWorkspace: loading default favorites
06-09 10:00:28.736 W/ActivityManager( 1829): Scheduling restart of crashed service com.android.phone/.TelephonyDebugService in 0ms
06-09 10:00:28.767 W/ActivityManager( 1829): Re-adding persistent process ProcessRecord{ec18494 2328:com.android.phone/1001}
06-09 10:00:28.785 E/NetdConnector( 1829): NDC Command {18 firewall disable_chain standby} took too long (2558ms)
06-09 10:00:28.788 W/art     ( 1829): Long monitor contention with owner ActivityManager (1863) at void com.android.server.am.ActivityManagerService$MainHandler.handleMessage(android.os.Message)(ActivityManagerService.java:2083) waiters=1 in java.lang.String com.android.server.am.ActivityManagerService.checkContentProviderAccess(java.lang.String, int) for 1.597s
06-09 10:00:28.916 I/InputConnectionWrapper.ICC( 2063): Got out-of-sequence callback 1 (expected 3) in setTextBeforeCursor, ignoring.
06-09 10:00:28.923 W/art     ( 1829): Long monitor contention with owner android.display (1876) at void com.android.server.wm.WindowManagerService$H.handleMessage(android.os.Message)(WindowManagerService.java:8368) waiters=0 in void com.android.server.wm.WindowManagerService.finishDrawingWindow(com.android.server.wm.Session, android.view.IWindow) for 2.017s
06-09 10:00:29.176 W/ActivityManager( 1829): Slow operation: 409ms so far, now at startProcess: returned from zygote!
06-09 10:00:29.177 W/ActivityManager( 1829): Slow operation: 409ms so far, now at startProcess: done updating battery stats
06-09 10:00:29.177 W/ActivityManager( 1829): Slow operation: 410ms so far, now at startProcess: building log message
06-09 10:00:29.178 I/ActivityManager( 1829): Start proc 2643:com.android.phone/1001 for restart com.android.phone
06-09 10:00:29.178 W/ActivityManager( 1829): Slow operation: 410ms so far, now at startProcess: starting to update pids map
06-09 10:00:29.178 W/ActivityManager( 1829): Slow operation: 411ms so far, now at startProcess: done updating pids map
06-09 10:00:29.211 W/art     ( 1829): Long monitor contention with owner Binder:1829_1 (1848) at void com.android.server.am.ActivityManagerService$AppDeathRecipient.binderDied()(ActivityManagerService.java:1475) waiters=1 in void com.android.server.am.ActivityStackSupervisor$ActivityStackSupervisorHandler.handleMessage(android.os.Message) for 530ms
06-09 10:00:29.270 I/MediaPlayerService( 1334): MediaPlayerService::getOMX
06-09 10:00:29.322 W/libprocessgroup( 1829): failed to open /acct/uid_1001/pid_2328/cgroup.procs: No such file or directory
06-09 10:00:29.322 W/libprocessgroup( 1829): failed to open /acct/uid_1001/pid_2328/cgroup.procs: No such file or directory
06-09 10:00:29.331 I/OMXClient( 2509): MuxOMX ctor
06-09 10:00:29.353 I/OMXMaster( 1331): makeComponentInstance(OMX.google.vorbis.decoder) in mediacodec process
06-09 10:00:29.398 W/art     ( 2643): Unexpected CPU variant for X86 using defaults: x86_64
06-09 10:00:29.804 I/Choreographer( 2558): Skipped 241 frames!  The application may be doing too much work on its main thread.
06-09 10:00:30.082 I/art     ( 1829): Background sticky concurrent mark sweep GC freed 43945(2MB) AllocSpace objects, 4(80KB) LOS objects, 19% free, 10MB/13MB, paused 207.056ms total 7.019s
06-09 10:00:30.111 I/LatinIME( 2063): Timeout waiting for dictionary load
06-09 10:00:30.163 W/art     ( 1829): Long monitor contention with owner Binder:1829_1 (1848) at void com.android.server.am.ActivityManagerService$AppDeathRecipient.binderDied()(ActivityManagerService.java:1475) waiters=2 in void com.android.server.am.ActivityManagerService.dispatchUidsChanged() for 1.397s
06-09 10:00:30.191 W/art     ( 1829): Long monitor contention with owner main (1829) at void com.android.server.pm.UserManagerService$MainHandler.handleMessage(android.os.Message)(UserManagerService.java:3290) waiters=1 in android.content.pm.PackageInfo com.android.server.pm.PackageManagerService.getPackageInfo(java.lang.String, int, int) for 334ms
06-09 10:00:30.193 I/InputConnectionWrapper.ICC( 2063): Got out-of-sequence callback 2 (expected 3) in setSelectedText, ignoring.
06-09 10:00:30.200 W/art     ( 1829): Long monitor contention with owner Binder:1829_1 (1848) at void com.android.server.am.ActivityManagerService$AppDeathRecipient.binderDied()(ActivityManagerService.java:1475) waiters=4 in java.lang.String com.android.server.am.ActivityManagerService.checkContentProviderAccess(java.lang.String, int) for 1.291s
06-09 10:00:30.207 D/TrustManagerService( 1829): Removing dead TrustListener.
06-09 10:00:30.225 W/art     ( 1829): Long monitor contention with owner Binder:1829_1 (1848) at void com.android.server.am.ActivityManagerService$AppDeathRecipient.binderDied()(ActivityManagerService.java:1475) waiters=5 in void com.android.server.am.ActivityManagerService.notifyActivityDrawn(android.os.IBinder) for 1.220s
06-09 10:00:30.227 W/art     ( 1829): Long monitor contention with owner Binder:1829_4 (2098) at void com.android.server.am.ActivityManagerService.attachApplication(android.app.IApplicationThread)(ActivityManagerService.java:6669) waiters=6 in void com.android.server.am.ActivityManagerService.activityIdle(android.os.IBinder, android.content.res.Configuration, boolean) for 274ms
06-09 10:00:30.228 I/Choreographer( 1829): Skipped 259 frames!  The application may be doing too much work on its main thread.
06-09 10:00:30.239 W/art     ( 1829): Long monitor contention with owner Binder:1829_1 (1848) at void com.android.server.am.ActivityManagerService$AppDeathRecipient.binderDied()(ActivityManagerService.java:1475) waiters=2 in java.lang.String com.android.server.am.ActivityManagerService.checkContentProviderAccess(java.lang.String, int) for 1.386s
06-09 10:00:30.413 W/art     ( 1829): Long monitor contention with owner Binder:1829_4 (2098) at void com.android.server.am.ActivityManagerService.attachApplication(android.app.IApplicationThread)(ActivityManagerService.java:6669) waiters=6 in void com.android.server.am.ActivityStackSupervisor$ActivityStackSupervisorHandler.handleMessage(android.os.Message) for 458ms
06-09 10:00:30.421 W/art     ( 1829): Long monitor contention with owner Binder:1829_4 (2098) at void com.android.server.am.ActivityManagerService.attachApplication(android.app.IApplicationThread)(ActivityManagerService.java:6669) waiters=7 in java.lang.String com.android.server.am.ActivityManagerService.checkContentProviderAccess(java.lang.String, int) for 300ms
06-09 10:00:30.443 I/FusedLocation( 1829): engine started (com.android.location.fused)
06-09 10:00:30.484 I/ActivityManager( 1829): Displayed com.android.launcher3/.Launcher: +13s449ms
06-09 10:00:30.525 W/art     ( 1829): Long monitor contention with owner Binder:1829_1 (1848) at void com.android.server.am.ActivityManagerService$AppDeathRecipient.binderDied()(ActivityManagerService.java:1475) waiters=3 in boolean com.android.server.am.ActivityManagerService.isUserRunning(int, int) for 1.671s
06-09 10:00:30.803 I/MediaPlayerService( 1334): MediaPlayerService::getOMX
06-09 10:00:30.805 I/OMXClient( 2509): MuxOMX ctor
06-09 10:00:30.812 W/art     ( 1829): Long monitor contention with owner Binder:1829_8 (2434) at void com.android.server.am.ActivityManagerService.activityIdle(android.os.IBinder, android.content.res.Configuration, boolean)(ActivityManagerService.java:6680) waiters=4 in java.lang.String com.android.server.am.ActivityManagerService.checkContentProviderAccess(java.lang.String, int) for 573ms
06-09 10:00:30.852 I/OMXMaster( 1331): makeComponentInstance(OMX.google.vorbis.decoder) in mediacodec process
06-09 10:00:30.927 W/System  ( 2643): ClassLoader referenced unknown path: /system/priv-app/TeleService/lib/x86_64
06-09 10:00:31.418 W/System  ( 2643): ClassLoader referenced unknown path: /system/priv-app/TelephonyProvider/lib/x86_64
06-09 10:00:31.445 D/ApplicationLoaders( 2643): ignored Vulkan layer search path /system/priv-app/TelephonyProvider/lib/x86_64:/system/lib64:/vendor/lib64 for namespace 0x7a8ef21330f0
06-09 10:00:31.939 D/TelephonyProvider( 2643): dbh.onOpen: ok, queried table=siminfo
06-09 10:00:32.002 D/TelephonyProvider( 2643): dbh.onOpen: ok, queried table=carriers
06-09 10:00:32.174 W/art     ( 2063): Long monitor contention with owner AsyncTask #2 (2628) at boolean android.os.MessageQueue.enqueueMessage(android.os.Message, long)(MessageQueue.java:541) waiters=0 in android.os.Message android.os.MessageQueue.next() for 1.430s
06-09 10:00:32.430 I/vol.Events( 2509): writeEvent collection_started
06-09 10:00:33.542 I/vol.Events( 2509): writeEvent external_ringer_mode_changed normal
06-09 10:00:33.543 I/vol.Events( 2509): writeEvent internal_ringer_mode_changed normal
06-09 10:00:34.471 W/ActivityManager( 1829): Slow operation: 77ms so far, now at startProcess: returned from zygote!
06-09 10:00:34.471 W/ActivityManager( 1829): Slow operation: 77ms so far, now at startProcess: done updating battery stats
06-09 10:00:34.472 W/ActivityManager( 1829): Slow operation: 78ms so far, now at startProcess: building log message
06-09 10:00:34.472 I/ActivityManager( 1829): Start proc 2683:com.android.deskclock/u0a31 for broadcast com.android.deskclock/.AlarmInitReceiver
06-09 10:00:34.472 W/ActivityManager( 1829): Slow operation: 78ms so far, now at startProcess: starting to update pids map
06-09 10:00:34.472 W/ActivityManager( 1829): Slow operation: 78ms so far, now at startProcess: done updating pids map
06-09 10:00:34.472 W/ActivityManager( 1829): Slow operation: 94ms so far, now at startProcess: done starting proc!
06-09 10:00:34.564 W/art     ( 2683): Unexpected CPU variant for X86 using defaults: x86_64
06-09 10:00:35.282 I/CalendarProvider2( 2526): Sending notification intent: Intent { act=android.intent.action.PROVIDER_CHANGED dat=content://com.android.calendar flg=0x20000000 }
06-09 10:00:35.284 W/ContentResolver( 2526): Failed to get type for: content://com.android.calendar (Unknown URL content://com.android.calendar)
06-09 10:00:34.701 W/ifconfig( 2678): type=1400 audit(0.0:13): avc: denied { ioctl } for path="socket:[15021]" dev="sockfs" ino=15021 ioctlcmd=8927 scontext=u:r:shell:s0 tcontext=u:r:shell:s0 tclass=udp_socket permissive=0
06-09 10:00:34.791 W/ifconfig( 2678): type=1400 audit(0.0:14): avc: denied { ioctl } for path="socket:[15021]" dev="sockfs" ino=15021 ioctlcmd=891d scontext=u:r:shell:s0 tcontext=u:r:shell:s0 tclass=udp_socket permissive=0
06-09 10:00:36.070 W/System  ( 2683): ClassLoader referenced unknown path: /system/app/DeskClock/lib/x86_64
06-09 10:00:34.791 W/ifconfig( 2678): type=1400 audit(0.0:15): avc: denied { ioctl } for path="socket:[15021]" dev="sockfs" ino=15021 ioctlcmd=8970 scontext=u:r:shell:s0 tcontext=u:r:shell:s0 tclass=udp_socket permissive=0
06-09 10:00:36.405 I/vol.Events( 2509): writeEvent level_changed STREAM_ALARM 6
06-09 10:00:36.443 I/vol.Events( 2509): writeEvent level_changed STREAM_BLUETOOTH_SCO 7
06-09 10:00:36.501 I/vol.Events( 2509): writeEvent level_changed STREAM_MUSIC 11
06-09 10:00:36.644 I/vol.Events( 2509): writeEvent level_changed STREAM_RING 5
06-09 10:00:36.653 I/vol.Events( 2509): writeEvent level_changed STREAM_SYSTEM 5
06-09 10:00:36.708 I/vol.Events( 2509): writeEvent level_changed STREAM_VOICE_CALL 4
06-09 10:00:36.781 W/ActivityManager( 1829): Timeout executing service: ServiceRecord{aaada0a u0 com.android.systemui/.keyguard.KeyguardService}
06-09 10:00:37.315 W/SystemConfig( 2643): No directory /system/etc/sysconfig, skipping
06-09 10:00:37.398 I/art     ( 2558): Background sticky concurrent mark sweep GC freed 19966(1933KB) AllocSpace objects, 8(188KB) LOS objects, 24% free, 7MB/10MB, paused 2.868ms total 637.758ms
06-09 10:00:37.464 I/Process ( 1829): Sending signal. PID: 2509 SIG: 3
06-09 10:00:37.467 I/art     ( 2509): Thread[3,tid=2515,WaitingInMainSignalCatcherLoop,Thread*=0x7a8eed896400,peer=0x12c1e550,"Signal Catcher"]: reacting to signal 3
06-09 10:00:37.467 I/art     ( 2509): 
06-09 10:00:37.503 W/art     ( 2509): Suspending all threads took: 11.606ms
06-09 10:00:37.658 D/StorageNotification( 2509): Notifying about private volume: VolumeInfo{private}:
06-09 10:00:37.658 D/StorageNotification( 2509):     type=PRIVATE diskId=null partGuid=null mountFlags=0 mountUserId=-1 
06-09 10:00:37.658 D/StorageNotification( 2509):     state=MOUNTED 
06-09 10:00:37.658 D/StorageNotification( 2509):     fsType=null fsUuid=null fsLabel=null 
06-09 10:00:37.658 D/StorageNotification( 2509):     path=/data internalPath=null 
06-09 10:00:37.722 D/StorageNotification( 2509): Notifying about public volume: VolumeInfo{public:253,48}:
06-09 10:00:37.722 D/StorageNotification( 2509):     type=PUBLIC diskId=disk:253,48 partGuid=null mountFlags=VISIBLE 
06-09 10:00:37.722 D/StorageNotification( 2509):     mountUserId=0 state=MOUNTED 
06-09 10:00:37.722 D/StorageNotification( 2509):     fsType=vfat fsUuid=1EFF-1C1B fsLabel=SDCARD 
06-09 10:00:37.722 D/StorageNotification( 2509):     path=/storage/1EFF-1C1B internalPath=/mnt/media_rw/1EFF-1C1B 
06-09 10:00:37.828 D/PhoneSwitcherNetworkRequstListener( 2643): Registering NetworkFactory
06-09 10:00:37.842 D/ConnectivityService( 1829): Got NetworkFactory Messenger for PhoneSwitcherNetworkRequstListener
06-09 10:00:37.920 D/ConnectivityService( 1829): Got NetworkFactory Messenger for TelephonyNetworkFactory[0]
06-09 10:00:38.141 D/CarrierConfigLoader( 2643): CarrierConfigLoader has started
06-09 10:00:38.146 E/BluetoothAdapter( 2643): Bluetooth binder is null
06-09 10:00:38.200 V/KeyguardServiceDelegate( 1829): *** Keyguard connected (yay!)
06-09 10:00:38.428 I/Telephony( 2643): TtyManager: updateUiTtyMode -1 -> 0
06-09 10:00:38.437 I/Choreographer( 2509): Skipped 102 frames!  The application may be doing too much work on its main thread.
06-09 10:00:38.618 E/ActivityManager( 1829): ANR in com.android.systemui
06-09 10:00:38.618 E/ActivityManager( 1829): PID: 2509
06-09 10:00:38.618 E/ActivityManager( 1829): Reason: executing service com.android.systemui/.keyguard.KeyguardService
06-09 10:00:38.618 E/ActivityManager( 1829): Load: 0.0 / 0.0 / 0.0
06-09 10:00:38.618 E/ActivityManager( 1829): CPU usage from 19931ms to 0ms ago (2020-06-09 10:00:16.854 to 2020-06-09 10:00:36.785):
06-09 10:00:38.618 E/ActivityManager( 1829):   46% 1321/surfaceflinger: 25% user + 21% kernel / faults: 2 minor
06-09 10:00:38.618 E/ActivityManager( 1829):   36% 1829/system_server: 15% user + 21% kernel / faults: 2052 minor 26 major
06-09 10:00:38.618 E/ActivityManager( 1829):   16% 2509/com.android.systemui: 7.9% user + 8.4% kernel / faults: 4376 minor
06-09 10:00:38.618 E/ActivityManager( 1829):   2.3% 1331/media.codec: 1.4% user + 0.9% kernel / faults: 1792 minor
06-09 10:00:38.618 E/ActivityManager( 1829):   3.8% 8/rcu_preempt: 0% user + 3.8% kernel
06-09 10:00:38.618 E/ActivityManager( 1829):   2.4% 2342/com.android.settings: 0.8% user + 1.6% kernel / faults: 226 minor 2 major
06-09 10:00:38.618 E/ActivityManager( 1829):   0.9% 1333/media.extractor: 0.4% user + 0.4% kernel / faults: 13 minor
06-09 10:00:38.618 E/ActivityManager( 1829):   1.3% 2526/com.android.providers.calendar: 0.4% user + 0.9% kernel / faults: 399 minor
06-09 10:00:38.618 E/ActivityManager( 1829):   1.3% 1323/adbd: 0.6% user + 0.6% kernel / faults: 438 minor
06-09 10:00:38.618 E/ActivityManager( 1829):   1% 1320/servicemanager: 0.3% user + 0.7% kernel / faults: 11 minor
06-09 10:00:38.618 E/ActivityManager( 1829):   1% 1324/zygote64: 0% user + 1% kernel / faults: 601 minor
06-09 10:00:38.618 E/ActivityManager( 1829):   0.4% 1335/netd: 0% user + 0.4% kernel / faults: 104 minor
06-09 10:00:38.618 E/ActivityManager( 1829):   0.7% 1266/logd: 0% user + 0.7% kernel / faults: 20 minor
06-09 10:00:38.618 E/ActivityManager( 1829):   0.2% 1334/mediaserver: 0.1% user + 0.1% kernel / faults: 1 minor
06-09 10:00:38.618 E/ActivityManager( 1829):   0.5% 2063/com.android.inputmethod.latin: 0.2% user + 0.3% kernel / faults: 31 minor
06-09 10:00:38.618 E/ActivityManager( 1829):   0.5% 1254/kworker/0:1H: 0% user + 0.5% kernel
06-09 10:00:38.618 E/ActivityManager( 1829):   0.4% 3/ksoftirqd/0: 0% user + 0.4% kernel
06-09 10:00:38.618 E/ActivityManager( 1829):   0.4% 1349/logcat: 0% user + 0.3% kernel / faults: 2 minor
06-09 10:00:38.618 E/ActivityManager( 1829):   0.3% 17/kworker/u4:1: 0% user + 0.3% kernel
06-09 10:00:38.618 E/ActivityManager( 1829):   0.2% 1264/jbd2/vdc-8: 0% user + 0.2% kernel
06-09 10:00:38.618 E/ActivityManager( 1829):   0.2% 1326/audioserver: 0% user + 0.2% kernel
06-09 10:00:38.618 E/ActivityManager( 1829):   0.2% 1//init: 0% user + 0.1% kernel
06-09 10:00:38.618 E/ActivityManager( 1829):   0.1% 12/ksoftirqd/1: 0% user + 0.1% kernel
06-09 10:00:38.618 E/ActivityManager( 1829):   0.1% 1319/lmkd: 0.1% user + 0% kernel
06-09 10:00:38.618 E/ActivityManager( 1829):   0.1% 1336/rild: 0.1% user + 0% kernel
06-09 10:00:38.618 E/ActivityManager( 1829):   0.1% 455/kworker/0:1: 0% user + 0.1% kernel
06-09 10:00:38.618 E/ActivityManager( 1829):   0% 673/kworker/1:1: 0% user + 0% kernel
06-09 10:00:38.618 E/ActivityManager( 1829):   0% 1535/hostapd: 0% user + 0% kernel
06-09 10:00:38.618 E/ActivityManager( 1829):  +0% 2558/com.android.launcher3: 0% user + 0% kernel
06-09 10:00:38.618 E/ActivityManager( 1829):  +0% 2585/com.android.keychain: 0% user + 0% kernel
06-09 10:00:38.618 E/ActivityManager( 1829):  +0% 2643/com.android.phone: 0% user + 0% kernel
06-09 10:00:38.618 E/ActivityManager( 1829):  +0% 2683/com.android.deskclock: 0% user + 0% kernel
06-09 10:00:38.618 E/ActivityManager( 1829): 100% TOTAL: 45% user + 53% kernel + 1% softirq
06-09 10:00:38.618 E/ActivityManager( 1829): CPU usage from 293765ms to 293765ms ago (1970-01-01 00:00:00.000 to 1970-01-01 00:00:00.000) with 0% awake:
06-09 10:00:38.618 E/ActivityManager( 1829): 0% TOTAL: 0% user + 0% kernel
06-09 10:00:38.632 I/ActivityManager( 1829): Killing 2509:com.android.systemui/u0a21 (adj -800): bg anr
06-09 10:00:38.656 D/TelephonyDebugService( 2643): TelephonyDebugService()
06-09 10:00:39.296 I/WindowManager( 1829): WIN DEATH: Window{58ea1d1 u0 DockedStackDivider}
06-09 10:00:39.308 W/ActivityManager( 1829): Slow operation: 142ms so far, now at startProcess: returned from zygote!
06-09 10:00:39.309 W/ActivityManager( 1829): Slow operation: 143ms so far, now at startProcess: done updating battery stats
06-09 10:00:39.319 W/ActivityManager( 1829): Slow operation: 143ms so far, now at startProcess: building log message
06-09 10:00:39.319 I/ActivityManager( 1829): Start proc 2716:android.process.acore/u0a1 for content provider com.android.providers.contacts/.ContactsProvider2
06-09 10:00:39.319 W/ActivityManager( 1829): Slow operation: 153ms so far, now at startProcess: starting to update pids map
06-09 10:00:39.320 W/ActivityManager( 1829): Slow operation: 153ms so far, now at startProcess: done updating pids map
06-09 10:00:39.320 W/ActivityManager( 1829): Slow operation: 170ms so far, now at startProcess: done starting proc!
06-09 10:00:39.321 W/AudioService( 1829): Current remote volume controller died, unregistering
06-09 10:00:39.324 W/VolumeController( 1829): Error calling dismiss
06-09 10:00:39.324 W/VolumeController( 1829): android.os.DeadObjectException
06-09 10:00:39.324 W/VolumeController( 1829): 	at android.os.BinderProxy.transactNative(Native Method)
06-09 10:00:39.324 W/VolumeController( 1829): 	at android.os.BinderProxy.transact(Binder.java:615)
06-09 10:00:39.324 W/VolumeController( 1829): 	at android.media.IVolumeController$Stub$Proxy.dismiss(IVolumeController.java:162)
06-09 10:00:39.324 W/VolumeController( 1829): 	at com.android.server.audio.AudioService$VolumeController.postDismiss(AudioService.java:6138)
06-09 10:00:39.324 W/VolumeController( 1829): 	at com.android.server.audio.AudioService.setVolumeController(AudioService.java:5986)
06-09 10:00:39.324 W/VolumeController( 1829): 	at com.android.server.audio.AudioService$4.binderDied(AudioService.java:5995)
06-09 10:00:39.324 W/VolumeController( 1829): 	at android.os.BinderProxy.sendDeathNotice(Binder.java:688)
06-09 10:00:39.341 W/ActivityManager( 1829): Slow operation: 174ms so far, now at getContentProviderImpl: after start process
06-09 10:00:39.341 W/ActivityManager( 1829): Slow operation: 195ms so far, now at getContentProviderImpl: updating data structures
06-09 10:00:39.342 W/ActivityManager( 1829): Slow operation: 195ms so far, now at getContentProviderImpl: done!
06-09 10:00:39.346 W/art     ( 1829): Long monitor contention with owner Binder:1829_7 (2433) at android.app.IActivityManager$ContentProviderHolder com.android.server.am.ActivityManagerService.getContentProviderImpl(android.app.IApplicationThread, java.lang.String, android.os.IBinder, boolean, int)(ActivityManagerService.java:10666) waiters=0 in int com.android.server.am.ActivityManagerService.broadcastIntent(android.app.IApplicationThread, android.content.Intent, java.lang.String, android.content.IIntentReceiver, int, java.lang.String, android.os.Bundle, java.lang.String[], int, android.os.Bundle, boolean, boolean, int) for 191ms
06-09 10:00:39.352 I/ActivityManager( 1829): Process com.android.systemui (pid 2509) has died
06-09 10:00:39.352 D/ActivityManager( 1829): cleanUpApplicationRecord -- 2509
06-09 10:00:39.354 W/ActivityManager( 1829): Scheduling restart of crashed service com.android.systemui/.keyguard.KeyguardService in 0ms
06-09 10:00:39.354 W/ActivityManager( 1829): Scheduling restart of crashed service com.android.systemui/.SystemUIService in 0ms
06-09 10:00:39.355 W/ActivityManager( 1829): Scheduling restart of crashed service com.android.systemui/.ImageWallpaper in 0ms
06-09 10:00:39.368 W/ActivityManager( 1829): Re-adding persistent process ProcessRecord{ecae286 2509:com.android.systemui/u0a21}
06-09 10:00:39.521 W/libprocessgroup( 1829): failed to open /acct/uid_10021/pid_2509/cgroup.procs: No such file or directory
06-09 10:00:39.548 W/ActivityManager( 1829): Slow operation: 178ms so far, now at startProcess: returned from zygote!
