--------- beginning of main
06-09 09:55:44.170 W/auditd  ( 1266): type=2000 audit(0.0:1): initialized
06-09 09:55:48.550 I/auditd  ( 1266): type=1403 audit(0.0:2): policy loaded auid=4294967295 ses=4294967295
06-09 09:55:48.560 W/auditd  ( 1266): type=1404 audit(0.0:3): enforcing=1 old_enforcing=0 auid=4294967295 ses=4294967295
06-09 09:55:54.790 W/init    (    1): type=1400 audit(0.0:4): avc: denied { write } for name="tracing_on" dev="debugfs" ino=28 scontext=u:r:init:s0 tcontext=u:object_r:debugfs:s0 tclass=file permissive=0
06-09 09:55:57.096 I/        ( 1273): debuggerd: starting
--------- beginning of system
06-09 09:55:57.596 I/vold    ( 1274): Vold 3.0 (the awakening) firing up
06-09 09:55:57.599 V/vold    ( 1274): Detected support for: ext4 vfat
06-09 09:55:57.943 D/vold    ( 1274): Recognized experimental block major ID 253 as virtio-blk (emulator's virtual SD card device)
06-09 09:55:57.952 V/vold    ( 1274): /system/bin/sgdisk
06-09 09:55:57.953 V/vold    ( 1274):     --android-dump
06-09 09:55:57.953 V/vold    ( 1274):     /dev/block/vold/disk:253,48
06-09 09:55:58.209 D/vold    ( 1274): e4crypt_init_user0
06-09 09:55:58.222 D/vold    ( 1274): e4crypt_prepare_user_storage for volume null, user 0, serial 0, flags 1
06-09 09:55:58.223 D/vold    ( 1274): Preparing: /data/system/users/0
06-09 09:55:58.235 D/vold    ( 1274): Preparing: /data/misc/profiles/cur/0
06-09 09:55:58.240 D/vold    ( 1274): Preparing: /data/misc/profiles/cur/0/foreign-dex
06-09 09:55:58.244 D/vold    ( 1274): Preparing: /data/system_de/0
06-09 09:55:58.250 D/vold    ( 1274): Preparing: /data/misc_de/0
06-09 09:55:58.261 D/vold    ( 1274): Preparing: /data/user_de/0
06-09 09:55:58.271 D/vold    ( 1274): e4crypt_unlock_user_key 0 serial=0 token_present=0
06-09 09:55:58.302 I/vdc     (    1): 200 1275 Command succeeded
06-09 09:55:58.540 I/        ( 1272): debuggerd: starting
06-09 09:55:58.543 V/vold    ( 1274): DISK mbr
06-09 09:55:58.543 V/vold    ( 1274): 
06-09 09:55:58.572 W/vold    ( 1274): disk:253,48 has unknown partition table; trying entire device
06-09 09:55:58.573 V/vold    ( 1274): /system/bin/blkid
06-09 09:55:58.573 V/vold    ( 1274):     -c
06-09 09:55:58.573 V/vold    ( 1274):     /dev/null
06-09 09:55:58.573 V/vold    ( 1274):     -s
06-09 09:55:58.573 V/vold    ( 1274):     TYPE
06-09 09:55:58.573 V/vold    ( 1274):     -s
06-09 09:55:58.574 V/vold    ( 1274):     UUID
06-09 09:55:58.574 V/vold    ( 1274):     -s
06-09 09:55:58.574 V/vold    ( 1274):     LABEL
06-09 09:55:58.574 V/vold    ( 1274):     /dev/block/vold/disk:253,48
06-09 09:55:58.713 I//system/bin/tzdatacheck( 1312): tzdata file /data/misc/zoneinfo/current/tzdata does not exist. No action required.
06-09 09:55:59.147 V/vold    ( 1274): /dev/block/vold/disk:253,48: LABEL="SDCARD" UUID="1EFF-1C1B" TYPE="vfat" 
06-09 09:55:59.147 V/vold    ( 1274): 
06-09 09:55:59.470 W/cameraserver( 1327): type=1400 audit(0.0:5): avc: denied { getattr } for path="/vendor" dev="rootfs" ino=2986 scontext=u:r:cameraserver:s0 tcontext=u:object_r:rootfs:s0 tclass=lnk_file permissive=0
06-09 09:55:59.620 W/mediacodec( 1331): type=1400 audit(0.0:6): avc: denied { getattr } for path="/vendor" dev="rootfs" ino=2986 scontext=u:r:mediacodec:s0 tcontext=u:object_r:rootfs:s0 tclass=lnk_file permissive=0
06-09 09:55:59.640 W/audioserver( 1326): type=1400 audit(0.0:7): avc: denied { getattr } for path="/vendor" dev="rootfs" ino=2986 scontext=u:r:audioserver:s0 tcontext=u:object_r:rootfs:s0 tclass=lnk_file permissive=0
06-09 09:55:59.820 W/mediadrmserver( 1332): type=1400 audit(0.0:8): avc: denied { getattr } for path="/vendor" dev="rootfs" ino=2986 scontext=u:r:mediadrmserver:s0 tcontext=u:object_r:rootfs:s0 tclass=lnk_file permissive=0
06-09 09:56:00.398 I/lowmemorykiller( 1319): Using in-kernel low memory killer interface
06-09 09:56:00.526 I/qemu-props( 1318): connected to 'boot-properties' qemud service.
06-09 09:56:00.527 I/qemu-props( 1318): receiving..
06-09 09:56:00.528 I/qemu-props( 1318): received: qemu.cmdline=androidboot.logcat=v:* androidboot.consolepipe=qemu_pipe,pipe:logcat
06-09 09:56:00.630 I/qemu-props( 1318): receiving..
06-09 09:56:00.631 I/qemu-props( 1318): received: qemu.logcat=start
06-09 09:56:00.741 I/qemu-props( 1318): receiving..
06-09 09:56:00.742 I/qemu-props( 1318): received: ro.opengles.version=131072
06-09 09:56:00.753 I/qemu-props( 1318): receiving..
06-09 09:56:00.753 I/qemu-props( 1318): received: qemu.sf.fake_camera=back
06-09 09:56:00.792 I/qemu-props( 1318): receiving..
06-09 09:56:00.792 I/qemu-props( 1318): received: dalvik.vm.heapsize=256m
06-09 09:56:00.793 I/qemu-props( 1318): receiving..
06-09 09:56:00.793 I/qemu-props( 1318): received: qemu.hw.mainkeys=0
06-09 09:56:00.794 I/qemu-props( 1318): receiving..
06-09 09:56:00.795 I/qemu-props( 1318): received: qemu.sf.lcd_density=480
06-09 09:56:00.859 I/        ( 1329): installd firing up
06-09 09:56:00.923 I/qemu-props( 1318): receiving..
06-09 09:56:00.923 I/qemu-props( 1318): received: qemu.timezone=Etc/UTC
06-09 09:56:00.928 I/qemu-props( 1318): receiving..
06-09 09:56:00.929 I/qemu-props( 1318): exiting (8 properties set).
06-09 09:56:01.194 I/fingerprintd( 1339): Starting fingerprintd
06-09 09:56:01.319 I/perfprofd( 1343): starting Android Wide Profiling daemon
06-09 09:56:01.341 E/perfprofd( 1343): unable to open configuration file /data/data/com.google.android.gms/files/perfprofd.conf
06-09 09:56:01.362 I/perfprofd( 1343): random seed set to 3623993415
06-09 09:56:01.752 I/keystore( 1330): Found keymaster0 module Keymaster OpenSSL HAL, version 2
06-09 09:56:01.753 I/SoftKeymaster( 1330): system/keymaster/soft_keymaster_device.cpp, Line 131: Creating device
06-09 09:56:01.753 D/SoftKeymaster( 1330): system/keymaster/soft_keymaster_device.cpp, Line 132: Device address: 0x742d52e3d000
06-09 09:56:01.754 I/keystore( 1330): Keymaster0 module is software-only.  Using SoftKeymasterDevice instead.
06-09 09:56:01.754 I/SoftKeymaster( 1330): system/keymaster/soft_keymaster_device.cpp, Line 131: Creating device
06-09 09:56:01.754 D/SoftKeymaster( 1330): system/keymaster/soft_keymaster_device.cpp, Line 132: Device address: 0x742d52e3d400
06-09 09:56:02.666 I/gatekeeperd( 1340): Starting gatekeeperd...
06-09 09:56:02.684 W/gatekeeperd( 1340): falling back to software GateKeeper
06-09 09:56:03.040 I/Netd    ( 1335): Netd 1.0 starting
06-09 09:56:08.930 W/bootanimation( 1391): type=1400 audit(0.0:9): avc: denied { getattr } for path="/vendor" dev="rootfs" ino=2986 scontext=u:r:bootanim:s0 tcontext=u:object_r:rootfs:s0 tclass=lnk_file permissive=0
06-09 09:56:03.222 D/TetherController( 1335): Setting IP forward enable = 0
06-09 09:56:06.774 I/mediacodec( 1331): @@@ mediacodecservice starting
06-09 09:56:06.817 I/SurfaceFlinger( 1321): SurfaceFlinger is starting
06-09 09:56:06.830 W/        ( 1331): No seccomp filter defined for this architecture.
06-09 09:56:06.849 I/SurfaceFlinger( 1321): SurfaceFlinger's main thread ready to run. Initializing graphics H/W...
06-09 09:56:06.897 D/libEGL  ( 1321): Emulator without GPU support detected. Fallback to legacy software renderer, qemu.gles is set to 0.
06-09 09:56:07.050 I/cameraserver( 1327): ServiceManager: 0xec63c020
06-09 09:56:07.070 I/CameraService( 1327): CameraService started (pid=1327)
06-09 09:56:07.071 I/CameraService( 1327): CameraService process starting
06-09 09:56:07.073 W/BatteryNotifier( 1327): batterystats service unavailable!
06-09 09:56:07.090 W/BatteryNotifier( 1327): batterystats service unavailable!
06-09 09:56:07.203 D/libEGL  ( 1321): loaded /system/lib64/egl/libGLES_android.so
06-09 09:56:07.862 D/EmulatedCamera_QemuClient( 1327): Emulated camera list: 
06-09 09:56:07.864 D/EmulatedCamera_FakeCamera( 1327): Initialize: Fake camera is facing back
06-09 09:56:07.867 V/EmulatedCamera_Device( 1327): initializeWhiteBalanceModes with auto, 1.000000, 1.000000
06-09 09:56:07.867 V/EmulatedCamera_Device( 1327): initializeWhiteBalanceModes with incandescent, 1.380000, 0.600000
06-09 09:56:07.867 V/EmulatedCamera_Device( 1327): initializeWhiteBalanceModes with daylight, 1.090000, 0.920000
06-09 09:56:07.868 V/EmulatedCamera_Device( 1327): initializeWhiteBalanceModes with twilight, 0.920000, 1.220000
06-09 09:56:07.868 V/EmulatedCamera_Device( 1327): setWhiteBalanceMode with white balance auto
06-09 09:56:07.868 E/EmulatedCamera_Factory( 1327): 1 cameras are being emulated. 0 of them are fake cameras.
06-09 09:56:07.869 E/EmulatedCamera_HotplugThread( 1327): createFileIfNotExists: Could not create file '/data/misc/media/emulator.camera.hotplug.0', error: 'Permission denied' (13)
06-09 09:56:07.925 I/CameraService( 1327): Loaded "Emulated Camera Module" camera module
06-09 09:56:07.926 E/CameraService( 1327): setUpVendorTags: Vendor tag operations not fully defined. Ignoring definitions.
06-09 09:56:07.927 V/EmulatedCamera_Camera( 1327): getCameraInfo
06-09 09:56:07.927 V/EmulatedCamera_BaseCamera( 1327): getCameraInfo
06-09 09:56:07.928 I/CameraFlashlight( 1327): Opening camera 0
06-09 09:56:07.928 V/EmulatedCamera_Camera( 1327): getCameraInfo
06-09 09:56:07.928 V/EmulatedCamera_BaseCamera( 1327): getCameraInfo
06-09 09:56:07.928 V/EmulatedCamera_Camera( 1327): connectCamera
06-09 09:56:07.928 V/EmulatedCamera_FakeDevice( 1327): connectDevice
06-09 09:56:07.929 V/EmulatedCamera_CallbackNotifier( 1327): setCallbacks: 0xecd12e80, 0xecd12ed0, 0xecd12ff0, 0xecd13110 (0xec643140)
06-09 09:56:08.086 I/ServiceManager( 1327): Waiting for service SurfaceFlinger...
06-09 09:56:08.285 D/gralloc_ranchu( 1321): Emulator without host-side GPU emulation detected. Loading gralloc.default.so from /vendor/lib64/hw/gralloc.goldfish.default.so...
06-09 09:56:08.287 D/gralloc_ranchu( 1321): gralloc.default.so not found in /vendor. Trying /system/lib64/hw/gralloc.goldfish.default.so...
06-09 09:56:08.293 I/gralloc ( 1321): using (fd=11)
06-09 09:56:08.293 I/gralloc ( 1321): id           = 
06-09 09:56:08.293 I/gralloc ( 1321): xres         = 1080 px
06-09 09:56:08.293 I/gralloc ( 1321): yres         = 1920 px
06-09 09:56:08.293 I/gralloc ( 1321): xres_virtual = 1080 px
06-09 09:56:08.293 I/gralloc ( 1321): yres_virtual = 3840 px
06-09 09:56:08.293 I/gralloc ( 1321): bpp          = 16
06-09 09:56:08.293 I/gralloc ( 1321): r            = 11:5
06-09 09:56:08.293 I/gralloc ( 1321): g            =  5:6
06-09 09:56:08.293 I/gralloc ( 1321): b            =  0:5
06-09 09:56:08.294 I/gralloc ( 1321): width        = 166 mm (165.253006 dpi)
06-09 09:56:08.294 I/gralloc ( 1321): height       = 296 mm (164.756760 dpi)
06-09 09:56:08.294 I/gralloc ( 1321): refresh rate = 60.00 Hz
06-09 09:56:08.390 E/SurfaceFlinger( 1321): hwcomposer module not found
06-09 09:56:08.393 W/SurfaceFlinger( 1321): no suitable EGLConfig found, trying a simpler query
06-09 09:56:08.393 W/SurfaceFlinger( 1321): EGL_SLOW_CONFIG selected!
06-09 09:56:08.393 I/SurfaceFlinger( 1321): EGL information:
06-09 09:56:08.393 I/SurfaceFlinger( 1321): vendor    : Android
06-09 09:56:08.393 I/SurfaceFlinger( 1321): version   : 1.4 Android META-EGL
06-09 09:56:08.393 I/SurfaceFlinger( 1321): extensions: EGL_KHR_get_all_proc_addresses EGL_ANDROID_presentation_time EGL_KHR_swap_buffers_with_damage EGL_ANDROID_create_native_client_buffer EGL_ANDROID_front_buffer_auto_refresh EGL_KHR_image_base EGL_KHR_fence_sync EGL_ANDROID_image_native_buffer 
06-09 09:56:08.393 I/SurfaceFlinger( 1321): Client API: OpenGL_ES
06-09 09:56:08.394 I/SurfaceFlinger( 1321): EGLSurface: 5-6-5-0, config=0x0
06-09 09:56:08.395 W/SurfaceFlinger( 1321): no suitable EGLConfig found, trying a simpler query
06-09 09:56:08.396 W/SurfaceFlinger( 1321): EGL_SLOW_CONFIG selected!
06-09 09:56:08.396 I/SurfaceFlinger( 1321): EGL information:
06-09 09:56:08.396 I/SurfaceFlinger( 1321): vendor    : Android
06-09 09:56:08.396 I/SurfaceFlinger( 1321): version   : 1.4 Android META-EGL
06-09 09:56:08.396 I/SurfaceFlinger( 1321): extensions: EGL_KHR_get_all_proc_addresses EGL_ANDROID_presentation_time EGL_KHR_swap_buffers_with_damage EGL_ANDROID_create_native_client_buffer EGL_ANDROID_front_buffer_auto_refresh EGL_KHR_image_base EGL_KHR_fence_sync EGL_ANDROID_image_native_buffer 
06-09 09:56:08.396 I/SurfaceFlinger( 1321): Client API: OpenGL_ES
06-09 09:56:08.396 I/SurfaceFlinger( 1321): EGLSurface: 5-6-5-0, config=0x0
06-09 09:56:08.452 I/SurfaceFlinger( 1321): OpenGL ES informations:
06-09 09:56:08.452 I/SurfaceFlinger( 1321): vendor    : Android
06-09 09:56:08.452 I/SurfaceFlinger( 1321): renderer  : Android PixelFlinger 1.4
06-09 09:56:08.452 I/SurfaceFlinger( 1321): version   : OpenGL ES-CM 1.0
06-09 09:56:08.452 I/SurfaceFlinger( 1321): extensions: GL_EXT_debug_marker GL_OES_byte_coordinates GL_OES_fixed_point GL_OES_single_precision GL_OES_read_format GL_OES_compressed_paletted_texture GL_OES_draw_texture GL_OES_matrix_get GL_OES_query_matrix GL_OES_EGL_image GL_OES_EGL_sync GL_OES_compressed_ETC1_RGB8_texture GL_ARB_texture_compression GL_ARB_texture_non_power_of_two GL_ANDROID_user_clip_plane GL_ANDROID_vertex_buffer_object GL_ANDROID_generate_mipmap 
06-09 09:56:08.453 I/SurfaceFlinger( 1321): GL_MAX_TEXTURE_SIZE = 4096
06-09 09:56:08.453 I/SurfaceFlinger( 1321): GL_MAX_VIEWPORT_DIMS = 4096
06-09 09:56:08.458 W/SurfaceFlinger( 1321): no suitable EGLConfig found, trying a simpler query
06-09 09:56:08.458 W/SurfaceFlinger( 1321): EGL_SLOW_CONFIG selected!
06-09 09:56:08.458 I/SurfaceFlinger( 1321): EGL information:
06-09 09:56:08.458 I/SurfaceFlinger( 1321): vendor    : Android
06-09 09:56:08.458 I/SurfaceFlinger( 1321): version   : 1.4 Android META-EGL
06-09 09:56:08.458 I/SurfaceFlinger( 1321): extensions: EGL_KHR_get_all_proc_addresses EGL_ANDROID_presentation_time EGL_KHR_swap_buffers_with_damage EGL_ANDROID_create_native_client_buffer EGL_ANDROID_front_buffer_auto_refresh EGL_KHR_image_base EGL_KHR_fence_sync EGL_ANDROID_image_native_buffer 
06-09 09:56:08.458 I/SurfaceFlinger( 1321): Client API: OpenGL_ES
06-09 09:56:08.458 I/SurfaceFlinger( 1321): EGLSurface: 5-6-5-0, config=0x0
06-09 09:56:08.524 E/libEGL  ( 1321): called unimplemented OpenGL ES API
06-09 09:56:08.524 E/SurfaceFlinger( 1321): Error while compiling shader: 
06-09 09:56:08.524 E/SurfaceFlinger( 1321): attribute vec4 position;
06-09 09:56:08.524 E/SurfaceFlinger( 1321): uniform mat4 projection;
06-09 09:56:08.524 E/SurfaceFlinger( 1321): uniform mat4 texture;
06-09 09:56:08.524 E/SurfaceFlinger( 1321): void main(void) {
06-09 09:56:08.524 E/SurfaceFlinger( 1321):     gl_Position = projection * position;
06-09 09:56:08.524 E/SurfaceFlinger( 1321): }
06-09 09:56:08.524 E/SurfaceFlinger( 1321): 
06-09 09:56:08.524 E/SurfaceFlinger( 1321): \F6\FF\FF\FF\FF\FF\FF\FF\9F\E1بt
06-09 09:56:08.524 E/SurfaceFlinger( 1321): Error while compiling shader: 
06-09 09:56:08.524 E/SurfaceFlinger( 1321): precision mediump float;
06-09 09:56:08.524 E/SurfaceFlinger( 1321): uniform vec4 color;
06-09 09:56:08.524 E/SurfaceFlinger( 1321): void main(void) {
06-09 09:56:08.524 E/SurfaceFlinger( 1321):     gl_FragColor = color;
06-09 09:56:08.524 E/SurfaceFlinger( 1321): }
06-09 09:56:08.524 E/SurfaceFlinger( 1321): 
06-09 09:56:08.524 E/SurfaceFlinger( 1321): \F6\FF\FF\FF\FF\FF\FF\FF\9F\E1بt
06-09 09:56:08.524 E/SurfaceFlinger( 1321): Error while linking shaders:
06-09 09:56:08.525 E/SurfaceFlinger( 1321): Error while compiling shader: 
06-09 09:56:08.525 E/SurfaceFlinger( 1321): attribute vec4 position;
06-09 09:56:08.525 E/SurfaceFlinger( 1321): uniform mat4 projection;
06-09 09:56:08.525 E/SurfaceFlinger( 1321): uniform mat4 texture;
06-09 09:56:08.525 E/SurfaceFlinger( 1321): void main(void) {
06-09 09:56:08.525 E/SurfaceFlinger( 1321):     gl_Position = projection * position;
06-09 09:56:08.525 E/SurfaceFlinger( 1321): }
06-09 09:56:08.525 E/SurfaceFlinger( 1321): 
06-09 09:56:08.525 E/SurfaceFlinger( 1321): \F6\FF\FF\FF\FF\FF\FF\FF\9F\E1بt
06-09 09:56:08.525 E/SurfaceFlinger( 1321): Error while compiling shader: 
06-09 09:56:08.525 E/SurfaceFlinger( 1321): precision mediump float;
06-09 09:56:08.525 E/SurfaceFlinger( 1321): uniform vec4 color;
06-09 09:56:08.525 E/SurfaceFlinger( 1321): void main(void) {
06-09 09:56:08.525 E/SurfaceFlinger( 1321):     gl_FragColor = color;
06-09 09:56:08.525 E/SurfaceFlinger( 1321): }
06-09 09:56:08.525 E/SurfaceFlinger( 1321): 
06-09 09:56:08.525 E/SurfaceFlinger( 1321): \F6\FF\FF\FF\FF\FF\FF\FF\9F\E1بt
06-09 09:56:08.525 E/SurfaceFlinger( 1321): Error while linking shaders:
06-09 09:56:08.525 E/SurfaceFlinger( 1321): Error while compiling shader: 
06-09 09:56:08.525 E/SurfaceFlinger( 1321): attribute vec4 position;
06-09 09:56:08.525 E/SurfaceFlinger( 1321): uniform mat4 projection;
06-09 09:56:08.525 E/SurfaceFlinger( 1321): uniform mat4 texture;
06-09 09:56:08.525 E/SurfaceFlinger( 1321): void main(void) {
06-09 09:56:08.525 E/SurfaceFlinger( 1321):     gl_Position = projection * position;
06-09 09:56:08.525 E/SurfaceFlinger( 1321): }
06-09 09:56:08.525 E/SurfaceFlinger( 1321): 
06-09 09:56:08.525 E/SurfaceFlinger( 1321): \F6\FF\FF\FF\FF\FF\FF\FF\9F\E1بt
06-09 09:56:08.525 E/SurfaceFlinger( 1321): Error while compiling shader: 
06-09 09:56:08.525 E/SurfaceFlinger( 1321): precision mediump float;
06-09 09:56:08.525 E/SurfaceFlinger( 1321): uniform vec4 color;
06-09 09:56:08.525 E/SurfaceFlinger( 1321): void main(void) {
06-09 09:56:08.525 E/SurfaceFlinger( 1321):     gl_FragColor = color;
06-09 09:56:08.525 E/SurfaceFlinger( 1321):     gl_FragColor.a = 1.0;
06-09 09:56:08.525 E/SurfaceFlinger( 1321): }
06-09 09:56:08.525 E/SurfaceFlinger( 1321): 
06-09 09:56:08.525 E/SurfaceFlinger( 1321): \F6\FF\FF\FF\FF\FF\FF\FF\9F\E1بt
06-09 09:56:08.525 E/SurfaceFlinger( 1321): Error while linking shaders:
06-09 09:56:08.525 E/SurfaceFlinger( 1321): Error while compiling shader: 
06-09 09:56:08.525 E/SurfaceFlinger( 1321): attribute vec4 position;
06-09 09:56:08.525 E/SurfaceFlinger( 1321): uniform mat4 projection;
06-09 09:56:08.525 E/SurfaceFlinger( 1321): uniform mat4 texture;
06-09 09:56:08.525 E/SurfaceFlinger( 1321): void main(void) {
06-09 09:56:08.525 E/SurfaceFlinger( 1321):     gl_Position = projection * position;
06-09 09:56:08.525 E/SurfaceFlinger( 1321): }
06-09 09:56:08.525 E/SurfaceFlinger( 1321): 
06-09 09:56:08.525 E/SurfaceFlinger( 1321): \F6\FF\FF\FF\FF\FF\FF\FF\9F\E1بt
06-09 09:56:08.525 E/SurfaceFlinger( 1321): Error while compiling shader: 
06-09 09:56:08.525 E/SurfaceFlinger( 1321): precision mediump float;
06-09 09:56:08.525 E/SurfaceFlinger( 1321): uniform vec4 color;
06-09 09:56:08.525 E/SurfaceFlinger( 1321): void main(void) {
06-09 09:56:08.525 E/SurfaceFlinger( 1321):     gl_FragColor = color;
06-09 09:56:08.525 E/SurfaceFlinger( 1321):     gl_FragColor.a = 1.0;
06-09 09:56:08.525 E/SurfaceFlinger( 1321): }
06-09 09:56:08.525 E/SurfaceFlinger( 1321): 
06-09 09:56:08.525 E/SurfaceFlinger( 1321): \F6\FF\FF\FF\FF\FF\FF\FF\9F\E1بt
06-09 09:56:08.525 E/SurfaceFlinger( 1321): Error while linking shaders:
06-09 09:56:08.525 E/SurfaceFlinger( 1321): Error while compiling shader: 
06-09 09:56:08.525 E/SurfaceFlinger( 1321): attribute vec4 position;
06-09 09:56:08.525 E/SurfaceFlinger( 1321): uniform mat4 projection;
06-09 09:56:08.525 E/SurfaceFlinger( 1321): uniform mat4 texture;
06-09 09:56:08.525 E/SurfaceFlinger( 1321): void main(void) {
06-09 09:56:08.525 E/SurfaceFlinger( 1321):     gl_Position = projection * position;
06-09 09:56:08.525 E/SurfaceFlinger( 1321): }
06-09 09:56:08.525 E/SurfaceFlinger( 1321): 
06-09 09:56:08.525 E/SurfaceFlinger( 1321): \F6\FF\FF\FF\FF\FF\FF\FF\9F\E1بt
06-09 09:56:08.526 E/SurfaceFlinger( 1321): Error while compiling shader: 
06-09 09:56:08.526 E/SurfaceFlinger( 1321): precision mediump float;
06-09 09:56:08.526 E/SurfaceFlinger( 1321): uniform vec4 color;
06-09 09:56:08.526 E/SurfaceFlinger( 1321): uniform float alphaPlane;
06-09 09:56:08.526 E/SurfaceFlinger( 1321): void main(void) {
06-09 09:56:08.526 E/SurfaceFlinger( 1321):     gl_FragColor = color;
06-09 09:56:08.526 E/SurfaceFlinger( 1321):     gl_FragColor.a *= alphaPlane;
06-09 09:56:08.526 E/SurfaceFlinger( 1321): }
06-09 09:56:08.526 E/SurfaceFlinger( 1321): 
06-09 09:56:08.526 E/SurfaceFlinger( 1321): \F6\FF\FF\FF\FF\FF\FF\FF\9F\E1بt
06-09 09:56:08.526 E/SurfaceFlinger( 1321): Error while linking shaders:
06-09 09:56:08.526 E/SurfaceFlinger( 1321): Error while compiling shader: 
06-09 09:56:08.526 E/SurfaceFlinger( 1321): attribute vec4 position;
06-09 09:56:08.526 E/SurfaceFlinger( 1321): uniform mat4 projection;
06-09 09:56:08.526 E/SurfaceFlinger( 1321): uniform mat4 texture;
06-09 09:56:08.526 E/SurfaceFlinger( 1321): void main(void) {
06-09 09:56:08.526 E/SurfaceFlinger( 1321):     gl_Position = projection * position;
06-09 09:56:08.526 E/SurfaceFlinger( 1321): }
06-09 09:56:08.526 E/SurfaceFlinger( 1321): 
06-09 09:56:08.526 E/SurfaceFlinger( 1321): \F6\FF\FF\FF\FF\FF\FF\FF\9F\E1بt
06-09 09:56:08.526 E/SurfaceFlinger( 1321): Error while compiling shader: 
06-09 09:56:08.526 E/SurfaceFlinger( 1321): precision mediump float;
06-09 09:56:08.526 E/SurfaceFlinger( 1321): uniform vec4 color;
06-09 09:56:08.526 E/SurfaceFlinger( 1321): uniform float alphaPlane;
06-09 09:56:08.526 E/SurfaceFlinger( 1321): void main(void) {
06-09 09:56:08.526 E/SurfaceFlinger( 1321):     gl_FragColor = color;
06-09 09:56:08.526 E/SurfaceFlinger( 1321):     gl_FragColor *= alphaPlane;
06-09 09:56:08.526 E/SurfaceFlinger( 1321): }
06-09 09:56:08.526 E/SurfaceFlinger( 1321): 
06-09 09:56:08.526 E/SurfaceFlinger( 1321): \F6\FF\FF\FF\FF\FF\FF\FF\9F\E1بt
06-09 09:56:08.526 E/SurfaceFlinger( 1321): Error while linking shaders:
06-09 09:56:08.526 E/SurfaceFlinger( 1321): Error while compiling shader: 
06-09 09:56:08.526 E/SurfaceFlinger( 1321): attribute vec4 position;
06-09 09:56:08.526 E/SurfaceFlinger( 1321): uniform mat4 projection;
06-09 09:56:08.526 E/SurfaceFlinger( 1321): uniform mat4 texture;
06-09 09:56:08.526 E/SurfaceFlinger( 1321): void main(void) {
06-09 09:56:08.526 E/SurfaceFlinger( 1321):     gl_Position = projection * position;
06-09 09:56:08.526 E/SurfaceFlinger( 1321): }
06-09 09:56:08.526 E/SurfaceFlinger( 1321): 
06-09 09:56:08.526 E/SurfaceFlinger( 1321): \F6\FF\FF\FF\FF\FF\FF\FF\9F\E1بt
06-09 09:56:08.526 E/SurfaceFlinger( 1321): Error while compiling shader: 
06-09 09:56:08.526 E/SurfaceFlinger( 1321): precision mediump float;
06-09 09:56:08.526 E/SurfaceFlinger( 1321): uniform vec4 color;
06-09 09:56:08.526 E/SurfaceFlinger( 1321): uniform float alphaPlane;
06-09 09:56:08.526 E/SurfaceFlinger( 1321): void main(void) {
06-09 09:56:08.526 E/SurfaceFlinger( 1321):     gl_FragColor = color;
06-09 09:56:08.526 E/SurfaceFlinger( 1321):     gl_FragColor.a = 1.0;
06-09 09:56:08.526 E/SurfaceFlinger( 1321):     gl_FragColor.a *= alphaPlane;
06-09 09:56:08.526 E/SurfaceFlinger( 1321): }
06-09 09:56:08.526 E/SurfaceFlinger( 1321): 
06-09 09:56:08.526 E/SurfaceFlinger( 1321): \F6\FF\FF\FF\FF\FF\FF\FF\9F\E1بt
06-09 09:56:08.526 E/SurfaceFlinger( 1321): Error while linking shaders:
06-09 09:56:08.526 E/SurfaceFlinger( 1321): Error while compiling shader: 
06-09 09:56:08.526 E/SurfaceFlinger( 1321): attribute vec4 position;
06-09 09:56:08.526 E/SurfaceFlinger( 1321): uniform mat4 projection;
06-09 09:56:08.526 E/SurfaceFlinger( 1321): uniform mat4 texture;
06-09 09:56:08.526 E/SurfaceFlinger( 1321): void main(void) {
06-09 09:56:08.526 E/SurfaceFlinger( 1321):     gl_Position = projection * position;
06-09 09:56:08.526 E/SurfaceFlinger( 1321): }
06-09 09:56:08.526 E/SurfaceFlinger( 1321): 
06-09 09:56:08.526 E/SurfaceFlinger( 1321): \F6\FF\FF\FF\FF\FF\FF\FF\9F\E1بt
06-09 09:56:08.526 E/SurfaceFlinger( 1321): Error while compiling shader: 
06-09 09:56:08.526 E/SurfaceFlinger( 1321): precision mediump float;
06-09 09:56:08.526 E/SurfaceFlinger( 1321): uniform vec4 color;
06-09 09:56:08.526 E/SurfaceFlinger( 1321): uniform float alphaPlane;
06-09 09:56:08.526 E/SurfaceFlinger( 1321): void main(void) {
06-09 09:56:08.526 E/SurfaceFlinger( 1321):     gl_FragColor = color;
06-09 09:56:08.526 E/SurfaceFlinger( 1321):     gl_FragColor.a = 1.0;
06-09 09:56:08.526 E/SurfaceFlinger( 1321):     gl_FragColor *= alphaPlane;
06-09 09:56:08.526 E/SurfaceFlinger( 1321): }
06-09 09:56:08.526 E/SurfaceFlinger( 1321): 
06-09 09:56:08.526 E/SurfaceFlinger( 1321): \F6\FF\FF\FF\FF\FF\FF\FF\9F\E1بt
06-09 09:56:08.526 E/SurfaceFlinger( 1321): Error while linking shaders:
06-09 09:56:08.526 E/SurfaceFlinger( 1321): Error while compiling shader: 
06-09 09:56:08.526 E/SurfaceFlinger( 1321): attribute vec4 texCoords;
06-09 09:56:08.526 E/SurfaceFlinger( 1321): varying vec2 outTexCoords;
06-09 09:56:08.526 E/SurfaceFlinger( 1321): attribute vec4 position;
06-09 09:56:08.526 E/SurfaceFlinger( 1321): uniform mat4 projection;
06-09 09:56:08.526 E/SurfaceFlinger( 1321): uniform mat4 texture;
06-09 09:56:08.526 E/SurfaceFlinger( 1321): void main(void) {
06-09 09:56:08.526 E/SurfaceFlinger( 1321):     gl_Position = projection * position;
06-09 09:56:08.526 E/SurfaceFlinger( 1321):     outTexCoords = (texture * texCoords).st;
06-09 09:56:08.526 E/SurfaceFlinger( 1321): }
06-09 09:56:08.526 E/SurfaceFlinger( 1321): 
06-09 09:56:08.526 E/SurfaceFlinger( 1321): \F6\FF\FF\FF\FF\FF\FF\FF\9F\E1بt
06-09 09:56:08.527 E/SurfaceFlinger( 1321): Error while compiling shader: 
06-09 09:56:08.527 E/SurfaceFlinger( 1321): #extension GL_OES_EGL_image_external : require
06-09 09:56:08.527 E/SurfaceFlinger( 1321): precision mediump float;
06-09 09:56:08.527 E/SurfaceFlinger( 1321): uniform samplerExternalOES sampler;
06-09 09:56:08.527 E/SurfaceFlinger( 1321): varying vec2 outTexCoords;
06-09 09:56:08.527 E/SurfaceFlinger( 1321): void main(void) {
06-09 09:56:08.527 E/SurfaceFlinger( 1321):     gl_FragColor = texture2D(sampler, outTexCoords);
06-09 09:56:08.527 E/SurfaceFlinger( 1321): }
06-09 09:56:08.527 E/SurfaceFlinger( 1321): 
06-09 09:56:08.527 E/SurfaceFlinger( 1321): \F6\FF\FF\FF\FF\FF\FF\FF\9F\E1بt
06-09 09:56:08.527 E/SurfaceFlinger( 1321): Error while linking shaders:
06-09 09:56:08.527 E/SurfaceFlinger( 1321): Error while compiling shader: 
06-09 09:56:08.527 E/SurfaceFlinger( 1321): attribute vec4 texCoords;
06-09 09:56:08.527 E/SurfaceFlinger( 1321): varying vec2 outTexCoords;
06-09 09:56:08.527 E/SurfaceFlinger( 1321): attribute vec4 position;
06-09 09:56:08.527 E/SurfaceFlinger( 1321): uniform mat4 projection;
06-09 09:56:08.527 E/SurfaceFlinger( 1321): uniform mat4 texture;
06-09 09:56:08.527 E/SurfaceFlinger( 1321): void main(void) {
06-09 09:56:08.527 E/SurfaceFlinger( 1321):     gl_Position = projection * position;
06-09 09:56:08.527 E/SurfaceFlinger( 1321):     outTexCoords = (texture * texCoords).st;
06-09 09:56:08.527 E/SurfaceFlinger( 1321): }
06-09 09:56:08.527 E/SurfaceFlinger( 1321): 
06-09 09:56:08.527 E/SurfaceFlinger( 1321): \F6\FF\FF\FF\FF\FF\FF\FF\9F\E1بt
06-09 09:56:08.527 E/SurfaceFlinger( 1321): Error while compiling shader: 
06-09 09:56:08.527 E/SurfaceFlinger( 1321): #extension GL_OES_EGL_image_external : require
06-09 09:56:08.527 E/SurfaceFlinger( 1321): precision mediump float;
06-09 09:56:08.527 E/SurfaceFlinger( 1321): uniform samplerExternalOES sampler;
06-09 09:56:08.527 E/SurfaceFlinger( 1321): varying vec2 outTexCoords;
06-09 09:56:08.527 E/SurfaceFlinger( 1321): void main(void) {
06-09 09:56:08.527 E/SurfaceFlinger( 1321):     gl_FragColor = texture2D(sampler, outTexCoords);
06-09 09:56:08.527 E/SurfaceFlinger( 1321): }
06-09 09:56:08.527 E/SurfaceFlinger( 1321): 
06-09 09:56:08.527 E/SurfaceFlinger( 1321): \F6\FF\FF\FF\FF\FF\FF\FF\9F\E1بt
06-09 09:56:08.527 E/SurfaceFlinger( 1321): Error while linking shaders:
06-09 09:56:08.527 E/SurfaceFlinger( 1321): Error while compiling shader: 
06-09 09:56:08.527 E/SurfaceFlinger( 1321): attribute vec4 texCoords;
06-09 09:56:08.527 E/SurfaceFlinger( 1321): varying vec2 outTexCoords;
06-09 09:56:08.527 E/SurfaceFlinger( 1321): attribute vec4 position;
06-09 09:56:08.527 E/SurfaceFlinger( 1321): uniform mat4 projection;
06-09 09:56:08.527 E/SurfaceFlinger( 1321): uniform mat4 texture;
06-09 09:56:08.527 E/SurfaceFlinger( 1321): void main(void) {
06-09 09:56:08.527 E/SurfaceFlinger( 1321):     gl_Position = projection * position;
06-09 09:56:08.527 E/SurfaceFlinger( 1321):     outTexCoords = (texture * texCoords).st;
06-09 09:56:08.527 E/SurfaceFlinger( 1321): }
06-09 09:56:08.527 E/SurfaceFlinger( 1321): 
06-09 09:56:08.527 E/SurfaceFlinger( 1321): \F6\FF\FF\FF\FF\FF\FF\FF\9F\E1بt
06-09 09:56:08.527 E/SurfaceFlinger( 1321): Error while compiling shader: 
06-09 09:56:08.527 E/SurfaceFlinger( 1321): #extension GL_OES_EGL_image_external : require
06-09 09:56:08.527 E/SurfaceFlinger( 1321): precision mediump float;
06-09 09:56:08.527 E/SurfaceFlinger( 1321): uniform samplerExternalOES sampler;
06-09 09:56:08.527 E/SurfaceFlinger( 1321): varying vec2 outTexCoords;
06-09 09:56:08.527 E/SurfaceFlinger( 1321): void main(void) {
06-09 09:56:08.527 E/SurfaceFlinger( 1321):     gl_FragColor = texture2D(sampler, outTexCoords);
06-09 09:56:08.527 E/SurfaceFlinger( 1321):     gl_FragColor.a = 1.0;
06-09 09:56:08.527 E/SurfaceFlinger( 1321): }
06-09 09:56:08.527 E/SurfaceFlinger( 1321): 
06-09 09:56:08.527 E/SurfaceFlinger( 1321): \F6\FF\FF\FF\FF\FF\FF\FF\9F\E1بt
06-09 09:56:08.527 E/SurfaceFlinger( 1321): Error while linking shaders:
06-09 09:56:08.527 E/SurfaceFlinger( 1321): Error while compiling shader: 
06-09 09:56:08.527 E/SurfaceFlinger( 1321): attribute vec4 texCoords;
06-09 09:56:08.527 E/SurfaceFlinger( 1321): varying vec2 outTexCoords;
06-09 09:56:08.527 E/SurfaceFlinger( 1321): attribute vec4 position;
06-09 09:56:08.527 E/SurfaceFlinger( 1321): uniform mat4 projection;
06-09 09:56:08.527 E/SurfaceFlinger( 1321): uniform mat4 texture;
06-09 09:56:08.527 E/SurfaceFlinger( 1321): void main(void) {
06-09 09:56:08.527 E/SurfaceFlinger( 1321):     gl_Position = projection * position;
06-09 09:56:08.527 E/SurfaceFlinger( 1321):     outTexCoords = (texture * texCoords).st;
06-09 09:56:08.527 E/SurfaceFlinger( 1321): }
06-09 09:56:08.527 E/SurfaceFlinger( 1321): 
06-09 09:56:08.527 E/SurfaceFlinger( 1321): \F6\FF\FF\FF\FF\FF\FF\FF\9F\E1بt
06-09 09:56:08.527 E/SurfaceFlinger( 1321): Error while compiling shader: 
06-09 09:56:08.527 E/SurfaceFlinger( 1321): #extension GL_OES_EGL_image_external : require
06-09 09:56:08.527 E/SurfaceFlinger( 1321): precision mediump float;
06-09 09:56:08.527 E/SurfaceFlinger( 1321): uniform samplerExternalOES sampler;
06-09 09:56:08.527 E/SurfaceFlinger( 1321): varying vec2 outTexCoords;
06-09 09:56:08.527 E/SurfaceFlinger( 1321): void main(void) {
06-09 09:56:08.527 E/SurfaceFlinger( 1321):     gl_FragColor = texture2D(sampler, outTexCoords);
06-09 09:56:08.527 E/SurfaceFlinger( 1321):     gl_FragColor.a = 1.0;
06-09 09:56:08.527 E/SurfaceFlinger( 1321): }
06-09 09:56:08.527 E/SurfaceFlinger( 1321): 
06-09 09:56:08.527 E/SurfaceFlinger( 1321): \F6\FF\FF\FF\FF\FF\FF\FF\9F\E1بt
06-09 09:56:08.527 E/SurfaceFlinger( 1321): Error while linking shaders:
06-09 09:56:08.527 E/SurfaceFlinger( 1321): Error while compiling shader: 
06-09 09:56:08.527 E/SurfaceFlinger( 1321): attribute vec4 texCoords;
06-09 09:56:08.527 E/SurfaceFlinger( 1321): varying vec2 outTexCoords;
06-09 09:56:08.527 E/SurfaceFlinger( 1321): attribute vec4 position;
06-09 09:56:08.527 E/SurfaceFlinger( 1321): uniform mat4 projection;
06-09 09:56:08.527 E/SurfaceFlinger( 1321): uniform mat4 texture;
06-09 09:56:08.527 E/SurfaceFlinger( 1321): void main(void) {
06-09 09:56:08.527 E/SurfaceFlinger( 1321):     gl_Position = projection * position;
06-09 09:56:08.527 E/SurfaceFlinger( 1321):     outTexCoords = (texture * texCoords).st;
06-09 09:56:08.527 E/SurfaceFlinger( 1321): }
06-09 09:56:08.527 E/SurfaceFlinger( 1321): 
06-09 09:56:08.527 E/SurfaceFlinger( 1321): \F6\FF\FF\FF\FF\FF\FF\FF\9F\E1بt
06-09 09:56:08.527 E/SurfaceFlinger( 1321): Error while compiling shader: 
06-09 09:56:08.527 E/SurfaceFlinger( 1321): #extension GL_OES_EGL_image_external : require
06-09 09:56:08.527 E/SurfaceFlinger( 1321): precision mediump float;
06-09 09:56:08.527 E/SurfaceFlinger( 1321): uniform samplerExternalOES sampler;
06-09 09:56:08.527 E/SurfaceFlinger( 1321): varying vec2 outTexCoords;
06-09 09:56:08.527 E/SurfaceFlinger( 1321): uniform float alphaPlane;
06-09 09:56:08.527 E/SurfaceFlinger( 1321): void main(void) {
06-09 09:56:08.527 E/SurfaceFlinger( 1321):     gl_FragColor = texture2D(sampler, outTexCoords);
06-09 09:56:08.527 E/SurfaceFlinger( 1321):     gl_FragColor.a *= alphaPlane;
06-09 09:56:08.527 E/SurfaceFlinger( 1321): }
06-09 09:56:08.527 E/SurfaceFlinger( 1321): 
06-09 09:56:08.527 E/SurfaceFlinger( 1321): \F6\FF\FF\FF\FF\FF\FF\FF\9F\E1بt
06-09 09:56:08.527 E/SurfaceFlinger( 1321): Error while linking shaders:
06-09 09:56:08.528 E/SurfaceFlinger( 1321): Error while compiling shader: 
06-09 09:56:08.528 E/SurfaceFlinger( 1321): attribute vec4 texCoords;
06-09 09:56:08.528 E/SurfaceFlinger( 1321): varying vec2 outTexCoords;
06-09 09:56:08.528 E/SurfaceFlinger( 1321): attribute vec4 position;
06-09 09:56:08.528 E/SurfaceFlinger( 1321): uniform mat4 projection;
06-09 09:56:08.528 E/SurfaceFlinger( 1321): uniform mat4 texture;
06-09 09:56:08.528 E/SurfaceFlinger( 1321): void main(void) {
06-09 09:56:08.528 E/SurfaceFlinger( 1321):     gl_Position = projection * position;
06-09 09:56:08.528 E/SurfaceFlinger( 1321):     outTexCoords = (texture * texCoords).st;
06-09 09:56:08.528 E/SurfaceFlinger( 1321): }
06-09 09:56:08.528 E/SurfaceFlinger( 1321): 
06-09 09:56:08.528 E/SurfaceFlinger( 1321): \F6\FF\FF\FF\FF\FF\FF\FF\9F\E1بt
06-09 09:56:08.528 E/SurfaceFlinger( 1321): Error while compiling shader: 
06-09 09:56:08.528 E/SurfaceFlinger( 1321): #extension GL_OES_EGL_image_external : require
06-09 09:56:08.528 E/SurfaceFlinger( 1321): precision mediump float;
06-09 09:56:08.528 E/SurfaceFlinger( 1321): uniform samplerExternalOES sampler;
06-09 09:56:08.528 E/SurfaceFlinger( 1321): varying vec2 outTexCoords;
06-09 09:56:08.528 E/SurfaceFlinger( 1321): uniform float alphaPlane;
06-09 09:56:08.528 E/SurfaceFlinger( 1321): void main(void) {
06-09 09:56:08.528 E/SurfaceFlinger( 1321):     gl_FragColor = texture2D(sampler, outTexCoords);
06-09 09:56:08.528 E/SurfaceFlinger( 1321):     gl_FragColor *= alphaPlane;
06-09 09:56:08.528 E/SurfaceFlinger( 1321): }
06-09 09:56:08.528 E/SurfaceFlinger( 1321): 
06-09 09:56:08.528 E/SurfaceFlinger( 1321): \F6\FF\FF\FF\FF\FF\FF\FF\9F\E1بt
06-09 09:56:08.528 E/SurfaceFlinger( 1321): Error while linking shaders:
06-09 09:56:08.528 E/SurfaceFlinger( 1321): Error while compiling shader: 
06-09 09:56:08.528 E/SurfaceFlinger( 1321): attribute vec4 texCoords;
06-09 09:56:08.528 E/SurfaceFlinger( 1321): varying vec2 outTexCoords;
06-09 09:56:08.528 E/SurfaceFlinger( 1321): attribute vec4 position;
06-09 09:56:08.528 E/SurfaceFlinger( 1321): uniform mat4 projection;
06-09 09:56:08.528 E/SurfaceFlinger( 1321): uniform mat4 texture;
06-09 09:56:08.528 E/SurfaceFlinger( 1321): void main(void) {
06-09 09:56:08.528 E/SurfaceFlinger( 1321):     gl_Position = projection * position;
06-09 09:56:08.528 E/SurfaceFlinger( 1321):     outTexCoords = (texture * texCoords).st;
06-09 09:56:08.528 E/SurfaceFlinger( 1321): }
06-09 09:56:08.528 E/SurfaceFlinger( 1321): 
06-09 09:56:08.528 E/SurfaceFlinger( 1321): \F6\FF\FF\FF\FF\FF\FF\FF\9F\E1بt
06-09 09:56:08.528 E/SurfaceFlinger( 1321): Error while compiling shader: 
06-09 09:56:08.528 E/SurfaceFlinger( 1321): #extension GL_OES_EGL_image_external : require
06-09 09:56:08.528 E/SurfaceFlinger( 1321): precision mediump float;
06-09 09:56:08.528 E/SurfaceFlinger( 1321): uniform samplerExternalOES sampler;
06-09 09:56:08.528 E/SurfaceFlinger( 1321): varying vec2 outTexCoords;
06-09 09:56:08.528 E/SurfaceFlinger( 1321): uniform float alphaPlane;
06-09 09:56:08.528 E/SurfaceFlinger( 1321): void main(void) {
06-09 09:56:08.528 E/SurfaceFlinger( 1321):     gl_FragColor = texture2D(sampler, outTexCoords);
06-09 09:56:08.528 E/SurfaceFlinger( 1321):     gl_FragColor.a = 1.0;
06-09 09:56:08.528 E/SurfaceFlinger( 1321):     gl_FragColor.a *= alphaPlane;
06-09 09:56:08.528 E/SurfaceFlinger( 1321): }
06-09 09:56:08.528 E/SurfaceFlinger( 1321): 
06-09 09:56:08.528 E/SurfaceFlinger( 1321): \F6\FF\FF\FF\FF\FF\FF\FF\9F\E1بt
06-09 09:56:08.528 E/SurfaceFlinger( 1321): Error while linking shaders:
06-09 09:56:08.528 E/SurfaceFlinger( 1321): Error while compiling shader: 
06-09 09:56:08.528 E/SurfaceFlinger( 1321): attribute vec4 texCoords;
06-09 09:56:08.528 E/SurfaceFlinger( 1321): varying vec2 outTexCoords;
06-09 09:56:08.528 E/SurfaceFlinger( 1321): attribute vec4 position;
06-09 09:56:08.528 E/SurfaceFlinger( 1321): uniform mat4 projection;
06-09 09:56:08.528 E/SurfaceFlinger( 1321): uniform mat4 texture;
06-09 09:56:08.528 E/SurfaceFlinger( 1321): void main(void) {
06-09 09:56:08.528 E/SurfaceFlinger( 1321):     gl_Position = projection * position;
06-09 09:56:08.528 E/SurfaceFlinger( 1321):     outTexCoords = (texture * texCoords).st;
06-09 09:56:08.528 E/SurfaceFlinger( 1321): }
06-09 09:56:08.528 E/SurfaceFlinger( 1321): 
06-09 09:56:08.528 E/SurfaceFlinger( 1321): \F6\FF\FF\FF\FF\FF\FF\FF\9F\E1بt
06-09 09:56:08.528 E/SurfaceFlinger( 1321): Error while compiling shader: 
06-09 09:56:08.528 E/SurfaceFlinger( 1321): #extension GL_OES_EGL_image_external : require
06-09 09:56:08.528 E/SurfaceFlinger( 1321): precision mediump float;
06-09 09:56:08.528 E/SurfaceFlinger( 1321): uniform samplerExternalOES sampler;
06-09 09:56:08.528 E/SurfaceFlinger( 1321): varying vec2 outTexCoords;
06-09 09:56:08.528 E/SurfaceFlinger( 1321): uniform float alphaPlane;
06-09 09:56:08.528 E/SurfaceFlinger( 1321): void main(void) {
06-09 09:56:08.528 E/SurfaceFlinger( 1321):     gl_FragColor = texture2D(sampler, outTexCoords);
06-09 09:56:08.528 E/SurfaceFlinger( 1321):     gl_FragColor.a = 1.0;
06-09 09:56:08.528 E/SurfaceFlinger( 1321):     gl_FragColor *= alphaPlane;
06-09 09:56:08.528 E/SurfaceFlinger( 1321): }
06-09 09:56:08.528 E/SurfaceFlinger( 1321): 
06-09 09:56:08.528 E/SurfaceFlinger( 1321): \F6\FF\FF\FF\FF\FF\FF\FF\9F\E1بt
06-09 09:56:08.528 E/SurfaceFlinger( 1321): Error while linking shaders:
06-09 09:56:08.528 E/SurfaceFlinger( 1321): Error while compiling shader: 
06-09 09:56:08.528 E/SurfaceFlinger( 1321): attribute vec4 texCoords;
06-09 09:56:08.528 E/SurfaceFlinger( 1321): varying vec2 outTexCoords;
06-09 09:56:08.528 E/SurfaceFlinger( 1321): attribute vec4 position;
06-09 09:56:08.528 E/SurfaceFlinger( 1321): uniform mat4 projection;
06-09 09:56:08.528 E/SurfaceFlinger( 1321): uniform mat4 texture;
06-09 09:56:08.528 E/SurfaceFlinger( 1321): void main(void) {
06-09 09:56:08.528 E/SurfaceFlinger( 1321):     gl_Position = projection * position;
06-09 09:56:08.528 E/SurfaceFlinger( 1321):     outTexCoords = (texture * texCoords).st;
06-09 09:56:08.528 E/SurfaceFlinger( 1321): }
06-09 09:56:08.528 E/SurfaceFlinger( 1321): 
06-09 09:56:08.528 E/SurfaceFlinger( 1321): \F6\FF\FF\FF\FF\FF\FF\FF\9F\E1بt
06-09 09:56:08.528 E/SurfaceFlinger( 1321): Error while compiling shader: 
06-09 09:56:08.528 E/SurfaceFlinger( 1321): precision mediump float;
06-09 09:56:08.528 E/SurfaceFlinger( 1321): uniform sampler2D sampler;
06-09 09:56:08.528 E/SurfaceFlinger( 1321): varying vec2 outTexCoords;
06-09 09:56:08.528 E/SurfaceFlinger( 1321): void main(void) {
06-09 09:56:08.528 E/SurfaceFlinger( 1321):     gl_FragColor = texture2D(sampler, outTexCoords);
06-09 09:56:08.528 E/SurfaceFlinger( 1321): }
06-09 09:56:08.528 E/SurfaceFlinger( 1321): 
06-09 09:56:08.528 E/SurfaceFlinger( 1321): \F6\FF\FF\FF\FF\FF\FF\FF\9F\E1بt
06-09 09:56:08.528 E/SurfaceFlinger( 1321): Error while linking shaders:
06-09 09:56:08.528 E/SurfaceFlinger( 1321): Error while compiling shader: 
06-09 09:56:08.528 E/SurfaceFlinger( 1321): attribute vec4 texCoords;
06-09 09:56:08.528 E/SurfaceFlinger( 1321): varying vec2 outTexCoords;
06-09 09:56:08.528 E/SurfaceFlinger( 1321): attribute vec4 position;
06-09 09:56:08.528 E/SurfaceFlinger( 1321): uniform mat4 projection;
06-09 09:56:08.528 E/SurfaceFlinger( 1321): uniform mat4 texture;
06-09 09:56:08.528 E/SurfaceFlinger( 1321): void main(void) {
06-09 09:56:08.528 E/SurfaceFlinger( 1321):     gl_Position = projection * position;
06-09 09:56:08.528 E/SurfaceFlinger( 1321):     outTexCoords = (texture * texCoords).st;
06-09 09:56:08.528 E/SurfaceFlinger( 1321): }
06-09 09:56:08.528 E/SurfaceFlinger( 1321): 
06-09 09:56:08.528 E/SurfaceFlinger( 1321): \F6\FF\FF\FF\FF\FF\FF\FF\9F\E1بt
06-09 09:56:08.528 E/SurfaceFlinger( 1321): Error while compiling shader: 
06-09 09:56:08.528 E/SurfaceFlinger( 1321): precision mediump float;
06-09 09:56:08.528 E/SurfaceFlinger( 1321): uniform sampler2D sampler;
06-09 09:56:08.528 E/SurfaceFlinger( 1321): varying vec2 outTexCoords;
06-09 09:56:08.528 E/SurfaceFlinger( 1321): void main(void) {
06-09 09:56:08.528 E/SurfaceFlinger( 1321):     gl_FragColor = texture2D(sampler, outTexCoords);
06-09 09:56:08.528 E/SurfaceFlinger( 1321): }
06-09 09:56:08.528 E/SurfaceFlinger( 1321): 
06-09 09:56:08.528 E/SurfaceFlinger( 1321): \F6\FF\FF\FF\FF\FF\FF\FF\9F\E1بt
06-09 09:56:08.529 E/SurfaceFlinger( 1321): Error while linking shaders:
06-09 09:56:08.529 E/SurfaceFlinger( 1321): Error while compiling shader: 
06-09 09:56:08.529 E/SurfaceFlinger( 1321): attribute vec4 texCoords;
06-09 09:56:08.529 E/SurfaceFlinger( 1321): varying vec2 outTexCoords;
06-09 09:56:08.529 E/SurfaceFlinger( 1321): attribute vec4 position;
06-09 09:56:08.529 E/SurfaceFlinger( 1321): uniform mat4 projection;
06-09 09:56:08.529 E/SurfaceFlinger( 1321): uniform mat4 texture;
06-09 09:56:08.529 E/SurfaceFlinger( 1321): void main(void) {
06-09 09:56:08.529 E/SurfaceFlinger( 1321):     gl_Position = projection * position;
06-09 09:56:08.529 E/SurfaceFlinger( 1321):     outTexCoords = (texture * texCoords).st;
06-09 09:56:08.529 E/SurfaceFlinger( 1321): }
06-09 09:56:08.529 E/SurfaceFlinger( 1321): 
06-09 09:56:08.529 E/SurfaceFlinger( 1321): \F6\FF\FF\FF\FF\FF\FF\FF\9F\E1بt
06-09 09:56:08.529 E/SurfaceFlinger( 1321): Error while compiling shader: 
06-09 09:56:08.529 E/SurfaceFlinger( 1321): precision mediump float;
06-09 09:56:08.529 E/SurfaceFlinger( 1321): uniform sampler2D sampler;
06-09 09:56:08.529 E/SurfaceFlinger( 1321): varying vec2 outTexCoords;
06-09 09:56:08.529 E/SurfaceFlinger( 1321): void main(void) {
06-09 09:56:08.529 E/SurfaceFlinger( 1321):     gl_FragColor = texture2D(sampler, outTexCoords);
06-09 09:56:08.529 E/SurfaceFlinger( 1321):     gl_FragColor.a = 1.0;
06-09 09:56:08.529 E/SurfaceFlinger( 1321): }
06-09 09:56:08.529 E/SurfaceFlinger( 1321): 
06-09 09:56:08.529 E/SurfaceFlinger( 1321): \F6\FF\FF\FF\FF\FF\FF\FF\9F\E1بt
06-09 09:56:08.529 E/SurfaceFlinger( 1321): Error while linking shaders:
06-09 09:56:08.529 E/SurfaceFlinger( 1321): Error while compiling shader: 
06-09 09:56:08.529 E/SurfaceFlinger( 1321): attribute vec4 texCoords;
06-09 09:56:08.529 E/SurfaceFlinger( 1321): varying vec2 outTexCoords;
06-09 09:56:08.529 E/SurfaceFlinger( 1321): attribute vec4 position;
06-09 09:56:08.529 E/SurfaceFlinger( 1321): uniform mat4 projection;
06-09 09:56:08.529 E/SurfaceFlinger( 1321): uniform mat4 texture;
06-09 09:56:08.529 E/SurfaceFlinger( 1321): void main(void) {
06-09 09:56:08.529 E/SurfaceFlinger( 1321):     gl_Position = projection * position;
06-09 09:56:08.529 E/SurfaceFlinger( 1321):     outTexCoords = (texture * texCoords).st;
06-09 09:56:08.529 E/SurfaceFlinger( 1321): }
06-09 09:56:08.529 E/SurfaceFlinger( 1321): 
06-09 09:56:08.529 E/SurfaceFlinger( 1321): \F6\FF\FF\FF\FF\FF\FF\FF\9F\E1بt
06-09 09:56:08.529 E/SurfaceFlinger( 1321): Error while compiling shader: 
06-09 09:56:08.529 E/SurfaceFlinger( 1321): precision mediump float;
06-09 09:56:08.529 E/SurfaceFlinger( 1321): uniform sampler2D sampler;
06-09 09:56:08.529 E/SurfaceFlinger( 1321): varying vec2 outTexCoords;
06-09 09:56:08.529 E/SurfaceFlinger( 1321): void main(void) {
06-09 09:56:08.529 E/SurfaceFlinger( 1321):     gl_FragColor = texture2D(sampler, outTexCoords);
06-09 09:56:08.529 E/SurfaceFlinger( 1321):     gl_FragColor.a = 1.0;
06-09 09:56:08.529 E/SurfaceFlinger( 1321): }
06-09 09:56:08.529 E/SurfaceFlinger( 1321): 
06-09 09:56:08.529 E/SurfaceFlinger( 1321): \F6\FF\FF\FF\FF\FF\FF\FF\9F\E1بt
06-09 09:56:08.529 E/SurfaceFlinger( 1321): Error while linking shaders:
06-09 09:56:08.529 E/SurfaceFlinger( 1321): Error while compiling shader: 
06-09 09:56:08.529 E/SurfaceFlinger( 1321): attribute vec4 texCoords;
06-09 09:56:08.529 E/SurfaceFlinger( 1321): varying vec2 outTexCoords;
06-09 09:56:08.529 E/SurfaceFlinger( 1321): attribute vec4 position;
06-09 09:56:08.529 E/SurfaceFlinger( 1321): uniform mat4 projection;
06-09 09:56:08.529 E/SurfaceFlinger( 1321): uniform mat4 texture;
06-09 09:56:08.529 E/SurfaceFlinger( 1321): void main(void) {
06-09 09:56:08.529 E/SurfaceFlinger( 1321):     gl_Position = projection * position;
06-09 09:56:08.529 E/SurfaceFlinger( 1321):     outTexCoords = (texture * texCoords).st;
06-09 09:56:08.529 E/SurfaceFlinger( 1321): }
06-09 09:56:08.529 E/SurfaceFlinger( 1321): 
06-09 09:56:08.529 E/SurfaceFlinger( 1321): \F6\FF\FF\FF\FF\FF\FF\FF\9F\E1بt
06-09 09:56:08.529 E/SurfaceFlinger( 1321): Error while compiling shader: 
06-09 09:56:08.529 E/SurfaceFlinger( 1321): precision mediump float;
06-09 09:56:08.529 E/SurfaceFlinger( 1321): uniform sampler2D sampler;
06-09 09:56:08.529 E/SurfaceFlinger( 1321): varying vec2 outTexCoords;
06-09 09:56:08.529 E/SurfaceFlinger( 1321): uniform float alphaPlane;
06-09 09:56:08.529 E/SurfaceFlinger( 1321): void main(void) {
06-09 09:56:08.529 E/SurfaceFlinger( 1321):     gl_FragColor = texture2D(sampler, outTexCoords);
06-09 09:56:08.529 E/SurfaceFlinger( 1321):     gl_FragColor.a *= alphaPlane;
06-09 09:56:08.529 E/SurfaceFlinger( 1321): }
06-09 09:56:08.529 E/SurfaceFlinger( 1321): 
06-09 09:56:08.529 E/SurfaceFlinger( 1321): \F6\FF\FF\FF\FF\FF\FF\FF\9F\E1بt
06-09 09:56:08.529 E/SurfaceFlinger( 1321): Error while linking shaders:
06-09 09:56:08.529 E/SurfaceFlinger( 1321): Error while compiling shader: 
06-09 09:56:08.529 E/SurfaceFlinger( 1321): attribute vec4 texCoords;
06-09 09:56:08.529 E/SurfaceFlinger( 1321): varying vec2 outTexCoords;
06-09 09:56:08.529 E/SurfaceFlinger( 1321): attribute vec4 position;
06-09 09:56:08.529 E/SurfaceFlinger( 1321): uniform mat4 projection;
06-09 09:56:08.529 E/SurfaceFlinger( 1321): uniform mat4 texture;
06-09 09:56:08.529 E/SurfaceFlinger( 1321): void main(void) {
06-09 09:56:08.529 E/SurfaceFlinger( 1321):     gl_Position = projection * position;
06-09 09:56:08.529 E/SurfaceFlinger( 1321):     outTexCoords = (texture * texCoords).st;
06-09 09:56:08.529 E/SurfaceFlinger( 1321): }
06-09 09:56:08.529 E/SurfaceFlinger( 1321): 
06-09 09:56:08.529 E/SurfaceFlinger( 1321): \F6\FF\FF\FF\FF\FF\FF\FF\9F\E1بt
06-09 09:56:08.529 E/SurfaceFlinger( 1321): Error while compiling shader: 
06-09 09:56:08.529 E/SurfaceFlinger( 1321): precision mediump float;
06-09 09:56:08.529 E/SurfaceFlinger( 1321): uniform sampler2D sampler;
06-09 09:56:08.529 E/SurfaceFlinger( 1321): varying vec2 outTexCoords;
06-09 09:56:08.529 E/SurfaceFlinger( 1321): uniform float alphaPlane;
06-09 09:56:08.529 E/SurfaceFlinger( 1321): void main(void) {
06-09 09:56:08.529 E/SurfaceFlinger( 1321):     gl_FragColor = texture2D(sampler, outTexCoords);
06-09 09:56:08.529 E/SurfaceFlinger( 1321):     gl_FragColor *= alphaPlane;
06-09 09:56:08.529 E/SurfaceFlinger( 1321): }
06-09 09:56:08.529 E/SurfaceFlinger( 1321): 
06-09 09:56:08.529 E/SurfaceFlinger( 1321): \F6\FF\FF\FF\FF\FF\FF\FF\9F\E1بt
06-09 09:56:08.529 E/SurfaceFlinger( 1321): Error while linking shaders:
06-09 09:56:08.529 E/SurfaceFlinger( 1321): Error while compiling shader: 
06-09 09:56:08.529 E/SurfaceFlinger( 1321): attribute vec4 texCoords;
06-09 09:56:08.529 E/SurfaceFlinger( 1321): varying vec2 outTexCoords;
06-09 09:56:08.529 E/SurfaceFlinger( 1321): attribute vec4 position;
06-09 09:56:08.529 E/SurfaceFlinger( 1321): uniform mat4 projection;
06-09 09:56:08.529 E/SurfaceFlinger( 1321): uniform mat4 texture;
06-09 09:56:08.529 E/SurfaceFlinger( 1321): void main(void) {
06-09 09:56:08.529 E/SurfaceFlinger( 1321):     gl_Position = projection * position;
06-09 09:56:08.529 E/SurfaceFlinger( 1321):     outTexCoords = (texture * texCoords).st;
06-09 09:56:08.529 E/SurfaceFlinger( 1321): }
06-09 09:56:08.529 E/SurfaceFlinger( 1321): 
06-09 09:56:08.529 E/SurfaceFlinger( 1321): \F6\FF\FF\FF\FF\FF\FF\FF\9F\E1بt
06-09 09:56:08.530 E/SurfaceFlinger( 1321): Error while compiling shader: 
06-09 09:56:08.530 E/SurfaceFlinger( 1321): precision mediump float;
06-09 09:56:08.530 E/SurfaceFlinger( 1321): uniform sampler2D sampler;
06-09 09:56:08.530 E/SurfaceFlinger( 1321): varying vec2 outTexCoords;
06-09 09:56:08.530 E/SurfaceFlinger( 1321): uniform float alphaPlane;
06-09 09:56:08.530 E/SurfaceFlinger( 1321): void main(void) {
06-09 09:56:08.530 E/SurfaceFlinger( 1321):     gl_FragColor = texture2D(sampler, outTexCoords);
06-09 09:56:08.530 E/SurfaceFlinger( 1321):     gl_FragColor.a = 1.0;
06-09 09:56:08.530 E/SurfaceFlinger( 1321):     gl_FragColor.a *= alphaPlane;
06-09 09:56:08.530 E/SurfaceFlinger( 1321): }
06-09 09:56:08.530 E/SurfaceFlinger( 1321): 
06-09 09:56:08.530 E/SurfaceFlinger( 1321): \F6\FF\FF\FF\FF\FF\FF\FF\9F\E1بt
06-09 09:56:08.540 E/SurfaceFlinger( 1321): Error while linking shaders:
06-09 09:56:08.540 E/SurfaceFlinger( 1321): Error while compiling shader: 
06-09 09:56:08.540 E/SurfaceFlinger( 1321): attribute vec4 texCoords;
06-09 09:56:08.540 E/SurfaceFlinger( 1321): varying vec2 outTexCoords;
06-09 09:56:08.540 E/SurfaceFlinger( 1321): attribute vec4 position;
06-09 09:56:08.540 E/SurfaceFlinger( 1321): uniform mat4 projection;
06-09 09:56:08.540 E/SurfaceFlinger( 1321): uniform mat4 texture;
06-09 09:56:08.540 E/SurfaceFlinger( 1321): void main(void) {
06-09 09:56:08.540 E/SurfaceFlinger( 1321):     gl_Position = projection * position;
