06-09 09:59:47.163 W/ActivityManager( 1829): Slow operation: 834ms so far, now at startProcess: starting to update pids map
06-09 09:59:47.163 W/ActivityManager( 1829): Slow operation: 834ms so far, now at startProcess: done updating pids map
06-09 09:59:47.164 W/ActivityManager( 1829): Slow operation: 865ms so far, now at startProcess: done starting proc!
06-09 09:59:47.166 W/art     ( 1829): Long monitor contention with owner main (1829) at void com.android.server.am.BroadcastQueue.processNextBroadcast(boolean)(BroadcastQueue.java:760) waiters=0 in void com.android.server.am.ActivityManagerService.dispatchUidsChanged() for 835ms
06-09 09:59:47.173 W/art     ( 1829): Long monitor contention with owner main (1829) at void com.android.server.am.BroadcastQueue.processNextBroadcast(boolean)(BroadcastQueue.java:760) waiters=1 in android.content.Intent com.android.server.am.ActivityManagerService.registerReceiver(android.app.IApplicationThread, java.lang.String, android.content.IIntentReceiver, android.content.IntentFilter, java.lang.String, int) for 627ms
06-09 09:59:47.276 W/art     ( 2414): Unexpected CPU variant for X86 using defaults: x86_64
06-09 09:59:47.368 I/Telecom ( 1829): WiredHeadsetManager: ACTION_HEADSET_PLUG event, plugged in: false, : WHC.oADA@AAE
06-09 09:59:47.806 I/ActivityManager( 1829): user 0 is still locked. Cannot load recents
06-09 09:59:47.957 W/System  ( 2069): ClassLoader referenced unknown path: 
06-09 09:59:47.959 W/System  ( 2069): ClassLoader referenced unknown path: /system/priv-app/Dialer/lib/x86_64
06-09 09:59:48.145 D/ApplicationLoaders( 2069): ignored Vulkan layer search path /system/priv-app/Dialer/lib/x86_64:/system/lib64:/vendor/lib64 for namespace 0x7a8ef21330f0
06-09 09:59:49.108 W/art     ( 1829): Long monitor contention with owner main (1829) at void com.android.server.pm.UserManagerService$MainHandler.handleMessage(android.os.Message)(UserManagerService.java:3290) waiters=0 in android.content.pm.ProviderInfo com.android.server.pm.PackageManagerService.resolveContentProvider(java.lang.String, int, int) for 543ms
06-09 09:59:49.109 W/art     ( 1829): Long monitor contention with owner main (1829) at void com.android.server.pm.UserManagerService$MainHandler.handleMessage(android.os.Message)(UserManagerService.java:3290) waiters=1 in int com.android.server.pm.PackageManagerService.checkUidPermission(java.lang.String, int) for 505ms
06-09 09:59:49.119 W/art     ( 1829): Long monitor contention with owner main (1829) at void com.android.server.pm.UserManagerService$MainHandler.handleMessage(android.os.Message)(UserManagerService.java:3290) waiters=2 in int com.android.server.pm.PackageManagerService.checkUidPermission(java.lang.String, int) for 512ms
06-09 09:59:49.130 W/art     ( 1829): Long monitor contention with owner main (1829) at void com.android.server.pm.UserManagerService$MainHandler.handleMessage(android.os.Message)(UserManagerService.java:3290) waiters=3 in int com.android.server.pm.PackageManagerService.checkUidPermission(java.lang.String, int) for 509ms
06-09 09:59:49.132 W/art     ( 1829): Long monitor contention with owner main (1829) at void com.android.server.pm.UserManagerService$MainHandler.handleMessage(android.os.Message)(UserManagerService.java:3290) waiters=4 in void com.android.server.pm.PackageManagerService.notifyPackageUse(java.lang.String, int) for 502ms
06-09 09:59:49.219 W/art     ( 1829): Long monitor contention with owner Binder:1829_4 (2098) at void com.android.server.am.ActivityManagerService.attachApplication(android.app.IApplicationThread)(ActivityManagerService.java:6669) waiters=0 in void com.android.server.am.ActivityManagerService.dispatchProcessesChanged() for 569ms
06-09 09:59:49.277 W/art     ( 1829): Long monitor contention with owner Binder:1829_4 (2098) at void com.android.server.am.ActivityManagerService.attachApplication(android.app.IApplicationThread)(ActivityManagerService.java:6669) waiters=1 in android.content.Intent com.android.server.am.ActivityManagerService.registerReceiver(android.app.IApplicationThread, java.lang.String, android.content.IIntentReceiver, android.content.IntentFilter, java.lang.String, int) for 430ms
06-09 09:59:49.281 W/art     ( 1829): Long monitor contention with owner Binder:1829_4 (2098) at void com.android.server.am.ActivityManagerService.attachApplication(android.app.IApplicationThread)(ActivityManagerService.java:6669) waiters=2 in java.lang.String com.android.server.am.ActivityManagerService.checkContentProviderAccess(java.lang.String, int) for 171ms
06-09 09:59:49.547 D/ZenLog  ( 1829): config: conditionChanged,ZenModeConfig[user=0,allowCalls=true,allowRepeatCallers=false,allowMessages=false,allowCallsFrom=contacts,allowMessagesFrom=contacts,allowReminders=true,allowEvents=true,allowWhenScreenOff=true,allowWhenScreenOn=true,automaticRules={370bd6672ef541ba946db9ac4aef0faf=ZenRule[enabled=false,snoozing=false,name=Weeknight,zenMode=ZEN_MODE_ALARMS,conditionId=condition://android/schedule?days=1.2.3.4.5&start=22.0&end=7.0&exitAtAlarm=false,condition=Condition[id=condition://android/schedule?days=1.2.3.4.5&start=22.0&end=7.0&exitAtAlarm=false,summary=...,line1=...,line2=...,icon=0,state=STATE_FALSE,flags=2],component=ComponentInfo{android/com.android.server.notification.ScheduleConditionProvider},id=370bd6672ef541ba946db9ac4aef0faf,creationTime=1590622727817,enabler=null], a53ffdf89c814123a52adbdd46bc948d=ZenRule[enabled=false,snoozing=false,name=Weekend,zenMode=ZEN_MODE_ALARMS,conditionId=condition://android/schedule?days=6.7&start=23.30&end=10.0&exitAtAlarm=false,condition=Condition[id=condition://android/schedule?days=6.7&start=23.30&end=10.0&exitAtAlarm=false,summary=...,line1=...,line2=...,icon=0,state=STATE_FALSE,flags=2],component=ComponentInfo{android/com.android.server.notification.ScheduleConditionProvider},id=a53ffdf89c814123a52adbdd46bc948d,creationTime=1590622727818,enabler=null], fc8bb1aacabb4877a1d1d167106f6e77=ZenRule[enabled=false,snoozing=false,name=Event,zenMode=ZEN_MODE_ALARMS,conditionId=condition://android/event?userId=-10000&calendar=&reply=1,condition=Condition[id=condition://android/event?userId=-10000&calendar=&reply=1,summary=...,line1=...,line2=...,icon=0,state=STATE_FALSE,flags=2],component=ComponentInfo{android/com.android.server.notification.EventConditionProvider},id=fc8bb1aacabb4877a1d1d167106f6e77,creationTime=1590622727822,enabler=null]},manualRule=null],Diff[automaticRule[370bd6672ef541ba946db9ac4aef0faf].condition:Condition[id=condition://android/schedule?days=1.2.3.4.5&start=22.0&end=7.0&exitAtAlarm=false,summary=...,line1=...,line2=...,icon=0,state=STATE_TRUE,flags=2]->Condition[id=condition://android/schedule?days=1.2.3.4.5&start=22.0&end=7.0&exitAtAlarm=false,summary=...,line1=...,line2=...,icon=0,state=STATE_FALSE,flags=2]]
06-09 09:59:49.897 D/ZenLog  ( 1829): set_zen_mode: off,conditionChanged
06-09 09:59:51.380 E/BluetoothAdapter( 2069): Bluetooth binder is null
06-09 09:59:51.828 W/art     ( 1829): Long monitor contention with owner BackgroundDexOptService_PostBootUpdate (2446) at boolean android.os.MessageQueue.enqueueMessage(android.os.Message, long)(MessageQueue.java:541) waiters=0 in android.os.Message android.os.MessageQueue.next() for 144ms
06-09 09:59:51.869 W/SystemConfig( 2328): No directory /system/etc/sysconfig, skipping
06-09 09:59:52.553 I/CameraManagerGlobal( 2069): Connecting to camera service
06-09 09:59:53.016 V/EmulatedCamera_Camera( 1327): getCameraInfo
06-09 09:59:53.018 V/EmulatedCamera_BaseCamera( 1327): getCameraInfo
06-09 09:59:53.018 I/CameraService( 1327): getCameraCharacteristics: Switching to HAL1 shim implementation...
06-09 09:59:53.019 V/EmulatedCamera_Camera( 1327): getCameraInfo
06-09 09:59:53.019 V/EmulatedCamera_BaseCamera( 1327): getCameraInfo
06-09 09:59:53.295 I/CameraService( 1327): CameraService::connect call (PID -1 "cameraserver", camera ID 0) for HAL version default and Camera API version 1
06-09 09:59:53.312 E/CameraService( 1327): getCameraPriorityFromProcState: Received invalid process state -1 from ActivityManagerService!
06-09 09:59:53.313 V/EmulatedCamera_Camera( 1327): getCameraInfo
06-09 09:59:53.313 V/EmulatedCamera_BaseCamera( 1327): getCameraInfo
06-09 09:59:53.775 E/ActivityThread( 1829): Failed to find provider info for com.android.calendar
06-09 09:59:53.777 E/ActivityThread( 1829): Failed to find provider info for com.android.calendar
06-09 09:59:53.835 E/WVMExtractor( 1334): Failed to open libwvm.so: dlopen failed: library "libwvm.so" not found
06-09 09:59:53.885 D/PhoneSwitcherNetworkRequstListener( 2328): Registering NetworkFactory
06-09 09:59:53.924 D/ConnectivityService( 1829): Got NetworkFactory Messenger for PhoneSwitcherNetworkRequstListener
06-09 09:59:54.158 D/ConnectivityService( 1829): Got NetworkFactory Messenger for TelephonyNetworkFactory[0]
06-09 09:59:54.595 D/NuPlayerDriver( 1334): notifyListener_l(0xefba8e40), (1, 0, 0), loop setting(0, 0)
06-09 09:59:54.973 D/NuPlayerDriver( 1334): notifyListener_l(0xefba8ba0), (1, 0, 0), loop setting(0, 0)
06-09 09:59:55.379 D/NuPlayerDriver( 1334): notifyListener_l(0xee392300), (1, 0, 0), loop setting(0, 0)
06-09 09:59:55.572 I/CameraFlashlight( 1327): Opening camera 0
06-09 09:59:55.572 V/EmulatedCamera_Camera( 1327): getCameraInfo
06-09 09:59:55.572 V/EmulatedCamera_BaseCamera( 1327): getCameraInfo
06-09 09:59:55.572 V/EmulatedCamera_Camera( 1327): connectCamera
06-09 09:59:55.573 V/EmulatedCamera_FakeDevice( 1327): connectDevice
06-09 09:59:55.573 V/EmulatedCamera_CallbackNotifier( 1327): setCallbacks: 0xecd12e80, 0xecd12ed0, 0xecd12ff0, 0xecd13110 (0xec643320)
06-09 09:59:55.573 V/EmulatedCamera_CallbackNotifier( 1327): enableMessage: msg_type = 0xc0d
06-09 09:59:55.573 V/EmulatedCamera_CallbackNotifier( 1327):     CAMERA_MSG_ERROR
06-09 09:59:55.573 V/EmulatedCamera_CallbackNotifier( 1327):     CAMERA_MSG_FOCUS
06-09 09:59:55.574 V/EmulatedCamera_CallbackNotifier( 1327):     CAMERA_MSG_ZOOM
06-09 09:59:55.574 V/EmulatedCamera_CallbackNotifier( 1327):     CAMERA_MSG_PREVIEW_METADATA
06-09 09:59:55.574 V/EmulatedCamera_CallbackNotifier( 1327): **** Currently enabled messages:
06-09 09:59:55.574 V/EmulatedCamera_CallbackNotifier( 1327):     CAMERA_MSG_ERROR
06-09 09:59:55.574 V/EmulatedCamera_CallbackNotifier( 1327):     CAMERA_MSG_FOCUS
06-09 09:59:55.574 V/EmulatedCamera_CallbackNotifier( 1327):     CAMERA_MSG_ZOOM
06-09 09:59:55.574 V/EmulatedCamera_CallbackNotifier( 1327):     CAMERA_MSG_PREVIEW_METADATA
06-09 09:59:55.580 V/EmulatedCamera_CallbackNotifier( 1327): disableMessage: msg_type = 0xffff
06-09 09:59:55.592 V/EmulatedCamera_CallbackNotifier( 1327):     CAMERA_MSG_ERROR
06-09 09:59:55.592 V/EmulatedCamera_CallbackNotifier( 1327):     CAMERA_MSG_SHUTTER
06-09 09:59:55.592 V/EmulatedCamera_CallbackNotifier( 1327):     CAMERA_MSG_FOCUS
06-09 09:59:55.592 V/EmulatedCamera_CallbackNotifier( 1327):     CAMERA_MSG_ZOOM
06-09 09:59:55.592 V/EmulatedCamera_CallbackNotifier( 1327):     CAMERA_MSG_PREVIEW_FRAME
06-09 09:59:55.592 V/EmulatedCamera_CallbackNotifier( 1327):     CAMERA_MSG_VIDEO_FRAME
06-09 09:59:55.592 V/EmulatedCamera_CallbackNotifier( 1327):     CAMERA_MSG_POSTVIEW_FRAME
06-09 09:59:55.592 V/EmulatedCamera_CallbackNotifier( 1327):     CAMERA_MSG_RAW_IMAGE
06-09 09:59:55.592 V/EmulatedCamera_CallbackNotifier( 1327):     CAMERA_MSG_COMPRESSED_IMAGE
06-09 09:59:55.592 V/EmulatedCamera_CallbackNotifier( 1327):     CAMERA_MSG_RAW_IMAGE_NOTIFY
06-09 09:59:55.592 V/EmulatedCamera_CallbackNotifier( 1327):     CAMERA_MSG_PREVIEW_METADATA
06-09 09:59:55.592 V/EmulatedCamera_CallbackNotifier( 1327): **** Currently enabled messages:
06-09 09:59:55.593 V/EmulatedCamera_Preview( 1327): setPreviewWindow: current: 0x0 -> new: 0x0
06-09 09:59:55.593 V/EmulatedCamera_Camera( 1327): doStopPreview
06-09 09:59:55.595 V/EmulatedCamera_Camera( 1327): cancelPicture
06-09 09:59:55.595 V/EmulatedCamera_Camera( 1327): releaseCamera
06-09 09:59:55.595 V/EmulatedCamera_Camera( 1327): doStopPreview
06-09 09:59:55.595 V/EmulatedCamera_FakeDevice( 1327): disconnectDevice
06-09 09:59:55.596 W/EmulatedCamera_Device( 1327): Initialize: Emulated camera device is already initialized: mState = 1
06-09 09:59:55.596 D/EmulatedCamera_FakeCamera( 1327): Initialize: Fake camera is facing back
06-09 09:59:55.598 V/EmulatedCamera_Device( 1327): initializeWhiteBalanceModes with auto, 1.000000, 1.000000
06-09 09:59:55.599 V/EmulatedCamera_Device( 1327): initializeWhiteBalanceModes with incandescent, 1.380000, 0.600000
06-09 09:59:55.599 V/EmulatedCamera_Device( 1327): initializeWhiteBalanceModes with daylight, 1.090000, 0.920000
06-09 09:59:55.599 V/EmulatedCamera_Device( 1327): initializeWhiteBalanceModes with twilight, 0.920000, 1.220000
06-09 09:59:55.599 V/EmulatedCamera_Device( 1327): setWhiteBalanceMode with white balance auto
06-09 09:59:55.617 I/CameraFlashlight( 1327): Destroying camera 0
06-09 09:59:55.617 V/EmulatedCamera_Camera( 1327): closeCamera
06-09 09:59:55.617 V/EmulatedCamera_Camera( 1327): doStopPreview
06-09 09:59:55.617 W/EmulatedCamera_Device( 1327): Initialize: Emulated camera device is already initialized: mState = 1
06-09 09:59:55.617 D/EmulatedCamera_FakeCamera( 1327): Initialize: Fake camera is facing back
06-09 09:59:55.618 V/EmulatedCamera_Device( 1327): initializeWhiteBalanceModes with auto, 1.000000, 1.000000
06-09 09:59:55.618 V/EmulatedCamera_Device( 1327): initializeWhiteBalanceModes with incandescent, 1.380000, 0.600000
06-09 09:59:55.618 V/EmulatedCamera_Device( 1327): initializeWhiteBalanceModes with daylight, 1.090000, 0.920000
06-09 09:59:55.618 V/EmulatedCamera_Device( 1327): initializeWhiteBalanceModes with twilight, 0.920000, 1.220000
06-09 09:59:55.618 V/EmulatedCamera_Device( 1327): setWhiteBalanceMode with white balance auto
06-09 09:59:55.631 I/CameraService( 1327): disconnect: Disconnected client for camera 0 for PID 1327
06-09 09:59:55.633 D/NuPlayerDriver( 1334): reset(0xefba8e40) at state 4
06-09 09:59:55.633 D/NuPlayerDriver( 1334): notifyListener_l(0xefba8e40), (8, 0, 0), loop setting(0, 0)
06-09 09:59:55.635 D/NuPlayerDriver( 1334): notifyResetComplete(0xefba8e40)
06-09 09:59:55.707 D/NuPlayerDriver( 1334): reset(0xefba8ba0) at state 4
06-09 09:59:55.707 D/NuPlayerDriver( 1334): notifyListener_l(0xefba8ba0), (8, 0, 0), loop setting(0, 0)
06-09 09:59:55.708 D/NuPlayerDriver( 1334): notifyResetComplete(0xefba8ba0)
06-09 09:59:55.791 D/NuPlayerDriver( 1334): reset(0xee392300) at state 4
06-09 09:59:55.791 D/NuPlayerDriver( 1334): notifyListener_l(0xee392300), (8, 0, 0), loop setting(0, 0)
06-09 09:59:55.792 D/NuPlayerDriver( 1334): notifyResetComplete(0xee392300)
06-09 09:59:55.878 V/EmulatedCamera_Camera( 1327): getCameraInfo
06-09 09:59:55.879 V/EmulatedCamera_BaseCamera( 1327): getCameraInfo
06-09 09:59:55.925 V/EmulatedCamera_Camera( 1327): getCameraInfo
06-09 09:59:55.925 V/EmulatedCamera_BaseCamera( 1327): getCameraInfo
06-09 09:59:56.531 I/StatusBar( 2069): isKeyguardShowing() called before startKeyguard(), returning true
06-09 09:59:56.535 W/StatusBar( 2069): isKeyguardSecure() called before startKeyguard(), returning false
06-09 09:59:56.535 W/StatusBar( 2069): java.lang.Throwable
06-09 09:59:56.535 W/StatusBar( 2069): 	at com.android.systemui.statusbar.BaseStatusBar.isKeyguardSecure(BaseStatusBar.java:2647)
06-09 09:59:56.535 W/StatusBar( 2069): 	at com.android.systemui.statusbar.BaseStatusBar.isCameraAllowedByAdmin(BaseStatusBar.java:2670)
06-09 09:59:56.535 W/StatusBar( 2069): 	at com.android.systemui.statusbar.phone.KeyguardBottomAreaView.updateCameraVisibility(KeyguardBottomAreaView.java:309)
06-09 09:59:56.535 W/StatusBar( 2069): 	at com.android.systemui.statusbar.phone.KeyguardBottomAreaView.setPhoneStatusBar(KeyguardBottomAreaView.java:272)
06-09 09:59:56.535 W/StatusBar( 2069): 	at com.android.systemui.statusbar.phone.PhoneStatusBar.makeStatusBarView(PhoneStatusBar.java:904)
06-09 09:59:56.535 W/StatusBar( 2069): 	at com.android.systemui.statusbar.phone.PhoneStatusBar.addStatusBarWindow(PhoneStatusBar.java:3432)
06-09 09:59:56.535 W/StatusBar( 2069): 	at com.android.systemui.statusbar.phone.PhoneStatusBar.createAndAddWindows(PhoneStatusBar.java:3428)
06-09 09:59:56.535 W/StatusBar( 2069): 	at com.android.systemui.statusbar.BaseStatusBar.start(BaseStatusBar.java:765)
06-09 09:59:56.535 W/StatusBar( 2069): 	at com.android.systemui.statusbar.phone.PhoneStatusBar.start(PhoneStatusBar.java:686)
06-09 09:59:56.535 W/StatusBar( 2069): 	at com.android.systemui.statusbar.SystemBars.createStatusBarFromConfig(SystemBars.java:106)
06-09 09:59:56.535 W/StatusBar( 2069): 	at com.android.systemui.statusbar.SystemBars.onNoService(SystemBars.java:58)
06-09 09:59:56.535 W/StatusBar( 2069): 	at com.android.systemui.statusbar.ServiceMonitor.startService(ServiceMonitor.java:230)
06-09 09:59:56.535 W/StatusBar( 2069): 	at com.android.systemui.statusbar.ServiceMonitor.-wrap5(ServiceMonitor.java)
06-09 09:59:56.535 W/StatusBar( 2069): 	at com.android.systemui.statusbar.ServiceMonitor$1.handleMessage(ServiceMonitor.java:73)
06-09 09:59:56.535 W/StatusBar( 2069): 	at android.os.Handler.dispatchMessage(Handler.java:102)
06-09 09:59:56.535 W/StatusBar( 2069): 	at android.os.Looper.loop(Looper.java:154)
06-09 09:59:56.535 W/StatusBar( 2069): 	at android.app.ActivityThread.main(ActivityThread.java:6119)
06-09 09:59:56.535 W/StatusBar( 2069): 	at java.lang.reflect.Method.invoke(Native Method)
06-09 09:59:56.535 W/StatusBar( 2069): 	at com.android.internal.os.ZygoteInit$MethodAndArgsCaller.run(ZygoteInit.java:886)
06-09 09:59:56.535 W/StatusBar( 2069): 	at com.android.internal.os.ZygoteInit.main(ZygoteInit.java:776)
06-09 09:59:56.537 W/art     ( 2414): Suspending all threads took: 2.660s
06-09 09:59:56.582 I/StatusBar( 2069): isKeyguardShowing() called before startKeyguard(), returning true
06-09 09:59:56.584 W/StatusBar( 2069): isKeyguardSecure() called before startKeyguard(), returning false
06-09 09:59:56.584 W/StatusBar( 2069): java.lang.Throwable
06-09 09:59:56.584 W/StatusBar( 2069): 	at com.android.systemui.statusbar.BaseStatusBar.isKeyguardSecure(BaseStatusBar.java:2647)
06-09 09:59:56.584 W/StatusBar( 2069): 	at com.android.systemui.statusbar.BaseStatusBar.isCameraAllowedByAdmin(BaseStatusBar.java:2670)
06-09 09:59:56.584 W/StatusBar( 2069): 	at com.android.systemui.statusbar.phone.KeyguardBottomAreaView.updateCameraVisibility(KeyguardBottomAreaView.java:309)
06-09 09:59:56.584 W/StatusBar( 2069): 	at com.android.systemui.statusbar.phone.KeyguardBottomAreaView.setUserSetupComplete(KeyguardBottomAreaView.java:281)
06-09 09:59:56.584 W/StatusBar( 2069): 	at com.android.systemui.statusbar.phone.PhoneStatusBar.makeStatusBarView(PhoneStatusBar.java:905)
06-09 09:59:56.584 W/StatusBar( 2069): 	at com.android.systemui.statusbar.phone.PhoneStatusBar.addStatusBarWindow(PhoneStatusBar.java:3432)
06-09 09:59:56.584 W/StatusBar( 2069): 	at com.android.systemui.statusbar.phone.PhoneStatusBar.createAndAddWindows(PhoneStatusBar.java:3428)
06-09 09:59:56.584 W/StatusBar( 2069): 	at com.android.systemui.statusbar.BaseStatusBar.start(BaseStatusBar.java:765)
06-09 09:59:56.584 W/StatusBar( 2069): 	at com.android.systemui.statusbar.phone.PhoneStatusBar.start(PhoneStatusBar.java:686)
06-09 09:59:56.584 W/StatusBar( 2069): 	at com.android.systemui.statusbar.SystemBars.createStatusBarFromConfig(SystemBars.java:106)
06-09 09:59:56.584 W/StatusBar( 2069): 	at com.android.systemui.statusbar.SystemBars.onNoService(SystemBars.java:58)
06-09 09:59:56.584 W/StatusBar( 2069): 	at com.android.systemui.statusbar.ServiceMonitor.startService(ServiceMonitor.java:230)
06-09 09:59:56.584 W/StatusBar( 2069): 	at com.android.systemui.statusbar.ServiceMonitor.-wrap5(ServiceMonitor.java)
06-09 09:59:56.584 W/StatusBar( 2069): 	at com.android.systemui.statusbar.ServiceMonitor$1.handleMessage(ServiceMonitor.java:73)
06-09 09:59:56.584 W/StatusBar( 2069): 	at android.os.Handler.dispatchMessage(Handler.java:102)
06-09 09:59:56.584 W/StatusBar( 2069): 	at android.os.Looper.loop(Looper.java:154)
06-09 09:59:56.584 W/StatusBar( 2069): 	at android.app.ActivityThread.main(ActivityThread.java:6119)
06-09 09:59:56.584 W/StatusBar( 2069): 	at java.lang.reflect.Method.invoke(Native Method)
06-09 09:59:56.584 W/StatusBar( 2069): 	at com.android.internal.os.ZygoteInit$MethodAndArgsCaller.run(ZygoteInit.java:886)
06-09 09:59:56.584 W/StatusBar( 2069): 	at com.android.internal.os.ZygoteInit.main(ZygoteInit.java:776)
06-09 09:59:57.623 V/EmulatedCamera_Camera( 1327): getCameraInfo
06-09 09:59:57.623 V/EmulatedCamera_BaseCamera( 1327): getCameraInfo
06-09 09:59:57.645 V/EmulatedCamera_Camera( 1327): getCameraInfo
06-09 09:59:57.645 V/EmulatedCamera_BaseCamera( 1327): getCameraInfo
06-09 09:59:57.890 W/art     ( 1829): Long monitor contention with owner Binder:1829_2 (1849) at void com.android.server.power.PowerManagerService.acquireWakeLockInternal(android.os.IBinder, int, java.lang.String, java.lang.String, android.os.WorkSource, java.lang.String, int, int)(PowerManagerService.java:862) waiters=0 in void com.android.server.power.PowerManagerService.monitor() for 4.478s
06-09 09:59:57.892 W/art     ( 1829): Long monitor contention with owner Binder:1829_2 (1849) at void com.android.server.power.PowerManagerService.acquireWakeLockInternal(android.os.IBinder, int, java.lang.String, java.lang.String, android.os.WorkSource, java.lang.String, int, int)(PowerManagerService.java:862) waiters=1 in void com.android.server.power.PowerManagerService.updateUidProcStateInternal(int, int) for 4.420s
06-09 09:59:57.895 W/art     ( 1829): Long monitor contention with owner Binder:1829_2 (1849) at void com.android.server.power.PowerManagerService.acquireWakeLockInternal(android.os.IBinder, int, java.lang.String, java.lang.String, android.os.WorkSource, java.lang.String, int, int)(PowerManagerService.java:862) waiters=3 in void com.android.server.power.PowerManagerService.acquireWakeLockInternal(android.os.IBinder, int, java.lang.String, java.lang.String, android.os.WorkSource, java.lang.String, int, int) for 3.333s
06-09 09:59:57.899 W/art     ( 1829): Long monitor contention with owner Binder:1829_3 (2046) at android.content.ComponentName com.android.server.am.ActivityManagerService.startService(android.app.IApplicationThread, android.content.Intent, java.lang.String, java.lang.String, int)(ActivityManagerService.java:17161) waiters=0 in void com.android.server.am.ActiveServices.serviceTimeout(com.android.server.am.ProcessRecord) for 3.698s
06-09 09:59:57.941 W/art     ( 1829): Long monitor contention with owner Binder:1829_2 (1849) at void com.android.server.power.PowerManagerService.acquireWakeLockInternal(android.os.IBinder, int, java.lang.String, java.lang.String, android.os.WorkSource, java.lang.String, int, int)(PowerManagerService.java:862) waiters=4 in void com.android.server.power.PowerManagerService.checkForLongWakeLocks() for 2.413s
06-09 09:59:57.943 W/art     ( 1829): Long monitor contention with owner Binder:1829_2 (1849) at void com.android.server.power.PowerManagerService.acquireWakeLockInternal(android.os.IBinder, int, java.lang.String, java.lang.String, android.os.WorkSource, java.lang.String, int, int)(PowerManagerService.java:862) waiters=2 in void com.android.server.power.PowerManagerService.releaseWakeLockInternal(android.os.IBinder, int) for 4.418s
06-09 09:59:57.950 W/ActivityManager( 1829): Timeout executing service: ServiceRecord{aaada0a u0 com.android.systemui/.keyguard.KeyguardService}
06-09 09:59:58.316 D/CarrierConfigLoader( 2328): CarrierConfigLoader has started
06-09 09:59:58.448 E/BluetoothAdapter( 2328): Bluetooth binder is null
06-09 09:59:59.352 I/Choreographer( 2342): Skipped 44 frames!  The application may be doing too much work on its main thread.
06-09 09:59:59.393 I/Process ( 1829): Sending signal. PID: 2069 SIG: 3
06-09 09:59:59.394 I/art     ( 2069): Thread[3,tid=2078,WaitingInMainSignalCatcherLoop,Thread*=0x7a8eed896400,peer=0x12c005e0,"Signal Catcher"]: reacting to signal 3
06-09 09:59:59.394 I/art     ( 2069): 
06-09 10:00:01.010 E/ActivityManager( 1829): ANR in com.android.systemui
06-09 10:00:01.010 E/ActivityManager( 1829): PID: 2069
06-09 10:00:01.010 E/ActivityManager( 1829): Reason: executing service com.android.systemui/.keyguard.KeyguardService
06-09 10:00:01.010 E/ActivityManager( 1829): Load: 0.0 / 0.0 / 0.0
06-09 10:00:01.010 E/ActivityManager( 1829): CPU usage from 26495ms to 0ms ago (2020-06-09 09:59:31.521 to 2020-06-09 09:59:58.015):
06-09 10:00:01.010 E/ActivityManager( 1829):   82% 1321/surfaceflinger: 36% user + 46% kernel / faults: 55 minor
06-09 10:00:01.010 E/ActivityManager( 1829):   26% 1829/system_server: 8.3% user + 18% kernel / faults: 6030 minor 58 major
06-09 10:00:01.010 E/ActivityManager( 1829):   26% 1391/bootanimation: 8.8% user + 17% kernel
06-09 10:00:01.010 E/ActivityManager( 1829):   9.2% 2069/com.android.systemui: 3.4% user + 5.8% kernel / faults: 2458 minor 10 major
06-09 10:00:01.010 E/ActivityManager( 1829):   1.6% 1323/adbd: 0% user + 1.6% kernel / faults: 834 minor
06-09 10:00:01.010 E/ActivityManager( 1829):   1.4% 8/rcu_preempt: 0% user + 1.4% kernel
06-09 10:00:01.010 E/ActivityManager( 1829):   1.1% 1334/mediaserver: 0.2% user + 0.8% kernel / faults: 139 minor 1 major
06-09 10:00:01.010 E/ActivityManager( 1829):   0.9% 1333/media.extractor: 0% user + 0.8% kernel / faults: 24 minor
06-09 10:00:01.010 E/ActivityManager( 1829):   0.8% 1324/zygote64: 0% user + 0.8% kernel / faults: 375 minor
06-09 10:00:01.010 E/ActivityManager( 1829):   0.7% 1327/cameraserver: 0% user + 0.7% kernel / faults: 89 minor
06-09 10:00:01.010 E/ActivityManager( 1829):   0.6% 1326/audioserver: 0.2% user + 0.4% kernel / faults: 16 minor
06-09 10:00:01.010 E/ActivityManager( 1829):   0.6% 1320/servicemanager: 0% user + 0.6% kernel
06-09 10:00:01.010 E/ActivityManager( 1829):   0.3% 1254/kworker/0:1H: 0% user + 0.3% kernel
06-09 10:00:01.010 E/ActivityManager( 1829):   0.2% 17/kworker/u4:1: 0% user + 0.2% kernel
06-09 10:00:01.010 E/ActivityManager( 1829):   0.2% 2063/com.android.inputmethod.latin: 0% user + 0.2% kernel / faults: 51 minor
06-09 10:00:01.010 E/ActivityManager( 1829):   0.1% 1264/jbd2/vdc-8: 0% user + 0.1% kernel
06-09 10:00:01.010 E/ActivityManager( 1829):   0% 1//init: 0% user + 0% kernel / faults: 1 minor
06-09 10:00:01.010 E/ActivityManager( 1829):   0.1% 3/ksoftirqd/0: 0% user + 0.1% kernel
06-09 10:00:01.010 E/ActivityManager( 1829):   0.1% 12/ksoftirqd/1: 0% user + 0.1% kernel
06-09 10:00:01.010 E/ActivityManager( 1829):   0.1% 1266/logd: 0% user + 0.1% kernel / faults: 9 minor
06-09 10:00:01.010 E/ActivityManager( 1829):   0.1% 1349/logcat: 0% user + 0% kernel / faults: 2 minor
06-09 10:00:01.010 E/ActivityManager( 1829):   0% 1330/keystore: 0% user + 0% kernel
06-09 10:00:01.010 E/ActivityManager( 1829):   0% 1336/rild: 0% user + 0% kernel / faults: 5 minor
06-09 10:00:01.010 E/ActivityManager( 1829):   0% 673/kworker/1:1: 0% user + 0% kernel
06-09 10:00:01.010 E/ActivityManager( 1829):   0% 1319/lmkd: 0% user + 0% kernel
06-09 10:00:01.010 E/ActivityManager( 1829):   0% 1335/netd: 0% user + 0% kernel / faults: 3 minor
06-09 10:00:01.010 E/ActivityManager( 1829):  +0% 2328/com.android.phone: 0% user + 0% kernel
06-09 10:00:01.010 E/ActivityManager( 1829):  +0% 2342/com.android.settings: 0% user + 0% kernel
06-09 10:00:01.010 E/ActivityManager( 1829):  +0% 2414/com.android.cellbroadcastreceiver: 0% user + 0% kernel
06-09 10:00:01.010 E/ActivityManager( 1829): 100% TOTAL: 36% user + 62% kernel + 0.9% softirq
06-09 10:00:01.010 E/ActivityManager( 1829): CPU usage from 255015ms to 255015ms ago (1970-01-01 00:00:00.000 to 1970-01-01 00:00:00.000) with 0% awake:
06-09 10:00:01.010 E/ActivityManager( 1829): 0% TOTAL: 0% user + 0% kernel
06-09 10:00:01.016 I/ActivityManager( 1829): Killing 2069:com.android.systemui/u0a21 (adj -800): bg anr
06-09 10:00:01.091 D/ConditionProviders.SCP( 1829): onReceive ScheduleConditionProvider.EVALUATE
06-09 10:00:01.092 D/ConditionProviders.SCP( 1829): notifyCondition condition://android/schedule?days=6.7&start=23.30&end=10.0&exitAtAlarm=false STATE_FALSE reason=!meetsSchedule
06-09 10:00:01.093 D/ConditionProviders.SCP( 1829): notifyCondition condition://android/schedule?days=1.2.3.4.5&start=22.0&end=7.0&exitAtAlarm=false STATE_FALSE reason=!meetsSchedule
06-09 10:00:01.096 D/ConditionProviders.SCP( 1829): Scheduling evaluate for Tue Jun 09 22:00:00 UTC 2020 (1591740000000), in +11h59m58s909ms, now=Tue Jun 09 10:00:01 UTC 2020 (1591696801091)
06-09 10:00:01.375 E/ActivityThread( 2328): Failed to find provider info for com.android.contacts
06-09 10:00:01.376 W/CallerInfoCache( 2328): cursor is null
06-09 10:00:01.467 I/Choreographer( 2342): Skipped 46 frames!  The application may be doing too much work on its main thread.
06-09 10:00:01.835 I/Telephony( 2328): TtyManager: updateUiTtyMode -1 -> 0
06-09 10:00:02.107 I/art     ( 1829): Background partial concurrent mark sweep GC freed 31304(2MB) AllocSpace objects, 17(6MB) LOS objects, 29% free, 9MB/13MB, paused 42.986ms total 23.680s
06-09 10:00:02.107 I/art     ( 1829): WaitForGcToComplete blocked for 22.469s for cause Explicit
06-09 10:00:02.108 I/art     ( 1829): Starting a blocking GC Explicit
06-09 10:00:03.056 I/art     ( 1829): Explicit concurrent mark sweep GC freed 1481(169KB) AllocSpace objects, 3(60KB) LOS objects, 30% free, 9MB/13MB, paused 2.166ms total 928.211ms
06-09 10:00:03.057 I/art     ( 1829): WaitForGcToComplete blocked for 894.382ms for cause HeapTrim
06-09 10:00:03.155 D/AlarmManagerService( 1829): Kernel timezone updated to 0 minutes west of GMT
06-09 10:00:03.261 D/AlarmManagerService( 1829): Setting time of day to sec=1591696803
06-09 10:00:03.352 W/AlarmManagerService( 1829): Unable to set rtc to 1591696803: No such device
06-09 10:00:03.403 E/JavaBinder( 1829): !!! FAILED BINDER TRANSACTION !!!  (parcel size = 76)
06-09 10:00:03.414 W/ActivityManager( 1829): Failed to update preferences for: com.android.systemui
06-09 10:00:03.564 E/JavaBinder( 1829): !!! FAILED BINDER TRANSACTION !!!  (parcel size = 236)
06-09 10:00:03.565 W/BroadcastQueue( 1829): Can't deliver broadcast to com.android.systemui (pid 2069). Crashing it.
06-09 10:00:03.566 E/JavaBinder( 1829): !!! FAILED BINDER TRANSACTION !!!  (parcel size = 124)
06-09 10:00:03.567 I/ActivityManager( 1829): Killing 2069:com.android.systemui/u0a21 (adj -800): scheduleCrash for 'can't deliver broadcast' failed
06-09 10:00:03.597 W/BroadcastQueue( 1829): Failure sending broadcast Intent { act=android.intent.action.TIME_SET flg=0x24000010 }
06-09 10:00:03.597 W/BroadcastQueue( 1829): android.os.DeadObjectException: Transaction failed on small parcel; remote process probably died
06-09 10:00:03.597 W/BroadcastQueue( 1829): 	at android.os.BinderProxy.transactNative(Native Method)
06-09 10:00:03.597 W/BroadcastQueue( 1829): 	at android.os.BinderProxy.transact(Binder.java:615)
06-09 10:00:03.597 W/BroadcastQueue( 1829): 	at android.app.ApplicationThreadProxy.scheduleRegisteredReceiver(ApplicationThreadNative.java:1201)
06-09 10:00:03.597 W/BroadcastQueue( 1829): 	at com.android.server.am.BroadcastQueue.performReceiveLocked(BroadcastQueue.java:474)
06-09 10:00:03.597 W/BroadcastQueue( 1829): 	at com.android.server.am.BroadcastQueue.deliverToRegisteredReceiverLocked(BroadcastQueue.java:666)
06-09 10:00:03.597 W/BroadcastQueue( 1829): 	at com.android.server.am.BroadcastQueue.processNextBroadcast(BroadcastQueue.java:787)
06-09 10:00:03.597 W/BroadcastQueue( 1829): 	at com.android.server.am.BroadcastQueue$BroadcastHandler.handleMessage(BroadcastQueue.java:172)
06-09 10:00:03.597 W/BroadcastQueue( 1829): 	at android.os.Handler.dispatchMessage(Handler.java:102)
06-09 10:00:03.597 W/BroadcastQueue( 1829): 	at android.os.Looper.loop(Looper.java:154)
06-09 10:00:03.597 W/BroadcastQueue( 1829): 	at android.os.HandlerThread.run(HandlerThread.java:61)
06-09 10:00:03.597 W/BroadcastQueue( 1829): 	at com.android.server.ServiceThread.run(ServiceThread.java:46)
06-09 10:00:03.622 D/ConditionProviders.SCP( 1829): onReceive android.intent.action.TIME_SET
06-09 10:00:03.643 D/ConditionProviders.SCP( 1829): notifyCondition condition://android/schedule?days=6.7&start=23.30&end=10.0&exitAtAlarm=false STATE_FALSE reason=!meetsSchedule
06-09 10:00:03.644 D/ConditionProviders.SCP( 1829): notifyCondition condition://android/schedule?days=1.2.3.4.5&start=22.0&end=7.0&exitAtAlarm=false STATE_FALSE reason=!meetsSchedule
06-09 10:00:03.646 D/ConditionProviders.SCP( 1829): Scheduling evaluate for Tue Jun 09 22:00:00 UTC 2020 (1591740000000), in +11h59m56s378ms, now=Tue Jun 09 10:00:03 UTC 2020 (1591696803622)
06-09 10:00:04.221 W/WindowManager( 1829): ***** BOOT TIMEOUT: forcing display enabled
06-09 10:00:04.228 I/SurfaceFlinger( 1321): Boot is finished (237483 ms)
06-09 10:00:04.375 I/WindowManager( 1829): WIN DEATH: Window{697e237 u0 DockedStackDivider}
06-09 10:00:04.377 D/ConnectivityService( 1829): ConnectivityService NetworkRequestInfo binderDied(NetworkRequest [ LISTEN id=4, [] ], android.os.BinderProxy@c6386c5)
06-09 10:00:04.379 W/AudioService( 1829): Current remote volume controller died, unregistering
06-09 10:00:04.749 I/SystemServiceManager( 1829): Starting phase 1000
06-09 10:00:04.783 E/ConnectivityService( 1829): RemoteException caught trying to send a callback msg for NetworkRequest [ LISTEN id=4, [] ]
06-09 10:00:04.935 W/VolumeController( 1829): Error calling dismiss
06-09 10:00:04.935 W/VolumeController( 1829): android.os.DeadObjectException
06-09 10:00:04.935 W/VolumeController( 1829): 	at android.os.BinderProxy.transactNative(Native Method)
06-09 10:00:04.935 W/VolumeController( 1829): 	at android.os.BinderProxy.transact(Binder.java:615)
06-09 10:00:04.935 W/VolumeController( 1829): 	at android.media.IVolumeController$Stub$Proxy.dismiss(IVolumeController.java:162)
06-09 10:00:04.935 W/VolumeController( 1829): 	at com.android.server.audio.AudioService$VolumeController.postDismiss(AudioService.java:6138)
06-09 10:00:04.935 W/VolumeController( 1829): 	at com.android.server.audio.AudioService.setVolumeController(AudioService.java:5986)
06-09 10:00:04.935 W/VolumeController( 1829): 	at com.android.server.audio.AudioService$4.binderDied(AudioService.java:5995)
06-09 10:00:04.935 W/VolumeController( 1829): 	at android.os.BinderProxy.sendDeathNotice(Binder.java:688)
06-09 10:00:05.076 W/WallpaperManagerService( 1829): Wallpaper service gone: ComponentInfo{com.android.systemui/com.android.systemui.ImageWallpaper}
06-09 10:00:05.178 W/ActivityManager( 1829): Slow operation: 67ms so far, now at startProcess: building args
06-09 10:00:05.180 W/ActivityManager( 1829): Slow operation: 68ms so far, now at startProcess: asking zygote to start proc
06-09 10:00:05.360 W/art     ( 1829): Long monitor contention with owner Binder:1829_3 (2046) at void com.android.server.wm.WindowState$DeathRecipient.binderDied()(WindowState.java:1806) waiters=0 in void com.android.server.wm.Session.binderDied() for 422ms
06-09 10:00:05.758 W/ActivityManager( 1829): Slow operation: 646ms so far, now at startProcess: returned from zygote!
06-09 10:00:05.759 W/ActivityManager( 1829): Slow operation: 648ms so far, now at startProcess: done updating battery stats
06-09 10:00:05.775 W/ActivityManager( 1829): Slow operation: 664ms so far, now at startProcess: building log message
06-09 10:00:05.776 I/ActivityManager( 1829): Start proc 2489:android.ext.services/u0a12 for on-hold
06-09 10:00:05.776 W/ActivityManager( 1829): Slow operation: 664ms so far, now at startProcess: starting to update pids map
06-09 10:00:05.776 W/ActivityManager( 1829): Slow operation: 665ms so far, now at startProcess: done updating pids map
06-09 10:00:05.875 D/ActivityManager( 1829): Finishing user boot 0
06-09 10:00:06.000 D/CryptdConnector( 1829): SND -> {3 cryptfs prepare_user_storage ! 0 0 2}
06-09 10:00:06.122 D/vold    ( 1274): e4crypt_prepare_user_storage for volume null, user 0, serial 0, flags 2
06-09 10:00:06.124 D/vold    ( 1274): Preparing: /data/system_ce/0
06-09 10:00:06.159 W/art     ( 2489): Unexpected CPU variant for X86 using defaults: x86_64
06-09 10:00:06.203 D/vold    ( 1274): Preparing: /data/misc_ce/0
06-09 10:00:06.204 D/vold    ( 1274): Preparing: /data/media/0
06-09 10:00:06.204 D/vold    ( 1274): Preparing: /data/data
06-09 10:00:06.206 D/CryptdConnector( 1829): RCV <- {200 3 Command succeeded}
06-09 10:00:06.223 V/UserManagerService( 1829): Found /data/user/0 with serial number 0
06-09 10:00:06.223 V/UserManagerService( 1829): Found /data/system_ce/0 with serial number 0
06-09 10:00:06.228 V/PackageManager( 1829): reconcileAppsData for null u0 0x2
06-09 10:00:06.623 E/ActivityThread( 1829): Failed to find provider info for com.android.calendar
06-09 10:00:06.727 W/System  ( 2414): ClassLoader referenced unknown path: /system/priv-app/CellBroadcastReceiver/lib/x86_64
06-09 10:00:06.833 W/libprocessgroup( 1829): failed to open /acct/uid_10021/pid_2069/cgroup.procs: No such file or directory
06-09 10:00:10.088 W/WallpaperManagerService( 1829): Wallpaper reconnect timed out, reverting to built-in wallpaper!
06-09 10:00:10.660 V/PackageManager( 1829): reconcileAppsData finished 81 packages
06-09 10:00:10.736 W/art     ( 1829): Long monitor contention with owner android.display (1876) at void com.android.server.am.ActivityManagerService.finishBooting()(ActivityManagerService.java:6823) waiters=0 in void com.android.server.am.ActivityManagerService$AppDeathRecipient.binderDied() for 5.662s
06-09 10:00:10.738 I/ActivityManager( 1829): Process com.android.systemui (pid 2069) has died
06-09 10:00:10.738 D/ActivityManager( 1829): cleanUpApplicationRecord -- 2069
06-09 10:00:10.745 W/ActivityManager( 1829): Scheduling restart of crashed service com.android.systemui/.keyguard.KeyguardService in 0ms
06-09 10:00:10.745 W/ActivityManager( 1829): Scheduling restart of crashed service com.android.systemui/.SystemUIService in 0ms
06-09 10:00:10.746 W/ActivityManager( 1829): Scheduling restart of crashed service com.android.systemui/.ImageWallpaper in 0ms
06-09 10:00:10.802 W/ActivityManager( 1829): Re-adding persistent process ProcessRecord{ecae286 2069:com.android.systemui/u0a21}
06-09 10:00:10.823 W/libprocessgroup( 1829): failed to open /acct/uid_10021/pid_2069/cgroup.procs: No such file or directory
06-09 10:00:10.907 W/ActivityManager( 1829): Slow operation: 103ms so far, now at startProcess: returned from zygote!
06-09 10:00:10.907 W/ActivityManager( 1829): Slow operation: 104ms so far, now at startProcess: done updating battery stats
06-09 10:00:10.911 W/ActivityManager( 1829): Slow operation: 108ms so far, now at startProcess: building log message
06-09 10:00:10.911 I/ActivityManager( 1829): Start proc 2509:com.android.systemui/u0a21 for restart com.android.systemui
06-09 10:00:10.912 W/ActivityManager( 1829): Slow operation: 108ms so far, now at startProcess: starting to update pids map
06-09 10:00:10.912 W/ActivityManager( 1829): Slow operation: 108ms so far, now at startProcess: done updating pids map
06-09 10:00:10.917 W/art     ( 1829): Long monitor contention with owner android.display (1876) at void com.android.server.am.ActivityManagerService.finishBooting()(ActivityManagerService.java:6823) waiters=1 in android.content.Intent com.android.server.am.ActivityManagerService.registerReceiver(android.app.IApplicationThread, java.lang.String, android.content.IIntentReceiver, android.content.IntentFilter, java.lang.String, int) for 5.619s
06-09 10:00:10.919 W/art     ( 1829): Long monitor contention with owner android.display (1876) at void com.android.server.am.ActivityManagerService.finishBooting()(ActivityManagerService.java:6823) waiters=2 in int com.android.server.am.ActivityManagerService.broadcastIntent(android.app.IApplicationThread, android.content.Intent, java.lang.String, android.content.IIntentReceiver, int, java.lang.String, android.os.Bundle, java.lang.String[], int, android.os.Bundle, boolean, boolean, int) for 5.455s
06-09 10:00:10.999 W/art     ( 1829): Long monitor contention with owner android.display (1876) at void com.android.server.am.ActivityManagerService.finishBooting()(ActivityManagerService.java:6823) waiters=3 in void com.android.server.am.BroadcastQueue.processNextBroadcast(boolean) for 5.053s
06-09 10:00:11.021 W/art     ( 1829): Long monitor contention with owner android.display (1876) at void com.android.server.am.ActivityManagerService.finishBooting()(ActivityManagerService.java:6823) waiters=4 in void com.android.server.am.ActivityManagerService.attachApplication(android.app.IApplicationThread) for 4.501s
06-09 10:00:11.025 W/art     ( 1829): Long monitor contention with owner android.display (1876) at void com.android.server.am.ActivityManagerService.finishBooting()(ActivityManagerService.java:6823) waiters=5 in android.app.IActivityManager$ContentProviderHolder com.android.server.am.ActivityManagerService.getContentProviderImpl(android.app.IApplicationThread, java.lang.String, android.os.IBinder, boolean, int) for 4.401s
06-09 10:00:11.083 D/MountService( 1829): onUnlockUser 0
06-09 10:00:11.156 W/art     ( 2509): Unexpected CPU variant for X86 using defaults: x86_64
06-09 10:00:11.221 W/art     ( 1829): Long monitor contention with owner android.display (1876) at void com.android.server.am.ActivityManagerService.finishBooting()(ActivityManagerService.java:6823) waiters=6 in void com.android.server.am.ActivityManagerService.publishContentProviders(android.app.IApplicationThread, java.util.List) for 2.085s
06-09 10:00:11.254 D/VoldConnector( 1829): SND -> {8 volume user_started 0}
06-09 10:00:11.281 W/art     ( 1829): Long monitor contention with owner android.display (1876) at void com.android.server.am.ActivityManagerService.finishBooting()(ActivityManagerService.java:6823) waiters=8 in android.content.IIntentSender com.android.server.am.ActivityManagerService.getIntentSender(int, java.lang.String, android.os.IBinder, java.lang.String, int, android.content.Intent[], java.lang.String[], int, android.os.Bundle, int) for 1.143s
06-09 10:00:11.294 D/vold    ( 1274): Linking /storage/emulated/0 to /mnt/user/0/primary
06-09 10:00:11.296 D/VoldConnector( 1829): RCV <- {200 8 Command succeeded}
06-09 10:00:11.301 W/art     ( 1829): Long monitor contention with owner android.display (1876) at void com.android.server.am.ActivityManagerService.finishBooting()(ActivityManagerService.java:6823) waiters=7 in void com.android.server.am.ActivityManagerService$3.handleMessage(android.os.Message) for 1.697s
06-09 10:00:11.309 D/MountService( 1829): Volume public:253,48 broadcasting mounted to UserHandle{0}
06-09 10:00:11.322 W/art     ( 1829): Long monitor contention with owner Binder:1829_5 (2203) at void com.android.server.am.ActivityManagerService$AppDeathRecipient.binderDied()(ActivityManagerService.java:1475) waiters=8 in void com.android.server.am.ActivityManagerService.dispatchUidsChanged() for 563ms
06-09 10:00:11.395 W/art     ( 1829): Long monitor contention with owner Binder:1829_4 (2098) at void com.android.server.am.ActivityManagerService.attachApplication(android.app.IApplicationThread)(ActivityManagerService.java:6669) waiters=6 in android.app.IActivityManager$ContentProviderHolder com.android.server.am.ActivityManagerService.getContentProviderImpl(android.app.IApplicationThread, java.lang.String, android.os.IBinder, boolean, int) for 369ms
06-09 10:00:11.609 W/System  ( 2489): ClassLoader referenced unknown path: /system/priv-app/ExtServices/lib/x86_64
06-09 10:00:11.916 W/art     ( 1829): Long monitor contention with owner Binder:1829_5 (2203) at void com.android.server.am.ActivityManagerService$AppDeathRecipient.binderDied()(ActivityManagerService.java:1475) waiters=9 in void com.android.server.am.ActivityManagerService.updateConfiguration(android.content.res.Configuration) for 544ms
06-09 10:00:11.918 W/art     ( 1829): Long monitor contention with owner Binder:1829_4 (2098) at void com.android.server.am.ActivityManagerService.attachApplication(android.app.IApplicationThread)(ActivityManagerService.java:6669) waiters=6 in int com.android.server.am.ActivityManagerService.broadcastIntent(android.app.IApplicationThread, android.content.Intent, java.lang.String, android.content.IIntentReceiver, int, java.lang.String, android.os.Bundle, java.lang.String[], int, android.os.Bundle, boolean, boolean, int) for 332ms
06-09 10:00:11.945 D/MountService( 1829): Volume emulated broadcasting mounted to UserHandle{0}
06-09 10:00:11.963 W/System  ( 2509): ClassLoader referenced unknown path: /system/priv-app/SystemUI/lib/x86_64
06-09 10:00:12.116 W/art     ( 1829): Long monitor contention with owner android.bg (1862) at void com.android.server.am.ActivityManagerService$3.handleMessage(android.os.Message)(ActivityManagerService.java:2443) waiters=3 in int com.android.server.am.ActivityManagerService.broadcastIntent(android.app.IApplicationThread, android.content.Intent, java.lang.String, android.content.IIntentReceiver, int, java.lang.String, android.os.Bundle, java.lang.String[], int, android.os.Bundle, boolean, boolean, int) for 169ms
06-09 10:00:12.347 W/art     ( 1829): Long monitor contention with owner android.bg (1862) at void com.android.server.am.ActivityManagerService$3.handleMessage(android.os.Message)(ActivityManagerService.java:2443) waiters=4 in boolean com.android.server.am.ActivityManagerService.isUserRunning(int, int) for 353ms
06-09 10:00:12.385 W/art     ( 1829): Long monitor contention with owner MountService (2010) at int com.android.server.am.ActivityManagerService.broadcastIntent(android.app.IApplicationThread, android.content.Intent, java.lang.String, android.content.IIntentReceiver, int, java.lang.String, android.os.Bundle, java.lang.String[], int, android.os.Bundle, boolean, boolean, int)(ActivityManagerService.java:18551) waiters=3 in int com.android.server.am.ActivityManagerService.broadcastIntent(android.app.IApplicationThread, android.content.Intent, java.lang.String, android.content.IIntentReceiver, int, java.lang.String, android.os.Bundle, java.lang.String[], int, android.os.Bundle, boolean, boolean, int) for 267ms
06-09 10:00:12.464 W/art     ( 1829): Long monitor contention with owner android.bg (1862) at void com.android.server.am.ActivityManagerService$3.handleMessage(android.os.Message)(ActivityManagerService.java:2443) waiters=3 in android.app.IActivityManager$ContentProviderHolder com.android.server.am.ActivityManagerService.getContentProviderImpl(android.app.IApplicationThread, java.lang.String, android.os.IBinder, boolean, int) for 473ms
06-09 10:00:13.032 V/BackupManagerService( 1829): No ancestral data
06-09 10:00:13.119 W/art     ( 1829): Long monitor contention with owner Binder:1829_1 (1848) at int com.android.server.am.ActivityManagerService.broadcastIntent(android.app.IApplicationThread, android.content.Intent, java.lang.String, android.content.IIntentReceiver, int, java.lang.String, android.os.Bundle, java.lang.String[], int, android.os.Bundle, boolean, boolean, int)(ActivityManagerService.java:18551) waiters=2 in android.app.IActivityManager$ContentProviderHolder com.android.server.am.ActivityManagerService.getContentProviderImpl(android.app.IApplicationThread, java.lang.String, android.os.IBinder, boolean, int) for 654ms
06-09 10:00:13.263 W/ActivityManager( 1829): Slow operation: 64ms so far, now at startProcess: done creating new process record
06-09 10:00:13.263 W/ActivityManager( 1829): Slow operation: 64ms so far, now at startProcess: stepping in to startProcess
06-09 10:00:13.454 W/ActivityManager( 1829): Slow operation: 190ms so far, now at startProcess: returned from zygote!
06-09 10:00:13.454 W/ActivityManager( 1829): Slow operation: 191ms so far, now at startProcess: done updating battery stats
06-09 10:00:13.455 W/ActivityManager( 1829): Slow operation: 191ms so far, now at startProcess: building log message
06-09 10:00:15.921 W/ifconfig( 2533): type=1400 audit(0.0:10): avc: denied { ioctl } for path="socket:[13867]" dev="sockfs" ino=13867 ioctlcmd=8927 scontext=u:r:shell:s0 tcontext=u:r:shell:s0 tclass=udp_socket permissive=0
06-09 10:00:16.051 W/ifconfig( 2533): type=1400 audit(0.0:11): avc: denied { ioctl } for path="socket:[13867]" dev="sockfs" ino=13867 ioctlcmd=891d scontext=u:r:shell:s0 tcontext=u:r:shell:s0 tclass=udp_socket permissive=0
06-09 10:00:16.121 W/ifconfig( 2533): type=1400 audit(0.0:12): avc: denied { ioctl } for path="socket:[13867]" dev="sockfs" ino=13867 ioctlcmd=8970 scontext=u:r:shell:s0 tcontext=u:r:shell:s0 tclass=udp_socket permissive=0
06-09 10:00:13.455 I/ActivityManager( 1829): Start proc 2526:com.android.providers.calendar/u0a2 for content provider com.android.providers.calendar/.CalendarProvider2
06-09 10:00:13.455 W/ActivityManager( 1829): Slow operation: 191ms so far, now at startProcess: starting to update pids map
06-09 10:00:13.455 W/ActivityManager( 1829): Slow operation: 192ms so far, now at startProcess: done updating pids map
06-09 10:00:13.455 W/ActivityManager( 1829): Slow operation: 256ms so far, now at startProcess: done starting proc!
06-09 10:00:13.455 W/ActivityManager( 1829): Slow operation: 276ms so far, now at getContentProviderImpl: after start process
06-09 10:00:13.456 W/ActivityManager( 1829): Slow operation: 276ms so far, now at getContentProviderImpl: updating data structures
06-09 10:00:13.456 W/ActivityManager( 1829): Slow operation: 277ms so far, now at getContentProviderImpl: done!
