06-07 07:32:49.302 D/MediaScannerReceiver( 2699): action: android.intent.action.MEDIA_MOUNTED path: /storage/1EFF-1C1B
06-07 07:32:49.435 I/art     ( 2645): Background partial concurrent mark sweep GC freed 9785(1385KB) AllocSpace objects, 3(60KB) LOS objects, 23% free, 12MB/16MB, paused 1.144ms total 581.458ms
06-07 07:32:49.634 W/art     ( 1748): Long monitor contention with owner Binder:1748_2 (1771) at int com.android.server.wm.WindowManagerService.relayoutWindow(com.android.server.wm.Session, android.view.IWindow, int, android.view.WindowManager$LayoutParams, int, int, int, int, android.graphics.Rect, android.graphics.Rect, android.graphics.Rect, android.graphics.Rect, android.graphics.Rect, android.graphics.Rect, android.graphics.Rect, android.content.res.Configuration, android.view.Surface)(WindowManagerService.java:2857) waiters=1 in void com.android.server.wm.WindowManagerService.finishDrawingWindow(com.android.server.wm.Session, android.view.IWindow) for 162ms
06-07 07:32:49.955 W/art     ( 1748): Long monitor contention with owner android.display (1812) at void com.android.server.wm.WindowAnimator$1.doFrame(long)(WindowAnimator.java:144) waiters=1 in int com.android.server.wm.WindowManagerService.relayoutWindow(com.android.server.wm.Session, android.view.IWindow, int, android.view.WindowManager$LayoutParams, int, int, int, int, android.graphics.Rect, android.graphics.Rect, android.graphics.Rect, android.graphics.Rect, android.graphics.Rect, android.graphics.Rect, android.graphics.Rect, android.content.res.Configuration, android.view.Surface) for 322ms
06-07 07:32:50.313 W/art     ( 1748): Long monitor contention with owner android.display (1812) at void com.android.server.wm.WindowAnimator$1.doFrame(long)(WindowAnimator.java:144) waiters=1 in void com.android.server.wm.WindowManagerService.finishDrawingWindow(com.android.server.wm.Session, android.view.IWindow) for 678ms
06-07 07:32:50.667 D/MediaScannerReceiver( 2699): action: android.intent.action.MEDIA_MOUNTED path: /storage/emulated/0
06-07 07:32:50.786 W/Binder  ( 2645): Binder call failed.
06-07 07:32:50.786 W/Binder  ( 2645): android.os.DeadObjectException
06-07 07:32:50.786 W/Binder  ( 2645): 	at android.os.BinderProxy.transactNative(Native Method)
06-07 07:32:50.786 W/Binder  ( 2645): 	at android.os.BinderProxy.transact(Binder.java:615)
06-07 07:32:50.786 W/Binder  ( 2645): 	at android.content.IIntentReceiver$Stub$Proxy.performReceive(IIntentReceiver.java:124)
06-07 07:32:50.786 W/Binder  ( 2645): 	at android.app.ActivityThread$ApplicationThread.scheduleRegisteredReceiver(ActivityThread.java:946)
06-07 07:32:50.786 W/Binder  ( 2645): 	at android.app.ApplicationThreadNative.onTransact(ApplicationThreadNative.java:404)
06-07 07:32:50.786 W/Binder  ( 2645): 	at android.os.Binder.execTransact(Binder.java:565)
06-07 07:32:50.834 W/art     ( 1748): Long monitor contention with owner android.display (1812) at void com.android.server.wm.WindowAnimator$1.doFrame(long)(WindowAnimator.java:144) waiters=1 in int com.android.server.wm.WindowManagerService.relayoutWindow(com.android.server.wm.Session, android.view.IWindow, int, android.view.WindowManager$LayoutParams, int, int, int, int, android.graphics.Rect, android.graphics.Rect, android.graphics.Rect, android.graphics.Rect, android.graphics.Rect, android.graphics.Rect, android.graphics.Rect, android.content.res.Configuration, android.view.Surface) for 878ms
06-07 07:32:51.160 W/art     ( 1748): Long monitor contention with owner android.display (1812) at void com.android.server.wm.WindowAnimator$1.doFrame(long)(WindowAnimator.java:144) waiters=1 in void com.android.server.wm.WindowManagerService.finishDrawingWindow(com.android.server.wm.Session, android.view.IWindow) for 846ms
06-07 07:32:51.596 W/art     ( 1748): Long monitor contention with owner android.display (1812) at void com.android.server.wm.WindowAnimator$1.doFrame(long)(WindowAnimator.java:144) waiters=2 in void com.android.server.wm.WindowManagerService.getInitialDisplaySize(int, android.graphics.Point) for 1.056s
06-07 07:32:51.597 W/art     ( 1748): Long monitor contention with owner android.display (1812) at void com.android.server.wm.WindowAnimator$1.doFrame(long)(WindowAnimator.java:144) waiters=2 in int com.android.server.wm.WindowManagerService.relayoutWindow(com.android.server.wm.Session, android.view.IWindow, int, android.view.WindowManager$LayoutParams, int, int, int, int, android.graphics.Rect, android.graphics.Rect, android.graphics.Rect, android.graphics.Rect, android.graphics.Rect, android.graphics.Rect, android.graphics.Rect, android.content.res.Configuration, android.view.Surface) for 762ms
06-07 07:32:52.190 V/MediaScanner( 2699): pruneDeadThumbnailFiles... android.content.ContentProviderClient$CursorWrapperInner@d405f91
06-07 07:32:52.200 V/MediaScanner( 2699): /pruneDeadThumbnailFiles... android.content.ContentProviderClient$CursorWrapperInner@d405f91
06-07 07:32:52.396 W/art     ( 1748): Long monitor contention with owner android.display (1812) at void com.android.server.wm.WindowManagerService$H.handleMessage(android.os.Message)(WindowManagerService.java:8368) waiters=2 in void com.android.server.wm.WindowManagerService.finishDrawingWindow(com.android.server.wm.Session, android.view.IWindow) for 1.235s
06-07 07:32:52.397 W/art     ( 1748): Long monitor contention with owner android.ui (1792) at int com.android.server.wm.WindowManagerService.relayoutWindow(com.android.server.wm.Session, android.view.IWindow, int, android.view.WindowManager$LayoutParams, int, int, int, int, android.graphics.Rect, android.graphics.Rect, android.graphics.Rect, android.graphics.Rect, android.graphics.Rect, android.graphics.Rect, android.graphics.Rect, android.content.res.Configuration, android.view.Surface)(WindowManagerService.java:2857) waiters=1 in void com.android.server.wm.WindowManagerService$H.handleMessage(android.os.Message) for 790ms
06-07 07:32:52.399 I/Choreographer( 1748): Skipped 47 frames!  The application may be doing too much work on its main thread.
06-07 07:32:52.423 W/KeyguardUpdateMonitor( 2645): invalid subId in handleSimStateChange()
06-07 07:32:52.611 V/KeyguardServiceDelegate( 1748): **** SHOWN CALLED ****
06-07 07:32:52.707 I/Choreographer( 2645): Skipped 380 frames!  The application may be doing too much work on its main thread.
06-07 07:32:52.767 D/ViewRootImpl[StatusBar]( 2645): changeCanvasOpacity: opaque=true
06-07 07:32:54.216 I/Choreographer( 1748): Skipped 53 frames!  The application may be doing too much work on its main thread.
06-07 07:32:54.587 W/art     ( 1748): Long monitor contention with owner android.display (1812) at void com.android.server.wm.WindowManagerService$H.handleMessage(android.os.Message)(WindowManagerService.java:8368) waiters=0 in void com.android.server.wm.WindowManagerService.getInitialDisplaySize(int, android.graphics.Point) for 310ms
06-07 07:32:54.770 V/MediaScanner( 2699): pruneDeadThumbnailFiles... android.content.ContentProviderClient$CursorWrapperInner@5a417e7
06-07 07:32:54.772 V/MediaScanner( 2699): /pruneDeadThumbnailFiles... android.content.ContentProviderClient$CursorWrapperInner@5a417e7
06-07 07:32:55.426 W/art     ( 1748): Long monitor contention with owner android.display (1812) at void com.android.server.wm.WindowAnimator$1.doFrame(long)(WindowAnimator.java:144) waiters=1 in void com.android.server.wm.WindowManagerService.getInitialDisplaySize(int, android.graphics.Point) for 838ms
06-07 07:32:55.428 W/art     ( 1748): Long monitor contention with owner Binder:1748_7 (2488) at int com.android.server.wm.WindowManagerService.relayoutWindow(com.android.server.wm.Session, android.view.IWindow, int, android.view.WindowManager$LayoutParams, int, int, int, int, android.graphics.Rect, android.graphics.Rect, android.graphics.Rect, android.graphics.Rect, android.graphics.Rect, android.graphics.Rect, android.graphics.Rect, android.content.res.Configuration, android.view.Surface)(WindowManagerService.java:2857) waiters=1 in void com.android.server.wm.WindowManagerService$H.handleMessage(android.os.Message) for 814ms
06-07 07:32:55.704 W/art     ( 1748): Long monitor contention with owner android.display (1812) at void com.android.server.wm.WindowManagerService$H.handleMessage(android.os.Message)(WindowManagerService.java:8368) waiters=0 in void com.android.server.wm.WindowManagerService.getInitialDisplaySize(int, android.graphics.Point) for 153ms
06-07 07:32:55.940 W/art     ( 1748): Long monitor contention with owner Binder:1748_2 (1771) at int com.android.server.wm.WindowManagerService.relayoutWindow(com.android.server.wm.Session, android.view.IWindow, int, android.view.WindowManager$LayoutParams, int, int, int, int, android.graphics.Rect, android.graphics.Rect, android.graphics.Rect, android.graphics.Rect, android.graphics.Rect, android.graphics.Rect, android.graphics.Rect, android.content.res.Configuration, android.view.Surface)(WindowManagerService.java:2857) waiters=1 in void com.android.server.wm.WindowManagerService.getInitialDisplaySize(int, android.graphics.Point) for 156ms
06-07 07:32:56.457 D/WifiService( 1748): New client listening to asynchronous messages
06-07 07:32:57.002 I/Choreographer( 2645): Skipped 256 frames!  The application may be doing too much work on its main thread.
06-07 07:32:57.150 D/gralloc_ranchu( 2645): Emulator without host-side GPU emulation detected. Loading gralloc.default.so from /vendor/lib64/hw/gralloc.goldfish.default.so...
06-07 07:32:57.154 D/gralloc_ranchu( 2645): gralloc.default.so not found in /vendor. Trying /system/lib64/hw/gralloc.goldfish.default.so...
06-07 07:32:57.590 D/PhoneStatusBar( 2645): disable: < expand* icons alerts system_info back* home* recent* clock search* quick_settings >
06-07 07:32:58.557 W/art     ( 1748): Long monitor contention with owner Binder:1748_7 (2488) at int com.android.server.wm.WindowManagerService.relayoutWindow(com.android.server.wm.Session, android.view.IWindow, int, android.view.WindowManager$LayoutParams, int, int, int, int, android.graphics.Rect, android.graphics.Rect, android.graphics.Rect, android.graphics.Rect, android.graphics.Rect, android.graphics.Rect, android.graphics.Rect, android.content.res.Configuration, android.view.Surface)(WindowManagerService.java:2857) waiters=0 in void com.android.server.wm.WindowManagerService$H.handleMessage(android.os.Message) for 428ms
06-07 07:32:58.573 I/Choreographer( 1748): Skipped 39 frames!  The application may be doing too much work on its main thread.
06-07 07:32:58.656 I/Choreographer( 2645): Skipped 83 frames!  The application may be doing too much work on its main thread.
06-07 07:32:58.810 I/art     ( 2645): Background sticky concurrent mark sweep GC freed 10157(404KB) AllocSpace objects, 3(60KB) LOS objects, 0% free, 17MB/17MB, paused 1.154ms total 104.850ms
06-07 07:32:59.670 I/art     ( 2645): Background partial concurrent mark sweep GC freed 3387(175KB) AllocSpace objects, 1(4MB) LOS objects, 23% free, 12MB/16MB, paused 6.675ms total 256.518ms
06-07 07:32:59.853 W/art     ( 1748): Long monitor contention with owner Binder:1748_4 (2024) at int com.android.server.wm.WindowManagerService.relayoutWindow(com.android.server.wm.Session, android.view.IWindow, int, android.view.WindowManager$LayoutParams, int, int, int, int, android.graphics.Rect, android.graphics.Rect, android.graphics.Rect, android.graphics.Rect, android.graphics.Rect, android.graphics.Rect, android.graphics.Rect, android.content.res.Configuration, android.view.Surface)(WindowManagerService.java:2857) waiters=0 in void com.android.server.wm.WindowManagerService$H.handleMessage(android.os.Message) for 171ms
06-07 07:33:00.164 I/Choreographer( 2645): Skipped 90 frames!  The application may be doing too much work on its main thread.
06-07 07:33:47.324 W//sbin/adbd( 1322): type=1400 audit(0.0:16): avc: denied { search } for comm=73657276696365203239 name="security" dev="vdc" ino=35203 scontext=u:r:adbd:s0 tcontext=u:object_r:security_file:s0 tclass=dir permissive=0
06-07 07:33:50.766 W/BroadcastQueue( 1748): Timeout of broadcast BroadcastRecord{35656b3 u0 android.intent.action.BOOT_COMPLETED} - receiver=android.os.BinderProxy@c5b1ec0, started 60001ms ago
06-07 07:33:50.767 W/BroadcastQueue( 1748): Receiver during timeout: BroadcastFilter{b3b333e u0 ReceiverList{eaac7f9 2424 com.android.systemui/10021/u0 remote:c5b1ec0}}
06-07 07:33:50.773 W/Binder  ( 2645): Binder call failed.
06-07 07:33:50.773 W/Binder  ( 2645): android.os.DeadObjectException
06-07 07:33:50.773 W/Binder  ( 2645): 	at android.os.BinderProxy.transactNative(Native Method)
06-07 07:33:50.773 W/Binder  ( 2645): 	at android.os.BinderProxy.transact(Binder.java:615)
06-07 07:33:50.773 W/Binder  ( 2645): 	at android.content.IIntentReceiver$Stub$Proxy.performReceive(IIntentReceiver.java:124)
06-07 07:33:50.773 W/Binder  ( 2645): 	at android.app.ActivityThread$ApplicationThread.scheduleRegisteredReceiver(ActivityThread.java:946)
06-07 07:33:50.773 W/Binder  ( 2645): 	at android.app.ApplicationThreadNative.onTransact(ApplicationThreadNative.java:404)
06-07 07:33:50.773 W/Binder  ( 2645): 	at android.os.Binder.execTransact(Binder.java:565)
06-07 07:34:25.037 D/AndroidRuntime( 2736): >>>>>> START com.android.internal.os.RuntimeInit uid 2000 <<<<<<
06-07 07:34:25.065 D/AndroidRuntime( 2736): CheckJNI is ON
06-07 07:34:25.636 W/art     ( 2736): Unexpected CPU variant for X86 using defaults: x86_64
06-07 07:34:25.722 D/ICU     ( 2736): No timezone override file found: /data/misc/zoneinfo/current/icu/icu_tzdata.dat
06-07 07:34:25.999 E/memtrack( 2736): Couldn't load memtrack module (No such file or directory)
06-07 07:34:26.001 E/android.os.Debug( 2736): failed to load memtrack module: -2
06-07 07:34:26.008 I/Radio-JNI( 2736): register_android_hardware_Radio DONE
06-07 07:34:26.165 D/AndroidRuntime( 2736): Calling main entry com.android.commands.pm.Pm
06-07 07:34:26.425 I/        ( 1328): free_cache(141288115) avail 800604160
06-07 07:34:50.774 W/BroadcastQueue( 1748): Timeout of broadcast BroadcastRecord{35656b3 u0 android.intent.action.BOOT_COMPLETED} - receiver=android.os.BinderProxy@c5d3768, started 60005ms ago
06-07 07:34:50.775 W/BroadcastQueue( 1748): Receiver during timeout: BroadcastFilter{764b467 u0 ReceiverList{d027781 2424 com.android.systemui/10021/u0 remote:c5d3768}}
06-07 07:34:50.883 I/RecoverySystem( 1748): No recovery log file
06-07 07:34:50.963 W/ActivityManager( 1748): Slow operation: 136ms so far, now at startProcess: returned from zygote!
06-07 07:34:50.964 W/ActivityManager( 1748): Slow operation: 137ms so far, now at startProcess: done updating battery stats
06-07 07:34:50.965 W/ActivityManager( 1748): Slow operation: 138ms so far, now at startProcess: building log message
06-07 07:34:50.965 I/ActivityManager( 1748): Start proc 2747:com.android.dialer/u0a8 for broadcast com.android.dialer/.calllog.CallLogReceiver
06-07 07:34:50.965 W/ActivityManager( 1748): Slow operation: 139ms so far, now at startProcess: starting to update pids map
06-07 07:34:50.966 W/ActivityManager( 1748): Slow operation: 139ms so far, now at startProcess: done updating pids map
06-07 07:34:50.966 W/ActivityManager( 1748): Slow operation: 142ms so far, now at startProcess: done starting proc!
06-07 07:34:51.043 I/BootReceiver( 1748): Copying audit failures to DropBox
06-07 07:34:51.044 I/BootReceiver( 1748): Checking for fsck errors
06-07 07:34:51.067 W/art     ( 2747): Unexpected CPU variant for X86 using defaults: x86_64
06-07 07:34:51.911 E/NetdConnector( 1748): NDC Command {19 bandwidth addniceapps 10010} took too long (638ms)
06-07 07:34:52.022 W/System  ( 2747): ClassLoader referenced unknown path: /system/priv-app/Dialer/lib/x86_64
06-07 07:34:52.718 D/ExtensionsFactory( 2747): No custom extensions.
06-07 07:34:52.759 D/BlockedNumbersAuto( 2747): Not attempting auto-migrate: already checked once.
06-07 07:34:53.019 D/CarrierConfigLoader( 2210): mHandler: 13 phoneId: 0
06-07 07:34:53.031 D/CarrierConfigLoader( 2210): mHandler: 7 phoneId: 0
06-07 07:34:53.081 E/CarrierConfigLoader( 2210): Cannot restore config with null packageName or iccid.
06-07 07:34:53.081 D/CarrierConfigLoader( 2210): Binding to com.android.carrierconfig for phone 0
06-07 07:34:53.144 W/ActivityManager( 1748): Slow operation: 129ms so far, now at startProcess: returned from zygote!
06-07 07:34:53.144 W/ActivityManager( 1748): Slow operation: 130ms so far, now at startProcess: done updating battery stats
06-07 07:34:53.145 W/ActivityManager( 1748): Slow operation: 130ms so far, now at startProcess: building log message
06-07 07:34:53.145 I/ActivityManager( 1748): Start proc 2767:com.android.calendar/u0a26 for broadcast com.android.calendar/.alerts.AlertReceiver
06-07 07:34:53.145 W/ActivityManager( 1748): Slow operation: 130ms so far, now at startProcess: starting to update pids map
06-07 07:34:53.145 W/ActivityManager( 1748): Slow operation: 130ms so far, now at startProcess: done updating pids map
06-07 07:34:53.145 W/ActivityManager( 1748): Slow operation: 131ms so far, now at startProcess: done starting proc!
06-07 07:34:53.147 W/art     ( 1748): Long monitor contention with owner Binder:1748_B (2546) at void com.android.server.am.BroadcastQueue.processNextBroadcast(boolean)(BroadcastQueue.java:760) waiters=0 in void com.android.server.am.ActivityManagerService.dispatchUidsChanged() for 131ms
06-07 07:34:53.165 W/art     ( 2767): Unexpected CPU variant for X86 using defaults: x86_64
06-07 07:34:53.282 W/ActivityManager( 1748): Slow operation: 99ms so far, now at startProcess: returned from zygote!
06-07 07:34:53.282 W/ActivityManager( 1748): Slow operation: 100ms so far, now at startProcess: done updating battery stats
06-07 07:34:53.283 W/ActivityManager( 1748): Slow operation: 100ms so far, now at startProcess: building log message
06-07 07:34:53.283 I/ActivityManager( 1748): Start proc 2779:com.android.carrierconfig/u0a3 for service com.android.carrierconfig/.DefaultCarrierConfigService
06-07 07:34:53.283 W/ActivityManager( 1748): Slow operation: 100ms so far, now at startProcess: starting to update pids map
06-07 07:34:53.283 W/ActivityManager( 1748): Slow operation: 100ms so far, now at startProcess: done updating pids map
06-07 07:34:53.283 W/ActivityManager( 1748): Slow operation: 102ms so far, now at startProcess: done starting proc!
06-07 07:34:53.304 W/art     ( 2779): Unexpected CPU variant for X86 using defaults: x86_64
06-07 07:34:53.524 W/System  ( 2779): ClassLoader referenced unknown path: /system/priv-app/CarrierConfig/lib/x86_64
06-07 07:34:53.633 D/DefaultCarrierConfigService( 2779): Service created
06-07 07:34:53.643 D/CarrierConfigLoader( 2210): Connected to config app: com.android.carrierconfig/com.android.carrierconfig.DefaultCarrierConfigService
06-07 07:34:53.643 D/CarrierConfigLoader( 2210): mHandler: 3 phoneId: 0
06-07 07:34:53.648 D/DefaultCarrierConfigService( 2779): Config being fetched
06-07 07:34:53.666 D/DefaultCarrierConfigService( 2779): java.io.FileNotFoundException: carrier_config_.xml
06-07 07:34:53.675 E/CarrierConfigLoader( 2210): Cannot save config with null packageName or iccid.
06-07 07:34:53.686 D/CarrierConfigLoader( 2210): mHandler: 5 phoneId: 0
06-07 07:34:53.688 E/PhoneInterfaceManager( 2210): [PhoneIntfMgr] getCarrierPackageNamesForIntent: No UICC
06-07 07:34:53.828 I/Telecom ( 1748): PhoneAccountRegistrar: SimCallManager queried, returning: null: TSI.gSCMFU@AAg
06-07 07:34:53.848 W/CountryDetector( 2747): No location permissions, not registering for location updates.
06-07 07:34:54.141 W/System  ( 2767): ClassLoader referenced unknown path: /system/app/Calendar/lib/x86_64
06-07 07:34:57.421 D/ExtensionsFactory( 2767): No custom extensions.
06-07 07:34:58.351 D/AlertReceiver( 2767): onReceive: a=android.intent.action.BOOT_COMPLETED Intent { act=android.intent.action.BOOT_COMPLETED flg=0x9000010 cmp=com.android.calendar/.alerts.AlertReceiver (has extras) }
06-07 07:34:59.695 I/art     ( 2767): Waiting for a blocking GC DisableMovingGc
06-07 07:34:59.710 I/art     ( 2767): WaitForGcToComplete blocked for 15.245ms for cause DisableMovingGc
06-07 07:34:59.711 I/art     ( 2767): Starting a blocking GC DisableMovingGc
06-07 07:34:59.751 I/AlarmClock( 2563): AlarmInitReceiver android.intent.action.BOOT_COMPLETED
06-07 07:34:59.784 D/AlertUtils( 2767): Flushing old alerts from shared prefs table
06-07 07:34:59.868 D/AlertService( 2767): 0 Action = android.intent.action.BOOT_COMPLETED
06-07 07:35:00.818 V/AlarmClock( 2563): AlarmInitReceiver finished
06-07 07:35:00.827 D/AlertService( 2767): Scheduling next alarm with AlarmScheduler. sEventReminderReceived: null
06-07 07:35:01.071 W/art     ( 2806): Unexpected CPU variant for X86 using defaults: x86_64
06-07 07:35:01.317 W/ActivityManager( 1748): Slow operation: 642ms so far, now at startProcess: returned from zygote!
06-07 07:35:01.318 W/ActivityManager( 1748): Slow operation: 643ms so far, now at startProcess: done updating battery stats
06-07 07:35:01.318 W/ActivityManager( 1748): Slow operation: 643ms so far, now at startProcess: building log message
06-07 07:35:01.318 I/ActivityManager( 1748): Start proc 2806:com.android.email/u0a34 for broadcast com.android.email/.service.EmailBroadcastReceiver
06-07 07:35:01.318 W/ActivityManager( 1748): Slow operation: 644ms so far, now at startProcess: starting to update pids map
06-07 07:35:01.319 W/ActivityManager( 1748): Slow operation: 644ms so far, now at startProcess: done updating pids map
06-07 07:35:01.319 W/ActivityManager( 1748): Slow operation: 645ms so far, now at startProcess: done starting proc!
06-07 07:35:01.320 W/art     ( 1748): Long monitor contention with owner Binder:1748_8 (2516) at void com.android.server.am.BroadcastQueue.processNextBroadcast(boolean)(BroadcastQueue.java:760) waiters=0 in void com.android.server.am.ActivityManagerService.dispatchUidsChanged() for 619ms
06-07 07:35:01.364 W/art     ( 1748): Long monitor contention with owner Binder:1748_8 (2516) at void com.android.server.am.BroadcastQueue.processNextBroadcast(boolean)(BroadcastQueue.java:760) waiters=1 in android.app.IActivityManager$ContentProviderHolder com.android.server.am.ActivityManagerService.getContentProviderImpl(android.app.IApplicationThread, java.lang.String, android.os.IBinder, boolean, int) for 527ms
06-07 07:35:01.501 W/art     ( 1748): Long monitor contention with owner Binder:1748_8 (2516) at void com.android.server.am.BroadcastQueue.processNextBroadcast(boolean)(BroadcastQueue.java:760) waiters=2 in void com.android.server.am.ActivityManagerService$MainHandler.handleMessage(android.os.Message) for 515ms
06-07 07:35:01.503 W/art     ( 1748): Long monitor contention with owner Binder:1748_8 (2516) at void com.android.server.am.BroadcastQueue.processNextBroadcast(boolean)(BroadcastQueue.java:760) waiters=3 in void com.android.server.am.ActivityManagerService.attachApplication(android.app.IApplicationThread) for 238ms
06-07 07:35:01.563 W/art     ( 1748): Long monitor contention with owner Binder:1748_8 (2516) at void com.android.server.am.ActivityManagerService.trimApplications()(ActivityManagerService.java:21356) waiters=3 in void com.android.server.am.ActivityManagerService.dispatchUidsChanged() for 242ms
06-07 07:35:01.844 D/AlarmScheduler( 2767): No events found starting within 1 week.
06-07 07:35:01.946 W/System  ( 2806): ClassLoader referenced unknown path: /system/app/Email/lib/x86_64
06-07 07:35:03.320 W/art     ( 1748): Long monitor contention with owner PackageInstaller (1914) at java.lang.String[] java.io.UnixFileSystem.list0(java.io.File)(UnixFileSystem.java:-2) waiters=0 in android.content.pm.PackageInstaller$SessionInfo com.android.server.pm.PackageInstallerSession.generateInfo() for 26.960s
06-07 07:35:03.393 W/ActivityManager( 1748): Slow operation: 62ms so far, now at startProcess: returned from zygote!
06-07 07:35:03.393 W/ActivityManager( 1748): Slow operation: 62ms so far, now at startProcess: done updating battery stats
06-07 07:35:03.394 W/ActivityManager( 1748): Slow operation: 63ms so far, now at startProcess: building log message
06-07 07:35:03.394 I/ActivityManager( 1748): Start proc 2820:com.android.defcontainer/u0a7 for service com.android.defcontainer/.DefaultContainerService
06-07 07:35:03.394 W/ActivityManager( 1748): Slow operation: 63ms so far, now at startProcess: starting to update pids map
06-07 07:35:03.394 W/ActivityManager( 1748): Slow operation: 63ms so far, now at startProcess: done updating pids map
06-07 07:35:03.394 W/ActivityManager( 1748): Slow operation: 64ms so far, now at startProcess: done starting proc!
06-07 07:35:03.399 W/art     ( 2820): Unexpected CPU variant for X86 using defaults: x86_64
06-07 07:35:04.145 W/ActivityManager( 1748): Unable to start service Intent { act=com.android.email.EXCHANGE_INTENT pkg=com.android.exchange } U=0: not found
06-07 07:35:04.541 I/PackageManager.DexOptimizer( 1748): Running dexopt (dex2oat) on: /data/app/vmdl1288431342.tmp/base.apk pkg=jp.jaxa.iss.kibo.rpc.defaultapk isa=x86_64 vmSafeMode=false debuggable=true target-filter=interpret-only oatDir = /data/app/vmdl1288431342.tmp/oat sharedLibraries=null
06-07 07:35:04.674 I/SystemBroadcastReceiver( 1991): Boot has been completed
06-07 07:35:04.675 I/SystemBroadcastReceiver( 1991): toggleAppIcon() : FLAG_SYSTEM = true
06-07 07:35:04.791 W/art     ( 2806): Long monitor contention with owner AsyncTask #1 (2836) at long android.database.sqlite.SQLiteConnection.nativeOpen(java.lang.String, int, java.lang.String, boolean, boolean)(SQLiteConnection.java:-2) waiters=0 in android.database.sqlite.SQLiteDatabase com.android.email.provider.EmailProvider.getDatabase(android.content.Context) for 440ms
06-07 07:35:04.819 W/ActivityManager( 1748): Unable to start service Intent { cmp=com.android.email/.service.AttachmentService } U=0: not found
06-07 07:35:04.957 W/ActivityManager( 1748): Slow operation: 98ms so far, now at startProcess: returned from zygote!
06-07 07:35:04.957 W/ActivityManager( 1748): Slow operation: 99ms so far, now at startProcess: done updating battery stats
06-07 07:35:04.958 W/ActivityManager( 1748): Slow operation: 99ms so far, now at startProcess: building log message
06-07 07:35:04.958 I/ActivityManager( 1748): Start proc 2845:com.android.managedprovisioning/u0a14 for broadcast com.android.managedprovisioning/.BootReminder
06-07 07:35:04.958 W/ActivityManager( 1748): Slow operation: 99ms so far, now at startProcess: starting to update pids map
06-07 07:35:04.958 W/ActivityManager( 1748): Slow operation: 99ms so far, now at startProcess: done updating pids map
06-07 07:35:04.958 W/ActivityManager( 1748): Slow operation: 106ms so far, now at startProcess: done starting proc!
06-07 07:35:04.969 W/art     ( 1748): Long monitor contention with owner Binder:1748_6 (2421) at void com.android.server.am.BroadcastQueue.processNextBroadcast(boolean)(BroadcastQueue.java:760) waiters=1 in void com.android.server.am.ActivityManagerService.dispatchUidsChanged() for 107ms
06-07 07:35:04.987 W/art     ( 2845): Unexpected CPU variant for X86 using defaults: x86_64
06-07 07:35:04.991 W/ActivityManager( 1748): Unable to start service Intent { act=com.android.email.EXCHANGE_INTENT pkg=com.android.exchange } U=0: not found
06-07 07:35:05.047 I/Email   ( 2806): Observing account changes for notifications
06-07 07:35:05.078 W/art     ( 2806): Long monitor contention with owner AsyncTask #2 (2837) at android.database.sqlite.SQLiteDatabase com.android.email.provider.EmailProvider.getDatabase(android.content.Context)(EmailProvider.java:478) waiters=0 in void com.android.email.provider.AccountReconciler.reconcileAccounts(android.content.Context) for 350ms
06-07 07:35:05.156 W/ActivityManager( 1748): Unable to start service Intent { act=com.android.email.EXCHANGE_INTENT pkg=com.android.exchange } U=0: not found
06-07 07:35:05.176 W/ActivityManager( 1748): Unable to start service Intent { act=com.android.email.EXCHANGE_INTENT pkg=com.android.exchange } U=0: not found
06-07 07:35:05.217 E/ActivityThread( 2806): Service com.android.email.service.EmailBroadcastProcessorService has leaked ServiceConnection com.android.emailcommon.service.ServiceProxy$ProxyConnection@6132482 that was originally bound here
06-07 07:35:05.217 E/ActivityThread( 2806): android.app.ServiceConnectionLeaked: Service com.android.email.service.EmailBroadcastProcessorService has leaked ServiceConnection com.android.emailcommon.service.ServiceProxy$ProxyConnection@6132482 that was originally bound here
06-07 07:35:05.217 E/ActivityThread( 2806): 	at android.app.LoadedApk$ServiceDispatcher.<init>(LoadedApk.java:1336)
06-07 07:35:05.217 E/ActivityThread( 2806): 	at android.app.LoadedApk.getServiceDispatcher(LoadedApk.java:1231)
06-07 07:35:05.217 E/ActivityThread( 2806): 	at android.app.ContextImpl.bindServiceCommon(ContextImpl.java:1450)
06-07 07:35:05.217 E/ActivityThread( 2806): 	at android.app.ContextImpl.bindService(ContextImpl.java:1422)
06-07 07:35:05.217 E/ActivityThread( 2806): 	at android.content.ContextWrapper.bindService(ContextWrapper.java:636)
06-07 07:35:05.217 E/ActivityThread( 2806): 	at com.android.emailcommon.service.ServiceProxy.setTask(ServiceProxy.java:181)
06-07 07:35:05.217 E/ActivityThread( 2806): 	at com.android.emailcommon.service.ServiceProxy.test(ServiceProxy.java:224)
06-07 07:35:05.217 E/ActivityThread( 2806): 	at com.android.email.service.EmailServiceUtils.isServiceAvailable(EmailServiceUtils.java:160)
06-07 07:35:05.217 E/ActivityThread( 2806): 	at com.android.email.provider.AccountReconciler.reconcileAccountsInternal(AccountReconciler.java:171)
06-07 07:35:05.217 E/ActivityThread( 2806): 	at com.android.email.provider.AccountReconciler.reconcileAccounts(AccountReconciler.java:115)
06-07 07:35:05.217 E/ActivityThread( 2806): 	at com.android.email.service.EmailBroadcastProcessorService.reconcileAndStartServices(EmailBroadcastProcessorService.java:305)
06-07 07:35:05.217 E/ActivityThread( 2806): 	at com.android.email.service.EmailBroadcastProcessorService.onBootCompleted(EmailBroadcastProcessorService.java:295)
06-07 07:35:05.217 E/ActivityThread( 2806): 	at com.android.email.service.EmailBroadcastProcessorService.onHandleIntent(EmailBroadcastProcessorService.java:130)
06-07 07:35:05.217 E/ActivityThread( 2806): 	at android.app.IntentService$ServiceHandler.handleMessage(IntentService.java:68)
06-07 07:35:05.217 E/ActivityThread( 2806): 	at android.os.Handler.dispatchMessage(Handler.java:102)
06-07 07:35:05.217 E/ActivityThread( 2806): 	at android.os.Looper.loop(Looper.java:154)
06-07 07:35:05.217 E/ActivityThread( 2806): 	at android.os.HandlerThread.run(HandlerThread.java:61)
06-07 07:35:05.219 W/ActivityManager( 1748): Unbind failed: could not find connection for android.os.BinderProxy@1e6cb8
06-07 07:35:05.238 W/System  ( 2845): ClassLoader referenced unknown path: /system/priv-app/ManagedProvisioning/lib/x86_64
06-07 07:35:05.398 W/dex2oat ( 2842): Unexpected CPU variant for X86 using defaults: x86_64
06-07 07:35:05.424 I/dex2oat ( 2842): /system/bin/dex2oat --compiler-filter=interpret-only --debuggable
06-07 07:35:05.536 W/ActivityManager( 1748): Slow operation: 97ms so far, now at startProcess: returned from zygote!
06-07 07:35:05.536 W/ActivityManager( 1748): Slow operation: 98ms so far, now at startProcess: done updating battery stats
06-07 07:35:05.537 W/ActivityManager( 1748): Slow operation: 98ms so far, now at startProcess: building log message
06-07 07:35:05.537 I/ActivityManager( 1748): Start proc 2861:com.android.messaging/u0a54 for broadcast com.android.messaging/.receiver.BootAndPackageReplacedReceiver
06-07 07:35:05.537 W/ActivityManager( 1748): Slow operation: 98ms so far, now at startProcess: starting to update pids map
06-07 07:35:05.537 W/ActivityManager( 1748): Slow operation: 98ms so far, now at startProcess: done updating pids map
06-07 07:35:05.537 W/ActivityManager( 1748): Slow operation: 99ms so far, now at startProcess: done starting proc!
06-07 07:35:05.541 W/art     ( 1748): Long monitor contention with owner Binder:1748_1 (1769) at void com.android.server.am.BroadcastQueue.processNextBroadcast(boolean)(BroadcastQueue.java:760) waiters=0 in void com.android.server.am.ActivityManagerService.dispatchUidsChanged() for 101ms
06-07 07:35:05.554 W/art     ( 2861): Unexpected CPU variant for X86 using defaults: x86_64
06-07 07:35:05.728 W/System  ( 2861): ClassLoader referenced unknown path: /system/app/messaging/lib/x86_64
06-07 07:35:06.985 V/VvmBootCompletedRcvr( 2210): processing subId list
06-07 07:35:07.018 I/MessagingApp( 2861): Carrier config changed. Reloading MMS config.
06-07 07:35:07.045 E/VvmBootCompletedRcvr( 2210): phone account ComponentInfo{com.android.phone/com.android.services.telephony.TelephonyConnectionService}, [e2f7d48dd2b5ca523e7313cf4ba0f6ea830b6281], UserHandle{0} has invalid subId -1
06-07 07:35:07.223 I/MessagingAppDataModel( 2861): Fixup: Send failed - 0 Download failed - 0
06-07 07:35:07.455 I/art     ( 1748): Background partial concurrent mark sweep GC freed 17386(1581KB) AllocSpace objects, 20(644KB) LOS objects, 29% free, 9MB/13MB, paused 2.881ms total 243.342ms
06-07 07:35:07.718 W/art     ( 2861): Long monitor contention with owner Thread-2 (2877) at void com.android.messaging.sms.o.load()(SourceFile:-1) waiters=0 in void com.android.messaging.sms.o.load() for 459ms
06-07 07:35:07.766 I/MessagingAppDataModel( 2861): SyncMessagesAction: Starting batch for messages from 1590625725905 to 1591515306850 (message update limit = 80, message scan limit = 4000)
06-07 07:35:08.205 D/AlertReceiver( 2767): onReceive: a=android.intent.action.PROVIDER_CHANGED Intent { act=android.intent.action.PROVIDER_CHANGED dat=content://com.android.calendar flg=0x20000010 cmp=com.android.calendar/.alerts.AlertReceiver }
06-07 07:35:08.286 D/AlertService( 2767): 0 Action = android.intent.action.PROVIDER_CHANGED
06-07 07:35:08.431 I/VvmSimChangeReceiver( 2210): Received SIM change for invalid subscription id.
06-07 07:35:08.713 I/MessagingAppDataModel( 2861): SyncMessagesAction: All messages now in sync
06-07 07:35:11.175 W/MediaScanner( 2699): Error opening directory '/oem/media/', skipping: No such file or directory.
06-07 07:35:11.499 V/MediaScanner( 2699): pruneDeadThumbnailFiles... android.content.ContentProviderClient$CursorWrapperInner@3821cdf
06-07 07:35:11.505 V/MediaScanner( 2699): /pruneDeadThumbnailFiles... android.content.ContentProviderClient$CursorWrapperInner@3821cdf
06-07 07:35:13.420 I/GlobalDismissManager( 2767): no sender configured
06-07 07:35:13.422 D/AlertService( 2767): Beginning updateAlertNotification
06-07 07:35:13.499 D/AlertService( 2767): No fired or scheduled alerts
06-07 07:35:13.584 D/AlertService( 2767): Scheduling next alarm with AlarmScheduler. sEventReminderReceived: null
06-07 07:35:13.637 D/AlarmScheduler( 2767): No events found starting within 1 week.
06-07 07:35:13.769 W/dex2oat ( 2842): Before Android 4.1, method android.graphics.PorterDuffColorFilter android.support.graphics.drawable.VectorDrawableCompat.updateTintFilter(android.graphics.PorterDuffColorFilter, android.content.res.ColorStateList, android.graphics.PorterDuff$Mode) would have incorrectly overridden the package-private method in android.graphics.drawable.Drawable
06-07 07:35:14.488 W/dex2oat ( 2842): Before Android 4.1, method int android.support.v7.widget.ListViewCompat.lookForSelectablePosition(int, boolean) would have incorrectly overridden the package-private method in android.widget.ListView
06-07 07:35:15.063 I/ActivityManager( 1748): Waited long enough for: ServiceRecord{4603e34 u0 com.android.calendar/.alerts.InitAlarmsService}
06-07 07:35:17.411 I/art     ( 1748): Background partial concurrent mark sweep GC freed 4457(229KB) AllocSpace objects, 2(52KB) LOS objects, 29% free, 9MB/13MB, paused 1.931ms total 180.843ms
06-07 07:35:17.427 W/dex2oat ( 2842): Verification of void boofcv.alg.feature.detect.edge.GradientToEdgeFeatures.direction(boofcv.struct.image.GrayS16, boofcv.struct.image.GrayS16, boofcv.struct.image.GrayF32) took 189.775ms
06-07 07:35:28.591 W/dex2oat ( 2842): Verification of void boofcv.alg.geo.f.HelperNister5.setupA1(org.ejml.data.DMatrixRMaj) took 114.359ms
06-07 07:35:28.729 W/dex2oat ( 2842): Verification of void boofcv.alg.geo.f.HelperNister5.setupA2(org.ejml.data.DMatrixRMaj) took 135.509ms
06-07 07:35:30.530 D/InitAlarmsService( 2767): Clearing and rescheduling alarms.
06-07 07:35:31.440 W/dex2oat ( 2842): Verification of double org.apache.commons.math3.optim.nonlinear.scalar.noderiv.BOBYQAOptimizer.bobyqb(double[], double[]) took 258.454ms
06-07 07:35:31.575 W/dex2oat ( 2842): Verification of double[] org.apache.commons.math3.optim.nonlinear.scalar.noderiv.BOBYQAOptimizer.trsbox(double, org.apache.commons.math3.linear.ArrayRealVector, org.apache.commons.math3.linear.ArrayRealVector, org.apache.commons.math3.linear.ArrayRealVector, org.apache.commons.math3.linear.ArrayRealVector, org.apache.commons.math3.linear.ArrayRealVector) took 119.114ms
06-07 07:35:31.719 W/dex2oat ( 2842): Verification of double org.apache.commons.math3.optimization.direct.BOBYQAOptimizer.bobyqb(double[], double[]) took 232.851ms
06-07 07:35:31.850 W/dex2oat ( 2842): Verification of double[] org.apache.commons.math3.optimization.direct.BOBYQAOptimizer.trsbox(double, org.apache.commons.math3.linear.ArrayRealVector, org.apache.commons.math3.linear.ArrayRealVector, org.apache.commons.math3.linear.ArrayRealVector, org.apache.commons.math3.linear.ArrayRealVector, org.apache.commons.math3.linear.ArrayRealVector) took 101.360ms
06-07 07:35:40.994 W/dex2oat ( 2842): Compilation of java.lang.String org.opencv.android.StaticHelper.getLibraryList() took 135.005ms
06-07 07:35:41.000 W/dex2oat ( 2842): Compilation of void org.opencv.android.Utils.nBitmapToMat2(android.graphics.Bitmap, long, boolean) took 132.177ms
06-07 07:35:47.934 I/dex2oat ( 2842): dex2oat took 42.550s (threads: 2) arena alloc=460KB (471432B) java alloc=11MB (11639480B) native alloc=28MB (30146600B) free=5MB (5504984B)
06-07 07:35:48.314 D/installd( 1328): Detected label change from u:object_r:system_data_file:s0 to u:object_r:app_data_file:s0:c512,c768 at /data/data/jp.jaxa.iss.kibo.rpc.defaultapk; running recursive restorecon
06-07 07:35:48.331 D/installd( 1328): Detected label change from u:object_r:system_data_file:s0 to u:object_r:app_data_file:s0:c512,c768 at /data/user_de/0/jp.jaxa.iss.kibo.rpc.defaultapk; running recursive restorecon
06-07 07:35:48.343 V/BackupManagerService( 1748): restoreAtInstall pkg=jp.jaxa.iss.kibo.rpc.defaultapk token=1 restoreSet=0
06-07 07:35:48.346 W/BackupManagerService( 1748): Requested unavailable transport: android/com.android.internal.backup.LocalTransport
06-07 07:35:48.346 W/BackupManagerService( 1748): No transport
06-07 07:35:48.346 V/BackupManagerService( 1748): Finishing install immediately
06-07 07:35:48.382 D/VoldConnector( 1748): SND -> {9 volume remount_uid 10064 default}
06-07 07:35:48.404 D/vold    ( 1276): Remounting 10064 as mode default
06-07 07:35:48.421 I/GnssLocationProvider( 1748): WakeLock acquired by sendMessage(3, 0, com.android.server.location.GnssLocationProvider$GpsRequest@b6273e8)
06-07 07:35:48.447 D/VoldConnector( 1748): RCV <- {200 9 Command succeeded}
06-07 07:35:48.463 D/VoldConnector( 1748): SND -> {10 volume remount_uid 10064 write}
06-07 07:35:48.465 D/vold    ( 1276): Remounting 10064 as mode write
06-07 07:35:48.470 I/GnssLocationProvider( 1748): WakeLock acquired by sendMessage(3, 0, com.android.server.location.GnssLocationProvider$GpsRequest@5ac3a01)
06-07 07:35:48.491 D/VoldConnector( 1748): RCV <- {200 10 Command succeeded}
06-07 07:35:48.600 I/art     ( 1748): Starting a blocking GC Explicit
06-07 07:35:48.641 I/GnssLocationProvider( 1748): WakeLock released by handleMessage(3, 0, com.android.server.location.GnssLocationProvider$GpsRequest@b6273e8)
06-07 07:35:48.642 I/GnssLocationProvider( 1748): WakeLock released by handleMessage(3, 0, com.android.server.location.GnssLocationProvider$GpsRequest@5ac3a01)
06-07 07:35:48.763 I/art     ( 1748): Explicit concurrent mark sweep GC freed 19206(1144KB) AllocSpace objects, 8(160KB) LOS objects, 29% free, 9MB/13MB, paused 2.056ms total 158.510ms
06-07 07:35:48.766 E/        ( 1328): Couldn't opendir /data/app/vmdl1288431342.tmp: No such file or directory
06-07 07:35:48.876 I/InputReader( 1748): Reconfiguring input devices.  changes=0x00000010
06-07 07:35:48.895 I/art     ( 2736): System.exit called, status: 0
06-07 07:35:48.895 I/AndroidRuntime( 2736): VM exiting with result code 0.
06-07 07:35:49.020 W/ActivityManager( 1748): Slow operation: 139ms so far, now at startProcess: returned from zygote!
06-07 07:35:49.020 W/ActivityManager( 1748): Slow operation: 140ms so far, now at startProcess: done updating battery stats
06-07 07:35:49.021 W/ActivityManager( 1748): Slow operation: 140ms so far, now at startProcess: building log message
06-07 07:35:49.021 I/ActivityManager( 1748): Start proc 2894:com.android.gallery3d/u0a39 for broadcast com.android.gallery3d/.app.PackagesMonitor
06-07 07:35:49.021 W/ActivityManager( 1748): Slow operation: 140ms so far, now at startProcess: starting to update pids map
06-07 07:35:49.021 W/ActivityManager( 1748): Slow operation: 140ms so far, now at startProcess: done updating pids map
06-07 07:35:49.021 W/ActivityManager( 1748): Slow operation: 144ms so far, now at startProcess: done starting proc!
06-07 07:35:49.060 W/art     ( 2894): Unexpected CPU variant for X86 using defaults: x86_64
06-07 07:35:49.210 W/art     ( 1748): Long monitor contention with owner main (1748) at android.content.pm.ParceledListSlice com.android.server.pm.PackageManagerService.getInstalledPackages(int, int)(PackageManagerService.java:6173) waiters=1 in java.util.List com.android.server.pm.PackageManagerService.queryIntentActivitiesInternal(android.content.Intent, java.lang.String, int, int) for 114ms
06-07 07:35:49.283 W/art     ( 1748): Long monitor contention with owner android.bg (1790) at void com.android.server.pm.ShortcutService.handlePackageAdded(java.lang.String, int)(ShortcutService.java:2696) waiters=0 in void com.android.server.pm.ShortcutService.handleOnUidStateChanged(int, int) for 259ms
06-07 07:35:49.338 E/PhoneInterfaceManager( 2210): [PhoneIntfMgr] getCarrierPackageNamesForIntent: No UICC
06-07 07:35:49.338 D/CarrierSvcBindHelper( 2210): No carrier app for: 0
06-07 07:35:49.342 D/CarrierConfigLoader( 2210): mHandler: 9 phoneId: 0
06-07 07:35:49.886 W/VoiceInteractionManagerService( 1748): no available voice recognition services found for user 0
06-07 07:35:50.756 I/ActivityManager( 1748): Start proc 2915:com.svox.pico/u0a49 for broadcast com.svox.pico/.VoiceDataInstallerReceiver
06-07 07:35:50.768 W/art     ( 2915): Unexpected CPU variant for X86 using defaults: x86_64
06-07 07:35:50.951 I/ActivityManager( 1748): Killing 2579:com.android.keychain/1000 (adj 906): empty #17
06-07 07:35:50.977 D/ActivityManager( 1748): cleanUpApplicationRecord -- 2579
06-07 07:37:10.786 D/AndroidRuntime( 2929): >>>>>> START com.android.internal.os.RuntimeInit uid 2000 <<<<<<
06-07 07:37:10.878 D/AndroidRuntime( 2929): CheckJNI is ON
06-07 07:37:11.363 W/art     ( 2929): Unexpected CPU variant for X86 using defaults: x86_64
06-07 07:37:11.431 D/ICU     ( 2929): No timezone override file found: /data/misc/zoneinfo/current/icu/icu_tzdata.dat
06-07 07:37:11.703 E/memtrack( 2929): Couldn't load memtrack module (No such file or directory)
06-07 07:37:11.704 E/android.os.Debug( 2929): failed to load memtrack module: -2
06-07 07:37:11.715 I/Radio-JNI( 2929): register_android_hardware_Radio DONE
06-07 07:37:11.900 D/AndroidRuntime( 2929): Calling main entry com.android.commands.am.Am
06-07 07:37:12.154 W/ActivityManager( 1748): Slow operation: 135ms so far, now at startProcess: returned from zygote!
06-07 07:37:12.155 W/ActivityManager( 1748): Slow operation: 138ms so far, now at startProcess: done updating battery stats
06-07 07:37:12.156 W/ActivityManager( 1748): Slow operation: 139ms so far, now at startProcess: building log message
06-07 07:37:12.157 I/ActivityManager( 1748): Start proc 2940:gov.nasa.arc.astrobee.android.gs.manager/u0a63 for service gov.nasa.arc.astrobee.android.gs.manager/.ManagerService
06-07 07:37:12.157 W/ActivityManager( 1748): Slow operation: 140ms so far, now at startProcess: starting to update pids map
06-07 07:37:12.158 W/ActivityManager( 1748): Slow operation: 141ms so far, now at startProcess: done updating pids map
06-07 07:37:12.158 W/ActivityManager( 1748): Slow operation: 144ms so far, now at startProcess: done starting proc!
06-07 07:37:12.179 D/AndroidRuntime( 2929): Shutting down VM
06-07 07:37:12.261 I/art     ( 2940): Not late-enabling -Xcheck:jni (already on)
06-07 07:37:12.273 W/art     ( 2940): Unexpected CPU variant for X86 using defaults: x86_64
06-07 07:37:12.722 W/System  ( 2940): ClassLoader referenced unknown path: /data/app/gov.nasa.arc.astrobee.android.gs.manager-1/lib/x86_64
06-07 07:37:13.214 E/Notification( 2940): setLatestEventInfo() is deprecated and you should feel deprecated.
06-07 07:37:13.214 E/Notification( 2940): java.lang.Throwable
06-07 07:37:13.214 E/Notification( 2940): 	at android.app.Notification.setLatestEventInfo(Notification.java:2076)
06-07 07:37:13.214 E/Notification( 2940): 	at org.ros.android.NodeMainExecutorService.onStartCommand(NodeMainExecutorService.java:220)
06-07 07:37:13.214 E/Notification( 2940): 	at android.app.ActivityThread.handleServiceArgs(ActivityThread.java:3326)
06-07 07:37:13.214 E/Notification( 2940): 	at android.app.ActivityThread.-wrap21(ActivityThread.java)
06-07 07:37:13.214 E/Notification( 2940): 	at android.app.ActivityThread$H.handleMessage(ActivityThread.java:1582)
06-07 07:37:13.214 E/Notification( 2940): 	at android.os.Handler.dispatchMessage(Handler.java:102)
06-07 07:37:13.214 E/Notification( 2940): 	at android.os.Looper.loop(Looper.java:154)
06-07 07:37:13.214 E/Notification( 2940): 	at android.app.ActivityThread.main(ActivityThread.java:6119)
06-07 07:37:13.214 E/Notification( 2940): 	at java.lang.reflect.Method.invoke(Native Method)
06-07 07:37:13.214 E/Notification( 2940): 	at com.android.internal.os.ZygoteInit$MethodAndArgsCaller.run(ZygoteInit.java:886)
06-07 07:37:13.214 E/Notification( 2940): 	at com.android.internal.os.ZygoteInit.main(ZygoteInit.java:776)
06-07 07:37:15.195 I/Registrar( 2940): MasterXmlRpcEndpoint URI: http://llp:11311
06-07 07:37:15.464 I/Registrar( 2940): Registering publisher: Publisher<PublisherDefinition<PublisherIdentifier<NodeIdentifier</guest_science_manager, http://hlp:36079/>, TopicIdentifier</rosout>>, Topic<TopicIdentifier</rosout>, TopicDescription<rosgraph_msgs/Log, acffd30cd6b6de30f120938c17c593fb>>>>
06-07 07:37:16.572 D/NotificationSQLiteLog( 1748): Pruned event entries: 19
06-07 07:37:17.175 I/Registrar( 2940): Response<Success, Registered [/guest_science_manager] as publisher of [/rosout], [http://10.42.0.34:38779/, http://10.42.0.34:44911/]>
06-07 07:37:17.221 I/DefaultPublisher( 2940): Publisher registered: Publisher<PublisherDefinition<PublisherIdentifier<NodeIdentifier</guest_science_manager, http://hlp:36079/>, TopicIdentifier</rosout>>, Topic<TopicIdentifier</rosout>, TopicDescription<rosgraph_msgs/Log, acffd30cd6b6de30f120938c17c593fb>>>>
06-07 07:37:17.654 I/Registrar( 2940): Registering subscriber: Subscriber<Topic<TopicIdentifier</clock>, TopicDescription<rosgraph_msgs/Clock, a9c97c1d230cfc112e270351a944ee47>>>
06-07 07:37:17.800 I/Registrar( 2940): Response<Success, Subscribed to [/clock], [http://10.42.0.34:43864/]>
06-07 07:37:17.812 I/DefaultSubscriber( 2940): Subscriber registered: Subscriber<Topic<TopicIdentifier</clock>, TopicDescription<rosgraph_msgs/Clock, a9c97c1d230cfc112e270351a944ee47>>>
06-07 07:37:17.999 I/Registrar( 2940): Registering publisher: Publisher<PublisherDefinition<PublisherIdentifier<NodeIdentifier</guest_science_manager, http://hlp:36079/>, TopicIdentifier</gs/gs_manager/ack>>, Topic<TopicIdentifier</gs/gs_manager/ack>, TopicDescription<ff_msgs/AckStamped, cebddec69fd770df54633be444a9187d>>>>
06-07 07:37:18.185 I/Registrar( 2940): Response<Success, Registered [/guest_science_manager] as publisher of [/gs/gs_manager/ack], [http://10.42.0.34:43828/]>
06-07 07:37:18.187 I/DefaultPublisher( 2940): Publisher registered: Publisher<PublisherDefinition<PublisherIdentifier<NodeIdentifier</guest_science_manager, http://hlp:36079/>, TopicIdentifier</gs/gs_manager/ack>>, Topic<TopicIdentifier</gs/gs_manager/ack>, TopicDescription<ff_msgs/AckStamped, cebddec69fd770df54633be444a9187d>>>>
06-07 07:37:18.216 I/Registrar( 2940): Registering publisher: Publisher<PublisherDefinition<PublisherIdentifier<NodeIdentifier</guest_science_manager, http://hlp:36079/>, TopicIdentifier</gs/gs_manager/config>>, Topic<TopicIdentifier</gs/gs_manager/config>, TopicDescription<ff_msgs/GuestScienceConfig, c6f632ed2411de4159494a3e7754794e>>>>
06-07 07:37:18.424 I/Registrar( 2940): Registering publisher: Publisher<PublisherDefinition<PublisherIdentifier<NodeIdentifier</guest_science_manager, http://hlp:36079/>, TopicIdentifier</gs/data>>, Topic<TopicIdentifier</gs/data>, TopicDescription<ff_msgs/GuestScienceData, edd2c791ea93ffa7cb0ec80c5bb00972>>>>
06-07 07:37:18.628 I/Registrar( 2940): Response<Success, Registered [/guest_science_manager] as publisher of [/gs/gs_manager/config], [http://10.42.0.34:34302/]>
06-07 07:37:18.637 I/DefaultPublisher( 2940): Publisher registered: Publisher<PublisherDefinition<PublisherIdentifier<NodeIdentifier</guest_science_manager, http://hlp:36079/>, TopicIdentifier</gs/gs_manager/config>>, Topic<TopicIdentifier</gs/gs_manager/config>, TopicDescription<ff_msgs/GuestScienceConfig, c6f632ed2411de4159494a3e7754794e>>>>
