06-07 07:28:32.558 V/EmulatedCamera_Device( 1326): initializeWhiteBalanceModes with incandescent, 1.380000, 0.600000
06-07 07:28:32.558 V/EmulatedCamera_Device( 1326): initializeWhiteBalanceModes with daylight, 1.090000, 0.920000
06-07 07:28:32.558 V/EmulatedCamera_Device( 1326): initializeWhiteBalanceModes with twilight, 0.920000, 1.220000
06-07 07:28:32.558 V/EmulatedCamera_Device( 1326): setWhiteBalanceMode with white balance auto
06-07 07:28:32.559 E/EmulatedCamera_Factory( 1326): 1 cameras are being emulated. 0 of them are fake cameras.
06-07 07:28:32.684 E/EmulatedCamera_HotplugThread( 1326): createFileIfNotExists: Could not create file '/data/misc/media/emulator.camera.hotplug.0', error: 'Permission denied' (13)
06-07 07:28:32.755 I/CameraService( 1326): Loaded "Emulated Camera Module" camera module
06-07 07:28:32.755 E/CameraService( 1326): setUpVendorTags: Vendor tag operations not fully defined. Ignoring definitions.
06-07 07:28:32.756 V/EmulatedCamera_Camera( 1326): getCameraInfo
06-07 07:28:32.756 V/EmulatedCamera_BaseCamera( 1326): getCameraInfo
06-07 07:28:32.757 I/CameraFlashlight( 1326): Opening camera 0
06-07 07:28:32.757 V/EmulatedCamera_Camera( 1326): getCameraInfo
06-07 07:28:32.757 V/EmulatedCamera_BaseCamera( 1326): getCameraInfo
06-07 07:28:32.758 V/EmulatedCamera_Camera( 1326): connectCamera
06-07 07:28:32.758 V/EmulatedCamera_FakeDevice( 1326): connectDevice
06-07 07:28:32.780 V/EmulatedCamera_CallbackNotifier( 1326): setCallbacks: 0xe9ee1e80, 0xe9ee1ed0, 0xe9ee1ff0, 0xe9ee2110 (0xe92c3140)
06-07 07:28:32.878 V/EmulatedCamera_Preview( 1326): setPreviewWindow: current: 0x0 -> new: 0xe92c3150
06-07 07:28:32.879 V/EmulatedCamera_Preview( 1326): setPreviewWindow: current: 0xe92c3150 -> new: 0x0
06-07 07:28:32.879 V/EmulatedCamera_Camera( 1326): doStopPreview
06-07 07:28:32.981 V/EmulatedCamera_Preview( 1326): setPreviewWindow: current: 0x0 -> new: 0x0
06-07 07:28:32.981 V/EmulatedCamera_Camera( 1326): releaseCamera
06-07 07:28:32.981 V/EmulatedCamera_Camera( 1326): doStopPreview
06-07 07:28:32.981 V/EmulatedCamera_FakeDevice( 1326): disconnectDevice
06-07 07:28:32.982 W/EmulatedCamera_Device( 1326): Initialize: Emulated camera device is already initialized: mState = 1
06-07 07:28:32.982 D/EmulatedCamera_FakeCamera( 1326): Initialize: Fake camera is facing back
06-07 07:28:32.982 V/EmulatedCamera_Device( 1326): initializeWhiteBalanceModes with auto, 1.000000, 1.000000
06-07 07:28:32.983 V/EmulatedCamera_Device( 1326): initializeWhiteBalanceModes with incandescent, 1.380000, 0.600000
06-07 07:28:32.983 V/EmulatedCamera_Device( 1326): initializeWhiteBalanceModes with daylight, 1.090000, 0.920000
06-07 07:28:32.983 V/EmulatedCamera_Device( 1326): initializeWhiteBalanceModes with twilight, 0.920000, 1.220000
06-07 07:28:32.983 V/EmulatedCamera_Device( 1326): setWhiteBalanceMode with white balance auto
06-07 07:28:32.984 I/CameraFlashlight( 1326): Destroying camera 0
06-07 07:28:32.984 V/EmulatedCamera_Camera( 1326): closeCamera
06-07 07:28:32.984 V/EmulatedCamera_Camera( 1326): doStopPreview
06-07 07:28:32.984 W/EmulatedCamera_Device( 1326): Initialize: Emulated camera device is already initialized: mState = 1
06-07 07:28:32.984 D/EmulatedCamera_FakeCamera( 1326): Initialize: Fake camera is facing back
06-07 07:28:32.984 V/EmulatedCamera_Device( 1326): initializeWhiteBalanceModes with auto, 1.000000, 1.000000
06-07 07:28:32.984 V/EmulatedCamera_Device( 1326): initializeWhiteBalanceModes with incandescent, 1.380000, 0.600000
06-07 07:28:32.985 V/EmulatedCamera_Device( 1326): initializeWhiteBalanceModes with daylight, 1.090000, 0.920000
06-07 07:28:32.985 V/EmulatedCamera_Device( 1326): initializeWhiteBalanceModes with twilight, 0.920000, 1.220000
06-07 07:28:32.985 V/EmulatedCamera_Device( 1326): setWhiteBalanceMode with white balance auto
06-07 07:28:32.988 V/EmulatedCamera_Camera( 1326): getCameraInfo
06-07 07:28:32.988 V/EmulatedCamera_BaseCamera( 1326): getCameraInfo
06-07 07:28:33.050 I/ServiceManager( 1326): Waiting for service media.camera.proxy...
06-07 07:28:33.217 I/mediaserver( 1333): ServiceManager: 0xe843c0a0
06-07 07:28:33.402 W/BatteryNotifier( 1333): batterystats service unavailable!
06-07 07:28:33.538 V/MediaUtils( 1332): physMem: 1043894272
06-07 07:28:33.538 V/MediaUtils( 1332): requested limit: 208778840
06-07 07:28:33.538 V/MediaUtils( 1332): actual limit: 208778840
06-07 07:28:33.539 V/MediaUtils( 1332): original limits: 4294967295/4294967295
06-07 07:28:33.539 V/MediaUtils( 1332): new limits: 208778840/4294967295
06-07 07:28:33.602 W//system/bin/mediaextractor( 1332): libminijail: allowing syscall: socketcall
06-07 07:28:33.602 W//system/bin/mediaextractor( 1332): libminijail: allowing syscall: writev
06-07 07:28:33.602 W//system/bin/mediaextractor( 1332): libminijail: allowing syscall: fcntl64
06-07 07:28:33.603 W//system/bin/mediaextractor( 1332): libminijail: allowing syscall: clock_gettime
06-07 07:28:33.627 I/        ( 1325): sMaxFastTracks = 8
06-07 07:28:33.632 W//system/bin/mediaextractor( 1332): libminijail: logging seccomp filter failures
06-07 07:28:33.794 I/audioserver( 1325): ServiceManager: 0xe6ebc020
06-07 07:28:33.797 W/BatteryNotifier( 1325): batterystats service unavailable!
06-07 07:28:33.797 I/AudioFlinger( 1325): Using default 3000 mSec as standby time.
06-07 07:28:33.815 I/AudioPolicyService( 1325): AudioPolicyService CSTOR in new mode
06-07 07:28:33.869 I/APM::ConfigParsingUtils( 1325): loadAudioPolicyConfig() loaded /system/etc/audio_policy.conf
06-07 07:28:34.046 I/mediaserver( 1331): ServiceManager: 0xf1cbc0a0
06-07 07:28:34.060 I/ServiceManager( 1326): Waiting for service media.camera.proxy...
06-07 07:28:34.094 D/audio_hw_generic( 1325): Emulator host-side ALSA audio emulation detected.
06-07 07:28:34.096 D/audio_hw_generic( 1325): mixer 0 name Master Playback Volume
06-07 07:28:34.096 D/audio_hw_generic( 1325): set ctl 0 to 100
06-07 07:28:34.098 D/audio_hw_generic( 1325): set ctl 1 to 100
06-07 07:28:34.098 D/audio_hw_generic( 1325): mixer 1 name Master Playback Switch
06-07 07:28:34.098 D/audio_hw_generic( 1325): set ctl 0 to 1
06-07 07:28:34.099 D/audio_hw_generic( 1325): set ctl 1 to 1
06-07 07:28:34.099 D/audio_hw_generic( 1325): mixer 2 name Capture Volume
06-07 07:28:34.099 D/audio_hw_generic( 1325): set ctl 0 to 100
06-07 07:28:34.099 D/audio_hw_generic( 1325): set ctl 1 to 100
06-07 07:28:34.099 D/audio_hw_generic( 1325): mixer 3 name Capture Switch
06-07 07:28:34.099 D/audio_hw_generic( 1325): set ctl 0 to 1
06-07 07:28:34.099 D/audio_hw_generic( 1325): set ctl 1 to 1
06-07 07:28:34.099 D/audio_hw_generic( 1325): mixer 4 name Line Phantom Jack
06-07 07:28:34.099 D/audio_hw_generic( 1325): mixer 5 name Line Out Phantom Jack
06-07 07:28:34.099 D/audio_hw_generic( 1325): mixer 6 name Playback Channel Map
06-07 07:28:34.099 D/audio_hw_generic( 1325): mixer 7 name Capture Channel Map
06-07 07:28:34.160 I/AudioFlinger( 1325): loadHwModule() Loaded primary audio interface from Generic audio HW HAL (audio) handle 10
06-07 07:28:34.162 I/AudioFlinger( 1325): openOutput(), module 10 Device 2, SamplingRate 48000, Format 0x000001, Channels 3, flags 2
06-07 07:28:34.173 I/AudioFlinger( 1325): HAL output buffer size 720 frames, normal sink buffer size 1152 frames
06-07 07:28:34.411 I/BufferProvider( 1325): found effect "Multichannel Downmix To Stereo" from The Android Open Source Project
06-07 07:28:34.417 I/AudioFlinger( 1325): Using module 10 has the primary audio interface
06-07 07:28:34.441 I/AudioFlinger( 1325): AudioFlinger's thread 0xe6903880 ready to run
06-07 07:28:34.451 W/BatteryNotifier( 1325): batterystats service unavailable!
06-07 07:28:34.540 W/BatteryNotifier( 1325): batterystats service unavailable!
06-07 07:28:34.550 W/BatteryNotifier( 1325): batterystats service unavailable!
06-07 07:28:34.561 W/AudioFlinger( 1325): no wake lock to update, system not ready yet
06-07 07:28:34.673 I/AudioFlinger( 1325): AudioFlinger's thread 0xe64030c0 ready to run
06-07 07:28:34.820 I/r_submix( 1325): adev_open(name=audio_hw_if)
06-07 07:28:34.821 I/r_submix( 1325): adev_init_check()
06-07 07:28:34.821 I/AudioFlinger( 1325): loadHwModule() Loaded r_submix audio interface from Wifi Display audio HAL (audio) handle 18
06-07 07:28:34.822 D/r_submix( 1325): adev_open_input_stream(addr=0)
06-07 07:28:34.822 D/r_submix( 1325): submix_audio_device_create_pipe_l(addr=0, idx=9)
06-07 07:28:34.822 D/r_submix( 1325):   now using address 0 for route 9
06-07 07:28:34.854 I/AudioFlinger( 1325): AudioFlinger's thread 0xe6503ec0 ready to run
06-07 07:28:34.854 D/r_submix( 1325): adev_close_input_stream()
06-07 07:28:34.855 D/r_submix( 1325): submix_audio_device_release_pipe_l(idx=9) addr=0
06-07 07:28:34.855 D/r_submix( 1325): submix_audio_device_destroy_pipe_l(): pipe destroyed
06-07 07:28:34.859 I/RadioService( 1325): RadioService
06-07 07:28:34.859 I/RadioService( 1325): onFirstRef
06-07 07:28:34.951 E/RadioService( 1325): couldn't load radio module radio.primary (No such file or directory)
06-07 07:28:34.971 E/SoundTriggerHwService( 1325): couldn't load sound trigger module sound_trigger.primary (No such file or directory)
06-07 07:28:35.080 I/ServiceManager( 1326): Waiting for service media.camera.proxy...
06-07 07:28:36.110 I/ServiceManager( 1326): Waiting for service media.camera.proxy...
06-07 07:28:37.130 I/ServiceManager( 1326): Waiting for service media.camera.proxy...
06-07 07:28:37.571 W/BatteryNotifier( 1325): batterystats service unavailable!
06-07 07:28:47.153 D/AndroidRuntime( 1323): >>>>>> START com.android.internal.os.ZygoteInit uid 0 <<<<<<
06-07 07:28:47.176 E/SurfaceFlinger( 1320): ro.sf.lcd_density must be defined as a build property
06-07 07:28:47.298 D/libEGL  ( 1375): Emulator without GPU support detected. Fallback to legacy software renderer, qemu.gles is set to 0.
06-07 07:28:47.417 D/libEGL  ( 1375): loaded /system/lib64/egl/libGLES_android.so
06-07 07:28:47.784 D/AndroidRuntime( 1323): CheckJNI is ON
06-07 07:28:48.130 I/art     ( 1323): option[0]=-Xzygote
06-07 07:28:48.131 I/art     ( 1323): option[1]=-Xcheck:jni
06-07 07:28:48.131 I/art     ( 1323): option[2]=-Xstacktracefile:/data/anr/traces.txt
06-07 07:28:48.131 I/art     ( 1323): option[3]=exit
06-07 07:28:48.131 I/art     ( 1323): option[4]=vfprintf
06-07 07:28:48.131 I/art     ( 1323): option[5]=sensitiveThread
06-07 07:28:48.131 I/art     ( 1323): option[6]=-verbose:gc
06-07 07:28:48.131 I/art     ( 1323): option[7]=-Xms4m
06-07 07:28:48.132 I/art     ( 1323): option[8]=-Xmx256m
06-07 07:28:48.132 I/art     ( 1323): option[9]=-Xusejit:true
06-07 07:28:48.132 I/art     ( 1323): option[10]=-Xjitsaveprofilinginfo
06-07 07:28:48.132 I/art     ( 1323): option[11]=-agentlib:jdwp=transport=dt_android_adb,suspend=n,server=y
06-07 07:28:48.132 I/art     ( 1323): option[12]=-Xlockprofthreshold:500
06-07 07:28:48.132 I/art     ( 1323): option[13]=-Ximage-compiler-option
06-07 07:28:48.132 I/art     ( 1323): option[14]=--runtime-arg
06-07 07:28:48.132 I/art     ( 1323): option[15]=-Ximage-compiler-option
06-07 07:28:48.132 I/art     ( 1323): option[16]=-Xms64m
06-07 07:28:48.132 I/art     ( 1323): option[17]=-Ximage-compiler-option
06-07 07:28:48.132 I/art     ( 1323): option[18]=--runtime-arg
06-07 07:28:48.132 I/art     ( 1323): option[19]=-Ximage-compiler-option
06-07 07:28:48.132 I/art     ( 1323): option[20]=-Xmx64m
06-07 07:28:48.132 I/art     ( 1323): option[21]=-Ximage-compiler-option
06-07 07:28:48.132 I/art     ( 1323): option[22]=--image-classes=/system/etc/preloaded-classes
06-07 07:28:48.132 I/art     ( 1323): option[23]=-Ximage-compiler-option
06-07 07:28:48.133 I/art     ( 1323): option[24]=--compiled-classes=/system/etc/compiled-classes
06-07 07:28:48.133 I/art     ( 1323): option[25]=-Xcompiler-option
06-07 07:28:48.133 I/art     ( 1323): option[26]=--runtime-arg
06-07 07:28:48.133 I/art     ( 1323): option[27]=-Xcompiler-option
06-07 07:28:48.133 I/art     ( 1323): option[28]=-Xms64m
06-07 07:28:48.133 I/art     ( 1323): option[29]=-Xcompiler-option
06-07 07:28:48.133 I/art     ( 1323): option[30]=--runtime-arg
06-07 07:28:48.133 I/art     ( 1323): option[31]=-Xcompiler-option
06-07 07:28:48.133 I/art     ( 1323): option[32]=-Xmx512m
06-07 07:28:48.133 I/art     ( 1323): option[33]=-Ximage-compiler-option
06-07 07:28:48.133 I/art     ( 1323): option[34]=--instruction-set-variant=x86_64
06-07 07:28:48.133 I/art     ( 1323): option[35]=-Xcompiler-option
06-07 07:28:48.133 I/art     ( 1323): option[36]=--instruction-set-variant=x86_64
06-07 07:28:48.133 I/art     ( 1323): option[37]=-Ximage-compiler-option
06-07 07:28:48.133 I/art     ( 1323): option[38]=--instruction-set-features=default
06-07 07:28:48.133 I/art     ( 1323): option[39]=-Xcompiler-option
06-07 07:28:48.133 I/art     ( 1323): option[40]=--instruction-set-features=default
06-07 07:28:48.133 I/art     ( 1323): option[41]=-Duser.locale=en-US
06-07 07:28:48.134 I/art     ( 1323): option[42]=--cpu-abilist=x86_64
06-07 07:28:48.134 I/art     ( 1323): option[43]=-Xfingerprint:Android/sdk_phone_x86_64/generic_x86_64:7.1.1/NYC/4931657:userdebug/test-keys
06-07 07:28:48.215 D/gralloc_ranchu( 1375): Emulator without host-side GPU emulation detected. Loading gralloc.default.so from /vendor/lib64/hw/gralloc.goldfish.default.so...
06-07 07:28:48.218 D/gralloc_ranchu( 1375): gralloc.default.so not found in /vendor. Trying /system/lib64/hw/gralloc.goldfish.default.so...
06-07 07:28:48.224 D/AndroidRuntime( 1324): >>>>>> START com.android.internal.os.ZygoteInit uid 0 <<<<<<
06-07 07:28:49.142 E/hostapd ( 1505): Configuration file: /system/etc/simulated_hostapd.conf
06-07 07:28:49.268 D/AndroidRuntime( 1324): CheckJNI is ON
06-07 07:28:49.691 I/art     ( 1324): option[0]=-Xzygote
06-07 07:28:49.691 I/art     ( 1324): option[1]=-Xcheck:jni
06-07 07:28:49.691 I/art     ( 1324): option[2]=-Xstacktracefile:/data/anr/traces.txt
06-07 07:28:49.691 I/art     ( 1324): option[3]=exit
06-07 07:28:49.691 I/art     ( 1324): option[4]=vfprintf
06-07 07:28:49.691 I/art     ( 1324): option[5]=sensitiveThread
06-07 07:28:49.692 I/art     ( 1324): option[6]=-verbose:gc
06-07 07:28:49.692 I/art     ( 1324): option[7]=-Xms4m
06-07 07:28:49.692 I/art     ( 1324): option[8]=-Xmx256m
06-07 07:28:49.692 I/art     ( 1324): option[9]=-Xusejit:true
06-07 07:28:49.692 I/art     ( 1324): option[10]=-Xjitsaveprofilinginfo
06-07 07:28:49.692 I/art     ( 1324): option[11]=-agentlib:jdwp=transport=dt_android_adb,suspend=n,server=y
06-07 07:28:49.692 I/art     ( 1324): option[12]=-Xlockprofthreshold:500
06-07 07:28:49.692 I/art     ( 1324): option[13]=-Ximage-compiler-option
06-07 07:28:49.692 I/art     ( 1324): option[14]=--runtime-arg
06-07 07:28:49.692 I/art     ( 1324): option[15]=-Ximage-compiler-option
06-07 07:28:49.692 I/art     ( 1324): option[16]=-Xms64m
06-07 07:28:49.693 I/art     ( 1324): option[17]=-Ximage-compiler-option
06-07 07:28:49.693 I/art     ( 1324): option[18]=--runtime-arg
06-07 07:28:49.693 I/art     ( 1324): option[19]=-Ximage-compiler-option
06-07 07:28:49.693 I/art     ( 1324): option[20]=-Xmx64m
06-07 07:28:49.693 I/art     ( 1324): option[21]=-Ximage-compiler-option
06-07 07:28:49.693 I/art     ( 1324): option[22]=--image-classes=/system/etc/preloaded-classes
06-07 07:28:49.693 I/art     ( 1324): option[23]=-Ximage-compiler-option
06-07 07:28:49.693 I/art     ( 1324): option[24]=--compiled-classes=/system/etc/compiled-classes
06-07 07:28:49.693 I/art     ( 1324): option[25]=-Xcompiler-option
06-07 07:28:49.693 I/art     ( 1324): option[26]=--runtime-arg
06-07 07:28:49.693 I/art     ( 1324): option[27]=-Xcompiler-option
06-07 07:28:49.693 I/art     ( 1324): option[28]=-Xms64m
06-07 07:28:49.693 I/art     ( 1324): option[29]=-Xcompiler-option
06-07 07:28:49.693 I/art     ( 1324): option[30]=--runtime-arg
06-07 07:28:49.693 I/art     ( 1324): option[31]=-Xcompiler-option
06-07 07:28:49.693 I/art     ( 1324): option[32]=-Xmx512m
06-07 07:28:49.694 I/art     ( 1324): option[33]=-Ximage-compiler-option
06-07 07:28:49.694 I/art     ( 1324): option[34]=--instruction-set-variant=x86
06-07 07:28:49.694 I/art     ( 1324): option[35]=-Xcompiler-option
06-07 07:28:49.694 I/art     ( 1324): option[36]=--instruction-set-variant=x86
06-07 07:28:49.694 I/art     ( 1324): option[37]=-Ximage-compiler-option
06-07 07:28:49.694 I/art     ( 1324): option[38]=--instruction-set-features=default
06-07 07:28:49.694 I/art     ( 1324): option[39]=-Xcompiler-option
06-07 07:28:49.694 I/art     ( 1324): option[40]=--instruction-set-features=default
06-07 07:28:49.694 I/art     ( 1324): option[41]=-Duser.locale=en-US
06-07 07:28:49.694 I/art     ( 1324): option[42]=--cpu-abilist=x86
06-07 07:28:49.694 I/art     ( 1324): option[43]=-Xfingerprint:Android/sdk_phone_x86_64/generic_x86_64:7.1.1/NYC/4931657:userdebug/test-keys
06-07 07:28:50.036 E/ipv6proxy( 1493): Failed to forward Router Advertisement from eth0 to wlan1: Network is unreachable
06-07 07:28:53.312 I/hostapd ( 1505): rfkill: Cannot get wiphy information
06-07 07:28:53.315 I/hostapd ( 1505): nl80211: Could not re-add multicast membership for vendor events: -2 (No such file or directory)
06-07 07:28:53.317 I/hostapd ( 1505): wlan1: interface state UNINITIALIZED->COUNTRY_UPDATE
06-07 07:28:56.882 D/ICU     ( 1323): No timezone override file found: /data/misc/zoneinfo/current/icu/icu_tzdata.dat
06-07 07:28:57.689 D/ICU     ( 1324): No timezone override file found: /data/misc/zoneinfo/current/icu/icu_tzdata.dat
06-07 07:28:58.324 I/hostapd ( 1505): wlan1: interface state COUNTRY_UPDATE->HT_SCAN
06-07 07:28:59.885 E/hostapd ( 1505): Using interface wlan1 with hwaddr 02:00:00:00:01:00 and ssid "AndroidWifi"
06-07 07:29:00.033 I/hostapd ( 1505): wlan1: interface state HT_SCAN->ENABLED
06-07 07:29:00.034 I/hostapd ( 1505): wlan1: AP-ENABLED 
06-07 07:29:02.055 E/memtrack( 1323): Couldn't load memtrack module (No such file or directory)
06-07 07:29:02.056 E/android.os.Debug( 1323): failed to load memtrack module: -2
06-07 07:29:02.392 I/Radio-JNI( 1323): register_android_hardware_Radio DONE
06-07 07:29:03.029 I/SamplingProfilerIntegration( 1323): Profiling disabled.
06-07 07:29:03.132 D/Zygote  ( 1323): begin preload
06-07 07:29:03.132 I/Zygote  ( 1323): Installing ICU cache reference pinning...
06-07 07:29:03.150 I/Zygote  ( 1323): Preloading ICU data...
06-07 07:29:03.129 E/memtrack( 1324): Couldn't load memtrack module (No such file or directory)
06-07 07:29:03.161 E/android.os.Debug( 1324): failed to load memtrack module: -2
06-07 07:29:03.252 I/Radio-JNI( 1324): register_android_hardware_Radio DONE
06-07 07:29:03.787 I/SamplingProfilerIntegration( 1324): Profiling disabled.
06-07 07:29:03.868 D/Zygote  ( 1324): begin preload
06-07 07:29:03.868 I/Zygote  ( 1324): Installing ICU cache reference pinning...
06-07 07:29:03.910 I/Zygote  ( 1324): Preloading ICU data...
06-07 07:29:05.379 I/Zygote  ( 1323): Preloading classes...
06-07 07:29:05.711 W/Zygote  ( 1323): Class not found for preloading: [Landroid.view.Display$ColorTransform;
06-07 07:29:05.797 I/Zygote  ( 1324): Preloading classes...
06-07 07:29:06.165 W/Zygote  ( 1324): Class not found for preloading: [Landroid.view.Display$ColorTransform;
06-07 07:29:12.804 E/Typeface( 1323): Error mapping font file /system/fonts/DroidSansFallback.ttf
06-07 07:29:12.817 E/Typeface( 1324): Error mapping font file /system/fonts/DroidSansFallback.ttf
06-07 07:29:19.653 W/art     ( 1323): Suspending all threads took: 88.216ms
06-07 07:29:20.052 I/art     ( 1323): Background concurrent mark sweep GC freed 21947(2MB) AllocSpace objects, 85(1544KB) LOS objects, 33% free, 3MB/4MB, paused 92.866ms total 635.602ms
06-07 07:29:20.240 I/art     ( 1324): Background concurrent mark sweep GC freed 21945(2MB) AllocSpace objects, 59(1044KB) LOS objects, 33% free, 2MB/3MB, paused 5.382ms total 631.204ms
06-07 07:29:20.460 W/art     ( 1324): Suspending all threads took: 29.980ms
06-07 07:29:20.536 I/art     ( 1324): Background sticky concurrent mark sweep GC freed 238(1329KB) AllocSpace objects, 71(1364KB) LOS objects, 60% free, 1575KB/3MB, paused 31.073ms total 164.813ms
06-07 07:29:21.151 I/art     ( 1323): Thread[1,tid=1323,Native,Thread*=0x7f8bb7e95a00,peer=0x12c060d0,"main"] recursive attempt to load library "/system/lib64/libmedia_jni.so"
06-07 07:29:21.292 D/MtpDeviceJNI( 1323): register_android_mtp_MtpDevice
06-07 07:29:21.297 I/art     ( 1323): Thread[1,tid=1323,Native,Thread*=0x7f8bb7e95a00,peer=0x12c060d0,"main"] recursive attempt to load library "/system/lib64/libmedia_jni.so"
06-07 07:29:21.298 I/art     ( 1323): Thread[1,tid=1323,Native,Thread*=0x7f8bb7e95a00,peer=0x12c060d0,"main"] recursive attempt to load library "/system/lib64/libmedia_jni.so"
06-07 07:29:21.332 I/art     ( 1324): Thread[1,tid=1324,Native,Thread*=0xe490b400,peer=0x12c060d0,"main"] recursive attempt to load library "/system/lib/libmedia_jni.so"
06-07 07:29:21.342 D/MtpDeviceJNI( 1324): register_android_mtp_MtpDevice
06-07 07:29:21.344 I/art     ( 1324): Thread[1,tid=1324,Native,Thread*=0xe490b400,peer=0x12c060d0,"main"] recursive attempt to load library "/system/lib/libmedia_jni.so"
06-07 07:29:21.346 I/art     ( 1324): Thread[1,tid=1324,Native,Thread*=0xe490b400,peer=0x12c060d0,"main"] recursive attempt to load library "/system/lib/libmedia_jni.so"
06-07 07:29:24.831 W/Zygote  ( 1323): Class not found for preloading: android.view.Display$ColorTransform
06-07 07:29:24.832 W/Zygote  ( 1323): Class not found for preloading: android.view.Display$ColorTransform$1
06-07 07:29:24.909 W/Zygote  ( 1324): Class not found for preloading: android.view.Display$ColorTransform
06-07 07:29:24.931 W/Zygote  ( 1324): Class not found for preloading: android.view.Display$ColorTransform$1
06-07 07:29:25.051 W/art     ( 1323): Suspending all threads took: 90.630ms
06-07 07:29:25.235 I/art     ( 1323): Background sticky concurrent mark sweep GC freed 7360(2MB) AllocSpace objects, 44(840KB) LOS objects, 67% free, 1615KB/4MB, paused 123.679ms total 362.801ms
06-07 07:29:30.411 I/System  ( 1323): Loaded time zone names for "" in 1705ms (1695ms in ICU)
06-07 07:29:31.566 I/System  ( 1323): Loaded time zone names for "en_US" in 1152ms (1146ms in ICU)
06-07 07:29:31.667 I/System  ( 1324): Loaded time zone names for "" in 1882ms (1874ms in ICU)
06-07 07:29:32.434 I/System  ( 1324): Loaded time zone names for "en_US" in 765ms (606ms in ICU)
06-07 07:29:32.878 I/Zygote  ( 1323): ...preloaded 4158 classes in 27499ms.
06-07 07:29:32.912 I/art     ( 1323): VMRuntime.preloadDexCaches starting
06-07 07:29:33.833 I/Zygote  ( 1324): ...preloaded 4158 classes in 28036ms.
06-07 07:29:33.836 I/art     ( 1324): VMRuntime.preloadDexCaches starting
06-07 07:29:35.447 I/art     ( 1323): VMRuntime.preloadDexCaches strings total=283712 before=39625 after=39625
06-07 07:29:35.448 I/art     ( 1323): VMRuntime.preloadDexCaches types total=23581 before=7877 after=7904
06-07 07:29:35.448 I/art     ( 1323): VMRuntime.preloadDexCaches fields total=112007 before=40903 after=41117
06-07 07:29:35.448 I/art     ( 1323): VMRuntime.preloadDexCaches methods total=197534 before=82457 after=83017
06-07 07:29:35.448 I/art     ( 1323): VMRuntime.preloadDexCaches finished
06-07 07:29:35.508 I/Zygote  ( 1323): Preloading resources...
06-07 07:29:36.086 I/art     ( 1324): VMRuntime.preloadDexCaches strings total=283712 before=39625 after=39625
06-07 07:29:36.087 I/art     ( 1324): VMRuntime.preloadDexCaches types total=23581 before=7877 after=7904
06-07 07:29:36.087 I/art     ( 1324): VMRuntime.preloadDexCaches fields total=112007 before=40903 after=41117
06-07 07:29:36.087 I/art     ( 1324): VMRuntime.preloadDexCaches methods total=197534 before=82457 after=83017
06-07 07:29:36.087 I/art     ( 1324): VMRuntime.preloadDexCaches finished
06-07 07:29:36.118 I/Zygote  ( 1324): Preloading resources...
06-07 07:29:37.621 W/Resources( 1323): Preloaded drawable resource #0x108025c (android:drawable/dialog_background_material) that varies with configuration!!
06-07 07:29:37.715 W/Resources( 1323): Preloaded drawable resource #0x1080298 (android:drawable/editbox_dropdown_background_dark) that varies with configuration!!
06-07 07:29:37.964 W/Resources( 1323): Preloaded color resource #0x10600e2 (android:color/material_grey_800) that varies with configuration!!
06-07 07:29:37.965 W/Resources( 1323): Preloaded drawable resource #0x10802c9 (android:drawable/floating_popup_background_dark) that varies with configuration!!
06-07 07:29:38.368 W/art     ( 1324): Suspending all threads took: 46.512ms
06-07 07:29:38.701 I/art     ( 1324): Background sticky concurrent mark sweep GC freed 25561(1937KB) AllocSpace objects, 0(0B) LOS objects, 44% free, 2MB/3MB, paused 60.306ms total 705.546ms
06-07 07:29:38.788 W/Resources( 1324): Preloaded drawable resource #0x108025c (android:drawable/dialog_background_material) that varies with configuration!!
06-07 07:29:38.847 I/art     ( 1323): Background concurrent mark sweep GC freed 20926(1322KB) AllocSpace objects, 4(72KB) LOS objects, 53% free, 3MB/7MB, paused 1.760ms total 236.917ms
06-07 07:29:38.874 W/Resources( 1324): Preloaded drawable resource #0x1080298 (android:drawable/editbox_dropdown_background_dark) that varies with configuration!!
06-07 07:29:39.101 W/Resources( 1323): Preloaded drawable resource #0x108030b (android:drawable/ic_clear_disabled) that varies with configuration!!
06-07 07:29:39.104 W/Resources( 1323): Preloaded drawable resource #0x1080310 (android:drawable/ic_clear_normal) that varies with configuration!!
06-07 07:29:39.126 W/Resources( 1324): Preloaded color resource #0x10600e2 (android:color/material_grey_800) that varies with configuration!!
06-07 07:29:39.127 W/Resources( 1324): Preloaded drawable resource #0x10802c9 (android:drawable/floating_popup_background_dark) that varies with configuration!!
06-07 07:29:39.175 W/Resources( 1323): Preloaded drawable resource #0x1080359 (android:drawable/ic_go) that varies with configuration!!
06-07 07:29:39.475 W/Resources( 1323): Preloaded drawable resource #0x1080038 (android:drawable/ic_menu_close_clear_cancel) that varies with configuration!!
06-07 07:29:39.546 W/Resources( 1323): Preloaded drawable resource #0x1080045 (android:drawable/ic_menu_more) that varies with configuration!!
06-07 07:29:39.804 W/Resources( 1323): Preloaded drawable resource #0x10804e8 (android:drawable/menu_background_fill_parent_width) that varies with configuration!!
06-07 07:29:40.490 W/Resources( 1324): Preloaded drawable resource #0x108030b (android:drawable/ic_clear_disabled) that varies with configuration!!
06-07 07:29:40.494 W/Resources( 1324): Preloaded drawable resource #0x1080310 (android:drawable/ic_clear_normal) that varies with configuration!!
06-07 07:29:40.673 I/art     ( 1324): Background concurrent mark sweep GC freed 2983(187KB) AllocSpace objects, 3(48KB) LOS objects, 52% free, 3MB/7MB, paused 872us total 300.856ms
06-07 07:29:40.854 W/Resources( 1324): Preloaded drawable resource #0x1080359 (android:drawable/ic_go) that varies with configuration!!
06-07 07:29:41.253 W/Resources( 1324): Preloaded drawable resource #0x1080038 (android:drawable/ic_menu_close_clear_cancel) that varies with configuration!!
06-07 07:29:41.329 W/Resources( 1324): Preloaded drawable resource #0x1080045 (android:drawable/ic_menu_more) that varies with configuration!!
06-07 07:29:41.587 W/Resources( 1323): Preloaded drawable resource #0x108077e (android:drawable/text_edit_paste_window) that varies with configuration!!
06-07 07:29:41.763 W/Resources( 1323): Preloaded drawable resource #0x1080096 (android:drawable/toast_frame) that varies with configuration!!
06-07 07:29:41.764 I/Zygote  ( 1323): ...preloaded 114 resources in 6255ms.
06-07 07:29:41.916 W/Resources( 1324): Preloaded drawable resource #0x10804e8 (android:drawable/menu_background_fill_parent_width) that varies with configuration!!
06-07 07:29:42.075 W/Resources( 1323): Preloaded color resource #0x106010b (android:color/background_cache_hint_selector_material_dark) that varies with configuration!!
06-07 07:29:42.078 W/Resources( 1323): Preloaded color resource #0x1060110 (android:color/btn_default_material_dark) that varies with configuration!!
06-07 07:29:42.108 I/Zygote  ( 1323): ...preloaded 41 resources in 343ms.
06-07 07:29:42.109 D/libEGL  ( 1323): Emulator without GPU support detected. Fallback to legacy software renderer, qemu.gles is set to 0.
06-07 07:29:42.813 D/libEGL  ( 1323): loaded /system/lib64/egl/libGLES_android.so
06-07 07:29:44.563 I/Zygote  ( 1323): Preloading shared libraries...
06-07 07:29:44.823 E/Hyphenator( 1323): error loading hyphenation /system/usr/hyphen-data/hyph-as.hyb
06-07 07:29:44.823 E/Hyphenator( 1323): java.io.FileNotFoundException: /system/usr/hyphen-data/hyph-as.hyb: open failed: ENOENT (No such file or directory)
06-07 07:29:44.823 E/Hyphenator( 1323): 	at libcore.io.IoBridge.open(IoBridge.java:455)
06-07 07:29:44.823 E/Hyphenator( 1323): 	at java.io.RandomAccessFile.<init>(RandomAccessFile.java:247)
06-07 07:29:44.823 E/Hyphenator( 1323): 	at android.text.Hyphenator.loadHyphenator(Hyphenator.java:118)
06-07 07:29:44.823 E/Hyphenator( 1323): 	at android.text.Hyphenator.init(Hyphenator.java:224)
06-07 07:29:44.823 E/Hyphenator( 1323): 	at com.android.internal.os.ZygoteInit.preloadTextResources(ZygoteInit.java:252)
06-07 07:29:44.823 E/Hyphenator( 1323): 	at com.android.internal.os.ZygoteInit.preload(ZygoteInit.java:206)
06-07 07:29:44.823 E/Hyphenator( 1323): 	at com.android.internal.os.ZygoteInit.main(ZygoteInit.java:743)
06-07 07:29:44.823 E/Hyphenator( 1323): Caused by: android.system.ErrnoException: open failed: ENOENT (No such file or directory)
06-07 07:29:44.823 E/Hyphenator( 1323): 	at libcore.io.Posix.open(Native Method)
06-07 07:29:44.823 E/Hyphenator( 1323): 	at libcore.io.BlockGuardOs.open(BlockGuardOs.java:187)
06-07 07:29:44.823 E/Hyphenator( 1323): 	at libcore.io.IoBridge.open(IoBridge.java:441)
06-07 07:29:44.823 E/Hyphenator( 1323): 	... 6 more
06-07 07:29:44.825 E/Hyphenator( 1323): error loading hyphenation /system/usr/hyphen-data/hyph-bn.hyb
06-07 07:29:44.825 E/Hyphenator( 1323): java.io.FileNotFoundException: /system/usr/hyphen-data/hyph-bn.hyb: open failed: ENOENT (No such file or directory)
06-07 07:29:44.825 E/Hyphenator( 1323): 	at libcore.io.IoBridge.open(IoBridge.java:455)
06-07 07:29:44.825 E/Hyphenator( 1323): 	at java.io.RandomAccessFile.<init>(RandomAccessFile.java:247)
06-07 07:29:44.825 E/Hyphenator( 1323): 	at android.text.Hyphenator.loadHyphenator(Hyphenator.java:118)
06-07 07:29:44.825 E/Hyphenator( 1323): 	at android.text.Hyphenator.init(Hyphenator.java:224)
06-07 07:29:44.825 E/Hyphenator( 1323): 	at com.android.internal.os.ZygoteInit.preloadTextResources(ZygoteInit.java:252)
06-07 07:29:44.825 E/Hyphenator( 1323): 	at com.android.internal.os.ZygoteInit.preload(ZygoteInit.java:206)
06-07 07:29:44.825 E/Hyphenator( 1323): 	at com.android.internal.os.ZygoteInit.main(ZygoteInit.java:743)
06-07 07:29:44.825 E/Hyphenator( 1323): Caused by: android.system.ErrnoException: open failed: ENOENT (No such file or directory)
06-07 07:29:44.825 E/Hyphenator( 1323): 	at libcore.io.Posix.open(Native Method)
06-07 07:29:44.825 E/Hyphenator( 1323): 	at libcore.io.BlockGuardOs.open(BlockGuardOs.java:187)
06-07 07:29:44.825 E/Hyphenator( 1323): 	at libcore.io.IoBridge.open(IoBridge.java:441)
06-07 07:29:44.825 E/Hyphenator( 1323): 	... 6 more
06-07 07:29:44.827 E/Hyphenator( 1323): error loading hyphenation /system/usr/hyphen-data/hyph-cy.hyb
06-07 07:29:44.827 E/Hyphenator( 1323): java.io.FileNotFoundException: /system/usr/hyphen-data/hyph-cy.hyb: open failed: ENOENT (No such file or directory)
06-07 07:29:44.827 E/Hyphenator( 1323): 	at libcore.io.IoBridge.open(IoBridge.java:455)
06-07 07:29:44.827 E/Hyphenator( 1323): 	at java.io.RandomAccessFile.<init>(RandomAccessFile.java:247)
06-07 07:29:44.827 E/Hyphenator( 1323): 	at android.text.Hyphenator.loadHyphenator(Hyphenator.java:118)
06-07 07:29:44.827 E/Hyphenator( 1323): 	at android.text.Hyphenator.init(Hyphenator.java:224)
06-07 07:29:44.827 E/Hyphenator( 1323): 	at com.android.internal.os.ZygoteInit.preloadTextResources(ZygoteInit.java:252)
06-07 07:29:44.827 E/Hyphenator( 1323): 	at com.android.internal.os.ZygoteInit.preload(ZygoteInit.java:206)
06-07 07:29:44.827 E/Hyphenator( 1323): 	at com.android.internal.os.ZygoteInit.main(ZygoteInit.java:743)
06-07 07:29:44.827 E/Hyphenator( 1323): Caused by: android.system.ErrnoException: open failed: ENOENT (No such file or directory)
06-07 07:29:44.827 E/Hyphenator( 1323): 	at libcore.io.Posix.open(Native Method)
06-07 07:29:44.827 E/Hyphenator( 1323): 	at libcore.io.BlockGuardOs.open(BlockGuardOs.java:187)
06-07 07:29:44.827 E/Hyphenator( 1323): 	at libcore.io.IoBridge.open(IoBridge.java:441)
06-07 07:29:44.827 E/Hyphenator( 1323): 	... 6 more
06-07 07:29:44.829 E/Hyphenator( 1323): error loading hyphenation /system/usr/hyphen-data/hyph-da.hyb
06-07 07:29:44.829 E/Hyphenator( 1323): java.io.FileNotFoundException: /system/usr/hyphen-data/hyph-da.hyb: open failed: ENOENT (No such file or directory)
06-07 07:29:44.829 E/Hyphenator( 1323): 	at libcore.io.IoBridge.open(IoBridge.java:455)
06-07 07:29:44.829 E/Hyphenator( 1323): 	at java.io.RandomAccessFile.<init>(RandomAccessFile.java:247)
06-07 07:29:44.829 E/Hyphenator( 1323): 	at android.text.Hyphenator.loadHyphenator(Hyphenator.java:118)
06-07 07:29:44.829 E/Hyphenator( 1323): 	at android.text.Hyphenator.init(Hyphenator.java:224)
06-07 07:29:44.829 E/Hyphenator( 1323): 	at com.android.internal.os.ZygoteInit.preloadTextResources(ZygoteInit.java:252)
06-07 07:29:44.829 E/Hyphenator( 1323): 	at com.android.internal.os.ZygoteInit.preload(ZygoteInit.java:206)
06-07 07:29:44.829 E/Hyphenator( 1323): 	at com.android.internal.os.ZygoteInit.main(ZygoteInit.java:743)
06-07 07:29:44.829 E/Hyphenator( 1323): Caused by: android.system.ErrnoException: open failed: ENOENT (No such file or directory)
06-07 07:29:44.829 E/Hyphenator( 1323): 	at libcore.io.Posix.open(Native Method)
06-07 07:29:44.829 E/Hyphenator( 1323): 	at libcore.io.BlockGuardOs.open(BlockGuardOs.java:187)
06-07 07:29:44.829 E/Hyphenator( 1323): 	at libcore.io.IoBridge.open(IoBridge.java:441)
06-07 07:29:44.829 E/Hyphenator( 1323): 	... 6 more
06-07 07:29:44.921 E/Hyphenator( 1323): error loading hyphenation /system/usr/hyphen-data/hyph-de-1901.hyb
06-07 07:29:44.921 E/Hyphenator( 1323): java.io.FileNotFoundException: /system/usr/hyphen-data/hyph-de-1901.hyb: open failed: ENOENT (No such file or directory)
06-07 07:29:44.921 E/Hyphenator( 1323): 	at libcore.io.IoBridge.open(IoBridge.java:455)
06-07 07:29:44.921 E/Hyphenator( 1323): 	at java.io.RandomAccessFile.<init>(RandomAccessFile.java:247)
06-07 07:29:44.921 E/Hyphenator( 1323): 	at android.text.Hyphenator.loadHyphenator(Hyphenator.java:118)
06-07 07:29:44.921 E/Hyphenator( 1323): 	at android.text.Hyphenator.init(Hyphenator.java:224)
06-07 07:29:44.921 E/Hyphenator( 1323): 	at com.android.internal.os.ZygoteInit.preloadTextResources(ZygoteInit.java:252)
06-07 07:29:44.921 E/Hyphenator( 1323): 	at com.android.internal.os.ZygoteInit.preload(ZygoteInit.java:206)
06-07 07:29:44.921 E/Hyphenator( 1323): 	at com.android.internal.os.ZygoteInit.main(ZygoteInit.java:743)
06-07 07:29:44.921 E/Hyphenator( 1323): Caused by: android.system.ErrnoException: open failed: ENOENT (No such file or directory)
06-07 07:29:44.921 E/Hyphenator( 1323): 	at libcore.io.Posix.open(Native Method)
06-07 07:29:44.921 E/Hyphenator( 1323): 	at libcore.io.BlockGuardOs.open(BlockGuardOs.java:187)
06-07 07:29:44.921 E/Hyphenator( 1323): 	at libcore.io.IoBridge.open(IoBridge.java:441)
06-07 07:29:44.921 E/Hyphenator( 1323): 	... 6 more
06-07 07:29:44.923 E/Hyphenator( 1323): error loading hyphenation /system/usr/hyphen-data/hyph-de-1996.hyb
06-07 07:29:44.923 E/Hyphenator( 1323): java.io.FileNotFoundException: /system/usr/hyphen-data/hyph-de-1996.hyb: open failed: ENOENT (No such file or directory)
06-07 07:29:44.923 E/Hyphenator( 1323): 	at libcore.io.IoBridge.open(IoBridge.java:455)
06-07 07:29:44.923 E/Hyphenator( 1323): 	at java.io.RandomAccessFile.<init>(RandomAccessFile.java:247)
06-07 07:29:44.923 E/Hyphenator( 1323): 	at android.text.Hyphenator.loadHyphenator(Hyphenator.java:118)
06-07 07:29:44.923 E/Hyphenator( 1323): 	at android.text.Hyphenator.init(Hyphenator.java:224)
06-07 07:29:44.923 E/Hyphenator( 1323): 	at com.android.internal.os.ZygoteInit.preloadTextResources(ZygoteInit.java:252)
06-07 07:29:44.923 E/Hyphenator( 1323): 	at com.android.internal.os.ZygoteInit.preload(ZygoteInit.java:206)
06-07 07:29:44.923 E/Hyphenator( 1323): 	at com.android.internal.os.ZygoteInit.main(ZygoteInit.java:743)
06-07 07:29:44.923 E/Hyphenator( 1323): Caused by: android.system.ErrnoException: open failed: ENOENT (No such file or directory)
06-07 07:29:44.923 E/Hyphenator( 1323): 	at libcore.io.Posix.open(Native Method)
06-07 07:29:44.923 E/Hyphenator( 1323): 	at libcore.io.BlockGuardOs.open(BlockGuardOs.java:187)
06-07 07:29:44.923 E/Hyphenator( 1323): 	at libcore.io.IoBridge.open(IoBridge.java:441)
06-07 07:29:44.923 E/Hyphenator( 1323): 	... 6 more
06-07 07:29:44.926 E/Hyphenator( 1323): error loading hyphenation /system/usr/hyphen-data/hyph-de-ch-1901.hyb
06-07 07:29:44.926 E/Hyphenator( 1323): java.io.FileNotFoundException: /system/usr/hyphen-data/hyph-de-ch-1901.hyb: open failed: ENOENT (No such file or directory)
06-07 07:29:44.926 E/Hyphenator( 1323): 	at libcore.io.IoBridge.open(IoBridge.java:455)
06-07 07:29:44.926 E/Hyphenator( 1323): 	at java.io.RandomAccessFile.<init>(RandomAccessFile.java:247)
06-07 07:29:44.926 E/Hyphenator( 1323): 	at android.text.Hyphenator.loadHyphenator(Hyphenator.java:118)
06-07 07:29:44.926 E/Hyphenator( 1323): 	at android.text.Hyphenator.init(Hyphenator.java:224)
06-07 07:29:44.926 E/Hyphenator( 1323): 	at com.android.internal.os.ZygoteInit.preloadTextResources(ZygoteInit.java:252)
06-07 07:29:44.926 E/Hyphenator( 1323): 	at com.android.internal.os.ZygoteInit.preload(ZygoteInit.java:206)
06-07 07:29:44.926 E/Hyphenator( 1323): 	at com.android.internal.os.ZygoteInit.main(ZygoteInit.java:743)
06-07 07:29:44.926 E/Hyphenator( 1323): Caused by: android.system.ErrnoException: open failed: ENOENT (No such file or directory)
06-07 07:29:44.926 E/Hyphenator( 1323): 	at libcore.io.Posix.open(Native Method)
06-07 07:29:44.926 E/Hyphenator( 1323): 	at libcore.io.BlockGuardOs.open(BlockGuardOs.java:187)
06-07 07:29:44.926 E/Hyphenator( 1323): 	at libcore.io.IoBridge.open(IoBridge.java:441)
06-07 07:29:44.926 E/Hyphenator( 1323): 	... 6 more
06-07 07:29:44.927 E/Hyphenator( 1323): error loading hyphenation /system/usr/hyphen-data/hyph-en-gb.hyb
06-07 07:29:44.927 E/Hyphenator( 1323): java.io.FileNotFoundException: /system/usr/hyphen-data/hyph-en-gb.hyb: open failed: ENOENT (No such file or directory)
06-07 07:29:44.927 E/Hyphenator( 1323): 	at libcore.io.IoBridge.open(IoBridge.java:455)
06-07 07:29:44.927 E/Hyphenator( 1323): 	at java.io.RandomAccessFile.<init>(RandomAccessFile.java:247)
06-07 07:29:44.927 E/Hyphenator( 1323): 	at android.text.Hyphenator.loadHyphenator(Hyphenator.java:118)
06-07 07:29:44.927 E/Hyphenator( 1323): 	at android.text.Hyphenator.init(Hyphenator.java:224)
06-07 07:29:44.927 E/Hyphenator( 1323): 	at com.android.internal.os.ZygoteInit.preloadTextResources(ZygoteInit.java:252)
06-07 07:29:44.927 E/Hyphenator( 1323): 	at com.android.internal.os.ZygoteInit.preload(ZygoteInit.java:206)
06-07 07:29:44.927 E/Hyphenator( 1323): 	at com.android.internal.os.ZygoteInit.main(ZygoteInit.java:743)
06-07 07:29:44.927 E/Hyphenator( 1323): Caused by: android.system.ErrnoException: open failed: ENOENT (No such file or directory)
06-07 07:29:44.927 E/Hyphenator( 1323): 	at libcore.io.Posix.open(Native Method)
06-07 07:29:44.927 E/Hyphenator( 1323): 	at libcore.io.BlockGuardOs.open(BlockGuardOs.java:187)
06-07 07:29:44.927 E/Hyphenator( 1323): 	at libcore.io.IoBridge.open(IoBridge.java:441)
06-07 07:29:44.927 E/Hyphenator( 1323): 	... 6 more
06-07 07:29:44.929 E/Hyphenator( 1323): error loading hyphenation /system/usr/hyphen-data/hyph-en-us.hyb
06-07 07:29:44.929 E/Hyphenator( 1323): java.io.FileNotFoundException: /system/usr/hyphen-data/hyph-en-us.hyb: open failed: ENOENT (No such file or directory)
06-07 07:29:44.929 E/Hyphenator( 1323): 	at libcore.io.IoBridge.open(IoBridge.java:455)
06-07 07:29:44.929 E/Hyphenator( 1323): 	at java.io.RandomAccessFile.<init>(RandomAccessFile.java:247)
06-07 07:29:44.929 E/Hyphenator( 1323): 	at android.text.Hyphenator.loadHyphenator(Hyphenator.java:118)
06-07 07:29:44.929 E/Hyphenator( 1323): 	at android.text.Hyphenator.init(Hyphenator.java:224)
06-07 07:29:44.929 E/Hyphenator( 1323): 	at com.android.internal.os.ZygoteInit.preloadTextResources(ZygoteInit.java:252)
06-07 07:29:44.929 E/Hyphenator( 1323): 	at com.android.internal.os.ZygoteInit.preload(ZygoteInit.java:206)
06-07 07:29:44.929 E/Hyphenator( 1323): 	at com.android.internal.os.ZygoteInit.main(ZygoteInit.java:743)
06-07 07:29:44.929 E/Hyphenator( 1323): Caused by: android.system.ErrnoException: open failed: ENOENT (No such file or directory)
06-07 07:29:44.929 E/Hyphenator( 1323): 	at libcore.io.Posix.open(Native Method)
06-07 07:29:44.929 E/Hyphenator( 1323): 	at libcore.io.BlockGuardOs.open(BlockGuardOs.java:187)
06-07 07:29:44.929 E/Hyphenator( 1323): 	at libcore.io.IoBridge.open(IoBridge.java:441)
06-07 07:29:44.929 E/Hyphenator( 1323): 	... 6 more
06-07 07:29:44.945 E/Hyphenator( 1323): error loading hyphenation /system/usr/hyphen-data/hyph-es.hyb
06-07 07:29:44.945 E/Hyphenator( 1323): java.io.FileNotFoundException: /system/usr/hyphen-data/hyph-es.hyb: open failed: ENOENT (No such file or directory)
06-07 07:29:44.945 E/Hyphenator( 1323): 	at libcore.io.IoBridge.open(IoBridge.java:455)
06-07 07:29:44.945 E/Hyphenator( 1323): 	at java.io.RandomAccessFile.<init>(RandomAccessFile.java:247)
06-07 07:29:44.945 E/Hyphenator( 1323): 	at android.text.Hyphenator.loadHyphenator(Hyphenator.java:118)
06-07 07:29:44.945 E/Hyphenator( 1323): 	at android.text.Hyphenator.init(Hyphenator.java:224)
06-07 07:29:44.945 E/Hyphenator( 1323): 	at com.android.internal.os.ZygoteInit.preloadTextResources(ZygoteInit.java:252)
06-07 07:29:44.945 E/Hyphenator( 1323): 	at com.android.internal.os.ZygoteInit.preload(ZygoteInit.java:206)
06-07 07:29:44.945 E/Hyphenator( 1323): 	at com.android.internal.os.ZygoteInit.main(ZygoteInit.java:743)
06-07 07:29:44.945 E/Hyphenator( 1323): Caused by: android.system.ErrnoException: open failed: ENOENT (No such file or directory)
06-07 07:29:44.945 E/Hyphenator( 1323): 	at libcore.io.Posix.open(Native Method)
06-07 07:29:44.945 E/Hyphenator( 1323): 	at libcore.io.BlockGuardOs.open(BlockGuardOs.java:187)
06-07 07:29:44.945 E/Hyphenator( 1323): 	at libcore.io.IoBridge.open(IoBridge.java:441)
06-07 07:29:44.945 E/Hyphenator( 1323): 	... 6 more
06-07 07:29:44.947 E/Hyphenator( 1323): error loading hyphenation /system/usr/hyphen-data/hyph-et.hyb
06-07 07:29:44.947 E/Hyphenator( 1323): java.io.FileNotFoundException: /system/usr/hyphen-data/hyph-et.hyb: open failed: ENOENT (No such file or directory)
06-07 07:29:44.947 E/Hyphenator( 1323): 	at libcore.io.IoBridge.open(IoBridge.java:455)
06-07 07:29:44.947 E/Hyphenator( 1323): 	at java.io.RandomAccessFile.<init>(RandomAccessFile.java:247)
06-07 07:29:44.947 E/Hyphenator( 1323): 	at android.text.Hyphenator.loadHyphenator(Hyphenator.java:118)
06-07 07:29:44.947 E/Hyphenator( 1323): 	at android.text.Hyphenator.init(Hyphenator.java:224)
06-07 07:29:44.947 E/Hyphenator( 1323): 	at com.android.internal.os.ZygoteInit.preloadTextResources(ZygoteInit.java:252)
06-07 07:29:44.947 E/Hyphenator( 1323): 	at com.android.internal.os.ZygoteInit.preload(ZygoteInit.java:206)
06-07 07:29:44.947 E/Hyphenator( 1323): 	at com.android.internal.os.ZygoteInit.main(ZygoteInit.java:743)
06-07 07:29:44.947 E/Hyphenator( 1323): Caused by: android.system.ErrnoException: open failed: ENOENT (No such file or directory)
06-07 07:29:44.947 E/Hyphenator( 1323): 	at libcore.io.Posix.open(Native Method)
06-07 07:29:44.947 E/Hyphenator( 1323): 	at libcore.io.BlockGuardOs.open(BlockGuardOs.java:187)
06-07 07:29:44.947 E/Hyphenator( 1323): 	at libcore.io.IoBridge.open(IoBridge.java:441)
06-07 07:29:44.947 E/Hyphenator( 1323): 	... 6 more
06-07 07:29:44.970 E/Hyphenator( 1323): error loading hyphenation /system/usr/hyphen-data/hyph-eu.hyb
06-07 07:29:44.970 E/Hyphenator( 1323): java.io.FileNotFoundException: /system/usr/hyphen-data/hyph-eu.hyb: open failed: ENOENT (No such file or directory)
06-07 07:29:44.970 E/Hyphenator( 1323): 	at libcore.io.IoBridge.open(IoBridge.java:455)
06-07 07:29:44.970 E/Hyphenator( 1323): 	at java.io.RandomAccessFile.<init>(RandomAccessFile.java:247)
06-07 07:29:44.970 E/Hyphenator( 1323): 	at android.text.Hyphenator.loadHyphenator(Hyphenator.java:118)
06-07 07:29:44.970 E/Hyphenator( 1323): 	at android.text.Hyphenator.init(Hyphenator.java:224)
06-07 07:29:44.970 E/Hyphenator( 1323): 	at com.android.internal.os.ZygoteInit.preloadTextResources(ZygoteInit.java:252)
06-07 07:29:44.970 E/Hyphenator( 1323): 	at com.android.internal.os.ZygoteInit.preload(ZygoteInit.java:206)
06-07 07:29:44.970 E/Hyphenator( 1323): 	at com.android.internal.os.ZygoteInit.main(ZygoteInit.java:743)
06-07 07:29:44.970 E/Hyphenator( 1323): Caused by: android.system.ErrnoException: open failed: ENOENT (No such file or directory)
06-07 07:29:44.970 E/Hyphenator( 1323): 	at libcore.io.Posix.open(Native Method)
06-07 07:29:44.970 E/Hyphenator( 1323): 	at libcore.io.BlockGuardOs.open(BlockGuardOs.java:187)
06-07 07:29:44.970 E/Hyphenator( 1323): 	at libcore.io.IoBridge.open(IoBridge.java:441)
06-07 07:29:44.970 E/Hyphenator( 1323): 	... 6 more
06-07 07:29:44.972 E/Hyphenator( 1323): error loading hyphenation /system/usr/hyphen-data/hyph-fr.hyb
06-07 07:29:44.972 E/Hyphenator( 1323): java.io.FileNotFoundException: /system/usr/hyphen-data/hyph-fr.hyb: open failed: ENOENT (No such file or directory)
06-07 07:29:44.972 E/Hyphenator( 1323): 	at libcore.io.IoBridge.open(IoBridge.java:455)
06-07 07:29:44.972 E/Hyphenator( 1323): 	at java.io.RandomAccessFile.<init>(RandomAccessFile.java:247)
06-07 07:29:44.972 E/Hyphenator( 1323): 	at android.text.Hyphenator.loadHyphenator(Hyphenator.java:118)
06-07 07:29:44.972 E/Hyphenator( 1323): 	at android.text.Hyphenator.init(Hyphenator.java:224)
06-07 07:29:44.972 E/Hyphenator( 1323): 	at com.android.internal.os.ZygoteInit.preloadTextResources(ZygoteInit.java:252)
06-07 07:29:44.972 E/Hyphenator( 1323): 	at com.android.internal.os.ZygoteInit.preload(ZygoteInit.java:206)
06-07 07:29:44.972 E/Hyphenator( 1323): 	at com.android.internal.os.ZygoteInit.main(ZygoteInit.java:743)
06-07 07:29:44.972 E/Hyphenator( 1323): Caused by: android.system.ErrnoException: open failed: ENOENT (No such file or directory)
06-07 07:29:44.972 E/Hyphenator( 1323): 	at libcore.io.Posix.open(Native Method)
06-07 07:29:44.972 E/Hyphenator( 1323): 	at libcore.io.BlockGuardOs.open(BlockGuardOs.java:187)
06-07 07:29:44.972 E/Hyphenator( 1323): 	at libcore.io.IoBridge.open(IoBridge.java:441)
06-07 07:29:44.972 E/Hyphenator( 1323): 	... 6 more
06-07 07:29:44.976 E/Hyphenator( 1323): error loading hyphenation /system/usr/hyphen-data/hyph-ga.hyb
06-07 07:29:44.976 E/Hyphenator( 1323): java.io.FileNotFoundException: /system/usr/hyphen-data/hyph-ga.hyb: open failed: ENOENT (No such file or directory)
06-07 07:29:44.976 E/Hyphenator( 1323): 	at libcore.io.IoBridge.open(IoBridge.java:455)
06-07 07:29:44.976 E/Hyphenator( 1323): 	at java.io.RandomAccessFile.<init>(RandomAccessFile.java:247)
06-07 07:29:44.976 E/Hyphenator( 1323): 	at android.text.Hyphenator.loadHyphenator(Hyphenator.java:118)
06-07 07:29:44.976 E/Hyphenator( 1323): 	at android.text.Hyphenator.init(Hyphenator.java:224)
06-07 07:29:44.976 E/Hyphenator( 1323): 	at com.android.internal.os.ZygoteInit.preloadTextResources(ZygoteInit.java:252)
06-07 07:29:44.976 E/Hyphenator( 1323): 	at com.android.internal.os.ZygoteInit.preload(ZygoteInit.java:206)
06-07 07:29:44.976 E/Hyphenator( 1323): 	at com.android.internal.os.ZygoteInit.main(ZygoteInit.java:743)
06-07 07:29:44.976 E/Hyphenator( 1323): Caused by: android.system.ErrnoException: open failed: ENOENT (No such file or directory)
06-07 07:29:44.976 E/Hyphenator( 1323): 	at libcore.io.Posix.open(Native Method)
06-07 07:29:44.976 E/Hyphenator( 1323): 	at libcore.io.BlockGuardOs.open(BlockGuardOs.java:187)
06-07 07:29:44.976 E/Hyphenator( 1323): 	at libcore.io.IoBridge.open(IoBridge.java:441)
06-07 07:29:44.976 E/Hyphenator( 1323): 	... 6 more
06-07 07:29:44.977 E/Hyphenator( 1323): error loading hyphenation /system/usr/hyphen-data/hyph-gu.hyb
06-07 07:29:44.977 E/Hyphenator( 1323): java.io.FileNotFoundException: /system/usr/hyphen-data/hyph-gu.hyb: open failed: ENOENT (No such file or directory)
06-07 07:29:44.977 E/Hyphenator( 1323): 	at libcore.io.IoBridge.open(IoBridge.java:455)
06-07 07:29:44.977 E/Hyphenator( 1323): 	at java.io.RandomAccessFile.<init>(RandomAccessFile.java:247)
06-07 07:29:44.977 E/Hyphenator( 1323): 	at android.text.Hyphenator.loadHyphenator(Hyphenator.java:118)
06-07 07:29:44.977 E/Hyphenator( 1323): 	at android.text.Hyphenator.init(Hyphenator.java:224)
06-07 07:29:44.977 E/Hyphenator( 1323): 	at com.android.internal.os.ZygoteInit.preloadTextResources(ZygoteInit.java:252)
06-07 07:29:44.977 E/Hyphenator( 1323): 	at com.android.internal.os.ZygoteInit.preload(ZygoteInit.java:206)
06-07 07:29:44.977 E/Hyphenator( 1323): 	at com.android.internal.os.ZygoteInit.main(ZygoteInit.java:743)
06-07 07:29:44.977 E/Hyphenator( 1323): Caused by: android.system.ErrnoException: open failed: ENOENT (No such file or directory)
06-07 07:29:44.977 E/Hyphenator( 1323): 	at libcore.io.Posix.open(Native Method)
06-07 07:29:44.977 E/Hyphenator( 1323): 	at libcore.io.BlockGuardOs.open(BlockGuardOs.java:187)
06-07 07:29:44.977 E/Hyphenator( 1323): 	at libcore.io.IoBridge.open(IoBridge.java:441)
06-07 07:29:44.977 E/Hyphenator( 1323): 	... 6 more
