06-09 09:56:08.540 E/SurfaceFlinger( 1321):     outTexCoords = (texture * texCoords).st;
06-09 09:56:08.540 E/SurfaceFlinger( 1321): }
06-09 09:56:08.540 E/SurfaceFlinger( 1321): 
06-09 09:56:08.540 E/SurfaceFlinger( 1321): \F6\FF\FF\FF\FF\FF\FF\FF\9F\E1بt
06-09 09:56:08.540 E/SurfaceFlinger( 1321): Error while compiling shader: 
06-09 09:56:08.540 E/SurfaceFlinger( 1321): precision mediump float;
06-09 09:56:08.540 E/SurfaceFlinger( 1321): uniform sampler2D sampler;
06-09 09:56:08.540 E/SurfaceFlinger( 1321): varying vec2 outTexCoords;
06-09 09:56:08.540 E/SurfaceFlinger( 1321): uniform float alphaPlane;
06-09 09:56:08.540 E/SurfaceFlinger( 1321): void main(void) {
06-09 09:56:08.540 E/SurfaceFlinger( 1321):     gl_FragColor = texture2D(sampler, outTexCoords);
06-09 09:56:08.540 E/SurfaceFlinger( 1321):     gl_FragColor.a = 1.0;
06-09 09:56:08.540 E/SurfaceFlinger( 1321):     gl_FragColor *= alphaPlane;
06-09 09:56:08.540 E/SurfaceFlinger( 1321): }
06-09 09:56:08.540 E/SurfaceFlinger( 1321): 
06-09 09:56:08.540 E/SurfaceFlinger( 1321): \F6\FF\FF\FF\FF\FF\FF\FF\9F\E1بt
06-09 09:56:08.540 E/SurfaceFlinger( 1321): Error while linking shaders:
06-09 09:56:08.540 D/SurfaceFlinger( 1321): shader cache generated - 24 shaders in 16.928928 ms
06-09 09:56:08.582 D/SurfaceFlinger( 1321): Set power mode=2, type=0 flinger=0x74a8d7847000
06-09 09:56:09.214 V/EmulatedCamera_Preview( 1327): setPreviewWindow: current: 0x0 -> new: 0xec643150
06-09 09:56:09.215 V/EmulatedCamera_Preview( 1327): setPreviewWindow: current: 0xec643150 -> new: 0x0
06-09 09:56:09.215 V/EmulatedCamera_Camera( 1327): doStopPreview
06-09 09:56:09.216 V/EmulatedCamera_Preview( 1327): setPreviewWindow: current: 0x0 -> new: 0x0
06-09 09:56:09.216 V/EmulatedCamera_Camera( 1327): releaseCamera
06-09 09:56:09.216 V/EmulatedCamera_Camera( 1327): doStopPreview
06-09 09:56:09.216 V/EmulatedCamera_FakeDevice( 1327): disconnectDevice
06-09 09:56:09.217 W/EmulatedCamera_Device( 1327): Initialize: Emulated camera device is already initialized: mState = 1
06-09 09:56:09.217 D/EmulatedCamera_FakeCamera( 1327): Initialize: Fake camera is facing back
06-09 09:56:09.217 V/EmulatedCamera_Device( 1327): initializeWhiteBalanceModes with auto, 1.000000, 1.000000
06-09 09:56:09.218 V/EmulatedCamera_Device( 1327): initializeWhiteBalanceModes with incandescent, 1.380000, 0.600000
06-09 09:56:09.218 V/EmulatedCamera_Device( 1327): initializeWhiteBalanceModes with daylight, 1.090000, 0.920000
06-09 09:56:09.218 V/EmulatedCamera_Device( 1327): initializeWhiteBalanceModes with twilight, 0.920000, 1.220000
06-09 09:56:09.218 V/EmulatedCamera_Device( 1327): setWhiteBalanceMode with white balance auto
06-09 09:56:09.218 I/CameraFlashlight( 1327): Destroying camera 0
06-09 09:56:09.219 V/EmulatedCamera_Camera( 1327): closeCamera
06-09 09:56:09.219 V/EmulatedCamera_Camera( 1327): doStopPreview
06-09 09:56:09.219 W/EmulatedCamera_Device( 1327): Initialize: Emulated camera device is already initialized: mState = 1
06-09 09:56:09.219 D/EmulatedCamera_FakeCamera( 1327): Initialize: Fake camera is facing back
06-09 09:56:09.219 V/EmulatedCamera_Device( 1327): initializeWhiteBalanceModes with auto, 1.000000, 1.000000
06-09 09:56:09.219 V/EmulatedCamera_Device( 1327): initializeWhiteBalanceModes with incandescent, 1.380000, 0.600000
06-09 09:56:09.219 V/EmulatedCamera_Device( 1327): initializeWhiteBalanceModes with daylight, 1.090000, 0.920000
06-09 09:56:09.219 V/EmulatedCamera_Device( 1327): initializeWhiteBalanceModes with twilight, 0.920000, 1.220000
06-09 09:56:09.307 V/EmulatedCamera_Device( 1327): setWhiteBalanceMode with white balance auto
06-09 09:56:09.356 I/mediaserver( 1332): ServiceManager: 0xf43bc0a0
06-09 09:56:09.401 V/EmulatedCamera_Camera( 1327): getCameraInfo
06-09 09:56:09.401 V/EmulatedCamera_BaseCamera( 1327): getCameraInfo
06-09 09:56:09.404 I/ServiceManager( 1327): Waiting for service media.camera.proxy...
06-09 09:56:10.412 I/ServiceManager( 1327): Waiting for service media.camera.proxy...
06-09 09:56:10.449 V/MediaUtils( 1333): physMem: 1043894272
06-09 09:56:10.449 V/MediaUtils( 1333): requested limit: 208778840
06-09 09:56:10.550 V/MediaUtils( 1333): actual limit: 208778840
06-09 09:56:10.550 V/MediaUtils( 1333): original limits: 4294967295/4294967295
06-09 09:56:10.551 V/MediaUtils( 1333): new limits: 208778840/4294967295
06-09 09:56:10.553 W//system/bin/mediaextractor( 1333): libminijail: allowing syscall: socketcall
06-09 09:56:10.554 W//system/bin/mediaextractor( 1333): libminijail: allowing syscall: writev
06-09 09:56:10.554 W//system/bin/mediaextractor( 1333): libminijail: allowing syscall: fcntl64
06-09 09:56:10.554 W//system/bin/mediaextractor( 1333): libminijail: allowing syscall: clock_gettime
06-09 09:56:10.567 W//system/bin/mediaextractor( 1333): libminijail: logging seccomp filter failures
06-09 09:56:10.578 I/        ( 1326): sMaxFastTracks = 8
06-09 09:56:10.661 I/audioserver( 1326): ServiceManager: 0xf0c3c020
06-09 09:56:10.752 W/BatteryNotifier( 1326): batterystats service unavailable!
06-09 09:56:10.753 I/AudioFlinger( 1326): Using default 3000 mSec as standby time.
06-09 09:56:10.775 I/AudioPolicyService( 1326): AudioPolicyService CSTOR in new mode
06-09 09:56:10.973 I/APM::ConfigParsingUtils( 1326): loadAudioPolicyConfig() loaded /system/etc/audio_policy.conf
06-09 09:56:11.194 D/audio_hw_generic( 1326): Emulator host-side ALSA audio emulation detected.
06-09 09:56:11.197 D/audio_hw_generic( 1326): mixer 0 name Master Playback Volume
06-09 09:56:11.197 D/audio_hw_generic( 1326): set ctl 0 to 100
06-09 09:56:11.198 D/audio_hw_generic( 1326): set ctl 1 to 100
06-09 09:56:11.199 D/audio_hw_generic( 1326): mixer 1 name Master Playback Switch
06-09 09:56:11.199 D/audio_hw_generic( 1326): set ctl 0 to 1
06-09 09:56:11.199 D/audio_hw_generic( 1326): set ctl 1 to 1
06-09 09:56:11.199 D/audio_hw_generic( 1326): mixer 2 name Capture Volume
06-09 09:56:11.199 D/audio_hw_generic( 1326): set ctl 0 to 100
06-09 09:56:11.199 D/audio_hw_generic( 1326): set ctl 1 to 100
06-09 09:56:11.199 D/audio_hw_generic( 1326): mixer 3 name Capture Switch
06-09 09:56:11.284 D/audio_hw_generic( 1326): set ctl 0 to 1
06-09 09:56:11.284 D/audio_hw_generic( 1326): set ctl 1 to 1
06-09 09:56:11.284 D/audio_hw_generic( 1326): mixer 4 name Line Phantom Jack
06-09 09:56:11.284 D/audio_hw_generic( 1326): mixer 5 name Line Out Phantom Jack
06-09 09:56:11.284 D/audio_hw_generic( 1326): mixer 6 name Playback Channel Map
06-09 09:56:11.284 D/audio_hw_generic( 1326): mixer 7 name Capture Channel Map
06-09 09:56:11.285 I/AudioFlinger( 1326): loadHwModule() Loaded primary audio interface from Generic audio HW HAL (audio) handle 10
06-09 09:56:11.286 I/AudioFlinger( 1326): openOutput(), module 10 Device 2, SamplingRate 48000, Format 0x000001, Channels 3, flags 2
06-09 09:56:11.293 I/AudioFlinger( 1326): HAL output buffer size 720 frames, normal sink buffer size 1152 frames
06-09 09:56:11.424 I/ServiceManager( 1327): Waiting for service media.camera.proxy...
06-09 09:56:11.523 I/BufferProvider( 1326): found effect "Multichannel Downmix To Stereo" from The Android Open Source Project
06-09 09:56:11.529 I/AudioFlinger( 1326): Using module 10 has the primary audio interface
06-09 09:56:11.551 I/AudioFlinger( 1326): AudioFlinger's thread 0xf0683240 ready to run
06-09 09:56:11.578 W/BatteryNotifier( 1326): batterystats service unavailable!
06-09 09:56:11.610 W/BatteryNotifier( 1326): batterystats service unavailable!
06-09 09:56:11.640 W/BatteryNotifier( 1326): batterystats service unavailable!
06-09 09:56:11.644 W/AudioFlinger( 1326): no wake lock to update, system not ready yet
06-09 09:56:11.778 I/AudioFlinger( 1326): AudioFlinger's thread 0xf0183bc0 ready to run
06-09 09:56:11.804 I/r_submix( 1326): adev_open(name=audio_hw_if)
06-09 09:56:11.805 I/r_submix( 1326): adev_init_check()
06-09 09:56:11.805 I/AudioFlinger( 1326): loadHwModule() Loaded r_submix audio interface from Wifi Display audio HAL (audio) handle 18
06-09 09:56:11.805 D/r_submix( 1326): adev_open_input_stream(addr=0)
06-09 09:56:11.806 D/r_submix( 1326): submix_audio_device_create_pipe_l(addr=0, idx=9)
06-09 09:56:11.806 D/r_submix( 1326):   now using address 0 for route 9
06-09 09:56:11.840 I/AudioFlinger( 1326): AudioFlinger's thread 0xf0283840 ready to run
06-09 09:56:11.842 D/r_submix( 1326): adev_close_input_stream()
06-09 09:56:11.842 D/r_submix( 1326): submix_audio_device_release_pipe_l(idx=9) addr=0
06-09 09:56:11.842 D/r_submix( 1326): submix_audio_device_destroy_pipe_l(): pipe destroyed
06-09 09:56:11.846 I/RadioService( 1326): RadioService
06-09 09:56:11.847 I/RadioService( 1326): onFirstRef
06-09 09:56:11.847 E/RadioService( 1326): couldn't load radio module radio.primary (No such file or directory)
06-09 09:56:11.877 E/SoundTriggerHwService( 1326): couldn't load sound trigger module sound_trigger.primary (No such file or directory)
06-09 09:56:11.927 I/mediaserver( 1334): ServiceManager: 0xefbbc0a0
06-09 09:56:12.012 W/BatteryNotifier( 1334): batterystats service unavailable!
06-09 09:56:12.450 I/ServiceManager( 1327): Waiting for service media.camera.proxy...
06-09 09:56:13.470 I/ServiceManager( 1327): Waiting for service media.camera.proxy...
06-09 09:56:14.644 W/BatteryNotifier( 1326): batterystats service unavailable!
06-09 09:56:22.716 E/SurfaceFlinger( 1321): ro.sf.lcd_density must be defined as a build property
06-09 09:56:22.952 D/libEGL  ( 1391): Emulator without GPU support detected. Fallback to legacy software renderer, qemu.gles is set to 0.
06-09 09:56:23.007 D/libEGL  ( 1391): loaded /system/lib64/egl/libGLES_android.so
06-09 09:56:23.063 D/AndroidRuntime( 1324): >>>>>> START com.android.internal.os.ZygoteInit uid 0 <<<<<<
06-09 09:56:23.662 D/gralloc_ranchu( 1391): Emulator without host-side GPU emulation detected. Loading gralloc.default.so from /vendor/lib64/hw/gralloc.goldfish.default.so...
06-09 09:56:23.665 D/gralloc_ranchu( 1391): gralloc.default.so not found in /vendor. Trying /system/lib64/hw/gralloc.goldfish.default.so...
06-09 09:56:23.972 D/AndroidRuntime( 1324): CheckJNI is ON
06-09 09:56:24.360 I/art     ( 1324): option[0]=-Xzygote
06-09 09:56:24.361 I/art     ( 1324): option[1]=-Xcheck:jni
06-09 09:56:24.361 I/art     ( 1324): option[2]=-Xstacktracefile:/data/anr/traces.txt
06-09 09:56:24.361 I/art     ( 1324): option[3]=exit
06-09 09:56:24.361 I/art     ( 1324): option[4]=vfprintf
06-09 09:56:24.362 I/art     ( 1324): option[5]=sensitiveThread
06-09 09:56:24.362 I/art     ( 1324): option[6]=-verbose:gc
06-09 09:56:24.362 I/art     ( 1324): option[7]=-Xms4m
06-09 09:56:24.362 I/art     ( 1324): option[8]=-Xmx256m
06-09 09:56:24.362 I/art     ( 1324): option[9]=-Xusejit:true
06-09 09:56:24.362 I/art     ( 1324): option[10]=-Xjitsaveprofilinginfo
06-09 09:56:24.362 I/art     ( 1324): option[11]=-agentlib:jdwp=transport=dt_android_adb,suspend=n,server=y
06-09 09:56:24.362 I/art     ( 1324): option[12]=-Xlockprofthreshold:500
06-09 09:56:24.362 I/art     ( 1324): option[13]=-Ximage-compiler-option
06-09 09:56:24.362 I/art     ( 1324): option[14]=--runtime-arg
06-09 09:56:24.362 I/art     ( 1324): option[15]=-Ximage-compiler-option
06-09 09:56:24.362 I/art     ( 1324): option[16]=-Xms64m
06-09 09:56:24.362 I/art     ( 1324): option[17]=-Ximage-compiler-option
06-09 09:56:24.362 I/art     ( 1324): option[18]=--runtime-arg
06-09 09:56:24.362 I/art     ( 1324): option[19]=-Ximage-compiler-option
06-09 09:56:24.362 I/art     ( 1324): option[20]=-Xmx64m
06-09 09:56:24.363 I/art     ( 1324): option[21]=-Ximage-compiler-option
06-09 09:56:24.363 I/art     ( 1324): option[22]=--image-classes=/system/etc/preloaded-classes
06-09 09:56:24.363 I/art     ( 1324): option[23]=-Ximage-compiler-option
06-09 09:56:24.363 I/art     ( 1324): option[24]=--compiled-classes=/system/etc/compiled-classes
06-09 09:56:24.363 I/art     ( 1324): option[25]=-Xcompiler-option
06-09 09:56:24.363 I/art     ( 1324): option[26]=--runtime-arg
06-09 09:56:24.363 I/art     ( 1324): option[27]=-Xcompiler-option
06-09 09:56:24.363 I/art     ( 1324): option[28]=-Xms64m
06-09 09:56:24.363 I/art     ( 1324): option[29]=-Xcompiler-option
06-09 09:56:24.363 I/art     ( 1324): option[30]=--runtime-arg
06-09 09:56:24.363 I/art     ( 1324): option[31]=-Xcompiler-option
06-09 09:56:24.363 I/art     ( 1324): option[32]=-Xmx512m
06-09 09:56:24.363 I/art     ( 1324): option[33]=-Ximage-compiler-option
06-09 09:56:24.363 I/art     ( 1324): option[34]=--instruction-set-variant=x86_64
06-09 09:56:24.363 I/art     ( 1324): option[35]=-Xcompiler-option
06-09 09:56:24.363 I/art     ( 1324): option[36]=--instruction-set-variant=x86_64
06-09 09:56:24.363 I/art     ( 1324): option[37]=-Ximage-compiler-option
06-09 09:56:24.363 I/art     ( 1324): option[38]=--instruction-set-features=default
06-09 09:56:24.364 I/art     ( 1324): option[39]=-Xcompiler-option
06-09 09:56:24.364 I/art     ( 1324): option[40]=--instruction-set-features=default
06-09 09:56:24.364 I/art     ( 1324): option[41]=-Duser.locale=en-US
06-09 09:56:24.364 I/art     ( 1324): option[42]=--cpu-abilist=x86_64
06-09 09:56:24.364 I/art     ( 1324): option[43]=-Xfingerprint:Android/sdk_phone_x86_64/generic_x86_64:7.1.1/NYC/4931657:userdebug/test-keys
06-09 09:56:25.454 D/AndroidRuntime( 1325): >>>>>> START com.android.internal.os.ZygoteInit uid 0 <<<<<<
06-09 09:56:26.749 D/AndroidRuntime( 1325): CheckJNI is ON
06-09 09:56:27.161 I/art     ( 1325): option[0]=-Xzygote
06-09 09:56:27.161 I/art     ( 1325): option[1]=-Xcheck:jni
06-09 09:56:27.161 I/art     ( 1325): option[2]=-Xstacktracefile:/data/anr/traces.txt
06-09 09:56:27.161 I/art     ( 1325): option[3]=exit
06-09 09:56:27.161 I/art     ( 1325): option[4]=vfprintf
06-09 09:56:27.162 I/art     ( 1325): option[5]=sensitiveThread
06-09 09:56:27.162 I/art     ( 1325): option[6]=-verbose:gc
06-09 09:56:27.162 I/art     ( 1325): option[7]=-Xms4m
06-09 09:56:27.162 I/art     ( 1325): option[8]=-Xmx256m
06-09 09:56:27.162 I/art     ( 1325): option[9]=-Xusejit:true
06-09 09:56:27.162 I/art     ( 1325): option[10]=-Xjitsaveprofilinginfo
06-09 09:56:27.162 I/art     ( 1325): option[11]=-agentlib:jdwp=transport=dt_android_adb,suspend=n,server=y
06-09 09:56:27.162 I/art     ( 1325): option[12]=-Xlockprofthreshold:500
06-09 09:56:27.162 I/art     ( 1325): option[13]=-Ximage-compiler-option
06-09 09:56:27.163 I/art     ( 1325): option[14]=--runtime-arg
06-09 09:56:27.163 I/art     ( 1325): option[15]=-Ximage-compiler-option
06-09 09:56:27.163 I/art     ( 1325): option[16]=-Xms64m
06-09 09:56:27.163 I/art     ( 1325): option[17]=-Ximage-compiler-option
06-09 09:56:27.163 I/art     ( 1325): option[18]=--runtime-arg
06-09 09:56:27.163 I/art     ( 1325): option[19]=-Ximage-compiler-option
06-09 09:56:27.163 I/art     ( 1325): option[20]=-Xmx64m
06-09 09:56:27.163 I/art     ( 1325): option[21]=-Ximage-compiler-option
06-09 09:56:27.163 I/art     ( 1325): option[22]=--image-classes=/system/etc/preloaded-classes
06-09 09:56:27.163 I/art     ( 1325): option[23]=-Ximage-compiler-option
06-09 09:56:27.163 I/art     ( 1325): option[24]=--compiled-classes=/system/etc/compiled-classes
06-09 09:56:27.163 I/art     ( 1325): option[25]=-Xcompiler-option
06-09 09:56:27.163 I/art     ( 1325): option[26]=--runtime-arg
06-09 09:56:27.163 I/art     ( 1325): option[27]=-Xcompiler-option
06-09 09:56:27.163 I/art     ( 1325): option[28]=-Xms64m
06-09 09:56:27.164 I/art     ( 1325): option[29]=-Xcompiler-option
06-09 09:56:27.164 I/art     ( 1325): option[30]=--runtime-arg
06-09 09:56:27.164 I/art     ( 1325): option[31]=-Xcompiler-option
06-09 09:56:27.164 I/art     ( 1325): option[32]=-Xmx512m
06-09 09:56:27.164 I/art     ( 1325): option[33]=-Ximage-compiler-option
06-09 09:56:27.164 I/art     ( 1325): option[34]=--instruction-set-variant=x86
06-09 09:56:27.164 I/art     ( 1325): option[35]=-Xcompiler-option
06-09 09:56:27.164 I/art     ( 1325): option[36]=--instruction-set-variant=x86
06-09 09:56:27.164 I/art     ( 1325): option[37]=-Ximage-compiler-option
06-09 09:56:27.164 I/art     ( 1325): option[38]=--instruction-set-features=default
06-09 09:56:27.164 I/art     ( 1325): option[39]=-Xcompiler-option
06-09 09:56:27.164 I/art     ( 1325): option[40]=--instruction-set-features=default
06-09 09:56:27.164 I/art     ( 1325): option[41]=-Duser.locale=en-US
06-09 09:56:27.164 I/art     ( 1325): option[42]=--cpu-abilist=x86
06-09 09:56:27.165 I/art     ( 1325): option[43]=-Xfingerprint:Android/sdk_phone_x86_64/generic_x86_64:7.1.1/NYC/4931657:userdebug/test-keys
06-09 09:56:31.356 E/hostapd ( 1535): Configuration file: /system/etc/simulated_hostapd.conf
06-09 09:56:31.946 I/hostapd ( 1535): rfkill: Cannot get wiphy information
06-09 09:56:31.949 I/hostapd ( 1535): nl80211: Could not re-add multicast membership for vendor events: -2 (No such file or directory)
06-09 09:56:31.984 E/ipv6proxy( 1526): Failed to forward Router Advertisement from eth0 to wlan1: Network is unreachable
06-09 09:56:31.985 E/ipv6proxy( 1526): Failed to forward Router Advertisement from eth0 to radio0-peer: Cannot assign requested address
06-09 09:56:31.987 I/hostapd ( 1535): wlan1: interface state UNINITIALIZED->COUNTRY_UPDATE
06-09 09:56:35.375 D/ICU     ( 1324): No timezone override file found: /data/misc/zoneinfo/current/icu/icu_tzdata.dat
06-09 09:56:35.991 E/ipv6proxy( 1526): Failed to forward Router Advertisement from eth0 to wlan1: Network is unreachable
06-09 09:56:37.037 I/hostapd ( 1535): wlan1: interface state COUNTRY_UPDATE->HT_SCAN
06-09 09:56:37.380 D/ICU     ( 1325): No timezone override file found: /data/misc/zoneinfo/current/icu/icu_tzdata.dat
06-09 09:56:38.565 E/hostapd ( 1535): Using interface wlan1 with hwaddr 02:00:00:00:01:00 and ssid "AndroidWifi"
06-09 09:56:38.714 I/hostapd ( 1535): wlan1: interface state HT_SCAN->ENABLED
06-09 09:56:38.715 I/hostapd ( 1535): wlan1: AP-ENABLED 
06-09 09:56:41.914 E/memtrack( 1324): Couldn't load memtrack module (No such file or directory)
06-09 09:56:41.915 E/android.os.Debug( 1324): failed to load memtrack module: -2
06-09 09:56:42.045 I/Radio-JNI( 1324): register_android_hardware_Radio DONE
06-09 09:56:42.680 I/SamplingProfilerIntegration( 1324): Profiling disabled.
06-09 09:56:42.778 D/Zygote  ( 1324): begin preload
06-09 09:56:42.778 I/Zygote  ( 1324): Installing ICU cache reference pinning...
06-09 09:56:42.781 I/Zygote  ( 1324): Preloading ICU data...
06-09 09:56:44.544 E/memtrack( 1325): Couldn't load memtrack module (No such file or directory)
06-09 09:56:44.545 E/android.os.Debug( 1325): failed to load memtrack module: -2
06-09 09:56:44.642 I/Radio-JNI( 1325): register_android_hardware_Radio DONE
06-09 09:56:45.440 I/SamplingProfilerIntegration( 1325): Profiling disabled.
06-09 09:56:45.604 D/Zygote  ( 1325): begin preload
06-09 09:56:45.604 I/Zygote  ( 1325): Installing ICU cache reference pinning...
06-09 09:56:45.670 I/Zygote  ( 1325): Preloading ICU data...
06-09 09:56:45.817 I/Zygote  ( 1324): Preloading classes...
06-09 09:56:46.203 W/Zygote  ( 1324): Class not found for preloading: [Landroid.view.Display$ColorTransform;
06-09 09:56:47.706 I/Zygote  ( 1325): Preloading classes...
06-09 09:56:48.205 W/Zygote  ( 1325): Class not found for preloading: [Landroid.view.Display$ColorTransform;
06-09 09:56:56.671 E/Typeface( 1324): Error mapping font file /system/fonts/DroidSansFallback.ttf
06-09 09:56:56.766 E/Typeface( 1325): Error mapping font file /system/fonts/DroidSansFallback.ttf
06-09 09:57:03.944 W/art     ( 1324): Suspending all threads took: 8.168ms
06-09 09:57:04.275 W/art     ( 1325): Suspending all threads took: 60.053ms
06-09 09:57:04.472 I/art     ( 1324): Background concurrent mark sweep GC freed 21948(2MB) AllocSpace objects, 65(1140KB) LOS objects, 33% free, 2MB/3MB, paused 13.730ms total 751.205ms
06-09 09:57:04.788 I/art     ( 1325): Background concurrent mark sweep GC freed 21947(2MB) AllocSpace objects, 111(2MB) LOS objects, 33% free, 3MB/4MB, paused 67.400ms total 1.049s
06-09 09:57:04.886 I/art     ( 1324): Background sticky concurrent mark sweep GC freed 199(1266KB) AllocSpace objects, 65(1260KB) LOS objects, 50% free, 1892KB/3MB, paused 533us total 385.185ms
06-09 09:57:05.471 I/art     ( 1324): Thread[1,tid=1324,Native,Thread*=0x7a8eed895a00,peer=0x12c060d0,"main"] recursive attempt to load library "/system/lib64/libmedia_jni.so"
06-09 09:57:05.537 I/art     ( 1325): Thread[1,tid=1325,Native,Thread*=0xebd8b400,peer=0x12c060d0,"main"] recursive attempt to load library "/system/lib/libmedia_jni.so"
06-09 09:57:05.593 D/MtpDeviceJNI( 1324): register_android_mtp_MtpDevice
06-09 09:57:05.671 I/art     ( 1324): Thread[1,tid=1324,Native,Thread*=0x7a8eed895a00,peer=0x12c060d0,"main"] recursive attempt to load library "/system/lib64/libmedia_jni.so"
06-09 09:57:05.673 I/art     ( 1324): Thread[1,tid=1324,Native,Thread*=0x7a8eed895a00,peer=0x12c060d0,"main"] recursive attempt to load library "/system/lib64/libmedia_jni.so"
06-09 09:57:05.700 D/MtpDeviceJNI( 1325): register_android_mtp_MtpDevice
06-09 09:57:05.703 I/art     ( 1325): Thread[1,tid=1325,Native,Thread*=0xebd8b400,peer=0x12c060d0,"main"] recursive attempt to load library "/system/lib/libmedia_jni.so"
06-09 09:57:05.705 I/art     ( 1325): Thread[1,tid=1325,Native,Thread*=0xebd8b400,peer=0x12c060d0,"main"] recursive attempt to load library "/system/lib/libmedia_jni.so"
06-09 09:57:12.163 W/Zygote  ( 1324): Class not found for preloading: android.view.Display$ColorTransform
06-09 09:57:12.164 W/Zygote  ( 1324): Class not found for preloading: android.view.Display$ColorTransform$1
06-09 09:57:12.520 W/Zygote  ( 1325): Class not found for preloading: android.view.Display$ColorTransform
06-09 09:57:12.521 W/Zygote  ( 1325): Class not found for preloading: android.view.Display$ColorTransform$1
06-09 09:57:18.426 I/art     ( 1325): Background sticky concurrent mark sweep GC freed 16735(2MB) AllocSpace objects, 16(280KB) LOS objects, 66% free, 1699KB/4MB, paused 3ms total 837.701ms
06-09 09:57:19.211 I/System  ( 1324): Loaded time zone names for "" in 2141ms (2083ms in ICU)
06-09 09:57:19.684 I/System  ( 1324): Loaded time zone names for "en_US" in 471ms (464ms in ICU)
06-09 09:57:20.152 W/art     ( 1324): Suspending all threads took: 11.949ms
06-09 09:57:20.319 I/System  ( 1325): Loaded time zone names for "" in 1672ms (1604ms in ICU)
06-09 09:57:20.402 I/art     ( 1324): Background concurrent mark sweep GC freed 24067(1875KB) AllocSpace objects, 3(56KB) LOS objects, 39% free, 1559KB/2MB, paused 15.487ms total 672.039ms
06-09 09:57:21.617 I/System  ( 1325): Loaded time zone names for "en_US" in 1249ms (1206ms in ICU)
06-09 09:57:21.624 I/Zygote  ( 1324): ...preloaded 4158 classes in 35807ms.
06-09 09:57:21.626 I/art     ( 1324): VMRuntime.preloadDexCaches starting
06-09 09:57:23.167 I/Zygote  ( 1325): ...preloaded 4158 classes in 35460ms.
06-09 09:57:23.168 I/art     ( 1325): VMRuntime.preloadDexCaches starting
06-09 09:57:24.451 V/NatController( 1335): runCmd(/system/bin/iptables -w -F natctrl_FORWARD) res=0
06-09 09:57:24.468 I/art     ( 1324): VMRuntime.preloadDexCaches strings total=283712 before=39625 after=39625
06-09 09:57:24.469 I/art     ( 1324): VMRuntime.preloadDexCaches types total=23581 before=7877 after=7904
06-09 09:57:24.469 I/art     ( 1324): VMRuntime.preloadDexCaches fields total=112007 before=40903 after=41117
06-09 09:57:24.469 I/art     ( 1324): VMRuntime.preloadDexCaches methods total=197534 before=82457 after=83017
06-09 09:57:24.469 I/art     ( 1324): VMRuntime.preloadDexCaches finished
06-09 09:57:24.516 I/Zygote  ( 1324): Preloading resources...
06-09 09:57:24.883 V/NatController( 1335): runCmd(/system/bin/ip6tables -w -F natctrl_FORWARD) res=0
06-09 09:57:25.581 V/NatController( 1335): runCmd(/system/bin/iptables -w -A natctrl_FORWARD -j DROP) res=0
06-09 09:57:25.913 I/art     ( 1325): VMRuntime.preloadDexCaches strings total=283712 before=39625 after=39625
06-09 09:57:25.913 I/art     ( 1325): VMRuntime.preloadDexCaches types total=23581 before=7877 after=7904
06-09 09:57:25.913 I/art     ( 1325): VMRuntime.preloadDexCaches fields total=112007 before=40903 after=41117
06-09 09:57:25.913 I/art     ( 1325): VMRuntime.preloadDexCaches methods total=197534 before=82457 after=83017
06-09 09:57:25.914 I/art     ( 1325): VMRuntime.preloadDexCaches finished
06-09 09:57:25.967 I/Zygote  ( 1325): Preloading resources...
06-09 09:57:26.211 V/NatController( 1335): runCmd(/system/bin/iptables -w -t nat -F natctrl_nat_POSTROUTING) res=0
06-09 09:57:26.715 V/NatController( 1335): runCmd(/system/bin/ip6tables -w -t raw -F natctrl_raw_PREROUTING) res=0
06-09 09:57:27.171 V/NatController( 1335): runCmd(/system/bin/iptables -w -F natctrl_tether_counters) res=1
06-09 09:57:27.251 W/Resources( 1324): Preloaded drawable resource #0x108025c (android:drawable/dialog_background_material) that varies with configuration!!
06-09 09:57:27.396 W/Resources( 1324): Preloaded drawable resource #0x1080298 (android:drawable/editbox_dropdown_background_dark) that varies with configuration!!
06-09 09:57:27.659 W/Resources( 1324): Preloaded color resource #0x10600e2 (android:color/material_grey_800) that varies with configuration!!
06-09 09:57:27.741 W/Resources( 1324): Preloaded drawable resource #0x10802c9 (android:drawable/floating_popup_background_dark) that varies with configuration!!
06-09 09:57:27.791 V/NatController( 1335): runCmd(/system/bin/ip6tables -w -F natctrl_tether_counters) res=1
06-09 09:57:27.956 I/art     ( 1324): Background sticky concurrent mark sweep GC freed 3967(262KB) AllocSpace objects, 0(0B) LOS objects, 6% free, 2MB/2MB, paused 388us total 130.198ms
06-09 09:57:28.221 V/NatController( 1335): runCmd(/system/bin/iptables -w -X natctrl_tether_counters) res=1
06-09 09:57:28.337 I/art     ( 1324): Background concurrent mark sweep GC freed 640(44KB) AllocSpace objects, 1(32KB) LOS objects, 58% free, 2MB/6MB, paused 703us total 229.977ms
06-09 09:57:28.741 V/NatController( 1335): runCmd(/system/bin/ip6tables -w -X natctrl_tether_counters) res=1
06-09 09:57:28.767 W/Resources( 1325): Preloaded drawable resource #0x108025c (android:drawable/dialog_background_material) that varies with configuration!!
06-09 09:57:28.844 W/Resources( 1325): Preloaded drawable resource #0x1080298 (android:drawable/editbox_dropdown_background_dark) that varies with configuration!!
06-09 09:57:29.132 W/Resources( 1325): Preloaded color resource #0x10600e2 (android:color/material_grey_800) that varies with configuration!!
06-09 09:57:29.133 W/Resources( 1325): Preloaded drawable resource #0x10802c9 (android:drawable/floating_popup_background_dark) that varies with configuration!!
06-09 09:57:29.177 W/Resources( 1324): Preloaded drawable resource #0x108030b (android:drawable/ic_clear_disabled) that varies with configuration!!
06-09 09:57:29.183 W/Resources( 1324): Preloaded drawable resource #0x1080310 (android:drawable/ic_clear_normal) that varies with configuration!!
06-09 09:57:29.255 W/Resources( 1324): Preloaded drawable resource #0x1080359 (android:drawable/ic_go) that varies with configuration!!
06-09 09:57:29.361 V/NatController( 1335): runCmd(/system/bin/iptables -w -N natctrl_tether_counters) res=0
06-09 09:57:29.571 V/NatController( 1335): runCmd(/system/bin/ip6tables -w -N natctrl_tether_counters) res=0
06-09 09:57:29.615 W/Resources( 1324): Preloaded drawable resource #0x1080038 (android:drawable/ic_menu_close_clear_cancel) that varies with configuration!!
06-09 09:57:29.848 W/Resources( 1324): Preloaded drawable resource #0x1080045 (android:drawable/ic_menu_more) that varies with configuration!!
06-09 09:57:30.141 V/NatController( 1335): runCmd(/system/bin/iptables -w -t mangle -A natctrl_mangle_FORWARD -p tcp --tcp-flags SYN SYN -j TCPMSS --clamp-mss-to-pmtu) res=0
06-09 09:57:30.394 W/Resources( 1324): Preloaded drawable resource #0x10804e8 (android:drawable/menu_background_fill_parent_width) that varies with configuration!!
06-09 09:57:31.276 W/Resources( 1325): Preloaded drawable resource #0x108030b (android:drawable/ic_clear_disabled) that varies with configuration!!
06-09 09:57:31.419 W/Resources( 1325): Preloaded drawable resource #0x1080310 (android:drawable/ic_clear_normal) that varies with configuration!!
06-09 09:57:31.775 W/Resources( 1325): Preloaded drawable resource #0x1080359 (android:drawable/ic_go) that varies with configuration!!
06-09 09:57:32.324 W/Resources( 1325): Preloaded drawable resource #0x1080038 (android:drawable/ic_menu_close_clear_cancel) that varies with configuration!!
06-09 09:57:32.607 W/Resources( 1325): Preloaded drawable resource #0x1080045 (android:drawable/ic_menu_more) that varies with configuration!!
06-09 09:57:33.004 I/art     ( 1325): Background concurrent mark sweep GC freed 11864(696KB) AllocSpace objects, 8(192KB) LOS objects, 49% free, 4MB/8MB, paused 63.005ms total 787.307ms
06-09 09:57:33.516 W/Resources( 1325): Preloaded drawable resource #0x10804e8 (android:drawable/menu_background_fill_parent_width) that varies with configuration!!
06-09 09:57:34.416 W/Resources( 1324): Preloaded drawable resource #0x108077e (android:drawable/text_edit_paste_window) that varies with configuration!!
06-09 09:57:34.514 W/Resources( 1324): Preloaded drawable resource #0x1080096 (android:drawable/toast_frame) that varies with configuration!!
06-09 09:57:34.515 I/Zygote  ( 1324): ...preloaded 114 resources in 9999ms.
06-09 09:57:34.737 W/Resources( 1324): Preloaded color resource #0x106010b (android:color/background_cache_hint_selector_material_dark) that varies with configuration!!
06-09 09:57:34.780 W/Resources( 1324): Preloaded color resource #0x1060110 (android:color/btn_default_material_dark) that varies with configuration!!
06-09 09:57:34.850 I/Zygote  ( 1324): ...preloaded 41 resources in 274ms.
06-09 09:57:34.853 D/libEGL  ( 1324): Emulator without GPU support detected. Fallback to legacy software renderer, qemu.gles is set to 0.
06-09 09:57:35.063 D/libEGL  ( 1324): loaded /system/lib64/egl/libGLES_android.so
06-09 09:57:36.486 I/Zygote  ( 1324): Preloading shared libraries...
06-09 09:57:36.511 W/Resources( 1325): Preloaded drawable resource #0x108077e (android:drawable/text_edit_paste_window) that varies with configuration!!
06-09 09:57:36.742 W/Resources( 1325): Preloaded drawable resource #0x1080096 (android:drawable/toast_frame) that varies with configuration!!
06-09 09:57:36.743 I/Zygote  ( 1325): ...preloaded 114 resources in 10776ms.
06-09 09:57:36.782 E/Hyphenator( 1324): error loading hyphenation /system/usr/hyphen-data/hyph-as.hyb
06-09 09:57:36.782 E/Hyphenator( 1324): java.io.FileNotFoundException: /system/usr/hyphen-data/hyph-as.hyb: open failed: ENOENT (No such file or directory)
06-09 09:57:36.782 E/Hyphenator( 1324): 	at libcore.io.IoBridge.open(IoBridge.java:455)
06-09 09:57:36.782 E/Hyphenator( 1324): 	at java.io.RandomAccessFile.<init>(RandomAccessFile.java:247)
06-09 09:57:36.782 E/Hyphenator( 1324): 	at android.text.Hyphenator.loadHyphenator(Hyphenator.java:118)
06-09 09:57:36.782 E/Hyphenator( 1324): 	at android.text.Hyphenator.init(Hyphenator.java:224)
06-09 09:57:36.782 E/Hyphenator( 1324): 	at com.android.internal.os.ZygoteInit.preloadTextResources(ZygoteInit.java:252)
06-09 09:57:36.782 E/Hyphenator( 1324): 	at com.android.internal.os.ZygoteInit.preload(ZygoteInit.java:206)
06-09 09:57:36.782 E/Hyphenator( 1324): 	at com.android.internal.os.ZygoteInit.main(ZygoteInit.java:743)
06-09 09:57:36.782 E/Hyphenator( 1324): Caused by: android.system.ErrnoException: open failed: ENOENT (No such file or directory)
06-09 09:57:36.782 E/Hyphenator( 1324): 	at libcore.io.Posix.open(Native Method)
06-09 09:57:36.782 E/Hyphenator( 1324): 	at libcore.io.BlockGuardOs.open(BlockGuardOs.java:187)
06-09 09:57:36.782 E/Hyphenator( 1324): 	at libcore.io.IoBridge.open(IoBridge.java:441)
06-09 09:57:36.782 E/Hyphenator( 1324): 	... 6 more
06-09 09:57:36.785 E/Hyphenator( 1324): error loading hyphenation /system/usr/hyphen-data/hyph-bn.hyb
06-09 09:57:36.785 E/Hyphenator( 1324): java.io.FileNotFoundException: /system/usr/hyphen-data/hyph-bn.hyb: open failed: ENOENT (No such file or directory)
06-09 09:57:36.785 E/Hyphenator( 1324): 	at libcore.io.IoBridge.open(IoBridge.java:455)
06-09 09:57:36.785 E/Hyphenator( 1324): 	at java.io.RandomAccessFile.<init>(RandomAccessFile.java:247)
06-09 09:57:36.785 E/Hyphenator( 1324): 	at android.text.Hyphenator.loadHyphenator(Hyphenator.java:118)
06-09 09:57:36.785 E/Hyphenator( 1324): 	at android.text.Hyphenator.init(Hyphenator.java:224)
06-09 09:57:36.785 E/Hyphenator( 1324): 	at com.android.internal.os.ZygoteInit.preloadTextResources(ZygoteInit.java:252)
06-09 09:57:36.785 E/Hyphenator( 1324): 	at com.android.internal.os.ZygoteInit.preload(ZygoteInit.java:206)
06-09 09:57:36.785 E/Hyphenator( 1324): 	at com.android.internal.os.ZygoteInit.main(ZygoteInit.java:743)
06-09 09:57:36.785 E/Hyphenator( 1324): Caused by: android.system.ErrnoException: open failed: ENOENT (No such file or directory)
06-09 09:57:36.785 E/Hyphenator( 1324): 	at libcore.io.Posix.open(Native Method)
06-09 09:57:36.785 E/Hyphenator( 1324): 	at libcore.io.BlockGuardOs.open(BlockGuardOs.java:187)
06-09 09:57:36.785 E/Hyphenator( 1324): 	at libcore.io.IoBridge.open(IoBridge.java:441)
06-09 09:57:36.785 E/Hyphenator( 1324): 	... 6 more
06-09 09:57:36.786 E/Hyphenator( 1324): error loading hyphenation /system/usr/hyphen-data/hyph-cy.hyb
06-09 09:57:36.786 E/Hyphenator( 1324): java.io.FileNotFoundException: /system/usr/hyphen-data/hyph-cy.hyb: open failed: ENOENT (No such file or directory)
06-09 09:57:36.786 E/Hyphenator( 1324): 	at libcore.io.IoBridge.open(IoBridge.java:455)
06-09 09:57:36.786 E/Hyphenator( 1324): 	at java.io.RandomAccessFile.<init>(RandomAccessFile.java:247)
06-09 09:57:36.786 E/Hyphenator( 1324): 	at android.text.Hyphenator.loadHyphenator(Hyphenator.java:118)
06-09 09:57:36.786 E/Hyphenator( 1324): 	at android.text.Hyphenator.init(Hyphenator.java:224)
06-09 09:57:36.786 E/Hyphenator( 1324): 	at com.android.internal.os.ZygoteInit.preloadTextResources(ZygoteInit.java:252)
06-09 09:57:36.786 E/Hyphenator( 1324): 	at com.android.internal.os.ZygoteInit.preload(ZygoteInit.java:206)
06-09 09:57:36.786 E/Hyphenator( 1324): 	at com.android.internal.os.ZygoteInit.main(ZygoteInit.java:743)
06-09 09:57:36.786 E/Hyphenator( 1324): Caused by: android.system.ErrnoException: open failed: ENOENT (No such file or directory)
06-09 09:57:36.786 E/Hyphenator( 1324): 	at libcore.io.Posix.open(Native Method)
06-09 09:57:36.786 E/Hyphenator( 1324): 	at libcore.io.BlockGuardOs.open(BlockGuardOs.java:187)
06-09 09:57:36.786 E/Hyphenator( 1324): 	at libcore.io.IoBridge.open(IoBridge.java:441)
06-09 09:57:36.786 E/Hyphenator( 1324): 	... 6 more
06-09 09:57:36.788 E/Hyphenator( 1324): error loading hyphenation /system/usr/hyphen-data/hyph-da.hyb
06-09 09:57:36.788 E/Hyphenator( 1324): java.io.FileNotFoundException: /system/usr/hyphen-data/hyph-da.hyb: open failed: ENOENT (No such file or directory)
06-09 09:57:36.788 E/Hyphenator( 1324): 	at libcore.io.IoBridge.open(IoBridge.java:455)
06-09 09:57:36.788 E/Hyphenator( 1324): 	at java.io.RandomAccessFile.<init>(RandomAccessFile.java:247)
06-09 09:57:36.788 E/Hyphenator( 1324): 	at android.text.Hyphenator.loadHyphenator(Hyphenator.java:118)
06-09 09:57:36.788 E/Hyphenator( 1324): 	at android.text.Hyphenator.init(Hyphenator.java:224)
06-09 09:57:36.788 E/Hyphenator( 1324): 	at com.android.internal.os.ZygoteInit.preloadTextResources(ZygoteInit.java:252)
06-09 09:57:36.788 E/Hyphenator( 1324): 	at com.android.internal.os.ZygoteInit.preload(ZygoteInit.java:206)
06-09 09:57:36.788 E/Hyphenator( 1324): 	at com.android.internal.os.ZygoteInit.main(ZygoteInit.java:743)
06-09 09:57:36.788 E/Hyphenator( 1324): Caused by: android.system.ErrnoException: open failed: ENOENT (No such file or directory)
06-09 09:57:36.788 E/Hyphenator( 1324): 	at libcore.io.Posix.open(Native Method)
06-09 09:57:36.788 E/Hyphenator( 1324): 	at libcore.io.BlockGuardOs.open(BlockGuardOs.java:187)
06-09 09:57:36.788 E/Hyphenator( 1324): 	at libcore.io.IoBridge.open(IoBridge.java:441)
06-09 09:57:36.788 E/Hyphenator( 1324): 	... 6 more
06-09 09:57:36.853 E/Hyphenator( 1324): error loading hyphenation /system/usr/hyphen-data/hyph-de-1901.hyb
06-09 09:57:36.853 E/Hyphenator( 1324): java.io.FileNotFoundException: /system/usr/hyphen-data/hyph-de-1901.hyb: open failed: ENOENT (No such file or directory)
06-09 09:57:36.853 E/Hyphenator( 1324): 	at libcore.io.IoBridge.open(IoBridge.java:455)
06-09 09:57:36.853 E/Hyphenator( 1324): 	at java.io.RandomAccessFile.<init>(RandomAccessFile.java:247)
06-09 09:57:36.853 E/Hyphenator( 1324): 	at android.text.Hyphenator.loadHyphenator(Hyphenator.java:118)
06-09 09:57:36.853 E/Hyphenator( 1324): 	at android.text.Hyphenator.init(Hyphenator.java:224)
06-09 09:57:36.853 E/Hyphenator( 1324): 	at com.android.internal.os.ZygoteInit.preloadTextResources(ZygoteInit.java:252)
06-09 09:57:36.853 E/Hyphenator( 1324): 	at com.android.internal.os.ZygoteInit.preload(ZygoteInit.java:206)
06-09 09:57:36.853 E/Hyphenator( 1324): 	at com.android.internal.os.ZygoteInit.main(ZygoteInit.java:743)
06-09 09:57:36.853 E/Hyphenator( 1324): Caused by: android.system.ErrnoException: open failed: ENOENT (No such file or directory)
06-09 09:57:36.853 E/Hyphenator( 1324): 	at libcore.io.Posix.open(Native Method)
06-09 09:57:36.853 E/Hyphenator( 1324): 	at libcore.io.BlockGuardOs.open(BlockGuardOs.java:187)
06-09 09:57:36.853 E/Hyphenator( 1324): 	at libcore.io.IoBridge.open(IoBridge.java:441)
06-09 09:57:36.853 E/Hyphenator( 1324): 	... 6 more
06-09 09:57:36.855 E/Hyphenator( 1324): error loading hyphenation /system/usr/hyphen-data/hyph-de-1996.hyb
06-09 09:57:36.855 E/Hyphenator( 1324): java.io.FileNotFoundException: /system/usr/hyphen-data/hyph-de-1996.hyb: open failed: ENOENT (No such file or directory)
06-09 09:57:36.855 E/Hyphenator( 1324): 	at libcore.io.IoBridge.open(IoBridge.java:455)
06-09 09:57:36.855 E/Hyphenator( 1324): 	at java.io.RandomAccessFile.<init>(RandomAccessFile.java:247)
06-09 09:57:36.855 E/Hyphenator( 1324): 	at android.text.Hyphenator.loadHyphenator(Hyphenator.java:118)
06-09 09:57:36.855 E/Hyphenator( 1324): 	at android.text.Hyphenator.init(Hyphenator.java:224)
06-09 09:57:36.855 E/Hyphenator( 1324): 	at com.android.internal.os.ZygoteInit.preloadTextResources(ZygoteInit.java:252)
06-09 09:57:36.855 E/Hyphenator( 1324): 	at com.android.internal.os.ZygoteInit.preload(ZygoteInit.java:206)
06-09 09:57:36.855 E/Hyphenator( 1324): 	at com.android.internal.os.ZygoteInit.main(ZygoteInit.java:743)
06-09 09:57:36.855 E/Hyphenator( 1324): Caused by: android.system.ErrnoException: open failed: ENOENT (No such file or directory)
06-09 09:57:36.855 E/Hyphenator( 1324): 	at libcore.io.Posix.open(Native Method)
06-09 09:57:36.855 E/Hyphenator( 1324): 	at libcore.io.BlockGuardOs.open(BlockGuardOs.java:187)
06-09 09:57:36.855 E/Hyphenator( 1324): 	at libcore.io.IoBridge.open(IoBridge.java:441)
06-09 09:57:36.855 E/Hyphenator( 1324): 	... 6 more
06-09 09:57:36.858 E/Hyphenator( 1324): error loading hyphenation /system/usr/hyphen-data/hyph-de-ch-1901.hyb
06-09 09:57:36.858 E/Hyphenator( 1324): java.io.FileNotFoundException: /system/usr/hyphen-data/hyph-de-ch-1901.hyb: open failed: ENOENT (No such file or directory)
06-09 09:57:36.858 E/Hyphenator( 1324): 	at libcore.io.IoBridge.open(IoBridge.java:455)
06-09 09:57:36.858 E/Hyphenator( 1324): 	at java.io.RandomAccessFile.<init>(RandomAccessFile.java:247)
06-09 09:57:36.858 E/Hyphenator( 1324): 	at android.text.Hyphenator.loadHyphenator(Hyphenator.java:118)
06-09 09:57:36.858 E/Hyphenator( 1324): 	at android.text.Hyphenator.init(Hyphenator.java:224)
06-09 09:57:36.858 E/Hyphenator( 1324): 	at com.android.internal.os.ZygoteInit.preloadTextResources(ZygoteInit.java:252)
06-09 09:57:36.858 E/Hyphenator( 1324): 	at com.android.internal.os.ZygoteInit.preload(ZygoteInit.java:206)
06-09 09:57:36.858 E/Hyphenator( 1324): 	at com.android.internal.os.ZygoteInit.main(ZygoteInit.java:743)
06-09 09:57:36.858 E/Hyphenator( 1324): Caused by: android.system.ErrnoException: open failed: ENOENT (No such file or directory)
06-09 09:57:36.858 E/Hyphenator( 1324): 	at libcore.io.Posix.open(Native Method)
06-09 09:57:36.858 E/Hyphenator( 1324): 	at libcore.io.BlockGuardOs.open(BlockGuardOs.java:187)
06-09 09:57:36.858 E/Hyphenator( 1324): 	at libcore.io.IoBridge.open(IoBridge.java:441)
06-09 09:57:36.858 E/Hyphenator( 1324): 	... 6 more
06-09 09:57:36.859 E/Hyphenator( 1324): error loading hyphenation /system/usr/hyphen-data/hyph-en-gb.hyb
06-09 09:57:36.859 E/Hyphenator( 1324): java.io.FileNotFoundException: /system/usr/hyphen-data/hyph-en-gb.hyb: open failed: ENOENT (No such file or directory)
06-09 09:57:36.859 E/Hyphenator( 1324): 	at libcore.io.IoBridge.open(IoBridge.java:455)
06-09 09:57:36.859 E/Hyphenator( 1324): 	at java.io.RandomAccessFile.<init>(RandomAccessFile.java:247)
06-09 09:57:36.859 E/Hyphenator( 1324): 	at android.text.Hyphenator.loadHyphenator(Hyphenator.java:118)
06-09 09:57:36.859 E/Hyphenator( 1324): 	at android.text.Hyphenator.init(Hyphenator.java:224)
06-09 09:57:36.859 E/Hyphenator( 1324): 	at com.android.internal.os.ZygoteInit.preloadTextResources(ZygoteInit.java:252)
06-09 09:57:36.859 E/Hyphenator( 1324): 	at com.android.internal.os.ZygoteInit.preload(ZygoteInit.java:206)
06-09 09:57:36.859 E/Hyphenator( 1324): 	at com.android.internal.os.ZygoteInit.main(ZygoteInit.java:743)
06-09 09:57:36.859 E/Hyphenator( 1324): Caused by: android.system.ErrnoException: open failed: ENOENT (No such file or directory)
06-09 09:57:36.859 E/Hyphenator( 1324): 	at libcore.io.Posix.open(Native Method)
06-09 09:57:36.859 E/Hyphenator( 1324): 	at libcore.io.BlockGuardOs.open(BlockGuardOs.java:187)
06-09 09:57:36.859 E/Hyphenator( 1324): 	at libcore.io.IoBridge.open(IoBridge.java:441)
06-09 09:57:36.859 E/Hyphenator( 1324): 	... 6 more
06-09 09:57:36.914 W/Resources( 1325): Preloaded color resource #0x106010b (android:color/background_cache_hint_selector_material_dark) that varies with configuration!!
06-09 09:57:36.917 W/Resources( 1325): Preloaded color resource #0x1060110 (android:color/btn_default_material_dark) that varies with configuration!!
06-09 09:57:36.955 E/Hyphenator( 1324): error loading hyphenation /system/usr/hyphen-data/hyph-en-us.hyb
06-09 09:57:36.955 E/Hyphenator( 1324): java.io.FileNotFoundException: /system/usr/hyphen-data/hyph-en-us.hyb: open failed: ENOENT (No such file or directory)
06-09 09:57:36.955 E/Hyphenator( 1324): 	at libcore.io.IoBridge.open(IoBridge.java:455)
06-09 09:57:36.955 E/Hyphenator( 1324): 	at java.io.RandomAccessFile.<init>(RandomAccessFile.java:247)
06-09 09:57:36.955 E/Hyphenator( 1324): 	at android.text.Hyphenator.loadHyphenator(Hyphenator.java:118)
06-09 09:57:36.955 E/Hyphenator( 1324): 	at android.text.Hyphenator.init(Hyphenator.java:224)
06-09 09:57:36.955 E/Hyphenator( 1324): 	at com.android.internal.os.ZygoteInit.preloadTextResources(ZygoteInit.java:252)
06-09 09:57:36.955 E/Hyphenator( 1324): 	at com.android.internal.os.ZygoteInit.preload(ZygoteInit.java:206)
06-09 09:57:36.955 E/Hyphenator( 1324): 	at com.android.internal.os.ZygoteInit.main(ZygoteInit.java:743)
06-09 09:57:36.955 E/Hyphenator( 1324): Caused by: android.system.ErrnoException: open failed: ENOENT (No such file or directory)
06-09 09:57:36.955 E/Hyphenator( 1324): 	at libcore.io.Posix.open(Native Method)
06-09 09:57:36.955 E/Hyphenator( 1324): 	at libcore.io.BlockGuardOs.open(BlockGuardOs.java:187)
06-09 09:57:36.955 E/Hyphenator( 1324): 	at libcore.io.IoBridge.open(IoBridge.java:441)
06-09 09:57:36.955 E/Hyphenator( 1324): 	... 6 more
06-09 09:57:36.957 E/Hyphenator( 1324): error loading hyphenation /system/usr/hyphen-data/hyph-es.hyb
06-09 09:57:36.957 E/Hyphenator( 1324): java.io.FileNotFoundException: /system/usr/hyphen-data/hyph-es.hyb: open failed: ENOENT (No such file or directory)
06-09 09:57:36.957 E/Hyphenator( 1324): 	at libcore.io.IoBridge.open(IoBridge.java:455)
06-09 09:57:36.957 E/Hyphenator( 1324): 	at java.io.RandomAccessFile.<init>(RandomAccessFile.java:247)
06-09 09:57:36.957 E/Hyphenator( 1324): 	at android.text.Hyphenator.loadHyphenator(Hyphenator.java:118)
06-09 09:57:36.957 E/Hyphenator( 1324): 	at android.text.Hyphenator.init(Hyphenator.java:224)
06-09 09:57:36.957 E/Hyphenator( 1324): 	at com.android.internal.os.ZygoteInit.preloadTextResources(ZygoteInit.java:252)
06-09 09:57:36.957 E/Hyphenator( 1324): 	at com.android.internal.os.ZygoteInit.preload(ZygoteInit.java:206)
06-09 09:57:36.957 E/Hyphenator( 1324): 	at com.android.internal.os.ZygoteInit.main(ZygoteInit.java:743)
06-09 09:57:36.957 E/Hyphenator( 1324): Caused by: android.system.ErrnoException: open failed: ENOENT (No such file or directory)
06-09 09:57:36.957 E/Hyphenator( 1324): 	at libcore.io.Posix.open(Native Method)
06-09 09:57:36.957 E/Hyphenator( 1324): 	at libcore.io.BlockGuardOs.open(BlockGuardOs.java:187)
06-09 09:57:36.957 E/Hyphenator( 1324): 	at libcore.io.IoBridge.open(IoBridge.java:441)
06-09 09:57:36.957 E/Hyphenator( 1324): 	... 6 more
06-09 09:57:36.959 E/Hyphenator( 1324): error loading hyphenation /system/usr/hyphen-data/hyph-et.hyb
06-09 09:57:36.959 E/Hyphenator( 1324): java.io.FileNotFoundException: /system/usr/hyphen-data/hyph-et.hyb: open failed: ENOENT (No such file or directory)
06-09 09:57:36.959 E/Hyphenator( 1324): 	at libcore.io.IoBridge.open(IoBridge.java:455)
06-09 09:57:36.959 E/Hyphenator( 1324): 	at java.io.RandomAccessFile.<init>(RandomAccessFile.java:247)
06-09 09:57:36.959 E/Hyphenator( 1324): 	at android.text.Hyphenator.loadHyphenator(Hyphenator.java:118)
06-09 09:57:36.959 E/Hyphenator( 1324): 	at android.text.Hyphenator.init(Hyphenator.java:224)
06-09 09:57:36.959 E/Hyphenator( 1324): 	at com.android.internal.os.ZygoteInit.preloadTextResources(ZygoteInit.java:252)
06-09 09:57:36.959 E/Hyphenator( 1324): 	at com.android.internal.os.ZygoteInit.preload(ZygoteInit.java:206)
06-09 09:57:36.959 E/Hyphenator( 1324): 	at com.android.internal.os.ZygoteInit.main(ZygoteInit.java:743)
06-09 09:57:36.959 E/Hyphenator( 1324): Caused by: android.system.ErrnoException: open failed: ENOENT (No such file or directory)
06-09 09:57:36.959 E/Hyphenator( 1324): 	at libcore.io.Posix.open(Native Method)
06-09 09:57:36.959 E/Hyphenator( 1324): 	at libcore.io.BlockGuardOs.open(BlockGuardOs.java:187)
06-09 09:57:36.959 E/Hyphenator( 1324): 	at libcore.io.IoBridge.open(IoBridge.java:441)
06-09 09:57:36.959 E/Hyphenator( 1324): 	... 6 more
06-09 09:57:36.989 I/Zygote  ( 1325): ...preloaded 41 resources in 245ms.
06-09 09:57:37.012 E/Hyphenator( 1324): error loading hyphenation /system/usr/hyphen-data/hyph-eu.hyb
06-09 09:57:37.012 E/Hyphenator( 1324): java.io.FileNotFoundException: /system/usr/hyphen-data/hyph-eu.hyb: open failed: ENOENT (No such file or directory)
06-09 09:57:37.012 E/Hyphenator( 1324): 	at libcore.io.IoBridge.open(IoBridge.java:455)
06-09 09:57:37.012 E/Hyphenator( 1324): 	at java.io.RandomAccessFile.<init>(RandomAccessFile.java:247)
06-09 09:57:37.012 E/Hyphenator( 1324): 	at android.text.Hyphenator.loadHyphenator(Hyphenator.java:118)
06-09 09:57:37.012 E/Hyphenator( 1324): 	at android.text.Hyphenator.init(Hyphenator.java:224)
06-09 09:57:37.012 E/Hyphenator( 1324): 	at com.android.internal.os.ZygoteInit.preloadTextResources(ZygoteInit.java:252)
06-09 09:57:37.012 E/Hyphenator( 1324): 	at com.android.internal.os.ZygoteInit.preload(ZygoteInit.java:206)
06-09 09:57:37.012 E/Hyphenator( 1324): 	at com.android.internal.os.ZygoteInit.main(ZygoteInit.java:743)
06-09 09:57:37.012 E/Hyphenator( 1324): Caused by: android.system.ErrnoException: open failed: ENOENT (No such file or directory)
06-09 09:57:37.012 E/Hyphenator( 1324): 	at libcore.io.Posix.open(Native Method)
06-09 09:57:37.012 E/Hyphenator( 1324): 	at libcore.io.BlockGuardOs.open(BlockGuardOs.java:187)
06-09 09:57:37.012 E/Hyphenator( 1324): 	at libcore.io.IoBridge.open(IoBridge.java:441)
06-09 09:57:37.012 E/Hyphenator( 1324): 	... 6 more
06-09 09:57:37.014 E/Hyphenator( 1324): error loading hyphenation /system/usr/hyphen-data/hyph-fr.hyb
06-09 09:57:37.014 E/Hyphenator( 1324): java.io.FileNotFoundException: /system/usr/hyphen-data/hyph-fr.hyb: open failed: ENOENT (No such file or directory)
06-09 09:57:37.014 E/Hyphenator( 1324): 	at libcore.io.IoBridge.open(IoBridge.java:455)
06-09 09:57:37.014 E/Hyphenator( 1324): 	at java.io.RandomAccessFile.<init>(RandomAccessFile.java:247)
06-09 09:57:37.014 E/Hyphenator( 1324): 	at android.text.Hyphenator.loadHyphenator(Hyphenator.java:118)
06-09 09:57:37.014 E/Hyphenator( 1324): 	at android.text.Hyphenator.init(Hyphenator.java:224)
06-09 09:57:37.014 E/Hyphenator( 1324): 	at com.android.internal.os.ZygoteInit.preloadTextResources(ZygoteInit.java:252)
06-09 09:57:37.014 E/Hyphenator( 1324): 	at com.android.internal.os.ZygoteInit.preload(ZygoteInit.java:206)
06-09 09:57:37.014 E/Hyphenator( 1324): 	at com.android.internal.os.ZygoteInit.main(ZygoteInit.java:743)
06-09 09:57:37.014 E/Hyphenator( 1324): Caused by: android.system.ErrnoException: open failed: ENOENT (No such file or directory)
06-09 09:57:37.014 E/Hyphenator( 1324): 	at libcore.io.Posix.open(Native Method)
06-09 09:57:37.014 E/Hyphenator( 1324): 	at libcore.io.BlockGuardOs.open(BlockGuardOs.java:187)
06-09 09:57:37.014 E/Hyphenator( 1324): 	at libcore.io.IoBridge.open(IoBridge.java:441)
06-09 09:57:37.014 E/Hyphenator( 1324): 	... 6 more
06-09 09:57:37.015 E/Hyphenator( 1324): error loading hyphenation /system/usr/hyphen-data/hyph-ga.hyb
06-09 09:57:37.015 E/Hyphenator( 1324): java.io.FileNotFoundException: /system/usr/hyphen-data/hyph-ga.hyb: open failed: ENOENT (No such file or directory)
06-09 09:57:37.015 E/Hyphenator( 1324): 	at libcore.io.IoBridge.open(IoBridge.java:455)
06-09 09:57:37.015 E/Hyphenator( 1324): 	at java.io.RandomAccessFile.<init>(RandomAccessFile.java:247)
06-09 09:57:37.015 E/Hyphenator( 1324): 	at android.text.Hyphenator.loadHyphenator(Hyphenator.java:118)
