06-07 08:02:41.386 E/Hyphenator( 1325): 	at java.io.RandomAccessFile.<init>(RandomAccessFile.java:247)
06-07 08:02:41.386 E/Hyphenator( 1325): 	at android.text.Hyphenator.loadHyphenator(Hyphenator.java:118)
06-07 08:02:41.386 E/Hyphenator( 1325): 	at android.text.Hyphenator.init(Hyphenator.java:224)
06-07 08:02:41.386 E/Hyphenator( 1325): 	at com.android.internal.os.ZygoteInit.preloadTextResources(ZygoteInit.java:252)
06-07 08:02:41.386 E/Hyphenator( 1325): 	at com.android.internal.os.ZygoteInit.preload(ZygoteInit.java:206)
06-07 08:02:41.386 E/Hyphenator( 1325): 	at com.android.internal.os.ZygoteInit.main(ZygoteInit.java:743)
06-07 08:02:41.386 E/Hyphenator( 1325): Caused by: android.system.ErrnoException: open failed: ENOENT (No such file or directory)
06-07 08:02:41.386 E/Hyphenator( 1325): 	at libcore.io.Posix.open(Native Method)
06-07 08:02:41.386 E/Hyphenator( 1325): 	at libcore.io.BlockGuardOs.open(BlockGuardOs.java:187)
06-07 08:02:41.386 E/Hyphenator( 1325): 	at libcore.io.IoBridge.open(IoBridge.java:441)
06-07 08:02:41.386 E/Hyphenator( 1325): 	... 6 more
06-07 08:02:41.388 E/Hyphenator( 1325): error loading hyphenation /system/usr/hyphen-data/hyph-hr.hyb
06-07 08:02:41.388 E/Hyphenator( 1325): java.io.FileNotFoundException: /system/usr/hyphen-data/hyph-hr.hyb: open failed: ENOENT (No such file or directory)
06-07 08:02:41.388 E/Hyphenator( 1325): 	at libcore.io.IoBridge.open(IoBridge.java:455)
06-07 08:02:41.388 E/Hyphenator( 1325): 	at java.io.RandomAccessFile.<init>(RandomAccessFile.java:247)
06-07 08:02:41.388 E/Hyphenator( 1325): 	at android.text.Hyphenator.loadHyphenator(Hyphenator.java:118)
06-07 08:02:41.388 E/Hyphenator( 1325): 	at android.text.Hyphenator.init(Hyphenator.java:224)
06-07 08:02:41.388 E/Hyphenator( 1325): 	at com.android.internal.os.ZygoteInit.preloadTextResources(ZygoteInit.java:252)
06-07 08:02:41.388 E/Hyphenator( 1325): 	at com.android.internal.os.ZygoteInit.preload(ZygoteInit.java:206)
06-07 08:02:41.388 E/Hyphenator( 1325): 	at com.android.internal.os.ZygoteInit.main(ZygoteInit.java:743)
06-07 08:02:41.388 E/Hyphenator( 1325): Caused by: android.system.ErrnoException: open failed: ENOENT (No such file or directory)
06-07 08:02:41.388 E/Hyphenator( 1325): 	at libcore.io.Posix.open(Native Method)
06-07 08:02:41.388 E/Hyphenator( 1325): 	at libcore.io.BlockGuardOs.open(BlockGuardOs.java:187)
06-07 08:02:41.388 E/Hyphenator( 1325): 	at libcore.io.IoBridge.open(IoBridge.java:441)
06-07 08:02:41.388 E/Hyphenator( 1325): 	... 6 more
06-07 08:02:41.389 E/Hyphenator( 1325): error loading hyphenation /system/usr/hyphen-data/hyph-hu.hyb
06-07 08:02:41.389 E/Hyphenator( 1325): java.io.FileNotFoundException: /system/usr/hyphen-data/hyph-hu.hyb: open failed: ENOENT (No such file or directory)
06-07 08:02:41.389 E/Hyphenator( 1325): 	at libcore.io.IoBridge.open(IoBridge.java:455)
06-07 08:02:41.389 E/Hyphenator( 1325): 	at java.io.RandomAccessFile.<init>(RandomAccessFile.java:247)
06-07 08:02:41.389 E/Hyphenator( 1325): 	at android.text.Hyphenator.loadHyphenator(Hyphenator.java:118)
06-07 08:02:41.389 E/Hyphenator( 1325): 	at android.text.Hyphenator.init(Hyphenator.java:224)
06-07 08:02:41.389 E/Hyphenator( 1325): 	at com.android.internal.os.ZygoteInit.preloadTextResources(ZygoteInit.java:252)
06-07 08:02:41.389 E/Hyphenator( 1325): 	at com.android.internal.os.ZygoteInit.preload(ZygoteInit.java:206)
06-07 08:02:41.389 E/Hyphenator( 1325): 	at com.android.internal.os.ZygoteInit.main(ZygoteInit.java:743)
06-07 08:02:41.389 E/Hyphenator( 1325): Caused by: android.system.ErrnoException: open failed: ENOENT (No such file or directory)
06-07 08:02:41.389 E/Hyphenator( 1325): 	at libcore.io.Posix.open(Native Method)
06-07 08:02:41.389 E/Hyphenator( 1325): 	at libcore.io.BlockGuardOs.open(BlockGuardOs.java:187)
06-07 08:02:41.389 E/Hyphenator( 1325): 	at libcore.io.IoBridge.open(IoBridge.java:441)
06-07 08:02:41.389 E/Hyphenator( 1325): 	... 6 more
06-07 08:02:41.402 E/Hyphenator( 1325): error loading hyphenation /system/usr/hyphen-data/hyph-hy.hyb
06-07 08:02:41.402 E/Hyphenator( 1325): java.io.FileNotFoundException: /system/usr/hyphen-data/hyph-hy.hyb: open failed: ENOENT (No such file or directory)
06-07 08:02:41.402 E/Hyphenator( 1325): 	at libcore.io.IoBridge.open(IoBridge.java:455)
06-07 08:02:41.402 E/Hyphenator( 1325): 	at java.io.RandomAccessFile.<init>(RandomAccessFile.java:247)
06-07 08:02:41.402 E/Hyphenator( 1325): 	at android.text.Hyphenator.loadHyphenator(Hyphenator.java:118)
06-07 08:02:41.402 E/Hyphenator( 1325): 	at android.text.Hyphenator.init(Hyphenator.java:224)
06-07 08:02:41.402 E/Hyphenator( 1325): 	at com.android.internal.os.ZygoteInit.preloadTextResources(ZygoteInit.java:252)
06-07 08:02:41.402 E/Hyphenator( 1325): 	at com.android.internal.os.ZygoteInit.preload(ZygoteInit.java:206)
06-07 08:02:41.402 E/Hyphenator( 1325): 	at com.android.internal.os.ZygoteInit.main(ZygoteInit.java:743)
06-07 08:02:41.402 E/Hyphenator( 1325): Caused by: android.system.ErrnoException: open failed: ENOENT (No such file or directory)
06-07 08:02:41.402 E/Hyphenator( 1325): 	at libcore.io.Posix.open(Native Method)
06-07 08:02:41.402 E/Hyphenator( 1325): 	at libcore.io.BlockGuardOs.open(BlockGuardOs.java:187)
06-07 08:02:41.402 E/Hyphenator( 1325): 	at libcore.io.IoBridge.open(IoBridge.java:441)
06-07 08:02:41.402 E/Hyphenator( 1325): 	... 6 more
06-07 08:02:41.404 E/Hyphenator( 1325): error loading hyphenation /system/usr/hyphen-data/hyph-kn.hyb
06-07 08:02:41.404 E/Hyphenator( 1325): java.io.FileNotFoundException: /system/usr/hyphen-data/hyph-kn.hyb: open failed: ENOENT (No such file or directory)
06-07 08:02:41.404 E/Hyphenator( 1325): 	at libcore.io.IoBridge.open(IoBridge.java:455)
06-07 08:02:41.404 E/Hyphenator( 1325): 	at java.io.RandomAccessFile.<init>(RandomAccessFile.java:247)
06-07 08:02:41.404 E/Hyphenator( 1325): 	at android.text.Hyphenator.loadHyphenator(Hyphenator.java:118)
06-07 08:02:41.404 E/Hyphenator( 1325): 	at android.text.Hyphenator.init(Hyphenator.java:224)
06-07 08:02:41.404 E/Hyphenator( 1325): 	at com.android.internal.os.ZygoteInit.preloadTextResources(ZygoteInit.java:252)
06-07 08:02:41.404 E/Hyphenator( 1325): 	at com.android.internal.os.ZygoteInit.preload(ZygoteInit.java:206)
06-07 08:02:41.404 E/Hyphenator( 1325): 	at com.android.internal.os.ZygoteInit.main(ZygoteInit.java:743)
06-07 08:02:41.404 E/Hyphenator( 1325): Caused by: android.system.ErrnoException: open failed: ENOENT (No such file or directory)
06-07 08:02:41.404 E/Hyphenator( 1325): 	at libcore.io.Posix.open(Native Method)
06-07 08:02:41.404 E/Hyphenator( 1325): 	at libcore.io.BlockGuardOs.open(BlockGuardOs.java:187)
06-07 08:02:41.404 E/Hyphenator( 1325): 	at libcore.io.IoBridge.open(IoBridge.java:441)
06-07 08:02:41.404 E/Hyphenator( 1325): 	... 6 more
06-07 08:02:41.406 E/Hyphenator( 1325): error loading hyphenation /system/usr/hyphen-data/hyph-ml.hyb
06-07 08:02:41.406 E/Hyphenator( 1325): java.io.FileNotFoundException: /system/usr/hyphen-data/hyph-ml.hyb: open failed: ENOENT (No such file or directory)
06-07 08:02:41.406 E/Hyphenator( 1325): 	at libcore.io.IoBridge.open(IoBridge.java:455)
06-07 08:02:41.406 E/Hyphenator( 1325): 	at java.io.RandomAccessFile.<init>(RandomAccessFile.java:247)
06-07 08:02:41.406 E/Hyphenator( 1325): 	at android.text.Hyphenator.loadHyphenator(Hyphenator.java:118)
06-07 08:02:41.406 E/Hyphenator( 1325): 	at android.text.Hyphenator.init(Hyphenator.java:224)
06-07 08:02:41.406 E/Hyphenator( 1325): 	at com.android.internal.os.ZygoteInit.preloadTextResources(ZygoteInit.java:252)
06-07 08:02:41.406 E/Hyphenator( 1325): 	at com.android.internal.os.ZygoteInit.preload(ZygoteInit.java:206)
06-07 08:02:41.406 E/Hyphenator( 1325): 	at com.android.internal.os.ZygoteInit.main(ZygoteInit.java:743)
06-07 08:02:41.406 E/Hyphenator( 1325): Caused by: android.system.ErrnoException: open failed: ENOENT (No such file or directory)
06-07 08:02:41.406 E/Hyphenator( 1325): 	at libcore.io.Posix.open(Native Method)
06-07 08:02:41.406 E/Hyphenator( 1325): 	at libcore.io.BlockGuardOs.open(BlockGuardOs.java:187)
06-07 08:02:41.406 E/Hyphenator( 1325): 	at libcore.io.IoBridge.open(IoBridge.java:441)
06-07 08:02:41.406 E/Hyphenator( 1325): 	... 6 more
06-07 08:02:41.418 E/Hyphenator( 1325): error loading hyphenation /system/usr/hyphen-data/hyph-mn-cyrl.hyb
06-07 08:02:41.418 E/Hyphenator( 1325): java.io.FileNotFoundException: /system/usr/hyphen-data/hyph-mn-cyrl.hyb: open failed: ENOENT (No such file or directory)
06-07 08:02:41.418 E/Hyphenator( 1325): 	at libcore.io.IoBridge.open(IoBridge.java:455)
06-07 08:02:41.418 E/Hyphenator( 1325): 	at java.io.RandomAccessFile.<init>(RandomAccessFile.java:247)
06-07 08:02:41.418 E/Hyphenator( 1325): 	at android.text.Hyphenator.loadHyphenator(Hyphenator.java:118)
06-07 08:02:41.418 E/Hyphenator( 1325): 	at android.text.Hyphenator.init(Hyphenator.java:224)
06-07 08:02:41.418 E/Hyphenator( 1325): 	at com.android.internal.os.ZygoteInit.preloadTextResources(ZygoteInit.java:252)
06-07 08:02:41.418 E/Hyphenator( 1325): 	at com.android.internal.os.ZygoteInit.preload(ZygoteInit.java:206)
06-07 08:02:41.418 E/Hyphenator( 1325): 	at com.android.internal.os.ZygoteInit.main(ZygoteInit.java:743)
06-07 08:02:41.418 E/Hyphenator( 1325): Caused by: android.system.ErrnoException: open failed: ENOENT (No such file or directory)
06-07 08:02:41.418 E/Hyphenator( 1325): 	at libcore.io.Posix.open(Native Method)
06-07 08:02:41.418 E/Hyphenator( 1325): 	at libcore.io.BlockGuardOs.open(BlockGuardOs.java:187)
06-07 08:02:41.418 E/Hyphenator( 1325): 	at libcore.io.IoBridge.open(IoBridge.java:441)
06-07 08:02:41.418 E/Hyphenator( 1325): 	... 6 more
06-07 08:02:41.431 I/art     ( 1324): Explicit concurrent mark sweep GC freed 1252(62KB) AllocSpace objects, 0(0B) LOS objects, 39% free, 6MB/10MB, paused 325us total 177.322ms
06-07 08:02:41.434 E/Hyphenator( 1325): error loading hyphenation /system/usr/hyphen-data/hyph-mr.hyb
06-07 08:02:41.434 E/Hyphenator( 1325): java.io.FileNotFoundException: /system/usr/hyphen-data/hyph-mr.hyb: open failed: ENOENT (No such file or directory)
06-07 08:02:41.434 E/Hyphenator( 1325): 	at libcore.io.IoBridge.open(IoBridge.java:455)
06-07 08:02:41.434 E/Hyphenator( 1325): 	at java.io.RandomAccessFile.<init>(RandomAccessFile.java:247)
06-07 08:02:41.434 E/Hyphenator( 1325): 	at android.text.Hyphenator.loadHyphenator(Hyphenator.java:118)
06-07 08:02:41.434 E/Hyphenator( 1325): 	at android.text.Hyphenator.init(Hyphenator.java:224)
06-07 08:02:41.434 E/Hyphenator( 1325): 	at com.android.internal.os.ZygoteInit.preloadTextResources(ZygoteInit.java:252)
06-07 08:02:41.434 E/Hyphenator( 1325): 	at com.android.internal.os.ZygoteInit.preload(ZygoteInit.java:206)
06-07 08:02:41.434 E/Hyphenator( 1325): 	at com.android.internal.os.ZygoteInit.main(ZygoteInit.java:743)
06-07 08:02:41.434 E/Hyphenator( 1325): Caused by: android.system.ErrnoException: open failed: ENOENT (No such file or directory)
06-07 08:02:41.434 E/Hyphenator( 1325): 	at libcore.io.Posix.open(Native Method)
06-07 08:02:41.434 E/Hyphenator( 1325): 	at libcore.io.BlockGuardOs.open(BlockGuardOs.java:187)
06-07 08:02:41.434 E/Hyphenator( 1325): 	at libcore.io.IoBridge.open(IoBridge.java:441)
06-07 08:02:41.434 E/Hyphenator( 1325): 	... 6 more
06-07 08:02:41.436 E/Hyphenator( 1325): error loading hyphenation /system/usr/hyphen-data/hyph-nb.hyb
06-07 08:02:41.436 E/Hyphenator( 1325): java.io.FileNotFoundException: /system/usr/hyphen-data/hyph-nb.hyb: open failed: ENOENT (No such file or directory)
06-07 08:02:41.436 E/Hyphenator( 1325): 	at libcore.io.IoBridge.open(IoBridge.java:455)
06-07 08:02:41.436 E/Hyphenator( 1325): 	at java.io.RandomAccessFile.<init>(RandomAccessFile.java:247)
06-07 08:02:41.436 E/Hyphenator( 1325): 	at android.text.Hyphenator.loadHyphenator(Hyphenator.java:118)
06-07 08:02:41.436 E/Hyphenator( 1325): 	at android.text.Hyphenator.init(Hyphenator.java:224)
06-07 08:02:41.436 E/Hyphenator( 1325): 	at com.android.internal.os.ZygoteInit.preloadTextResources(ZygoteInit.java:252)
06-07 08:02:41.436 E/Hyphenator( 1325): 	at com.android.internal.os.ZygoteInit.preload(ZygoteInit.java:206)
06-07 08:02:41.436 E/Hyphenator( 1325): 	at com.android.internal.os.ZygoteInit.main(ZygoteInit.java:743)
06-07 08:02:41.436 E/Hyphenator( 1325): Caused by: android.system.ErrnoException: open failed: ENOENT (No such file or directory)
06-07 08:02:41.436 E/Hyphenator( 1325): 	at libcore.io.Posix.open(Native Method)
06-07 08:02:41.436 E/Hyphenator( 1325): 	at libcore.io.BlockGuardOs.open(BlockGuardOs.java:187)
06-07 08:02:41.436 E/Hyphenator( 1325): 	at libcore.io.IoBridge.open(IoBridge.java:441)
06-07 08:02:41.436 E/Hyphenator( 1325): 	... 6 more
06-07 08:02:41.438 E/Hyphenator( 1325): error loading hyphenation /system/usr/hyphen-data/hyph-nn.hyb
06-07 08:02:41.438 E/Hyphenator( 1325): java.io.FileNotFoundException: /system/usr/hyphen-data/hyph-nn.hyb: open failed: ENOENT (No such file or directory)
06-07 08:02:41.438 E/Hyphenator( 1325): 	at libcore.io.IoBridge.open(IoBridge.java:455)
06-07 08:02:41.438 E/Hyphenator( 1325): 	at java.io.RandomAccessFile.<init>(RandomAccessFile.java:247)
06-07 08:02:41.438 E/Hyphenator( 1325): 	at android.text.Hyphenator.loadHyphenator(Hyphenator.java:118)
06-07 08:02:41.438 E/Hyphenator( 1325): 	at android.text.Hyphenator.init(Hyphenator.java:224)
06-07 08:02:41.438 E/Hyphenator( 1325): 	at com.android.internal.os.ZygoteInit.preloadTextResources(ZygoteInit.java:252)
06-07 08:02:41.438 E/Hyphenator( 1325): 	at com.android.internal.os.ZygoteInit.preload(ZygoteInit.java:206)
06-07 08:02:41.438 E/Hyphenator( 1325): 	at com.android.internal.os.ZygoteInit.main(ZygoteInit.java:743)
06-07 08:02:41.438 E/Hyphenator( 1325): Caused by: android.system.ErrnoException: open failed: ENOENT (No such file or directory)
06-07 08:02:41.438 E/Hyphenator( 1325): 	at libcore.io.Posix.open(Native Method)
06-07 08:02:41.438 E/Hyphenator( 1325): 	at libcore.io.BlockGuardOs.open(BlockGuardOs.java:187)
06-07 08:02:41.438 E/Hyphenator( 1325): 	at libcore.io.IoBridge.open(IoBridge.java:441)
06-07 08:02:41.438 E/Hyphenator( 1325): 	... 6 more
06-07 08:02:41.450 I/art     ( 1324): Starting a blocking GC Explicit
06-07 08:02:41.462 E/Hyphenator( 1325): error loading hyphenation /system/usr/hyphen-data/hyph-or.hyb
06-07 08:02:41.462 E/Hyphenator( 1325): java.io.FileNotFoundException: /system/usr/hyphen-data/hyph-or.hyb: open failed: ENOENT (No such file or directory)
06-07 08:02:41.462 E/Hyphenator( 1325): 	at libcore.io.IoBridge.open(IoBridge.java:455)
06-07 08:02:41.462 E/Hyphenator( 1325): 	at java.io.RandomAccessFile.<init>(RandomAccessFile.java:247)
06-07 08:02:41.462 E/Hyphenator( 1325): 	at android.text.Hyphenator.loadHyphenator(Hyphenator.java:118)
06-07 08:02:41.462 E/Hyphenator( 1325): 	at android.text.Hyphenator.init(Hyphenator.java:224)
06-07 08:02:41.462 E/Hyphenator( 1325): 	at com.android.internal.os.ZygoteInit.preloadTextResources(ZygoteInit.java:252)
06-07 08:02:41.462 E/Hyphenator( 1325): 	at com.android.internal.os.ZygoteInit.preload(ZygoteInit.java:206)
06-07 08:02:41.462 E/Hyphenator( 1325): 	at com.android.internal.os.ZygoteInit.main(ZygoteInit.java:743)
06-07 08:02:41.462 E/Hyphenator( 1325): Caused by: android.system.ErrnoException: open failed: ENOENT (No such file or directory)
06-07 08:02:41.462 E/Hyphenator( 1325): 	at libcore.io.Posix.open(Native Method)
06-07 08:02:41.462 E/Hyphenator( 1325): 	at libcore.io.BlockGuardOs.open(BlockGuardOs.java:187)
06-07 08:02:41.462 E/Hyphenator( 1325): 	at libcore.io.IoBridge.open(IoBridge.java:441)
06-07 08:02:41.462 E/Hyphenator( 1325): 	... 6 more
06-07 08:02:41.464 E/Hyphenator( 1325): error loading hyphenation /system/usr/hyphen-data/hyph-pa.hyb
06-07 08:02:41.464 E/Hyphenator( 1325): java.io.FileNotFoundException: /system/usr/hyphen-data/hyph-pa.hyb: open failed: ENOENT (No such file or directory)
06-07 08:02:41.464 E/Hyphenator( 1325): 	at libcore.io.IoBridge.open(IoBridge.java:455)
06-07 08:02:41.464 E/Hyphenator( 1325): 	at java.io.RandomAccessFile.<init>(RandomAccessFile.java:247)
06-07 08:02:41.464 E/Hyphenator( 1325): 	at android.text.Hyphenator.loadHyphenator(Hyphenator.java:118)
06-07 08:02:41.464 E/Hyphenator( 1325): 	at android.text.Hyphenator.init(Hyphenator.java:224)
06-07 08:02:41.464 E/Hyphenator( 1325): 	at com.android.internal.os.ZygoteInit.preloadTextResources(ZygoteInit.java:252)
06-07 08:02:41.464 E/Hyphenator( 1325): 	at com.android.internal.os.ZygoteInit.preload(ZygoteInit.java:206)
06-07 08:02:41.464 E/Hyphenator( 1325): 	at com.android.internal.os.ZygoteInit.main(ZygoteInit.java:743)
06-07 08:02:41.464 E/Hyphenator( 1325): Caused by: android.system.ErrnoException: open failed: ENOENT (No such file or directory)
06-07 08:02:41.464 E/Hyphenator( 1325): 	at libcore.io.Posix.open(Native Method)
06-07 08:02:41.464 E/Hyphenator( 1325): 	at libcore.io.BlockGuardOs.open(BlockGuardOs.java:187)
06-07 08:02:41.464 E/Hyphenator( 1325): 	at libcore.io.IoBridge.open(IoBridge.java:441)
06-07 08:02:41.464 E/Hyphenator( 1325): 	... 6 more
06-07 08:02:41.466 E/Hyphenator( 1325): error loading hyphenation /system/usr/hyphen-data/hyph-pt.hyb
06-07 08:02:41.466 E/Hyphenator( 1325): java.io.FileNotFoundException: /system/usr/hyphen-data/hyph-pt.hyb: open failed: ENOENT (No such file or directory)
06-07 08:02:41.466 E/Hyphenator( 1325): 	at libcore.io.IoBridge.open(IoBridge.java:455)
06-07 08:02:41.466 E/Hyphenator( 1325): 	at java.io.RandomAccessFile.<init>(RandomAccessFile.java:247)
06-07 08:02:41.466 E/Hyphenator( 1325): 	at android.text.Hyphenator.loadHyphenator(Hyphenator.java:118)
06-07 08:02:41.466 E/Hyphenator( 1325): 	at android.text.Hyphenator.init(Hyphenator.java:224)
06-07 08:02:41.466 E/Hyphenator( 1325): 	at com.android.internal.os.ZygoteInit.preloadTextResources(ZygoteInit.java:252)
06-07 08:02:41.466 E/Hyphenator( 1325): 	at com.android.internal.os.ZygoteInit.preload(ZygoteInit.java:206)
06-07 08:02:41.466 E/Hyphenator( 1325): 	at com.android.internal.os.ZygoteInit.main(ZygoteInit.java:743)
06-07 08:02:41.466 E/Hyphenator( 1325): Caused by: android.system.ErrnoException: open failed: ENOENT (No such file or directory)
06-07 08:02:41.466 E/Hyphenator( 1325): 	at libcore.io.Posix.open(Native Method)
06-07 08:02:41.466 E/Hyphenator( 1325): 	at libcore.io.BlockGuardOs.open(BlockGuardOs.java:187)
06-07 08:02:41.466 E/Hyphenator( 1325): 	at libcore.io.IoBridge.open(IoBridge.java:441)
06-07 08:02:41.466 E/Hyphenator( 1325): 	... 6 more
06-07 08:02:41.468 E/Hyphenator( 1325): error loading hyphenation /system/usr/hyphen-data/hyph-sl.hyb
06-07 08:02:41.468 E/Hyphenator( 1325): java.io.FileNotFoundException: /system/usr/hyphen-data/hyph-sl.hyb: open failed: ENOENT (No such file or directory)
06-07 08:02:41.468 E/Hyphenator( 1325): 	at libcore.io.IoBridge.open(IoBridge.java:455)
06-07 08:02:41.468 E/Hyphenator( 1325): 	at java.io.RandomAccessFile.<init>(RandomAccessFile.java:247)
06-07 08:02:41.468 E/Hyphenator( 1325): 	at android.text.Hyphenator.loadHyphenator(Hyphenator.java:118)
06-07 08:02:41.468 E/Hyphenator( 1325): 	at android.text.Hyphenator.init(Hyphenator.java:224)
06-07 08:02:41.468 E/Hyphenator( 1325): 	at com.android.internal.os.ZygoteInit.preloadTextResources(ZygoteInit.java:252)
06-07 08:02:41.468 E/Hyphenator( 1325): 	at com.android.internal.os.ZygoteInit.preload(ZygoteInit.java:206)
06-07 08:02:41.468 E/Hyphenator( 1325): 	at com.android.internal.os.ZygoteInit.main(ZygoteInit.java:743)
06-07 08:02:41.468 E/Hyphenator( 1325): Caused by: android.system.ErrnoException: open failed: ENOENT (No such file or directory)
06-07 08:02:41.468 E/Hyphenator( 1325): 	at libcore.io.Posix.open(Native Method)
06-07 08:02:41.468 E/Hyphenator( 1325): 	at libcore.io.BlockGuardOs.open(BlockGuardOs.java:187)
06-07 08:02:41.468 E/Hyphenator( 1325): 	at libcore.io.IoBridge.open(IoBridge.java:441)
06-07 08:02:41.468 E/Hyphenator( 1325): 	... 6 more
06-07 08:02:41.500 E/Hyphenator( 1325): error loading hyphenation /system/usr/hyphen-data/hyph-ta.hyb
06-07 08:02:41.500 E/Hyphenator( 1325): java.io.FileNotFoundException: /system/usr/hyphen-data/hyph-ta.hyb: open failed: ENOENT (No such file or directory)
06-07 08:02:41.500 E/Hyphenator( 1325): 	at libcore.io.IoBridge.open(IoBridge.java:455)
06-07 08:02:41.500 E/Hyphenator( 1325): 	at java.io.RandomAccessFile.<init>(RandomAccessFile.java:247)
06-07 08:02:41.500 E/Hyphenator( 1325): 	at android.text.Hyphenator.loadHyphenator(Hyphenator.java:118)
06-07 08:02:41.500 E/Hyphenator( 1325): 	at android.text.Hyphenator.init(Hyphenator.java:224)
06-07 08:02:41.500 E/Hyphenator( 1325): 	at com.android.internal.os.ZygoteInit.preloadTextResources(ZygoteInit.java:252)
06-07 08:02:41.500 E/Hyphenator( 1325): 	at com.android.internal.os.ZygoteInit.preload(ZygoteInit.java:206)
06-07 08:02:41.500 E/Hyphenator( 1325): 	at com.android.internal.os.ZygoteInit.main(ZygoteInit.java:743)
06-07 08:02:41.500 E/Hyphenator( 1325): Caused by: android.system.ErrnoException: open failed: ENOENT (No such file or directory)
06-07 08:02:41.500 E/Hyphenator( 1325): 	at libcore.io.Posix.open(Native Method)
06-07 08:02:41.500 E/Hyphenator( 1325): 	at libcore.io.BlockGuardOs.open(BlockGuardOs.java:187)
06-07 08:02:41.500 E/Hyphenator( 1325): 	at libcore.io.IoBridge.open(IoBridge.java:441)
06-07 08:02:41.500 E/Hyphenator( 1325): 	... 6 more
06-07 08:02:41.502 E/Hyphenator( 1325): error loading hyphenation /system/usr/hyphen-data/hyph-te.hyb
06-07 08:02:41.502 E/Hyphenator( 1325): java.io.FileNotFoundException: /system/usr/hyphen-data/hyph-te.hyb: open failed: ENOENT (No such file or directory)
06-07 08:02:41.502 E/Hyphenator( 1325): 	at libcore.io.IoBridge.open(IoBridge.java:455)
06-07 08:02:41.502 E/Hyphenator( 1325): 	at java.io.RandomAccessFile.<init>(RandomAccessFile.java:247)
06-07 08:02:41.502 E/Hyphenator( 1325): 	at android.text.Hyphenator.loadHyphenator(Hyphenator.java:118)
06-07 08:02:41.502 E/Hyphenator( 1325): 	at android.text.Hyphenator.init(Hyphenator.java:224)
06-07 08:02:41.502 E/Hyphenator( 1325): 	at com.android.internal.os.ZygoteInit.preloadTextResources(ZygoteInit.java:252)
06-07 08:02:41.502 E/Hyphenator( 1325): 	at com.android.internal.os.ZygoteInit.preload(ZygoteInit.java:206)
06-07 08:02:41.502 E/Hyphenator( 1325): 	at com.android.internal.os.ZygoteInit.main(ZygoteInit.java:743)
06-07 08:02:41.502 E/Hyphenator( 1325): Caused by: android.system.ErrnoException: open failed: ENOENT (No such file or directory)
06-07 08:02:41.502 E/Hyphenator( 1325): 	at libcore.io.Posix.open(Native Method)
06-07 08:02:41.502 E/Hyphenator( 1325): 	at libcore.io.BlockGuardOs.open(BlockGuardOs.java:187)
06-07 08:02:41.502 E/Hyphenator( 1325): 	at libcore.io.IoBridge.open(IoBridge.java:441)
06-07 08:02:41.502 E/Hyphenator( 1325): 	... 6 more
06-07 08:02:41.504 E/Hyphenator( 1325): error loading hyphenation /system/usr/hyphen-data/hyph-tk.hyb
06-07 08:02:41.504 E/Hyphenator( 1325): java.io.FileNotFoundException: /system/usr/hyphen-data/hyph-tk.hyb: open failed: ENOENT (No such file or directory)
06-07 08:02:41.504 E/Hyphenator( 1325): 	at libcore.io.IoBridge.open(IoBridge.java:455)
06-07 08:02:41.504 E/Hyphenator( 1325): 	at java.io.RandomAccessFile.<init>(RandomAccessFile.java:247)
06-07 08:02:41.504 E/Hyphenator( 1325): 	at android.text.Hyphenator.loadHyphenator(Hyphenator.java:118)
06-07 08:02:41.504 E/Hyphenator( 1325): 	at android.text.Hyphenator.init(Hyphenator.java:224)
06-07 08:02:41.504 E/Hyphenator( 1325): 	at com.android.internal.os.ZygoteInit.preloadTextResources(ZygoteInit.java:252)
06-07 08:02:41.504 E/Hyphenator( 1325): 	at com.android.internal.os.ZygoteInit.preload(ZygoteInit.java:206)
06-07 08:02:41.504 E/Hyphenator( 1325): 	at com.android.internal.os.ZygoteInit.main(ZygoteInit.java:743)
06-07 08:02:41.504 E/Hyphenator( 1325): Caused by: android.system.ErrnoException: open failed: ENOENT (No such file or directory)
06-07 08:02:41.504 E/Hyphenator( 1325): 	at libcore.io.Posix.open(Native Method)
06-07 08:02:41.504 E/Hyphenator( 1325): 	at libcore.io.BlockGuardOs.open(BlockGuardOs.java:187)
06-07 08:02:41.504 E/Hyphenator( 1325): 	at libcore.io.IoBridge.open(IoBridge.java:441)
06-07 08:02:41.504 E/Hyphenator( 1325): 	... 6 more
06-07 08:02:41.506 E/Hyphenator( 1325): error loading hyphenation /system/usr/hyphen-data/hyph-und-ethi.hyb
06-07 08:02:41.506 E/Hyphenator( 1325): java.io.FileNotFoundException: /system/usr/hyphen-data/hyph-und-ethi.hyb: open failed: ENOENT (No such file or directory)
06-07 08:02:41.506 E/Hyphenator( 1325): 	at libcore.io.IoBridge.open(IoBridge.java:455)
06-07 08:02:41.506 E/Hyphenator( 1325): 	at java.io.RandomAccessFile.<init>(RandomAccessFile.java:247)
06-07 08:02:41.506 E/Hyphenator( 1325): 	at android.text.Hyphenator.loadHyphenator(Hyphenator.java:118)
06-07 08:02:41.506 E/Hyphenator( 1325): 	at android.text.Hyphenator.init(Hyphenator.java:224)
06-07 08:02:41.506 E/Hyphenator( 1325): 	at com.android.internal.os.ZygoteInit.preloadTextResources(ZygoteInit.java:252)
06-07 08:02:41.506 E/Hyphenator( 1325): 	at com.android.internal.os.ZygoteInit.preload(ZygoteInit.java:206)
06-07 08:02:41.506 E/Hyphenator( 1325): 	at com.android.internal.os.ZygoteInit.main(ZygoteInit.java:743)
06-07 08:02:41.506 E/Hyphenator( 1325): Caused by: android.system.ErrnoException: open failed: ENOENT (No such file or directory)
06-07 08:02:41.506 E/Hyphenator( 1325): 	at libcore.io.Posix.open(Native Method)
06-07 08:02:41.506 E/Hyphenator( 1325): 	at libcore.io.BlockGuardOs.open(BlockGuardOs.java:187)
06-07 08:02:41.506 E/Hyphenator( 1325): 	at libcore.io.IoBridge.open(IoBridge.java:441)
06-07 08:02:41.506 E/Hyphenator( 1325): 	... 6 more
06-07 08:02:41.552 I/art     ( 1324): Explicit concurrent mark sweep GC freed 5(128B) AllocSpace objects, 0(0B) LOS objects, 39% free, 6MB/10MB, paused 313us total 101.046ms
06-07 08:02:41.570 I/art     ( 1324): Starting a blocking GC HeapTrim
06-07 08:02:41.720 I/art     ( 1324): Starting a blocking GC Background
06-07 08:02:42.447 I/Zygote  ( 1324): System server process 1734 has been created
06-07 08:02:42.834 I/Zygote  ( 1324): Accepting command socket connections
06-07 08:02:43.021 I/Zygote  ( 1325): Uninstalled ICU cache reference pinning...
06-07 08:02:43.191 I/Zygote  ( 1325): Installed AndroidKeyStoreProvider in 169ms.
06-07 08:02:44.039 I/Zygote  ( 1325): Warmed up JCA providers in 847ms.
06-07 08:02:44.039 D/Zygote  ( 1325): end preload
06-07 08:02:44.055 I/art     ( 1325): Starting a blocking GC Explicit
06-07 08:02:44.284 I/art     ( 1325): Explicit concurrent mark sweep GC freed 15400(1169KB) AllocSpace objects, 1(40KB) LOS objects, 39% free, 6MB/10MB, paused 2.829ms total 204.688ms
06-07 08:02:44.309 I/art     ( 1325): Starting a blocking GC Explicit
06-07 08:02:44.384 I/art     ( 1325): Explicit concurrent mark sweep GC freed 1598(66KB) AllocSpace objects, 3(132KB) LOS objects, 39% free, 6MB/10MB, paused 435us total 72.512ms
06-07 08:02:44.403 I/Zygote  ( 1325): Accepting command socket connections
06-07 08:02:44.506 I/Zygote  ( 1734): Process: zygote socket opened, supported ABIS: x86
06-07 08:02:44.549 I/InstallerConnection( 1734): connecting...
06-07 08:02:44.603 I/        ( 1329): new connection
06-07 08:02:45.082 I/InstallerConnection( 1734): disconnecting...
06-07 08:02:45.082 E/        ( 1329): eof
06-07 08:02:45.082 E/        ( 1329): failed to read size
06-07 08:02:45.082 I/        ( 1329): closing connection
06-07 08:02:46.411 I/SystemServer( 1734): Entered the Android system server!
06-07 08:02:48.528 I/SystemServiceManager( 1734): Starting com.android.server.pm.Installer
06-07 08:02:48.608 I/Installer( 1734): Waiting for installd to be ready.
06-07 08:02:48.609 I/InstallerConnection( 1734): connecting...
06-07 08:02:48.640 I/        ( 1329): new connection
06-07 08:02:48.643 I/SystemServiceManager( 1734): Starting com.android.server.am.ActivityManagerService$Lifecycle
06-07 08:02:48.952 I/ActivityManager( 1734): Memory class: 256
06-07 08:02:49.021 I/ServiceThread( 1734): Enabled StrictMode logging for ActivityManager looper.
06-07 08:02:49.101 I/ServiceThread( 1734): Enabled StrictMode logging for android.ui looper.
06-07 08:02:49.587 D/BatteryStatsImpl( 1734): Reading daily items from /data/system/batterystats-daily.xml
06-07 08:02:51.462 I/IntentFirewall( 1734): Read new rules (A:0 B:0 S:0)
06-07 08:02:51.555 I/ServiceThread( 1734): Enabled StrictMode logging for android.display looper.
06-07 08:02:51.628 D/AppOps  ( 1734): AppOpsService published
06-07 08:02:51.640 I/SystemServiceManager( 1734): Starting com.android.server.power.PowerManagerService
06-07 08:02:51.701 I/ServiceThread( 1734): Enabled StrictMode logging for PowerManagerService looper.
06-07 08:02:51.725 E/PowerManagerService-JNI( 1734): Couldn't load power module (No such file or directory)
06-07 08:02:51.725 W/libsuspend( 1734): Error writing 'on' to /sys/power/state: Invalid argument
06-07 08:02:51.726 I/libsuspend( 1734): Selected wakeup count
06-07 08:02:51.793 I/SystemServiceManager( 1734): Starting com.android.server.lights.LightsService
06-07 08:02:51.880 I/SystemServiceManager( 1734): Starting com.android.server.display.DisplayManagerService
06-07 08:02:51.962 E/SurfaceFlinger( 1321): ro.sf.lcd_density must be defined as a build property
06-07 08:02:51.978 I/SystemServiceManager( 1734): Starting phase 100
06-07 08:02:52.071 I/DisplayManagerService( 1734): Display device added: DisplayDeviceInfo{"Built-in Screen": uniqueId="local:0", 1080 x 1920, modeId 1, defaultModeId 1, supportedModes [{id=1, width=1080, height=1920, fps=60.000004}], colorMode 0, supportedColorModes [0], HdrCapabilities android.view.Display$HdrCapabilities@a69d6308, density 480, 480.0 x 480.0 dpi, appVsyncOff 1000000, presDeadline 16666666, touch INTERNAL, rotation 0, type BUILT_IN, state UNKNOWN, FLAG_DEFAULT_DISPLAY, FLAG_ROTATES_WITH_CONTENT, FLAG_SECURE, FLAG_SUPPORTS_PROTECTED_BUFFERS}
06-07 08:02:52.100 D/SurfaceFlinger( 1321): Set power mode=2, type=0 flinger=0x7fdcd4847000
06-07 08:02:52.101 D/SurfaceFlinger( 1321): Screen type=0 is already mode=2
06-07 08:02:52.114 I/DisplayManagerService( 1734): Display device changed state: "Built-in Screen", ON
06-07 08:02:52.116 I/SystemServer( 1734): StartPackageManagerService
06-07 08:02:52.713 W/SystemConfig( 1734): No directory /system/etc/sysconfig, skipping
06-07 08:02:53.173 D/SELinuxMMAC( 1734): Using policy file /system/etc/security/mac_permissions.xml
06-07 08:02:55.985 E/art     ( 1734): DexFile_getDexOptNeeded file '/system/framework/org.apache.http.legacy.jar' does not exist
06-07 08:02:56.196 W/PackageManager( 1734): Library not found: /system/framework/org.apache.http.legacy.jar
06-07 08:02:56.701 E/art     ( 1734): DexFile_getDexOptNeeded file '/system/framework/org.apache.http.legacy.jar' does not exist
06-07 08:02:56.702 W/PackageManager( 1734): Library not found: /system/framework/org.apache.http.legacy.jar
06-07 08:02:56.783 D/PackageManager( 1734): No files in app dir /vendor/overlay
06-07 08:02:58.357 W/PackageManager( 1734): Failed to parse /system/framework/oat: Missing base APK in /system/framework/oat
06-07 08:02:58.434 W/PackageManager( 1734): Failed to parse /system/framework/x86: Missing base APK in /system/framework/x86
06-07 08:02:58.436 W/PackageManager( 1734): Failed to parse /system/framework/x86_64: Missing base APK in /system/framework/x86_64
06-07 08:03:00.028 W/PackageParser( 1734): No actions in intent filter at /system/priv-app/Contacts/Contacts.apk Binary XML file line #409
06-07 08:03:01.274 W/PackageParser( 1734): No actions in intent filter at /system/priv-app/Dialer/Dialer.apk Binary XML file line #186
06-07 08:03:01.854 W/PackageManager( 1734): Permission android.permission.DOWNLOAD_WITHOUT_NOTIFICATION from package com.android.providers.downloads in an unknown group android.permission-group.NETWORK
06-07 08:03:02.313 V/NatController( 1335): runCmd(/system/bin/iptables -w -F natctrl_FORWARD) res=0
06-07 08:03:02.657 V/NatController( 1335): runCmd(/system/bin/ip6tables -w -F natctrl_FORWARD) res=0
06-07 08:03:03.423 V/NatController( 1335): runCmd(/system/bin/iptables -w -A natctrl_FORWARD -j DROP) res=0
06-07 08:03:03.907 V/NatController( 1335): runCmd(/system/bin/iptables -w -t nat -F natctrl_nat_POSTROUTING) res=0
06-07 08:03:04.201 V/NatController( 1335): runCmd(/system/bin/ip6tables -w -t raw -F natctrl_raw_PREROUTING) res=0
06-07 08:03:04.551 V/NatController( 1335): runCmd(/system/bin/iptables -w -F natctrl_tether_counters) res=1
06-07 08:03:04.927 W/PackageParser( 1734): Ignoring duplicate uses-permissions/uses-permissions-sdk-m: android.permission.USE_CREDENTIALS in package: com.android.settings at: Binary XML file line #53
06-07 08:03:04.928 W/PackageParser( 1734): Ignoring duplicate uses-permissions/uses-permissions-sdk-m: android.permission.READ_SYNC_SETTINGS in package: com.android.settings at: Binary XML file line #58
06-07 08:03:04.928 W/PackageParser( 1734): Ignoring duplicate uses-permissions/uses-permissions-sdk-m: android.permission.WRITE_SYNC_SETTINGS in package: com.android.settings at: Binary XML file line #59
06-07 08:03:05.191 V/NatController( 1335): runCmd(/system/bin/ip6tables -w -F natctrl_tether_counters) res=1
06-07 08:03:05.790 V/NatController( 1335): runCmd(/system/bin/iptables -w -X natctrl_tether_counters) res=1
06-07 08:03:06.273 V/NatController( 1335): runCmd(/system/bin/ip6tables -w -X natctrl_tether_counters) res=1
06-07 08:03:06.541 V/NatController( 1335): runCmd(/system/bin/iptables -w -N natctrl_tether_counters) res=0
06-07 08:03:06.652 W/PackageParser( 1734): Ignoring duplicate uses-permissions/uses-permissions-sdk-m: android.permission.INSTALL_GRANT_RUNTIME_PERMISSIONS in package: com.android.shell at: Binary XML file line #102
06-07 08:03:06.831 V/NatController( 1335): runCmd(/system/bin/ip6tables -w -N natctrl_tether_counters) res=0
06-07 08:03:07.141 V/NatController( 1335): runCmd(/system/bin/iptables -w -t mangle -A natctrl_mangle_FORWARD -p tcp --tcp-flags SYN SYN -j TCPMSS --clamp-mss-to-pmtu) res=0
06-07 08:03:07.844 W/PackageParser( 1734): Ignoring duplicate uses-permissions/uses-permissions-sdk-m: android.permission.CONFIGURE_WIFI_DISPLAY in package: com.android.systemui at: Binary XML file line #123
06-07 08:03:09.751 I/art     ( 1734): Background sticky concurrent mark sweep GC freed 33756(2MB) AllocSpace objects, 20(416KB) LOS objects, 30% free, 6MB/10MB, paused 3.020ms total 669.415ms
06-07 08:03:10.361 W/PackageManager( 1734): Non-privileged app; cap priority to 0; package: com.android.calendar activity: com.android.calendar.GoogleCalendarUriIntentFilter origPrio: 50
06-07 08:03:10.846 W/PackageManager( 1734): Non-privileged app; cap priority to 0; package: com.android.cts.ctsshim activity: com.android.cts.ctsshim.InstallPriority origPrio: 100
06-07 08:03:10.846 W/PackageManager( 1734): Non-privileged app; cap priority to 0; package: com.android.cts.ctsshim activity: com.android.cts.ctsshim.InstallPriority origPrio: 100
06-07 08:03:10.846 W/PackageManager( 1734): Non-privileged app; cap priority to 0; package: com.android.cts.ctsshim activity: com.android.cts.ctsshim.InstallPriority origPrio: 100
06-07 08:03:10.846 W/PackageManager( 1734): Non-privileged app; cap priority to 0; package: com.android.cts.ctsshim activity: com.android.cts.ctsshim.InstallPriority origPrio: 100
06-07 08:03:10.847 W/PackageManager( 1734): Non-privileged app; cap priority to 0; package: com.android.cts.ctsshim activity: com.android.cts.ctsshim.InstallPriority origPrio: 100
06-07 08:03:12.916 W/PackageParser( 1734): Ignoring duplicate uses-permissions/uses-permissions-sdk-m: android.permission.WRITE_CONTACTS in package: com.android.email at: Binary XML file line #40
06-07 08:03:13.441 E/Netd    ( 1335): cannot find interface dummy0
06-07 08:03:13.619 D/MDnsDS  ( 1335): MDnsSdListener::Hander starting up
06-07 08:03:13.682 D/MDnsDS  ( 1335): MDnsSdListener starting to monitor
06-07 08:03:13.682 D/MDnsDS  ( 1335): Going to poll with pollCount 1
06-07 08:03:14.179 W/PackageParser( 1734): Unknown element under <application>: permission at /system/app/Gallery2/Gallery2.apk Binary XML file line #238
06-07 08:03:14.191 W/PackageParser( 1734): Unknown element under <application>: permission at /system/app/Gallery2/Gallery2.apk Binary XML file line #241
06-07 08:03:15.455 W/PackageManager( 1734): Permission com.android.launcher3.permission.READ_SETTINGS from package com.android.launcher3 in an unknown group android.permission-group.SYSTEM_TOOLS
06-07 08:03:15.455 W/PackageManager( 1734): Permission com.android.launcher3.permission.WRITE_SETTINGS from package com.android.launcher3 in an unknown group android.permission-group.SYSTEM_TOOLS
06-07 08:03:15.455 W/PackageManager( 1734): Permission com.android.launcher.permission.INSTALL_SHORTCUT from package com.android.launcher3 in an unknown group android.permission-group.SYSTEM_TOOLS
06-07 08:03:18.615 D/PackageManager( 1734): No files in app dir /system/vendor/app
06-07 08:03:18.617 D/PackageManager( 1734): No files in app dir /oem/app
06-07 08:03:19.730 W/PackageParser( 1734): No actions in intent filter at /data/app/ApiDemos/ApiDemos.apk Binary XML file line #3145
06-07 08:03:19.731 W/PackageParser( 1734): No actions in intent filter at /data/app/ApiDemos/ApiDemos.apk Binary XML file line #3151
06-07 08:03:19.753 W/PackageManager( 1734): Package com.example.android.apis desires unavailable shared library com.example.will.never.exist; ignoring!
06-07 08:03:19.785 I/SELinux ( 1734): SELinux: Loaded file_contexts contexts from /file_contexts.bin.
06-07 08:03:20.402 D/PackageManager( 1734): No files in app dir /data/app-private
06-07 08:03:20.420 D/PackageManager( 1734): No files in app dir /data/app-ephemeral
06-07 08:03:20.462 E/PackageManager( 1734): There should probably be exactly one setup wizard; found 0: matches=[]
06-07 08:03:20.462 W/PackageManager( 1734): Protected action; cap priority to 0; package: com.android.cts.priv.ctsshim activity: com.android.cts.priv.ctsshim.InstallPriority origPrio: 100
06-07 08:03:20.462 W/PackageManager( 1734): Protected action; cap priority to 0; package: com.android.cts.priv.ctsshim activity: com.android.cts.priv.ctsshim.InstallPriority origPrio: 100
06-07 08:03:20.462 W/PackageManager( 1734): Protected action; cap priority to 0; package: com.android.cts.priv.ctsshim activity: com.android.cts.priv.ctsshim.InstallPriority origPrio: 100
06-07 08:03:20.462 W/PackageManager( 1734): Protected action; cap priority to 0; package: com.android.cts.priv.ctsshim activity: com.android.cts.priv.ctsshim.InstallPriority origPrio: 100
06-07 08:03:20.463 W/PackageManager( 1734): Protected action; cap priority to 0; package: com.android.packageinstaller activity: com.android.packageinstaller.PackageInstallerActivity origPrio: 1
06-07 08:03:20.463 W/PackageManager( 1734): Package com.android.camera desires unavailable shared library com.google.android.media.effects; ignoring!
06-07 08:03:20.463 W/PackageManager( 1734): Package com.android.gallery3d desires unavailable shared library com.google.android.media.effects; ignoring!
06-07 08:03:20.463 W/PackageManager( 1734): Package com.android.gallery3d desires unavailable shared library com.google.android.media.effects; ignoring!
06-07 08:03:20.463 W/PackageManager( 1734): Package com.example.android.apis desires unavailable shared library com.example.will.never.exist; ignoring!
06-07 08:03:20.465 I/PackageManager( 1734): Adjusting ABI for com.android.providers.downloads to x86_64 (requirer=com.android.mtp, scannedPackage=null)
06-07 08:03:20.526 I/PackageManager( 1734): Adjusting ABI for com.android.providers.media to x86_64 (requirer=com.android.mtp, scannedPackage=null)
06-07 08:03:20.528 I/PackageManager( 1734): Adjusting ABI for com.android.providers.downloads.ui to x86_64 (requirer=com.android.mtp, scannedPackage=null)
06-07 08:03:20.541 I/PackageManager( 1734): Adjusting ABI for com.android.keychain to x86_64 (requirer=android, scannedPackage=null)
06-07 08:03:20.543 I/PackageManager( 1734): Adjusting ABI for com.android.location.fused to x86_64 (requirer=android, scannedPackage=null)
06-07 08:03:20.545 I/PackageManager( 1734): Adjusting ABI for com.android.settings to x86_64 (requirer=android, scannedPackage=null)
06-07 08:03:20.562 I/PackageManager( 1734): Adjusting ABI for com.android.wallpaperbackup to x86_64 (requirer=android, scannedPackage=null)
06-07 08:03:20.564 I/PackageManager( 1734): Adjusting ABI for com.android.server.telecom to x86_64 (requirer=android, scannedPackage=null)
06-07 08:03:20.566 I/PackageManager( 1734): Adjusting ABI for com.android.inputdevices to x86_64 (requirer=android, scannedPackage=null)
06-07 08:03:20.576 I/PackageManager( 1734): Adjusting ABI for com.android.providers.settings to x86_64 (requirer=android, scannedPackage=null)
06-07 08:03:20.675 I/PackageManager( 1734): Time to scan packages: 25.15 seconds
06-07 08:03:20.679 W/PackageManager( 1734): Unknown permission com.google.android.googleapps.permission.GOOGLE_AUTH in package com.android.providers.calendar
06-07 08:03:20.710 W/PackageManager( 1734): Unknown permission com.google.android.googleapps.permission.GOOGLE_AUTH.cl in package com.android.providers.calendar
06-07 08:03:20.713 W/PackageManager( 1734): Not granting permission android.permission.GLOBAL_SEARCH to package com.android.quicksearchbox (protectionLevel=18 flags=0x3808be45)
06-07 08:03:20.714 W/PackageManager( 1734): Not granting permission android.permission.WRITE_EXTERNAL_STORAGE to package gov.nasa.arc.astrobee.android.gs.manager because it was previously installed without
06-07 08:03:20.714 W/PackageManager( 1734): Not granting permission android.permission.READ_EXTERNAL_STORAGE to package gov.nasa.arc.astrobee.android.gs.manager because it was previously installed without
06-07 08:03:20.715 W/PackageManager( 1734): Unknown permission com.android.launcher.permission.READ_SETTINGS in package com.android.launcher3
06-07 08:03:20.715 W/PackageManager( 1734): Unknown permission com.android.launcher.permission.WRITE_SETTINGS in package com.android.launcher3
06-07 08:03:20.715 W/PackageManager( 1734): Not granting permission android.permission.BIND_APPWIDGET to package com.android.launcher3 (protectionLevel=18 flags=0x3c4bbe45)
06-07 08:03:20.715 W/PackageManager( 1734): Unknown permission com.google.android.googleapps.permission.GOOGLE_AUTH.mail in package com.android.calendar
06-07 08:03:20.716 W/PackageManager( 1734): Unknown permission com.google.android.providers.settings.permission.WRITE_GSETTINGS in package com.android.sdksetup
06-07 08:03:20.717 W/PackageManager( 1734): Unknown permission com.google.android.permission.INSTALL_WEARABLE_PACKAGES in package com.android.packageinstaller
06-07 08:03:20.717 W/PackageManager( 1734): Not granting permission android.permission.DELETE_PACKAGES to package com.svox.pico (protectionLevel=18 flags=0x3808be45)
06-07 08:03:20.717 W/PackageManager( 1734): Not granting permission android.permission.READ_CONTACTS to package com.example.android.apis because it was previously installed without
06-07 08:03:20.718 W/PackageManager( 1734): Not granting permission android.permission.WRITE_CONTACTS to package com.example.android.apis because it was previously installed without
06-07 08:03:20.718 W/PackageManager( 1734): Not granting permission android.permission.ACCESS_COARSE_LOCATION to package com.example.android.apis because it was previously installed without
06-07 08:03:20.718 W/PackageManager( 1734): Not granting permission android.permission.WRITE_EXTERNAL_STORAGE to package com.example.android.apis because it was previously installed without
06-07 08:03:20.718 W/PackageManager( 1734): Not granting permission android.permission.SEND_SMS to package com.example.android.apis because it was previously installed without
06-07 08:03:20.718 W/PackageManager( 1734): Not granting permission android.permission.RECEIVE_SMS to package com.example.android.apis because it was previously installed without
06-07 08:03:20.718 W/PackageManager( 1734): Not granting permission android.permission.RECEIVE_MMS to package com.example.android.apis because it was previously installed without
06-07 08:03:20.718 W/PackageManager( 1734): Not granting permission android.permission.READ_SMS to package com.example.android.apis because it was previously installed without
06-07 08:03:20.718 W/PackageManager( 1734): Not granting permission android.permission.READ_PHONE_STATE to package com.example.android.apis because it was previously installed without
06-07 08:03:20.718 W/PackageManager( 1734): Not granting permission android.permission.RECORD_AUDIO to package com.example.android.apis because it was previously installed without
06-07 08:03:20.718 W/PackageManager( 1734): Not granting permission android.permission.CAMERA to package com.example.android.apis because it was previously installed without
06-07 08:03:20.718 W/PackageManager( 1734): Not granting permission android.permission.READ_EXTERNAL_STORAGE to package com.example.android.apis because it was previously installed without
06-07 08:03:20.719 W/PackageManager( 1734): Unknown permission android.permission.RUN_INSTRUMENTATION in package org.chromium.webview_shell
06-07 08:03:20.719 W/PackageManager( 1734): Unknown permission com.google.android.googleapps.permission.GOOGLE_AUTH in package com.android.settings
06-07 08:03:20.720 W/PackageManager( 1734): Unknown permission com.android.launcher.permission.READ_SETTINGS in package com.android.settings
06-07 08:03:20.720 W/PackageManager( 1734): Unknown permission com.android.launcher.permission.WRITE_SETTINGS in package com.android.settings
06-07 08:03:20.741 W/PackageManager( 1734): Unknown permission com.android.smspush.WAPPUSH_MANAGER_BIND in package com.android.phone
06-07 08:03:20.743 W/PackageManager( 1734): Unknown permission com.google.android.googleapps.permission.ACCESS_GOOGLE_PASSWORD in package com.android.development
06-07 08:03:20.743 W/PackageManager( 1734): Unknown permission com.google.android.googleapps.permission.GOOGLE_AUTH in package com.android.development
06-07 08:03:20.743 W/PackageManager( 1734): Unknown permission com.google.android.googleapps.permission.GOOGLE_AUTH.ALL_SERVICES in package com.android.development
06-07 08:03:20.743 W/PackageManager( 1734): Unknown permission com.google.android.googleapps.permission.GOOGLE_AUTH.YouTubeUser in package com.android.development
06-07 08:03:20.744 W/PackageManager( 1734): Not granting permission android.permission.BIND_APPWIDGET to package com.android.widgetpreview (protectionLevel=18 flags=0x3808be44)
06-07 08:03:20.745 V/PackageManager( 1734): reconcileAppsData for null u0 0x3
06-07 08:03:20.922 I/SELinux ( 1329): SELinux: Loaded file_contexts contexts from /file_contexts.bin.
06-07 08:03:25.973 V/PackageManager( 1734): reconcileAppsData finished 81 packages
06-07 08:03:26.288 E/PackageManager( 1734): There should probably be a verifier, but, none were found
06-07 08:03:26.461 D/PackageManager( 1734): Ephemeral resolver NOT found; no matching intent filters
06-07 08:03:26.472 I/PackageManager( 1734): Ephemeral deactivated; missing resolver and installer
06-07 08:03:26.476 I/art     ( 1734): Starting a blocking GC Explicit
06-07 08:03:26.812 I/art     ( 1734): Explicit concurrent mark sweep GC freed 37569(2MB) AllocSpace objects, 4(80KB) LOS objects, 33% free, 7MB/10MB, paused 2.426ms total 322.472ms
06-07 08:03:26.853 I/SystemServer( 1734): StartOtaDexOptService
06-07 08:03:26.932 I/SystemServer( 1734): StartUserManagerService
06-07 08:03:26.933 I/SystemServiceManager( 1734): Starting com.android.server.pm.UserManagerService$LifeCycle
06-07 08:03:27.135 I/lowmemorykiller( 1319): ActivityManager connected
06-07 08:03:27.168 D/SensorService( 1734): nuSensorService starting...
06-07 08:03:27.272 W/art     ( 1734): Long monitor contention with owner main (1734) at int android.net.LocalSocketImpl.readba_native(byte[], int, int, java.io.FileDescriptor)(LocalSocketImpl.java:-2) waiters=0 in void com.android.server.pm.Settings$RuntimePermissionPersistence.writePermissionsSync(int) for 4.550s
06-07 08:03:27.319 D/SensorService( 1734): nuSensorService thread starting...
06-07 08:03:27.367 I/SystemServiceManager( 1734): Starting com.android.server.BatteryService
06-07 08:03:27.372 D/SensorService( 1734): new thread SensorEventAckReceiver
06-07 08:03:27.511 I/SystemServiceManager( 1734): Starting com.android.server.usage.UsageStatsService
06-07 08:03:27.851 I/SystemServiceManager( 1734): Starting com.android.server.webkit.WebViewUpdateService
06-07 08:03:27.923 I/SystemServer( 1734): Reading configuration...
06-07 08:03:27.923 I/SystemServer( 1734): StartSchedulingPolicyService
06-07 08:03:27.928 I/SystemServiceManager( 1734): Starting com.android.server.telecom.TelecomLoaderService
06-07 08:03:27.940 I/SystemServer( 1734): StartTelephonyRegistry
06-07 08:03:28.089 I/SystemServer( 1734): StartEntropyMixer
06-07 08:03:28.113 I/EntropyMixer( 1734): Writing entropy...
06-07 08:03:28.222 I/SystemServer( 1734): Camera Service
06-07 08:03:28.279 I/SystemServiceManager( 1734): Starting com.android.server.camera.CameraService
06-07 08:03:28.304 I/ServiceThread( 1734): Enabled StrictMode logging for CameraService_proxy looper.
06-07 08:03:28.315 I/SystemServer( 1734): StartAccountManagerService
06-07 08:03:28.320 I/SystemServiceManager( 1734): Starting com.android.server.accounts.AccountManagerService$Lifecycle
06-07 08:03:28.411 I/SystemServer( 1734): StartContentService
06-07 08:03:28.420 I/SystemServiceManager( 1734): Starting com.android.server.content.ContentService$Lifecycle
06-07 08:03:28.435 I/SystemServer( 1734): InstallSystemProviders
06-07 08:03:28.601 W/System  ( 1734): ClassLoader referenced unknown path: /system/priv-app/SettingsProvider/lib/x86_64
06-07 08:03:28.943 I/SystemServer( 1734): StartVibratorService
06-07 08:03:28.946 E/VibratorService( 1734): Couldn't load vibrator module (No such file or directory)
