06-07 04:46:16.239 E/Hyphenator( 1323): 	at com.android.internal.os.ZygoteInit.main(ZygoteInit.java:743)
06-07 04:46:16.239 E/Hyphenator( 1323): Caused by: android.system.ErrnoException: open failed: ENOENT (No such file or directory)
06-07 04:46:16.239 E/Hyphenator( 1323): 	at libcore.io.Posix.open(Native Method)
06-07 04:46:16.239 E/Hyphenator( 1323): 	at libcore.io.BlockGuardOs.open(BlockGuardOs.java:187)
06-07 04:46:16.239 E/Hyphenator( 1323): 	at libcore.io.IoBridge.open(IoBridge.java:441)
06-07 04:46:16.239 E/Hyphenator( 1323): 	... 6 more
06-07 04:46:16.352 E/Hyphenator( 1323): error loading hyphenation /system/usr/hyphen-data/hyph-hr.hyb
06-07 04:46:16.352 E/Hyphenator( 1323): java.io.FileNotFoundException: /system/usr/hyphen-data/hyph-hr.hyb: open failed: ENOENT (No such file or directory)
06-07 04:46:16.352 E/Hyphenator( 1323): 	at libcore.io.IoBridge.open(IoBridge.java:455)
06-07 04:46:16.352 E/Hyphenator( 1323): 	at java.io.RandomAccessFile.<init>(RandomAccessFile.java:247)
06-07 04:46:16.352 E/Hyphenator( 1323): 	at android.text.Hyphenator.loadHyphenator(Hyphenator.java:118)
06-07 04:46:16.352 E/Hyphenator( 1323): 	at android.text.Hyphenator.init(Hyphenator.java:224)
06-07 04:46:16.352 E/Hyphenator( 1323): 	at com.android.internal.os.ZygoteInit.preloadTextResources(ZygoteInit.java:252)
06-07 04:46:16.352 E/Hyphenator( 1323): 	at com.android.internal.os.ZygoteInit.preload(ZygoteInit.java:206)
06-07 04:46:16.352 E/Hyphenator( 1323): 	at com.android.internal.os.ZygoteInit.main(ZygoteInit.java:743)
06-07 04:46:16.352 E/Hyphenator( 1323): Caused by: android.system.ErrnoException: open failed: ENOENT (No such file or directory)
06-07 04:46:16.352 E/Hyphenator( 1323): 	at libcore.io.Posix.open(Native Method)
06-07 04:46:16.352 E/Hyphenator( 1323): 	at libcore.io.BlockGuardOs.open(BlockGuardOs.java:187)
06-07 04:46:16.352 E/Hyphenator( 1323): 	at libcore.io.IoBridge.open(IoBridge.java:441)
06-07 04:46:16.352 E/Hyphenator( 1323): 	... 6 more
06-07 04:46:16.354 E/Hyphenator( 1323): error loading hyphenation /system/usr/hyphen-data/hyph-hu.hyb
06-07 04:46:16.354 E/Hyphenator( 1323): java.io.FileNotFoundException: /system/usr/hyphen-data/hyph-hu.hyb: open failed: ENOENT (No such file or directory)
06-07 04:46:16.354 E/Hyphenator( 1323): 	at libcore.io.IoBridge.open(IoBridge.java:455)
06-07 04:46:16.354 E/Hyphenator( 1323): 	at java.io.RandomAccessFile.<init>(RandomAccessFile.java:247)
06-07 04:46:16.354 E/Hyphenator( 1323): 	at android.text.Hyphenator.loadHyphenator(Hyphenator.java:118)
06-07 04:46:16.354 E/Hyphenator( 1323): 	at android.text.Hyphenator.init(Hyphenator.java:224)
06-07 04:46:16.354 E/Hyphenator( 1323): 	at com.android.internal.os.ZygoteInit.preloadTextResources(ZygoteInit.java:252)
06-07 04:46:16.354 E/Hyphenator( 1323): 	at com.android.internal.os.ZygoteInit.preload(ZygoteInit.java:206)
06-07 04:46:16.354 E/Hyphenator( 1323): 	at com.android.internal.os.ZygoteInit.main(ZygoteInit.java:743)
06-07 04:46:16.354 E/Hyphenator( 1323): Caused by: android.system.ErrnoException: open failed: ENOENT (No such file or directory)
06-07 04:46:16.354 E/Hyphenator( 1323): 	at libcore.io.Posix.open(Native Method)
06-07 04:46:16.354 E/Hyphenator( 1323): 	at libcore.io.BlockGuardOs.open(BlockGuardOs.java:187)
06-07 04:46:16.354 E/Hyphenator( 1323): 	at libcore.io.IoBridge.open(IoBridge.java:441)
06-07 04:46:16.354 E/Hyphenator( 1323): 	... 6 more
06-07 04:46:16.356 E/Hyphenator( 1323): error loading hyphenation /system/usr/hyphen-data/hyph-hy.hyb
06-07 04:46:16.356 E/Hyphenator( 1323): java.io.FileNotFoundException: /system/usr/hyphen-data/hyph-hy.hyb: open failed: ENOENT (No such file or directory)
06-07 04:46:16.356 E/Hyphenator( 1323): 	at libcore.io.IoBridge.open(IoBridge.java:455)
06-07 04:46:16.356 E/Hyphenator( 1323): 	at java.io.RandomAccessFile.<init>(RandomAccessFile.java:247)
06-07 04:46:16.356 E/Hyphenator( 1323): 	at android.text.Hyphenator.loadHyphenator(Hyphenator.java:118)
06-07 04:46:16.356 E/Hyphenator( 1323): 	at android.text.Hyphenator.init(Hyphenator.java:224)
06-07 04:46:16.356 E/Hyphenator( 1323): 	at com.android.internal.os.ZygoteInit.preloadTextResources(ZygoteInit.java:252)
06-07 04:46:16.356 E/Hyphenator( 1323): 	at com.android.internal.os.ZygoteInit.preload(ZygoteInit.java:206)
06-07 04:46:16.356 E/Hyphenator( 1323): 	at com.android.internal.os.ZygoteInit.main(ZygoteInit.java:743)
06-07 04:46:16.356 E/Hyphenator( 1323): Caused by: android.system.ErrnoException: open failed: ENOENT (No such file or directory)
06-07 04:46:16.356 E/Hyphenator( 1323): 	at libcore.io.Posix.open(Native Method)
06-07 04:46:16.356 E/Hyphenator( 1323): 	at libcore.io.BlockGuardOs.open(BlockGuardOs.java:187)
06-07 04:46:16.356 E/Hyphenator( 1323): 	at libcore.io.IoBridge.open(IoBridge.java:441)
06-07 04:46:16.356 E/Hyphenator( 1323): 	... 6 more
06-07 04:46:16.358 E/Hyphenator( 1323): error loading hyphenation /system/usr/hyphen-data/hyph-kn.hyb
06-07 04:46:16.358 E/Hyphenator( 1323): java.io.FileNotFoundException: /system/usr/hyphen-data/hyph-kn.hyb: open failed: ENOENT (No such file or directory)
06-07 04:46:16.358 E/Hyphenator( 1323): 	at libcore.io.IoBridge.open(IoBridge.java:455)
06-07 04:46:16.358 E/Hyphenator( 1323): 	at java.io.RandomAccessFile.<init>(RandomAccessFile.java:247)
06-07 04:46:16.358 E/Hyphenator( 1323): 	at android.text.Hyphenator.loadHyphenator(Hyphenator.java:118)
06-07 04:46:16.358 E/Hyphenator( 1323): 	at android.text.Hyphenator.init(Hyphenator.java:224)
06-07 04:46:16.358 E/Hyphenator( 1323): 	at com.android.internal.os.ZygoteInit.preloadTextResources(ZygoteInit.java:252)
06-07 04:46:16.358 E/Hyphenator( 1323): 	at com.android.internal.os.ZygoteInit.preload(ZygoteInit.java:206)
06-07 04:46:16.358 E/Hyphenator( 1323): 	at com.android.internal.os.ZygoteInit.main(ZygoteInit.java:743)
06-07 04:46:16.358 E/Hyphenator( 1323): Caused by: android.system.ErrnoException: open failed: ENOENT (No such file or directory)
06-07 04:46:16.358 E/Hyphenator( 1323): 	at libcore.io.Posix.open(Native Method)
06-07 04:46:16.358 E/Hyphenator( 1323): 	at libcore.io.BlockGuardOs.open(BlockGuardOs.java:187)
06-07 04:46:16.358 E/Hyphenator( 1323): 	at libcore.io.IoBridge.open(IoBridge.java:441)
06-07 04:46:16.358 E/Hyphenator( 1323): 	... 6 more
06-07 04:46:16.380 E/Hyphenator( 1323): error loading hyphenation /system/usr/hyphen-data/hyph-ml.hyb
06-07 04:46:16.380 E/Hyphenator( 1323): java.io.FileNotFoundException: /system/usr/hyphen-data/hyph-ml.hyb: open failed: ENOENT (No such file or directory)
06-07 04:46:16.380 E/Hyphenator( 1323): 	at libcore.io.IoBridge.open(IoBridge.java:455)
06-07 04:46:16.380 E/Hyphenator( 1323): 	at java.io.RandomAccessFile.<init>(RandomAccessFile.java:247)
06-07 04:46:16.380 E/Hyphenator( 1323): 	at android.text.Hyphenator.loadHyphenator(Hyphenator.java:118)
06-07 04:46:16.380 E/Hyphenator( 1323): 	at android.text.Hyphenator.init(Hyphenator.java:224)
06-07 04:46:16.380 E/Hyphenator( 1323): 	at com.android.internal.os.ZygoteInit.preloadTextResources(ZygoteInit.java:252)
06-07 04:46:16.380 E/Hyphenator( 1323): 	at com.android.internal.os.ZygoteInit.preload(ZygoteInit.java:206)
06-07 04:46:16.380 E/Hyphenator( 1323): 	at com.android.internal.os.ZygoteInit.main(ZygoteInit.java:743)
06-07 04:46:16.380 E/Hyphenator( 1323): Caused by: android.system.ErrnoException: open failed: ENOENT (No such file or directory)
06-07 04:46:16.380 E/Hyphenator( 1323): 	at libcore.io.Posix.open(Native Method)
06-07 04:46:16.380 E/Hyphenator( 1323): 	at libcore.io.BlockGuardOs.open(BlockGuardOs.java:187)
06-07 04:46:16.380 E/Hyphenator( 1323): 	at libcore.io.IoBridge.open(IoBridge.java:441)
06-07 04:46:16.380 E/Hyphenator( 1323): 	... 6 more
06-07 04:46:16.382 E/Hyphenator( 1323): error loading hyphenation /system/usr/hyphen-data/hyph-mn-cyrl.hyb
06-07 04:46:16.382 E/Hyphenator( 1323): java.io.FileNotFoundException: /system/usr/hyphen-data/hyph-mn-cyrl.hyb: open failed: ENOENT (No such file or directory)
06-07 04:46:16.382 E/Hyphenator( 1323): 	at libcore.io.IoBridge.open(IoBridge.java:455)
06-07 04:46:16.382 E/Hyphenator( 1323): 	at java.io.RandomAccessFile.<init>(RandomAccessFile.java:247)
06-07 04:46:16.382 E/Hyphenator( 1323): 	at android.text.Hyphenator.loadHyphenator(Hyphenator.java:118)
06-07 04:46:16.382 E/Hyphenator( 1323): 	at android.text.Hyphenator.init(Hyphenator.java:224)
06-07 04:46:16.382 E/Hyphenator( 1323): 	at com.android.internal.os.ZygoteInit.preloadTextResources(ZygoteInit.java:252)
06-07 04:46:16.382 E/Hyphenator( 1323): 	at com.android.internal.os.ZygoteInit.preload(ZygoteInit.java:206)
06-07 04:46:16.382 E/Hyphenator( 1323): 	at com.android.internal.os.ZygoteInit.main(ZygoteInit.java:743)
06-07 04:46:16.382 E/Hyphenator( 1323): Caused by: android.system.ErrnoException: open failed: ENOENT (No such file or directory)
06-07 04:46:16.382 E/Hyphenator( 1323): 	at libcore.io.Posix.open(Native Method)
06-07 04:46:16.382 E/Hyphenator( 1323): 	at libcore.io.BlockGuardOs.open(BlockGuardOs.java:187)
06-07 04:46:16.382 E/Hyphenator( 1323): 	at libcore.io.IoBridge.open(IoBridge.java:441)
06-07 04:46:16.382 E/Hyphenator( 1323): 	... 6 more
06-07 04:46:16.384 E/Hyphenator( 1323): error loading hyphenation /system/usr/hyphen-data/hyph-mr.hyb
06-07 04:46:16.384 E/Hyphenator( 1323): java.io.FileNotFoundException: /system/usr/hyphen-data/hyph-mr.hyb: open failed: ENOENT (No such file or directory)
06-07 04:46:16.384 E/Hyphenator( 1323): 	at libcore.io.IoBridge.open(IoBridge.java:455)
06-07 04:46:16.384 E/Hyphenator( 1323): 	at java.io.RandomAccessFile.<init>(RandomAccessFile.java:247)
06-07 04:46:16.384 E/Hyphenator( 1323): 	at android.text.Hyphenator.loadHyphenator(Hyphenator.java:118)
06-07 04:46:16.384 E/Hyphenator( 1323): 	at android.text.Hyphenator.init(Hyphenator.java:224)
06-07 04:46:16.384 E/Hyphenator( 1323): 	at com.android.internal.os.ZygoteInit.preloadTextResources(ZygoteInit.java:252)
06-07 04:46:16.384 E/Hyphenator( 1323): 	at com.android.internal.os.ZygoteInit.preload(ZygoteInit.java:206)
06-07 04:46:16.384 E/Hyphenator( 1323): 	at com.android.internal.os.ZygoteInit.main(ZygoteInit.java:743)
06-07 04:46:16.384 E/Hyphenator( 1323): Caused by: android.system.ErrnoException: open failed: ENOENT (No such file or directory)
06-07 04:46:16.384 E/Hyphenator( 1323): 	at libcore.io.Posix.open(Native Method)
06-07 04:46:16.384 E/Hyphenator( 1323): 	at libcore.io.BlockGuardOs.open(BlockGuardOs.java:187)
06-07 04:46:16.384 E/Hyphenator( 1323): 	at libcore.io.IoBridge.open(IoBridge.java:441)
06-07 04:46:16.384 E/Hyphenator( 1323): 	... 6 more
06-07 04:46:16.386 E/Hyphenator( 1323): error loading hyphenation /system/usr/hyphen-data/hyph-nb.hyb
06-07 04:46:16.386 E/Hyphenator( 1323): java.io.FileNotFoundException: /system/usr/hyphen-data/hyph-nb.hyb: open failed: ENOENT (No such file or directory)
06-07 04:46:16.386 E/Hyphenator( 1323): 	at libcore.io.IoBridge.open(IoBridge.java:455)
06-07 04:46:16.386 E/Hyphenator( 1323): 	at java.io.RandomAccessFile.<init>(RandomAccessFile.java:247)
06-07 04:46:16.386 E/Hyphenator( 1323): 	at android.text.Hyphenator.loadHyphenator(Hyphenator.java:118)
06-07 04:46:16.386 E/Hyphenator( 1323): 	at android.text.Hyphenator.init(Hyphenator.java:224)
06-07 04:46:16.386 E/Hyphenator( 1323): 	at com.android.internal.os.ZygoteInit.preloadTextResources(ZygoteInit.java:252)
06-07 04:46:16.386 E/Hyphenator( 1323): 	at com.android.internal.os.ZygoteInit.preload(ZygoteInit.java:206)
06-07 04:46:16.386 E/Hyphenator( 1323): 	at com.android.internal.os.ZygoteInit.main(ZygoteInit.java:743)
06-07 04:46:16.386 E/Hyphenator( 1323): Caused by: android.system.ErrnoException: open failed: ENOENT (No such file or directory)
06-07 04:46:16.386 E/Hyphenator( 1323): 	at libcore.io.Posix.open(Native Method)
06-07 04:46:16.386 E/Hyphenator( 1323): 	at libcore.io.BlockGuardOs.open(BlockGuardOs.java:187)
06-07 04:46:16.386 E/Hyphenator( 1323): 	at libcore.io.IoBridge.open(IoBridge.java:441)
06-07 04:46:16.386 E/Hyphenator( 1323): 	... 6 more
06-07 04:46:16.388 E/Hyphenator( 1323): error loading hyphenation /system/usr/hyphen-data/hyph-nn.hyb
06-07 04:46:16.388 E/Hyphenator( 1323): java.io.FileNotFoundException: /system/usr/hyphen-data/hyph-nn.hyb: open failed: ENOENT (No such file or directory)
06-07 04:46:16.388 E/Hyphenator( 1323): 	at libcore.io.IoBridge.open(IoBridge.java:455)
06-07 04:46:16.388 E/Hyphenator( 1323): 	at java.io.RandomAccessFile.<init>(RandomAccessFile.java:247)
06-07 04:46:16.388 E/Hyphenator( 1323): 	at android.text.Hyphenator.loadHyphenator(Hyphenator.java:118)
06-07 04:46:16.388 E/Hyphenator( 1323): 	at android.text.Hyphenator.init(Hyphenator.java:224)
06-07 04:46:16.388 E/Hyphenator( 1323): 	at com.android.internal.os.ZygoteInit.preloadTextResources(ZygoteInit.java:252)
06-07 04:46:16.388 E/Hyphenator( 1323): 	at com.android.internal.os.ZygoteInit.preload(ZygoteInit.java:206)
06-07 04:46:16.388 E/Hyphenator( 1323): 	at com.android.internal.os.ZygoteInit.main(ZygoteInit.java:743)
06-07 04:46:16.388 E/Hyphenator( 1323): Caused by: android.system.ErrnoException: open failed: ENOENT (No such file or directory)
06-07 04:46:16.388 E/Hyphenator( 1323): 	at libcore.io.Posix.open(Native Method)
06-07 04:46:16.388 E/Hyphenator( 1323): 	at libcore.io.BlockGuardOs.open(BlockGuardOs.java:187)
06-07 04:46:16.388 E/Hyphenator( 1323): 	at libcore.io.IoBridge.open(IoBridge.java:441)
06-07 04:46:16.388 E/Hyphenator( 1323): 	... 6 more
06-07 04:46:16.450 E/Hyphenator( 1323): error loading hyphenation /system/usr/hyphen-data/hyph-or.hyb
06-07 04:46:16.450 E/Hyphenator( 1323): java.io.FileNotFoundException: /system/usr/hyphen-data/hyph-or.hyb: open failed: ENOENT (No such file or directory)
06-07 04:46:16.450 E/Hyphenator( 1323): 	at libcore.io.IoBridge.open(IoBridge.java:455)
06-07 04:46:16.450 E/Hyphenator( 1323): 	at java.io.RandomAccessFile.<init>(RandomAccessFile.java:247)
06-07 04:46:16.450 E/Hyphenator( 1323): 	at android.text.Hyphenator.loadHyphenator(Hyphenator.java:118)
06-07 04:46:16.450 E/Hyphenator( 1323): 	at android.text.Hyphenator.init(Hyphenator.java:224)
06-07 04:46:16.450 E/Hyphenator( 1323): 	at com.android.internal.os.ZygoteInit.preloadTextResources(ZygoteInit.java:252)
06-07 04:46:16.450 E/Hyphenator( 1323): 	at com.android.internal.os.ZygoteInit.preload(ZygoteInit.java:206)
06-07 04:46:16.450 E/Hyphenator( 1323): 	at com.android.internal.os.ZygoteInit.main(ZygoteInit.java:743)
06-07 04:46:16.450 E/Hyphenator( 1323): Caused by: android.system.ErrnoException: open failed: ENOENT (No such file or directory)
06-07 04:46:16.450 E/Hyphenator( 1323): 	at libcore.io.Posix.open(Native Method)
06-07 04:46:16.450 E/Hyphenator( 1323): 	at libcore.io.BlockGuardOs.open(BlockGuardOs.java:187)
06-07 04:46:16.450 E/Hyphenator( 1323): 	at libcore.io.IoBridge.open(IoBridge.java:441)
06-07 04:46:16.450 E/Hyphenator( 1323): 	... 6 more
06-07 04:46:16.453 E/Hyphenator( 1323): error loading hyphenation /system/usr/hyphen-data/hyph-pa.hyb
06-07 04:46:16.453 E/Hyphenator( 1323): java.io.FileNotFoundException: /system/usr/hyphen-data/hyph-pa.hyb: open failed: ENOENT (No such file or directory)
06-07 04:46:16.453 E/Hyphenator( 1323): 	at libcore.io.IoBridge.open(IoBridge.java:455)
06-07 04:46:16.453 E/Hyphenator( 1323): 	at java.io.RandomAccessFile.<init>(RandomAccessFile.java:247)
06-07 04:46:16.453 E/Hyphenator( 1323): 	at android.text.Hyphenator.loadHyphenator(Hyphenator.java:118)
06-07 04:46:16.453 E/Hyphenator( 1323): 	at android.text.Hyphenator.init(Hyphenator.java:224)
06-07 04:46:16.453 E/Hyphenator( 1323): 	at com.android.internal.os.ZygoteInit.preloadTextResources(ZygoteInit.java:252)
06-07 04:46:16.453 E/Hyphenator( 1323): 	at com.android.internal.os.ZygoteInit.preload(ZygoteInit.java:206)
06-07 04:46:16.453 E/Hyphenator( 1323): 	at com.android.internal.os.ZygoteInit.main(ZygoteInit.java:743)
06-07 04:46:16.453 E/Hyphenator( 1323): Caused by: android.system.ErrnoException: open failed: ENOENT (No such file or directory)
06-07 04:46:16.453 E/Hyphenator( 1323): 	at libcore.io.Posix.open(Native Method)
06-07 04:46:16.453 E/Hyphenator( 1323): 	at libcore.io.BlockGuardOs.open(BlockGuardOs.java:187)
06-07 04:46:16.453 E/Hyphenator( 1323): 	at libcore.io.IoBridge.open(IoBridge.java:441)
06-07 04:46:16.453 E/Hyphenator( 1323): 	... 6 more
06-07 04:46:16.454 E/Hyphenator( 1323): error loading hyphenation /system/usr/hyphen-data/hyph-pt.hyb
06-07 04:46:16.454 E/Hyphenator( 1323): java.io.FileNotFoundException: /system/usr/hyphen-data/hyph-pt.hyb: open failed: ENOENT (No such file or directory)
06-07 04:46:16.454 E/Hyphenator( 1323): 	at libcore.io.IoBridge.open(IoBridge.java:455)
06-07 04:46:16.454 E/Hyphenator( 1323): 	at java.io.RandomAccessFile.<init>(RandomAccessFile.java:247)
06-07 04:46:16.454 E/Hyphenator( 1323): 	at android.text.Hyphenator.loadHyphenator(Hyphenator.java:118)
06-07 04:46:16.454 E/Hyphenator( 1323): 	at android.text.Hyphenator.init(Hyphenator.java:224)
06-07 04:46:16.454 E/Hyphenator( 1323): 	at com.android.internal.os.ZygoteInit.preloadTextResources(ZygoteInit.java:252)
06-07 04:46:16.454 E/Hyphenator( 1323): 	at com.android.internal.os.ZygoteInit.preload(ZygoteInit.java:206)
06-07 04:46:16.454 E/Hyphenator( 1323): 	at com.android.internal.os.ZygoteInit.main(ZygoteInit.java:743)
06-07 04:46:16.454 E/Hyphenator( 1323): Caused by: android.system.ErrnoException: open failed: ENOENT (No such file or directory)
06-07 04:46:16.454 E/Hyphenator( 1323): 	at libcore.io.Posix.open(Native Method)
06-07 04:46:16.454 E/Hyphenator( 1323): 	at libcore.io.BlockGuardOs.open(BlockGuardOs.java:187)
06-07 04:46:16.454 E/Hyphenator( 1323): 	at libcore.io.IoBridge.open(IoBridge.java:441)
06-07 04:46:16.454 E/Hyphenator( 1323): 	... 6 more
06-07 04:46:16.456 E/Hyphenator( 1323): error loading hyphenation /system/usr/hyphen-data/hyph-sl.hyb
06-07 04:46:16.456 E/Hyphenator( 1323): java.io.FileNotFoundException: /system/usr/hyphen-data/hyph-sl.hyb: open failed: ENOENT (No such file or directory)
06-07 04:46:16.456 E/Hyphenator( 1323): 	at libcore.io.IoBridge.open(IoBridge.java:455)
06-07 04:46:16.456 E/Hyphenator( 1323): 	at java.io.RandomAccessFile.<init>(RandomAccessFile.java:247)
06-07 04:46:16.456 E/Hyphenator( 1323): 	at android.text.Hyphenator.loadHyphenator(Hyphenator.java:118)
06-07 04:46:16.456 E/Hyphenator( 1323): 	at android.text.Hyphenator.init(Hyphenator.java:224)
06-07 04:46:16.456 E/Hyphenator( 1323): 	at com.android.internal.os.ZygoteInit.preloadTextResources(ZygoteInit.java:252)
06-07 04:46:16.456 E/Hyphenator( 1323): 	at com.android.internal.os.ZygoteInit.preload(ZygoteInit.java:206)
06-07 04:46:16.456 E/Hyphenator( 1323): 	at com.android.internal.os.ZygoteInit.main(ZygoteInit.java:743)
06-07 04:46:16.456 E/Hyphenator( 1323): Caused by: android.system.ErrnoException: open failed: ENOENT (No such file or directory)
06-07 04:46:16.456 E/Hyphenator( 1323): 	at libcore.io.Posix.open(Native Method)
06-07 04:46:16.456 E/Hyphenator( 1323): 	at libcore.io.BlockGuardOs.open(BlockGuardOs.java:187)
06-07 04:46:16.456 E/Hyphenator( 1323): 	at libcore.io.IoBridge.open(IoBridge.java:441)
06-07 04:46:16.456 E/Hyphenator( 1323): 	... 6 more
06-07 04:46:16.458 E/Hyphenator( 1323): error loading hyphenation /system/usr/hyphen-data/hyph-ta.hyb
06-07 04:46:16.458 E/Hyphenator( 1323): java.io.FileNotFoundException: /system/usr/hyphen-data/hyph-ta.hyb: open failed: ENOENT (No such file or directory)
06-07 04:46:16.458 E/Hyphenator( 1323): 	at libcore.io.IoBridge.open(IoBridge.java:455)
06-07 04:46:16.458 E/Hyphenator( 1323): 	at java.io.RandomAccessFile.<init>(RandomAccessFile.java:247)
06-07 04:46:16.458 E/Hyphenator( 1323): 	at android.text.Hyphenator.loadHyphenator(Hyphenator.java:118)
06-07 04:46:16.458 E/Hyphenator( 1323): 	at android.text.Hyphenator.init(Hyphenator.java:224)
06-07 04:46:16.458 E/Hyphenator( 1323): 	at com.android.internal.os.ZygoteInit.preloadTextResources(ZygoteInit.java:252)
06-07 04:46:16.458 E/Hyphenator( 1323): 	at com.android.internal.os.ZygoteInit.preload(ZygoteInit.java:206)
06-07 04:46:16.458 E/Hyphenator( 1323): 	at com.android.internal.os.ZygoteInit.main(ZygoteInit.java:743)
06-07 04:46:16.458 E/Hyphenator( 1323): Caused by: android.system.ErrnoException: open failed: ENOENT (No such file or directory)
06-07 04:46:16.458 E/Hyphenator( 1323): 	at libcore.io.Posix.open(Native Method)
06-07 04:46:16.458 E/Hyphenator( 1323): 	at libcore.io.BlockGuardOs.open(BlockGuardOs.java:187)
06-07 04:46:16.458 E/Hyphenator( 1323): 	at libcore.io.IoBridge.open(IoBridge.java:441)
06-07 04:46:16.458 E/Hyphenator( 1323): 	... 6 more
06-07 04:46:16.501 E/Hyphenator( 1323): error loading hyphenation /system/usr/hyphen-data/hyph-te.hyb
06-07 04:46:16.501 E/Hyphenator( 1323): java.io.FileNotFoundException: /system/usr/hyphen-data/hyph-te.hyb: open failed: ENOENT (No such file or directory)
06-07 04:46:16.501 E/Hyphenator( 1323): 	at libcore.io.IoBridge.open(IoBridge.java:455)
06-07 04:46:16.501 E/Hyphenator( 1323): 	at java.io.RandomAccessFile.<init>(RandomAccessFile.java:247)
06-07 04:46:16.501 E/Hyphenator( 1323): 	at android.text.Hyphenator.loadHyphenator(Hyphenator.java:118)
06-07 04:46:16.501 E/Hyphenator( 1323): 	at android.text.Hyphenator.init(Hyphenator.java:224)
06-07 04:46:16.501 E/Hyphenator( 1323): 	at com.android.internal.os.ZygoteInit.preloadTextResources(ZygoteInit.java:252)
06-07 04:46:16.501 E/Hyphenator( 1323): 	at com.android.internal.os.ZygoteInit.preload(ZygoteInit.java:206)
06-07 04:46:16.501 E/Hyphenator( 1323): 	at com.android.internal.os.ZygoteInit.main(ZygoteInit.java:743)
06-07 04:46:16.501 E/Hyphenator( 1323): Caused by: android.system.ErrnoException: open failed: ENOENT (No such file or directory)
06-07 04:46:16.501 E/Hyphenator( 1323): 	at libcore.io.Posix.open(Native Method)
06-07 04:46:16.501 E/Hyphenator( 1323): 	at libcore.io.BlockGuardOs.open(BlockGuardOs.java:187)
06-07 04:46:16.501 E/Hyphenator( 1323): 	at libcore.io.IoBridge.open(IoBridge.java:441)
06-07 04:46:16.501 E/Hyphenator( 1323): 	... 6 more
06-07 04:46:16.503 E/Hyphenator( 1323): error loading hyphenation /system/usr/hyphen-data/hyph-tk.hyb
06-07 04:46:16.503 E/Hyphenator( 1323): java.io.FileNotFoundException: /system/usr/hyphen-data/hyph-tk.hyb: open failed: ENOENT (No such file or directory)
06-07 04:46:16.503 E/Hyphenator( 1323): 	at libcore.io.IoBridge.open(IoBridge.java:455)
06-07 04:46:16.503 E/Hyphenator( 1323): 	at java.io.RandomAccessFile.<init>(RandomAccessFile.java:247)
06-07 04:46:16.503 E/Hyphenator( 1323): 	at android.text.Hyphenator.loadHyphenator(Hyphenator.java:118)
06-07 04:46:16.503 E/Hyphenator( 1323): 	at android.text.Hyphenator.init(Hyphenator.java:224)
06-07 04:46:16.503 E/Hyphenator( 1323): 	at com.android.internal.os.ZygoteInit.preloadTextResources(ZygoteInit.java:252)
06-07 04:46:16.503 E/Hyphenator( 1323): 	at com.android.internal.os.ZygoteInit.preload(ZygoteInit.java:206)
06-07 04:46:16.503 E/Hyphenator( 1323): 	at com.android.internal.os.ZygoteInit.main(ZygoteInit.java:743)
06-07 04:46:16.503 E/Hyphenator( 1323): Caused by: android.system.ErrnoException: open failed: ENOENT (No such file or directory)
06-07 04:46:16.503 E/Hyphenator( 1323): 	at libcore.io.Posix.open(Native Method)
06-07 04:46:16.503 E/Hyphenator( 1323): 	at libcore.io.BlockGuardOs.open(BlockGuardOs.java:187)
06-07 04:46:16.503 E/Hyphenator( 1323): 	at libcore.io.IoBridge.open(IoBridge.java:441)
06-07 04:46:16.503 E/Hyphenator( 1323): 	... 6 more
06-07 04:46:16.505 E/Hyphenator( 1323): error loading hyphenation /system/usr/hyphen-data/hyph-und-ethi.hyb
06-07 04:46:16.505 E/Hyphenator( 1323): java.io.FileNotFoundException: /system/usr/hyphen-data/hyph-und-ethi.hyb: open failed: ENOENT (No such file or directory)
06-07 04:46:16.505 E/Hyphenator( 1323): 	at libcore.io.IoBridge.open(IoBridge.java:455)
06-07 04:46:16.505 E/Hyphenator( 1323): 	at java.io.RandomAccessFile.<init>(RandomAccessFile.java:247)
06-07 04:46:16.505 E/Hyphenator( 1323): 	at android.text.Hyphenator.loadHyphenator(Hyphenator.java:118)
06-07 04:46:16.505 E/Hyphenator( 1323): 	at android.text.Hyphenator.init(Hyphenator.java:224)
06-07 04:46:16.505 E/Hyphenator( 1323): 	at com.android.internal.os.ZygoteInit.preloadTextResources(ZygoteInit.java:252)
06-07 04:46:16.505 E/Hyphenator( 1323): 	at com.android.internal.os.ZygoteInit.preload(ZygoteInit.java:206)
06-07 04:46:16.505 E/Hyphenator( 1323): 	at com.android.internal.os.ZygoteInit.main(ZygoteInit.java:743)
06-07 04:46:16.505 E/Hyphenator( 1323): Caused by: android.system.ErrnoException: open failed: ENOENT (No such file or directory)
06-07 04:46:16.505 E/Hyphenator( 1323): 	at libcore.io.Posix.open(Native Method)
06-07 04:46:16.505 E/Hyphenator( 1323): 	at libcore.io.BlockGuardOs.open(BlockGuardOs.java:187)
06-07 04:46:16.505 E/Hyphenator( 1323): 	at libcore.io.IoBridge.open(IoBridge.java:441)
06-07 04:46:16.505 E/Hyphenator( 1323): 	... 6 more
06-07 04:46:16.585 I/Zygote  ( 1322): Warmed up JCA providers in 1204ms.
06-07 04:46:16.586 D/Zygote  ( 1322): end preload
06-07 04:46:16.586 I/art     ( 1322): Starting a blocking GC Explicit
06-07 04:46:16.865 I/art     ( 1322): Explicit concurrent mark sweep GC freed 4388(222KB) AllocSpace objects, 3(132KB) LOS objects, 39% free, 6MB/10MB, paused 80.644ms total 277.650ms
06-07 04:46:16.870 I/art     ( 1322): Starting a blocking GC Explicit
06-07 04:46:17.015 I/art     ( 1322): Explicit concurrent mark sweep GC freed 86(4KB) AllocSpace objects, 0(0B) LOS objects, 39% free, 6MB/10MB, paused 335us total 143.153ms
06-07 04:46:17.044 I/art     ( 1322): Starting a blocking GC HeapTrim
06-07 04:46:17.096 I/Zygote  ( 1323): Uninstalled ICU cache reference pinning...
06-07 04:46:17.108 I/art     ( 1322): Starting a blocking GC Background
06-07 04:46:17.294 I/art     ( 1322): Background concurrent mark sweep GC freed 75(3KB) AllocSpace objects, 0(0B) LOS objects, 39% free, 6MB/10MB, paused 239us total 184.945ms
06-07 04:46:17.417 I/Zygote  ( 1323): Installed AndroidKeyStoreProvider in 316ms.
06-07 04:46:18.382 I/Zygote  ( 1322): System server process 1917 has been created
06-07 04:46:18.437 I/Zygote  ( 1322): Accepting command socket connections
06-07 04:46:18.736 I/Zygote  ( 1323): Warmed up JCA providers in 1316ms.
06-07 04:46:18.736 D/Zygote  ( 1323): end preload
06-07 04:46:18.880 I/art     ( 1323): Starting a blocking GC Explicit
06-07 04:46:19.334 I/art     ( 1323): Explicit concurrent mark sweep GC freed 16022(1201KB) AllocSpace objects, 4(152KB) LOS objects, 39% free, 6MB/10MB, paused 2.666ms total 431.698ms
06-07 04:46:19.403 I/art     ( 1323): Starting a blocking GC Explicit
06-07 04:46:19.564 I/art     ( 1323): Explicit concurrent mark sweep GC freed 1686(69KB) AllocSpace objects, 3(132KB) LOS objects, 39% free, 6MB/10MB, paused 428us total 158.768ms
06-07 04:46:19.597 I/Zygote  ( 1323): Accepting command socket connections
06-07 04:46:19.695 I/Zygote  ( 1917): Process: zygote socket opened, supported ABIS: x86
06-07 04:46:19.718 I/InstallerConnection( 1917): connecting...
06-07 04:46:19.754 I/        ( 1327): new connection
06-07 04:46:20.183 I/InstallerConnection( 1917): disconnecting...
06-07 04:46:20.183 E/        ( 1327): eof
06-07 04:46:20.184 E/        ( 1327): failed to read size
06-07 04:46:20.184 I/        ( 1327): closing connection
06-07 04:46:21.363 I/SystemServer( 1917): Entered the Android system server!
06-07 04:46:23.771 I/SystemServiceManager( 1917): Starting com.android.server.pm.Installer
06-07 04:46:23.931 I/Installer( 1917): Waiting for installd to be ready.
06-07 04:46:23.932 I/InstallerConnection( 1917): connecting...
06-07 04:46:23.934 I/        ( 1327): new connection
06-07 04:46:23.935 I/SystemServiceManager( 1917): Starting com.android.server.am.ActivityManagerService$Lifecycle
06-07 04:46:24.443 I/ActivityManager( 1917): Memory class: 256
06-07 04:46:24.471 I/ServiceThread( 1917): Enabled StrictMode logging for ActivityManager looper.
06-07 04:46:24.599 I/ServiceThread( 1917): Enabled StrictMode logging for android.ui looper.
06-07 04:46:25.064 D/BatteryStatsImpl( 1917): Reading daily items from /data/system/batterystats-daily.xml
06-07 04:46:26.971 W/ProcessCpuTracker( 1917): Skipping unknown process pid 1965
06-07 04:46:27.102 I/IntentFirewall( 1917): Read new rules (A:0 B:0 S:0)
06-07 04:46:27.278 I/ServiceThread( 1917): Enabled StrictMode logging for android.display looper.
06-07 04:46:27.422 D/AppOps  ( 1917): AppOpsService published
06-07 04:46:27.424 I/SystemServiceManager( 1917): Starting com.android.server.power.PowerManagerService
06-07 04:46:27.492 I/ServiceThread( 1917): Enabled StrictMode logging for PowerManagerService looper.
06-07 04:46:27.498 E/PowerManagerService-JNI( 1917): Couldn't load power module (No such file or directory)
06-07 04:46:27.498 W/libsuspend( 1917): Error writing 'on' to /sys/power/state: Invalid argument
06-07 04:46:27.499 I/libsuspend( 1917): Selected wakeup count
06-07 04:46:27.618 I/SystemServiceManager( 1917): Starting com.android.server.lights.LightsService
06-07 04:46:27.711 I/SystemServiceManager( 1917): Starting com.android.server.display.DisplayManagerService
06-07 04:46:27.776 E/SurfaceFlinger( 1319): ro.sf.lcd_density must be defined as a build property
06-07 04:46:27.781 I/SystemServiceManager( 1917): Starting phase 100
06-07 04:46:27.858 I/DisplayManagerService( 1917): Display device added: DisplayDeviceInfo{"Built-in Screen": uniqueId="local:0", 1080 x 1920, modeId 1, defaultModeId 1, supportedModes [{id=1, width=1080, height=1920, fps=60.000004}], colorMode 0, supportedColorModes [0], HdrCapabilities android.view.Display$HdrCapabilities@a69d6308, density 480, 480.0 x 480.0 dpi, appVsyncOff 1000000, presDeadline 16666666, touch INTERNAL, rotation 0, type BUILT_IN, state UNKNOWN, FLAG_DEFAULT_DISPLAY, FLAG_ROTATES_WITH_CONTENT, FLAG_SECURE, FLAG_SUPPORTS_PROTECTED_BUFFERS}
06-07 04:46:27.890 D/SurfaceFlinger( 1319): Set power mode=2, type=0 flinger=0x7ae8bf447000
06-07 04:46:27.891 D/SurfaceFlinger( 1319): Screen type=0 is already mode=2
06-07 04:46:27.895 I/SystemServer( 1917): StartPackageManagerService
06-07 04:46:27.898 I/DisplayManagerService( 1917): Display device changed state: "Built-in Screen", ON
06-07 04:46:28.413 W/SystemConfig( 1917): No directory /system/etc/sysconfig, skipping
06-07 04:46:28.741 D/SELinuxMMAC( 1917): Using policy file /system/etc/security/mac_permissions.xml
06-07 04:46:31.219 E/art     ( 1917): DexFile_getDexOptNeeded file '/system/framework/org.apache.http.legacy.jar' does not exist
06-07 04:46:31.231 W/PackageManager( 1917): Library not found: /system/framework/org.apache.http.legacy.jar
06-07 04:46:32.053 E/art     ( 1917): DexFile_getDexOptNeeded file '/system/framework/org.apache.http.legacy.jar' does not exist
06-07 04:46:32.093 W/PackageManager( 1917): Library not found: /system/framework/org.apache.http.legacy.jar
06-07 04:46:32.223 D/PackageManager( 1917): No files in app dir /vendor/overlay
06-07 04:46:34.025 W/PackageManager( 1917): Failed to parse /system/framework/oat: Missing base APK in /system/framework/oat
06-07 04:46:34.029 W/PackageManager( 1917): Failed to parse /system/framework/x86: Missing base APK in /system/framework/x86
06-07 04:46:34.082 W/PackageManager( 1917): Failed to parse /system/framework/x86_64: Missing base APK in /system/framework/x86_64
06-07 04:46:36.173 W/PackageParser( 1917): No actions in intent filter at /system/priv-app/Contacts/Contacts.apk Binary XML file line #409
06-07 04:46:37.436 V/NatController( 1333): runCmd(/system/bin/iptables -w -F natctrl_FORWARD) res=0
06-07 04:46:37.641 V/NatController( 1333): runCmd(/system/bin/ip6tables -w -F natctrl_FORWARD) res=0
06-07 04:46:37.954 V/NatController( 1333): runCmd(/system/bin/iptables -w -A natctrl_FORWARD -j DROP) res=0
06-07 04:46:38.113 W/PackageParser( 1917): No actions in intent filter at /system/priv-app/Dialer/Dialer.apk Binary XML file line #186
06-07 04:46:38.171 V/NatController( 1333): runCmd(/system/bin/iptables -w -t nat -F natctrl_nat_POSTROUTING) res=0
06-07 04:46:38.311 V/NatController( 1333): runCmd(/system/bin/ip6tables -w -t raw -F natctrl_raw_PREROUTING) res=0
06-07 04:46:38.641 V/NatController( 1333): runCmd(/system/bin/iptables -w -F natctrl_tether_counters) res=1
06-07 04:46:38.965 W/PackageManager( 1917): Permission android.permission.DOWNLOAD_WITHOUT_NOTIFICATION from package com.android.providers.downloads in an unknown group android.permission-group.NETWORK
06-07 04:46:39.301 V/NatController( 1333): runCmd(/system/bin/ip6tables -w -F natctrl_tether_counters) res=1
06-07 04:46:39.653 V/NatController( 1333): runCmd(/system/bin/iptables -w -X natctrl_tether_counters) res=1
06-07 04:46:39.802 V/NatController( 1333): runCmd(/system/bin/ip6tables -w -X natctrl_tether_counters) res=1
06-07 04:46:39.981 V/NatController( 1333): runCmd(/system/bin/iptables -w -N natctrl_tether_counters) res=0
06-07 04:46:40.121 V/NatController( 1333): runCmd(/system/bin/ip6tables -w -N natctrl_tether_counters) res=0
06-07 04:46:40.411 V/NatController( 1333): runCmd(/system/bin/iptables -w -t mangle -A natctrl_mangle_FORWARD -p tcp --tcp-flags SYN SYN -j TCPMSS --clamp-mss-to-pmtu) res=0
06-07 04:46:44.467 W/PackageParser( 1917): Ignoring duplicate uses-permissions/uses-permissions-sdk-m: android.permission.USE_CREDENTIALS in package: com.android.settings at: Binary XML file line #53
06-07 04:46:44.468 W/PackageParser( 1917): Ignoring duplicate uses-permissions/uses-permissions-sdk-m: android.permission.READ_SYNC_SETTINGS in package: com.android.settings at: Binary XML file line #58
06-07 04:46:44.469 W/PackageParser( 1917): Ignoring duplicate uses-permissions/uses-permissions-sdk-m: android.permission.WRITE_SYNC_SETTINGS in package: com.android.settings at: Binary XML file line #59
06-07 04:46:45.226 E/Netd    ( 1333): cannot find interface dummy0
06-07 04:46:45.471 D/MDnsDS  ( 1333): MDnsSdListener::Hander starting up
06-07 04:46:45.477 D/MDnsDS  ( 1333): MDnsSdListener starting to monitor
06-07 04:46:45.477 D/MDnsDS  ( 1333): Going to poll with pollCount 1
06-07 04:46:46.712 W/PackageParser( 1917): Ignoring duplicate uses-permissions/uses-permissions-sdk-m: android.permission.INSTALL_GRANT_RUNTIME_PERMISSIONS in package: com.android.shell at: Binary XML file line #102
06-07 04:46:48.746 W/PackageParser( 1917): Ignoring duplicate uses-permissions/uses-permissions-sdk-m: android.permission.CONFIGURE_WIFI_DISPLAY in package: com.android.systemui at: Binary XML file line #123
06-07 04:46:50.123 W/art     ( 1917): Suspending all threads took: 77.812ms
06-07 04:46:50.286 I/art     ( 1917): Background sticky concurrent mark sweep GC freed 33722(2MB) AllocSpace objects, 20(416KB) LOS objects, 31% free, 6MB/10MB, paused 82.218ms total 560.761ms
06-07 04:46:51.139 W/PackageManager( 1917): Non-privileged app; cap priority to 0; package: com.android.calendar activity: com.android.calendar.GoogleCalendarUriIntentFilter origPrio: 50
06-07 04:46:51.485 W/PackageManager( 1917): Non-privileged app; cap priority to 0; package: com.android.cts.ctsshim activity: com.android.cts.ctsshim.InstallPriority origPrio: 100
06-07 04:46:51.486 W/PackageManager( 1917): Non-privileged app; cap priority to 0; package: com.android.cts.ctsshim activity: com.android.cts.ctsshim.InstallPriority origPrio: 100
06-07 04:46:51.486 W/PackageManager( 1917): Non-privileged app; cap priority to 0; package: com.android.cts.ctsshim activity: com.android.cts.ctsshim.InstallPriority origPrio: 100
06-07 04:46:51.486 W/PackageManager( 1917): Non-privileged app; cap priority to 0; package: com.android.cts.ctsshim activity: com.android.cts.ctsshim.InstallPriority origPrio: 100
06-07 04:46:51.486 W/PackageManager( 1917): Non-privileged app; cap priority to 0; package: com.android.cts.ctsshim activity: com.android.cts.ctsshim.InstallPriority origPrio: 100
06-07 04:46:52.879 W/PackageParser( 1917): Ignoring duplicate uses-permissions/uses-permissions-sdk-m: android.permission.WRITE_CONTACTS in package: com.android.email at: Binary XML file line #40
06-07 04:46:53.808 W/PackageParser( 1917): Unknown element under <application>: permission at /system/app/Gallery2/Gallery2.apk Binary XML file line #238
06-07 04:46:53.808 W/PackageParser( 1917): Unknown element under <application>: permission at /system/app/Gallery2/Gallery2.apk Binary XML file line #241
06-07 04:46:55.028 W/PackageManager( 1917): Permission com.android.launcher3.permission.READ_SETTINGS from package com.android.launcher3 in an unknown group android.permission-group.SYSTEM_TOOLS
06-07 04:46:55.028 W/PackageManager( 1917): Permission com.android.launcher3.permission.WRITE_SETTINGS from package com.android.launcher3 in an unknown group android.permission-group.SYSTEM_TOOLS
06-07 04:46:55.028 W/PackageManager( 1917): Permission com.android.launcher.permission.INSTALL_SHORTCUT from package com.android.launcher3 in an unknown group android.permission-group.SYSTEM_TOOLS
06-07 04:46:58.284 D/PackageManager( 1917): No files in app dir /system/vendor/app
06-07 04:46:58.285 D/PackageManager( 1917): No files in app dir /oem/app
06-07 04:46:59.430 W/PackageParser( 1917): No actions in intent filter at /data/app/ApiDemos/ApiDemos.apk Binary XML file line #3145
06-07 04:46:59.431 W/PackageParser( 1917): No actions in intent filter at /data/app/ApiDemos/ApiDemos.apk Binary XML file line #3151
06-07 04:46:59.448 W/PackageManager( 1917): Package com.example.android.apis desires unavailable shared library com.example.will.never.exist; ignoring!
06-07 04:46:59.503 I/SELinux ( 1917): SELinux: Loaded file_contexts contexts from /file_contexts.bin.
06-07 04:47:00.345 D/PackageManager( 1917): No files in app dir /data/app-private
06-07 04:47:00.360 D/PackageManager( 1917): No files in app dir /data/app-ephemeral
06-07 04:47:00.404 E/PackageManager( 1917): There should probably be exactly one setup wizard; found 0: matches=[]
06-07 04:47:00.405 W/PackageManager( 1917): Protected action; cap priority to 0; package: com.android.cts.priv.ctsshim activity: com.android.cts.priv.ctsshim.InstallPriority origPrio: 100
06-07 04:47:00.405 W/PackageManager( 1917): Protected action; cap priority to 0; package: com.android.cts.priv.ctsshim activity: com.android.cts.priv.ctsshim.InstallPriority origPrio: 100
06-07 04:47:00.405 W/PackageManager( 1917): Protected action; cap priority to 0; package: com.android.cts.priv.ctsshim activity: com.android.cts.priv.ctsshim.InstallPriority origPrio: 100
06-07 04:47:00.405 W/PackageManager( 1917): Protected action; cap priority to 0; package: com.android.cts.priv.ctsshim activity: com.android.cts.priv.ctsshim.InstallPriority origPrio: 100
06-07 04:47:00.405 W/PackageManager( 1917): Protected action; cap priority to 0; package: com.android.packageinstaller activity: com.android.packageinstaller.PackageInstallerActivity origPrio: 1
06-07 04:47:00.406 W/PackageManager( 1917): Package com.android.camera desires unavailable shared library com.google.android.media.effects; ignoring!
06-07 04:47:00.406 W/PackageManager( 1917): Package com.android.gallery3d desires unavailable shared library com.google.android.media.effects; ignoring!
06-07 04:47:00.406 W/PackageManager( 1917): Package com.android.gallery3d desires unavailable shared library com.google.android.media.effects; ignoring!
06-07 04:47:00.406 W/PackageManager( 1917): Package com.example.android.apis desires unavailable shared library com.example.will.never.exist; ignoring!
06-07 04:47:00.407 I/PackageManager( 1917): Adjusting ABI for com.android.providers.media to x86_64 (requirer=com.android.mtp, scannedPackage=null)
06-07 04:47:00.427 I/PackageManager( 1917): Adjusting ABI for com.android.providers.downloads.ui to x86_64 (requirer=com.android.mtp, scannedPackage=null)
06-07 04:47:00.460 I/PackageManager( 1917): Adjusting ABI for com.android.providers.downloads to x86_64 (requirer=com.android.mtp, scannedPackage=null)
06-07 04:47:00.463 I/PackageManager( 1917): Adjusting ABI for com.android.server.telecom to x86_64 (requirer=android, scannedPackage=null)
06-07 04:47:00.465 I/PackageManager( 1917): Adjusting ABI for com.android.location.fused to x86_64 (requirer=android, scannedPackage=null)
06-07 04:47:00.468 I/PackageManager( 1917): Adjusting ABI for com.android.wallpaperbackup to x86_64 (requirer=android, scannedPackage=null)
06-07 04:47:00.480 I/PackageManager( 1917): Adjusting ABI for com.android.keychain to x86_64 (requirer=android, scannedPackage=null)
06-07 04:47:00.482 I/PackageManager( 1917): Adjusting ABI for com.android.providers.settings to x86_64 (requirer=android, scannedPackage=null)
06-07 04:47:00.484 I/PackageManager( 1917): Adjusting ABI for com.android.settings to x86_64 (requirer=android, scannedPackage=null)
06-07 04:47:00.486 I/PackageManager( 1917): Adjusting ABI for com.android.inputdevices to x86_64 (requirer=android, scannedPackage=null)
06-07 04:47:00.542 I/PackageManager( 1917): Time to scan packages: 29.603 seconds
06-07 04:47:00.546 W/PackageManager( 1917): Unknown permission com.google.android.googleapps.permission.GOOGLE_AUTH in package com.android.providers.calendar
06-07 04:47:00.546 W/PackageManager( 1917): Unknown permission com.google.android.googleapps.permission.GOOGLE_AUTH.cl in package com.android.providers.calendar
06-07 04:47:00.548 W/PackageManager( 1917): Not granting permission android.permission.GLOBAL_SEARCH to package com.android.quicksearchbox (protectionLevel=18 flags=0x3808be45)
06-07 04:47:00.571 W/PackageManager( 1917): Not granting permission android.permission.WRITE_EXTERNAL_STORAGE to package gov.nasa.arc.astrobee.android.gs.manager because it was previously installed without
06-07 04:47:00.572 W/PackageManager( 1917): Not granting permission android.permission.READ_EXTERNAL_STORAGE to package gov.nasa.arc.astrobee.android.gs.manager because it was previously installed without
06-07 04:47:00.573 W/PackageManager( 1917): Unknown permission com.android.launcher.permission.READ_SETTINGS in package com.android.launcher3
06-07 04:47:00.573 W/PackageManager( 1917): Unknown permission com.android.launcher.permission.WRITE_SETTINGS in package com.android.launcher3
06-07 04:47:00.573 W/PackageManager( 1917): Not granting permission android.permission.BIND_APPWIDGET to package com.android.launcher3 (protectionLevel=18 flags=0x3c4bbe45)
06-07 04:47:00.573 W/PackageManager( 1917): Unknown permission com.google.android.googleapps.permission.GOOGLE_AUTH.mail in package com.android.calendar
06-07 04:47:00.573 W/PackageManager( 1917): Unknown permission com.google.android.providers.settings.permission.WRITE_GSETTINGS in package com.android.sdksetup
06-07 04:47:00.575 W/PackageManager( 1917): Unknown permission com.google.android.permission.INSTALL_WEARABLE_PACKAGES in package com.android.packageinstaller
06-07 04:47:00.575 W/PackageManager( 1917): Not granting permission android.permission.DELETE_PACKAGES to package com.svox.pico (protectionLevel=18 flags=0x3808be45)
06-07 04:47:00.575 W/PackageManager( 1917): Not granting permission android.permission.READ_CONTACTS to package com.example.android.apis because it was previously installed without
06-07 04:47:00.575 W/PackageManager( 1917): Not granting permission android.permission.WRITE_CONTACTS to package com.example.android.apis because it was previously installed without
06-07 04:47:00.576 W/PackageManager( 1917): Not granting permission android.permission.ACCESS_COARSE_LOCATION to package com.example.android.apis because it was previously installed without
06-07 04:47:00.576 W/PackageManager( 1917): Not granting permission android.permission.WRITE_EXTERNAL_STORAGE to package com.example.android.apis because it was previously installed without
06-07 04:47:00.576 W/PackageManager( 1917): Not granting permission android.permission.SEND_SMS to package com.example.android.apis because it was previously installed without
06-07 04:47:00.576 W/PackageManager( 1917): Not granting permission android.permission.RECEIVE_SMS to package com.example.android.apis because it was previously installed without
06-07 04:47:00.576 W/PackageManager( 1917): Not granting permission android.permission.RECEIVE_MMS to package com.example.android.apis because it was previously installed without
06-07 04:47:00.576 W/PackageManager( 1917): Not granting permission android.permission.READ_SMS to package com.example.android.apis because it was previously installed without
06-07 04:47:00.576 W/PackageManager( 1917): Not granting permission android.permission.READ_PHONE_STATE to package com.example.android.apis because it was previously installed without
06-07 04:47:00.577 W/PackageManager( 1917): Not granting permission android.permission.RECORD_AUDIO to package com.example.android.apis because it was previously installed without
06-07 04:47:00.577 W/PackageManager( 1917): Not granting permission android.permission.CAMERA to package com.example.android.apis because it was previously installed without
06-07 04:47:00.577 W/PackageManager( 1917): Not granting permission android.permission.READ_EXTERNAL_STORAGE to package com.example.android.apis because it was previously installed without
06-07 04:47:00.577 W/PackageManager( 1917): Unknown permission android.permission.RUN_INSTRUMENTATION in package org.chromium.webview_shell
06-07 04:47:00.578 W/PackageManager( 1917): Unknown permission com.google.android.googleapps.permission.GOOGLE_AUTH in package com.android.settings
06-07 04:47:00.578 W/PackageManager( 1917): Unknown permission com.android.launcher.permission.READ_SETTINGS in package com.android.settings
06-07 04:47:00.578 W/PackageManager( 1917): Unknown permission com.android.launcher.permission.WRITE_SETTINGS in package com.android.settings
06-07 04:47:00.579 W/PackageManager( 1917): Unknown permission com.android.smspush.WAPPUSH_MANAGER_BIND in package com.android.phone
06-07 04:47:00.632 W/PackageManager( 1917): Unknown permission com.google.android.googleapps.permission.ACCESS_GOOGLE_PASSWORD in package com.android.development
06-07 04:47:00.632 W/PackageManager( 1917): Unknown permission com.google.android.googleapps.permission.GOOGLE_AUTH in package com.android.development
06-07 04:47:00.632 W/PackageManager( 1917): Unknown permission com.google.android.googleapps.permission.GOOGLE_AUTH.ALL_SERVICES in package com.android.development
06-07 04:47:00.632 W/PackageManager( 1917): Unknown permission com.google.android.googleapps.permission.GOOGLE_AUTH.YouTubeUser in package com.android.development
06-07 04:47:00.633 W/PackageManager( 1917): Not granting permission android.permission.BIND_APPWIDGET to package com.android.widgetpreview (protectionLevel=18 flags=0x3808be44)
06-07 04:47:00.634 V/PackageManager( 1917): reconcileAppsData for null u0 0x3
06-07 04:47:00.728 I/SELinux ( 1327): SELinux: Loaded file_contexts contexts from /file_contexts.bin.
06-07 04:47:06.322 V/PackageManager( 1917): reconcileAppsData finished 81 packages
06-07 04:47:07.274 E/PackageManager( 1917): There should probably be a verifier, but, none were found
06-07 04:47:07.382 D/PackageManager( 1917): Ephemeral resolver NOT found; no matching intent filters
06-07 04:47:07.383 I/PackageManager( 1917): Ephemeral deactivated; missing resolver and installer
06-07 04:47:07.386 I/art     ( 1917): Starting a blocking GC Explicit
06-07 04:47:07.392 W/art     ( 1917): Long monitor contention with owner main (1917) at int android.net.LocalSocketImpl.readba_native(byte[], int, int, java.io.FileDescriptor)(LocalSocketImpl.java:-2) waiters=0 in void com.android.server.pm.Settings$RuntimePermissionPersistence.writePermissionsSync(int) for 6.358s
06-07 04:47:07.752 I/art     ( 1917): Explicit concurrent mark sweep GC freed 37529(2MB) AllocSpace objects, 4(80KB) LOS objects, 33% free, 7MB/10MB, paused 848us total 364.403ms
06-07 04:47:07.783 I/SystemServer( 1917): StartOtaDexOptService
06-07 04:47:07.825 I/SystemServer( 1917): StartUserManagerService
06-07 04:47:07.826 I/SystemServiceManager( 1917): Starting com.android.server.pm.UserManagerService$LifeCycle
06-07 04:47:07.966 I/lowmemorykiller( 1317): ActivityManager connected
06-07 04:47:07.976 D/SensorService( 1917): nuSensorService starting...
06-07 04:47:08.109 I/SystemServiceManager( 1917): Starting com.android.server.BatteryService
06-07 04:47:08.172 D/SensorService( 1917): nuSensorService thread starting...
06-07 04:47:08.222 D/SensorService( 1917): new thread SensorEventAckReceiver
06-07 04:47:08.271 I/SystemServiceManager( 1917): Starting com.android.server.usage.UsageStatsService
06-07 04:47:08.480 I/SystemServiceManager( 1917): Starting com.android.server.webkit.WebViewUpdateService
06-07 04:47:08.533 I/SystemServer( 1917): Reading configuration...
06-07 04:47:08.533 I/SystemServer( 1917): StartSchedulingPolicyService
06-07 04:47:08.537 I/SystemServiceManager( 1917): Starting com.android.server.telecom.TelecomLoaderService
06-07 04:47:08.539 I/SystemServer( 1917): StartTelephonyRegistry
06-07 04:47:08.585 I/SystemServer( 1917): StartEntropyMixer
06-07 04:47:08.609 I/EntropyMixer( 1917): Writing entropy...
06-07 04:47:08.763 I/SystemServer( 1917): Camera Service
06-07 04:47:08.781 I/SystemServiceManager( 1917): Starting com.android.server.camera.CameraService
06-07 04:47:08.804 I/ServiceThread( 1917): Enabled StrictMode logging for CameraService_proxy looper.
06-07 04:47:08.809 I/SystemServer( 1917): StartAccountManagerService
06-07 04:47:08.830 I/SystemServiceManager( 1917): Starting com.android.server.accounts.AccountManagerService$Lifecycle
06-07 04:47:09.051 I/SystemServer( 1917): StartContentService
06-07 04:47:09.060 I/SystemServiceManager( 1917): Starting com.android.server.content.ContentService$Lifecycle
06-07 04:47:09.092 I/SystemServer( 1917): InstallSystemProviders
06-07 04:47:09.204 W/System  ( 1917): ClassLoader referenced unknown path: /system/priv-app/SettingsProvider/lib/x86_64
06-07 04:47:09.652 I/SystemServer( 1917): StartVibratorService
06-07 04:47:09.654 E/VibratorService( 1917): Couldn't load vibrator module (No such file or directory)
