06-06 15:00:22.429 I/Choreographer( 2760): Skipped 133 frames!  The application may be doing too much work on its main thread.
06-06 15:00:22.509 I/art     ( 2760): Background partial concurrent mark sweep GC freed 3444(175KB) AllocSpace objects, 1(4MB) LOS objects, 23% free, 12MB/16MB, paused 1.124ms total 198.977ms
06-06 15:00:23.211 I/Choreographer( 2760): Skipped 39 frames!  The application may be doing too much work on its main thread.
06-06 15:01:10.234 W/BroadcastQueue( 1926): Timeout of broadcast BroadcastRecord{566849 u0 android.intent.action.BOOT_COMPLETED} - receiver=android.os.BinderProxy@989e81e, started 60001ms ago
06-06 15:01:10.235 W/BroadcastQueue( 1926): Receiver during timeout: BroadcastFilter{20a56cc u0 ReceiverList{9a528ff 2604 com.android.systemui/10021/u0 remote:989e81e}}
06-06 15:01:10.242 W/Binder  ( 2760): Binder call failed.
06-06 15:01:10.242 W/Binder  ( 2760): android.os.DeadObjectException
06-06 15:01:10.242 W/Binder  ( 2760): 	at android.os.BinderProxy.transactNative(Native Method)
06-06 15:01:10.242 W/Binder  ( 2760): 	at android.os.BinderProxy.transact(Binder.java:615)
06-06 15:01:10.242 W/Binder  ( 2760): 	at android.content.IIntentReceiver$Stub$Proxy.performReceive(IIntentReceiver.java:124)
06-06 15:01:10.242 W/Binder  ( 2760): 	at android.app.ActivityThread$ApplicationThread.scheduleRegisteredReceiver(ActivityThread.java:946)
06-06 15:01:10.242 W/Binder  ( 2760): 	at android.app.ApplicationThreadNative.onTransact(ApplicationThreadNative.java:404)
06-06 15:01:10.242 W/Binder  ( 2760): 	at android.os.Binder.execTransact(Binder.java:565)
06-06 15:01:13.493 W//sbin/adbd( 1322): type=1400 audit(0.0:16): avc: denied { search } for comm=7365727669636520323932 name="security" dev="vdc" ino=35203 scontext=u:r:adbd:s0 tcontext=u:object_r:security_file:s0 tclass=dir permissive=0
06-06 15:02:07.522 D/AndroidRuntime( 2886): >>>>>> START com.android.internal.os.RuntimeInit uid 2000 <<<<<<
06-06 15:02:07.548 D/AndroidRuntime( 2886): CheckJNI is ON
06-06 15:02:07.941 W/art     ( 2886): Unexpected CPU variant for X86 using defaults: x86_64
06-06 15:02:07.981 D/ICU     ( 2886): No timezone override file found: /data/misc/zoneinfo/current/icu/icu_tzdata.dat
06-06 15:02:08.169 E/memtrack( 2886): Couldn't load memtrack module (No such file or directory)
06-06 15:02:08.169 E/android.os.Debug( 2886): failed to load memtrack module: -2
06-06 15:02:08.175 I/Radio-JNI( 2886): register_android_hardware_Radio DONE
06-06 15:02:08.488 D/AndroidRuntime( 2886): Calling main entry com.android.commands.pm.Pm
06-06 15:02:08.785 I/        ( 1328): free_cache(141588772) avail 800333824
06-06 15:02:10.250 W/BroadcastQueue( 1926): Timeout of broadcast BroadcastRecord{566849 u0 android.intent.action.BOOT_COMPLETED} - receiver=android.os.BinderProxy@be4b906, started 60001ms ago
06-06 15:02:10.251 W/BroadcastQueue( 1926): Receiver during timeout: BroadcastFilter{f89611d u0 ReceiverList{166cbc7 2604 com.android.systemui/10021/u0 remote:be4b906}}
06-06 15:02:10.432 W/ActivityManager( 1926): Slow operation: 136ms so far, now at startProcess: returned from zygote!
06-06 15:02:10.433 W/ActivityManager( 1926): Slow operation: 137ms so far, now at startProcess: done updating battery stats
06-06 15:02:10.434 W/ActivityManager( 1926): Slow operation: 138ms so far, now at startProcess: building log message
06-06 15:02:10.434 I/ActivityManager( 1926): Start proc 2897:com.android.dialer/u0a8 for broadcast com.android.dialer/.calllog.CallLogReceiver
06-06 15:02:10.434 W/ActivityManager( 1926): Slow operation: 139ms so far, now at startProcess: starting to update pids map
06-06 15:02:10.434 W/ActivityManager( 1926): Slow operation: 139ms so far, now at startProcess: done updating pids map
06-06 15:02:10.435 W/ActivityManager( 1926): Slow operation: 142ms so far, now at startProcess: done starting proc!
06-06 15:02:10.504 I/RecoverySystem( 1926): No recovery log file
06-06 15:02:10.543 W/art     ( 2897): Unexpected CPU variant for X86 using defaults: x86_64
06-06 15:02:10.663 I/BootReceiver( 1926): Copying audit failures to DropBox
06-06 15:02:10.664 I/BootReceiver( 1926): Checking for fsck errors
06-06 15:02:11.434 E/NetdConnector( 1926): NDC Command {19 bandwidth addniceapps 10010} took too long (677ms)
06-06 15:02:11.652 W/System  ( 2897): ClassLoader referenced unknown path: /system/priv-app/Dialer/lib/x86_64
06-06 15:02:13.316 D/ExtensionsFactory( 2897): No custom extensions.
06-06 15:02:13.405 D/BlockedNumbersAuto( 2897): Not attempting auto-migrate: already checked once.
06-06 15:02:13.645 D/CarrierConfigLoader( 2379): mHandler: 13 phoneId: 0
06-06 15:02:13.646 D/CarrierConfigLoader( 2379): mHandler: 7 phoneId: 0
06-06 15:02:13.655 E/CarrierConfigLoader( 2379): Cannot restore config with null packageName or iccid.
06-06 15:02:13.656 D/CarrierConfigLoader( 2379): Binding to com.android.carrierconfig for phone 0
06-06 15:02:13.750 W/ActivityManager( 1926): Slow operation: 68ms so far, now at startProcess: returned from zygote!
06-06 15:02:13.750 W/ActivityManager( 1926): Slow operation: 69ms so far, now at startProcess: done updating battery stats
06-06 15:02:13.751 W/ActivityManager( 1926): Slow operation: 69ms so far, now at startProcess: building log message
06-06 15:02:13.751 I/ActivityManager( 1926): Start proc 2917:com.android.calendar/u0a26 for broadcast com.android.calendar/.alerts.AlertReceiver
06-06 15:02:13.751 W/ActivityManager( 1926): Slow operation: 69ms so far, now at startProcess: starting to update pids map
06-06 15:02:13.751 W/ActivityManager( 1926): Slow operation: 70ms so far, now at startProcess: done updating pids map
06-06 15:02:13.751 W/ActivityManager( 1926): Slow operation: 70ms so far, now at startProcess: done starting proc!
06-06 15:02:13.866 W/ActivityManager( 1926): Slow operation: 94ms so far, now at startProcess: returned from zygote!
06-06 15:02:13.866 W/ActivityManager( 1926): Slow operation: 94ms so far, now at startProcess: done updating battery stats
06-06 15:02:13.866 W/ActivityManager( 1926): Slow operation: 95ms so far, now at startProcess: building log message
06-06 15:02:13.866 I/ActivityManager( 1926): Start proc 2922:com.android.carrierconfig/u0a3 for service com.android.carrierconfig/.DefaultCarrierConfigService
06-06 15:02:13.866 W/ActivityManager( 1926): Slow operation: 95ms so far, now at startProcess: starting to update pids map
06-06 15:02:13.867 W/ActivityManager( 1926): Slow operation: 95ms so far, now at startProcess: done updating pids map
06-06 15:02:13.867 W/ActivityManager( 1926): Slow operation: 109ms so far, now at startProcess: done starting proc!
06-06 15:02:13.885 W/art     ( 2917): Unexpected CPU variant for X86 using defaults: x86_64
06-06 15:02:13.893 W/art     ( 2922): Unexpected CPU variant for X86 using defaults: x86_64
06-06 15:02:14.146 W/System  ( 2922): ClassLoader referenced unknown path: /system/priv-app/CarrierConfig/lib/x86_64
06-06 15:02:14.258 D/DefaultCarrierConfigService( 2922): Service created
06-06 15:02:14.277 D/CarrierConfigLoader( 2379): Connected to config app: com.android.carrierconfig/com.android.carrierconfig.DefaultCarrierConfigService
06-06 15:02:14.277 D/CarrierConfigLoader( 2379): mHandler: 3 phoneId: 0
06-06 15:02:14.293 D/DefaultCarrierConfigService( 2922): Config being fetched
06-06 15:02:14.296 D/DefaultCarrierConfigService( 2922): java.io.FileNotFoundException: carrier_config_.xml
06-06 15:02:14.305 E/CarrierConfigLoader( 2379): Cannot save config with null packageName or iccid.
06-06 15:02:14.324 D/CarrierConfigLoader( 2379): mHandler: 5 phoneId: 0
06-06 15:02:14.326 E/PhoneInterfaceManager( 2379): [PhoneIntfMgr] getCarrierPackageNamesForIntent: No UICC
06-06 15:02:14.441 I/Telecom ( 1926): PhoneAccountRegistrar: SimCallManager queried, returning: null: TSI.gSCMFU@AAY
06-06 15:02:14.624 W/System  ( 2917): ClassLoader referenced unknown path: /system/app/Calendar/lib/x86_64
06-06 15:02:14.640 W/CountryDetector( 2897): No location permissions, not registering for location updates.
06-06 15:02:15.249 D/ExtensionsFactory( 2917): No custom extensions.
06-06 15:02:15.299 D/AlertReceiver( 2917): onReceive: a=android.intent.action.BOOT_COMPLETED Intent { act=android.intent.action.BOOT_COMPLETED flg=0x9000010 cmp=com.android.calendar/.alerts.AlertReceiver (has extras) }
06-06 15:02:15.370 I/AlarmClock( 2549): AlarmInitReceiver android.intent.action.BOOT_COMPLETED
06-06 15:02:15.459 D/AlertUtils( 2917): Flushing old alerts from shared prefs table
06-06 15:02:15.512 D/AlertService( 2917): 0 Action = android.intent.action.BOOT_COMPLETED
06-06 15:02:15.581 D/AlertService( 2917): Scheduling next alarm with AlarmScheduler. sEventReminderReceived: null
06-06 15:02:15.668 W/art     ( 2953): Unexpected CPU variant for X86 using defaults: x86_64
06-06 15:02:15.715 W/ActivityManager( 1926): Slow operation: 102ms so far, now at startProcess: returned from zygote!
06-06 15:02:15.715 W/ActivityManager( 1926): Slow operation: 103ms so far, now at startProcess: done updating battery stats
06-06 15:02:15.715 W/ActivityManager( 1926): Slow operation: 103ms so far, now at startProcess: building log message
06-06 15:02:15.716 I/ActivityManager( 1926): Start proc 2953:com.android.providers.calendar/u0a2 for content provider com.android.providers.calendar/.CalendarProvider2
06-06 15:02:15.716 W/ActivityManager( 1926): Slow operation: 103ms so far, now at startProcess: starting to update pids map
06-06 15:02:15.716 W/ActivityManager( 1926): Slow operation: 103ms so far, now at startProcess: done updating pids map
06-06 15:02:15.716 W/ActivityManager( 1926): Slow operation: 104ms so far, now at startProcess: done starting proc!
06-06 15:02:15.716 W/ActivityManager( 1926): Slow operation: 107ms so far, now at getContentProviderImpl: after start process
06-06 15:02:15.716 W/ActivityManager( 1926): Slow operation: 107ms so far, now at getContentProviderImpl: updating data structures
06-06 15:02:15.717 W/ActivityManager( 1926): Slow operation: 107ms so far, now at getContentProviderImpl: done!
06-06 15:02:16.048 V/AlarmClock( 2549): AlarmInitReceiver finished
06-06 15:02:16.147 W/art     ( 2968): Unexpected CPU variant for X86 using defaults: x86_64
06-06 15:02:16.189 W/ActivityManager( 1926): Slow operation: 173ms so far, now at startProcess: returned from zygote!
06-06 15:02:16.189 W/ActivityManager( 1926): Slow operation: 173ms so far, now at startProcess: done updating battery stats
06-06 15:02:16.189 W/ActivityManager( 1926): Slow operation: 174ms so far, now at startProcess: building log message
06-06 15:02:16.189 I/ActivityManager( 1926): Start proc 2968:com.android.email/u0a34 for broadcast com.android.email/.service.EmailBroadcastReceiver
06-06 15:02:16.190 W/ActivityManager( 1926): Slow operation: 174ms so far, now at startProcess: starting to update pids map
06-06 15:02:16.190 W/ActivityManager( 1926): Slow operation: 174ms so far, now at startProcess: done updating pids map
06-06 15:02:16.190 W/ActivityManager( 1926): Slow operation: 175ms so far, now at startProcess: done starting proc!
06-06 15:02:16.198 W/art     ( 1926): Long monitor contention with owner Binder:1926_B (2757) at void com.android.server.am.BroadcastQueue.processNextBroadcast(boolean)(BroadcastQueue.java:760) waiters=1 in com.android.server.am.ProcessRecord com.android.server.am.ActivityManagerService.findAppProcess(android.os.IBinder, java.lang.String) for 169ms
06-06 15:02:16.199 W/art     ( 1926): Long monitor contention with owner Binder:1926_B (2757) at void com.android.server.am.BroadcastQueue.processNextBroadcast(boolean)(BroadcastQueue.java:760) waiters=0 in void com.android.server.am.ActivityManagerService.dispatchUidsChanged() for 180ms
06-06 15:02:16.337 W/System  ( 2953): ClassLoader referenced unknown path: /system/priv-app/CalendarProvider/lib/x86_64
06-06 15:02:16.873 W/System  ( 2968): ClassLoader referenced unknown path: /system/app/Email/lib/x86_64
06-06 15:02:17.619 I/CalendarProvider2( 2953): Created com.android.providers.calendar.CalendarAlarmManager@57bbc77(com.android.providers.calendar.CalendarProvider2@425b0e4)
06-06 15:02:19.155 I/CalendarProvider2( 2953): Sending notification intent: Intent { act=android.intent.action.PROVIDER_CHANGED dat=content://com.android.calendar flg=0x20000000 }
06-06 15:02:19.978 W/ContentResolver( 2953): Failed to get type for: content://com.android.calendar (Unknown URL content://com.android.calendar)
06-06 15:02:20.750 D/AlarmScheduler( 2917): No events found starting within 1 week.
06-06 15:02:21.154 W/ActivityManager( 1926): Unable to start service Intent { act=com.android.email.EXCHANGE_INTENT pkg=com.android.exchange } U=0: not found
06-06 15:02:21.220 D/ActivityThread( 2968): Loading provider com.android.email.provider;com.android.email.notifier: com.android.email.provider.EmailProvider
06-06 15:02:21.292 W/ActivityManager( 1926): Unable to start service Intent { act=com.android.email.EXCHANGE_INTENT pkg=com.android.exchange } U=0: not found
06-06 15:02:21.294 D/ActivityThread( 2968): Loading provider com.android.email.provider;com.android.email.notifier: com.android.email.provider.EmailProvider
06-06 15:02:21.309 W/ActivityManager( 1926): Unable to start service Intent { act=com.android.email.EXCHANGE_INTENT pkg=com.android.exchange } U=0: not found
06-06 15:02:21.565 I/art     ( 2968): Waiting for a blocking GC DisableMovingGc
06-06 15:02:21.579 I/art     ( 2968): WaitForGcToComplete blocked for 13.689ms for cause DisableMovingGc
06-06 15:02:21.579 I/art     ( 2968): Starting a blocking GC DisableMovingGc
06-06 15:02:21.820 I/SystemBroadcastReceiver( 2159): Boot has been completed
06-06 15:02:21.820 I/SystemBroadcastReceiver( 2159): toggleAppIcon() : FLAG_SYSTEM = true
06-06 15:02:22.040 W/ActivityManager( 1926): Slow operation: 78ms so far, now at startProcess: returned from zygote!
06-06 15:02:22.040 W/ActivityManager( 1926): Slow operation: 79ms so far, now at startProcess: done updating battery stats
06-06 15:02:22.041 W/ActivityManager( 1926): Slow operation: 79ms so far, now at startProcess: building log message
06-06 15:02:22.041 I/ActivityManager( 1926): Start proc 2991:com.android.managedprovisioning/u0a14 for broadcast com.android.managedprovisioning/.BootReminder
06-06 15:02:22.041 W/ActivityManager( 1926): Slow operation: 79ms so far, now at startProcess: starting to update pids map
06-06 15:02:22.041 W/ActivityManager( 1926): Slow operation: 79ms so far, now at startProcess: done updating pids map
06-06 15:02:22.041 W/ActivityManager( 1926): Slow operation: 81ms so far, now at startProcess: done starting proc!
06-06 15:02:22.074 W/art     ( 2991): Unexpected CPU variant for X86 using defaults: x86_64
06-06 15:02:22.235 W/art     ( 2968): Long monitor contention with owner AsyncTask #1 (2985) at void android.database.sqlite.SQLiteDatabase.open()(SQLiteDatabase.java:793) waiters=0 in android.database.sqlite.SQLiteDatabase com.android.email.provider.EmailProvider.getDatabase(android.content.Context) for 822ms
06-06 15:02:22.326 W/System  ( 2991): ClassLoader referenced unknown path: /system/priv-app/ManagedProvisioning/lib/x86_64
06-06 15:02:22.360 W/ActivityManager( 1926): Unable to start service Intent { cmp=com.android.email/.service.AttachmentService } U=0: not found
06-06 15:02:22.431 W/ActivityManager( 1926): Unable to start service Intent { act=com.android.email.EXCHANGE_INTENT pkg=com.android.exchange } U=0: not found
06-06 15:02:22.503 I/Email   ( 2968): Observing account changes for notifications
06-06 15:02:22.544 W/art     ( 2968): Long monitor contention with owner AsyncTask #2 (2986) at android.database.sqlite.SQLiteDatabase com.android.email.provider.EmailProvider.getDatabase(android.content.Context)(EmailProvider.java:478) waiters=0 in void com.android.email.provider.AccountReconciler.reconcileAccounts(android.content.Context) for 628ms
06-06 15:02:22.574 W/ActivityManager( 1926): Unable to start service Intent { act=com.android.email.EXCHANGE_INTENT pkg=com.android.exchange } U=0: not found
06-06 15:02:22.584 W/ActivityManager( 1926): Unable to start service Intent { act=com.android.email.EXCHANGE_INTENT pkg=com.android.exchange } U=0: not found
06-06 15:02:22.620 E/ActivityThread( 2968): Service com.android.email.service.EmailBroadcastProcessorService has leaked ServiceConnection com.android.emailcommon.service.ServiceProxy$ProxyConnection@ba6d480 that was originally bound here
06-06 15:02:22.620 E/ActivityThread( 2968): android.app.ServiceConnectionLeaked: Service com.android.email.service.EmailBroadcastProcessorService has leaked ServiceConnection com.android.emailcommon.service.ServiceProxy$ProxyConnection@ba6d480 that was originally bound here
06-06 15:02:22.620 E/ActivityThread( 2968): 	at android.app.LoadedApk$ServiceDispatcher.<init>(LoadedApk.java:1336)
06-06 15:02:22.620 E/ActivityThread( 2968): 	at android.app.LoadedApk.getServiceDispatcher(LoadedApk.java:1231)
06-06 15:02:22.620 E/ActivityThread( 2968): 	at android.app.ContextImpl.bindServiceCommon(ContextImpl.java:1450)
06-06 15:02:22.620 E/ActivityThread( 2968): 	at android.app.ContextImpl.bindService(ContextImpl.java:1422)
06-06 15:02:22.620 E/ActivityThread( 2968): 	at android.content.ContextWrapper.bindService(ContextWrapper.java:636)
06-06 15:02:22.620 E/ActivityThread( 2968): 	at com.android.emailcommon.service.ServiceProxy.setTask(ServiceProxy.java:181)
06-06 15:02:22.620 E/ActivityThread( 2968): 	at com.android.emailcommon.service.ServiceProxy.test(ServiceProxy.java:224)
06-06 15:02:22.620 E/ActivityThread( 2968): 	at com.android.email.service.EmailServiceUtils.isServiceAvailable(EmailServiceUtils.java:160)
06-06 15:02:22.620 E/ActivityThread( 2968): 	at com.android.email.provider.AccountReconciler.reconcileAccountsInternal(AccountReconciler.java:171)
06-06 15:02:22.620 E/ActivityThread( 2968): 	at com.android.email.provider.AccountReconciler.reconcileAccounts(AccountReconciler.java:115)
06-06 15:02:22.620 E/ActivityThread( 2968): 	at com.android.email.service.EmailBroadcastProcessorService.reconcileAndStartServices(EmailBroadcastProcessorService.java:305)
06-06 15:02:22.620 E/ActivityThread( 2968): 	at com.android.email.service.EmailBroadcastProcessorService.onBootCompleted(EmailBroadcastProcessorService.java:295)
06-06 15:02:22.620 E/ActivityThread( 2968): 	at com.android.email.service.EmailBroadcastProcessorService.onHandleIntent(EmailBroadcastProcessorService.java:130)
06-06 15:02:22.620 E/ActivityThread( 2968): 	at android.app.IntentService$ServiceHandler.handleMessage(IntentService.java:68)
06-06 15:02:22.620 E/ActivityThread( 2968): 	at android.os.Handler.dispatchMessage(Handler.java:102)
06-06 15:02:22.620 E/ActivityThread( 2968): 	at android.os.Looper.loop(Looper.java:154)
06-06 15:02:22.620 E/ActivityThread( 2968): 	at android.os.HandlerThread.run(HandlerThread.java:61)
06-06 15:02:22.621 W/ActivityManager( 1926): Unbind failed: could not find connection for android.os.BinderProxy@97e3475
06-06 15:02:22.645 W/ActivityManager( 1926): Unable to start service Intent { cmp=com.android.email/.service.AttachmentService } U=0: not found
06-06 15:02:22.655 W/ActivityManager( 1926): Unable to start service Intent { act=com.android.email.EXCHANGE_INTENT pkg=com.android.exchange } U=0: not found
06-06 15:02:22.714 W/ActivityManager( 1926): Unable to start service Intent { cmp=com.android.email/.service.AttachmentService } U=0: not found
06-06 15:02:22.803 W/ActivityManager( 1926): Unable to start service Intent { act=com.android.email.EXCHANGE_INTENT pkg=com.android.exchange } U=0: not found
06-06 15:02:22.903 W/ActivityManager( 1926): Slow operation: 70ms so far, now at startProcess: returned from zygote!
06-06 15:02:22.904 W/ActivityManager( 1926): Slow operation: 70ms so far, now at startProcess: done updating battery stats
06-06 15:02:22.904 W/ActivityManager( 1926): Slow operation: 70ms so far, now at startProcess: building log message
06-06 15:02:22.904 I/ActivityManager( 1926): Start proc 3007:com.android.messaging/u0a54 for broadcast com.android.messaging/.receiver.BootAndPackageReplacedReceiver
06-06 15:02:22.904 W/ActivityManager( 1926): Slow operation: 71ms so far, now at startProcess: starting to update pids map
06-06 15:02:22.904 W/ActivityManager( 1926): Slow operation: 71ms so far, now at startProcess: done updating pids map
06-06 15:02:22.904 W/ActivityManager( 1926): Slow operation: 71ms so far, now at startProcess: done starting proc!
06-06 15:02:22.932 W/art     ( 3007): Unexpected CPU variant for X86 using defaults: x86_64
06-06 15:02:23.152 W/System  ( 3007): ClassLoader referenced unknown path: /system/app/messaging/lib/x86_64
06-06 15:02:25.893 I/art     ( 1926): Background partial concurrent mark sweep GC freed 12887(1135KB) AllocSpace objects, 16(564KB) LOS objects, 29% free, 9MB/13MB, paused 2.644ms total 401.232ms
06-06 15:02:26.131 V/VvmBootCompletedRcvr( 2379): processing subId list
06-06 15:02:26.163 E/VvmBootCompletedRcvr( 2379): phone account ComponentInfo{com.android.phone/com.android.services.telephony.TelephonyConnectionService}, [e2f7d48dd2b5ca523e7313cf4ba0f6ea830b6281], UserHandle{0} has invalid subId -1
06-06 15:02:26.196 I/MessagingApp( 3007): Carrier config changed. Reloading MMS config.
06-06 15:02:27.331 I/MessagingAppDataModel( 3007): Fixup: Send failed - 0 Download failed - 0
06-06 15:02:27.332 W/MessagingAppDataModel( 3007): Used 1123ms for FixupMessageStatusOnStartupAction#executeAction
06-06 15:02:27.679 W/art     ( 3007): Long monitor contention with owner Thread-2 (3023) at void com.android.messaging.sms.o.load()(SourceFile:-1) waiters=0 in void com.android.messaging.sms.o.load() for 230ms
06-06 15:02:28.215 I/MessagingAppDataModel( 3007): SyncMessagesAction: Starting batch for messages from 1590625725905 to 1591455745769 (message update limit = 80, message scan limit = 4000)
06-06 15:02:28.793 I/VvmSimChangeReceiver( 2379): Received SIM change for invalid subscription id.
06-06 15:02:28.930 I/art     ( 3007): Waiting for a blocking GC DisableMovingGc
06-06 15:02:28.949 I/art     ( 3007): WaitForGcToComplete blocked for 18.721ms for cause DisableMovingGc
06-06 15:02:28.949 I/art     ( 3007): Starting a blocking GC DisableMovingGc
06-06 15:02:29.169 D/AlertReceiver( 2917): onReceive: a=android.intent.action.PROVIDER_CHANGED Intent { act=android.intent.action.PROVIDER_CHANGED dat=content://com.android.calendar flg=0x20000010 cmp=com.android.calendar/.alerts.AlertReceiver }
06-06 15:02:29.594 I/MessagingAppDataModel( 3007): SyncMessagesAction: All messages now in sync
06-06 15:02:29.596 D/AlertService( 2917): 0 Action = android.intent.action.PROVIDER_CHANGED
06-06 15:02:30.546 I/ActivityManager( 1926): Waited long enough for: ServiceRecord{2244026 u0 com.android.calendar/.alerts.InitAlarmsService}
06-06 15:02:34.650 I/GlobalDismissManager( 2917): no sender configured
06-06 15:02:34.652 D/AlertService( 2917): Beginning updateAlertNotification
06-06 15:02:34.812 D/AlertService( 2917): No fired or scheduled alerts
06-06 15:02:34.987 D/AlertService( 2917): Scheduling next alarm with AlarmScheduler. sEventReminderReceived: null
06-06 15:02:35.102 D/AlarmScheduler( 2917): No events found starting within 1 week.
06-06 15:02:35.631 W/MediaScanner( 2812): Error opening directory '/oem/media/', skipping: No such file or directory.
06-06 15:02:36.060 V/MediaScanner( 2812): pruneDeadThumbnailFiles... android.content.ContentProviderClient$CursorWrapperInner@44bb429
06-06 15:02:36.062 V/MediaScanner( 2812): /pruneDeadThumbnailFiles... android.content.ContentProviderClient$CursorWrapperInner@44bb429
06-06 15:02:45.909 D/InitAlarmsService( 2917): Clearing and rescheduling alarms.
06-06 15:02:47.844 W/ActivityManager( 1926): Slow operation: 52ms so far, now at startProcess: returned from zygote!
06-06 15:02:47.845 W/ActivityManager( 1926): Slow operation: 52ms so far, now at startProcess: done updating battery stats
06-06 15:02:47.845 W/ActivityManager( 1926): Slow operation: 52ms so far, now at startProcess: building log message
06-06 15:02:47.845 I/ActivityManager( 1926): Start proc 3038:com.android.defcontainer/u0a7 for service com.android.defcontainer/.DefaultContainerService
06-06 15:02:47.845 W/ActivityManager( 1926): Slow operation: 53ms so far, now at startProcess: starting to update pids map
06-06 15:02:47.845 W/ActivityManager( 1926): Slow operation: 53ms so far, now at startProcess: done updating pids map
06-06 15:02:47.845 W/ActivityManager( 1926): Slow operation: 54ms so far, now at startProcess: done starting proc!
06-06 15:02:47.868 W/art     ( 3038): Unexpected CPU variant for X86 using defaults: x86_64
06-06 15:02:48.494 I/PackageManager.DexOptimizer( 1926): Running dexopt (dex2oat) on: /data/app/vmdl2132362110.tmp/base.apk pkg=jp.jaxa.iss.kibo.rpc.defaultapk isa=x86_64 vmSafeMode=false debuggable=true target-filter=interpret-only oatDir = /data/app/vmdl2132362110.tmp/oat sharedLibraries=null
06-06 15:02:48.706 W/dex2oat ( 3053): Unexpected CPU variant for X86 using defaults: x86_64
06-06 15:02:48.723 I/dex2oat ( 3053): /system/bin/dex2oat --compiler-filter=interpret-only --debuggable
06-06 15:02:54.145 W/dex2oat ( 3053): Before Android 4.1, method android.graphics.PorterDuffColorFilter android.support.graphics.drawable.VectorDrawableCompat.updateTintFilter(android.graphics.PorterDuffColorFilter, android.content.res.ColorStateList, android.graphics.PorterDuff$Mode) would have incorrectly overridden the package-private method in android.graphics.drawable.Drawable
06-06 15:02:54.872 W/dex2oat ( 3053): Before Android 4.1, method int android.support.v7.widget.ListViewCompat.lookForSelectablePosition(int, boolean) would have incorrectly overridden the package-private method in android.widget.ListView
06-06 15:03:00.324 W/dex2oat ( 3053): Verification of void boofcv.alg.filter.misc.ImplAverageDownSampleN.down(boofcv.struct.image.GrayS16, int, boofcv.struct.image.GrayI16) took 185.697ms
06-06 15:03:00.599 W/dex2oat ( 3053): Verification of void boofcv.alg.interpolate.impl.ImplBilinearPixel_IL_S16.get_border(float, float, float[]) took 260.776ms
06-06 15:03:00.939 W/dex2oat ( 3053): Verification of void boofcv.alg.misc.ImageMiscOps.fillUniform(boofcv.struct.image.GrayI8, java.util.Random, int, int) took 141.371ms
06-06 15:03:01.382 W/dex2oat ( 3053): Verification of void boofcv.alg.misc.PixelMath.divide(boofcv.struct.image.GrayF32, float, boofcv.struct.image.GrayF32) took 363.959ms
06-06 15:03:10.171 W/dex2oat ( 3053): Verification of void boofcv.alg.geo.f.HelperNister5.setupA1(org.ejml.data.DMatrixRMaj) took 142.929ms
06-06 15:03:10.314 W/dex2oat ( 3053): Verification of void boofcv.alg.geo.f.HelperNister5.setupA2(org.ejml.data.DMatrixRMaj) took 140.488ms
06-06 15:03:11.569 W/dex2oat ( 3053): Verification of void org.apache.commons.math3.geometry.spherical.twod.Edge.split(org.apache.commons.math3.geometry.spherical.twod.Circle, java.util.List, java.util.List) took 201.222ms
06-06 15:03:12.526 W/dex2oat ( 3053): Verification of double org.apache.commons.math3.optim.nonlinear.scalar.noderiv.BOBYQAOptimizer.bobyqb(double[], double[]) took 216.846ms
06-06 15:03:12.650 W/dex2oat ( 3053): Verification of double[] org.apache.commons.math3.optim.nonlinear.scalar.noderiv.BOBYQAOptimizer.trsbox(double, org.apache.commons.math3.linear.ArrayRealVector, org.apache.commons.math3.linear.ArrayRealVector, org.apache.commons.math3.linear.ArrayRealVector, org.apache.commons.math3.linear.ArrayRealVector, org.apache.commons.math3.linear.ArrayRealVector) took 101.887ms
06-06 15:03:12.850 W/dex2oat ( 3053): Verification of double org.apache.commons.math3.optimization.direct.BOBYQAOptimizer.bobyqb(double[], double[]) took 292.354ms
06-06 15:03:15.339 W/dex2oat ( 3053): Verification of void org.ejml.dense.fixed.CommonOps_DDF6.addEquals(org.ejml.data.DMatrix6x6, org.ejml.data.DMatrix6x6) took 110.264ms
06-06 15:03:21.305 W/dex2oat ( 3053): Compilation of java.lang.String org.opencv.android.StaticHelper.getLibraryList() took 138.616ms
06-06 15:03:21.309 W/dex2oat ( 3053): Compilation of void org.opencv.android.Utils.nBitmapToMat2(android.graphics.Bitmap, long, boolean) took 140.766ms
06-06 15:03:21.615 W/dex2oat ( 3053): Compilation of void org.opencv.core.Core.randShuffle_0(long, double) took 126.849ms
06-06 15:03:28.143 I/dex2oat ( 3053): dex2oat took 39.447s (threads: 2) arena alloc=592KB (606816B) java alloc=11MB (11977616B) native alloc=29MB (30892528B) free=5MB (5807632B)
06-06 15:03:28.488 D/installd( 1328): Detected label change from u:object_r:system_data_file:s0 to u:object_r:app_data_file:s0:c512,c768 at /data/data/jp.jaxa.iss.kibo.rpc.defaultapk; running recursive restorecon
06-06 15:03:28.502 D/installd( 1328): Detected label change from u:object_r:system_data_file:s0 to u:object_r:app_data_file:s0:c512,c768 at /data/user_de/0/jp.jaxa.iss.kibo.rpc.defaultapk; running recursive restorecon
06-06 15:03:28.513 V/BackupManagerService( 1926): restoreAtInstall pkg=jp.jaxa.iss.kibo.rpc.defaultapk token=1 restoreSet=0
06-06 15:03:28.515 W/BackupManagerService( 1926): Requested unavailable transport: android/com.android.internal.backup.LocalTransport
06-06 15:03:28.515 W/BackupManagerService( 1926): No transport
06-06 15:03:28.516 V/BackupManagerService( 1926): Finishing install immediately
06-06 15:03:28.535 I/GnssLocationProvider( 1926): WakeLock acquired by sendMessage(3, 0, com.android.server.location.GnssLocationProvider$GpsRequest@877835e)
06-06 15:03:28.553 D/VoldConnector( 1926): SND -> {9 volume remount_uid 10064 default}
06-06 15:03:28.565 D/vold    ( 1273): Remounting 10064 as mode default
06-06 15:03:28.569 I/GnssLocationProvider( 1926): WakeLock released by handleMessage(3, 0, com.android.server.location.GnssLocationProvider$GpsRequest@877835e)
06-06 15:03:28.604 D/VoldConnector( 1926): RCV <- {200 9 Command succeeded}
06-06 15:03:28.611 I/GnssLocationProvider( 1926): WakeLock acquired by sendMessage(3, 0, com.android.server.location.GnssLocationProvider$GpsRequest@d9dc33f)
06-06 15:03:28.619 D/VoldConnector( 1926): SND -> {10 volume remount_uid 10064 write}
06-06 15:03:28.621 D/vold    ( 1273): Remounting 10064 as mode write
06-06 15:03:28.643 D/VoldConnector( 1926): RCV <- {200 10 Command succeeded}
06-06 15:03:28.647 I/GnssLocationProvider( 1926): WakeLock acquired by sendMessage(3, 0, com.android.server.location.GnssLocationProvider$GpsRequest@f63840c)
06-06 15:03:28.749 I/art     ( 1926): Starting a blocking GC Explicit
06-06 15:03:28.801 I/GnssLocationProvider( 1926): WakeLock released by handleMessage(3, 0, com.android.server.location.GnssLocationProvider$GpsRequest@d9dc33f)
06-06 15:03:28.802 I/GnssLocationProvider( 1926): WakeLock released by handleMessage(3, 0, com.android.server.location.GnssLocationProvider$GpsRequest@f63840c)
06-06 15:03:28.915 I/art     ( 1926): Explicit concurrent mark sweep GC freed 24485(1457KB) AllocSpace objects, 11(280KB) LOS objects, 29% free, 9MB/13MB, paused 1.860ms total 162.003ms
06-06 15:03:28.917 E/        ( 1328): Couldn't opendir /data/app/vmdl2132362110.tmp: No such file or directory
06-06 15:03:29.076 I/InputReader( 1926): Reconfiguring input devices.  changes=0x00000010
06-06 15:03:29.136 W/ActivityManager( 1926): Slow operation: 113ms so far, now at startProcess: returned from zygote!
06-06 15:03:29.136 W/ActivityManager( 1926): Slow operation: 114ms so far, now at startProcess: done updating battery stats
06-06 15:03:29.137 W/ActivityManager( 1926): Slow operation: 114ms so far, now at startProcess: building log message
06-06 15:03:29.137 I/ActivityManager( 1926): Start proc 3058:com.android.gallery3d/u0a39 for broadcast com.android.gallery3d/.app.PackagesMonitor
06-06 15:03:29.137 W/ActivityManager( 1926): Slow operation: 114ms so far, now at startProcess: starting to update pids map
06-06 15:03:29.137 W/ActivityManager( 1926): Slow operation: 114ms so far, now at startProcess: done updating pids map
06-06 15:03:29.137 W/ActivityManager( 1926): Slow operation: 122ms so far, now at startProcess: done starting proc!
06-06 15:03:29.147 W/art     ( 3058): Unexpected CPU variant for X86 using defaults: x86_64
06-06 15:03:29.248 I/art     ( 2886): System.exit called, status: 0
06-06 15:03:29.260 I/AndroidRuntime( 2886): VM exiting with result code 0.
06-06 15:03:29.432 E/PhoneInterfaceManager( 2379): [PhoneIntfMgr] getCarrierPackageNamesForIntent: No UICC
06-06 15:03:29.432 D/CarrierSvcBindHelper( 2379): No carrier app for: 0
06-06 15:03:29.436 D/CarrierConfigLoader( 2379): mHandler: 9 phoneId: 0
06-06 15:03:29.544 W/art     ( 1926): Long monitor contention with owner android.bg (1968) at void com.android.server.pm.ShortcutService.handlePackageAdded(java.lang.String, int)(ShortcutService.java:2696) waiters=0 in void com.android.server.pm.ShortcutService.handleOnUidStateChanged(int, int) for 385ms
06-06 15:03:29.941 W/VoiceInteractionManagerService( 1926): no available voice recognition services found for user 0
06-06 15:03:30.567 I/ActivityManager( 1926): Start proc 3078:com.svox.pico/u0a49 for broadcast com.svox.pico/.VoiceDataInstallerReceiver
06-06 15:03:30.607 W/art     ( 3078): Unexpected CPU variant for X86 using defaults: x86_64
06-06 15:03:30.821 I/ActivityManager( 1926): Killing 2720:com.android.keychain/1000 (adj 906): empty #17
06-06 15:03:30.906 D/ActivityManager( 1926): cleanUpApplicationRecord -- 2720
06-06 15:04:55.024 D/AndroidRuntime( 3092): >>>>>> START com.android.internal.os.RuntimeInit uid 2000 <<<<<<
06-06 15:04:55.056 D/AndroidRuntime( 3092): CheckJNI is ON
06-06 15:04:55.620 W/art     ( 3092): Unexpected CPU variant for X86 using defaults: x86_64
06-06 15:04:55.786 D/ICU     ( 3092): No timezone override file found: /data/misc/zoneinfo/current/icu/icu_tzdata.dat
06-06 15:04:56.106 E/memtrack( 3092): Couldn't load memtrack module (No such file or directory)
06-06 15:04:56.107 E/android.os.Debug( 3092): failed to load memtrack module: -2
06-06 15:04:56.117 I/Radio-JNI( 3092): register_android_hardware_Radio DONE
06-06 15:04:56.288 D/AndroidRuntime( 3092): Calling main entry com.android.commands.am.Am
06-06 15:04:56.552 W/ActivityManager( 1926): Slow operation: 124ms so far, now at startProcess: returned from zygote!
06-06 15:04:56.554 W/ActivityManager( 1926): Slow operation: 126ms so far, now at startProcess: done updating battery stats
06-06 15:04:56.556 W/ActivityManager( 1926): Slow operation: 129ms so far, now at startProcess: building log message
06-06 15:04:56.557 I/ActivityManager( 1926): Start proc 3102:gov.nasa.arc.astrobee.android.gs.manager/u0a63 for service gov.nasa.arc.astrobee.android.gs.manager/.ManagerService
06-06 15:04:56.557 W/ActivityManager( 1926): Slow operation: 129ms so far, now at startProcess: starting to update pids map
06-06 15:04:56.557 W/ActivityManager( 1926): Slow operation: 130ms so far, now at startProcess: done updating pids map
06-06 15:04:56.557 W/ActivityManager( 1926): Slow operation: 133ms so far, now at startProcess: done starting proc!
06-06 15:04:56.577 D/AndroidRuntime( 3092): Shutting down VM
06-06 15:04:56.653 I/art     ( 3102): Not late-enabling -Xcheck:jni (already on)
06-06 15:04:56.658 W/art     ( 3102): Unexpected CPU variant for X86 using defaults: x86_64
06-06 15:04:56.699 W/art     ( 3092): Suspending all threads took: 10.563ms
06-06 15:04:57.110 W/System  ( 3102): ClassLoader referenced unknown path: /data/app/gov.nasa.arc.astrobee.android.gs.manager-1/lib/x86_64
06-06 15:04:57.916 E/Notification( 3102): setLatestEventInfo() is deprecated and you should feel deprecated.
06-06 15:04:57.916 E/Notification( 3102): java.lang.Throwable
06-06 15:04:57.916 E/Notification( 3102): 	at android.app.Notification.setLatestEventInfo(Notification.java:2076)
06-06 15:04:57.916 E/Notification( 3102): 	at org.ros.android.NodeMainExecutorService.onStartCommand(NodeMainExecutorService.java:220)
06-06 15:04:57.916 E/Notification( 3102): 	at android.app.ActivityThread.handleServiceArgs(ActivityThread.java:3326)
06-06 15:04:57.916 E/Notification( 3102): 	at android.app.ActivityThread.-wrap21(ActivityThread.java)
06-06 15:04:57.916 E/Notification( 3102): 	at android.app.ActivityThread$H.handleMessage(ActivityThread.java:1582)
06-06 15:04:57.916 E/Notification( 3102): 	at android.os.Handler.dispatchMessage(Handler.java:102)
06-06 15:04:57.916 E/Notification( 3102): 	at android.os.Looper.loop(Looper.java:154)
06-06 15:04:57.916 E/Notification( 3102): 	at android.app.ActivityThread.main(ActivityThread.java:6119)
06-06 15:04:57.916 E/Notification( 3102): 	at java.lang.reflect.Method.invoke(Native Method)
06-06 15:04:57.916 E/Notification( 3102): 	at com.android.internal.os.ZygoteInit$MethodAndArgsCaller.run(ZygoteInit.java:886)
06-06 15:04:57.916 E/Notification( 3102): 	at com.android.internal.os.ZygoteInit.main(ZygoteInit.java:776)
06-06 15:04:59.599 I/Registrar( 3102): MasterXmlRpcEndpoint URI: http://llp:11311
06-06 15:04:59.926 I/Registrar( 3102): Registering publisher: Publisher<PublisherDefinition<PublisherIdentifier<NodeIdentifier</guest_science_manager, http://hlp:53047/>, TopicIdentifier</rosout>>, Topic<TopicIdentifier</rosout>, TopicDescription<rosgraph_msgs/Log, acffd30cd6b6de30f120938c17c593fb>>>>
06-06 15:05:01.890 I/Registrar( 3102): Response<Success, Registered [/guest_science_manager] as publisher of [/rosout], [http://10.42.0.34:37156/, http://10.42.0.34:35746/]>
06-06 15:05:01.893 I/DefaultPublisher( 3102): Publisher registered: Publisher<PublisherDefinition<PublisherIdentifier<NodeIdentifier</guest_science_manager, http://hlp:53047/>, TopicIdentifier</rosout>>, Topic<TopicIdentifier</rosout>, TopicDescription<rosgraph_msgs/Log, acffd30cd6b6de30f120938c17c593fb>>>>
06-06 15:05:02.298 I/Registrar( 3102): Registering subscriber: Subscriber<Topic<TopicIdentifier</clock>, TopicDescription<rosgraph_msgs/Clock, a9c97c1d230cfc112e270351a944ee47>>>
06-06 15:05:02.523 I/Registrar( 3102): Response<Success, Subscribed to [/clock], [http://10.42.0.34:43796/]>
06-06 15:05:02.550 I/DefaultSubscriber( 3102): Subscriber registered: Subscriber<Topic<TopicIdentifier</clock>, TopicDescription<rosgraph_msgs/Clock, a9c97c1d230cfc112e270351a944ee47>>>
06-06 15:05:02.868 D/NotificationSQLiteLog( 1926): Pruned event entries: 19
06-06 15:05:02.952 I/Registrar( 3102): Registering publisher: Publisher<PublisherDefinition<PublisherIdentifier<NodeIdentifier</guest_science_manager, http://hlp:53047/>, TopicIdentifier</gs/gs_manager/ack>>, Topic<TopicIdentifier</gs/gs_manager/ack>, TopicDescription<ff_msgs/AckStamped, cebddec69fd770df54633be444a9187d>>>>
06-06 15:05:03.287 W/art     ( 3102): Suspending all threads took: 10.377ms
06-06 15:05:03.323 I/Registrar( 3102): Response<Success, Registered [/guest_science_manager] as publisher of [/gs/gs_manager/ack], [http://10.42.0.34:45045/]>
06-06 15:05:03.349 I/DefaultPublisher( 3102): Publisher registered: Publisher<PublisherDefinition<PublisherIdentifier<NodeIdentifier</guest_science_manager, http://hlp:53047/>, TopicIdentifier</gs/gs_manager/ack>>, Topic<TopicIdentifier</gs/gs_manager/ack>, TopicDescription<ff_msgs/AckStamped, cebddec69fd770df54633be444a9187d>>>>
06-06 15:05:03.371 I/Registrar( 3102): Registering publisher: Publisher<PublisherDefinition<PublisherIdentifier<NodeIdentifier</guest_science_manager, http://hlp:53047/>, TopicIdentifier</gs/gs_manager/config>>, Topic<TopicIdentifier</gs/gs_manager/config>, TopicDescription<ff_msgs/GuestScienceConfig, c6f632ed2411de4159494a3e7754794e>>>>
06-06 15:05:03.667 I/Registrar( 3102): Registering publisher: Publisher<PublisherDefinition<PublisherIdentifier<NodeIdentifier</guest_science_manager, http://hlp:53047/>, TopicIdentifier</gs/data>>, Topic<TopicIdentifier</gs/data>, TopicDescription<ff_msgs/GuestScienceData, edd2c791ea93ffa7cb0ec80c5bb00972>>>>
06-06 15:05:03.718 I/Registrar( 3102): Response<Success, Registered [/guest_science_manager] as publisher of [/gs/gs_manager/config], [http://10.42.0.34:43966/]>
06-06 15:05:03.722 I/DefaultPublisher( 3102): Publisher registered: Publisher<PublisherDefinition<PublisherIdentifier<NodeIdentifier</guest_science_manager, http://hlp:53047/>, TopicIdentifier</gs/gs_manager/config>>, Topic<TopicIdentifier</gs/gs_manager/config>, TopicDescription<ff_msgs/GuestScienceConfig, c6f632ed2411de4159494a3e7754794e>>>>
06-06 15:05:03.986 I/Registrar( 3102): Registering publisher: Publisher<PublisherDefinition<PublisherIdentifier<NodeIdentifier</guest_science_manager, http://hlp:53047/>, TopicIdentifier</gs/gs_manager/state>>, Topic<TopicIdentifier</gs/gs_manager/state>, TopicDescription<ff_msgs/GuestScienceState, 24e5a1ba8527257cc710720a32de6e51>>>>
06-06 15:05:04.029 I/art     ( 3102): Background sticky concurrent mark sweep GC freed 26539(2MB) AllocSpace objects, 18(364KB) LOS objects, 22% free, 7MB/10MB, paused 29.636ms total 1.170s
06-06 15:05:04.140 I/Registrar( 3102): Response<Success, Registered [/guest_science_manager] as publisher of [/gs/data], [http://10.42.0.34:40000/, http://10.42.0.34:43966/, http://10.42.0.34:35746/]>
06-06 15:05:04.253 I/DefaultPublisher( 3102): Publisher registered: Publisher<PublisherDefinition<PublisherIdentifier<NodeIdentifier</guest_science_manager, http://hlp:53047/>, TopicIdentifier</gs/data>>, Topic<TopicIdentifier</gs/data>, TopicDescription<ff_msgs/GuestScienceData, edd2c791ea93ffa7cb0ec80c5bb00972>>>>
06-06 15:05:04.495 I/Registrar( 3102): Registering subscriber: Subscriber<Topic<TopicIdentifier</mgt/executive/command>, TopicDescription<ff_msgs/CommandStamped, ac01350894b1be9e3a7b4f390a14812d>>>
06-06 15:05:04.562 I/Registrar( 3102): Response<Success, Registered [/guest_science_manager] as publisher of [/gs/gs_manager/state], [http://10.42.0.34:43966/]>
06-06 15:05:04.621 I/DefaultPublisher( 3102): Publisher registered: Publisher<PublisherDefinition<PublisherIdentifier<NodeIdentifier</guest_science_manager, http://hlp:53047/>, TopicIdentifier</gs/gs_manager/state>>, Topic<TopicIdentifier</gs/gs_manager/state>, TopicDescription<ff_msgs/GuestScienceState, 24e5a1ba8527257cc710720a32de6e51>>>>
06-06 15:05:04.881 I/Registrar( 3102): Response<Success, Subscribed to [/mgt/executive/command], [http://10.42.0.34:45045/]>
06-06 15:05:04.933 I/DefaultSubscriber( 3102): Subscriber registered: Subscriber<Topic<TopicIdentifier</mgt/executive/command>, TopicDescription<ff_msgs/CommandStamped, ac01350894b1be9e3a7b4f390a14812d>>>
06-06 15:05:04.938 W/ActivityManager( 1926): Slow operation: 94ms so far, now at startProcess: returned from zygote!
06-06 15:05:04.939 W/ActivityManager( 1926): Slow operation: 96ms so far, now at startProcess: done updating battery stats
06-06 15:05:04.939 W/ActivityManager( 1926): Slow operation: 96ms so far, now at startProcess: building log message
06-06 15:05:04.939 I/ActivityManager( 1926): Start proc 3178:jp.jaxa.iss.kibo.rpc.defaultapk/u0a64 for broadcast jp.jaxa.iss.kibo.rpc.defaultapk/gov.nasa.arc.astrobee.android.gs.InfoInqueryBroadcastReceiver
06-06 15:05:04.939 W/ActivityManager( 1926): Slow operation: 97ms so far, now at startProcess: starting to update pids map
06-06 15:05:04.939 W/ActivityManager( 1926): Slow operation: 97ms so far, now at startProcess: done updating pids map
06-06 15:05:04.939 W/ActivityManager( 1926): Slow operation: 122ms so far, now at startProcess: done starting proc!
06-06 15:05:04.983 I/art     ( 3178): Not late-enabling -Xcheck:jni (already on)
06-06 15:05:04.985 W/art     ( 3178): Unexpected CPU variant for X86 using defaults: x86_64
06-06 15:05:05.718 W/art     ( 3102): Suspending all threads took: 10.721ms
06-06 15:05:05.762 I/ActivityManager( 1926): Killing 2830:com.android.printspooler/u0a51 (adj 906): empty #17
06-06 15:05:05.909 D/ActivityManager( 1926): cleanUpApplicationRecord -- 2830
06-06 15:05:06.052 I/art     ( 3102): Background partial concurrent mark sweep GC freed 23218(1868KB) AllocSpace objects, 33(652KB) LOS objects, 35% free, 7MB/11MB, paused 19.745ms total 970.259ms
06-06 15:05:10.843 D/ManagerTimeoutTimer( 3102): Still waiting for the apk to start or stop. 4998.0 milliseconds left.
06-06 15:05:10.993 D/OpenCV/StaticHelper( 3178): Trying to get library list
06-06 15:05:11.205 E/OpenCV/StaticHelper( 3178): OpenCV error: Cannot load info library for OpenCV
06-06 15:05:11.206 D/OpenCV/StaticHelper( 3178): Library list: ""
06-06 15:05:11.206 D/OpenCV/StaticHelper( 3178): First attempt to load libs
06-06 15:05:11.206 D/OpenCV/StaticHelper( 3178): Trying to init OpenCV libs
06-06 15:05:11.206 D/OpenCV/StaticHelper( 3178): Trying to load library opencv_java3
06-06 15:05:11.471 D/OpenCV/StaticHelper( 3178): Library opencv_java3 loaded
06-06 15:05:11.471 D/OpenCV/StaticHelper( 3178): First attempt to load libs is OK
06-06 15:05:11.494 I/OpenCV/StaticHelper( 3178): 
06-06 15:05:11.494 I/OpenCV/StaticHelper( 3178): General configuration for OpenCV 3.4.4 =====================================
06-06 15:05:11.494 I/OpenCV/StaticHelper( 3178):   Version control:               3.4.4
06-06 15:05:11.494 I/OpenCV/StaticHelper( 3178): 
06-06 15:05:11.494 I/OpenCV/StaticHelper( 3178):   Extra modules:
06-06 15:05:11.494 I/OpenCV/StaticHelper( 3178):     Location (extra):            /build/3_4-contrib_pack-contrib-android/opencv_contrib/modules
06-06 15:05:11.494 I/OpenCV/StaticHelper( 3178):     Version control (extra):     3.4.4
06-06 15:05:11.494 I/OpenCV/StaticHelper( 3178): 
06-06 15:05:11.494 I/OpenCV/StaticHelper( 3178):   Platform:
06-06 15:05:11.495 I/OpenCV/StaticHelper( 3178):     Timestamp:                   2018-11-17T00:27:32Z
06-06 15:05:11.495 I/OpenCV/StaticHelper( 3178):     Host:                        Linux 4.15.0-38-generic x86_64
06-06 15:05:11.495 I/OpenCV/StaticHelper( 3178):     Target:                      Linux 1 x86_64
06-06 15:05:11.495 I/OpenCV/StaticHelper( 3178):     CMake:                       2.8.12.2
06-06 15:05:11.495 I/OpenCV/StaticHelper( 3178):     CMake generator:             Ninja
06-06 15:05:11.495 I/OpenCV/StaticHelper( 3178):     CMake build tool:            /usr/bin/ninja
06-06 15:05:11.495 I/OpenCV/StaticHelper( 3178):     Configuration:               Release
06-06 15:05:11.495 I/OpenCV/StaticHelper( 3178): 
06-06 15:05:11.495 I/OpenCV/StaticHelper( 3178):   CPU/HW features:
06-06 15:05:11.495 I/OpenCV/StaticHelper( 3178):     Baseline:                    SSE SSE2 SSE3
06-06 15:05:11.495 I/OpenCV/StaticHelper( 3178):       requested:                 SSE3
06-06 15:05:11.495 I/OpenCV/StaticHelper( 3178):     Dispatched code generation:  SSE4_1 SSE4_2 FP16 AVX AVX2
06-06 15:05:11.495 I/OpenCV/StaticHelper( 3178):       requested:                 SSE4_1 SSE4_2 AVX FP16 AVX2 AVX512_SKX
06-06 15:05:11.495 I/OpenCV/StaticHelper( 3178):       SSE4_1 (4 files):          + SSSE3 SSE4_1
06-06 15:05:11.495 I/OpenCV/StaticHelper( 3178):       SSE4_2 (1 files):          + SSSE3 SSE4_1 POPCNT SSE4_2
06-06 15:05:11.495 I/OpenCV/StaticHelper( 3178):       FP16 (0 files):            + SSSE3 SSE4_1 POPCNT SSE4_2 FP16 AVX
06-06 15:05:11.495 I/OpenCV/StaticHelper( 3178):       AVX (5 files):             + SSSE3 SSE4_1 POPCNT SSE4_2 AVX
06-06 15:05:11.496 I/OpenCV/StaticHelper( 3178):       AVX2 (10 files):           + SSSE3 SSE4_1 POPCNT SSE4_2 FP16 FMA3 AVX AVX2
06-06 15:05:11.496 I/OpenCV/StaticHelper( 3178): 
06-06 15:05:11.496 I/OpenCV/StaticHelper( 3178):   C/C++:
06-06 15:05:11.496 I/OpenCV/StaticHelper( 3178):     Built as dynamic libs?:      NO
06-06 15:05:11.496 I/OpenCV/StaticHelper( 3178):     C++ Compiler:                /usr/bin/ccache /opt/android/android-ndk-r10e/toolchains/x86_64-4.9/prebuilt/linux-x86_64/bin/x86_64-linux-android-g++ (ver 4.9)
06-06 15:05:11.496 I/OpenCV/StaticHelper( 3178):     C++ flags (Release):         -fexceptions -frtti --sysroot=/opt/android/android-ndk-r10e/platforms/android-21/arch-x86_64 -funwind-tables -funswitch-loops -finline-limit=300 -fsigned-char -no-canonical-prefixes -fdata-sections -ffunction-sections -Wa,--noexecstack  -DANDROID -D__ANDROID_API__=21   -fsigned-char -W -Wall -Werror=return-type -Werror=non-virtual-dtor -Werror=address -Werror=sequence-point -Wformat -Werror=format-security -Wmissing-declarations -Wundef -Winit-self -Wpointer-arith -Wshadow -Wsign-promo -Wuninitialized -Winit-self -Wno-narrowing -Wno-delete-non-virtual-dtor -Wno-comment -Wno-missing-field-initializers -fdiagnostics-show-option -Wno-long-long -fomit-frame-pointer  -msse -msse2 -msse3 -fvisibility=hidden -fvisibility-inlines-hidden -fomit-frame-pointer -fstrict-aliasing -O3 -DNDEBUG  -DNDEBUG
06-06 15:05:11.496 I/OpenCV/StaticHelper( 3178):     C++ flags (Debug):           -fexceptions -frtti --sysroot=/opt/android/android-ndk-r10e/platforms/android-21/arch-x86_64 -funwind-tables -funswitch-loops -finline-limit=300 -fsigned-char -no-canonical-prefixes -fdata-sections -ffunction-sections -Wa,--noexecstack  -DANDROID -D__ANDROID_API__=21   -fsigned-char -W -Wall -Werror=return-type -Werror=non-virtual-dtor -Werror=address -Werror=sequence-point -Wformat -Werror=format-security -Wmissing-declarations -Wundef -Winit-self -Wpointer-arith -Wshadow -Wsign-promo -Wuninitialized -Winit-self -Wno-narrowing -Wno-delete-non-virtual-dtor -Wno-comment -Wno-missing-field-initializers -fdiagnostics-show-option -Wno-long-long -fomit-frame-pointer  -msse -msse2 -msse3 -fvisibility=hidden -fvisibility-inlines-hidden -fno-omit-frame-pointer -fno-strict-aliasing -O0 -g -DDEBUG -D_DEBUG  -DDEBUG -D_DEBUG
06-06 15:05:11.496 I/OpenCV/StaticHelper( 3178):     C Compiler:                  /usr/bin/ccache /opt/android/android-ndk-r10e/toolchains/x86_64-4.9/prebuilt/linux-x86_64/bin/x86_64-linux-android-gcc
