06-07 00:43:22.915 I/ActivityManager( 1914): START u0 {act=android.intent.action.MAIN cat=[android.intent.category.HOME] flg=0x10000100 cmp=com.android.launcher3/.Launcher} from uid 0 on display 0
06-07 00:43:23.258 W/System  ( 2665): ClassLoader referenced unknown path: /system/priv-app/ContactsProvider/lib/x86_64
06-07 00:43:23.342 I/Telephony( 2578): TtyManager: updateUiTtyMode -1 -> 0
06-07 00:43:23.408 W/art     ( 2685): Unexpected CPU variant for X86 using defaults: x86_64
06-07 00:43:23.447 W/ActivityManager( 1914): Slow operation: 338ms so far, now at startProcess: returned from zygote!
06-07 00:43:23.448 W/ActivityManager( 1914): Slow operation: 338ms so far, now at startProcess: done updating battery stats
06-07 00:43:23.448 W/ActivityManager( 1914): Slow operation: 338ms so far, now at startProcess: building log message
06-07 00:43:23.448 I/ActivityManager( 1914): Start proc 2685:com.android.launcher3/u0a42 for activity com.android.launcher3/.Launcher
06-07 00:43:23.448 W/ActivityManager( 1914): Slow operation: 338ms so far, now at startProcess: starting to update pids map
06-07 00:43:23.448 W/ActivityManager( 1914): Slow operation: 339ms so far, now at startProcess: done updating pids map
06-07 00:43:23.449 W/ActivityManager( 1914): Slow operation: 339ms so far, now at startProcess: done starting proc!
06-07 00:43:23.829 W/art     ( 1914): Suspending all threads took: 37.008ms
06-07 00:43:23.940 I/AccountManagerService( 1914): User 0 is unlocked - opening CE database
06-07 00:43:23.981 I/Choreographer( 2384): Skipped 64 frames!  The application may be doing too much work on its main thread.
06-07 00:43:23.988 W/art     ( 1914): Long monitor contention with owner Binder:1914_5 (2304) at void com.android.server.am.ActivityManagerService.activityPaused(android.os.IBinder)(ActivityManagerService.java:6916) waiters=0 in boolean com.android.server.am.ActivityManagerService.isUserRunning(int, int) for 1.067s
06-07 00:43:24.067 W/art     ( 1914): Long monitor contention with owner Binder:1914_5 (2304) at void com.android.server.am.ActivityManagerService.activityPaused(android.os.IBinder)(ActivityManagerService.java:6916) waiters=1 in int com.android.server.am.ActivityManagerService.bindService(android.app.IApplicationThread, android.os.IBinder, android.content.Intent, java.lang.String, android.app.IServiceConnection, int, java.lang.String, int) for 1.139s
06-07 00:43:24.071 W/art     ( 1914): Long monitor contention with owner Binder:1914_5 (2304) at void com.android.server.am.ActivityManagerService.activityPaused(android.os.IBinder)(ActivityManagerService.java:6916) waiters=2 in void com.android.server.am.ActivityManagerService.dispatchProcessesChanged() for 1.143s
06-07 00:43:24.076 W/art     ( 1914): Long monitor contention with owner Binder:1914_5 (2304) at void com.android.server.am.ActivityManagerService.activityPaused(android.os.IBinder)(ActivityManagerService.java:6916) waiters=3 in void com.android.server.am.ActivityManagerService$MainHandler.handleMessage(android.os.Message) for 990ms
06-07 00:43:24.078 W/art     ( 1914): Long monitor contention with owner Binder:1914_5 (2304) at void com.android.server.am.ActivityManagerService.activityPaused(android.os.IBinder)(ActivityManagerService.java:6916) waiters=4 in void com.android.server.am.ActivityManagerService.serviceDoneExecuting(android.os.IBinder, int, int, int) for 943ms
06-07 00:43:24.079 W/art     ( 1914): Long monitor contention with owner Binder:1914_5 (2304) at void com.android.server.am.ActivityManagerService.activityPaused(android.os.IBinder)(ActivityManagerService.java:6916) waiters=5 in void com.android.server.am.ActivityManagerService.publishService(android.os.IBinder, android.content.Intent, android.os.IBinder) for 943ms
06-07 00:43:24.083 W/art     ( 1914): Long monitor contention with owner Binder:1914_5 (2304) at void com.android.server.am.ActivityManagerService.activityPaused(android.os.IBinder)(ActivityManagerService.java:6916) waiters=6 in android.content.Intent com.android.server.am.ActivityManagerService.registerReceiver(android.app.IApplicationThread, java.lang.String, android.content.IIntentReceiver, android.content.IntentFilter, java.lang.String, int) for 586ms
06-07 00:43:24.137 I/art     ( 1914): Background partial concurrent mark sweep GC freed 47151(3MB) AllocSpace objects, 6(392KB) LOS objects, 29% free, 9MB/13MB, paused 41.532ms total 2.025s
06-07 00:43:24.444 W/art     ( 1914): Long monitor contention with owner ActivityManager (1962) at void com.android.server.am.ActivityStackSupervisor$ActivityStackSupervisorHandler.handleMessage(android.os.Message)(ActivityStackSupervisor.java:3910) waiters=3 in void com.android.server.am.ActivityManagerService.serviceDoneExecuting(android.os.IBinder, int, int, int) for 365ms
06-07 00:43:24.445 W/art     ( 1914): Long monitor contention with owner ActivityManager (1962) at void com.android.server.am.ActivityStackSupervisor$ActivityStackSupervisorHandler.handleMessage(android.os.Message)(ActivityStackSupervisor.java:3910) waiters=3 in void com.android.server.am.ActivityManagerService.publishService(android.os.IBinder, android.content.Intent, android.os.IBinder) for 366ms
06-07 00:43:24.494 W/art     ( 1914): Long monitor contention with owner Binder:1914_8 (2464) at void com.android.server.am.ActivityManagerService.attachApplication(android.app.IApplicationThread)(ActivityManagerService.java:6669) waiters=4 in void com.android.server.am.ActivityManagerService$MainHandler.handleMessage(android.os.Message) for 394ms
06-07 00:43:24.495 W/art     ( 1914): Long monitor contention with owner Binder:1914_8 (2464) at void com.android.server.am.ActivityManagerService.attachApplication(android.app.IApplicationThread)(ActivityManagerService.java:6669) waiters=5 in boolean com.android.server.am.ActivityManagerService.unbindService(android.app.IServiceConnection) for 395ms
06-07 00:43:24.540 V/SystemUIService( 2633): Starting SystemUI services for user 0.
06-07 00:43:24.554 W/System  ( 2685): ClassLoader referenced unknown path: /system/app/Launcher3/lib/x86_64
06-07 00:43:24.574 D/TelephonyDebugService( 2578): TelephonyDebugService()
06-07 00:43:25.145 D/LauncherProvider( 2685): Launcher process started
06-07 00:43:25.209 I/ContactsPerf( 2665): VoicemailContentProvider.onCreate start
06-07 00:43:25.364 V/MediaRouter( 2633): Adding route: RouteInfo{ name=Phone, description=null, status=null, category=RouteCategory{ name=null types=ROUTE_TYPE_LIVE_AUDIO ROUTE_TYPE_LIVE_VIDEO  groupable=false }, supportedTypes=ROUTE_TYPE_LIVE_AUDIO ROUTE_TYPE_LIVE_VIDEO , presentationDisplay=null }
06-07 00:43:25.442 V/MediaRouter( 2633): Updating audio routes: AudioRoutesInfo{ type=SPEAKER }
06-07 00:43:25.523 I/ContactsPerf( 2665): VoicemailContentProvider.onCreate finish
06-07 00:43:25.685 I/LatinIME( 2160): Timeout waiting for dictionary load
06-07 00:43:25.746 W/art     ( 1914): Long monitor contention with owner android.display (1981) at void com.android.server.wm.WindowAnimator$1.doFrame(long)(WindowAnimator.java:144) waiters=0 in float com.android.server.wm.WindowManagerService.getCurrentAnimatorScale() for 326ms
06-07 00:43:25.756 W/art     ( 1914): Long monitor contention with owner main (1914) at void com.android.server.pm.UserManagerService$MainHandler.handleMessage(android.os.Message)(UserManagerService.java:3290) waiters=1 in java.lang.String[] com.android.server.pm.PackageManagerService.getPackagesForUid(int) for 308ms
06-07 00:43:25.818 V/MediaRouter( 2633): Selecting route: RouteInfo{ name=Phone, description=null, status=null, category=RouteCategory{ name=null types=ROUTE_TYPE_LIVE_AUDIO ROUTE_TYPE_LIVE_VIDEO  groupable=false }, supportedTypes=ROUTE_TYPE_LIVE_AUDIO ROUTE_TYPE_LIVE_VIDEO , presentationDisplay=null }
06-07 00:43:25.844 W/System  ( 2665): ClassLoader referenced unknown path: /system/priv-app/BlockedNumberProvider/lib/x86_64
06-07 00:43:25.889 D/ApplicationLoaders( 2665): ignored Vulkan layer search path /system/priv-app/BlockedNumberProvider/lib/x86_64:/system/lib64:/vendor/lib64 for namespace 0x7fb1908640f0
06-07 00:43:25.964 V/KeyValueBackupJob( 1914): Scheduling k/v pass in 241 minutes
06-07 00:43:26.083 W/art     ( 1914): Long monitor contention with owner android.display (1981) at void com.android.server.wm.WindowAnimator$1.doFrame(long)(WindowAnimator.java:144) waiters=0 in float com.android.server.wm.WindowManagerService.getCurrentAnimatorScale() for 255ms
06-07 00:43:26.426 W/art     ( 1914): Long monitor contention with owner Binder:1914_6 (2406) at void com.android.server.am.BroadcastQueue.processNextBroadcast(boolean)(BroadcastQueue.java:760) waiters=0 in int com.android.server.am.ActivityManagerService.broadcastIntent(android.app.IApplicationThread, android.content.Intent, java.lang.String, android.content.IIntentReceiver, int, java.lang.String, android.os.Bundle, java.lang.String[], int, android.os.Bundle, boolean, boolean, int) for 155ms
06-07 00:43:26.428 W/art     ( 1914): Long monitor contention with owner Binder:1914_6 (2406) at void com.android.server.am.BroadcastQueue.processNextBroadcast(boolean)(BroadcastQueue.java:760) waiters=1 in android.content.Intent com.android.server.am.ActivityManagerService.registerReceiver(android.app.IApplicationThread, java.lang.String, android.content.IIntentReceiver, android.content.IntentFilter, java.lang.String, int) for 156ms
06-07 00:43:26.445 W/art     ( 1914): Long monitor contention with owner Binder:1914_6 (2406) at void com.android.server.am.BroadcastQueue.processNextBroadcast(boolean)(BroadcastQueue.java:760) waiters=3 in void com.android.server.am.BroadcastQueue.processNextBroadcast(boolean) for 171ms
06-07 00:43:26.585 W/System  ( 2665): ClassLoader referenced unknown path: /system/app/UserDictionaryProvider/lib/x86_64
06-07 00:43:26.623 D/ApplicationLoaders( 2665): ignored Vulkan layer search path /system/app/UserDictionaryProvider/lib/x86_64:/system/lib64:/vendor/lib64 for namespace 0x7fb190864160
06-07 00:43:26.681 V/Launcher( 2685): LauncherAppState inited
06-07 00:43:26.714 D/TrustManagerService( 1914): Removing dead TrustListener.
06-07 00:43:27.201 W/ActivityManager( 1914): Slow operation: 113ms so far, now at startProcess: returned from zygote!
06-07 00:43:27.201 W/ActivityManager( 1914): Slow operation: 113ms so far, now at startProcess: done updating battery stats
06-07 00:43:27.201 W/ActivityManager( 1914): Slow operation: 114ms so far, now at startProcess: building log message
06-07 00:43:27.202 I/ActivityManager( 1914): Start proc 2721:com.android.deskclock/u0a31 for broadcast com.android.deskclock/.AlarmInitReceiver
06-07 00:43:27.202 W/ActivityManager( 1914): Slow operation: 114ms so far, now at startProcess: starting to update pids map
06-07 00:43:27.202 W/ActivityManager( 1914): Slow operation: 114ms so far, now at startProcess: done updating pids map
06-07 00:43:27.202 W/ActivityManager( 1914): Slow operation: 115ms so far, now at startProcess: done starting proc!
06-07 00:43:27.429 W/art     ( 1914): Long monitor contention with owner Binder:1914_9 (2465) at void com.android.server.am.ActivityManagerService.trimApplications()(ActivityManagerService.java:21356) waiters=0 in int com.android.server.am.ActivityManagerService.broadcastIntent(android.app.IApplicationThread, android.content.Intent, java.lang.String, android.content.IIntentReceiver, int, java.lang.String, android.os.Bundle, java.lang.String[], int, android.os.Bundle, boolean, boolean, int) for 193ms
06-07 00:43:27.499 W/art     ( 2721): Unexpected CPU variant for X86 using defaults: x86_64
06-07 00:43:27.950 I/Choreographer( 1914): Skipped 31 frames!  The application may be doing too much work on its main thread.
06-07 00:43:27.958 I/Choreographer( 2384): Skipped 47 frames!  The application may be doing too much work on its main thread.
06-07 00:43:28.186 W/ActivityManager( 1914): Slow operation: 273ms so far, now at startProcess: returned from zygote!
06-07 00:43:28.186 W/ActivityManager( 1914): Slow operation: 274ms so far, now at startProcess: done updating battery stats
06-07 00:43:28.187 W/ActivityManager( 1914): Slow operation: 274ms so far, now at startProcess: building log message
06-07 00:43:28.187 I/ActivityManager( 1914): Start proc 2739:com.android.keychain/1000 for service com.android.keychain/.KeyChainService
06-07 00:43:28.187 W/ActivityManager( 1914): Slow operation: 274ms so far, now at startProcess: starting to update pids map
06-07 00:43:28.187 W/ActivityManager( 1914): Slow operation: 274ms so far, now at startProcess: done updating pids map
06-07 00:43:28.187 W/ActivityManager( 1914): Slow operation: 276ms so far, now at startProcess: done starting proc!
06-07 00:43:28.193 W/art     ( 1914): Long monitor contention with owner AsyncTask #3 (2680) at int com.android.server.am.ActivityManagerService.bindService(android.app.IApplicationThread, android.os.IBinder, android.content.Intent, java.lang.String, android.app.IServiceConnection, int, java.lang.String, int)(ActivityManagerService.java:17301) waiters=1 in int com.android.server.am.ActivityManagerService.broadcastIntent(android.app.IApplicationThread, android.content.Intent, java.lang.String, android.content.IIntentReceiver, int, java.lang.String, android.os.Bundle, java.lang.String[], int, android.os.Bundle, boolean, boolean, int) for 237ms
06-07 00:43:28.195 W/art     ( 1914): Long monitor contention with owner AsyncTask #3 (2680) at int com.android.server.am.ActivityManagerService.bindService(android.app.IApplicationThread, android.os.IBinder, android.content.Intent, java.lang.String, android.app.IServiceConnection, int, java.lang.String, int)(ActivityManagerService.java:17301) waiters=2 in android.content.Intent com.android.server.am.ActivityManagerService.registerReceiver(android.app.IApplicationThread, java.lang.String, android.content.IIntentReceiver, android.content.IntentFilter, java.lang.String, int) for 226ms
06-07 00:43:28.397 W/art     ( 2739): Unexpected CPU variant for X86 using defaults: x86_64
06-07 00:43:28.704 E/WVMExtractor( 2633): Failed to open libwvm.so: dlopen failed: library "libwvm.so" not found
06-07 00:43:28.861 W/System  ( 2739): ClassLoader referenced unknown path: /system/app/KeyChain/lib/x86_64
06-07 00:43:28.881 W/art     ( 1914): Long monitor contention with owner AsyncTask #3 (2680) at int com.android.server.am.ActivityManagerService.bindService(android.app.IApplicationThread, android.os.IBinder, android.content.Intent, java.lang.String, android.app.IServiceConnection, int, java.lang.String, int)(ActivityManagerService.java:17301) waiters=3 in int com.android.server.am.ActivityManagerService.getAppStartMode(int, java.lang.String) for 882ms
06-07 00:43:28.894 W/art     ( 1914): Long monitor contention with owner backup (2648) at boolean com.android.server.job.controllers.ConnectivityController.updateConstraintsSatisfied(com.android.server.job.controllers.JobStatus)(ConnectivityController.java:-1) waiters=0 in void com.android.server.job.JobSchedulerService.updateUidState(int, int) for 1.168s
06-07 00:43:29.251 I/Choreographer( 2384): Skipped 48 frames!  The application may be doing too much work on its main thread.
06-07 00:43:29.383 I/MediaPlayerService( 1333): MediaPlayerService::getOMX
06-07 00:43:29.452 I/OMXClient( 2633): MuxOMX ctor
06-07 00:43:29.614 I/OMXMaster( 1330): makeComponentInstance(OMX.google.vorbis.decoder) in mediacodec process
06-07 00:43:30.216 W/art     ( 1914): Long monitor contention with owner backup (2648) at boolean android.os.MessageQueue.enqueueMessage(android.os.Message, long)(MessageQueue.java:541) waiters=0 in android.os.Message android.os.MessageQueue.next() for 1.121s
06-07 00:43:30.218 W/art     ( 1914): Long monitor contention with owner backup (2648) at boolean android.os.MessageQueue.enqueueMessage(android.os.Message, long)(MessageQueue.java:541) waiters=1 in boolean android.os.MessageQueue.enqueueMessage(android.os.Message, long) for 963ms
06-07 00:43:30.372 W/System  ( 2721): ClassLoader referenced unknown path: /system/app/DeskClock/lib/x86_64
06-07 00:43:30.496 W/art     ( 1914): Long monitor contention with owner ActivityManager (1962) at void com.android.server.am.BroadcastQueue.processNextBroadcast(boolean)(BroadcastQueue.java:760) waiters=1 in int com.android.server.am.ActivityManagerService.broadcastIntent(android.app.IApplicationThread, android.content.Intent, java.lang.String, android.content.IIntentReceiver, int, java.lang.String, android.os.Bundle, java.lang.String[], int, android.os.Bundle, boolean, boolean, int) for 132ms
06-07 00:43:30.917 W/art     ( 1914): Long monitor contention with owner Binder:1914_5 (2304) at void com.android.server.am.ActivityManagerService.publishService(android.os.IBinder, android.content.Intent, android.os.IBinder)(ActivityManagerService.java:17319) waiters=4 in void com.android.server.am.ActivityManagerService$3.handleMessage(android.os.Message) for 773ms
06-07 00:43:32.022 I/Choreographer( 2685): Skipped 33 frames!  The application may be doing too much work on its main thread.
06-07 00:43:32.272 D/PhoneSwitcherNetworkRequstListener( 2578): got request NetworkRequest [ REQUEST id=1, [ Capabilities: INTERNET&NOT_RESTRICTED&TRUSTED&NOT_VPN] ] with score 0
06-07 00:43:32.800 I/Choreographer( 2685): Skipped 45 frames!  The application may be doing too much work on its main thread.
06-07 00:43:32.880 W/ActivityManager( 1914): Launch timeout has expired, giving up wake lock!
06-07 00:43:32.920 I/MediaPlayerService( 1333): MediaPlayerService::getOMX
06-07 00:43:32.924 I/OMXClient( 2633): MuxOMX ctor
06-07 00:43:32.971 I/OMXMaster( 1330): makeComponentInstance(OMX.google.vorbis.decoder) in mediacodec process
06-07 00:43:33.347 D/CarrierConfigLoader( 2578): mHandler: 12 phoneId: 0
06-07 00:43:33.417 D/CarrierSvcBindHelper( 2578): Received android.intent.action.USER_UNLOCKED
06-07 00:43:33.421 E/PhoneInterfaceManager( 2578): [PhoneIntfMgr] getCarrierPackageNamesForIntent: No UICC
06-07 00:43:33.421 D/CarrierSvcBindHelper( 2578): No carrier app for: 0
06-07 00:43:33.627 I/vol.Events( 2633): writeEvent collection_started
06-07 00:43:33.774 I/vol.Events( 2633): writeEvent external_ringer_mode_changed normal
06-07 00:43:33.775 I/vol.Events( 2633): writeEvent internal_ringer_mode_changed normal
06-07 00:43:34.376 D/gralloc_ranchu( 2685): Emulator without host-side GPU emulation detected. Loading gralloc.default.so from /vendor/lib64/hw/gralloc.goldfish.default.so...
06-07 00:43:34.389 D/gralloc_ranchu( 2685): gralloc.default.so not found in /vendor. Trying /system/lib64/hw/gralloc.goldfish.default.so...
06-07 00:43:34.721 I/Choreographer( 2685): Skipped 112 frames!  The application may be doing too much work on its main thread.
06-07 00:43:34.986 I/ActivityManager( 1914): Displayed com.android.launcher3/.Launcher: +11s817ms
06-07 00:43:35.218 I/MediaPlayerService( 1333): MediaPlayerService::getOMX
06-07 00:43:35.220 I/OMXClient( 2633): MuxOMX ctor
06-07 00:43:35.225 I/OMXMaster( 1330): makeComponentInstance(OMX.google.vorbis.decoder) in mediacodec process
06-07 00:43:35.633 V/GridSizeMigrationTask( 2685): Workspace migration completed in 511
06-07 00:43:35.649 D/Launcher.Model( 2685): loadWorkspace: loading default favorites
06-07 00:43:36.137 W/art     ( 2721): Suspending all threads took: 2.839s
06-07 00:43:36.653 I/vol.Events( 2633): writeEvent level_changed STREAM_ALARM 6
06-07 00:43:36.686 I/vol.Events( 2633): writeEvent level_changed STREAM_BLUETOOTH_SCO 7
06-07 00:43:36.703 I/vol.Events( 2633): writeEvent level_changed STREAM_MUSIC 11
06-07 00:43:36.733 I/vol.Events( 2633): writeEvent level_changed STREAM_RING 5
06-07 00:43:36.760 I/vol.Events( 2633): writeEvent level_changed STREAM_SYSTEM 5
06-07 00:43:36.791 I/vol.Events( 2633): writeEvent level_changed STREAM_VOICE_CALL 4
06-07 00:43:37.718 D/StorageNotification( 2633): Notifying about private volume: VolumeInfo{private}:
06-07 00:43:37.718 D/StorageNotification( 2633):     type=PRIVATE diskId=null partGuid=null mountFlags=0 mountUserId=-1 
06-07 00:43:37.718 D/StorageNotification( 2633):     state=MOUNTED 
06-07 00:43:37.718 D/StorageNotification( 2633):     fsType=null fsUuid=null fsLabel=null 
06-07 00:43:37.718 D/StorageNotification( 2633):     path=/data internalPath=null 
06-07 00:43:37.722 D/StorageNotification( 2633): Notifying about public volume: VolumeInfo{public:253,48}:
06-07 00:43:37.722 D/StorageNotification( 2633):     type=PUBLIC diskId=disk:253,48 partGuid=null mountFlags=VISIBLE 
06-07 00:43:37.722 D/StorageNotification( 2633):     mountUserId=0 state=MOUNTED 
06-07 00:43:37.722 D/StorageNotification( 2633):     fsType=vfat fsUuid=1EFF-1C1B fsLabel=SDCARD 
06-07 00:43:37.722 D/StorageNotification( 2633):     path=/storage/1EFF-1C1B internalPath=/mnt/media_rw/1EFF-1C1B 
06-07 00:43:38.155 V/KeyguardServiceDelegate( 1914): *** Keyguard connected (yay!)
06-07 00:43:38.510 D/LockSettings( 1914): Removing dead StrongAuthTracker.
06-07 00:43:38.985 I/Choreographer( 2633): Skipped 98 frames!  The application may be doing too much work on its main thread.
06-07 00:43:39.646 W/art     ( 1914): Long monitor contention with owner Binder:1914_2 (1941) at int com.android.server.wm.WindowManagerService.relayoutWindow(com.android.server.wm.Session, android.view.IWindow, int, android.view.WindowManager$LayoutParams, int, int, int, int, android.graphics.Rect, android.graphics.Rect, android.graphics.Rect, android.graphics.Rect, android.graphics.Rect, android.graphics.Rect, android.graphics.Rect, android.content.res.Configuration, android.view.Surface)(WindowManagerService.java:2857) waiters=0 in void com.android.server.wm.WindowManagerService$H.handleMessage(android.os.Message) for 467ms
06-07 00:43:40.384 W/ifconfig( 2807): type=1400 audit(0.0:13): avc: denied { ioctl } for path="socket:[15235]" dev="sockfs" ino=15235 ioctlcmd=8927 scontext=u:r:shell:s0 tcontext=u:r:shell:s0 tclass=udp_socket permissive=0
06-07 00:43:40.774 W/ifconfig( 2807): type=1400 audit(0.0:14): avc: denied { ioctl } for path="socket:[15235]" dev="sockfs" ino=15235 ioctlcmd=891d scontext=u:r:shell:s0 tcontext=u:r:shell:s0 tclass=udp_socket permissive=0
06-07 00:43:40.834 W/ifconfig( 2807): type=1400 audit(0.0:15): avc: denied { ioctl } for path="socket:[15235]" dev="sockfs" ino=15235 ioctlcmd=8970 scontext=u:r:shell:s0 tcontext=u:r:shell:s0 tclass=udp_socket permissive=0
06-07 00:43:39.891 I/Choreographer( 1914): Skipped 46 frames!  The application may be doing too much work on its main thread.
06-07 00:43:40.381 I/StatusBarManagerService( 1914): registerStatusBar bar=com.android.internal.statusbar.IStatusBar$Stub$Proxy@d186f20
06-07 00:43:40.540 W/art     ( 1914): Long monitor contention with owner android.display (1981) at void com.android.server.wm.WindowManagerService$H.handleMessage(android.os.Message)(WindowManagerService.java:8368) waiters=0 in void com.android.server.wm.WindowManagerService.setDockedStackDividerTouchRegion(android.graphics.Rect) for 333ms
06-07 00:43:41.728 I/art     ( 2685): Background sticky concurrent mark sweep GC freed 20095(1944KB) AllocSpace objects, 10(228KB) LOS objects, 23% free, 7MB/10MB, paused 1.717ms total 301.788ms
06-07 00:43:42.488 I/BackupManagerService( 1914): Found stale backup journal, scheduling
06-07 00:43:42.633 I/art     ( 2633): Background sticky concurrent mark sweep GC freed 16398(2MB) AllocSpace objects, 2(40KB) LOS objects, 0% free, 12MB/12MB, paused 1.051ms total 276.715ms
06-07 00:43:42.799 I/art     ( 2633): Background partial concurrent mark sweep GC freed 3072(199KB) AllocSpace objects, 0(0B) LOS objects, 25% free, 11MB/15MB, paused 999us total 152.812ms
06-07 00:43:43.117 W/System  ( 2633): ClassLoader referenced unknown path: 
06-07 00:43:43.119 W/System  ( 2633): ClassLoader referenced unknown path: /system/priv-app/Dialer/lib/x86_64
06-07 00:43:43.132 D/ApplicationLoaders( 2633): ignored Vulkan layer search path /system/priv-app/Dialer/lib/x86_64:/system/lib64:/vendor/lib64 for namespace 0x7fb1909c70f0
06-07 00:43:43.350 E/NetdConnector( 1914): NDC Command {18 firewall disable_chain standby} took too long (804ms)
06-07 00:43:43.392 E/BluetoothAdapter( 2633): Bluetooth binder is null
06-07 00:43:43.491 I/CameraManagerGlobal( 2633): Connecting to camera service
06-07 00:43:43.523 V/EmulatedCamera_Camera( 1326): getCameraInfo
06-07 00:43:43.525 V/EmulatedCamera_BaseCamera( 1326): getCameraInfo
06-07 00:43:43.525 I/CameraService( 1326): getCameraCharacteristics: Switching to HAL1 shim implementation...
06-07 00:43:43.525 V/EmulatedCamera_Camera( 1326): getCameraInfo
06-07 00:43:43.525 V/EmulatedCamera_BaseCamera( 1326): getCameraInfo
06-07 00:43:43.541 V/EmulatedCamera_Camera( 1326): getCameraInfo
06-07 00:43:43.541 V/EmulatedCamera_BaseCamera( 1326): getCameraInfo
06-07 00:43:43.546 V/EmulatedCamera_Camera( 1326): getCameraInfo
06-07 00:43:43.546 V/EmulatedCamera_BaseCamera( 1326): getCameraInfo
06-07 00:43:43.692 I/StatusBar( 2633): isKeyguardShowing() called before startKeyguard(), returning true
06-07 00:43:43.695 W/StatusBar( 2633): isKeyguardSecure() called before startKeyguard(), returning false
06-07 00:43:43.695 W/StatusBar( 2633): java.lang.Throwable
06-07 00:43:43.695 W/StatusBar( 2633): 	at com.android.systemui.statusbar.BaseStatusBar.isKeyguardSecure(BaseStatusBar.java:2647)
06-07 00:43:43.695 W/StatusBar( 2633): 	at com.android.systemui.statusbar.BaseStatusBar.isCameraAllowedByAdmin(BaseStatusBar.java:2670)
06-07 00:43:43.695 W/StatusBar( 2633): 	at com.android.systemui.statusbar.phone.KeyguardBottomAreaView.updateCameraVisibility(KeyguardBottomAreaView.java:309)
06-07 00:43:43.695 W/StatusBar( 2633): 	at com.android.systemui.statusbar.phone.KeyguardBottomAreaView.setPhoneStatusBar(KeyguardBottomAreaView.java:272)
06-07 00:43:43.695 W/StatusBar( 2633): 	at com.android.systemui.statusbar.phone.PhoneStatusBar.makeStatusBarView(PhoneStatusBar.java:904)
06-07 00:43:43.695 W/StatusBar( 2633): 	at com.android.systemui.statusbar.phone.PhoneStatusBar.addStatusBarWindow(PhoneStatusBar.java:3432)
06-07 00:43:43.695 W/StatusBar( 2633): 	at com.android.systemui.statusbar.phone.PhoneStatusBar.createAndAddWindows(PhoneStatusBar.java:3428)
06-07 00:43:43.695 W/StatusBar( 2633): 	at com.android.systemui.statusbar.BaseStatusBar.start(BaseStatusBar.java:765)
06-07 00:43:43.695 W/StatusBar( 2633): 	at com.android.systemui.statusbar.phone.PhoneStatusBar.start(PhoneStatusBar.java:686)
06-07 00:43:43.695 W/StatusBar( 2633): 	at com.android.systemui.statusbar.SystemBars.createStatusBarFromConfig(SystemBars.java:106)
06-07 00:43:43.695 W/StatusBar( 2633): 	at com.android.systemui.statusbar.SystemBars.onNoService(SystemBars.java:58)
06-07 00:43:43.695 W/StatusBar( 2633): 	at com.android.systemui.statusbar.ServiceMonitor.startService(ServiceMonitor.java:230)
06-07 00:43:43.695 W/StatusBar( 2633): 	at com.android.systemui.statusbar.ServiceMonitor.-wrap5(ServiceMonitor.java)
06-07 00:43:43.695 W/StatusBar( 2633): 	at com.android.systemui.statusbar.ServiceMonitor$1.handleMessage(ServiceMonitor.java:73)
06-07 00:43:43.695 W/StatusBar( 2633): 	at android.os.Handler.dispatchMessage(Handler.java:102)
06-07 00:43:43.695 W/StatusBar( 2633): 	at android.os.Looper.loop(Looper.java:154)
06-07 00:43:43.695 W/StatusBar( 2633): 	at android.app.ActivityThread.main(ActivityThread.java:6119)
06-07 00:43:43.695 W/StatusBar( 2633): 	at java.lang.reflect.Method.invoke(Native Method)
06-07 00:43:43.695 W/StatusBar( 2633): 	at com.android.internal.os.ZygoteInit$MethodAndArgsCaller.run(ZygoteInit.java:886)
06-07 00:43:43.695 W/StatusBar( 2633): 	at com.android.internal.os.ZygoteInit.main(ZygoteInit.java:776)
06-07 00:43:43.710 I/StatusBar( 2633): isKeyguardShowing() called before startKeyguard(), returning true
06-07 00:43:43.712 W/StatusBar( 2633): isKeyguardSecure() called before startKeyguard(), returning false
06-07 00:43:43.712 W/StatusBar( 2633): java.lang.Throwable
06-07 00:43:43.712 W/StatusBar( 2633): 	at com.android.systemui.statusbar.BaseStatusBar.isKeyguardSecure(BaseStatusBar.java:2647)
06-07 00:43:43.712 W/StatusBar( 2633): 	at com.android.systemui.statusbar.BaseStatusBar.isCameraAllowedByAdmin(BaseStatusBar.java:2670)
06-07 00:43:43.712 W/StatusBar( 2633): 	at com.android.systemui.statusbar.phone.KeyguardBottomAreaView.updateCameraVisibility(KeyguardBottomAreaView.java:309)
06-07 00:43:43.712 W/StatusBar( 2633): 	at com.android.systemui.statusbar.phone.KeyguardBottomAreaView.setUserSetupComplete(KeyguardBottomAreaView.java:281)
06-07 00:43:43.712 W/StatusBar( 2633): 	at com.android.systemui.statusbar.phone.PhoneStatusBar.makeStatusBarView(PhoneStatusBar.java:905)
06-07 00:43:43.712 W/StatusBar( 2633): 	at com.android.systemui.statusbar.phone.PhoneStatusBar.addStatusBarWindow(PhoneStatusBar.java:3432)
06-07 00:43:43.712 W/StatusBar( 2633): 	at com.android.systemui.statusbar.phone.PhoneStatusBar.createAndAddWindows(PhoneStatusBar.java:3428)
06-07 00:43:43.712 W/StatusBar( 2633): 	at com.android.systemui.statusbar.BaseStatusBar.start(BaseStatusBar.java:765)
06-07 00:43:43.712 W/StatusBar( 2633): 	at com.android.systemui.statusbar.phone.PhoneStatusBar.start(PhoneStatusBar.java:686)
06-07 00:43:43.712 W/StatusBar( 2633): 	at com.android.systemui.statusbar.SystemBars.createStatusBarFromConfig(SystemBars.java:106)
06-07 00:43:43.712 W/StatusBar( 2633): 	at com.android.systemui.statusbar.SystemBars.onNoService(SystemBars.java:58)
06-07 00:43:43.712 W/StatusBar( 2633): 	at com.android.systemui.statusbar.ServiceMonitor.startService(ServiceMonitor.java:230)
06-07 00:43:43.712 W/StatusBar( 2633): 	at com.android.systemui.statusbar.ServiceMonitor.-wrap5(ServiceMonitor.java)
06-07 00:43:43.712 W/StatusBar( 2633): 	at com.android.systemui.statusbar.ServiceMonitor$1.handleMessage(ServiceMonitor.java:73)
06-07 00:43:43.712 W/StatusBar( 2633): 	at android.os.Handler.dispatchMessage(Handler.java:102)
06-07 00:43:43.712 W/StatusBar( 2633): 	at android.os.Looper.loop(Looper.java:154)
06-07 00:43:43.712 W/StatusBar( 2633): 	at android.app.ActivityThread.main(ActivityThread.java:6119)
06-07 00:43:43.712 W/StatusBar( 2633): 	at java.lang.reflect.Method.invoke(Native Method)
06-07 00:43:43.712 W/StatusBar( 2633): 	at com.android.internal.os.ZygoteInit$MethodAndArgsCaller.run(ZygoteInit.java:886)
06-07 00:43:43.712 W/StatusBar( 2633): 	at com.android.internal.os.ZygoteInit.main(ZygoteInit.java:776)
06-07 00:43:43.905 V/EmulatedCamera_Camera( 1326): getCameraInfo
06-07 00:43:43.907 V/EmulatedCamera_BaseCamera( 1326): getCameraInfo
06-07 00:43:43.926 V/EmulatedCamera_Camera( 1326): getCameraInfo
06-07 00:43:43.927 V/EmulatedCamera_BaseCamera( 1326): getCameraInfo
06-07 00:43:44.296 I/art     ( 1914): Background partial concurrent mark sweep GC freed 20565(1762KB) AllocSpace objects, 12(304KB) LOS objects, 29% free, 9MB/13MB, paused 1.704ms total 256.693ms
06-07 00:43:44.510 I/AlarmClock( 2721): AlarmInitReceiver android.intent.action.TIME_SET
06-07 00:43:44.714 I/StatusBar( 2633): isKeyguardShowing() called before startKeyguard(), returning true
06-07 00:43:44.737 W/StatusBar( 2633): isKeyguardSecure() called before startKeyguard(), returning false
06-07 00:43:44.737 W/StatusBar( 2633): java.lang.Throwable
06-07 00:43:44.737 W/StatusBar( 2633): 	at com.android.systemui.statusbar.BaseStatusBar.isKeyguardSecure(BaseStatusBar.java:2647)
06-07 00:43:44.737 W/StatusBar( 2633): 	at com.android.systemui.statusbar.BaseStatusBar.isCameraAllowedByAdmin(BaseStatusBar.java:2670)
06-07 00:43:44.737 W/StatusBar( 2633): 	at com.android.systemui.statusbar.phone.KeyguardBottomAreaView.updateCameraVisibility(KeyguardBottomAreaView.java:309)
06-07 00:43:44.737 W/StatusBar( 2633): 	at com.android.systemui.statusbar.phone.KeyguardBottomAreaView.setUserSetupComplete(KeyguardBottomAreaView.java:281)
06-07 00:43:44.737 W/StatusBar( 2633): 	at com.android.systemui.statusbar.phone.PhoneStatusBar$1.onChange(PhoneStatusBar.java:441)
06-07 00:43:44.737 W/StatusBar( 2633): 	at com.android.systemui.statusbar.phone.PhoneStatusBar.resetUserSetupObserver(PhoneStatusBar.java:3676)
06-07 00:43:44.737 W/StatusBar( 2633): 	at com.android.systemui.statusbar.phone.PhoneStatusBar.makeStatusBarView(PhoneStatusBar.java:1008)
06-07 00:43:44.737 W/StatusBar( 2633): 	at com.android.systemui.statusbar.phone.PhoneStatusBar.addStatusBarWindow(PhoneStatusBar.java:3432)
06-07 00:43:44.737 W/StatusBar( 2633): 	at com.android.systemui.statusbar.phone.PhoneStatusBar.createAndAddWindows(PhoneStatusBar.java:3428)
06-07 00:43:44.737 W/StatusBar( 2633): 	at com.android.systemui.statusbar.BaseStatusBar.start(BaseStatusBar.java:765)
06-07 00:43:44.737 W/StatusBar( 2633): 	at com.android.systemui.statusbar.phone.PhoneStatusBar.start(PhoneStatusBar.java:686)
06-07 00:43:44.737 W/StatusBar( 2633): 	at com.android.systemui.statusbar.SystemBars.createStatusBarFromConfig(SystemBars.java:106)
06-07 00:43:44.737 W/StatusBar( 2633): 	at com.android.systemui.statusbar.SystemBars.onNoService(SystemBars.java:58)
06-07 00:43:44.737 W/StatusBar( 2633): 	at com.android.systemui.statusbar.ServiceMonitor.startService(ServiceMonitor.java:230)
06-07 00:43:44.737 W/StatusBar( 2633): 	at com.android.systemui.statusbar.ServiceMonitor.-wrap5(ServiceMonitor.java)
06-07 00:43:44.737 W/StatusBar( 2633): 	at com.android.systemui.statusbar.ServiceMonitor$1.handleMessage(ServiceMonitor.java:73)
06-07 00:43:44.737 W/StatusBar( 2633): 	at android.os.Handler.dispatchMessage(Handler.java:102)
06-07 00:43:44.737 W/StatusBar( 2633): 	at android.os.Looper.loop(Looper.java:154)
06-07 00:43:44.737 W/StatusBar( 2633): 	at android.app.ActivityThread.main(ActivityThread.java:6119)
06-07 00:43:44.737 W/StatusBar( 2633): 	at java.lang.reflect.Method.invoke(Native Method)
06-07 00:43:44.737 W/StatusBar( 2633): 	at com.android.internal.os.ZygoteInit$MethodAndArgsCaller.run(ZygoteInit.java:886)
06-07 00:43:44.737 W/StatusBar( 2633): 	at com.android.internal.os.ZygoteInit.main(ZygoteInit.java:776)
06-07 00:43:44.905 E/SurfaceFlinger( 1320): ro.sf.lcd_density must be defined as a build property
06-07 00:43:44.937 D/OpenGLRenderer( 2633): profile bars disabled
06-07 00:43:44.957 D/OpenGLRenderer( 2633): ambientRatio = 1.50
06-07 00:43:45.078 D/PhoneStatusBar( 2633): disable: < EXPAND* icons alerts system_info BACK* HOME* RECENT* clock SEARCH* quick_settings >
06-07 00:43:45.462 W/ActivityManager( 1914): Slow operation: 142ms so far, now at startProcess: returned from zygote!
06-07 00:43:45.463 W/ActivityManager( 1914): Slow operation: 143ms so far, now at startProcess: done updating battery stats
06-07 00:43:45.464 W/ActivityManager( 1914): Slow operation: 144ms so far, now at startProcess: building log message
06-07 00:43:45.464 I/ActivityManager( 1914): Start proc 2830:com.android.printspooler/u0a51 for service com.android.printspooler/.model.PrintSpoolerService
06-07 00:43:45.465 W/ActivityManager( 1914): Slow operation: 145ms so far, now at startProcess: starting to update pids map
06-07 00:43:45.465 W/ActivityManager( 1914): Slow operation: 145ms so far, now at startProcess: done updating pids map
06-07 00:43:45.465 W/ActivityManager( 1914): Slow operation: 147ms so far, now at startProcess: done starting proc!
06-07 00:43:45.478 W/art     ( 1914): Long monitor contention with owner android.bg (1961) at int com.android.server.am.ActivityManagerService.bindService(android.app.IApplicationThread, android.os.IBinder, android.content.Intent, java.lang.String, android.app.IServiceConnection, int, java.lang.String, int)(ActivityManagerService.java:17301) waiters=0 in void com.android.server.am.ActivityManagerService.dispatchUidsChanged() for 155ms
06-07 00:43:45.505 W/art     ( 2830): Unexpected CPU variant for X86 using defaults: x86_64
06-07 00:43:45.840 D/PhoneStatusBar( 2633): heads up is enabled
06-07 00:43:46.068 V/AlarmClock( 2721): AlarmInitReceiver finished
06-07 00:43:46.476 W/art     ( 1914): Long monitor contention with owner Binder:1914_3 (2145) at int com.android.server.wm.WindowManagerService.relayoutWindow(com.android.server.wm.Session, android.view.IWindow, int, android.view.WindowManager$LayoutParams, int, int, int, int, android.graphics.Rect, android.graphics.Rect, android.graphics.Rect, android.graphics.Rect, android.graphics.Rect, android.graphics.Rect, android.graphics.Rect, android.content.res.Configuration, android.view.Surface)(WindowManagerService.java:2857) waiters=0 in void com.android.server.wm.WindowManagerService$H.handleMessage(android.os.Message) for 475ms
06-07 00:43:46.555 D/WIFI    ( 1914): Registering NetworkFactory
06-07 00:43:46.571 D/ConnectivityService( 1914): Got NetworkFactory Messenger for WIFI
06-07 00:43:46.572 D/WIFI_UT ( 1914): Registering NetworkFactory
06-07 00:43:46.573 D/ConnectivityService( 1914): Got NetworkFactory Messenger for WIFI_UT
06-07 00:43:46.657 D/WIFI    ( 1914): got request NetworkRequest [ REQUEST id=1, [ Capabilities: INTERNET&NOT_RESTRICTED&TRUSTED&NOT_VPN] ] with score 0
06-07 00:43:46.658 D/WIFI_UT ( 1914): got request NetworkRequest [ REQUEST id=1, [ Capabilities: INTERNET&NOT_RESTRICTED&TRUSTED&NOT_VPN] ] with score 0
06-07 00:43:46.669 I/AlarmClock( 2721): AlarmInitReceiver android.intent.action.LOCKED_BOOT_COMPLETED
06-07 00:43:47.398 W/art     ( 1914): Long monitor contention with owner android.bg (1961) at boolean android.os.MessageQueue.enqueueMessage(android.os.Message, long)(MessageQueue.java:541) waiters=0 in android.os.Message android.os.MessageQueue.next() for 454ms
06-07 00:43:47.400 W/art     ( 1914): Long monitor contention with owner android.bg (1961) at void com.android.server.power.PowerManagerService.acquireWakeLockInternal(android.os.IBinder, int, java.lang.String, java.lang.String, android.os.WorkSource, java.lang.String, int, int)(PowerManagerService.java:862) waiters=0 in void com.android.server.power.PowerManagerService.setScreenBrightnessOverrideFromWindowManagerInternal(int) for 405ms
06-07 00:43:47.404 W/art     ( 1914): Long monitor contention with owner Binder:1914_1 (1939) at int com.android.server.wm.WindowManagerService.relayoutWindow(com.android.server.wm.Session, android.view.IWindow, int, android.view.WindowManager$LayoutParams, int, int, int, int, android.graphics.Rect, android.graphics.Rect, android.graphics.Rect, android.graphics.Rect, android.graphics.Rect, android.graphics.Rect, android.graphics.Rect, android.content.res.Configuration, android.view.Surface)(WindowManagerService.java:2857) waiters=0 in void com.android.server.wm.WindowAnimator$1.doFrame(long) for 795ms
06-07 00:43:47.518 W/art     ( 1914): Long monitor contention with owner Binder:1914_1 (1939) at int com.android.server.wm.WindowManagerService.relayoutWindow(com.android.server.wm.Session, android.view.IWindow, int, android.view.WindowManager$LayoutParams, int, int, int, int, android.graphics.Rect, android.graphics.Rect, android.graphics.Rect, android.graphics.Rect, android.graphics.Rect, android.graphics.Rect, android.graphics.Rect, android.content.res.Configuration, android.view.Surface)(WindowManagerService.java:2857) waiters=1 in int com.android.server.wm.WindowManagerService.relayoutWindow(com.android.server.wm.Session, android.view.IWindow, int, android.view.WindowManager$LayoutParams, int, int, int, int, android.graphics.Rect, android.graphics.Rect, android.graphics.Rect, android.graphics.Rect, android.graphics.Rect, android.graphics.Rect, android.graphics.Rect, android.content.res.Configuration, android.view.Surface) for 561ms
06-07 00:43:47.524 W/art     ( 1914): Long monitor contention with owner Binder:1914_1 (1939) at int com.android.server.wm.WindowManagerService.relayoutWindow(com.android.server.wm.Session, android.view.IWindow, int, android.view.WindowManager$LayoutParams, int, int, int, int, android.graphics.Rect, android.graphics.Rect, android.graphics.Rect, android.graphics.Rect, android.graphics.Rect, android.graphics.Rect, android.graphics.Rect, android.content.res.Configuration, android.view.Surface)(WindowManagerService.java:2857) waiters=2 in void com.android.server.wm.WindowManagerService.getInitialDisplaySize(int, android.graphics.Point) for 136ms
06-07 00:43:47.572 D/AlarmClock/Events( 2721): [Stopwatch] [Reset] [Reboot]
06-07 00:43:47.806 V/AlarmClock( 2721): AlarmInitReceiver finished
06-07 00:43:47.853 W/ActivityManager( 1914): Slow operation: 82ms so far, now at startProcess: returned from zygote!
06-07 00:43:47.853 W/ActivityManager( 1914): Slow operation: 83ms so far, now at startProcess: done updating battery stats
06-07 00:43:47.854 W/ActivityManager( 1914): Slow operation: 83ms so far, now at startProcess: building log message
06-07 00:43:47.854 I/ActivityManager( 1914): Start proc 2846:android.process.media/u0a10 for broadcast com.android.providers.downloads/.DownloadReceiver
06-07 00:43:47.854 W/ActivityManager( 1914): Slow operation: 83ms so far, now at startProcess: starting to update pids map
06-07 00:43:47.854 W/ActivityManager( 1914): Slow operation: 83ms so far, now at startProcess: done updating pids map
06-07 00:43:47.854 W/ActivityManager( 1914): Slow operation: 84ms so far, now at startProcess: done starting proc!
06-07 00:43:47.930 W/art     ( 2846): Unexpected CPU variant for X86 using defaults: x86_64
06-07 00:43:48.252 W/System  ( 2846): ClassLoader referenced unknown path: /system/priv-app/DownloadProvider/lib/x86_64
06-07 00:43:48.290 W/art     ( 1914): Long monitor contention with owner android.display (1981) at void com.android.server.wm.WindowManagerService$H.handleMessage(android.os.Message)(WindowManagerService.java:8857) waiters=2 in int com.android.server.wm.WindowManagerService.relayoutWindow(com.android.server.wm.Session, android.view.IWindow, int, android.view.WindowManager$LayoutParams, int, int, int, int, android.graphics.Rect, android.graphics.Rect, android.graphics.Rect, android.graphics.Rect, android.graphics.Rect, android.graphics.Rect, android.graphics.Rect, android.content.res.Configuration, android.view.Surface) for 771ms
06-07 00:43:48.453 W/System  ( 2846): ClassLoader referenced unknown path: /system/priv-app/MediaProvider/lib/x86_64
06-07 00:43:48.479 D/ApplicationLoaders( 2846): ignored Vulkan layer search path /system/priv-app/MediaProvider/lib/x86_64:/system/priv-app/MediaProvider/MediaProvider.apk!/lib/x86_64:/system/lib64:/vendor/lib64 for namespace 0x7fb1908640f0
06-07 00:43:48.640 W/art     ( 1914): Long monitor contention with owner android.display (1981) at void com.android.server.wm.WindowAnimator$1.doFrame(long)(WindowAnimator.java:144) waiters=2 in void com.android.server.wm.WindowManagerService.getInitialDisplaySize(int, android.graphics.Point) for 1.116s
06-07 00:43:48.647 W/art     ( 1914): Long monitor contention with owner android.display (1981) at void com.android.server.wm.WindowAnimator$1.doFrame(long)(WindowAnimator.java:144) waiters=2 in void com.android.server.wm.WindowManagerService.finishDrawingWindow(com.android.server.wm.Session, android.view.IWindow) for 735ms
06-07 00:43:48.650 W/art     ( 1914): Long monitor contention with owner android.display (1981) at void com.android.server.wm.WindowManagerService$H.handleMessage(android.os.Message)(WindowManagerService.java:8368) waiters=2 in int com.android.server.wm.WindowManagerService.relayoutWindow(com.android.server.wm.Session, android.view.IWindow, int, android.view.WindowManager$LayoutParams, int, int, int, int, android.graphics.Rect, android.graphics.Rect, android.graphics.Rect, android.graphics.Rect, android.graphics.Rect, android.graphics.Rect, android.graphics.Rect, android.content.res.Configuration, android.view.Surface) for 358ms
06-07 00:43:48.909 V/KeyguardServiceDelegate( 1914): **** SHOWN CALLED ****
06-07 00:43:48.932 W/KeyguardUpdateMonitor( 2633): invalid subId in handleSimStateChange()
06-07 00:43:48.933 W/KeyguardUpdateMonitor( 2633): invalid subId in handleSimStateChange()
06-07 00:43:48.934 I/Choreographer( 2633): Skipped 345 frames!  The application may be doing too much work on its main thread.
06-07 00:43:49.124 D/ViewRootImpl[StatusBar]( 2633): changeCanvasOpacity: opaque=true
06-07 00:43:49.374 W/art     ( 1914): Long monitor contention with owner android.ui (1964) at int com.android.server.wm.WindowManagerService.relayoutWindow(com.android.server.wm.Session, android.view.IWindow, int, android.view.WindowManager$LayoutParams, int, int, int, int, android.graphics.Rect, android.graphics.Rect, android.graphics.Rect, android.graphics.Rect, android.graphics.Rect, android.graphics.Rect, android.graphics.Rect, android.content.res.Configuration, android.view.Surface)(WindowManagerService.java:2857) waiters=0 in void com.android.server.wm.WindowManagerService$H.handleMessage(android.os.Message) for 721ms
06-07 00:43:49.398 W/art     ( 1914): Long monitor contention with owner android.ui (1964) at int com.android.server.wm.WindowManagerService.relayoutWindow(com.android.server.wm.Session, android.view.IWindow, int, android.view.WindowManager$LayoutParams, int, int, int, int, android.graphics.Rect, android.graphics.Rect, android.graphics.Rect, android.graphics.Rect, android.graphics.Rect, android.graphics.Rect, android.graphics.Rect, android.content.res.Configuration, android.view.Surface)(WindowManagerService.java:2857) waiters=1 in void com.android.server.wm.WindowManagerService.monitor() for 680ms
06-07 00:43:49.400 I/Choreographer( 1914): Skipped 42 frames!  The application may be doing too much work on its main thread.
06-07 00:43:51.749 W/art     ( 1914): Long monitor contention with owner Binder:1914_3 (2145) at int com.android.server.wm.WindowManagerService.relayoutWindow(com.android.server.wm.Session, android.view.IWindow, int, android.view.WindowManager$LayoutParams, int, int, int, int, android.graphics.Rect, android.graphics.Rect, android.graphics.Rect, android.graphics.Rect, android.graphics.Rect, android.graphics.Rect, android.graphics.Rect, android.content.res.Configuration, android.view.Surface)(WindowManagerService.java:2857) waiters=0 in void com.android.server.wm.WindowManagerService$H.handleMessage(android.os.Message) for 446ms
06-07 00:43:51.752 W/art     ( 1914): Long monitor contention with owner Binder:1914_3 (2145) at int com.android.server.wm.WindowManagerService.relayoutWindow(com.android.server.wm.Session, android.view.IWindow, int, android.view.WindowManager$LayoutParams, int, int, int, int, android.graphics.Rect, android.graphics.Rect, android.graphics.Rect, android.graphics.Rect, android.graphics.Rect, android.graphics.Rect, android.graphics.Rect, android.content.res.Configuration, android.view.Surface)(WindowManagerService.java:2857) waiters=1 in void com.android.server.wm.WindowManagerService.getInitialDisplaySize(int, android.graphics.Point) for 303ms
06-07 00:43:52.152 D/MediaScannerReceiver( 2846): action: android.intent.action.MEDIA_MOUNTED path: /storage/1EFF-1C1B
06-07 00:43:53.148 D/MediaScannerReceiver( 2846): action: android.intent.action.MEDIA_MOUNTED path: /storage/emulated/0
06-07 00:43:53.340 D/WifiService( 1914): New client listening to asynchronous messages
06-07 00:43:53.401 W/art     ( 2846): Suspending all threads took: 183.802ms
06-07 00:43:53.483 I/ContactLocale( 2665): AddressBook Labels [[en_US]]: […, A, B, C, D, E, F, G, H, I, J, K, L, M, N, O, P, Q, R, S, T, U, V, W, X, Y, Z, Α, Β, Γ, Δ, Ε, Ζ, Η, Θ, Ι, Κ, Λ, Μ, Ν, Ξ, Ο, Π, Ρ, Σ, Τ, Υ, Φ, Χ, Ψ, Ω, …, А, Б, В, Г, Д, Ђ, Е, Є, Ж, З, И, І, Й, Ј, К, Л, Љ, М, Н, Њ, О, П, Р, С, Т, Ћ, У, Ф, Х, Ц, Ч, Џ, Ш, Щ, Ю, Я, …, א, ב, ג, ד, ה, ו, ז, ח, ט, י, כ, ל, מ, נ, ס, ע, פ, צ, ק, ר, ש, ת, …, ا, ب, ت, ث, ج, ح, خ, د, ذ, ر, ز, س, ش, ص, ض, ط, ظ, ع, غ, ف, ق, ك, ل, م, ن, ه, و, ي, …, ก, ข, ฃ, ค, ฅ, ฆ, ง, จ, ฉ, ช, ซ, ฌ, ญ, ฎ, ฏ, ฐ, ฑ, ฒ, ณ, ด, ต, ถ, ท, ธ, น, บ, ป, ผ, ฝ, พ, ฟ, ภ, ม, ย, ร, ฤ, ล, ฦ, ว, ศ, ษ, ส, ห, ฬ, อ, ฮ, …, ㄱ, ㄴ, ㄷ, ㄹ, ㅁ, ㅂ, ㅅ, ㅇ, ㅈ, ㅊ, ㅋ, ㅌ, ㅍ, ㅎ, …, あ, か, さ, た, な, は, ま, や, ら, わ, #, …]
06-07 00:43:53.827 W/art     ( 2633): Long monitor contention with owner main (2633) at android.content.res.XmlBlock android.content.res.AssetManager.openXmlBlockAsset(int, java.lang.String)(AssetManager.java:515) waiters=0 in java.lang.CharSequence android.content.res.AssetManager.getResourceText(int) for 342ms
06-07 00:43:53.971 I/Choreographer( 2633): Skipped 300 frames!  The application may be doing too much work on its main thread.
06-07 00:43:54.539 D/gralloc_ranchu( 2633): Emulator without host-side GPU emulation detected. Loading gralloc.default.so from /vendor/lib64/hw/gralloc.goldfish.default.so...
06-07 00:43:54.543 D/gralloc_ranchu( 2633): gralloc.default.so not found in /vendor. Trying /system/lib64/hw/gralloc.goldfish.default.so...
06-07 00:43:54.875 D/PhoneStatusBar( 2633): disable: < expand* icons alerts system_info back* home* recent* clock search* quick_settings >
06-07 00:43:55.042 V/MediaScanner( 2846): pruneDeadThumbnailFiles... android.content.ContentProviderClient$CursorWrapperInner@62dc201
06-07 00:43:55.047 V/MediaScanner( 2846): /pruneDeadThumbnailFiles... android.content.ContentProviderClient$CursorWrapperInner@62dc201
06-07 00:43:55.498 W/art     ( 1914): Long monitor contention with owner Binder:1914_5 (2304) at int com.android.server.wm.WindowManagerService.relayoutWindow(com.android.server.wm.Session, android.view.IWindow, int, android.view.WindowManager$LayoutParams, int, int, int, int, android.graphics.Rect, android.graphics.Rect, android.graphics.Rect, android.graphics.Rect, android.graphics.Rect, android.graphics.Rect, android.graphics.Rect, android.content.res.Configuration, android.view.Surface)(WindowManagerService.java:2857) waiters=0 in void com.android.server.wm.WindowAnimator$1.doFrame(long) for 290ms
06-07 00:43:55.642 I/Choreographer( 2633): Skipped 99 frames!  The application may be doing too much work on its main thread.
06-07 00:43:55.800 W/ActivityManager( 1914): Slow operation: 138ms so far, now at startProcess: returned from zygote!
06-07 00:43:55.801 W/ActivityManager( 1914): Slow operation: 139ms so far, now at startProcess: done updating battery stats
