06-06 06:46:38.039 E/Hyphenator( 1324): 	at com.android.internal.os.ZygoteInit.preloadTextResources(ZygoteInit.java:252)
06-06 06:46:38.039 E/Hyphenator( 1324): 	at com.android.internal.os.ZygoteInit.preload(ZygoteInit.java:206)
06-06 06:46:38.039 E/Hyphenator( 1324): 	at com.android.internal.os.ZygoteInit.main(ZygoteInit.java:743)
06-06 06:46:38.039 E/Hyphenator( 1324): Caused by: android.system.ErrnoException: open failed: ENOENT (No such file or directory)
06-06 06:46:38.039 E/Hyphenator( 1324): 	at libcore.io.Posix.open(Native Method)
06-06 06:46:38.039 E/Hyphenator( 1324): 	at libcore.io.BlockGuardOs.open(BlockGuardOs.java:187)
06-06 06:46:38.039 E/Hyphenator( 1324): 	at libcore.io.IoBridge.open(IoBridge.java:441)
06-06 06:46:38.039 E/Hyphenator( 1324): 	... 6 more
06-06 06:46:38.082 E/Hyphenator( 1324): error loading hyphenation /system/usr/hyphen-data/hyph-hr.hyb
06-06 06:46:38.082 E/Hyphenator( 1324): java.io.FileNotFoundException: /system/usr/hyphen-data/hyph-hr.hyb: open failed: ENOENT (No such file or directory)
06-06 06:46:38.082 E/Hyphenator( 1324): 	at libcore.io.IoBridge.open(IoBridge.java:455)
06-06 06:46:38.082 E/Hyphenator( 1324): 	at java.io.RandomAccessFile.<init>(RandomAccessFile.java:247)
06-06 06:46:38.082 E/Hyphenator( 1324): 	at android.text.Hyphenator.loadHyphenator(Hyphenator.java:118)
06-06 06:46:38.082 E/Hyphenator( 1324): 	at android.text.Hyphenator.init(Hyphenator.java:224)
06-06 06:46:38.082 E/Hyphenator( 1324): 	at com.android.internal.os.ZygoteInit.preloadTextResources(ZygoteInit.java:252)
06-06 06:46:38.082 E/Hyphenator( 1324): 	at com.android.internal.os.ZygoteInit.preload(ZygoteInit.java:206)
06-06 06:46:38.082 E/Hyphenator( 1324): 	at com.android.internal.os.ZygoteInit.main(ZygoteInit.java:743)
06-06 06:46:38.082 E/Hyphenator( 1324): Caused by: android.system.ErrnoException: open failed: ENOENT (No such file or directory)
06-06 06:46:38.082 E/Hyphenator( 1324): 	at libcore.io.Posix.open(Native Method)
06-06 06:46:38.082 E/Hyphenator( 1324): 	at libcore.io.BlockGuardOs.open(BlockGuardOs.java:187)
06-06 06:46:38.082 E/Hyphenator( 1324): 	at libcore.io.IoBridge.open(IoBridge.java:441)
06-06 06:46:38.082 E/Hyphenator( 1324): 	... 6 more
06-06 06:46:38.085 E/Hyphenator( 1324): error loading hyphenation /system/usr/hyphen-data/hyph-hu.hyb
06-06 06:46:38.085 E/Hyphenator( 1324): java.io.FileNotFoundException: /system/usr/hyphen-data/hyph-hu.hyb: open failed: ENOENT (No such file or directory)
06-06 06:46:38.085 E/Hyphenator( 1324): 	at libcore.io.IoBridge.open(IoBridge.java:455)
06-06 06:46:38.085 E/Hyphenator( 1324): 	at java.io.RandomAccessFile.<init>(RandomAccessFile.java:247)
06-06 06:46:38.085 E/Hyphenator( 1324): 	at android.text.Hyphenator.loadHyphenator(Hyphenator.java:118)
06-06 06:46:38.085 E/Hyphenator( 1324): 	at android.text.Hyphenator.init(Hyphenator.java:224)
06-06 06:46:38.085 E/Hyphenator( 1324): 	at com.android.internal.os.ZygoteInit.preloadTextResources(ZygoteInit.java:252)
06-06 06:46:38.085 E/Hyphenator( 1324): 	at com.android.internal.os.ZygoteInit.preload(ZygoteInit.java:206)
06-06 06:46:38.085 E/Hyphenator( 1324): 	at com.android.internal.os.ZygoteInit.main(ZygoteInit.java:743)
06-06 06:46:38.085 E/Hyphenator( 1324): Caused by: android.system.ErrnoException: open failed: ENOENT (No such file or directory)
06-06 06:46:38.085 E/Hyphenator( 1324): 	at libcore.io.Posix.open(Native Method)
06-06 06:46:38.085 E/Hyphenator( 1324): 	at libcore.io.BlockGuardOs.open(BlockGuardOs.java:187)
06-06 06:46:38.085 E/Hyphenator( 1324): 	at libcore.io.IoBridge.open(IoBridge.java:441)
06-06 06:46:38.085 E/Hyphenator( 1324): 	... 6 more
06-06 06:46:38.087 E/Hyphenator( 1324): error loading hyphenation /system/usr/hyphen-data/hyph-hy.hyb
06-06 06:46:38.087 E/Hyphenator( 1324): java.io.FileNotFoundException: /system/usr/hyphen-data/hyph-hy.hyb: open failed: ENOENT (No such file or directory)
06-06 06:46:38.087 E/Hyphenator( 1324): 	at libcore.io.IoBridge.open(IoBridge.java:455)
06-06 06:46:38.087 E/Hyphenator( 1324): 	at java.io.RandomAccessFile.<init>(RandomAccessFile.java:247)
06-06 06:46:38.087 E/Hyphenator( 1324): 	at android.text.Hyphenator.loadHyphenator(Hyphenator.java:118)
06-06 06:46:38.087 E/Hyphenator( 1324): 	at android.text.Hyphenator.init(Hyphenator.java:224)
06-06 06:46:38.087 E/Hyphenator( 1324): 	at com.android.internal.os.ZygoteInit.preloadTextResources(ZygoteInit.java:252)
06-06 06:46:38.087 E/Hyphenator( 1324): 	at com.android.internal.os.ZygoteInit.preload(ZygoteInit.java:206)
06-06 06:46:38.087 E/Hyphenator( 1324): 	at com.android.internal.os.ZygoteInit.main(ZygoteInit.java:743)
06-06 06:46:38.087 E/Hyphenator( 1324): Caused by: android.system.ErrnoException: open failed: ENOENT (No such file or directory)
06-06 06:46:38.087 E/Hyphenator( 1324): 	at libcore.io.Posix.open(Native Method)
06-06 06:46:38.087 E/Hyphenator( 1324): 	at libcore.io.BlockGuardOs.open(BlockGuardOs.java:187)
06-06 06:46:38.087 E/Hyphenator( 1324): 	at libcore.io.IoBridge.open(IoBridge.java:441)
06-06 06:46:38.087 E/Hyphenator( 1324): 	... 6 more
06-06 06:46:38.088 E/Hyphenator( 1324): error loading hyphenation /system/usr/hyphen-data/hyph-kn.hyb
06-06 06:46:38.088 E/Hyphenator( 1324): java.io.FileNotFoundException: /system/usr/hyphen-data/hyph-kn.hyb: open failed: ENOENT (No such file or directory)
06-06 06:46:38.088 E/Hyphenator( 1324): 	at libcore.io.IoBridge.open(IoBridge.java:455)
06-06 06:46:38.088 E/Hyphenator( 1324): 	at java.io.RandomAccessFile.<init>(RandomAccessFile.java:247)
06-06 06:46:38.088 E/Hyphenator( 1324): 	at android.text.Hyphenator.loadHyphenator(Hyphenator.java:118)
06-06 06:46:38.088 E/Hyphenator( 1324): 	at android.text.Hyphenator.init(Hyphenator.java:224)
06-06 06:46:38.088 E/Hyphenator( 1324): 	at com.android.internal.os.ZygoteInit.preloadTextResources(ZygoteInit.java:252)
06-06 06:46:38.088 E/Hyphenator( 1324): 	at com.android.internal.os.ZygoteInit.preload(ZygoteInit.java:206)
06-06 06:46:38.088 E/Hyphenator( 1324): 	at com.android.internal.os.ZygoteInit.main(ZygoteInit.java:743)
06-06 06:46:38.088 E/Hyphenator( 1324): Caused by: android.system.ErrnoException: open failed: ENOENT (No such file or directory)
06-06 06:46:38.088 E/Hyphenator( 1324): 	at libcore.io.Posix.open(Native Method)
06-06 06:46:38.088 E/Hyphenator( 1324): 	at libcore.io.BlockGuardOs.open(BlockGuardOs.java:187)
06-06 06:46:38.088 E/Hyphenator( 1324): 	at libcore.io.IoBridge.open(IoBridge.java:441)
06-06 06:46:38.088 E/Hyphenator( 1324): 	... 6 more
06-06 06:46:38.111 E/Hyphenator( 1324): error loading hyphenation /system/usr/hyphen-data/hyph-ml.hyb
06-06 06:46:38.111 E/Hyphenator( 1324): java.io.FileNotFoundException: /system/usr/hyphen-data/hyph-ml.hyb: open failed: ENOENT (No such file or directory)
06-06 06:46:38.111 E/Hyphenator( 1324): 	at libcore.io.IoBridge.open(IoBridge.java:455)
06-06 06:46:38.111 E/Hyphenator( 1324): 	at java.io.RandomAccessFile.<init>(RandomAccessFile.java:247)
06-06 06:46:38.111 E/Hyphenator( 1324): 	at android.text.Hyphenator.loadHyphenator(Hyphenator.java:118)
06-06 06:46:38.111 E/Hyphenator( 1324): 	at android.text.Hyphenator.init(Hyphenator.java:224)
06-06 06:46:38.111 E/Hyphenator( 1324): 	at com.android.internal.os.ZygoteInit.preloadTextResources(ZygoteInit.java:252)
06-06 06:46:38.111 E/Hyphenator( 1324): 	at com.android.internal.os.ZygoteInit.preload(ZygoteInit.java:206)
06-06 06:46:38.111 E/Hyphenator( 1324): 	at com.android.internal.os.ZygoteInit.main(ZygoteInit.java:743)
06-06 06:46:38.111 E/Hyphenator( 1324): Caused by: android.system.ErrnoException: open failed: ENOENT (No such file or directory)
06-06 06:46:38.111 E/Hyphenator( 1324): 	at libcore.io.Posix.open(Native Method)
06-06 06:46:38.111 E/Hyphenator( 1324): 	at libcore.io.BlockGuardOs.open(BlockGuardOs.java:187)
06-06 06:46:38.111 E/Hyphenator( 1324): 	at libcore.io.IoBridge.open(IoBridge.java:441)
06-06 06:46:38.111 E/Hyphenator( 1324): 	... 6 more
06-06 06:46:38.113 E/Hyphenator( 1324): error loading hyphenation /system/usr/hyphen-data/hyph-mn-cyrl.hyb
06-06 06:46:38.113 E/Hyphenator( 1324): java.io.FileNotFoundException: /system/usr/hyphen-data/hyph-mn-cyrl.hyb: open failed: ENOENT (No such file or directory)
06-06 06:46:38.113 E/Hyphenator( 1324): 	at libcore.io.IoBridge.open(IoBridge.java:455)
06-06 06:46:38.113 E/Hyphenator( 1324): 	at java.io.RandomAccessFile.<init>(RandomAccessFile.java:247)
06-06 06:46:38.113 E/Hyphenator( 1324): 	at android.text.Hyphenator.loadHyphenator(Hyphenator.java:118)
06-06 06:46:38.113 E/Hyphenator( 1324): 	at android.text.Hyphenator.init(Hyphenator.java:224)
06-06 06:46:38.113 E/Hyphenator( 1324): 	at com.android.internal.os.ZygoteInit.preloadTextResources(ZygoteInit.java:252)
06-06 06:46:38.113 E/Hyphenator( 1324): 	at com.android.internal.os.ZygoteInit.preload(ZygoteInit.java:206)
06-06 06:46:38.113 E/Hyphenator( 1324): 	at com.android.internal.os.ZygoteInit.main(ZygoteInit.java:743)
06-06 06:46:38.113 E/Hyphenator( 1324): Caused by: android.system.ErrnoException: open failed: ENOENT (No such file or directory)
06-06 06:46:38.113 E/Hyphenator( 1324): 	at libcore.io.Posix.open(Native Method)
06-06 06:46:38.113 E/Hyphenator( 1324): 	at libcore.io.BlockGuardOs.open(BlockGuardOs.java:187)
06-06 06:46:38.113 E/Hyphenator( 1324): 	at libcore.io.IoBridge.open(IoBridge.java:441)
06-06 06:46:38.113 E/Hyphenator( 1324): 	... 6 more
06-06 06:46:38.115 E/Hyphenator( 1324): error loading hyphenation /system/usr/hyphen-data/hyph-mr.hyb
06-06 06:46:38.115 E/Hyphenator( 1324): java.io.FileNotFoundException: /system/usr/hyphen-data/hyph-mr.hyb: open failed: ENOENT (No such file or directory)
06-06 06:46:38.115 E/Hyphenator( 1324): 	at libcore.io.IoBridge.open(IoBridge.java:455)
06-06 06:46:38.115 E/Hyphenator( 1324): 	at java.io.RandomAccessFile.<init>(RandomAccessFile.java:247)
06-06 06:46:38.115 E/Hyphenator( 1324): 	at android.text.Hyphenator.loadHyphenator(Hyphenator.java:118)
06-06 06:46:38.115 E/Hyphenator( 1324): 	at android.text.Hyphenator.init(Hyphenator.java:224)
06-06 06:46:38.115 E/Hyphenator( 1324): 	at com.android.internal.os.ZygoteInit.preloadTextResources(ZygoteInit.java:252)
06-06 06:46:38.115 E/Hyphenator( 1324): 	at com.android.internal.os.ZygoteInit.preload(ZygoteInit.java:206)
06-06 06:46:38.115 E/Hyphenator( 1324): 	at com.android.internal.os.ZygoteInit.main(ZygoteInit.java:743)
06-06 06:46:38.115 E/Hyphenator( 1324): Caused by: android.system.ErrnoException: open failed: ENOENT (No such file or directory)
06-06 06:46:38.115 E/Hyphenator( 1324): 	at libcore.io.Posix.open(Native Method)
06-06 06:46:38.115 E/Hyphenator( 1324): 	at libcore.io.BlockGuardOs.open(BlockGuardOs.java:187)
06-06 06:46:38.115 E/Hyphenator( 1324): 	at libcore.io.IoBridge.open(IoBridge.java:441)
06-06 06:46:38.115 E/Hyphenator( 1324): 	... 6 more
06-06 06:46:38.117 E/Hyphenator( 1324): error loading hyphenation /system/usr/hyphen-data/hyph-nb.hyb
06-06 06:46:38.117 E/Hyphenator( 1324): java.io.FileNotFoundException: /system/usr/hyphen-data/hyph-nb.hyb: open failed: ENOENT (No such file or directory)
06-06 06:46:38.117 E/Hyphenator( 1324): 	at libcore.io.IoBridge.open(IoBridge.java:455)
06-06 06:46:38.117 E/Hyphenator( 1324): 	at java.io.RandomAccessFile.<init>(RandomAccessFile.java:247)
06-06 06:46:38.117 E/Hyphenator( 1324): 	at android.text.Hyphenator.loadHyphenator(Hyphenator.java:118)
06-06 06:46:38.117 E/Hyphenator( 1324): 	at android.text.Hyphenator.init(Hyphenator.java:224)
06-06 06:46:38.117 E/Hyphenator( 1324): 	at com.android.internal.os.ZygoteInit.preloadTextResources(ZygoteInit.java:252)
06-06 06:46:38.117 E/Hyphenator( 1324): 	at com.android.internal.os.ZygoteInit.preload(ZygoteInit.java:206)
06-06 06:46:38.117 E/Hyphenator( 1324): 	at com.android.internal.os.ZygoteInit.main(ZygoteInit.java:743)
06-06 06:46:38.117 E/Hyphenator( 1324): Caused by: android.system.ErrnoException: open failed: ENOENT (No such file or directory)
06-06 06:46:38.117 E/Hyphenator( 1324): 	at libcore.io.Posix.open(Native Method)
06-06 06:46:38.117 E/Hyphenator( 1324): 	at libcore.io.BlockGuardOs.open(BlockGuardOs.java:187)
06-06 06:46:38.117 E/Hyphenator( 1324): 	at libcore.io.IoBridge.open(IoBridge.java:441)
06-06 06:46:38.117 E/Hyphenator( 1324): 	... 6 more
06-06 06:46:38.119 E/Hyphenator( 1324): error loading hyphenation /system/usr/hyphen-data/hyph-nn.hyb
06-06 06:46:38.119 E/Hyphenator( 1324): java.io.FileNotFoundException: /system/usr/hyphen-data/hyph-nn.hyb: open failed: ENOENT (No such file or directory)
06-06 06:46:38.119 E/Hyphenator( 1324): 	at libcore.io.IoBridge.open(IoBridge.java:455)
06-06 06:46:38.119 E/Hyphenator( 1324): 	at java.io.RandomAccessFile.<init>(RandomAccessFile.java:247)
06-06 06:46:38.119 E/Hyphenator( 1324): 	at android.text.Hyphenator.loadHyphenator(Hyphenator.java:118)
06-06 06:46:38.119 E/Hyphenator( 1324): 	at android.text.Hyphenator.init(Hyphenator.java:224)
06-06 06:46:38.119 E/Hyphenator( 1324): 	at com.android.internal.os.ZygoteInit.preloadTextResources(ZygoteInit.java:252)
06-06 06:46:38.119 E/Hyphenator( 1324): 	at com.android.internal.os.ZygoteInit.preload(ZygoteInit.java:206)
06-06 06:46:38.119 E/Hyphenator( 1324): 	at com.android.internal.os.ZygoteInit.main(ZygoteInit.java:743)
06-06 06:46:38.119 E/Hyphenator( 1324): Caused by: android.system.ErrnoException: open failed: ENOENT (No such file or directory)
06-06 06:46:38.119 E/Hyphenator( 1324): 	at libcore.io.Posix.open(Native Method)
06-06 06:46:38.119 E/Hyphenator( 1324): 	at libcore.io.BlockGuardOs.open(BlockGuardOs.java:187)
06-06 06:46:38.119 E/Hyphenator( 1324): 	at libcore.io.IoBridge.open(IoBridge.java:441)
06-06 06:46:38.119 E/Hyphenator( 1324): 	... 6 more
06-06 06:46:38.182 E/Hyphenator( 1324): error loading hyphenation /system/usr/hyphen-data/hyph-or.hyb
06-06 06:46:38.182 E/Hyphenator( 1324): java.io.FileNotFoundException: /system/usr/hyphen-data/hyph-or.hyb: open failed: ENOENT (No such file or directory)
06-06 06:46:38.182 E/Hyphenator( 1324): 	at libcore.io.IoBridge.open(IoBridge.java:455)
06-06 06:46:38.182 E/Hyphenator( 1324): 	at java.io.RandomAccessFile.<init>(RandomAccessFile.java:247)
06-06 06:46:38.182 E/Hyphenator( 1324): 	at android.text.Hyphenator.loadHyphenator(Hyphenator.java:118)
06-06 06:46:38.182 E/Hyphenator( 1324): 	at android.text.Hyphenator.init(Hyphenator.java:224)
06-06 06:46:38.182 E/Hyphenator( 1324): 	at com.android.internal.os.ZygoteInit.preloadTextResources(ZygoteInit.java:252)
06-06 06:46:38.182 E/Hyphenator( 1324): 	at com.android.internal.os.ZygoteInit.preload(ZygoteInit.java:206)
06-06 06:46:38.182 E/Hyphenator( 1324): 	at com.android.internal.os.ZygoteInit.main(ZygoteInit.java:743)
06-06 06:46:38.182 E/Hyphenator( 1324): Caused by: android.system.ErrnoException: open failed: ENOENT (No such file or directory)
06-06 06:46:38.182 E/Hyphenator( 1324): 	at libcore.io.Posix.open(Native Method)
06-06 06:46:38.182 E/Hyphenator( 1324): 	at libcore.io.BlockGuardOs.open(BlockGuardOs.java:187)
06-06 06:46:38.182 E/Hyphenator( 1324): 	at libcore.io.IoBridge.open(IoBridge.java:441)
06-06 06:46:38.182 E/Hyphenator( 1324): 	... 6 more
06-06 06:46:38.184 E/Hyphenator( 1324): error loading hyphenation /system/usr/hyphen-data/hyph-pa.hyb
06-06 06:46:38.184 E/Hyphenator( 1324): java.io.FileNotFoundException: /system/usr/hyphen-data/hyph-pa.hyb: open failed: ENOENT (No such file or directory)
06-06 06:46:38.184 E/Hyphenator( 1324): 	at libcore.io.IoBridge.open(IoBridge.java:455)
06-06 06:46:38.184 E/Hyphenator( 1324): 	at java.io.RandomAccessFile.<init>(RandomAccessFile.java:247)
06-06 06:46:38.184 E/Hyphenator( 1324): 	at android.text.Hyphenator.loadHyphenator(Hyphenator.java:118)
06-06 06:46:38.184 E/Hyphenator( 1324): 	at android.text.Hyphenator.init(Hyphenator.java:224)
06-06 06:46:38.184 E/Hyphenator( 1324): 	at com.android.internal.os.ZygoteInit.preloadTextResources(ZygoteInit.java:252)
06-06 06:46:38.184 E/Hyphenator( 1324): 	at com.android.internal.os.ZygoteInit.preload(ZygoteInit.java:206)
06-06 06:46:38.184 E/Hyphenator( 1324): 	at com.android.internal.os.ZygoteInit.main(ZygoteInit.java:743)
06-06 06:46:38.184 E/Hyphenator( 1324): Caused by: android.system.ErrnoException: open failed: ENOENT (No such file or directory)
06-06 06:46:38.184 E/Hyphenator( 1324): 	at libcore.io.Posix.open(Native Method)
06-06 06:46:38.184 E/Hyphenator( 1324): 	at libcore.io.BlockGuardOs.open(BlockGuardOs.java:187)
06-06 06:46:38.184 E/Hyphenator( 1324): 	at libcore.io.IoBridge.open(IoBridge.java:441)
06-06 06:46:38.184 E/Hyphenator( 1324): 	... 6 more
06-06 06:46:38.186 E/Hyphenator( 1324): error loading hyphenation /system/usr/hyphen-data/hyph-pt.hyb
06-06 06:46:38.186 E/Hyphenator( 1324): java.io.FileNotFoundException: /system/usr/hyphen-data/hyph-pt.hyb: open failed: ENOENT (No such file or directory)
06-06 06:46:38.186 E/Hyphenator( 1324): 	at libcore.io.IoBridge.open(IoBridge.java:455)
06-06 06:46:38.186 E/Hyphenator( 1324): 	at java.io.RandomAccessFile.<init>(RandomAccessFile.java:247)
06-06 06:46:38.186 E/Hyphenator( 1324): 	at android.text.Hyphenator.loadHyphenator(Hyphenator.java:118)
06-06 06:46:38.186 E/Hyphenator( 1324): 	at android.text.Hyphenator.init(Hyphenator.java:224)
06-06 06:46:38.186 E/Hyphenator( 1324): 	at com.android.internal.os.ZygoteInit.preloadTextResources(ZygoteInit.java:252)
06-06 06:46:38.186 E/Hyphenator( 1324): 	at com.android.internal.os.ZygoteInit.preload(ZygoteInit.java:206)
06-06 06:46:38.186 E/Hyphenator( 1324): 	at com.android.internal.os.ZygoteInit.main(ZygoteInit.java:743)
06-06 06:46:38.186 E/Hyphenator( 1324): Caused by: android.system.ErrnoException: open failed: ENOENT (No such file or directory)
06-06 06:46:38.186 E/Hyphenator( 1324): 	at libcore.io.Posix.open(Native Method)
06-06 06:46:38.186 E/Hyphenator( 1324): 	at libcore.io.BlockGuardOs.open(BlockGuardOs.java:187)
06-06 06:46:38.186 E/Hyphenator( 1324): 	at libcore.io.IoBridge.open(IoBridge.java:441)
06-06 06:46:38.186 E/Hyphenator( 1324): 	... 6 more
06-06 06:46:38.188 E/Hyphenator( 1324): error loading hyphenation /system/usr/hyphen-data/hyph-sl.hyb
06-06 06:46:38.188 E/Hyphenator( 1324): java.io.FileNotFoundException: /system/usr/hyphen-data/hyph-sl.hyb: open failed: ENOENT (No such file or directory)
06-06 06:46:38.188 E/Hyphenator( 1324): 	at libcore.io.IoBridge.open(IoBridge.java:455)
06-06 06:46:38.188 E/Hyphenator( 1324): 	at java.io.RandomAccessFile.<init>(RandomAccessFile.java:247)
06-06 06:46:38.188 E/Hyphenator( 1324): 	at android.text.Hyphenator.loadHyphenator(Hyphenator.java:118)
06-06 06:46:38.188 E/Hyphenator( 1324): 	at android.text.Hyphenator.init(Hyphenator.java:224)
06-06 06:46:38.188 E/Hyphenator( 1324): 	at com.android.internal.os.ZygoteInit.preloadTextResources(ZygoteInit.java:252)
06-06 06:46:38.188 E/Hyphenator( 1324): 	at com.android.internal.os.ZygoteInit.preload(ZygoteInit.java:206)
06-06 06:46:38.188 E/Hyphenator( 1324): 	at com.android.internal.os.ZygoteInit.main(ZygoteInit.java:743)
06-06 06:46:38.188 E/Hyphenator( 1324): Caused by: android.system.ErrnoException: open failed: ENOENT (No such file or directory)
06-06 06:46:38.188 E/Hyphenator( 1324): 	at libcore.io.Posix.open(Native Method)
06-06 06:46:38.188 E/Hyphenator( 1324): 	at libcore.io.BlockGuardOs.open(BlockGuardOs.java:187)
06-06 06:46:38.188 E/Hyphenator( 1324): 	at libcore.io.IoBridge.open(IoBridge.java:441)
06-06 06:46:38.188 E/Hyphenator( 1324): 	... 6 more
06-06 06:46:38.230 E/Hyphenator( 1324): error loading hyphenation /system/usr/hyphen-data/hyph-ta.hyb
06-06 06:46:38.230 E/Hyphenator( 1324): java.io.FileNotFoundException: /system/usr/hyphen-data/hyph-ta.hyb: open failed: ENOENT (No such file or directory)
06-06 06:46:38.230 E/Hyphenator( 1324): 	at libcore.io.IoBridge.open(IoBridge.java:455)
06-06 06:46:38.230 E/Hyphenator( 1324): 	at java.io.RandomAccessFile.<init>(RandomAccessFile.java:247)
06-06 06:46:38.230 E/Hyphenator( 1324): 	at android.text.Hyphenator.loadHyphenator(Hyphenator.java:118)
06-06 06:46:38.230 E/Hyphenator( 1324): 	at android.text.Hyphenator.init(Hyphenator.java:224)
06-06 06:46:38.230 E/Hyphenator( 1324): 	at com.android.internal.os.ZygoteInit.preloadTextResources(ZygoteInit.java:252)
06-06 06:46:38.230 E/Hyphenator( 1324): 	at com.android.internal.os.ZygoteInit.preload(ZygoteInit.java:206)
06-06 06:46:38.230 E/Hyphenator( 1324): 	at com.android.internal.os.ZygoteInit.main(ZygoteInit.java:743)
06-06 06:46:38.230 E/Hyphenator( 1324): Caused by: android.system.ErrnoException: open failed: ENOENT (No such file or directory)
06-06 06:46:38.230 E/Hyphenator( 1324): 	at libcore.io.Posix.open(Native Method)
06-06 06:46:38.230 E/Hyphenator( 1324): 	at libcore.io.BlockGuardOs.open(BlockGuardOs.java:187)
06-06 06:46:38.230 E/Hyphenator( 1324): 	at libcore.io.IoBridge.open(IoBridge.java:441)
06-06 06:46:38.230 E/Hyphenator( 1324): 	... 6 more
06-06 06:46:38.233 E/Hyphenator( 1324): error loading hyphenation /system/usr/hyphen-data/hyph-te.hyb
06-06 06:46:38.233 E/Hyphenator( 1324): java.io.FileNotFoundException: /system/usr/hyphen-data/hyph-te.hyb: open failed: ENOENT (No such file or directory)
06-06 06:46:38.233 E/Hyphenator( 1324): 	at libcore.io.IoBridge.open(IoBridge.java:455)
06-06 06:46:38.233 E/Hyphenator( 1324): 	at java.io.RandomAccessFile.<init>(RandomAccessFile.java:247)
06-06 06:46:38.233 E/Hyphenator( 1324): 	at android.text.Hyphenator.loadHyphenator(Hyphenator.java:118)
06-06 06:46:38.233 E/Hyphenator( 1324): 	at android.text.Hyphenator.init(Hyphenator.java:224)
06-06 06:46:38.233 E/Hyphenator( 1324): 	at com.android.internal.os.ZygoteInit.preloadTextResources(ZygoteInit.java:252)
06-06 06:46:38.233 E/Hyphenator( 1324): 	at com.android.internal.os.ZygoteInit.preload(ZygoteInit.java:206)
06-06 06:46:38.233 E/Hyphenator( 1324): 	at com.android.internal.os.ZygoteInit.main(ZygoteInit.java:743)
06-06 06:46:38.233 E/Hyphenator( 1324): Caused by: android.system.ErrnoException: open failed: ENOENT (No such file or directory)
06-06 06:46:38.233 E/Hyphenator( 1324): 	at libcore.io.Posix.open(Native Method)
06-06 06:46:38.233 E/Hyphenator( 1324): 	at libcore.io.BlockGuardOs.open(BlockGuardOs.java:187)
06-06 06:46:38.233 E/Hyphenator( 1324): 	at libcore.io.IoBridge.open(IoBridge.java:441)
06-06 06:46:38.233 E/Hyphenator( 1324): 	... 6 more
06-06 06:46:38.235 E/Hyphenator( 1324): error loading hyphenation /system/usr/hyphen-data/hyph-tk.hyb
06-06 06:46:38.235 E/Hyphenator( 1324): java.io.FileNotFoundException: /system/usr/hyphen-data/hyph-tk.hyb: open failed: ENOENT (No such file or directory)
06-06 06:46:38.235 E/Hyphenator( 1324): 	at libcore.io.IoBridge.open(IoBridge.java:455)
06-06 06:46:38.235 E/Hyphenator( 1324): 	at java.io.RandomAccessFile.<init>(RandomAccessFile.java:247)
06-06 06:46:38.235 E/Hyphenator( 1324): 	at android.text.Hyphenator.loadHyphenator(Hyphenator.java:118)
06-06 06:46:38.235 E/Hyphenator( 1324): 	at android.text.Hyphenator.init(Hyphenator.java:224)
06-06 06:46:38.235 E/Hyphenator( 1324): 	at com.android.internal.os.ZygoteInit.preloadTextResources(ZygoteInit.java:252)
06-06 06:46:38.235 E/Hyphenator( 1324): 	at com.android.internal.os.ZygoteInit.preload(ZygoteInit.java:206)
06-06 06:46:38.235 E/Hyphenator( 1324): 	at com.android.internal.os.ZygoteInit.main(ZygoteInit.java:743)
06-06 06:46:38.235 E/Hyphenator( 1324): Caused by: android.system.ErrnoException: open failed: ENOENT (No such file or directory)
06-06 06:46:38.235 E/Hyphenator( 1324): 	at libcore.io.Posix.open(Native Method)
06-06 06:46:38.235 E/Hyphenator( 1324): 	at libcore.io.BlockGuardOs.open(BlockGuardOs.java:187)
06-06 06:46:38.235 E/Hyphenator( 1324): 	at libcore.io.IoBridge.open(IoBridge.java:441)
06-06 06:46:38.235 E/Hyphenator( 1324): 	... 6 more
06-06 06:46:38.260 E/Hyphenator( 1324): error loading hyphenation /system/usr/hyphen-data/hyph-und-ethi.hyb
06-06 06:46:38.260 E/Hyphenator( 1324): java.io.FileNotFoundException: /system/usr/hyphen-data/hyph-und-ethi.hyb: open failed: ENOENT (No such file or directory)
06-06 06:46:38.260 E/Hyphenator( 1324): 	at libcore.io.IoBridge.open(IoBridge.java:455)
06-06 06:46:38.260 E/Hyphenator( 1324): 	at java.io.RandomAccessFile.<init>(RandomAccessFile.java:247)
06-06 06:46:38.260 E/Hyphenator( 1324): 	at android.text.Hyphenator.loadHyphenator(Hyphenator.java:118)
06-06 06:46:38.260 E/Hyphenator( 1324): 	at android.text.Hyphenator.init(Hyphenator.java:224)
06-06 06:46:38.260 E/Hyphenator( 1324): 	at com.android.internal.os.ZygoteInit.preloadTextResources(ZygoteInit.java:252)
06-06 06:46:38.260 E/Hyphenator( 1324): 	at com.android.internal.os.ZygoteInit.preload(ZygoteInit.java:206)
06-06 06:46:38.260 E/Hyphenator( 1324): 	at com.android.internal.os.ZygoteInit.main(ZygoteInit.java:743)
06-06 06:46:38.260 E/Hyphenator( 1324): Caused by: android.system.ErrnoException: open failed: ENOENT (No such file or directory)
06-06 06:46:38.260 E/Hyphenator( 1324): 	at libcore.io.Posix.open(Native Method)
06-06 06:46:38.260 E/Hyphenator( 1324): 	at libcore.io.BlockGuardOs.open(BlockGuardOs.java:187)
06-06 06:46:38.260 E/Hyphenator( 1324): 	at libcore.io.IoBridge.open(IoBridge.java:441)
06-06 06:46:38.260 E/Hyphenator( 1324): 	... 6 more
06-06 06:46:38.688 I/Zygote  ( 1323): Warmed up JCA providers in 855ms.
06-06 06:46:38.688 D/Zygote  ( 1323): end preload
06-06 06:46:38.689 I/art     ( 1323): Starting a blocking GC Explicit
06-06 06:46:38.926 I/Zygote  ( 1324): Uninstalled ICU cache reference pinning...
06-06 06:46:38.960 I/art     ( 1323): Explicit concurrent mark sweep GC freed 4887(290KB) AllocSpace objects, 0(0B) LOS objects, 39% free, 6MB/10MB, paused 338us total 264.258ms
06-06 06:46:38.971 I/art     ( 1323): Starting a blocking GC Explicit
06-06 06:46:38.991 I/Zygote  ( 1324): Installed AndroidKeyStoreProvider in 64ms.
06-06 06:46:39.101 I/art     ( 1323): Explicit concurrent mark sweep GC freed 7(192B) AllocSpace objects, 0(0B) LOS objects, 39% free, 6MB/10MB, paused 274us total 115.972ms
06-06 06:46:39.136 I/art     ( 1323): Starting a blocking GC HeapTrim
06-06 06:46:39.297 I/art     ( 1323): Starting a blocking GC Background
06-06 06:46:39.475 I/art     ( 1323): Background concurrent mark sweep GC freed 79(3KB) AllocSpace objects, 0(0B) LOS objects, 39% free, 6MB/10MB, paused 219us total 177.806ms
06-06 06:46:40.058 I/Zygote  ( 1324): Warmed up JCA providers in 1066ms.
06-06 06:46:40.058 D/Zygote  ( 1324): end preload
06-06 06:46:40.062 I/art     ( 1324): Starting a blocking GC Explicit
06-06 06:46:40.086 I/Zygote  ( 1323): System server process 2961 has been created
06-06 06:46:40.104 I/Zygote  ( 1323): Accepting command socket connections
06-06 06:46:40.474 I/art     ( 1324): Explicit concurrent mark sweep GC freed 14868(1143KB) AllocSpace objects, 0(0B) LOS objects, 39% free, 6MB/10MB, paused 2.602ms total 386.854ms
06-06 06:46:40.494 I/art     ( 1324): Starting a blocking GC Explicit
06-06 06:46:40.621 I/art     ( 1324): Explicit concurrent mark sweep GC freed 708(25KB) AllocSpace objects, 2(116KB) LOS objects, 39% free, 6MB/10MB, paused 440us total 95.016ms
06-06 06:46:40.625 I/Zygote  ( 1324): Accepting command socket connections
06-06 06:46:40.711 I/Zygote  ( 2961): Process: zygote socket opened, supported ABIS: x86
06-06 06:46:40.717 I/InstallerConnection( 2961): connecting...
06-06 06:46:40.739 I/        ( 1328): new connection
06-06 06:46:41.193 I/InstallerConnection( 2961): disconnecting...
06-06 06:46:41.193 E/        ( 1328): eof
06-06 06:46:41.194 E/        ( 1328): failed to read size
06-06 06:46:41.194 I/        ( 1328): closing connection
06-06 06:46:42.440 I/SystemServer( 2961): Entered the Android system server!
06-06 06:46:44.592 I/SystemServiceManager( 2961): Starting com.android.server.pm.Installer
06-06 06:46:44.684 I/Installer( 2961): Waiting for installd to be ready.
06-06 06:46:44.685 I/InstallerConnection( 2961): connecting...
06-06 06:46:44.687 I/        ( 1328): new connection
06-06 06:46:44.690 I/SystemServiceManager( 2961): Starting com.android.server.am.ActivityManagerService$Lifecycle
06-06 06:46:45.271 I/ActivityManager( 2961): Memory class: 256
06-06 06:46:45.381 I/ServiceThread( 2961): Enabled StrictMode logging for ActivityManager looper.
06-06 06:46:45.453 I/ServiceThread( 2961): Enabled StrictMode logging for android.ui looper.
06-06 06:46:45.915 D/BatteryStatsImpl( 2961): Reading daily items from /data/system/batterystats-daily.xml
06-06 06:46:47.801 W/ProcessCpuTracker( 2961): Skipping unknown process pid 3006
06-06 06:46:47.892 I/IntentFirewall( 2961): Read new rules (A:0 B:0 S:0)
06-06 06:46:47.975 I/ServiceThread( 2961): Enabled StrictMode logging for android.display looper.
06-06 06:46:48.425 D/AppOps  ( 2961): AppOpsService published
06-06 06:46:48.437 I/SystemServiceManager( 2961): Starting com.android.server.power.PowerManagerService
06-06 06:46:48.773 I/ServiceThread( 2961): Enabled StrictMode logging for PowerManagerService looper.
06-06 06:46:48.815 E/PowerManagerService-JNI( 2961): Couldn't load power module (No such file or directory)
06-06 06:46:48.816 W/libsuspend( 2961): Error writing 'on' to /sys/power/state: Invalid argument
06-06 06:46:48.817 I/libsuspend( 2961): Selected wakeup count
06-06 06:46:48.938 I/SystemServiceManager( 2961): Starting com.android.server.lights.LightsService
06-06 06:46:49.050 I/SystemServiceManager( 2961): Starting com.android.server.display.DisplayManagerService
06-06 06:46:49.158 I/SystemServiceManager( 2961): Starting phase 100
06-06 06:46:49.239 E/SurfaceFlinger( 1320): ro.sf.lcd_density must be defined as a build property
06-06 06:46:49.390 I/DisplayManagerService( 2961): Display device added: DisplayDeviceInfo{"Built-in Screen": uniqueId="local:0", 1080 x 1920, modeId 1, defaultModeId 1, supportedModes [{id=1, width=1080, height=1920, fps=60.000004}], colorMode 0, supportedColorModes [0], HdrCapabilities android.view.Display$HdrCapabilities@a69d6308, density 480, 480.0 x 480.0 dpi, appVsyncOff 1000000, presDeadline 16666666, touch INTERNAL, rotation 0, type BUILT_IN, state UNKNOWN, FLAG_DEFAULT_DISPLAY, FLAG_ROTATES_WITH_CONTENT, FLAG_SECURE, FLAG_SUPPORTS_PROTECTED_BUFFERS}
06-06 06:46:49.411 D/SurfaceFlinger( 1320): Set power mode=2, type=0 flinger=0x79b0b6c47000
06-06 06:46:49.411 D/SurfaceFlinger( 1320): Screen type=0 is already mode=2
06-06 06:46:49.422 I/DisplayManagerService( 2961): Display device changed state: "Built-in Screen", ON
06-06 06:46:49.433 I/SystemServer( 2961): StartPackageManagerService
06-06 06:46:50.143 W/SystemConfig( 2961): No directory /system/etc/sysconfig, skipping
06-06 06:46:50.572 D/SELinuxMMAC( 2961): Using policy file /system/etc/security/mac_permissions.xml
06-06 06:46:53.023 E/art     ( 2961): DexFile_getDexOptNeeded file '/system/framework/org.apache.http.legacy.jar' does not exist
06-06 06:46:53.025 W/PackageManager( 2961): Library not found: /system/framework/org.apache.http.legacy.jar
06-06 06:46:53.337 E/art     ( 2961): DexFile_getDexOptNeeded file '/system/framework/org.apache.http.legacy.jar' does not exist
06-06 06:46:53.338 W/PackageManager( 2961): Library not found: /system/framework/org.apache.http.legacy.jar
06-06 06:46:53.411 D/PackageManager( 2961): No files in app dir /vendor/overlay
06-06 06:46:54.923 V/NatController( 1334): runCmd(/system/bin/iptables -w -F natctrl_FORWARD) res=0
06-06 06:46:55.226 W/PackageManager( 2961): Failed to parse /system/framework/oat: Missing base APK in /system/framework/oat
06-06 06:46:55.236 W/PackageManager( 2961): Failed to parse /system/framework/x86: Missing base APK in /system/framework/x86
06-06 06:46:55.239 W/PackageManager( 2961): Failed to parse /system/framework/x86_64: Missing base APK in /system/framework/x86_64
06-06 06:46:55.411 V/NatController( 1334): runCmd(/system/bin/ip6tables -w -F natctrl_FORWARD) res=0
06-06 06:46:55.851 V/NatController( 1334): runCmd(/system/bin/iptables -w -A natctrl_FORWARD -j DROP) res=0
06-06 06:46:56.281 V/NatController( 1334): runCmd(/system/bin/iptables -w -t nat -F natctrl_nat_POSTROUTING) res=0
06-06 06:46:56.532 V/NatController( 1334): runCmd(/system/bin/ip6tables -w -t raw -F natctrl_raw_PREROUTING) res=0
06-06 06:46:56.641 V/NatController( 1334): runCmd(/system/bin/iptables -w -F natctrl_tether_counters) res=1
06-06 06:46:56.861 V/NatController( 1334): runCmd(/system/bin/ip6tables -w -F natctrl_tether_counters) res=1
06-06 06:46:56.975 W/PackageParser( 2961): No actions in intent filter at /system/priv-app/Contacts/Contacts.apk Binary XML file line #409
06-06 06:46:57.050 V/NatController( 1334): runCmd(/system/bin/iptables -w -X natctrl_tether_counters) res=1
06-06 06:46:57.631 V/NatController( 1334): runCmd(/system/bin/ip6tables -w -X natctrl_tether_counters) res=1
06-06 06:46:58.162 W/PackageParser( 2961): No actions in intent filter at /system/priv-app/Dialer/Dialer.apk Binary XML file line #186
06-06 06:46:58.231 V/NatController( 1334): runCmd(/system/bin/iptables -w -N natctrl_tether_counters) res=0
06-06 06:46:58.411 V/NatController( 1334): runCmd(/system/bin/ip6tables -w -N natctrl_tether_counters) res=0
06-06 06:46:58.561 V/NatController( 1334): runCmd(/system/bin/iptables -w -t mangle -A natctrl_mangle_FORWARD -p tcp --tcp-flags SYN SYN -j TCPMSS --clamp-mss-to-pmtu) res=0
06-06 06:46:58.766 W/PackageManager( 2961): Permission android.permission.DOWNLOAD_WITHOUT_NOTIFICATION from package com.android.providers.downloads in an unknown group android.permission-group.NETWORK
06-06 06:47:02.359 E/Netd    ( 1334): cannot find interface dummy0
06-06 06:47:02.443 W/PackageParser( 2961): Ignoring duplicate uses-permissions/uses-permissions-sdk-m: android.permission.USE_CREDENTIALS in package: com.android.settings at: Binary XML file line #53
06-06 06:47:02.444 W/PackageParser( 2961): Ignoring duplicate uses-permissions/uses-permissions-sdk-m: android.permission.READ_SYNC_SETTINGS in package: com.android.settings at: Binary XML file line #58
06-06 06:47:02.444 W/PackageParser( 2961): Ignoring duplicate uses-permissions/uses-permissions-sdk-m: android.permission.WRITE_SYNC_SETTINGS in package: com.android.settings at: Binary XML file line #59
06-06 06:47:02.859 D/MDnsDS  ( 1334): MDnsSdListener::Hander starting up
06-06 06:47:02.931 D/MDnsDS  ( 1334): MDnsSdListener starting to monitor
06-06 06:47:02.931 D/MDnsDS  ( 1334): Going to poll with pollCount 1
06-06 06:47:04.493 W/PackageParser( 2961): Ignoring duplicate uses-permissions/uses-permissions-sdk-m: android.permission.INSTALL_GRANT_RUNTIME_PERMISSIONS in package: com.android.shell at: Binary XML file line #102
06-06 06:47:05.588 W/PackageParser( 2961): Ignoring duplicate uses-permissions/uses-permissions-sdk-m: android.permission.CONFIGURE_WIFI_DISPLAY in package: com.android.systemui at: Binary XML file line #123
06-06 06:47:06.994 I/art     ( 2961): Background sticky concurrent mark sweep GC freed 33352(2MB) AllocSpace objects, 20(416KB) LOS objects, 31% free, 6MB/10MB, paused 4.150ms total 472.803ms
06-06 06:47:07.858 W/PackageManager( 2961): Non-privileged app; cap priority to 0; package: com.android.calendar activity: com.android.calendar.GoogleCalendarUriIntentFilter origPrio: 50
06-06 06:47:08.286 W/PackageManager( 2961): Non-privileged app; cap priority to 0; package: com.android.cts.ctsshim activity: com.android.cts.ctsshim.InstallPriority origPrio: 100
06-06 06:47:08.286 W/PackageManager( 2961): Non-privileged app; cap priority to 0; package: com.android.cts.ctsshim activity: com.android.cts.ctsshim.InstallPriority origPrio: 100
06-06 06:47:08.286 W/PackageManager( 2961): Non-privileged app; cap priority to 0; package: com.android.cts.ctsshim activity: com.android.cts.ctsshim.InstallPriority origPrio: 100
06-06 06:47:08.286 W/PackageManager( 2961): Non-privileged app; cap priority to 0; package: com.android.cts.ctsshim activity: com.android.cts.ctsshim.InstallPriority origPrio: 100
06-06 06:47:08.286 W/PackageManager( 2961): Non-privileged app; cap priority to 0; package: com.android.cts.ctsshim activity: com.android.cts.ctsshim.InstallPriority origPrio: 100
06-06 06:47:09.518 W/PackageParser( 2961): Ignoring duplicate uses-permissions/uses-permissions-sdk-m: android.permission.WRITE_CONTACTS in package: com.android.email at: Binary XML file line #40
06-06 06:47:10.707 W/PackageParser( 2961): Unknown element under <application>: permission at /system/app/Gallery2/Gallery2.apk Binary XML file line #238
06-06 06:47:10.708 W/PackageParser( 2961): Unknown element under <application>: permission at /system/app/Gallery2/Gallery2.apk Binary XML file line #241
06-06 06:47:11.862 W/PackageManager( 2961): Permission com.android.launcher3.permission.READ_SETTINGS from package com.android.launcher3 in an unknown group android.permission-group.SYSTEM_TOOLS
06-06 06:47:11.863 W/PackageManager( 2961): Permission com.android.launcher3.permission.WRITE_SETTINGS from package com.android.launcher3 in an unknown group android.permission-group.SYSTEM_TOOLS
06-06 06:47:11.863 W/PackageManager( 2961): Permission com.android.launcher.permission.INSTALL_SHORTCUT from package com.android.launcher3 in an unknown group android.permission-group.SYSTEM_TOOLS
06-06 06:47:15.095 D/PackageManager( 2961): No files in app dir /system/vendor/app
06-06 06:47:15.097 D/PackageManager( 2961): No files in app dir /oem/app
06-06 06:47:16.376 W/PackageParser( 2961): No actions in intent filter at /data/app/ApiDemos/ApiDemos.apk Binary XML file line #3145
06-06 06:47:16.377 W/PackageParser( 2961): No actions in intent filter at /data/app/ApiDemos/ApiDemos.apk Binary XML file line #3151
06-06 06:47:16.406 W/PackageManager( 2961): Package com.example.android.apis desires unavailable shared library com.example.will.never.exist; ignoring!
06-06 06:47:16.443 I/SELinux ( 2961): SELinux: Loaded file_contexts contexts from /file_contexts.bin.
06-06 06:47:17.036 D/PackageManager( 2961): No files in app dir /data/app-private
06-06 06:47:17.040 D/PackageManager( 2961): No files in app dir /data/app-ephemeral
06-06 06:47:17.066 E/PackageManager( 2961): There should probably be exactly one setup wizard; found 0: matches=[]
06-06 06:47:17.067 W/PackageManager( 2961): Protected action; cap priority to 0; package: com.android.cts.priv.ctsshim activity: com.android.cts.priv.ctsshim.InstallPriority origPrio: 100
06-06 06:47:17.067 W/PackageManager( 2961): Protected action; cap priority to 0; package: com.android.cts.priv.ctsshim activity: com.android.cts.priv.ctsshim.InstallPriority origPrio: 100
06-06 06:47:17.067 W/PackageManager( 2961): Protected action; cap priority to 0; package: com.android.cts.priv.ctsshim activity: com.android.cts.priv.ctsshim.InstallPriority origPrio: 100
06-06 06:47:17.067 W/PackageManager( 2961): Protected action; cap priority to 0; package: com.android.cts.priv.ctsshim activity: com.android.cts.priv.ctsshim.InstallPriority origPrio: 100
06-06 06:47:17.067 W/PackageManager( 2961): Protected action; cap priority to 0; package: com.android.packageinstaller activity: com.android.packageinstaller.PackageInstallerActivity origPrio: 1
06-06 06:47:17.068 W/PackageManager( 2961): Package com.android.camera desires unavailable shared library com.google.android.media.effects; ignoring!
06-06 06:47:17.068 W/PackageManager( 2961): Package com.android.gallery3d desires unavailable shared library com.google.android.media.effects; ignoring!
06-06 06:47:17.068 W/PackageManager( 2961): Package com.android.gallery3d desires unavailable shared library com.google.android.media.effects; ignoring!
06-06 06:47:17.068 W/PackageManager( 2961): Package com.example.android.apis desires unavailable shared library com.example.will.never.exist; ignoring!
06-06 06:47:17.070 I/PackageManager( 2961): Adjusting ABI for com.android.providers.media to x86_64 (requirer=com.android.mtp, scannedPackage=null)
06-06 06:47:17.095 I/PackageManager( 2961): Adjusting ABI for com.android.providers.downloads to x86_64 (requirer=com.android.mtp, scannedPackage=null)
06-06 06:47:17.098 I/PackageManager( 2961): Adjusting ABI for com.android.providers.downloads.ui to x86_64 (requirer=com.android.mtp, scannedPackage=null)
06-06 06:47:17.111 I/PackageManager( 2961): Adjusting ABI for com.android.providers.settings to x86_64 (requirer=android, scannedPackage=null)
06-06 06:47:17.114 I/PackageManager( 2961): Adjusting ABI for com.android.settings to x86_64 (requirer=android, scannedPackage=null)
06-06 06:47:17.116 I/PackageManager( 2961): Adjusting ABI for com.android.keychain to x86_64 (requirer=android, scannedPackage=null)
06-06 06:47:17.118 I/PackageManager( 2961): Adjusting ABI for com.android.location.fused to x86_64 (requirer=android, scannedPackage=null)
06-06 06:47:17.183 I/PackageManager( 2961): Adjusting ABI for com.android.server.telecom to x86_64 (requirer=android, scannedPackage=null)
06-06 06:47:17.186 I/PackageManager( 2961): Adjusting ABI for com.android.inputdevices to x86_64 (requirer=android, scannedPackage=null)
06-06 06:47:17.192 I/PackageManager( 2961): Adjusting ABI for com.android.wallpaperbackup to x86_64 (requirer=android, scannedPackage=null)
06-06 06:47:17.223 I/PackageManager( 2961): Time to scan packages: 24.487 seconds
06-06 06:47:17.227 W/PackageManager( 2961): Unknown permission com.google.android.googleapps.permission.GOOGLE_AUTH in package com.android.providers.calendar
06-06 06:47:17.227 W/PackageManager( 2961): Unknown permission com.google.android.googleapps.permission.GOOGLE_AUTH.cl in package com.android.providers.calendar
06-06 06:47:17.229 W/PackageManager( 2961): Not granting permission android.permission.GLOBAL_SEARCH to package com.android.quicksearchbox (protectionLevel=18 flags=0x3808be45)
06-06 06:47:17.243 W/PackageManager( 2961): Not granting permission android.permission.WRITE_EXTERNAL_STORAGE to package gov.nasa.arc.astrobee.android.gs.manager because it was previously installed without
06-06 06:47:17.244 W/PackageManager( 2961): Not granting permission android.permission.READ_EXTERNAL_STORAGE to package gov.nasa.arc.astrobee.android.gs.manager because it was previously installed without
06-06 06:47:17.244 W/PackageManager( 2961): Unknown permission com.android.launcher.permission.READ_SETTINGS in package com.android.launcher3
06-06 06:47:17.244 W/PackageManager( 2961): Unknown permission com.android.launcher.permission.WRITE_SETTINGS in package com.android.launcher3
06-06 06:47:17.245 W/PackageManager( 2961): Not granting permission android.permission.BIND_APPWIDGET to package com.android.launcher3 (protectionLevel=18 flags=0x3c4bbe45)
06-06 06:47:17.245 W/PackageManager( 2961): Unknown permission com.google.android.googleapps.permission.GOOGLE_AUTH.mail in package com.android.calendar
06-06 06:47:17.245 W/PackageManager( 2961): Unknown permission com.google.android.providers.settings.permission.WRITE_GSETTINGS in package com.android.sdksetup
06-06 06:47:17.246 W/PackageManager( 2961): Unknown permission com.google.android.permission.INSTALL_WEARABLE_PACKAGES in package com.android.packageinstaller
06-06 06:47:17.247 W/PackageManager( 2961): Not granting permission android.permission.DELETE_PACKAGES to package com.svox.pico (protectionLevel=18 flags=0x3808be45)
06-06 06:47:17.247 W/PackageManager( 2961): Not granting permission android.permission.READ_CONTACTS to package com.example.android.apis because it was previously installed without
06-06 06:47:17.247 W/PackageManager( 2961): Not granting permission android.permission.WRITE_CONTACTS to package com.example.android.apis because it was previously installed without
06-06 06:47:17.247 W/PackageManager( 2961): Not granting permission android.permission.ACCESS_COARSE_LOCATION to package com.example.android.apis because it was previously installed without
06-06 06:47:17.247 W/PackageManager( 2961): Not granting permission android.permission.WRITE_EXTERNAL_STORAGE to package com.example.android.apis because it was previously installed without
06-06 06:47:17.247 W/PackageManager( 2961): Not granting permission android.permission.SEND_SMS to package com.example.android.apis because it was previously installed without
06-06 06:47:17.247 W/PackageManager( 2961): Not granting permission android.permission.RECEIVE_SMS to package com.example.android.apis because it was previously installed without
06-06 06:47:17.247 W/PackageManager( 2961): Not granting permission android.permission.RECEIVE_MMS to package com.example.android.apis because it was previously installed without
06-06 06:47:17.247 W/PackageManager( 2961): Not granting permission android.permission.READ_SMS to package com.example.android.apis because it was previously installed without
06-06 06:47:17.248 W/PackageManager( 2961): Not granting permission android.permission.READ_PHONE_STATE to package com.example.android.apis because it was previously installed without
06-06 06:47:17.248 W/PackageManager( 2961): Not granting permission android.permission.RECORD_AUDIO to package com.example.android.apis because it was previously installed without
06-06 06:47:17.248 W/PackageManager( 2961): Not granting permission android.permission.CAMERA to package com.example.android.apis because it was previously installed without
06-06 06:47:17.248 W/PackageManager( 2961): Not granting permission android.permission.READ_EXTERNAL_STORAGE to package com.example.android.apis because it was previously installed without
06-06 06:47:17.248 W/PackageManager( 2961): Unknown permission android.permission.RUN_INSTRUMENTATION in package org.chromium.webview_shell
06-06 06:47:17.249 W/PackageManager( 2961): Unknown permission com.google.android.googleapps.permission.GOOGLE_AUTH in package com.android.settings
06-06 06:47:17.249 W/PackageManager( 2961): Unknown permission com.android.launcher.permission.READ_SETTINGS in package com.android.settings
06-06 06:47:17.249 W/PackageManager( 2961): Unknown permission com.android.launcher.permission.WRITE_SETTINGS in package com.android.settings
06-06 06:47:17.260 W/PackageManager( 2961): Unknown permission com.android.smspush.WAPPUSH_MANAGER_BIND in package com.android.phone
06-06 06:47:17.262 W/PackageManager( 2961): Unknown permission com.google.android.googleapps.permission.ACCESS_GOOGLE_PASSWORD in package com.android.development
06-06 06:47:17.262 W/PackageManager( 2961): Unknown permission com.google.android.googleapps.permission.GOOGLE_AUTH in package com.android.development
06-06 06:47:17.262 W/PackageManager( 2961): Unknown permission com.google.android.googleapps.permission.GOOGLE_AUTH.ALL_SERVICES in package com.android.development
06-06 06:47:17.263 W/PackageManager( 2961): Unknown permission com.google.android.googleapps.permission.GOOGLE_AUTH.YouTubeUser in package com.android.development
06-06 06:47:17.263 W/PackageManager( 2961): Not granting permission android.permission.BIND_APPWIDGET to package com.android.widgetpreview (protectionLevel=18 flags=0x3808be44)
06-06 06:47:17.264 V/PackageManager( 2961): reconcileAppsData for null u0 0x3
06-06 06:47:17.339 I/SELinux ( 1328): SELinux: Loaded file_contexts contexts from /file_contexts.bin.
06-06 06:47:22.393 V/PackageManager( 2961): reconcileAppsData finished 81 packages
06-06 06:47:23.184 E/PackageManager( 2961): There should probably be a verifier, but, none were found
06-06 06:47:23.283 D/PackageManager( 2961): Ephemeral resolver NOT found; no matching intent filters
06-06 06:47:23.285 I/PackageManager( 2961): Ephemeral deactivated; missing resolver and installer
06-06 06:47:23.287 I/art     ( 2961): Starting a blocking GC Explicit
06-06 06:47:23.296 W/art     ( 2961): Long monitor contention with owner main (2961) at int android.net.LocalSocketImpl.readba_native(byte[], int, int, java.io.FileDescriptor)(LocalSocketImpl.java:-2) waiters=0 in void com.android.server.pm.Settings$RuntimePermissionPersistence.writePermissionsSync(int) for 4.385s
06-06 06:47:23.521 I/art     ( 2961): Explicit concurrent mark sweep GC freed 37900(2MB) AllocSpace objects, 4(80KB) LOS objects, 33% free, 7MB/10MB, paused 898us total 213.204ms
06-06 06:47:23.555 I/SystemServer( 2961): StartOtaDexOptService
06-06 06:47:23.722 I/SystemServer( 2961): StartUserManagerService
06-06 06:47:23.723 I/SystemServiceManager( 2961): Starting com.android.server.pm.UserManagerService$LifeCycle
06-06 06:47:23.833 I/lowmemorykiller( 1318): ActivityManager connected
06-06 06:47:23.866 D/SensorService( 2961): nuSensorService starting...
06-06 06:47:24.041 I/SystemServiceManager( 2961): Starting com.android.server.BatteryService
06-06 06:47:24.193 D/SensorService( 2961): nuSensorService thread starting...
06-06 06:47:24.214 D/SensorService( 2961): new thread SensorEventAckReceiver
06-06 06:47:24.411 I/SystemServiceManager( 2961): Starting com.android.server.usage.UsageStatsService
06-06 06:47:24.718 I/SystemServiceManager( 2961): Starting com.android.server.webkit.WebViewUpdateService
06-06 06:47:24.786 I/SystemServer( 2961): Reading configuration...
06-06 06:47:24.787 I/SystemServer( 2961): StartSchedulingPolicyService
06-06 06:47:24.801 I/SystemServiceManager( 2961): Starting com.android.server.telecom.TelecomLoaderService
06-06 06:47:24.803 I/SystemServer( 2961): StartTelephonyRegistry
06-06 06:47:24.869 I/SystemServer( 2961): StartEntropyMixer
06-06 06:47:24.898 I/EntropyMixer( 2961): Writing entropy...
06-06 06:47:24.962 I/SystemServer( 2961): Camera Service
06-06 06:47:24.967 I/SystemServiceManager( 2961): Starting com.android.server.camera.CameraService
06-06 06:47:24.994 I/ServiceThread( 2961): Enabled StrictMode logging for CameraService_proxy looper.
06-06 06:47:25.013 I/SystemServer( 2961): StartAccountManagerService
06-06 06:47:25.020 I/SystemServiceManager( 2961): Starting com.android.server.accounts.AccountManagerService$Lifecycle
06-06 06:47:25.119 I/SystemServer( 2961): StartContentService
06-06 06:47:25.130 I/SystemServiceManager( 2961): Starting com.android.server.content.ContentService$Lifecycle
06-06 06:47:25.152 I/SystemServer( 2961): InstallSystemProviders
06-06 06:47:25.209 W/System  ( 2961): ClassLoader referenced unknown path: /system/priv-app/SettingsProvider/lib/x86_64
06-06 06:47:25.629 I/SystemServer( 2961): StartVibratorService
