06-07 08:01:26.482 W//system/bin/mediaextractor( 1333): libminijail: allowing syscall: writev
06-07 08:01:26.483 W//system/bin/mediaextractor( 1333): libminijail: allowing syscall: fcntl64
06-07 08:01:26.483 W//system/bin/mediaextractor( 1333): libminijail: allowing syscall: clock_gettime
06-07 08:01:26.484 D/EmulatedCamera_QemuClient( 1327): Emulated camera list: 
06-07 08:01:26.489 D/EmulatedCamera_FakeCamera( 1327): Initialize: Fake camera is facing back
06-07 08:01:26.494 W//system/bin/mediaextractor( 1333): libminijail: logging seccomp filter failures
06-07 08:01:26.498 V/EmulatedCamera_Device( 1327): initializeWhiteBalanceModes with auto, 1.000000, 1.000000
06-07 08:01:26.498 V/EmulatedCamera_Device( 1327): initializeWhiteBalanceModes with incandescent, 1.380000, 0.600000
06-07 08:01:26.498 V/EmulatedCamera_Device( 1327): initializeWhiteBalanceModes with daylight, 1.090000, 0.920000
06-07 08:01:26.499 V/EmulatedCamera_Device( 1327): initializeWhiteBalanceModes with twilight, 0.920000, 1.220000
06-07 08:01:26.499 V/EmulatedCamera_Device( 1327): setWhiteBalanceMode with white balance auto
06-07 08:01:26.499 E/EmulatedCamera_Factory( 1327): 1 cameras are being emulated. 0 of them are fake cameras.
06-07 08:01:26.523 I/audioserver( 1326): ServiceManager: 0xe913c020
06-07 08:01:26.561 E/EmulatedCamera_HotplugThread( 1327): createFileIfNotExists: Could not create file '/data/misc/media/emulator.camera.hotplug.0', error: 'Permission denied' (13)
06-07 08:01:26.566 I/CameraService( 1327): Loaded "Emulated Camera Module" camera module
06-07 08:01:26.566 E/CameraService( 1327): setUpVendorTags: Vendor tag operations not fully defined. Ignoring definitions.
06-07 08:01:26.567 V/EmulatedCamera_Camera( 1327): getCameraInfo
06-07 08:01:26.567 V/EmulatedCamera_BaseCamera( 1327): getCameraInfo
06-07 08:01:26.568 I/CameraFlashlight( 1327): Opening camera 0
06-07 08:01:26.568 V/EmulatedCamera_Camera( 1327): getCameraInfo
06-07 08:01:26.569 V/EmulatedCamera_BaseCamera( 1327): getCameraInfo
06-07 08:01:26.569 V/EmulatedCamera_Camera( 1327): connectCamera
06-07 08:01:26.569 V/EmulatedCamera_FakeDevice( 1327): connectDevice
06-07 08:01:26.591 W/BatteryNotifier( 1326): batterystats service unavailable!
06-07 08:01:26.591 I/AudioFlinger( 1326): Using default 3000 mSec as standby time.
06-07 08:01:26.605 I/AudioPolicyService( 1326): AudioPolicyService CSTOR in new mode
06-07 08:01:26.620 V/EmulatedCamera_CallbackNotifier( 1327): setCallbacks: 0xed168e80, 0xed168ed0, 0xed168ff0, 0xed169110 (0xec843140)
06-07 08:01:26.932 I/APM::ConfigParsingUtils( 1326): loadAudioPolicyConfig() loaded /system/etc/audio_policy.conf
06-07 08:01:26.944 V/EmulatedCamera_Preview( 1327): setPreviewWindow: current: 0x0 -> new: 0xec843150
06-07 08:01:26.945 V/EmulatedCamera_Preview( 1327): setPreviewWindow: current: 0xec843150 -> new: 0x0
06-07 08:01:26.945 V/EmulatedCamera_Camera( 1327): doStopPreview
06-07 08:01:26.946 V/EmulatedCamera_Preview( 1327): setPreviewWindow: current: 0x0 -> new: 0x0
06-07 08:01:26.946 V/EmulatedCamera_Camera( 1327): releaseCamera
06-07 08:01:26.947 V/EmulatedCamera_Camera( 1327): doStopPreview
06-07 08:01:26.947 V/EmulatedCamera_FakeDevice( 1327): disconnectDevice
06-07 08:01:26.947 W/EmulatedCamera_Device( 1327): Initialize: Emulated camera device is already initialized: mState = 1
06-07 08:01:26.947 D/EmulatedCamera_FakeCamera( 1327): Initialize: Fake camera is facing back
06-07 08:01:26.948 V/EmulatedCamera_Device( 1327): initializeWhiteBalanceModes with auto, 1.000000, 1.000000
06-07 08:01:26.948 V/EmulatedCamera_Device( 1327): initializeWhiteBalanceModes with incandescent, 1.380000, 0.600000
06-07 08:01:26.948 V/EmulatedCamera_Device( 1327): initializeWhiteBalanceModes with daylight, 1.090000, 0.920000
06-07 08:01:26.948 V/EmulatedCamera_Device( 1327): initializeWhiteBalanceModes with twilight, 0.920000, 1.220000
06-07 08:01:26.948 V/EmulatedCamera_Device( 1327): setWhiteBalanceMode with white balance auto
06-07 08:01:26.949 I/CameraFlashlight( 1327): Destroying camera 0
06-07 08:01:26.949 V/EmulatedCamera_Camera( 1327): closeCamera
06-07 08:01:26.949 V/EmulatedCamera_Camera( 1327): doStopPreview
06-07 08:01:26.949 W/EmulatedCamera_Device( 1327): Initialize: Emulated camera device is already initialized: mState = 1
06-07 08:01:26.949 D/EmulatedCamera_FakeCamera( 1327): Initialize: Fake camera is facing back
06-07 08:01:27.004 D/audio_hw_generic( 1326): Emulator host-side ALSA audio emulation detected.
06-07 08:01:27.006 D/audio_hw_generic( 1326): mixer 0 name Master Playback Volume
06-07 08:01:27.007 D/audio_hw_generic( 1326): set ctl 0 to 100
06-07 08:01:27.008 D/audio_hw_generic( 1326): set ctl 1 to 100
06-07 08:01:27.008 D/audio_hw_generic( 1326): mixer 1 name Master Playback Switch
06-07 08:01:27.009 D/audio_hw_generic( 1326): set ctl 0 to 1
06-07 08:01:27.009 D/audio_hw_generic( 1326): set ctl 1 to 1
06-07 08:01:27.009 D/audio_hw_generic( 1326): mixer 2 name Capture Volume
06-07 08:01:27.009 D/audio_hw_generic( 1326): set ctl 0 to 100
06-07 08:01:27.009 D/audio_hw_generic( 1326): set ctl 1 to 100
06-07 08:01:27.009 D/audio_hw_generic( 1326): mixer 3 name Capture Switch
06-07 08:01:27.009 D/audio_hw_generic( 1326): set ctl 0 to 1
06-07 08:01:27.020 V/EmulatedCamera_Device( 1327): initializeWhiteBalanceModes with auto, 1.000000, 1.000000
06-07 08:01:27.020 V/EmulatedCamera_Device( 1327): initializeWhiteBalanceModes with incandescent, 1.380000, 0.600000
06-07 08:01:27.021 V/EmulatedCamera_Device( 1327): initializeWhiteBalanceModes with daylight, 1.090000, 0.920000
06-07 08:01:27.021 V/EmulatedCamera_Device( 1327): initializeWhiteBalanceModes with twilight, 0.920000, 1.220000
06-07 08:01:27.021 V/EmulatedCamera_Device( 1327): setWhiteBalanceMode with white balance auto
06-07 08:01:27.024 V/EmulatedCamera_Camera( 1327): getCameraInfo
06-07 08:01:27.024 V/EmulatedCamera_BaseCamera( 1327): getCameraInfo
06-07 08:01:27.051 I/ServiceManager( 1327): Waiting for service media.camera.proxy...
06-07 08:01:27.060 D/audio_hw_generic( 1326): set ctl 1 to 1
06-07 08:01:27.060 D/audio_hw_generic( 1326): mixer 4 name Line Phantom Jack
06-07 08:01:27.060 D/audio_hw_generic( 1326): mixer 5 name Line Out Phantom Jack
06-07 08:01:27.060 D/audio_hw_generic( 1326): mixer 6 name Playback Channel Map
06-07 08:01:27.060 D/audio_hw_generic( 1326): mixer 7 name Capture Channel Map
06-07 08:01:27.061 I/AudioFlinger( 1326): loadHwModule() Loaded primary audio interface from Generic audio HW HAL (audio) handle 10
06-07 08:01:27.062 I/AudioFlinger( 1326): openOutput(), module 10 Device 2, SamplingRate 48000, Format 0x000001, Channels 3, flags 2
06-07 08:01:27.083 I/AudioFlinger( 1326): HAL output buffer size 720 frames, normal sink buffer size 1152 frames
06-07 08:01:27.324 I/BufferProvider( 1326): found effect "Multichannel Downmix To Stereo" from The Android Open Source Project
06-07 08:01:27.329 I/AudioFlinger( 1326): Using module 10 has the primary audio interface
06-07 08:01:27.383 I/AudioFlinger( 1326): AudioFlinger's thread 0xe8b83080 ready to run
06-07 08:01:27.401 W/BatteryNotifier( 1326): batterystats service unavailable!
06-07 08:01:27.450 W/BatteryNotifier( 1326): batterystats service unavailable!
06-07 08:01:27.485 W/BatteryNotifier( 1326): batterystats service unavailable!
06-07 08:01:27.488 W/AudioFlinger( 1326): no wake lock to update, system not ready yet
06-07 08:01:27.541 I/AudioFlinger( 1326): AudioFlinger's thread 0xe8683080 ready to run
06-07 08:01:27.542 W/BatteryNotifier( 1326): batterystats service unavailable!
06-07 08:01:27.543 W/BatteryNotifier( 1326): batterystats service unavailable!
06-07 08:01:27.562 W/BatteryNotifier( 1326): batterystats service unavailable!
06-07 08:01:27.563 W/BatteryNotifier( 1326): batterystats service unavailable!
06-07 08:01:27.632 I/r_submix( 1326): adev_open(name=audio_hw_if)
06-07 08:01:27.634 I/r_submix( 1326): adev_init_check()
06-07 08:01:27.634 I/AudioFlinger( 1326): loadHwModule() Loaded r_submix audio interface from Wifi Display audio HAL (audio) handle 18
06-07 08:01:27.634 D/r_submix( 1326): adev_open_input_stream(addr=0)
06-07 08:01:27.635 D/r_submix( 1326): submix_audio_device_create_pipe_l(addr=0, idx=9)
06-07 08:01:27.635 D/r_submix( 1326):   now using address 0 for route 9
06-07 08:01:27.660 I/AudioFlinger( 1326): AudioFlinger's thread 0xe8783c80 ready to run
06-07 08:01:27.661 D/r_submix( 1326): adev_close_input_stream()
06-07 08:01:27.661 D/r_submix( 1326): submix_audio_device_release_pipe_l(idx=9) addr=0
06-07 08:01:27.661 D/r_submix( 1326): submix_audio_device_destroy_pipe_l(): pipe destroyed
06-07 08:01:27.673 I/RadioService( 1326): RadioService
06-07 08:01:27.674 I/RadioService( 1326): onFirstRef
06-07 08:01:27.674 E/RadioService( 1326): couldn't load radio module radio.primary (No such file or directory)
06-07 08:01:27.676 E/SoundTriggerHwService( 1326): couldn't load sound trigger module sound_trigger.primary (No such file or directory)
06-07 08:01:27.919 I/mediaserver( 1334): ServiceManager: 0xf563c0a0
06-07 08:01:28.002 W/BatteryNotifier( 1334): batterystats service unavailable!
06-07 08:01:28.063 I/ServiceManager( 1327): Waiting for service media.camera.proxy...
06-07 08:01:29.069 I/ServiceManager( 1327): Waiting for service media.camera.proxy...
06-07 08:01:30.070 I/ServiceManager( 1327): Waiting for service media.camera.proxy...
06-07 08:01:30.491 W/BatteryNotifier( 1326): batterystats service unavailable!
06-07 08:01:31.081 I/ServiceManager( 1327): Waiting for service media.camera.proxy...
06-07 08:01:24.704 W/bootanimation( 1390): type=1400 audit(0.0:9): avc: denied { getattr } for path="/vendor" dev="rootfs" ino=68 scontext=u:r:bootanim:s0 tcontext=u:object_r:rootfs:s0 tclass=lnk_file permissive=0
06-07 08:01:39.645 E/SurfaceFlinger( 1321): ro.sf.lcd_density must be defined as a build property
06-07 08:01:39.745 D/AndroidRuntime( 1324): >>>>>> START com.android.internal.os.ZygoteInit uid 0 <<<<<<
06-07 08:01:39.776 D/libEGL  ( 1390): Emulator without GPU support detected. Fallback to legacy software renderer, qemu.gles is set to 0.
06-07 08:01:39.890 D/libEGL  ( 1390): loaded /system/lib64/egl/libGLES_android.so
06-07 08:01:40.521 D/AndroidRuntime( 1324): CheckJNI is ON
06-07 08:01:40.733 I/art     ( 1324): option[0]=-Xzygote
06-07 08:01:40.734 I/art     ( 1324): option[1]=-Xcheck:jni
06-07 08:01:40.734 I/art     ( 1324): option[2]=-Xstacktracefile:/data/anr/traces.txt
06-07 08:01:40.734 I/art     ( 1324): option[3]=exit
06-07 08:01:40.734 I/art     ( 1324): option[4]=vfprintf
06-07 08:01:40.734 I/art     ( 1324): option[5]=sensitiveThread
06-07 08:01:40.734 I/art     ( 1324): option[6]=-verbose:gc
06-07 08:01:40.734 I/art     ( 1324): option[7]=-Xms4m
06-07 08:01:40.734 I/art     ( 1324): option[8]=-Xmx256m
06-07 08:01:40.734 I/art     ( 1324): option[9]=-Xusejit:true
06-07 08:01:40.735 I/art     ( 1324): option[10]=-Xjitsaveprofilinginfo
06-07 08:01:40.735 I/art     ( 1324): option[11]=-agentlib:jdwp=transport=dt_android_adb,suspend=n,server=y
06-07 08:01:40.735 I/art     ( 1324): option[12]=-Xlockprofthreshold:500
06-07 08:01:40.735 I/art     ( 1324): option[13]=-Ximage-compiler-option
06-07 08:01:40.735 I/art     ( 1324): option[14]=--runtime-arg
06-07 08:01:40.735 I/art     ( 1324): option[15]=-Ximage-compiler-option
06-07 08:01:40.735 I/art     ( 1324): option[16]=-Xms64m
06-07 08:01:40.735 I/art     ( 1324): option[17]=-Ximage-compiler-option
06-07 08:01:40.735 I/art     ( 1324): option[18]=--runtime-arg
06-07 08:01:40.735 I/art     ( 1324): option[19]=-Ximage-compiler-option
06-07 08:01:40.735 I/art     ( 1324): option[20]=-Xmx64m
06-07 08:01:40.735 I/art     ( 1324): option[21]=-Ximage-compiler-option
06-07 08:01:40.735 I/art     ( 1324): option[22]=--image-classes=/system/etc/preloaded-classes
06-07 08:01:40.735 I/art     ( 1324): option[23]=-Ximage-compiler-option
06-07 08:01:40.735 I/art     ( 1324): option[24]=--compiled-classes=/system/etc/compiled-classes
06-07 08:01:40.735 I/art     ( 1324): option[25]=-Xcompiler-option
06-07 08:01:40.735 I/art     ( 1324): option[26]=--runtime-arg
06-07 08:01:40.736 I/art     ( 1324): option[27]=-Xcompiler-option
06-07 08:01:40.736 I/art     ( 1324): option[28]=-Xms64m
06-07 08:01:40.736 I/art     ( 1324): option[29]=-Xcompiler-option
06-07 08:01:40.736 I/art     ( 1324): option[30]=--runtime-arg
06-07 08:01:40.736 I/art     ( 1324): option[31]=-Xcompiler-option
06-07 08:01:40.736 I/art     ( 1324): option[32]=-Xmx512m
06-07 08:01:40.736 I/art     ( 1324): option[33]=-Ximage-compiler-option
06-07 08:01:40.736 I/art     ( 1324): option[34]=--instruction-set-variant=x86_64
06-07 08:01:40.736 I/art     ( 1324): option[35]=-Xcompiler-option
06-07 08:01:40.736 I/art     ( 1324): option[36]=--instruction-set-variant=x86_64
06-07 08:01:40.736 I/art     ( 1324): option[37]=-Ximage-compiler-option
06-07 08:01:40.736 I/art     ( 1324): option[38]=--instruction-set-features=default
06-07 08:01:40.736 I/art     ( 1324): option[39]=-Xcompiler-option
06-07 08:01:40.736 I/art     ( 1324): option[40]=--instruction-set-features=default
06-07 08:01:40.736 I/art     ( 1324): option[41]=-Duser.locale=en-US
06-07 08:01:40.736 I/art     ( 1324): option[42]=--cpu-abilist=x86_64
06-07 08:01:40.736 I/art     ( 1324): option[43]=-Xfingerprint:Android/sdk_phone_x86_64/generic_x86_64:7.1.1/NYC/4931657:userdebug/test-keys
06-07 08:01:40.944 D/gralloc_ranchu( 1390): Emulator without host-side GPU emulation detected. Loading gralloc.default.so from /vendor/lib64/hw/gralloc.goldfish.default.so...
06-07 08:01:40.947 D/gralloc_ranchu( 1390): gralloc.default.so not found in /vendor. Trying /system/lib64/hw/gralloc.goldfish.default.so...
06-07 08:01:41.826 E/hostapd ( 1507): Configuration file: /system/etc/simulated_hostapd.conf
06-07 08:01:41.944 D/AndroidRuntime( 1325): >>>>>> START com.android.internal.os.ZygoteInit uid 0 <<<<<<
06-07 08:01:42.408 E/ipv6proxy( 1496): Failed to forward Router Advertisement from eth0 to wlan1: Network is unreachable
06-07 08:01:42.555 I/hostapd ( 1507): rfkill: Cannot get wiphy information
06-07 08:01:42.595 I/hostapd ( 1507): nl80211: Could not re-add multicast membership for vendor events: -2 (No such file or directory)
06-07 08:01:42.596 I/hostapd ( 1507): wlan1: interface state UNINITIALIZED->COUNTRY_UPDATE
06-07 08:01:42.896 D/AndroidRuntime( 1325): CheckJNI is ON
06-07 08:01:43.181 I/art     ( 1325): option[0]=-Xzygote
06-07 08:01:43.181 I/art     ( 1325): option[1]=-Xcheck:jni
06-07 08:01:43.181 I/art     ( 1325): option[2]=-Xstacktracefile:/data/anr/traces.txt
06-07 08:01:43.181 I/art     ( 1325): option[3]=exit
06-07 08:01:43.182 I/art     ( 1325): option[4]=vfprintf
06-07 08:01:43.182 I/art     ( 1325): option[5]=sensitiveThread
06-07 08:01:43.182 I/art     ( 1325): option[6]=-verbose:gc
06-07 08:01:43.182 I/art     ( 1325): option[7]=-Xms4m
06-07 08:01:43.182 I/art     ( 1325): option[8]=-Xmx256m
06-07 08:01:43.182 I/art     ( 1325): option[9]=-Xusejit:true
06-07 08:01:43.182 I/art     ( 1325): option[10]=-Xjitsaveprofilinginfo
06-07 08:01:43.182 I/art     ( 1325): option[11]=-agentlib:jdwp=transport=dt_android_adb,suspend=n,server=y
06-07 08:01:43.182 I/art     ( 1325): option[12]=-Xlockprofthreshold:500
06-07 08:01:43.182 I/art     ( 1325): option[13]=-Ximage-compiler-option
06-07 08:01:43.183 I/art     ( 1325): option[14]=--runtime-arg
06-07 08:01:43.183 I/art     ( 1325): option[15]=-Ximage-compiler-option
06-07 08:01:43.183 I/art     ( 1325): option[16]=-Xms64m
06-07 08:01:43.183 I/art     ( 1325): option[17]=-Ximage-compiler-option
06-07 08:01:43.183 I/art     ( 1325): option[18]=--runtime-arg
06-07 08:01:43.183 I/art     ( 1325): option[19]=-Ximage-compiler-option
06-07 08:01:43.183 I/art     ( 1325): option[20]=-Xmx64m
06-07 08:01:43.183 I/art     ( 1325): option[21]=-Ximage-compiler-option
06-07 08:01:43.183 I/art     ( 1325): option[22]=--image-classes=/system/etc/preloaded-classes
06-07 08:01:43.183 I/art     ( 1325): option[23]=-Ximage-compiler-option
06-07 08:01:43.183 I/art     ( 1325): option[24]=--compiled-classes=/system/etc/compiled-classes
06-07 08:01:43.183 I/art     ( 1325): option[25]=-Xcompiler-option
06-07 08:01:43.183 I/art     ( 1325): option[26]=--runtime-arg
06-07 08:01:43.183 I/art     ( 1325): option[27]=-Xcompiler-option
06-07 08:01:43.184 I/art     ( 1325): option[28]=-Xms64m
06-07 08:01:43.184 I/art     ( 1325): option[29]=-Xcompiler-option
06-07 08:01:43.184 I/art     ( 1325): option[30]=--runtime-arg
06-07 08:01:43.184 I/art     ( 1325): option[31]=-Xcompiler-option
06-07 08:01:43.184 I/art     ( 1325): option[32]=-Xmx512m
06-07 08:01:43.184 I/art     ( 1325): option[33]=-Ximage-compiler-option
06-07 08:01:43.184 I/art     ( 1325): option[34]=--instruction-set-variant=x86
06-07 08:01:43.184 I/art     ( 1325): option[35]=-Xcompiler-option
06-07 08:01:43.184 I/art     ( 1325): option[36]=--instruction-set-variant=x86
06-07 08:01:43.184 I/art     ( 1325): option[37]=-Ximage-compiler-option
06-07 08:01:43.184 I/art     ( 1325): option[38]=--instruction-set-features=default
06-07 08:01:43.184 I/art     ( 1325): option[39]=-Xcompiler-option
06-07 08:01:43.184 I/art     ( 1325): option[40]=--instruction-set-features=default
06-07 08:01:43.184 I/art     ( 1325): option[41]=-Duser.locale=en-US
06-07 08:01:43.185 I/art     ( 1325): option[42]=--cpu-abilist=x86
06-07 08:01:43.185 I/art     ( 1325): option[43]=-Xfingerprint:Android/sdk_phone_x86_64/generic_x86_64:7.1.1/NYC/4931657:userdebug/test-keys
06-07 08:01:47.741 I/hostapd ( 1507): wlan1: interface state COUNTRY_UPDATE->HT_SCAN
06-07 08:01:49.059 D/ICU     ( 1324): No timezone override file found: /data/misc/zoneinfo/current/icu/icu_tzdata.dat
06-07 08:01:49.526 E/hostapd ( 1507): Using interface wlan1 with hwaddr 02:00:00:00:01:00 and ssid "AndroidWifi"
06-07 08:01:49.587 I/hostapd ( 1507): wlan1: interface state HT_SCAN->ENABLED
06-07 08:01:49.587 I/hostapd ( 1507): wlan1: AP-ENABLED 
06-07 08:01:51.557 D/ICU     ( 1325): No timezone override file found: /data/misc/zoneinfo/current/icu/icu_tzdata.dat
06-07 08:01:53.853 E/memtrack( 1324): Couldn't load memtrack module (No such file or directory)
06-07 08:01:53.854 E/android.os.Debug( 1324): failed to load memtrack module: -2
06-07 08:01:53.922 I/Radio-JNI( 1324): register_android_hardware_Radio DONE
06-07 08:01:54.515 I/SamplingProfilerIntegration( 1324): Profiling disabled.
06-07 08:01:54.918 D/Zygote  ( 1324): begin preload
06-07 08:01:54.918 I/Zygote  ( 1324): Installing ICU cache reference pinning...
06-07 08:01:54.960 I/Zygote  ( 1324): Preloading ICU data...
06-07 08:01:56.736 E/memtrack( 1325): Couldn't load memtrack module (No such file or directory)
06-07 08:01:56.737 E/android.os.Debug( 1325): failed to load memtrack module: -2
06-07 08:01:56.822 I/Radio-JNI( 1325): register_android_hardware_Radio DONE
06-07 08:01:57.260 I/SamplingProfilerIntegration( 1325): Profiling disabled.
06-07 08:01:57.334 D/Zygote  ( 1325): begin preload
06-07 08:01:57.335 I/Zygote  ( 1325): Installing ICU cache reference pinning...
06-07 08:01:57.374 I/Zygote  ( 1325): Preloading ICU data...
06-07 08:01:57.419 I/Zygote  ( 1324): Preloading classes...
06-07 08:01:57.834 W/Zygote  ( 1324): Class not found for preloading: [Landroid.view.Display$ColorTransform;
06-07 08:01:59.372 I/Zygote  ( 1325): Preloading classes...
06-07 08:01:59.605 W/Zygote  ( 1325): Class not found for preloading: [Landroid.view.Display$ColorTransform;
06-07 08:02:05.605 E/Typeface( 1324): Error mapping font file /system/fonts/DroidSansFallback.ttf
06-07 08:02:06.117 E/Typeface( 1325): Error mapping font file /system/fonts/DroidSansFallback.ttf
06-07 08:02:12.713 W/art     ( 1324): Suspending all threads took: 16.511ms
06-07 08:02:13.044 I/art     ( 1324): Background concurrent mark sweep GC freed 21947(2MB) AllocSpace objects, 35(660KB) LOS objects, 33% free, 2MB/4MB, paused 21.603ms total 545.186ms
06-07 08:02:13.535 I/art     ( 1325): Background concurrent mark sweep GC freed 21945(2MB) AllocSpace objects, 25(500KB) LOS objects, 33% free, 2MB/4MB, paused 3.585ms total 839.795ms
06-07 08:02:13.695 I/art     ( 1324): Background sticky concurrent mark sweep GC freed 153(714KB) AllocSpace objects, 86(1604KB) LOS objects, 45% free, 2MB/4MB, paused 90.250ms total 241.098ms
06-07 08:02:14.058 W/art     ( 1325): Suspending all threads took: 37.090ms
06-07 08:02:14.423 I/art     ( 1325): Background sticky concurrent mark sweep GC freed 262(1381KB) AllocSpace objects, 106(1924KB) LOS objects, 62% free, 1728KB/4MB, paused 40.312ms total 288.076ms
06-07 08:02:14.661 I/art     ( 1324): Thread[1,tid=1324,Native,Thread*=0x790f2ba95a00,peer=0x12c060d0,"main"] recursive attempt to load library "/system/lib64/libmedia_jni.so"
06-07 08:02:14.695 D/MtpDeviceJNI( 1324): register_android_mtp_MtpDevice
06-07 08:02:14.702 I/art     ( 1324): Thread[1,tid=1324,Native,Thread*=0x790f2ba95a00,peer=0x12c060d0,"main"] recursive attempt to load library "/system/lib64/libmedia_jni.so"
06-07 08:02:14.704 I/art     ( 1324): Thread[1,tid=1324,Native,Thread*=0x790f2ba95a00,peer=0x12c060d0,"main"] recursive attempt to load library "/system/lib64/libmedia_jni.so"
06-07 08:02:15.002 I/art     ( 1325): Thread[1,tid=1325,Native,Thread*=0xe4b8b400,peer=0x12c060d0,"main"] recursive attempt to load library "/system/lib/libmedia_jni.so"
06-07 08:02:15.013 D/MtpDeviceJNI( 1325): register_android_mtp_MtpDevice
06-07 08:02:15.015 I/art     ( 1325): Thread[1,tid=1325,Native,Thread*=0xe4b8b400,peer=0x12c060d0,"main"] recursive attempt to load library "/system/lib/libmedia_jni.so"
06-07 08:02:15.017 I/art     ( 1325): Thread[1,tid=1325,Native,Thread*=0xe4b8b400,peer=0x12c060d0,"main"] recursive attempt to load library "/system/lib/libmedia_jni.so"
06-07 08:02:18.618 W/Zygote  ( 1324): Class not found for preloading: android.view.Display$ColorTransform
06-07 08:02:18.619 W/Zygote  ( 1324): Class not found for preloading: android.view.Display$ColorTransform$1
06-07 08:02:19.221 W/Zygote  ( 1325): Class not found for preloading: android.view.Display$ColorTransform
06-07 08:02:19.222 W/Zygote  ( 1325): Class not found for preloading: android.view.Display$ColorTransform$1
06-07 08:02:23.439 I/System  ( 1324): Loaded time zone names for "" in 1257ms (1249ms in ICU)
06-07 08:02:24.309 I/System  ( 1325): Loaded time zone names for "" in 1676ms (1649ms in ICU)
06-07 08:02:24.557 I/System  ( 1324): Loaded time zone names for "en_US" in 1117ms (1016ms in ICU)
06-07 08:02:24.622 I/art     ( 1324): Background concurrent mark sweep GC freed 21714(2MB) AllocSpace objects, 12(192KB) LOS objects, 38% free, 1624KB/2MB, paused 512us total 222.595ms
06-07 08:02:25.276 I/System  ( 1325): Loaded time zone names for "en_US" in 967ms (899ms in ICU)
06-07 08:02:25.756 I/Zygote  ( 1324): ...preloaded 4158 classes in 28337ms.
06-07 08:02:25.757 I/art     ( 1324): VMRuntime.preloadDexCaches starting
06-07 08:02:27.653 I/Zygote  ( 1325): ...preloaded 4158 classes in 28278ms.
06-07 08:02:27.659 I/art     ( 1325): VMRuntime.preloadDexCaches starting
06-07 08:02:28.904 I/art     ( 1324): VMRuntime.preloadDexCaches strings total=283712 before=39625 after=39625
06-07 08:02:28.905 I/art     ( 1324): VMRuntime.preloadDexCaches types total=23581 before=7877 after=7904
06-07 08:02:28.905 I/art     ( 1324): VMRuntime.preloadDexCaches fields total=112007 before=40903 after=41117
06-07 08:02:28.905 I/art     ( 1324): VMRuntime.preloadDexCaches methods total=197534 before=82457 after=83017
06-07 08:02:28.906 I/art     ( 1324): VMRuntime.preloadDexCaches finished
06-07 08:02:28.979 I/Zygote  ( 1324): Preloading resources...
06-07 08:02:30.672 I/art     ( 1325): VMRuntime.preloadDexCaches strings total=283712 before=39625 after=39625
06-07 08:02:30.673 I/art     ( 1325): VMRuntime.preloadDexCaches types total=23581 before=7877 after=7904
06-07 08:02:30.673 I/art     ( 1325): VMRuntime.preloadDexCaches fields total=112007 before=40903 after=41117
06-07 08:02:30.673 I/art     ( 1325): VMRuntime.preloadDexCaches methods total=197534 before=82457 after=83017
06-07 08:02:30.673 I/art     ( 1325): VMRuntime.preloadDexCaches finished
06-07 08:02:30.741 I/Zygote  ( 1325): Preloading resources...
06-07 08:02:31.412 W/Resources( 1324): Preloaded drawable resource #0x108025c (android:drawable/dialog_background_material) that varies with configuration!!
06-07 08:02:31.502 W/Resources( 1324): Preloaded drawable resource #0x1080298 (android:drawable/editbox_dropdown_background_dark) that varies with configuration!!
06-07 08:02:31.906 W/Resources( 1324): Preloaded color resource #0x10600e2 (android:color/material_grey_800) that varies with configuration!!
06-07 08:02:31.907 W/Resources( 1324): Preloaded drawable resource #0x10802c9 (android:drawable/floating_popup_background_dark) that varies with configuration!!
06-07 08:02:32.041 W/art     ( 1324): Suspending all threads took: 9.292ms
06-07 08:02:32.242 I/art     ( 1324): Background sticky concurrent mark sweep GC freed 5449(349KB) AllocSpace objects, 0(0B) LOS objects, 5% free, 2MB/2MB, paused 11.450ms total 374.801ms
06-07 08:02:32.551 I/art     ( 1324): Background concurrent mark sweep GC freed 1543(92KB) AllocSpace objects, 1(32KB) LOS objects, 58% free, 2MB/6MB, paused 395us total 186.565ms
06-07 08:02:33.338 W/Resources( 1325): Preloaded drawable resource #0x108025c (android:drawable/dialog_background_material) that varies with configuration!!
06-07 08:02:33.387 W/Resources( 1325): Preloaded drawable resource #0x1080298 (android:drawable/editbox_dropdown_background_dark) that varies with configuration!!
06-07 08:02:33.417 W/Resources( 1324): Preloaded drawable resource #0x108030b (android:drawable/ic_clear_disabled) that varies with configuration!!
06-07 08:02:33.481 W/Resources( 1324): Preloaded drawable resource #0x1080310 (android:drawable/ic_clear_normal) that varies with configuration!!
06-07 08:02:33.585 W/Resources( 1324): Preloaded drawable resource #0x1080359 (android:drawable/ic_go) that varies with configuration!!
06-07 08:02:33.829 W/Resources( 1325): Preloaded color resource #0x10600e2 (android:color/material_grey_800) that varies with configuration!!
06-07 08:02:33.881 W/Resources( 1325): Preloaded drawable resource #0x10802c9 (android:drawable/floating_popup_background_dark) that varies with configuration!!
06-07 08:02:33.919 W/Resources( 1324): Preloaded drawable resource #0x1080038 (android:drawable/ic_menu_close_clear_cancel) that varies with configuration!!
06-07 08:02:34.059 W/Resources( 1324): Preloaded drawable resource #0x1080045 (android:drawable/ic_menu_more) that varies with configuration!!
06-07 08:02:34.620 I/art     ( 1325): Background sticky concurrent mark sweep GC freed 25756(1870KB) AllocSpace objects, 0(0B) LOS objects, 25% free, 3MB/4MB, paused 82.626ms total 554.412ms
06-07 08:02:34.704 W/Resources( 1324): Preloaded drawable resource #0x10804e8 (android:drawable/menu_background_fill_parent_width) that varies with configuration!!
06-07 08:02:34.917 W/Resources( 1325): Preloaded drawable resource #0x108030b (android:drawable/ic_clear_disabled) that varies with configuration!!
06-07 08:02:34.951 W/Resources( 1325): Preloaded drawable resource #0x1080310 (android:drawable/ic_clear_normal) that varies with configuration!!
06-07 08:02:35.036 W/Resources( 1325): Preloaded drawable resource #0x1080359 (android:drawable/ic_go) that varies with configuration!!
06-07 08:02:35.527 W/Resources( 1325): Preloaded drawable resource #0x1080038 (android:drawable/ic_menu_close_clear_cancel) that varies with configuration!!
06-07 08:02:35.685 W/Resources( 1325): Preloaded drawable resource #0x1080045 (android:drawable/ic_menu_more) that varies with configuration!!
06-07 08:02:35.786 I/art     ( 1325): Background concurrent mark sweep GC freed 3128(217KB) AllocSpace objects, 5(144KB) LOS objects, 50% free, 3MB/7MB, paused 633us total 575.102ms
06-07 08:02:36.232 W/Resources( 1325): Preloaded drawable resource #0x10804e8 (android:drawable/menu_background_fill_parent_width) that varies with configuration!!
06-07 08:02:36.542 W/Resources( 1324): Preloaded drawable resource #0x108077e (android:drawable/text_edit_paste_window) that varies with configuration!!
06-07 08:02:36.704 W/Resources( 1324): Preloaded drawable resource #0x1080096 (android:drawable/toast_frame) that varies with configuration!!
06-07 08:02:36.705 I/Zygote  ( 1324): ...preloaded 114 resources in 7669ms.
06-07 08:02:36.987 W/Resources( 1324): Preloaded color resource #0x106010b (android:color/background_cache_hint_selector_material_dark) that varies with configuration!!
06-07 08:02:36.990 W/Resources( 1324): Preloaded color resource #0x1060110 (android:color/btn_default_material_dark) that varies with configuration!!
06-07 08:02:37.040 I/Zygote  ( 1324): ...preloaded 41 resources in 334ms.
06-07 08:02:37.072 D/libEGL  ( 1324): Emulator without GPU support detected. Fallback to legacy software renderer, qemu.gles is set to 0.
06-07 08:02:37.254 D/libEGL  ( 1324): loaded /system/lib64/egl/libGLES_android.so
06-07 08:02:38.664 W/Resources( 1325): Preloaded drawable resource #0x108077e (android:drawable/text_edit_paste_window) that varies with configuration!!
06-07 08:02:38.865 W/Resources( 1325): Preloaded drawable resource #0x1080096 (android:drawable/toast_frame) that varies with configuration!!
06-07 08:02:38.866 I/Zygote  ( 1325): ...preloaded 114 resources in 8124ms.
06-07 08:02:38.886 I/Zygote  ( 1324): Preloading shared libraries...
06-07 08:02:39.012 E/Hyphenator( 1324): error loading hyphenation /system/usr/hyphen-data/hyph-as.hyb
06-07 08:02:39.012 E/Hyphenator( 1324): java.io.FileNotFoundException: /system/usr/hyphen-data/hyph-as.hyb: open failed: ENOENT (No such file or directory)
06-07 08:02:39.012 E/Hyphenator( 1324): 	at libcore.io.IoBridge.open(IoBridge.java:455)
06-07 08:02:39.012 E/Hyphenator( 1324): 	at java.io.RandomAccessFile.<init>(RandomAccessFile.java:247)
06-07 08:02:39.012 E/Hyphenator( 1324): 	at android.text.Hyphenator.loadHyphenator(Hyphenator.java:118)
06-07 08:02:39.012 E/Hyphenator( 1324): 	at android.text.Hyphenator.init(Hyphenator.java:224)
06-07 08:02:39.012 E/Hyphenator( 1324): 	at com.android.internal.os.ZygoteInit.preloadTextResources(ZygoteInit.java:252)
06-07 08:02:39.012 E/Hyphenator( 1324): 	at com.android.internal.os.ZygoteInit.preload(ZygoteInit.java:206)
06-07 08:02:39.012 E/Hyphenator( 1324): 	at com.android.internal.os.ZygoteInit.main(ZygoteInit.java:743)
06-07 08:02:39.012 E/Hyphenator( 1324): Caused by: android.system.ErrnoException: open failed: ENOENT (No such file or directory)
06-07 08:02:39.012 E/Hyphenator( 1324): 	at libcore.io.Posix.open(Native Method)
06-07 08:02:39.012 E/Hyphenator( 1324): 	at libcore.io.BlockGuardOs.open(BlockGuardOs.java:187)
06-07 08:02:39.012 E/Hyphenator( 1324): 	at libcore.io.IoBridge.open(IoBridge.java:441)
06-07 08:02:39.012 E/Hyphenator( 1324): 	... 6 more
06-07 08:02:39.014 E/Hyphenator( 1324): error loading hyphenation /system/usr/hyphen-data/hyph-bn.hyb
06-07 08:02:39.014 E/Hyphenator( 1324): java.io.FileNotFoundException: /system/usr/hyphen-data/hyph-bn.hyb: open failed: ENOENT (No such file or directory)
06-07 08:02:39.014 E/Hyphenator( 1324): 	at libcore.io.IoBridge.open(IoBridge.java:455)
06-07 08:02:39.014 E/Hyphenator( 1324): 	at java.io.RandomAccessFile.<init>(RandomAccessFile.java:247)
06-07 08:02:39.014 E/Hyphenator( 1324): 	at android.text.Hyphenator.loadHyphenator(Hyphenator.java:118)
06-07 08:02:39.014 E/Hyphenator( 1324): 	at android.text.Hyphenator.init(Hyphenator.java:224)
06-07 08:02:39.014 E/Hyphenator( 1324): 	at com.android.internal.os.ZygoteInit.preloadTextResources(ZygoteInit.java:252)
06-07 08:02:39.014 E/Hyphenator( 1324): 	at com.android.internal.os.ZygoteInit.preload(ZygoteInit.java:206)
06-07 08:02:39.014 E/Hyphenator( 1324): 	at com.android.internal.os.ZygoteInit.main(ZygoteInit.java:743)
06-07 08:02:39.014 E/Hyphenator( 1324): Caused by: android.system.ErrnoException: open failed: ENOENT (No such file or directory)
06-07 08:02:39.014 E/Hyphenator( 1324): 	at libcore.io.Posix.open(Native Method)
06-07 08:02:39.014 E/Hyphenator( 1324): 	at libcore.io.BlockGuardOs.open(BlockGuardOs.java:187)
06-07 08:02:39.014 E/Hyphenator( 1324): 	at libcore.io.IoBridge.open(IoBridge.java:441)
06-07 08:02:39.014 E/Hyphenator( 1324): 	... 6 more
06-07 08:02:39.017 E/Hyphenator( 1324): error loading hyphenation /system/usr/hyphen-data/hyph-cy.hyb
06-07 08:02:39.017 E/Hyphenator( 1324): java.io.FileNotFoundException: /system/usr/hyphen-data/hyph-cy.hyb: open failed: ENOENT (No such file or directory)
06-07 08:02:39.017 E/Hyphenator( 1324): 	at libcore.io.IoBridge.open(IoBridge.java:455)
06-07 08:02:39.017 E/Hyphenator( 1324): 	at java.io.RandomAccessFile.<init>(RandomAccessFile.java:247)
06-07 08:02:39.017 E/Hyphenator( 1324): 	at android.text.Hyphenator.loadHyphenator(Hyphenator.java:118)
06-07 08:02:39.017 E/Hyphenator( 1324): 	at android.text.Hyphenator.init(Hyphenator.java:224)
06-07 08:02:39.017 E/Hyphenator( 1324): 	at com.android.internal.os.ZygoteInit.preloadTextResources(ZygoteInit.java:252)
06-07 08:02:39.017 E/Hyphenator( 1324): 	at com.android.internal.os.ZygoteInit.preload(ZygoteInit.java:206)
06-07 08:02:39.017 E/Hyphenator( 1324): 	at com.android.internal.os.ZygoteInit.main(ZygoteInit.java:743)
06-07 08:02:39.017 E/Hyphenator( 1324): Caused by: android.system.ErrnoException: open failed: ENOENT (No such file or directory)
06-07 08:02:39.017 E/Hyphenator( 1324): 	at libcore.io.Posix.open(Native Method)
06-07 08:02:39.017 E/Hyphenator( 1324): 	at libcore.io.BlockGuardOs.open(BlockGuardOs.java:187)
06-07 08:02:39.017 E/Hyphenator( 1324): 	at libcore.io.IoBridge.open(IoBridge.java:441)
06-07 08:02:39.017 E/Hyphenator( 1324): 	... 6 more
06-07 08:02:39.018 E/Hyphenator( 1324): error loading hyphenation /system/usr/hyphen-data/hyph-da.hyb
06-07 08:02:39.018 E/Hyphenator( 1324): java.io.FileNotFoundException: /system/usr/hyphen-data/hyph-da.hyb: open failed: ENOENT (No such file or directory)
06-07 08:02:39.018 E/Hyphenator( 1324): 	at libcore.io.IoBridge.open(IoBridge.java:455)
06-07 08:02:39.018 E/Hyphenator( 1324): 	at java.io.RandomAccessFile.<init>(RandomAccessFile.java:247)
06-07 08:02:39.018 E/Hyphenator( 1324): 	at android.text.Hyphenator.loadHyphenator(Hyphenator.java:118)
06-07 08:02:39.018 E/Hyphenator( 1324): 	at android.text.Hyphenator.init(Hyphenator.java:224)
06-07 08:02:39.018 E/Hyphenator( 1324): 	at com.android.internal.os.ZygoteInit.preloadTextResources(ZygoteInit.java:252)
06-07 08:02:39.018 E/Hyphenator( 1324): 	at com.android.internal.os.ZygoteInit.preload(ZygoteInit.java:206)
06-07 08:02:39.018 E/Hyphenator( 1324): 	at com.android.internal.os.ZygoteInit.main(ZygoteInit.java:743)
06-07 08:02:39.018 E/Hyphenator( 1324): Caused by: android.system.ErrnoException: open failed: ENOENT (No such file or directory)
06-07 08:02:39.018 E/Hyphenator( 1324): 	at libcore.io.Posix.open(Native Method)
06-07 08:02:39.018 E/Hyphenator( 1324): 	at libcore.io.BlockGuardOs.open(BlockGuardOs.java:187)
06-07 08:02:39.018 E/Hyphenator( 1324): 	at libcore.io.IoBridge.open(IoBridge.java:441)
06-07 08:02:39.018 E/Hyphenator( 1324): 	... 6 more
06-07 08:02:39.080 E/Hyphenator( 1324): error loading hyphenation /system/usr/hyphen-data/hyph-de-1901.hyb
06-07 08:02:39.080 E/Hyphenator( 1324): java.io.FileNotFoundException: /system/usr/hyphen-data/hyph-de-1901.hyb: open failed: ENOENT (No such file or directory)
06-07 08:02:39.080 E/Hyphenator( 1324): 	at libcore.io.IoBridge.open(IoBridge.java:455)
06-07 08:02:39.080 E/Hyphenator( 1324): 	at java.io.RandomAccessFile.<init>(RandomAccessFile.java:247)
06-07 08:02:39.080 E/Hyphenator( 1324): 	at android.text.Hyphenator.loadHyphenator(Hyphenator.java:118)
06-07 08:02:39.080 E/Hyphenator( 1324): 	at android.text.Hyphenator.init(Hyphenator.java:224)
06-07 08:02:39.080 E/Hyphenator( 1324): 	at com.android.internal.os.ZygoteInit.preloadTextResources(ZygoteInit.java:252)
06-07 08:02:39.080 E/Hyphenator( 1324): 	at com.android.internal.os.ZygoteInit.preload(ZygoteInit.java:206)
06-07 08:02:39.080 E/Hyphenator( 1324): 	at com.android.internal.os.ZygoteInit.main(ZygoteInit.java:743)
06-07 08:02:39.080 E/Hyphenator( 1324): Caused by: android.system.ErrnoException: open failed: ENOENT (No such file or directory)
06-07 08:02:39.080 E/Hyphenator( 1324): 	at libcore.io.Posix.open(Native Method)
06-07 08:02:39.080 E/Hyphenator( 1324): 	at libcore.io.BlockGuardOs.open(BlockGuardOs.java:187)
06-07 08:02:39.080 E/Hyphenator( 1324): 	at libcore.io.IoBridge.open(IoBridge.java:441)
06-07 08:02:39.080 E/Hyphenator( 1324): 	... 6 more
06-07 08:02:39.083 E/Hyphenator( 1324): error loading hyphenation /system/usr/hyphen-data/hyph-de-1996.hyb
06-07 08:02:39.083 E/Hyphenator( 1324): java.io.FileNotFoundException: /system/usr/hyphen-data/hyph-de-1996.hyb: open failed: ENOENT (No such file or directory)
06-07 08:02:39.083 E/Hyphenator( 1324): 	at libcore.io.IoBridge.open(IoBridge.java:455)
06-07 08:02:39.083 E/Hyphenator( 1324): 	at java.io.RandomAccessFile.<init>(RandomAccessFile.java:247)
06-07 08:02:39.083 E/Hyphenator( 1324): 	at android.text.Hyphenator.loadHyphenator(Hyphenator.java:118)
06-07 08:02:39.083 E/Hyphenator( 1324): 	at android.text.Hyphenator.init(Hyphenator.java:224)
06-07 08:02:39.083 E/Hyphenator( 1324): 	at com.android.internal.os.ZygoteInit.preloadTextResources(ZygoteInit.java:252)
06-07 08:02:39.083 E/Hyphenator( 1324): 	at com.android.internal.os.ZygoteInit.preload(ZygoteInit.java:206)
06-07 08:02:39.083 E/Hyphenator( 1324): 	at com.android.internal.os.ZygoteInit.main(ZygoteInit.java:743)
06-07 08:02:39.083 E/Hyphenator( 1324): Caused by: android.system.ErrnoException: open failed: ENOENT (No such file or directory)
06-07 08:02:39.083 E/Hyphenator( 1324): 	at libcore.io.Posix.open(Native Method)
06-07 08:02:39.083 E/Hyphenator( 1324): 	at libcore.io.BlockGuardOs.open(BlockGuardOs.java:187)
06-07 08:02:39.083 E/Hyphenator( 1324): 	at libcore.io.IoBridge.open(IoBridge.java:441)
06-07 08:02:39.083 E/Hyphenator( 1324): 	... 6 more
06-07 08:02:39.085 E/Hyphenator( 1324): error loading hyphenation /system/usr/hyphen-data/hyph-de-ch-1901.hyb
06-07 08:02:39.085 E/Hyphenator( 1324): java.io.FileNotFoundException: /system/usr/hyphen-data/hyph-de-ch-1901.hyb: open failed: ENOENT (No such file or directory)
06-07 08:02:39.085 E/Hyphenator( 1324): 	at libcore.io.IoBridge.open(IoBridge.java:455)
06-07 08:02:39.085 E/Hyphenator( 1324): 	at java.io.RandomAccessFile.<init>(RandomAccessFile.java:247)
06-07 08:02:39.085 E/Hyphenator( 1324): 	at android.text.Hyphenator.loadHyphenator(Hyphenator.java:118)
06-07 08:02:39.085 E/Hyphenator( 1324): 	at android.text.Hyphenator.init(Hyphenator.java:224)
06-07 08:02:39.085 E/Hyphenator( 1324): 	at com.android.internal.os.ZygoteInit.preloadTextResources(ZygoteInit.java:252)
06-07 08:02:39.085 E/Hyphenator( 1324): 	at com.android.internal.os.ZygoteInit.preload(ZygoteInit.java:206)
06-07 08:02:39.085 E/Hyphenator( 1324): 	at com.android.internal.os.ZygoteInit.main(ZygoteInit.java:743)
06-07 08:02:39.085 E/Hyphenator( 1324): Caused by: android.system.ErrnoException: open failed: ENOENT (No such file or directory)
06-07 08:02:39.085 E/Hyphenator( 1324): 	at libcore.io.Posix.open(Native Method)
06-07 08:02:39.085 E/Hyphenator( 1324): 	at libcore.io.BlockGuardOs.open(BlockGuardOs.java:187)
06-07 08:02:39.085 E/Hyphenator( 1324): 	at libcore.io.IoBridge.open(IoBridge.java:441)
06-07 08:02:39.085 E/Hyphenator( 1324): 	... 6 more
06-07 08:02:39.087 E/Hyphenator( 1324): error loading hyphenation /system/usr/hyphen-data/hyph-en-gb.hyb
06-07 08:02:39.087 E/Hyphenator( 1324): java.io.FileNotFoundException: /system/usr/hyphen-data/hyph-en-gb.hyb: open failed: ENOENT (No such file or directory)
06-07 08:02:39.087 E/Hyphenator( 1324): 	at libcore.io.IoBridge.open(IoBridge.java:455)
06-07 08:02:39.087 E/Hyphenator( 1324): 	at java.io.RandomAccessFile.<init>(RandomAccessFile.java:247)
06-07 08:02:39.087 E/Hyphenator( 1324): 	at android.text.Hyphenator.loadHyphenator(Hyphenator.java:118)
06-07 08:02:39.087 E/Hyphenator( 1324): 	at android.text.Hyphenator.init(Hyphenator.java:224)
06-07 08:02:39.087 E/Hyphenator( 1324): 	at com.android.internal.os.ZygoteInit.preloadTextResources(ZygoteInit.java:252)
06-07 08:02:39.087 E/Hyphenator( 1324): 	at com.android.internal.os.ZygoteInit.preload(ZygoteInit.java:206)
06-07 08:02:39.087 E/Hyphenator( 1324): 	at com.android.internal.os.ZygoteInit.main(ZygoteInit.java:743)
06-07 08:02:39.087 E/Hyphenator( 1324): Caused by: android.system.ErrnoException: open failed: ENOENT (No such file or directory)
06-07 08:02:39.087 E/Hyphenator( 1324): 	at libcore.io.Posix.open(Native Method)
06-07 08:02:39.087 E/Hyphenator( 1324): 	at libcore.io.BlockGuardOs.open(BlockGuardOs.java:187)
06-07 08:02:39.087 E/Hyphenator( 1324): 	at libcore.io.IoBridge.open(IoBridge.java:441)
06-07 08:02:39.087 E/Hyphenator( 1324): 	... 6 more
06-07 08:02:39.088 E/Hyphenator( 1324): error loading hyphenation /system/usr/hyphen-data/hyph-en-us.hyb
06-07 08:02:39.088 E/Hyphenator( 1324): java.io.FileNotFoundException: /system/usr/hyphen-data/hyph-en-us.hyb: open failed: ENOENT (No such file or directory)
06-07 08:02:39.088 E/Hyphenator( 1324): 	at libcore.io.IoBridge.open(IoBridge.java:455)
06-07 08:02:39.088 E/Hyphenator( 1324): 	at java.io.RandomAccessFile.<init>(RandomAccessFile.java:247)
06-07 08:02:39.088 E/Hyphenator( 1324): 	at android.text.Hyphenator.loadHyphenator(Hyphenator.java:118)
06-07 08:02:39.088 E/Hyphenator( 1324): 	at android.text.Hyphenator.init(Hyphenator.java:224)
06-07 08:02:39.088 E/Hyphenator( 1324): 	at com.android.internal.os.ZygoteInit.preloadTextResources(ZygoteInit.java:252)
06-07 08:02:39.088 E/Hyphenator( 1324): 	at com.android.internal.os.ZygoteInit.preload(ZygoteInit.java:206)
06-07 08:02:39.088 E/Hyphenator( 1324): 	at com.android.internal.os.ZygoteInit.main(ZygoteInit.java:743)
06-07 08:02:39.088 E/Hyphenator( 1324): Caused by: android.system.ErrnoException: open failed: ENOENT (No such file or directory)
06-07 08:02:39.088 E/Hyphenator( 1324): 	at libcore.io.Posix.open(Native Method)
06-07 08:02:39.088 E/Hyphenator( 1324): 	at libcore.io.BlockGuardOs.open(BlockGuardOs.java:187)
06-07 08:02:39.088 E/Hyphenator( 1324): 	at libcore.io.IoBridge.open(IoBridge.java:441)
06-07 08:02:39.088 E/Hyphenator( 1324): 	... 6 more
06-07 08:02:39.134 E/Hyphenator( 1324): error loading hyphenation /system/usr/hyphen-data/hyph-es.hyb
06-07 08:02:39.134 E/Hyphenator( 1324): java.io.FileNotFoundException: /system/usr/hyphen-data/hyph-es.hyb: open failed: ENOENT (No such file or directory)
06-07 08:02:39.134 E/Hyphenator( 1324): 	at libcore.io.IoBridge.open(IoBridge.java:455)
06-07 08:02:39.134 E/Hyphenator( 1324): 	at java.io.RandomAccessFile.<init>(RandomAccessFile.java:247)
06-07 08:02:39.134 E/Hyphenator( 1324): 	at android.text.Hyphenator.loadHyphenator(Hyphenator.java:118)
06-07 08:02:39.134 E/Hyphenator( 1324): 	at android.text.Hyphenator.init(Hyphenator.java:224)
06-07 08:02:39.134 E/Hyphenator( 1324): 	at com.android.internal.os.ZygoteInit.preloadTextResources(ZygoteInit.java:252)
06-07 08:02:39.134 E/Hyphenator( 1324): 	at com.android.internal.os.ZygoteInit.preload(ZygoteInit.java:206)
06-07 08:02:39.134 E/Hyphenator( 1324): 	at com.android.internal.os.ZygoteInit.main(ZygoteInit.java:743)
06-07 08:02:39.134 E/Hyphenator( 1324): Caused by: android.system.ErrnoException: open failed: ENOENT (No such file or directory)
06-07 08:02:39.134 E/Hyphenator( 1324): 	at libcore.io.Posix.open(Native Method)
06-07 08:02:39.134 E/Hyphenator( 1324): 	at libcore.io.BlockGuardOs.open(BlockGuardOs.java:187)
06-07 08:02:39.134 E/Hyphenator( 1324): 	at libcore.io.IoBridge.open(IoBridge.java:441)
06-07 08:02:39.134 E/Hyphenator( 1324): 	... 6 more
06-07 08:02:39.137 E/Hyphenator( 1324): error loading hyphenation /system/usr/hyphen-data/hyph-et.hyb
06-07 08:02:39.137 E/Hyphenator( 1324): java.io.FileNotFoundException: /system/usr/hyphen-data/hyph-et.hyb: open failed: ENOENT (No such file or directory)
06-07 08:02:39.137 E/Hyphenator( 1324): 	at libcore.io.IoBridge.open(IoBridge.java:455)
06-07 08:02:39.137 E/Hyphenator( 1324): 	at java.io.RandomAccessFile.<init>(RandomAccessFile.java:247)
06-07 08:02:39.137 E/Hyphenator( 1324): 	at android.text.Hyphenator.loadHyphenator(Hyphenator.java:118)
06-07 08:02:39.137 E/Hyphenator( 1324): 	at android.text.Hyphenator.init(Hyphenator.java:224)
06-07 08:02:39.137 E/Hyphenator( 1324): 	at com.android.internal.os.ZygoteInit.preloadTextResources(ZygoteInit.java:252)
06-07 08:02:39.137 E/Hyphenator( 1324): 	at com.android.internal.os.ZygoteInit.preload(ZygoteInit.java:206)
06-07 08:02:39.137 E/Hyphenator( 1324): 	at com.android.internal.os.ZygoteInit.main(ZygoteInit.java:743)
06-07 08:02:39.137 E/Hyphenator( 1324): Caused by: android.system.ErrnoException: open failed: ENOENT (No such file or directory)
06-07 08:02:39.137 E/Hyphenator( 1324): 	at libcore.io.Posix.open(Native Method)
06-07 08:02:39.137 E/Hyphenator( 1324): 	at libcore.io.BlockGuardOs.open(BlockGuardOs.java:187)
06-07 08:02:39.137 E/Hyphenator( 1324): 	at libcore.io.IoBridge.open(IoBridge.java:441)
06-07 08:02:39.137 E/Hyphenator( 1324): 	... 6 more
06-07 08:02:39.139 E/Hyphenator( 1324): error loading hyphenation /system/usr/hyphen-data/hyph-eu.hyb
06-07 08:02:39.139 E/Hyphenator( 1324): java.io.FileNotFoundException: /system/usr/hyphen-data/hyph-eu.hyb: open failed: ENOENT (No such file or directory)
06-07 08:02:39.139 E/Hyphenator( 1324): 	at libcore.io.IoBridge.open(IoBridge.java:455)
06-07 08:02:39.139 E/Hyphenator( 1324): 	at java.io.RandomAccessFile.<init>(RandomAccessFile.java:247)
06-07 08:02:39.139 E/Hyphenator( 1324): 	at android.text.Hyphenator.loadHyphenator(Hyphenator.java:118)
06-07 08:02:39.139 E/Hyphenator( 1324): 	at android.text.Hyphenator.init(Hyphenator.java:224)
06-07 08:02:39.139 E/Hyphenator( 1324): 	at com.android.internal.os.ZygoteInit.preloadTextResources(ZygoteInit.java:252)
06-07 08:02:39.139 E/Hyphenator( 1324): 	at com.android.internal.os.ZygoteInit.preload(ZygoteInit.java:206)
06-07 08:02:39.139 E/Hyphenator( 1324): 	at com.android.internal.os.ZygoteInit.main(ZygoteInit.java:743)
06-07 08:02:39.139 E/Hyphenator( 1324): Caused by: android.system.ErrnoException: open failed: ENOENT (No such file or directory)
06-07 08:02:39.139 E/Hyphenator( 1324): 	at libcore.io.Posix.open(Native Method)
06-07 08:02:39.139 E/Hyphenator( 1324): 	at libcore.io.BlockGuardOs.open(BlockGuardOs.java:187)
06-07 08:02:39.139 E/Hyphenator( 1324): 	at libcore.io.IoBridge.open(IoBridge.java:441)
06-07 08:02:39.139 E/Hyphenator( 1324): 	... 6 more
06-07 08:02:39.242 E/Hyphenator( 1324): error loading hyphenation /system/usr/hyphen-data/hyph-fr.hyb
06-07 08:02:39.242 E/Hyphenator( 1324): java.io.FileNotFoundException: /system/usr/hyphen-data/hyph-fr.hyb: open failed: ENOENT (No such file or directory)
06-07 08:02:39.242 E/Hyphenator( 1324): 	at libcore.io.IoBridge.open(IoBridge.java:455)
06-07 08:02:39.242 E/Hyphenator( 1324): 	at java.io.RandomAccessFile.<init>(RandomAccessFile.java:247)
06-07 08:02:39.242 E/Hyphenator( 1324): 	at android.text.Hyphenator.loadHyphenator(Hyphenator.java:118)
06-07 08:02:39.242 E/Hyphenator( 1324): 	at android.text.Hyphenator.init(Hyphenator.java:224)
06-07 08:02:39.242 E/Hyphenator( 1324): 	at com.android.internal.os.ZygoteInit.preloadTextResources(ZygoteInit.java:252)
06-07 08:02:39.242 E/Hyphenator( 1324): 	at com.android.internal.os.ZygoteInit.preload(ZygoteInit.java:206)
06-07 08:02:39.242 E/Hyphenator( 1324): 	at com.android.internal.os.ZygoteInit.main(ZygoteInit.java:743)
06-07 08:02:39.242 E/Hyphenator( 1324): Caused by: android.system.ErrnoException: open failed: ENOENT (No such file or directory)
06-07 08:02:39.242 E/Hyphenator( 1324): 	at libcore.io.Posix.open(Native Method)
06-07 08:02:39.242 E/Hyphenator( 1324): 	at libcore.io.BlockGuardOs.open(BlockGuardOs.java:187)
06-07 08:02:39.242 E/Hyphenator( 1324): 	at libcore.io.IoBridge.open(IoBridge.java:441)
06-07 08:02:39.242 E/Hyphenator( 1324): 	... 6 more
06-07 08:02:39.244 E/Hyphenator( 1324): error loading hyphenation /system/usr/hyphen-data/hyph-ga.hyb
06-07 08:02:39.244 E/Hyphenator( 1324): java.io.FileNotFoundException: /system/usr/hyphen-data/hyph-ga.hyb: open failed: ENOENT (No such file or directory)
06-07 08:02:39.244 E/Hyphenator( 1324): 	at libcore.io.IoBridge.open(IoBridge.java:455)
06-07 08:02:39.244 E/Hyphenator( 1324): 	at java.io.RandomAccessFile.<init>(RandomAccessFile.java:247)
06-07 08:02:39.244 E/Hyphenator( 1324): 	at android.text.Hyphenator.loadHyphenator(Hyphenator.java:118)
06-07 08:02:39.244 E/Hyphenator( 1324): 	at android.text.Hyphenator.init(Hyphenator.java:224)
06-07 08:02:39.244 E/Hyphenator( 1324): 	at com.android.internal.os.ZygoteInit.preloadTextResources(ZygoteInit.java:252)
06-07 08:02:39.244 E/Hyphenator( 1324): 	at com.android.internal.os.ZygoteInit.preload(ZygoteInit.java:206)
06-07 08:02:39.244 E/Hyphenator( 1324): 	at com.android.internal.os.ZygoteInit.main(ZygoteInit.java:743)
06-07 08:02:39.244 E/Hyphenator( 1324): Caused by: android.system.ErrnoException: open failed: ENOENT (No such file or directory)
06-07 08:02:39.244 E/Hyphenator( 1324): 	at libcore.io.Posix.open(Native Method)
06-07 08:02:39.244 E/Hyphenator( 1324): 	at libcore.io.BlockGuardOs.open(BlockGuardOs.java:187)
06-07 08:02:39.244 E/Hyphenator( 1324): 	at libcore.io.IoBridge.open(IoBridge.java:441)
06-07 08:02:39.244 E/Hyphenator( 1324): 	... 6 more
06-07 08:02:39.249 W/Resources( 1325): Preloaded color resource #0x106010b (android:color/background_cache_hint_selector_material_dark) that varies with configuration!!
06-07 08:02:39.280 E/Hyphenator( 1324): error loading hyphenation /system/usr/hyphen-data/hyph-gu.hyb
06-07 08:02:39.280 E/Hyphenator( 1324): java.io.FileNotFoundException: /system/usr/hyphen-data/hyph-gu.hyb: open failed: ENOENT (No such file or directory)
06-07 08:02:39.280 E/Hyphenator( 1324): 	at libcore.io.IoBridge.open(IoBridge.java:455)
