06-07 00:43:55.801 W/ActivityManager( 1914): Slow operation: 139ms so far, now at startProcess: building log message
06-07 00:43:55.801 I/ActivityManager( 1914): Start proc 2875:com.android.dialer/u0a8 for broadcast com.android.dialer/.calllog.CallLogReceiver
06-07 00:43:55.801 W/ActivityManager( 1914): Slow operation: 139ms so far, now at startProcess: starting to update pids map
06-07 00:43:55.801 W/ActivityManager( 1914): Slow operation: 139ms so far, now at startProcess: done updating pids map
06-07 00:43:55.801 W/ActivityManager( 1914): Slow operation: 157ms so far, now at startProcess: done starting proc!
06-07 00:43:55.816 W/art     ( 2875): Unexpected CPU variant for X86 using defaults: x86_64
06-07 00:43:55.832 W/art     ( 1914): Long monitor contention with owner main (1914) at void com.android.server.am.BroadcastQueue.processNextBroadcast(boolean)(BroadcastQueue.java:760) waiters=1 in java.lang.String com.android.server.am.ActivityManagerService.checkContentProviderAccess(java.lang.String, int) for 102ms
06-07 00:43:55.883 I/RecoverySystem( 1914): No recovery log file
06-07 00:43:56.222 W/art     ( 1914): Long monitor contention with owner android.display (1981) at void com.android.server.wm.WindowAnimator$1.doFrame(long)(WindowAnimator.java:144) waiters=0 in void com.android.server.wm.WindowManagerService.finishDrawingWindow(com.android.server.wm.Session, android.view.IWindow) for 172ms
06-07 00:43:56.095 I/BootReceiver( 1914): Copying audit failures to DropBox
06-07 00:43:56.237 I/BootReceiver( 1914): Checking for fsck errors
06-07 00:43:56.541 W/art     ( 1914): Long monitor contention with owner Binder:1914_3 (2145) at void com.android.server.am.ActivityManagerService.attachApplication(android.app.IApplicationThread)(ActivityManagerService.java:6669) waiters=1 in java.lang.String com.android.server.am.ActivityManagerService.checkContentProviderAccess(java.lang.String, int) for 250ms
06-07 00:43:56.556 W/art     ( 1914): Long monitor contention with owner android.display (1981) at void com.android.server.wm.WindowManagerService$H.handleMessage(android.os.Message)(WindowManagerService.java:8368) waiters=0 in void com.android.server.wm.WindowManagerService.finishDrawingWindow(com.android.server.wm.Session, android.view.IWindow) for 334ms
06-07 00:43:56.616 W/art     ( 1914): Long monitor contention with owner Binder:1914_3 (2145) at void com.android.server.am.ActivityManagerService.attachApplication(android.app.IApplicationThread)(ActivityManagerService.java:6669) waiters=0 in void com.android.server.am.ActivityManagerService$3.handleMessage(android.os.Message) for 365ms
06-07 00:43:56.857 I/Choreographer( 2633): Skipped 72 frames!  The application may be doing too much work on its main thread.
06-07 00:43:56.912 E/Layer   ( 1320): [com.android.systemui.ImageWallpaper] rejecting buffer: bufWidth=1080, bufHeight=1920, front.active.{w=1, h=1}
06-07 00:43:56.982 W/System  ( 2875): ClassLoader referenced unknown path: /system/priv-app/Dialer/lib/x86_64
06-07 00:43:57.296 W/art     ( 1914): Long monitor contention with owner Binder:1914_8 (2464) at int com.android.server.wm.WindowManagerService.relayoutWindow(com.android.server.wm.Session, android.view.IWindow, int, android.view.WindowManager$LayoutParams, int, int, int, int, android.graphics.Rect, android.graphics.Rect, android.graphics.Rect, android.graphics.Rect, android.graphics.Rect, android.graphics.Rect, android.graphics.Rect, android.content.res.Configuration, android.view.Surface)(WindowManagerService.java:2857) waiters=0 in void com.android.server.wm.WindowManagerService$H.handleMessage(android.os.Message) for 396ms
06-07 00:43:57.634 W/art     ( 1914): Long monitor contention with owner Binder:1914_5 (2304) at int com.android.server.wm.WindowManagerService.relayoutWindow(com.android.server.wm.Session, android.view.IWindow, int, android.view.WindowManager$LayoutParams, int, int, int, int, android.graphics.Rect, android.graphics.Rect, android.graphics.Rect, android.graphics.Rect, android.graphics.Rect, android.graphics.Rect, android.graphics.Rect, android.content.res.Configuration, android.view.Surface)(WindowManagerService.java:2857) waiters=0 in void com.android.server.wm.WindowAnimator$1.doFrame(long) for 260ms
06-07 00:43:57.690 I/art     ( 2633): Background sticky concurrent mark sweep GC freed 16970(1469KB) AllocSpace objects, 3(60KB) LOS objects, 0% free, 18MB/18MB, paused 940us total 300.075ms
06-07 00:43:58.014 I/art     ( 2633): Background partial concurrent mark sweep GC freed 4817(351KB) AllocSpace objects, 2(4MB) LOS objects, 23% free, 12MB/16MB, paused 947us total 296.079ms
06-07 00:43:58.167 V/MediaScanner( 2846): pruneDeadThumbnailFiles... android.content.ContentProviderClient$CursorWrapperInner@680b3d7
06-07 00:43:58.169 V/MediaScanner( 2846): /pruneDeadThumbnailFiles... android.content.ContentProviderClient$CursorWrapperInner@680b3d7
06-07 00:43:58.667 D/ExtensionsFactory( 2875): No custom extensions.
06-07 00:43:58.706 D/BlockedNumbersAuto( 2875): Not attempting auto-migrate: already checked once.
06-07 00:43:59.024 W/CountryDetector( 2875): No location permissions, not registering for location updates.
06-07 00:43:59.059 D/CarrierConfigLoader( 2578): mHandler: 13 phoneId: 0
06-07 00:43:59.059 D/CarrierConfigLoader( 2578): mHandler: 7 phoneId: 0
06-07 00:43:59.078 E/CarrierConfigLoader( 2578): Cannot restore config with null packageName or iccid.
06-07 00:43:59.079 D/CarrierConfigLoader( 2578): Binding to com.android.carrierconfig for phone 0
06-07 00:43:59.193 W/ActivityManager( 1914): Slow operation: 129ms so far, now at startProcess: returned from zygote!
06-07 00:43:59.193 W/ActivityManager( 1914): Slow operation: 129ms so far, now at startProcess: done updating battery stats
06-07 00:43:59.194 W/ActivityManager( 1914): Slow operation: 130ms so far, now at startProcess: building log message
06-07 00:43:59.194 I/ActivityManager( 1914): Start proc 2893:com.android.calendar/u0a26 for broadcast com.android.calendar/.alerts.AlertReceiver
06-07 00:43:59.194 W/ActivityManager( 1914): Slow operation: 130ms so far, now at startProcess: starting to update pids map
06-07 00:43:59.194 W/ActivityManager( 1914): Slow operation: 130ms so far, now at startProcess: done updating pids map
06-07 00:43:59.194 W/ActivityManager( 1914): Slow operation: 131ms so far, now at startProcess: done starting proc!
06-07 00:43:59.307 W/art     ( 2898): Unexpected CPU variant for X86 using defaults: x86_64
06-07 00:43:59.313 W/ActivityManager( 1914): Slow operation: 106ms so far, now at startProcess: returned from zygote!
06-07 00:43:59.314 W/ActivityManager( 1914): Slow operation: 106ms so far, now at startProcess: done updating battery stats
06-07 00:43:59.314 W/ActivityManager( 1914): Slow operation: 106ms so far, now at startProcess: building log message
06-07 00:43:59.314 I/ActivityManager( 1914): Start proc 2898:com.android.carrierconfig/u0a3 for service com.android.carrierconfig/.DefaultCarrierConfigService
06-07 00:43:59.314 W/ActivityManager( 1914): Slow operation: 106ms so far, now at startProcess: starting to update pids map
06-07 00:43:59.314 W/ActivityManager( 1914): Slow operation: 107ms so far, now at startProcess: done updating pids map
06-07 00:43:59.315 W/ActivityManager( 1914): Slow operation: 107ms so far, now at startProcess: done starting proc!
06-07 00:43:59.474 W/art     ( 2893): Unexpected CPU variant for X86 using defaults: x86_64
06-07 00:43:59.539 W/System  ( 2898): ClassLoader referenced unknown path: /system/priv-app/CarrierConfig/lib/x86_64
06-07 00:43:59.645 D/DefaultCarrierConfigService( 2898): Service created
06-07 00:43:59.662 D/CarrierConfigLoader( 2578): Connected to config app: com.android.carrierconfig/com.android.carrierconfig.DefaultCarrierConfigService
06-07 00:43:59.662 D/CarrierConfigLoader( 2578): mHandler: 3 phoneId: 0
06-07 00:43:59.678 D/DefaultCarrierConfigService( 2898): Config being fetched
06-07 00:43:59.682 D/DefaultCarrierConfigService( 2898): java.io.FileNotFoundException: carrier_config_.xml
06-07 00:43:59.718 E/CarrierConfigLoader( 2578): Cannot save config with null packageName or iccid.
06-07 00:43:59.731 D/CarrierConfigLoader( 2578): mHandler: 5 phoneId: 0
06-07 00:43:59.733 E/PhoneInterfaceManager( 2578): [PhoneIntfMgr] getCarrierPackageNamesForIntent: No UICC
06-07 00:43:59.961 I/Telecom ( 1914): PhoneAccountRegistrar: SimCallManager queried, returning: null: TSI.gSCMFU@AAc
06-07 00:44:00.097 W/art     ( 1914): Long monitor contention with owner ActivityManager (1962) at void com.android.server.am.BroadcastQueue.processNextBroadcast(boolean)(BroadcastQueue.java:760) waiters=1 in void com.android.server.am.ActivityManagerService.serviceDoneExecuting(android.os.IBinder, int, int, int) for 276ms
06-07 00:44:00.474 W/System  ( 2893): ClassLoader referenced unknown path: /system/app/Calendar/lib/x86_64
06-07 00:44:00.977 D/ExtensionsFactory( 2893): No custom extensions.
06-07 00:44:01.036 D/AlertReceiver( 2893): onReceive: a=android.intent.action.BOOT_COMPLETED Intent { act=android.intent.action.BOOT_COMPLETED flg=0x9000010 cmp=com.android.calendar/.alerts.AlertReceiver (has extras) }
06-07 00:44:01.102 I/AlarmClock( 2721): AlarmInitReceiver android.intent.action.BOOT_COMPLETED
06-07 00:44:01.176 D/AlertUtils( 2893): Flushing old alerts from shared prefs table
06-07 00:44:01.331 D/AlertService( 2893): 0 Action = android.intent.action.BOOT_COMPLETED
06-07 00:44:01.411 D/AlertService( 2893): Scheduling next alarm with AlarmScheduler. sEventReminderReceived: null
06-07 00:44:01.636 V/AlarmClock( 2721): AlarmInitReceiver finished
06-07 00:44:01.732 W/ActivityManager( 1914): Slow operation: 94ms so far, now at startProcess: returned from zygote!
06-07 00:44:01.732 W/ActivityManager( 1914): Slow operation: 94ms so far, now at startProcess: done updating battery stats
06-07 00:44:01.737 W/ActivityManager( 1914): Slow operation: 99ms so far, now at startProcess: building log message
06-07 00:44:01.737 I/ActivityManager( 1914): Start proc 2931:com.android.providers.calendar/u0a2 for content provider com.android.providers.calendar/.CalendarProvider2
06-07 00:44:01.737 W/ActivityManager( 1914): Slow operation: 99ms so far, now at startProcess: starting to update pids map
06-07 00:44:01.737 W/ActivityManager( 1914): Slow operation: 99ms so far, now at startProcess: done updating pids map
06-07 00:44:01.737 W/ActivityManager( 1914): Slow operation: 99ms so far, now at startProcess: done starting proc!
06-07 00:44:01.737 W/ActivityManager( 1914): Slow operation: 125ms so far, now at getContentProviderImpl: after start process
06-07 00:44:01.738 W/ActivityManager( 1914): Slow operation: 125ms so far, now at getContentProviderImpl: updating data structures
06-07 00:44:01.738 W/ActivityManager( 1914): Slow operation: 125ms so far, now at getContentProviderImpl: done!
06-07 00:44:01.837 W/art     ( 2936): Unexpected CPU variant for X86 using defaults: x86_64
06-07 00:44:01.878 W/art     ( 2931): Unexpected CPU variant for X86 using defaults: x86_64
06-07 00:44:02.086 W/ActivityManager( 1914): Slow operation: 346ms so far, now at startProcess: returned from zygote!
06-07 00:44:02.086 W/ActivityManager( 1914): Slow operation: 346ms so far, now at startProcess: done updating battery stats
06-07 00:44:02.087 W/ActivityManager( 1914): Slow operation: 347ms so far, now at startProcess: building log message
06-07 00:44:02.087 I/ActivityManager( 1914): Start proc 2936:com.android.email/u0a34 for broadcast com.android.email/.service.EmailBroadcastReceiver
06-07 00:44:02.087 W/ActivityManager( 1914): Slow operation: 347ms so far, now at startProcess: starting to update pids map
06-07 00:44:02.087 W/ActivityManager( 1914): Slow operation: 347ms so far, now at startProcess: done updating pids map
06-07 00:44:02.087 W/ActivityManager( 1914): Slow operation: 347ms so far, now at startProcess: done starting proc!
06-07 00:44:02.094 W/art     ( 1914): Long monitor contention with owner Binder:1914_5 (2304) at void com.android.server.am.BroadcastQueue.processNextBroadcast(boolean)(BroadcastQueue.java:760) waiters=0 in void com.android.server.am.ActivityManagerService.dispatchUidsChanged() for 345ms
06-07 00:44:02.344 W/System  ( 2931): ClassLoader referenced unknown path: /system/priv-app/CalendarProvider/lib/x86_64
06-07 00:44:02.450 W/System  ( 2936): ClassLoader referenced unknown path: /system/app/Email/lib/x86_64
06-07 00:44:02.859 I/CalendarProvider2( 2931): Created com.android.providers.calendar.CalendarAlarmManager@23646cd(com.android.providers.calendar.CalendarProvider2@a3ccb82)
06-07 00:44:02.981 D/AlarmScheduler( 2893): No events found starting within 1 week.
06-07 00:44:03.676 W/ActivityManager( 1914): Unable to start service Intent { act=com.android.email.EXCHANGE_INTENT pkg=com.android.exchange } U=0: not found
06-07 00:44:03.713 D/ActivityThread( 2936): Loading provider com.android.email.provider;com.android.email.notifier: com.android.email.provider.EmailProvider
06-07 00:44:03.729 D/ActivityThread( 2936): Loading provider com.android.email.provider;com.android.email.notifier: com.android.email.provider.EmailProvider
06-07 00:44:03.769 W/ActivityManager( 1914): Unable to start service Intent { act=com.android.email.EXCHANGE_INTENT pkg=com.android.exchange } U=0: not found
06-07 00:44:03.777 W/ActivityManager( 1914): Unable to start service Intent { act=com.android.email.EXCHANGE_INTENT pkg=com.android.exchange } U=0: not found
06-07 00:44:03.967 I/CalendarProvider2( 2931): Sending notification intent: Intent { act=android.intent.action.PROVIDER_CHANGED dat=content://com.android.calendar flg=0x20000000 }
06-07 00:44:03.968 W/ContentResolver( 2931): Failed to get type for: content://com.android.calendar (Unknown URL content://com.android.calendar)
06-07 00:44:04.020 W/ActivityManager( 1914): Unable to start service Intent { cmp=com.android.email/.service.AttachmentService } U=0: not found
06-07 00:44:04.031 W/ActivityManager( 1914): Unable to start service Intent { act=com.android.email.EXCHANGE_INTENT pkg=com.android.exchange } U=0: not found
06-07 00:44:04.050 W/ActivityManager( 1914): Unable to start service Intent { cmp=com.android.email/.service.AttachmentService } U=0: not found
06-07 00:44:04.115 I/Email   ( 2936): Observing account changes for notifications
06-07 00:44:04.123 W/ActivityManager( 1914): Unable to start service Intent { cmp=com.android.email/.service.AttachmentService } U=0: not found
06-07 00:44:04.171 W/ActivityManager( 1914): Unable to start service Intent { act=com.android.email.EXCHANGE_INTENT pkg=com.android.exchange } U=0: not found
06-07 00:44:04.220 I/SystemBroadcastReceiver( 2160): Boot has been completed
06-07 00:44:04.221 I/SystemBroadcastReceiver( 2160): toggleAppIcon() : FLAG_SYSTEM = true
06-07 00:44:04.284 W/ActivityManager( 1914): Unable to start service Intent { act=com.android.email.EXCHANGE_INTENT pkg=com.android.exchange } U=0: not found
06-07 00:44:04.347 W/ActivityManager( 1914): Unable to start service Intent { act=com.android.email.EXCHANGE_INTENT pkg=com.android.exchange } U=0: not found
06-07 00:44:04.355 W/ActivityManager( 1914): Unable to start service Intent { act=com.android.email.EXCHANGE_INTENT pkg=com.android.exchange } U=0: not found
06-07 00:44:04.406 I/art     ( 1914): Background partial concurrent mark sweep GC freed 16574(1585KB) AllocSpace objects, 16(952KB) LOS objects, 28% free, 9MB/13MB, paused 2.111ms total 258.121ms
06-07 00:44:04.421 E/ActivityThread( 2936): Service com.android.email.service.EmailBroadcastProcessorService has leaked ServiceConnection com.android.emailcommon.service.ServiceProxy$ProxyConnection@c6a9c2c that was originally bound here
06-07 00:44:04.421 E/ActivityThread( 2936): android.app.ServiceConnectionLeaked: Service com.android.email.service.EmailBroadcastProcessorService has leaked ServiceConnection com.android.emailcommon.service.ServiceProxy$ProxyConnection@c6a9c2c that was originally bound here
06-07 00:44:04.421 E/ActivityThread( 2936): 	at android.app.LoadedApk$ServiceDispatcher.<init>(LoadedApk.java:1336)
06-07 00:44:04.421 E/ActivityThread( 2936): 	at android.app.LoadedApk.getServiceDispatcher(LoadedApk.java:1231)
06-07 00:44:04.421 E/ActivityThread( 2936): 	at android.app.ContextImpl.bindServiceCommon(ContextImpl.java:1450)
06-07 00:44:04.421 E/ActivityThread( 2936): 	at android.app.ContextImpl.bindService(ContextImpl.java:1422)
06-07 00:44:04.421 E/ActivityThread( 2936): 	at android.content.ContextWrapper.bindService(ContextWrapper.java:636)
06-07 00:44:04.421 E/ActivityThread( 2936): 	at com.android.emailcommon.service.ServiceProxy.setTask(ServiceProxy.java:181)
06-07 00:44:04.421 E/ActivityThread( 2936): 	at com.android.emailcommon.service.ServiceProxy.test(ServiceProxy.java:224)
06-07 00:44:04.421 E/ActivityThread( 2936): 	at com.android.email.service.EmailServiceUtils.isServiceAvailable(EmailServiceUtils.java:160)
06-07 00:44:04.421 E/ActivityThread( 2936): 	at com.android.email.provider.AccountReconciler.reconcileAccountsInternal(AccountReconciler.java:171)
06-07 00:44:04.421 E/ActivityThread( 2936): 	at com.android.email.provider.AccountReconciler.reconcileAccounts(AccountReconciler.java:115)
06-07 00:44:04.421 E/ActivityThread( 2936): 	at com.android.email.service.EmailBroadcastProcessorService.reconcileAndStartServices(EmailBroadcastProcessorService.java:305)
06-07 00:44:04.421 E/ActivityThread( 2936): 	at com.android.email.service.EmailBroadcastProcessorService.onBootCompleted(EmailBroadcastProcessorService.java:295)
06-07 00:44:04.421 E/ActivityThread( 2936): 	at com.android.email.service.EmailBroadcastProcessorService.onHandleIntent(EmailBroadcastProcessorService.java:130)
06-07 00:44:04.421 E/ActivityThread( 2936): 	at android.app.IntentService$ServiceHandler.handleMessage(IntentService.java:68)
06-07 00:44:04.421 E/ActivityThread( 2936): 	at android.os.Handler.dispatchMessage(Handler.java:102)
06-07 00:44:04.421 E/ActivityThread( 2936): 	at android.os.Looper.loop(Looper.java:154)
06-07 00:44:04.421 E/ActivityThread( 2936): 	at android.os.HandlerThread.run(HandlerThread.java:61)
06-07 00:44:04.423 W/ActivityManager( 1914): Unbind failed: could not find connection for android.os.BinderProxy@8ff11f5
06-07 00:44:04.585 I/ActivityManager( 1914): Start proc 2969:com.android.managedprovisioning/u0a14 for broadcast com.android.managedprovisioning/.BootReminder
06-07 00:44:04.602 W/art     ( 2969): Unexpected CPU variant for X86 using defaults: x86_64
06-07 00:44:04.701 W/System  ( 2969): ClassLoader referenced unknown path: /system/priv-app/ManagedProvisioning/lib/x86_64
06-07 00:44:04.810 I/ActivityManager( 1914): Start proc 2983:com.android.messaging/u0a54 for broadcast com.android.messaging/.receiver.BootAndPackageReplacedReceiver
06-07 00:44:04.822 W/art     ( 2983): Unexpected CPU variant for X86 using defaults: x86_64
06-07 00:44:04.951 W/System  ( 2983): ClassLoader referenced unknown path: /system/app/messaging/lib/x86_64
06-07 00:44:06.024 I/MessagingApp( 2983): Carrier config changed. Reloading MMS config.
06-07 00:44:06.027 V/VvmBootCompletedRcvr( 2578): processing subId list
06-07 00:44:06.074 E/VvmBootCompletedRcvr( 2578): phone account ComponentInfo{com.android.phone/com.android.services.telephony.TelephonyConnectionService}, [e2f7d48dd2b5ca523e7313cf4ba0f6ea830b6281], UserHandle{0} has invalid subId -1
06-07 00:44:06.168 I/MessagingAppDataModel( 2983): Fixup: Send failed - 0 Download failed - 0
06-07 00:44:06.499 I/VvmSimChangeReceiver( 2578): Received SIM change for invalid subscription id.
06-07 00:44:06.598 I/MessagingAppDataModel( 2983): SyncMessagesAction: Starting batch for messages from 1590625725905 to 1591490645903 (message update limit = 80, message scan limit = 4000)
06-07 00:44:06.648 D/AlertReceiver( 2893): onReceive: a=android.intent.action.PROVIDER_CHANGED Intent { act=android.intent.action.PROVIDER_CHANGED dat=content://com.android.calendar flg=0x20000010 cmp=com.android.calendar/.alerts.AlertReceiver }
06-07 00:44:06.695 D/AlertService( 2893): 0 Action = android.intent.action.PROVIDER_CHANGED
06-07 00:44:07.569 I/MessagingAppDataModel( 2983): SyncMessagesAction: All messages now in sync
06-07 00:44:08.726 W/MediaScanner( 2846): Error opening directory '/oem/media/', skipping: No such file or directory.
06-07 00:44:08.902 V/MediaScanner( 2846): pruneDeadThumbnailFiles... android.content.ContentProviderClient$CursorWrapperInner@9f846cf
06-07 00:44:08.903 V/MediaScanner( 2846): /pruneDeadThumbnailFiles... android.content.ContentProviderClient$CursorWrapperInner@9f846cf
06-07 00:44:11.738 I/GlobalDismissManager( 2893): no sender configured
06-07 00:44:11.740 D/AlertService( 2893): Beginning updateAlertNotification
06-07 00:44:11.778 D/AlertService( 2893): No fired or scheduled alerts
06-07 00:44:11.817 D/AlertService( 2893): Scheduling next alarm with AlarmScheduler. sEventReminderReceived: null
06-07 00:44:11.852 D/AlarmScheduler( 2893): No events found starting within 1 week.
06-07 00:44:16.364 I/ActivityManager( 1914): Waited long enough for: ServiceRecord{a4e3594 u0 com.android.calendar/.alerts.InitAlarmsService}
06-07 00:44:31.451 D/InitAlarmsService( 2893): Clearing and rescheduling alarms.
06-07 00:44:50.724 W//sbin/adbd( 1322): type=1400 audit(0.0:16): avc: denied { search } for comm=7365727669636520333035 name="security" dev="vdc" ino=35203 scontext=u:r:adbd:s0 tcontext=u:object_r:security_file:s0 tclass=dir permissive=0
06-07 00:45:40.831 D/AndroidRuntime( 3017): >>>>>> START com.android.internal.os.RuntimeInit uid 2000 <<<<<<
06-07 00:45:40.854 D/AndroidRuntime( 3017): CheckJNI is ON
06-07 00:45:41.227 W/art     ( 3017): Unexpected CPU variant for X86 using defaults: x86_64
06-07 00:45:41.266 D/ICU     ( 3017): No timezone override file found: /data/misc/zoneinfo/current/icu/icu_tzdata.dat
06-07 00:45:41.463 E/memtrack( 3017): Couldn't load memtrack module (No such file or directory)
06-07 00:45:41.463 E/android.os.Debug( 3017): failed to load memtrack module: -2
06-07 00:45:41.471 I/Radio-JNI( 3017): register_android_hardware_Radio DONE
06-07 00:45:41.595 D/AndroidRuntime( 3017): Calling main entry com.android.commands.pm.Pm
06-07 00:45:41.689 I/        ( 1328): free_cache(141614691) avail 800296960
06-07 00:46:11.704 W/art     ( 1914): Long monitor contention with owner PackageInstaller (2088) at java.lang.String[] java.io.UnixFileSystem.list0(java.io.File)(UnixFileSystem.java:-2) waiters=0 in android.content.pm.PackageInstaller$SessionInfo com.android.server.pm.PackageInstallerSession.generateInfo() for 21.353s
06-07 00:46:11.768 I/ActivityManager( 1914): Start proc 3028:com.android.defcontainer/u0a7 for service com.android.defcontainer/.DefaultContainerService
06-07 00:46:11.779 W/art     ( 3028): Unexpected CPU variant for X86 using defaults: x86_64
06-07 00:46:12.728 I/PackageManager.DexOptimizer( 1914): Running dexopt (dex2oat) on: /data/app/vmdl442156421.tmp/base.apk pkg=jp.jaxa.iss.kibo.rpc.defaultapk isa=x86_64 vmSafeMode=false debuggable=true target-filter=interpret-only oatDir = /data/app/vmdl442156421.tmp/oat sharedLibraries=null
06-07 00:46:13.145 W/dex2oat ( 3043): Unexpected CPU variant for X86 using defaults: x86_64
06-07 00:46:13.175 I/dex2oat ( 3043): /system/bin/dex2oat --compiler-filter=interpret-only --debuggable
06-07 00:46:17.841 W/dex2oat ( 3043): Before Android 4.1, method android.graphics.PorterDuffColorFilter android.support.graphics.drawable.VectorDrawableCompat.updateTintFilter(android.graphics.PorterDuffColorFilter, android.content.res.ColorStateList, android.graphics.PorterDuff$Mode) would have incorrectly overridden the package-private method in android.graphics.drawable.Drawable
06-07 00:46:18.495 W/dex2oat ( 3043): Before Android 4.1, method int android.support.v7.widget.ListViewCompat.lookForSelectablePosition(int, boolean) would have incorrectly overridden the package-private method in android.widget.ListView
06-07 00:46:31.961 W/dex2oat ( 3043): Verification of void boofcv.alg.geo.f.HelperNister5.setupA1(org.ejml.data.DMatrixRMaj) took 100.645ms
06-07 00:46:32.092 W/dex2oat ( 3043): Verification of void boofcv.alg.geo.f.HelperNister5.setupA2(org.ejml.data.DMatrixRMaj) took 128.288ms
06-07 00:46:34.294 W/dex2oat ( 3043): Verification of double org.apache.commons.math3.optim.nonlinear.scalar.noderiv.BOBYQAOptimizer.bobyqb(double[], double[]) took 230.250ms
06-07 00:46:34.631 W/dex2oat ( 3043): Verification of double org.apache.commons.math3.optimization.direct.BOBYQAOptimizer.bobyqb(double[], double[]) took 272.576ms
06-07 00:46:43.048 W/dex2oat ( 3043): Compilation of java.lang.String org.opencv.android.StaticHelper.getLibraryList() took 128.393ms
06-07 00:46:43.068 W/dex2oat ( 3043): Compilation of void org.opencv.android.Utils.nBitmapToMat2(android.graphics.Bitmap, long, boolean) took 146.554ms
06-07 00:46:49.840 I/dex2oat ( 3043): dex2oat took 36.715s (threads: 2) arena alloc=591KB (605968B) java alloc=11MB (11993536B) native alloc=29MB (30896080B) free=6MB (6328368B)
06-07 00:46:50.255 D/installd( 1328): Detected label change from u:object_r:system_data_file:s0 to u:object_r:app_data_file:s0:c512,c768 at /data/data/jp.jaxa.iss.kibo.rpc.defaultapk; running recursive restorecon
06-07 00:46:50.273 D/installd( 1328): Detected label change from u:object_r:system_data_file:s0 to u:object_r:app_data_file:s0:c512,c768 at /data/user_de/0/jp.jaxa.iss.kibo.rpc.defaultapk; running recursive restorecon
06-07 00:46:50.292 V/BackupManagerService( 1914): restoreAtInstall pkg=jp.jaxa.iss.kibo.rpc.defaultapk token=1 restoreSet=0
06-07 00:46:50.296 W/BackupManagerService( 1914): Requested unavailable transport: android/com.android.internal.backup.LocalTransport
06-07 00:46:50.297 W/BackupManagerService( 1914): No transport
06-07 00:46:50.297 V/BackupManagerService( 1914): Finishing install immediately
06-07 00:46:50.342 I/GnssLocationProvider( 1914): WakeLock acquired by sendMessage(3, 0, com.android.server.location.GnssLocationProvider$GpsRequest@ec7278c)
06-07 00:46:50.370 D/VoldConnector( 1914): SND -> {9 volume remount_uid 10064 default}
06-07 00:46:50.381 I/GnssLocationProvider( 1914): WakeLock released by handleMessage(3, 0, com.android.server.location.GnssLocationProvider$GpsRequest@ec7278c)
06-07 00:46:50.387 D/vold    ( 1269): Remounting 10064 as mode default
06-07 00:46:50.408 D/VoldConnector( 1914): RCV <- {200 9 Command succeeded}
06-07 00:46:50.414 D/VoldConnector( 1914): SND -> {10 volume remount_uid 10064 write}
06-07 00:46:50.415 D/vold    ( 1269): Remounting 10064 as mode write
06-07 00:46:50.417 I/GnssLocationProvider( 1914): WakeLock acquired by sendMessage(3, 0, com.android.server.location.GnssLocationProvider$GpsRequest@b20aed5)
06-07 00:46:50.420 I/GnssLocationProvider( 1914): WakeLock released by handleMessage(3, 0, com.android.server.location.GnssLocationProvider$GpsRequest@b20aed5)
06-07 00:46:50.434 D/VoldConnector( 1914): RCV <- {200 10 Command succeeded}
06-07 00:46:50.439 I/GnssLocationProvider( 1914): WakeLock acquired by sendMessage(3, 0, com.android.server.location.GnssLocationProvider$GpsRequest@fed86ea)
06-07 00:46:50.446 I/GnssLocationProvider( 1914): WakeLock released by handleMessage(3, 0, com.android.server.location.GnssLocationProvider$GpsRequest@fed86ea)
06-07 00:46:50.468 I/art     ( 1914): Starting a blocking GC Explicit
06-07 00:46:50.598 I/art     ( 1914): Explicit concurrent mark sweep GC freed 22248(1399KB) AllocSpace objects, 12(288KB) LOS objects, 29% free, 9MB/13MB, paused 3.054ms total 119.596ms
06-07 00:46:50.601 E/        ( 1328): Couldn't opendir /data/app/vmdl442156421.tmp: No such file or directory
06-07 00:46:50.866 I/InputReader( 1914): Reconfiguring input devices.  changes=0x00000010
06-07 00:46:50.932 W/ActivityManager( 1914): Slow operation: 125ms so far, now at startProcess: returned from zygote!
06-07 00:46:50.932 W/ActivityManager( 1914): Slow operation: 126ms so far, now at startProcess: done updating battery stats
06-07 00:46:50.933 W/ActivityManager( 1914): Slow operation: 126ms so far, now at startProcess: building log message
06-07 00:46:50.933 I/ActivityManager( 1914): Start proc 3047:com.android.gallery3d/u0a39 for broadcast com.android.gallery3d/.app.PackagesMonitor
06-07 00:46:50.933 W/ActivityManager( 1914): Slow operation: 127ms so far, now at startProcess: starting to update pids map
06-07 00:46:50.934 W/ActivityManager( 1914): Slow operation: 127ms so far, now at startProcess: done updating pids map
06-07 00:46:50.934 W/ActivityManager( 1914): Slow operation: 144ms so far, now at startProcess: done starting proc!
06-07 00:46:50.947 W/art     ( 1914): Long monitor contention with owner ActivityManager (1962) at void com.android.server.am.BroadcastQueue.processNextBroadcast(boolean)(BroadcastQueue.java:760) waiters=1 in void com.android.server.am.ActivityManagerService.dispatchUidsChanged() for 139ms
06-07 00:46:50.969 I/art     ( 3017): System.exit called, status: 0
06-07 00:46:50.970 I/AndroidRuntime( 3017): VM exiting with result code 0.
06-07 00:46:50.995 W/art     ( 3047): Unexpected CPU variant for X86 using defaults: x86_64
06-07 00:46:51.085 W/art     ( 1914): Long monitor contention with owner android.bg (1961) at void com.android.server.pm.ShortcutService.handlePackageAdded(java.lang.String, int)(ShortcutService.java:2696) waiters=0 in void com.android.server.pm.ShortcutService.handleOnUidStateChanged(int, int) for 132ms
06-07 00:46:51.371 E/PhoneInterfaceManager( 2578): [PhoneIntfMgr] getCarrierPackageNamesForIntent: No UICC
06-07 00:46:51.372 D/CarrierSvcBindHelper( 2578): No carrier app for: 0
06-07 00:46:51.374 D/CarrierConfigLoader( 2578): mHandler: 9 phoneId: 0
06-07 00:46:51.596 W/art     ( 1914): Long monitor contention with owner backup (2648) at void java.io.ByteArrayOutputStream.<init>(int)(ByteArrayOutputStream.java:72) waiters=0 in void com.android.server.backup.BackupManagerService.dataChangedImpl(java.lang.String, java.util.HashSet) for 400ms
06-07 00:46:52.067 W/VoiceInteractionManagerService( 1914): no available voice recognition services found for user 0
06-07 00:46:52.901 W/ActivityManager( 1914): Slow operation: 62ms so far, now at startProcess: returned from zygote!
06-07 00:46:52.901 W/ActivityManager( 1914): Slow operation: 63ms so far, now at startProcess: done updating battery stats
06-07 00:46:52.902 W/ActivityManager( 1914): Slow operation: 63ms so far, now at startProcess: building log message
06-07 00:46:52.902 I/ActivityManager( 1914): Start proc 3067:com.svox.pico/u0a49 for broadcast com.svox.pico/.VoiceDataInstallerReceiver
06-07 00:46:52.902 W/ActivityManager( 1914): Slow operation: 63ms so far, now at startProcess: starting to update pids map
06-07 00:46:52.902 W/ActivityManager( 1914): Slow operation: 63ms so far, now at startProcess: done updating pids map
06-07 00:46:52.902 W/ActivityManager( 1914): Slow operation: 63ms so far, now at startProcess: done starting proc!
06-07 00:46:52.908 W/art     ( 3067): Unexpected CPU variant for X86 using defaults: x86_64
06-07 00:46:53.094 I/ActivityManager( 1914): Killing 2739:com.android.keychain/1000 (adj 906): empty #17
06-07 00:46:53.145 D/ActivityManager( 1914): cleanUpApplicationRecord -- 2739
06-07 00:48:17.979 D/AndroidRuntime( 3082): >>>>>> START com.android.internal.os.RuntimeInit uid 2000 <<<<<<
06-07 00:48:18.009 D/AndroidRuntime( 3082): CheckJNI is ON
06-07 00:48:18.423 W/art     ( 3082): Unexpected CPU variant for X86 using defaults: x86_64
06-07 00:48:18.470 D/ICU     ( 3082): No timezone override file found: /data/misc/zoneinfo/current/icu/icu_tzdata.dat
06-07 00:48:18.695 E/memtrack( 3082): Couldn't load memtrack module (No such file or directory)
06-07 00:48:18.695 E/android.os.Debug( 3082): failed to load memtrack module: -2
06-07 00:48:18.704 I/Radio-JNI( 3082): register_android_hardware_Radio DONE
06-07 00:48:18.845 D/AndroidRuntime( 3082): Calling main entry com.android.commands.am.Am
06-07 00:48:18.935 I/art     ( 3092): Not late-enabling -Xcheck:jni (already on)
06-07 00:48:18.941 I/ActivityManager( 1914): Start proc 3092:gov.nasa.arc.astrobee.android.gs.manager/u0a63 for service gov.nasa.arc.astrobee.android.gs.manager/.ManagerService
06-07 00:48:18.944 D/AndroidRuntime( 3082): Shutting down VM
06-07 00:48:18.960 W/art     ( 3092): Unexpected CPU variant for X86 using defaults: x86_64
06-07 00:48:19.150 W/System  ( 3092): ClassLoader referenced unknown path: /data/app/gov.nasa.arc.astrobee.android.gs.manager-1/lib/x86_64
06-07 00:48:19.862 E/Notification( 3092): setLatestEventInfo() is deprecated and you should feel deprecated.
06-07 00:48:19.862 E/Notification( 3092): java.lang.Throwable
06-07 00:48:19.862 E/Notification( 3092): 	at android.app.Notification.setLatestEventInfo(Notification.java:2076)
06-07 00:48:19.862 E/Notification( 3092): 	at org.ros.android.NodeMainExecutorService.onStartCommand(NodeMainExecutorService.java:220)
06-07 00:48:19.862 E/Notification( 3092): 	at android.app.ActivityThread.handleServiceArgs(ActivityThread.java:3326)
06-07 00:48:19.862 E/Notification( 3092): 	at android.app.ActivityThread.-wrap21(ActivityThread.java)
06-07 00:48:19.862 E/Notification( 3092): 	at android.app.ActivityThread$H.handleMessage(ActivityThread.java:1582)
06-07 00:48:19.862 E/Notification( 3092): 	at android.os.Handler.dispatchMessage(Handler.java:102)
06-07 00:48:19.862 E/Notification( 3092): 	at android.os.Looper.loop(Looper.java:154)
06-07 00:48:19.862 E/Notification( 3092): 	at android.app.ActivityThread.main(ActivityThread.java:6119)
06-07 00:48:19.862 E/Notification( 3092): 	at java.lang.reflect.Method.invoke(Native Method)
06-07 00:48:19.862 E/Notification( 3092): 	at com.android.internal.os.ZygoteInit$MethodAndArgsCaller.run(ZygoteInit.java:886)
06-07 00:48:19.862 E/Notification( 3092): 	at com.android.internal.os.ZygoteInit.main(ZygoteInit.java:776)
06-07 00:48:21.417 D/NotificationSQLiteLog( 1914): Pruned event entries: 19
06-07 00:48:21.588 I/Registrar( 3092): MasterXmlRpcEndpoint URI: http://llp:11311
06-07 00:48:21.763 I/Registrar( 3092): Registering publisher: Publisher<PublisherDefinition<PublisherIdentifier<NodeIdentifier</guest_science_manager, http://hlp:57919/>, TopicIdentifier</rosout>>, Topic<TopicIdentifier</rosout>, TopicDescription<rosgraph_msgs/Log, acffd30cd6b6de30f120938c17c593fb>>>>
06-07 00:48:22.755 I/Registrar( 3092): Response<Success, Registered [/guest_science_manager] as publisher of [/rosout], [http://10.42.0.34:46098/, http://10.42.0.34:38628/]>
06-07 00:48:22.802 I/DefaultPublisher( 3092): Publisher registered: Publisher<PublisherDefinition<PublisherIdentifier<NodeIdentifier</guest_science_manager, http://hlp:57919/>, TopicIdentifier</rosout>>, Topic<TopicIdentifier</rosout>, TopicDescription<rosgraph_msgs/Log, acffd30cd6b6de30f120938c17c593fb>>>>
06-07 00:48:22.912 I/Registrar( 3092): Registering subscriber: Subscriber<Topic<TopicIdentifier</clock>, TopicDescription<rosgraph_msgs/Clock, a9c97c1d230cfc112e270351a944ee47>>>
06-07 00:48:23.108 I/Registrar( 3092): Response<Success, Subscribed to [/clock], [http://10.42.0.34:43150/]>
06-07 00:48:23.147 I/DefaultSubscriber( 3092): Subscriber registered: Subscriber<Topic<TopicIdentifier</clock>, TopicDescription<rosgraph_msgs/Clock, a9c97c1d230cfc112e270351a944ee47>>>
06-07 00:48:23.218 I/Registrar( 3092): Registering publisher: Publisher<PublisherDefinition<PublisherIdentifier<NodeIdentifier</guest_science_manager, http://hlp:57919/>, TopicIdentifier</gs/gs_manager/ack>>, Topic<TopicIdentifier</gs/gs_manager/ack>, TopicDescription<ff_msgs/AckStamped, cebddec69fd770df54633be444a9187d>>>>
06-07 00:48:23.379 I/Registrar( 3092): Registering publisher: Publisher<PublisherDefinition<PublisherIdentifier<NodeIdentifier</guest_science_manager, http://hlp:57919/>, TopicIdentifier</gs/gs_manager/config>>, Topic<TopicIdentifier</gs/gs_manager/config>, TopicDescription<ff_msgs/GuestScienceConfig, c6f632ed2411de4159494a3e7754794e>>>>
06-07 00:48:23.445 I/Registrar( 3092): Response<Success, Registered [/guest_science_manager] as publisher of [/gs/gs_manager/ack], [http://10.42.0.34:34853/]>
06-07 00:48:23.454 I/DefaultPublisher( 3092): Publisher registered: Publisher<PublisherDefinition<PublisherIdentifier<NodeIdentifier</guest_science_manager, http://hlp:57919/>, TopicIdentifier</gs/gs_manager/ack>>, Topic<TopicIdentifier</gs/gs_manager/ack>, TopicDescription<ff_msgs/AckStamped, cebddec69fd770df54633be444a9187d>>>>
06-07 00:48:23.590 I/Registrar( 3092): Registering publisher: Publisher<PublisherDefinition<PublisherIdentifier<NodeIdentifier</guest_science_manager, http://hlp:57919/>, TopicIdentifier</gs/data>>, Topic<TopicIdentifier</gs/data>, TopicDescription<ff_msgs/GuestScienceData, edd2c791ea93ffa7cb0ec80c5bb00972>>>>
06-07 00:48:23.651 W/art     ( 3092): Suspending all threads took: 7.496ms
06-07 00:48:23.781 I/Registrar( 3092): Response<Success, Registered [/guest_science_manager] as publisher of [/gs/gs_manager/config], [http://10.42.0.34:39743/]>
06-07 00:48:23.846 I/DefaultPublisher( 3092): Publisher registered: Publisher<PublisherDefinition<PublisherIdentifier<NodeIdentifier</guest_science_manager, http://hlp:57919/>, TopicIdentifier</gs/gs_manager/config>>, Topic<TopicIdentifier</gs/gs_manager/config>, TopicDescription<ff_msgs/GuestScienceConfig, c6f632ed2411de4159494a3e7754794e>>>>
06-07 00:48:23.905 I/Registrar( 3092): Registering publisher: Publisher<PublisherDefinition<PublisherIdentifier<NodeIdentifier</guest_science_manager, http://hlp:57919/>, TopicIdentifier</gs/gs_manager/state>>, Topic<TopicIdentifier</gs/gs_manager/state>, TopicDescription<ff_msgs/GuestScienceState, 24e5a1ba8527257cc710720a32de6e51>>>>
06-07 00:48:24.148 I/Registrar( 3092): Response<Success, Registered [/guest_science_manager] as publisher of [/gs/data], [http://10.42.0.34:46168/, http://10.42.0.34:39743/, http://10.42.0.34:38628/]>
06-07 00:48:24.154 I/DefaultPublisher( 3092): Publisher registered: Publisher<PublisherDefinition<PublisherIdentifier<NodeIdentifier</guest_science_manager, http://hlp:57919/>, TopicIdentifier</gs/data>>, Topic<TopicIdentifier</gs/data>, TopicDescription<ff_msgs/GuestScienceData, edd2c791ea93ffa7cb0ec80c5bb00972>>>>
06-07 00:48:24.520 I/Registrar( 3092): Registering subscriber: Subscriber<Topic<TopicIdentifier</mgt/executive/command>, TopicDescription<ff_msgs/CommandStamped, ac01350894b1be9e3a7b4f390a14812d>>>
06-07 00:48:24.522 I/art     ( 3092): Background sticky concurrent mark sweep GC freed 28486(2MB) AllocSpace objects, 22(444KB) LOS objects, 17% free, 8MB/10MB, paused 14.770ms total 1.176s
06-07 00:48:24.540 I/Registrar( 3092): Response<Success, Registered [/guest_science_manager] as publisher of [/gs/gs_manager/state], [http://10.42.0.34:39743/]>
06-07 00:48:24.612 I/DefaultPublisher( 3092): Publisher registered: Publisher<PublisherDefinition<PublisherIdentifier<NodeIdentifier</guest_science_manager, http://hlp:57919/>, TopicIdentifier</gs/gs_manager/state>>, Topic<TopicIdentifier</gs/gs_manager/state>, TopicDescription<ff_msgs/GuestScienceState, 24e5a1ba8527257cc710720a32de6e51>>>>
06-07 00:48:24.885 W/ActivityManager( 1914): Slow operation: 110ms so far, now at startProcess: returned from zygote!
06-07 00:48:24.886 W/ActivityManager( 1914): Slow operation: 112ms so far, now at startProcess: done updating battery stats
06-07 00:48:24.887 W/ActivityManager( 1914): Slow operation: 112ms so far, now at startProcess: building log message
06-07 00:48:24.887 I/ActivityManager( 1914): Start proc 3166:jp.jaxa.iss.kibo.rpc.defaultapk/u0a64 for broadcast jp.jaxa.iss.kibo.rpc.defaultapk/gov.nasa.arc.astrobee.android.gs.InfoInqueryBroadcastReceiver
06-07 00:48:24.887 W/ActivityManager( 1914): Slow operation: 112ms so far, now at startProcess: starting to update pids map
06-07 00:48:24.887 W/ActivityManager( 1914): Slow operation: 112ms so far, now at startProcess: done updating pids map
06-07 00:48:24.887 W/ActivityManager( 1914): Slow operation: 114ms so far, now at startProcess: done starting proc!
06-07 00:48:24.954 I/Registrar( 3092): Response<Success, Subscribed to [/mgt/executive/command], [http://10.42.0.34:34853/]>
06-07 00:48:25.005 I/art     ( 3166): Not late-enabling -Xcheck:jni (already on)
06-07 00:48:25.008 W/art     ( 3166): Unexpected CPU variant for X86 using defaults: x86_64
06-07 00:48:25.028 I/DefaultSubscriber( 3092): Subscriber registered: Subscriber<Topic<TopicIdentifier</mgt/executive/command>, TopicDescription<ff_msgs/CommandStamped, ac01350894b1be9e3a7b4f390a14812d>>>
06-07 00:48:26.219 I/art     ( 3092): Background partial concurrent mark sweep GC freed 20331(1640KB) AllocSpace objects, 27(540KB) LOS objects, 36% free, 6MB/10MB, paused 33.309ms total 792.866ms
06-07 00:48:26.940 I/ActivityManager( 1914): Killing 2830:com.android.printspooler/u0a51 (adj 906): empty #17
06-07 00:48:27.157 D/ActivityManager( 1914): cleanUpApplicationRecord -- 2830
06-07 00:48:32.457 D/ManagerTimeoutTimer( 3092): Still waiting for the apk to start or stop. 4996.0 milliseconds left.
06-07 00:48:32.652 D/OpenCV/StaticHelper( 3166): Trying to get library list
06-07 00:48:32.808 E/OpenCV/StaticHelper( 3166): OpenCV error: Cannot load info library for OpenCV
06-07 00:48:32.817 D/OpenCV/StaticHelper( 3166): Library list: ""
06-07 00:48:32.817 D/OpenCV/StaticHelper( 3166): First attempt to load libs
06-07 00:48:32.817 D/OpenCV/StaticHelper( 3166): Trying to init OpenCV libs
06-07 00:48:32.817 D/OpenCV/StaticHelper( 3166): Trying to load library opencv_java3
06-07 00:48:33.000 D/OpenCV/StaticHelper( 3166): Library opencv_java3 loaded
06-07 00:48:33.000 D/OpenCV/StaticHelper( 3166): First attempt to load libs is OK
06-07 00:48:33.026 I/OpenCV/StaticHelper( 3166): 
06-07 00:48:33.026 I/OpenCV/StaticHelper( 3166): General configuration for OpenCV 3.4.4 =====================================
06-07 00:48:33.026 I/OpenCV/StaticHelper( 3166):   Version control:               3.4.4
06-07 00:48:33.026 I/OpenCV/StaticHelper( 3166): 
06-07 00:48:33.026 I/OpenCV/StaticHelper( 3166):   Extra modules:
06-07 00:48:33.027 I/OpenCV/StaticHelper( 3166):     Location (extra):            /build/3_4-contrib_pack-contrib-android/opencv_contrib/modules
06-07 00:48:33.027 I/OpenCV/StaticHelper( 3166):     Version control (extra):     3.4.4
06-07 00:48:33.027 I/OpenCV/StaticHelper( 3166): 
06-07 00:48:33.027 I/OpenCV/StaticHelper( 3166):   Platform:
06-07 00:48:33.027 I/OpenCV/StaticHelper( 3166):     Timestamp:                   2018-11-17T00:27:32Z
06-07 00:48:33.027 I/OpenCV/StaticHelper( 3166):     Host:                        Linux 4.15.0-38-generic x86_64
06-07 00:48:33.027 I/OpenCV/StaticHelper( 3166):     Target:                      Linux 1 x86_64
06-07 00:48:33.027 I/OpenCV/StaticHelper( 3166):     CMake:                       2.8.12.2
06-07 00:48:33.027 I/OpenCV/StaticHelper( 3166):     CMake generator:             Ninja
06-07 00:48:33.027 I/OpenCV/StaticHelper( 3166):     CMake build tool:            /usr/bin/ninja
06-07 00:48:33.027 I/OpenCV/StaticHelper( 3166):     Configuration:               Release
06-07 00:48:33.027 I/OpenCV/StaticHelper( 3166): 
06-07 00:48:33.027 I/OpenCV/StaticHelper( 3166):   CPU/HW features:
06-07 00:48:33.027 I/OpenCV/StaticHelper( 3166):     Baseline:                    SSE SSE2 SSE3
06-07 00:48:33.027 I/OpenCV/StaticHelper( 3166):       requested:                 SSE3
06-07 00:48:33.027 I/OpenCV/StaticHelper( 3166):     Dispatched code generation:  SSE4_1 SSE4_2 FP16 AVX AVX2
06-07 00:48:33.027 I/OpenCV/StaticHelper( 3166):       requested:                 SSE4_1 SSE4_2 AVX FP16 AVX2 AVX512_SKX
06-07 00:48:33.027 I/OpenCV/StaticHelper( 3166):       SSE4_1 (4 files):          + SSSE3 SSE4_1
06-07 00:48:33.028 I/OpenCV/StaticHelper( 3166):       SSE4_2 (1 files):          + SSSE3 SSE4_1 POPCNT SSE4_2
06-07 00:48:33.028 I/OpenCV/StaticHelper( 3166):       FP16 (0 files):            + SSSE3 SSE4_1 POPCNT SSE4_2 FP16 AVX
06-07 00:48:33.028 I/OpenCV/StaticHelper( 3166):       AVX (5 files):             + SSSE3 SSE4_1 POPCNT SSE4_2 AVX
06-07 00:48:33.028 I/OpenCV/StaticHelper( 3166):       AVX2 (10 files):           + SSSE3 SSE4_1 POPCNT SSE4_2 FP16 FMA3 AVX AVX2
06-07 00:48:33.028 I/OpenCV/StaticHelper( 3166): 
06-07 00:48:33.028 I/OpenCV/StaticHelper( 3166):   C/C++:
06-07 00:48:33.028 I/OpenCV/StaticHelper( 3166):     Built as dynamic libs?:      NO
06-07 00:48:33.028 I/OpenCV/StaticHelper( 3166):     C++ Compiler:                /usr/bin/ccache /opt/android/android-ndk-r10e/toolchains/x86_64-4.9/prebuilt/linux-x86_64/bin/x86_64-linux-android-g++ (ver 4.9)
06-07 00:48:33.028 I/OpenCV/StaticHelper( 3166):     C++ flags (Release):         -fexceptions -frtti --sysroot=/opt/android/android-ndk-r10e/platforms/android-21/arch-x86_64 -funwind-tables -funswitch-loops -finline-limit=300 -fsigned-char -no-canonical-prefixes -fdata-sections -ffunction-sections -Wa,--noexecstack  -DANDROID -D__ANDROID_API__=21   -fsigned-char -W -Wall -Werror=return-type -Werror=non-virtual-dtor -Werror=address -Werror=sequence-point -Wformat -Werror=format-security -Wmissing-declarations -Wundef -Winit-self -Wpointer-arith -Wshadow -Wsign-promo -Wuninitialized -Winit-self -Wno-narrowing -Wno-delete-non-virtual-dtor -Wno-comment -Wno-missing-field-initializers -fdiagnostics-show-option -Wno-long-long -fomit-frame-pointer  -msse -msse2 -msse3 -fvisibility=hidden -fvisibility-inlines-hidden -fomit-frame-pointer -fstrict-aliasing -O3 -DNDEBUG  -DNDEBUG
06-07 00:48:33.028 I/OpenCV/StaticHelper( 3166):     C++ flags (Debug):           -fexceptions -frtti --sysroot=/opt/android/android-ndk-r10e/platforms/android-21/arch-x86_64 -funwind-tables -funswitch-loops -finline-limit=300 -fsigned-char -no-canonical-prefixes -fdata-sections -ffunction-sections -Wa,--noexecstack  -DANDROID -D__ANDROID_API__=21   -fsigned-char -W -Wall -Werror=return-type -Werror=non-virtual-dtor -Werror=address -Werror=sequence-point -Wformat -Werror=format-security -Wmissing-declarations -Wundef -Winit-self -Wpointer-arith -Wshadow -Wsign-promo -Wuninitialized -Winit-self -Wno-narrowing -Wno-delete-non-virtual-dtor -Wno-comment -Wno-missing-field-initializers -fdiagnostics-show-option -Wno-long-long -fomit-frame-pointer  -msse -msse2 -msse3 -fvisibility=hidden -fvisibility-inlines-hidden -fno-omit-frame-pointer -fno-strict-aliasing -O0 -g -DDEBUG -D_DEBUG  -DDEBUG -D_DEBUG
06-07 00:48:33.028 I/OpenCV/StaticHelper( 3166):     C Compiler:                  /usr/bin/ccache /opt/android/android-ndk-r10e/toolchains/x86_64-4.9/prebuilt/linux-x86_64/bin/x86_64-linux-android-gcc
06-07 00:48:33.028 I/OpenCV/StaticHelper( 3166):     C flags (Release):           -fexceptions --sysroot=/opt/android/android-ndk-r10e/platforms/android-21/arch-x86_64 -funwind-tables -funswitch-loops -finline-limit=300 -fsigned-char -no-canonical-prefixes -fdata-sections -ffunction-sections -Wa,--noexecstack  -DANDROID -D__ANDROID_API__=21   -fsigned-char -W -Wall -Werror=return-type -Werror=non-virtual-dtor -Werror=address -Werror=sequence-point -Wformat -Werror=format-security -Wmissing-declarations -Wmissing-prototypes -Wstrict-prototypes -Wundef -Winit-self -Wpointer-arith -Wshadow -Wuninitialized -Winit-self -Wno-narrowing -Wno-comment -Wno-missing-field-initializers -fdiagnostics-show-option -Wno-long-long -fomit-frame-pointer  -msse -msse2 -msse3 -fvisibility=hidden -fomit-frame-pointer -fstrict-aliasing -O3 -DNDEBUG  -DNDEBUG
06-07 00:48:33.028 I/OpenCV/StaticHelper( 3166):     C flags (Debug):             -fexceptions --sysroot=/opt/android/android-ndk-r10e/platforms/android-21/arch-x86_64 -funwind-tables -funswitch-loops -finline-limit=300 -fsigned-char -no-canonical-prefixes -fdata-sections -ffunction-sections -Wa,--noexecstack  -DANDROID -D__ANDROID_API__=21   -fsigned-char -W -Wall -Werror=return-type -Werror=non-virtual-dtor -Werror=address -Werror=sequence-point -Wformat -Werror=format-security -Wmissing-declarations -Wmissing-prototypes -Wstrict-prototypes -Wundef -Winit-self -Wpointer-arith -Wshadow -Wuninitialized -Winit-self -Wno-narrowing -Wno-comment -Wno-missing-field-initializers -fdiagnostics-show-option -Wno-long-long -fomit-frame-pointer  -msse -msse2 -msse3 -fvisibility=hidden -fno-omit-frame-pointer -fno-strict-aliasing -O0 -g -DDEBUG -D_DEBUG  -DDEBUG -D_DEBUG
06-07 00:48:33.028 I/OpenCV/StaticHelper( 3166):     Linker flags (Release):      -Wl,--exclude-libs,libippicv.a -Wl,--exclude-libs,libippiw.a  -Wl,--no-undefined -Wl,--gc-sections -Wl,-z,noexecstack -Wl,-z,relro -Wl,-z,now    
06-07 00:48:33.028 I/OpenCV/StaticHelper( 3166):     Linker flags (Debug):        -Wl,--exclude-libs,libippicv.a -Wl,--exclude-libs,libippiw.a  -Wl,--no-undefined -Wl,--gc-sections -Wl,-z,noexecstack -Wl,-z,relro -Wl,-z,now    
06-07 00:48:33.028 I/OpenCV/StaticHelper( 3166):     ccache:                      YES
06-07 00:48:33.029 I/OpenCV/StaticHelper( 3166):     Precompiled headers:         NO
06-07 00:48:33.029 I/OpenCV/StaticHelper( 3166):     Extra dependencies:          z dl m log
06-07 00:48:33.029 I/OpenCV/StaticHelper( 3166):     3rdparty dependencies:       tbb libcpufeatures ittnotify libjpeg-turbo libwebp libpng libtiff libjasper IlmImf libprotobuf quirc ippiw ippicv
06-07 00:48:33.029 I/OpenCV/StaticHelper( 3166): 
06-07 00:48:33.029 I/OpenCV/StaticHelper( 3166):   OpenCV modules:
06-07 00:48:33.029 I/OpenCV/StaticHelper( 3166):     To be built:                 aruco bgsegm bioinspired calib3d ccalib core datasets dnn dnn_objdetect dpm face features2d flann fuzzy hfs highgui img_hash imgcodecs imgproc java java_bindings_generator line_descriptor ml objdetect optflow phase_unwrapping photo plot reg rgbd saliency shape stereo stitching structured_light superres surface_matching text tracking video videoio videostab xfeatures2d ximgproc xobjdetect xphoto
06-07 00:48:33.029 I/OpenCV/StaticHelper( 3166):     Disabled:                    world
06-07 00:48:33.029 I/OpenCV/StaticHelper( 3166):     Disabled by dependency:      -
