06-06 06:45:17.343 V/EmulatedCamera_Device( 1326): initializeWhiteBalanceModes with daylight, 1.090000, 0.920000
06-06 06:45:17.343 V/EmulatedCamera_Device( 1326): initializeWhiteBalanceModes with twilight, 0.920000, 1.220000
06-06 06:45:17.344 V/EmulatedCamera_Device( 1326): setWhiteBalanceMode with white balance auto
06-06 06:45:17.345 E/EmulatedCamera_Factory( 1326): 1 cameras are being emulated. 0 of them are fake cameras.
06-06 06:45:17.346 E/EmulatedCamera_HotplugThread( 1326): createFileIfNotExists: Could not create file '/data/misc/media/emulator.camera.hotplug.0', error: 'Permission denied' (13)
06-06 06:45:17.471 I/CameraService( 1326): Loaded "Emulated Camera Module" camera module
06-06 06:45:17.471 E/CameraService( 1326): setUpVendorTags: Vendor tag operations not fully defined. Ignoring definitions.
06-06 06:45:17.472 V/EmulatedCamera_Camera( 1326): getCameraInfo
06-06 06:45:17.472 V/EmulatedCamera_BaseCamera( 1326): getCameraInfo
06-06 06:45:17.473 I/CameraFlashlight( 1326): Opening camera 0
06-06 06:45:17.473 V/EmulatedCamera_Camera( 1326): getCameraInfo
06-06 06:45:17.474 V/EmulatedCamera_BaseCamera( 1326): getCameraInfo
06-06 06:45:17.474 V/EmulatedCamera_Camera( 1326): connectCamera
06-06 06:45:17.551 V/EmulatedCamera_FakeDevice( 1326): connectDevice
06-06 06:45:17.552 V/EmulatedCamera_CallbackNotifier( 1326): setCallbacks: 0xf346ae80, 0xf346aed0, 0xf346aff0, 0xf346b110 (0xf3243140)
06-06 06:45:17.703 V/EmulatedCamera_Preview( 1326): setPreviewWindow: current: 0x0 -> new: 0xf3243150
06-06 06:45:17.703 V/EmulatedCamera_Preview( 1326): setPreviewWindow: current: 0xf3243150 -> new: 0x0
06-06 06:45:17.703 V/EmulatedCamera_Camera( 1326): doStopPreview
06-06 06:45:17.705 V/EmulatedCamera_Preview( 1326): setPreviewWindow: current: 0x0 -> new: 0x0
06-06 06:45:17.705 V/EmulatedCamera_Camera( 1326): releaseCamera
06-06 06:45:17.705 V/EmulatedCamera_Camera( 1326): doStopPreview
06-06 06:45:17.705 V/EmulatedCamera_FakeDevice( 1326): disconnectDevice
06-06 06:45:17.705 W/EmulatedCamera_Device( 1326): Initialize: Emulated camera device is already initialized: mState = 1
06-06 06:45:17.706 D/EmulatedCamera_FakeCamera( 1326): Initialize: Fake camera is facing back
06-06 06:45:17.706 V/EmulatedCamera_Device( 1326): initializeWhiteBalanceModes with auto, 1.000000, 1.000000
06-06 06:45:17.706 V/EmulatedCamera_Device( 1326): initializeWhiteBalanceModes with incandescent, 1.380000, 0.600000
06-06 06:45:17.707 V/EmulatedCamera_Device( 1326): initializeWhiteBalanceModes with daylight, 1.090000, 0.920000
06-06 06:45:17.707 V/EmulatedCamera_Device( 1326): initializeWhiteBalanceModes with twilight, 0.920000, 1.220000
06-06 06:45:17.707 V/EmulatedCamera_Device( 1326): setWhiteBalanceMode with white balance auto
06-06 06:45:17.707 I/CameraFlashlight( 1326): Destroying camera 0
06-06 06:45:17.707 V/EmulatedCamera_Camera( 1326): closeCamera
06-06 06:45:17.707 V/EmulatedCamera_Camera( 1326): doStopPreview
06-06 06:45:17.707 W/EmulatedCamera_Device( 1326): Initialize: Emulated camera device is already initialized: mState = 1
06-06 06:45:17.707 D/EmulatedCamera_FakeCamera( 1326): Initialize: Fake camera is facing back
06-06 06:45:17.708 V/EmulatedCamera_Device( 1326): initializeWhiteBalanceModes with auto, 1.000000, 1.000000
06-06 06:45:17.708 V/EmulatedCamera_Device( 1326): initializeWhiteBalanceModes with incandescent, 1.380000, 0.600000
06-06 06:45:17.708 V/EmulatedCamera_Device( 1326): initializeWhiteBalanceModes with daylight, 1.090000, 0.920000
06-06 06:45:17.708 V/EmulatedCamera_Device( 1326): initializeWhiteBalanceModes with twilight, 0.920000, 1.220000
06-06 06:45:17.708 V/EmulatedCamera_Device( 1326): setWhiteBalanceMode with white balance auto
06-06 06:45:17.764 V/EmulatedCamera_Camera( 1326): getCameraInfo
06-06 06:45:17.764 V/EmulatedCamera_BaseCamera( 1326): getCameraInfo
06-06 06:45:17.773 I/ServiceManager( 1326): Waiting for service media.camera.proxy...
06-06 06:45:18.068 V/MediaUtils( 1332): physMem: 1043894272
06-06 06:45:18.069 V/MediaUtils( 1332): requested limit: 208778840
06-06 06:45:18.069 V/MediaUtils( 1332): actual limit: 208778840
06-06 06:45:18.069 V/MediaUtils( 1332): original limits: 4294967295/4294967295
06-06 06:45:18.069 V/MediaUtils( 1332): new limits: 208778840/4294967295
06-06 06:45:18.152 W//system/bin/mediaextractor( 1332): libminijail: allowing syscall: socketcall
06-06 06:45:18.153 W//system/bin/mediaextractor( 1332): libminijail: allowing syscall: writev
06-06 06:45:18.153 W//system/bin/mediaextractor( 1332): libminijail: allowing syscall: fcntl64
06-06 06:45:18.153 W//system/bin/mediaextractor( 1332): libminijail: allowing syscall: clock_gettime
06-06 06:45:18.183 W//system/bin/mediaextractor( 1332): libminijail: logging seccomp filter failures
06-06 06:45:18.787 I/ServiceManager( 1326): Waiting for service media.camera.proxy...
06-06 06:45:19.481 I/        ( 1325): sMaxFastTracks = 8
06-06 06:45:19.613 I/audioserver( 1325): ServiceManager: 0xe6bbc020
06-06 06:45:19.617 W/BatteryNotifier( 1325): batterystats service unavailable!
06-06 06:45:19.618 I/AudioFlinger( 1325): Using default 3000 mSec as standby time.
06-06 06:45:19.633 I/AudioPolicyService( 1325): AudioPolicyService CSTOR in new mode
06-06 06:45:19.642 I/mediaserver( 1331): ServiceManager: 0xf36bc0a0
06-06 06:45:19.841 I/ServiceManager( 1326): Waiting for service media.camera.proxy...
06-06 06:45:19.913 I/APM::ConfigParsingUtils( 1325): loadAudioPolicyConfig() loaded /system/etc/audio_policy.conf
06-06 06:45:20.054 D/audio_hw_generic( 1325): Emulator host-side ALSA audio emulation detected.
06-06 06:45:20.057 D/audio_hw_generic( 1325): mixer 0 name Master Playback Volume
06-06 06:45:20.057 D/audio_hw_generic( 1325): set ctl 0 to 100
06-06 06:45:20.058 D/audio_hw_generic( 1325): set ctl 1 to 100
06-06 06:45:20.059 D/audio_hw_generic( 1325): mixer 1 name Master Playback Switch
06-06 06:45:20.059 D/audio_hw_generic( 1325): set ctl 0 to 1
06-06 06:45:20.059 D/audio_hw_generic( 1325): set ctl 1 to 1
06-06 06:45:20.059 D/audio_hw_generic( 1325): mixer 2 name Capture Volume
06-06 06:45:20.059 D/audio_hw_generic( 1325): set ctl 0 to 100
06-06 06:45:20.059 D/audio_hw_generic( 1325): set ctl 1 to 100
06-06 06:45:20.060 D/audio_hw_generic( 1325): mixer 3 name Capture Switch
06-06 06:45:20.060 D/audio_hw_generic( 1325): set ctl 0 to 1
06-06 06:45:20.060 D/audio_hw_generic( 1325): set ctl 1 to 1
06-06 06:45:20.141 D/audio_hw_generic( 1325): mixer 4 name Line Phantom Jack
06-06 06:45:20.141 D/audio_hw_generic( 1325): mixer 5 name Line Out Phantom Jack
06-06 06:45:20.141 D/audio_hw_generic( 1325): mixer 6 name Playback Channel Map
06-06 06:45:20.141 D/audio_hw_generic( 1325): mixer 7 name Capture Channel Map
06-06 06:45:20.142 I/AudioFlinger( 1325): loadHwModule() Loaded primary audio interface from Generic audio HW HAL (audio) handle 10
06-06 06:45:20.143 I/AudioFlinger( 1325): openOutput(), module 10 Device 2, SamplingRate 48000, Format 0x000001, Channels 3, flags 2
06-06 06:45:20.154 I/AudioFlinger( 1325): HAL output buffer size 720 frames, normal sink buffer size 1152 frames
06-06 06:45:20.404 I/BufferProvider( 1325): found effect "Multichannel Downmix To Stereo" from The Android Open Source Project
06-06 06:45:20.409 I/AudioFlinger( 1325): Using module 10 has the primary audio interface
06-06 06:45:20.472 I/mediaserver( 1333): ServiceManager: 0xf1dbc0a0
06-06 06:45:20.500 I/AudioFlinger( 1325): AudioFlinger's thread 0xe6603c00 ready to run
06-06 06:45:20.513 W/BatteryNotifier( 1333): batterystats service unavailable!
06-06 06:45:20.677 W/BatteryNotifier( 1325): batterystats service unavailable!
06-06 06:45:20.686 W/BatteryNotifier( 1325): batterystats service unavailable!
06-06 06:45:20.724 W/BatteryNotifier( 1325): batterystats service unavailable!
06-06 06:45:20.794 W/AudioFlinger( 1325): no wake lock to update, system not ready yet
06-06 06:45:20.875 I/AudioFlinger( 1325): AudioFlinger's thread 0xe6103000 ready to run
06-06 06:45:20.903 I/ServiceManager( 1326): Waiting for service media.camera.proxy...
06-06 06:45:20.968 I/r_submix( 1325): adev_open(name=audio_hw_if)
06-06 06:45:20.981 I/r_submix( 1325): adev_init_check()
06-06 06:45:20.981 I/AudioFlinger( 1325): loadHwModule() Loaded r_submix audio interface from Wifi Display audio HAL (audio) handle 18
06-06 06:45:20.981 D/r_submix( 1325): adev_open_input_stream(addr=0)
06-06 06:45:20.982 D/r_submix( 1325): submix_audio_device_create_pipe_l(addr=0, idx=9)
06-06 06:45:20.982 D/r_submix( 1325):   now using address 0 for route 9
06-06 06:45:20.997 I/AudioFlinger( 1325): AudioFlinger's thread 0xe6203f80 ready to run
06-06 06:45:20.998 D/r_submix( 1325): adev_close_input_stream()
06-06 06:45:20.998 D/r_submix( 1325): submix_audio_device_release_pipe_l(idx=9) addr=0
06-06 06:45:20.999 D/r_submix( 1325): submix_audio_device_destroy_pipe_l(): pipe destroyed
06-06 06:45:21.224 I/RadioService( 1325): RadioService
06-06 06:45:21.224 I/RadioService( 1325): onFirstRef
06-06 06:45:21.225 E/RadioService( 1325): couldn't load radio module radio.primary (No such file or directory)
06-06 06:45:21.228 E/SoundTriggerHwService( 1325): couldn't load sound trigger module sound_trigger.primary (No such file or directory)
06-06 06:45:21.904 I/ServiceManager( 1326): Waiting for service media.camera.proxy...
06-06 06:45:23.736 W/BatteryNotifier( 1325): batterystats service unavailable!
06-06 06:45:33.266 E/hostapd ( 2707): Configuration file: /system/etc/simulated_hostapd.conf
06-06 06:45:33.902 I/hostapd ( 2707): rfkill: Cannot get wiphy information
06-06 06:45:33.905 I/hostapd ( 2707): nl80211: Could not re-add multicast membership for vendor events: -2 (No such file or directory)
06-06 06:45:33.906 I/hostapd ( 2707): wlan1: interface state UNINITIALIZED->COUNTRY_UPDATE
06-06 06:45:34.357 E/ipv6proxy( 2576): Failed to forward Router Advertisement from eth0 to wlan1: Network is unreachable
06-06 06:45:34.775 E/SurfaceFlinger( 1320): ro.sf.lcd_density must be defined as a build property
06-06 06:45:34.955 D/libEGL  ( 1674): Emulator without GPU support detected. Fallback to legacy software renderer, qemu.gles is set to 0.
06-06 06:45:34.960 D/AndroidRuntime( 1323): >>>>>> START com.android.internal.os.ZygoteInit uid 0 <<<<<<
06-06 06:45:35.032 D/libEGL  ( 1674): loaded /system/lib64/egl/libGLES_android.so
06-06 06:45:35.559 D/gralloc_ranchu( 1674): Emulator without host-side GPU emulation detected. Loading gralloc.default.so from /vendor/lib64/hw/gralloc.goldfish.default.so...
06-06 06:45:35.594 D/gralloc_ranchu( 1674): gralloc.default.so not found in /vendor. Trying /system/lib64/hw/gralloc.goldfish.default.so...
06-06 06:45:35.827 D/AndroidRuntime( 1323): CheckJNI is ON
06-06 06:45:35.892 D/AndroidRuntime( 1324): >>>>>> START com.android.internal.os.ZygoteInit uid 0 <<<<<<
06-06 06:45:36.241 I/art     ( 1323): option[0]=-Xzygote
06-06 06:45:36.241 I/art     ( 1323): option[1]=-Xcheck:jni
06-06 06:45:36.242 I/art     ( 1323): option[2]=-Xstacktracefile:/data/anr/traces.txt
06-06 06:45:36.242 I/art     ( 1323): option[3]=exit
06-06 06:45:36.242 I/art     ( 1323): option[4]=vfprintf
06-06 06:45:36.242 I/art     ( 1323): option[5]=sensitiveThread
06-06 06:45:36.242 I/art     ( 1323): option[6]=-verbose:gc
06-06 06:45:36.242 I/art     ( 1323): option[7]=-Xms4m
06-06 06:45:36.242 I/art     ( 1323): option[8]=-Xmx256m
06-06 06:45:36.242 I/art     ( 1323): option[9]=-Xusejit:true
06-06 06:45:36.242 I/art     ( 1323): option[10]=-Xjitsaveprofilinginfo
06-06 06:45:36.242 I/art     ( 1323): option[11]=-agentlib:jdwp=transport=dt_android_adb,suspend=n,server=y
06-06 06:45:36.242 I/art     ( 1323): option[12]=-Xlockprofthreshold:500
06-06 06:45:36.242 I/art     ( 1323): option[13]=-Ximage-compiler-option
06-06 06:45:36.242 I/art     ( 1323): option[14]=--runtime-arg
06-06 06:45:36.242 I/art     ( 1323): option[15]=-Ximage-compiler-option
06-06 06:45:36.242 I/art     ( 1323): option[16]=-Xms64m
06-06 06:45:36.243 I/art     ( 1323): option[17]=-Ximage-compiler-option
06-06 06:45:36.243 I/art     ( 1323): option[18]=--runtime-arg
06-06 06:45:36.243 I/art     ( 1323): option[19]=-Ximage-compiler-option
06-06 06:45:36.243 I/art     ( 1323): option[20]=-Xmx64m
06-06 06:45:36.243 I/art     ( 1323): option[21]=-Ximage-compiler-option
06-06 06:45:36.243 I/art     ( 1323): option[22]=--image-classes=/system/etc/preloaded-classes
06-06 06:45:36.243 I/art     ( 1323): option[23]=-Ximage-compiler-option
06-06 06:45:36.243 I/art     ( 1323): option[24]=--compiled-classes=/system/etc/compiled-classes
06-06 06:45:36.243 I/art     ( 1323): option[25]=-Xcompiler-option
06-06 06:45:36.243 I/art     ( 1323): option[26]=--runtime-arg
06-06 06:45:36.243 I/art     ( 1323): option[27]=-Xcompiler-option
06-06 06:45:36.243 I/art     ( 1323): option[28]=-Xms64m
06-06 06:45:36.243 I/art     ( 1323): option[29]=-Xcompiler-option
06-06 06:45:36.243 I/art     ( 1323): option[30]=--runtime-arg
06-06 06:45:36.243 I/art     ( 1323): option[31]=-Xcompiler-option
06-06 06:45:36.243 I/art     ( 1323): option[32]=-Xmx512m
06-06 06:45:36.243 I/art     ( 1323): option[33]=-Ximage-compiler-option
06-06 06:45:36.243 I/art     ( 1323): option[34]=--instruction-set-variant=x86_64
06-06 06:45:36.243 I/art     ( 1323): option[35]=-Xcompiler-option
06-06 06:45:36.243 I/art     ( 1323): option[36]=--instruction-set-variant=x86_64
06-06 06:45:36.244 I/art     ( 1323): option[37]=-Ximage-compiler-option
06-06 06:45:36.244 I/art     ( 1323): option[38]=--instruction-set-features=default
06-06 06:45:36.244 I/art     ( 1323): option[39]=-Xcompiler-option
06-06 06:45:36.244 I/art     ( 1323): option[40]=--instruction-set-features=default
06-06 06:45:36.244 I/art     ( 1323): option[41]=-Duser.locale=en-US
06-06 06:45:36.244 I/art     ( 1323): option[42]=--cpu-abilist=x86_64
06-06 06:45:36.244 I/art     ( 1323): option[43]=-Xfingerprint:Android/sdk_phone_x86_64/generic_x86_64:7.1.1/NYC/4931657:userdebug/test-keys
06-06 06:45:36.767 D/AndroidRuntime( 1324): CheckJNI is ON
06-06 06:45:37.107 I/art     ( 1324): option[0]=-Xzygote
06-06 06:45:37.108 I/art     ( 1324): option[1]=-Xcheck:jni
06-06 06:45:37.108 I/art     ( 1324): option[2]=-Xstacktracefile:/data/anr/traces.txt
06-06 06:45:37.108 I/art     ( 1324): option[3]=exit
06-06 06:45:37.108 I/art     ( 1324): option[4]=vfprintf
06-06 06:45:37.108 I/art     ( 1324): option[5]=sensitiveThread
06-06 06:45:37.108 I/art     ( 1324): option[6]=-verbose:gc
06-06 06:45:37.109 I/art     ( 1324): option[7]=-Xms4m
06-06 06:45:37.109 I/art     ( 1324): option[8]=-Xmx256m
06-06 06:45:37.109 I/art     ( 1324): option[9]=-Xusejit:true
06-06 06:45:37.109 I/art     ( 1324): option[10]=-Xjitsaveprofilinginfo
06-06 06:45:37.109 I/art     ( 1324): option[11]=-agentlib:jdwp=transport=dt_android_adb,suspend=n,server=y
06-06 06:45:37.109 I/art     ( 1324): option[12]=-Xlockprofthreshold:500
06-06 06:45:37.109 I/art     ( 1324): option[13]=-Ximage-compiler-option
06-06 06:45:37.110 I/art     ( 1324): option[14]=--runtime-arg
06-06 06:45:37.151 I/art     ( 1324): option[15]=-Ximage-compiler-option
06-06 06:45:37.151 I/art     ( 1324): option[16]=-Xms64m
06-06 06:45:37.151 I/art     ( 1324): option[17]=-Ximage-compiler-option
06-06 06:45:37.151 I/art     ( 1324): option[18]=--runtime-arg
06-06 06:45:37.152 I/art     ( 1324): option[19]=-Ximage-compiler-option
06-06 06:45:37.152 I/art     ( 1324): option[20]=-Xmx64m
06-06 06:45:37.152 I/art     ( 1324): option[21]=-Ximage-compiler-option
06-06 06:45:37.152 I/art     ( 1324): option[22]=--image-classes=/system/etc/preloaded-classes
06-06 06:45:37.152 I/art     ( 1324): option[23]=-Ximage-compiler-option
06-06 06:45:37.152 I/art     ( 1324): option[24]=--compiled-classes=/system/etc/compiled-classes
06-06 06:45:37.152 I/art     ( 1324): option[25]=-Xcompiler-option
06-06 06:45:37.152 I/art     ( 1324): option[26]=--runtime-arg
06-06 06:45:37.152 I/art     ( 1324): option[27]=-Xcompiler-option
06-06 06:45:37.152 I/art     ( 1324): option[28]=-Xms64m
06-06 06:45:37.152 I/art     ( 1324): option[29]=-Xcompiler-option
06-06 06:45:37.152 I/art     ( 1324): option[30]=--runtime-arg
06-06 06:45:37.152 I/art     ( 1324): option[31]=-Xcompiler-option
06-06 06:45:37.153 I/art     ( 1324): option[32]=-Xmx512m
06-06 06:45:37.153 I/art     ( 1324): option[33]=-Ximage-compiler-option
06-06 06:45:37.153 I/art     ( 1324): option[34]=--instruction-set-variant=x86
06-06 06:45:37.153 I/art     ( 1324): option[35]=-Xcompiler-option
06-06 06:45:37.153 I/art     ( 1324): option[36]=--instruction-set-variant=x86
06-06 06:45:37.153 I/art     ( 1324): option[37]=-Ximage-compiler-option
06-06 06:45:37.153 I/art     ( 1324): option[38]=--instruction-set-features=default
06-06 06:45:37.153 I/art     ( 1324): option[39]=-Xcompiler-option
06-06 06:45:37.153 I/art     ( 1324): option[40]=--instruction-set-features=default
06-06 06:45:37.153 I/art     ( 1324): option[41]=-Duser.locale=en-US
06-06 06:45:37.153 I/art     ( 1324): option[42]=--cpu-abilist=x86
06-06 06:45:37.153 I/art     ( 1324): option[43]=-Xfingerprint:Android/sdk_phone_x86_64/generic_x86_64:7.1.1/NYC/4931657:userdebug/test-keys
06-06 06:45:39.249 I/hostapd ( 2707): wlan1: interface state COUNTRY_UPDATE->HT_SCAN
06-06 06:45:40.975 E/hostapd ( 2707): Using interface wlan1 with hwaddr 02:00:00:00:01:00 and ssid "AndroidWifi"
06-06 06:45:41.264 I/hostapd ( 2707): wlan1: interface state HT_SCAN->ENABLED
06-06 06:45:41.264 I/hostapd ( 2707): wlan1: AP-ENABLED 
06-06 06:45:45.476 D/ICU     ( 1324): No timezone override file found: /data/misc/zoneinfo/current/icu/icu_tzdata.dat
06-06 06:45:45.569 D/ICU     ( 1323): No timezone override file found: /data/misc/zoneinfo/current/icu/icu_tzdata.dat
06-06 06:45:51.505 E/memtrack( 1323): Couldn't load memtrack module (No such file or directory)
06-06 06:45:51.507 E/android.os.Debug( 1323): failed to load memtrack module: -2
06-06 06:45:51.632 I/Radio-JNI( 1323): register_android_hardware_Radio DONE
06-06 06:45:52.095 E/memtrack( 1324): Couldn't load memtrack module (No such file or directory)
06-06 06:45:52.096 E/android.os.Debug( 1324): failed to load memtrack module: -2
06-06 06:45:52.172 I/Radio-JNI( 1324): register_android_hardware_Radio DONE
06-06 06:45:52.390 I/SamplingProfilerIntegration( 1323): Profiling disabled.
06-06 06:45:52.442 D/Zygote  ( 1323): begin preload
06-06 06:45:52.442 I/Zygote  ( 1323): Installing ICU cache reference pinning...
06-06 06:45:52.490 I/Zygote  ( 1323): Preloading ICU data...
06-06 06:45:52.840 I/SamplingProfilerIntegration( 1324): Profiling disabled.
06-06 06:45:53.032 D/Zygote  ( 1324): begin preload
06-06 06:45:53.032 I/Zygote  ( 1324): Installing ICU cache reference pinning...
06-06 06:45:53.077 I/Zygote  ( 1324): Preloading ICU data...
06-06 06:45:55.202 I/Zygote  ( 1323): Preloading classes...
06-06 06:45:55.305 I/Zygote  ( 1324): Preloading classes...
06-06 06:45:55.453 W/Zygote  ( 1323): Class not found for preloading: [Landroid.view.Display$ColorTransform;
06-06 06:45:55.694 W/Zygote  ( 1324): Class not found for preloading: [Landroid.view.Display$ColorTransform;
06-06 06:46:03.577 E/Typeface( 1323): Error mapping font file /system/fonts/DroidSansFallback.ttf
06-06 06:46:03.805 E/Typeface( 1324): Error mapping font file /system/fonts/DroidSansFallback.ttf
06-06 06:46:10.325 W/art     ( 1323): Suspending all threads took: 11.264ms
06-06 06:46:10.592 I/art     ( 1323): Background concurrent mark sweep GC freed 21949(2MB) AllocSpace objects, 80(1444KB) LOS objects, 31% free, 2MB/3MB, paused 15.839ms total 474.814ms
06-06 06:46:10.694 W/art     ( 1324): Suspending all threads took: 26.798ms
06-06 06:46:10.883 I/art     ( 1323): Background sticky concurrent mark sweep GC freed 134(526KB) AllocSpace objects, 37(740KB) LOS objects, 20% free, 2MB/3MB, paused 433us total 164.836ms
06-06 06:46:11.186 I/art     ( 1324): Background concurrent mark sweep GC freed 21944(2MB) AllocSpace objects, 80(1440KB) LOS objects, 33% free, 3MB/5MB, paused 32.947ms total 766.791ms
06-06 06:46:11.531 I/art     ( 1323): Thread[1,tid=1323,Native,Thread*=0x704920e95a00,peer=0x12c060d0,"main"] recursive attempt to load library "/system/lib64/libmedia_jni.so"
06-06 06:46:11.566 D/MtpDeviceJNI( 1323): register_android_mtp_MtpDevice
06-06 06:46:11.573 I/art     ( 1323): Thread[1,tid=1323,Native,Thread*=0x704920e95a00,peer=0x12c060d0,"main"] recursive attempt to load library "/system/lib64/libmedia_jni.so"
06-06 06:46:11.574 I/art     ( 1323): Thread[1,tid=1323,Native,Thread*=0x704920e95a00,peer=0x12c060d0,"main"] recursive attempt to load library "/system/lib64/libmedia_jni.so"
06-06 06:46:12.412 I/art     ( 1324): Thread[1,tid=1324,Native,Thread*=0xf158b400,peer=0x12c060d0,"main"] recursive attempt to load library "/system/lib/libmedia_jni.so"
06-06 06:46:12.422 D/MtpDeviceJNI( 1324): register_android_mtp_MtpDevice
06-06 06:46:12.425 I/art     ( 1324): Thread[1,tid=1324,Native,Thread*=0xf158b400,peer=0x12c060d0,"main"] recursive attempt to load library "/system/lib/libmedia_jni.so"
06-06 06:46:12.426 I/art     ( 1324): Thread[1,tid=1324,Native,Thread*=0xf158b400,peer=0x12c060d0,"main"] recursive attempt to load library "/system/lib/libmedia_jni.so"
06-06 06:46:13.514 I/art     ( 1323): Background concurrent mark sweep GC freed 5996(1445KB) AllocSpace objects, 16(272KB) LOS objects, 41% free, 1435KB/2MB, paused 621us total 448.389ms
06-06 06:46:15.954 W/Zygote  ( 1324): Class not found for preloading: android.view.Display$ColorTransform
06-06 06:46:15.955 W/Zygote  ( 1324): Class not found for preloading: android.view.Display$ColorTransform$1
06-06 06:46:16.084 W/Zygote  ( 1323): Class not found for preloading: android.view.Display$ColorTransform
06-06 06:46:16.085 W/Zygote  ( 1323): Class not found for preloading: android.view.Display$ColorTransform$1
06-06 06:46:18.334 I/art     ( 1324): Background sticky concurrent mark sweep GC freed 16144(2MB) AllocSpace objects, 50(960KB) LOS objects, 70% free, 1677KB/5MB, paused 934us total 169.720ms
06-06 06:46:18.697 I/art     ( 1323): Background sticky concurrent mark sweep GC freed 13774(912KB) AllocSpace objects, 0(0B) LOS objects, 40% free, 1468KB/2MB, paused 805us total 100.949ms
06-06 06:46:20.304 I/System  ( 1323): Loaded time zone names for "" in 1547ms (1418ms in ICU)
06-06 06:46:20.517 I/System  ( 1324): Loaded time zone names for "" in 2094ms (1982ms in ICU)
06-06 06:46:21.073 I/System  ( 1324): Loaded time zone names for "en_US" in 531ms (522ms in ICU)
06-06 06:46:21.187 I/System  ( 1323): Loaded time zone names for "en_US" in 879ms (837ms in ICU)
06-06 06:46:22.969 I/Zygote  ( 1323): ...preloaded 4158 classes in 27767ms.
06-06 06:46:22.999 I/Zygote  ( 1324): ...preloaded 4158 classes in 27694ms.
06-06 06:46:23.033 I/art     ( 1323): VMRuntime.preloadDexCaches starting
06-06 06:46:23.053 I/art     ( 1324): VMRuntime.preloadDexCaches starting
06-06 06:46:25.586 I/art     ( 1323): VMRuntime.preloadDexCaches strings total=283712 before=39625 after=39625
06-06 06:46:25.586 I/art     ( 1323): VMRuntime.preloadDexCaches types total=23581 before=7877 after=7904
06-06 06:46:25.586 I/art     ( 1323): VMRuntime.preloadDexCaches fields total=112007 before=40903 after=41117
06-06 06:46:25.587 I/art     ( 1323): VMRuntime.preloadDexCaches methods total=197534 before=82457 after=83017
06-06 06:46:25.587 I/art     ( 1323): VMRuntime.preloadDexCaches finished
06-06 06:46:25.616 I/Zygote  ( 1323): Preloading resources...
06-06 06:46:25.985 I/art     ( 1324): VMRuntime.preloadDexCaches strings total=283712 before=39625 after=39625
06-06 06:46:25.986 I/art     ( 1324): VMRuntime.preloadDexCaches types total=23581 before=7877 after=7904
06-06 06:46:25.986 I/art     ( 1324): VMRuntime.preloadDexCaches fields total=112007 before=40903 after=41117
06-06 06:46:25.986 I/art     ( 1324): VMRuntime.preloadDexCaches methods total=197534 before=82457 after=83017
06-06 06:46:25.986 I/art     ( 1324): VMRuntime.preloadDexCaches finished
06-06 06:46:26.076 I/Zygote  ( 1324): Preloading resources...
06-06 06:46:28.254 I/art     ( 1323): Background sticky concurrent mark sweep GC freed 8077(493KB) AllocSpace objects, 0(0B) LOS objects, 17% free, 2019KB/2MB, paused 192.138ms total 317.845ms
06-06 06:46:28.285 W/Resources( 1323): Preloaded drawable resource #0x108025c (android:drawable/dialog_background_material) that varies with configuration!!
06-06 06:46:28.321 W/Resources( 1324): Preloaded drawable resource #0x108025c (android:drawable/dialog_background_material) that varies with configuration!!
06-06 06:46:28.345 W/Resources( 1323): Preloaded drawable resource #0x1080298 (android:drawable/editbox_dropdown_background_dark) that varies with configuration!!
06-06 06:46:28.362 W/Resources( 1324): Preloaded drawable resource #0x1080298 (android:drawable/editbox_dropdown_background_dark) that varies with configuration!!
06-06 06:46:28.574 W/Resources( 1323): Preloaded color resource #0x10600e2 (android:color/material_grey_800) that varies with configuration!!
06-06 06:46:28.575 W/Resources( 1323): Preloaded drawable resource #0x10802c9 (android:drawable/floating_popup_background_dark) that varies with configuration!!
06-06 06:46:28.606 W/Resources( 1324): Preloaded color resource #0x10600e2 (android:color/material_grey_800) that varies with configuration!!
06-06 06:46:28.607 W/Resources( 1324): Preloaded drawable resource #0x10802c9 (android:drawable/floating_popup_background_dark) that varies with configuration!!
06-06 06:46:29.003 I/art     ( 1323): Background concurrent mark sweep GC freed 679(51KB) AllocSpace objects, 0(0B) LOS objects, 60% free, 2MB/6MB, paused 711us total 331.216ms
06-06 06:46:29.887 W/Resources( 1323): Preloaded drawable resource #0x108030b (android:drawable/ic_clear_disabled) that varies with configuration!!
06-06 06:46:29.897 W/Resources( 1324): Preloaded drawable resource #0x108030b (android:drawable/ic_clear_disabled) that varies with configuration!!
06-06 06:46:29.961 W/Resources( 1324): Preloaded drawable resource #0x1080310 (android:drawable/ic_clear_normal) that varies with configuration!!
06-06 06:46:29.970 W/Resources( 1323): Preloaded drawable resource #0x1080310 (android:drawable/ic_clear_normal) that varies with configuration!!
06-06 06:46:30.127 W/Resources( 1324): Preloaded drawable resource #0x1080359 (android:drawable/ic_go) that varies with configuration!!
06-06 06:46:30.175 W/Resources( 1323): Preloaded drawable resource #0x1080359 (android:drawable/ic_go) that varies with configuration!!
06-06 06:46:30.334 W/Resources( 1323): Preloaded drawable resource #0x1080038 (android:drawable/ic_menu_close_clear_cancel) that varies with configuration!!
06-06 06:46:30.397 W/Resources( 1323): Preloaded drawable resource #0x1080045 (android:drawable/ic_menu_more) that varies with configuration!!
06-06 06:46:30.447 W/Resources( 1324): Preloaded drawable resource #0x1080038 (android:drawable/ic_menu_close_clear_cancel) that varies with configuration!!
06-06 06:46:30.595 W/Resources( 1324): Preloaded drawable resource #0x1080045 (android:drawable/ic_menu_more) that varies with configuration!!
06-06 06:46:30.845 W/Resources( 1323): Preloaded drawable resource #0x10804e8 (android:drawable/menu_background_fill_parent_width) that varies with configuration!!
06-06 06:46:31.155 W/Resources( 1324): Preloaded drawable resource #0x10804e8 (android:drawable/menu_background_fill_parent_width) that varies with configuration!!
06-06 06:46:32.057 I/art     ( 1324): Background sticky concurrent mark sweep GC freed 10565(645KB) AllocSpace objects, 3(120KB) LOS objects, 14% free, 4MB/5MB, paused 3.177ms total 611.133ms
06-06 06:46:33.102 W/Resources( 1323): Preloaded drawable resource #0x108077e (android:drawable/text_edit_paste_window) that varies with configuration!!
06-06 06:46:33.194 W/Resources( 1323): Preloaded drawable resource #0x1080096 (android:drawable/toast_frame) that varies with configuration!!
06-06 06:46:33.194 I/Zygote  ( 1323): ...preloaded 114 resources in 7578ms.
06-06 06:46:33.356 I/art     ( 1324): Background concurrent mark sweep GC freed 3862(202KB) AllocSpace objects, 5(104KB) LOS objects, 42% free, 5MB/9MB, paused 19.159ms total 256.315ms
06-06 06:46:33.435 W/Resources( 1323): Preloaded color resource #0x106010b (android:color/background_cache_hint_selector_material_dark) that varies with configuration!!
06-06 06:46:33.438 W/Resources( 1323): Preloaded color resource #0x1060110 (android:color/btn_default_material_dark) that varies with configuration!!
06-06 06:46:33.571 I/Zygote  ( 1323): ...preloaded 41 resources in 266ms.
06-06 06:46:33.573 D/libEGL  ( 1323): Emulator without GPU support detected. Fallback to legacy software renderer, qemu.gles is set to 0.
06-06 06:46:33.717 D/libEGL  ( 1323): loaded /system/lib64/egl/libGLES_android.so
06-06 06:46:33.927 W/Resources( 1324): Preloaded drawable resource #0x108077e (android:drawable/text_edit_paste_window) that varies with configuration!!
06-06 06:46:34.236 W/Resources( 1324): Preloaded drawable resource #0x1080096 (android:drawable/toast_frame) that varies with configuration!!
06-06 06:46:34.236 I/Zygote  ( 1324): ...preloaded 114 resources in 8159ms.
06-06 06:46:34.930 W/Resources( 1324): Preloaded color resource #0x106010b (android:color/background_cache_hint_selector_material_dark) that varies with configuration!!
06-06 06:46:34.987 W/Resources( 1324): Preloaded color resource #0x1060110 (android:color/btn_default_material_dark) that varies with configuration!!
06-06 06:46:35.089 I/Zygote  ( 1324): ...preloaded 41 resources in 852ms.
06-06 06:46:35.184 D/libEGL  ( 1324): Emulator without GPU support detected. Fallback to legacy software renderer, qemu.gles is set to 0.
06-06 06:46:35.635 D/libEGL  ( 1324): loaded /system/lib/egl/libGLES_android.so
06-06 06:46:35.727 I/Zygote  ( 1323): Preloading shared libraries...
06-06 06:46:36.243 E/Hyphenator( 1323): error loading hyphenation /system/usr/hyphen-data/hyph-as.hyb
06-06 06:46:36.243 E/Hyphenator( 1323): java.io.FileNotFoundException: /system/usr/hyphen-data/hyph-as.hyb: open failed: ENOENT (No such file or directory)
06-06 06:46:36.243 E/Hyphenator( 1323): 	at libcore.io.IoBridge.open(IoBridge.java:455)
06-06 06:46:36.243 E/Hyphenator( 1323): 	at java.io.RandomAccessFile.<init>(RandomAccessFile.java:247)
06-06 06:46:36.243 E/Hyphenator( 1323): 	at android.text.Hyphenator.loadHyphenator(Hyphenator.java:118)
06-06 06:46:36.243 E/Hyphenator( 1323): 	at android.text.Hyphenator.init(Hyphenator.java:224)
06-06 06:46:36.243 E/Hyphenator( 1323): 	at com.android.internal.os.ZygoteInit.preloadTextResources(ZygoteInit.java:252)
06-06 06:46:36.243 E/Hyphenator( 1323): 	at com.android.internal.os.ZygoteInit.preload(ZygoteInit.java:206)
06-06 06:46:36.243 E/Hyphenator( 1323): 	at com.android.internal.os.ZygoteInit.main(ZygoteInit.java:743)
06-06 06:46:36.243 E/Hyphenator( 1323): Caused by: android.system.ErrnoException: open failed: ENOENT (No such file or directory)
06-06 06:46:36.243 E/Hyphenator( 1323): 	at libcore.io.Posix.open(Native Method)
06-06 06:46:36.243 E/Hyphenator( 1323): 	at libcore.io.BlockGuardOs.open(BlockGuardOs.java:187)
06-06 06:46:36.243 E/Hyphenator( 1323): 	at libcore.io.IoBridge.open(IoBridge.java:441)
06-06 06:46:36.243 E/Hyphenator( 1323): 	... 6 more
06-06 06:46:36.246 E/Hyphenator( 1323): error loading hyphenation /system/usr/hyphen-data/hyph-bn.hyb
06-06 06:46:36.246 E/Hyphenator( 1323): java.io.FileNotFoundException: /system/usr/hyphen-data/hyph-bn.hyb: open failed: ENOENT (No such file or directory)
06-06 06:46:36.246 E/Hyphenator( 1323): 	at libcore.io.IoBridge.open(IoBridge.java:455)
06-06 06:46:36.246 E/Hyphenator( 1323): 	at java.io.RandomAccessFile.<init>(RandomAccessFile.java:247)
06-06 06:46:36.246 E/Hyphenator( 1323): 	at android.text.Hyphenator.loadHyphenator(Hyphenator.java:118)
06-06 06:46:36.246 E/Hyphenator( 1323): 	at android.text.Hyphenator.init(Hyphenator.java:224)
06-06 06:46:36.246 E/Hyphenator( 1323): 	at com.android.internal.os.ZygoteInit.preloadTextResources(ZygoteInit.java:252)
06-06 06:46:36.246 E/Hyphenator( 1323): 	at com.android.internal.os.ZygoteInit.preload(ZygoteInit.java:206)
06-06 06:46:36.246 E/Hyphenator( 1323): 	at com.android.internal.os.ZygoteInit.main(ZygoteInit.java:743)
06-06 06:46:36.246 E/Hyphenator( 1323): Caused by: android.system.ErrnoException: open failed: ENOENT (No such file or directory)
06-06 06:46:36.246 E/Hyphenator( 1323): 	at libcore.io.Posix.open(Native Method)
06-06 06:46:36.246 E/Hyphenator( 1323): 	at libcore.io.BlockGuardOs.open(BlockGuardOs.java:187)
06-06 06:46:36.246 E/Hyphenator( 1323): 	at libcore.io.IoBridge.open(IoBridge.java:441)
06-06 06:46:36.246 E/Hyphenator( 1323): 	... 6 more
06-06 06:46:36.248 E/Hyphenator( 1323): error loading hyphenation /system/usr/hyphen-data/hyph-cy.hyb
06-06 06:46:36.248 E/Hyphenator( 1323): java.io.FileNotFoundException: /system/usr/hyphen-data/hyph-cy.hyb: open failed: ENOENT (No such file or directory)
06-06 06:46:36.248 E/Hyphenator( 1323): 	at libcore.io.IoBridge.open(IoBridge.java:455)
06-06 06:46:36.248 E/Hyphenator( 1323): 	at java.io.RandomAccessFile.<init>(RandomAccessFile.java:247)
06-06 06:46:36.248 E/Hyphenator( 1323): 	at android.text.Hyphenator.loadHyphenator(Hyphenator.java:118)
06-06 06:46:36.248 E/Hyphenator( 1323): 	at android.text.Hyphenator.init(Hyphenator.java:224)
06-06 06:46:36.248 E/Hyphenator( 1323): 	at com.android.internal.os.ZygoteInit.preloadTextResources(ZygoteInit.java:252)
06-06 06:46:36.248 E/Hyphenator( 1323): 	at com.android.internal.os.ZygoteInit.preload(ZygoteInit.java:206)
06-06 06:46:36.248 E/Hyphenator( 1323): 	at com.android.internal.os.ZygoteInit.main(ZygoteInit.java:743)
06-06 06:46:36.248 E/Hyphenator( 1323): Caused by: android.system.ErrnoException: open failed: ENOENT (No such file or directory)
06-06 06:46:36.248 E/Hyphenator( 1323): 	at libcore.io.Posix.open(Native Method)
06-06 06:46:36.248 E/Hyphenator( 1323): 	at libcore.io.BlockGuardOs.open(BlockGuardOs.java:187)
06-06 06:46:36.248 E/Hyphenator( 1323): 	at libcore.io.IoBridge.open(IoBridge.java:441)
06-06 06:46:36.248 E/Hyphenator( 1323): 	... 6 more
06-06 06:46:36.250 E/Hyphenator( 1323): error loading hyphenation /system/usr/hyphen-data/hyph-da.hyb
06-06 06:46:36.250 E/Hyphenator( 1323): java.io.FileNotFoundException: /system/usr/hyphen-data/hyph-da.hyb: open failed: ENOENT (No such file or directory)
06-06 06:46:36.250 E/Hyphenator( 1323): 	at libcore.io.IoBridge.open(IoBridge.java:455)
06-06 06:46:36.250 E/Hyphenator( 1323): 	at java.io.RandomAccessFile.<init>(RandomAccessFile.java:247)
06-06 06:46:36.250 E/Hyphenator( 1323): 	at android.text.Hyphenator.loadHyphenator(Hyphenator.java:118)
06-06 06:46:36.250 E/Hyphenator( 1323): 	at android.text.Hyphenator.init(Hyphenator.java:224)
06-06 06:46:36.250 E/Hyphenator( 1323): 	at com.android.internal.os.ZygoteInit.preloadTextResources(ZygoteInit.java:252)
06-06 06:46:36.250 E/Hyphenator( 1323): 	at com.android.internal.os.ZygoteInit.preload(ZygoteInit.java:206)
06-06 06:46:36.250 E/Hyphenator( 1323): 	at com.android.internal.os.ZygoteInit.main(ZygoteInit.java:743)
06-06 06:46:36.250 E/Hyphenator( 1323): Caused by: android.system.ErrnoException: open failed: ENOENT (No such file or directory)
06-06 06:46:36.250 E/Hyphenator( 1323): 	at libcore.io.Posix.open(Native Method)
06-06 06:46:36.250 E/Hyphenator( 1323): 	at libcore.io.BlockGuardOs.open(BlockGuardOs.java:187)
06-06 06:46:36.250 E/Hyphenator( 1323): 	at libcore.io.IoBridge.open(IoBridge.java:441)
06-06 06:46:36.250 E/Hyphenator( 1323): 	... 6 more
06-06 06:46:36.392 E/Hyphenator( 1323): error loading hyphenation /system/usr/hyphen-data/hyph-de-1901.hyb
06-06 06:46:36.392 E/Hyphenator( 1323): java.io.FileNotFoundException: /system/usr/hyphen-data/hyph-de-1901.hyb: open failed: ENOENT (No such file or directory)
06-06 06:46:36.392 E/Hyphenator( 1323): 	at libcore.io.IoBridge.open(IoBridge.java:455)
06-06 06:46:36.392 E/Hyphenator( 1323): 	at java.io.RandomAccessFile.<init>(RandomAccessFile.java:247)
06-06 06:46:36.392 E/Hyphenator( 1323): 	at android.text.Hyphenator.loadHyphenator(Hyphenator.java:118)
06-06 06:46:36.392 E/Hyphenator( 1323): 	at android.text.Hyphenator.init(Hyphenator.java:224)
06-06 06:46:36.392 E/Hyphenator( 1323): 	at com.android.internal.os.ZygoteInit.preloadTextResources(ZygoteInit.java:252)
06-06 06:46:36.392 E/Hyphenator( 1323): 	at com.android.internal.os.ZygoteInit.preload(ZygoteInit.java:206)
06-06 06:46:36.392 E/Hyphenator( 1323): 	at com.android.internal.os.ZygoteInit.main(ZygoteInit.java:743)
06-06 06:46:36.392 E/Hyphenator( 1323): Caused by: android.system.ErrnoException: open failed: ENOENT (No such file or directory)
06-06 06:46:36.392 E/Hyphenator( 1323): 	at libcore.io.Posix.open(Native Method)
06-06 06:46:36.392 E/Hyphenator( 1323): 	at libcore.io.BlockGuardOs.open(BlockGuardOs.java:187)
06-06 06:46:36.392 E/Hyphenator( 1323): 	at libcore.io.IoBridge.open(IoBridge.java:441)
06-06 06:46:36.392 E/Hyphenator( 1323): 	... 6 more
06-06 06:46:36.411 E/Hyphenator( 1323): error loading hyphenation /system/usr/hyphen-data/hyph-de-1996.hyb
06-06 06:46:36.411 E/Hyphenator( 1323): java.io.FileNotFoundException: /system/usr/hyphen-data/hyph-de-1996.hyb: open failed: ENOENT (No such file or directory)
06-06 06:46:36.411 E/Hyphenator( 1323): 	at libcore.io.IoBridge.open(IoBridge.java:455)
06-06 06:46:36.411 E/Hyphenator( 1323): 	at java.io.RandomAccessFile.<init>(RandomAccessFile.java:247)
06-06 06:46:36.411 E/Hyphenator( 1323): 	at android.text.Hyphenator.loadHyphenator(Hyphenator.java:118)
06-06 06:46:36.411 E/Hyphenator( 1323): 	at android.text.Hyphenator.init(Hyphenator.java:224)
06-06 06:46:36.411 E/Hyphenator( 1323): 	at com.android.internal.os.ZygoteInit.preloadTextResources(ZygoteInit.java:252)
06-06 06:46:36.411 E/Hyphenator( 1323): 	at com.android.internal.os.ZygoteInit.preload(ZygoteInit.java:206)
06-06 06:46:36.411 E/Hyphenator( 1323): 	at com.android.internal.os.ZygoteInit.main(ZygoteInit.java:743)
06-06 06:46:36.411 E/Hyphenator( 1323): Caused by: android.system.ErrnoException: open failed: ENOENT (No such file or directory)
06-06 06:46:36.411 E/Hyphenator( 1323): 	at libcore.io.Posix.open(Native Method)
06-06 06:46:36.411 E/Hyphenator( 1323): 	at libcore.io.BlockGuardOs.open(BlockGuardOs.java:187)
06-06 06:46:36.411 E/Hyphenator( 1323): 	at libcore.io.IoBridge.open(IoBridge.java:441)
06-06 06:46:36.411 E/Hyphenator( 1323): 	... 6 more
06-06 06:46:36.414 E/Hyphenator( 1323): error loading hyphenation /system/usr/hyphen-data/hyph-de-ch-1901.hyb
06-06 06:46:36.414 E/Hyphenator( 1323): java.io.FileNotFoundException: /system/usr/hyphen-data/hyph-de-ch-1901.hyb: open failed: ENOENT (No such file or directory)
06-06 06:46:36.414 E/Hyphenator( 1323): 	at libcore.io.IoBridge.open(IoBridge.java:455)
06-06 06:46:36.414 E/Hyphenator( 1323): 	at java.io.RandomAccessFile.<init>(RandomAccessFile.java:247)
06-06 06:46:36.414 E/Hyphenator( 1323): 	at android.text.Hyphenator.loadHyphenator(Hyphenator.java:118)
06-06 06:46:36.414 E/Hyphenator( 1323): 	at android.text.Hyphenator.init(Hyphenator.java:224)
06-06 06:46:36.414 E/Hyphenator( 1323): 	at com.android.internal.os.ZygoteInit.preloadTextResources(ZygoteInit.java:252)
06-06 06:46:36.414 E/Hyphenator( 1323): 	at com.android.internal.os.ZygoteInit.preload(ZygoteInit.java:206)
06-06 06:46:36.414 E/Hyphenator( 1323): 	at com.android.internal.os.ZygoteInit.main(ZygoteInit.java:743)
06-06 06:46:36.414 E/Hyphenator( 1323): Caused by: android.system.ErrnoException: open failed: ENOENT (No such file or directory)
06-06 06:46:36.414 E/Hyphenator( 1323): 	at libcore.io.Posix.open(Native Method)
06-06 06:46:36.414 E/Hyphenator( 1323): 	at libcore.io.BlockGuardOs.open(BlockGuardOs.java:187)
06-06 06:46:36.414 E/Hyphenator( 1323): 	at libcore.io.IoBridge.open(IoBridge.java:441)
06-06 06:46:36.414 E/Hyphenator( 1323): 	... 6 more
06-06 06:46:36.415 E/Hyphenator( 1323): error loading hyphenation /system/usr/hyphen-data/hyph-en-gb.hyb
06-06 06:46:36.415 E/Hyphenator( 1323): java.io.FileNotFoundException: /system/usr/hyphen-data/hyph-en-gb.hyb: open failed: ENOENT (No such file or directory)
06-06 06:46:36.415 E/Hyphenator( 1323): 	at libcore.io.IoBridge.open(IoBridge.java:455)
06-06 06:46:36.415 E/Hyphenator( 1323): 	at java.io.RandomAccessFile.<init>(RandomAccessFile.java:247)
06-06 06:46:36.415 E/Hyphenator( 1323): 	at android.text.Hyphenator.loadHyphenator(Hyphenator.java:118)
06-06 06:46:36.415 E/Hyphenator( 1323): 	at android.text.Hyphenator.init(Hyphenator.java:224)
06-06 06:46:36.415 E/Hyphenator( 1323): 	at com.android.internal.os.ZygoteInit.preloadTextResources(ZygoteInit.java:252)
06-06 06:46:36.415 E/Hyphenator( 1323): 	at com.android.internal.os.ZygoteInit.preload(ZygoteInit.java:206)
06-06 06:46:36.415 E/Hyphenator( 1323): 	at com.android.internal.os.ZygoteInit.main(ZygoteInit.java:743)
06-06 06:46:36.415 E/Hyphenator( 1323): Caused by: android.system.ErrnoException: open failed: ENOENT (No such file or directory)
06-06 06:46:36.415 E/Hyphenator( 1323): 	at libcore.io.Posix.open(Native Method)
06-06 06:46:36.415 E/Hyphenator( 1323): 	at libcore.io.BlockGuardOs.open(BlockGuardOs.java:187)
06-06 06:46:36.415 E/Hyphenator( 1323): 	at libcore.io.IoBridge.open(IoBridge.java:441)
06-06 06:46:36.415 E/Hyphenator( 1323): 	... 6 more
06-06 06:46:36.417 E/Hyphenator( 1323): error loading hyphenation /system/usr/hyphen-data/hyph-en-us.hyb
06-06 06:46:36.417 E/Hyphenator( 1323): java.io.FileNotFoundException: /system/usr/hyphen-data/hyph-en-us.hyb: open failed: ENOENT (No such file or directory)
06-06 06:46:36.417 E/Hyphenator( 1323): 	at libcore.io.IoBridge.open(IoBridge.java:455)
06-06 06:46:36.417 E/Hyphenator( 1323): 	at java.io.RandomAccessFile.<init>(RandomAccessFile.java:247)
06-06 06:46:36.417 E/Hyphenator( 1323): 	at android.text.Hyphenator.loadHyphenator(Hyphenator.java:118)
06-06 06:46:36.417 E/Hyphenator( 1323): 	at android.text.Hyphenator.init(Hyphenator.java:224)
06-06 06:46:36.417 E/Hyphenator( 1323): 	at com.android.internal.os.ZygoteInit.preloadTextResources(ZygoteInit.java:252)
06-06 06:46:36.417 E/Hyphenator( 1323): 	at com.android.internal.os.ZygoteInit.preload(ZygoteInit.java:206)
06-06 06:46:36.417 E/Hyphenator( 1323): 	at com.android.internal.os.ZygoteInit.main(ZygoteInit.java:743)
06-06 06:46:36.417 E/Hyphenator( 1323): Caused by: android.system.ErrnoException: open failed: ENOENT (No such file or directory)
06-06 06:46:36.417 E/Hyphenator( 1323): 	at libcore.io.Posix.open(Native Method)
06-06 06:46:36.417 E/Hyphenator( 1323): 	at libcore.io.BlockGuardOs.open(BlockGuardOs.java:187)
06-06 06:46:36.417 E/Hyphenator( 1323): 	at libcore.io.IoBridge.open(IoBridge.java:441)
06-06 06:46:36.417 E/Hyphenator( 1323): 	... 6 more
06-06 06:46:36.419 E/Hyphenator( 1323): error loading hyphenation /system/usr/hyphen-data/hyph-es.hyb
06-06 06:46:36.419 E/Hyphenator( 1323): java.io.FileNotFoundException: /system/usr/hyphen-data/hyph-es.hyb: open failed: ENOENT (No such file or directory)
06-06 06:46:36.419 E/Hyphenator( 1323): 	at libcore.io.IoBridge.open(IoBridge.java:455)
06-06 06:46:36.419 E/Hyphenator( 1323): 	at java.io.RandomAccessFile.<init>(RandomAccessFile.java:247)
06-06 06:46:36.419 E/Hyphenator( 1323): 	at android.text.Hyphenator.loadHyphenator(Hyphenator.java:118)
06-06 06:46:36.419 E/Hyphenator( 1323): 	at android.text.Hyphenator.init(Hyphenator.java:224)
06-06 06:46:36.419 E/Hyphenator( 1323): 	at com.android.internal.os.ZygoteInit.preloadTextResources(ZygoteInit.java:252)
06-06 06:46:36.419 E/Hyphenator( 1323): 	at com.android.internal.os.ZygoteInit.preload(ZygoteInit.java:206)
06-06 06:46:36.419 E/Hyphenator( 1323): 	at com.android.internal.os.ZygoteInit.main(ZygoteInit.java:743)
06-06 06:46:36.419 E/Hyphenator( 1323): Caused by: android.system.ErrnoException: open failed: ENOENT (No such file or directory)
06-06 06:46:36.419 E/Hyphenator( 1323): 	at libcore.io.Posix.open(Native Method)
06-06 06:46:36.419 E/Hyphenator( 1323): 	at libcore.io.BlockGuardOs.open(BlockGuardOs.java:187)
06-06 06:46:36.419 E/Hyphenator( 1323): 	at libcore.io.IoBridge.open(IoBridge.java:441)
06-06 06:46:36.419 E/Hyphenator( 1323): 	... 6 more
06-06 06:46:36.498 E/Hyphenator( 1323): error loading hyphenation /system/usr/hyphen-data/hyph-et.hyb
06-06 06:46:36.498 E/Hyphenator( 1323): java.io.FileNotFoundException: /system/usr/hyphen-data/hyph-et.hyb: open failed: ENOENT (No such file or directory)
06-06 06:46:36.498 E/Hyphenator( 1323): 	at libcore.io.IoBridge.open(IoBridge.java:455)
06-06 06:46:36.498 E/Hyphenator( 1323): 	at java.io.RandomAccessFile.<init>(RandomAccessFile.java:247)
06-06 06:46:36.498 E/Hyphenator( 1323): 	at android.text.Hyphenator.loadHyphenator(Hyphenator.java:118)
06-06 06:46:36.498 E/Hyphenator( 1323): 	at android.text.Hyphenator.init(Hyphenator.java:224)
06-06 06:46:36.498 E/Hyphenator( 1323): 	at com.android.internal.os.ZygoteInit.preloadTextResources(ZygoteInit.java:252)
06-06 06:46:36.498 E/Hyphenator( 1323): 	at com.android.internal.os.ZygoteInit.preload(ZygoteInit.java:206)
06-06 06:46:36.498 E/Hyphenator( 1323): 	at com.android.internal.os.ZygoteInit.main(ZygoteInit.java:743)
06-06 06:46:36.498 E/Hyphenator( 1323): Caused by: android.system.ErrnoException: open failed: ENOENT (No such file or directory)
06-06 06:46:36.498 E/Hyphenator( 1323): 	at libcore.io.Posix.open(Native Method)
06-06 06:46:36.498 E/Hyphenator( 1323): 	at libcore.io.BlockGuardOs.open(BlockGuardOs.java:187)
06-06 06:46:36.498 E/Hyphenator( 1323): 	at libcore.io.IoBridge.open(IoBridge.java:441)
06-06 06:46:36.498 E/Hyphenator( 1323): 	... 6 more
06-06 06:46:36.532 E/Hyphenator( 1323): error loading hyphenation /system/usr/hyphen-data/hyph-eu.hyb
06-06 06:46:36.532 E/Hyphenator( 1323): java.io.FileNotFoundException: /system/usr/hyphen-data/hyph-eu.hyb: open failed: ENOENT (No such file or directory)
06-06 06:46:36.532 E/Hyphenator( 1323): 	at libcore.io.IoBridge.open(IoBridge.java:455)
06-06 06:46:36.532 E/Hyphenator( 1323): 	at java.io.RandomAccessFile.<init>(RandomAccessFile.java:247)
06-06 06:46:36.532 E/Hyphenator( 1323): 	at android.text.Hyphenator.loadHyphenator(Hyphenator.java:118)
06-06 06:46:36.532 E/Hyphenator( 1323): 	at android.text.Hyphenator.init(Hyphenator.java:224)
06-06 06:46:36.532 E/Hyphenator( 1323): 	at com.android.internal.os.ZygoteInit.preloadTextResources(ZygoteInit.java:252)
06-06 06:46:36.532 E/Hyphenator( 1323): 	at com.android.internal.os.ZygoteInit.preload(ZygoteInit.java:206)
06-06 06:46:36.532 E/Hyphenator( 1323): 	at com.android.internal.os.ZygoteInit.main(ZygoteInit.java:743)
06-06 06:46:36.532 E/Hyphenator( 1323): Caused by: android.system.ErrnoException: open failed: ENOENT (No such file or directory)
06-06 06:46:36.532 E/Hyphenator( 1323): 	at libcore.io.Posix.open(Native Method)
06-06 06:46:36.532 E/Hyphenator( 1323): 	at libcore.io.BlockGuardOs.open(BlockGuardOs.java:187)
06-06 06:46:36.532 E/Hyphenator( 1323): 	at libcore.io.IoBridge.open(IoBridge.java:441)
06-06 06:46:36.532 E/Hyphenator( 1323): 	... 6 more
06-06 06:46:36.536 E/Hyphenator( 1323): error loading hyphenation /system/usr/hyphen-data/hyph-fr.hyb
06-06 06:46:36.536 E/Hyphenator( 1323): java.io.FileNotFoundException: /system/usr/hyphen-data/hyph-fr.hyb: open failed: ENOENT (No such file or directory)
06-06 06:46:36.536 E/Hyphenator( 1323): 	at libcore.io.IoBridge.open(IoBridge.java:455)
06-06 06:46:36.536 E/Hyphenator( 1323): 	at java.io.RandomAccessFile.<init>(RandomAccessFile.java:247)
06-06 06:46:36.536 E/Hyphenator( 1323): 	at android.text.Hyphenator.loadHyphenator(Hyphenator.java:118)
06-06 06:46:36.536 E/Hyphenator( 1323): 	at android.text.Hyphenator.init(Hyphenator.java:224)
06-06 06:46:36.536 E/Hyphenator( 1323): 	at com.android.internal.os.ZygoteInit.preloadTextResources(ZygoteInit.java:252)
06-06 06:46:36.536 E/Hyphenator( 1323): 	at com.android.internal.os.ZygoteInit.preload(ZygoteInit.java:206)
06-06 06:46:36.536 E/Hyphenator( 1323): 	at com.android.internal.os.ZygoteInit.main(ZygoteInit.java:743)
06-06 06:46:36.536 E/Hyphenator( 1323): Caused by: android.system.ErrnoException: open failed: ENOENT (No such file or directory)
06-06 06:46:36.536 E/Hyphenator( 1323): 	at libcore.io.Posix.open(Native Method)
06-06 06:46:36.536 E/Hyphenator( 1323): 	at libcore.io.BlockGuardOs.open(BlockGuardOs.java:187)
06-06 06:46:36.536 E/Hyphenator( 1323): 	at libcore.io.IoBridge.open(IoBridge.java:441)
06-06 06:46:36.536 E/Hyphenator( 1323): 	... 6 more
06-06 06:46:36.538 E/Hyphenator( 1323): error loading hyphenation /system/usr/hyphen-data/hyph-ga.hyb
06-06 06:46:36.538 E/Hyphenator( 1323): java.io.FileNotFoundException: /system/usr/hyphen-data/hyph-ga.hyb: open failed: ENOENT (No such file or directory)
06-06 06:46:36.538 E/Hyphenator( 1323): 	at libcore.io.IoBridge.open(IoBridge.java:455)
06-06 06:46:36.538 E/Hyphenator( 1323): 	at java.io.RandomAccessFile.<init>(RandomAccessFile.java:247)
06-06 06:46:36.538 E/Hyphenator( 1323): 	at android.text.Hyphenator.loadHyphenator(Hyphenator.java:118)
06-06 06:46:36.538 E/Hyphenator( 1323): 	at android.text.Hyphenator.init(Hyphenator.java:224)
06-06 06:46:36.538 E/Hyphenator( 1323): 	at com.android.internal.os.ZygoteInit.preloadTextResources(ZygoteInit.java:252)
06-06 06:46:36.538 E/Hyphenator( 1323): 	at com.android.internal.os.ZygoteInit.preload(ZygoteInit.java:206)
06-06 06:46:36.538 E/Hyphenator( 1323): 	at com.android.internal.os.ZygoteInit.main(ZygoteInit.java:743)
06-06 06:46:36.538 E/Hyphenator( 1323): Caused by: android.system.ErrnoException: open failed: ENOENT (No such file or directory)
06-06 06:46:36.538 E/Hyphenator( 1323): 	at libcore.io.Posix.open(Native Method)
06-06 06:46:36.538 E/Hyphenator( 1323): 	at libcore.io.BlockGuardOs.open(BlockGuardOs.java:187)
06-06 06:46:36.538 E/Hyphenator( 1323): 	at libcore.io.IoBridge.open(IoBridge.java:441)
06-06 06:46:36.538 E/Hyphenator( 1323): 	... 6 more
06-06 06:46:36.539 E/Hyphenator( 1323): error loading hyphenation /system/usr/hyphen-data/hyph-gu.hyb
