06-09 01:28:29.391 I/ActivityManager( 1805): Start proc 2571:com.android.deskclock/u0a31 for broadcast com.android.deskclock/.AlarmInitReceiver
06-09 01:28:29.391 W/ActivityManager( 1805): Slow operation: 274ms so far, now at startProcess: starting to update pids map
06-09 01:28:29.391 W/ActivityManager( 1805): Slow operation: 274ms so far, now at startProcess: done updating pids map
06-09 01:28:29.395 W/ActivityManager( 1805): Slow operation: 279ms so far, now at startProcess: done starting proc!
06-09 01:28:29.489 I/vol.Events( 2446): writeEvent collection_started
06-09 01:28:29.505 I/MediaPlayerService( 1335): MediaPlayerService::getOMX
06-09 01:28:29.508 I/OMXClient( 2446): MuxOMX ctor
06-09 01:28:29.515 I/OMXMaster( 1332): makeComponentInstance(OMX.google.vorbis.decoder) in mediacodec process
06-09 01:28:29.564 I/InputConnectionWrapper.ICC( 2032): Got out-of-sequence callback 1 (expected 3) in setTextBeforeCursor, ignoring.
06-09 01:28:29.577 W/art     ( 2571): Unexpected CPU variant for X86 using defaults: x86_64
06-09 01:28:29.708 W/art     ( 1805): Long monitor contention with owner Binder:1805_2 (1827) at void com.android.server.am.BroadcastQueue.processNextBroadcast(boolean)(BroadcastQueue.java:760) waiters=6 in void com.android.server.am.ActivityManagerService$3.handleMessage(android.os.Message) for 1.759s
06-09 01:28:29.849 W/art     ( 1805): Long monitor contention with owner main (1805) at void com.android.server.pm.UserManagerService$MainHandler.handleMessage(android.os.Message)(UserManagerService.java:3290) waiters=0 in android.content.pm.ProviderInfo com.android.server.pm.PackageManagerService.resolveContentProvider(java.lang.String, int, int) for 155ms
06-09 01:28:29.887 E/ActivityManager( 1805): ANR in com.android.systemui
06-09 01:28:29.887 E/ActivityManager( 1805): PID: 2446
06-09 01:28:29.887 E/ActivityManager( 1805): Reason: executing service com.android.systemui/.keyguard.KeyguardService
06-09 01:28:29.887 E/ActivityManager( 1805): Load: 0.0 / 0.0 / 0.0
06-09 01:28:29.887 E/ActivityManager( 1805): CPU usage from 26652ms to 0ms ago (2020-06-09 01:28:00.954 to 2020-06-09 01:28:27.606):
06-09 01:28:29.887 E/ActivityManager( 1805):   98% 1321/surfaceflinger: 25% user + 72% kernel / faults: 2039 minor
06-09 01:28:29.887 E/ActivityManager( 1805):   34% 1805/system_server: 6.6% user + 27% kernel / faults: 3684 minor 79 major
06-09 01:28:29.887 E/ActivityManager( 1805):   14% 2305/com.android.settings: 2.6% user + 11% kernel / faults: 41 minor
06-09 01:28:29.887 E/ActivityManager( 1805):   1.9% 1332/media.codec: 0% user + 1.9% kernel / faults: 1137 minor
06-09 01:28:29.887 E/ActivityManager( 1805):   1% 1330/installd: 0% user + 1% kernel / faults: 1 minor
06-09 01:28:29.887 E/ActivityManager( 1805):   1.9% 8/rcu_preempt: 0% user + 1.9% kernel
06-09 01:28:29.887 E/ActivityManager( 1805):   1% 1323/adbd: 0% user + 1% kernel / faults: 649 minor
06-09 01:28:29.887 E/ActivityManager( 1805):   0.9% 1324/zygote64: 0% user + 0.9% kernel / faults: 600 minor
06-09 01:28:29.887 E/ActivityManager( 1805):   0.4% 1334/media.extractor: 0% user + 0.4% kernel / faults: 39 minor
06-09 01:28:29.887 E/ActivityManager( 1805):   0.7% 2291/com.android.phone: 0.3% user + 0.4% kernel / faults: 138 minor
06-09 01:28:29.887 E/ActivityManager( 1805):   0.7% 2386/com.android.cellbroadcastreceiver: 0.1% user + 0.6% kernel / faults: 2649 minor
06-09 01:28:29.887 E/ActivityManager( 1805):   0.7% 2032/com.android.inputmethod.latin: 0% user + 0.7% kernel / faults: 338 minor
06-09 01:28:29.887 E/ActivityManager( 1805):   0.6% 1267/logd: 0% user + 0.6% kernel / faults: 23 minor
06-09 01:28:29.887 E/ActivityManager( 1805):   0.4% 1352/logcat: 0% user + 0.4% kernel / faults: 1 minor
06-09 01:28:29.887 E/ActivityManager( 1805):   0.3% 1320/servicemanager: 0% user + 0.3% kernel
06-09 01:28:29.887 E/ActivityManager( 1805):   0.1% 1335/mediaserver: 0% user + 0.1% kernel
06-09 01:28:29.887 E/ActivityManager( 1805):   0.2% 3/ksoftirqd/0: 0% user + 0.2% kernel
06-09 01:28:29.887 E/ActivityManager( 1805):   0.1% 1255/kworker/0:1H: 0% user + 0.1% kernel
06-09 01:28:29.887 E/ActivityManager( 1805):   0.1% 1//init: 0% user + 0.1% kernel / faults: 1 minor
06-09 01:28:29.887 E/ActivityManager( 1805):   0% 1270/vold: 0% user + 0% kernel / faults: 13 minor
06-09 01:28:29.887 E/ActivityManager( 1805):   0.1% 1319/lmkd: 0% user + 0% kernel
06-09 01:28:29.887 E/ActivityManager( 1805):   0% 2086/sdcard: 0% user + 0% kernel / faults: 19 minor
06-09 01:28:29.887 E/ActivityManager( 1805):   0% 12/ksoftirqd/1: 0% user + 0% kernel
06-09 01:28:29.887 E/ActivityManager( 1805):   0% 17/kworker/u4:1: 0% user + 0% kernel
06-09 01:28:29.887 E/ActivityManager( 1805):   0% 633/fsnotify_mark: 0% user + 0% kernel
06-09 01:28:29.887 E/ActivityManager( 1805):   0% 1265/jbd2/vdc-8: 0% user + 0% kernel
06-09 01:28:29.887 E/ActivityManager( 1805):   0% 1316/healthd: 0% user + 0% kernel
06-09 01:28:29.887 E/ActivityManager( 1805):   0% 1487/ipv6proxy: 0% user + 0% kernel
06-09 01:28:29.887 E/ActivityManager( 1805):   0% 13/kworker/1:0: 0% user + 0% kernel
06-09 01:28:29.887 E/ActivityManager( 1805):   0% 1275/kauditd: 0% user + 0% kernel
06-09 01:28:29.887 E/ActivityManager( 1805):   0% 1326/audioserver: 0% user + 0% kernel
06-09 01:28:29.887 E/ActivityManager( 1805):   0% 1331/keystore: 0% user + 0% kernel
06-09 01:28:29.887 E/ActivityManager( 1805):   0% 1338/netd: 0% user + 0% kernel / faults: 14 minor
06-09 01:28:29.887 E/ActivityManager( 1805):  +0% 2446/com.android.systemui: 0% user + 0% kernel
06-09 01:28:29.887 E/ActivityManager( 1805):  +0% 2471/android.ext.services: 0% user + 0% kernel
06-09 01:28:29.887 E/ActivityManager( 1805):  +0% 2499/com.android.providers.calendar: 0% user + 0% kernel
06-09 01:28:29.887 E/ActivityManager( 1805):  +0% 2534/com.android.launcher3: 0% user + 0% kernel
06-09 01:28:29.887 E/ActivityManager( 1805): 99% TOTAL: 22% user + 75% kernel + 1.5% softirq
06-09 01:28:29.887 E/ActivityManager( 1805): CPU usage from 281944ms to 281944ms ago (1970-01-01 00:00:00.000 to 1970-01-01 00:00:00.000) with 0% awake:
06-09 01:28:29.887 E/ActivityManager( 1805): 0% TOTAL: 0% user + 0% kernel
06-09 01:28:29.891 I/ActivityManager( 1805): Killing 2446:com.android.systemui/u0a21 (adj -800): bg anr
06-09 01:28:29.895 I/InputConnectionWrapper.ICC( 2032): Got out-of-sequence callback 2 (expected 3) in setSelectedText, ignoring.
06-09 01:28:30.485 W/art     ( 1805): Long monitor contention with owner Binder:1805_9 (2440) at void com.android.server.am.ActivityManagerService.attachApplication(android.app.IApplicationThread)(ActivityManagerService.java:6669) waiters=4 in int com.android.server.am.ActivityManagerService.getActivityDisplayId(android.os.IBinder) for 103ms
06-09 01:28:30.655 V/Launcher( 2534): LauncherAppState inited
06-09 01:28:30.658 W/System  ( 2561): ClassLoader referenced unknown path: /system/app/KeyChain/lib/x86_64
06-09 01:28:31.015 I/Choreographer( 2305): Skipped 33 frames!  The application may be doing too much work on its main thread.
06-09 01:28:31.123 I/InputAttributes( 2032): InputType.TYPE_NULL is specified
06-09 01:28:31.246 W/art     ( 1805): Long monitor contention with owner Binder:1805_2 (1827) at void com.android.server.am.BroadcastQueue.processNextBroadcast(boolean)(BroadcastQueue.java:760) waiters=7 in int com.android.server.am.ActivityManagerService.getAppStartMode(int, java.lang.String) for 3.158s
06-09 01:28:31.506 E/OMXNodeInstance( 1332): !!! Observer died. Quickly, do something, ... anything...
06-09 01:28:31.523 I/ActivityManager( 1805): Process com.android.systemui (pid 2446) has died
06-09 01:28:31.523 D/ActivityManager( 1805): cleanUpApplicationRecord -- 2446
06-09 01:28:31.525 W/ActivityManager( 1805): Scheduling restart of crashed service com.android.systemui/.keyguard.KeyguardService in 0ms
06-09 01:28:31.526 W/ActivityManager( 1805): Scheduling restart of crashed service com.android.systemui/.ImageWallpaper in 0ms
06-09 01:28:31.526 W/ActivityManager( 1805): Scheduling restart of crashed service com.android.systemui/.SystemUIService in 0ms
06-09 01:28:31.529 W/ActivityManager( 1805): Re-adding persistent process ProcessRecord{e12b2c5 2446:com.android.systemui/u0a21}
06-09 01:28:31.745 I/Choreographer( 2305): Skipped 41 frames!  The application may be doing too much work on its main thread.
06-09 01:28:31.870 W/art     ( 2607): Unexpected CPU variant for X86 using defaults: x86_64
06-09 01:28:31.888 W/ActivityManager( 1805): Slow operation: 359ms so far, now at startProcess: returned from zygote!
06-09 01:28:31.889 W/ActivityManager( 1805): Slow operation: 359ms so far, now at startProcess: done updating battery stats
06-09 01:28:31.889 W/ActivityManager( 1805): Slow operation: 360ms so far, now at startProcess: building log message
06-09 01:28:31.890 I/ActivityManager( 1805): Start proc 2607:com.android.systemui/u0a21 for restart com.android.systemui
06-09 01:28:31.890 W/ActivityManager( 1805): Slow operation: 360ms so far, now at startProcess: starting to update pids map
06-09 01:28:31.890 W/ActivityManager( 1805): Slow operation: 360ms so far, now at startProcess: done updating pids map
06-09 01:28:31.904 W/art     ( 1805): Long monitor contention with owner Binder:1805_9 (2440) at void com.android.server.am.ActivityManagerService$AppDeathRecipient.binderDied()(ActivityManagerService.java:1475) waiters=0 in void com.android.server.am.ActivityManagerService.dispatchUidsChanged() for 350ms
06-09 01:28:31.906 W/art     ( 1805): Long monitor contention with owner Binder:1805_9 (2440) at void com.android.server.am.ActivityManagerService$AppDeathRecipient.binderDied()(ActivityManagerService.java:1475) waiters=1 in void com.android.server.am.ActiveServices$ServiceRestarter.run() for 348ms
06-09 01:28:31.908 W/ActivityManager( 1805): Launch timeout has expired, giving up wake lock!
06-09 01:28:32.357 W/System  ( 2607): ClassLoader referenced unknown path: /system/priv-app/SystemUI/lib/x86_64
06-09 01:28:32.570 W/art     ( 1805): Long monitor contention with owner backup (2491) at int com.android.server.job.JobSchedulerService.scheduleAsPackage(android.app.job.JobInfo, int, java.lang.String, int, java.lang.String)(JobSchedulerService.java:576) waiters=0 in void com.android.server.job.JobSchedulerService.cancelJobsForUid(int, boolean) for 664ms
06-09 01:28:32.669 V/SystemUIService( 2607): Starting SystemUI services for user 0.
06-09 01:28:32.818 V/MediaRouter( 2607): Adding route: RouteInfo{ name=Phone, description=null, status=null, category=RouteCategory{ name=null types=ROUTE_TYPE_LIVE_AUDIO ROUTE_TYPE_LIVE_VIDEO  groupable=false }, supportedTypes=ROUTE_TYPE_LIVE_AUDIO ROUTE_TYPE_LIVE_VIDEO , presentationDisplay=null }
06-09 01:28:32.914 V/MediaRouter( 2607): Updating audio routes: AudioRoutesInfo{ type=SPEAKER }
06-09 01:28:32.936 V/MediaRouter( 2607): Selecting route: RouteInfo{ name=Phone, description=null, status=null, category=RouteCategory{ name=null types=ROUTE_TYPE_LIVE_AUDIO ROUTE_TYPE_LIVE_VIDEO  groupable=false }, supportedTypes=ROUTE_TYPE_LIVE_AUDIO ROUTE_TYPE_LIVE_VIDEO , presentationDisplay=null }
06-09 01:28:33.068 W/art     ( 1805): Long monitor contention with owner backup (2491) at boolean android.os.MessageQueue.enqueueMessage(android.os.Message, long)(MessageQueue.java:541) waiters=0 in android.os.Message android.os.MessageQueue.next() for 472ms
06-09 01:28:33.083 D/TrustManagerService( 1805): Removing dead TrustListener.
06-09 01:28:33.292 E/WVMExtractor( 2607): Failed to open libwvm.so: dlopen failed: library "libwvm.so" not found
06-09 01:28:33.545 I/MediaPlayerService( 1335): MediaPlayerService::getOMX
06-09 01:28:33.563 I/OMXClient( 2607): MuxOMX ctor
06-09 01:28:33.568 I/OMXMaster( 1332): makeComponentInstance(OMX.google.vorbis.decoder) in mediacodec process
06-09 01:28:35.022 W/art     ( 1805): Long monitor contention with owner Binder:1805_C (2443) at int com.android.server.wm.WindowManagerService.relayoutWindow(com.android.server.wm.Session, android.view.IWindow, int, android.view.WindowManager$LayoutParams, int, int, int, int, android.graphics.Rect, android.graphics.Rect, android.graphics.Rect, android.graphics.Rect, android.graphics.Rect, android.graphics.Rect, android.graphics.Rect, android.content.res.Configuration, android.view.Surface)(WindowManagerService.java:2857) waiters=0 in void com.android.server.wm.WindowManagerService$H.handleMessage(android.os.Message) for 139ms
06-09 01:28:35.213 I/Choreographer( 2534): Skipped 41 frames!  The application may be doing too much work on its main thread.
06-09 01:28:35.325 D/gralloc_ranchu( 2534): Emulator without host-side GPU emulation detected. Loading gralloc.default.so from /vendor/lib64/hw/gralloc.goldfish.default.so...
06-09 01:28:35.329 D/gralloc_ranchu( 2534): gralloc.default.so not found in /vendor. Trying /system/lib64/hw/gralloc.goldfish.default.so...
06-09 01:28:35.436 I/LatinIME( 2032): Timeout waiting for dictionary load
06-09 01:28:35.481 I/MediaPlayerService( 1335): MediaPlayerService::getOMX
06-09 01:28:35.489 I/OMXClient( 2607): MuxOMX ctor
06-09 01:28:35.511 I/OMXMaster( 1332): makeComponentInstance(OMX.google.vorbis.decoder) in mediacodec process
06-09 01:28:36.023 I/ActivityManager( 1805): Displayed com.android.launcher3/.Launcher: +13s949ms
06-09 01:28:36.368 I/vol.Events( 2607): writeEvent collection_started
06-09 01:28:36.464 I/vol.Events( 2607): writeEvent external_ringer_mode_changed normal
06-09 01:28:36.465 I/vol.Events( 2607): writeEvent internal_ringer_mode_changed normal
06-09 01:28:36.730 V/GridSizeMigrationTask( 2534): Workspace migration completed in 523
06-09 01:28:36.745 D/Launcher.Model( 2534): loadWorkspace: loading default favorites
06-09 01:28:37.732 I/MediaPlayerService( 1335): MediaPlayerService::getOMX
06-09 01:28:37.743 I/OMXClient( 2607): MuxOMX ctor
06-09 01:28:37.756 I/OMXMaster( 1332): makeComponentInstance(OMX.google.vorbis.decoder) in mediacodec process
06-09 01:28:39.150 I/vol.Events( 2607): writeEvent level_changed STREAM_ALARM 6
06-09 01:28:39.193 I/vol.Events( 2607): writeEvent level_changed STREAM_BLUETOOTH_SCO 7
06-09 01:28:39.294 I/vol.Events( 2607): writeEvent level_changed STREAM_MUSIC 11
06-09 01:28:39.400 I/vol.Events( 2607): writeEvent level_changed STREAM_RING 5
06-09 01:28:39.416 I/vol.Events( 2607): writeEvent level_changed STREAM_SYSTEM 5
06-09 01:28:39.494 I/vol.Events( 2607): writeEvent level_changed STREAM_VOICE_CALL 4
06-09 01:28:40.333 D/StorageNotification( 2607): Notifying about private volume: VolumeInfo{private}:
06-09 01:28:40.333 D/StorageNotification( 2607):     type=PRIVATE diskId=null partGuid=null mountFlags=0 mountUserId=-1 
06-09 01:28:40.333 D/StorageNotification( 2607):     state=MOUNTED 
06-09 01:28:40.333 D/StorageNotification( 2607):     fsType=null fsUuid=null fsLabel=null 
06-09 01:28:40.333 D/StorageNotification( 2607):     path=/data internalPath=null 
06-09 01:28:40.339 D/StorageNotification( 2607): Notifying about public volume: VolumeInfo{public:253,48}:
06-09 01:28:40.339 D/StorageNotification( 2607):     type=PUBLIC diskId=disk:253,48 partGuid=null mountFlags=VISIBLE 
06-09 01:28:40.339 D/StorageNotification( 2607):     mountUserId=0 state=MOUNTED 
06-09 01:28:40.339 D/StorageNotification( 2607):     fsType=vfat fsUuid=1EFF-1C1B fsLabel=SDCARD 
06-09 01:28:40.339 D/StorageNotification( 2607):     path=/storage/1EFF-1C1B internalPath=/mnt/media_rw/1EFF-1C1B 
06-09 01:28:40.943 V/KeyguardServiceDelegate( 1805): *** Keyguard connected (yay!)
06-09 01:28:42.435 W/ifconfig( 2671): type=1400 audit(0.0:13): avc: denied { ioctl } for path="socket:[14731]" dev="sockfs" ino=14731 ioctlcmd=8927 scontext=u:r:shell:s0 tcontext=u:r:shell:s0 tclass=udp_socket permissive=0
06-09 01:28:42.445 W/ifconfig( 2671): type=1400 audit(0.0:14): avc: denied { ioctl } for path="socket:[14731]" dev="sockfs" ino=14731 ioctlcmd=891d scontext=u:r:shell:s0 tcontext=u:r:shell:s0 tclass=udp_socket permissive=0
06-09 01:28:42.445 W/ifconfig( 2671): type=1400 audit(0.0:15): avc: denied { ioctl } for path="socket:[14731]" dev="sockfs" ino=14731 ioctlcmd=8970 scontext=u:r:shell:s0 tcontext=u:r:shell:s0 tclass=udp_socket permissive=0
06-09 01:28:41.687 D/LockSettings( 1805): Removing dead StrongAuthTracker.
06-09 01:28:41.713 D/LockSettings( 1805): Removing dead StrongAuthTracker.
06-09 01:28:42.653 I/Choreographer( 2607): Skipped 177 frames!  The application may be doing too much work on its main thread.
06-09 01:28:42.812 I/art     ( 2534): Background sticky concurrent mark sweep GC freed 20138(1939KB) AllocSpace objects, 9(204KB) LOS objects, 21% free, 7MB/10MB, paused 1.795ms total 374.747ms
06-09 01:28:43.230 I/StatusBarManagerService( 1805): registerStatusBar bar=com.android.internal.statusbar.IStatusBar$Stub$Proxy@bd597c3
06-09 01:28:43.999 W/libprocessgroup( 1805): failed to open /acct/uid_10021/pid_2446/cgroup.procs: No such file or directory
06-09 01:28:44.001 W/System  ( 2571): ClassLoader referenced unknown path: /system/app/DeskClock/lib/x86_64
06-09 01:28:45.003 I/CalendarProvider2( 2499): Sending notification intent: Intent { act=android.intent.action.PROVIDER_CHANGED dat=content://com.android.calendar flg=0x20000000 }
06-09 01:28:45.005 W/ContentResolver( 2499): Failed to get type for: content://com.android.calendar (Unknown URL content://com.android.calendar)
06-09 01:28:45.019 I/BackupManagerService( 1805): Found stale backup journal, scheduling
06-09 01:28:45.847 I/SyncManager( 1805): Got SyncJobService instance.
06-09 01:28:45.896 I/FusedLocation( 1805): engine started (com.android.location.fused)
06-09 01:28:45.942 I/art     ( 2607): Background sticky concurrent mark sweep GC freed 16553(2MB) AllocSpace objects, 2(40KB) LOS objects, 29% free, 7MB/10MB, paused 1.616ms total 160.234ms
06-09 01:28:46.702 W/System  ( 2607): ClassLoader referenced unknown path: 
06-09 01:28:46.703 W/System  ( 2607): ClassLoader referenced unknown path: /system/priv-app/Dialer/lib/x86_64
06-09 01:28:46.709 D/ApplicationLoaders( 2607): ignored Vulkan layer search path /system/priv-app/Dialer/lib/x86_64:/system/lib64:/vendor/lib64 for namespace 0x71b37a0820f0
06-09 01:28:46.733 E/NetdConnector( 1805): NDC Command {18 firewall disable_chain standby} took too long (737ms)
06-09 01:28:46.906 W/ActivityManager( 1805): Slow operation: 92ms so far, now at startProcess: returned from zygote!
06-09 01:28:46.906 W/ActivityManager( 1805): Slow operation: 93ms so far, now at startProcess: done updating battery stats
06-09 01:28:46.907 W/ActivityManager( 1805): Slow operation: 93ms so far, now at startProcess: building log message
06-09 01:28:46.907 I/ActivityManager( 1805): Start proc 2685:com.android.printspooler/u0a51 for service com.android.printspooler/.model.PrintSpoolerService
06-09 01:28:46.908 W/ActivityManager( 1805): Slow operation: 94ms so far, now at startProcess: starting to update pids map
06-09 01:28:46.908 W/ActivityManager( 1805): Slow operation: 94ms so far, now at startProcess: done updating pids map
06-09 01:28:46.908 W/ActivityManager( 1805): Slow operation: 98ms so far, now at startProcess: done starting proc!
06-09 01:28:46.970 W/art     ( 2685): Unexpected CPU variant for X86 using defaults: x86_64
06-09 01:28:47.182 E/BluetoothAdapter( 2607): Bluetooth binder is null
06-09 01:28:47.415 I/CameraManagerGlobal( 2607): Connecting to camera service
06-09 01:28:47.474 V/EmulatedCamera_Camera( 1327): getCameraInfo
06-09 01:28:47.476 V/EmulatedCamera_BaseCamera( 1327): getCameraInfo
06-09 01:28:47.477 I/CameraService( 1327): getCameraCharacteristics: Switching to HAL1 shim implementation...
06-09 01:28:47.477 V/EmulatedCamera_Camera( 1327): getCameraInfo
06-09 01:28:47.477 V/EmulatedCamera_BaseCamera( 1327): getCameraInfo
06-09 01:28:47.484 I/CameraService( 1327): CameraService::connect call (PID -1 "cameraserver", camera ID 0) for HAL version default and Camera API version 1
06-09 01:28:47.499 E/CameraService( 1327): getCameraPriorityFromProcState: Received invalid process state -1 from ActivityManagerService!
06-09 01:28:47.501 V/EmulatedCamera_Camera( 1327): getCameraInfo
06-09 01:28:47.501 V/EmulatedCamera_BaseCamera( 1327): getCameraInfo
06-09 01:28:47.704 I/AlarmClock( 2571): AlarmInitReceiver android.intent.action.TIME_SET
06-09 01:28:47.722 I/art     ( 1805): Background partial concurrent mark sweep GC freed 23465(2MB) AllocSpace objects, 10(376KB) LOS objects, 29% free, 9MB/13MB, paused 2.435ms total 339.926ms
06-09 01:28:47.729 E/WVMExtractor( 1335): Failed to open libwvm.so: dlopen failed: library "libwvm.so" not found
06-09 01:28:47.957 D/NuPlayerDriver( 1335): notifyListener_l(0xe618c360), (1, 0, 0), loop setting(0, 0)
06-09 01:28:48.052 D/NuPlayerDriver( 1335): notifyListener_l(0xe79a9140), (1, 0, 0), loop setting(0, 0)
06-09 01:28:48.174 D/NuPlayerDriver( 1335): notifyListener_l(0xe79a9020), (1, 0, 0), loop setting(0, 0)
06-09 01:28:48.236 I/CameraFlashlight( 1327): Opening camera 0
06-09 01:28:48.237 V/EmulatedCamera_Camera( 1327): getCameraInfo
06-09 01:28:48.237 V/EmulatedCamera_BaseCamera( 1327): getCameraInfo
06-09 01:28:48.237 V/EmulatedCamera_Camera( 1327): connectCamera
06-09 01:28:48.237 V/EmulatedCamera_FakeDevice( 1327): connectDevice
06-09 01:28:48.238 V/EmulatedCamera_CallbackNotifier( 1327): setCallbacks: 0xee274e80, 0xee274ed0, 0xee274ff0, 0xee275110 (0xed8c3320)
06-09 01:28:48.238 V/EmulatedCamera_CallbackNotifier( 1327): enableMessage: msg_type = 0xc0d
06-09 01:28:48.238 V/EmulatedCamera_CallbackNotifier( 1327):     CAMERA_MSG_ERROR
06-09 01:28:48.238 V/EmulatedCamera_CallbackNotifier( 1327):     CAMERA_MSG_FOCUS
06-09 01:28:48.238 V/EmulatedCamera_CallbackNotifier( 1327):     CAMERA_MSG_ZOOM
06-09 01:28:48.238 V/EmulatedCamera_CallbackNotifier( 1327):     CAMERA_MSG_PREVIEW_METADATA
06-09 01:28:48.238 V/EmulatedCamera_CallbackNotifier( 1327): **** Currently enabled messages:
06-09 01:28:48.238 V/EmulatedCamera_CallbackNotifier( 1327):     CAMERA_MSG_ERROR
06-09 01:28:48.238 V/EmulatedCamera_CallbackNotifier( 1327):     CAMERA_MSG_FOCUS
06-09 01:28:48.238 V/EmulatedCamera_CallbackNotifier( 1327):     CAMERA_MSG_ZOOM
06-09 01:28:48.238 V/EmulatedCamera_CallbackNotifier( 1327):     CAMERA_MSG_PREVIEW_METADATA
06-09 01:28:48.249 V/EmulatedCamera_CallbackNotifier( 1327): disableMessage: msg_type = 0xffff
06-09 01:28:48.249 V/EmulatedCamera_CallbackNotifier( 1327):     CAMERA_MSG_ERROR
06-09 01:28:48.249 V/EmulatedCamera_CallbackNotifier( 1327):     CAMERA_MSG_SHUTTER
06-09 01:28:48.249 V/EmulatedCamera_CallbackNotifier( 1327):     CAMERA_MSG_FOCUS
06-09 01:28:48.249 V/EmulatedCamera_CallbackNotifier( 1327):     CAMERA_MSG_ZOOM
06-09 01:28:48.249 V/EmulatedCamera_CallbackNotifier( 1327):     CAMERA_MSG_PREVIEW_FRAME
06-09 01:28:48.250 V/EmulatedCamera_CallbackNotifier( 1327):     CAMERA_MSG_VIDEO_FRAME
06-09 01:28:48.250 V/EmulatedCamera_CallbackNotifier( 1327):     CAMERA_MSG_POSTVIEW_FRAME
06-09 01:28:48.250 V/EmulatedCamera_CallbackNotifier( 1327):     CAMERA_MSG_RAW_IMAGE
06-09 01:28:48.250 V/EmulatedCamera_CallbackNotifier( 1327):     CAMERA_MSG_COMPRESSED_IMAGE
06-09 01:28:48.250 V/EmulatedCamera_CallbackNotifier( 1327):     CAMERA_MSG_RAW_IMAGE_NOTIFY
06-09 01:28:48.250 V/EmulatedCamera_CallbackNotifier( 1327):     CAMERA_MSG_PREVIEW_METADATA
06-09 01:28:48.250 V/EmulatedCamera_CallbackNotifier( 1327): **** Currently enabled messages:
06-09 01:28:48.250 V/EmulatedCamera_Preview( 1327): setPreviewWindow: current: 0x0 -> new: 0x0
06-09 01:28:48.250 V/EmulatedCamera_Camera( 1327): doStopPreview
06-09 01:28:48.260 V/EmulatedCamera_Camera( 1327): cancelPicture
06-09 01:28:48.261 V/EmulatedCamera_Camera( 1327): releaseCamera
06-09 01:28:48.261 V/EmulatedCamera_Camera( 1327): doStopPreview
06-09 01:28:48.261 V/EmulatedCamera_FakeDevice( 1327): disconnectDevice
06-09 01:28:48.261 W/EmulatedCamera_Device( 1327): Initialize: Emulated camera device is already initialized: mState = 1
06-09 01:28:48.282 D/EmulatedCamera_FakeCamera( 1327): Initialize: Fake camera is facing back
06-09 01:28:48.284 V/EmulatedCamera_Device( 1327): initializeWhiteBalanceModes with auto, 1.000000, 1.000000
06-09 01:28:48.285 V/EmulatedCamera_Device( 1327): initializeWhiteBalanceModes with incandescent, 1.380000, 0.600000
06-09 01:28:48.285 V/EmulatedCamera_Device( 1327): initializeWhiteBalanceModes with daylight, 1.090000, 0.920000
06-09 01:28:48.285 V/EmulatedCamera_Device( 1327): initializeWhiteBalanceModes with twilight, 0.920000, 1.220000
06-09 01:28:48.285 V/EmulatedCamera_Device( 1327): setWhiteBalanceMode with white balance auto
06-09 01:28:48.286 I/CameraFlashlight( 1327): Destroying camera 0
06-09 01:28:48.286 V/EmulatedCamera_Camera( 1327): closeCamera
06-09 01:28:48.286 V/EmulatedCamera_Camera( 1327): doStopPreview
06-09 01:28:48.286 W/EmulatedCamera_Device( 1327): Initialize: Emulated camera device is already initialized: mState = 1
06-09 01:28:48.286 D/EmulatedCamera_FakeCamera( 1327): Initialize: Fake camera is facing back
06-09 01:28:48.287 V/EmulatedCamera_Device( 1327): initializeWhiteBalanceModes with auto, 1.000000, 1.000000
06-09 01:28:48.287 V/EmulatedCamera_Device( 1327): initializeWhiteBalanceModes with incandescent, 1.380000, 0.600000
06-09 01:28:48.287 V/EmulatedCamera_Device( 1327): initializeWhiteBalanceModes with daylight, 1.090000, 0.920000
06-09 01:28:48.287 V/EmulatedCamera_Device( 1327): initializeWhiteBalanceModes with twilight, 0.920000, 1.220000
06-09 01:28:48.287 V/EmulatedCamera_Device( 1327): setWhiteBalanceMode with white balance auto
06-09 01:28:48.316 I/CameraService( 1327): disconnect: Disconnected client for camera 0 for PID 1327
06-09 01:28:48.318 D/NuPlayerDriver( 1335): reset(0xe618c360) at state 4
06-09 01:28:48.318 D/NuPlayerDriver( 1335): notifyListener_l(0xe618c360), (8, 0, 0), loop setting(0, 0)
06-09 01:28:48.356 D/NuPlayerDriver( 1335): notifyResetComplete(0xe618c360)
06-09 01:28:48.418 D/WIFI    ( 1805): Registering NetworkFactory
06-09 01:28:48.420 D/ConnectivityService( 1805): Got NetworkFactory Messenger for WIFI
06-09 01:28:48.423 D/NuPlayerDriver( 1335): reset(0xe79a9140) at state 4
06-09 01:28:48.423 D/NuPlayerDriver( 1335): notifyListener_l(0xe79a9140), (8, 0, 0), loop setting(0, 0)
06-09 01:28:48.429 I/AlarmClock( 2571): AlarmInitReceiver android.intent.action.LOCKED_BOOT_COMPLETED
06-09 01:28:48.432 D/WIFI_UT ( 1805): Registering NetworkFactory
06-09 01:28:48.433 D/ConnectivityService( 1805): Got NetworkFactory Messenger for WIFI_UT
06-09 01:28:48.436 D/WIFI    ( 1805): got request NetworkRequest [ REQUEST id=1, [ Capabilities: INTERNET&NOT_RESTRICTED&TRUSTED&NOT_VPN] ] with score 0
06-09 01:28:48.437 D/WIFI_UT ( 1805): got request NetworkRequest [ REQUEST id=1, [ Capabilities: INTERNET&NOT_RESTRICTED&TRUSTED&NOT_VPN] ] with score 0
06-09 01:28:48.452 D/NuPlayerDriver( 1335): notifyResetComplete(0xe79a9140)
06-09 01:28:48.460 V/AlarmClock( 2571): AlarmInitReceiver finished
06-09 01:28:48.467 D/NuPlayerDriver( 1335): reset(0xe79a9020) at state 4
06-09 01:28:48.467 D/NuPlayerDriver( 1335): notifyListener_l(0xe79a9020), (8, 0, 0), loop setting(0, 0)
06-09 01:28:48.474 D/NuPlayerDriver( 1335): notifyResetComplete(0xe79a9020)
06-09 01:28:48.535 V/EmulatedCamera_Camera( 1327): getCameraInfo
06-09 01:28:48.535 V/EmulatedCamera_BaseCamera( 1327): getCameraInfo
06-09 01:28:48.540 V/EmulatedCamera_Camera( 1327): getCameraInfo
06-09 01:28:48.541 V/EmulatedCamera_BaseCamera( 1327): getCameraInfo
06-09 01:28:48.621 D/AlarmClock/Events( 2571): [Stopwatch] [Reset] [Reboot]
06-09 01:28:48.675 I/StatusBar( 2607): isKeyguardShowing() called before startKeyguard(), returning true
06-09 01:28:48.678 W/StatusBar( 2607): isKeyguardSecure() called before startKeyguard(), returning false
06-09 01:28:48.678 W/StatusBar( 2607): java.lang.Throwable
06-09 01:28:48.678 W/StatusBar( 2607): 	at com.android.systemui.statusbar.BaseStatusBar.isKeyguardSecure(BaseStatusBar.java:2647)
06-09 01:28:48.678 W/StatusBar( 2607): 	at com.android.systemui.statusbar.BaseStatusBar.isCameraAllowedByAdmin(BaseStatusBar.java:2670)
06-09 01:28:48.678 W/StatusBar( 2607): 	at com.android.systemui.statusbar.phone.KeyguardBottomAreaView.updateCameraVisibility(KeyguardBottomAreaView.java:309)
06-09 01:28:48.678 W/StatusBar( 2607): 	at com.android.systemui.statusbar.phone.KeyguardBottomAreaView.setPhoneStatusBar(KeyguardBottomAreaView.java:272)
06-09 01:28:48.678 W/StatusBar( 2607): 	at com.android.systemui.statusbar.phone.PhoneStatusBar.makeStatusBarView(PhoneStatusBar.java:904)
06-09 01:28:48.678 W/StatusBar( 2607): 	at com.android.systemui.statusbar.phone.PhoneStatusBar.addStatusBarWindow(PhoneStatusBar.java:3432)
06-09 01:28:48.678 W/StatusBar( 2607): 	at com.android.systemui.statusbar.phone.PhoneStatusBar.createAndAddWindows(PhoneStatusBar.java:3428)
06-09 01:28:48.678 W/StatusBar( 2607): 	at com.android.systemui.statusbar.BaseStatusBar.start(BaseStatusBar.java:765)
06-09 01:28:48.678 W/StatusBar( 2607): 	at com.android.systemui.statusbar.phone.PhoneStatusBar.start(PhoneStatusBar.java:686)
06-09 01:28:48.678 W/StatusBar( 2607): 	at com.android.systemui.statusbar.SystemBars.createStatusBarFromConfig(SystemBars.java:106)
06-09 01:28:48.678 W/StatusBar( 2607): 	at com.android.systemui.statusbar.SystemBars.onNoService(SystemBars.java:58)
06-09 01:28:48.678 W/StatusBar( 2607): 	at com.android.systemui.statusbar.ServiceMonitor.startService(ServiceMonitor.java:230)
06-09 01:28:48.678 W/StatusBar( 2607): 	at com.android.systemui.statusbar.ServiceMonitor.-wrap5(ServiceMonitor.java)
06-09 01:28:48.678 W/StatusBar( 2607): 	at com.android.systemui.statusbar.ServiceMonitor$1.handleMessage(ServiceMonitor.java:73)
06-09 01:28:48.678 W/StatusBar( 2607): 	at android.os.Handler.dispatchMessage(Handler.java:102)
06-09 01:28:48.678 W/StatusBar( 2607): 	at android.os.Looper.loop(Looper.java:154)
06-09 01:28:48.678 W/StatusBar( 2607): 	at android.app.ActivityThread.main(ActivityThread.java:6119)
06-09 01:28:48.678 W/StatusBar( 2607): 	at java.lang.reflect.Method.invoke(Native Method)
06-09 01:28:48.678 W/StatusBar( 2607): 	at com.android.internal.os.ZygoteInit$MethodAndArgsCaller.run(ZygoteInit.java:886)
06-09 01:28:48.678 W/StatusBar( 2607): 	at com.android.internal.os.ZygoteInit.main(ZygoteInit.java:776)
06-09 01:28:48.725 I/StatusBar( 2607): isKeyguardShowing() called before startKeyguard(), returning true
06-09 01:28:48.727 W/StatusBar( 2607): isKeyguardSecure() called before startKeyguard(), returning false
06-09 01:28:48.727 W/StatusBar( 2607): java.lang.Throwable
06-09 01:28:48.727 W/StatusBar( 2607): 	at com.android.systemui.statusbar.BaseStatusBar.isKeyguardSecure(BaseStatusBar.java:2647)
06-09 01:28:48.727 W/StatusBar( 2607): 	at com.android.systemui.statusbar.BaseStatusBar.isCameraAllowedByAdmin(BaseStatusBar.java:2670)
06-09 01:28:48.727 W/StatusBar( 2607): 	at com.android.systemui.statusbar.phone.KeyguardBottomAreaView.updateCameraVisibility(KeyguardBottomAreaView.java:309)
06-09 01:28:48.727 W/StatusBar( 2607): 	at com.android.systemui.statusbar.phone.KeyguardBottomAreaView.setUserSetupComplete(KeyguardBottomAreaView.java:281)
06-09 01:28:48.727 W/StatusBar( 2607): 	at com.android.systemui.statusbar.phone.PhoneStatusBar.makeStatusBarView(PhoneStatusBar.java:905)
06-09 01:28:48.727 W/StatusBar( 2607): 	at com.android.systemui.statusbar.phone.PhoneStatusBar.addStatusBarWindow(PhoneStatusBar.java:3432)
06-09 01:28:48.727 W/StatusBar( 2607): 	at com.android.systemui.statusbar.phone.PhoneStatusBar.createAndAddWindows(PhoneStatusBar.java:3428)
06-09 01:28:48.727 W/StatusBar( 2607): 	at com.android.systemui.statusbar.BaseStatusBar.start(BaseStatusBar.java:765)
06-09 01:28:48.727 W/StatusBar( 2607): 	at com.android.systemui.statusbar.phone.PhoneStatusBar.start(PhoneStatusBar.java:686)
06-09 01:28:48.727 W/StatusBar( 2607): 	at com.android.systemui.statusbar.SystemBars.createStatusBarFromConfig(SystemBars.java:106)
06-09 01:28:48.727 W/StatusBar( 2607): 	at com.android.systemui.statusbar.SystemBars.onNoService(SystemBars.java:58)
06-09 01:28:48.727 W/StatusBar( 2607): 	at com.android.systemui.statusbar.ServiceMonitor.startService(ServiceMonitor.java:230)
06-09 01:28:48.727 W/StatusBar( 2607): 	at com.android.systemui.statusbar.ServiceMonitor.-wrap5(ServiceMonitor.java)
06-09 01:28:48.727 W/StatusBar( 2607): 	at com.android.systemui.statusbar.ServiceMonitor$1.handleMessage(ServiceMonitor.java:73)
06-09 01:28:48.727 W/StatusBar( 2607): 	at android.os.Handler.dispatchMessage(Handler.java:102)
06-09 01:28:48.727 W/StatusBar( 2607): 	at android.os.Looper.loop(Looper.java:154)
06-09 01:28:48.727 W/StatusBar( 2607): 	at android.app.ActivityThread.main(ActivityThread.java:6119)
06-09 01:28:48.727 W/StatusBar( 2607): 	at java.lang.reflect.Method.invoke(Native Method)
06-09 01:28:48.727 W/StatusBar( 2607): 	at com.android.internal.os.ZygoteInit$MethodAndArgsCaller.run(ZygoteInit.java:886)
06-09 01:28:48.727 W/StatusBar( 2607): 	at com.android.internal.os.ZygoteInit.main(ZygoteInit.java:776)
06-09 01:28:48.770 V/AlarmClock( 2571): AlarmInitReceiver finished
06-09 01:28:48.812 I/ActivityManager( 1805): Start proc 2713:android.process.media/u0a10 for broadcast com.android.providers.downloads/.DownloadReceiver
06-09 01:28:48.813 W/ActivityManager( 1805): Slow operation: 62ms so far, now at startProcess: done starting proc!
06-09 01:28:48.883 W/art     ( 2713): Unexpected CPU variant for X86 using defaults: x86_64
06-09 01:28:49.108 W/System  ( 2713): ClassLoader referenced unknown path: /system/priv-app/DownloadProvider/lib/x86_64
06-09 01:28:49.115 V/EmulatedCamera_Camera( 1327): getCameraInfo
06-09 01:28:49.115 V/EmulatedCamera_BaseCamera( 1327): getCameraInfo
06-09 01:28:49.118 V/EmulatedCamera_Camera( 1327): getCameraInfo
06-09 01:28:49.118 V/EmulatedCamera_BaseCamera( 1327): getCameraInfo
06-09 01:28:49.252 W/System  ( 2713): ClassLoader referenced unknown path: /system/priv-app/MediaProvider/lib/x86_64
06-09 01:28:49.259 D/ApplicationLoaders( 2713): ignored Vulkan layer search path /system/priv-app/MediaProvider/lib/x86_64:/system/priv-app/MediaProvider/MediaProvider.apk!/lib/x86_64:/system/lib64:/vendor/lib64 for namespace 0x71b379f1f0f0
06-09 01:28:49.576 I/StatusBar( 2607): isKeyguardShowing() called before startKeyguard(), returning true
06-09 01:28:49.578 W/StatusBar( 2607): isKeyguardSecure() called before startKeyguard(), returning false
06-09 01:28:49.578 W/StatusBar( 2607): java.lang.Throwable
06-09 01:28:49.578 W/StatusBar( 2607): 	at com.android.systemui.statusbar.BaseStatusBar.isKeyguardSecure(BaseStatusBar.java:2647)
06-09 01:28:49.578 W/StatusBar( 2607): 	at com.android.systemui.statusbar.BaseStatusBar.isCameraAllowedByAdmin(BaseStatusBar.java:2670)
06-09 01:28:49.578 W/StatusBar( 2607): 	at com.android.systemui.statusbar.phone.KeyguardBottomAreaView.updateCameraVisibility(KeyguardBottomAreaView.java:309)
06-09 01:28:49.578 W/StatusBar( 2607): 	at com.android.systemui.statusbar.phone.KeyguardBottomAreaView.setUserSetupComplete(KeyguardBottomAreaView.java:281)
06-09 01:28:49.578 W/StatusBar( 2607): 	at com.android.systemui.statusbar.phone.PhoneStatusBar$1.onChange(PhoneStatusBar.java:441)
06-09 01:28:49.578 W/StatusBar( 2607): 	at com.android.systemui.statusbar.phone.PhoneStatusBar.resetUserSetupObserver(PhoneStatusBar.java:3676)
06-09 01:28:49.578 W/StatusBar( 2607): 	at com.android.systemui.statusbar.phone.PhoneStatusBar.makeStatusBarView(PhoneStatusBar.java:1008)
06-09 01:28:49.578 W/StatusBar( 2607): 	at com.android.systemui.statusbar.phone.PhoneStatusBar.addStatusBarWindow(PhoneStatusBar.java:3432)
06-09 01:28:49.578 W/StatusBar( 2607): 	at com.android.systemui.statusbar.phone.PhoneStatusBar.createAndAddWindows(PhoneStatusBar.java:3428)
06-09 01:28:49.578 W/StatusBar( 2607): 	at com.android.systemui.statusbar.BaseStatusBar.start(BaseStatusBar.java:765)
06-09 01:28:49.578 W/StatusBar( 2607): 	at com.android.systemui.statusbar.phone.PhoneStatusBar.start(PhoneStatusBar.java:686)
06-09 01:28:49.578 W/StatusBar( 2607): 	at com.android.systemui.statusbar.SystemBars.createStatusBarFromConfig(SystemBars.java:106)
06-09 01:28:49.578 W/StatusBar( 2607): 	at com.android.systemui.statusbar.SystemBars.onNoService(SystemBars.java:58)
06-09 01:28:49.578 W/StatusBar( 2607): 	at com.android.systemui.statusbar.ServiceMonitor.startService(ServiceMonitor.java:230)
06-09 01:28:49.578 W/StatusBar( 2607): 	at com.android.systemui.statusbar.ServiceMonitor.-wrap5(ServiceMonitor.java)
06-09 01:28:49.578 W/StatusBar( 2607): 	at com.android.systemui.statusbar.ServiceMonitor$1.handleMessage(ServiceMonitor.java:73)
06-09 01:28:49.578 W/StatusBar( 2607): 	at android.os.Handler.dispatchMessage(Handler.java:102)
06-09 01:28:49.578 W/StatusBar( 2607): 	at android.os.Looper.loop(Looper.java:154)
06-09 01:28:49.578 W/StatusBar( 2607): 	at android.app.ActivityThread.main(ActivityThread.java:6119)
06-09 01:28:49.578 W/StatusBar( 2607): 	at java.lang.reflect.Method.invoke(Native Method)
06-09 01:28:49.578 W/StatusBar( 2607): 	at com.android.internal.os.ZygoteInit$MethodAndArgsCaller.run(ZygoteInit.java:886)
06-09 01:28:49.578 W/StatusBar( 2607): 	at com.android.internal.os.ZygoteInit.main(ZygoteInit.java:776)
06-09 01:28:49.684 E/SurfaceFlinger( 1321): ro.sf.lcd_density must be defined as a build property
06-09 01:28:49.743 D/OpenGLRenderer( 2607): profile bars disabled
06-09 01:28:49.746 D/OpenGLRenderer( 2607): ambientRatio = 1.50
06-09 01:28:49.843 D/PhoneStatusBar( 2607): disable: < EXPAND* icons alerts system_info BACK* HOME* RECENT* clock SEARCH* quick_settings >
06-09 01:28:50.426 D/PhoneStatusBar( 2607): heads up is enabled
06-09 01:28:50.770 W/ActivityManager( 1805): Slow operation: 68ms so far, now at startProcess: done creating new process record
06-09 01:28:50.770 W/ActivityManager( 1805): Slow operation: 68ms so far, now at startProcess: stepping in to startProcess
06-09 01:28:50.876 W/ActivityManager( 1805): Slow operation: 105ms so far, now at startProcess: returned from zygote!
06-09 01:28:50.877 W/ActivityManager( 1805): Slow operation: 106ms so far, now at startProcess: done updating battery stats
06-09 01:28:50.877 W/ActivityManager( 1805): Slow operation: 106ms so far, now at startProcess: building log message
06-09 01:28:50.877 I/ActivityManager( 1805): Start proc 2736:android.process.acore/u0a1 for content provider com.android.providers.contacts/.ContactsProvider2
06-09 01:28:50.877 W/ActivityManager( 1805): Slow operation: 106ms so far, now at startProcess: starting to update pids map
06-09 01:28:50.877 W/ActivityManager( 1805): Slow operation: 107ms so far, now at startProcess: done updating pids map
06-09 01:28:50.877 W/ActivityManager( 1805): Slow operation: 176ms so far, now at startProcess: done starting proc!
06-09 01:28:50.878 W/ActivityManager( 1805): Slow operation: 179ms so far, now at getContentProviderImpl: after start process
06-09 01:28:50.878 W/ActivityManager( 1805): Slow operation: 179ms so far, now at getContentProviderImpl: updating data structures
06-09 01:28:50.882 W/ActivityManager( 1805): Slow operation: 184ms so far, now at getContentProviderImpl: done!
06-09 01:28:50.953 W/art     ( 2736): Unexpected CPU variant for X86 using defaults: x86_64
06-09 01:28:51.468 I/art     ( 2607): Background partial concurrent mark sweep GC freed 10033(1390KB) AllocSpace objects, 3(60KB) LOS objects, 24% free, 12MB/16MB, paused 1.171ms total 251.651ms
06-09 01:28:51.509 W/art     ( 1805): Long monitor contention with owner Binder:1805_5 (2150) at int com.android.server.wm.WindowManagerService.relayoutWindow(com.android.server.wm.Session, android.view.IWindow, int, android.view.WindowManager$LayoutParams, int, int, int, int, android.graphics.Rect, android.graphics.Rect, android.graphics.Rect, android.graphics.Rect, android.graphics.Rect, android.graphics.Rect, android.graphics.Rect, android.content.res.Configuration, android.view.Surface)(WindowManagerService.java:2857) waiters=0 in void com.android.server.wm.WindowManagerService$H.handleMessage(android.os.Message) for 825ms
06-09 01:28:51.523 W/art     ( 1805): Long monitor contention with owner Binder:1805_5 (2150) at int com.android.server.wm.WindowManagerService.relayoutWindow(com.android.server.wm.Session, android.view.IWindow, int, android.view.WindowManager$LayoutParams, int, int, int, int, android.graphics.Rect, android.graphics.Rect, android.graphics.Rect, android.graphics.Rect, android.graphics.Rect, android.graphics.Rect, android.graphics.Rect, android.content.res.Configuration, android.view.Surface)(WindowManagerService.java:2857) waiters=1 in int com.android.server.wm.WindowManagerService.relayoutWindow(com.android.server.wm.Session, android.view.IWindow, int, android.view.WindowManager$LayoutParams, int, int, int, int, android.graphics.Rect, android.graphics.Rect, android.graphics.Rect, android.graphics.Rect, android.graphics.Rect, android.graphics.Rect, android.graphics.Rect, android.content.res.Configuration, android.view.Surface) for 346ms
06-09 01:28:51.554 W/System  ( 2736): ClassLoader referenced unknown path: /system/priv-app/ContactsProvider/lib/x86_64
06-09 01:28:52.010 W/KeyguardUpdateMonitor( 2607): invalid subId in handleSimStateChange()
06-09 01:28:52.201 V/KeyguardServiceDelegate( 1805): **** SHOWN CALLED ****
06-09 01:28:52.279 W/art     ( 1805): Long monitor contention with owner android.display (1869) at void com.android.server.wm.WindowManagerService$H.handleMessage(android.os.Message)(WindowManagerService.java:8368) waiters=0 in int com.android.server.wm.WindowManagerService.relayoutWindow(com.android.server.wm.Session, android.view.IWindow, int, android.view.WindowManager$LayoutParams, int, int, int, int, android.graphics.Rect, android.graphics.Rect, android.graphics.Rect, android.graphics.Rect, android.graphics.Rect, android.graphics.Rect, android.graphics.Rect, android.content.res.Configuration, android.view.Surface) for 180ms
06-09 01:28:52.395 D/MediaScannerReceiver( 2713): action: android.intent.action.MEDIA_MOUNTED path: /storage/1EFF-1C1B
06-09 01:28:52.705 I/Choreographer( 2607): Skipped 354 frames!  The application may be doing too much work on its main thread.
06-09 01:28:53.135 W/art     ( 1805): Long monitor contention with owner android.ui (1859) at int com.android.server.wm.WindowManagerService.relayoutWindow(com.android.server.wm.Session, android.view.IWindow, int, android.view.WindowManager$LayoutParams, int, int, int, int, android.graphics.Rect, android.graphics.Rect, android.graphics.Rect, android.graphics.Rect, android.graphics.Rect, android.graphics.Rect, android.graphics.Rect, android.content.res.Configuration, android.view.Surface)(WindowManagerService.java:2857) waiters=0 in void com.android.server.wm.WindowManagerService$H.handleMessage(android.os.Message) for 839ms
06-09 01:28:53.137 I/Choreographer( 1805): Skipped 51 frames!  The application may be doing too much work on its main thread.
06-09 01:28:53.311 D/ViewRootImpl[StatusBar]( 2607): changeCanvasOpacity: opaque=true
06-09 01:28:53.596 W/art     ( 1805): Long monitor contention with owner android.display (1869) at void com.android.server.wm.WindowAnimator$1.doFrame(long)(WindowAnimator.java:144) waiters=0 in int com.android.server.wm.WindowManagerService.relayoutWindow(com.android.server.wm.Session, android.view.IWindow, int, android.view.WindowManager$LayoutParams, int, int, int, int, android.graphics.Rect, android.graphics.Rect, android.graphics.Rect, android.graphics.Rect, android.graphics.Rect, android.graphics.Rect, android.graphics.Rect, android.content.res.Configuration, android.view.Surface) for 173ms
06-09 01:28:53.775 I/ContactsPerf( 2736): VoicemailContentProvider.onCreate start
06-09 01:28:53.909 I/ContactsPerf( 2736): VoicemailContentProvider.onCreate finish
06-09 01:28:53.956 W/System  ( 2736): ClassLoader referenced unknown path: /system/priv-app/BlockedNumberProvider/lib/x86_64
06-09 01:28:53.978 W/art     ( 1805): Long monitor contention with owner android.display (1869) at void com.android.server.wm.WindowManagerService$H.handleMessage(android.os.Message)(WindowManagerService.java:8368) waiters=0 in int com.android.server.wm.WindowManagerService.relayoutWindow(com.android.server.wm.Session, android.view.IWindow, int, android.view.WindowManager$LayoutParams, int, int, int, int, android.graphics.Rect, android.graphics.Rect, android.graphics.Rect, android.graphics.Rect, android.graphics.Rect, android.graphics.Rect, android.graphics.Rect, android.content.res.Configuration, android.view.Surface) for 380ms
06-09 01:28:53.961 D/ApplicationLoaders( 2736): ignored Vulkan layer search path /system/priv-app/BlockedNumberProvider/lib/x86_64:/system/lib64:/vendor/lib64 for namespace 0x71b379f1f0f0
06-09 01:28:54.243 W/System  ( 2736): ClassLoader referenced unknown path: /system/app/UserDictionaryProvider/lib/x86_64
06-09 01:28:54.247 D/ApplicationLoaders( 2736): ignored Vulkan layer search path /system/app/UserDictionaryProvider/lib/x86_64:/system/lib64:/vendor/lib64 for namespace 0x71b379f1f160
06-09 01:28:54.342 W/art     ( 1805): Long monitor contention with owner android.ui (1859) at int com.android.server.wm.WindowManagerService.relayoutWindow(com.android.server.wm.Session, android.view.IWindow, int, android.view.WindowManager$LayoutParams, int, int, int, int, android.graphics.Rect, android.graphics.Rect, android.graphics.Rect, android.graphics.Rect, android.graphics.Rect, android.graphics.Rect, android.graphics.Rect, android.content.res.Configuration, android.view.Surface)(WindowManagerService.java:2857) waiters=0 in void com.android.server.wm.WindowManagerService$H.handleMessage(android.os.Message) for 341ms
06-09 01:28:54.652 W/art     ( 2713): Suspending all threads took: 544.434ms
06-09 01:28:55.416 D/MediaScannerReceiver( 2713): action: android.intent.action.MEDIA_MOUNTED path: /storage/emulated/0
06-09 01:28:55.589 W/Binder  ( 2607): Binder call failed.
06-09 01:28:55.589 W/Binder  ( 2607): android.os.DeadObjectException
06-09 01:28:55.589 W/Binder  ( 2607): 	at android.os.BinderProxy.transactNative(Native Method)
06-09 01:28:55.589 W/Binder  ( 2607): 	at android.os.BinderProxy.transact(Binder.java:615)
06-09 01:28:55.589 W/Binder  ( 2607): 	at android.content.IIntentReceiver$Stub$Proxy.performReceive(IIntentReceiver.java:124)
06-09 01:28:55.589 W/Binder  ( 2607): 	at android.app.ActivityThread$ApplicationThread.scheduleRegisteredReceiver(ActivityThread.java:946)
06-09 01:28:55.589 W/Binder  ( 2607): 	at android.app.ApplicationThreadNative.onTransact(ApplicationThreadNative.java:404)
06-09 01:28:55.589 W/Binder  ( 2607): 	at android.os.Binder.execTransact(Binder.java:565)
06-09 01:28:56.480 W/art     ( 1805): Long monitor contention with owner Binder:1805_A (2441) at int com.android.server.wm.WindowManagerService.relayoutWindow(com.android.server.wm.Session, android.view.IWindow, int, android.view.WindowManager$LayoutParams, int, int, int, int, android.graphics.Rect, android.graphics.Rect, android.graphics.Rect, android.graphics.Rect, android.graphics.Rect, android.graphics.Rect, android.graphics.Rect, android.content.res.Configuration, android.view.Surface)(WindowManagerService.java:2857) waiters=0 in void com.android.server.wm.WindowManagerService$H.handleMessage(android.os.Message) for 913ms
06-09 01:28:56.502 W/art     ( 1805): Long monitor contention with owner Binder:1805_A (2441) at int com.android.server.wm.WindowManagerService.relayoutWindow(com.android.server.wm.Session, android.view.IWindow, int, android.view.WindowManager$LayoutParams, int, int, int, int, android.graphics.Rect, android.graphics.Rect, android.graphics.Rect, android.graphics.Rect, android.graphics.Rect, android.graphics.Rect, android.graphics.Rect, android.content.res.Configuration, android.view.Surface)(WindowManagerService.java:2857) waiters=1 in void com.android.server.wm.WindowManagerService.getInitialDisplaySize(int, android.graphics.Point) for 802ms
06-09 01:28:57.613 W/art     ( 1805): Long monitor contention with owner Binder:1805_B (2442) at int com.android.server.wm.WindowManagerService.relayoutWindow(com.android.server.wm.Session, android.view.IWindow, int, android.view.WindowManager$LayoutParams, int, int, int, int, android.graphics.Rect, android.graphics.Rect, android.graphics.Rect, android.graphics.Rect, android.graphics.Rect, android.graphics.Rect, android.graphics.Rect, android.content.res.Configuration, android.view.Surface)(WindowManagerService.java:2857) waiters=0 in void com.android.server.wm.WindowManagerService.getInitialDisplaySize(int, android.graphics.Point) for 480ms
06-09 01:28:57.614 W/art     ( 1805): Long monitor contention with owner Binder:1805_B (2442) at int com.android.server.wm.WindowManagerService.relayoutWindow(com.android.server.wm.Session, android.view.IWindow, int, android.view.WindowManager$LayoutParams, int, int, int, int, android.graphics.Rect, android.graphics.Rect, android.graphics.Rect, android.graphics.Rect, android.graphics.Rect, android.graphics.Rect, android.graphics.Rect, android.content.res.Configuration, android.view.Surface)(WindowManagerService.java:2857) waiters=1 in void com.android.server.wm.WindowManagerService$H.handleMessage(android.os.Message) for 416ms
06-09 01:28:57.730 D/WifiService( 1805): New client listening to asynchronous messages
06-09 01:28:58.478 W/art     ( 1805): Long monitor contention with owner Binder:1805_1 (1825) at int com.android.server.wm.WindowManagerService.relayoutWindow(com.android.server.wm.Session, android.view.IWindow, int, android.view.WindowManager$LayoutParams, int, int, int, int, android.graphics.Rect, android.graphics.Rect, android.graphics.Rect, android.graphics.Rect, android.graphics.Rect, android.graphics.Rect, android.graphics.Rect, android.content.res.Configuration, android.view.Surface)(WindowManagerService.java:2857) waiters=0 in void com.android.server.wm.WindowManagerService$H.handleMessage(android.os.Message) for 437ms
