06-07 04:45:01.380 W/        ( 1329): No seccomp filter defined for this architecture.
06-07 04:45:02.046 I/mediaserver( 1330): ServiceManager: 0xf4b3c0a0
06-07 04:45:02.297 I/cameraserver( 1325): ServiceManager: 0xf45bc020
06-07 04:45:02.318 I/CameraService( 1325): CameraService started (pid=1325)
06-07 04:45:02.320 I/CameraService( 1325): CameraService process starting
06-07 04:45:02.323 W/BatteryNotifier( 1325): batterystats service unavailable!
06-07 04:45:02.330 W/BatteryNotifier( 1325): batterystats service unavailable!
06-07 04:45:02.672 D/EmulatedCamera_QemuClient( 1325): Emulated camera list: 
06-07 04:45:02.725 D/EmulatedCamera_FakeCamera( 1325): Initialize: Fake camera is facing back
06-07 04:45:02.728 V/EmulatedCamera_Device( 1325): initializeWhiteBalanceModes with auto, 1.000000, 1.000000
06-07 04:45:02.728 V/EmulatedCamera_Device( 1325): initializeWhiteBalanceModes with incandescent, 1.380000, 0.600000
06-07 04:45:02.729 V/EmulatedCamera_Device( 1325): initializeWhiteBalanceModes with daylight, 1.090000, 0.920000
06-07 04:45:02.729 V/EmulatedCamera_Device( 1325): initializeWhiteBalanceModes with twilight, 0.920000, 1.220000
06-07 04:45:02.729 V/EmulatedCamera_Device( 1325): setWhiteBalanceMode with white balance auto
06-07 04:45:02.730 E/EmulatedCamera_Factory( 1325): 1 cameras are being emulated. 0 of them are fake cameras.
06-07 04:45:02.802 E/EmulatedCamera_HotplugThread( 1325): createFileIfNotExists: Could not create file '/data/misc/media/emulator.camera.hotplug.0', error: 'Permission denied' (13)
06-07 04:45:02.808 I/CameraService( 1325): Loaded "Emulated Camera Module" camera module
06-07 04:45:02.808 E/CameraService( 1325): setUpVendorTags: Vendor tag operations not fully defined. Ignoring definitions.
06-07 04:45:02.809 V/EmulatedCamera_Camera( 1325): getCameraInfo
06-07 04:45:02.809 V/EmulatedCamera_BaseCamera( 1325): getCameraInfo
06-07 04:45:02.855 I/        ( 1324): sMaxFastTracks = 8
06-07 04:45:02.894 I/audioserver( 1324): ServiceManager: 0xf043c020
06-07 04:45:02.903 I/CameraFlashlight( 1325): Opening camera 0
06-07 04:45:02.903 V/EmulatedCamera_Camera( 1325): getCameraInfo
06-07 04:45:02.903 V/EmulatedCamera_BaseCamera( 1325): getCameraInfo
06-07 04:45:02.903 V/EmulatedCamera_Camera( 1325): connectCamera
06-07 04:45:02.903 V/EmulatedCamera_FakeDevice( 1325): connectDevice
06-07 04:45:02.904 V/EmulatedCamera_CallbackNotifier( 1325): setCallbacks: 0xf5113e80, 0xf5113ed0, 0xf5113ff0, 0xf5114110 (0xf45c3140)
06-07 04:45:02.941 W/BatteryNotifier( 1324): batterystats service unavailable!
06-07 04:45:02.942 I/AudioFlinger( 1324): Using default 3000 mSec as standby time.
06-07 04:45:02.966 I/AudioPolicyService( 1324): AudioPolicyService CSTOR in new mode
06-07 04:45:02.976 V/EmulatedCamera_Preview( 1325): setPreviewWindow: current: 0x0 -> new: 0xf45c3150
06-07 04:45:02.977 V/EmulatedCamera_Preview( 1325): setPreviewWindow: current: 0xf45c3150 -> new: 0x0
06-07 04:45:02.977 V/EmulatedCamera_Camera( 1325): doStopPreview
06-07 04:45:02.978 V/EmulatedCamera_Preview( 1325): setPreviewWindow: current: 0x0 -> new: 0x0
06-07 04:45:02.978 V/EmulatedCamera_Camera( 1325): releaseCamera
06-07 04:45:02.978 V/EmulatedCamera_Camera( 1325): doStopPreview
06-07 04:45:02.978 V/EmulatedCamera_FakeDevice( 1325): disconnectDevice
06-07 04:45:02.979 W/EmulatedCamera_Device( 1325): Initialize: Emulated camera device is already initialized: mState = 1
06-07 04:45:02.979 D/EmulatedCamera_FakeCamera( 1325): Initialize: Fake camera is facing back
06-07 04:45:02.979 V/EmulatedCamera_Device( 1325): initializeWhiteBalanceModes with auto, 1.000000, 1.000000
06-07 04:45:03.061 V/EmulatedCamera_Device( 1325): initializeWhiteBalanceModes with incandescent, 1.380000, 0.600000
06-07 04:45:03.061 V/EmulatedCamera_Device( 1325): initializeWhiteBalanceModes with daylight, 1.090000, 0.920000
06-07 04:45:03.061 V/EmulatedCamera_Device( 1325): initializeWhiteBalanceModes with twilight, 0.920000, 1.220000
06-07 04:45:03.061 V/EmulatedCamera_Device( 1325): setWhiteBalanceMode with white balance auto
06-07 04:45:03.062 I/CameraFlashlight( 1325): Destroying camera 0
06-07 04:45:03.062 V/EmulatedCamera_Camera( 1325): closeCamera
06-07 04:45:03.062 V/EmulatedCamera_Camera( 1325): doStopPreview
06-07 04:45:03.062 W/EmulatedCamera_Device( 1325): Initialize: Emulated camera device is already initialized: mState = 1
06-07 04:45:03.062 D/EmulatedCamera_FakeCamera( 1325): Initialize: Fake camera is facing back
06-07 04:45:03.063 V/EmulatedCamera_Device( 1325): initializeWhiteBalanceModes with auto, 1.000000, 1.000000
06-07 04:45:03.063 V/EmulatedCamera_Device( 1325): initializeWhiteBalanceModes with incandescent, 1.380000, 0.600000
06-07 04:45:03.063 V/EmulatedCamera_Device( 1325): initializeWhiteBalanceModes with daylight, 1.090000, 0.920000
06-07 04:45:03.063 V/EmulatedCamera_Device( 1325): initializeWhiteBalanceModes with twilight, 0.920000, 1.220000
06-07 04:45:03.063 V/EmulatedCamera_Device( 1325): setWhiteBalanceMode with white balance auto
06-07 04:45:03.066 V/EmulatedCamera_Camera( 1325): getCameraInfo
06-07 04:45:03.066 V/EmulatedCamera_BaseCamera( 1325): getCameraInfo
06-07 04:45:03.088 I/ServiceManager( 1325): Waiting for service media.camera.proxy...
06-07 04:45:03.209 I/APM::ConfigParsingUtils( 1324): loadAudioPolicyConfig() loaded /system/etc/audio_policy.conf
06-07 04:45:03.304 D/audio_hw_generic( 1324): Emulator host-side ALSA audio emulation detected.
06-07 04:45:03.307 D/audio_hw_generic( 1324): mixer 0 name Master Playback Volume
06-07 04:45:03.307 D/audio_hw_generic( 1324): set ctl 0 to 100
06-07 04:45:03.308 D/audio_hw_generic( 1324): set ctl 1 to 100
06-07 04:45:03.309 D/audio_hw_generic( 1324): mixer 1 name Master Playback Switch
06-07 04:45:03.309 D/audio_hw_generic( 1324): set ctl 0 to 1
06-07 04:45:03.309 D/audio_hw_generic( 1324): set ctl 1 to 1
06-07 04:45:03.309 D/audio_hw_generic( 1324): mixer 2 name Capture Volume
06-07 04:45:03.309 D/audio_hw_generic( 1324): set ctl 0 to 100
06-07 04:45:03.309 D/audio_hw_generic( 1324): set ctl 1 to 100
06-07 04:45:03.330 D/audio_hw_generic( 1324): mixer 3 name Capture Switch
06-07 04:45:03.330 D/audio_hw_generic( 1324): set ctl 0 to 1
06-07 04:45:03.330 D/audio_hw_generic( 1324): set ctl 1 to 1
06-07 04:45:03.331 D/audio_hw_generic( 1324): mixer 4 name Line Phantom Jack
06-07 04:45:03.331 D/audio_hw_generic( 1324): mixer 5 name Line Out Phantom Jack
06-07 04:45:03.331 D/audio_hw_generic( 1324): mixer 6 name Playback Channel Map
06-07 04:45:03.331 D/audio_hw_generic( 1324): mixer 7 name Capture Channel Map
06-07 04:45:03.331 I/AudioFlinger( 1324): loadHwModule() Loaded primary audio interface from Generic audio HW HAL (audio) handle 10
06-07 04:45:03.333 I/AudioFlinger( 1324): openOutput(), module 10 Device 2, SamplingRate 48000, Format 0x000001, Channels 3, flags 2
06-07 04:45:03.344 I/AudioFlinger( 1324): HAL output buffer size 720 frames, normal sink buffer size 1152 frames
06-07 04:45:03.524 I/BufferProvider( 1324): found effect "Multichannel Downmix To Stereo" from The Android Open Source Project
06-07 04:45:03.581 I/AudioFlinger( 1324): AudioFlinger's thread 0xefe830c0 ready to run
06-07 04:45:03.590 W/BatteryNotifier( 1324): batterystats service unavailable!
06-07 04:45:03.592 W/BatteryNotifier( 1324): batterystats service unavailable!
06-07 04:45:03.610 I/AudioFlinger( 1324): Using module 10 has the primary audio interface
06-07 04:45:03.671 W/BatteryNotifier( 1324): batterystats service unavailable!
06-07 04:45:03.674 W/AudioFlinger( 1324): no wake lock to update, system not ready yet
06-07 04:45:03.766 I/AudioFlinger( 1324): AudioFlinger's thread 0xef9834c0 ready to run
06-07 04:45:03.767 W/BatteryNotifier( 1324): batterystats service unavailable!
06-07 04:45:03.768 W/BatteryNotifier( 1324): batterystats service unavailable!
06-07 04:45:03.769 W/BatteryNotifier( 1324): batterystats service unavailable!
06-07 04:45:03.772 W/BatteryNotifier( 1324): batterystats service unavailable!
06-07 04:45:04.052 I/r_submix( 1324): adev_open(name=audio_hw_if)
06-07 04:45:04.053 I/r_submix( 1324): adev_init_check()
06-07 04:45:04.053 I/AudioFlinger( 1324): loadHwModule() Loaded r_submix audio interface from Wifi Display audio HAL (audio) handle 18
06-07 04:45:04.054 D/r_submix( 1324): adev_open_input_stream(addr=0)
06-07 04:45:04.054 D/r_submix( 1324): submix_audio_device_create_pipe_l(addr=0, idx=9)
06-07 04:45:04.054 D/r_submix( 1324):   now using address 0 for route 9
06-07 04:45:04.101 I/AudioFlinger( 1324): AudioFlinger's thread 0xefa83540 ready to run
06-07 04:45:04.110 I/ServiceManager( 1325): Waiting for service media.camera.proxy...
06-07 04:45:04.150 D/r_submix( 1324): adev_close_input_stream()
06-07 04:45:04.150 D/r_submix( 1324): submix_audio_device_release_pipe_l(idx=9) addr=0
06-07 04:45:04.151 D/r_submix( 1324): submix_audio_device_destroy_pipe_l(): pipe destroyed
06-07 04:45:04.201 I/RadioService( 1324): RadioService
06-07 04:45:04.201 I/RadioService( 1324): onFirstRef
06-07 04:45:04.202 E/RadioService( 1324): couldn't load radio module radio.primary (No such file or directory)
06-07 04:45:04.204 E/SoundTriggerHwService( 1324): couldn't load sound trigger module sound_trigger.primary (No such file or directory)
06-07 04:45:04.318 I/mediaserver( 1332): ServiceManager: 0xed3bc0a0
06-07 04:45:04.462 W/BatteryNotifier( 1332): batterystats service unavailable!
06-07 04:45:05.121 I/ServiceManager( 1325): Waiting for service media.camera.proxy...
06-07 04:45:06.123 I/ServiceManager( 1325): Waiting for service media.camera.proxy...
06-07 04:45:06.740 W/BatteryNotifier( 1324): batterystats service unavailable!
06-07 04:45:07.130 I/ServiceManager( 1325): Waiting for service media.camera.proxy...
06-07 04:45:15.293 D/AndroidRuntime( 1322): >>>>>> START com.android.internal.os.ZygoteInit uid 0 <<<<<<
06-07 04:45:15.423 E/SurfaceFlinger( 1319): ro.sf.lcd_density must be defined as a build property
06-07 04:45:15.534 D/libEGL  ( 1565): Emulator without GPU support detected. Fallback to legacy software renderer, qemu.gles is set to 0.
06-07 04:45:15.548 D/libEGL  ( 1565): loaded /system/lib64/egl/libGLES_android.so
06-07 04:45:15.862 D/AndroidRuntime( 1322): CheckJNI is ON
06-07 04:45:16.090 I/art     ( 1322): option[0]=-Xzygote
06-07 04:45:16.091 I/art     ( 1322): option[1]=-Xcheck:jni
06-07 04:45:16.091 I/art     ( 1322): option[2]=-Xstacktracefile:/data/anr/traces.txt
06-07 04:45:16.091 I/art     ( 1322): option[3]=exit
06-07 04:45:16.091 I/art     ( 1322): option[4]=vfprintf
06-07 04:45:16.091 I/art     ( 1322): option[5]=sensitiveThread
06-07 04:45:16.092 I/art     ( 1322): option[6]=-verbose:gc
06-07 04:45:16.092 I/art     ( 1322): option[7]=-Xms4m
06-07 04:45:16.092 I/art     ( 1322): option[8]=-Xmx256m
06-07 04:45:16.092 I/art     ( 1322): option[9]=-Xusejit:true
06-07 04:45:16.092 I/art     ( 1322): option[10]=-Xjitsaveprofilinginfo
06-07 04:45:16.092 I/art     ( 1322): option[11]=-agentlib:jdwp=transport=dt_android_adb,suspend=n,server=y
06-07 04:45:16.092 I/art     ( 1322): option[12]=-Xlockprofthreshold:500
06-07 04:45:16.092 I/art     ( 1322): option[13]=-Ximage-compiler-option
06-07 04:45:16.092 I/art     ( 1322): option[14]=--runtime-arg
06-07 04:45:16.092 I/art     ( 1322): option[15]=-Ximage-compiler-option
06-07 04:45:16.092 I/art     ( 1322): option[16]=-Xms64m
06-07 04:45:16.092 I/art     ( 1322): option[17]=-Ximage-compiler-option
06-07 04:45:16.092 I/art     ( 1322): option[18]=--runtime-arg
06-07 04:45:16.092 I/art     ( 1322): option[19]=-Ximage-compiler-option
06-07 04:45:16.092 I/art     ( 1322): option[20]=-Xmx64m
06-07 04:45:16.093 I/art     ( 1322): option[21]=-Ximage-compiler-option
06-07 04:45:16.093 I/art     ( 1322): option[22]=--image-classes=/system/etc/preloaded-classes
06-07 04:45:16.093 I/art     ( 1322): option[23]=-Ximage-compiler-option
06-07 04:45:16.093 I/art     ( 1322): option[24]=--compiled-classes=/system/etc/compiled-classes
06-07 04:45:16.093 I/art     ( 1322): option[25]=-Xcompiler-option
06-07 04:45:16.093 I/art     ( 1322): option[26]=--runtime-arg
06-07 04:45:16.093 I/art     ( 1322): option[27]=-Xcompiler-option
06-07 04:45:16.093 I/art     ( 1322): option[28]=-Xms64m
06-07 04:45:16.093 I/art     ( 1322): option[29]=-Xcompiler-option
06-07 04:45:16.093 I/art     ( 1322): option[30]=--runtime-arg
06-07 04:45:16.093 I/art     ( 1322): option[31]=-Xcompiler-option
06-07 04:45:16.093 I/art     ( 1322): option[32]=-Xmx512m
06-07 04:45:16.093 I/art     ( 1322): option[33]=-Ximage-compiler-option
06-07 04:45:16.093 I/art     ( 1322): option[34]=--instruction-set-variant=x86_64
06-07 04:45:16.093 I/art     ( 1322): option[35]=-Xcompiler-option
06-07 04:45:16.093 I/art     ( 1322): option[36]=--instruction-set-variant=x86_64
06-07 04:45:16.093 I/art     ( 1322): option[37]=-Ximage-compiler-option
06-07 04:45:16.094 I/art     ( 1322): option[38]=--instruction-set-features=default
06-07 04:45:16.094 I/art     ( 1322): option[39]=-Xcompiler-option
06-07 04:45:16.094 I/art     ( 1322): option[40]=--instruction-set-features=default
06-07 04:45:16.094 I/art     ( 1322): option[41]=-Duser.locale=en-US
06-07 04:45:16.094 I/art     ( 1322): option[42]=--cpu-abilist=x86_64
06-07 04:45:16.094 I/art     ( 1322): option[43]=-Xfingerprint:Android/sdk_phone_x86_64/generic_x86_64:7.1.1/NYC/4931657:userdebug/test-keys
06-07 04:45:16.225 D/gralloc_ranchu( 1565): Emulator without host-side GPU emulation detected. Loading gralloc.default.so from /vendor/lib64/hw/gralloc.goldfish.default.so...
06-07 04:45:16.228 D/gralloc_ranchu( 1565): gralloc.default.so not found in /vendor. Trying /system/lib64/hw/gralloc.goldfish.default.so...
06-07 04:45:17.531 D/AndroidRuntime( 1323): >>>>>> START com.android.internal.os.ZygoteInit uid 0 <<<<<<
06-07 04:45:18.191 D/AndroidRuntime( 1323): CheckJNI is ON
06-07 04:45:18.726 I/art     ( 1323): option[0]=-Xzygote
06-07 04:45:18.728 I/art     ( 1323): option[1]=-Xcheck:jni
06-07 04:45:18.728 I/art     ( 1323): option[2]=-Xstacktracefile:/data/anr/traces.txt
06-07 04:45:18.729 I/art     ( 1323): option[3]=exit
06-07 04:45:18.729 I/art     ( 1323): option[4]=vfprintf
06-07 04:45:18.729 I/art     ( 1323): option[5]=sensitiveThread
06-07 04:45:18.729 I/art     ( 1323): option[6]=-verbose:gc
06-07 04:45:18.729 I/art     ( 1323): option[7]=-Xms4m
06-07 04:45:18.729 I/art     ( 1323): option[8]=-Xmx256m
06-07 04:45:18.730 I/art     ( 1323): option[9]=-Xusejit:true
06-07 04:45:18.760 I/art     ( 1323): option[10]=-Xjitsaveprofilinginfo
06-07 04:45:18.760 I/art     ( 1323): option[11]=-agentlib:jdwp=transport=dt_android_adb,suspend=n,server=y
06-07 04:45:18.761 I/art     ( 1323): option[12]=-Xlockprofthreshold:500
06-07 04:45:18.761 I/art     ( 1323): option[13]=-Ximage-compiler-option
06-07 04:45:18.761 I/art     ( 1323): option[14]=--runtime-arg
06-07 04:45:18.761 I/art     ( 1323): option[15]=-Ximage-compiler-option
06-07 04:45:18.761 I/art     ( 1323): option[16]=-Xms64m
06-07 04:45:18.761 I/art     ( 1323): option[17]=-Ximage-compiler-option
06-07 04:45:18.761 I/art     ( 1323): option[18]=--runtime-arg
06-07 04:45:18.761 I/art     ( 1323): option[19]=-Ximage-compiler-option
06-07 04:45:18.761 I/art     ( 1323): option[20]=-Xmx64m
06-07 04:45:18.761 I/art     ( 1323): option[21]=-Ximage-compiler-option
06-07 04:45:18.761 I/art     ( 1323): option[22]=--image-classes=/system/etc/preloaded-classes
06-07 04:45:18.761 I/art     ( 1323): option[23]=-Ximage-compiler-option
06-07 04:45:18.761 I/art     ( 1323): option[24]=--compiled-classes=/system/etc/compiled-classes
06-07 04:45:18.761 I/art     ( 1323): option[25]=-Xcompiler-option
06-07 04:45:18.762 I/art     ( 1323): option[26]=--runtime-arg
06-07 04:45:18.762 I/art     ( 1323): option[27]=-Xcompiler-option
06-07 04:45:18.762 I/art     ( 1323): option[28]=-Xms64m
06-07 04:45:18.762 I/art     ( 1323): option[29]=-Xcompiler-option
06-07 04:45:18.762 I/art     ( 1323): option[30]=--runtime-arg
06-07 04:45:18.762 I/art     ( 1323): option[31]=-Xcompiler-option
06-07 04:45:18.762 I/art     ( 1323): option[32]=-Xmx512m
06-07 04:45:18.762 I/art     ( 1323): option[33]=-Ximage-compiler-option
06-07 04:45:18.762 I/art     ( 1323): option[34]=--instruction-set-variant=x86
06-07 04:45:18.762 I/art     ( 1323): option[35]=-Xcompiler-option
06-07 04:45:18.762 I/art     ( 1323): option[36]=--instruction-set-variant=x86
06-07 04:45:18.762 I/art     ( 1323): option[37]=-Ximage-compiler-option
06-07 04:45:18.762 I/art     ( 1323): option[38]=--instruction-set-features=default
06-07 04:45:18.762 I/art     ( 1323): option[39]=-Xcompiler-option
06-07 04:45:18.762 I/art     ( 1323): option[40]=--instruction-set-features=default
06-07 04:45:18.763 I/art     ( 1323): option[41]=-Duser.locale=en-US
06-07 04:45:18.763 I/art     ( 1323): option[42]=--cpu-abilist=x86
06-07 04:45:18.763 I/art     ( 1323): option[43]=-Xfingerprint:Android/sdk_phone_x86_64/generic_x86_64:7.1.1/NYC/4931657:userdebug/test-keys
06-07 04:45:22.186 E/hostapd ( 1706): Configuration file: /system/etc/simulated_hostapd.conf
06-07 04:45:23.046 E/ipv6proxy( 1696): Failed to forward Router Advertisement from eth0 to wlan1: Network is unreachable
06-07 04:45:23.116 E/ipv6proxy( 1696): Failed to forward Router Advertisement from eth0 to radio0-peer: Cannot assign requested address
06-07 04:45:23.180 I/hostapd ( 1706): rfkill: Cannot get wiphy information
06-07 04:45:23.183 I/hostapd ( 1706): nl80211: Could not re-add multicast membership for vendor events: -2 (No such file or directory)
06-07 04:45:23.185 I/hostapd ( 1706): wlan1: interface state UNINITIALIZED->COUNTRY_UPDATE
06-07 04:45:25.902 D/ICU     ( 1322): No timezone override file found: /data/misc/zoneinfo/current/icu/icu_tzdata.dat
06-07 04:45:27.042 E/ipv6proxy( 1696): Failed to forward Router Advertisement from eth0 to wlan1: Network is unreachable
06-07 04:45:27.689 D/ICU     ( 1323): No timezone override file found: /data/misc/zoneinfo/current/icu/icu_tzdata.dat
06-07 04:45:28.204 I/hostapd ( 1706): wlan1: interface state COUNTRY_UPDATE->HT_SCAN
06-07 04:45:29.603 E/hostapd ( 1706): Using interface wlan1 with hwaddr 02:00:00:00:01:00 and ssid "AndroidWifi"
06-07 04:45:29.673 I/hostapd ( 1706): wlan1: interface state HT_SCAN->ENABLED
06-07 04:45:29.673 I/hostapd ( 1706): wlan1: AP-ENABLED 
06-07 04:45:31.023 E/memtrack( 1322): Couldn't load memtrack module (No such file or directory)
06-07 04:45:31.023 E/android.os.Debug( 1322): failed to load memtrack module: -2
06-07 04:45:31.056 I/Radio-JNI( 1322): register_android_hardware_Radio DONE
06-07 04:45:31.805 I/SamplingProfilerIntegration( 1322): Profiling disabled.
06-07 04:45:31.842 D/Zygote  ( 1322): begin preload
06-07 04:45:31.842 I/Zygote  ( 1322): Installing ICU cache reference pinning...
06-07 04:45:31.850 I/Zygote  ( 1322): Preloading ICU data...
06-07 04:45:33.996 E/memtrack( 1323): Couldn't load memtrack module (No such file or directory)
06-07 04:45:33.997 E/android.os.Debug( 1323): failed to load memtrack module: -2
06-07 04:45:34.472 I/Radio-JNI( 1323): register_android_hardware_Radio DONE
06-07 04:45:34.785 I/Zygote  ( 1322): Preloading classes...
06-07 04:45:35.123 W/Zygote  ( 1322): Class not found for preloading: [Landroid.view.Display$ColorTransform;
06-07 04:45:35.261 I/SamplingProfilerIntegration( 1323): Profiling disabled.
06-07 04:45:35.355 D/Zygote  ( 1323): begin preload
06-07 04:45:35.355 I/Zygote  ( 1323): Installing ICU cache reference pinning...
06-07 04:45:35.410 I/Zygote  ( 1323): Preloading ICU data...
06-07 04:45:37.283 I/Zygote  ( 1323): Preloading classes...
06-07 04:45:37.643 W/Zygote  ( 1323): Class not found for preloading: [Landroid.view.Display$ColorTransform;
06-07 04:45:42.389 E/Typeface( 1323): Error mapping font file /system/fonts/DroidSansFallback.ttf
06-07 04:45:42.762 E/Typeface( 1322): Error mapping font file /system/fonts/DroidSansFallback.ttf
06-07 04:45:49.722 W/art     ( 1322): Suspending all threads took: 140.114ms
06-07 04:45:50.029 I/art     ( 1323): Background concurrent mark sweep GC freed 21945(2MB) AllocSpace objects, 108(2000KB) LOS objects, 33% free, 3MB/4MB, paused 20.423ms total 857.334ms
06-07 04:45:50.162 I/art     ( 1322): Background concurrent mark sweep GC freed 22113(3MB) AllocSpace objects, 121(2MB) LOS objects, 33% free, 2MB/3MB, paused 174.558ms total 1.196s
06-07 04:45:50.794 I/art     ( 1322): Thread[1,tid=1322,Native,Thread*=0x70b803c95a00,peer=0x12c060d0,"main"] recursive attempt to load library "/system/lib64/libmedia_jni.so"
06-07 04:45:50.832 D/MtpDeviceJNI( 1322): register_android_mtp_MtpDevice
06-07 04:45:50.852 I/art     ( 1322): Thread[1,tid=1322,Native,Thread*=0x70b803c95a00,peer=0x12c060d0,"main"] recursive attempt to load library "/system/lib64/libmedia_jni.so"
06-07 04:45:50.854 I/art     ( 1322): Thread[1,tid=1322,Native,Thread*=0x70b803c95a00,peer=0x12c060d0,"main"] recursive attempt to load library "/system/lib64/libmedia_jni.so"
06-07 04:45:51.070 I/art     ( 1323): Thread[1,tid=1323,Native,Thread*=0xe3d0b400,peer=0x12c060d0,"main"] recursive attempt to load library "/system/lib/libmedia_jni.so"
06-07 04:45:51.083 D/MtpDeviceJNI( 1323): register_android_mtp_MtpDevice
06-07 04:45:51.086 I/art     ( 1323): Thread[1,tid=1323,Native,Thread*=0xe3d0b400,peer=0x12c060d0,"main"] recursive attempt to load library "/system/lib/libmedia_jni.so"
06-07 04:45:51.087 I/art     ( 1323): Thread[1,tid=1323,Native,Thread*=0xe3d0b400,peer=0x12c060d0,"main"] recursive attempt to load library "/system/lib/libmedia_jni.so"
06-07 04:45:54.249 W/Zygote  ( 1322): Class not found for preloading: android.view.Display$ColorTransform
06-07 04:45:54.249 W/Zygote  ( 1322): Class not found for preloading: android.view.Display$ColorTransform$1
06-07 04:45:54.385 W/Zygote  ( 1323): Class not found for preloading: android.view.Display$ColorTransform
06-07 04:45:54.386 W/Zygote  ( 1323): Class not found for preloading: android.view.Display$ColorTransform$1
06-07 04:45:55.622 I/art     ( 1322): Background sticky concurrent mark sweep GC freed 9127(1310KB) AllocSpace objects, 10(160KB) LOS objects, 56% free, 1540KB/3MB, paused 470us total 168.959ms
06-07 04:45:56.052 I/art     ( 1323): Background sticky concurrent mark sweep GC freed 11508(2MB) AllocSpace objects, 21(380KB) LOS objects, 67% free, 1566KB/4MB, paused 519us total 439.895ms
06-07 04:45:59.096 I/System  ( 1323): Loaded time zone names for "" in 1845ms (1787ms in ICU)
06-07 04:45:59.309 I/System  ( 1322): Loaded time zone names for "" in 1649ms (1528ms in ICU)
06-07 04:46:00.233 I/System  ( 1323): Loaded time zone names for "en_US" in 1136ms (1088ms in ICU)
06-07 04:46:00.252 I/System  ( 1322): Loaded time zone names for "en_US" in 790ms (760ms in ICU)
06-07 04:46:01.965 I/Zygote  ( 1322): ...preloaded 4158 classes in 27179ms.
06-07 04:46:02.011 I/art     ( 1322): VMRuntime.preloadDexCaches starting
06-07 04:46:02.163 I/Zygote  ( 1323): ...preloaded 4158 classes in 24878ms.
06-07 04:46:02.168 I/art     ( 1323): VMRuntime.preloadDexCaches starting
06-07 04:46:04.299 I/art     ( 1322): VMRuntime.preloadDexCaches strings total=283712 before=39625 after=39625
06-07 04:46:04.299 I/art     ( 1322): VMRuntime.preloadDexCaches types total=23581 before=7877 after=7904
06-07 04:46:04.299 I/art     ( 1322): VMRuntime.preloadDexCaches fields total=112007 before=40903 after=41117
06-07 04:46:04.299 I/art     ( 1322): VMRuntime.preloadDexCaches methods total=197534 before=82457 after=83017
06-07 04:46:04.320 I/art     ( 1322): VMRuntime.preloadDexCaches finished
06-07 04:46:04.366 I/Zygote  ( 1322): Preloading resources...
06-07 04:46:05.079 I/art     ( 1323): VMRuntime.preloadDexCaches strings total=283712 before=39625 after=39625
06-07 04:46:05.079 I/art     ( 1323): VMRuntime.preloadDexCaches types total=23581 before=7877 after=7904
06-07 04:46:05.079 I/art     ( 1323): VMRuntime.preloadDexCaches fields total=112007 before=40903 after=41117
06-07 04:46:05.080 I/art     ( 1323): VMRuntime.preloadDexCaches methods total=197534 before=82457 after=83017
06-07 04:46:05.110 I/art     ( 1323): VMRuntime.preloadDexCaches finished
06-07 04:46:05.186 I/Zygote  ( 1323): Preloading resources...
06-07 04:46:06.691 W/Resources( 1322): Preloaded drawable resource #0x108025c (android:drawable/dialog_background_material) that varies with configuration!!
06-07 04:46:06.766 W/Resources( 1322): Preloaded drawable resource #0x1080298 (android:drawable/editbox_dropdown_background_dark) that varies with configuration!!
06-07 04:46:07.074 W/Resources( 1322): Preloaded color resource #0x10600e2 (android:color/material_grey_800) that varies with configuration!!
06-07 04:46:07.074 W/Resources( 1322): Preloaded drawable resource #0x10802c9 (android:drawable/floating_popup_background_dark) that varies with configuration!!
06-07 04:46:07.463 I/art     ( 1322): Background sticky concurrent mark sweep GC freed 16700(1070KB) AllocSpace objects, 0(0B) LOS objects, 19% free, 2MB/3MB, paused 39.213ms total 290.634ms
06-07 04:46:07.598 W/Resources( 1323): Preloaded drawable resource #0x108025c (android:drawable/dialog_background_material) that varies with configuration!!
06-07 04:46:07.688 W/Resources( 1323): Preloaded drawable resource #0x1080298 (android:drawable/editbox_dropdown_background_dark) that varies with configuration!!
06-07 04:46:07.913 W/Resources( 1323): Preloaded color resource #0x10600e2 (android:color/material_grey_800) that varies with configuration!!
06-07 04:46:07.913 W/Resources( 1323): Preloaded drawable resource #0x10802c9 (android:drawable/floating_popup_background_dark) that varies with configuration!!
06-07 04:46:08.334 I/art     ( 1322): Background concurrent mark sweep GC freed 2944(163KB) AllocSpace objects, 3(64KB) LOS objects, 53% free, 3MB/7MB, paused 771us total 284.334ms
06-07 04:46:08.384 W/Resources( 1322): Preloaded drawable resource #0x108030b (android:drawable/ic_clear_disabled) that varies with configuration!!
06-07 04:46:08.387 W/Resources( 1322): Preloaded drawable resource #0x1080310 (android:drawable/ic_clear_normal) that varies with configuration!!
06-07 04:46:08.445 W/Resources( 1322): Preloaded drawable resource #0x1080359 (android:drawable/ic_go) that varies with configuration!!
06-07 04:46:08.697 W/Resources( 1322): Preloaded drawable resource #0x1080038 (android:drawable/ic_menu_close_clear_cancel) that varies with configuration!!
06-07 04:46:08.846 W/Resources( 1322): Preloaded drawable resource #0x1080045 (android:drawable/ic_menu_more) that varies with configuration!!
06-07 04:46:08.863 W/Resources( 1323): Preloaded drawable resource #0x108030b (android:drawable/ic_clear_disabled) that varies with configuration!!
06-07 04:46:08.866 W/Resources( 1323): Preloaded drawable resource #0x1080310 (android:drawable/ic_clear_normal) that varies with configuration!!
06-07 04:46:09.049 W/Resources( 1323): Preloaded drawable resource #0x1080359 (android:drawable/ic_go) that varies with configuration!!
06-07 04:46:09.335 I/art     ( 1323): Background concurrent mark sweep GC freed 16924(1020KB) AllocSpace objects, 4(76KB) LOS objects, 51% free, 3MB/7MB, paused 2.895ms total 493.173ms
06-07 04:46:09.473 W/Resources( 1322): Preloaded drawable resource #0x10804e8 (android:drawable/menu_background_fill_parent_width) that varies with configuration!!
06-07 04:46:09.532 W/Resources( 1323): Preloaded drawable resource #0x1080038 (android:drawable/ic_menu_close_clear_cancel) that varies with configuration!!
06-07 04:46:09.599 W/Resources( 1323): Preloaded drawable resource #0x1080045 (android:drawable/ic_menu_more) that varies with configuration!!
06-07 04:46:10.239 W/Resources( 1323): Preloaded drawable resource #0x10804e8 (android:drawable/menu_background_fill_parent_width) that varies with configuration!!
06-07 04:46:11.779 W/Resources( 1322): Preloaded drawable resource #0x108077e (android:drawable/text_edit_paste_window) that varies with configuration!!
06-07 04:46:12.024 W/Resources( 1322): Preloaded drawable resource #0x1080096 (android:drawable/toast_frame) that varies with configuration!!
06-07 04:46:12.025 I/Zygote  ( 1322): ...preloaded 114 resources in 7659ms.
06-07 04:46:12.342 W/Resources( 1322): Preloaded color resource #0x106010b (android:color/background_cache_hint_selector_material_dark) that varies with configuration!!
06-07 04:46:12.368 W/Resources( 1322): Preloaded color resource #0x1060110 (android:color/btn_default_material_dark) that varies with configuration!!
06-07 04:46:12.388 I/Zygote  ( 1322): ...preloaded 41 resources in 363ms.
06-07 04:46:12.540 D/libEGL  ( 1322): Emulator without GPU support detected. Fallback to legacy software renderer, qemu.gles is set to 0.
06-07 04:46:12.664 D/libEGL  ( 1322): loaded /system/lib64/egl/libGLES_android.so
06-07 04:46:12.866 W/Resources( 1323): Preloaded drawable resource #0x108077e (android:drawable/text_edit_paste_window) that varies with configuration!!
06-07 04:46:13.062 W/Resources( 1323): Preloaded drawable resource #0x1080096 (android:drawable/toast_frame) that varies with configuration!!
06-07 04:46:13.063 I/Zygote  ( 1323): ...preloaded 114 resources in 7877ms.
06-07 04:46:13.386 W/Resources( 1323): Preloaded color resource #0x106010b (android:color/background_cache_hint_selector_material_dark) that varies with configuration!!
06-07 04:46:13.389 W/Resources( 1323): Preloaded color resource #0x1060110 (android:color/btn_default_material_dark) that varies with configuration!!
06-07 04:46:13.575 I/Zygote  ( 1323): ...preloaded 41 resources in 512ms.
06-07 04:46:13.578 D/libEGL  ( 1323): Emulator without GPU support detected. Fallback to legacy software renderer, qemu.gles is set to 0.
06-07 04:46:13.843 D/libEGL  ( 1323): loaded /system/lib/egl/libGLES_android.so
06-07 04:46:14.261 I/Zygote  ( 1322): Preloading shared libraries...
06-07 04:46:14.512 E/Hyphenator( 1322): error loading hyphenation /system/usr/hyphen-data/hyph-as.hyb
06-07 04:46:14.512 E/Hyphenator( 1322): java.io.FileNotFoundException: /system/usr/hyphen-data/hyph-as.hyb: open failed: ENOENT (No such file or directory)
06-07 04:46:14.512 E/Hyphenator( 1322): 	at libcore.io.IoBridge.open(IoBridge.java:455)
06-07 04:46:14.512 E/Hyphenator( 1322): 	at java.io.RandomAccessFile.<init>(RandomAccessFile.java:247)
06-07 04:46:14.512 E/Hyphenator( 1322): 	at android.text.Hyphenator.loadHyphenator(Hyphenator.java:118)
06-07 04:46:14.512 E/Hyphenator( 1322): 	at android.text.Hyphenator.init(Hyphenator.java:224)
06-07 04:46:14.512 E/Hyphenator( 1322): 	at com.android.internal.os.ZygoteInit.preloadTextResources(ZygoteInit.java:252)
06-07 04:46:14.512 E/Hyphenator( 1322): 	at com.android.internal.os.ZygoteInit.preload(ZygoteInit.java:206)
06-07 04:46:14.512 E/Hyphenator( 1322): 	at com.android.internal.os.ZygoteInit.main(ZygoteInit.java:743)
06-07 04:46:14.512 E/Hyphenator( 1322): Caused by: android.system.ErrnoException: open failed: ENOENT (No such file or directory)
06-07 04:46:14.512 E/Hyphenator( 1322): 	at libcore.io.Posix.open(Native Method)
06-07 04:46:14.512 E/Hyphenator( 1322): 	at libcore.io.BlockGuardOs.open(BlockGuardOs.java:187)
06-07 04:46:14.512 E/Hyphenator( 1322): 	at libcore.io.IoBridge.open(IoBridge.java:441)
06-07 04:46:14.512 E/Hyphenator( 1322): 	... 6 more
06-07 04:46:14.514 E/Hyphenator( 1322): error loading hyphenation /system/usr/hyphen-data/hyph-bn.hyb
06-07 04:46:14.514 E/Hyphenator( 1322): java.io.FileNotFoundException: /system/usr/hyphen-data/hyph-bn.hyb: open failed: ENOENT (No such file or directory)
06-07 04:46:14.514 E/Hyphenator( 1322): 	at libcore.io.IoBridge.open(IoBridge.java:455)
06-07 04:46:14.514 E/Hyphenator( 1322): 	at java.io.RandomAccessFile.<init>(RandomAccessFile.java:247)
06-07 04:46:14.514 E/Hyphenator( 1322): 	at android.text.Hyphenator.loadHyphenator(Hyphenator.java:118)
06-07 04:46:14.514 E/Hyphenator( 1322): 	at android.text.Hyphenator.init(Hyphenator.java:224)
06-07 04:46:14.514 E/Hyphenator( 1322): 	at com.android.internal.os.ZygoteInit.preloadTextResources(ZygoteInit.java:252)
06-07 04:46:14.514 E/Hyphenator( 1322): 	at com.android.internal.os.ZygoteInit.preload(ZygoteInit.java:206)
06-07 04:46:14.514 E/Hyphenator( 1322): 	at com.android.internal.os.ZygoteInit.main(ZygoteInit.java:743)
06-07 04:46:14.514 E/Hyphenator( 1322): Caused by: android.system.ErrnoException: open failed: ENOENT (No such file or directory)
06-07 04:46:14.514 E/Hyphenator( 1322): 	at libcore.io.Posix.open(Native Method)
06-07 04:46:14.514 E/Hyphenator( 1322): 	at libcore.io.BlockGuardOs.open(BlockGuardOs.java:187)
06-07 04:46:14.514 E/Hyphenator( 1322): 	at libcore.io.IoBridge.open(IoBridge.java:441)
06-07 04:46:14.514 E/Hyphenator( 1322): 	... 6 more
06-07 04:46:14.516 E/Hyphenator( 1322): error loading hyphenation /system/usr/hyphen-data/hyph-cy.hyb
06-07 04:46:14.516 E/Hyphenator( 1322): java.io.FileNotFoundException: /system/usr/hyphen-data/hyph-cy.hyb: open failed: ENOENT (No such file or directory)
06-07 04:46:14.516 E/Hyphenator( 1322): 	at libcore.io.IoBridge.open(IoBridge.java:455)
06-07 04:46:14.516 E/Hyphenator( 1322): 	at java.io.RandomAccessFile.<init>(RandomAccessFile.java:247)
06-07 04:46:14.516 E/Hyphenator( 1322): 	at android.text.Hyphenator.loadHyphenator(Hyphenator.java:118)
06-07 04:46:14.516 E/Hyphenator( 1322): 	at android.text.Hyphenator.init(Hyphenator.java:224)
06-07 04:46:14.516 E/Hyphenator( 1322): 	at com.android.internal.os.ZygoteInit.preloadTextResources(ZygoteInit.java:252)
06-07 04:46:14.516 E/Hyphenator( 1322): 	at com.android.internal.os.ZygoteInit.preload(ZygoteInit.java:206)
06-07 04:46:14.516 E/Hyphenator( 1322): 	at com.android.internal.os.ZygoteInit.main(ZygoteInit.java:743)
06-07 04:46:14.516 E/Hyphenator( 1322): Caused by: android.system.ErrnoException: open failed: ENOENT (No such file or directory)
06-07 04:46:14.516 E/Hyphenator( 1322): 	at libcore.io.Posix.open(Native Method)
06-07 04:46:14.516 E/Hyphenator( 1322): 	at libcore.io.BlockGuardOs.open(BlockGuardOs.java:187)
06-07 04:46:14.516 E/Hyphenator( 1322): 	at libcore.io.IoBridge.open(IoBridge.java:441)
06-07 04:46:14.516 E/Hyphenator( 1322): 	... 6 more
06-07 04:46:14.518 E/Hyphenator( 1322): error loading hyphenation /system/usr/hyphen-data/hyph-da.hyb
06-07 04:46:14.518 E/Hyphenator( 1322): java.io.FileNotFoundException: /system/usr/hyphen-data/hyph-da.hyb: open failed: ENOENT (No such file or directory)
06-07 04:46:14.518 E/Hyphenator( 1322): 	at libcore.io.IoBridge.open(IoBridge.java:455)
06-07 04:46:14.518 E/Hyphenator( 1322): 	at java.io.RandomAccessFile.<init>(RandomAccessFile.java:247)
06-07 04:46:14.518 E/Hyphenator( 1322): 	at android.text.Hyphenator.loadHyphenator(Hyphenator.java:118)
06-07 04:46:14.518 E/Hyphenator( 1322): 	at android.text.Hyphenator.init(Hyphenator.java:224)
06-07 04:46:14.518 E/Hyphenator( 1322): 	at com.android.internal.os.ZygoteInit.preloadTextResources(ZygoteInit.java:252)
06-07 04:46:14.518 E/Hyphenator( 1322): 	at com.android.internal.os.ZygoteInit.preload(ZygoteInit.java:206)
06-07 04:46:14.518 E/Hyphenator( 1322): 	at com.android.internal.os.ZygoteInit.main(ZygoteInit.java:743)
06-07 04:46:14.518 E/Hyphenator( 1322): Caused by: android.system.ErrnoException: open failed: ENOENT (No such file or directory)
06-07 04:46:14.518 E/Hyphenator( 1322): 	at libcore.io.Posix.open(Native Method)
06-07 04:46:14.518 E/Hyphenator( 1322): 	at libcore.io.BlockGuardOs.open(BlockGuardOs.java:187)
06-07 04:46:14.518 E/Hyphenator( 1322): 	at libcore.io.IoBridge.open(IoBridge.java:441)
06-07 04:46:14.518 E/Hyphenator( 1322): 	... 6 more
06-07 04:46:14.519 E/Hyphenator( 1322): error loading hyphenation /system/usr/hyphen-data/hyph-de-1901.hyb
06-07 04:46:14.519 E/Hyphenator( 1322): java.io.FileNotFoundException: /system/usr/hyphen-data/hyph-de-1901.hyb: open failed: ENOENT (No such file or directory)
06-07 04:46:14.519 E/Hyphenator( 1322): 	at libcore.io.IoBridge.open(IoBridge.java:455)
06-07 04:46:14.519 E/Hyphenator( 1322): 	at java.io.RandomAccessFile.<init>(RandomAccessFile.java:247)
06-07 04:46:14.519 E/Hyphenator( 1322): 	at android.text.Hyphenator.loadHyphenator(Hyphenator.java:118)
06-07 04:46:14.519 E/Hyphenator( 1322): 	at android.text.Hyphenator.init(Hyphenator.java:224)
06-07 04:46:14.519 E/Hyphenator( 1322): 	at com.android.internal.os.ZygoteInit.preloadTextResources(ZygoteInit.java:252)
06-07 04:46:14.519 E/Hyphenator( 1322): 	at com.android.internal.os.ZygoteInit.preload(ZygoteInit.java:206)
06-07 04:46:14.519 E/Hyphenator( 1322): 	at com.android.internal.os.ZygoteInit.main(ZygoteInit.java:743)
06-07 04:46:14.519 E/Hyphenator( 1322): Caused by: android.system.ErrnoException: open failed: ENOENT (No such file or directory)
06-07 04:46:14.519 E/Hyphenator( 1322): 	at libcore.io.Posix.open(Native Method)
06-07 04:46:14.519 E/Hyphenator( 1322): 	at libcore.io.BlockGuardOs.open(BlockGuardOs.java:187)
06-07 04:46:14.519 E/Hyphenator( 1322): 	at libcore.io.IoBridge.open(IoBridge.java:441)
06-07 04:46:14.519 E/Hyphenator( 1322): 	... 6 more
06-07 04:46:14.612 E/Hyphenator( 1322): error loading hyphenation /system/usr/hyphen-data/hyph-de-1996.hyb
06-07 04:46:14.612 E/Hyphenator( 1322): java.io.FileNotFoundException: /system/usr/hyphen-data/hyph-de-1996.hyb: open failed: ENOENT (No such file or directory)
06-07 04:46:14.612 E/Hyphenator( 1322): 	at libcore.io.IoBridge.open(IoBridge.java:455)
06-07 04:46:14.612 E/Hyphenator( 1322): 	at java.io.RandomAccessFile.<init>(RandomAccessFile.java:247)
06-07 04:46:14.612 E/Hyphenator( 1322): 	at android.text.Hyphenator.loadHyphenator(Hyphenator.java:118)
06-07 04:46:14.612 E/Hyphenator( 1322): 	at android.text.Hyphenator.init(Hyphenator.java:224)
06-07 04:46:14.612 E/Hyphenator( 1322): 	at com.android.internal.os.ZygoteInit.preloadTextResources(ZygoteInit.java:252)
06-07 04:46:14.612 E/Hyphenator( 1322): 	at com.android.internal.os.ZygoteInit.preload(ZygoteInit.java:206)
06-07 04:46:14.612 E/Hyphenator( 1322): 	at com.android.internal.os.ZygoteInit.main(ZygoteInit.java:743)
06-07 04:46:14.612 E/Hyphenator( 1322): Caused by: android.system.ErrnoException: open failed: ENOENT (No such file or directory)
06-07 04:46:14.612 E/Hyphenator( 1322): 	at libcore.io.Posix.open(Native Method)
06-07 04:46:14.612 E/Hyphenator( 1322): 	at libcore.io.BlockGuardOs.open(BlockGuardOs.java:187)
06-07 04:46:14.612 E/Hyphenator( 1322): 	at libcore.io.IoBridge.open(IoBridge.java:441)
06-07 04:46:14.612 E/Hyphenator( 1322): 	... 6 more
06-07 04:46:14.614 E/Hyphenator( 1322): error loading hyphenation /system/usr/hyphen-data/hyph-de-ch-1901.hyb
06-07 04:46:14.614 E/Hyphenator( 1322): java.io.FileNotFoundException: /system/usr/hyphen-data/hyph-de-ch-1901.hyb: open failed: ENOENT (No such file or directory)
06-07 04:46:14.614 E/Hyphenator( 1322): 	at libcore.io.IoBridge.open(IoBridge.java:455)
06-07 04:46:14.614 E/Hyphenator( 1322): 	at java.io.RandomAccessFile.<init>(RandomAccessFile.java:247)
06-07 04:46:14.614 E/Hyphenator( 1322): 	at android.text.Hyphenator.loadHyphenator(Hyphenator.java:118)
06-07 04:46:14.614 E/Hyphenator( 1322): 	at android.text.Hyphenator.init(Hyphenator.java:224)
06-07 04:46:14.614 E/Hyphenator( 1322): 	at com.android.internal.os.ZygoteInit.preloadTextResources(ZygoteInit.java:252)
06-07 04:46:14.614 E/Hyphenator( 1322): 	at com.android.internal.os.ZygoteInit.preload(ZygoteInit.java:206)
06-07 04:46:14.614 E/Hyphenator( 1322): 	at com.android.internal.os.ZygoteInit.main(ZygoteInit.java:743)
06-07 04:46:14.614 E/Hyphenator( 1322): Caused by: android.system.ErrnoException: open failed: ENOENT (No such file or directory)
06-07 04:46:14.614 E/Hyphenator( 1322): 	at libcore.io.Posix.open(Native Method)
06-07 04:46:14.614 E/Hyphenator( 1322): 	at libcore.io.BlockGuardOs.open(BlockGuardOs.java:187)
06-07 04:46:14.614 E/Hyphenator( 1322): 	at libcore.io.IoBridge.open(IoBridge.java:441)
06-07 04:46:14.614 E/Hyphenator( 1322): 	... 6 more
06-07 04:46:14.616 E/Hyphenator( 1322): error loading hyphenation /system/usr/hyphen-data/hyph-en-gb.hyb
06-07 04:46:14.616 E/Hyphenator( 1322): java.io.FileNotFoundException: /system/usr/hyphen-data/hyph-en-gb.hyb: open failed: ENOENT (No such file or directory)
06-07 04:46:14.616 E/Hyphenator( 1322): 	at libcore.io.IoBridge.open(IoBridge.java:455)
06-07 04:46:14.616 E/Hyphenator( 1322): 	at java.io.RandomAccessFile.<init>(RandomAccessFile.java:247)
06-07 04:46:14.616 E/Hyphenator( 1322): 	at android.text.Hyphenator.loadHyphenator(Hyphenator.java:118)
06-07 04:46:14.616 E/Hyphenator( 1322): 	at android.text.Hyphenator.init(Hyphenator.java:224)
06-07 04:46:14.616 E/Hyphenator( 1322): 	at com.android.internal.os.ZygoteInit.preloadTextResources(ZygoteInit.java:252)
06-07 04:46:14.616 E/Hyphenator( 1322): 	at com.android.internal.os.ZygoteInit.preload(ZygoteInit.java:206)
06-07 04:46:14.616 E/Hyphenator( 1322): 	at com.android.internal.os.ZygoteInit.main(ZygoteInit.java:743)
06-07 04:46:14.616 E/Hyphenator( 1322): Caused by: android.system.ErrnoException: open failed: ENOENT (No such file or directory)
06-07 04:46:14.616 E/Hyphenator( 1322): 	at libcore.io.Posix.open(Native Method)
06-07 04:46:14.616 E/Hyphenator( 1322): 	at libcore.io.BlockGuardOs.open(BlockGuardOs.java:187)
06-07 04:46:14.616 E/Hyphenator( 1322): 	at libcore.io.IoBridge.open(IoBridge.java:441)
06-07 04:46:14.616 E/Hyphenator( 1322): 	... 6 more
06-07 04:46:14.618 E/Hyphenator( 1322): error loading hyphenation /system/usr/hyphen-data/hyph-en-us.hyb
06-07 04:46:14.618 E/Hyphenator( 1322): java.io.FileNotFoundException: /system/usr/hyphen-data/hyph-en-us.hyb: open failed: ENOENT (No such file or directory)
06-07 04:46:14.618 E/Hyphenator( 1322): 	at libcore.io.IoBridge.open(IoBridge.java:455)
06-07 04:46:14.618 E/Hyphenator( 1322): 	at java.io.RandomAccessFile.<init>(RandomAccessFile.java:247)
06-07 04:46:14.618 E/Hyphenator( 1322): 	at android.text.Hyphenator.loadHyphenator(Hyphenator.java:118)
06-07 04:46:14.618 E/Hyphenator( 1322): 	at android.text.Hyphenator.init(Hyphenator.java:224)
06-07 04:46:14.618 E/Hyphenator( 1322): 	at com.android.internal.os.ZygoteInit.preloadTextResources(ZygoteInit.java:252)
06-07 04:46:14.618 E/Hyphenator( 1322): 	at com.android.internal.os.ZygoteInit.preload(ZygoteInit.java:206)
06-07 04:46:14.618 E/Hyphenator( 1322): 	at com.android.internal.os.ZygoteInit.main(ZygoteInit.java:743)
06-07 04:46:14.618 E/Hyphenator( 1322): Caused by: android.system.ErrnoException: open failed: ENOENT (No such file or directory)
06-07 04:46:14.618 E/Hyphenator( 1322): 	at libcore.io.Posix.open(Native Method)
06-07 04:46:14.618 E/Hyphenator( 1322): 	at libcore.io.BlockGuardOs.open(BlockGuardOs.java:187)
06-07 04:46:14.618 E/Hyphenator( 1322): 	at libcore.io.IoBridge.open(IoBridge.java:441)
06-07 04:46:14.618 E/Hyphenator( 1322): 	... 6 more
06-07 04:46:14.620 E/Hyphenator( 1322): error loading hyphenation /system/usr/hyphen-data/hyph-es.hyb
06-07 04:46:14.620 E/Hyphenator( 1322): java.io.FileNotFoundException: /system/usr/hyphen-data/hyph-es.hyb: open failed: ENOENT (No such file or directory)
06-07 04:46:14.620 E/Hyphenator( 1322): 	at libcore.io.IoBridge.open(IoBridge.java:455)
06-07 04:46:14.620 E/Hyphenator( 1322): 	at java.io.RandomAccessFile.<init>(RandomAccessFile.java:247)
06-07 04:46:14.620 E/Hyphenator( 1322): 	at android.text.Hyphenator.loadHyphenator(Hyphenator.java:118)
06-07 04:46:14.620 E/Hyphenator( 1322): 	at android.text.Hyphenator.init(Hyphenator.java:224)
06-07 04:46:14.620 E/Hyphenator( 1322): 	at com.android.internal.os.ZygoteInit.preloadTextResources(ZygoteInit.java:252)
06-07 04:46:14.620 E/Hyphenator( 1322): 	at com.android.internal.os.ZygoteInit.preload(ZygoteInit.java:206)
06-07 04:46:14.620 E/Hyphenator( 1322): 	at com.android.internal.os.ZygoteInit.main(ZygoteInit.java:743)
06-07 04:46:14.620 E/Hyphenator( 1322): Caused by: android.system.ErrnoException: open failed: ENOENT (No such file or directory)
06-07 04:46:14.620 E/Hyphenator( 1322): 	at libcore.io.Posix.open(Native Method)
06-07 04:46:14.620 E/Hyphenator( 1322): 	at libcore.io.BlockGuardOs.open(BlockGuardOs.java:187)
06-07 04:46:14.620 E/Hyphenator( 1322): 	at libcore.io.IoBridge.open(IoBridge.java:441)
06-07 04:46:14.620 E/Hyphenator( 1322): 	... 6 more
06-07 04:46:14.722 E/Hyphenator( 1322): error loading hyphenation /system/usr/hyphen-data/hyph-et.hyb
06-07 04:46:14.722 E/Hyphenator( 1322): java.io.FileNotFoundException: /system/usr/hyphen-data/hyph-et.hyb: open failed: ENOENT (No such file or directory)
06-07 04:46:14.722 E/Hyphenator( 1322): 	at libcore.io.IoBridge.open(IoBridge.java:455)
06-07 04:46:14.722 E/Hyphenator( 1322): 	at java.io.RandomAccessFile.<init>(RandomAccessFile.java:247)
06-07 04:46:14.722 E/Hyphenator( 1322): 	at android.text.Hyphenator.loadHyphenator(Hyphenator.java:118)
06-07 04:46:14.722 E/Hyphenator( 1322): 	at android.text.Hyphenator.init(Hyphenator.java:224)
06-07 04:46:14.722 E/Hyphenator( 1322): 	at com.android.internal.os.ZygoteInit.preloadTextResources(ZygoteInit.java:252)
06-07 04:46:14.722 E/Hyphenator( 1322): 	at com.android.internal.os.ZygoteInit.preload(ZygoteInit.java:206)
06-07 04:46:14.722 E/Hyphenator( 1322): 	at com.android.internal.os.ZygoteInit.main(ZygoteInit.java:743)
06-07 04:46:14.722 E/Hyphenator( 1322): Caused by: android.system.ErrnoException: open failed: ENOENT (No such file or directory)
06-07 04:46:14.722 E/Hyphenator( 1322): 	at libcore.io.Posix.open(Native Method)
06-07 04:46:14.722 E/Hyphenator( 1322): 	at libcore.io.BlockGuardOs.open(BlockGuardOs.java:187)
06-07 04:46:14.722 E/Hyphenator( 1322): 	at libcore.io.IoBridge.open(IoBridge.java:441)
06-07 04:46:14.722 E/Hyphenator( 1322): 	... 6 more
06-07 04:46:14.724 E/Hyphenator( 1322): error loading hyphenation /system/usr/hyphen-data/hyph-eu.hyb
06-07 04:46:14.724 E/Hyphenator( 1322): java.io.FileNotFoundException: /system/usr/hyphen-data/hyph-eu.hyb: open failed: ENOENT (No such file or directory)
06-07 04:46:14.724 E/Hyphenator( 1322): 	at libcore.io.IoBridge.open(IoBridge.java:455)
06-07 04:46:14.724 E/Hyphenator( 1322): 	at java.io.RandomAccessFile.<init>(RandomAccessFile.java:247)
06-07 04:46:14.724 E/Hyphenator( 1322): 	at android.text.Hyphenator.loadHyphenator(Hyphenator.java:118)
06-07 04:46:14.724 E/Hyphenator( 1322): 	at android.text.Hyphenator.init(Hyphenator.java:224)
06-07 04:46:14.724 E/Hyphenator( 1322): 	at com.android.internal.os.ZygoteInit.preloadTextResources(ZygoteInit.java:252)
06-07 04:46:14.724 E/Hyphenator( 1322): 	at com.android.internal.os.ZygoteInit.preload(ZygoteInit.java:206)
06-07 04:46:14.724 E/Hyphenator( 1322): 	at com.android.internal.os.ZygoteInit.main(ZygoteInit.java:743)
06-07 04:46:14.724 E/Hyphenator( 1322): Caused by: android.system.ErrnoException: open failed: ENOENT (No such file or directory)
06-07 04:46:14.724 E/Hyphenator( 1322): 	at libcore.io.Posix.open(Native Method)
06-07 04:46:14.724 E/Hyphenator( 1322): 	at libcore.io.BlockGuardOs.open(BlockGuardOs.java:187)
06-07 04:46:14.724 E/Hyphenator( 1322): 	at libcore.io.IoBridge.open(IoBridge.java:441)
06-07 04:46:14.724 E/Hyphenator( 1322): 	... 6 more
06-07 04:46:14.726 E/Hyphenator( 1322): error loading hyphenation /system/usr/hyphen-data/hyph-fr.hyb
06-07 04:46:14.726 E/Hyphenator( 1322): java.io.FileNotFoundException: /system/usr/hyphen-data/hyph-fr.hyb: open failed: ENOENT (No such file or directory)
06-07 04:46:14.726 E/Hyphenator( 1322): 	at libcore.io.IoBridge.open(IoBridge.java:455)
06-07 04:46:14.726 E/Hyphenator( 1322): 	at java.io.RandomAccessFile.<init>(RandomAccessFile.java:247)
06-07 04:46:14.726 E/Hyphenator( 1322): 	at android.text.Hyphenator.loadHyphenator(Hyphenator.java:118)
06-07 04:46:14.726 E/Hyphenator( 1322): 	at android.text.Hyphenator.init(Hyphenator.java:224)
06-07 04:46:14.726 E/Hyphenator( 1322): 	at com.android.internal.os.ZygoteInit.preloadTextResources(ZygoteInit.java:252)
06-07 04:46:14.726 E/Hyphenator( 1322): 	at com.android.internal.os.ZygoteInit.preload(ZygoteInit.java:206)
06-07 04:46:14.726 E/Hyphenator( 1322): 	at com.android.internal.os.ZygoteInit.main(ZygoteInit.java:743)
06-07 04:46:14.726 E/Hyphenator( 1322): Caused by: android.system.ErrnoException: open failed: ENOENT (No such file or directory)
06-07 04:46:14.726 E/Hyphenator( 1322): 	at libcore.io.Posix.open(Native Method)
06-07 04:46:14.726 E/Hyphenator( 1322): 	at libcore.io.BlockGuardOs.open(BlockGuardOs.java:187)
06-07 04:46:14.726 E/Hyphenator( 1322): 	at libcore.io.IoBridge.open(IoBridge.java:441)
06-07 04:46:14.726 E/Hyphenator( 1322): 	... 6 more
06-07 04:46:14.728 E/Hyphenator( 1322): error loading hyphenation /system/usr/hyphen-data/hyph-ga.hyb
06-07 04:46:14.728 E/Hyphenator( 1322): java.io.FileNotFoundException: /system/usr/hyphen-data/hyph-ga.hyb: open failed: ENOENT (No such file or directory)
06-07 04:46:14.728 E/Hyphenator( 1322): 	at libcore.io.IoBridge.open(IoBridge.java:455)
06-07 04:46:14.728 E/Hyphenator( 1322): 	at java.io.RandomAccessFile.<init>(RandomAccessFile.java:247)
06-07 04:46:14.728 E/Hyphenator( 1322): 	at android.text.Hyphenator.loadHyphenator(Hyphenator.java:118)
06-07 04:46:14.728 E/Hyphenator( 1322): 	at android.text.Hyphenator.init(Hyphenator.java:224)
06-07 04:46:14.728 E/Hyphenator( 1322): 	at com.android.internal.os.ZygoteInit.preloadTextResources(ZygoteInit.java:252)
06-07 04:46:14.728 E/Hyphenator( 1322): 	at com.android.internal.os.ZygoteInit.preload(ZygoteInit.java:206)
06-07 04:46:14.728 E/Hyphenator( 1322): 	at com.android.internal.os.ZygoteInit.main(ZygoteInit.java:743)
06-07 04:46:14.728 E/Hyphenator( 1322): Caused by: android.system.ErrnoException: open failed: ENOENT (No such file or directory)
06-07 04:46:14.728 E/Hyphenator( 1322): 	at libcore.io.Posix.open(Native Method)
06-07 04:46:14.728 E/Hyphenator( 1322): 	at libcore.io.BlockGuardOs.open(BlockGuardOs.java:187)
06-07 04:46:14.728 E/Hyphenator( 1322): 	at libcore.io.IoBridge.open(IoBridge.java:441)
06-07 04:46:14.728 E/Hyphenator( 1322): 	... 6 more
06-07 04:46:14.729 E/Hyphenator( 1322): error loading hyphenation /system/usr/hyphen-data/hyph-gu.hyb
