06-07 04:47:09.654 W/VibratorService( 1917): Tried to stop vibrating but there is no vibrator device.
06-07 04:47:09.666 I/SystemServer( 1917): StartConsumerIrService
06-07 04:47:09.668 E/ConsumerIrService( 1917): Can't open consumer IR HW Module, error: -2
06-07 04:47:09.672 I/SystemServer( 1917): StartAlarmManagerService
06-07 04:47:09.673 I/SystemServiceManager( 1917): Starting com.android.server.AlarmManagerService
06-07 04:47:09.689 W/AlarmManagerService( 1917): no wall clock RTC found
06-07 04:47:09.701 D/AlarmManagerService( 1917): Kernel timezone updated to 0 minutes west of GMT
06-07 04:47:09.826 I/SystemServer( 1917): InitWatchdog
06-07 04:47:09.828 I/SystemServer( 1917): StartInputManagerService
06-07 04:47:09.832 I/InputManager( 1917): Initializing input manager, mUseDevInputEventForAudioJack=true
06-07 04:47:09.851 I/SystemServer( 1917): StartWindowManagerService
06-07 04:47:10.187 I/WindowManager( 1917): No existing display settings /data/system/display_settings.xml; starting empty
06-07 04:47:10.595 I/SystemServer( 1917): StartVrManagerService
06-07 04:47:10.596 I/SystemServiceManager( 1917): Starting com.android.server.vr.VrManagerService
06-07 04:47:10.989 W/VrManagerService( 1917): init_native: Could not open VR hardware module, error No such file or directory (-2).
06-07 04:47:11.051 I/InputManager( 1917): Starting input manager
06-07 04:47:11.241 I/SystemServer( 1917): No Bluetooth Service (emulator)
06-07 04:47:11.241 I/SystemServer( 1917): ConnectivityMetricsLoggerService
06-07 04:47:11.242 I/SystemServiceManager( 1917): Starting com.android.server.connectivity.MetricsLoggerService
06-07 04:47:11.251 D/EventHub( 1917): No input device configuration file found for device 'Power Button'.
06-07 04:47:11.294 I/SystemServer( 1917): IpConnectivityMetrics
06-07 04:47:11.295 I/SystemServiceManager( 1917): Starting com.android.server.connectivity.IpConnectivityMetrics
06-07 04:47:11.297 I/SystemServer( 1917): PinnerService
06-07 04:47:11.298 I/SystemServiceManager( 1917): Starting com.android.server.PinnerService
06-07 04:47:11.322 I/SystemServiceManager( 1917): Starting com.android.server.InputMethodManagerService$Lifecycle
06-07 04:47:11.341 W/EventHub( 1917): Unable to disable kernel key repeat for /dev/input/event0: Function not implemented
06-07 04:47:11.341 I/EventHub( 1917): New device: id=1, fd=91, path='/dev/input/event0', name='Power Button', classes=0x1, configuration='', keyLayout='/system/usr/keylayout/Generic.kl', keyCharacterMap='/system/usr/keychars/Generic.kcm', builtinKeyboard=false, wakeMechanism=EPOLLWAKEUP, usingClockIoctl=true
06-07 04:47:11.487 W/EventHub( 1917): Unable to disable kernel key repeat for /dev/input/event1: Function not implemented
06-07 04:47:11.487 I/EventHub( 1917): New device: id=2, fd=92, path='/dev/input/event1', name='qwerty2', classes=0x95, configuration='/system/usr/idc/qwerty2.idc', keyLayout='/system/usr/keylayout/qwerty.kl', keyCharacterMap='/system/usr/keychars/qwerty2.kcm', builtinKeyboard=true, wakeMechanism=EPOLLWAKEUP, usingClockIoctl=true
06-07 04:47:11.488 E/EventHub( 1917): could not get driver version for /dev/input/mice, Not a typewriter
06-07 04:47:12.538 I/InputReader( 1917): Device added: id=-1, name='Virtual', sources=0x00000301
06-07 04:47:12.685 I/InputReader( 1917):   Touch device 'qwerty2' could not query the properties of its associated display.  The device will be inoperable until the display size becomes available.
06-07 04:47:12.686 I/InputReader( 1917): Device added: id=0, name='qwerty2', sources=0x80001103
06-07 04:47:12.686 I/InputReader( 1917): Device added: id=1, name='Power Button', sources=0x00000101
06-07 04:47:12.836 I/SystemServer( 1917): StartAccessibilityManagerService
06-07 04:47:13.104 I/ActivityManager( 1917): Config changes=1df8 {1.0 ?mcc?mnc [en_US] ldltr sw360dp w360dp h640dp 480dpi nrml long port ?uimode ?night -touch -keyb/v/h -nav/h s.2}
06-07 04:47:13.267 I/ActivityManager( 1917): Config changes=508 {1.0 ?mcc?mnc [en_US] ldltr sw360dp w360dp h568dp 480dpi nrml port ?uimode ?night finger -keyb/v/h -nav/h s.3}
06-07 04:47:13.459 I/SystemServiceManager( 1917): Starting com.android.server.MountService$Lifecycle
06-07 04:47:13.533 I/InputReader( 1917): Reconfiguring input devices.  changes=0x00000004
06-07 04:47:13.534 I/InputReader( 1917): Device reconfigured: id=0, name='qwerty2', size 1080x1920, orientation 0, mode 1, display id 0
06-07 04:47:14.093 I/SystemServiceManager( 1917): Starting com.android.server.UiModeManagerService
06-07 04:47:14.111 I/ActivityManager( 1917): Config changes=200 {1.0 ?mcc?mnc [en_US] ldltr sw360dp w360dp h568dp 480dpi nrml port finger -keyb/v/h -nav/h s.4}
06-07 04:47:14.174 D/MountService( 1917): Thinking about init, mSystemReady=false, mDaemonConnected=true
06-07 04:47:14.174 D/MountService( 1917): Thinking about reset, mSystemReady=false, mDaemonConnected=true
06-07 04:47:14.175 D/MountService( 1917): Thinking about init, mSystemReady=false, mDaemonConnected=true
06-07 04:47:14.175 D/MountService( 1917): Thinking about reset, mSystemReady=false, mDaemonConnected=true
06-07 04:47:14.178 D/CryptdConnector( 1917): SND -> {1 cryptfs getfield SystemLocale}
06-07 04:47:14.198 W/PackageManager( 1917): No disk maintenance in 882510197; running immediately
06-07 04:47:14.198 I/SystemServer( 1917): StartLockSettingsService
06-07 04:47:14.220 I/SystemServiceManager( 1917): Starting com.android.server.LockSettingsService$Lifecycle
06-07 04:47:14.259 D/CryptdConnector( 1917): RCV <- {200 1 -1}
06-07 04:47:14.294 W/MountService( 1917): No primary storage mounted!
06-07 04:47:14.295 D/VoldConnector( 1917): SND -> {1 asec list}
06-07 04:47:14.372 D/VoldConnector( 1917): RCV <- {200 1 asec operation succeeded}
06-07 04:47:14.405 I/SystemServiceManager( 1917): Starting com.android.server.DeviceIdleController
06-07 04:47:14.422 I/PackageManager( 1917): No secure containers found
06-07 04:47:14.443 W/PackageManager( 1917): Unknown permission com.google.android.googleapps.permission.GOOGLE_AUTH in package com.android.providers.calendar
06-07 04:47:14.443 W/PackageManager( 1917): Unknown permission com.google.android.googleapps.permission.GOOGLE_AUTH.cl in package com.android.providers.calendar
06-07 04:47:14.444 W/PackageManager( 1917): Not granting permission android.permission.GLOBAL_SEARCH to package com.android.quicksearchbox (protectionLevel=18 flags=0x3808be45)
06-07 04:47:14.446 W/PackageManager( 1917): Not granting permission android.permission.WRITE_EXTERNAL_STORAGE to package gov.nasa.arc.astrobee.android.gs.manager because it was previously installed without
06-07 04:47:14.446 W/PackageManager( 1917): Not granting permission android.permission.READ_EXTERNAL_STORAGE to package gov.nasa.arc.astrobee.android.gs.manager because it was previously installed without
06-07 04:47:14.447 W/PackageManager( 1917): Unknown permission com.android.launcher.permission.READ_SETTINGS in package com.android.launcher3
06-07 04:47:14.447 W/PackageManager( 1917): Unknown permission com.android.launcher.permission.WRITE_SETTINGS in package com.android.launcher3
06-07 04:47:14.447 W/PackageManager( 1917): Not granting permission android.permission.BIND_APPWIDGET to package com.android.launcher3 (protectionLevel=18 flags=0x3c4bbe45)
06-07 04:47:14.447 W/PackageManager( 1917): Unknown permission com.google.android.googleapps.permission.GOOGLE_AUTH.mail in package com.android.calendar
06-07 04:47:14.447 W/PackageManager( 1917): Unknown permission com.google.android.providers.settings.permission.WRITE_GSETTINGS in package com.android.sdksetup
06-07 04:47:14.449 W/PackageManager( 1917): Unknown permission com.google.android.permission.INSTALL_WEARABLE_PACKAGES in package com.android.packageinstaller
06-07 04:47:14.449 W/PackageManager( 1917): Not granting permission android.permission.DELETE_PACKAGES to package com.svox.pico (protectionLevel=18 flags=0x3808be45)
06-07 04:47:14.449 W/PackageManager( 1917): Not granting permission android.permission.READ_CONTACTS to package com.example.android.apis because it was previously installed without
06-07 04:47:14.449 W/PackageManager( 1917): Not granting permission android.permission.WRITE_CONTACTS to package com.example.android.apis because it was previously installed without
06-07 04:47:14.449 W/PackageManager( 1917): Not granting permission android.permission.ACCESS_COARSE_LOCATION to package com.example.android.apis because it was previously installed without
06-07 04:47:14.449 W/PackageManager( 1917): Not granting permission android.permission.WRITE_EXTERNAL_STORAGE to package com.example.android.apis because it was previously installed without
06-07 04:47:14.449 W/PackageManager( 1917): Not granting permission android.permission.SEND_SMS to package com.example.android.apis because it was previously installed without
06-07 04:47:14.449 W/PackageManager( 1917): Not granting permission android.permission.RECEIVE_SMS to package com.example.android.apis because it was previously installed without
06-07 04:47:14.449 W/PackageManager( 1917): Not granting permission android.permission.RECEIVE_MMS to package com.example.android.apis because it was previously installed without
06-07 04:47:14.460 W/PackageManager( 1917): Not granting permission android.permission.READ_SMS to package com.example.android.apis because it was previously installed without
06-07 04:47:14.460 W/PackageManager( 1917): Not granting permission android.permission.READ_PHONE_STATE to package com.example.android.apis because it was previously installed without
06-07 04:47:14.460 W/PackageManager( 1917): Not granting permission android.permission.RECORD_AUDIO to package com.example.android.apis because it was previously installed without
06-07 04:47:14.460 W/PackageManager( 1917): Not granting permission android.permission.CAMERA to package com.example.android.apis because it was previously installed without
06-07 04:47:14.460 W/PackageManager( 1917): Not granting permission android.permission.READ_EXTERNAL_STORAGE to package com.example.android.apis because it was previously installed without
06-07 04:47:14.461 W/PackageManager( 1917): Unknown permission android.permission.RUN_INSTRUMENTATION in package org.chromium.webview_shell
06-07 04:47:14.461 W/PackageManager( 1917): Unknown permission com.google.android.googleapps.permission.GOOGLE_AUTH in package com.android.settings
06-07 04:47:14.461 W/PackageManager( 1917): Unknown permission com.android.launcher.permission.READ_SETTINGS in package com.android.settings
06-07 04:47:14.462 W/PackageManager( 1917): Unknown permission com.android.launcher.permission.WRITE_SETTINGS in package com.android.settings
06-07 04:47:14.462 W/PackageManager( 1917): Unknown permission com.android.smspush.WAPPUSH_MANAGER_BIND in package com.android.phone
06-07 04:47:14.464 W/PackageManager( 1917): Unknown permission com.google.android.googleapps.permission.ACCESS_GOOGLE_PASSWORD in package com.android.development
06-07 04:47:14.465 W/PackageManager( 1917): Unknown permission com.google.android.googleapps.permission.GOOGLE_AUTH in package com.android.development
06-07 04:47:14.465 W/PackageManager( 1917): Unknown permission com.google.android.googleapps.permission.GOOGLE_AUTH.ALL_SERVICES in package com.android.development
06-07 04:47:14.465 W/PackageManager( 1917): Unknown permission com.google.android.googleapps.permission.GOOGLE_AUTH.YouTubeUser in package com.android.development
06-07 04:47:14.465 W/PackageManager( 1917): Not granting permission android.permission.BIND_APPWIDGET to package com.android.widgetpreview (protectionLevel=18 flags=0x3808be44)
06-07 04:47:14.490 I/SystemServiceManager( 1917): Starting com.android.server.devicepolicy.DevicePolicyManagerService$Lifecycle
06-07 04:47:14.788 I/UsageStatsService( 1917): User[0] Rollover scheduled @ 2020-06-08 04:47:13(1591591633130)
06-07 04:47:14.863 E/AppIdleHistory( 1917): Unable to read app idle file for user 0
06-07 04:47:15.181 W/MountService( 1917): No primary storage defined yet; hacking together a stub
06-07 04:47:15.185 W/MountService( 1917): No primary storage defined yet; hacking together a stub
06-07 04:47:15.233 W/MountService( 1917): No primary storage mounted!
06-07 04:47:15.234 D/VoldConnector( 1917): SND -> {2 asec list}
06-07 04:47:15.241 D/VoldConnector( 1917): RCV <- {200 2 asec operation succeeded}
06-07 04:47:15.243 W/art     ( 1917): Long monitor contention with owner MountService (2130) at void com.android.server.pm.PackageManagerService.loadMediaPackages(android.util.ArrayMap, int[], boolean)(PackageManagerService.java:19317) waiters=0 in boolean com.android.server.pm.PackageManagerService.hasSystemFeature(java.lang.String, int) for 508ms
06-07 04:47:15.251 I/MountService( 1917): Running fstrim idle maintenance
06-07 04:47:15.253 D/VoldConnector( 1917): SND -> {3 fstrim dotrim}
06-07 04:47:15.275 I/SystemServer( 1917): StartStatusBarManagerService
06-07 04:47:15.293 D/VoldConnector( 1917): RCV <- {200 3 Command succeeded}
06-07 04:47:15.315 D/vold    ( 1275): Starting trim of /cache
06-07 04:47:15.317 W/vold    ( 1275): Trim failed on /cache: Operation not supported on transport endpoint
06-07 04:47:15.318 D/VoldConnector( 1917): RCV <- {662 /cache -1 -1}
06-07 04:47:15.340 I/SystemServer( 1917): StartClipboardService
06-07 04:47:15.350 D/vold    ( 1275): Starting trim of /data
06-07 04:47:15.351 W/vold    ( 1275): Trim failed on /data: Operation not supported on transport endpoint
06-07 04:47:15.351 D/VoldConnector( 1917): RCV <- {662 /data -1 -1}
06-07 04:47:15.383 I/SystemServer( 1917): StartNetworkManagementService
06-07 04:47:15.434 E/VoldConnector( 1917): Error handling '662 /cache -1 -1': java.lang.NullPointerException: Attempt to invoke virtual method 'void android.os.DropBoxManager.addText(java.lang.String, java.lang.String)' on a null object reference
06-07 04:47:15.442 I/NetworkManagement( 1917): onDaemonConnected()
06-07 04:47:15.537 I/SystemServiceManager( 1917): Starting com.android.server.TextServicesManagerService$Lifecycle
06-07 04:47:15.581 E/VoldConnector( 1917): Error handling '662 /data -1 -1': java.lang.NullPointerException: Attempt to invoke virtual method 'void android.os.DropBoxManager.addText(java.lang.String, java.lang.String)' on a null object reference
06-07 04:47:15.672 I/SystemServer( 1917): StartNetworkScoreService
06-07 04:47:15.696 I/SystemServer( 1917): StartNetworkStatsService
06-07 04:47:15.851 I/SystemServer( 1917): StartNetworkPolicyManagerService
06-07 04:47:15.894 W/art     ( 1917): Long monitor contention with owner MountService (2130) at void com.android.server.pm.PackageManagerService.loadMediaPackages(android.util.ArrayMap, int[], boolean)(PackageManagerService.java:19317) waiters=1 in void com.android.server.pm.Settings$RuntimePermissionPersistence.writePermissionsSync(int) for 1.026s
06-07 04:47:15.972 I/SystemServer( 1917): No Wi-Fi NAN Service (NAN support Not Present)
06-07 04:47:16.416 W/art     ( 1917): Verification of void com.android.server.wifi.p2p.WifiP2pService.<init>(android.content.Context) took 214.385ms
06-07 04:47:16.420 I/SystemServiceManager( 1917): Starting com.android.server.wifi.p2p.WifiP2pService
06-07 04:47:16.816 I/WifiP2pService( 1917): Registering wifip2p
06-07 04:47:16.826 I/SystemServiceManager( 1917): Starting com.android.server.wifi.WifiService
06-07 04:47:17.551 W/art     ( 1917): Verification of void com.android.server.wifi.WifiStateMachine.handle3GAuthRequest(com.android.server.wifi.WifiStateMachine$SimAuthRequestData) took 122.430ms
06-07 04:47:17.981 W/art     ( 1917): Suspending all threads took: 25.958ms
06-07 04:47:18.099 D/HS20    ( 1917): Passpoint is disabled
06-07 04:47:18.301 I/art     ( 1917): Background sticky concurrent mark sweep GC freed 34232(2MB) AllocSpace objects, 15(300KB) LOS objects, 26% free, 8MB/10MB, paused 31.481ms total 605.235ms
06-07 04:47:18.434 D/CommandListener( 1333): Clearing all IP addresses on wlan0
06-07 04:47:18.623 D/WifiApConfigStore( 1917): 2G band allowed channels are:1,6,11
06-07 04:47:18.632 E/WifiLogger( 1917): no ring buffers found
06-07 04:47:18.632 E/WifiLogger( 1917): Failed to start packet fate monitoring
06-07 04:47:18.707 D/WifiController( 1917): isAirplaneModeOn = true, isWifiEnabled = false, isScanningAvailable = false
06-07 04:47:18.815 I/WifiService( 1917): Registering wifi
06-07 04:47:18.912 I/SystemServiceManager( 1917): Starting com.android.server.wifi.scanner.WifiScanningService
06-07 04:47:18.913 I/WifiScanningService( 1917): Creating wifiscanner
06-07 04:47:18.961 I/WifiScanningService( 1917): Publishing wifiscanner
06-07 04:47:19.015 I/SystemServiceManager( 1917): Starting com.android.server.wifi.RttService
06-07 04:47:19.021 I/RttService( 1917): Creating rttmanager
06-07 04:47:19.053 I/RttService( 1917): Starting rttmanager
06-07 04:47:19.056 I/SystemServer( 1917): StartConnectivityService
06-07 04:47:19.174 D/ConnectivityService( 1917): ConnectivityService starting up
06-07 04:47:19.266 D/ConnectivityService( 1917): wifiOnly=false
06-07 04:47:19.497 I/SystemServer( 1917): StartNsdService
06-07 04:47:19.565 I/SystemServer( 1917): StartUpdateLockService
06-07 04:47:19.582 I/SystemServiceManager( 1917): Starting com.android.server.RecoverySystemService
06-07 04:47:19.591 I/SystemServiceManager( 1917): Starting com.android.server.notification.NotificationManagerService
06-07 04:47:19.864 D/ConditionProviders.SCP( 1917): new ScheduleConditionProvider()
06-07 04:47:20.003 D/ZenLog  ( 1917): config: readXml,ZenModeConfig[user=0,allowCalls=true,allowRepeatCallers=false,allowMessages=false,allowCallsFrom=contacts,allowMessagesFrom=contacts,allowReminders=true,allowEvents=true,allowWhenScreenOff=true,allowWhenScreenOn=true,automaticRules={370bd6672ef541ba946db9ac4aef0faf=ZenRule[enabled=false,snoozing=false,name=Weeknight,zenMode=ZEN_MODE_ALARMS,conditionId=condition://android/schedule?days=1.2.3.4.5&start=22.0&end=7.0&exitAtAlarm=false,condition=Condition[id=condition://android/schedule?days=1.2.3.4.5&start=22.0&end=7.0&exitAtAlarm=false,summary=...,line1=...,line2=...,icon=0,state=STATE_TRUE,flags=2],component=ComponentInfo{android/com.android.server.notification.ScheduleConditionProvider},id=370bd6672ef541ba946db9ac4aef0faf,creationTime=1590622727817,enabler=null], a53ffdf89c814123a52adbdd46bc948d=ZenRule[enabled=false,snoozing=false,name=Weekend,zenMode=ZEN_MODE_ALARMS,conditionId=condition://android/schedule?days=6.7&start=23.30&end=10.0&exitAtAlarm=false,condition=Condition[id=condition://android/schedule?days=6.7&start=23.30&end=10.0&exitAtAlarm=false,summary=...,line1=...,line2=...,icon=0,state=STATE_FALSE,flags=2],component=ComponentInfo{android/com.android.server.notification.ScheduleConditionProvider},id=a53ffdf89c814123a52adbdd46bc948d,creationTime=1590622727818,enabler=null], fc8bb1aacabb4877a1d1d167106f6e77=ZenRule[enabled=false,snoozing=false,name=Event,zenMode=ZEN_MODE_ALARMS,conditionId=condition://android/event?userId=-10000&calendar=&reply=1,condition=Condition[id=condition://android/event?userId=-10000&calendar=&reply=1,summary=...,line1=...,line2=...,icon=0,state=STATE_FALSE,flags=2],component=ComponentInfo{android/com.android.server.notification.EventConditionProvider},id=fc8bb1aacabb4877a1d1d167106f6e77,creationTime=1590622727822,enabler=null]},manualRule=null],Diff[automaticRule[370bd6672ef541ba946db9ac4aef0faf]:insert,automaticRule[99fb66c3c74e4a91b3feb740ba12d50e]:delete,automaticRule[a53ffdf89c814123a52adbdd46bc948d]:insert,automaticRule[9a9efe4407a94e77ab4b8f48681a85f5]:delete,automaticRule[730d11826fdd40f2b7a1aed6d6587bcf]:delete,automaticRule[fc8bb1aacabb4877a1d1d167106f6e77]:insert]
06-07 04:47:20.172 D/ZenLog  ( 1917): set_zen_mode: off,init
06-07 04:47:20.295 I/SystemServiceManager( 1917): Starting com.android.server.storage.DeviceStorageMonitorService
06-07 04:47:20.329 I/SystemServer( 1917): StartLocationManagerService
06-07 04:47:20.409 I/SystemServer( 1917): StartCountryDetectorService
06-07 04:47:20.434 I/SystemServer( 1917): StartSearchManagerService
06-07 04:47:20.435 I/SystemServiceManager( 1917): Starting com.android.server.search.SearchManagerService$Lifecycle
06-07 04:47:20.476 I/SystemServiceManager( 1917): Starting com.android.server.DropBoxManagerService
06-07 04:47:20.503 I/SystemServer( 1917): StartWallpaperManagerService
06-07 04:47:20.504 I/SystemServiceManager( 1917): Starting com.android.server.wallpaper.WallpaperManagerService$Lifecycle
06-07 04:47:20.528 E/BitmapFactory( 1917): Unable to decode stream: java.io.FileNotFoundException: /data/system/users/0/wallpaper_orig (No such file or directory)
06-07 04:47:20.528 E/WallpaperManagerService( 1917): Invalid wallpaper data
06-07 04:47:20.528 E/WallpaperManagerService( 1917): Unable to apply new wallpaper
06-07 04:47:20.636 I/SystemServer( 1917): StartAudioService
06-07 04:47:20.637 I/SystemServiceManager( 1917): Starting com.android.server.audio.AudioService$Lifecycle
06-07 04:47:20.792 W/TelecomManager( 1917): Telecom Service not found.
06-07 04:47:20.847 D/PermissionCache( 1324): checking android.permission.MODIFY_AUDIO_SETTINGS for uid=1000 => granted (16061 us)
06-07 04:47:20.862 D/PermissionCache( 1324): checking android.permission.MODIFY_AUDIO_SETTINGS for uid=1000 => granted (26526 us)
06-07 04:47:20.906 W/AudioFlinger( 1324): no wake lock to update, system not ready yet
06-07 04:47:21.233 I/SystemServiceManager( 1917): Starting com.android.server.DockObserver
06-07 04:47:21.236 W/DockObserver( 1917): This kernel does not have dock station support
06-07 04:47:21.269 I/SystemServer( 1917): StartWiredAccessoryManager
06-07 04:47:21.279 W/WiredAccessoryManager( 1917): This kernel does not have usb audio support
06-07 04:47:21.279 W/WiredAccessoryManager( 1917): This kernel does not have HDMI audio support
06-07 04:47:21.351 I/SystemServiceManager( 1917): Starting com.android.server.midi.MidiService$Lifecycle
06-07 04:47:21.371 I/SystemServiceManager( 1917): Starting com.android.server.usb.UsbService$Lifecycle
06-07 04:47:21.464 I/SystemServer( 1917): StartSerialService
06-07 04:47:21.469 E/HardwarePropertiesManagerService-JNI( 1917): Couldn't load thermal module (No such file or directory)
06-07 04:47:21.482 I/SystemServiceManager( 1917): Starting com.android.server.twilight.TwilightService
06-07 04:47:21.485 I/SystemServiceManager( 1917): Starting com.android.server.job.JobSchedulerService
06-07 04:47:21.553 I/SystemServiceManager( 1917): Starting com.android.server.soundtrigger.SoundTriggerService
06-07 04:47:21.563 I/SystemServiceManager( 1917): Starting com.android.server.backup.BackupManagerService$Lifecycle
06-07 04:47:21.603 I/SystemServiceManager( 1917): Starting com.android.server.appwidget.AppWidgetService
06-07 04:47:21.727 I/SystemServiceManager( 1917): Starting com.android.server.voiceinteraction.VoiceInteractionManagerService
06-07 04:47:21.746 I/SystemServer( 1917): Gesture Launcher Service
06-07 04:47:21.746 I/SystemServiceManager( 1917): Starting com.android.server.GestureLauncherService
06-07 04:47:21.748 I/SystemServiceManager( 1917): Starting com.android.server.SensorNotificationService
06-07 04:47:21.748 I/SystemServiceManager( 1917): Starting com.android.server.ContextHubSystemService
06-07 04:47:21.764 E/ContextHubService( 1917): ** Could not load context_hub module : err No such file or directory
06-07 04:47:21.765 W/ContextHubService( 1917): No Context Hub Module present
06-07 04:47:21.765 I/SystemServer( 1917): StartDiskStatsService
06-07 04:47:21.768 I/SystemServer( 1917): StartSamplingProfilerService
06-07 04:47:21.888 I/SystemServer( 1917): StartNetworkTimeUpdateService
06-07 04:47:21.904 I/SystemServer( 1917): StartCommonTimeManagementService
06-07 04:47:21.962 I/SystemServer( 1917): CertBlacklister
06-07 04:47:21.967 I/SystemServiceManager( 1917): Starting com.android.server.emergency.EmergencyAffordanceService
06-07 04:47:22.005 I/SystemServiceManager( 1917): Starting com.android.server.dreams.DreamManagerService
06-07 04:47:22.043 I/SystemServer( 1917): StartAssetAtlasService
06-07 04:47:22.079 I/SystemServiceManager( 1917): Starting com.android.server.print.PrintManagerService
06-07 04:47:22.092 D/AssetAtlas( 1917): Loaded configuration: SliceMinArea (1280x896) flags=0x2 count=91
06-07 04:47:22.118 I/SystemServiceManager( 1917): Starting com.android.server.restrictions.RestrictionsManagerService
06-07 04:47:22.134 I/SystemServiceManager( 1917): Starting com.android.server.media.MediaSessionService
06-07 04:47:22.165 I/SystemServer( 1917): StartMediaRouterService
06-07 04:47:22.181 I/SystemServiceManager( 1917): Starting com.android.server.trust.TrustManagerService
06-07 04:47:22.195 I/SystemServiceManager( 1917): Starting com.android.server.fingerprint.FingerprintService
06-07 04:47:22.274 D/PermissionCache( 1337): checking android.permission.MANAGE_FINGERPRINT for uid=1000 => granted (33358 us)
06-07 04:47:22.277 V/fingerprintd( 1337): nativeOpenHal()
06-07 04:47:22.376 D/FingerprintHal( 1337): ----------------> fingerprint_open ----------------->
06-07 04:47:22.379 E/fingerprintd( 1337): Wrong fp version. Expected 512, got 513
06-07 04:47:22.379 D/FingerprintHal( 1337): ----------------> set_notify_callback ----------------->
06-07 04:47:22.379 D/FingerprintHal( 1337): fingerprint callback notification set
06-07 04:47:22.379 V/fingerprintd( 1337): fingerprint HAL successfully initialized
06-07 04:47:22.402 D/FingerprintHal( 1337): ----------------> listenerFunction ----------------->
06-07 04:47:22.445 V/fingerprintd( 1337): setActiveGroup(0, /data/system/users/0/fpdata, 27)
06-07 04:47:22.445 D/FingerprintHal( 1337): ----------------> fingerprint_set_active_group -----------------> path /data/system/users/0/fpdata
06-07 04:47:22.445 D/FingerprintHal( 1337): ----------------> loadFingerprints ----------------->
06-07 04:47:22.446 E/FingerprintHal( 1337): Could not load fingerprints from storage at /data/system/users/0/fpdata/emufp.bin; it has not yet been created.
06-07 04:47:22.446 D/FingerprintHal( 1337): ----------------> loadAuthenticatorId ----------------->
06-07 04:47:22.450 D/FingerprintHal( 1337): Read authenticator id (0x6b8b4567327b23c6)
06-07 04:47:22.452 D/FingerprintHal( 1337): ----------------> fingerprint_get_auth_id ----------------->
06-07 04:47:22.452 D/FingerprintHal( 1337): ----------------> fingerprint_get_auth_id auth id 6b8b4567327b23c6----------------->
06-07 04:47:22.453 V/FingerprintService( 1917): Fingerprint HAL id: 130345821585408
06-07 04:47:22.455 I/SystemServer( 1917): StartBackgroundDexOptService
06-07 04:47:22.468 I/SystemServiceManager( 1917): Starting com.android.server.pm.ShortcutService$Lifecycle
06-07 04:47:22.480 D/gralloc_ranchu( 1917): Emulator without host-side GPU emulation detected. Loading gralloc.default.so from /vendor/lib64/hw/gralloc.goldfish.default.so...
06-07 04:47:22.485 D/gralloc_ranchu( 1917): gralloc.default.so not found in /vendor. Trying /system/lib64/hw/gralloc.goldfish.default.so...
06-07 04:47:22.572 I/SystemServiceManager( 1917): Starting com.android.server.pm.LauncherAppsService
06-07 04:47:22.593 I/SystemServiceManager( 1917): Starting com.android.server.media.projection.MediaProjectionManagerService
06-07 04:47:22.637 V/MediaRouter( 1917): Adding route: RouteInfo{ name=Phone, description=null, status=null, category=RouteCategory{ name=null types=ROUTE_TYPE_LIVE_AUDIO ROUTE_TYPE_LIVE_VIDEO  groupable=false }, supportedTypes=ROUTE_TYPE_LIVE_AUDIO ROUTE_TYPE_LIVE_VIDEO , presentationDisplay=null }
06-07 04:47:22.735 V/MediaRouter( 1917): Updating audio routes: AudioRoutesInfo{ type=SPEAKER }
06-07 04:47:22.765 V/MediaRouter( 1917): Selecting route: RouteInfo{ name=Phone, description=null, status=null, category=RouteCategory{ name=null types=ROUTE_TYPE_LIVE_AUDIO ROUTE_TYPE_LIVE_VIDEO  groupable=false }, supportedTypes=ROUTE_TYPE_LIVE_AUDIO ROUTE_TYPE_LIVE_VIDEO , presentationDisplay=null }
06-07 04:47:22.831 I/WindowManager( 1917): SAFE MODE not enabled
06-07 04:47:22.832 I/SystemServiceManager( 1917): Starting com.android.server.MmsServiceBroker
06-07 04:47:22.869 W/VibratorService( 1917): Tried to stop vibrating but there is no vibrator device.
06-07 04:47:23.109 W/AssetAtlasService( 1917): Could not find EGL configuration
06-07 04:47:23.186 D/AssetAtlas( 1917): Rendered atlas in 587.89ms (511.47+76.42ms)
06-07 04:47:23.210 I/art     ( 1917): Background partial concurrent mark sweep GC freed 17129(1304KB) AllocSpace objects, 4(80KB) LOS objects, 24% free, 12MB/16MB, paused 2.711ms total 664.556ms
06-07 04:47:23.700 E/LockSettingsStorage( 1917): Cannot read file java.io.FileNotFoundException: /data/system/gatekeeper.password.key: open failed: ENOENT (No such file or directory)
06-07 04:47:23.702 E/LockSettingsStorage( 1917): Cannot read file java.io.FileNotFoundException: /data/system/password.key: open failed: ENOENT (No such file or directory)
06-07 04:47:23.711 E/LockSettingsStorage( 1917): Cannot read file java.io.FileNotFoundException: /data/system/gatekeeper.pattern.key: open failed: ENOENT (No such file or directory)
06-07 04:47:23.713 E/LockSettingsStorage( 1917): Cannot read file java.io.FileNotFoundException: /data/system/gatekeeper.gesture.key: open failed: ENOENT (No such file or directory)
06-07 04:47:23.714 E/LockSettingsStorage( 1917): Cannot read file java.io.FileNotFoundException: /data/system/gesture.key: open failed: ENOENT (No such file or directory)
06-07 04:47:23.715 I/SystemServiceManager( 1917): Starting phase 480
06-07 04:47:23.853 I/DevicePolicyManagerService( 1917): Set ro.device_owner property to false
06-07 04:47:23.916 I/SystemServiceManager( 1917): Starting phase 500
06-07 04:47:23.955 D/ConnectivityMetricsLoggerService( 1917): onBootPhase: PHASE_SYSTEM_SERVICES_READY
06-07 04:47:24.047 I/WifiService( 1917): WifiService starting up with Wi-Fi disabled
06-07 04:47:24.089 I/WifiScanningService( 1917): Starting wifiscanner
06-07 04:47:24.203 I/RttService( 1917): Registering rttmanager
06-07 04:47:24.365 D/ZenLog  ( 1917): config: cleanUpZenRules,ZenModeConfig[user=0,allowCalls=true,allowRepeatCallers=false,allowMessages=false,allowCallsFrom=contacts,allowMessagesFrom=contacts,allowReminders=true,allowEvents=true,allowWhenScreenOff=true,allowWhenScreenOn=true,automaticRules={370bd6672ef541ba946db9ac4aef0faf=ZenRule[enabled=false,snoozing=false,name=Weeknight,zenMode=ZEN_MODE_ALARMS,conditionId=condition://android/schedule?days=1.2.3.4.5&start=22.0&end=7.0&exitAtAlarm=false,condition=Condition[id=condition://android/schedule?days=1.2.3.4.5&start=22.0&end=7.0&exitAtAlarm=false,summary=...,line1=...,line2=...,icon=0,state=STATE_TRUE,flags=2],component=ComponentInfo{android/com.android.server.notification.ScheduleConditionProvider},id=370bd6672ef541ba946db9ac4aef0faf,creationTime=1590622727817,enabler=null], a53ffdf89c814123a52adbdd46bc948d=ZenRule[enabled=false,snoozing=false,name=Weekend,zenMode=ZEN_MODE_ALARMS,conditionId=condition://android/schedule?days=6.7&start=23.30&end=10.0&exitAtAlarm=false,condition=Condition[id=condition://android/schedule?days=6.7&start=23.30&end=10.0&exitAtAlarm=false,summary=...,line1=...,line2=...,icon=0,state=STATE_FALSE,flags=2],component=ComponentInfo{android/com.android.server.notification.ScheduleConditionProvider},id=a53ffdf89c814123a52adbdd46bc948d,creationTime=1590622727818,enabler=null], fc8bb1aacabb4877a1d1d167106f6e77=ZenRule[enabled=false,snoozing=false,name=Event,zenMode=ZEN_MODE_ALARMS,conditionId=condition://android/event?userId=-10000&calendar=&reply=1,condition=Condition[id=condition://android/event?userId=-10000&calendar=&reply=1,summary=...,line1=...,line2=...,icon=0,state=STATE_FALSE,flags=2],component=ComponentInfo{android/com.android.server.notification.EventConditionProvider},id=fc8bb1aacabb4877a1d1d167106f6e77,creationTime=1590622727822,enabler=null]},manualRule=null],Diff[]
06-07 04:47:24.365 D/ZenLog  ( 1917): set_zen_mode: off,onSystemReady
06-07 04:47:24.399 W/ProcessCpuTracker( 1917): Skipping unknown process pid 2177
06-07 04:47:24.416 D/PermissionCache( 1324): checking android.permission.CAPTURE_AUDIO_HOTWORD for uid=1000 => granted (963 us)
06-07 04:47:24.418 W/SoundTriggerHelper( 1917): listModules status=0, # of modules=0
06-07 04:47:24.418 D/ContextHubSystemService( 1917): onBootPhase: PHASE_SYSTEM_SERVICES_READY
06-07 04:47:24.804 V/UserManagerService( 1917): Found /data/user_de/0 with serial number 0
06-07 04:47:24.804 V/UserManagerService( 1917): Found /data/user/0 with serial number 0
06-07 04:47:24.827 W/KeyguardServiceDelegate( 1917): onScreenTurningOn(): no keyguard service!
06-07 04:47:24.851 V/UserManagerService( 1917): Found /data/system_de/0 with serial number 0
06-07 04:47:24.852 V/UserManagerService( 1917): Found /data/system_ce/0 with serial number 0
06-07 04:47:25.184 I/ActivityManager( 1917): System now ready
06-07 04:47:25.226 I/SystemServer( 1917): Making services ready
06-07 04:47:25.226 I/SystemServiceManager( 1917): Starting phase 550
06-07 04:47:25.786 E/InputMethodManagerService( 1917): Ignoring updateSystemUiLocked due to an invalid token. uid:1000 token:null
06-07 04:47:25.831 W/WindowManager( 1917): Keyguard drawn timeout. Setting mKeyguardDrawComplete
06-07 04:47:26.618 I/Zygote  ( 1917): Process: zygote socket opened, supported ABIS: x86_64
06-07 04:47:26.721 W/ActivityManager( 1917): Slow operation: 141ms so far, now at startProcess: returned from zygote!
06-07 04:47:26.722 W/ActivityManager( 1917): Slow operation: 142ms so far, now at startProcess: done updating battery stats
06-07 04:47:26.723 W/ActivityManager( 1917): Slow operation: 143ms so far, now at startProcess: building log message
06-07 04:47:26.723 I/ActivityManager( 1917): Start proc 2186:com.android.inputmethod.latin/u0a41 for service com.android.inputmethod.latin/.LatinIME
06-07 04:47:26.724 W/ActivityManager( 1917): Slow operation: 144ms so far, now at startProcess: starting to update pids map
06-07 04:47:26.724 W/ActivityManager( 1917): Slow operation: 144ms so far, now at startProcess: done updating pids map
06-07 04:47:26.724 W/ActivityManager( 1917): Slow operation: 156ms so far, now at startProcess: done starting proc!
06-07 04:47:26.741 V/InputMethodManagerService( 1917): Adding window token: android.os.Binder@58212cb
06-07 04:47:26.743 D/MountService( 1917): Thinking about init, mSystemReady=true, mDaemonConnected=true
06-07 04:47:26.743 D/MountService( 1917): Setting up emulation state, initlocked=false
06-07 04:47:26.744 D/CryptdConnector( 1917): SND -> {2 cryptfs unlock_user_key 0 0 ! !}
06-07 04:47:26.747 D/vold    ( 1275): e4crypt_unlock_user_key 0 serial=0 token_present=0
06-07 04:47:26.749 D/CryptdConnector( 1917): RCV <- {200 2 Command succeeded}
06-07 04:47:26.767 E/BitmapFactory( 1917): Unable to decode stream: java.io.FileNotFoundException: /data/system/users/0/wallpaper_orig (No such file or directory)
06-07 04:47:26.767 E/WallpaperManagerService( 1917): Invalid wallpaper data
06-07 04:47:26.767 E/WallpaperManagerService( 1917): Unable to apply new wallpaper
06-07 04:47:26.782 D/MountService( 1917): Thinking about reset, mSystemReady=true, mDaemonConnected=true
06-07 04:47:26.785 I/ActivityManager( 1917): Force stopping com.android.providers.media appid=10010 user=-1: vold reset
06-07 04:47:26.788 D/VoldConnector( 1917): SND -> {4 volume reset}
06-07 04:47:26.793 D/vold    ( 1275): Recognized experimental block major ID 253 as virtio-blk (emulator's virtual SD card device)
06-07 04:47:26.794 V/vold    ( 1275): /system/bin/sgdisk
06-07 04:47:26.794 V/vold    ( 1275):     --android-dump
06-07 04:47:26.794 V/vold    ( 1275):     /dev/block/vold/disk:253,48
06-07 04:47:26.797 D/VoldConnector( 1917): RCV <- {651 emulated 7}
06-07 04:47:26.798 D/VoldConnector( 1917): RCV <- {659 emulated}
06-07 04:47:26.799 D/VoldConnector( 1917): RCV <- {650 emulated 2 "" ""}
06-07 04:47:26.842 D/VoldConnector( 1917): RCV <- {651 emulated 0}
06-07 04:47:26.843 D/VoldConnector( 1917): RCV <- {651 public:253,48 7}
06-07 04:47:26.844 D/VoldConnector( 1917): RCV <- {659 public:253,48}
06-07 04:47:26.845 D/VoldConnector( 1917): RCV <- {649 disk:253,48}
06-07 04:47:26.846 D/VoldConnector( 1917): RCV <- {640 disk:253,48 5}
06-07 04:47:26.847 D/VoldConnector( 1917): RCV <- {641 disk:253,48 549453824}
06-07 04:47:26.848 D/VoldConnector( 1917): RCV <- {642 disk:253,48 Virtual}
06-07 04:47:26.849 D/VoldConnector( 1917): RCV <- {644 disk:253,48 /sys//devices/pci0000:00/0000:00:06.0/virtio3/block/vdd}
06-07 04:47:26.857 V/MountService( 1917): Found primary storage at VolumeInfo{emulated}:
06-07 04:47:26.857 V/MountService( 1917):     type=EMULATED diskId=null partGuid=null mountFlags=0 mountUserId=-1 
06-07 04:47:26.857 V/MountService( 1917):     state=UNMOUNTED 
06-07 04:47:26.857 V/MountService( 1917):     fsType=null fsUuid=null fsLabel=null 
06-07 04:47:26.857 V/MountService( 1917):     path=null internalPath=null 
06-07 04:47:27.023 W/art     ( 2186): Unexpected CPU variant for X86 using defaults: x86_64
06-07 04:47:27.077 W/ActivityManager( 1917): Slow operation: 181ms so far, now at startProcess: returned from zygote!
06-07 04:47:27.077 W/ActivityManager( 1917): Slow operation: 181ms so far, now at startProcess: done updating battery stats
06-07 04:47:27.078 W/ActivityManager( 1917): Slow operation: 182ms so far, now at startProcess: building log message
06-07 04:47:27.078 I/ActivityManager( 1917): Start proc 2192:com.android.systemui/u0a21 for service com.android.systemui/.ImageWallpaper
06-07 04:47:27.078 W/ActivityManager( 1917): Slow operation: 182ms so far, now at startProcess: starting to update pids map
06-07 04:47:27.078 W/ActivityManager( 1917): Slow operation: 182ms so far, now at startProcess: done updating pids map
06-07 04:47:27.078 W/ActivityManager( 1917): Slow operation: 183ms so far, now at startProcess: done starting proc!
06-07 04:47:27.081 W/art     ( 1917): Long monitor contention with owner main (1917) at int com.android.server.am.ActivityManagerService.bindService(android.app.IApplicationThread, android.os.IBinder, android.content.Intent, java.lang.String, android.app.IServiceConnection, int, java.lang.String, int)(ActivityManagerService.java:17301) waiters=0 in void com.android.server.am.ActivityManagerService.dispatchUidsChanged() for 183ms
06-07 04:47:27.123 D/UsbAlsaManager( 1917): Adding ALSA device AlsaDevice: [card: 0, device: 0, type: 1]
06-07 04:47:27.124 D/UsbAlsaManager( 1917): Adding ALSA device AlsaDevice: [card: 0, device: 0, type: 2]
06-07 04:47:27.126 I/SystemServer( 1917): WebViewFactory preparation
06-07 04:47:27.180 E/BluetoothAdapter( 1917): Bluetooth binder is null
06-07 04:47:27.245 E/BluetoothAdapter( 1917): Bluetooth binder is null
06-07 04:47:27.264 I/AudioFlinger( 1324): systemReady
06-07 04:47:27.333 W/art     ( 2192): Unexpected CPU variant for X86 using defaults: x86_64
06-07 04:47:27.354 D/WebViewFactory( 1917): Setting new address space to 114394000
06-07 04:47:27.542 E/WVMExtractor( 1917): Failed to open libwvm.so: dlopen failed: library "libwvm.so" not found
06-07 04:47:27.831 I/Zygote  ( 1917): Process: zygote socket opened, supported ABIS: x86
06-07 04:47:28.086 I/art     ( 1323): Starting a blocking GC Background
06-07 04:47:28.124 I/MediaPlayerService( 1332): MediaPlayerService::getOMX
06-07 04:47:28.309 I/OMXClient( 1332): MuxOMX ctor
06-07 04:47:28.568 V/vold    ( 1275): DISK mbr
06-07 04:47:28.569 V/vold    ( 1275): 
06-07 04:47:28.769 W/vold    ( 1275): disk:253,48 has unknown partition table; trying entire device
06-07 04:47:28.831 V/vold    ( 1275): /system/bin/blkid
06-07 04:47:28.831 V/vold    ( 1275):     -c
06-07 04:47:28.831 V/vold    ( 1275):     /dev/null
06-07 04:47:28.831 V/vold    ( 1275):     -s
06-07 04:47:28.831 V/vold    ( 1275):     TYPE
06-07 04:47:28.832 V/vold    ( 1275):     -s
06-07 04:47:28.832 V/vold    ( 1275):     UUID
06-07 04:47:28.832 V/vold    ( 1275):     -s
06-07 04:47:28.832 V/vold    ( 1275):     LABEL
06-07 04:47:28.832 V/vold    ( 1275):     /dev/block/vold/disk:253,48
06-07 04:47:28.873 I/art     ( 1323): Background concurrent mark sweep GC freed 160(18KB) AllocSpace objects, 0(0B) LOS objects, 39% free, 6MB/10MB, paused 30.781ms total 691.275ms
06-07 04:47:29.092 I/MediaPlayerService( 1332): MediaPlayerService::getOMX
06-07 04:47:29.121 I/OMXClient( 1332): MuxOMX ctor
06-07 04:47:29.214 I/OMXMaster( 1329): makeComponentInstance(OMX.google.mp3.decoder) in mediacodec process
06-07 04:47:30.114 W/ActivityManager( 1917): Slow operation: 2724ms so far, now at startProcess: returned from zygote!
06-07 04:47:30.116 W/ActivityManager( 1917): Slow operation: 2729ms so far, now at startProcess: done updating battery stats
06-07 04:47:30.174 W/ActivityManager( 1917): Slow operation: 2786ms so far, now at startProcess: building log message
06-07 04:47:30.175 I/ActivityManager( 1917): Start proc 2227:WebViewLoader-x86/1037 [android.webkit.WebViewFactory$RelroFileCreator] for 
06-07 04:47:30.175 W/ActivityManager( 1917): Slow operation: 2788ms so far, now at startProcess: starting to update pids map
06-07 04:47:30.176 W/ActivityManager( 1917): Slow operation: 2789ms so far, now at startProcess: done updating pids map
06-07 04:47:30.177 W/ActivityManager( 1917): Slow operation: 2791ms so far, now at startProcess: done starting proc!
06-07 04:47:30.232 W/art     ( 1917): Long monitor contention with owner main (1917) at int com.android.server.am.ActivityManagerService.startIsolatedProcess(java.lang.String, java.lang.String[], java.lang.String, java.lang.String, int, java.lang.Runnable)(ActivityManagerService.java:3509) waiters=0 in void com.android.server.am.ActivityManagerService.attachApplication(android.app.IApplicationThread) for 2.424s
06-07 04:47:30.284 W/art     ( 2227): Unexpected CPU variant for X86 using defaults: x86
06-07 04:47:30.342 V/vold    ( 1275): /dev/block/vold/disk:253,48: LABEL="SDCARD" UUID="1EFF-1C1B" TYPE="vfat" 
06-07 04:47:30.342 V/vold    ( 1275): 
06-07 04:47:30.458 D/VoldConnector( 1917): RCV <- {650 public:253,48 0 "disk:253,48" ""}
06-07 04:47:30.544 W/ProcessCpuTracker( 1917): Skipping unknown process pid 2225
06-07 04:47:30.688 D/VoldConnector( 1917): RCV <- {651 public:253,48 0}
06-07 04:47:30.695 W/ActivityManager( 1917): Slow operation: 493ms so far, now at startProcess: returned from zygote!
06-07 04:47:30.695 W/ActivityManager( 1917): Slow operation: 493ms so far, now at startProcess: done updating battery stats
06-07 04:47:30.696 W/ActivityManager( 1917): Slow operation: 494ms so far, now at startProcess: building log message
06-07 04:47:30.696 I/ActivityManager( 1917): Start proc 2241:WebViewLoader-x86_64/1037 [android.webkit.WebViewFactory$RelroFileCreator] for 
06-07 04:47:30.696 W/ActivityManager( 1917): Slow operation: 494ms so far, now at startProcess: starting to update pids map
06-07 04:47:30.696 W/ActivityManager( 1917): Slow operation: 494ms so far, now at startProcess: done updating pids map
06-07 04:47:30.696 W/ActivityManager( 1917): Slow operation: 518ms so far, now at startProcess: done starting proc!
06-07 04:47:30.710 W/art     ( 1917): Long monitor contention with owner main (1917) at int com.android.server.am.ActivityManagerService.startIsolatedProcess(java.lang.String, java.lang.String[], java.lang.String, java.lang.String, int, java.lang.Runnable)(ActivityManagerService.java:3509) waiters=1 in void com.android.server.am.ActivityManagerService.attachApplication(android.app.IApplicationThread) for 2.727s
06-07 04:47:30.730 D/VoldConnector( 1917): RCV <- {643 disk:253,48}
06-07 04:47:30.732 D/VoldConnector( 1917): RCV <- {200 4 Command succeeded}
06-07 04:47:30.751 E/VoldConnector( 1917): NDC Command {4 volume reset} took too long (3963ms)
06-07 04:47:30.754 D/VoldConnector( 1917): SND -> {5 volume user_added 0 0}
06-07 04:47:30.761 W/art     ( 1917): Long monitor contention with owner main (1917) at int com.android.server.am.ActivityManagerService.startIsolatedProcess(java.lang.String, java.lang.String[], java.lang.String, java.lang.String, int, java.lang.Runnable)(ActivityManagerService.java:3509) waiters=2 in void com.android.server.am.ActivityManagerService$MainHandler.handleMessage(android.os.Message) for 1.188s
06-07 04:47:30.770 W/art     ( 1917): Long monitor contention with owner main (1917) at int com.android.server.am.ActivityManagerService.startIsolatedProcess(java.lang.String, java.lang.String[], java.lang.String, java.lang.String, int, java.lang.Runnable)(ActivityManagerService.java:3509) waiters=2 in void com.android.server.am.ActivityManagerService.attachApplication(android.app.IApplicationThread) for 537ms
06-07 04:47:30.774 D/VoldConnector( 1917): RCV <- {200 5 Command succeeded}
06-07 04:47:30.786 D/NetworkManagement( 1917): enabling bandwidth control
06-07 04:47:30.902 W/art     ( 2241): Unexpected CPU variant for X86 using defaults: x86_64
06-07 04:47:31.160 W/art     ( 1917): Long monitor contention with owner Binder:1917_1 (1936) at void com.android.server.am.ActivityManagerService.attachApplication(android.app.IApplicationThread)(ActivityManagerService.java:6669) waiters=0 in void com.android.server.am.ActivityManagerService.attachApplication(android.app.IApplicationThread) for 390ms
06-07 04:47:31.297 W/art     ( 1917): Long monitor contention with owner Binder:1917_1 (1936) at void com.android.server.am.ActivityManagerService.attachApplication(android.app.IApplicationThread)(ActivityManagerService.java:6669) waiters=1 in int com.android.server.am.ActivityManagerService.getAppStartMode(int, java.lang.String) for 414ms
06-07 04:47:31.350 D/VoldConnector( 1917): SND -> {6 volume mount emulated 3 -1}
06-07 04:47:31.358 V/vold    ( 1275): Waiting for FUSE to spin up...
06-07 04:47:31.359 D/VoldConnector( 1917): RCV <- {651 emulated 1}
06-07 04:47:31.389 V/WebViewFactory( 2241): RelroFileCreator (64bit = true),  32-bit lib: /system/app/webview/webview.apk!/lib/x86/libwebviewchromium.so, 64-bit lib: /system/app/webview/webview.apk!/lib/x86_64/libwebviewchromium.so
06-07 04:47:31.410 V/vold    ( 1275): Waiting for FUSE to spin up...
06-07 04:47:31.423 I/MediaPlayerService( 1332): MediaPlayerService::getOMX
06-07 04:47:31.425 I/OMXClient( 1332): MuxOMX ctor
06-07 04:47:31.426 I/OMXMaster( 1329): makeComponentInstance(OMX.google.amrnb.decoder) in mediacodec process
06-07 04:47:31.433 D/VoldConnector( 1917): RCV <- {656 emulated /data/media}
06-07 04:47:31.435 D/VoldConnector( 1917): RCV <- {655 emulated /storage/emulated}
06-07 04:47:31.466 V/vold    ( 1275): Waiting for FUSE to spin up...
06-07 04:47:31.493 V/WebViewFactory( 2227): RelroFileCreator (64bit = false),  32-bit lib: /system/app/webview/webview.apk!/lib/x86/libwebviewchromium.so, 64-bit lib: /system/app/webview/webview.apk!/lib/x86_64/libwebviewchromium.so
06-07 04:47:31.530 V/vold    ( 1275): Waiting for FUSE to spin up...
06-07 04:47:31.630 V/vold    ( 1275): Waiting for FUSE to spin up...
06-07 04:47:31.690 V/vold    ( 1275): Waiting for FUSE to spin up...
06-07 04:47:31.701 I/MediaPlayerService( 1332): MediaPlayerService::getOMX
06-07 04:47:31.703 I/OMXClient( 1332): MuxOMX ctor
06-07 04:47:31.704 I/OMXMaster( 1329): makeComponentInstance(OMX.google.amrwb.decoder) in mediacodec process
06-07 04:47:31.750 V/vold    ( 1275): Waiting for FUSE to spin up...
06-07 04:47:31.826 W/System  ( 2192): ClassLoader referenced unknown path: /system/priv-app/SystemUI/lib/x86_64
06-07 04:47:31.869 V/vold    ( 1275): Waiting for FUSE to spin up...
06-07 04:47:31.885 I/MediaPlayerService( 1332): MediaPlayerService::getOMX
06-07 04:47:31.887 I/OMXClient( 1332): MuxOMX ctor
06-07 04:47:31.888 I/OMXMaster( 1329): makeComponentInstance(OMX.google.aac.decoder) in mediacodec process
06-07 04:47:31.921 V/vold    ( 1275): Waiting for FUSE to spin up...
06-07 04:47:31.990 V/vold    ( 1275): Waiting for FUSE to spin up...
06-07 04:47:32.050 V/vold    ( 1275): Waiting for FUSE to spin up...
06-07 04:47:32.110 V/vold    ( 1275): Waiting for FUSE to spin up...
06-07 04:47:32.170 V/vold    ( 1275): Waiting for FUSE to spin up...
06-07 04:47:32.217 I/MediaPlayerService( 1332): MediaPlayerService::getOMX
06-07 04:47:32.219 I/OMXClient( 1332): MuxOMX ctor
06-07 04:47:32.220 I/OMXMaster( 1329): makeComponentInstance(OMX.google.g711.alaw.decoder) in mediacodec process
06-07 04:47:32.223 V/vold    ( 1275): Waiting for FUSE to spin up...
06-07 04:47:32.275 V/vold    ( 1275): Waiting for FUSE to spin up...
06-07 04:47:32.326 V/vold    ( 1275): Waiting for FUSE to spin up...
06-07 04:47:32.381 V/vold    ( 1275): Waiting for FUSE to spin up...
06-07 04:47:32.440 V/vold    ( 1275): Waiting for FUSE to spin up...
06-07 04:47:32.511 V/vold    ( 1275): Waiting for FUSE to spin up...
06-07 04:47:32.557 W/sdcard  ( 2262): Device explicitly disabled sdcardfs
06-07 04:47:32.570 V/vold    ( 1275): Waiting for FUSE to spin up...
06-07 04:47:32.621 V/vold    ( 1275): Waiting for FUSE to spin up...
06-07 04:47:32.680 V/vold    ( 1275): Waiting for FUSE to spin up...
06-07 04:47:32.732 V/vold    ( 1275): Waiting for FUSE to spin up...
06-07 04:47:32.807 D/VoldConnector( 1917): RCV <- {651 emulated 2}
06-07 04:47:32.809 D/VoldConnector( 1917): RCV <- {200 6 Command succeeded}
06-07 04:47:32.825 E/VoldConnector( 1917): NDC Command {6 volume mount emulated 3 -1} took too long (1474ms)
06-07 04:47:32.827 D/VoldConnector( 1917): SND -> {7 volume mount public:253,48 2 0}
06-07 04:47:32.829 V/vold    ( 1275): /system/bin/blkid
06-07 04:47:32.829 V/vold    ( 1275):     -c
06-07 04:47:32.829 V/vold    ( 1275):     /dev/null
06-07 04:47:32.829 V/vold    ( 1275):     -s
06-07 04:47:32.829 V/vold    ( 1275):     TYPE
06-07 04:47:32.829 V/vold    ( 1275):     -s
06-07 04:47:32.829 V/vold    ( 1275):     UUID
06-07 04:47:32.829 V/vold    ( 1275):     -s
06-07 04:47:32.829 V/vold    ( 1275):     LABEL
06-07 04:47:32.829 V/vold    ( 1275):     /dev/block/vold/public:253,48
06-07 04:47:32.850 D/VoldConnector( 1917): RCV <- {651 public:253,48 1}
06-07 04:47:33.389 I/MediaPlayerService( 1332): MediaPlayerService::getOMX
