06-06 14:56:02.113 W//system/bin/mediaextractor( 1333): libminijail: allowing syscall: fcntl64
06-06 14:56:02.114 W//system/bin/mediaextractor( 1333): libminijail: allowing syscall: clock_gettime
06-06 14:56:02.144 W//system/bin/mediaextractor( 1333): libminijail: logging seccomp filter failures
06-06 14:56:02.223 D/audio_hw_generic( 1325): Emulator host-side ALSA audio emulation detected.
06-06 14:56:02.226 D/audio_hw_generic( 1325): mixer 0 name Master Playback Volume
06-06 14:56:02.226 D/audio_hw_generic( 1325): set ctl 0 to 100
06-06 14:56:02.228 D/audio_hw_generic( 1325): set ctl 1 to 100
06-06 14:56:02.228 D/audio_hw_generic( 1325): mixer 1 name Master Playback Switch
06-06 14:56:02.228 D/audio_hw_generic( 1325): set ctl 0 to 1
06-06 14:56:02.228 D/audio_hw_generic( 1325): set ctl 1 to 1
06-06 14:56:02.228 D/audio_hw_generic( 1325): mixer 2 name Capture Volume
06-06 14:56:02.228 D/audio_hw_generic( 1325): set ctl 0 to 100
06-06 14:56:02.229 D/audio_hw_generic( 1325): set ctl 1 to 100
06-06 14:56:02.229 D/audio_hw_generic( 1325): mixer 3 name Capture Switch
06-06 14:56:02.229 D/audio_hw_generic( 1325): set ctl 0 to 1
06-06 14:56:02.229 D/audio_hw_generic( 1325): set ctl 1 to 1
06-06 14:56:02.229 D/audio_hw_generic( 1325): mixer 4 name Line Phantom Jack
06-06 14:56:02.229 D/audio_hw_generic( 1325): mixer 5 name Line Out Phantom Jack
06-06 14:56:02.229 D/audio_hw_generic( 1325): mixer 6 name Playback Channel Map
06-06 14:56:02.229 D/audio_hw_generic( 1325): mixer 7 name Capture Channel Map
06-06 14:56:02.258 I/mediaserver( 1331): ServiceManager: 0xef6bc0a0
06-06 14:56:02.360 I/AudioFlinger( 1325): loadHwModule() Loaded primary audio interface from Generic audio HW HAL (audio) handle 10
06-06 14:56:02.362 I/AudioFlinger( 1325): openOutput(), module 10 Device 2, SamplingRate 48000, Format 0x000001, Channels 3, flags 2
06-06 14:56:02.379 I/AudioFlinger( 1325): HAL output buffer size 720 frames, normal sink buffer size 1152 frames
06-06 14:56:02.667 I/BufferProvider( 1325): found effect "Multichannel Downmix To Stereo" from The Android Open Source Project
06-06 14:56:02.755 I/AudioFlinger( 1325): Using module 10 has the primary audio interface
06-06 14:56:02.759 I/AudioFlinger( 1325): AudioFlinger's thread 0xf1483cc0 ready to run
06-06 14:56:02.771 W/BatteryNotifier( 1325): batterystats service unavailable!
06-06 14:56:02.773 W/BatteryNotifier( 1325): batterystats service unavailable!
06-06 14:56:02.834 W/BatteryNotifier( 1325): batterystats service unavailable!
06-06 14:56:02.837 W/AudioFlinger( 1325): no wake lock to update, system not ready yet
06-06 14:56:02.930 I/AudioFlinger( 1325): AudioFlinger's thread 0xf0f83440 ready to run
06-06 14:56:02.931 W/BatteryNotifier( 1325): batterystats service unavailable!
06-06 14:56:02.932 W/BatteryNotifier( 1325): batterystats service unavailable!
06-06 14:56:02.934 W/BatteryNotifier( 1325): batterystats service unavailable!
06-06 14:56:02.934 W/BatteryNotifier( 1325): batterystats service unavailable!
06-06 14:56:03.075 I/r_submix( 1325): adev_open(name=audio_hw_if)
06-06 14:56:03.076 I/r_submix( 1325): adev_init_check()
06-06 14:56:03.076 I/AudioFlinger( 1325): loadHwModule() Loaded r_submix audio interface from Wifi Display audio HAL (audio) handle 18
06-06 14:56:03.076 D/r_submix( 1325): adev_open_input_stream(addr=0)
06-06 14:56:03.077 D/r_submix( 1325): submix_audio_device_create_pipe_l(addr=0, idx=9)
06-06 14:56:03.077 D/r_submix( 1325):   now using address 0 for route 9
06-06 14:56:03.111 I/AudioFlinger( 1325): AudioFlinger's thread 0xf1083980 ready to run
06-06 14:56:03.112 D/r_submix( 1325): adev_close_input_stream()
06-06 14:56:03.112 D/r_submix( 1325): submix_audio_device_release_pipe_l(idx=9) addr=0
06-06 14:56:03.112 D/r_submix( 1325): submix_audio_device_destroy_pipe_l(): pipe destroyed
06-06 14:56:03.151 I/RadioService( 1325): RadioService
06-06 14:56:03.151 I/RadioService( 1325): onFirstRef
06-06 14:56:03.152 E/RadioService( 1325): couldn't load radio module radio.primary (No such file or directory)
06-06 14:56:03.173 E/SoundTriggerHwService( 1325): couldn't load sound trigger module sound_trigger.primary (No such file or directory)
06-06 14:56:03.188 I/cameraserver( 1326): ServiceManager: 0xf443c020
06-06 14:56:03.254 I/CameraService( 1326): CameraService started (pid=1326)
06-06 14:56:03.254 I/CameraService( 1326): CameraService process starting
06-06 14:56:03.300 W/BatteryNotifier( 1326): batterystats service unavailable!
06-06 14:56:03.320 W/BatteryNotifier( 1326): batterystats service unavailable!
06-06 14:56:03.553 D/EmulatedCamera_QemuClient( 1326): Emulated camera list: 
06-06 14:56:03.555 D/EmulatedCamera_FakeCamera( 1326): Initialize: Fake camera is facing back
06-06 14:56:03.583 V/EmulatedCamera_Device( 1326): initializeWhiteBalanceModes with auto, 1.000000, 1.000000
06-06 14:56:03.583 V/EmulatedCamera_Device( 1326): initializeWhiteBalanceModes with incandescent, 1.380000, 0.600000
06-06 14:56:03.583 V/EmulatedCamera_Device( 1326): initializeWhiteBalanceModes with daylight, 1.090000, 0.920000
06-06 14:56:03.584 V/EmulatedCamera_Device( 1326): initializeWhiteBalanceModes with twilight, 0.920000, 1.220000
06-06 14:56:03.584 V/EmulatedCamera_Device( 1326): setWhiteBalanceMode with white balance auto
06-06 14:56:03.584 E/EmulatedCamera_Factory( 1326): 1 cameras are being emulated. 0 of them are fake cameras.
06-06 14:56:03.585 E/EmulatedCamera_HotplugThread( 1326): createFileIfNotExists: Could not create file '/data/misc/media/emulator.camera.hotplug.0', error: 'Permission denied' (13)
06-06 14:56:03.773 I/CameraService( 1326): Loaded "Emulated Camera Module" camera module
06-06 14:56:03.773 E/CameraService( 1326): setUpVendorTags: Vendor tag operations not fully defined. Ignoring definitions.
06-06 14:56:03.774 V/EmulatedCamera_Camera( 1326): getCameraInfo
06-06 14:56:03.774 V/EmulatedCamera_BaseCamera( 1326): getCameraInfo
06-06 14:56:03.811 I/CameraFlashlight( 1326): Opening camera 0
06-06 14:56:03.811 V/EmulatedCamera_Camera( 1326): getCameraInfo
06-06 14:56:03.811 V/EmulatedCamera_BaseCamera( 1326): getCameraInfo
06-06 14:56:03.811 V/EmulatedCamera_Camera( 1326): connectCamera
06-06 14:56:03.811 V/EmulatedCamera_FakeDevice( 1326): connectDevice
06-06 14:56:03.812 V/EmulatedCamera_CallbackNotifier( 1326): setCallbacks: 0xf45a7e80, 0xf45a7ed0, 0xf45a7ff0, 0xf45a8110 (0xf4443140)
06-06 14:56:03.874 V/EmulatedCamera_Preview( 1326): setPreviewWindow: current: 0x0 -> new: 0xf4443150
06-06 14:56:03.875 V/EmulatedCamera_Preview( 1326): setPreviewWindow: current: 0xf4443150 -> new: 0x0
06-06 14:56:03.875 V/EmulatedCamera_Camera( 1326): doStopPreview
06-06 14:56:03.876 V/EmulatedCamera_Preview( 1326): setPreviewWindow: current: 0x0 -> new: 0x0
06-06 14:56:03.876 V/EmulatedCamera_Camera( 1326): releaseCamera
06-06 14:56:03.877 V/EmulatedCamera_Camera( 1326): doStopPreview
06-06 14:56:03.877 V/EmulatedCamera_FakeDevice( 1326): disconnectDevice
06-06 14:56:03.877 W/EmulatedCamera_Device( 1326): Initialize: Emulated camera device is already initialized: mState = 1
06-06 14:56:03.877 D/EmulatedCamera_FakeCamera( 1326): Initialize: Fake camera is facing back
06-06 14:56:03.878 V/EmulatedCamera_Device( 1326): initializeWhiteBalanceModes with auto, 1.000000, 1.000000
06-06 14:56:03.878 V/EmulatedCamera_Device( 1326): initializeWhiteBalanceModes with incandescent, 1.380000, 0.600000
06-06 14:56:03.878 V/EmulatedCamera_Device( 1326): initializeWhiteBalanceModes with daylight, 1.090000, 0.920000
06-06 14:56:03.878 V/EmulatedCamera_Device( 1326): initializeWhiteBalanceModes with twilight, 0.920000, 1.220000
06-06 14:56:03.878 V/EmulatedCamera_Device( 1326): setWhiteBalanceMode with white balance auto
06-06 14:56:03.879 I/CameraFlashlight( 1326): Destroying camera 0
06-06 14:56:03.879 V/EmulatedCamera_Camera( 1326): closeCamera
06-06 14:56:03.879 V/EmulatedCamera_Camera( 1326): doStopPreview
06-06 14:56:03.879 W/EmulatedCamera_Device( 1326): Initialize: Emulated camera device is already initialized: mState = 1
06-06 14:56:03.879 D/EmulatedCamera_FakeCamera( 1326): Initialize: Fake camera is facing back
06-06 14:56:03.879 V/EmulatedCamera_Device( 1326): initializeWhiteBalanceModes with auto, 1.000000, 1.000000
06-06 14:56:03.880 V/EmulatedCamera_Device( 1326): initializeWhiteBalanceModes with incandescent, 1.380000, 0.600000
06-06 14:56:03.940 V/EmulatedCamera_Device( 1326): initializeWhiteBalanceModes with daylight, 1.090000, 0.920000
06-06 14:56:03.940 V/EmulatedCamera_Device( 1326): initializeWhiteBalanceModes with twilight, 0.920000, 1.220000
06-06 14:56:03.940 V/EmulatedCamera_Device( 1326): setWhiteBalanceMode with white balance auto
06-06 14:56:03.944 V/EmulatedCamera_Camera( 1326): getCameraInfo
06-06 14:56:03.944 V/EmulatedCamera_BaseCamera( 1326): getCameraInfo
06-06 14:56:03.961 I/ServiceManager( 1326): Waiting for service media.camera.proxy...
06-06 14:56:04.436 I/mediaserver( 1334): ServiceManager: 0xe70bc0a0
06-06 14:56:04.541 W/BatteryNotifier( 1334): batterystats service unavailable!
06-06 14:56:04.980 I/ServiceManager( 1326): Waiting for service media.camera.proxy...
06-06 14:56:05.870 W/BatteryNotifier( 1325): batterystats service unavailable!
06-06 14:56:05.990 I/ServiceManager( 1326): Waiting for service media.camera.proxy...
06-06 14:56:07.000 I/ServiceManager( 1326): Waiting for service media.camera.proxy...
06-06 14:56:08.011 I/ServiceManager( 1326): Waiting for service media.camera.proxy...
06-06 14:56:17.015 E/SurfaceFlinger( 1320): ro.sf.lcd_density must be defined as a build property
06-06 14:56:17.065 D/libEGL  ( 1553): Emulator without GPU support detected. Fallback to legacy software renderer, qemu.gles is set to 0.
06-06 14:56:17.121 D/libEGL  ( 1553): loaded /system/lib64/egl/libGLES_android.so
06-06 14:56:17.173 D/AndroidRuntime( 1323): >>>>>> START com.android.internal.os.ZygoteInit uid 0 <<<<<<
06-06 14:56:17.850 D/gralloc_ranchu( 1553): Emulator without host-side GPU emulation detected. Loading gralloc.default.so from /vendor/lib64/hw/gralloc.goldfish.default.so...
06-06 14:56:17.873 D/gralloc_ranchu( 1553): gralloc.default.so not found in /vendor. Trying /system/lib64/hw/gralloc.goldfish.default.so...
06-06 14:56:17.914 D/AndroidRuntime( 1323): CheckJNI is ON
06-06 14:56:18.120 I/art     ( 1323): option[0]=-Xzygote
06-06 14:56:18.121 I/art     ( 1323): option[1]=-Xcheck:jni
06-06 14:56:18.121 I/art     ( 1323): option[2]=-Xstacktracefile:/data/anr/traces.txt
06-06 14:56:18.121 I/art     ( 1323): option[3]=exit
06-06 14:56:18.121 I/art     ( 1323): option[4]=vfprintf
06-06 14:56:18.121 I/art     ( 1323): option[5]=sensitiveThread
06-06 14:56:18.121 I/art     ( 1323): option[6]=-verbose:gc
06-06 14:56:18.121 I/art     ( 1323): option[7]=-Xms4m
06-06 14:56:18.121 I/art     ( 1323): option[8]=-Xmx256m
06-06 14:56:18.121 I/art     ( 1323): option[9]=-Xusejit:true
06-06 14:56:18.122 I/art     ( 1323): option[10]=-Xjitsaveprofilinginfo
06-06 14:56:18.122 I/art     ( 1323): option[11]=-agentlib:jdwp=transport=dt_android_adb,suspend=n,server=y
06-06 14:56:18.122 I/art     ( 1323): option[12]=-Xlockprofthreshold:500
06-06 14:56:18.122 I/art     ( 1323): option[13]=-Ximage-compiler-option
06-06 14:56:18.122 I/art     ( 1323): option[14]=--runtime-arg
06-06 14:56:18.122 I/art     ( 1323): option[15]=-Ximage-compiler-option
06-06 14:56:18.122 I/art     ( 1323): option[16]=-Xms64m
06-06 14:56:18.122 I/art     ( 1323): option[17]=-Ximage-compiler-option
06-06 14:56:18.122 I/art     ( 1323): option[18]=--runtime-arg
06-06 14:56:18.122 I/art     ( 1323): option[19]=-Ximage-compiler-option
06-06 14:56:18.122 I/art     ( 1323): option[20]=-Xmx64m
06-06 14:56:18.122 I/art     ( 1323): option[21]=-Ximage-compiler-option
06-06 14:56:18.122 I/art     ( 1323): option[22]=--image-classes=/system/etc/preloaded-classes
06-06 14:56:18.122 I/art     ( 1323): option[23]=-Ximage-compiler-option
06-06 14:56:18.122 I/art     ( 1323): option[24]=--compiled-classes=/system/etc/compiled-classes
06-06 14:56:18.122 I/art     ( 1323): option[25]=-Xcompiler-option
06-06 14:56:18.123 I/art     ( 1323): option[26]=--runtime-arg
06-06 14:56:18.123 I/art     ( 1323): option[27]=-Xcompiler-option
06-06 14:56:18.123 I/art     ( 1323): option[28]=-Xms64m
06-06 14:56:18.123 I/art     ( 1323): option[29]=-Xcompiler-option
06-06 14:56:18.123 I/art     ( 1323): option[30]=--runtime-arg
06-06 14:56:18.123 I/art     ( 1323): option[31]=-Xcompiler-option
06-06 14:56:18.123 I/art     ( 1323): option[32]=-Xmx512m
06-06 14:56:18.123 I/art     ( 1323): option[33]=-Ximage-compiler-option
06-06 14:56:18.123 I/art     ( 1323): option[34]=--instruction-set-variant=x86_64
06-06 14:56:18.123 I/art     ( 1323): option[35]=-Xcompiler-option
06-06 14:56:18.123 I/art     ( 1323): option[36]=--instruction-set-variant=x86_64
06-06 14:56:18.123 I/art     ( 1323): option[37]=-Ximage-compiler-option
06-06 14:56:18.124 I/art     ( 1323): option[38]=--instruction-set-features=default
06-06 14:56:18.124 I/art     ( 1323): option[39]=-Xcompiler-option
06-06 14:56:18.124 I/art     ( 1323): option[40]=--instruction-set-features=default
06-06 14:56:18.124 I/art     ( 1323): option[41]=-Duser.locale=en-US
06-06 14:56:18.124 I/art     ( 1323): option[42]=--cpu-abilist=x86_64
06-06 14:56:18.124 I/art     ( 1323): option[43]=-Xfingerprint:Android/sdk_phone_x86_64/generic_x86_64:7.1.1/NYC/4931657:userdebug/test-keys
06-06 14:56:18.135 D/AndroidRuntime( 1324): >>>>>> START com.android.internal.os.ZygoteInit uid 0 <<<<<<
06-06 14:56:19.473 D/AndroidRuntime( 1324): CheckJNI is ON
06-06 14:56:19.577 E/hostapd ( 1677): Configuration file: /system/etc/simulated_hostapd.conf
06-06 14:56:19.783 E/ipv6proxy( 1664): Failed to forward Router Advertisement from eth0 to wlan1: Network is unreachable
06-06 14:56:19.786 E/ipv6proxy( 1664): Failed to forward Router Advertisement from eth0 to radio0-peer: Cannot assign requested address
06-06 14:56:19.850 I/art     ( 1324): option[0]=-Xzygote
06-06 14:56:19.851 I/art     ( 1324): option[1]=-Xcheck:jni
06-06 14:56:19.851 I/art     ( 1324): option[2]=-Xstacktracefile:/data/anr/traces.txt
06-06 14:56:19.851 I/art     ( 1324): option[3]=exit
06-06 14:56:19.851 I/art     ( 1324): option[4]=vfprintf
06-06 14:56:19.851 I/art     ( 1324): option[5]=sensitiveThread
06-06 14:56:19.852 I/art     ( 1324): option[6]=-verbose:gc
06-06 14:56:19.852 I/art     ( 1324): option[7]=-Xms4m
06-06 14:56:19.852 I/art     ( 1324): option[8]=-Xmx256m
06-06 14:56:19.852 I/art     ( 1324): option[9]=-Xusejit:true
06-06 14:56:19.852 I/art     ( 1324): option[10]=-Xjitsaveprofilinginfo
06-06 14:56:19.852 I/art     ( 1324): option[11]=-agentlib:jdwp=transport=dt_android_adb,suspend=n,server=y
06-06 14:56:19.852 I/art     ( 1324): option[12]=-Xlockprofthreshold:500
06-06 14:56:19.852 I/art     ( 1324): option[13]=-Ximage-compiler-option
06-06 14:56:19.852 I/art     ( 1324): option[14]=--runtime-arg
06-06 14:56:19.852 I/art     ( 1324): option[15]=-Ximage-compiler-option
06-06 14:56:19.852 I/art     ( 1324): option[16]=-Xms64m
06-06 14:56:19.853 I/art     ( 1324): option[17]=-Ximage-compiler-option
06-06 14:56:19.853 I/art     ( 1324): option[18]=--runtime-arg
06-06 14:56:19.853 I/art     ( 1324): option[19]=-Ximage-compiler-option
06-06 14:56:19.853 I/art     ( 1324): option[20]=-Xmx64m
06-06 14:56:19.853 I/art     ( 1324): option[21]=-Ximage-compiler-option
06-06 14:56:19.853 I/art     ( 1324): option[22]=--image-classes=/system/etc/preloaded-classes
06-06 14:56:19.853 I/art     ( 1324): option[23]=-Ximage-compiler-option
06-06 14:56:19.853 I/art     ( 1324): option[24]=--compiled-classes=/system/etc/compiled-classes
06-06 14:56:19.853 I/art     ( 1324): option[25]=-Xcompiler-option
06-06 14:56:19.853 I/art     ( 1324): option[26]=--runtime-arg
06-06 14:56:19.853 I/art     ( 1324): option[27]=-Xcompiler-option
06-06 14:56:19.853 I/art     ( 1324): option[28]=-Xms64m
06-06 14:56:19.853 I/art     ( 1324): option[29]=-Xcompiler-option
06-06 14:56:19.853 I/art     ( 1324): option[30]=--runtime-arg
06-06 14:56:19.853 I/art     ( 1324): option[31]=-Xcompiler-option
06-06 14:56:19.854 I/art     ( 1324): option[32]=-Xmx512m
06-06 14:56:19.854 I/art     ( 1324): option[33]=-Ximage-compiler-option
06-06 14:56:19.854 I/art     ( 1324): option[34]=--instruction-set-variant=x86
06-06 14:56:19.854 I/art     ( 1324): option[35]=-Xcompiler-option
06-06 14:56:19.854 I/art     ( 1324): option[36]=--instruction-set-variant=x86
06-06 14:56:19.854 I/art     ( 1324): option[37]=-Ximage-compiler-option
06-06 14:56:19.854 I/art     ( 1324): option[38]=--instruction-set-features=default
06-06 14:56:19.854 I/art     ( 1324): option[39]=-Xcompiler-option
06-06 14:56:19.854 I/art     ( 1324): option[40]=--instruction-set-features=default
06-06 14:56:19.854 I/art     ( 1324): option[41]=-Duser.locale=en-US
06-06 14:56:19.854 I/art     ( 1324): option[42]=--cpu-abilist=x86
06-06 14:56:19.854 I/art     ( 1324): option[43]=-Xfingerprint:Android/sdk_phone_x86_64/generic_x86_64:7.1.1/NYC/4931657:userdebug/test-keys
06-06 14:56:20.344 I/hostapd ( 1677): rfkill: Cannot get wiphy information
06-06 14:56:20.348 I/hostapd ( 1677): nl80211: Could not re-add multicast membership for vendor events: -2 (No such file or directory)
06-06 14:56:20.349 I/hostapd ( 1677): wlan1: interface state UNINITIALIZED->COUNTRY_UPDATE
06-06 14:56:23.751 E/ipv6proxy( 1664): Failed to forward Router Advertisement from eth0 to wlan1: Network is unreachable
06-06 14:56:25.424 I/hostapd ( 1677): wlan1: interface state COUNTRY_UPDATE->HT_SCAN
06-06 14:56:26.836 E/hostapd ( 1677): Using interface wlan1 with hwaddr 02:00:00:00:01:00 and ssid "AndroidWifi"
06-06 14:56:26.877 I/hostapd ( 1677): wlan1: interface state HT_SCAN->ENABLED
06-06 14:56:26.877 I/hostapd ( 1677): wlan1: AP-ENABLED 
06-06 14:56:27.792 D/ICU     ( 1323): No timezone override file found: /data/misc/zoneinfo/current/icu/icu_tzdata.dat
06-06 14:56:28.722 D/ICU     ( 1324): No timezone override file found: /data/misc/zoneinfo/current/icu/icu_tzdata.dat
06-06 14:56:32.865 E/memtrack( 1323): Couldn't load memtrack module (No such file or directory)
06-06 14:56:32.866 E/android.os.Debug( 1323): failed to load memtrack module: -2
06-06 14:56:33.052 I/Radio-JNI( 1323): register_android_hardware_Radio DONE
06-06 14:56:33.765 E/memtrack( 1324): Couldn't load memtrack module (No such file or directory)
06-06 14:56:33.766 E/android.os.Debug( 1324): failed to load memtrack module: -2
06-06 14:56:33.832 I/Radio-JNI( 1324): register_android_hardware_Radio DONE
06-06 14:56:33.986 I/SamplingProfilerIntegration( 1323): Profiling disabled.
06-06 14:56:34.082 D/Zygote  ( 1323): begin preload
06-06 14:56:34.082 I/Zygote  ( 1323): Installing ICU cache reference pinning...
06-06 14:56:34.090 I/Zygote  ( 1323): Preloading ICU data...
06-06 14:56:34.737 I/SamplingProfilerIntegration( 1324): Profiling disabled.
06-06 14:56:35.125 D/Zygote  ( 1324): begin preload
06-06 14:56:35.126 I/Zygote  ( 1324): Installing ICU cache reference pinning...
06-06 14:56:35.271 I/Zygote  ( 1324): Preloading ICU data...
06-06 14:56:37.267 I/Zygote  ( 1323): Preloading classes...
06-06 14:56:37.496 I/Zygote  ( 1324): Preloading classes...
06-06 14:56:37.783 W/Zygote  ( 1323): Class not found for preloading: [Landroid.view.Display$ColorTransform;
06-06 14:56:37.914 W/Zygote  ( 1324): Class not found for preloading: [Landroid.view.Display$ColorTransform;
06-06 14:56:45.552 E/Typeface( 1323): Error mapping font file /system/fonts/DroidSansFallback.ttf
06-06 14:56:46.021 E/Typeface( 1324): Error mapping font file /system/fonts/DroidSansFallback.ttf
06-06 14:56:52.075 W/art     ( 1323): Suspending all threads took: 90.833ms
06-06 14:56:52.542 I/art     ( 1323): Background concurrent mark sweep GC freed 21947(2MB) AllocSpace objects, 89(1624KB) LOS objects, 33% free, 3MB/4MB, paused 96.171ms total 645.126ms
06-06 14:56:52.635 I/art     ( 1324): Background concurrent mark sweep GC freed 21946(2MB) AllocSpace objects, 118(2MB) LOS objects, 33% free, 2MB/4MB, paused 3.860ms total 761.812ms
06-06 14:56:53.470 I/art     ( 1323): Thread[1,tid=1323,Native,Thread*=0x77e504c95a00,peer=0x12c060d0,"main"] recursive attempt to load library "/system/lib64/libmedia_jni.so"
06-06 14:56:53.521 D/MtpDeviceJNI( 1323): register_android_mtp_MtpDevice
06-06 14:56:53.545 I/art     ( 1323): Thread[1,tid=1323,Native,Thread*=0x77e504c95a00,peer=0x12c060d0,"main"] recursive attempt to load library "/system/lib64/libmedia_jni.so"
06-06 14:56:53.546 I/art     ( 1323): Thread[1,tid=1323,Native,Thread*=0x77e504c95a00,peer=0x12c060d0,"main"] recursive attempt to load library "/system/lib64/libmedia_jni.so"
06-06 14:56:53.588 I/art     ( 1324): Thread[1,tid=1324,Native,Thread*=0xeb38b400,peer=0x12c060d0,"main"] recursive attempt to load library "/system/lib/libmedia_jni.so"
06-06 14:56:53.592 D/MtpDeviceJNI( 1324): register_android_mtp_MtpDevice
06-06 14:56:53.594 I/art     ( 1324): Thread[1,tid=1324,Native,Thread*=0xeb38b400,peer=0x12c060d0,"main"] recursive attempt to load library "/system/lib/libmedia_jni.so"
06-06 14:56:53.596 I/art     ( 1324): Thread[1,tid=1324,Native,Thread*=0xeb38b400,peer=0x12c060d0,"main"] recursive attempt to load library "/system/lib/libmedia_jni.so"
06-06 14:56:54.512 W/art     ( 1323): Suspending all threads took: 25.573ms
06-06 14:56:54.711 I/art     ( 1323): Background sticky concurrent mark sweep GC freed 3988(1889KB) AllocSpace objects, 40(760KB) LOS objects, 66% free, 1600KB/4MB, paused 124.284ms total 364.477ms
06-06 14:56:57.123 W/Zygote  ( 1324): Class not found for preloading: android.view.Display$ColorTransform
06-06 14:56:57.124 W/Zygote  ( 1324): Class not found for preloading: android.view.Display$ColorTransform$1
06-06 14:56:57.228 W/Zygote  ( 1323): Class not found for preloading: android.view.Display$ColorTransform
06-06 14:56:57.228 W/Zygote  ( 1323): Class not found for preloading: android.view.Display$ColorTransform$1
06-06 14:56:57.660 W/art     ( 1324): Suspending all threads took: 16.643ms
06-06 14:56:57.793 I/art     ( 1324): Background sticky concurrent mark sweep GC freed 9144(2MB) AllocSpace objects, 10(160KB) LOS objects, 64% free, 1567KB/4MB, paused 17.765ms total 254.151ms
06-06 14:57:02.227 I/System  ( 1323): Loaded time zone names for "" in 1688ms (1574ms in ICU)
06-06 14:57:02.998 I/System  ( 1324): Loaded time zone names for "" in 1588ms (1500ms in ICU)
06-06 14:57:03.232 I/System  ( 1323): Loaded time zone names for "en_US" in 1003ms (865ms in ICU)
06-06 14:57:04.080 I/System  ( 1324): Loaded time zone names for "en_US" in 1080ms (843ms in ICU)
06-06 14:57:04.755 I/Zygote  ( 1323): ...preloaded 4158 classes in 27488ms.
06-06 14:57:04.782 I/art     ( 1323): VMRuntime.preloadDexCaches starting
06-06 14:57:05.654 I/Zygote  ( 1324): ...preloaded 4158 classes in 28158ms.
06-06 14:57:05.701 I/art     ( 1324): VMRuntime.preloadDexCaches starting
06-06 14:57:06.904 I/art     ( 1323): VMRuntime.preloadDexCaches strings total=283712 before=39625 after=39625
06-06 14:57:06.905 I/art     ( 1323): VMRuntime.preloadDexCaches types total=23581 before=7877 after=7904
06-06 14:57:06.905 I/art     ( 1323): VMRuntime.preloadDexCaches fields total=112007 before=40903 after=41117
06-06 14:57:06.905 I/art     ( 1323): VMRuntime.preloadDexCaches methods total=197534 before=82457 after=83017
06-06 14:57:06.905 I/art     ( 1323): VMRuntime.preloadDexCaches finished
06-06 14:57:06.991 I/Zygote  ( 1323): Preloading resources...
06-06 14:57:08.838 I/art     ( 1324): VMRuntime.preloadDexCaches strings total=283712 before=39625 after=39625
06-06 14:57:08.838 I/art     ( 1324): VMRuntime.preloadDexCaches types total=23581 before=7877 after=7904
06-06 14:57:08.838 I/art     ( 1324): VMRuntime.preloadDexCaches fields total=112007 before=40903 after=41117
06-06 14:57:08.838 I/art     ( 1324): VMRuntime.preloadDexCaches methods total=197534 before=82457 after=83017
06-06 14:57:08.839 I/art     ( 1324): VMRuntime.preloadDexCaches finished
06-06 14:57:08.856 I/Zygote  ( 1324): Preloading resources...
06-06 14:57:09.271 W/Resources( 1323): Preloaded drawable resource #0x108025c (android:drawable/dialog_background_material) that varies with configuration!!
06-06 14:57:09.385 W/Resources( 1323): Preloaded drawable resource #0x1080298 (android:drawable/editbox_dropdown_background_dark) that varies with configuration!!
06-06 14:57:09.652 W/Resources( 1323): Preloaded color resource #0x10600e2 (android:color/material_grey_800) that varies with configuration!!
06-06 14:57:09.653 W/Resources( 1323): Preloaded drawable resource #0x10802c9 (android:drawable/floating_popup_background_dark) that varies with configuration!!
06-06 14:57:10.792 I/art     ( 1323): Background concurrent mark sweep GC freed 24279(1541KB) AllocSpace objects, 4(72KB) LOS objects, 53% free, 3MB/7MB, paused 1.836ms total 553.280ms
06-06 14:57:10.876 W/Resources( 1324): Preloaded drawable resource #0x108025c (android:drawable/dialog_background_material) that varies with configuration!!
06-06 14:57:10.939 W/Resources( 1323): Preloaded drawable resource #0x108030b (android:drawable/ic_clear_disabled) that varies with configuration!!
06-06 14:57:10.990 W/Resources( 1324): Preloaded drawable resource #0x1080298 (android:drawable/editbox_dropdown_background_dark) that varies with configuration!!
06-06 14:57:11.003 W/Resources( 1323): Preloaded drawable resource #0x1080310 (android:drawable/ic_clear_normal) that varies with configuration!!
06-06 14:57:11.083 W/Resources( 1323): Preloaded drawable resource #0x1080359 (android:drawable/ic_go) that varies with configuration!!
06-06 14:57:11.380 W/Resources( 1324): Preloaded color resource #0x10600e2 (android:color/material_grey_800) that varies with configuration!!
06-06 14:57:11.381 W/Resources( 1324): Preloaded drawable resource #0x10802c9 (android:drawable/floating_popup_background_dark) that varies with configuration!!
06-06 14:57:11.405 W/Resources( 1323): Preloaded drawable resource #0x1080038 (android:drawable/ic_menu_close_clear_cancel) that varies with configuration!!
06-06 14:57:11.547 W/Resources( 1323): Preloaded drawable resource #0x1080045 (android:drawable/ic_menu_more) that varies with configuration!!
06-06 14:57:12.187 W/Resources( 1323): Preloaded drawable resource #0x10804e8 (android:drawable/menu_background_fill_parent_width) that varies with configuration!!
06-06 14:57:12.372 I/art     ( 1324): Background sticky concurrent mark sweep GC freed 16882(1076KB) AllocSpace objects, 0(0B) LOS objects, 17% free, 3MB/4MB, paused 2.404ms total 433.985ms
06-06 14:57:12.523 W/Resources( 1324): Preloaded drawable resource #0x108030b (android:drawable/ic_clear_disabled) that varies with configuration!!
06-06 14:57:12.526 W/Resources( 1324): Preloaded drawable resource #0x1080310 (android:drawable/ic_clear_normal) that varies with configuration!!
06-06 14:57:12.704 W/Resources( 1324): Preloaded drawable resource #0x1080359 (android:drawable/ic_go) that varies with configuration!!
06-06 14:57:13.025 W/Resources( 1324): Preloaded drawable resource #0x1080038 (android:drawable/ic_menu_close_clear_cancel) that varies with configuration!!
06-06 14:57:13.174 W/Resources( 1324): Preloaded drawable resource #0x1080045 (android:drawable/ic_menu_more) that varies with configuration!!
06-06 14:57:13.536 I/art     ( 1324): Background concurrent mark sweep GC freed 3209(149KB) AllocSpace objects, 9(244KB) LOS objects, 50% free, 3MB/7MB, paused 1.073ms total 346.577ms
06-06 14:57:14.166 W/Resources( 1324): Preloaded drawable resource #0x10804e8 (android:drawable/menu_background_fill_parent_width) that varies with configuration!!
06-06 14:57:14.371 W/Resources( 1323): Preloaded drawable resource #0x108077e (android:drawable/text_edit_paste_window) that varies with configuration!!
06-06 14:57:15.078 W/Resources( 1323): Preloaded drawable resource #0x1080096 (android:drawable/toast_frame) that varies with configuration!!
06-06 14:57:15.100 I/Zygote  ( 1323): ...preloaded 114 resources in 8088ms.
06-06 14:57:15.208 W/Resources( 1323): Preloaded color resource #0x106010b (android:color/background_cache_hint_selector_material_dark) that varies with configuration!!
06-06 14:57:15.252 W/Resources( 1323): Preloaded color resource #0x1060110 (android:color/btn_default_material_dark) that varies with configuration!!
06-06 14:57:15.302 I/Zygote  ( 1323): ...preloaded 41 resources in 201ms.
06-06 14:57:15.305 D/libEGL  ( 1323): Emulator without GPU support detected. Fallback to legacy software renderer, qemu.gles is set to 0.
06-06 14:57:15.667 D/libEGL  ( 1323): loaded /system/lib64/egl/libGLES_android.so
06-06 14:57:17.392 I/Zygote  ( 1323): Preloading shared libraries...
06-06 14:57:17.592 W/Resources( 1324): Preloaded drawable resource #0x108077e (android:drawable/text_edit_paste_window) that varies with configuration!!
06-06 14:57:17.658 W/Resources( 1324): Preloaded drawable resource #0x1080096 (android:drawable/toast_frame) that varies with configuration!!
06-06 14:57:17.670 I/Zygote  ( 1324): ...preloaded 114 resources in 8803ms.
06-06 14:57:17.772 E/Hyphenator( 1323): error loading hyphenation /system/usr/hyphen-data/hyph-as.hyb
06-06 14:57:17.772 E/Hyphenator( 1323): java.io.FileNotFoundException: /system/usr/hyphen-data/hyph-as.hyb: open failed: ENOENT (No such file or directory)
06-06 14:57:17.772 E/Hyphenator( 1323): 	at libcore.io.IoBridge.open(IoBridge.java:455)
06-06 14:57:17.772 E/Hyphenator( 1323): 	at java.io.RandomAccessFile.<init>(RandomAccessFile.java:247)
06-06 14:57:17.772 E/Hyphenator( 1323): 	at android.text.Hyphenator.loadHyphenator(Hyphenator.java:118)
06-06 14:57:17.772 E/Hyphenator( 1323): 	at android.text.Hyphenator.init(Hyphenator.java:224)
06-06 14:57:17.772 E/Hyphenator( 1323): 	at com.android.internal.os.ZygoteInit.preloadTextResources(ZygoteInit.java:252)
06-06 14:57:17.772 E/Hyphenator( 1323): 	at com.android.internal.os.ZygoteInit.preload(ZygoteInit.java:206)
06-06 14:57:17.772 E/Hyphenator( 1323): 	at com.android.internal.os.ZygoteInit.main(ZygoteInit.java:743)
06-06 14:57:17.772 E/Hyphenator( 1323): Caused by: android.system.ErrnoException: open failed: ENOENT (No such file or directory)
06-06 14:57:17.772 E/Hyphenator( 1323): 	at libcore.io.Posix.open(Native Method)
06-06 14:57:17.772 E/Hyphenator( 1323): 	at libcore.io.BlockGuardOs.open(BlockGuardOs.java:187)
06-06 14:57:17.772 E/Hyphenator( 1323): 	at libcore.io.IoBridge.open(IoBridge.java:441)
06-06 14:57:17.772 E/Hyphenator( 1323): 	... 6 more
06-06 14:57:17.775 E/Hyphenator( 1323): error loading hyphenation /system/usr/hyphen-data/hyph-bn.hyb
06-06 14:57:17.775 E/Hyphenator( 1323): java.io.FileNotFoundException: /system/usr/hyphen-data/hyph-bn.hyb: open failed: ENOENT (No such file or directory)
06-06 14:57:17.775 E/Hyphenator( 1323): 	at libcore.io.IoBridge.open(IoBridge.java:455)
06-06 14:57:17.775 E/Hyphenator( 1323): 	at java.io.RandomAccessFile.<init>(RandomAccessFile.java:247)
06-06 14:57:17.775 E/Hyphenator( 1323): 	at android.text.Hyphenator.loadHyphenator(Hyphenator.java:118)
06-06 14:57:17.775 E/Hyphenator( 1323): 	at android.text.Hyphenator.init(Hyphenator.java:224)
06-06 14:57:17.775 E/Hyphenator( 1323): 	at com.android.internal.os.ZygoteInit.preloadTextResources(ZygoteInit.java:252)
06-06 14:57:17.775 E/Hyphenator( 1323): 	at com.android.internal.os.ZygoteInit.preload(ZygoteInit.java:206)
06-06 14:57:17.775 E/Hyphenator( 1323): 	at com.android.internal.os.ZygoteInit.main(ZygoteInit.java:743)
06-06 14:57:17.775 E/Hyphenator( 1323): Caused by: android.system.ErrnoException: open failed: ENOENT (No such file or directory)
06-06 14:57:17.775 E/Hyphenator( 1323): 	at libcore.io.Posix.open(Native Method)
06-06 14:57:17.775 E/Hyphenator( 1323): 	at libcore.io.BlockGuardOs.open(BlockGuardOs.java:187)
06-06 14:57:17.775 E/Hyphenator( 1323): 	at libcore.io.IoBridge.open(IoBridge.java:441)
06-06 14:57:17.775 E/Hyphenator( 1323): 	... 6 more
06-06 14:57:17.777 E/Hyphenator( 1323): error loading hyphenation /system/usr/hyphen-data/hyph-cy.hyb
06-06 14:57:17.777 E/Hyphenator( 1323): java.io.FileNotFoundException: /system/usr/hyphen-data/hyph-cy.hyb: open failed: ENOENT (No such file or directory)
06-06 14:57:17.777 E/Hyphenator( 1323): 	at libcore.io.IoBridge.open(IoBridge.java:455)
06-06 14:57:17.777 E/Hyphenator( 1323): 	at java.io.RandomAccessFile.<init>(RandomAccessFile.java:247)
06-06 14:57:17.777 E/Hyphenator( 1323): 	at android.text.Hyphenator.loadHyphenator(Hyphenator.java:118)
06-06 14:57:17.777 E/Hyphenator( 1323): 	at android.text.Hyphenator.init(Hyphenator.java:224)
06-06 14:57:17.777 E/Hyphenator( 1323): 	at com.android.internal.os.ZygoteInit.preloadTextResources(ZygoteInit.java:252)
06-06 14:57:17.777 E/Hyphenator( 1323): 	at com.android.internal.os.ZygoteInit.preload(ZygoteInit.java:206)
06-06 14:57:17.777 E/Hyphenator( 1323): 	at com.android.internal.os.ZygoteInit.main(ZygoteInit.java:743)
06-06 14:57:17.777 E/Hyphenator( 1323): Caused by: android.system.ErrnoException: open failed: ENOENT (No such file or directory)
06-06 14:57:17.777 E/Hyphenator( 1323): 	at libcore.io.Posix.open(Native Method)
06-06 14:57:17.777 E/Hyphenator( 1323): 	at libcore.io.BlockGuardOs.open(BlockGuardOs.java:187)
06-06 14:57:17.777 E/Hyphenator( 1323): 	at libcore.io.IoBridge.open(IoBridge.java:441)
06-06 14:57:17.777 E/Hyphenator( 1323): 	... 6 more
06-06 14:57:17.778 E/Hyphenator( 1323): error loading hyphenation /system/usr/hyphen-data/hyph-da.hyb
06-06 14:57:17.778 E/Hyphenator( 1323): java.io.FileNotFoundException: /system/usr/hyphen-data/hyph-da.hyb: open failed: ENOENT (No such file or directory)
06-06 14:57:17.778 E/Hyphenator( 1323): 	at libcore.io.IoBridge.open(IoBridge.java:455)
06-06 14:57:17.778 E/Hyphenator( 1323): 	at java.io.RandomAccessFile.<init>(RandomAccessFile.java:247)
06-06 14:57:17.778 E/Hyphenator( 1323): 	at android.text.Hyphenator.loadHyphenator(Hyphenator.java:118)
06-06 14:57:17.778 E/Hyphenator( 1323): 	at android.text.Hyphenator.init(Hyphenator.java:224)
06-06 14:57:17.778 E/Hyphenator( 1323): 	at com.android.internal.os.ZygoteInit.preloadTextResources(ZygoteInit.java:252)
06-06 14:57:17.778 E/Hyphenator( 1323): 	at com.android.internal.os.ZygoteInit.preload(ZygoteInit.java:206)
06-06 14:57:17.778 E/Hyphenator( 1323): 	at com.android.internal.os.ZygoteInit.main(ZygoteInit.java:743)
06-06 14:57:17.778 E/Hyphenator( 1323): Caused by: android.system.ErrnoException: open failed: ENOENT (No such file or directory)
06-06 14:57:17.778 E/Hyphenator( 1323): 	at libcore.io.Posix.open(Native Method)
06-06 14:57:17.778 E/Hyphenator( 1323): 	at libcore.io.BlockGuardOs.open(BlockGuardOs.java:187)
06-06 14:57:17.778 E/Hyphenator( 1323): 	at libcore.io.IoBridge.open(IoBridge.java:441)
06-06 14:57:17.778 E/Hyphenator( 1323): 	... 6 more
06-06 14:57:17.951 W/Resources( 1324): Preloaded color resource #0x106010b (android:color/background_cache_hint_selector_material_dark) that varies with configuration!!
06-06 14:57:17.955 W/Resources( 1324): Preloaded color resource #0x1060110 (android:color/btn_default_material_dark) that varies with configuration!!
06-06 14:57:17.971 E/Hyphenator( 1323): error loading hyphenation /system/usr/hyphen-data/hyph-de-1901.hyb
06-06 14:57:17.971 E/Hyphenator( 1323): java.io.FileNotFoundException: /system/usr/hyphen-data/hyph-de-1901.hyb: open failed: ENOENT (No such file or directory)
06-06 14:57:17.971 E/Hyphenator( 1323): 	at libcore.io.IoBridge.open(IoBridge.java:455)
06-06 14:57:17.971 E/Hyphenator( 1323): 	at java.io.RandomAccessFile.<init>(RandomAccessFile.java:247)
06-06 14:57:17.971 E/Hyphenator( 1323): 	at android.text.Hyphenator.loadHyphenator(Hyphenator.java:118)
06-06 14:57:17.971 E/Hyphenator( 1323): 	at android.text.Hyphenator.init(Hyphenator.java:224)
06-06 14:57:17.971 E/Hyphenator( 1323): 	at com.android.internal.os.ZygoteInit.preloadTextResources(ZygoteInit.java:252)
06-06 14:57:17.971 E/Hyphenator( 1323): 	at com.android.internal.os.ZygoteInit.preload(ZygoteInit.java:206)
06-06 14:57:17.971 E/Hyphenator( 1323): 	at com.android.internal.os.ZygoteInit.main(ZygoteInit.java:743)
06-06 14:57:17.971 E/Hyphenator( 1323): Caused by: android.system.ErrnoException: open failed: ENOENT (No such file or directory)
06-06 14:57:17.971 E/Hyphenator( 1323): 	at libcore.io.Posix.open(Native Method)
06-06 14:57:17.971 E/Hyphenator( 1323): 	at libcore.io.BlockGuardOs.open(BlockGuardOs.java:187)
06-06 14:57:17.971 E/Hyphenator( 1323): 	at libcore.io.IoBridge.open(IoBridge.java:441)
06-06 14:57:17.971 E/Hyphenator( 1323): 	... 6 more
06-06 14:57:17.973 E/Hyphenator( 1323): error loading hyphenation /system/usr/hyphen-data/hyph-de-1996.hyb
06-06 14:57:17.973 E/Hyphenator( 1323): java.io.FileNotFoundException: /system/usr/hyphen-data/hyph-de-1996.hyb: open failed: ENOENT (No such file or directory)
06-06 14:57:17.973 E/Hyphenator( 1323): 	at libcore.io.IoBridge.open(IoBridge.java:455)
06-06 14:57:17.973 E/Hyphenator( 1323): 	at java.io.RandomAccessFile.<init>(RandomAccessFile.java:247)
06-06 14:57:17.973 E/Hyphenator( 1323): 	at android.text.Hyphenator.loadHyphenator(Hyphenator.java:118)
06-06 14:57:17.973 E/Hyphenator( 1323): 	at android.text.Hyphenator.init(Hyphenator.java:224)
06-06 14:57:17.973 E/Hyphenator( 1323): 	at com.android.internal.os.ZygoteInit.preloadTextResources(ZygoteInit.java:252)
06-06 14:57:17.973 E/Hyphenator( 1323): 	at com.android.internal.os.ZygoteInit.preload(ZygoteInit.java:206)
06-06 14:57:17.973 E/Hyphenator( 1323): 	at com.android.internal.os.ZygoteInit.main(ZygoteInit.java:743)
06-06 14:57:17.973 E/Hyphenator( 1323): Caused by: android.system.ErrnoException: open failed: ENOENT (No such file or directory)
06-06 14:57:17.973 E/Hyphenator( 1323): 	at libcore.io.Posix.open(Native Method)
06-06 14:57:17.973 E/Hyphenator( 1323): 	at libcore.io.BlockGuardOs.open(BlockGuardOs.java:187)
06-06 14:57:17.973 E/Hyphenator( 1323): 	at libcore.io.IoBridge.open(IoBridge.java:441)
06-06 14:57:17.973 E/Hyphenator( 1323): 	... 6 more
06-06 14:57:17.975 E/Hyphenator( 1323): error loading hyphenation /system/usr/hyphen-data/hyph-de-ch-1901.hyb
06-06 14:57:17.975 E/Hyphenator( 1323): java.io.FileNotFoundException: /system/usr/hyphen-data/hyph-de-ch-1901.hyb: open failed: ENOENT (No such file or directory)
06-06 14:57:17.975 E/Hyphenator( 1323): 	at libcore.io.IoBridge.open(IoBridge.java:455)
06-06 14:57:17.975 E/Hyphenator( 1323): 	at java.io.RandomAccessFile.<init>(RandomAccessFile.java:247)
06-06 14:57:17.975 E/Hyphenator( 1323): 	at android.text.Hyphenator.loadHyphenator(Hyphenator.java:118)
06-06 14:57:17.975 E/Hyphenator( 1323): 	at android.text.Hyphenator.init(Hyphenator.java:224)
06-06 14:57:17.975 E/Hyphenator( 1323): 	at com.android.internal.os.ZygoteInit.preloadTextResources(ZygoteInit.java:252)
06-06 14:57:17.975 E/Hyphenator( 1323): 	at com.android.internal.os.ZygoteInit.preload(ZygoteInit.java:206)
06-06 14:57:17.975 E/Hyphenator( 1323): 	at com.android.internal.os.ZygoteInit.main(ZygoteInit.java:743)
06-06 14:57:17.975 E/Hyphenator( 1323): Caused by: android.system.ErrnoException: open failed: ENOENT (No such file or directory)
06-06 14:57:17.975 E/Hyphenator( 1323): 	at libcore.io.Posix.open(Native Method)
06-06 14:57:17.975 E/Hyphenator( 1323): 	at libcore.io.BlockGuardOs.open(BlockGuardOs.java:187)
06-06 14:57:17.975 E/Hyphenator( 1323): 	at libcore.io.IoBridge.open(IoBridge.java:441)
06-06 14:57:17.975 E/Hyphenator( 1323): 	... 6 more
06-06 14:57:17.977 E/Hyphenator( 1323): error loading hyphenation /system/usr/hyphen-data/hyph-en-gb.hyb
06-06 14:57:17.977 E/Hyphenator( 1323): java.io.FileNotFoundException: /system/usr/hyphen-data/hyph-en-gb.hyb: open failed: ENOENT (No such file or directory)
06-06 14:57:17.977 E/Hyphenator( 1323): 	at libcore.io.IoBridge.open(IoBridge.java:455)
06-06 14:57:17.977 E/Hyphenator( 1323): 	at java.io.RandomAccessFile.<init>(RandomAccessFile.java:247)
06-06 14:57:17.977 E/Hyphenator( 1323): 	at android.text.Hyphenator.loadHyphenator(Hyphenator.java:118)
06-06 14:57:17.977 E/Hyphenator( 1323): 	at android.text.Hyphenator.init(Hyphenator.java:224)
06-06 14:57:17.977 E/Hyphenator( 1323): 	at com.android.internal.os.ZygoteInit.preloadTextResources(ZygoteInit.java:252)
06-06 14:57:17.977 E/Hyphenator( 1323): 	at com.android.internal.os.ZygoteInit.preload(ZygoteInit.java:206)
06-06 14:57:17.977 E/Hyphenator( 1323): 	at com.android.internal.os.ZygoteInit.main(ZygoteInit.java:743)
06-06 14:57:17.977 E/Hyphenator( 1323): Caused by: android.system.ErrnoException: open failed: ENOENT (No such file or directory)
06-06 14:57:17.977 E/Hyphenator( 1323): 	at libcore.io.Posix.open(Native Method)
06-06 14:57:17.977 E/Hyphenator( 1323): 	at libcore.io.BlockGuardOs.open(BlockGuardOs.java:187)
06-06 14:57:17.977 E/Hyphenator( 1323): 	at libcore.io.IoBridge.open(IoBridge.java:441)
06-06 14:57:17.977 E/Hyphenator( 1323): 	... 6 more
06-06 14:57:17.979 E/Hyphenator( 1323): error loading hyphenation /system/usr/hyphen-data/hyph-en-us.hyb
06-06 14:57:17.979 E/Hyphenator( 1323): java.io.FileNotFoundException: /system/usr/hyphen-data/hyph-en-us.hyb: open failed: ENOENT (No such file or directory)
06-06 14:57:17.979 E/Hyphenator( 1323): 	at libcore.io.IoBridge.open(IoBridge.java:455)
06-06 14:57:17.979 E/Hyphenator( 1323): 	at java.io.RandomAccessFile.<init>(RandomAccessFile.java:247)
06-06 14:57:17.979 E/Hyphenator( 1323): 	at android.text.Hyphenator.loadHyphenator(Hyphenator.java:118)
06-06 14:57:17.979 E/Hyphenator( 1323): 	at android.text.Hyphenator.init(Hyphenator.java:224)
06-06 14:57:17.979 E/Hyphenator( 1323): 	at com.android.internal.os.ZygoteInit.preloadTextResources(ZygoteInit.java:252)
06-06 14:57:17.979 E/Hyphenator( 1323): 	at com.android.internal.os.ZygoteInit.preload(ZygoteInit.java:206)
06-06 14:57:17.979 E/Hyphenator( 1323): 	at com.android.internal.os.ZygoteInit.main(ZygoteInit.java:743)
06-06 14:57:17.979 E/Hyphenator( 1323): Caused by: android.system.ErrnoException: open failed: ENOENT (No such file or directory)
06-06 14:57:17.979 E/Hyphenator( 1323): 	at libcore.io.Posix.open(Native Method)
06-06 14:57:17.979 E/Hyphenator( 1323): 	at libcore.io.BlockGuardOs.open(BlockGuardOs.java:187)
06-06 14:57:17.979 E/Hyphenator( 1323): 	at libcore.io.IoBridge.open(IoBridge.java:441)
06-06 14:57:17.979 E/Hyphenator( 1323): 	... 6 more
06-06 14:57:18.051 E/Hyphenator( 1323): error loading hyphenation /system/usr/hyphen-data/hyph-es.hyb
06-06 14:57:18.051 E/Hyphenator( 1323): java.io.FileNotFoundException: /system/usr/hyphen-data/hyph-es.hyb: open failed: ENOENT (No such file or directory)
06-06 14:57:18.051 E/Hyphenator( 1323): 	at libcore.io.IoBridge.open(IoBridge.java:455)
06-06 14:57:18.051 E/Hyphenator( 1323): 	at java.io.RandomAccessFile.<init>(RandomAccessFile.java:247)
06-06 14:57:18.051 E/Hyphenator( 1323): 	at android.text.Hyphenator.loadHyphenator(Hyphenator.java:118)
06-06 14:57:18.051 E/Hyphenator( 1323): 	at android.text.Hyphenator.init(Hyphenator.java:224)
06-06 14:57:18.051 E/Hyphenator( 1323): 	at com.android.internal.os.ZygoteInit.preloadTextResources(ZygoteInit.java:252)
06-06 14:57:18.051 E/Hyphenator( 1323): 	at com.android.internal.os.ZygoteInit.preload(ZygoteInit.java:206)
06-06 14:57:18.051 E/Hyphenator( 1323): 	at com.android.internal.os.ZygoteInit.main(ZygoteInit.java:743)
06-06 14:57:18.051 E/Hyphenator( 1323): Caused by: android.system.ErrnoException: open failed: ENOENT (No such file or directory)
06-06 14:57:18.051 E/Hyphenator( 1323): 	at libcore.io.Posix.open(Native Method)
06-06 14:57:18.051 E/Hyphenator( 1323): 	at libcore.io.BlockGuardOs.open(BlockGuardOs.java:187)
06-06 14:57:18.051 E/Hyphenator( 1323): 	at libcore.io.IoBridge.open(IoBridge.java:441)
06-06 14:57:18.051 E/Hyphenator( 1323): 	... 6 more
06-06 14:57:18.053 E/Hyphenator( 1323): error loading hyphenation /system/usr/hyphen-data/hyph-et.hyb
06-06 14:57:18.053 E/Hyphenator( 1323): java.io.FileNotFoundException: /system/usr/hyphen-data/hyph-et.hyb: open failed: ENOENT (No such file or directory)
06-06 14:57:18.053 E/Hyphenator( 1323): 	at libcore.io.IoBridge.open(IoBridge.java:455)
06-06 14:57:18.053 E/Hyphenator( 1323): 	at java.io.RandomAccessFile.<init>(RandomAccessFile.java:247)
06-06 14:57:18.053 E/Hyphenator( 1323): 	at android.text.Hyphenator.loadHyphenator(Hyphenator.java:118)
06-06 14:57:18.053 E/Hyphenator( 1323): 	at android.text.Hyphenator.init(Hyphenator.java:224)
06-06 14:57:18.053 E/Hyphenator( 1323): 	at com.android.internal.os.ZygoteInit.preloadTextResources(ZygoteInit.java:252)
06-06 14:57:18.053 E/Hyphenator( 1323): 	at com.android.internal.os.ZygoteInit.preload(ZygoteInit.java:206)
06-06 14:57:18.053 E/Hyphenator( 1323): 	at com.android.internal.os.ZygoteInit.main(ZygoteInit.java:743)
06-06 14:57:18.053 E/Hyphenator( 1323): Caused by: android.system.ErrnoException: open failed: ENOENT (No such file or directory)
06-06 14:57:18.053 E/Hyphenator( 1323): 	at libcore.io.Posix.open(Native Method)
06-06 14:57:18.053 E/Hyphenator( 1323): 	at libcore.io.BlockGuardOs.open(BlockGuardOs.java:187)
06-06 14:57:18.053 E/Hyphenator( 1323): 	at libcore.io.IoBridge.open(IoBridge.java:441)
06-06 14:57:18.053 E/Hyphenator( 1323): 	... 6 more
06-06 14:57:18.054 E/Hyphenator( 1323): error loading hyphenation /system/usr/hyphen-data/hyph-eu.hyb
06-06 14:57:18.054 E/Hyphenator( 1323): java.io.FileNotFoundException: /system/usr/hyphen-data/hyph-eu.hyb: open failed: ENOENT (No such file or directory)
06-06 14:57:18.054 E/Hyphenator( 1323): 	at libcore.io.IoBridge.open(IoBridge.java:455)
06-06 14:57:18.054 E/Hyphenator( 1323): 	at java.io.RandomAccessFile.<init>(RandomAccessFile.java:247)
06-06 14:57:18.054 E/Hyphenator( 1323): 	at android.text.Hyphenator.loadHyphenator(Hyphenator.java:118)
06-06 14:57:18.054 E/Hyphenator( 1323): 	at android.text.Hyphenator.init(Hyphenator.java:224)
06-06 14:57:18.054 E/Hyphenator( 1323): 	at com.android.internal.os.ZygoteInit.preloadTextResources(ZygoteInit.java:252)
06-06 14:57:18.054 E/Hyphenator( 1323): 	at com.android.internal.os.ZygoteInit.preload(ZygoteInit.java:206)
06-06 14:57:18.054 E/Hyphenator( 1323): 	at com.android.internal.os.ZygoteInit.main(ZygoteInit.java:743)
06-06 14:57:18.054 E/Hyphenator( 1323): Caused by: android.system.ErrnoException: open failed: ENOENT (No such file or directory)
06-06 14:57:18.054 E/Hyphenator( 1323): 	at libcore.io.Posix.open(Native Method)
06-06 14:57:18.054 E/Hyphenator( 1323): 	at libcore.io.BlockGuardOs.open(BlockGuardOs.java:187)
06-06 14:57:18.054 E/Hyphenator( 1323): 	at libcore.io.IoBridge.open(IoBridge.java:441)
06-06 14:57:18.054 E/Hyphenator( 1323): 	... 6 more
06-06 14:57:18.056 E/Hyphenator( 1323): error loading hyphenation /system/usr/hyphen-data/hyph-fr.hyb
06-06 14:57:18.056 E/Hyphenator( 1323): java.io.FileNotFoundException: /system/usr/hyphen-data/hyph-fr.hyb: open failed: ENOENT (No such file or directory)
06-06 14:57:18.056 E/Hyphenator( 1323): 	at libcore.io.IoBridge.open(IoBridge.java:455)
06-06 14:57:18.056 E/Hyphenator( 1323): 	at java.io.RandomAccessFile.<init>(RandomAccessFile.java:247)
06-06 14:57:18.056 E/Hyphenator( 1323): 	at android.text.Hyphenator.loadHyphenator(Hyphenator.java:118)
06-06 14:57:18.056 E/Hyphenator( 1323): 	at android.text.Hyphenator.init(Hyphenator.java:224)
06-06 14:57:18.056 E/Hyphenator( 1323): 	at com.android.internal.os.ZygoteInit.preloadTextResources(ZygoteInit.java:252)
06-06 14:57:18.056 E/Hyphenator( 1323): 	at com.android.internal.os.ZygoteInit.preload(ZygoteInit.java:206)
06-06 14:57:18.056 E/Hyphenator( 1323): 	at com.android.internal.os.ZygoteInit.main(ZygoteInit.java:743)
06-06 14:57:18.056 E/Hyphenator( 1323): Caused by: android.system.ErrnoException: open failed: ENOENT (No such file or directory)
06-06 14:57:18.056 E/Hyphenator( 1323): 	at libcore.io.Posix.open(Native Method)
06-06 14:57:18.056 E/Hyphenator( 1323): 	at libcore.io.BlockGuardOs.open(BlockGuardOs.java:187)
06-06 14:57:18.056 E/Hyphenator( 1323): 	at libcore.io.IoBridge.open(IoBridge.java:441)
06-06 14:57:18.056 E/Hyphenator( 1323): 	... 6 more
06-06 14:57:18.058 E/Hyphenator( 1323): error loading hyphenation /system/usr/hyphen-data/hyph-ga.hyb
06-06 14:57:18.058 E/Hyphenator( 1323): java.io.FileNotFoundException: /system/usr/hyphen-data/hyph-ga.hyb: open failed: ENOENT (No such file or directory)
06-06 14:57:18.058 E/Hyphenator( 1323): 	at libcore.io.IoBridge.open(IoBridge.java:455)
06-06 14:57:18.058 E/Hyphenator( 1323): 	at java.io.RandomAccessFile.<init>(RandomAccessFile.java:247)
06-06 14:57:18.058 E/Hyphenator( 1323): 	at android.text.Hyphenator.loadHyphenator(Hyphenator.java:118)
06-06 14:57:18.058 E/Hyphenator( 1323): 	at android.text.Hyphenator.init(Hyphenator.java:224)
06-06 14:57:18.058 E/Hyphenator( 1323): 	at com.android.internal.os.ZygoteInit.preloadTextResources(ZygoteInit.java:252)
06-06 14:57:18.058 E/Hyphenator( 1323): 	at com.android.internal.os.ZygoteInit.preload(ZygoteInit.java:206)
06-06 14:57:18.058 E/Hyphenator( 1323): 	at com.android.internal.os.ZygoteInit.main(ZygoteInit.java:743)
06-06 14:57:18.058 E/Hyphenator( 1323): Caused by: android.system.ErrnoException: open failed: ENOENT (No such file or directory)
06-06 14:57:18.058 E/Hyphenator( 1323): 	at libcore.io.Posix.open(Native Method)
06-06 14:57:18.058 E/Hyphenator( 1323): 	at libcore.io.BlockGuardOs.open(BlockGuardOs.java:187)
06-06 14:57:18.058 E/Hyphenator( 1323): 	at libcore.io.IoBridge.open(IoBridge.java:441)
06-06 14:57:18.058 E/Hyphenator( 1323): 	... 6 more
06-06 14:57:18.092 I/Zygote  ( 1324): ...preloaded 41 resources in 421ms.
06-06 14:57:18.095 D/libEGL  ( 1324): Emulator without GPU support detected. Fallback to legacy software renderer, qemu.gles is set to 0.
06-06 14:57:18.180 E/Hyphenator( 1323): error loading hyphenation /system/usr/hyphen-data/hyph-gu.hyb
06-06 14:57:18.180 E/Hyphenator( 1323): java.io.FileNotFoundException: /system/usr/hyphen-data/hyph-gu.hyb: open failed: ENOENT (No such file or directory)
06-06 14:57:18.180 E/Hyphenator( 1323): 	at libcore.io.IoBridge.open(IoBridge.java:455)
