06-06 14:57:20.328 E/Hyphenator( 1324): 	at android.text.Hyphenator.loadHyphenator(Hyphenator.java:118)
06-06 14:57:20.328 E/Hyphenator( 1324): 	at android.text.Hyphenator.init(Hyphenator.java:224)
06-06 14:57:20.328 E/Hyphenator( 1324): 	at com.android.internal.os.ZygoteInit.preloadTextResources(ZygoteInit.java:252)
06-06 14:57:20.328 E/Hyphenator( 1324): 	at com.android.internal.os.ZygoteInit.preload(ZygoteInit.java:206)
06-06 14:57:20.328 E/Hyphenator( 1324): 	at com.android.internal.os.ZygoteInit.main(ZygoteInit.java:743)
06-06 14:57:20.328 E/Hyphenator( 1324): Caused by: android.system.ErrnoException: open failed: ENOENT (No such file or directory)
06-06 14:57:20.328 E/Hyphenator( 1324): 	at libcore.io.Posix.open(Native Method)
06-06 14:57:20.328 E/Hyphenator( 1324): 	at libcore.io.BlockGuardOs.open(BlockGuardOs.java:187)
06-06 14:57:20.328 E/Hyphenator( 1324): 	at libcore.io.IoBridge.open(IoBridge.java:441)
06-06 14:57:20.328 E/Hyphenator( 1324): 	... 6 more
06-06 14:57:20.346 I/art     ( 1323): Starting a blocking GC HeapTrim
06-06 14:57:20.376 E/Hyphenator( 1324): error loading hyphenation /system/usr/hyphen-data/hyph-hr.hyb
06-06 14:57:20.376 E/Hyphenator( 1324): java.io.FileNotFoundException: /system/usr/hyphen-data/hyph-hr.hyb: open failed: ENOENT (No such file or directory)
06-06 14:57:20.376 E/Hyphenator( 1324): 	at libcore.io.IoBridge.open(IoBridge.java:455)
06-06 14:57:20.376 E/Hyphenator( 1324): 	at java.io.RandomAccessFile.<init>(RandomAccessFile.java:247)
06-06 14:57:20.376 E/Hyphenator( 1324): 	at android.text.Hyphenator.loadHyphenator(Hyphenator.java:118)
06-06 14:57:20.376 E/Hyphenator( 1324): 	at android.text.Hyphenator.init(Hyphenator.java:224)
06-06 14:57:20.376 E/Hyphenator( 1324): 	at com.android.internal.os.ZygoteInit.preloadTextResources(ZygoteInit.java:252)
06-06 14:57:20.376 E/Hyphenator( 1324): 	at com.android.internal.os.ZygoteInit.preload(ZygoteInit.java:206)
06-06 14:57:20.376 E/Hyphenator( 1324): 	at com.android.internal.os.ZygoteInit.main(ZygoteInit.java:743)
06-06 14:57:20.376 E/Hyphenator( 1324): Caused by: android.system.ErrnoException: open failed: ENOENT (No such file or directory)
06-06 14:57:20.376 E/Hyphenator( 1324): 	at libcore.io.Posix.open(Native Method)
06-06 14:57:20.376 E/Hyphenator( 1324): 	at libcore.io.BlockGuardOs.open(BlockGuardOs.java:187)
06-06 14:57:20.376 E/Hyphenator( 1324): 	at libcore.io.IoBridge.open(IoBridge.java:441)
06-06 14:57:20.376 E/Hyphenator( 1324): 	... 6 more
06-06 14:57:20.378 E/Hyphenator( 1324): error loading hyphenation /system/usr/hyphen-data/hyph-hu.hyb
06-06 14:57:20.378 E/Hyphenator( 1324): java.io.FileNotFoundException: /system/usr/hyphen-data/hyph-hu.hyb: open failed: ENOENT (No such file or directory)
06-06 14:57:20.378 E/Hyphenator( 1324): 	at libcore.io.IoBridge.open(IoBridge.java:455)
06-06 14:57:20.378 E/Hyphenator( 1324): 	at java.io.RandomAccessFile.<init>(RandomAccessFile.java:247)
06-06 14:57:20.378 E/Hyphenator( 1324): 	at android.text.Hyphenator.loadHyphenator(Hyphenator.java:118)
06-06 14:57:20.378 E/Hyphenator( 1324): 	at android.text.Hyphenator.init(Hyphenator.java:224)
06-06 14:57:20.378 E/Hyphenator( 1324): 	at com.android.internal.os.ZygoteInit.preloadTextResources(ZygoteInit.java:252)
06-06 14:57:20.378 E/Hyphenator( 1324): 	at com.android.internal.os.ZygoteInit.preload(ZygoteInit.java:206)
06-06 14:57:20.378 E/Hyphenator( 1324): 	at com.android.internal.os.ZygoteInit.main(ZygoteInit.java:743)
06-06 14:57:20.378 E/Hyphenator( 1324): Caused by: android.system.ErrnoException: open failed: ENOENT (No such file or directory)
06-06 14:57:20.378 E/Hyphenator( 1324): 	at libcore.io.Posix.open(Native Method)
06-06 14:57:20.378 E/Hyphenator( 1324): 	at libcore.io.BlockGuardOs.open(BlockGuardOs.java:187)
06-06 14:57:20.378 E/Hyphenator( 1324): 	at libcore.io.IoBridge.open(IoBridge.java:441)
06-06 14:57:20.378 E/Hyphenator( 1324): 	... 6 more
06-06 14:57:20.398 I/art     ( 1323): Starting a blocking GC Background
06-06 14:57:20.431 E/Hyphenator( 1324): error loading hyphenation /system/usr/hyphen-data/hyph-hy.hyb
06-06 14:57:20.431 E/Hyphenator( 1324): java.io.FileNotFoundException: /system/usr/hyphen-data/hyph-hy.hyb: open failed: ENOENT (No such file or directory)
06-06 14:57:20.431 E/Hyphenator( 1324): 	at libcore.io.IoBridge.open(IoBridge.java:455)
06-06 14:57:20.431 E/Hyphenator( 1324): 	at java.io.RandomAccessFile.<init>(RandomAccessFile.java:247)
06-06 14:57:20.431 E/Hyphenator( 1324): 	at android.text.Hyphenator.loadHyphenator(Hyphenator.java:118)
06-06 14:57:20.431 E/Hyphenator( 1324): 	at android.text.Hyphenator.init(Hyphenator.java:224)
06-06 14:57:20.431 E/Hyphenator( 1324): 	at com.android.internal.os.ZygoteInit.preloadTextResources(ZygoteInit.java:252)
06-06 14:57:20.431 E/Hyphenator( 1324): 	at com.android.internal.os.ZygoteInit.preload(ZygoteInit.java:206)
06-06 14:57:20.431 E/Hyphenator( 1324): 	at com.android.internal.os.ZygoteInit.main(ZygoteInit.java:743)
06-06 14:57:20.431 E/Hyphenator( 1324): Caused by: android.system.ErrnoException: open failed: ENOENT (No such file or directory)
06-06 14:57:20.431 E/Hyphenator( 1324): 	at libcore.io.Posix.open(Native Method)
06-06 14:57:20.431 E/Hyphenator( 1324): 	at libcore.io.BlockGuardOs.open(BlockGuardOs.java:187)
06-06 14:57:20.431 E/Hyphenator( 1324): 	at libcore.io.IoBridge.open(IoBridge.java:441)
06-06 14:57:20.431 E/Hyphenator( 1324): 	... 6 more
06-06 14:57:20.433 E/Hyphenator( 1324): error loading hyphenation /system/usr/hyphen-data/hyph-kn.hyb
06-06 14:57:20.433 E/Hyphenator( 1324): java.io.FileNotFoundException: /system/usr/hyphen-data/hyph-kn.hyb: open failed: ENOENT (No such file or directory)
06-06 14:57:20.433 E/Hyphenator( 1324): 	at libcore.io.IoBridge.open(IoBridge.java:455)
06-06 14:57:20.433 E/Hyphenator( 1324): 	at java.io.RandomAccessFile.<init>(RandomAccessFile.java:247)
06-06 14:57:20.433 E/Hyphenator( 1324): 	at android.text.Hyphenator.loadHyphenator(Hyphenator.java:118)
06-06 14:57:20.433 E/Hyphenator( 1324): 	at android.text.Hyphenator.init(Hyphenator.java:224)
06-06 14:57:20.433 E/Hyphenator( 1324): 	at com.android.internal.os.ZygoteInit.preloadTextResources(ZygoteInit.java:252)
06-06 14:57:20.433 E/Hyphenator( 1324): 	at com.android.internal.os.ZygoteInit.preload(ZygoteInit.java:206)
06-06 14:57:20.433 E/Hyphenator( 1324): 	at com.android.internal.os.ZygoteInit.main(ZygoteInit.java:743)
06-06 14:57:20.433 E/Hyphenator( 1324): Caused by: android.system.ErrnoException: open failed: ENOENT (No such file or directory)
06-06 14:57:20.433 E/Hyphenator( 1324): 	at libcore.io.Posix.open(Native Method)
06-06 14:57:20.433 E/Hyphenator( 1324): 	at libcore.io.BlockGuardOs.open(BlockGuardOs.java:187)
06-06 14:57:20.433 E/Hyphenator( 1324): 	at libcore.io.IoBridge.open(IoBridge.java:441)
06-06 14:57:20.433 E/Hyphenator( 1324): 	... 6 more
06-06 14:57:20.435 E/Hyphenator( 1324): error loading hyphenation /system/usr/hyphen-data/hyph-ml.hyb
06-06 14:57:20.435 E/Hyphenator( 1324): java.io.FileNotFoundException: /system/usr/hyphen-data/hyph-ml.hyb: open failed: ENOENT (No such file or directory)
06-06 14:57:20.435 E/Hyphenator( 1324): 	at libcore.io.IoBridge.open(IoBridge.java:455)
06-06 14:57:20.435 E/Hyphenator( 1324): 	at java.io.RandomAccessFile.<init>(RandomAccessFile.java:247)
06-06 14:57:20.435 E/Hyphenator( 1324): 	at android.text.Hyphenator.loadHyphenator(Hyphenator.java:118)
06-06 14:57:20.435 E/Hyphenator( 1324): 	at android.text.Hyphenator.init(Hyphenator.java:224)
06-06 14:57:20.435 E/Hyphenator( 1324): 	at com.android.internal.os.ZygoteInit.preloadTextResources(ZygoteInit.java:252)
06-06 14:57:20.435 E/Hyphenator( 1324): 	at com.android.internal.os.ZygoteInit.preload(ZygoteInit.java:206)
06-06 14:57:20.435 E/Hyphenator( 1324): 	at com.android.internal.os.ZygoteInit.main(ZygoteInit.java:743)
06-06 14:57:20.435 E/Hyphenator( 1324): Caused by: android.system.ErrnoException: open failed: ENOENT (No such file or directory)
06-06 14:57:20.435 E/Hyphenator( 1324): 	at libcore.io.Posix.open(Native Method)
06-06 14:57:20.435 E/Hyphenator( 1324): 	at libcore.io.BlockGuardOs.open(BlockGuardOs.java:187)
06-06 14:57:20.435 E/Hyphenator( 1324): 	at libcore.io.IoBridge.open(IoBridge.java:441)
06-06 14:57:20.435 E/Hyphenator( 1324): 	... 6 more
06-06 14:57:20.524 E/Hyphenator( 1324): error loading hyphenation /system/usr/hyphen-data/hyph-mn-cyrl.hyb
06-06 14:57:20.524 E/Hyphenator( 1324): java.io.FileNotFoundException: /system/usr/hyphen-data/hyph-mn-cyrl.hyb: open failed: ENOENT (No such file or directory)
06-06 14:57:20.524 E/Hyphenator( 1324): 	at libcore.io.IoBridge.open(IoBridge.java:455)
06-06 14:57:20.524 E/Hyphenator( 1324): 	at java.io.RandomAccessFile.<init>(RandomAccessFile.java:247)
06-06 14:57:20.524 E/Hyphenator( 1324): 	at android.text.Hyphenator.loadHyphenator(Hyphenator.java:118)
06-06 14:57:20.524 E/Hyphenator( 1324): 	at android.text.Hyphenator.init(Hyphenator.java:224)
06-06 14:57:20.524 E/Hyphenator( 1324): 	at com.android.internal.os.ZygoteInit.preloadTextResources(ZygoteInit.java:252)
06-06 14:57:20.524 E/Hyphenator( 1324): 	at com.android.internal.os.ZygoteInit.preload(ZygoteInit.java:206)
06-06 14:57:20.524 E/Hyphenator( 1324): 	at com.android.internal.os.ZygoteInit.main(ZygoteInit.java:743)
06-06 14:57:20.524 E/Hyphenator( 1324): Caused by: android.system.ErrnoException: open failed: ENOENT (No such file or directory)
06-06 14:57:20.524 E/Hyphenator( 1324): 	at libcore.io.Posix.open(Native Method)
06-06 14:57:20.524 E/Hyphenator( 1324): 	at libcore.io.BlockGuardOs.open(BlockGuardOs.java:187)
06-06 14:57:20.524 E/Hyphenator( 1324): 	at libcore.io.IoBridge.open(IoBridge.java:441)
06-06 14:57:20.524 E/Hyphenator( 1324): 	... 6 more
06-06 14:57:20.526 E/Hyphenator( 1324): error loading hyphenation /system/usr/hyphen-data/hyph-mr.hyb
06-06 14:57:20.526 E/Hyphenator( 1324): java.io.FileNotFoundException: /system/usr/hyphen-data/hyph-mr.hyb: open failed: ENOENT (No such file or directory)
06-06 14:57:20.526 E/Hyphenator( 1324): 	at libcore.io.IoBridge.open(IoBridge.java:455)
06-06 14:57:20.526 E/Hyphenator( 1324): 	at java.io.RandomAccessFile.<init>(RandomAccessFile.java:247)
06-06 14:57:20.526 E/Hyphenator( 1324): 	at android.text.Hyphenator.loadHyphenator(Hyphenator.java:118)
06-06 14:57:20.526 E/Hyphenator( 1324): 	at android.text.Hyphenator.init(Hyphenator.java:224)
06-06 14:57:20.526 E/Hyphenator( 1324): 	at com.android.internal.os.ZygoteInit.preloadTextResources(ZygoteInit.java:252)
06-06 14:57:20.526 E/Hyphenator( 1324): 	at com.android.internal.os.ZygoteInit.preload(ZygoteInit.java:206)
06-06 14:57:20.526 E/Hyphenator( 1324): 	at com.android.internal.os.ZygoteInit.main(ZygoteInit.java:743)
06-06 14:57:20.526 E/Hyphenator( 1324): Caused by: android.system.ErrnoException: open failed: ENOENT (No such file or directory)
06-06 14:57:20.526 E/Hyphenator( 1324): 	at libcore.io.Posix.open(Native Method)
06-06 14:57:20.526 E/Hyphenator( 1324): 	at libcore.io.BlockGuardOs.open(BlockGuardOs.java:187)
06-06 14:57:20.526 E/Hyphenator( 1324): 	at libcore.io.IoBridge.open(IoBridge.java:441)
06-06 14:57:20.526 E/Hyphenator( 1324): 	... 6 more
06-06 14:57:20.529 E/Hyphenator( 1324): error loading hyphenation /system/usr/hyphen-data/hyph-nb.hyb
06-06 14:57:20.529 E/Hyphenator( 1324): java.io.FileNotFoundException: /system/usr/hyphen-data/hyph-nb.hyb: open failed: ENOENT (No such file or directory)
06-06 14:57:20.529 E/Hyphenator( 1324): 	at libcore.io.IoBridge.open(IoBridge.java:455)
06-06 14:57:20.529 E/Hyphenator( 1324): 	at java.io.RandomAccessFile.<init>(RandomAccessFile.java:247)
06-06 14:57:20.529 E/Hyphenator( 1324): 	at android.text.Hyphenator.loadHyphenator(Hyphenator.java:118)
06-06 14:57:20.529 E/Hyphenator( 1324): 	at android.text.Hyphenator.init(Hyphenator.java:224)
06-06 14:57:20.529 E/Hyphenator( 1324): 	at com.android.internal.os.ZygoteInit.preloadTextResources(ZygoteInit.java:252)
06-06 14:57:20.529 E/Hyphenator( 1324): 	at com.android.internal.os.ZygoteInit.preload(ZygoteInit.java:206)
06-06 14:57:20.529 E/Hyphenator( 1324): 	at com.android.internal.os.ZygoteInit.main(ZygoteInit.java:743)
06-06 14:57:20.529 E/Hyphenator( 1324): Caused by: android.system.ErrnoException: open failed: ENOENT (No such file or directory)
06-06 14:57:20.529 E/Hyphenator( 1324): 	at libcore.io.Posix.open(Native Method)
06-06 14:57:20.529 E/Hyphenator( 1324): 	at libcore.io.BlockGuardOs.open(BlockGuardOs.java:187)
06-06 14:57:20.529 E/Hyphenator( 1324): 	at libcore.io.IoBridge.open(IoBridge.java:441)
06-06 14:57:20.529 E/Hyphenator( 1324): 	... 6 more
06-06 14:57:20.584 I/art     ( 1323): Background concurrent mark sweep GC freed 80(3KB) AllocSpace objects, 0(0B) LOS objects, 39% free, 6MB/10MB, paused 221us total 186.139ms
06-06 14:57:20.602 E/Hyphenator( 1324): error loading hyphenation /system/usr/hyphen-data/hyph-nn.hyb
06-06 14:57:20.602 E/Hyphenator( 1324): java.io.FileNotFoundException: /system/usr/hyphen-data/hyph-nn.hyb: open failed: ENOENT (No such file or directory)
06-06 14:57:20.602 E/Hyphenator( 1324): 	at libcore.io.IoBridge.open(IoBridge.java:455)
06-06 14:57:20.602 E/Hyphenator( 1324): 	at java.io.RandomAccessFile.<init>(RandomAccessFile.java:247)
06-06 14:57:20.602 E/Hyphenator( 1324): 	at android.text.Hyphenator.loadHyphenator(Hyphenator.java:118)
06-06 14:57:20.602 E/Hyphenator( 1324): 	at android.text.Hyphenator.init(Hyphenator.java:224)
06-06 14:57:20.602 E/Hyphenator( 1324): 	at com.android.internal.os.ZygoteInit.preloadTextResources(ZygoteInit.java:252)
06-06 14:57:20.602 E/Hyphenator( 1324): 	at com.android.internal.os.ZygoteInit.preload(ZygoteInit.java:206)
06-06 14:57:20.602 E/Hyphenator( 1324): 	at com.android.internal.os.ZygoteInit.main(ZygoteInit.java:743)
06-06 14:57:20.602 E/Hyphenator( 1324): Caused by: android.system.ErrnoException: open failed: ENOENT (No such file or directory)
06-06 14:57:20.602 E/Hyphenator( 1324): 	at libcore.io.Posix.open(Native Method)
06-06 14:57:20.602 E/Hyphenator( 1324): 	at libcore.io.BlockGuardOs.open(BlockGuardOs.java:187)
06-06 14:57:20.602 E/Hyphenator( 1324): 	at libcore.io.IoBridge.open(IoBridge.java:441)
06-06 14:57:20.602 E/Hyphenator( 1324): 	... 6 more
06-06 14:57:20.632 E/Hyphenator( 1324): error loading hyphenation /system/usr/hyphen-data/hyph-or.hyb
06-06 14:57:20.632 E/Hyphenator( 1324): java.io.FileNotFoundException: /system/usr/hyphen-data/hyph-or.hyb: open failed: ENOENT (No such file or directory)
06-06 14:57:20.632 E/Hyphenator( 1324): 	at libcore.io.IoBridge.open(IoBridge.java:455)
06-06 14:57:20.632 E/Hyphenator( 1324): 	at java.io.RandomAccessFile.<init>(RandomAccessFile.java:247)
06-06 14:57:20.632 E/Hyphenator( 1324): 	at android.text.Hyphenator.loadHyphenator(Hyphenator.java:118)
06-06 14:57:20.632 E/Hyphenator( 1324): 	at android.text.Hyphenator.init(Hyphenator.java:224)
06-06 14:57:20.632 E/Hyphenator( 1324): 	at com.android.internal.os.ZygoteInit.preloadTextResources(ZygoteInit.java:252)
06-06 14:57:20.632 E/Hyphenator( 1324): 	at com.android.internal.os.ZygoteInit.preload(ZygoteInit.java:206)
06-06 14:57:20.632 E/Hyphenator( 1324): 	at com.android.internal.os.ZygoteInit.main(ZygoteInit.java:743)
06-06 14:57:20.632 E/Hyphenator( 1324): Caused by: android.system.ErrnoException: open failed: ENOENT (No such file or directory)
06-06 14:57:20.632 E/Hyphenator( 1324): 	at libcore.io.Posix.open(Native Method)
06-06 14:57:20.632 E/Hyphenator( 1324): 	at libcore.io.BlockGuardOs.open(BlockGuardOs.java:187)
06-06 14:57:20.632 E/Hyphenator( 1324): 	at libcore.io.IoBridge.open(IoBridge.java:441)
06-06 14:57:20.632 E/Hyphenator( 1324): 	... 6 more
06-06 14:57:20.635 E/Hyphenator( 1324): error loading hyphenation /system/usr/hyphen-data/hyph-pa.hyb
06-06 14:57:20.635 E/Hyphenator( 1324): java.io.FileNotFoundException: /system/usr/hyphen-data/hyph-pa.hyb: open failed: ENOENT (No such file or directory)
06-06 14:57:20.635 E/Hyphenator( 1324): 	at libcore.io.IoBridge.open(IoBridge.java:455)
06-06 14:57:20.635 E/Hyphenator( 1324): 	at java.io.RandomAccessFile.<init>(RandomAccessFile.java:247)
06-06 14:57:20.635 E/Hyphenator( 1324): 	at android.text.Hyphenator.loadHyphenator(Hyphenator.java:118)
06-06 14:57:20.635 E/Hyphenator( 1324): 	at android.text.Hyphenator.init(Hyphenator.java:224)
06-06 14:57:20.635 E/Hyphenator( 1324): 	at com.android.internal.os.ZygoteInit.preloadTextResources(ZygoteInit.java:252)
06-06 14:57:20.635 E/Hyphenator( 1324): 	at com.android.internal.os.ZygoteInit.preload(ZygoteInit.java:206)
06-06 14:57:20.635 E/Hyphenator( 1324): 	at com.android.internal.os.ZygoteInit.main(ZygoteInit.java:743)
06-06 14:57:20.635 E/Hyphenator( 1324): Caused by: android.system.ErrnoException: open failed: ENOENT (No such file or directory)
06-06 14:57:20.635 E/Hyphenator( 1324): 	at libcore.io.Posix.open(Native Method)
06-06 14:57:20.635 E/Hyphenator( 1324): 	at libcore.io.BlockGuardOs.open(BlockGuardOs.java:187)
06-06 14:57:20.635 E/Hyphenator( 1324): 	at libcore.io.IoBridge.open(IoBridge.java:441)
06-06 14:57:20.635 E/Hyphenator( 1324): 	... 6 more
06-06 14:57:20.637 E/Hyphenator( 1324): error loading hyphenation /system/usr/hyphen-data/hyph-pt.hyb
06-06 14:57:20.637 E/Hyphenator( 1324): java.io.FileNotFoundException: /system/usr/hyphen-data/hyph-pt.hyb: open failed: ENOENT (No such file or directory)
06-06 14:57:20.637 E/Hyphenator( 1324): 	at libcore.io.IoBridge.open(IoBridge.java:455)
06-06 14:57:20.637 E/Hyphenator( 1324): 	at java.io.RandomAccessFile.<init>(RandomAccessFile.java:247)
06-06 14:57:20.637 E/Hyphenator( 1324): 	at android.text.Hyphenator.loadHyphenator(Hyphenator.java:118)
06-06 14:57:20.637 E/Hyphenator( 1324): 	at android.text.Hyphenator.init(Hyphenator.java:224)
06-06 14:57:20.637 E/Hyphenator( 1324): 	at com.android.internal.os.ZygoteInit.preloadTextResources(ZygoteInit.java:252)
06-06 14:57:20.637 E/Hyphenator( 1324): 	at com.android.internal.os.ZygoteInit.preload(ZygoteInit.java:206)
06-06 14:57:20.637 E/Hyphenator( 1324): 	at com.android.internal.os.ZygoteInit.main(ZygoteInit.java:743)
06-06 14:57:20.637 E/Hyphenator( 1324): Caused by: android.system.ErrnoException: open failed: ENOENT (No such file or directory)
06-06 14:57:20.637 E/Hyphenator( 1324): 	at libcore.io.Posix.open(Native Method)
06-06 14:57:20.637 E/Hyphenator( 1324): 	at libcore.io.BlockGuardOs.open(BlockGuardOs.java:187)
06-06 14:57:20.637 E/Hyphenator( 1324): 	at libcore.io.IoBridge.open(IoBridge.java:441)
06-06 14:57:20.637 E/Hyphenator( 1324): 	... 6 more
06-06 14:57:20.639 E/Hyphenator( 1324): error loading hyphenation /system/usr/hyphen-data/hyph-sl.hyb
06-06 14:57:20.639 E/Hyphenator( 1324): java.io.FileNotFoundException: /system/usr/hyphen-data/hyph-sl.hyb: open failed: ENOENT (No such file or directory)
06-06 14:57:20.639 E/Hyphenator( 1324): 	at libcore.io.IoBridge.open(IoBridge.java:455)
06-06 14:57:20.639 E/Hyphenator( 1324): 	at java.io.RandomAccessFile.<init>(RandomAccessFile.java:247)
06-06 14:57:20.639 E/Hyphenator( 1324): 	at android.text.Hyphenator.loadHyphenator(Hyphenator.java:118)
06-06 14:57:20.639 E/Hyphenator( 1324): 	at android.text.Hyphenator.init(Hyphenator.java:224)
06-06 14:57:20.639 E/Hyphenator( 1324): 	at com.android.internal.os.ZygoteInit.preloadTextResources(ZygoteInit.java:252)
06-06 14:57:20.639 E/Hyphenator( 1324): 	at com.android.internal.os.ZygoteInit.preload(ZygoteInit.java:206)
06-06 14:57:20.639 E/Hyphenator( 1324): 	at com.android.internal.os.ZygoteInit.main(ZygoteInit.java:743)
06-06 14:57:20.639 E/Hyphenator( 1324): Caused by: android.system.ErrnoException: open failed: ENOENT (No such file or directory)
06-06 14:57:20.639 E/Hyphenator( 1324): 	at libcore.io.Posix.open(Native Method)
06-06 14:57:20.639 E/Hyphenator( 1324): 	at libcore.io.BlockGuardOs.open(BlockGuardOs.java:187)
06-06 14:57:20.639 E/Hyphenator( 1324): 	at libcore.io.IoBridge.open(IoBridge.java:441)
06-06 14:57:20.639 E/Hyphenator( 1324): 	... 6 more
06-06 14:57:20.671 E/Hyphenator( 1324): error loading hyphenation /system/usr/hyphen-data/hyph-ta.hyb
06-06 14:57:20.671 E/Hyphenator( 1324): java.io.FileNotFoundException: /system/usr/hyphen-data/hyph-ta.hyb: open failed: ENOENT (No such file or directory)
06-06 14:57:20.671 E/Hyphenator( 1324): 	at libcore.io.IoBridge.open(IoBridge.java:455)
06-06 14:57:20.671 E/Hyphenator( 1324): 	at java.io.RandomAccessFile.<init>(RandomAccessFile.java:247)
06-06 14:57:20.671 E/Hyphenator( 1324): 	at android.text.Hyphenator.loadHyphenator(Hyphenator.java:118)
06-06 14:57:20.671 E/Hyphenator( 1324): 	at android.text.Hyphenator.init(Hyphenator.java:224)
06-06 14:57:20.671 E/Hyphenator( 1324): 	at com.android.internal.os.ZygoteInit.preloadTextResources(ZygoteInit.java:252)
06-06 14:57:20.671 E/Hyphenator( 1324): 	at com.android.internal.os.ZygoteInit.preload(ZygoteInit.java:206)
06-06 14:57:20.671 E/Hyphenator( 1324): 	at com.android.internal.os.ZygoteInit.main(ZygoteInit.java:743)
06-06 14:57:20.671 E/Hyphenator( 1324): Caused by: android.system.ErrnoException: open failed: ENOENT (No such file or directory)
06-06 14:57:20.671 E/Hyphenator( 1324): 	at libcore.io.Posix.open(Native Method)
06-06 14:57:20.671 E/Hyphenator( 1324): 	at libcore.io.BlockGuardOs.open(BlockGuardOs.java:187)
06-06 14:57:20.671 E/Hyphenator( 1324): 	at libcore.io.IoBridge.open(IoBridge.java:441)
06-06 14:57:20.671 E/Hyphenator( 1324): 	... 6 more
06-06 14:57:20.674 E/Hyphenator( 1324): error loading hyphenation /system/usr/hyphen-data/hyph-te.hyb
06-06 14:57:20.674 E/Hyphenator( 1324): java.io.FileNotFoundException: /system/usr/hyphen-data/hyph-te.hyb: open failed: ENOENT (No such file or directory)
06-06 14:57:20.674 E/Hyphenator( 1324): 	at libcore.io.IoBridge.open(IoBridge.java:455)
06-06 14:57:20.674 E/Hyphenator( 1324): 	at java.io.RandomAccessFile.<init>(RandomAccessFile.java:247)
06-06 14:57:20.674 E/Hyphenator( 1324): 	at android.text.Hyphenator.loadHyphenator(Hyphenator.java:118)
06-06 14:57:20.674 E/Hyphenator( 1324): 	at android.text.Hyphenator.init(Hyphenator.java:224)
06-06 14:57:20.674 E/Hyphenator( 1324): 	at com.android.internal.os.ZygoteInit.preloadTextResources(ZygoteInit.java:252)
06-06 14:57:20.674 E/Hyphenator( 1324): 	at com.android.internal.os.ZygoteInit.preload(ZygoteInit.java:206)
06-06 14:57:20.674 E/Hyphenator( 1324): 	at com.android.internal.os.ZygoteInit.main(ZygoteInit.java:743)
06-06 14:57:20.674 E/Hyphenator( 1324): Caused by: android.system.ErrnoException: open failed: ENOENT (No such file or directory)
06-06 14:57:20.674 E/Hyphenator( 1324): 	at libcore.io.Posix.open(Native Method)
06-06 14:57:20.674 E/Hyphenator( 1324): 	at libcore.io.BlockGuardOs.open(BlockGuardOs.java:187)
06-06 14:57:20.674 E/Hyphenator( 1324): 	at libcore.io.IoBridge.open(IoBridge.java:441)
06-06 14:57:20.674 E/Hyphenator( 1324): 	... 6 more
06-06 14:57:20.676 E/Hyphenator( 1324): error loading hyphenation /system/usr/hyphen-data/hyph-tk.hyb
06-06 14:57:20.676 E/Hyphenator( 1324): java.io.FileNotFoundException: /system/usr/hyphen-data/hyph-tk.hyb: open failed: ENOENT (No such file or directory)
06-06 14:57:20.676 E/Hyphenator( 1324): 	at libcore.io.IoBridge.open(IoBridge.java:455)
06-06 14:57:20.676 E/Hyphenator( 1324): 	at java.io.RandomAccessFile.<init>(RandomAccessFile.java:247)
06-06 14:57:20.676 E/Hyphenator( 1324): 	at android.text.Hyphenator.loadHyphenator(Hyphenator.java:118)
06-06 14:57:20.676 E/Hyphenator( 1324): 	at android.text.Hyphenator.init(Hyphenator.java:224)
06-06 14:57:20.676 E/Hyphenator( 1324): 	at com.android.internal.os.ZygoteInit.preloadTextResources(ZygoteInit.java:252)
06-06 14:57:20.676 E/Hyphenator( 1324): 	at com.android.internal.os.ZygoteInit.preload(ZygoteInit.java:206)
06-06 14:57:20.676 E/Hyphenator( 1324): 	at com.android.internal.os.ZygoteInit.main(ZygoteInit.java:743)
06-06 14:57:20.676 E/Hyphenator( 1324): Caused by: android.system.ErrnoException: open failed: ENOENT (No such file or directory)
06-06 14:57:20.676 E/Hyphenator( 1324): 	at libcore.io.Posix.open(Native Method)
06-06 14:57:20.676 E/Hyphenator( 1324): 	at libcore.io.BlockGuardOs.open(BlockGuardOs.java:187)
06-06 14:57:20.676 E/Hyphenator( 1324): 	at libcore.io.IoBridge.open(IoBridge.java:441)
06-06 14:57:20.676 E/Hyphenator( 1324): 	... 6 more
06-06 14:57:20.677 E/Hyphenator( 1324): error loading hyphenation /system/usr/hyphen-data/hyph-und-ethi.hyb
06-06 14:57:20.677 E/Hyphenator( 1324): java.io.FileNotFoundException: /system/usr/hyphen-data/hyph-und-ethi.hyb: open failed: ENOENT (No such file or directory)
06-06 14:57:20.677 E/Hyphenator( 1324): 	at libcore.io.IoBridge.open(IoBridge.java:455)
06-06 14:57:20.677 E/Hyphenator( 1324): 	at java.io.RandomAccessFile.<init>(RandomAccessFile.java:247)
06-06 14:57:20.677 E/Hyphenator( 1324): 	at android.text.Hyphenator.loadHyphenator(Hyphenator.java:118)
06-06 14:57:20.677 E/Hyphenator( 1324): 	at android.text.Hyphenator.init(Hyphenator.java:224)
06-06 14:57:20.677 E/Hyphenator( 1324): 	at com.android.internal.os.ZygoteInit.preloadTextResources(ZygoteInit.java:252)
06-06 14:57:20.677 E/Hyphenator( 1324): 	at com.android.internal.os.ZygoteInit.preload(ZygoteInit.java:206)
06-06 14:57:20.677 E/Hyphenator( 1324): 	at com.android.internal.os.ZygoteInit.main(ZygoteInit.java:743)
06-06 14:57:20.677 E/Hyphenator( 1324): Caused by: android.system.ErrnoException: open failed: ENOENT (No such file or directory)
06-06 14:57:20.677 E/Hyphenator( 1324): 	at libcore.io.Posix.open(Native Method)
06-06 14:57:20.677 E/Hyphenator( 1324): 	at libcore.io.BlockGuardOs.open(BlockGuardOs.java:187)
06-06 14:57:20.677 E/Hyphenator( 1324): 	at libcore.io.IoBridge.open(IoBridge.java:441)
06-06 14:57:20.677 E/Hyphenator( 1324): 	... 6 more
06-06 14:57:21.149 I/Zygote  ( 1323): System server process 1926 has been created
06-06 14:57:21.236 I/Zygote  ( 1324): Uninstalled ICU cache reference pinning...
06-06 14:57:21.309 I/Zygote  ( 1323): Accepting command socket connections
06-06 14:57:21.351 I/Zygote  ( 1324): Installed AndroidKeyStoreProvider in 115ms.
06-06 14:57:22.214 I/Zygote  ( 1324): Warmed up JCA providers in 863ms.
06-06 14:57:22.215 D/Zygote  ( 1324): end preload
06-06 14:57:22.217 I/art     ( 1324): Starting a blocking GC Explicit
06-06 14:57:22.639 I/art     ( 1324): Explicit concurrent mark sweep GC freed 15406(1169KB) AllocSpace objects, 0(0B) LOS objects, 39% free, 6MB/10MB, paused 32.622ms total 417.035ms
06-06 14:57:22.706 I/art     ( 1324): Starting a blocking GC Explicit
06-06 14:57:22.958 I/art     ( 1324): Explicit concurrent mark sweep GC freed 1501(61KB) AllocSpace objects, 3(132KB) LOS objects, 39% free, 6MB/10MB, paused 442us total 248.812ms
06-06 14:57:22.994 I/Zygote  ( 1324): Accepting command socket connections
06-06 14:57:23.063 I/Zygote  ( 1926): Process: zygote socket opened, supported ABIS: x86
06-06 14:57:23.069 I/InstallerConnection( 1926): connecting...
06-06 14:57:23.082 I/        ( 1328): new connection
06-06 14:57:23.561 I/InstallerConnection( 1926): disconnecting...
06-06 14:57:23.580 E/        ( 1328): eof
06-06 14:57:23.581 E/        ( 1328): failed to read size
06-06 14:57:23.581 I/        ( 1328): closing connection
06-06 14:57:24.770 I/SystemServer( 1926): Entered the Android system server!
06-06 14:57:27.010 I/SystemServiceManager( 1926): Starting com.android.server.pm.Installer
06-06 14:57:27.100 I/Installer( 1926): Waiting for installd to be ready.
06-06 14:57:27.101 I/InstallerConnection( 1926): connecting...
06-06 14:57:27.102 I/        ( 1328): new connection
06-06 14:57:27.104 I/SystemServiceManager( 1926): Starting com.android.server.am.ActivityManagerService$Lifecycle
06-06 14:57:27.496 I/ActivityManager( 1926): Memory class: 256
06-06 14:57:27.551 I/ServiceThread( 1926): Enabled StrictMode logging for ActivityManager looper.
06-06 14:57:27.590 I/ServiceThread( 1926): Enabled StrictMode logging for android.ui looper.
06-06 14:57:28.454 D/BatteryStatsImpl( 1926): Reading daily items from /data/system/batterystats-daily.xml
06-06 14:57:30.841 W/ProcessCpuTracker( 1926): Skipping unknown process pid 1977
06-06 14:57:30.844 W/ProcessCpuTracker( 1926): Skipping unknown process pid 1981
06-06 14:57:31.026 I/IntentFirewall( 1926): Read new rules (A:0 B:0 S:0)
06-06 14:57:31.155 I/ServiceThread( 1926): Enabled StrictMode logging for android.display looper.
06-06 14:57:31.312 D/AppOps  ( 1926): AppOpsService published
06-06 14:57:31.314 I/SystemServiceManager( 1926): Starting com.android.server.power.PowerManagerService
06-06 14:57:31.441 I/ServiceThread( 1926): Enabled StrictMode logging for PowerManagerService looper.
06-06 14:57:31.454 E/PowerManagerService-JNI( 1926): Couldn't load power module (No such file or directory)
06-06 14:57:31.455 W/libsuspend( 1926): Error writing 'on' to /sys/power/state: Invalid argument
06-06 14:57:31.456 I/libsuspend( 1926): Selected wakeup count
06-06 14:57:31.562 I/SystemServiceManager( 1926): Starting com.android.server.lights.LightsService
06-06 14:57:31.810 I/SystemServiceManager( 1926): Starting com.android.server.display.DisplayManagerService
06-06 14:57:31.866 I/SystemServiceManager( 1926): Starting phase 100
06-06 14:57:31.946 E/SurfaceFlinger( 1320): ro.sf.lcd_density must be defined as a build property
06-06 14:57:32.047 I/DisplayManagerService( 1926): Display device added: DisplayDeviceInfo{"Built-in Screen": uniqueId="local:0", 1080 x 1920, modeId 1, defaultModeId 1, supportedModes [{id=1, width=1080, height=1920, fps=60.000004}], colorMode 0, supportedColorModes [0], HdrCapabilities android.view.Display$HdrCapabilities@a69d6308, density 480, 480.0 x 480.0 dpi, appVsyncOff 1000000, presDeadline 16666666, touch INTERNAL, rotation 0, type BUILT_IN, state UNKNOWN, FLAG_DEFAULT_DISPLAY, FLAG_ROTATES_WITH_CONTENT, FLAG_SECURE, FLAG_SUPPORTS_PROTECTED_BUFFERS}
06-06 14:57:32.060 D/SurfaceFlinger( 1320): Set power mode=2, type=0 flinger=0x756464c47000
06-06 14:57:32.060 D/SurfaceFlinger( 1320): Screen type=0 is already mode=2
06-06 14:57:32.073 I/DisplayManagerService( 1926): Display device changed state: "Built-in Screen", ON
06-06 14:57:32.075 I/SystemServer( 1926): StartPackageManagerService
06-06 14:57:32.503 W/SystemConfig( 1926): No directory /system/etc/sysconfig, skipping
06-06 14:57:32.902 D/SELinuxMMAC( 1926): Using policy file /system/etc/security/mac_permissions.xml
06-06 14:57:33.152 V/NatController( 1335): runCmd(/system/bin/iptables -w -F natctrl_FORWARD) res=0
06-06 14:57:33.586 V/NatController( 1335): runCmd(/system/bin/ip6tables -w -F natctrl_FORWARD) res=0
06-06 14:57:34.125 V/NatController( 1335): runCmd(/system/bin/iptables -w -A natctrl_FORWARD -j DROP) res=0
06-06 14:57:34.521 V/NatController( 1335): runCmd(/system/bin/iptables -w -t nat -F natctrl_nat_POSTROUTING) res=0
06-06 14:57:34.881 V/NatController( 1335): runCmd(/system/bin/ip6tables -w -t raw -F natctrl_raw_PREROUTING) res=0
06-06 14:57:35.022 E/art     ( 1926): DexFile_getDexOptNeeded file '/system/framework/org.apache.http.legacy.jar' does not exist
06-06 14:57:35.024 W/PackageManager( 1926): Library not found: /system/framework/org.apache.http.legacy.jar
06-06 14:57:35.342 E/art     ( 1926): DexFile_getDexOptNeeded file '/system/framework/org.apache.http.legacy.jar' does not exist
06-06 14:57:35.343 W/PackageManager( 1926): Library not found: /system/framework/org.apache.http.legacy.jar
06-06 14:57:35.391 D/PackageManager( 1926): No files in app dir /vendor/overlay
06-06 14:57:35.441 V/NatController( 1335): runCmd(/system/bin/iptables -w -F natctrl_tether_counters) res=1
06-06 14:57:35.622 V/NatController( 1335): runCmd(/system/bin/ip6tables -w -F natctrl_tether_counters) res=1
06-06 14:57:36.002 V/NatController( 1335): runCmd(/system/bin/iptables -w -X natctrl_tether_counters) res=1
06-06 14:57:36.411 V/NatController( 1335): runCmd(/system/bin/ip6tables -w -X natctrl_tether_counters) res=1
06-06 14:57:36.740 W/PackageManager( 1926): Failed to parse /system/framework/oat: Missing base APK in /system/framework/oat
06-06 14:57:36.745 W/PackageManager( 1926): Failed to parse /system/framework/x86: Missing base APK in /system/framework/x86
06-06 14:57:36.747 W/PackageManager( 1926): Failed to parse /system/framework/x86_64: Missing base APK in /system/framework/x86_64
06-06 14:57:37.128 V/NatController( 1335): runCmd(/system/bin/iptables -w -N natctrl_tether_counters) res=0
06-06 14:57:37.634 V/NatController( 1335): runCmd(/system/bin/ip6tables -w -N natctrl_tether_counters) res=0
06-06 14:57:37.771 V/NatController( 1335): runCmd(/system/bin/iptables -w -t mangle -A natctrl_mangle_FORWARD -p tcp --tcp-flags SYN SYN -j TCPMSS --clamp-mss-to-pmtu) res=0
06-06 14:57:38.265 W/PackageParser( 1926): No actions in intent filter at /system/priv-app/Contacts/Contacts.apk Binary XML file line #409
06-06 14:57:39.319 W/PackageParser( 1926): No actions in intent filter at /system/priv-app/Dialer/Dialer.apk Binary XML file line #186
06-06 14:57:39.838 W/PackageManager( 1926): Permission android.permission.DOWNLOAD_WITHOUT_NOTIFICATION from package com.android.providers.downloads in an unknown group android.permission-group.NETWORK
06-06 14:57:42.387 E/Netd    ( 1335): cannot find interface dummy0
06-06 14:57:42.568 D/MDnsDS  ( 1335): MDnsSdListener::Hander starting up
06-06 14:57:42.769 D/MDnsDS  ( 1335): MDnsSdListener starting to monitor
06-06 14:57:42.769 D/MDnsDS  ( 1335): Going to poll with pollCount 1
06-06 14:57:44.069 W/PackageParser( 1926): Ignoring duplicate uses-permissions/uses-permissions-sdk-m: android.permission.USE_CREDENTIALS in package: com.android.settings at: Binary XML file line #53
06-06 14:57:44.082 W/PackageParser( 1926): Ignoring duplicate uses-permissions/uses-permissions-sdk-m: android.permission.READ_SYNC_SETTINGS in package: com.android.settings at: Binary XML file line #58
06-06 14:57:44.082 W/PackageParser( 1926): Ignoring duplicate uses-permissions/uses-permissions-sdk-m: android.permission.WRITE_SYNC_SETTINGS in package: com.android.settings at: Binary XML file line #59
06-06 14:57:45.321 W/PackageParser( 1926): Ignoring duplicate uses-permissions/uses-permissions-sdk-m: android.permission.INSTALL_GRANT_RUNTIME_PERMISSIONS in package: com.android.shell at: Binary XML file line #102
06-06 14:57:46.389 W/PackageParser( 1926): Ignoring duplicate uses-permissions/uses-permissions-sdk-m: android.permission.CONFIGURE_WIFI_DISPLAY in package: com.android.systemui at: Binary XML file line #123
06-06 14:57:47.423 I/art     ( 1926): Background sticky concurrent mark sweep GC freed 33374(2MB) AllocSpace objects, 20(416KB) LOS objects, 31% free, 6MB/10MB, paused 3.908ms total 251.227ms
06-06 14:57:48.708 W/PackageManager( 1926): Non-privileged app; cap priority to 0; package: com.android.calendar activity: com.android.calendar.GoogleCalendarUriIntentFilter origPrio: 50
06-06 14:57:48.992 W/PackageManager( 1926): Non-privileged app; cap priority to 0; package: com.android.cts.ctsshim activity: com.android.cts.ctsshim.InstallPriority origPrio: 100
06-06 14:57:48.993 W/PackageManager( 1926): Non-privileged app; cap priority to 0; package: com.android.cts.ctsshim activity: com.android.cts.ctsshim.InstallPriority origPrio: 100
06-06 14:57:48.993 W/PackageManager( 1926): Non-privileged app; cap priority to 0; package: com.android.cts.ctsshim activity: com.android.cts.ctsshim.InstallPriority origPrio: 100
06-06 14:57:48.993 W/PackageManager( 1926): Non-privileged app; cap priority to 0; package: com.android.cts.ctsshim activity: com.android.cts.ctsshim.InstallPriority origPrio: 100
06-06 14:57:48.993 W/PackageManager( 1926): Non-privileged app; cap priority to 0; package: com.android.cts.ctsshim activity: com.android.cts.ctsshim.InstallPriority origPrio: 100
06-06 14:57:50.239 W/PackageParser( 1926): Ignoring duplicate uses-permissions/uses-permissions-sdk-m: android.permission.WRITE_CONTACTS in package: com.android.email at: Binary XML file line #40
06-06 14:57:51.265 W/PackageParser( 1926): Unknown element under <application>: permission at /system/app/Gallery2/Gallery2.apk Binary XML file line #238
06-06 14:57:51.265 W/PackageParser( 1926): Unknown element under <application>: permission at /system/app/Gallery2/Gallery2.apk Binary XML file line #241
06-06 14:57:52.142 W/PackageManager( 1926): Permission com.android.launcher3.permission.READ_SETTINGS from package com.android.launcher3 in an unknown group android.permission-group.SYSTEM_TOOLS
06-06 14:57:52.142 W/PackageManager( 1926): Permission com.android.launcher3.permission.WRITE_SETTINGS from package com.android.launcher3 in an unknown group android.permission-group.SYSTEM_TOOLS
06-06 14:57:52.142 W/PackageManager( 1926): Permission com.android.launcher.permission.INSTALL_SHORTCUT from package com.android.launcher3 in an unknown group android.permission-group.SYSTEM_TOOLS
06-06 14:57:54.716 D/PackageManager( 1926): No files in app dir /system/vendor/app
06-06 14:57:54.717 D/PackageManager( 1926): No files in app dir /oem/app
06-06 14:57:55.847 W/PackageParser( 1926): No actions in intent filter at /data/app/ApiDemos/ApiDemos.apk Binary XML file line #3145
06-06 14:57:55.847 W/PackageParser( 1926): No actions in intent filter at /data/app/ApiDemos/ApiDemos.apk Binary XML file line #3151
06-06 14:57:55.899 W/PackageManager( 1926): Package com.example.android.apis desires unavailable shared library com.example.will.never.exist; ignoring!
06-06 14:57:55.970 I/SELinux ( 1926): SELinux: Loaded file_contexts contexts from /file_contexts.bin.
06-06 14:57:56.539 D/PackageManager( 1926): No files in app dir /data/app-private
06-06 14:57:56.590 D/PackageManager( 1926): No files in app dir /data/app-ephemeral
06-06 14:57:56.624 E/PackageManager( 1926): There should probably be exactly one setup wizard; found 0: matches=[]
06-06 14:57:56.624 W/PackageManager( 1926): Protected action; cap priority to 0; package: com.android.cts.priv.ctsshim activity: com.android.cts.priv.ctsshim.InstallPriority origPrio: 100
06-06 14:57:56.624 W/PackageManager( 1926): Protected action; cap priority to 0; package: com.android.cts.priv.ctsshim activity: com.android.cts.priv.ctsshim.InstallPriority origPrio: 100
06-06 14:57:56.624 W/PackageManager( 1926): Protected action; cap priority to 0; package: com.android.cts.priv.ctsshim activity: com.android.cts.priv.ctsshim.InstallPriority origPrio: 100
06-06 14:57:56.624 W/PackageManager( 1926): Protected action; cap priority to 0; package: com.android.cts.priv.ctsshim activity: com.android.cts.priv.ctsshim.InstallPriority origPrio: 100
06-06 14:57:56.624 W/PackageManager( 1926): Protected action; cap priority to 0; package: com.android.packageinstaller activity: com.android.packageinstaller.PackageInstallerActivity origPrio: 1
06-06 14:57:56.625 W/PackageManager( 1926): Package com.android.camera desires unavailable shared library com.google.android.media.effects; ignoring!
06-06 14:57:56.625 W/PackageManager( 1926): Package com.android.gallery3d desires unavailable shared library com.google.android.media.effects; ignoring!
06-06 14:57:56.625 W/PackageManager( 1926): Package com.android.gallery3d desires unavailable shared library com.google.android.media.effects; ignoring!
06-06 14:57:56.625 W/PackageManager( 1926): Package com.example.android.apis desires unavailable shared library com.example.will.never.exist; ignoring!
06-06 14:57:56.627 I/PackageManager( 1926): Adjusting ABI for com.android.providers.media to x86_64 (requirer=com.android.mtp, scannedPackage=null)
06-06 14:57:56.647 I/PackageManager( 1926): Adjusting ABI for com.android.providers.downloads.ui to x86_64 (requirer=com.android.mtp, scannedPackage=null)
06-06 14:57:56.649 I/PackageManager( 1926): Adjusting ABI for com.android.providers.downloads to x86_64 (requirer=com.android.mtp, scannedPackage=null)
06-06 14:57:56.662 I/PackageManager( 1926): Adjusting ABI for com.android.keychain to x86_64 (requirer=android, scannedPackage=null)
06-06 14:57:56.664 I/PackageManager( 1926): Adjusting ABI for com.android.inputdevices to x86_64 (requirer=android, scannedPackage=null)
06-06 14:57:56.671 I/PackageManager( 1926): Adjusting ABI for com.android.providers.settings to x86_64 (requirer=android, scannedPackage=null)
06-06 14:57:56.673 I/PackageManager( 1926): Adjusting ABI for com.android.wallpaperbackup to x86_64 (requirer=android, scannedPackage=null)
06-06 14:57:56.675 I/PackageManager( 1926): Adjusting ABI for com.android.location.fused to x86_64 (requirer=android, scannedPackage=null)
06-06 14:57:56.677 I/PackageManager( 1926): Adjusting ABI for com.android.settings to x86_64 (requirer=android, scannedPackage=null)
06-06 14:57:56.679 I/PackageManager( 1926): Adjusting ABI for com.android.server.telecom to x86_64 (requirer=android, scannedPackage=null)
06-06 14:57:56.702 I/PackageManager( 1926): Time to scan packages: 21.886 seconds
06-06 14:57:56.706 W/PackageManager( 1926): Unknown permission com.google.android.googleapps.permission.GOOGLE_AUTH in package com.android.providers.calendar
06-06 14:57:56.707 W/PackageManager( 1926): Unknown permission com.google.android.googleapps.permission.GOOGLE_AUTH.cl in package com.android.providers.calendar
06-06 14:57:56.708 W/PackageManager( 1926): Not granting permission android.permission.GLOBAL_SEARCH to package com.android.quicksearchbox (protectionLevel=18 flags=0x3808be45)
06-06 14:57:56.722 W/PackageManager( 1926): Not granting permission android.permission.WRITE_EXTERNAL_STORAGE to package gov.nasa.arc.astrobee.android.gs.manager because it was previously installed without
06-06 14:57:56.722 W/PackageManager( 1926): Not granting permission android.permission.READ_EXTERNAL_STORAGE to package gov.nasa.arc.astrobee.android.gs.manager because it was previously installed without
06-06 14:57:56.723 W/PackageManager( 1926): Unknown permission com.android.launcher.permission.READ_SETTINGS in package com.android.launcher3
06-06 14:57:56.723 W/PackageManager( 1926): Unknown permission com.android.launcher.permission.WRITE_SETTINGS in package com.android.launcher3
06-06 14:57:56.723 W/PackageManager( 1926): Not granting permission android.permission.BIND_APPWIDGET to package com.android.launcher3 (protectionLevel=18 flags=0x3c4bbe45)
06-06 14:57:56.723 W/PackageManager( 1926): Unknown permission com.google.android.googleapps.permission.GOOGLE_AUTH.mail in package com.android.calendar
06-06 14:57:56.723 W/PackageManager( 1926): Unknown permission com.google.android.providers.settings.permission.WRITE_GSETTINGS in package com.android.sdksetup
06-06 14:57:56.725 W/PackageManager( 1926): Unknown permission com.google.android.permission.INSTALL_WEARABLE_PACKAGES in package com.android.packageinstaller
06-06 14:57:56.725 W/PackageManager( 1926): Not granting permission android.permission.DELETE_PACKAGES to package com.svox.pico (protectionLevel=18 flags=0x3808be45)
06-06 14:57:56.725 W/PackageManager( 1926): Not granting permission android.permission.READ_CONTACTS to package com.example.android.apis because it was previously installed without
06-06 14:57:56.725 W/PackageManager( 1926): Not granting permission android.permission.WRITE_CONTACTS to package com.example.android.apis because it was previously installed without
06-06 14:57:56.725 W/PackageManager( 1926): Not granting permission android.permission.ACCESS_COARSE_LOCATION to package com.example.android.apis because it was previously installed without
06-06 14:57:56.725 W/PackageManager( 1926): Not granting permission android.permission.WRITE_EXTERNAL_STORAGE to package com.example.android.apis because it was previously installed without
06-06 14:57:56.725 W/PackageManager( 1926): Not granting permission android.permission.SEND_SMS to package com.example.android.apis because it was previously installed without
06-06 14:57:56.726 W/PackageManager( 1926): Not granting permission android.permission.RECEIVE_SMS to package com.example.android.apis because it was previously installed without
06-06 14:57:56.726 W/PackageManager( 1926): Not granting permission android.permission.RECEIVE_MMS to package com.example.android.apis because it was previously installed without
06-06 14:57:56.726 W/PackageManager( 1926): Not granting permission android.permission.READ_SMS to package com.example.android.apis because it was previously installed without
06-06 14:57:56.726 W/PackageManager( 1926): Not granting permission android.permission.READ_PHONE_STATE to package com.example.android.apis because it was previously installed without
06-06 14:57:56.726 W/PackageManager( 1926): Not granting permission android.permission.RECORD_AUDIO to package com.example.android.apis because it was previously installed without
06-06 14:57:56.726 W/PackageManager( 1926): Not granting permission android.permission.CAMERA to package com.example.android.apis because it was previously installed without
06-06 14:57:56.726 W/PackageManager( 1926): Not granting permission android.permission.READ_EXTERNAL_STORAGE to package com.example.android.apis because it was previously installed without
06-06 14:57:56.726 W/PackageManager( 1926): Unknown permission android.permission.RUN_INSTRUMENTATION in package org.chromium.webview_shell
06-06 14:57:56.727 W/PackageManager( 1926): Unknown permission com.google.android.googleapps.permission.GOOGLE_AUTH in package com.android.settings
06-06 14:57:56.727 W/PackageManager( 1926): Unknown permission com.android.launcher.permission.READ_SETTINGS in package com.android.settings
06-06 14:57:56.727 W/PackageManager( 1926): Unknown permission com.android.launcher.permission.WRITE_SETTINGS in package com.android.settings
06-06 14:57:56.728 W/PackageManager( 1926): Unknown permission com.android.smspush.WAPPUSH_MANAGER_BIND in package com.android.phone
06-06 14:57:56.741 W/PackageManager( 1926): Unknown permission com.google.android.googleapps.permission.ACCESS_GOOGLE_PASSWORD in package com.android.development
06-06 14:57:56.742 W/PackageManager( 1926): Unknown permission com.google.android.googleapps.permission.GOOGLE_AUTH in package com.android.development
06-06 14:57:56.742 W/PackageManager( 1926): Unknown permission com.google.android.googleapps.permission.GOOGLE_AUTH.ALL_SERVICES in package com.android.development
06-06 14:57:56.742 W/PackageManager( 1926): Unknown permission com.google.android.googleapps.permission.GOOGLE_AUTH.YouTubeUser in package com.android.development
06-06 14:57:56.742 W/PackageManager( 1926): Not granting permission android.permission.BIND_APPWIDGET to package com.android.widgetpreview (protectionLevel=18 flags=0x3808be44)
06-06 14:57:56.744 V/PackageManager( 1926): reconcileAppsData for null u0 0x3
06-06 14:57:56.869 I/SELinux ( 1328): SELinux: Loaded file_contexts contexts from /file_contexts.bin.
06-06 14:58:01.225 V/PackageManager( 1926): reconcileAppsData finished 81 packages
06-06 14:58:01.623 E/PackageManager( 1926): There should probably be a verifier, but, none were found
06-06 14:58:01.732 D/PackageManager( 1926): Ephemeral resolver NOT found; no matching intent filters
06-06 14:58:01.733 I/PackageManager( 1926): Ephemeral deactivated; missing resolver and installer
06-06 14:58:01.736 I/art     ( 1926): Starting a blocking GC Explicit
06-06 14:58:01.748 W/art     ( 1926): Long monitor contention with owner main (1926) at int android.net.LocalSocketImpl.readba_native(byte[], int, int, java.io.FileDescriptor)(LocalSocketImpl.java:-2) waiters=0 in void com.android.server.pm.Settings$RuntimePermissionPersistence.writePermissionsSync(int) for 4.385s
06-06 14:58:02.121 I/art     ( 1926): Explicit concurrent mark sweep GC freed 37740(2MB) AllocSpace objects, 4(80KB) LOS objects, 33% free, 7MB/10MB, paused 800us total 363.355ms
06-06 14:58:02.135 I/SystemServer( 1926): StartOtaDexOptService
06-06 14:58:02.286 I/SystemServer( 1926): StartUserManagerService
06-06 14:58:02.287 I/SystemServiceManager( 1926): Starting com.android.server.pm.UserManagerService$LifeCycle
06-06 14:58:02.469 D/SensorService( 1926): nuSensorService starting...
06-06 14:58:02.473 I/lowmemorykiller( 1318): ActivityManager connected
06-06 14:58:02.681 D/SensorService( 1926): nuSensorService thread starting...
06-06 14:58:02.685 I/SystemServiceManager( 1926): Starting com.android.server.BatteryService
06-06 14:58:02.705 D/SensorService( 1926): new thread SensorEventAckReceiver
06-06 14:58:02.782 I/SystemServiceManager( 1926): Starting com.android.server.usage.UsageStatsService
06-06 14:58:03.030 I/SystemServiceManager( 1926): Starting com.android.server.webkit.WebViewUpdateService
06-06 14:58:03.123 I/SystemServer( 1926): Reading configuration...
06-06 14:58:03.123 I/SystemServer( 1926): StartSchedulingPolicyService
06-06 14:58:03.127 I/SystemServiceManager( 1926): Starting com.android.server.telecom.TelecomLoaderService
06-06 14:58:03.128 I/SystemServer( 1926): StartTelephonyRegistry
06-06 14:58:03.177 I/SystemServer( 1926): StartEntropyMixer
06-06 14:58:03.193 I/EntropyMixer( 1926): Writing entropy...
06-06 14:58:03.297 I/SystemServer( 1926): Camera Service
06-06 14:58:03.301 I/SystemServiceManager( 1926): Starting com.android.server.camera.CameraService
06-06 14:58:03.350 I/ServiceThread( 1926): Enabled StrictMode logging for CameraService_proxy looper.
06-06 14:58:03.357 I/SystemServer( 1926): StartAccountManagerService
06-06 14:58:03.360 I/SystemServiceManager( 1926): Starting com.android.server.accounts.AccountManagerService$Lifecycle
06-06 14:58:03.415 I/SystemServer( 1926): StartContentService
06-06 14:58:03.420 I/SystemServiceManager( 1926): Starting com.android.server.content.ContentService$Lifecycle
06-06 14:58:03.435 I/SystemServer( 1926): InstallSystemProviders
06-06 14:58:03.489 W/System  ( 1926): ClassLoader referenced unknown path: /system/priv-app/SettingsProvider/lib/x86_64
06-06 14:58:03.780 I/SystemServer( 1926): StartVibratorService
06-06 14:58:03.783 E/VibratorService( 1926): Couldn't load vibrator module (No such file or directory)
06-06 14:58:03.783 W/VibratorService( 1926): Tried to stop vibrating but there is no vibrator device.
06-06 14:58:03.801 I/SystemServer( 1926): StartConsumerIrService
