06-07 07:30:55.940 V/vold    ( 1276): Waiting for FUSE to spin up...
06-07 07:30:55.985 I/MediaPlayerService( 1333): MediaPlayerService::getOMX
06-07 07:30:55.987 I/OMXClient( 1333): MuxOMX ctor
06-07 07:30:55.988 I/OMXMaster( 1330): makeComponentInstance(OMX.google.amrwb.decoder) in mediacodec process
06-07 07:30:56.005 V/vold    ( 1276): Waiting for FUSE to spin up...
06-07 07:30:56.055 V/vold    ( 1276): Waiting for FUSE to spin up...
06-07 07:30:56.107 V/MediaRouter( 1997): Adding route: RouteInfo{ name=Phone, description=null, status=null, category=RouteCategory{ name=null types=ROUTE_TYPE_LIVE_AUDIO ROUTE_TYPE_LIVE_VIDEO  groupable=false }, supportedTypes=ROUTE_TYPE_LIVE_AUDIO ROUTE_TYPE_LIVE_VIDEO , presentationDisplay=null }
06-07 07:30:56.111 V/vold    ( 1276): Waiting for FUSE to spin up...
06-07 07:30:56.161 V/MediaRouter( 1997): Updating audio routes: AudioRoutesInfo{ type=SPEAKER }
06-07 07:30:56.167 V/vold    ( 1276): Waiting for FUSE to spin up...
06-07 07:30:56.183 I/MediaPlayerService( 1333): MediaPlayerService::getOMX
06-07 07:30:56.186 I/OMXClient( 1333): MuxOMX ctor
06-07 07:30:56.187 I/OMXMaster( 1330): makeComponentInstance(OMX.google.aac.decoder) in mediacodec process
06-07 07:30:56.196 V/MediaRouter( 1997): Selecting route: RouteInfo{ name=Phone, description=null, status=null, category=RouteCategory{ name=null types=ROUTE_TYPE_LIVE_AUDIO ROUTE_TYPE_LIVE_VIDEO  groupable=false }, supportedTypes=ROUTE_TYPE_LIVE_AUDIO ROUTE_TYPE_LIVE_VIDEO , presentationDisplay=null }
06-07 07:30:56.218 V/vold    ( 1276): Waiting for FUSE to spin up...
06-07 07:30:56.273 I/LatinIME( 1991): Hardware accelerated drawing: true
06-07 07:30:56.274 V/vold    ( 1276): Waiting for FUSE to spin up...
06-07 07:30:56.330 V/vold    ( 1276): Waiting for FUSE to spin up...
06-07 07:30:56.375 I/MediaPlayerService( 1333): MediaPlayerService::getOMX
06-07 07:30:56.377 I/OMXClient( 1333): MuxOMX ctor
06-07 07:30:56.378 I/OMXMaster( 1330): makeComponentInstance(OMX.google.g711.alaw.decoder) in mediacodec process
06-07 07:30:56.381 V/vold    ( 1276): Waiting for FUSE to spin up...
06-07 07:30:56.395 W/sdcard  ( 2063): Device explicitly disabled sdcardfs
06-07 07:30:56.401 W/art     ( 1991): Suspending all threads took: 86.856ms
06-07 07:30:56.440 V/vold    ( 1276): Waiting for FUSE to spin up...
06-07 07:30:56.492 V/vold    ( 1276): Waiting for FUSE to spin up...
06-07 07:30:56.543 V/vold    ( 1276): Waiting for FUSE to spin up...
06-07 07:30:56.600 V/vold    ( 1276): Waiting for FUSE to spin up...
06-07 07:30:56.703 V/vold    ( 1276): Waiting for FUSE to spin up...
06-07 07:30:56.755 V/vold    ( 1276): Waiting for FUSE to spin up...
06-07 07:30:58.035 E/WVMExtractor( 1997): Failed to open libwvm.so: dlopen failed: library "libwvm.so" not found
06-07 07:30:58.075 I/MediaPlayerService( 1333): MediaPlayerService::getOMX
06-07 07:30:58.077 I/OMXClient( 1333): MuxOMX ctor
06-07 07:30:58.078 I/OMXMaster( 1330): makeComponentInstance(OMX.google.g711.mlaw.decoder) in mediacodec process
06-07 07:30:58.575 W/art     ( 1748): Long monitor contention with owner android.bg (1790) at void java.io.FileDescriptor.sync()(FileDescriptor.java:-2) waiters=0 in void com.android.server.pm.ShortcutService.handleOnUidStateChanged(int, int) for 7.791s
06-07 07:30:58.606 D/VoldConnector( 1748): RCV <- {651 emulated 2}
06-07 07:30:58.609 D/VoldConnector( 1748): RCV <- {200 6 Command succeeded}
06-07 07:30:58.647 E/VoldConnector( 1748): NDC Command {6 volume mount emulated 3 -1} took too long (3720ms)
06-07 07:30:58.649 D/VoldConnector( 1748): SND -> {7 volume mount public:253,48 2 0}
06-07 07:30:58.656 V/vold    ( 1276): /system/bin/blkid
06-07 07:30:58.656 V/vold    ( 1276):     -c
06-07 07:30:58.656 V/vold    ( 1276):     /dev/null
06-07 07:30:58.656 V/vold    ( 1276):     -s
06-07 07:30:58.657 V/vold    ( 1276):     TYPE
06-07 07:30:58.657 V/vold    ( 1276):     -s
06-07 07:30:58.657 V/vold    ( 1276):     UUID
06-07 07:30:58.657 V/vold    ( 1276):     -s
06-07 07:30:58.657 V/vold    ( 1276):     LABEL
06-07 07:30:58.657 V/vold    ( 1276):     /dev/block/vold/public:253,48
06-07 07:30:58.658 D/VoldConnector( 1748): RCV <- {651 public:253,48 1}
06-07 07:30:59.265 I/art     ( 2036): System.exit called, status: 0
06-07 07:30:59.265 I/AndroidRuntime( 2036): VM exiting with result code 0, cleanup skipped.
06-07 07:30:59.402 I/art     ( 2042): System.exit called, status: 0
06-07 07:30:59.402 I/AndroidRuntime( 2042): VM exiting with result code 0, cleanup skipped.
06-07 07:30:59.591 I/MediaPlayerService( 1333): MediaPlayerService::getOMX
06-07 07:30:59.593 I/OMXClient( 1333): MuxOMX ctor
06-07 07:30:59.594 I/OMXMaster( 1330): makeComponentInstance(OMX.google.vorbis.decoder) in mediacodec process
06-07 07:31:00.332 W/ProcessCpuTracker( 1748): Skipping unknown process pid 2099
06-07 07:31:00.374 V/vold    ( 1276): /dev/block/vold/public:253,48: LABEL="SDCARD" UUID="1EFF-1C1B" TYPE="vfat" 
06-07 07:31:00.374 V/vold    ( 1276): 
06-07 07:31:00.378 V/vold    ( 1276): /system/bin/fsck_msdos
06-07 07:31:00.378 V/vold    ( 1276):     -p
06-07 07:31:00.378 V/vold    ( 1276):     -f
06-07 07:31:00.378 V/vold    ( 1276):     /dev/block/vold/public:253,48
06-07 07:31:00.420 D/VoldConnector( 1748): RCV <- {652 public:253,48 vfat}
06-07 07:31:00.422 D/VoldConnector( 1748): RCV <- {653 public:253,48 1EFF-1C1B}
06-07 07:31:00.423 D/VoldConnector( 1748): RCV <- {654 public:253,48 SDCARD}
06-07 07:31:00.925 E/NetdConnector( 1748): NDC Command {3 bandwidth enable} took too long (5914ms)
06-07 07:31:01.061 I/fsck_msdos( 1276): ** /dev/block/vold/public:253,48
06-07 07:31:01.260 I/fsck_msdos( 1276): ** Phase 1 - Read and Compare FATs
06-07 07:31:01.260 I/fsck_msdos( 1276): Attempting to allocate 1046 KB for FAT
06-07 07:31:01.261 W/InputAttributes( 1991): No editor info for this field. Bug?
06-07 07:31:01.509 I/fsck_msdos( 1276): Attempting to allocate 1046 KB for FAT
06-07 07:31:01.512 I/MediaPlayerService( 1333): MediaPlayerService::getOMX
06-07 07:31:01.514 I/OMXClient( 1333): MuxOMX ctor
06-07 07:31:01.515 I/OMXMaster( 1330): makeComponentInstance(OMX.google.opus.decoder) in mediacodec process
06-07 07:31:01.975 I/vol.Events( 1997): writeEvent collection_started
06-07 07:31:02.178 I/LatinIME:LogUtils( 1991): Dictionary info: dictionary = userunigram.en_US ; version = 1591515062 ; date = ?
06-07 07:31:02.260 E/ActivityThread( 1991): Failed to find provider info for user_dictionary
06-07 07:31:02.307 I/LatinIME:LogUtils( 1991): Dictionary info: dictionary = UserHistoryDictionary.en_US ; version = 1591515062 ; date = ?
06-07 07:31:02.333 I/vol.Events( 1997): writeEvent external_ringer_mode_changed normal
06-07 07:31:02.381 I/vol.Events( 1997): writeEvent internal_ringer_mode_changed normal
06-07 07:31:02.440 I/fsck_msdos( 1276): ** Phase 2 - Check Cluster Chains
06-07 07:31:02.490 I/fsck_msdos( 1276): ** Phase 3 - Checking Directories
06-07 07:31:02.495 I/fsck_msdos( 1276): ** Phase 4 - Checking for Lost Files
06-07 07:31:02.541 I/fsck_msdos( 1276): 2 files, 534464 free (267232 clusters)
06-07 07:31:02.801 I/Vold    ( 1276): Filesystem check completed OK
06-07 07:31:02.803 D/VoldConnector( 1748): RCV <- {656 public:253,48 /mnt/media_rw/1EFF-1C1B}
06-07 07:31:02.820 D/VoldConnector( 1748): RCV <- {655 public:253,48 /storage/1EFF-1C1B}
06-07 07:31:02.903 I/MediaPlayerService( 1333): MediaPlayerService::getOMX
06-07 07:31:02.905 I/OMXClient( 1333): MuxOMX ctor
06-07 07:31:02.905 I/OMXMaster( 1330): makeComponentInstance(OMX.google.raw.decoder) in mediacodec process
06-07 07:31:02.992 I/MediaPlayerService( 1333): MediaPlayerService::getOMX
06-07 07:31:02.994 I/OMXClient( 1333): MuxOMX ctor
06-07 07:31:03.041 I/OMXMaster( 1330): makeComponentInstance(OMX.google.aac.encoder) in mediacodec process
06-07 07:31:03.074 V/vold    ( 1276): Waiting for FUSE to spin up...
06-07 07:31:03.128 V/vold    ( 1276): Waiting for FUSE to spin up...
06-07 07:31:03.220 V/vold    ( 1276): Waiting for FUSE to spin up...
06-07 07:31:03.280 V/vold    ( 1276): Waiting for FUSE to spin up...
06-07 07:31:03.303 I/MediaPlayerService( 1333): MediaPlayerService::getOMX
06-07 07:31:03.305 I/OMXClient( 1333): MuxOMX ctor
06-07 07:31:03.306 I/OMXMaster( 1330): makeComponentInstance(OMX.google.amrnb.encoder) in mediacodec process
06-07 07:31:03.340 V/vold    ( 1276): Waiting for FUSE to spin up...
06-07 07:31:03.396 V/vold    ( 1276): Waiting for FUSE to spin up...
06-07 07:31:03.443 I/MediaPlayerService( 1333): MediaPlayerService::getOMX
06-07 07:31:03.445 I/OMXClient( 1333): MuxOMX ctor
06-07 07:31:03.446 I/OMXMaster( 1330): makeComponentInstance(OMX.google.amrwb.encoder) in mediacodec process
06-07 07:31:03.449 V/vold    ( 1276): Waiting for FUSE to spin up...
06-07 07:31:03.510 V/vold    ( 1276): Waiting for FUSE to spin up...
06-07 07:31:03.546 I/MediaPlayerService( 1333): MediaPlayerService::getOMX
06-07 07:31:03.548 I/OMXClient( 1333): MuxOMX ctor
06-07 07:31:03.549 I/OMXMaster( 1330): makeComponentInstance(OMX.google.flac.encoder) in mediacodec process
06-07 07:31:03.570 V/vold    ( 1276): Waiting for FUSE to spin up...
06-07 07:31:03.650 V/vold    ( 1276): Waiting for FUSE to spin up...
06-07 07:31:03.710 V/vold    ( 1276): Waiting for FUSE to spin up...
06-07 07:31:03.805 V/vold    ( 1276): Waiting for FUSE to spin up...
06-07 07:31:03.861 V/vold    ( 1276): Waiting for FUSE to spin up...
06-07 07:31:03.920 V/vold    ( 1276): Waiting for FUSE to spin up...
06-07 07:31:03.980 V/vold    ( 1276): Waiting for FUSE to spin up...
06-07 07:31:04.040 V/vold    ( 1276): Waiting for FUSE to spin up...
06-07 07:31:04.096 V/vold    ( 1276): Waiting for FUSE to spin up...
06-07 07:31:04.131 W/sdcard  ( 2131): Device explicitly disabled sdcardfs
06-07 07:31:04.150 V/vold    ( 1276): Waiting for FUSE to spin up...
06-07 07:31:04.210 V/vold    ( 1276): Waiting for FUSE to spin up...
06-07 07:31:04.267 V/vold    ( 1276): Waiting for FUSE to spin up...
06-07 07:31:04.380 V/vold    ( 1276): Waiting for FUSE to spin up...
06-07 07:31:04.437 V/vold    ( 1276): Waiting for FUSE to spin up...
06-07 07:31:04.584 E/NetdConnector( 1748): NDC Command {4 strict enable} took too long (3621ms)
06-07 07:31:04.586 W/NetworkManagement( 1748): setDataSaverMode(): already false
06-07 07:31:04.675 D/VoldConnector( 1748): RCV <- {651 public:253,48 2}
06-07 07:31:04.677 D/VoldConnector( 1748): RCV <- {200 7 Command succeeded}
06-07 07:31:04.678 E/VoldConnector( 1748): NDC Command {7 volume mount public:253,48 2 0} took too long (6029ms)
06-07 07:31:05.632 I/MediaPlayerService( 1333): MediaPlayerService::getOMX
06-07 07:31:05.637 I/OMXClient( 1333): MuxOMX ctor
06-07 07:31:05.645 I/OMXMaster( 1330): makeComponentInstance(OMX.google.gsm.decoder) in mediacodec process
06-07 07:31:06.677 I/MediaPlayerService( 1333): MediaPlayerService::getOMX
06-07 07:31:06.678 I/OMXClient( 1333): MuxOMX ctor
06-07 07:31:06.679 I/OMXMaster( 1330): makeComponentInstance(OMX.google.mpeg4.decoder) in mediacodec process
06-07 07:31:06.754 W/AudioService( 1748): onLoadSoundEffects(), Error 1 while loading samples
06-07 07:31:07.975 E/NetdConnector( 1748): NDC Command {7 bandwidth setglobalalert 2097152} took too long (2693ms)
06-07 07:31:07.983 E/OMXNodeInstance( 1330): getExtensionIndex(532000f:google.mpeg4.decoder, OMX.google.android.index.configureVideoTunnelMode) ERROR: UnsupportedIndex(0x8000101a)
06-07 07:31:07.985 W/OMXNodeInstance( 1330): [532000f:google.mpeg4.decoder] component does not support metadata mode; using fallback
06-07 07:31:08.034 I/MediaPlayerService( 1333): MediaPlayerService::getOMX
06-07 07:31:08.036 I/OMXClient( 1333): MuxOMX ctor
06-07 07:31:08.037 I/OMXMaster( 1330): makeComponentInstance(OMX.google.h263.decoder) in mediacodec process
06-07 07:31:08.241 D/NetworkPolicy( 1748): setRestrictBackgroundUL(): false
06-07 07:31:08.246 W/NetworkManagement( 1748): setDataSaverMode(): already false
06-07 07:31:08.635 I/vol.Events( 1997): writeEvent level_changed STREAM_ALARM 6
06-07 07:31:08.655 I/vol.Events( 1997): writeEvent level_changed STREAM_BLUETOOTH_SCO 7
06-07 07:31:08.688 I/vol.Events( 1997): writeEvent level_changed STREAM_MUSIC 11
06-07 07:31:08.807 I/vol.Events( 1997): writeEvent level_changed STREAM_RING 5
06-07 07:31:08.828 I/vol.Events( 1997): writeEvent level_changed STREAM_SYSTEM 5
06-07 07:31:08.835 I/art     ( 1748): Background sticky concurrent mark sweep GC freed 40443(2MB) AllocSpace objects, 14(340KB) LOS objects, 20% free, 13MB/16MB, paused 15.149ms total 706.307ms
06-07 07:31:08.949 I/vol.Events( 1997): writeEvent level_changed STREAM_VOICE_CALL 4
06-07 07:31:09.271 W/ActivityManager( 1748): Timeout executing service: ServiceRecord{f443dd6 u0 com.android.server.telecom/.components.TelecomService}
06-07 07:31:09.573 W/ProcessCpuTracker( 1748): Skipping unknown process pid 2166
06-07 07:31:09.607 E/OMXNodeInstance( 1330): getExtensionIndex(5320010:google.h263.decoder, OMX.google.android.index.configureVideoTunnelMode) ERROR: UnsupportedIndex(0x8000101a)
06-07 07:31:09.607 W/OMXNodeInstance( 1330): [5320010:google.h263.decoder] component does not support metadata mode; using fallback
06-07 07:31:09.676 I/MediaPlayerService( 1333): MediaPlayerService::getOMX
06-07 07:31:09.678 I/OMXClient( 1333): MuxOMX ctor
06-07 07:31:09.678 I/OMXMaster( 1330): makeComponentInstance(OMX.google.h264.decoder) in mediacodec process
06-07 07:31:09.878 I/Process ( 1748): Sending signal. PID: 1748 SIG: 3
06-07 07:31:09.882 I/art     ( 1748): Thread[2,tid=1753,WaitingInMainSignalCatcherLoop,Thread*=0x7f8bb120e000,peer=0x12c010d0,"Signal Catcher"]: reacting to signal 3
06-07 07:31:09.882 I/art     ( 1748): 
06-07 07:31:10.083 D/StorageNotification( 1997): Notifying about private volume: VolumeInfo{private}:
06-07 07:31:10.083 D/StorageNotification( 1997):     type=PRIVATE diskId=null partGuid=null mountFlags=0 mountUserId=-1 
06-07 07:31:10.083 D/StorageNotification( 1997):     state=MOUNTED 
06-07 07:31:10.083 D/StorageNotification( 1997):     fsType=null fsUuid=null fsLabel=null 
06-07 07:31:10.083 D/StorageNotification( 1997):     path=/data internalPath=null 
06-07 07:31:10.094 D/StorageNotification( 1997): Notifying about public volume: VolumeInfo{public:253,48}:
06-07 07:31:10.094 D/StorageNotification( 1997):     type=PUBLIC diskId=disk:253,48 partGuid=null mountFlags=VISIBLE 
06-07 07:31:10.094 D/StorageNotification( 1997):     mountUserId=0 state=MOUNTED 
06-07 07:31:10.094 D/StorageNotification( 1997):     fsType=vfat fsUuid=1EFF-1C1B fsLabel=SDCARD 
06-07 07:31:10.094 D/StorageNotification( 1997):     path=/storage/1EFF-1C1B internalPath=/mnt/media_rw/1EFF-1C1B 
06-07 07:31:10.312 W/art     ( 1748): Long monitor contention with owner NetworkPolicy (1949) at boolean android.os.BinderProxy.transactNative(int, android.os.Parcel, android.os.Parcel, int)(Binder.java:-2) waiters=0 in void com.android.server.NetworkManagementService.setFirewallChainEnabled(int, boolean) for 1.310s
06-07 07:31:10.841 W/ACodec  ( 1333): [OMX.google.h264.decoder] stopping checking profiles after 32: 2/8000
06-07 07:31:10.844 E/OMXNodeInstance( 1330): getExtensionIndex(5320011:google.h264.decoder, OMX.google.android.index.configureVideoTunnelMode) ERROR: UnsupportedIndex(0x8000101a)
06-07 07:31:10.845 W/OMXNodeInstance( 1330): [5320011:google.h264.decoder] component does not support metadata mode; using fallback
06-07 07:31:10.874 I/MediaPlayerService( 1333): MediaPlayerService::getOMX
06-07 07:31:10.876 I/OMXClient( 1333): MuxOMX ctor
06-07 07:31:10.877 I/OMXMaster( 1330): makeComponentInstance(OMX.google.hevc.decoder) in mediacodec process
06-07 07:31:12.212 E/OMXNodeInstance( 1330): getExtensionIndex(5320012:google.hevc.decoder, OMX.google.android.index.configureVideoTunnelMode) ERROR: UnsupportedIndex(0x8000101a)
06-07 07:31:12.212 W/OMXNodeInstance( 1330): [5320012:google.hevc.decoder] component does not support metadata mode; using fallback
06-07 07:31:12.311 I/MediaPlayerService( 1333): MediaPlayerService::getOMX
06-07 07:31:12.313 I/OMXClient( 1333): MuxOMX ctor
06-07 07:31:12.314 I/OMXMaster( 1330): makeComponentInstance(OMX.google.vp8.decoder) in mediacodec process
06-07 07:31:12.809 W/art     ( 1991): Long monitor contention with owner AsyncTask #1 (2120) at void android.os.MessageQueue.nativeWake(long)(MessageQueue.java:-2) waiters=0 in android.os.Message android.os.MessageQueue.next() for 1.598s
06-07 07:31:12.858 E/OMXNodeInstance( 1330): getExtensionIndex(5320013:google.vp8.decoder, OMX.google.android.index.configureVideoTunnelMode) ERROR: UnsupportedIndex(0x8000101a)
06-07 07:31:12.859 W/OMXNodeInstance( 1330): [5320013:google.vp8.decoder] component does not support metadata mode; using fallback
06-07 07:31:12.979 I/MediaPlayerService( 1333): MediaPlayerService::getOMX
06-07 07:31:12.991 I/OMXClient( 1333): MuxOMX ctor
06-07 07:31:12.992 I/OMXMaster( 1330): makeComponentInstance(OMX.google.vp9.decoder) in mediacodec process
06-07 07:31:13.611 E/OMXNodeInstance( 1330): getExtensionIndex(5320014:google.vp9.decoder, OMX.google.android.index.configureVideoTunnelMode) ERROR: UnsupportedIndex(0x8000101a)
06-07 07:31:13.671 W/OMXNodeInstance( 1330): [5320014:google.vp9.decoder] component does not support metadata mode; using fallback
06-07 07:31:13.694 I/MediaPlayerService( 1333): MediaPlayerService::getOMX
06-07 07:31:13.697 I/OMXClient( 1333): MuxOMX ctor
06-07 07:31:13.702 I/Process ( 1748): Sending signal. PID: 1997 SIG: 3
06-07 07:31:13.720 I/art     ( 1997): Thread[3,tid=2006,WaitingInMainSignalCatcherLoop,Thread*=0x7f8bb7e96400,peer=0x12c005e0,"Signal Catcher"]: reacting to signal 3
06-07 07:31:13.720 I/art     ( 1997): 
06-07 07:31:13.739 I/OMXMaster( 1330): makeComponentInstance(OMX.google.h263.encoder) in mediacodec process
06-07 07:31:14.580 E/NetdConnector( 1748): NDC Command {8 firewall enable_chain standby} took too long (4267ms)
06-07 07:31:14.896 I/SystemServiceManager( 1748): Starting phase 600
06-07 07:31:14.946 I/SoftMPEG4Encoder( 1330): Construct SoftMPEG4Encoder
06-07 07:31:14.977 W/ACodec  ( 1333): do not know color format 0x7f000789 = 2130708361
06-07 07:31:14.979 E/OMXNodeInstance( 1330): getConfig(5320015:google.h263.encoder, ConfigAndroidIntraRefresh(0x6f60000a)) ERROR: Undefined(0x80001001)
06-07 07:31:14.983 W/        ( 1275): debuggerd: handling request: pid=1320 uid=1000 gid=1003 tid=1320
06-07 07:31:15.045 I/MediaPlayerService( 1333): MediaPlayerService::getOMX
06-07 07:31:15.046 I/OMXClient( 1333): MuxOMX ctor
06-07 07:31:15.047 I/OMXMaster( 1330): makeComponentInstance(OMX.google.h264.encoder) in mediacodec process
06-07 07:31:15.098 D/SensorNotificationService( 1748): Cannot obtain dynamic meta sensor, not supported.
06-07 07:31:15.346 I/GnssLocationProvider( 1748): WakeLock acquired by sendMessage(13, 0, null)
06-07 07:31:15.371 I/art     ( 1997): Wrote stack traces to '/data/anr/traces.txt'
06-07 07:31:15.437 W/LocationManagerService( 1748): no network location provider found
06-07 07:31:15.543 E/LocationManagerService( 1748): no geocoder provider found
06-07 07:31:15.545 E/FlpHardwareProvider( 1748): Error hw_get_module 'flp': -2
06-07 07:31:15.545 D/LocationManagerService( 1748): FLP HAL not supported
06-07 07:31:15.557 D/LocationManagerService( 1748): Unable to bind FLP Geofence proxy.
06-07 07:31:15.558 E/ActivityRecognitionHardware( 1748): Error hw_get_module: -2
06-07 07:31:15.559 D/LocationManagerService( 1748): Hardware Activity-Recognition not supported.
06-07 07:31:15.571 E/ActivityRecognitionProxy( 1748): ServiceWatcher could not start.
06-07 07:31:15.610 D/LocationManagerService( 1748): Unable to bind ActivityRecognitionProxy.
06-07 07:31:15.621 I/GnssLocationProvider( 1748): WakeLock acquired by sendMessage(2, 1, null)
06-07 07:31:15.666 W/ACodec  ( 1333): do not know color format 0x7f000789 = 2130708361
06-07 07:31:15.688 I/MediaPlayerService( 1333): MediaPlayerService::getOMX
06-07 07:31:15.696 W/        ( 1275): debuggerd: resuming target 1320
06-07 07:31:15.701 I/OMXClient( 1333): MuxOMX ctor
06-07 07:31:15.701 I/OMXMaster( 1330): makeComponentInstance(OMX.google.mpeg4.encoder) in mediacodec process
06-07 07:31:15.710 W/        ( 1275): debuggerd: handling request: pid=1325 uid=1041 gid=1005 tid=1325
06-07 07:31:15.755 I/CommonTimeManagementService( 1748): No common time service detected on this platform.  Common time services will be unavailable.
06-07 07:31:15.775 I/InputReader( 1748): Reconfiguring input devices.  changes=0x00000020
06-07 07:31:15.799 I/MmsServiceBroker( 1748): Delay connecting to MmsService until an API is called
06-07 07:31:15.877 W/        ( 1274): debuggerd: handling request: pid=1325 uid=1041 gid=1005 tid=1325
06-07 07:31:16.269 W/VoiceInteractionManagerService( 1748): no available voice interaction services found for user 0
06-07 07:31:16.269 W/VoiceInteractionManagerService( 1748): no available voice recognition services found for user 0
06-07 07:31:16.762 I/SoftMPEG4Encoder( 1330): Construct SoftMPEG4Encoder
06-07 07:31:16.773 W/ActivityManager( 1748): Slow operation: 291ms so far, now at startProcess: returned from zygote!
06-07 07:31:16.774 W/ActivityManager( 1748): Slow operation: 292ms so far, now at startProcess: done updating battery stats
06-07 07:31:16.775 W/ActivityManager( 1748): Slow operation: 293ms so far, now at startProcess: building log message
06-07 07:31:16.775 I/ActivityManager( 1748): Start proc 2210:com.android.phone/1001 for added application com.android.phone
06-07 07:31:16.775 W/ActivityManager( 1748): Slow operation: 293ms so far, now at startProcess: starting to update pids map
06-07 07:31:16.775 W/ActivityManager( 1748): Slow operation: 293ms so far, now at startProcess: done updating pids map
06-07 07:31:16.783 W/ACodec  ( 1333): do not know color format 0x7f000789 = 2130708361
06-07 07:31:16.784 E/OMXNodeInstance( 1330): getConfig(5320017:google.mpeg4.encoder, ConfigAndroidIntraRefresh(0x6f60000a)) ERROR: Undefined(0x80001001)
06-07 07:31:16.886 W/art     ( 2210): Unexpected CPU variant for X86 using defaults: x86_64
06-07 07:31:16.896 I/MediaPlayerService( 1333): MediaPlayerService::getOMX
06-07 07:31:16.898 I/OMXClient( 1333): MuxOMX ctor
06-07 07:31:16.899 I/OMXMaster( 1330): makeComponentInstance(OMX.google.vp8.encoder) in mediacodec process
06-07 07:31:17.219 W/        ( 1274): debuggerd: resuming target 1325
06-07 07:31:17.232 W/        ( 1275): debuggerd: handling request: pid=1326 uid=1047 gid=1005 tid=1326
06-07 07:31:17.235 W/        ( 1274): debuggerd: handling request: pid=1326 uid=1047 gid=1005 tid=1326
06-07 07:31:17.672 W/ACodec  ( 1333): do not know color format 0x7f000789 = 2130708361
06-07 07:31:17.673 E/OMXNodeInstance( 1330): getConfig(5320018:google.vp8.encoder, ConfigAndroidIntraRefresh(0x6f60000a)) ERROR: Undefined(0x80001001)
06-07 07:31:17.695 I/MediaPlayerService( 1333): MediaPlayerService::getOMX
06-07 07:31:17.696 I/OMXClient( 1333): MuxOMX ctor
06-07 07:31:17.709 I/MediaPlayerService( 1333): MediaPlayerService::getOMX
06-07 07:31:17.714 I/OMXClient( 1333): MuxOMX ctor
06-07 07:31:17.715 W/MediaCodecList( 1333): unable to open media codecs configuration xml file: /data/misc/media/media_codecs_profiling_results.xml
06-07 07:31:17.729 I/MediaPlayerService( 1333): MediaPlayerService::getOMX
06-07 07:31:17.744 I/OMXClient( 1997): MuxOMX ctor
06-07 07:31:17.752 W/        ( 1274): debuggerd: resuming target 1326
06-07 07:31:17.762 I/OMXMaster( 1330): makeComponentInstance(OMX.google.vorbis.decoder) in mediacodec process
06-07 07:31:17.783 W/        ( 1275): debuggerd: handling request: pid=1327 uid=1019 gid=1019 tid=1327
06-07 07:31:17.786 W/        ( 1274): debuggerd: handling request: pid=1327 uid=1019 gid=1019 tid=1327
06-07 07:31:18.060 I/ActivityManager( 1748): START u0 {act=android.intent.action.MAIN cat=[android.intent.category.HOME] flg=0x10000100 cmp=com.android.settings/.FallbackHome} from uid 0 on display 0
06-07 07:31:18.100 W/System  ( 1748): ClassLoader referenced unknown path: 
06-07 07:31:18.101 I/InputReader( 1748): Reconfiguring input devices.  changes=0x00000010
06-07 07:31:18.104 I/MediaPlayerService( 1333): MediaPlayerService::getOMX
06-07 07:31:18.107 I/OMXClient( 1748): MuxOMX ctor
06-07 07:31:18.137 I/OMXMaster( 1330): makeComponentInstance(OMX.google.vorbis.decoder) in mediacodec process
06-07 07:31:18.161 W/System  ( 1748): ClassLoader referenced unknown path: /system/priv-app/Settings/lib/x86_64
06-07 07:31:18.260 W/        ( 1274): debuggerd: resuming target 1327
06-07 07:31:18.312 W/        ( 1275): debuggerd: handling request: pid=1330 uid=1046 gid=1006 tid=1330
06-07 07:31:18.316 W/        ( 1274): debuggerd: handling request: pid=1330 uid=1046 gid=1006 tid=1330
06-07 07:31:19.878 W/        ( 1274): debuggerd: resuming target 1330
06-07 07:31:20.207 W/        ( 1275): debuggerd: handling request: pid=1331 uid=1013 gid=1031 tid=1331
06-07 07:31:20.238 W/        ( 1274): debuggerd: handling request: pid=1331 uid=1013 gid=1031 tid=1331
06-07 07:31:20.793 W/        ( 1274): debuggerd: resuming target 1331
06-07 07:31:20.802 W/        ( 1275): debuggerd: handling request: pid=1332 uid=1040 gid=1026 tid=1332
06-07 07:31:20.805 W/        ( 1274): debuggerd: handling request: pid=1332 uid=1040 gid=1026 tid=1332
06-07 07:31:20.931 W/libbacktrace( 1748): bool ThreadEntry::Wait(int): pthread_cond_timedwait for value 1 failed: Connection timed out
06-07 07:31:20.932 E/libbacktrace( 1748): bool BacktraceCurrent::UnwindThread(size_t): Timed out waiting for signal handler to get ucontext data.
06-07 07:31:21.392 W/        ( 1274): debuggerd: resuming target 1332
06-07 07:31:21.425 W/        ( 1275): debuggerd: handling request: pid=1333 uid=1013 gid=1005 tid=1333
06-07 07:31:21.434 W/        ( 1274): debuggerd: handling request: pid=1333 uid=1013 gid=1005 tid=1333
06-07 07:31:21.513 D/ApplicationLoaders( 1748): ignored Vulkan layer search path /system/priv-app/Settings/lib/x86_64:/system/priv-app/Settings/Settings.apk!/lib/x86_64:/system/lib64:/vendor/lib64 for namespace 0x7f8bbc663160
06-07 07:31:21.606 E/libbacktrace( 1748): void SignalHandler(int, siginfo_t *, void *): pid 1748, tid 2103 entry not found
06-07 07:31:21.959 I/ActivityManager( 1748): Loaded persisted task ids for user 0
06-07 07:31:22.391 W/ActivityManager( 1748): Slow operation: 223ms so far, now at startProcess: returned from zygote!
06-07 07:31:22.392 W/ActivityManager( 1748): Slow operation: 224ms so far, now at startProcess: done updating battery stats
06-07 07:31:22.393 W/ActivityManager( 1748): Slow operation: 225ms so far, now at startProcess: building log message
06-07 07:31:22.393 I/ActivityManager( 1748): Start proc 2254:com.android.settings/1000 for activity com.android.settings/.FallbackHome
06-07 07:31:22.393 W/ActivityManager( 1748): Slow operation: 225ms so far, now at startProcess: starting to update pids map
06-07 07:31:22.393 W/ActivityManager( 1748): Slow operation: 225ms so far, now at startProcess: done updating pids map
06-07 07:31:22.393 W/ActivityManager( 1748): Slow operation: 227ms so far, now at startProcess: done starting proc!
06-07 07:31:22.537 W/        ( 1274): debuggerd: resuming target 1333
06-07 07:31:22.574 I/SystemServer( 1748): Enabled StrictMode for system server main thread.
06-07 07:31:22.577 W/art     ( 1748): Long monitor contention with owner main (1748) at void com.android.server.am.ActivityManagerService.systemReady(java.lang.Runnable)(ActivityManagerService.java:13368) waiters=1 in void com.android.server.am.ActivityManagerService.dispatchUidsChanged() for 6.244s
06-07 07:31:22.622 W/art     ( 1748): Long monitor contention with owner main (1748) at void com.android.server.am.ActivityManagerService.systemReady(java.lang.Runnable)(ActivityManagerService.java:13368) waiters=3 in void com.android.server.am.ActivityManagerService.attachApplication(android.app.IApplicationThread) for 4.551s
06-07 07:31:22.652 I/MediaPlayerService( 1333): MediaPlayerService::getOMX
06-07 07:31:22.657 I/OMXClient( 1997): MuxOMX ctor
06-07 07:31:22.700 I/OMXMaster( 1330): makeComponentInstance(OMX.google.vorbis.decoder) in mediacodec process
06-07 07:31:22.717 W/art     ( 2254): Unexpected CPU variant for X86 using defaults: x86_64
06-07 07:31:22.798 W/art     ( 1748): Long monitor contention with owner main (1748) at void com.android.server.am.ActivityManagerService.systemReady(java.lang.Runnable)(ActivityManagerService.java:13368) waiters=4 in com.android.server.am.ProcessRecord com.android.server.am.ActivityManagerService.findAppProcess(android.os.IBinder, java.lang.String) for 1.328s
06-07 07:31:22.808 D/ConditionProviders.SCP( 1748): onConnected
06-07 07:31:22.824 D/ZenLog  ( 1748): set_zen_mode: off,readXml
06-07 07:31:22.874 W/art     ( 1748): Long monitor contention with owner main (1748) at void com.android.server.am.ActivityManagerService.systemReady(java.lang.Runnable)(ActivityManagerService.java:13368) waiters=0 in void com.android.server.am.ActivityManagerService$3.handleMessage(android.os.Message) for 6.544s
06-07 07:31:22.997 D/ConditionProviders( 1748): Subscribing to condition://android/schedule?days=1.2.3.4.5&start=22.0&end=7.0&exitAtAlarm=false with ComponentInfo{android/com.android.server.notification.ScheduleConditionProvider}
06-07 07:31:22.998 D/ZenLog  ( 1748): subscribe: condition://android/schedule?days=1.2.3.4.5&start=22.0&end=7.0&exitAtAlarm=false,ok
06-07 07:31:22.999 D/ConditionProviders( 1748): Subscribing to condition://android/schedule?days=6.7&start=23.30&end=10.0&exitAtAlarm=false with ComponentInfo{android/com.android.server.notification.ScheduleConditionProvider}
06-07 07:31:22.999 D/ZenLog  ( 1748): subscribe: condition://android/schedule?days=6.7&start=23.30&end=10.0&exitAtAlarm=false,ok
06-07 07:31:23.015 D/ConditionProviders( 1748): Subscribing to condition://android/event?userId=-10000&calendar=&reply=1 with ComponentInfo{android/com.android.server.notification.EventConditionProvider}
06-07 07:31:23.015 D/ZenLog  ( 1748): subscribe: condition://android/event?userId=-10000&calendar=&reply=1,ok
06-07 07:31:23.091 W/art     ( 1748): Long monitor contention with owner main (1748) at void com.android.server.am.ActivityManagerService.systemReady(java.lang.Runnable)(ActivityManagerService.java:13368) waiters=2 in android.content.IIntentSender com.android.server.am.ActivityManagerService.getIntentSender(int, java.lang.String, android.os.IBinder, java.lang.String, int, android.content.Intent[], java.lang.String[], int, android.os.Bundle, int) for 6.618s
06-07 07:31:23.551 D/PermissionCache( 1320): checking android.permission.READ_FRAME_BUFFER for uid=1000 => granted (3697 us)
06-07 07:31:23.586 D/gralloc ( 1320): Registering a buffer in the process that created it. This may cause memory ordering problems.
06-07 07:31:23.587 E/libEGL  ( 1320): called unimplemented OpenGL ES API
06-07 07:31:23.588 E/SurfaceFlinger( 1320): glCheckFramebufferStatusOES error -1087142911
06-07 07:31:23.588 E/SurfaceFlinger( 1320): got GL_FRAMEBUFFER_COMPLETE_OES error while taking screenshot
06-07 07:31:23.937 W/System  ( 2210): ClassLoader referenced unknown path: /system/priv-app/TeleService/lib/x86_64
06-07 07:31:23.950 W/art     ( 1748): Long monitor contention with owner Binder:1748_1 (1769) at void com.android.server.am.ActivityManagerService.attachApplication(android.app.IApplicationThread)(ActivityManagerService.java:6669) waiters=1 in void com.android.server.am.ActivityManagerService$LocalService.notifyAppTransitionCancelled() for 508ms
06-07 07:31:24.037 W/System  ( 2254): ClassLoader referenced unknown path: /system/priv-app/Settings/lib/x86_64
06-07 07:31:24.143 I/Choreographer( 1997): Skipped 881 frames!  The application may be doing too much work on its main thread.
06-07 07:31:25.092 W/System  ( 2210): ClassLoader referenced unknown path: /system/priv-app/TelephonyProvider/lib/x86_64
06-07 07:31:25.137 D/ApplicationLoaders( 2210): ignored Vulkan layer search path /system/priv-app/TelephonyProvider/lib/x86_64:/system/lib64:/vendor/lib64 for namespace 0x7f8bbc6530f0
06-07 07:31:25.232 I/StatusBarManagerService( 1748): registerStatusBar bar=com.android.internal.statusbar.IStatusBar$Stub$Proxy@1e376cc
06-07 07:31:25.283 I/MediaPlayerService( 1333): MediaPlayerService::getOMX
06-07 07:31:25.286 I/OMXClient( 1997): MuxOMX ctor
06-07 07:31:25.361 I/OMXMaster( 1330): makeComponentInstance(OMX.google.vorbis.decoder) in mediacodec process
06-07 07:31:25.687 W/WindowManager( 1748): App freeze timeout expired.
06-07 07:31:25.688 W/WindowManager( 1748): Force clearing freeze: AppWindowToken{1e3e007 token=Token{eb29221 ActivityRecord{ce89888 u0 com.android.settings/.FallbackHome t1}}}
06-07 07:31:25.707 D/gralloc_ranchu( 2254): Emulator without host-side GPU emulation detected. Loading gralloc.default.so from /vendor/lib64/hw/gralloc.goldfish.default.so...
06-07 07:31:25.761 D/gralloc_ranchu( 2254): gralloc.default.so not found in /vendor. Trying /system/lib64/hw/gralloc.goldfish.default.so...
06-07 07:31:25.973 I/WindowManager( 1748): Screen frozen for +2s564ms due to Window{751e5c6 u0 KeyguardScrim}
06-07 07:31:26.453 I/ActivityManager( 1748): Displayed com.android.settings/.FallbackHome: +4s286ms
06-07 07:31:26.987 W/art     ( 1748): Long monitor contention with owner Binder:1748_3 (2023) at void com.android.server.am.ActivityManagerService.appendDropBoxProcessHeaders(com.android.server.am.ProcessRecord, java.lang.String, java.lang.StringBuilder)(ActivityManagerService.java:13756) waiters=1 in void com.android.server.am.ActivityManagerService$3.handleMessage(android.os.Message) for 4.112s
06-07 07:31:28.420 I/art     ( 1748): Starting a blocking GC Explicit
06-07 07:31:28.488 I/Choreographer( 2254): Skipped 32 frames!  The application may be doing too much work on its main thread.
06-07 07:31:28.828 W/GnssLocationProvider( 1748): Could not open GPS configuration file /etc/gps.conf
06-07 07:31:28.829 E/GnssLocationProvider( 1748): no AGPS interface in set_agps_server
06-07 07:31:29.029 I/Choreographer( 2254): Skipped 31 frames!  The application may be doing too much work on its main thread.
06-07 07:31:29.352 I/art     ( 1748): Explicit concurrent mark sweep GC freed 15698(1123KB) AllocSpace objects, 9(4MB) LOS objects, 30% free, 8MB/12MB, paused 3.816ms total 858.279ms
06-07 07:31:29.891 W/art     ( 1748): Long monitor contention with owner Binder:1748_2 (1771) at android.content.pm.UserInfo com.android.server.am.UserController.getCurrentUser()(UserController.java:1438) waiters=0 in android.content.Intent com.android.server.am.ActivityManagerService.registerReceiver(android.app.IApplicationThread, java.lang.String, android.content.IIntentReceiver, android.content.IntentFilter, java.lang.String, int) for 1.049s
06-07 07:31:30.151 I/art     ( 1748): Wrote stack traces to '/data/anr/traces.txt'
06-07 07:31:30.387 W/        ( 1275): debuggerd: handling request: pid=2063 uid=1023 gid=1023 tid=2063
06-07 07:31:30.494 I/WifiScanningService( 1748): wifi driver unloaded
06-07 07:31:30.497 D/RttService( 1748): SCAN_AVAILABLE : 1
06-07 07:31:30.498 D/RttService( 1748): DefaultState got{ when=0 what=160513 target=com.android.internal.util.StateMachine$SmHandler }
06-07 07:31:30.737 W/        ( 1275): debuggerd: resuming target 2063
06-07 07:31:30.747 W/        ( 1275): debuggerd: handling request: pid=2131 uid=1023 gid=1023 tid=2131
06-07 07:31:30.770 D/TelephonyProvider( 2210): dbh.onOpen: ok, queried table=siminfo
06-07 07:31:30.774 D/TelephonyProvider( 2210): dbh.onOpen: ok, queried table=carriers
06-07 07:31:31.006 W/        ( 1275): debuggerd: resuming target 2131
06-07 07:31:34.678 I/GnssLocationProvider( 1748): WakeLock released by handleMessage(13, 0, null)
06-07 07:31:34.684 E/GnssLocationProvider( 1748): no AGPS interface in set_agps_server
06-07 07:31:34.687 I/GnssLocationProvider( 1748): WakeLock released by handleMessage(2, 1, null)
06-07 07:31:35.493 W/ProcessCpuTracker( 1748): Skipping unknown process pid 2282
06-07 07:31:35.496 W/ProcessCpuTracker( 1748): Skipping unknown process pid 2291
06-07 07:31:35.667 D/ZenLog  ( 1748): set_zen_mode: off,cleanUpZenRules
06-07 07:31:35.964 W/System  ( 1748): ClassLoader referenced unknown path: /system/priv-app/Telecom/lib/x86_64
06-07 07:31:35.983 D/ApplicationLoaders( 1748): ignored Vulkan layer search path /system/priv-app/Telecom/lib/x86_64:/system/priv-app/Telecom/Telecom.apk!/lib/x86_64:/system/lib64:/vendor/lib64 for namespace 0x7f8bbc6631d0
06-07 07:31:36.235 W/ProcessCpuTracker( 1748): Skipping unknown process pid 2296
06-07 07:31:37.331 W/art     ( 1997): Suspending all threads took: 134.417ms
06-07 07:31:37.380 E/BluetoothAdapter( 1748): Bluetooth binder is null
06-07 07:31:37.801 I/art     ( 1997): Background sticky concurrent mark sweep GC freed 18262(2MB) AllocSpace objects, 2(40KB) LOS objects, 30% free, 7MB/10MB, paused 137.489ms total 1.236s
06-07 07:31:38.522 I/Telecom ( 1748): SystemStateProvider: Registering car mode receiver: android.content.IntentFilter@3d5c33a: TS.init@AAA
06-07 07:31:39.161 E/ActivityManager( 1748): ANR in system
06-07 07:31:39.161 E/ActivityManager( 1748): PID: 1748
06-07 07:31:39.161 E/ActivityManager( 1748): Reason: executing service com.android.server.telecom/.components.TelecomService
06-07 07:31:39.161 E/ActivityManager( 1748): Load: 12.07 / 5.08 / 1.97
06-07 07:31:39.161 E/ActivityManager( 1748): CPU usage from 0ms to 28300ms later (2020-06-07 07:31:09.323 to 2020-06-07 07:31:37.622):
06-07 07:31:39.161 E/ActivityManager( 1748):   56% 1320/surfaceflinger: 27% user + 29% kernel / faults: 75 minor
06-07 07:31:39.161 E/ActivityManager( 1748):   37% 1375/bootanimation: 20% user + 16% kernel
06-07 07:31:39.161 E/ActivityManager( 1748):   24% 1748/system_server: 9.3% user + 14% kernel / faults: 3282 minor 30 major
06-07 07:31:39.161 E/ActivityManager( 1748):   14% 1330/media.codec: 5.5% user + 8.7% kernel / faults: 6797 minor 17 major
06-07 07:31:39.161 E/ActivityManager( 1748):   10% 1997/com.android.systemui: 3.6% user + 6.5% kernel / faults: 3779 minor 26 major
06-07 07:31:39.161 E/ActivityManager( 1748):   5% 8/rcu_preempt: 0% user + 5% kernel
06-07 07:31:39.161 E/ActivityManager( 1748):   1.8% 1322/adbd: 0.1% user + 1.7% kernel / faults: 1113 minor
06-07 07:31:39.161 E/ActivityManager( 1748):   0.8% 1332/media.extractor: 0.2% user + 0.6% kernel / faults: 93 minor
06-07 07:31:39.161 E/ActivityManager( 1748):   1.1% 1333/mediaserver: 0.3% user + 0.8% kernel / faults: 78 minor
06-07 07:31:39.161 E/ActivityManager( 1748):   0.2% 1275/debuggerd64: 0.1% user + 0.1% kernel / faults: 103 minor
06-07 07:31:39.161 E/ActivityManager( 1748):   0.7% 1991/com.android.inputmethod.latin: 0.2% user + 0.4% kernel / faults: 369 minor
06-07 07:31:39.161 E/ActivityManager( 1748):   0.3% 1323/zygote64: 0% user + 0.2% kernel / faults: 297 minor
06-07 07:31:39.161 E/ActivityManager( 1748):   0.4% 1337/netd: 0% user + 0.4% kernel / faults: 176 minor
06-07 07:31:39.161 E/ActivityManager( 1748):   0.4% 1319/servicemanager: 0.1% user + 0.3% kernel
06-07 07:31:39.161 E/ActivityManager( 1748):   0.3% 1254/kworker/0:1H: 0% user + 0.3% kernel
06-07 07:31:39.161 E/ActivityManager( 1748):   0.3% 1266/logd: 0.1% user + 0.2% kernel / faults: 15 minor
06-07 07:31:39.161 E/ActivityManager( 1748):   0.1% 1274/debuggerd: 0% user + 0% kernel / faults: 181 minor
06-07 07:31:39.161 E/ActivityManager( 1748):   0.2% 1325/audioserver: 0% user + 0.2% kernel / faults: 39 minor
06-07 07:31:39.161 E/ActivityManager( 1748):   0.2% 6/kworker/u4:0: 0% user + 0.2% kernel
06-07 07:31:39.161 E/ActivityManager( 1748):   0.1% 1351/logcat: 0% user + 0.1% kernel
06-07 07:31:39.161 E/ActivityManager( 1748):   0.1% 3/ksoftirqd/0: 0% user + 0.1% kernel
06-07 07:31:39.161 E/ActivityManager( 1748):   0.1% 1264/jbd2/vdc-8: 0% user + 0.1% kernel
06-07 07:31:39.161 E/ActivityManager( 1748):   0% 1326/cameraserver: 0% user + 0% kernel / faults: 70 minor
06-07 07:31:39.161 E/ActivityManager( 1748):   0.1% 12/ksoftirqd/1: 0% user + 0.1% kernel
06-07 07:31:39.161 E/ActivityManager( 1748):   0% 809/kworker/0:2: 0% user + 0% kernel
06-07 07:31:39.161 E/ActivityManager( 1748):   0% 1338/rild: 0% user + 0% kernel / faults: 5 minor
06-07 07:31:39.161 E/ActivityManager( 1748):   0% 1318/lmkd: 0% user + 0% kernel
06-07 07:31:39.161 E/ActivityManager( 1748):   0% 1327/drmserver: 0% user + 0% kernel / faults: 19 minor
06-07 07:31:39.161 E/ActivityManager( 1748):   0% 1331/mediadrmserver: 0% user + 0% kernel / faults: 18 minor
06-07 07:31:39.161 E/ActivityManager( 1748):   0% 1//init: 0% user + 0% kernel
06-07 07:31:39.161 E/ActivityManager( 1748):   0% 11/migration/1: 0% user + 0% kernel
06-07 07:31:39.161 E/ActivityManager( 1748):   0% 1315/healthd: 0% user + 0% kernel
06-07 07:31:39.161 E/ActivityManager( 1748):   0% 1428/kworker/1:2: 0% user + 0% kernel
06-07 07:31:39.161 E/ActivityManager( 1748):  +0% 2210/com.android.phone: 0% user + 0% kernel
06-07 07:31:39.161 E/ActivityManager( 1748):  +0% 2254/com.android.settings: 0% user + 0% kernel
06-07 07:31:39.161 E/ActivityManager( 1748):  +0% 2305/sh: 0% user + 0% kernel
06-07 07:31:39.161 E/ActivityManager( 1748):  +0% 2307/sh: 0% user + 0% kernel
06-07 07:31:39.161 E/ActivityManager( 1748): 99% TOTAL: 43% user + 55% kernel + 0.7% softirq
06-07 07:31:39.161 E/ActivityManager( 1748): CPU usage from 26176ms to 27481ms later (2020-06-07 07:31:35.498 to 2020-06-07 07:31:36.804) with 99% awake:
06-07 07:31:39.161 E/ActivityManager( 1748):   106% 1320/surfaceflinger: 39% user + 66% kernel
06-07 07:31:39.161 E/ActivityManager( 1748):     55% 1320/surfaceflinger: 25% user + 30% kernel
06-07 07:31:39.161 E/ActivityManager( 1748):     24% 1371/EventThread: 0% user + 24% kernel
06-07 07:31:39.161 E/ActivityManager( 1748):     21% 1367/DispSync: 0% user + 21% kernel
06-07 07:31:39.161 E/ActivityManager( 1748):     8.2% 1370/POSIX timer 1: 0% user + 8.2% kernel
06-07 07:31:39.161 E/ActivityManager( 1748):     2.2% 1369/EventThread: 0% user + 2.2% kernel
06-07 07:31:39.161 E/ActivityManager( 1748):     0.7% 1364/Binder:1320_1: 0% user + 0.7% kernel
06-07 07:31:39.161 E/ActivityManager( 1748):     0.7% 1366/Binder:1320_2: 0% user + 0.7% kernel
06-07 07:31:39.161 E/ActivityManager( 1748):     0.7% 1510/Binder:1320_3: 0% user + 0.7% kernel
06-07 07:31:39.161 E/ActivityManager( 1748):     0.7% 2203/Binder:1320_4: 0% user + 0.7% kernel
06-07 07:31:39.161 E/ActivityManager( 1748):   24% 1748/system_server: 0% user + 24% kernel / faults: 323 minor 13 major
06-07 07:31:39.161 E/ActivityManager( 1748):     11% 1748/system_server: 0% user + 11% kernel
06-07 07:31:39.161 E/ActivityManager( 1748):     7.9% 1791/ActivityManager: 0% user + 7.9% kernel
06-07 07:31:39.161 E/ActivityManager( 1748):     2.6% 1771/Binder:1748_2: 0% user + 2.6% kernel
06-07 07:31:39.161 E/ActivityManager( 1748):     1.7% 1816/PowerManagerSer: 0% user + 1.7% kernel
06-07 07:31:39.161 E/ActivityManager( 1748):     1.7% 2023/Binder:1748_3: 0.8% user + 0.8% kernel
06-07 07:31:39.161 E/ActivityManager( 1748):     0.8% 2024/Binder:1748_4: 0% user + 0.8% kernel
06-07 07:31:39.161 E/ActivityManager( 1748):    +0% 2304/AsyncTask #3: 0% user + 0% kernel
06-07 07:31:39.161 E/ActivityManager( 1748):   19% 1375/bootanimation: 0% user + 19% kernel
06-07 07:31:39.161 E/ActivityManager( 1748):     19% 1502/BootAnimation: 0% user + 19% kernel
06-07 07:31:39.161 E/ActivityManager( 1748):   13% 1997/com.android.systemui: 0.9% user + 12% kernel / faults: 363 minor 1 major
06-07 07:31:39.161 E/ActivityManager( 1748):     9.2% 1997/ndroid.systemui: 0.9% user + 8.2% kernel
06-07 07:31:39.161 E/ActivityManager( 1748):     5.5% 2015/HeapTaskDaemon: 0.9% user + 4.6% kernel
06-07 07:31:39.161 E/ActivityManager( 1748):   13% 2254/com.android.settings: 0% user + 13% kernel / faults: 10 minor
06-07 07:31:39.161 E/ActivityManager( 1748):     12% 2254/ndroid.settings: 0% user + 12% kernel
06-07 07:31:39.161 E/ActivityManager( 1748):     1% 2269/Binder:2254_2: 0% user + 1% kernel
06-07 07:31:39.161 E/ActivityManager( 1748):   10% 2210/com.android.phone: 1.8% user + 8.2% kernel / faults: 461 minor 5 major
06-07 07:31:39.161 E/ActivityManager( 1748):     6.3% 2210/m.android.phone: 0% user + 6.3% kernel
06-07 07:31:39.161 E/ActivityManager( 1748):    +0% 2302/RILSender0: 0% user + 0% kernel
06-07 07:31:39.161 E/ActivityManager( 1748):    +0% 2303/RILReceiver0: 0% user + 0% kernel
06-07 07:31:39.161 E/ActivityManager( 1748):   0.9% 1338/rild: 0
06-07 07:31:39.348 W/BroadcastQueue( 1748): Timeout of broadcast BroadcastRecord{bfc6bc7 u-1 android.intent.action.TIME_TICK} - receiver=null, started 39308ms ago
06-07 07:31:39.349 W/BroadcastQueue( 1748): Receiver during timeout: BroadcastFilter{1e3f6ad u0 ReceiverList{7ddc7c4 1748 system/1000/u0 local:1fc62d7}}
06-07 07:31:39.378 W/BroadcastQueue( 1748): finishReceiver [foreground] called but state is IDLE
06-07 07:31:39.786 W/art     ( 1748): Long monitor contention with owner ActivityManager (1791) at void com.android.server.am.BroadcastQueue$BroadcastHandler.handleMessage(android.os.Message)(BroadcastQueue.java:175) waiters=1 in android.content.Intent com.android.server.am.ActivityManagerService.registerReceiver(android.app.IApplicationThread, java.lang.String, android.content.IIntentReceiver, android.content.IntentFilter, java.lang.String, int) for 430ms
06-07 07:31:39.885 W/art     ( 1748): Long monitor contention with owner android.ui (1792) at void com.android.server.am.AppErrors.handleShowAnrUi(android.os.Message)(AppErrors.java:925) waiters=2 in android.content.Intent com.android.server.am.ActivityManagerService.registerReceiver(android.app.IApplicationThread, java.lang.String, android.content.IIntentReceiver, android.content.IntentFilter, java.lang.String, int) for 254ms
06-07 07:31:40.032 I/Telecom ( 1748): Telecom: Non-call EVENT: AUDIO_ROUTE, Entering state QuiescentEarpieceRoute
06-07 07:31:40.044 W/art     ( 1748): Long monitor contention with owner android.ui (1792) at void com.android.server.am.AppErrors.handleShowAnrUi(android.os.Message)(AppErrors.java:925) waiters=1 in void com.android.server.am.BroadcastQueue.processNextBroadcast(boolean) for 491ms
06-07 07:31:40.502 I/Telecom ( 1748): CallAudioModeStateMachine: Message received: null.: TS.init->CAMSM.pM_1@AAA_0
06-07 07:31:40.544 W/BroadcastQueue( 1748): Hung broadcast [foreground] discarded after timeout failure: now=211491 dispatchTime=171039 startTime=210347 intent=Intent { act=android.intent.action.TIME_TICK flg=0x50000014 (has extras) } numReceivers=2 nextReceiver=1 state=0
06-07 07:31:40.544 W/BroadcastQueue( 1748): Timeout of broadcast BroadcastRecord{bfc6bc7 u-1 android.intent.action.TIME_TICK} - receiver=null, started 1197ms ago
06-07 07:31:40.545 W/BroadcastQueue( 1748): Receiver during timeout: BroadcastFilter{1e3f6ad u0 ReceiverList{7ddc7c4 1748 system/1000/u0 local:1fc62d7}}
06-07 07:31:40.545 W/BroadcastQueue( 1748): finishReceiver [foreground] called but state is IDLE
06-07 07:31:40.625 W/art     ( 1748): Long monitor contention with owner ActivityManager (1791) at void com.android.server.am.BroadcastQueue.processNextBroadcast(boolean)(BroadcastQueue.java:760) waiters=1 in android.content.Intent com.android.server.am.ActivityManagerService.registerReceiver(android.app.IApplicationThread, java.lang.String, android.content.IIntentReceiver, android.content.IntentFilter, java.lang.String, int) for 117ms
06-07 07:31:41.121 W/art     ( 1748): Long monitor contention with owner ActivityManager (1791) at int com.android.server.am.ActivityManagerService.bindService(android.app.IApplicationThread, android.os.IBinder, android.content.Intent, java.lang.String, android.app.IServiceConnection, int, java.lang.String, int)(ActivityManagerService.java:17301) waiters=2 in int com.android.server.am.ActivityManagerService.broadcastIntent(android.app.IApplicationThread, android.content.Intent, java.lang.String, android.content.IIntentReceiver, int, java.lang.String, android.os.Bundle, java.lang.String[], int, android.os.Bundle, boolean, boolean, int) for 206ms
06-07 07:31:41.122 E/ActivityThread( 1748): Failed to find provider info for call_log
06-07 07:31:41.145 V/KeyguardServiceDelegate( 1748): *** Keyguard started
06-07 07:31:41.152 E/BluetoothAdapter( 1748): Bluetooth binder is null
06-07 07:31:41.322 I/Telecom ( 1748): Class: TelecomSystem.INSTANCE being set
06-07 07:31:41.323 E/BluetoothAdapter( 1748): Bluetooth binder is null
06-07 07:31:41.431 W/KeyguardServiceDelegate( 1748): onScreenTurningOn(): no keyguard service!
06-07 07:31:41.499 W/ContextImpl( 1748): Calling a method in the system process without a qualified user: android.app.ContextImpl.startService:1357 com.android.server.content.SyncManager$13.run:658 android.os.Handler.handleCallback:751 android.os.Handler.dispatchMessage:95 android.os.Looper.loop:154 
06-07 07:31:43.395 W/System  ( 1748): ClassLoader referenced unknown path: /system/priv-app/FusedLocation/lib/x86_64
06-07 07:31:43.525 D/ApplicationLoaders( 1748): ignored Vulkan layer search path /system/priv-app/FusedLocation/lib/x86_64:/system/priv-app/FusedLocation/FusedLocation.apk!/lib/x86_64:/system/lib64:/vendor/lib64 for namespace 0x7f8bbc663240
06-07 07:31:43.759 V/WiredAccessoryManager( 1748): notifyWiredAccessoryChanged: when=0 bits= mask=54
06-07 07:31:43.773 V/WiredAccessoryManager( 1748): newName=h2w newState=0 headsetState=0 prev headsetState=0
06-07 07:31:43.773 E/WiredAccessoryManager( 1748): No state change.
06-07 07:31:43.773 V/WiredAccessoryManager( 1748): init()
06-07 07:31:44.256 D/ConditionProviders.SCP( 1748): onSubscribe condition://android/schedule?days=1.2.3.4.5&start=22.0&end=7.0&exitAtAlarm=false
06-07 07:31:44.349 D/ConditionProviders.SCP( 1748): setRegistered true
06-07 07:31:44.364 D/ConditionProviders.SCP( 1748): notifyCondition condition://android/schedule?days=1.2.3.4.5&start=22.0&end=7.0&exitAtAlarm=false STATE_FALSE reason=!meetsSchedule
