06-07 08:04:39.933 W/art     ( 1734): Long monitor contention with owner main (1734) at void com.android.server.pm.UserManagerService$MainHandler.handleMessage(android.os.Message)(UserManagerService.java:3290) waiters=1 in int com.android.server.pm.PackageManagerService.checkUidPermission(java.lang.String, int) for 301ms
06-07 08:04:40.563 D/ZenLog  ( 1734): set_zen_mode: off,conditionChanged
06-07 08:04:40.859 W/        ( 1275): debuggerd: resuming target 1326
06-07 08:04:41.016 D/ZenLog  ( 1734): set_zen_mode: off,conditionChanged
06-07 08:04:41.313 I/FusedLocation( 1734): engine started (com.android.location.fused)
06-07 08:04:44.607 I/Choreographer( 1734): Skipped 92 frames!  The application may be doing too much work on its main thread.
06-07 08:04:47.496 W/WindowManager( 1734): Window freeze timeout expired.
06-07 08:04:49.834 W/        ( 1276): debuggerd: handling request: pid=1327 uid=1047 gid=1005 tid=1327
06-07 08:04:49.876 W/        ( 1275): debuggerd: handling request: pid=1327 uid=1047 gid=1005 tid=1327
06-07 08:04:49.907 I/art     ( 1734): Wrote stack traces to '/data/anr/traces.txt'
06-07 08:04:51.519 W/        ( 1275): debuggerd: resuming target 1327
06-07 08:04:51.603 W/        ( 1276): debuggerd: handling request: pid=1328 uid=1019 gid=1019 tid=1328
06-07 08:04:51.608 W/        ( 1275): debuggerd: handling request: pid=1328 uid=1019 gid=1019 tid=1328
06-07 08:04:52.320 W/        ( 1275): debuggerd: resuming target 1328
06-07 08:04:52.415 W/        ( 1276): debuggerd: handling request: pid=1331 uid=1046 gid=1006 tid=1331
06-07 08:04:52.523 W/        ( 1275): debuggerd: handling request: pid=1331 uid=1046 gid=1006 tid=1331
06-07 08:04:53.845 W/art     ( 1734): Long monitor contention with owner ConditionProviders.ECP (1970) at android.net.Uri$PathSegments android.net.Uri$PathPart.getPathSegments()(Uri.java:2149) waiters=0 in void com.android.server.content.ContentService.registerContentObserver(android.net.Uri, boolean, android.database.IContentObserver, int) for 2.212s
06-07 08:04:53.846 W/art     ( 1734): Suspending all threads took: 236.569ms
06-07 08:04:53.921 W/art     ( 1734): Long monitor contention with owner BackgroundDexOptService_PostBootUpdate (2360) at boolean android.os.MessageQueue.enqueueMessage(android.os.Message, long)(MessageQueue.java:541) waiters=0 in android.os.Message android.os.MessageQueue.next() for 372ms
06-07 08:04:53.940 W/        ( 1275): debuggerd: resuming target 1331
06-07 08:04:54.045 W/        ( 1276): debuggerd: handling request: pid=1332 uid=1013 gid=1031 tid=1332
06-07 08:04:54.047 W/        ( 1275): debuggerd: handling request: pid=1332 uid=1013 gid=1031 tid=1332
06-07 08:04:54.134 W/art     ( 1734): Long monitor contention with owner BackgroundDexOptService_PostBootUpdate (2360) at void com.android.server.power.PowerManagerService.acquireWakeLockInternal(android.os.IBinder, int, java.lang.String, java.lang.String, android.os.WorkSource, java.lang.String, int, int)(PowerManagerService.java:862) waiters=0 in void com.android.server.power.PowerManagerService.handleSandman() for 191ms
06-07 08:04:54.573 I/art     ( 1734): Background partial concurrent mark sweep GC freed 27630(2MB) AllocSpace objects, 10(4MB) LOS objects, 29% free, 9MB/13MB, paused 269.483ms total 6.869s
06-07 08:04:55.547 W/        ( 1275): debuggerd: resuming target 1332
06-07 08:04:55.550 W/        ( 1276): debuggerd: handling request: pid=1333 uid=1040 gid=1026 tid=1333
06-07 08:04:55.563 W/        ( 1275): debuggerd: handling request: pid=1333 uid=1040 gid=1026 tid=1333
06-07 08:04:57.335 W/        ( 1275): debuggerd: resuming target 1333
06-07 08:04:57.357 W/        ( 1276): debuggerd: handling request: pid=1334 uid=1013 gid=1005 tid=1334
06-07 08:04:57.359 W/        ( 1275): debuggerd: handling request: pid=1334 uid=1013 gid=1005 tid=1334
06-07 08:04:58.196 W/art     ( 2001): Suspending all threads took: 40.165ms
06-07 08:04:58.973 I/art     ( 2001): Background sticky concurrent mark sweep GC freed 18222(2MB) AllocSpace objects, 2(40KB) LOS objects, 30% free, 6MB/10MB, paused 42.023ms total 1.372s
06-07 08:04:59.791 W/art     ( 1734): Long monitor contention with owner ConditionProviders.ECP (1970) at void java.lang.ref.ReferenceQueue.add(java.lang.ref.Reference)(ReferenceQueue.java:260) waiters=1 in void java.lang.Object.wait!() for 1.515s
06-07 08:04:59.794 W/art     ( 1734): Long monitor contention with owner ConditionProviders.ECP (1970) at void java.lang.Object.notifyAll!()(Object.java:-2) waiters=0 in void java.lang.ref.FinalizerReference.add(java.lang.Object) for 197ms
06-07 08:04:59.974 W/        ( 1275): debuggerd: resuming target 1334
06-07 08:04:59.977 W/        ( 1276): debuggerd: handling request: pid=2066 uid=1023 gid=1023 tid=2066
06-07 08:05:00.131 W/art     ( 1734): Long monitor contention with owner BackgroundDexOptService_PostBootUpdate (2360) at boolean android.os.MessageQueue.enqueueMessage(android.os.Message, long)(MessageQueue.java:541) waiters=0 in android.os.Message android.os.MessageQueue.next() for 298ms
06-07 08:05:00.997 E/ActivityThread( 1734): Failed to find provider info for com.android.calendar
06-07 08:05:00.999 E/ActivityThread( 1734): Failed to find provider info for com.android.calendar
06-07 08:05:01.014 W/SystemConfig( 2186): No directory /system/etc/sysconfig, skipping
06-07 08:05:01.335 W/        ( 1276): debuggerd: resuming target 2066
06-07 08:05:01.337 W/        ( 1276): debuggerd: handling request: pid=2120 uid=1023 gid=1023 tid=2120
06-07 08:05:01.733 W/        ( 1276): debuggerd: resuming target 2120
06-07 08:05:01.781 W/art     ( 1734): Long monitor contention with owner watchdog (2179) at void com.android.server.Watchdog.run()(Watchdog.java:360) waiters=0 in void com.android.server.Watchdog$HandlerChecker.run() for 21.938s
06-07 08:05:01.841 D/GpsNetInitiatedHandler( 1734): location enabled :true
06-07 08:05:02.025 W/BroadcastQueue( 1734): Hung broadcast [foreground] discarded after timeout failure: now=239023 dispatchTime=177020 startTime=192253 intent=Intent { act=android.intent.action.TIME_TICK flg=0x50000014 (has extras) } numReceivers=2 nextReceiver=2 state=3
06-07 08:05:02.026 W/BroadcastQueue( 1734): Timeout of broadcast BroadcastRecord{d8d0aba u-1 android.intent.action.TIME_TICK} - receiver=android.os.BinderProxy@d541ae0, started 46772ms ago
06-07 08:05:02.027 W/BroadcastQueue( 1734): Receiver during timeout: BroadcastFilter{545dc5e u0 ReceiverList{63fe199 2001 com.android.systemui/10021/u0 remote:d541ae0}}
06-07 08:05:02.698 W/ActivityManager( 1734): Slow operation: 568ms so far, now at startProcess: returned from zygote!
06-07 08:05:02.698 W/ActivityManager( 1734): Slow operation: 568ms so far, now at startProcess: done updating battery stats
06-07 08:05:02.699 W/ActivityManager( 1734): Slow operation: 569ms so far, now at startProcess: building log message
06-07 08:05:02.700 I/ActivityManager( 1734): Start proc 2391:com.android.cellbroadcastreceiver/u0a4 for broadcast com.android.cellbroadcastreceiver/.CellBroadcastReceiver
06-07 08:05:02.724 W/ActivityManager( 1734): Slow operation: 594ms so far, now at startProcess: starting to update pids map
06-07 08:05:02.724 W/ActivityManager( 1734): Slow operation: 594ms so far, now at startProcess: done updating pids map
06-07 08:05:02.724 W/ActivityManager( 1734): Slow operation: 639ms so far, now at startProcess: done starting proc!
06-07 08:05:02.859 W/art     ( 1734): Long monitor contention with owner main (1734) at void com.android.server.am.BroadcastQueue.processNextBroadcast(boolean)(BroadcastQueue.java:760) waiters=3 in android.content.Intent com.android.server.am.ActivityManagerService.registerReceiver(android.app.IApplicationThread, java.lang.String, android.content.IIntentReceiver, android.content.IntentFilter, java.lang.String, int) for 602ms
06-07 08:05:02.861 W/art     ( 1734): Long monitor contention with owner main (1734) at void com.android.server.am.BroadcastQueue.processNextBroadcast(boolean)(BroadcastQueue.java:760) waiters=0 in void com.android.server.am.ActivityStackSupervisor.handleDisplayChanged(int) for 771ms
06-07 08:05:02.861 W/art     ( 1734): Long monitor contention with owner main (1734) at void com.android.server.am.BroadcastQueue.processNextBroadcast(boolean)(BroadcastQueue.java:760) waiters=1 in void com.android.server.am.ActivityManagerService.dispatchUidsChanged() for 746ms
06-07 08:05:02.873 W/art     ( 1734): Long monitor contention with owner main (1734) at void com.android.server.am.BroadcastQueue.processNextBroadcast(boolean)(BroadcastQueue.java:760) waiters=2 in android.content.Intent com.android.server.am.ActivityManagerService.registerReceiver(android.app.IApplicationThread, java.lang.String, android.content.IIntentReceiver, android.content.IntentFilter, java.lang.String, int) for 732ms
06-07 08:05:02.979 W/art     ( 2391): Unexpected CPU variant for X86 using defaults: x86_64
06-07 08:05:03.070 V/KeyguardServiceDelegate( 1734): *** Keyguard started
06-07 08:05:03.130 W/KeyguardServiceDelegate( 1734): onScreenTurningOn(): no keyguard service!
06-07 08:05:03.354 D/PhoneSwitcherNetworkRequstListener( 2186): Registering NetworkFactory
06-07 08:05:03.612 D/ConnectivityService( 1734): Got NetworkFactory Messenger for PhoneSwitcherNetworkRequstListener
06-07 08:05:03.755 D/ConnectivityService( 1734): Got NetworkFactory Messenger for TelephonyNetworkFactory[0]
06-07 08:05:04.121 W/WindowManager( 1734): Keyguard drawn timeout. Setting mKeyguardDrawComplete
06-07 08:05:04.240 I/Process ( 1734): Sending signal. PID: 2001 SIG: 3
06-07 08:05:04.329 I/art     ( 2001): Thread[3,tid=2013,WaitingInMainSignalCatcherLoop,Thread*=0x790f2ba96400,peer=0x12c005e0,"Signal Catcher"]: reacting to signal 3
06-07 08:05:04.329 I/art     ( 2001): 
06-07 08:05:05.027 W/art     ( 1734): Long monitor contention with owner Binder:1734_2 (1759) at void com.android.server.am.ActivityManagerService.attachApplication(android.app.IApplicationThread)(ActivityManagerService.java:6669) waiters=0 in android.content.Intent com.android.server.am.ActivityManagerService.registerReceiver(android.app.IApplicationThread, java.lang.String, android.content.IIntentReceiver, android.content.IntentFilter, java.lang.String, int) for 364ms
06-07 08:05:05.198 D/CarrierConfigLoader( 2186): CarrierConfigLoader has started
06-07 08:05:05.286 E/BluetoothAdapter( 2186): Bluetooth binder is null
06-07 08:05:05.828 E/ActivityManager( 1734): ANR in com.android.systemui
06-07 08:05:05.828 E/ActivityManager( 1734): PID: 2001
06-07 08:05:05.828 E/ActivityManager( 1734): Reason: Broadcast of Intent { act=android.intent.action.TIME_TICK flg=0x50000014 (has extras) }
06-07 08:05:05.828 E/ActivityManager( 1734): Load: 0.0 / 0.0 / 0.0
06-07 08:05:05.828 E/ActivityManager( 1734): CPU usage from 25374ms to 0ms ago (2020-06-07 08:04:37.819 to 2020-06-07 08:05:03.194) with 99% awake:
06-07 08:05:05.828 E/ActivityManager( 1734):   92% 1321/surfaceflinger: 35% user + 57% kernel / faults: 19 minor
06-07 08:05:05.828 E/ActivityManager( 1734):   27% 1390/bootanimation: 5.1% user + 22% kernel
06-07 08:05:05.828 E/ActivityManager( 1734):   25% 1734/system_server: 2.2% user + 22% kernel / faults: 4990 minor 106 major
06-07 08:05:05.828 E/ActivityManager( 1734):   15% 2204/com.android.settings: 4.5% user + 10% kernel / faults: 1 minor
06-07 08:05:05.828 E/ActivityManager( 1734):   7.6% 2001/com.android.systemui: 2.4% user + 5.1% kernel / faults: 1939 minor 12 major
06-07 08:05:05.828 E/ActivityManager( 1734):   2.2% 2186/com.android.phone: 0.5% user + 1.7% kernel / faults: 675 minor 3 major
06-07 08:05:05.828 E/ActivityManager( 1734):   1.6% 1323/adbd: 0% user + 1.5% kernel / faults: 844 minor
06-07 08:05:05.828 E/ActivityManager( 1734):   1.4% 8/rcu_preempt: 0% user + 1.4% kernel
06-07 08:05:05.828 E/ActivityManager( 1734):   0.6% 1276/debuggerd64: 0% user + 0.5% kernel / faults: 42 minor
06-07 08:05:05.828 E/ActivityManager( 1734):   0.4% 1275/debuggerd: 0% user + 0.4% kernel / faults: 140 minor
06-07 08:05:05.828 E/ActivityManager( 1734):   0.3% 1267/logd: 0% user + 0.2% kernel / faults: 8 minor
06-07 08:05:05.828 E/ActivityManager( 1734):   0.3% 1324/zygote64: 0% user + 0.3% kernel / faults: 158 minor
06-07 08:05:05.828 E/ActivityManager( 1734):   0.2% 3/ksoftirqd/0: 0% user + 0.2% kernel
06-07 08:05:05.828 E/ActivityManager( 1734):   0.2% 1352/logcat: 0% user + 0.2% kernel / faults: 2 minor
06-07 08:05:05.828 E/ActivityManager( 1734):   0.1% 1255/kworker/0:1H: 0% user + 0.1% kernel
06-07 08:05:05.828 E/ActivityManager( 1734):   0.1% 17/kworker/u4:1: 0% user + 0.1% kernel
06-07 08:05:05.828 E/ActivityManager( 1734):   0.1% 1265/jbd2/vdc-8: 0% user + 0.1% kernel
06-07 08:05:05.828 E/ActivityManager( 1734):   0.1% 1320/servicemanager: 0% user + 0.1% kernel
06-07 08:05:05.828 E/ActivityManager( 1734):   0% 12/ksoftirqd/1: 0% user + 0% kernel
06-07 08:05:05.828 E/ActivityManager( 1734):   0% 1326/audioserver: 0% user + 0% kernel
06-07 08:05:05.828 E/ActivityManager( 1734):   0% 1//init: 0% user + 0% kernel
06-07 08:05:05.828 E/ActivityManager( 1734):   0% 13/kworker/1:0: 0% user + 0% kernel
06-07 08:05:05.828 E/ActivityManager( 1734):   0% 549/kworker/0:1: 0% user + 0% kernel
06-07 08:05:05.828 E/ActivityManager( 1734):  +0% 2389/getprop: 0% user + 0% kernel
06-07 08:05:05.828 E/ActivityManager( 1734):  +0% 2391/zygote64: 0% user + 0% kernel
06-07 08:05:05.828 E/ActivityManager( 1734):  +0% 2397/sh: 0% user + 0% kernel
06-07 08:05:05.828 E/ActivityManager( 1734): 100% TOTAL: 27% user + 71% kernel + 1% softirq
06-07 08:05:05.828 E/ActivityManager( 1734): CPU usage from 240193ms to 240193ms ago (1970-01-01 00:00:00.000 to 1970-01-01 00:00:00.000) with 0% awake:
06-07 08:05:05.828 E/ActivityManager( 1734): 0% TOTAL: 0% user + 0% kernel
06-07 08:05:05.923 I/ActivityManager( 1734): Killing 2001:com.android.systemui/u0a21 (adj -800): bg anr
06-07 08:05:06.406 W/art     ( 1734): Long monitor contention with owner BackgroundDexOptService_PostBootUpdate (2360) at boolean android.os.MessageQueue.enqueueMessage(android.os.Message, long)(MessageQueue.java:541) waiters=0 in android.os.Message android.os.MessageQueue.next() for 488ms
06-07 08:05:07.280 W/art     ( 1734): Long monitor contention with owner ConditionProviders.ECP (1970) at void android.os.Process.setThreadPriority(int, int)(Process.java:-2) waiters=0 in void com.android.server.AlarmManagerService$AlarmThread.run() for 495ms
06-07 08:05:07.369 E/ActivityThread( 2186): Failed to find provider info for com.android.contacts
06-07 08:05:07.369 W/CallerInfoCache( 2186): cursor is null
06-07 08:05:07.877 I/Telephony( 2186): TtyManager: updateUiTtyMode -1 -> 0
06-07 08:05:09.068 D/AlarmManagerService( 1734): Kernel timezone updated to 0 minutes west of GMT
06-07 08:05:09.105 D/AlarmManagerService( 1734): Setting time of day to sec=1591517110
06-07 08:05:10.467 W/AlarmManagerService( 1734): Unable to set rtc to 1591517110: No such device
06-07 08:05:10.539 E/JavaBinder( 1734): !!! FAILED BINDER TRANSACTION !!!  (parcel size = 76)
06-07 08:05:10.542 W/ActivityManager( 1734): Failed to update preferences for: com.android.systemui
06-07 08:05:10.543 E/JavaBinder( 1734): !!! FAILED BINDER TRANSACTION !!!  (parcel size = 236)
06-07 08:05:10.544 W/BroadcastQueue( 1734): Can't deliver broadcast to com.android.systemui (pid 2001). Crashing it.
06-07 08:05:10.608 E/JavaBinder( 1734): !!! FAILED BINDER TRANSACTION !!!  (parcel size = 124)
06-07 08:05:10.609 I/ActivityManager( 1734): Killing 2001:com.android.systemui/u0a21 (adj -800): scheduleCrash for 'can't deliver broadcast' failed
06-07 08:05:10.612 W/BroadcastQueue( 1734): Failure sending broadcast Intent { act=android.intent.action.TIME_SET flg=0x24000010 }
06-07 08:05:10.612 W/BroadcastQueue( 1734): android.os.DeadObjectException: Transaction failed on small parcel; remote process probably died
06-07 08:05:10.612 W/BroadcastQueue( 1734): 	at android.os.BinderProxy.transactNative(Native Method)
06-07 08:05:10.612 W/BroadcastQueue( 1734): 	at android.os.BinderProxy.transact(Binder.java:615)
06-07 08:05:10.612 W/BroadcastQueue( 1734): 	at android.app.ApplicationThreadProxy.scheduleRegisteredReceiver(ApplicationThreadNative.java:1201)
06-07 08:05:10.612 W/BroadcastQueue( 1734): 	at com.android.server.am.BroadcastQueue.performReceiveLocked(BroadcastQueue.java:474)
06-07 08:05:10.612 W/BroadcastQueue( 1734): 	at com.android.server.am.BroadcastQueue.deliverToRegisteredReceiverLocked(BroadcastQueue.java:666)
06-07 08:05:10.612 W/BroadcastQueue( 1734): 	at com.android.server.am.BroadcastQueue.processNextBroadcast(BroadcastQueue.java:787)
06-07 08:05:10.612 W/BroadcastQueue( 1734): 	at com.android.server.am.BroadcastQueue$BroadcastHandler.handleMessage(BroadcastQueue.java:172)
06-07 08:05:10.612 W/BroadcastQueue( 1734): 	at android.os.Handler.dispatchMessage(Handler.java:102)
06-07 08:05:10.612 W/BroadcastQueue( 1734): 	at android.os.Looper.loop(Looper.java:154)
06-07 08:05:10.612 W/BroadcastQueue( 1734): 	at android.os.HandlerThread.run(HandlerThread.java:61)
06-07 08:05:10.612 W/BroadcastQueue( 1734): 	at com.android.server.ServiceThread.run(ServiceThread.java:46)
06-07 08:05:10.613 D/ConditionProviders.SCP( 1734): onReceive android.intent.action.TIME_SET
06-07 08:05:10.727 D/ConditionProviders.SCP( 1734): notifyCondition condition://android/schedule?days=6.7&start=23.30&end=10.0&exitAtAlarm=false STATE_TRUE reason=meetsSchedule
06-07 08:05:10.728 D/ConditionProviders.SCP( 1734): notifyCondition condition://android/schedule?days=1.2.3.4.5&start=22.0&end=7.0&exitAtAlarm=false STATE_FALSE reason=!meetsSchedule
06-07 08:05:10.733 D/ConditionProviders.SCP( 1734): Scheduling evaluate for Sun Jun 07 10:00:00 UTC 2020 (1591524000000), in +1h54m49s386ms, now=Sun Jun 07 08:05:10 UTC 2020 (1591517110614)
06-07 08:05:10.860 W/InputDispatcher( 1734): channel '9b2b4cf DockedStackDivider (server)' ~ Consumer closed input channel or an error occurred.  events=0x9
06-07 08:05:10.861 E/InputDispatcher( 1734): channel '9b2b4cf DockedStackDivider (server)' ~ Channel is unrecoverably broken and will be disposed!
06-07 08:05:10.876 E/ActivityThread( 1734): Failed to find provider info for com.android.calendar
06-07 08:05:10.891 E/ActivityThread( 1734): Failed to find provider info for com.android.calendar
06-07 08:05:11.011 I/WindowManager( 1734): WIN DEATH: Window{9b2b4cf u0 DockedStackDivider}
06-07 08:05:11.012 W/InputDispatcher( 1734): Attempted to unregister already unregistered input channel '9b2b4cf DockedStackDivider (server)'
06-07 08:05:11.107 W/WallpaperManagerService( 1734): Wallpaper service gone: ComponentInfo{com.android.systemui/com.android.systemui.ImageWallpaper}
06-07 08:05:11.109 I/ActivityManager( 1734): Process com.android.systemui (pid 2001) has died
06-07 08:05:11.110 D/ActivityManager( 1734): cleanUpApplicationRecord -- 2001
06-07 08:05:11.113 W/ActivityManager( 1734): Scheduling restart of crashed service com.android.systemui/.SystemUIService in 0ms
06-07 08:05:11.113 W/ActivityManager( 1734): Scheduling restart of crashed service com.android.systemui/.ImageWallpaper in 0ms
06-07 08:05:11.113 W/ActivityManager( 1734): Scheduling restart of crashed service com.android.systemui/.keyguard.KeyguardService in 0ms
06-07 08:05:11.129 W/ActivityManager( 1734): Re-adding persistent process ProcessRecord{b9d8e79 2001:com.android.systemui/u0a21}
06-07 08:05:11.158 W/AudioService( 1734): Current remote volume controller died, unregistering
06-07 08:05:11.161 W/VolumeController( 1734): Error calling dismiss
06-07 08:05:11.161 W/VolumeController( 1734): android.os.DeadObjectException
06-07 08:05:11.161 W/VolumeController( 1734): 	at android.os.BinderProxy.transactNative(Native Method)
06-07 08:05:11.161 W/VolumeController( 1734): 	at android.os.BinderProxy.transact(Binder.java:615)
06-07 08:05:11.161 W/VolumeController( 1734): 	at android.media.IVolumeController$Stub$Proxy.dismiss(IVolumeController.java:162)
06-07 08:05:11.161 W/VolumeController( 1734): 	at com.android.server.audio.AudioService$VolumeController.postDismiss(AudioService.java:6138)
06-07 08:05:11.161 W/VolumeController( 1734): 	at com.android.server.audio.AudioService.setVolumeController(AudioService.java:5986)
06-07 08:05:11.161 W/VolumeController( 1734): 	at com.android.server.audio.AudioService$4.binderDied(AudioService.java:5995)
06-07 08:05:11.161 W/VolumeController( 1734): 	at android.os.BinderProxy.sendDeathNotice(Binder.java:688)
06-07 08:05:11.258 W/art     ( 1734): Long monitor contention with owner Binder:1734_4 (2024) at void com.android.server.wm.WindowState$DeathRecipient.binderDied()(WindowState.java:1806) waiters=0 in void com.android.server.wm.WindowManagerService$H.handleMessage(android.os.Message) for 110ms
06-07 08:05:11.330 W/ActivityManager( 1734): Slow operation: 200ms so far, now at startProcess: returned from zygote!
06-07 08:05:11.330 W/ActivityManager( 1734): Slow operation: 200ms so far, now at startProcess: done updating battery stats
06-07 08:05:11.331 W/ActivityManager( 1734): Slow operation: 201ms so far, now at startProcess: building log message
06-07 08:05:11.331 I/ActivityManager( 1734): Start proc 2426:com.android.systemui/u0a21 for restart com.android.systemui
06-07 08:05:11.331 W/ActivityManager( 1734): Slow operation: 201ms so far, now at startProcess: starting to update pids map
06-07 08:05:11.331 W/ActivityManager( 1734): Slow operation: 201ms so far, now at startProcess: done updating pids map
06-07 08:05:11.334 W/art     ( 1734): Long monitor contention with owner Binder:1734_6 (2220) at void com.android.server.am.ActivityManagerService$AppDeathRecipient.binderDied()(ActivityManagerService.java:1475) waiters=0 in void com.android.server.am.ActiveServices$ServiceRestarter.run() for 222ms
06-07 08:05:11.350 W/art     ( 1734): Long monitor contention with owner Binder:1734_6 (2220) at void com.android.server.am.ActivityManagerService$AppDeathRecipient.binderDied()(ActivityManagerService.java:1475) waiters=1 in void com.android.server.am.ActivityManagerService.dispatchUidsChanged() for 222ms
06-07 08:05:11.654 W/art     ( 2426): Unexpected CPU variant for X86 using defaults: x86_64
06-07 08:05:13.900 W/System  ( 2426): ClassLoader referenced unknown path: /system/priv-app/SystemUI/lib/x86_64
06-07 08:05:14.061 W/art     ( 1734): Long monitor contention with owner Binder:1734_6 (2220) at void com.android.server.am.ActivityManagerService$AppDeathRecipient.binderDied()(ActivityManagerService.java:1475) waiters=2 in java.lang.String com.android.server.am.ActivityManagerService.getTagForIntentSender(android.content.IIntentSender, java.lang.String) for 2.880s
06-07 08:05:16.000 W/art     ( 1734): Long monitor contention with owner Binder:1734_6 (2220) at int com.android.server.am.ActivityManagerService.broadcastIntent(android.app.IApplicationThread, android.content.Intent, java.lang.String, android.content.IIntentReceiver, int, java.lang.String, android.os.Bundle, java.lang.String[], int, android.os.Bundle, boolean, boolean, int)(ActivityManagerService.java:18551) waiters=0 in void com.android.server.am.BroadcastQueue.processNextBroadcast(boolean) for 214ms
06-07 08:05:16.116 W/WallpaperManagerService( 1734): Wallpaper reconnect timed out, reverting to built-in wallpaper!
06-07 08:05:16.477 V/SystemUIService( 2426): Starting SystemUI services for user 0.
06-07 08:05:16.492 D/PhoneSwitcherNetworkRequstListener( 2186): got request NetworkRequest [ REQUEST id=1, [ Capabilities: INTERNET&NOT_RESTRICTED&TRUSTED&NOT_VPN] ] with score 0
06-07 08:05:16.577 D/TelephonyDebugService( 2186): TelephonyDebugService()
06-07 08:05:16.648 D/CarrierConfigLoader( 2186): mHandler: 12 phoneId: 0
06-07 08:05:17.288 V/MediaRouter( 2426): Adding route: RouteInfo{ name=Phone, description=null, status=null, category=RouteCategory{ name=null types=ROUTE_TYPE_LIVE_AUDIO ROUTE_TYPE_LIVE_VIDEO  groupable=false }, supportedTypes=ROUTE_TYPE_LIVE_AUDIO ROUTE_TYPE_LIVE_VIDEO , presentationDisplay=null }
06-07 08:05:17.303 W/art     ( 1734): Long monitor contention with owner ConditionProviders.ECP (1970) at void com.android.server.AlarmManagerService.setImpl(int, long, long, long, android.app.PendingIntent, android.app.IAlarmListener, java.lang.String, int, android.os.WorkSource, android.app.AlarmManager$AlarmClockInfo, int, java.lang.String)(AlarmManagerService.java:1072) waiters=0 in void com.android.server.AlarmManagerService$UidObserver.onUidIdle(int) for 5.951s
06-07 08:05:17.314 W/art     ( 1734): Long monitor contention with owner ConditionProviders.ECP (1970) at void com.android.server.AlarmManagerService.setImpl(int, long, long, long, android.app.PendingIntent, android.app.IAlarmListener, java.lang.String, int, android.os.WorkSource, android.app.AlarmManager$AlarmClockInfo, int, java.lang.String)(AlarmManagerService.java:1072) waiters=1 in void com.android.server.AlarmManagerService$DeliveryTracker.onSendFinished(android.app.PendingIntent, android.content.Intent, int, java.lang.String, android.os.Bundle) for 5.917s
06-07 08:05:17.462 V/MediaRouter( 2426): Updating audio routes: AudioRoutesInfo{ type=SPEAKER }
06-07 08:05:17.563 V/MediaRouter( 2426): Selecting route: RouteInfo{ name=Phone, description=null, status=null, category=RouteCategory{ name=null types=ROUTE_TYPE_LIVE_AUDIO ROUTE_TYPE_LIVE_VIDEO  groupable=false }, supportedTypes=ROUTE_TYPE_LIVE_AUDIO ROUTE_TYPE_LIVE_VIDEO , presentationDisplay=null }
06-07 08:05:18.107 D/TrustManagerService( 1734): Removing dead TrustListener.
06-07 08:05:18.903 E/WVMExtractor( 2426): Failed to open libwvm.so: dlopen failed: library "libwvm.so" not found
06-07 08:05:20.398 I/MediaPlayerService( 1334): MediaPlayerService::getOMX
06-07 08:05:20.440 I/OMXClient( 2426): MuxOMX ctor
06-07 08:05:20.656 I/OMXMaster( 1331): makeComponentInstance(OMX.google.vorbis.decoder) in mediacodec process
06-07 08:05:24.599 I/MediaPlayerService( 1334): MediaPlayerService::getOMX
06-07 08:05:24.601 I/OMXClient( 2426): MuxOMX ctor
06-07 08:05:24.637 I/OMXMaster( 1331): makeComponentInstance(OMX.google.vorbis.decoder) in mediacodec process
06-07 08:05:25.187 W/System  ( 2391): ClassLoader referenced unknown path: /system/priv-app/CellBroadcastReceiver/lib/x86_64
06-07 08:05:25.389 I/vol.Events( 2426): writeEvent collection_started
06-07 08:05:25.931 I/vol.Events( 2426): writeEvent external_ringer_mode_changed normal
06-07 08:05:25.932 I/vol.Events( 2426): writeEvent internal_ringer_mode_changed normal
06-07 08:05:27.610 I/MediaPlayerService( 1334): MediaPlayerService::getOMX
06-07 08:05:27.612 I/OMXClient( 2426): MuxOMX ctor
06-07 08:05:27.647 I/OMXMaster( 1331): makeComponentInstance(OMX.google.vorbis.decoder) in mediacodec process
06-07 08:05:32.434 I/vol.Events( 2426): writeEvent level_changed STREAM_ALARM 6
06-07 08:05:32.472 I/vol.Events( 2426): writeEvent level_changed STREAM_BLUETOOTH_SCO 7
06-07 08:05:32.536 I/vol.Events( 2426): writeEvent level_changed STREAM_MUSIC 11
06-07 08:05:32.748 I/vol.Events( 2426): writeEvent level_changed STREAM_RING 5
06-07 08:05:32.779 I/vol.Events( 2426): writeEvent level_changed STREAM_SYSTEM 5
06-07 08:05:32.879 W/ActivityManager( 1734): Timeout executing service: ServiceRecord{f567944 u0 com.android.systemui/.SystemUIService}
06-07 08:05:32.899 I/vol.Events( 2426): writeEvent level_changed STREAM_VOICE_CALL 4
06-07 08:05:33.578 I/Process ( 1734): Sending signal. PID: 2426 SIG: 3
06-07 08:05:33.580 I/art     ( 2426): Thread[3,tid=2434,WaitingInMainSignalCatcherLoop,Thread*=0x790f2ba96400,peer=0x12c21310,"Signal Catcher"]: reacting to signal 3
06-07 08:05:33.580 I/art     ( 2426): 
06-07 08:05:34.191 D/StorageNotification( 2426): Notifying about private volume: VolumeInfo{private}:
06-07 08:05:34.191 D/StorageNotification( 2426):     type=PRIVATE diskId=null partGuid=null mountFlags=0 mountUserId=-1 
06-07 08:05:34.191 D/StorageNotification( 2426):     state=MOUNTED 
06-07 08:05:34.191 D/StorageNotification( 2426):     fsType=null fsUuid=null fsLabel=null 
06-07 08:05:34.191 D/StorageNotification( 2426):     path=/data internalPath=null 
06-07 08:05:34.207 D/StorageNotification( 2426): Notifying about public volume: VolumeInfo{public:253,48}:
06-07 08:05:34.207 D/StorageNotification( 2426):     type=PUBLIC diskId=disk:253,48 partGuid=null mountFlags=VISIBLE 
06-07 08:05:34.207 D/StorageNotification( 2426):     mountUserId=0 state=MOUNTED 
06-07 08:05:34.207 D/StorageNotification( 2426):     fsType=vfat fsUuid=1EFF-1C1B fsLabel=SDCARD 
06-07 08:05:34.207 D/StorageNotification( 2426):     path=/storage/1EFF-1C1B internalPath=/mnt/media_rw/1EFF-1C1B 
06-07 08:05:34.246 W/WindowManager( 1734): ***** BOOT TIMEOUT: forcing display enabled
06-07 08:05:34.252 I/SurfaceFlinger( 1321): Boot is finished (250852 ms)
06-07 08:05:34.502 I/SystemServiceManager( 1734): Starting phase 1000
06-07 08:05:34.676 W/ActivityManager( 1734): Slow operation: 113ms so far, now at startProcess: asking zygote to start proc
06-07 08:05:34.829 E/ActivityManager( 1734): ANR in com.android.systemui
06-07 08:05:34.829 E/ActivityManager( 1734): PID: 2426
06-07 08:05:34.829 E/ActivityManager( 1734): Reason: executing service com.android.systemui/.SystemUIService
06-07 08:05:34.829 E/ActivityManager( 1734): Load: 0.0 / 0.0 / 0.0
06-07 08:05:34.829 E/ActivityManager( 1734): CPU usage from 28336ms to 0ms ago (2020-06-07 08:05:03.194 to 2020-06-07 08:05:32.884):
06-07 08:05:34.829 E/ActivityManager( 1734):   93% 1321/surfaceflinger: 27% user + 65% kernel
06-07 08:05:34.829 E/ActivityManager( 1734):   24% 1390/bootanimation: 3.2% user + 21% kernel
06-07 08:05:34.829 E/ActivityManager( 1734):   24% 1734/system_server: 5.6% user + 18% kernel / faults: 419 minor 17 major
06-07 08:05:34.829 E/ActivityManager( 1734):   15% 2204/com.android.settings: 3.2% user + 11% kernel / faults: 7 minor
06-07 08:05:34.829 E/ActivityManager( 1734):   2.2% 1331/media.codec: 0.1% user + 2.1% kernel / faults: 1805 minor
06-07 08:05:34.829 E/ActivityManager( 1734):   3.3% 2186/com.android.phone: 0.6% user + 2.6% kernel / faults: 751 minor 15 major
06-07 08:05:34.829 E/ActivityManager( 1734):   2% 8/rcu_preempt: 0% user + 2% kernel
06-07 08:05:34.829 E/ActivityManager( 1734):   1.2% 1323/adbd: 0% user + 1.2% kernel / faults: 966 minor
06-07 08:05:34.829 E/ActivityManager( 1734):   1.2% 2391/zygote64: 0.2% user + 0.9% kernel / faults: 3578 minor
06-07 08:05:34.829 E/ActivityManager( 1734):   0.3% 1333/media.extractor: 0% user + 0.3% kernel / faults: 45 minor
06-07 08:05:34.829 E/ActivityManager( 1734):   0.6% 1320/servicemanager: 0% user + 0.6% kernel
06-07 08:05:34.829 E/ActivityManager( 1734):   0.3% 1267/logd: 0% user + 0.3% kernel / faults: 15 minor
06-07 08:05:34.829 E/ActivityManager( 1734):   0.2% 3/ksoftirqd/0: 0% user + 0.2% kernel
06-07 08:05:34.829 E/ActivityManager( 1734):   0.1% 1334/mediaserver: 0% user + 0% kernel / faults: 2 minor
06-07 08:05:34.829 E/ActivityManager( 1734):   0.2% 1352/logcat: 0.1% user + 0.1% kernel / faults: 3 minor
06-07 08:05:34.829 E/ActivityManager( 1734):   0.1% 1324/zygote64: 0% user + 0.1% kernel / faults: 152 minor
06-07 08:05:34.829 E/ActivityManager( 1734):   0.1% 12/ksoftirqd/1: 0% user + 0.1% kernel
06-07 08:05:34.829 E/ActivityManager( 1734):   0.1% 1326/audioserver: 0% user + 0.1% kernel
06-07 08:05:34.829 E/ActivityManager( 1734):   0.1% 1265/jbd2/vdc-8: 0% user + 0.1% kernel
06-07 08:05:34.829 E/ActivityManager( 1734):   0% 1336/rild: 0% user + 0% kernel / faults: 1 minor
06-07 08:05:34.829 E/ActivityManager( 1734):   0% 1319/lmkd: 0% user + 0% kernel
06-07 08:05:34.829 E/ActivityManager( 1734):   0% 13/kworker/1:0: 0% user + 0% kernel
06-07 08:05:34.829 E/ActivityManager( 1734):   0% 17/kworker/u4:1: 0% user + 0% kernel
06-07 08:05:34.829 E/ActivityManager( 1734):   0% 549/kworker/0:1: 0% user + 0% kernel
06-07 08:05:34.829 E/ActivityManager( 1734):   0% 633/fsnotify_mark: 0% user + 0% kernel
06-07 08:05:34.829 E/ActivityManager( 1734):   0% 1255/kworker/0:1H: 0% user + 0% kernel
06-07 08:05:34.829 E/ActivityManager( 1734):   0% 1338/fingerprintd: 0% user + 0% kernel
06-07 08:05:34.829 E/ActivityManager( 1734):  +0% 2426/com.android.systemui: 0% user + 0% kernel
06-07 08:05:34.829 E/ActivityManager( 1734):  +0% 2477/getprop: 0% user + 0% kernel
06-07 08:05:34.829 E/ActivityManager( 1734):  +0% 2479/getprop: 0% user + 0% kernel
06-07 08:05:34.829 E/ActivityManager( 1734): 100% TOTAL: 23% user + 75% kernel + 1.7% softirq
06-07 08:05:34.829 E/ActivityManager( 1734): CPU usage from 268529ms to 268529ms ago (1970-01-01 00:00:00.000 to 1970-01-01 00:00:00.000) with 0% awake:
06-07 08:05:34.829 E/ActivityManager( 1734): 0% TOTAL: 0% user + 0% kernel
06-07 08:05:35.050 W/ActivityManager( 1734): Slow operation: 487ms so far, now at startProcess: returned from zygote!
06-07 08:05:35.051 W/ActivityManager( 1734): Slow operation: 488ms so far, now at startProcess: done updating battery stats
06-07 08:05:35.051 W/ActivityManager( 1734): Slow operation: 488ms so far, now at startProcess: building log message
06-07 08:05:35.052 I/ActivityManager( 1734): Start proc 2488:android.ext.services/u0a12 for on-hold
06-07 08:05:35.052 W/ActivityManager( 1734): Slow operation: 489ms so far, now at startProcess: starting to update pids map
06-07 08:05:35.052 W/ActivityManager( 1734): Slow operation: 489ms so far, now at startProcess: done updating pids map
06-07 08:05:35.168 D/ActivityManager( 1734): Finishing user boot 0
06-07 08:05:35.182 D/CryptdConnector( 1734): SND -> {3 cryptfs prepare_user_storage ! 0 0 2}
06-07 08:05:35.213 D/vold    ( 1277): e4crypt_prepare_user_storage for volume null, user 0, serial 0, flags 2
06-07 08:05:35.215 D/vold    ( 1277): Preparing: /data/system_ce/0
06-07 08:05:35.264 W/art     ( 2488): Unexpected CPU variant for X86 using defaults: x86_64
06-07 08:05:35.426 D/vold    ( 1277): Preparing: /data/misc_ce/0
06-07 08:05:35.426 D/vold    ( 1277): Preparing: /data/media/0
06-07 08:05:35.426 D/vold    ( 1277): Preparing: /data/data
06-07 08:05:35.429 D/CryptdConnector( 1734): RCV <- {200 3 Command succeeded}
06-07 08:05:35.451 V/UserManagerService( 1734): Found /data/user/0 with serial number 0
06-07 08:05:35.452 V/UserManagerService( 1734): Found /data/system_ce/0 with serial number 0
06-07 08:05:35.486 V/PackageManager( 1734): reconcileAppsData for null u0 0x2
06-07 08:05:36.176 I/art     ( 2426): Wrote stack traces to '/data/anr/traces.txt'
06-07 08:05:38.701 E/NetdConnector( 1734): NDC Command {18 firewall disable_chain standby} took too long (3434ms)
06-07 08:05:39.890 V/PackageManager( 1734): reconcileAppsData finished 81 packages
06-07 08:05:39.908 W/art     ( 1734): Long monitor contention with owner android.display (1793) at void com.android.server.am.ActivityManagerService.finishBooting()(ActivityManagerService.java:6823) waiters=0 in void com.android.server.am.ActivityManagerService.appendDropBoxProcessHeaders(com.android.server.am.ProcessRecord, java.lang.String, java.lang.StringBuilder) for 5.077s
06-07 08:05:39.911 I/ActivityManager( 1734): Killing 2426:com.android.systemui/u0a21 (adj -800): bg anr
06-07 08:05:39.912 W/art     ( 1734): Long monitor contention with owner android.display (1793) at void com.android.server.am.ActivityManagerService.finishBooting()(ActivityManagerService.java:6823) waiters=1 in void com.android.server.am.ActivityManagerService.serviceDoneExecuting(android.os.IBinder, int, int, int) for 3.910s
06-07 08:05:39.931 W/art     ( 1734): Long monitor contention with owner android.display (1793) at void com.android.server.am.ActivityManagerService.finishBooting()(ActivityManagerService.java:6823) waiters=2 in com.android.server.am.ProcessRecord com.android.server.am.ActivityManagerService.findAppProcess(android.os.IBinder, java.lang.String) for 3.863s
06-07 08:05:39.932 W/art     ( 1734): Long monitor contention with owner android.display (1793) at void com.android.server.am.ActivityManagerService.finishBooting()(ActivityManagerService.java:6823) waiters=3 in void com.android.server.am.ActivityManagerService.attachApplication(android.app.IApplicationThread) for 3.572s
06-07 08:05:40.061 W/art     ( 1734): Long monitor contention with owner android.display (1793) at void com.android.server.am.ActivityManagerService.finishBooting()(ActivityManagerService.java:6823) waiters=4 in com.android.server.am.ProcessRecord com.android.server.am.ActivityManagerService.findAppProcess(android.os.IBinder, java.lang.String) for 1.634s
06-07 08:05:40.063 W/ActivityManager( 1734): Timeout executing service: ServiceRecord{f567944 u0 com.android.systemui/.SystemUIService}
06-07 08:05:40.233 I/ActivityManager( 1734): Skipping duplicate ANR: ProcessRecord{b9d8e79 2426:com.android.systemui/u0a21} executing service com.android.systemui/.SystemUIService
06-07 08:05:40.292 D/MountService( 1734): onUnlockUser 0
06-07 08:05:40.292 D/VoldConnector( 1734): SND -> {8 volume user_started 0}
06-07 08:05:40.613 D/vold    ( 1277): Linking /storage/emulated/0 to /mnt/user/0/primary
06-07 08:05:40.821 D/VoldConnector( 1734): RCV <- {200 8 Command succeeded}
06-07 08:05:41.002 E/VoldConnector( 1734): NDC Command {8 volume user_started 0} took too long (709ms)
06-07 08:05:41.093 D/MountService( 1734): Volume public:253,48 broadcasting mounted to UserHandle{0}
06-07 08:05:41.110 E/JavaBinder( 1734): !!! FAILED BINDER TRANSACTION !!!  (parcel size = 136)
06-07 08:05:41.199 D/MountService( 1734): Volume emulated broadcasting mounted to UserHandle{0}
06-07 08:05:41.201 E/JavaBinder( 1734): !!! FAILED BINDER TRANSACTION !!!  (parcel size = 136)
06-07 08:05:41.462 W/System  ( 2488): ClassLoader referenced unknown path: /system/priv-app/ExtServices/lib/x86_64
06-07 08:05:41.919 W/art     ( 1734): Long monitor contention with owner Binder:1734_4 (2024) at void com.android.server.am.BroadcastQueue.processNextBroadcast(boolean)(BroadcastQueue.java:760) waiters=0 in void com.android.server.am.ActivityManagerService.dispatchProcessesChanged() for 132ms
06-07 08:05:42.101 V/BackupManagerService( 1734): No ancestral data
06-07 08:05:42.492 I/WindowManager( 1734): WIN DEATH: Window{b706d0b u0 DockedStackDivider}
06-07 08:05:42.776 W/ActivityManager( 1734): Slow operation: 434ms so far, now at startProcess: returned from zygote!
06-07 08:05:42.777 W/ActivityManager( 1734): Slow operation: 435ms so far, now at startProcess: done updating battery stats
06-07 08:05:42.778 W/ActivityManager( 1734): Slow operation: 436ms so far, now at startProcess: building log message
06-07 08:05:42.778 I/ActivityManager( 1734): Start proc 2517:com.android.deskclock/u0a31 for broadcast com.android.deskclock/.AlarmInitReceiver
06-07 08:05:42.778 W/ActivityManager( 1734): Slow operation: 436ms so far, now at startProcess: starting to update pids map
06-07 08:05:42.778 W/ActivityManager( 1734): Slow operation: 436ms so far, now at startProcess: done updating pids map
06-07 08:05:42.779 W/ActivityManager( 1734): Slow operation: 439ms so far, now at startProcess: done starting proc!
06-07 08:05:42.780 W/art     ( 1734): Long monitor contention with owner main (1734) at void com.android.server.am.BroadcastQueue.processNextBroadcast(boolean)(BroadcastQueue.java:760) waiters=0 in java.lang.String com.android.server.am.ActivityManagerService.getTagForIntentSender(android.content.IIntentSender, java.lang.String) for 408ms
06-07 08:05:42.782 W/art     ( 1734): Long monitor contention with owner main (1734) at void com.android.server.am.BroadcastQueue.processNextBroadcast(boolean)(BroadcastQueue.java:760) waiters=1 in void com.android.server.am.ActivityManagerService.dispatchUidsChanged() for 409ms
06-07 08:05:42.801 W/art     ( 1734): Long monitor contention with owner main (1734) at void com.android.server.am.BroadcastQueue.processNextBroadcast(boolean)(BroadcastQueue.java:760) waiters=2 in com.android.server.am.ProcessRecord com.android.server.am.ActivityManagerService.findAppProcess(android.os.IBinder, java.lang.String) for 421ms
06-07 08:05:42.805 W/art     ( 1734): Long monitor contention with owner main (1734) at void com.android.server.am.BroadcastQueue.processNextBroadcast(boolean)(BroadcastQueue.java:760) waiters=3 in void com.android.server.am.ActivityManagerService$3.handleMessage(android.os.Message) for 406ms
06-07 08:05:42.839 W/art     ( 1734): Long monitor contention with owner main (1734) at void com.android.server.am.BroadcastQueue.processNextBroadcast(boolean)(BroadcastQueue.java:760) waiters=4 in android.content.Intent com.android.server.am.ActivityManagerService.registerReceiver(android.app.IApplicationThread, java.lang.String, android.content.IIntentReceiver, android.content.IntentFilter, java.lang.String, int) for 334ms
06-07 08:05:42.856 I/ActivityManager( 1734): Process com.android.systemui (pid 2426) has died
06-07 08:05:42.857 D/ActivityManager( 1734): cleanUpApplicationRecord -- 2426
06-07 08:05:42.858 W/ActivityManager( 1734): Scheduling restart of crashed service com.android.systemui/.SystemUIService in 0ms
06-07 08:05:42.859 W/ActivityManager( 1734): Scheduling restart of crashed service com.android.systemui/.ImageWallpaper in 0ms
06-07 08:05:42.859 W/ActivityManager( 1734): Scheduling restart of crashed service com.android.systemui/.keyguard.KeyguardService in 0ms
06-07 08:05:42.862 W/ActivityManager( 1734): Re-adding persistent process ProcessRecord{b9d8e79 2426:com.android.systemui/u0a21}
06-07 08:05:42.872 W/libprocessgroup( 1734): failed to open /acct/uid_10021/pid_2426/cgroup.procs: No such file or directory
06-07 08:05:42.902 V/BackupManagerService( 1734): Starting with transport android/com.android.internal.backup.LocalTransport
06-07 08:05:42.903 V/BackupManagerService( 1734): Found transports: 1
06-07 08:05:42.904 W/BackupManagerService( 1734): Proposed transport ComponentInfo{android/com.android.internal.backup.LocalTransportService} not whitelisted; ignoring
06-07 08:05:42.927 I/BackupManagerService( 1734): Backup enabled => false
06-07 08:05:43.007 W/ActivityManager( 1734): Slow operation: 55ms so far, now at startProcess: getting gids from package manager
06-07 08:05:43.008 W/ActivityManager( 1734): Slow operation: 145ms so far, now at startProcess: building args
06-07 08:05:43.008 W/ActivityManager( 1734): Slow operation: 145ms so far, now at startProcess: asking zygote to start proc
06-07 08:05:43.050 W/art     ( 2517): Unexpected CPU variant for X86 using defaults: x86_64
06-07 08:05:43.207 W/ActivityManager( 1734): Slow operation: 344ms so far, now at startProcess: returned from zygote!
06-07 08:05:43.207 W/ActivityManager( 1734): Slow operation: 344ms so far, now at startProcess: done updating battery stats
06-07 08:05:43.207 W/ActivityManager( 1734): Slow operation: 344ms so far, now at startProcess: building log message
06-07 08:05:43.208 I/ActivityManager( 1734): Start proc 2530:com.android.systemui/u0a21 for restart com.android.systemui
06-07 08:05:43.208 W/ActivityManager( 1734): Slow operation: 345ms so far, now at startProcess: starting to update pids map
06-07 08:05:43.208 W/ActivityManager( 1734): Slow operation: 345ms so far, now at startProcess: done updating pids map
06-07 08:05:43.210 W/art     ( 1734): Long monitor contention with owner Binder:1734_5 (2114) at void com.android.server.am.ActivityManagerService$AppDeathRecipient.binderDied()(ActivityManagerService.java:1475) waiters=0 in int com.android.server.am.ActivityManagerService.getAppStartMode(int, java.lang.String) for 340ms
06-07 08:05:43.274 W/art     ( 2530): Unexpected CPU variant for X86 using defaults: x86_64
06-07 08:05:43.642 W/RichInputConnection( 1993): Slow InputConnection: GET_TEXT_BEFORE_CURSOR took 1253 ms.
06-07 08:05:43.647 W/art     ( 1734): Long monitor contention with owner Binder:1734_5 (2114) at void com.android.server.am.ActivityManagerService$AppDeathRecipient.binderDied()(ActivityManagerService.java:1475) waiters=3 in void com.android.server.am.ActivityManagerService.serviceDoneExecuting(android.os.IBinder, int, int, int) for 737ms
06-07 08:05:43.648 W/art     ( 1734): Long monitor contention with owner Binder:1734_5 (2114) at void com.android.server.am.ActivityManagerService$AppDeathRecipient.binderDied()(ActivityManagerService.java:1475) waiters=4 in void com.android.server.am.ActivityManagerService.dispatchUidsChanged() for 729ms
06-07 08:05:43.652 W/art     ( 1734): Long monitor contention with owner Binder:1734_5 (2114) at void com.android.server.am.ActivityManagerService$AppDeathRecipient.binderDied()(ActivityManagerService.java:1475) waiters=6 in void com.android.server.am.ActivityManagerService.publishService(android.os.IBinder, android.content.Intent, android.os.IBinder) for 623ms
06-07 08:05:43.653 W/art     ( 1734): Long monitor contention with owner Binder:1734_5 (2114) at void com.android.server.am.ActivityManagerService$AppDeathRecipient.binderDied()(ActivityManagerService.java:1475) waiters=5 in boolean com.android.server.am.ActivityManagerService.isUserRunning(int, int) for 626ms
06-07 08:05:43.675 W/art     ( 1734): Long monitor contention with owner Binder:1734_5 (2114) at void com.android.server.am.ActivityManagerService$AppDeathRecipient.binderDied()(ActivityManagerService.java:1475) waiters=2 in void com.android.server.am.ActivityManagerService$3.handleMessage(android.os.Message) for 778ms
06-07 08:05:43.731 W/art     ( 1734): Suspending all threads took: 59.945ms
06-07 08:05:43.790 I/InputAttributes( 1993): InputType.TYPE_NULL is specified
06-07 08:05:43.831 W/art     ( 1734): Long monitor contention with owner Binder:1734_3 (2023) at void com.android.server.am.ActivityManagerService.attachApplication(android.app.IApplicationThread)(ActivityManagerService.java:6669) waiters=5 in void com.android.server.am.ActivityManagerService.attachApplication(android.app.IApplicationThread) for 326ms
06-07 08:05:43.943 W/art     ( 1734): Long monitor contention with owner Binder:1734_A (2516) at void com.android.server.am.ActivityManagerService.publishService(android.os.IBinder, android.content.Intent, android.os.IBinder)(ActivityManagerService.java:17319) waiters=2 in boolean com.android.server.am.ActivityManagerService.isUserRunning(int, int) for 290ms
06-07 08:05:44.181 W/System  ( 2530): ClassLoader referenced unknown path: /system/priv-app/SystemUI/lib/x86_64
06-07 08:05:44.730 W/ifconfig( 2529): type=1400 audit(0.0:10): avc: denied { ioctl } for path="socket:[14215]" dev="sockfs" ino=14215 ioctlcmd=8927 scontext=u:r:shell:s0 tcontext=u:r:shell:s0 tclass=udp_socket permissive=0
06-07 08:05:44.750 W/ifconfig( 2529): type=1400 audit(0.0:11): avc: denied { ioctl } for path="socket:[14215]" dev="sockfs" ino=14215 ioctlcmd=891d scontext=u:r:shell:s0 tcontext=u:r:shell:s0 tclass=udp_socket permissive=0
06-07 08:05:44.770 W/ifconfig( 2529): type=1400 audit(0.0:12): avc: denied { ioctl } for path="socket:[14215]" dev="sockfs" ino=14215 ioctlcmd=8970 scontext=u:r:shell:s0 tcontext=u:r:shell:s0 tclass=udp_socket permissive=0
06-07 08:05:44.450 I/art     ( 1734): Background sticky concurrent mark sweep GC freed 37324(2MB) AllocSpace objects, 7(424KB) LOS objects, 27% free, 9MB/13MB, paused 108.087ms total 1.033s
06-07 08:05:44.961 W/VoiceInteractionManagerService( 1734): no available voice interaction services found for user 0
06-07 08:05:44.962 W/VoiceInteractionManagerService( 1734): no available voice recognition services found for user 0
06-07 08:05:45.000 V/KeyValueBackupJob( 1734): Scheduling k/v pass in 241 minutes
06-07 08:05:45.046 I/ActivityManager( 1734): Loading recents for user 0 into memory.
06-07 08:05:45.196 D/ActivityManager( 1734): Sending BOOT_COMPLETE user #0
06-07 08:05:45.474 V/SystemUIService( 2530): Starting SystemUI services for user 0.
06-07 08:05:45.821 W/art     ( 1734): Long monitor contention with owner Thread-8 (2549) at android.content.pm.ParceledListSlice com.android.server.pm.PackageManagerService.getInstalledPackages(int, int)(PackageManagerService.java:6173) waiters=3 in int com.android.server.pm.PackageManagerService.checkUidPermission(java.lang.String, int) for 112ms
06-07 08:05:45.824 W/art     ( 1734): Long monitor contention with owner Binder:1734_4 (2024) at int com.android.server.am.ActivityManagerService.broadcastIntent(android.app.IApplicationThread, android.content.Intent, java.lang.String, android.content.IIntentReceiver, int, java.lang.String, android.os.Bundle, java.lang.String[], int, android.os.Bundle, boolean, boolean, int)(ActivityManagerService.java:18551) waiters=0 in boolean com.android.server.am.ActivityManagerService.isUserRunning(int, int) for 115ms
06-07 08:05:45.858 D/CarrierSvcBindHelper( 2186): Received android.intent.action.USER_UNLOCKED
06-07 08:05:45.861 E/PhoneInterfaceManager( 2186): [PhoneIntfMgr] getCarrierPackageNamesForIntent: No UICC
06-07 08:05:45.862 D/CarrierSvcBindHelper( 2186): No carrier app for: 0
06-07 08:05:45.882 D/FallbackHome( 2204): User unlocked and real home found; let's go!
06-07 08:05:46.230 I/ActivityManager( 1734): START u0 {act=android.intent.action.MAIN cat=[android.intent.category.HOME] flg=0x10000100 cmp=com.android.launcher3/.Launcher} from uid 0 on display 0
06-07 08:05:46.303 I/LatinIME( 1993): Timeout waiting for dictionary load
06-07 08:05:46.313 W/System  ( 2517): ClassLoader referenced unknown path: /system/app/DeskClock/lib/x86_64
06-07 08:05:46.691 I/AccountManagerService( 1734): User 0 is unlocked - opening CE database
06-07 08:05:46.832 W/art     ( 2569): Unexpected CPU variant for X86 using defaults: x86_64
06-07 08:05:46.916 W/ActivityManager( 1734): Slow operation: 273ms so far, now at startProcess: returned from zygote!
06-07 08:05:46.916 W/ActivityManager( 1734): Slow operation: 273ms so far, now at startProcess: done updating battery stats
06-07 08:05:46.916 W/ActivityManager( 1734): Slow operation: 273ms so far, now at startProcess: building log message
06-07 08:05:46.916 I/ActivityManager( 1734): Start proc 2569:com.android.launcher3/u0a42 for activity com.android.launcher3/.Launcher
