06-09 01:28:58.520 I/Choreographer( 2607): Skipped 334 frames!  The application may be doing too much work on its main thread.
06-09 01:28:58.622 V/MediaScanner( 2713): pruneDeadThumbnailFiles... android.content.ContentProviderClient$CursorWrapperInner@984c4a4
06-09 01:28:58.644 V/MediaScanner( 2713): /pruneDeadThumbnailFiles... android.content.ContentProviderClient$CursorWrapperInner@984c4a4
06-09 01:28:58.709 D/gralloc_ranchu( 2607): Emulator without host-side GPU emulation detected. Loading gralloc.default.so from /vendor/lib64/hw/gralloc.goldfish.default.so...
06-09 01:28:58.994 D/gralloc_ranchu( 2607): gralloc.default.so not found in /vendor. Trying /system/lib64/hw/gralloc.goldfish.default.so...
06-09 01:28:59.606 W/art     ( 1805): Long monitor contention with owner android.display (1869) at void com.android.server.wm.WindowManagerService$H.handleMessage(android.os.Message)(WindowManagerService.java:8368) waiters=0 in void com.android.server.wm.WindowManagerService.finishDrawingWindow(com.android.server.wm.Session, android.view.IWindow) for 375ms
06-09 01:29:00.057 W/art     ( 1805): Long monitor contention with owner android.display (1869) at void com.android.server.wm.WindowAnimator$1.doFrame(long)(WindowAnimator.java:144) waiters=0 in void com.android.server.wm.WindowManagerService.finishDrawingWindow(com.android.server.wm.Session, android.view.IWindow) for 424ms
06-09 01:29:00.174 V/MediaScanner( 2713): pruneDeadThumbnailFiles... android.content.ContentProviderClient$CursorWrapperInner@2e4c372
06-09 01:29:00.176 V/MediaScanner( 2713): /pruneDeadThumbnailFiles... android.content.ContentProviderClient$CursorWrapperInner@2e4c372
06-09 01:29:00.414 I/ContactLocale( 2736): AddressBook Labels [[en_US]]: [, A, B, C, D, E, F, G, H, I, J, K, L, M, N, O, P, Q, R, S, T, U, V, W, X, Y, Z, , , , , , , , , , , , , , , , , , , , , , , , , , , , , , , , , , , , , , , , , , , , , , , , , , , , , , , , , , , , , , , , , , , , , , , , , , , , , , , , , , , , , , , , , , , , , , , , , , , , , , , , , , , , , , , , , , , , , , , , , , , , , , , , , , , , , , , , , , , , , , , , , , , , , , , , , , , , , , , , , , , , , , , , , , , , , , , , , , , , , , , , , , , #, ]
06-09 01:29:00.445 I/Choreographer( 1805): Skipped 46 frames!  The application may be doing too much work on its main thread.
06-09 01:29:00.448 W/art     ( 1805): Long monitor contention with owner android.display (1869) at void com.android.server.wm.WindowManagerService$H.handleMessage(android.os.Message)(WindowManagerService.java:8368) waiters=0 in void com.android.server.wm.WindowManagerService.finishDrawingWindow(com.android.server.wm.Session, android.view.IWindow) for 390ms
06-09 01:29:00.568 D/PhoneStatusBar( 2607): disable: < expand* icons alerts system_info back* home* recent* clock search* quick_settings >
06-09 01:29:01.020 W/art     ( 1805): Long monitor contention with owner android.display (1869) at void com.android.server.wm.WindowAnimator$1.doFrame(long)(WindowAnimator.java:144) waiters=0 in void com.android.server.wm.WindowManagerService.statusBarVisibilityChanged(int) for 452ms
06-09 01:29:01.186 W/art     ( 1805): Long monitor contention with owner android.display (1869) at void com.android.server.wm.WindowAnimator$1.doFrame(long)(WindowAnimator.java:144) waiters=1 in int com.android.server.wm.WindowManagerService.relayoutWindow(com.android.server.wm.Session, android.view.IWindow, int, android.view.WindowManager$LayoutParams, int, int, int, int, android.graphics.Rect, android.graphics.Rect, android.graphics.Rect, android.graphics.Rect, android.graphics.Rect, android.graphics.Rect, android.graphics.Rect, android.content.res.Configuration, android.view.Surface) for 580ms
06-09 01:29:01.190 W/art     ( 1805): Long monitor contention with owner android.display (1869) at void com.android.server.wm.WindowManagerService$H.handleMessage(android.os.Message)(WindowManagerService.java:8368) waiters=1 in void com.android.server.wm.WindowManagerService.statusBarVisibilityChanged(int) for 169ms
06-09 01:29:01.446 W/art     ( 1805): Long monitor contention with owner android.display (1869) at void com.android.server.wm.WindowAnimator$1.doFrame(long)(WindowAnimator.java:144) waiters=1 in void com.android.server.wm.WindowManagerService.statusBarVisibilityChanged(int) for 255ms
06-09 01:29:01.647 W/art     ( 1805): Long monitor contention with owner android.display (1869) at void com.android.server.wm.WindowAnimator$1.doFrame(long)(WindowAnimator.java:144) waiters=1 in int com.android.server.wm.WindowManagerService.relayoutWindow(com.android.server.wm.Session, android.view.IWindow, int, android.view.WindowManager$LayoutParams, int, int, int, int, android.graphics.Rect, android.graphics.Rect, android.graphics.Rect, android.graphics.Rect, android.graphics.Rect, android.graphics.Rect, android.graphics.Rect, android.content.res.Configuration, android.view.Surface) for 405ms
06-09 01:29:01.887 I/Choreographer( 2607): Skipped 199 frames!  The application may be doing too much work on its main thread.
06-09 01:29:02.538 E/Layer   ( 1321): [com.android.systemui.ImageWallpaper] rejecting buffer: bufWidth=1080, bufHeight=1920, front.active.{w=1, h=1}
06-09 01:29:02.795 W/art     ( 1805): Long monitor contention with owner Binder:1805_B (2442) at int com.android.server.wm.WindowManagerService.relayoutWindow(com.android.server.wm.Session, android.view.IWindow, int, android.view.WindowManager$LayoutParams, int, int, int, int, android.graphics.Rect, android.graphics.Rect, android.graphics.Rect, android.graphics.Rect, android.graphics.Rect, android.graphics.Rect, android.graphics.Rect, android.content.res.Configuration, android.view.Surface)(WindowManagerService.java:2857) waiters=0 in void com.android.server.wm.WindowManagerService$H.handleMessage(android.os.Message) for 298ms
06-09 01:29:03.006 I/art     ( 2607): Background sticky concurrent mark sweep GC freed 10573(414KB) AllocSpace objects, 3(60KB) LOS objects, 0% free, 18MB/18MB, paused 1.119ms total 141.856ms
06-09 01:29:03.055 I/Choreographer( 2607): Skipped 38 frames!  The application may be doing too much work on its main thread.
06-09 01:29:03.252 I/art     ( 2607): Background partial concurrent mark sweep GC freed 3457(178KB) AllocSpace objects, 1(4MB) LOS objects, 23% free, 12MB/16MB, paused 1.136ms total 229.733ms
06-09 01:29:03.550 W/art     ( 1805): Long monitor contention with owner Binder:1805_4 (2071) at int com.android.server.wm.WindowManagerService.relayoutWindow(com.android.server.wm.Session, android.view.IWindow, int, android.view.WindowManager$LayoutParams, int, int, int, int, android.graphics.Rect, android.graphics.Rect, android.graphics.Rect, android.graphics.Rect, android.graphics.Rect, android.graphics.Rect, android.graphics.Rect, android.content.res.Configuration, android.view.Surface)(WindowManagerService.java:2857) waiters=0 in void com.android.server.wm.WindowManagerService$H.handleMessage(android.os.Message) for 392ms
06-09 01:29:48.735 W//sbin/adbd( 1323): type=1400 audit(0.0:16): avc: denied { search } for comm=73657276696365203239 name="security" dev="vdc" ino=35203 scontext=u:r:adbd:s0 tcontext=u:object_r:security_file:s0 tclass=dir permissive=0
06-09 01:29:55.587 W/BroadcastQueue( 1805): Timeout of broadcast BroadcastRecord{c0beba1 u0 android.intent.action.BOOT_COMPLETED} - receiver=android.os.BinderProxy@f0c78c3, started 60001ms ago
06-09 01:29:55.588 W/BroadcastQueue( 1805): Receiver during timeout: BroadcastFilter{204ec79 u0 ReceiverList{eed0540 2446 com.android.systemui/10021/u0 remote:f0c78c3}}
06-09 01:29:55.623 W/Binder  ( 2607): Binder call failed.
06-09 01:29:55.623 W/Binder  ( 2607): android.os.DeadObjectException
06-09 01:29:55.623 W/Binder  ( 2607): 	at android.os.BinderProxy.transactNative(Native Method)
06-09 01:29:55.623 W/Binder  ( 2607): 	at android.os.BinderProxy.transact(Binder.java:615)
06-09 01:29:55.623 W/Binder  ( 2607): 	at android.content.IIntentReceiver$Stub$Proxy.performReceive(IIntentReceiver.java:124)
06-09 01:29:55.623 W/Binder  ( 2607): 	at android.app.ActivityThread$ApplicationThread.scheduleRegisteredReceiver(ActivityThread.java:946)
06-09 01:29:55.623 W/Binder  ( 2607): 	at android.app.ApplicationThreadNative.onTransact(ApplicationThreadNative.java:404)
06-09 01:29:55.623 W/Binder  ( 2607): 	at android.os.Binder.execTransact(Binder.java:565)
06-09 01:30:34.347 D/AndroidRuntime( 2767): >>>>>> START com.android.internal.os.RuntimeInit uid 2000 <<<<<<
06-09 01:30:34.390 D/AndroidRuntime( 2767): CheckJNI is ON
06-09 01:30:34.881 W/art     ( 2767): Unexpected CPU variant for X86 using defaults: x86_64
06-09 01:30:34.928 D/ICU     ( 2767): No timezone override file found: /data/misc/zoneinfo/current/icu/icu_tzdata.dat
06-09 01:30:35.167 E/memtrack( 2767): Couldn't load memtrack module (No such file or directory)
06-09 01:30:35.167 E/android.os.Debug( 2767): failed to load memtrack module: -2
06-09 01:30:35.176 I/Radio-JNI( 2767): register_android_hardware_Radio DONE
06-09 01:30:35.339 D/AndroidRuntime( 2767): Calling main entry com.android.commands.pm.Pm
06-09 01:30:35.523 I/        ( 1330): free_cache(141263522) avail 800661504
06-09 01:30:55.595 W/BroadcastQueue( 1805): Timeout of broadcast BroadcastRecord{c0beba1 u0 android.intent.action.BOOT_COMPLETED} - receiver=android.os.BinderProxy@baed19c, started 60005ms ago
06-09 01:30:55.602 W/BroadcastQueue( 1805): Receiver during timeout: BroadcastFilter{8a56b88 u0 ReceiverList{7f4f7a5 2446 com.android.systemui/10021/u0 remote:baed19c}}
06-09 01:30:55.745 W/art     ( 2778): Unexpected CPU variant for X86 using defaults: x86_64
06-09 01:30:55.773 I/RecoverySystem( 1805): No recovery log file
06-09 01:30:55.818 W/ActivityManager( 1805): Slow operation: 189ms so far, now at startProcess: returned from zygote!
06-09 01:30:55.818 W/ActivityManager( 1805): Slow operation: 190ms so far, now at startProcess: done updating battery stats
06-09 01:30:55.819 W/ActivityManager( 1805): Slow operation: 190ms so far, now at startProcess: building log message
06-09 01:30:55.819 I/ActivityManager( 1805): Start proc 2778:com.android.dialer/u0a8 for broadcast com.android.dialer/.calllog.CallLogReceiver
06-09 01:30:55.820 W/ActivityManager( 1805): Slow operation: 191ms so far, now at startProcess: starting to update pids map
06-09 01:30:55.820 W/ActivityManager( 1805): Slow operation: 191ms so far, now at startProcess: done updating pids map
06-09 01:30:55.820 W/ActivityManager( 1805): Slow operation: 194ms so far, now at startProcess: done starting proc!
06-09 01:30:55.918 I/BootReceiver( 1805): Copying audit failures to DropBox
06-09 01:30:55.919 I/BootReceiver( 1805): Checking for fsck errors
06-09 01:30:56.699 E/NetdConnector( 1805): NDC Command {19 bandwidth addniceapps 10010} took too long (619ms)
06-09 01:30:56.788 W/System  ( 2778): ClassLoader referenced unknown path: /system/priv-app/Dialer/lib/x86_64
06-09 01:30:58.181 D/ExtensionsFactory( 2778): No custom extensions.
06-09 01:30:58.226 D/BlockedNumbersAuto( 2778): Not attempting auto-migrate: already checked once.
06-09 01:30:58.413 D/CarrierConfigLoader( 2291): mHandler: 13 phoneId: 0
06-09 01:30:58.414 D/CarrierConfigLoader( 2291): mHandler: 7 phoneId: 0
06-09 01:30:58.421 E/CarrierConfigLoader( 2291): Cannot restore config with null packageName or iccid.
06-09 01:30:58.421 D/CarrierConfigLoader( 2291): Binding to com.android.carrierconfig for phone 0
06-09 01:30:58.538 W/ActivityManager( 1805): Slow operation: 86ms so far, now at startProcess: returned from zygote!
06-09 01:30:58.539 W/ActivityManager( 1805): Slow operation: 87ms so far, now at startProcess: done updating battery stats
06-09 01:30:58.539 W/ActivityManager( 1805): Slow operation: 87ms so far, now at startProcess: building log message
06-09 01:30:58.539 I/ActivityManager( 1805): Start proc 2798:com.android.calendar/u0a26 for broadcast com.android.calendar/.alerts.AlertReceiver
06-09 01:30:58.539 W/ActivityManager( 1805): Slow operation: 88ms so far, now at startProcess: starting to update pids map
06-09 01:30:58.539 W/ActivityManager( 1805): Slow operation: 88ms so far, now at startProcess: done updating pids map
06-09 01:30:58.540 W/ActivityManager( 1805): Slow operation: 106ms so far, now at startProcess: done starting proc!
06-09 01:30:58.566 W/art     ( 2798): Unexpected CPU variant for X86 using defaults: x86_64
06-09 01:30:58.730 W/ActivityManager( 1805): Slow operation: 184ms so far, now at startProcess: returned from zygote!
06-09 01:30:58.730 W/ActivityManager( 1805): Slow operation: 184ms so far, now at startProcess: done updating battery stats
06-09 01:30:58.731 W/ActivityManager( 1805): Slow operation: 185ms so far, now at startProcess: building log message
06-09 01:30:58.731 I/ActivityManager( 1805): Start proc 2812:com.android.carrierconfig/u0a3 for service com.android.carrierconfig/.DefaultCarrierConfigService
06-09 01:30:58.731 W/ActivityManager( 1805): Slow operation: 185ms so far, now at startProcess: starting to update pids map
06-09 01:30:58.731 W/ActivityManager( 1805): Slow operation: 185ms so far, now at startProcess: done updating pids map
06-09 01:30:58.731 W/ActivityManager( 1805): Slow operation: 185ms so far, now at startProcess: done starting proc!
06-09 01:30:58.775 W/art     ( 1805): Long monitor contention with owner Binder:1805_1 (1825) at int com.android.server.am.ActivityManagerService.bindService(android.app.IApplicationThread, android.os.IBinder, android.content.Intent, java.lang.String, android.app.IServiceConnection, int, java.lang.String, int)(ActivityManagerService.java:17301) waiters=0 in void com.android.server.am.ActivityManagerService.trimApplications() for 225ms
06-09 01:30:58.777 W/art     ( 1805): Long monitor contention with owner Binder:1805_1 (1825) at int com.android.server.am.ActivityManagerService.bindService(android.app.IApplicationThread, android.os.IBinder, android.content.Intent, java.lang.String, android.app.IServiceConnection, int, java.lang.String, int)(ActivityManagerService.java:17301) waiters=1 in void com.android.server.am.ActivityManagerService.dispatchUidsChanged() for 229ms
06-09 01:30:58.807 W/art     ( 2812): Unexpected CPU variant for X86 using defaults: x86_64
06-09 01:30:59.062 W/CountryDetector( 2778): No location permissions, not registering for location updates.
06-09 01:30:59.117 W/System  ( 2798): ClassLoader referenced unknown path: /system/app/Calendar/lib/x86_64
06-09 01:30:59.512 W/System  ( 2812): ClassLoader referenced unknown path: /system/priv-app/CarrierConfig/lib/x86_64
06-09 01:30:59.654 D/DefaultCarrierConfigService( 2812): Service created
06-09 01:30:59.675 D/CarrierConfigLoader( 2291): Connected to config app: com.android.carrierconfig/com.android.carrierconfig.DefaultCarrierConfigService
06-09 01:30:59.676 D/CarrierConfigLoader( 2291): mHandler: 3 phoneId: 0
06-09 01:30:59.686 D/DefaultCarrierConfigService( 2812): Config being fetched
06-09 01:30:59.691 D/DefaultCarrierConfigService( 2812): java.io.FileNotFoundException: carrier_config_.xml
06-09 01:30:59.709 E/CarrierConfigLoader( 2291): Cannot save config with null packageName or iccid.
06-09 01:30:59.729 D/CarrierConfigLoader( 2291): mHandler: 5 phoneId: 0
06-09 01:30:59.743 E/PhoneInterfaceManager( 2291): [PhoneIntfMgr] getCarrierPackageNamesForIntent: No UICC
06-09 01:30:59.839 I/Telecom ( 1805): PhoneAccountRegistrar: SimCallManager queried, returning: null: TSI.gSCMFU@AAc
06-09 01:31:00.964 D/ExtensionsFactory( 2798): No custom extensions.
06-09 01:31:00.992 D/AlertReceiver( 2798): onReceive: a=android.intent.action.BOOT_COMPLETED Intent { act=android.intent.action.BOOT_COMPLETED flg=0x9000010 cmp=com.android.calendar/.alerts.AlertReceiver (has extras) }
06-09 01:31:01.611 I/AlarmClock( 2571): AlarmInitReceiver android.intent.action.BOOT_COMPLETED
06-09 01:31:01.718 D/AlertUtils( 2798): Flushing old alerts from shared prefs table
06-09 01:31:01.898 D/AlertService( 2798): 0 Action = android.intent.action.BOOT_COMPLETED
06-09 01:31:02.033 V/AlarmClock( 2571): AlarmInitReceiver finished
06-09 01:31:02.040 D/AlertService( 2798): Scheduling next alarm with AlarmScheduler. sEventReminderReceived: null
06-09 01:31:02.113 W/ActivityManager( 1805): Slow operation: 106ms so far, now at startProcess: returned from zygote!
06-09 01:31:02.113 W/ActivityManager( 1805): Slow operation: 107ms so far, now at startProcess: done updating battery stats
06-09 01:31:02.114 W/ActivityManager( 1805): Slow operation: 107ms so far, now at startProcess: building log message
06-09 01:31:02.114 I/ActivityManager( 1805): Start proc 2836:com.android.email/u0a34 for broadcast com.android.email/.service.EmailBroadcastReceiver
06-09 01:31:02.114 W/ActivityManager( 1805): Slow operation: 107ms so far, now at startProcess: starting to update pids map
06-09 01:31:02.114 W/ActivityManager( 1805): Slow operation: 107ms so far, now at startProcess: done updating pids map
06-09 01:31:02.114 W/ActivityManager( 1805): Slow operation: 107ms so far, now at startProcess: done starting proc!
06-09 01:31:02.135 W/art     ( 2836): Unexpected CPU variant for X86 using defaults: x86_64
06-09 01:31:02.654 I/art     ( 1805): Background partial concurrent mark sweep GC freed 17932(1717KB) AllocSpace objects, 20(972KB) LOS objects, 29% free, 9MB/13MB, paused 3.424ms total 502.271ms
06-09 01:31:02.773 W/System  ( 2836): ClassLoader referenced unknown path: /system/app/Email/lib/x86_64
06-09 01:31:02.950 D/AlarmScheduler( 2798): No events found starting within 1 week.
06-09 01:31:07.902 W/art     ( 2836): Suspending all threads took: 60.553ms
06-09 01:31:09.268 I/art     ( 2836): Waiting for a blocking GC DisableMovingGc
06-09 01:31:09.533 I/art     ( 2836): WaitForGcToComplete blocked for 264.776ms for cause DisableMovingGc
06-09 01:31:09.533 I/art     ( 2836): Starting a blocking GC DisableMovingGc
06-09 01:31:11.349 W/ActivityManager( 1805): Unable to start service Intent { act=com.android.email.EXCHANGE_INTENT pkg=com.android.exchange } U=0: not found
06-09 01:31:12.629 W/art     ( 1805): Long monitor contention with owner PackageInstaller (1953) at java.lang.String[] java.io.UnixFileSystem.list0(java.io.File)(UnixFileSystem.java:-2) waiters=0 in android.content.pm.PackageInstaller$SessionInfo com.android.server.pm.PackageInstallerSession.generateInfo() for 26.962s
06-09 01:31:12.724 W/ActivityManager( 1805): Slow operation: 88ms so far, now at startProcess: returned from zygote!
06-09 01:31:12.725 W/ActivityManager( 1805): Slow operation: 89ms so far, now at startProcess: done updating battery stats
06-09 01:31:12.725 W/ActivityManager( 1805): Slow operation: 89ms so far, now at startProcess: building log message
06-09 01:31:12.725 I/ActivityManager( 1805): Start proc 2856:com.android.defcontainer/u0a7 for service com.android.defcontainer/.DefaultContainerService
06-09 01:31:12.725 W/ActivityManager( 1805): Slow operation: 90ms so far, now at startProcess: starting to update pids map
06-09 01:31:12.726 W/ActivityManager( 1805): Slow operation: 90ms so far, now at startProcess: done updating pids map
06-09 01:31:12.726 W/ActivityManager( 1805): Slow operation: 91ms so far, now at startProcess: done starting proc!
06-09 01:31:12.746 W/art     ( 2856): Unexpected CPU variant for X86 using defaults: x86_64
06-09 01:31:12.784 D/ActivityThread( 2836): Loading provider com.android.email.provider;com.android.email.notifier: com.android.email.provider.EmailProvider
06-09 01:31:12.799 W/ActivityManager( 1805): Unable to start service Intent { act=com.android.email.EXCHANGE_INTENT pkg=com.android.exchange } U=0: not found
06-09 01:31:12.826 D/ActivityThread( 2836): Loading provider com.android.email.provider;com.android.email.notifier: com.android.email.provider.EmailProvider
06-09 01:31:12.888 W/ActivityManager( 1805): Unable to start service Intent { act=com.android.email.EXCHANGE_INTENT pkg=com.android.exchange } U=0: not found
06-09 01:31:13.298 I/SystemBroadcastReceiver( 2032): Boot has been completed
06-09 01:31:13.298 I/SystemBroadcastReceiver( 2032): toggleAppIcon() : FLAG_SYSTEM = true
06-09 01:31:13.419 W/ActivityManager( 1805): Slow operation: 58ms so far, now at startProcess: returned from zygote!
06-09 01:31:13.420 W/ActivityManager( 1805): Slow operation: 59ms so far, now at startProcess: done updating battery stats
06-09 01:31:13.420 W/ActivityManager( 1805): Slow operation: 59ms so far, now at startProcess: building log message
06-09 01:31:13.420 I/ActivityManager( 1805): Start proc 2875:com.android.managedprovisioning/u0a14 for broadcast com.android.managedprovisioning/.BootReminder
06-09 01:31:13.422 W/ActivityManager( 1805): Slow operation: 59ms so far, now at startProcess: starting to update pids map
06-09 01:31:13.422 W/ActivityManager( 1805): Slow operation: 61ms so far, now at startProcess: done updating pids map
06-09 01:31:13.422 W/ActivityManager( 1805): Slow operation: 62ms so far, now at startProcess: done starting proc!
06-09 01:31:13.462 W/art     ( 2875): Unexpected CPU variant for X86 using defaults: x86_64
06-09 01:31:13.684 W/System  ( 2875): ClassLoader referenced unknown path: /system/priv-app/ManagedProvisioning/lib/x86_64
06-09 01:31:13.685 W/art     ( 2836): Long monitor contention with owner AsyncTask #2 (2855) at long android.database.sqlite.SQLiteConnection.nativeOpen(java.lang.String, int, java.lang.String, boolean, boolean)(SQLiteConnection.java:-2) waiters=0 in android.database.sqlite.SQLiteDatabase com.android.email.provider.EmailProvider.getDatabase(android.content.Context) for 674ms
06-09 01:31:13.749 W/ActivityManager( 1805): Unable to start service Intent { cmp=com.android.email/.service.AttachmentService } U=0: not found
06-09 01:31:13.753 W/ActivityManager( 1805): Unable to start service Intent { act=com.android.email.EXCHANGE_INTENT pkg=com.android.exchange } U=0: not found
06-09 01:31:13.827 W/ActivityManager( 1805): Unable to start service Intent { act=com.android.email.EXCHANGE_INTENT pkg=com.android.exchange } U=0: not found
06-09 01:31:13.846 W/ActivityManager( 1805): Unable to start service Intent { act=com.android.email.EXCHANGE_INTENT pkg=com.android.exchange } U=0: not found
06-09 01:31:13.913 E/ActivityThread( 2836): Service com.android.email.service.EmailBroadcastProcessorService has leaked ServiceConnection com.android.emailcommon.service.ServiceProxy$ProxyConnection@6c645c5 that was originally bound here
06-09 01:31:13.913 E/ActivityThread( 2836): android.app.ServiceConnectionLeaked: Service com.android.email.service.EmailBroadcastProcessorService has leaked ServiceConnection com.android.emailcommon.service.ServiceProxy$ProxyConnection@6c645c5 that was originally bound here
06-09 01:31:13.913 E/ActivityThread( 2836): 	at android.app.LoadedApk$ServiceDispatcher.<init>(LoadedApk.java:1336)
06-09 01:31:13.913 E/ActivityThread( 2836): 	at android.app.LoadedApk.getServiceDispatcher(LoadedApk.java:1231)
06-09 01:31:13.913 E/ActivityThread( 2836): 	at android.app.ContextImpl.bindServiceCommon(ContextImpl.java:1450)
06-09 01:31:13.913 E/ActivityThread( 2836): 	at android.app.ContextImpl.bindService(ContextImpl.java:1422)
06-09 01:31:13.913 E/ActivityThread( 2836): 	at android.content.ContextWrapper.bindService(ContextWrapper.java:636)
06-09 01:31:13.913 E/ActivityThread( 2836): 	at com.android.emailcommon.service.ServiceProxy.setTask(ServiceProxy.java:181)
06-09 01:31:13.913 E/ActivityThread( 2836): 	at com.android.emailcommon.service.ServiceProxy.test(ServiceProxy.java:224)
06-09 01:31:13.913 E/ActivityThread( 2836): 	at com.android.email.service.EmailServiceUtils.isServiceAvailable(EmailServiceUtils.java:160)
06-09 01:31:13.913 E/ActivityThread( 2836): 	at com.android.email.provider.AccountReconciler.reconcileAccountsInternal(AccountReconciler.java:171)
06-09 01:31:13.913 E/ActivityThread( 2836): 	at com.android.email.provider.AccountReconciler.reconcileAccounts(AccountReconciler.java:115)
06-09 01:31:13.913 E/ActivityThread( 2836): 	at com.android.email.service.EmailBroadcastProcessorService.reconcileAndStartServices(EmailBroadcastProcessorService.java:305)
06-09 01:31:13.913 E/ActivityThread( 2836): 	at com.android.email.service.EmailBroadcastProcessorService.onBootCompleted(EmailBroadcastProcessorService.java:295)
06-09 01:31:13.913 E/ActivityThread( 2836): 	at com.android.email.service.EmailBroadcastProcessorService.onHandleIntent(EmailBroadcastProcessorService.java:130)
06-09 01:31:13.913 E/ActivityThread( 2836): 	at android.app.IntentService$ServiceHandler.handleMessage(IntentService.java:68)
06-09 01:31:13.913 E/ActivityThread( 2836): 	at android.os.Handler.dispatchMessage(Handler.java:102)
06-09 01:31:13.913 E/ActivityThread( 2836): 	at android.os.Looper.loop(Looper.java:154)
06-09 01:31:13.913 E/ActivityThread( 2836): 	at android.os.HandlerThread.run(HandlerThread.java:61)
06-09 01:31:13.985 W/ActivityManager( 1805): Slow operation: 115ms so far, now at startProcess: returned from zygote!
06-09 01:31:13.985 W/ActivityManager( 1805): Slow operation: 115ms so far, now at startProcess: done updating battery stats
06-09 01:31:13.986 W/ActivityManager( 1805): Slow operation: 116ms so far, now at startProcess: building log message
06-09 01:31:13.986 I/ActivityManager( 1805): Start proc 2891:com.android.messaging/u0a54 for broadcast com.android.messaging/.receiver.BootAndPackageReplacedReceiver
06-09 01:31:13.986 W/ActivityManager( 1805): Slow operation: 116ms so far, now at startProcess: starting to update pids map
06-09 01:31:13.986 W/ActivityManager( 1805): Slow operation: 116ms so far, now at startProcess: done updating pids map
06-09 01:31:13.986 W/ActivityManager( 1805): Slow operation: 116ms so far, now at startProcess: done starting proc!
06-09 01:31:14.024 W/art     ( 1805): Long monitor contention with owner Binder:1805_B (2442) at void com.android.server.am.BroadcastQueue.processNextBroadcast(boolean)(BroadcastQueue.java:760) waiters=1 in void com.android.server.am.ActivityManagerService.dispatchUidsChanged() for 151ms
06-09 01:31:14.028 W/ActivityManager( 1805): Unbind failed: could not find connection for android.os.BinderProxy@924a04e
06-09 01:31:14.063 W/art     ( 2891): Unexpected CPU variant for X86 using defaults: x86_64
06-09 01:31:14.093 I/Email   ( 2836): Observing account changes for notifications
06-09 01:31:14.111 W/ActivityManager( 1805): Unable to start service Intent { cmp=com.android.email/.service.AttachmentService } U=0: not found
06-09 01:31:14.116 W/ActivityManager( 1805): Unable to start service Intent { act=com.android.email.EXCHANGE_INTENT pkg=com.android.exchange } U=0: not found
06-09 01:31:14.242 W/ActivityManager( 1805): Unable to start service Intent { cmp=com.android.email/.service.AttachmentService } U=0: not found
06-09 01:31:14.298 W/ActivityManager( 1805): Unable to start service Intent { act=com.android.email.EXCHANGE_INTENT pkg=com.android.exchange } U=0: not found
06-09 01:31:14.305 W/System  ( 2891): ClassLoader referenced unknown path: /system/app/messaging/lib/x86_64
06-09 01:31:14.663 I/PackageManager.DexOptimizer( 1805): Running dexopt (dex2oat) on: /data/app/vmdl1728936121.tmp/base.apk pkg=jp.jaxa.iss.kibo.rpc.defaultapk isa=x86_64 vmSafeMode=false debuggable=true target-filter=interpret-only oatDir = /data/app/vmdl1728936121.tmp/oat sharedLibraries=null
06-09 01:31:15.085 W/dex2oat ( 2905): Unexpected CPU variant for X86 using defaults: x86_64
06-09 01:31:15.104 I/dex2oat ( 2905): /system/bin/dex2oat --compiler-filter=interpret-only --debuggable
06-09 01:31:16.394 V/VvmBootCompletedRcvr( 2291): processing subId list
06-09 01:31:16.416 I/MessagingApp( 2891): Carrier config changed. Reloading MMS config.
06-09 01:31:16.462 E/VvmBootCompletedRcvr( 2291): phone account ComponentInfo{com.android.phone/com.android.services.telephony.TelephonyConnectionService}, [e2f7d48dd2b5ca523e7313cf4ba0f6ea830b6281], UserHandle{0} has invalid subId -1
06-09 01:31:16.641 I/MessagingAppDataModel( 2891): Fixup: Send failed - 0 Download failed - 0
06-09 01:31:17.013 I/ActivityManager( 1805): Waited long enough for: ServiceRecord{85cae7f u0 com.android.calendar/.alerts.InitAlarmsService}
06-09 01:31:17.173 D/AlertReceiver( 2798): onReceive: a=android.intent.action.PROVIDER_CHANGED Intent { act=android.intent.action.PROVIDER_CHANGED dat=content://com.android.calendar flg=0x20000010 cmp=com.android.calendar/.alerts.AlertReceiver }
06-09 01:31:17.210 D/AlertService( 2798): 0 Action = android.intent.action.PROVIDER_CHANGED
06-09 01:31:17.253 I/MessagingAppDataModel( 2891): SyncMessagesAction: Starting batch for messages from 1590625725905 to 1591666276233 (message update limit = 80, message scan limit = 4000)
06-09 01:31:17.441 I/VvmSimChangeReceiver( 2291): Received SIM change for invalid subscription id.
06-09 01:31:18.287 I/MessagingAppDataModel( 2891): SyncMessagesAction: All messages now in sync
06-09 01:31:19.907 W/art     ( 2713): Suspending all threads took: 5.584ms
06-09 01:31:20.137 W/MediaScanner( 2713): Error opening directory '/oem/media/', skipping: No such file or directory.
06-09 01:31:20.450 V/MediaScanner( 2713): pruneDeadThumbnailFiles... android.content.ContentProviderClient$CursorWrapperInner@a454eca
06-09 01:31:20.454 V/MediaScanner( 2713): /pruneDeadThumbnailFiles... android.content.ContentProviderClient$CursorWrapperInner@a454eca
06-09 01:31:22.319 I/GlobalDismissManager( 2798): no sender configured
06-09 01:31:22.321 D/AlertService( 2798): Beginning updateAlertNotification
06-09 01:31:22.448 D/AlertService( 2798): No fired or scheduled alerts
06-09 01:31:22.526 D/AlertService( 2798): Scheduling next alarm with AlarmScheduler. sEventReminderReceived: null
06-09 01:31:22.607 D/AlarmScheduler( 2798): No events found starting within 1 week.
06-09 01:31:23.570 W/dex2oat ( 2905): Before Android 4.1, method android.graphics.PorterDuffColorFilter android.support.graphics.drawable.VectorDrawableCompat.updateTintFilter(android.graphics.PorterDuffColorFilter, android.content.res.ColorStateList, android.graphics.PorterDuff$Mode) would have incorrectly overridden the package-private method in android.graphics.drawable.Drawable
06-09 01:31:24.361 W/dex2oat ( 2905): Before Android 4.1, method int android.support.v7.widget.ListViewCompat.lookForSelectablePosition(int, boolean) would have incorrectly overridden the package-private method in android.widget.ListView
06-09 01:31:26.873 I/art     ( 1805): Background partial concurrent mark sweep GC freed 7652(516KB) AllocSpace objects, 8(308KB) LOS objects, 29% free, 9MB/13MB, paused 2.189ms total 210.770ms
06-09 01:31:26.877 W/dex2oat ( 2905): Verification of void boofcv.abst.feature.detdesc.DetectDescribeMultiFusion.process(boofcv.struct.image.ImageGray) took 184.484ms
06-09 01:31:32.082 D/InitAlarmsService( 2798): Clearing and rescheduling alarms.
06-09 01:31:38.678 W/dex2oat ( 2905): Verification of void boofcv.alg.geo.f.HelperNister5.setupA1(org.ejml.data.DMatrixRMaj) took 108.643ms
06-09 01:31:38.820 W/dex2oat ( 2905): Verification of void boofcv.alg.geo.f.HelperNister5.setupA2(org.ejml.data.DMatrixRMaj) took 139.394ms
06-09 01:31:41.145 W/dex2oat ( 2905): Verification of double org.apache.commons.math3.optim.nonlinear.scalar.noderiv.BOBYQAOptimizer.bobyqb(double[], double[]) took 261.636ms
06-09 01:31:41.275 W/dex2oat ( 2905): Verification of double[] org.apache.commons.math3.optim.nonlinear.scalar.noderiv.BOBYQAOptimizer.trsbox(double, org.apache.commons.math3.linear.ArrayRealVector, org.apache.commons.math3.linear.ArrayRealVector, org.apache.commons.math3.linear.ArrayRealVector, org.apache.commons.math3.linear.ArrayRealVector, org.apache.commons.math3.linear.ArrayRealVector) took 109.835ms
06-09 01:31:41.462 W/dex2oat ( 2905): Verification of double org.apache.commons.math3.optimization.direct.BOBYQAOptimizer.bobyqb(double[], double[]) took 245.815ms
06-09 01:31:41.593 W/dex2oat ( 2905): Verification of double[] org.apache.commons.math3.optimization.direct.BOBYQAOptimizer.trsbox(double, org.apache.commons.math3.linear.ArrayRealVector, org.apache.commons.math3.linear.ArrayRealVector, org.apache.commons.math3.linear.ArrayRealVector, org.apache.commons.math3.linear.ArrayRealVector, org.apache.commons.math3.linear.ArrayRealVector) took 113.950ms
06-09 01:31:43.533 W/dex2oat ( 2905): Verification of void com.google.common.net.TldPatterns.<clinit>() took 107.815ms
06-09 01:31:50.521 W/dex2oat ( 2905): Compilation of void org.opencv.android.Utils.nBitmapToMat2(android.graphics.Bitmap, long, boolean) took 312.763ms
06-09 01:31:50.522 W/dex2oat ( 2905): Compilation of java.lang.String org.opencv.android.StaticHelper.getLibraryList() took 315.141ms
06-09 01:31:57.422 I/dex2oat ( 2905): dex2oat took 42.352s (threads: 2) arena alloc=585KB (600032B) java alloc=11MB (11655696B) native alloc=28MB (30263048B) free=5MB (5912824B)
06-09 01:31:57.817 D/installd( 1330): Detected label change from u:object_r:system_data_file:s0 to u:object_r:app_data_file:s0:c512,c768 at /data/data/jp.jaxa.iss.kibo.rpc.defaultapk; running recursive restorecon
06-09 01:31:57.833 D/installd( 1330): Detected label change from u:object_r:system_data_file:s0 to u:object_r:app_data_file:s0:c512,c768 at /data/user_de/0/jp.jaxa.iss.kibo.rpc.defaultapk; running recursive restorecon
06-09 01:31:57.846 V/BackupManagerService( 1805): restoreAtInstall pkg=jp.jaxa.iss.kibo.rpc.defaultapk token=1 restoreSet=0
06-09 01:31:57.850 W/BackupManagerService( 1805): Requested unavailable transport: android/com.android.internal.backup.LocalTransport
06-09 01:31:57.850 W/BackupManagerService( 1805): No transport
06-09 01:31:57.850 V/BackupManagerService( 1805): Finishing install immediately
06-09 01:31:57.877 D/VoldConnector( 1805): SND -> {9 volume remount_uid 10064 default}
06-09 01:31:57.898 D/vold    ( 1270): Remounting 10064 as mode default
06-09 01:31:57.904 I/GnssLocationProvider( 1805): WakeLock acquired by sendMessage(3, 0, com.android.server.location.GnssLocationProvider$GpsRequest@61fb8fe)
06-09 01:31:57.935 D/VoldConnector( 1805): RCV <- {200 9 Command succeeded}
06-09 01:31:57.953 D/VoldConnector( 1805): SND -> {10 volume remount_uid 10064 write}
06-09 01:31:57.955 D/vold    ( 1270): Remounting 10064 as mode write
06-09 01:31:57.972 I/GnssLocationProvider( 1805): WakeLock acquired by sendMessage(3, 0, com.android.server.location.GnssLocationProvider$GpsRequest@853585f)
06-09 01:31:57.982 D/VoldConnector( 1805): RCV <- {200 10 Command succeeded}
06-09 01:31:58.060 I/art     ( 1805): Starting a blocking GC Explicit
06-09 01:31:58.413 I/art     ( 1805): Explicit concurrent mark sweep GC freed 19150(1136KB) AllocSpace objects, 8(160KB) LOS objects, 29% free, 9MB/13MB, paused 12.263ms total 351.574ms
06-09 01:31:58.416 E/        ( 1330): Couldn't opendir /data/app/vmdl1728936121.tmp: No such file or directory
06-09 01:31:58.423 I/GnssLocationProvider( 1805): WakeLock released by handleMessage(3, 0, com.android.server.location.GnssLocationProvider$GpsRequest@61fb8fe)
06-09 01:31:58.424 I/GnssLocationProvider( 1805): WakeLock released by handleMessage(3, 0, com.android.server.location.GnssLocationProvider$GpsRequest@853585f)
06-09 01:31:58.593 I/art     ( 2767): System.exit called, status: 0
06-09 01:31:58.594 I/AndroidRuntime( 2767): VM exiting with result code 0.
06-09 01:31:58.655 I/InputReader( 1805): Reconfiguring input devices.  changes=0x00000010
06-09 01:31:58.699 W/art     ( 2926): Unexpected CPU variant for X86 using defaults: x86_64
06-09 01:31:58.702 W/ActivityManager( 1805): Slow operation: 174ms so far, now at startProcess: returned from zygote!
06-09 01:31:58.703 W/ActivityManager( 1805): Slow operation: 175ms so far, now at startProcess: done updating battery stats
06-09 01:31:58.703 W/ActivityManager( 1805): Slow operation: 175ms so far, now at startProcess: building log message
06-09 01:31:58.703 I/ActivityManager( 1805): Start proc 2926:com.android.gallery3d/u0a39 for broadcast com.android.gallery3d/.app.PackagesMonitor
06-09 01:31:58.703 W/ActivityManager( 1805): Slow operation: 175ms so far, now at startProcess: starting to update pids map
06-09 01:31:58.703 W/ActivityManager( 1805): Slow operation: 176ms so far, now at startProcess: done updating pids map
06-09 01:31:58.703 W/ActivityManager( 1805): Slow operation: 177ms so far, now at startProcess: done starting proc!
06-09 01:31:58.959 E/PhoneInterfaceManager( 2291): [PhoneIntfMgr] getCarrierPackageNamesForIntent: No UICC
06-09 01:31:58.959 D/CarrierSvcBindHelper( 2291): No carrier app for: 0
06-09 01:31:58.969 D/CarrierConfigLoader( 2291): mHandler: 9 phoneId: 0
06-09 01:31:59.558 W/VoiceInteractionManagerService( 1805): no available voice recognition services found for user 0
06-09 01:32:01.876 W/ActivityManager( 1805): Slow operation: 214ms so far, now at startProcess: returned from zygote!
06-09 01:32:01.877 W/ActivityManager( 1805): Slow operation: 220ms so far, now at startProcess: done updating battery stats
06-09 01:32:01.878 W/ActivityManager( 1805): Slow operation: 222ms so far, now at startProcess: building log message
06-09 01:32:01.879 I/ActivityManager( 1805): Start proc 2945:com.svox.pico/u0a49 for broadcast com.svox.pico/.VoiceDataInstallerReceiver
06-09 01:32:01.879 W/ActivityManager( 1805): Slow operation: 222ms so far, now at startProcess: starting to update pids map
06-09 01:32:01.879 W/ActivityManager( 1805): Slow operation: 222ms so far, now at startProcess: done updating pids map
06-09 01:32:01.879 W/ActivityManager( 1805): Slow operation: 225ms so far, now at startProcess: done starting proc!
06-09 01:32:01.895 W/art     ( 2945): Unexpected CPU variant for X86 using defaults: x86_64
06-09 01:32:01.958 W/art     ( 1805): Long monitor contention with owner Binder:1805_3 (2042) at void com.android.server.am.BroadcastQueue.processNextBroadcast(boolean)(BroadcastQueue.java:760) waiters=1 in int com.android.server.am.ActivityManagerService.getAppStartMode(int, java.lang.String) for 218ms
06-09 01:32:02.328 I/ActivityManager( 1805): Killing 2561:com.android.keychain/1000 (adj 906): empty #17
06-09 01:32:02.401 D/ActivityManager( 1805): cleanUpApplicationRecord -- 2561
06-09 01:33:33.514 D/AndroidRuntime( 2960): >>>>>> START com.android.internal.os.RuntimeInit uid 2000 <<<<<<
06-09 01:33:33.549 D/AndroidRuntime( 2960): CheckJNI is ON
06-09 01:33:34.013 W/art     ( 2960): Unexpected CPU variant for X86 using defaults: x86_64
06-09 01:33:34.063 D/ICU     ( 2960): No timezone override file found: /data/misc/zoneinfo/current/icu/icu_tzdata.dat
06-09 01:33:34.293 E/memtrack( 2960): Couldn't load memtrack module (No such file or directory)
06-09 01:33:34.293 E/android.os.Debug( 2960): failed to load memtrack module: -2
06-09 01:33:34.301 I/Radio-JNI( 2960): register_android_hardware_Radio DONE
06-09 01:33:34.453 D/AndroidRuntime( 2960): Calling main entry com.android.commands.am.Am
06-09 01:33:34.568 W/ActivityManager( 1805): Slow operation: 53ms so far, now at startProcess: returned from zygote!
06-09 01:33:34.569 W/ActivityManager( 1805): Slow operation: 61ms so far, now at startProcess: done updating battery stats
06-09 01:33:34.569 W/ActivityManager( 1805): Slow operation: 61ms so far, now at startProcess: building log message
06-09 01:33:34.569 I/ActivityManager( 1805): Start proc 2970:gov.nasa.arc.astrobee.android.gs.manager/u0a63 for service gov.nasa.arc.astrobee.android.gs.manager/.ManagerService
06-09 01:33:34.570 W/ActivityManager( 1805): Slow operation: 62ms so far, now at startProcess: starting to update pids map
06-09 01:33:34.570 W/ActivityManager( 1805): Slow operation: 62ms so far, now at startProcess: done updating pids map
06-09 01:33:34.570 W/ActivityManager( 1805): Slow operation: 63ms so far, now at startProcess: done starting proc!
06-09 01:33:34.581 I/art     ( 2970): Not late-enabling -Xcheck:jni (already on)
06-09 01:33:34.584 D/AndroidRuntime( 2960): Shutting down VM
06-09 01:33:34.590 W/art     ( 2970): Unexpected CPU variant for X86 using defaults: x86_64
06-09 01:33:34.693 W/art     ( 2960): Suspending all threads took: 9.428ms
06-09 01:33:34.812 W/System  ( 2970): ClassLoader referenced unknown path: /data/app/gov.nasa.arc.astrobee.android.gs.manager-1/lib/x86_64
06-09 01:33:35.716 E/Notification( 2970): setLatestEventInfo() is deprecated and you should feel deprecated.
06-09 01:33:35.716 E/Notification( 2970): java.lang.Throwable
06-09 01:33:35.716 E/Notification( 2970): 	at android.app.Notification.setLatestEventInfo(Notification.java:2076)
06-09 01:33:35.716 E/Notification( 2970): 	at org.ros.android.NodeMainExecutorService.onStartCommand(NodeMainExecutorService.java:220)
06-09 01:33:35.716 E/Notification( 2970): 	at android.app.ActivityThread.handleServiceArgs(ActivityThread.java:3326)
06-09 01:33:35.716 E/Notification( 2970): 	at android.app.ActivityThread.-wrap21(ActivityThread.java)
06-09 01:33:35.716 E/Notification( 2970): 	at android.app.ActivityThread$H.handleMessage(ActivityThread.java:1582)
06-09 01:33:35.716 E/Notification( 2970): 	at android.os.Handler.dispatchMessage(Handler.java:102)
06-09 01:33:35.716 E/Notification( 2970): 	at android.os.Looper.loop(Looper.java:154)
06-09 01:33:35.716 E/Notification( 2970): 	at android.app.ActivityThread.main(ActivityThread.java:6119)
06-09 01:33:35.716 E/Notification( 2970): 	at java.lang.reflect.Method.invoke(Native Method)
06-09 01:33:35.716 E/Notification( 2970): 	at com.android.internal.os.ZygoteInit$MethodAndArgsCaller.run(ZygoteInit.java:886)
06-09 01:33:35.716 E/Notification( 2970): 	at com.android.internal.os.ZygoteInit.main(ZygoteInit.java:776)
06-09 01:33:38.077 I/Registrar( 2970): MasterXmlRpcEndpoint URI: http://llp:11311
06-09 01:33:38.086 D/NotificationSQLiteLog( 1805): Pruned event entries: 19
06-09 01:33:38.257 I/Registrar( 2970): Registering publisher: Publisher<PublisherDefinition<PublisherIdentifier<NodeIdentifier</guest_science_manager, http://hlp:46620/>, TopicIdentifier</rosout>>, Topic<TopicIdentifier</rosout>, TopicDescription<rosgraph_msgs/Log, acffd30cd6b6de30f120938c17c593fb>>>>
06-09 01:33:39.108 I/Registrar( 2970): Response<Success, Registered [/guest_science_manager] as publisher of [/rosout], [http://10.42.0.34:33788/, http://10.42.0.34:37987/]>
06-09 01:33:39.147 I/DefaultPublisher( 2970): Publisher registered: Publisher<PublisherDefinition<PublisherIdentifier<NodeIdentifier</guest_science_manager, http://hlp:46620/>, TopicIdentifier</rosout>>, Topic<TopicIdentifier</rosout>, TopicDescription<rosgraph_msgs/Log, acffd30cd6b6de30f120938c17c593fb>>>>
06-09 01:33:39.288 I/Registrar( 2970): Registering subscriber: Subscriber<Topic<TopicIdentifier</clock>, TopicDescription<rosgraph_msgs/Clock, a9c97c1d230cfc112e270351a944ee47>>>
06-09 01:33:39.524 I/Registrar( 2970): Response<Success, Subscribed to [/clock], [http://10.42.0.34:45838/]>
06-09 01:33:39.583 I/DefaultSubscriber( 2970): Subscriber registered: Subscriber<Topic<TopicIdentifier</clock>, TopicDescription<rosgraph_msgs/Clock, a9c97c1d230cfc112e270351a944ee47>>>
06-09 01:33:39.732 I/Registrar( 2970): Registering publisher: Publisher<PublisherDefinition<PublisherIdentifier<NodeIdentifier</guest_science_manager, http://hlp:46620/>, TopicIdentifier</gs/gs_manager/ack>>, Topic<TopicIdentifier</gs/gs_manager/ack>, TopicDescription<ff_msgs/AckStamped, cebddec69fd770df54633be444a9187d>>>>
06-09 01:33:39.897 I/Registrar( 2970): Registering publisher: Publisher<PublisherDefinition<PublisherIdentifier<NodeIdentifier</guest_science_manager, http://hlp:46620/>, TopicIdentifier</gs/gs_manager/config>>, Topic<TopicIdentifier</gs/gs_manager/config>, TopicDescription<ff_msgs/GuestScienceConfig, c6f632ed2411de4159494a3e7754794e>>>>
06-09 01:33:40.021 I/Registrar( 2970): Response<Success, Registered [/guest_science_manager] as publisher of [/gs/gs_manager/ack], [http://10.42.0.34:38593/]>
06-09 01:33:40.036 I/DefaultPublisher( 2970): Publisher registered: Publisher<PublisherDefinition<PublisherIdentifier<NodeIdentifier</guest_science_manager, http://hlp:46620/>, TopicIdentifier</gs/gs_manager/ack>>, Topic<TopicIdentifier</gs/gs_manager/ack>, TopicDescription<ff_msgs/AckStamped, cebddec69fd770df54633be444a9187d>>>>
06-09 01:33:40.148 I/Registrar( 2970): Registering publisher: Publisher<PublisherDefinition<PublisherIdentifier<NodeIdentifier</guest_science_manager, http://hlp:46620/>, TopicIdentifier</gs/data>>, Topic<TopicIdentifier</gs/data>, TopicDescription<ff_msgs/GuestScienceData, edd2c791ea93ffa7cb0ec80c5bb00972>>>>
06-09 01:33:40.360 I/Registrar( 2970): Response<Success, Registered [/guest_science_manager] as publisher of [/gs/gs_manager/config], [http://10.42.0.34:45349/]>
06-09 01:33:40.395 I/DefaultPublisher( 2970): Publisher registered: Publisher<PublisherDefinition<PublisherIdentifier<NodeIdentifier</guest_science_manager, http://hlp:46620/>, TopicIdentifier</gs/gs_manager/config>>, Topic<TopicIdentifier</gs/gs_manager/config>, TopicDescription<ff_msgs/GuestScienceConfig, c6f632ed2411de4159494a3e7754794e>>>>
06-09 01:33:40.477 I/Registrar( 2970): Registering publisher: Publisher<PublisherDefinition<PublisherIdentifier<NodeIdentifier</guest_science_manager, http://hlp:46620/>, TopicIdentifier</gs/gs_manager/state>>, Topic<TopicIdentifier</gs/gs_manager/state>, TopicDescription<ff_msgs/GuestScienceState, 24e5a1ba8527257cc710720a32de6e51>>>>
06-09 01:33:40.787 I/Registrar( 2970): Response<Success, Registered [/guest_science_manager] as publisher of [/gs/data], [http://10.42.0.34:36073/, http://10.42.0.34:45349/, http://10.42.0.34:37987/]>
06-09 01:33:40.789 I/DefaultPublisher( 2970): Publisher registered: Publisher<PublisherDefinition<PublisherIdentifier<NodeIdentifier</guest_science_manager, http://hlp:46620/>, TopicIdentifier</gs/data>>, Topic<TopicIdentifier</gs/data>, TopicDescription<ff_msgs/GuestScienceData, edd2c791ea93ffa7cb0ec80c5bb00972>>>>
06-09 01:33:40.999 I/Registrar( 2970): Response<Success, Registered [/guest_science_manager] as publisher of [/gs/gs_manager/state], [http://10.42.0.34:45349/]>
06-09 01:33:41.044 I/DefaultPublisher( 2970): Publisher registered: Publisher<PublisherDefinition<PublisherIdentifier<NodeIdentifier</guest_science_manager, http://hlp:46620/>, TopicIdentifier</gs/gs_manager/state>>, Topic<TopicIdentifier</gs/gs_manager/state>, TopicDescription<ff_msgs/GuestScienceState, 24e5a1ba8527257cc710720a32de6e51>>>>
06-09 01:33:41.268 I/Registrar( 2970): Registering subscriber: Subscriber<Topic<TopicIdentifier</mgt/executive/command>, TopicDescription<ff_msgs/CommandStamped, ac01350894b1be9e3a7b4f390a14812d>>>
06-09 01:33:41.485 I/art     ( 2970): Background sticky concurrent mark sweep GC freed 27901(2MB) AllocSpace objects, 22(444KB) LOS objects, 10% free, 8MB/10MB, paused 5.744ms total 1.683s
06-09 01:33:41.842 W/ActivityManager( 1805): Slow operation: 181ms so far, now at startProcess: returned from zygote!
06-09 01:33:41.843 W/ActivityManager( 1805): Slow operation: 182ms so far, now at startProcess: done updating battery stats
06-09 01:33:41.843 W/ActivityManager( 1805): Slow operation: 182ms so far, now at startProcess: building log message
06-09 01:33:41.843 I/ActivityManager( 1805): Start proc 3046:jp.jaxa.iss.kibo.rpc.defaultapk/u0a64 for broadcast jp.jaxa.iss.kibo.rpc.defaultapk/gov.nasa.arc.astrobee.android.gs.InfoInqueryBroadcastReceiver
06-09 01:33:41.843 W/ActivityManager( 1805): Slow operation: 183ms so far, now at startProcess: starting to update pids map
06-09 01:33:41.843 W/ActivityManager( 1805): Slow operation: 183ms so far, now at startProcess: done updating pids map
06-09 01:33:41.844 W/ActivityManager( 1805): Slow operation: 185ms so far, now at startProcess: done starting proc!
06-09 01:33:41.853 W/art     ( 1805): Long monitor contention with owner ActivityManager (1858) at void com.android.server.am.BroadcastQueue.processNextBroadcast(boolean)(BroadcastQueue.java:760) waiters=1 in android.content.ComponentName com.android.server.am.ActivityManagerService.startService(android.app.IApplicationThread, android.content.Intent, java.lang.String, java.lang.String, int) for 176ms
06-09 01:33:41.919 I/art     ( 3046): Not late-enabling -Xcheck:jni (already on)
06-09 01:33:41.943 W/art     ( 3046): Unexpected CPU variant for X86 using defaults: x86_64
06-09 01:33:42.004 I/Registrar( 2970): Response<Success, Subscribed to [/mgt/executive/command], [http://10.42.0.34:38593/]>
06-09 01:33:42.059 I/DefaultSubscriber( 2970): Subscriber registered: Subscriber<Topic<TopicIdentifier</mgt/executive/command>, TopicDescription<ff_msgs/CommandStamped, ac01350894b1be9e3a7b4f390a14812d>>>
06-09 01:33:42.648 I/art     ( 2970): Background partial concurrent mark sweep GC freed 20955(1668KB) AllocSpace objects, 26(520KB) LOS objects, 36% free, 7MB/11MB, paused 2.782ms total 529.267ms
06-09 01:33:43.237 I/ActivityManager( 1805): Killing 2685:com.android.printspooler/u0a51 (adj 906): empty #17
06-09 01:33:43.481 D/ActivityManager( 1805): cleanUpApplicationRecord -- 2685
06-09 01:33:48.559 D/ManagerTimeoutTimer( 2970): Still waiting for the apk to start or stop. 4997.0 milliseconds left.
06-09 01:33:48.799 D/OpenCV/StaticHelper( 3046): Trying to get library list
06-09 01:33:48.879 E/OpenCV/StaticHelper( 3046): OpenCV error: Cannot load info library for OpenCV
06-09 01:33:48.892 D/OpenCV/StaticHelper( 3046): Library list: ""
06-09 01:33:48.893 D/OpenCV/StaticHelper( 3046): First attempt to load libs
06-09 01:33:48.893 D/OpenCV/StaticHelper( 3046): Trying to init OpenCV libs
06-09 01:33:48.893 D/OpenCV/StaticHelper( 3046): Trying to load library opencv_java3
06-09 01:33:49.148 D/OpenCV/StaticHelper( 3046): Library opencv_java3 loaded
06-09 01:33:49.148 D/OpenCV/StaticHelper( 3046): First attempt to load libs is OK
06-09 01:33:49.178 I/OpenCV/StaticHelper( 3046): 
06-09 01:33:49.178 I/OpenCV/StaticHelper( 3046): General configuration for OpenCV 3.4.4 =====================================
06-09 01:33:49.178 I/OpenCV/StaticHelper( 3046):   Version control:               3.4.4
06-09 01:33:49.178 I/OpenCV/StaticHelper( 3046): 
