06-07 08:03:28.946 W/VibratorService( 1734): Tried to stop vibrating but there is no vibrator device.
06-07 08:03:28.984 I/SystemServer( 1734): StartConsumerIrService
06-07 08:03:28.986 E/ConsumerIrService( 1734): Can't open consumer IR HW Module, error: -2
06-07 08:03:29.022 I/SystemServer( 1734): StartAlarmManagerService
06-07 08:03:29.022 I/SystemServiceManager( 1734): Starting com.android.server.AlarmManagerService
06-07 08:03:29.043 W/AlarmManagerService( 1734): no wall clock RTC found
06-07 08:03:29.046 D/AlarmManagerService( 1734): Kernel timezone updated to 0 minutes west of GMT
06-07 08:03:29.113 I/SystemServer( 1734): InitWatchdog
06-07 08:03:29.115 I/SystemServer( 1734): StartInputManagerService
06-07 08:03:29.122 I/InputManager( 1734): Initializing input manager, mUseDevInputEventForAudioJack=true
06-07 08:03:29.151 I/SystemServer( 1734): StartWindowManagerService
06-07 08:03:29.517 I/WindowManager( 1734): No existing display settings /data/system/display_settings.xml; starting empty
06-07 08:03:29.875 I/SystemServer( 1734): StartVrManagerService
06-07 08:03:29.876 I/SystemServiceManager( 1734): Starting com.android.server.vr.VrManagerService
06-07 08:03:29.922 W/VrManagerService( 1734): init_native: Could not open VR hardware module, error No such file or directory (-2).
06-07 08:03:29.971 I/InputManager( 1734): Starting input manager
06-07 08:03:29.989 I/SystemServer( 1734): No Bluetooth Service (emulator)
06-07 08:03:30.002 I/SystemServer( 1734): ConnectivityMetricsLoggerService
06-07 08:03:30.003 I/SystemServiceManager( 1734): Starting com.android.server.connectivity.MetricsLoggerService
06-07 08:03:30.026 I/SystemServer( 1734): IpConnectivityMetrics
06-07 08:03:30.027 I/SystemServiceManager( 1734): Starting com.android.server.connectivity.IpConnectivityMetrics
06-07 08:03:30.029 I/SystemServer( 1734): PinnerService
06-07 08:03:30.049 D/EventHub( 1734): No input device configuration file found for device 'Power Button'.
06-07 08:03:30.072 I/SystemServiceManager( 1734): Starting com.android.server.PinnerService
06-07 08:03:30.121 W/EventHub( 1734): Unable to disable kernel key repeat for /dev/input/event0: Function not implemented
06-07 08:03:30.121 I/EventHub( 1734): New device: id=1, fd=91, path='/dev/input/event0', name='Power Button', classes=0x1, configuration='', keyLayout='/system/usr/keylayout/Generic.kl', keyCharacterMap='/system/usr/keychars/Generic.kcm', builtinKeyboard=false, wakeMechanism=EPOLLWAKEUP, usingClockIoctl=true
06-07 08:03:30.166 W/EventHub( 1734): Unable to disable kernel key repeat for /dev/input/event1: Function not implemented
06-07 08:03:30.166 I/EventHub( 1734): New device: id=2, fd=92, path='/dev/input/event1', name='qwerty2', classes=0x95, configuration='/system/usr/idc/qwerty2.idc', keyLayout='/system/usr/keylayout/qwerty.kl', keyCharacterMap='/system/usr/keychars/qwerty2.kcm', builtinKeyboard=true, wakeMechanism=EPOLLWAKEUP, usingClockIoctl=true
06-07 08:03:30.167 E/EventHub( 1734): could not get driver version for /dev/input/mice, Not a typewriter
06-07 08:03:30.182 I/SystemServiceManager( 1734): Starting com.android.server.InputMethodManagerService$Lifecycle
06-07 08:03:30.340 I/InputReader( 1734): Device added: id=-1, name='Virtual', sources=0x00000301
06-07 08:03:30.376 I/InputReader( 1734):   Touch device 'qwerty2' could not query the properties of its associated display.  The device will be inoperable until the display size becomes available.
06-07 08:03:30.377 I/InputReader( 1734): Device added: id=0, name='qwerty2', sources=0x80001103
06-07 08:03:30.378 I/InputReader( 1734): Device added: id=1, name='Power Button', sources=0x00000101
06-07 08:03:31.302 I/SystemServer( 1734): StartAccessibilityManagerService
06-07 08:03:31.388 I/ActivityManager( 1734): Config changes=1df8 {1.0 ?mcc?mnc [en_US] ldltr sw360dp w360dp h640dp 480dpi nrml long port ?uimode ?night -touch -keyb/v/h -nav/h s.2}
06-07 08:03:31.509 I/ActivityManager( 1734): Config changes=500 {1.0 ?mcc?mnc [en_US] ldltr sw360dp w360dp h568dp 480dpi nrml port ?uimode ?night -touch -keyb/v/h -nav/h s.3}
06-07 08:03:31.825 W/art     ( 1734): Long monitor contention with owner android.display (1793) at void com.android.server.am.ActivityManagerService.updateConfiguration(android.content.res.Configuration)(ActivityManagerService.java:18937) waiters=0 in void com.android.server.am.ActivityManagerService.updateConfiguration(android.content.res.Configuration) for 295ms
06-07 08:03:31.827 I/ActivityManager( 1734): Config changes=8 {1.0 ?mcc?mnc [en_US] ldltr sw360dp w360dp h568dp 480dpi nrml port ?uimode ?night finger -keyb/v/h -nav/h s.4}
06-07 08:03:31.923 I/UsageStatsService( 1734): User[0] Rollover scheduled @ 2020-06-08 08:03:31(1591603411391)
06-07 08:03:31.926 E/AppIdleHistory( 1734): Unable to read app idle file for user 0
06-07 08:03:31.969 I/InputReader( 1734): Reconfiguring input devices.  changes=0x00000004
06-07 08:03:31.971 I/SystemServiceManager( 1734): Starting com.android.server.MountService$Lifecycle
06-07 08:03:31.991 I/InputReader( 1734): Device reconfigured: id=0, name='qwerty2', size 1080x1920, orientation 0, mode 1, display id 0
06-07 08:03:32.063 I/SystemServiceManager( 1734): Starting com.android.server.UiModeManagerService
06-07 08:03:32.089 D/MountService( 1734): Thinking about init, mSystemReady=false, mDaemonConnected=true
06-07 08:03:32.090 D/MountService( 1734): Thinking about reset, mSystemReady=false, mDaemonConnected=true
06-07 08:03:32.091 D/MountService( 1734): Thinking about init, mSystemReady=false, mDaemonConnected=true
06-07 08:03:32.091 D/MountService( 1734): Thinking about reset, mSystemReady=false, mDaemonConnected=true
06-07 08:03:32.101 I/ActivityManager( 1734): Config changes=200 {1.0 ?mcc?mnc [en_US] ldltr sw360dp w360dp h568dp 480dpi nrml port finger -keyb/v/h -nav/h s.5}
06-07 08:03:32.123 D/CryptdConnector( 1734): SND -> {1 cryptfs getfield SystemLocale}
06-07 08:03:32.172 D/CryptdConnector( 1734): RCV <- {200 1 -1}
06-07 08:03:32.216 W/MountService( 1734): No primary storage mounted!
06-07 08:03:32.216 D/VoldConnector( 1734): SND -> {1 asec list}
06-07 08:03:32.232 D/VoldConnector( 1734): RCV <- {200 1 asec operation succeeded}
06-07 08:03:32.234 I/PackageManager( 1734): No secure containers found
06-07 08:03:32.235 W/PackageManager( 1734): Unknown permission com.google.android.googleapps.permission.GOOGLE_AUTH in package com.android.providers.calendar
06-07 08:03:32.236 W/PackageManager( 1734): Unknown permission com.google.android.googleapps.permission.GOOGLE_AUTH.cl in package com.android.providers.calendar
06-07 08:03:32.236 W/PackageManager( 1734): Not granting permission android.permission.GLOBAL_SEARCH to package com.android.quicksearchbox (protectionLevel=18 flags=0x3808be45)
06-07 08:03:32.237 W/PackageManager( 1734): Not granting permission android.permission.WRITE_EXTERNAL_STORAGE to package gov.nasa.arc.astrobee.android.gs.manager because it was previously installed without
06-07 08:03:32.237 W/PackageManager( 1734): Not granting permission android.permission.READ_EXTERNAL_STORAGE to package gov.nasa.arc.astrobee.android.gs.manager because it was previously installed without
06-07 08:03:32.238 W/PackageManager( 1734): Unknown permission com.android.launcher.permission.READ_SETTINGS in package com.android.launcher3
06-07 08:03:32.238 W/PackageManager( 1734): Unknown permission com.android.launcher.permission.WRITE_SETTINGS in package com.android.launcher3
06-07 08:03:32.238 W/PackageManager( 1734): Not granting permission android.permission.BIND_APPWIDGET to package com.android.launcher3 (protectionLevel=18 flags=0x3c4bbe45)
06-07 08:03:32.238 W/PackageManager( 1734): Unknown permission com.google.android.googleapps.permission.GOOGLE_AUTH.mail in package com.android.calendar
06-07 08:03:32.239 W/PackageManager( 1734): Unknown permission com.google.android.providers.settings.permission.WRITE_GSETTINGS in package com.android.sdksetup
06-07 08:03:32.258 W/PackageManager( 1734): Unknown permission com.google.android.permission.INSTALL_WEARABLE_PACKAGES in package com.android.packageinstaller
06-07 08:03:32.258 W/PackageManager( 1734): Not granting permission android.permission.DELETE_PACKAGES to package com.svox.pico (protectionLevel=18 flags=0x3808be45)
06-07 08:03:32.275 W/PackageManager( 1734): No disk maintenance in 894288275; running immediately
06-07 08:03:32.275 W/PackageManager( 1734): Not granting permission android.permission.READ_CONTACTS to package com.example.android.apis because it was previously installed without
06-07 08:03:32.276 W/PackageManager( 1734): Not granting permission android.permission.WRITE_CONTACTS to package com.example.android.apis because it was previously installed without
06-07 08:03:32.276 W/PackageManager( 1734): Not granting permission android.permission.ACCESS_COARSE_LOCATION to package com.example.android.apis because it was previously installed without
06-07 08:03:32.276 W/PackageManager( 1734): Not granting permission android.permission.WRITE_EXTERNAL_STORAGE to package com.example.android.apis because it was previously installed without
06-07 08:03:32.276 W/PackageManager( 1734): Not granting permission android.permission.SEND_SMS to package com.example.android.apis because it was previously installed without
06-07 08:03:32.276 W/PackageManager( 1734): Not granting permission android.permission.RECEIVE_SMS to package com.example.android.apis because it was previously installed without
06-07 08:03:32.276 W/PackageManager( 1734): Not granting permission android.permission.RECEIVE_MMS to package com.example.android.apis because it was previously installed without
06-07 08:03:32.276 W/PackageManager( 1734): Not granting permission android.permission.READ_SMS to package com.example.android.apis because it was previously installed without
06-07 08:03:32.276 W/PackageManager( 1734): Not granting permission android.permission.READ_PHONE_STATE to package com.example.android.apis because it was previously installed without
06-07 08:03:32.276 W/PackageManager( 1734): Not granting permission android.permission.RECORD_AUDIO to package com.example.android.apis because it was previously installed without
06-07 08:03:32.277 W/PackageManager( 1734): Not granting permission android.permission.CAMERA to package com.example.android.apis because it was previously installed without
06-07 08:03:32.277 W/PackageManager( 1734): Not granting permission android.permission.READ_EXTERNAL_STORAGE to package com.example.android.apis because it was previously installed without
06-07 08:03:32.277 W/PackageManager( 1734): Unknown permission android.permission.RUN_INSTRUMENTATION in package org.chromium.webview_shell
06-07 08:03:32.278 W/PackageManager( 1734): Unknown permission com.google.android.googleapps.permission.GOOGLE_AUTH in package com.android.settings
06-07 08:03:32.278 W/PackageManager( 1734): Unknown permission com.android.launcher.permission.READ_SETTINGS in package com.android.settings
06-07 08:03:32.278 W/PackageManager( 1734): Unknown permission com.android.launcher.permission.WRITE_SETTINGS in package com.android.settings
06-07 08:03:32.279 W/PackageManager( 1734): Unknown permission com.android.smspush.WAPPUSH_MANAGER_BIND in package com.android.phone
06-07 08:03:32.318 W/PackageManager( 1734): Unknown permission com.google.android.googleapps.permission.ACCESS_GOOGLE_PASSWORD in package com.android.development
06-07 08:03:32.318 W/PackageManager( 1734): Unknown permission com.google.android.googleapps.permission.GOOGLE_AUTH in package com.android.development
06-07 08:03:32.318 W/PackageManager( 1734): Unknown permission com.google.android.googleapps.permission.GOOGLE_AUTH.ALL_SERVICES in package com.android.development
06-07 08:03:32.318 W/PackageManager( 1734): Unknown permission com.google.android.googleapps.permission.GOOGLE_AUTH.YouTubeUser in package com.android.development
06-07 08:03:32.318 W/PackageManager( 1734): Not granting permission android.permission.BIND_APPWIDGET to package com.android.widgetpreview (protectionLevel=18 flags=0x3808be44)
06-07 08:03:32.672 W/art     ( 1734): Long monitor contention with owner MountService (1938) at void com.android.server.pm.PackageManagerService.loadMediaPackages(android.util.ArrayMap, int[], boolean)(PackageManagerService.java:19317) waiters=0 in void com.android.server.pm.PackageManagerService.performFstrimIfNeeded() for 397ms
06-07 08:03:32.674 I/SystemServer( 1734): StartLockSettingsService
06-07 08:03:32.709 I/SystemServiceManager( 1734): Starting com.android.server.LockSettingsService$Lifecycle
06-07 08:03:32.742 W/MountService( 1734): No primary storage defined yet; hacking together a stub
06-07 08:03:32.746 W/MountService( 1734): No primary storage defined yet; hacking together a stub
06-07 08:03:32.760 W/MountService( 1734): No primary storage mounted!
06-07 08:03:32.761 D/VoldConnector( 1734): SND -> {2 asec list}
06-07 08:03:32.764 D/VoldConnector( 1734): RCV <- {200 2 asec operation succeeded}
06-07 08:03:32.781 I/MountService( 1734): Running fstrim idle maintenance
06-07 08:03:32.784 D/VoldConnector( 1734): SND -> {3 fstrim dotrim}
06-07 08:03:32.813 D/VoldConnector( 1734): RCV <- {200 3 Command succeeded}
06-07 08:03:32.825 D/vold    ( 1277): Starting trim of /cache
06-07 08:03:32.826 W/vold    ( 1277): Trim failed on /cache: Operation not supported on transport endpoint
06-07 08:03:32.827 D/VoldConnector( 1734): RCV <- {662 /cache -1 -1}
06-07 08:03:32.873 D/vold    ( 1277): Starting trim of /data
06-07 08:03:32.874 W/vold    ( 1277): Trim failed on /data: Operation not supported on transport endpoint
06-07 08:03:32.874 D/VoldConnector( 1734): RCV <- {662 /data -1 -1}
06-07 08:03:32.919 I/SystemServiceManager( 1734): Starting com.android.server.DeviceIdleController
06-07 08:03:32.951 E/VoldConnector( 1734): Error handling '662 /cache -1 -1': java.lang.NullPointerException: Attempt to invoke virtual method 'void android.os.DropBoxManager.addText(java.lang.String, java.lang.String)' on a null object reference
06-07 08:03:32.997 E/VoldConnector( 1734): Error handling '662 /data -1 -1': java.lang.NullPointerException: Attempt to invoke virtual method 'void android.os.DropBoxManager.addText(java.lang.String, java.lang.String)' on a null object reference
06-07 08:03:33.040 I/SystemServiceManager( 1734): Starting com.android.server.devicepolicy.DevicePolicyManagerService$Lifecycle
06-07 08:03:33.952 I/SystemServer( 1734): StartStatusBarManagerService
06-07 08:03:33.976 I/SystemServer( 1734): StartClipboardService
06-07 08:03:34.028 I/SystemServer( 1734): StartNetworkManagementService
06-07 08:03:34.142 I/NetworkManagement( 1734): onDaemonConnected()
06-07 08:03:34.179 I/SystemServiceManager( 1734): Starting com.android.server.TextServicesManagerService$Lifecycle
06-07 08:03:34.338 I/SystemServer( 1734): StartNetworkScoreService
06-07 08:03:34.355 I/SystemServer( 1734): StartNetworkStatsService
06-07 08:03:34.447 I/SystemServer( 1734): StartNetworkPolicyManagerService
06-07 08:03:34.545 I/SystemServer( 1734): No Wi-Fi NAN Service (NAN support Not Present)
06-07 08:03:34.807 W/art     ( 1734): Verification of void com.android.server.wifi.p2p.WifiP2pService.<init>(android.content.Context) took 112.337ms
06-07 08:03:34.841 I/SystemServiceManager( 1734): Starting com.android.server.wifi.p2p.WifiP2pService
06-07 08:03:35.247 I/WifiP2pService( 1734): Registering wifip2p
06-07 08:03:35.268 I/SystemServiceManager( 1734): Starting com.android.server.wifi.WifiService
06-07 08:03:36.262 I/art     ( 1734): Background sticky concurrent mark sweep GC freed 33735(2MB) AllocSpace objects, 13(260KB) LOS objects, 25% free, 8MB/10MB, paused 3.365ms total 367.969ms
06-07 08:03:36.301 D/HS20    ( 1734): Passpoint is disabled
06-07 08:03:36.651 D/CommandListener( 1335): Clearing all IP addresses on wlan0
06-07 08:03:36.775 D/WifiApConfigStore( 1734): 2G band allowed channels are:1,6,11
06-07 08:03:36.791 W/art     ( 1734): Long monitor contention with owner WifiStateMachine (1956) at boolean com.android.server.wifi.WifiNative.unloadDriverNative()(WifiNative.java:-2) waiters=0 in java.lang.String com.android.server.wifi.WifiNative.doStringCommand(java.lang.String) for 164ms
06-07 08:03:36.794 E/WifiLogger( 1734): no ring buffers found
06-07 08:03:36.794 E/WifiLogger( 1734): Failed to start packet fate monitoring
06-07 08:03:36.926 D/WifiController( 1734): isAirplaneModeOn = true, isWifiEnabled = false, isScanningAvailable = false
06-07 08:03:36.975 I/WifiService( 1734): Registering wifi
06-07 08:03:37.041 I/SystemServiceManager( 1734): Starting com.android.server.wifi.scanner.WifiScanningService
06-07 08:03:37.041 I/WifiScanningService( 1734): Creating wifiscanner
06-07 08:03:37.052 I/WifiScanningService( 1734): Publishing wifiscanner
06-07 08:03:37.056 I/SystemServiceManager( 1734): Starting com.android.server.wifi.RttService
06-07 08:03:37.058 I/RttService( 1734): Creating rttmanager
06-07 08:03:37.091 I/RttService( 1734): Starting rttmanager
06-07 08:03:37.107 I/SystemServer( 1734): StartConnectivityService
06-07 08:03:37.188 D/ConnectivityService( 1734): ConnectivityService starting up
06-07 08:03:37.271 D/ConnectivityService( 1734): wifiOnly=false
06-07 08:03:37.521 I/SystemServer( 1734): StartNsdService
06-07 08:03:37.584 I/SystemServer( 1734): StartUpdateLockService
06-07 08:03:37.602 I/SystemServiceManager( 1734): Starting com.android.server.RecoverySystemService
06-07 08:03:37.625 I/SystemServiceManager( 1734): Starting com.android.server.notification.NotificationManagerService
06-07 08:03:37.954 D/ConditionProviders.SCP( 1734): new ScheduleConditionProvider()
06-07 08:03:38.103 D/ZenLog  ( 1734): config: readXml,ZenModeConfig[user=0,allowCalls=true,allowRepeatCallers=false,allowMessages=false,allowCallsFrom=contacts,allowMessagesFrom=contacts,allowReminders=true,allowEvents=true,allowWhenScreenOff=true,allowWhenScreenOn=true,automaticRules={370bd6672ef541ba946db9ac4aef0faf=ZenRule[enabled=false,snoozing=false,name=Weeknight,zenMode=ZEN_MODE_ALARMS,conditionId=condition://android/schedule?days=1.2.3.4.5&start=22.0&end=7.0&exitAtAlarm=false,condition=Condition[id=condition://android/schedule?days=1.2.3.4.5&start=22.0&end=7.0&exitAtAlarm=false,summary=...,line1=...,line2=...,icon=0,state=STATE_TRUE,flags=2],component=ComponentInfo{android/com.android.server.notification.ScheduleConditionProvider},id=370bd6672ef541ba946db9ac4aef0faf,creationTime=1590622727817,enabler=null], a53ffdf89c814123a52adbdd46bc948d=ZenRule[enabled=false,snoozing=false,name=Weekend,zenMode=ZEN_MODE_ALARMS,conditionId=condition://android/schedule?days=6.7&start=23.30&end=10.0&exitAtAlarm=false,condition=Condition[id=condition://android/schedule?days=6.7&start=23.30&end=10.0&exitAtAlarm=false,summary=...,line1=...,line2=...,icon=0,state=STATE_FALSE,flags=2],component=ComponentInfo{android/com.android.server.notification.ScheduleConditionProvider},id=a53ffdf89c814123a52adbdd46bc948d,creationTime=1590622727818,enabler=null], fc8bb1aacabb4877a1d1d167106f6e77=ZenRule[enabled=false,snoozing=false,name=Event,zenMode=ZEN_MODE_ALARMS,conditionId=condition://android/event?userId=-10000&calendar=&reply=1,condition=Condition[id=condition://android/event?userId=-10000&calendar=&reply=1,summary=...,line1=...,line2=...,icon=0,state=STATE_FALSE,flags=2],component=ComponentInfo{android/com.android.server.notification.EventConditionProvider},id=fc8bb1aacabb4877a1d1d167106f6e77,creationTime=1590622727822,enabler=null]},manualRule=null],Diff[automaticRule[ffadf94e05dc46cfabe31ed5a6094b2a]:delete,automaticRule[370bd6672ef541ba946db9ac4aef0faf]:insert,automaticRule[4900bc1ffe264201b5845b3a53ffbce8]:delete,automaticRule[a53ffdf89c814123a52adbdd46bc948d]:insert,automaticRule[699a241048f3434eb7af4f72f5b3373d]:delete,automaticRule[fc8bb1aacabb4877a1d1d167106f6e77]:insert]
06-07 08:03:38.252 D/ZenLog  ( 1734): set_zen_mode: off,init
06-07 08:03:38.281 I/SystemServiceManager( 1734): Starting com.android.server.storage.DeviceStorageMonitorService
06-07 08:03:38.326 I/SystemServer( 1734): StartLocationManagerService
06-07 08:03:38.355 I/SystemServer( 1734): StartCountryDetectorService
06-07 08:03:38.375 I/SystemServer( 1734): StartSearchManagerService
06-07 08:03:38.375 I/SystemServiceManager( 1734): Starting com.android.server.search.SearchManagerService$Lifecycle
06-07 08:03:38.396 I/SystemServiceManager( 1734): Starting com.android.server.DropBoxManagerService
06-07 08:03:38.423 I/SystemServer( 1734): StartWallpaperManagerService
06-07 08:03:38.424 I/SystemServiceManager( 1734): Starting com.android.server.wallpaper.WallpaperManagerService$Lifecycle
06-07 08:03:38.447 E/BitmapFactory( 1734): Unable to decode stream: java.io.FileNotFoundException: /data/system/users/0/wallpaper_orig (No such file or directory)
06-07 08:03:38.447 E/WallpaperManagerService( 1734): Invalid wallpaper data
06-07 08:03:38.447 E/WallpaperManagerService( 1734): Unable to apply new wallpaper
06-07 08:03:38.456 I/SystemServer( 1734): StartAudioService
06-07 08:03:38.457 I/SystemServiceManager( 1734): Starting com.android.server.audio.AudioService$Lifecycle
06-07 08:03:38.552 W/TelecomManager( 1734): Telecom Service not found.
06-07 08:03:38.608 D/PermissionCache( 1326): checking android.permission.MODIFY_AUDIO_SETTINGS for uid=1000 => granted (24060 us)
06-07 08:03:38.666 D/PermissionCache( 1326): checking android.permission.MODIFY_AUDIO_SETTINGS for uid=1000 => granted (1170 us)
06-07 08:03:38.695 W/AudioFlinger( 1326): no wake lock to update, system not ready yet
06-07 08:03:38.854 I/SystemServiceManager( 1734): Starting com.android.server.DockObserver
06-07 08:03:38.857 W/DockObserver( 1734): This kernel does not have dock station support
06-07 08:03:38.867 I/SystemServer( 1734): StartWiredAccessoryManager
06-07 08:03:38.882 W/WiredAccessoryManager( 1734): This kernel does not have usb audio support
06-07 08:03:38.883 W/WiredAccessoryManager( 1734): This kernel does not have HDMI audio support
06-07 08:03:38.883 I/SystemServiceManager( 1734): Starting com.android.server.midi.MidiService$Lifecycle
06-07 08:03:38.895 I/SystemServiceManager( 1734): Starting com.android.server.usb.UsbService$Lifecycle
06-07 08:03:38.978 I/SystemServer( 1734): StartSerialService
06-07 08:03:39.022 E/HardwarePropertiesManagerService-JNI( 1734): Couldn't load thermal module (No such file or directory)
06-07 08:03:39.053 I/SystemServiceManager( 1734): Starting com.android.server.twilight.TwilightService
06-07 08:03:39.056 I/SystemServiceManager( 1734): Starting com.android.server.job.JobSchedulerService
06-07 08:03:39.137 I/SystemServiceManager( 1734): Starting com.android.server.soundtrigger.SoundTriggerService
06-07 08:03:39.171 I/SystemServiceManager( 1734): Starting com.android.server.backup.BackupManagerService$Lifecycle
06-07 08:03:39.209 I/SystemServiceManager( 1734): Starting com.android.server.appwidget.AppWidgetService
06-07 08:03:39.314 I/SystemServiceManager( 1734): Starting com.android.server.voiceinteraction.VoiceInteractionManagerService
06-07 08:03:39.364 I/SystemServer( 1734): Gesture Launcher Service
06-07 08:03:39.364 I/SystemServiceManager( 1734): Starting com.android.server.GestureLauncherService
06-07 08:03:39.377 I/SystemServiceManager( 1734): Starting com.android.server.SensorNotificationService
06-07 08:03:39.378 I/SystemServiceManager( 1734): Starting com.android.server.ContextHubSystemService
06-07 08:03:39.396 E/ContextHubService( 1734): ** Could not load context_hub module : err No such file or directory
06-07 08:03:39.396 W/ContextHubService( 1734): No Context Hub Module present
06-07 08:03:39.397 I/SystemServer( 1734): StartDiskStatsService
06-07 08:03:39.400 I/SystemServer( 1734): StartSamplingProfilerService
06-07 08:03:39.506 I/SystemServer( 1734): StartNetworkTimeUpdateService
06-07 08:03:39.518 I/SystemServer( 1734): StartCommonTimeManagementService
06-07 08:03:39.535 I/SystemServer( 1734): CertBlacklister
06-07 08:03:39.601 I/SystemServiceManager( 1734): Starting com.android.server.emergency.EmergencyAffordanceService
06-07 08:03:39.606 I/SystemServiceManager( 1734): Starting com.android.server.dreams.DreamManagerService
06-07 08:03:39.634 I/SystemServer( 1734): StartAssetAtlasService
06-07 08:03:39.777 I/SystemServiceManager( 1734): Starting com.android.server.print.PrintManagerService
06-07 08:03:39.795 D/AssetAtlas( 1734): Loaded configuration: SliceMinArea (1280x896) flags=0x2 count=91
06-07 08:03:39.835 I/SystemServiceManager( 1734): Starting com.android.server.restrictions.RestrictionsManagerService
06-07 08:03:39.851 I/SystemServiceManager( 1734): Starting com.android.server.media.MediaSessionService
06-07 08:03:39.905 D/gralloc_ranchu( 1734): Emulator without host-side GPU emulation detected. Loading gralloc.default.so from /vendor/lib64/hw/gralloc.goldfish.default.so...
06-07 08:03:39.909 D/gralloc_ranchu( 1734): gralloc.default.so not found in /vendor. Trying /system/lib64/hw/gralloc.goldfish.default.so...
06-07 08:03:39.921 I/SystemServer( 1734): StartMediaRouterService
06-07 08:03:39.952 I/SystemServiceManager( 1734): Starting com.android.server.trust.TrustManagerService
06-07 08:03:39.995 I/SystemServiceManager( 1734): Starting com.android.server.fingerprint.FingerprintService
06-07 08:03:40.077 D/PermissionCache( 1338): checking android.permission.MANAGE_FINGERPRINT for uid=1000 => granted (36071 us)
06-07 08:03:40.115 V/fingerprintd( 1338): nativeOpenHal()
06-07 08:03:40.223 D/FingerprintHal( 1338): ----------------> fingerprint_open ----------------->
06-07 08:03:40.226 E/fingerprintd( 1338): Wrong fp version. Expected 512, got 513
06-07 08:03:40.226 D/FingerprintHal( 1338): ----------------> set_notify_callback ----------------->
06-07 08:03:40.226 D/FingerprintHal( 1338): fingerprint callback notification set
06-07 08:03:40.226 V/fingerprintd( 1338): fingerprint HAL successfully initialized
06-07 08:03:40.251 D/FingerprintHal( 1338): ----------------> listenerFunction ----------------->
06-07 08:03:40.254 V/fingerprintd( 1338): setActiveGroup(0, /data/system/users/0/fpdata, 27)
06-07 08:03:40.254 D/FingerprintHal( 1338): ----------------> fingerprint_set_active_group -----------------> path /data/system/users/0/fpdata
06-07 08:03:40.255 D/FingerprintHal( 1338): ----------------> loadFingerprints ----------------->
06-07 08:03:40.255 E/FingerprintHal( 1338): Could not load fingerprints from storage at /data/system/users/0/fpdata/emufp.bin; it has not yet been created.
06-07 08:03:40.255 D/FingerprintHal( 1338): ----------------> loadAuthenticatorId ----------------->
06-07 08:03:40.260 D/FingerprintHal( 1338): Read authenticator id (0x6b8b4567327b23c6)
06-07 08:03:40.262 D/FingerprintHal( 1338): ----------------> fingerprint_get_auth_id ----------------->
06-07 08:03:40.262 D/FingerprintHal( 1338): ----------------> fingerprint_get_auth_id auth id 6b8b4567327b23c6----------------->
06-07 08:03:40.300 V/FingerprintService( 1734): Fingerprint HAL id: 138029627129856
06-07 08:03:40.303 I/SystemServer( 1734): StartBackgroundDexOptService
06-07 08:03:40.345 I/SystemServiceManager( 1734): Starting com.android.server.pm.ShortcutService$Lifecycle
06-07 08:03:40.430 I/SystemServiceManager( 1734): Starting com.android.server.pm.LauncherAppsService
06-07 08:03:40.437 I/SystemServiceManager( 1734): Starting com.android.server.media.projection.MediaProjectionManagerService
06-07 08:03:40.476 V/MediaRouter( 1734): Adding route: RouteInfo{ name=Phone, description=null, status=null, category=RouteCategory{ name=null types=ROUTE_TYPE_LIVE_AUDIO ROUTE_TYPE_LIVE_VIDEO  groupable=false }, supportedTypes=ROUTE_TYPE_LIVE_AUDIO ROUTE_TYPE_LIVE_VIDEO , presentationDisplay=null }
06-07 08:03:40.543 V/MediaRouter( 1734): Updating audio routes: AudioRoutesInfo{ type=SPEAKER }
06-07 08:03:40.554 V/MediaRouter( 1734): Selecting route: RouteInfo{ name=Phone, description=null, status=null, category=RouteCategory{ name=null types=ROUTE_TYPE_LIVE_AUDIO ROUTE_TYPE_LIVE_VIDEO  groupable=false }, supportedTypes=ROUTE_TYPE_LIVE_AUDIO ROUTE_TYPE_LIVE_VIDEO , presentationDisplay=null }
06-07 08:03:40.574 I/WindowManager( 1734): SAFE MODE not enabled
06-07 08:03:40.575 I/SystemServiceManager( 1734): Starting com.android.server.MmsServiceBroker
06-07 08:03:40.631 W/VibratorService( 1734): Tried to stop vibrating but there is no vibrator device.
06-07 08:03:40.656 W/AssetAtlasService( 1734): Could not find EGL configuration
06-07 08:03:40.681 D/AssetAtlas( 1734): Rendered atlas in 678.29ms (609.93+68.36ms)
06-07 08:03:40.783 I/art     ( 1734): Background partial concurrent mark sweep GC freed 17748(1341KB) AllocSpace objects, 6(120KB) LOS objects, 24% free, 12MB/16MB, paused 12.209ms total 777.884ms
06-07 08:03:41.307 E/LockSettingsStorage( 1734): Cannot read file java.io.FileNotFoundException: /data/system/gatekeeper.password.key: open failed: ENOENT (No such file or directory)
06-07 08:03:41.309 E/LockSettingsStorage( 1734): Cannot read file java.io.FileNotFoundException: /data/system/password.key: open failed: ENOENT (No such file or directory)
06-07 08:03:41.318 E/LockSettingsStorage( 1734): Cannot read file java.io.FileNotFoundException: /data/system/gatekeeper.pattern.key: open failed: ENOENT (No such file or directory)
06-07 08:03:41.319 E/LockSettingsStorage( 1734): Cannot read file java.io.FileNotFoundException: /data/system/gatekeeper.gesture.key: open failed: ENOENT (No such file or directory)
06-07 08:03:41.322 E/LockSettingsStorage( 1734): Cannot read file java.io.FileNotFoundException: /data/system/gesture.key: open failed: ENOENT (No such file or directory)
06-07 08:03:41.322 I/SystemServiceManager( 1734): Starting phase 480
06-07 08:03:41.435 I/DevicePolicyManagerService( 1734): Set ro.device_owner property to false
06-07 08:03:41.482 I/SystemServiceManager( 1734): Starting phase 500
06-07 08:03:41.520 D/ConnectivityMetricsLoggerService( 1734): onBootPhase: PHASE_SYSTEM_SERVICES_READY
06-07 08:03:41.606 I/WifiService( 1734): WifiService starting up with Wi-Fi disabled
06-07 08:03:41.636 I/WifiScanningService( 1734): Starting wifiscanner
06-07 08:03:41.790 I/RttService( 1734): Registering rttmanager
06-07 08:03:41.855 D/ZenLog  ( 1734): config: cleanUpZenRules,ZenModeConfig[user=0,allowCalls=true,allowRepeatCallers=false,allowMessages=false,allowCallsFrom=contacts,allowMessagesFrom=contacts,allowReminders=true,allowEvents=true,allowWhenScreenOff=true,allowWhenScreenOn=true,automaticRules={370bd6672ef541ba946db9ac4aef0faf=ZenRule[enabled=false,snoozing=false,name=Weeknight,zenMode=ZEN_MODE_ALARMS,conditionId=condition://android/schedule?days=1.2.3.4.5&start=22.0&end=7.0&exitAtAlarm=false,condition=Condition[id=condition://android/schedule?days=1.2.3.4.5&start=22.0&end=7.0&exitAtAlarm=false,summary=...,line1=...,line2=...,icon=0,state=STATE_TRUE,flags=2],component=ComponentInfo{android/com.android.server.notification.ScheduleConditionProvider},id=370bd6672ef541ba946db9ac4aef0faf,creationTime=1590622727817,enabler=null], a53ffdf89c814123a52adbdd46bc948d=ZenRule[enabled=false,snoozing=false,name=Weekend,zenMode=ZEN_MODE_ALARMS,conditionId=condition://android/schedule?days=6.7&start=23.30&end=10.0&exitAtAlarm=false,condition=Condition[id=condition://android/schedule?days=6.7&start=23.30&end=10.0&exitAtAlarm=false,summary=...,line1=...,line2=...,icon=0,state=STATE_FALSE,flags=2],component=ComponentInfo{android/com.android.server.notification.ScheduleConditionProvider},id=a53ffdf89c814123a52adbdd46bc948d,creationTime=1590622727818,enabler=null], fc8bb1aacabb4877a1d1d167106f6e77=ZenRule[enabled=false,snoozing=false,name=Event,zenMode=ZEN_MODE_ALARMS,conditionId=condition://android/event?userId=-10000&calendar=&reply=1,condition=Condition[id=condition://android/event?userId=-10000&calendar=&reply=1,summary=...,line1=...,line2=...,icon=0,state=STATE_FALSE,flags=2],component=ComponentInfo{android/com.android.server.notification.EventConditionProvider},id=fc8bb1aacabb4877a1d1d167106f6e77,creationTime=1590622727822,enabler=null]},manualRule=null],Diff[]
06-07 08:03:41.856 D/ZenLog  ( 1734): set_zen_mode: off,onSystemReady
06-07 08:03:41.876 D/PermissionCache( 1326): checking android.permission.CAPTURE_AUDIO_HOTWORD for uid=1000 => granted (860 us)
06-07 08:03:41.878 W/SoundTriggerHelper( 1734): listModules status=0, # of modules=0
06-07 08:03:41.878 D/ContextHubSystemService( 1734): onBootPhase: PHASE_SYSTEM_SERVICES_READY
06-07 08:03:42.381 V/UserManagerService( 1734): Found /data/user_de/0 with serial number 0
06-07 08:03:42.382 V/UserManagerService( 1734): Found /data/user/0 with serial number 0
06-07 08:03:42.383 V/UserManagerService( 1734): Found /data/system_de/0 with serial number 0
06-07 08:03:42.383 V/UserManagerService( 1734): Found /data/system_ce/0 with serial number 0
06-07 08:03:42.422 W/KeyguardServiceDelegate( 1734): onScreenTurningOn(): no keyguard service!
06-07 08:03:43.149 I/ActivityManager( 1734): System now ready
06-07 08:03:43.282 I/SystemServer( 1734): Making services ready
06-07 08:03:43.282 I/SystemServiceManager( 1734): Starting phase 550
06-07 08:03:43.420 W/WindowManager( 1734): Keyguard drawn timeout. Setting mKeyguardDrawComplete
06-07 08:03:43.959 E/InputMethodManagerService( 1734): Ignoring updateSystemUiLocked due to an invalid token. uid:1000 token:null
06-07 08:03:44.683 W/ActivityManager( 1734): Slow operation: 65ms so far, now at startProcess: getting gids from package manager
06-07 08:03:44.685 W/ActivityManager( 1734): Slow operation: 67ms so far, now at startProcess: building args
06-07 08:03:44.686 W/ActivityManager( 1734): Slow operation: 68ms so far, now at startProcess: asking zygote to start proc
06-07 08:03:44.724 I/Zygote  ( 1734): Process: zygote socket opened, supported ABIS: x86_64
06-07 08:03:44.921 W/ActivityManager( 1734): Slow operation: 302ms so far, now at startProcess: returned from zygote!
06-07 08:03:44.921 W/ActivityManager( 1734): Slow operation: 303ms so far, now at startProcess: done updating battery stats
06-07 08:03:44.922 W/ActivityManager( 1734): Slow operation: 304ms so far, now at startProcess: building log message
06-07 08:03:44.923 I/ActivityManager( 1734): Start proc 1993:com.android.inputmethod.latin/u0a41 for service com.android.inputmethod.latin/.LatinIME
06-07 08:03:44.933 W/art     ( 1993): Unexpected CPU variant for X86 using defaults: x86_64
06-07 08:03:44.947 W/ActivityManager( 1734): Slow operation: 329ms so far, now at startProcess: starting to update pids map
06-07 08:03:44.948 W/ActivityManager( 1734): Slow operation: 329ms so far, now at startProcess: done updating pids map
06-07 08:03:44.948 W/ActivityManager( 1734): Slow operation: 331ms so far, now at startProcess: done starting proc!
06-07 08:03:44.949 W/art     ( 1734): Long monitor contention with owner main (1734) at int com.android.server.am.ActivityManagerService.bindService(android.app.IApplicationThread, android.os.IBinder, android.content.Intent, java.lang.String, android.app.IServiceConnection, int, java.lang.String, int)(ActivityManagerService.java:17301) waiters=0 in void com.android.server.am.ActivityManagerService.dispatchUidsChanged() for 330ms
06-07 08:03:44.963 V/InputMethodManagerService( 1734): Adding window token: android.os.Binder@a0ae868
06-07 08:03:44.964 D/MountService( 1734): Thinking about init, mSystemReady=true, mDaemonConnected=true
06-07 08:03:44.965 D/MountService( 1734): Setting up emulation state, initlocked=false
06-07 08:03:44.966 D/CryptdConnector( 1734): SND -> {2 cryptfs unlock_user_key 0 0 ! !}
06-07 08:03:44.978 E/BitmapFactory( 1734): Unable to decode stream: java.io.FileNotFoundException: /data/system/users/0/wallpaper_orig (No such file or directory)
06-07 08:03:44.978 E/WallpaperManagerService( 1734): Invalid wallpaper data
06-07 08:03:44.978 E/WallpaperManagerService( 1734): Unable to apply new wallpaper
06-07 08:03:45.088 D/vold    ( 1277): e4crypt_unlock_user_key 0 serial=0 token_present=0
06-07 08:03:45.152 D/CryptdConnector( 1734): RCV <- {200 2 Command succeeded}
06-07 08:03:45.161 D/MountService( 1734): Thinking about reset, mSystemReady=true, mDaemonConnected=true
06-07 08:03:45.165 W/ActivityManager( 1734): Slow operation: 90ms so far, now at startProcess: returned from zygote!
06-07 08:03:45.166 W/ActivityManager( 1734): Slow operation: 91ms so far, now at startProcess: done updating battery stats
06-07 08:03:45.166 W/ActivityManager( 1734): Slow operation: 91ms so far, now at startProcess: building log message
06-07 08:03:45.166 I/ActivityManager( 1734): Start proc 2001:com.android.systemui/u0a21 for service com.android.systemui/.ImageWallpaper
06-07 08:03:45.166 W/ActivityManager( 1734): Slow operation: 91ms so far, now at startProcess: starting to update pids map
06-07 08:03:45.168 W/ActivityManager( 1734): Slow operation: 93ms so far, now at startProcess: done updating pids map
06-07 08:03:45.168 W/ActivityManager( 1734): Slow operation: 94ms so far, now at startProcess: done starting proc!
06-07 08:03:45.181 I/ActivityManager( 1734): Force stopping com.android.providers.media appid=10010 user=-1: vold reset
06-07 08:03:45.185 D/VoldConnector( 1734): SND -> {4 volume reset}
06-07 08:03:45.193 D/vold    ( 1277): Recognized experimental block major ID 253 as virtio-blk (emulator's virtual SD card device)
06-07 08:03:45.194 V/vold    ( 1277): /system/bin/sgdisk
06-07 08:03:45.195 V/vold    ( 1277):     --android-dump
06-07 08:03:45.195 V/vold    ( 1277):     /dev/block/vold/disk:253,48
06-07 08:03:45.200 D/VoldConnector( 1734): RCV <- {651 emulated 7}
06-07 08:03:45.228 E/BluetoothAdapter( 1734): Bluetooth binder is null
06-07 08:03:45.232 D/UsbAlsaManager( 1734): Adding ALSA device AlsaDevice: [card: 0, device: 0, type: 1]
06-07 08:03:45.233 D/UsbAlsaManager( 1734): Adding ALSA device AlsaDevice: [card: 0, device: 0, type: 2]
06-07 08:03:45.242 D/VoldConnector( 1734): RCV <- {659 emulated}
06-07 08:03:45.258 D/VoldConnector( 1734): RCV <- {650 emulated 2 "" ""}
06-07 08:03:45.278 V/MountService( 1734): Found primary storage at VolumeInfo{emulated}:
06-07 08:03:45.278 V/MountService( 1734):     type=EMULATED diskId=null partGuid=null mountFlags=0 mountUserId=-1 
06-07 08:03:45.278 V/MountService( 1734):     state=UNMOUNTED 
06-07 08:03:45.278 V/MountService( 1734):     fsType=null fsUuid=null fsLabel=null 
06-07 08:03:45.278 V/MountService( 1734):     path=null internalPath=null 
06-07 08:03:45.278 D/VoldConnector( 1734): RCV <- {651 emulated 0}
06-07 08:03:45.279 D/VoldConnector( 1734): RCV <- {651 public:253,48 7}
06-07 08:03:45.290 I/SystemServer( 1734): WebViewFactory preparation
06-07 08:03:45.298 W/art     ( 2001): Unexpected CPU variant for X86 using defaults: x86_64
06-07 08:03:45.312 D/VoldConnector( 1734): RCV <- {659 public:253,48}
06-07 08:03:45.361 D/VoldConnector( 1734): RCV <- {649 disk:253,48}
06-07 08:03:45.363 D/VoldConnector( 1734): RCV <- {640 disk:253,48 5}
06-07 08:03:45.364 D/VoldConnector( 1734): RCV <- {641 disk:253,48 549453824}
06-07 08:03:45.365 D/VoldConnector( 1734): RCV <- {642 disk:253,48 Virtual}
06-07 08:03:45.366 D/VoldConnector( 1734): RCV <- {644 disk:253,48 /sys//devices/pci0000:00/0000:00:06.0/virtio3/block/vdd}
06-07 08:03:45.390 E/BluetoothAdapter( 1734): Bluetooth binder is null
06-07 08:03:45.481 I/AudioFlinger( 1326): systemReady
06-07 08:03:45.538 D/WebViewFactory( 1734): Setting new address space to 114394000
06-07 08:03:46.006 E/WVMExtractor( 1734): Failed to open libwvm.so: dlopen failed: library "libwvm.so" not found
06-07 08:03:46.253 I/Zygote  ( 1734): Process: zygote socket opened, supported ABIS: x86
06-07 08:03:46.380 W/System  ( 2001): ClassLoader referenced unknown path: /system/priv-app/SystemUI/lib/x86_64
06-07 08:03:46.562 I/art     ( 1325): Starting a blocking GC Background
06-07 08:03:46.752 I/MediaPlayerService( 1334): MediaPlayerService::getOMX
06-07 08:03:46.881 V/vold    ( 1277): DISK mbr
06-07 08:03:46.882 V/vold    ( 1277): 
06-07 08:03:46.884 W/vold    ( 1277): disk:253,48 has unknown partition table; trying entire device
06-07 08:03:46.885 V/vold    ( 1277): /system/bin/blkid
06-07 08:03:46.885 V/vold    ( 1277):     -c
06-07 08:03:46.885 V/vold    ( 1277):     /dev/null
06-07 08:03:46.885 V/vold    ( 1277):     -s
06-07 08:03:46.885 V/vold    ( 1277):     TYPE
06-07 08:03:46.885 V/vold    ( 1277):     -s
06-07 08:03:46.885 V/vold    ( 1277):     UUID
06-07 08:03:46.885 V/vold    ( 1277):     -s
06-07 08:03:46.885 V/vold    ( 1277):     LABEL
06-07 08:03:46.885 V/vold    ( 1277):     /dev/block/vold/disk:253,48
06-07 08:03:46.947 I/OMXClient( 1334): MuxOMX ctor
06-07 08:03:47.045 I/MediaPlayerService( 1334): MediaPlayerService::getOMX
06-07 08:03:47.048 I/OMXClient( 1334): MuxOMX ctor
06-07 08:03:47.053 I/art     ( 1325): Background concurrent mark sweep GC freed 123(16KB) AllocSpace objects, 0(0B) LOS objects, 39% free, 6MB/10MB, paused 2.283ms total 432.788ms
06-07 08:03:47.085 I/OMXMaster( 1331): makeComponentInstance(OMX.google.mp3.decoder) in mediacodec process
06-07 08:03:47.862 W/ActivityManager( 1734): Slow operation: 2088ms so far, now at startProcess: returned from zygote!
06-07 08:03:47.862 W/ActivityManager( 1734): Slow operation: 2089ms so far, now at startProcess: done updating battery stats
06-07 08:03:47.862 W/ActivityManager( 1734): Slow operation: 2089ms so far, now at startProcess: building log message
06-07 08:03:47.863 I/ActivityManager( 1734): Start proc 2035:WebViewLoader-x86/1037 [android.webkit.WebViewFactory$RelroFileCreator] for 
06-07 08:03:47.863 W/ActivityManager( 1734): Slow operation: 2090ms so far, now at startProcess: starting to update pids map
06-07 08:03:47.863 W/ActivityManager( 1734): Slow operation: 2090ms so far, now at startProcess: done updating pids map
06-07 08:03:47.863 W/ActivityManager( 1734): Slow operation: 2091ms so far, now at startProcess: done starting proc!
06-07 08:03:47.871 W/art     ( 1734): Long monitor contention with owner main (1734) at int com.android.server.am.ActivityManagerService.startIsolatedProcess(java.lang.String, java.lang.String[], java.lang.String, java.lang.String, int, java.lang.Runnable)(ActivityManagerService.java:3509) waiters=0 in void com.android.server.am.ActivityManagerService.dispatchUidsChanged() for 2.091s
06-07 08:03:47.939 W/art     ( 2035): Unexpected CPU variant for X86 using defaults: x86
06-07 08:03:48.044 W/ActivityManager( 1734): Slow operation: 164ms so far, now at startProcess: returned from zygote!
06-07 08:03:48.045 W/ActivityManager( 1734): Slow operation: 165ms so far, now at startProcess: done updating battery stats
06-07 08:03:48.045 W/ActivityManager( 1734): Slow operation: 165ms so far, now at startProcess: building log message
06-07 08:03:48.045 I/ActivityManager( 1734): Start proc 2040:WebViewLoader-x86_64/1037 [android.webkit.WebViewFactory$RelroFileCreator] for 
06-07 08:03:48.045 W/ActivityManager( 1734): Slow operation: 165ms so far, now at startProcess: starting to update pids map
06-07 08:03:48.045 W/ActivityManager( 1734): Slow operation: 165ms so far, now at startProcess: done updating pids map
06-07 08:03:48.045 W/ActivityManager( 1734): Slow operation: 182ms so far, now at startProcess: done starting proc!
06-07 08:03:48.051 W/art     ( 1734): Long monitor contention with owner main (1734) at int com.android.server.am.ActivityManagerService.startIsolatedProcess(java.lang.String, java.lang.String[], java.lang.String, java.lang.String, int, java.lang.Runnable)(ActivityManagerService.java:3509) waiters=1 in void com.android.server.am.ActivityManagerService.publishContentProviders(android.app.IApplicationThread, java.util.List) for 1.282s
06-07 08:03:48.060 W/art     ( 1734): Long monitor contention with owner main (1734) at int com.android.server.am.ActivityManagerService.startIsolatedProcess(java.lang.String, java.lang.String[], java.lang.String, java.lang.String, int, java.lang.Runnable)(ActivityManagerService.java:3509) waiters=2 in void com.android.server.am.ActivityManagerService$MainHandler.handleMessage(android.os.Message) for 439ms
06-07 08:03:48.064 D/NetworkManagement( 1734): enabling bandwidth control
06-07 08:03:48.065 W/art     ( 1734): Long monitor contention with owner main (1734) at int com.android.server.am.ActivityManagerService.startIsolatedProcess(java.lang.String, java.lang.String[], java.lang.String, java.lang.String, int, java.lang.Runnable)(ActivityManagerService.java:3509) waiters=3 in android.content.Intent com.android.server.am.ActivityManagerService.registerReceiver(android.app.IApplicationThread, java.lang.String, android.content.IIntentReceiver, android.content.IntentFilter, java.lang.String, int) for 279ms
06-07 08:03:48.070 W/art     ( 1734): Long monitor contention with owner main (1734) at int com.android.server.am.ActivityManagerService.startIsolatedProcess(java.lang.String, java.lang.String[], java.lang.String, java.lang.String, int, java.lang.Runnable)(ActivityManagerService.java:3509) waiters=3 in void com.android.server.am.ActivityManagerService.dispatchUidsChanged() for 198ms
06-07 08:03:48.099 W/art     ( 2040): Unexpected CPU variant for X86 using defaults: x86_64
06-07 08:03:48.156 V/vold    ( 1277): /dev/block/vold/disk:253,48: LABEL="SDCARD" UUID="1EFF-1C1B" TYPE="vfat" 
06-07 08:03:48.157 V/vold    ( 1277): 
06-07 08:03:48.322 D/VoldConnector( 1734): RCV <- {650 public:253,48 0 "disk:253,48" ""}
06-07 08:03:48.331 D/VoldConnector( 1734): RCV <- {651 public:253,48 0}
06-07 08:03:48.344 V/SystemUIService( 2001): Starting SystemUI services for user 0.
06-07 08:03:48.409 W/ProcessCpuTracker( 1734): Skipping unknown process pid 2030
06-07 08:03:48.422 D/VoldConnector( 1734): RCV <- {643 disk:253,48}
06-07 08:03:48.442 D/VoldConnector( 1734): RCV <- {200 4 Command succeeded}
06-07 08:03:48.444 E/VoldConnector( 1734): NDC Command {4 volume reset} took too long (3259ms)
06-07 08:03:48.446 D/VoldConnector( 1734): SND -> {5 volume user_added 0 0}
06-07 08:03:48.451 D/VoldConnector( 1734): RCV <- {200 5 Command succeeded}
06-07 08:03:48.457 V/WebViewFactory( 2040): RelroFileCreator (64bit = true),  32-bit lib: /system/app/webview/webview.apk!/lib/x86/libwebviewchromium.so, 64-bit lib: /system/app/webview/webview.apk!/lib/x86_64/libwebviewchromium.so
06-07 08:03:48.463 W/ProcessCpuTracker( 1734): Skipping unknown process pid 2034
06-07 08:03:48.928 D/VoldConnector( 1734): SND -> {6 volume mount emulated 3 -1}
06-07 08:03:49.083 W/ActivityManager( 1734): Slow operation: 70ms so far, now at getContentProviderImpl: after updateOomAdj
06-07 08:03:49.084 W/ActivityManager( 1734): Slow operation: 71ms so far, now at getContentProviderImpl: done!
06-07 08:03:49.143 D/VoldConnector( 1734): RCV <- {651 emulated 1}
06-07 08:03:49.181 D/VoldConnector( 1734): RCV <- {656 emulated /data/media}
06-07 08:03:49.184 D/VoldConnector( 1734): RCV <- {655 emulated /storage/emulated}
06-07 08:03:49.303 V/vold    ( 1277): Waiting for FUSE to spin up...
06-07 08:03:49.362 V/vold    ( 1277): Waiting for FUSE to spin up...
06-07 08:03:49.414 V/vold    ( 1277): Waiting for FUSE to spin up...
06-07 08:03:49.467 V/vold    ( 1277): Waiting for FUSE to spin up...
06-07 08:03:49.520 V/vold    ( 1277): Waiting for FUSE to spin up...
06-07 08:03:49.541 I/MediaPlayerService( 1334): MediaPlayerService::getOMX
06-07 08:03:49.565 I/OMXClient( 1334): MuxOMX ctor
06-07 08:03:49.573 I/OMXMaster( 1331): makeComponentInstance(OMX.google.amrnb.decoder) in mediacodec process
06-07 08:03:49.577 V/vold    ( 1277): Waiting for FUSE to spin up...
06-07 08:03:49.631 V/vold    ( 1277): Waiting for FUSE to spin up...
06-07 08:03:49.731 V/vold    ( 1277): Waiting for FUSE to spin up...
06-07 08:03:49.743 V/WebViewFactory( 2035): RelroFileCreator (64bit = false),  32-bit lib: /system/app/webview/webview.apk!/lib/x86/libwebviewchromium.so, 64-bit lib: /system/app/webview/webview.apk!/lib/x86_64/libwebviewchromium.so
06-07 08:03:49.783 V/vold    ( 1277): Waiting for FUSE to spin up...
06-07 08:03:49.833 V/vold    ( 1277): Waiting for FUSE to spin up...
06-07 08:03:49.886 V/vold    ( 1277): Waiting for FUSE to spin up...
06-07 08:03:49.940 V/vold    ( 1277): Waiting for FUSE to spin up...
06-07 08:03:50.000 V/vold    ( 1277): Waiting for FUSE to spin up...
06-07 08:03:50.013 I/MediaPlayerService( 1334): MediaPlayerService::getOMX
06-07 08:03:50.015 I/OMXClient( 1334): MuxOMX ctor
06-07 08:03:50.016 I/OMXMaster( 1331): makeComponentInstance(OMX.google.amrwb.decoder) in mediacodec process
06-07 08:03:50.090 V/vold    ( 1277): Waiting for FUSE to spin up...
06-07 08:03:50.112 V/MediaRouter( 2001): Adding route: RouteInfo{ name=Phone, description=null, status=null, category=RouteCategory{ name=null types=ROUTE_TYPE_LIVE_AUDIO ROUTE_TYPE_LIVE_VIDEO  groupable=false }, supportedTypes=ROUTE_TYPE_LIVE_AUDIO ROUTE_TYPE_LIVE_VIDEO , presentationDisplay=null }
06-07 08:03:50.118 I/MediaPlayerService( 1334): MediaPlayerService::getOMX
06-07 08:03:50.124 I/OMXClient( 1334): MuxOMX ctor
06-07 08:03:50.125 I/OMXMaster( 1331): makeComponentInstance(OMX.google.aac.decoder) in mediacodec process
06-07 08:03:50.143 V/vold    ( 1277): Waiting for FUSE to spin up...
06-07 08:03:50.163 W/sdcard  ( 2066): Device explicitly disabled sdcardfs
06-07 08:03:50.196 V/vold    ( 1277): Waiting for FUSE to spin up...
06-07 08:03:50.252 V/vold    ( 1277): Waiting for FUSE to spin up...
06-07 08:03:50.304 V/vold    ( 1277): Waiting for FUSE to spin up...
06-07 08:03:50.355 V/vold    ( 1277): Waiting for FUSE to spin up...
06-07 08:03:50.361 V/MediaRouter( 2001): Updating audio routes: AudioRoutesInfo{ type=SPEAKER }
06-07 08:03:50.422 V/MediaRouter( 2001): Selecting route: RouteInfo{ name=Phone, description=null, status=null, category=RouteCategory{ name=null types=ROUTE_TYPE_LIVE_AUDIO ROUTE_TYPE_LIVE_VIDEO  groupable=false }, supportedTypes=ROUTE_TYPE_LIVE_AUDIO ROUTE_TYPE_LIVE_VIDEO , presentationDisplay=null }
06-07 08:03:50.553 D/VoldConnector( 1734): RCV <- {651 emulated 2}
06-07 08:03:50.555 D/VoldConnector( 1734): RCV <- {200 6 Command succeeded}
