06-07 04:49:38.904 I/art     ( 2794): Background partial concurrent mark sweep GC freed 3266(172KB) AllocSpace objects, 1(4MB) LOS objects, 23% free, 12MB/16MB, paused 1.618ms total 226.398ms
06-07 04:49:38.968 W/art     ( 1917): Long monitor contention with owner Binder:1917_7 (2434) at int com.android.server.wm.WindowManagerService.relayoutWindow(com.android.server.wm.Session, android.view.IWindow, int, android.view.WindowManager$LayoutParams, int, int, int, int, android.graphics.Rect, android.graphics.Rect, android.graphics.Rect, android.graphics.Rect, android.graphics.Rect, android.graphics.Rect, android.graphics.Rect, android.content.res.Configuration, android.view.Surface)(WindowManagerService.java:2857) waiters=0 in void com.android.server.wm.WindowManagerService$H.handleMessage(android.os.Message) for 247ms
06-07 04:49:39.443 I/Choreographer( 2794): Skipped 63 frames!  The application may be doing too much work on its main thread.
06-07 04:49:39.464 W/art     ( 1917): Long monitor contention with owner Binder:1917_3 (2168) at int com.android.server.wm.WindowManagerService.relayoutWindow(com.android.server.wm.Session, android.view.IWindow, int, android.view.WindowManager$LayoutParams, int, int, int, int, android.graphics.Rect, android.graphics.Rect, android.graphics.Rect, android.graphics.Rect, android.graphics.Rect, android.graphics.Rect, android.graphics.Rect, android.content.res.Configuration, android.view.Surface)(WindowManagerService.java:2857) waiters=0 in void com.android.server.wm.WindowManagerService$H.handleMessage(android.os.Message) for 480ms
06-07 04:49:39.470 I/Choreographer( 1917): Skipped 30 frames!  The application may be doing too much work on its main thread.
06-07 04:50:26.736 W//sbin/adbd( 1321): type=1400 audit(0.0:16): avc: denied { search } for comm=7365727669636520333136 name="security" dev="vdc" ino=35203 scontext=u:r:adbd:s0 tcontext=u:object_r:security_file:s0 tclass=dir permissive=0
06-07 04:50:27.098 W/BroadcastQueue( 1917): Timeout of broadcast BroadcastRecord{13a2eb6 u0 android.intent.action.BOOT_COMPLETED} - receiver=android.os.BinderProxy@b1182f8, started 60000ms ago
06-07 04:50:27.099 W/BroadcastQueue( 1917): Receiver during timeout: BroadcastFilter{7c3fe36 u0 ReceiverList{2c83d1 2617 com.android.systemui/10021/u0 remote:b1182f8}}
06-07 04:50:27.108 W/Binder  ( 2794): Binder call failed.
06-07 04:50:27.108 W/Binder  ( 2794): android.os.DeadObjectException
06-07 04:50:27.108 W/Binder  ( 2794): 	at android.os.BinderProxy.transactNative(Native Method)
06-07 04:50:27.108 W/Binder  ( 2794): 	at android.os.BinderProxy.transact(Binder.java:615)
06-07 04:50:27.108 W/Binder  ( 2794): 	at android.content.IIntentReceiver$Stub$Proxy.performReceive(IIntentReceiver.java:124)
06-07 04:50:27.108 W/Binder  ( 2794): 	at android.app.ActivityThread$ApplicationThread.scheduleRegisteredReceiver(ActivityThread.java:946)
06-07 04:50:27.108 W/Binder  ( 2794): 	at android.app.ApplicationThreadNative.onTransact(ApplicationThreadNative.java:404)
06-07 04:50:27.108 W/Binder  ( 2794): 	at android.os.Binder.execTransact(Binder.java:565)
06-07 04:51:21.161 D/AndroidRuntime( 2912): >>>>>> START com.android.internal.os.RuntimeInit uid 2000 <<<<<<
06-07 04:51:21.188 D/AndroidRuntime( 2912): CheckJNI is ON
06-07 04:51:21.601 W/art     ( 2912): Unexpected CPU variant for X86 using defaults: x86_64
06-07 04:51:21.647 D/ICU     ( 2912): No timezone override file found: /data/misc/zoneinfo/current/icu/icu_tzdata.dat
06-07 04:51:22.101 E/memtrack( 2912): Couldn't load memtrack module (No such file or directory)
06-07 04:51:22.103 E/android.os.Debug( 2912): failed to load memtrack module: -2
06-07 04:51:22.121 I/Radio-JNI( 2912): register_android_hardware_Radio DONE
06-07 04:51:22.315 D/AndroidRuntime( 2912): Calling main entry com.android.commands.pm.Pm
06-07 04:51:22.551 I/        ( 1327): free_cache(141287868) avail 800604160
06-07 04:51:27.117 W/BroadcastQueue( 1917): Timeout of broadcast BroadcastRecord{13a2eb6 u0 android.intent.action.BOOT_COMPLETED} - receiver=android.os.BinderProxy@9898859, started 60004ms ago
06-07 04:51:27.118 W/BroadcastQueue( 1917): Receiver during timeout: BroadcastFilter{8d7eacc u0 ReceiverList{4f05c1e 2617 com.android.systemui/10021/u0 remote:9898859}}
06-07 04:51:27.296 I/RecoverySystem( 1917): No recovery log file
06-07 04:51:27.353 W/ActivityManager( 1917): Slow operation: 190ms so far, now at startProcess: returned from zygote!
06-07 04:51:27.372 W/ActivityManager( 1917): Slow operation: 209ms so far, now at startProcess: done updating battery stats
06-07 04:51:27.372 W/ActivityManager( 1917): Slow operation: 209ms so far, now at startProcess: building log message
06-07 04:51:27.373 I/ActivityManager( 1917): Start proc 2924:com.android.dialer/u0a8 for broadcast com.android.dialer/.calllog.CallLogReceiver
06-07 04:51:27.373 W/ActivityManager( 1917): Slow operation: 210ms so far, now at startProcess: starting to update pids map
06-07 04:51:27.373 W/ActivityManager( 1917): Slow operation: 210ms so far, now at startProcess: done updating pids map
06-07 04:51:27.373 W/ActivityManager( 1917): Slow operation: 213ms so far, now at startProcess: done starting proc!
06-07 04:51:27.459 W/art     ( 2924): Unexpected CPU variant for X86 using defaults: x86_64
06-07 04:51:27.467 W/art     ( 1917): Long monitor contention with owner main (1917) at void com.android.server.am.BroadcastQueue.processNextBroadcast(boolean)(BroadcastQueue.java:760) waiters=0 in void com.android.server.am.ActivityManagerService$3.handleMessage(android.os.Message) for 304ms
06-07 04:51:27.591 I/BootReceiver( 1917): Copying audit failures to DropBox
06-07 04:51:27.591 I/BootReceiver( 1917): Checking for fsck errors
06-07 04:51:28.378 W/System  ( 2924): ClassLoader referenced unknown path: /system/priv-app/Dialer/lib/x86_64
06-07 04:51:29.457 D/ExtensionsFactory( 2924): No custom extensions.
06-07 04:51:29.513 D/BlockedNumbersAuto( 2924): Not attempting auto-migrate: already checked once.
06-07 04:51:29.787 D/CarrierConfigLoader( 2398): mHandler: 13 phoneId: 0
06-07 04:51:29.788 D/CarrierConfigLoader( 2398): mHandler: 7 phoneId: 0
06-07 04:51:29.819 E/CarrierConfigLoader( 2398): Cannot restore config with null packageName or iccid.
06-07 04:51:29.819 D/CarrierConfigLoader( 2398): Binding to com.android.carrierconfig for phone 0
06-07 04:51:29.890 W/CountryDetector( 2924): No location permissions, not registering for location updates.
06-07 04:51:29.940 W/ActivityManager( 1917): Slow operation: 124ms so far, now at startProcess: returned from zygote!
06-07 04:51:29.940 W/ActivityManager( 1917): Slow operation: 124ms so far, now at startProcess: done updating battery stats
06-07 04:51:29.941 W/ActivityManager( 1917): Slow operation: 125ms so far, now at startProcess: building log message
06-07 04:51:29.941 I/ActivityManager( 1917): Start proc 2943:com.android.calendar/u0a26 for broadcast com.android.calendar/.alerts.AlertReceiver
06-07 04:51:29.941 W/ActivityManager( 1917): Slow operation: 125ms so far, now at startProcess: starting to update pids map
06-07 04:51:29.941 W/ActivityManager( 1917): Slow operation: 125ms so far, now at startProcess: done updating pids map
06-07 04:51:29.941 W/ActivityManager( 1917): Slow operation: 125ms so far, now at startProcess: done starting proc!
06-07 04:51:29.942 W/art     ( 1917): Long monitor contention with owner Binder:1917_1 (1936) at void com.android.server.am.BroadcastQueue.processNextBroadcast(boolean)(BroadcastQueue.java:760) waiters=0 in void com.android.server.am.ActivityManagerService.dispatchUidsChanged() for 125ms
06-07 04:51:29.980 W/art     ( 2943): Unexpected CPU variant for X86 using defaults: x86_64
06-07 04:51:30.070 W/art     ( 2950): Unexpected CPU variant for X86 using defaults: x86_64
06-07 04:51:30.082 W/ActivityManager( 1917): Slow operation: 123ms so far, now at startProcess: returned from zygote!
06-07 04:51:30.082 W/ActivityManager( 1917): Slow operation: 124ms so far, now at startProcess: done updating battery stats
06-07 04:51:30.082 W/ActivityManager( 1917): Slow operation: 124ms so far, now at startProcess: building log message
06-07 04:51:30.082 I/ActivityManager( 1917): Start proc 2950:com.android.carrierconfig/u0a3 for service com.android.carrierconfig/.DefaultCarrierConfigService
06-07 04:51:30.083 W/ActivityManager( 1917): Slow operation: 125ms so far, now at startProcess: starting to update pids map
06-07 04:51:30.083 W/ActivityManager( 1917): Slow operation: 125ms so far, now at startProcess: done updating pids map
06-07 04:51:30.083 W/ActivityManager( 1917): Slow operation: 125ms so far, now at startProcess: done starting proc!
06-07 04:51:30.291 W/System  ( 2950): ClassLoader referenced unknown path: /system/priv-app/CarrierConfig/lib/x86_64
06-07 04:51:30.467 D/DefaultCarrierConfigService( 2950): Service created
06-07 04:51:30.482 D/CarrierConfigLoader( 2398): Connected to config app: com.android.carrierconfig/com.android.carrierconfig.DefaultCarrierConfigService
06-07 04:51:30.482 D/CarrierConfigLoader( 2398): mHandler: 3 phoneId: 0
06-07 04:51:30.489 D/DefaultCarrierConfigService( 2950): Config being fetched
06-07 04:51:30.493 D/DefaultCarrierConfigService( 2950): java.io.FileNotFoundException: carrier_config_.xml
06-07 04:51:30.519 E/CarrierConfigLoader( 2398): Cannot save config with null packageName or iccid.
06-07 04:51:30.535 D/CarrierConfigLoader( 2398): mHandler: 5 phoneId: 0
06-07 04:51:30.537 E/PhoneInterfaceManager( 2398): [PhoneIntfMgr] getCarrierPackageNamesForIntent: No UICC
06-07 04:51:30.616 I/Telecom ( 1917): PhoneAccountRegistrar: SimCallManager queried, returning: null: TSI.gSCMFU@AAY
06-07 04:51:30.671 W/System  ( 2943): ClassLoader referenced unknown path: /system/app/Calendar/lib/x86_64
06-07 04:51:31.375 D/ExtensionsFactory( 2943): No custom extensions.
06-07 04:51:31.425 D/AlertReceiver( 2943): onReceive: a=android.intent.action.BOOT_COMPLETED Intent { act=android.intent.action.BOOT_COMPLETED flg=0x9000010 cmp=com.android.calendar/.alerts.AlertReceiver (has extras) }
06-07 04:51:31.697 I/AlarmClock( 2663): AlarmInitReceiver android.intent.action.BOOT_COMPLETED
06-07 04:51:31.785 I/art     ( 1917): Background partial concurrent mark sweep GC freed 18688(1632KB) AllocSpace objects, 17(700KB) LOS objects, 29% free, 9MB/13MB, paused 3.747ms total 327.781ms
06-07 04:51:31.886 D/AlertUtils( 2943): Flushing old alerts from shared prefs table
06-07 04:51:31.919 D/AlertService( 2943): 0 Action = android.intent.action.BOOT_COMPLETED
06-07 04:51:33.951 D/AlertService( 2943): Scheduling next alarm with AlarmScheduler. sEventReminderReceived: null
06-07 04:51:34.156 V/AlarmClock( 2663): AlarmInitReceiver finished
06-07 04:51:34.213 W/ActivityManager( 1917): Slow operation: 75ms so far, now at startProcess: returned from zygote!
06-07 04:51:34.225 W/ActivityManager( 1917): Slow operation: 87ms so far, now at startProcess: done updating battery stats
06-07 04:51:34.225 W/ActivityManager( 1917): Slow operation: 87ms so far, now at startProcess: building log message
06-07 04:51:34.226 I/ActivityManager( 1917): Start proc 2980:com.android.email/u0a34 for broadcast com.android.email/.service.EmailBroadcastReceiver
06-07 04:51:34.226 W/ActivityManager( 1917): Slow operation: 88ms so far, now at startProcess: starting to update pids map
06-07 04:51:34.226 W/ActivityManager( 1917): Slow operation: 88ms so far, now at startProcess: done updating pids map
06-07 04:51:34.226 W/ActivityManager( 1917): Slow operation: 88ms so far, now at startProcess: done starting proc!
06-07 04:51:34.245 W/art     ( 2980): Unexpected CPU variant for X86 using defaults: x86_64
06-07 04:51:34.501 W/System  ( 2980): ClassLoader referenced unknown path: /system/app/Email/lib/x86_64
06-07 04:51:34.554 W/ActivityManager( 1917): Slow operation: 113ms so far, now at startProcess: returned from zygote!
06-07 04:51:34.554 W/ActivityManager( 1917): Slow operation: 113ms so far, now at startProcess: done updating battery stats
06-07 04:51:34.555 W/ActivityManager( 1917): Slow operation: 114ms so far, now at startProcess: building log message
06-07 04:51:34.555 I/ActivityManager( 1917): Start proc 2994:com.android.providers.calendar/u0a2 for content provider com.android.providers.calendar/.CalendarProvider2
06-07 04:51:34.555 W/ActivityManager( 1917): Slow operation: 114ms so far, now at startProcess: starting to update pids map
06-07 04:51:34.555 W/ActivityManager( 1917): Slow operation: 114ms so far, now at startProcess: done updating pids map
06-07 04:51:34.555 W/ActivityManager( 1917): Slow operation: 115ms so far, now at startProcess: done starting proc!
06-07 04:51:34.556 W/ActivityManager( 1917): Slow operation: 118ms so far, now at getContentProviderImpl: after start process
06-07 04:51:34.556 W/ActivityManager( 1917): Slow operation: 118ms so far, now at getContentProviderImpl: updating data structures
06-07 04:51:34.556 W/ActivityManager( 1917): Slow operation: 118ms so far, now at getContentProviderImpl: done!
06-07 04:51:34.573 W/art     ( 2994): Unexpected CPU variant for X86 using defaults: x86_64
06-07 04:51:34.822 W/System  ( 2994): ClassLoader referenced unknown path: /system/priv-app/CalendarProvider/lib/x86_64
06-07 04:51:35.573 I/CalendarProvider2( 2994): Created com.android.providers.calendar.CalendarAlarmManager@5fb0fd9(com.android.providers.calendar.CalendarProvider2@5900d9e)
06-07 04:51:36.015 D/AlarmScheduler( 2943): No events found starting within 1 week.
06-07 04:51:36.785 I/CalendarProvider2( 2994): Sending notification intent: Intent { act=android.intent.action.PROVIDER_CHANGED dat=content://com.android.calendar flg=0x20000000 }
06-07 04:51:36.787 W/ContentResolver( 2994): Failed to get type for: content://com.android.calendar (Unknown URL content://com.android.calendar)
06-07 04:51:37.735 W/ActivityManager( 1917): Unable to start service Intent { act=com.android.email.EXCHANGE_INTENT pkg=com.android.exchange } U=0: not found
06-07 04:51:38.667 D/ActivityThread( 2980): Loading provider com.android.email.provider;com.android.email.notifier: com.android.email.provider.EmailProvider
06-07 04:51:38.906 W/ActivityManager( 1917): Unable to start service Intent { act=com.android.email.EXCHANGE_INTENT pkg=com.android.exchange } U=0: not found
06-07 04:51:39.237 I/SystemBroadcastReceiver( 2186): Boot has been completed
06-07 04:51:39.238 I/SystemBroadcastReceiver( 2186): toggleAppIcon() : FLAG_SYSTEM = true
06-07 04:51:39.885 I/ActivityManager( 1917): Start proc 3018:com.android.managedprovisioning/u0a14 for broadcast com.android.managedprovisioning/.BootReminder
06-07 04:51:39.959 W/art     ( 3018): Unexpected CPU variant for X86 using defaults: x86_64
06-07 04:51:40.018 I/art     ( 2980): Waiting for a blocking GC DisableMovingGc
06-07 04:51:40.020 I/art     ( 2980): Starting a blocking GC DisableMovingGc
06-07 04:51:40.143 W/System  ( 3018): ClassLoader referenced unknown path: /system/priv-app/ManagedProvisioning/lib/x86_64
06-07 04:51:42.097 W/ActivityManager( 1917): Slow operation: 77ms so far, now at startProcess: returned from zygote!
06-07 04:51:42.097 W/ActivityManager( 1917): Slow operation: 77ms so far, now at startProcess: done updating battery stats
06-07 04:51:42.098 W/ActivityManager( 1917): Slow operation: 78ms so far, now at startProcess: building log message
06-07 04:51:42.098 I/ActivityManager( 1917): Start proc 3033:com.android.messaging/u0a54 for broadcast com.android.messaging/.receiver.BootAndPackageReplacedReceiver
06-07 04:51:42.098 W/ActivityManager( 1917): Slow operation: 78ms so far, now at startProcess: starting to update pids map
06-07 04:51:42.098 W/ActivityManager( 1917): Slow operation: 78ms so far, now at startProcess: done updating pids map
06-07 04:51:42.098 W/ActivityManager( 1917): Slow operation: 79ms so far, now at startProcess: done starting proc!
06-07 04:51:42.123 W/art     ( 3033): Unexpected CPU variant for X86 using defaults: x86_64
06-07 04:51:42.391 W/System  ( 3033): ClassLoader referenced unknown path: /system/app/messaging/lib/x86_64
06-07 04:51:42.507 W/art     ( 2980): Long monitor contention with owner AsyncTask #1 (3012) at void android.database.sqlite.SQLiteConnection.nativeExecute(long, long)(SQLiteConnection.java:-2) waiters=0 in android.database.sqlite.SQLiteDatabase com.android.email.provider.EmailProvider.getDatabase(android.content.Context) for 3.411s
06-07 04:51:43.357 W/ActivityManager( 1917): Unable to start service Intent { cmp=com.android.email/.service.AttachmentService } U=0: not found
06-07 04:51:43.387 W/ActivityManager( 1917): Unable to start service Intent { act=com.android.email.EXCHANGE_INTENT pkg=com.android.exchange } U=0: not found
06-07 04:51:43.423 W/art     ( 2980): Long monitor contention with owner AsyncTask #2 (3013) at android.database.sqlite.SQLiteDatabase com.android.email.provider.EmailProvider.getDatabase(android.content.Context)(EmailProvider.java:478) waiters=0 in void com.android.email.provider.AccountReconciler.reconcileAccounts(android.content.Context) for 3.829s
06-07 04:51:43.457 W/ActivityManager( 1917): Unable to start service Intent { act=com.android.email.EXCHANGE_INTENT pkg=com.android.exchange } U=0: not found
06-07 04:51:43.485 I/Email   ( 2980): Observing account changes for notifications
06-07 04:51:43.508 W/ActivityManager( 1917): Unable to start service Intent { act=com.android.email.EXCHANGE_INTENT pkg=com.android.exchange } U=0: not found
06-07 04:51:43.576 E/ActivityThread( 2980): Service com.android.email.service.EmailBroadcastProcessorService has leaked ServiceConnection com.android.emailcommon.service.ServiceProxy$ProxyConnection@ae6cc7c that was originally bound here
06-07 04:51:43.576 E/ActivityThread( 2980): android.app.ServiceConnectionLeaked: Service com.android.email.service.EmailBroadcastProcessorService has leaked ServiceConnection com.android.emailcommon.service.ServiceProxy$ProxyConnection@ae6cc7c that was originally bound here
06-07 04:51:43.576 E/ActivityThread( 2980): 	at android.app.LoadedApk$ServiceDispatcher.<init>(LoadedApk.java:1336)
06-07 04:51:43.576 E/ActivityThread( 2980): 	at android.app.LoadedApk.getServiceDispatcher(LoadedApk.java:1231)
06-07 04:51:43.576 E/ActivityThread( 2980): 	at android.app.ContextImpl.bindServiceCommon(ContextImpl.java:1450)
06-07 04:51:43.576 E/ActivityThread( 2980): 	at android.app.ContextImpl.bindService(ContextImpl.java:1422)
06-07 04:51:43.576 E/ActivityThread( 2980): 	at android.content.ContextWrapper.bindService(ContextWrapper.java:636)
06-07 04:51:43.576 E/ActivityThread( 2980): 	at com.android.emailcommon.service.ServiceProxy.setTask(ServiceProxy.java:181)
06-07 04:51:43.576 E/ActivityThread( 2980): 	at com.android.emailcommon.service.ServiceProxy.test(ServiceProxy.java:224)
06-07 04:51:43.576 E/ActivityThread( 2980): 	at com.android.email.service.EmailServiceUtils.isServiceAvailable(EmailServiceUtils.java:160)
06-07 04:51:43.576 E/ActivityThread( 2980): 	at com.android.email.provider.AccountReconciler.reconcileAccountsInternal(AccountReconciler.java:171)
06-07 04:51:43.576 E/ActivityThread( 2980): 	at com.android.email.provider.AccountReconciler.reconcileAccounts(AccountReconciler.java:115)
06-07 04:51:43.576 E/ActivityThread( 2980): 	at com.android.email.service.EmailBroadcastProcessorService.reconcileAndStartServices(EmailBroadcastProcessorService.java:305)
06-07 04:51:43.576 E/ActivityThread( 2980): 	at com.android.email.service.EmailBroadcastProcessorService.onBootCompleted(EmailBroadcastProcessorService.java:295)
06-07 04:51:43.576 E/ActivityThread( 2980): 	at com.android.email.service.EmailBroadcastProcessorService.onHandleIntent(EmailBroadcastProcessorService.java:130)
06-07 04:51:43.576 E/ActivityThread( 2980): 	at android.app.IntentService$ServiceHandler.handleMessage(IntentService.java:68)
06-07 04:51:43.576 E/ActivityThread( 2980): 	at android.os.Handler.dispatchMessage(Handler.java:102)
06-07 04:51:43.576 E/ActivityThread( 2980): 	at android.os.Looper.loop(Looper.java:154)
06-07 04:51:43.576 E/ActivityThread( 2980): 	at android.os.HandlerThread.run(HandlerThread.java:61)
06-07 04:51:43.578 W/ActivityManager( 1917): Unbind failed: could not find connection for android.os.BinderProxy@76f7df2
06-07 04:51:43.878 W/ActivityManager( 1917): Unable to start service Intent { cmp=com.android.email/.service.AttachmentService } U=0: not found
06-07 04:51:44.010 W/ActivityManager( 1917): Unable to start service Intent { act=com.android.email.EXCHANGE_INTENT pkg=com.android.exchange } U=0: not found
06-07 04:51:45.581 I/MessagingApp( 3033): Carrier config changed. Reloading MMS config.
06-07 04:51:45.628 V/VvmBootCompletedRcvr( 2398): processing subId list
06-07 04:51:45.696 E/VvmBootCompletedRcvr( 2398): phone account ComponentInfo{com.android.phone/com.android.services.telephony.TelephonyConnectionService}, [e2f7d48dd2b5ca523e7313cf4ba0f6ea830b6281], UserHandle{0} has invalid subId -1
06-07 04:51:46.097 I/MessagingAppDataModel( 3033): Fixup: Send failed - 0 Download failed - 0
06-07 04:51:47.057 I/ActivityManager( 1917): Waited long enough for: ServiceRecord{c0c4abc u0 com.android.calendar/.alerts.InitAlarmsService}
06-07 04:51:47.128 I/MessagingAppDataModel( 3033): SyncMessagesAction: Starting batch for messages from 1590625725905 to 1591505505385 (message update limit = 80, message scan limit = 4000)
06-07 04:51:47.468 I/VvmSimChangeReceiver( 2398): Received SIM change for invalid subscription id.
06-07 04:51:47.490 D/AlertReceiver( 2943): onReceive: a=android.intent.action.PROVIDER_CHANGED Intent { act=android.intent.action.PROVIDER_CHANGED dat=content://com.android.calendar flg=0x20000010 cmp=com.android.calendar/.alerts.AlertReceiver }
06-07 04:51:47.602 I/art     ( 3033): Waiting for a blocking GC DisableMovingGc
06-07 04:51:47.614 I/art     ( 3033): Waiting for a blocking GC DisableMovingGc
06-07 04:51:47.728 I/art     ( 3033): WaitForGcToComplete blocked for 126.182ms for cause DisableMovingGc
06-07 04:51:47.728 I/art     ( 3033): Starting a blocking GC DisableMovingGc
06-07 04:51:47.754 I/art     ( 3033): WaitForGcToComplete blocked for 140.329ms for cause DisableMovingGc
06-07 04:51:47.754 I/art     ( 3033): Starting a blocking GC DisableMovingGc
06-07 04:51:48.944 D/AlertService( 2943): 0 Action = android.intent.action.PROVIDER_CHANGED
06-07 04:51:49.909 W/MessagingAppDataModel( 3033): Used 2792ms for UpdateMessageNotificationAction#executeAction
06-07 04:51:50.886 I/MessagingAppDataModel( 3033): SyncMessagesAction: All messages now in sync
06-07 04:51:54.333 I/GlobalDismissManager( 2943): no sender configured
06-07 04:51:54.385 D/AlertService( 2943): Beginning updateAlertNotification
06-07 04:51:54.550 D/AlertService( 2943): No fired or scheduled alerts
06-07 04:51:54.685 D/AlertService( 2943): Scheduling next alarm with AlarmScheduler. sEventReminderReceived: null
06-07 04:51:54.906 D/AlarmScheduler( 2943): No events found starting within 1 week.
06-07 04:51:56.027 W/MediaScanner( 2855): Error opening directory '/oem/media/', skipping: No such file or directory.
06-07 04:51:56.547 I/art     ( 1917): Background partial concurrent mark sweep GC freed 8307(625KB) AllocSpace objects, 10(328KB) LOS objects, 29% free, 9MB/13MB, paused 2.044ms total 375.184ms
06-07 04:51:56.884 V/MediaScanner( 2855): pruneDeadThumbnailFiles... android.content.ContentProviderClient$CursorWrapperInner@bc8ad7b
06-07 04:51:56.886 V/MediaScanner( 2855): /pruneDeadThumbnailFiles... android.content.ContentProviderClient$CursorWrapperInner@bc8ad7b
06-07 04:52:03.207 D/InitAlarmsService( 2943): Clearing and rescheduling alarms.
06-07 04:52:04.999 I/ActivityManager( 1917): Start proc 3066:com.android.defcontainer/u0a7 for service com.android.defcontainer/.DefaultContainerService
06-07 04:52:05.013 W/art     ( 3066): Unexpected CPU variant for X86 using defaults: x86_64
06-07 04:52:05.682 I/PackageManager.DexOptimizer( 1917): Running dexopt (dex2oat) on: /data/app/vmdl958359853.tmp/base.apk pkg=jp.jaxa.iss.kibo.rpc.defaultapk isa=x86_64 vmSafeMode=false debuggable=true target-filter=interpret-only oatDir = /data/app/vmdl958359853.tmp/oat sharedLibraries=null
06-07 04:52:05.912 W/dex2oat ( 3081): Unexpected CPU variant for X86 using defaults: x86_64
06-07 04:52:05.929 I/dex2oat ( 3081): /system/bin/dex2oat --compiler-filter=interpret-only --debuggable
06-07 04:52:10.238 W/dex2oat ( 3081): Before Android 4.1, method android.graphics.PorterDuffColorFilter android.support.graphics.drawable.VectorDrawableCompat.updateTintFilter(android.graphics.PorterDuffColorFilter, android.content.res.ColorStateList, android.graphics.PorterDuff$Mode) would have incorrectly overridden the package-private method in android.graphics.drawable.Drawable
06-07 04:52:11.067 W/dex2oat ( 3081): Before Android 4.1, method int android.support.v7.widget.ListViewCompat.lookForSelectablePosition(int, boolean) would have incorrectly overridden the package-private method in android.widget.ListView
06-07 04:52:24.716 W/dex2oat ( 3081): Verification of void boofcv.alg.geo.f.HelperNister5.setupA1(org.ejml.data.DMatrixRMaj) took 149.370ms
06-07 04:52:24.836 W/dex2oat ( 3081): Verification of void boofcv.alg.geo.f.HelperNister5.setupA2(org.ejml.data.DMatrixRMaj) took 117.289ms
06-07 04:52:27.137 W/dex2oat ( 3081): Verification of double org.apache.commons.math3.optim.nonlinear.scalar.noderiv.BOBYQAOptimizer.bobyqb(double[], double[]) took 281.304ms
06-07 04:52:27.438 W/dex2oat ( 3081): Verification of double org.apache.commons.math3.optimization.direct.BOBYQAOptimizer.bobyqb(double[], double[]) took 271.283ms
06-07 04:52:36.141 W/dex2oat ( 3081): Compilation of java.lang.String org.opencv.android.StaticHelper.getLibraryList() took 160.479ms
06-07 04:52:36.144 W/dex2oat ( 3081): Compilation of void org.opencv.android.Utils.nBitmapToMat2(android.graphics.Bitmap, long, boolean) took 161.629ms
06-07 04:52:42.694 I/dex2oat ( 3081): dex2oat took 36.794s (threads: 2) arena alloc=459KB (470656B) java alloc=11MB (11652840B) native alloc=28MB (30147648B) free=5MB (5503936B)
06-07 04:52:43.058 D/installd( 1327): Detected label change from u:object_r:system_data_file:s0 to u:object_r:app_data_file:s0:c512,c768 at /data/data/jp.jaxa.iss.kibo.rpc.defaultapk; running recursive restorecon
06-07 04:52:43.076 D/installd( 1327): Detected label change from u:object_r:system_data_file:s0 to u:object_r:app_data_file:s0:c512,c768 at /data/user_de/0/jp.jaxa.iss.kibo.rpc.defaultapk; running recursive restorecon
06-07 04:52:43.090 V/BackupManagerService( 1917): restoreAtInstall pkg=jp.jaxa.iss.kibo.rpc.defaultapk token=1 restoreSet=0
06-07 04:52:43.092 W/BackupManagerService( 1917): Requested unavailable transport: android/com.android.internal.backup.LocalTransport
06-07 04:52:43.092 W/BackupManagerService( 1917): No transport
06-07 04:52:43.092 V/BackupManagerService( 1917): Finishing install immediately
06-07 04:52:43.110 I/GnssLocationProvider( 1917): WakeLock acquired by sendMessage(3, 0, com.android.server.location.GnssLocationProvider$GpsRequest@822aa87)
06-07 04:52:43.130 D/VoldConnector( 1917): SND -> {9 volume remount_uid 10064 default}
06-07 04:52:43.138 I/GnssLocationProvider( 1917): WakeLock released by handleMessage(3, 0, com.android.server.location.GnssLocationProvider$GpsRequest@822aa87)
06-07 04:52:43.149 D/vold    ( 1275): Remounting 10064 as mode default
06-07 04:52:43.191 D/VoldConnector( 1917): RCV <- {200 9 Command succeeded}
06-07 04:52:43.208 D/VoldConnector( 1917): SND -> {10 volume remount_uid 10064 write}
06-07 04:52:43.210 D/vold    ( 1275): Remounting 10064 as mode write
06-07 04:52:43.215 I/GnssLocationProvider( 1917): WakeLock acquired by sendMessage(3, 0, com.android.server.location.GnssLocationProvider$GpsRequest@221edb4)
06-07 04:52:43.233 D/VoldConnector( 1917): RCV <- {200 10 Command succeeded}
06-07 04:52:43.303 I/art     ( 1917): Starting a blocking GC Explicit
06-07 04:52:43.727 I/GnssLocationProvider( 1917): WakeLock released by handleMessage(3, 0, com.android.server.location.GnssLocationProvider$GpsRequest@221edb4)
06-07 04:52:43.738 I/art     ( 1917): Explicit concurrent mark sweep GC freed 20127(1210KB) AllocSpace objects, 9(228KB) LOS objects, 29% free, 9MB/13MB, paused 1.943ms total 415.909ms
06-07 04:52:43.740 E/        ( 1327): Couldn't opendir /data/app/vmdl958359853.tmp: No such file or directory
06-07 04:52:43.901 I/InputReader( 1917): Reconfiguring input devices.  changes=0x00000010
06-07 04:52:43.993 W/ActivityManager( 1917): Slow operation: 136ms so far, now at startProcess: returned from zygote!
06-07 04:52:43.993 W/ActivityManager( 1917): Slow operation: 136ms so far, now at startProcess: done updating battery stats
06-07 04:52:44.000 W/art     ( 3085): Unexpected CPU variant for X86 using defaults: x86_64
06-07 04:52:44.005 W/ActivityManager( 1917): Slow operation: 148ms so far, now at startProcess: building log message
06-07 04:52:44.005 I/ActivityManager( 1917): Start proc 3085:com.android.gallery3d/u0a39 for broadcast com.android.gallery3d/.app.PackagesMonitor
06-07 04:52:44.005 W/ActivityManager( 1917): Slow operation: 148ms so far, now at startProcess: starting to update pids map
06-07 04:52:44.005 W/ActivityManager( 1917): Slow operation: 148ms so far, now at startProcess: done updating pids map
06-07 04:52:44.005 W/ActivityManager( 1917): Slow operation: 148ms so far, now at startProcess: done starting proc!
06-07 04:52:44.051 I/art     ( 2912): System.exit called, status: 0
06-07 04:52:44.051 I/AndroidRuntime( 2912): VM exiting with result code 0.
06-07 04:52:44.284 E/PhoneInterfaceManager( 2398): [PhoneIntfMgr] getCarrierPackageNamesForIntent: No UICC
06-07 04:52:44.284 D/CarrierSvcBindHelper( 2398): No carrier app for: 0
06-07 04:52:44.291 D/CarrierConfigLoader( 2398): mHandler: 9 phoneId: 0
06-07 04:52:45.255 W/VoiceInteractionManagerService( 1917): no available voice recognition services found for user 0
06-07 04:52:45.506 W/ActivityManager( 1917): Slow operation: 58ms so far, now at startProcess: returned from zygote!
06-07 04:52:45.507 W/ActivityManager( 1917): Slow operation: 59ms so far, now at startProcess: done updating battery stats
06-07 04:52:45.507 W/ActivityManager( 1917): Slow operation: 59ms so far, now at startProcess: building log message
06-07 04:52:45.507 I/ActivityManager( 1917): Start proc 3106:com.svox.pico/u0a49 for broadcast com.svox.pico/.VoiceDataInstallerReceiver
06-07 04:52:45.507 W/ActivityManager( 1917): Slow operation: 59ms so far, now at startProcess: starting to update pids map
06-07 04:52:45.507 W/ActivityManager( 1917): Slow operation: 59ms so far, now at startProcess: done updating pids map
06-07 04:52:45.507 W/ActivityManager( 1917): Slow operation: 59ms so far, now at startProcess: done starting proc!
06-07 04:52:45.549 W/art     ( 3106): Unexpected CPU variant for X86 using defaults: x86_64
06-07 04:52:45.841 I/ActivityManager( 1917): Killing 2741:com.android.keychain/1000 (adj 906): empty #17
06-07 04:52:45.993 D/ActivityManager( 1917): cleanUpApplicationRecord -- 2741
06-07 04:54:09.191 D/AndroidRuntime( 3120): >>>>>> START com.android.internal.os.RuntimeInit uid 2000 <<<<<<
06-07 04:54:09.223 D/AndroidRuntime( 3120): CheckJNI is ON
06-07 04:54:09.819 W/art     ( 3120): Unexpected CPU variant for X86 using defaults: x86_64
06-07 04:54:09.981 D/ICU     ( 3120): No timezone override file found: /data/misc/zoneinfo/current/icu/icu_tzdata.dat
06-07 04:54:10.307 E/memtrack( 3120): Couldn't load memtrack module (No such file or directory)
06-07 04:54:10.308 E/android.os.Debug( 3120): failed to load memtrack module: -2
06-07 04:54:10.317 I/Radio-JNI( 3120): register_android_hardware_Radio DONE
06-07 04:54:10.516 D/AndroidRuntime( 3120): Calling main entry com.android.commands.am.Am
06-07 04:54:10.746 W/ActivityManager( 1917): Slow operation: 114ms so far, now at startProcess: returned from zygote!
06-07 04:54:10.747 W/ActivityManager( 1917): Slow operation: 116ms so far, now at startProcess: done updating battery stats
06-07 04:54:10.749 W/ActivityManager( 1917): Slow operation: 118ms so far, now at startProcess: building log message
06-07 04:54:10.749 I/ActivityManager( 1917): Start proc 3130:gov.nasa.arc.astrobee.android.gs.manager/u0a63 for service gov.nasa.arc.astrobee.android.gs.manager/.ManagerService
06-07 04:54:10.749 W/ActivityManager( 1917): Slow operation: 118ms so far, now at startProcess: starting to update pids map
06-07 04:54:10.750 W/ActivityManager( 1917): Slow operation: 119ms so far, now at startProcess: done updating pids map
06-07 04:54:10.750 W/ActivityManager( 1917): Slow operation: 123ms so far, now at startProcess: done starting proc!
06-07 04:54:10.761 W/art     ( 1917): Long monitor contention with owner Binder:1917_2 (1937) at android.content.ComponentName com.android.server.am.ActivityManagerService.startService(android.app.IApplicationThread, android.content.Intent, java.lang.String, java.lang.String, int)(ActivityManagerService.java:17161) waiters=0 in void com.android.server.am.ActivityManagerService.dispatchUidsChanged() for 117ms
06-07 04:54:10.793 D/AndroidRuntime( 3120): Shutting down VM
06-07 04:54:10.841 I/art     ( 3130): Not late-enabling -Xcheck:jni (already on)
06-07 04:54:10.850 W/art     ( 3130): Unexpected CPU variant for X86 using defaults: x86_64
06-07 04:54:11.286 W/System  ( 3130): ClassLoader referenced unknown path: /data/app/gov.nasa.arc.astrobee.android.gs.manager-1/lib/x86_64
06-07 04:54:12.713 E/Notification( 3130): setLatestEventInfo() is deprecated and you should feel deprecated.
06-07 04:54:12.713 E/Notification( 3130): java.lang.Throwable
06-07 04:54:12.713 E/Notification( 3130): 	at android.app.Notification.setLatestEventInfo(Notification.java:2076)
06-07 04:54:12.713 E/Notification( 3130): 	at org.ros.android.NodeMainExecutorService.onStartCommand(NodeMainExecutorService.java:220)
06-07 04:54:12.713 E/Notification( 3130): 	at android.app.ActivityThread.handleServiceArgs(ActivityThread.java:3326)
06-07 04:54:12.713 E/Notification( 3130): 	at android.app.ActivityThread.-wrap21(ActivityThread.java)
06-07 04:54:12.713 E/Notification( 3130): 	at android.app.ActivityThread$H.handleMessage(ActivityThread.java:1582)
06-07 04:54:12.713 E/Notification( 3130): 	at android.os.Handler.dispatchMessage(Handler.java:102)
06-07 04:54:12.713 E/Notification( 3130): 	at android.os.Looper.loop(Looper.java:154)
06-07 04:54:12.713 E/Notification( 3130): 	at android.app.ActivityThread.main(ActivityThread.java:6119)
06-07 04:54:12.713 E/Notification( 3130): 	at java.lang.reflect.Method.invoke(Native Method)
06-07 04:54:12.713 E/Notification( 3130): 	at com.android.internal.os.ZygoteInit$MethodAndArgsCaller.run(ZygoteInit.java:886)
06-07 04:54:12.713 E/Notification( 3130): 	at com.android.internal.os.ZygoteInit.main(ZygoteInit.java:776)
06-07 04:54:14.621 I/Registrar( 3130): MasterXmlRpcEndpoint URI: http://llp:11311
06-07 04:54:15.159 I/Registrar( 3130): Registering publisher: Publisher<PublisherDefinition<PublisherIdentifier<NodeIdentifier</guest_science_manager, http://hlp:43249/>, TopicIdentifier</rosout>>, Topic<TopicIdentifier</rosout>, TopicDescription<rosgraph_msgs/Log, acffd30cd6b6de30f120938c17c593fb>>>>
06-07 04:54:15.228 D/NotificationSQLiteLog( 1917): Pruned event entries: 19
06-07 04:54:16.044 I/Registrar( 3130): Response<Success, Registered [/guest_science_manager] as publisher of [/rosout], [http://10.42.0.34:44247/, http://10.42.0.34:41947/]>
06-07 04:54:16.106 I/DefaultPublisher( 3130): Publisher registered: Publisher<PublisherDefinition<PublisherIdentifier<NodeIdentifier</guest_science_manager, http://hlp:43249/>, TopicIdentifier</rosout>>, Topic<TopicIdentifier</rosout>, TopicDescription<rosgraph_msgs/Log, acffd30cd6b6de30f120938c17c593fb>>>>
06-07 04:54:16.246 I/Registrar( 3130): Registering subscriber: Subscriber<Topic<TopicIdentifier</clock>, TopicDescription<rosgraph_msgs/Clock, a9c97c1d230cfc112e270351a944ee47>>>
06-07 04:54:16.387 I/Registrar( 3130): Response<Success, Subscribed to [/clock], [http://10.42.0.34:36382/]>
06-07 04:54:16.422 I/DefaultSubscriber( 3130): Subscriber registered: Subscriber<Topic<TopicIdentifier</clock>, TopicDescription<rosgraph_msgs/Clock, a9c97c1d230cfc112e270351a944ee47>>>
06-07 04:54:16.722 I/Registrar( 3130): Registering publisher: Publisher<PublisherDefinition<PublisherIdentifier<NodeIdentifier</guest_science_manager, http://hlp:43249/>, TopicIdentifier</gs/gs_manager/ack>>, Topic<TopicIdentifier</gs/gs_manager/ack>, TopicDescription<ff_msgs/AckStamped, cebddec69fd770df54633be444a9187d>>>>
06-07 04:54:16.748 W/art     ( 3130): Suspending all threads took: 8.117ms
06-07 04:54:16.910 I/Registrar( 3130): Registering publisher: Publisher<PublisherDefinition<PublisherIdentifier<NodeIdentifier</guest_science_manager, http://hlp:43249/>, TopicIdentifier</gs/gs_manager/config>>, Topic<TopicIdentifier</gs/gs_manager/config>, TopicDescription<ff_msgs/GuestScienceConfig, c6f632ed2411de4159494a3e7754794e>>>>
06-07 04:54:17.001 I/Registrar( 3130): Response<Success, Registered [/guest_science_manager] as publisher of [/gs/gs_manager/ack], [http://10.42.0.34:41336/]>
06-07 04:54:17.036 I/DefaultPublisher( 3130): Publisher registered: Publisher<PublisherDefinition<PublisherIdentifier<NodeIdentifier</guest_science_manager, http://hlp:43249/>, TopicIdentifier</gs/gs_manager/ack>>, Topic<TopicIdentifier</gs/gs_manager/ack>, TopicDescription<ff_msgs/AckStamped, cebddec69fd770df54633be444a9187d>>>>
06-07 04:54:17.100 I/Registrar( 3130): Registering publisher: Publisher<PublisherDefinition<PublisherIdentifier<NodeIdentifier</guest_science_manager, http://hlp:43249/>, TopicIdentifier</gs/data>>, Topic<TopicIdentifier</gs/data>, TopicDescription<ff_msgs/GuestScienceData, edd2c791ea93ffa7cb0ec80c5bb00972>>>>
06-07 04:54:17.256 I/art     ( 3130): Background sticky concurrent mark sweep GC freed 24193(1991KB) AllocSpace objects, 15(304KB) LOS objects, 24% free, 7MB/10MB, paused 11.501ms total 633.767ms
06-07 04:54:17.283 I/Registrar( 3130): Response<Success, Registered [/guest_science_manager] as publisher of [/gs/gs_manager/config], [http://10.42.0.34:32997/]>
06-07 04:54:17.298 I/DefaultPublisher( 3130): Publisher registered: Publisher<PublisherDefinition<PublisherIdentifier<NodeIdentifier</guest_science_manager, http://hlp:43249/>, TopicIdentifier</gs/gs_manager/config>>, Topic<TopicIdentifier</gs/gs_manager/config>, TopicDescription<ff_msgs/GuestScienceConfig, c6f632ed2411de4159494a3e7754794e>>>>
06-07 04:54:17.471 I/Registrar( 3130): Registering publisher: Publisher<PublisherDefinition<PublisherIdentifier<NodeIdentifier</guest_science_manager, http://hlp:43249/>, TopicIdentifier</gs/gs_manager/state>>, Topic<TopicIdentifier</gs/gs_manager/state>, TopicDescription<ff_msgs/GuestScienceState, 24e5a1ba8527257cc710720a32de6e51>>>>
06-07 04:54:17.685 I/Registrar( 3130): Response<Success, Registered [/guest_science_manager] as publisher of [/gs/data], [http://10.42.0.34:41968/, http://10.42.0.34:32997/, http://10.42.0.34:41947/]>
06-07 04:54:17.773 I/DefaultPublisher( 3130): Publisher registered: Publisher<PublisherDefinition<PublisherIdentifier<NodeIdentifier</guest_science_manager, http://hlp:43249/>, TopicIdentifier</gs/data>>, Topic<TopicIdentifier</gs/data>, TopicDescription<ff_msgs/GuestScienceData, edd2c791ea93ffa7cb0ec80c5bb00972>>>>
06-07 04:54:18.041 I/Registrar( 3130): Registering subscriber: Subscriber<Topic<TopicIdentifier</mgt/executive/command>, TopicDescription<ff_msgs/CommandStamped, ac01350894b1be9e3a7b4f390a14812d>>>
06-07 04:54:18.188 I/Registrar( 3130): Response<Success, Registered [/guest_science_manager] as publisher of [/gs/gs_manager/state], [http://10.42.0.34:32997/]>
06-07 04:54:18.229 I/DefaultPublisher( 3130): Publisher registered: Publisher<PublisherDefinition<PublisherIdentifier<NodeIdentifier</guest_science_manager, http://hlp:43249/>, TopicIdentifier</gs/gs_manager/state>>, Topic<TopicIdentifier</gs/gs_manager/state>, TopicDescription<ff_msgs/GuestScienceState, 24e5a1ba8527257cc710720a32de6e51>>>>
06-07 04:54:18.438 W/ActivityManager( 1917): Slow operation: 101ms so far, now at startProcess: returned from zygote!
06-07 04:54:18.438 W/ActivityManager( 1917): Slow operation: 105ms so far, now at startProcess: done updating battery stats
06-07 04:54:18.441 W/ActivityManager( 1917): Slow operation: 108ms so far, now at startProcess: building log message
06-07 04:54:18.441 I/ActivityManager( 1917): Start proc 3204:jp.jaxa.iss.kibo.rpc.defaultapk/u0a64 for broadcast jp.jaxa.iss.kibo.rpc.defaultapk/gov.nasa.arc.astrobee.android.gs.InfoInqueryBroadcastReceiver
06-07 04:54:18.441 W/ActivityManager( 1917): Slow operation: 108ms so far, now at startProcess: starting to update pids map
06-07 04:54:18.441 W/ActivityManager( 1917): Slow operation: 108ms so far, now at startProcess: done updating pids map
06-07 04:54:18.441 W/ActivityManager( 1917): Slow operation: 110ms so far, now at startProcess: done starting proc!
06-07 04:54:18.459 I/art     ( 3204): Not late-enabling -Xcheck:jni (already on)
06-07 04:54:18.460 W/art     ( 3204): Unexpected CPU variant for X86 using defaults: x86_64
06-07 04:54:18.546 I/Registrar( 3130): Response<Success, Subscribed to [/mgt/executive/command], [http://10.42.0.34:41336/]>
06-07 04:54:18.629 I/DefaultSubscriber( 3130): Subscriber registered: Subscriber<Topic<TopicIdentifier</mgt/executive/command>, TopicDescription<ff_msgs/CommandStamped, ac01350894b1be9e3a7b4f390a14812d>>>
06-07 04:54:18.784 W/art     ( 3130): Suspending all threads took: 5.456ms
06-07 04:54:18.967 I/art     ( 3130): Background partial concurrent mark sweep GC freed 21567(1738KB) AllocSpace objects, 32(640KB) LOS objects, 36% free, 7MB/11MB, paused 16.640ms total 527.895ms
06-07 04:54:19.640 I/ActivityManager( 1917): Killing 2778:com.android.printspooler/u0a51 (adj 906): empty #17
06-07 04:54:19.796 D/ActivityManager( 1917): cleanUpApplicationRecord -- 2778
06-07 04:54:23.750 W/art     ( 3204): Suspending all threads took: 11.902ms
06-07 04:54:24.772 D/ManagerTimeoutTimer( 3130): Still waiting for the apk to start or stop. 4997.0 milliseconds left.
06-07 04:54:24.981 D/OpenCV/StaticHelper( 3204): Trying to get library list
06-07 04:54:25.038 E/OpenCV/StaticHelper( 3204): OpenCV error: Cannot load info library for OpenCV
06-07 04:54:25.038 D/OpenCV/StaticHelper( 3204): Library list: ""
06-07 04:54:25.038 D/OpenCV/StaticHelper( 3204): First attempt to load libs
06-07 04:54:25.039 D/OpenCV/StaticHelper( 3204): Trying to init OpenCV libs
06-07 04:54:25.039 D/OpenCV/StaticHelper( 3204): Trying to load library opencv_java3
06-07 04:54:25.354 D/OpenCV/StaticHelper( 3204): Library opencv_java3 loaded
06-07 04:54:25.355 D/OpenCV/StaticHelper( 3204): First attempt to load libs is OK
06-07 04:54:25.363 I/OpenCV/StaticHelper( 3204): 
06-07 04:54:25.363 I/OpenCV/StaticHelper( 3204): General configuration for OpenCV 3.4.4 =====================================
06-07 04:54:25.363 I/OpenCV/StaticHelper( 3204):   Version control:               3.4.4
06-07 04:54:25.363 I/OpenCV/StaticHelper( 3204): 
06-07 04:54:25.363 I/OpenCV/StaticHelper( 3204):   Extra modules:
06-07 04:54:25.363 I/OpenCV/StaticHelper( 3204):     Location (extra):            /build/3_4-contrib_pack-contrib-android/opencv_contrib/modules
06-07 04:54:25.363 I/OpenCV/StaticHelper( 3204):     Version control (extra):     3.4.4
06-07 04:54:25.363 I/OpenCV/StaticHelper( 3204): 
06-07 04:54:25.363 I/OpenCV/StaticHelper( 3204):   Platform:
06-07 04:54:25.363 I/OpenCV/StaticHelper( 3204):     Timestamp:                   2018-11-17T00:27:32Z
06-07 04:54:25.364 I/OpenCV/StaticHelper( 3204):     Host:                        Linux 4.15.0-38-generic x86_64
06-07 04:54:25.377 I/OpenCV/StaticHelper( 3204):     Target:                      Linux 1 x86_64
06-07 04:54:25.377 I/OpenCV/StaticHelper( 3204):     CMake:                       2.8.12.2
06-07 04:54:25.377 I/OpenCV/StaticHelper( 3204):     CMake generator:             Ninja
06-07 04:54:25.377 I/OpenCV/StaticHelper( 3204):     CMake build tool:            /usr/bin/ninja
06-07 04:54:25.377 I/OpenCV/StaticHelper( 3204):     Configuration:               Release
06-07 04:54:25.377 I/OpenCV/StaticHelper( 3204): 
06-07 04:54:25.377 I/OpenCV/StaticHelper( 3204):   CPU/HW features:
06-07 04:54:25.377 I/OpenCV/StaticHelper( 3204):     Baseline:                    SSE SSE2 SSE3
06-07 04:54:25.377 I/OpenCV/StaticHelper( 3204):       requested:                 SSE3
06-07 04:54:25.377 I/OpenCV/StaticHelper( 3204):     Dispatched code generation:  SSE4_1 SSE4_2 FP16 AVX AVX2
06-07 04:54:25.377 I/OpenCV/StaticHelper( 3204):       requested:                 SSE4_1 SSE4_2 AVX FP16 AVX2 AVX512_SKX
06-07 04:54:25.377 I/OpenCV/StaticHelper( 3204):       SSE4_1 (4 files):          + SSSE3 SSE4_1
06-07 04:54:25.377 I/OpenCV/StaticHelper( 3204):       SSE4_2 (1 files):          + SSSE3 SSE4_1 POPCNT SSE4_2
06-07 04:54:25.378 I/OpenCV/StaticHelper( 3204):       FP16 (0 files):            + SSSE3 SSE4_1 POPCNT SSE4_2 FP16 AVX
06-07 04:54:25.378 I/OpenCV/StaticHelper( 3204):       AVX (5 files):             + SSSE3 SSE4_1 POPCNT SSE4_2 AVX
06-07 04:54:25.378 I/OpenCV/StaticHelper( 3204):       AVX2 (10 files):           + SSSE3 SSE4_1 POPCNT SSE4_2 FP16 FMA3 AVX AVX2
06-07 04:54:25.378 I/OpenCV/StaticHelper( 3204): 
06-07 04:54:25.378 I/OpenCV/StaticHelper( 3204):   C/C++:
06-07 04:54:25.378 I/OpenCV/StaticHelper( 3204):     Built as dynamic libs?:      NO
06-07 04:54:25.378 I/OpenCV/StaticHelper( 3204):     C++ Compiler:                /usr/bin/ccache /opt/android/android-ndk-r10e/toolchains/x86_64-4.9/prebuilt/linux-x86_64/bin/x86_64-linux-android-g++ (ver 4.9)
06-07 04:54:25.378 I/OpenCV/StaticHelper( 3204):     C++ flags (Release):         -fexceptions -frtti --sysroot=/opt/android/android-ndk-r10e/platforms/android-21/arch-x86_64 -funwind-tables -funswitch-loops -finline-limit=300 -fsigned-char -no-canonical-prefixes -fdata-sections -ffunction-sections -Wa,--noexecstack  -DANDROID -D__ANDROID_API__=21   -fsigned-char -W -Wall -Werror=return-type -Werror=non-virtual-dtor -Werror=address -Werror=sequence-point -Wformat -Werror=format-security -Wmissing-declarations -Wundef -Winit-self -Wpointer-arith -Wshadow -Wsign-promo -Wuninitialized -Winit-self -Wno-narrowing -Wno-delete-non-virtual-dtor -Wno-comment -Wno-missing-field-initializers -fdiagnostics-show-option -Wno-long-long -fomit-frame-pointer  -msse -msse2 -msse3 -fvisibility=hidden -fvisibility-inlines-hidden -fomit-frame-pointer -fstrict-aliasing -O3 -DNDEBUG  -DNDEBUG
06-07 04:54:25.378 I/OpenCV/StaticHelper( 3204):     C++ flags (Debug):           -fexceptions -frtti --sysroot=/opt/android/android-ndk-r10e/platforms/android-21/arch-x86_64 -funwind-tables -funswitch-loops -finline-limit=300 -fsigned-char -no-canonical-prefixes -fdata-sections -ffunction-sections -Wa,--noexecstack  -DANDROID -D__ANDROID_API__=21   -fsigned-char -W -Wall -Werror=return-type -Werror=non-virtual-dtor -Werror=address -Werror=sequence-point -Wformat -Werror=format-security -Wmissing-declarations -Wundef -Winit-self -Wpointer-arith -Wshadow -Wsign-promo -Wuninitialized -Winit-self -Wno-narrowing -Wno-delete-non-virtual-dtor -Wno-comment -Wno-missing-field-initializers -fdiagnostics-show-option -Wno-long-long -fomit-frame-pointer  -msse -msse2 -msse3 -fvisibility=hidden -fvisibility-inlines-hidden -fno-omit-frame-pointer -fno-strict-aliasing -O0 -g -DDEBUG -D_DEBUG  -DDEBUG -D_DEBUG
06-07 04:54:25.378 I/OpenCV/StaticHelper( 3204):     C Compiler:                  /usr/bin/ccache /opt/android/android-ndk-r10e/toolchains/x86_64-4.9/prebuilt/linux-x86_64/bin/x86_64-linux-android-gcc
06-07 04:54:25.378 I/OpenCV/StaticHelper( 3204):     C flags (Release):           -fexceptions --sysroot=/opt/android/android-ndk-r10e/platforms/android-21/arch-x86_64 -funwind-tables -funswitch-loops -finline-limit=300 -fsigned-char -no-canonical-prefixes -fdata-sections -ffunction-sections -Wa,--noexecstack  -DANDROID -D__ANDROID_API__=21   -fsigned-char -W -Wall -Werror=return-type -Werror=non-virtual-dtor -Werror=address -Werror=sequence-point -Wformat -Werror=format-security -Wmissing-declarations -Wmissing-prototypes -Wstrict-prototypes -Wundef -Winit-self -Wpointer-arith -Wshadow -Wuninitialized -Winit-self -Wno-narrowing -Wno-comment -Wno-missing-field-initializers -fdiagnostics-show-option -Wno-long-long -fomit-frame-pointer  -msse -msse2 -msse3 -fvisibility=hidden -fomit-frame-pointer -fstrict-aliasing -O3 -DNDEBUG  -DNDEBUG
06-07 04:54:25.378 I/OpenCV/StaticHelper( 3204):     C flags (Debug):             -fexceptions --sysroot=/opt/android/android-ndk-r10e/platforms/android-21/arch-x86_64 -funwind-tables -funswitch-loops -finline-limit=300 -fsigned-char -no-canonical-prefixes -fdata-sections -ffunction-sections -Wa,--noexecstack  -DANDROID -D__ANDROID_API__=21   -fsigned-char -W -Wall -Werror=return-type -Werror=non-virtual-dtor -Werror=address -Werror=sequence-point -Wformat -Werror=format-security -Wmissing-declarations -Wmissing-prototypes -Wstrict-prototypes -Wundef -Winit-self -Wpointer-arith -Wshadow -Wuninitialized -Winit-self -Wno-narrowing -Wno-comment -Wno-missing-field-initializers -fdiagnostics-show-option -Wno-long-long -fomit-frame-pointer  -msse -msse2 -msse3 -fvisibility=hidden -fno-omit-frame-pointer -fno-strict-aliasing -O0 -g -DDEBUG -D_DEBUG  -DDEBUG -D_DEBUG
06-07 04:54:25.378 I/OpenCV/StaticHelper( 3204):     Linker flags (Release):      -Wl,--exclude-libs,libippicv.a -Wl,--exclude-libs,libippiw.a  -Wl,--no-undefined -Wl,--gc-sections -Wl,-z,noexecstack -Wl,-z,relro -Wl,-z,now    
06-07 04:54:25.378 I/OpenCV/StaticHelper( 3204):     Linker flags (Debug):        -Wl,--exclude-libs,libippicv.a -Wl,--exclude-libs,libippiw.a  -Wl,--no-undefined -Wl,--gc-sections -Wl,-z,noexecstack -Wl,-z,relro -Wl,-z,now    
06-07 04:54:25.378 I/OpenCV/StaticHelper( 3204):     ccache:                      YES
06-07 04:54:25.378 I/OpenCV/StaticHelper( 3204):     Precompiled headers:         NO
