06-09 01:27:47.529 W/art     ( 2386): Unexpected CPU variant for X86 using defaults: x86_64
06-09 01:27:47.580 D/ConnectivityService( 1805): Got NetworkFactory Messenger for TelephonyNetworkFactory[0]
06-09 01:27:47.614 I/Telecom ( 1805): WiredHeadsetManager: ACTION_HEADSET_PLUG event, plugged in: false, : WHC.oADA@AAE
06-09 01:27:48.173 I/ActivityManager( 1805): user 0 is still locked. Cannot load recents
06-09 01:27:48.631 D/CarrierConfigLoader( 2291): CarrierConfigLoader has started
06-09 01:27:48.695 E/BluetoothAdapter( 2291): Bluetooth binder is null
06-09 01:27:49.935 I/Telephony( 2291): TtyManager: updateUiTtyMode -1 -> 0
06-09 01:27:49.978 E/ActivityThread( 2291): Failed to find provider info for com.android.contacts
06-09 01:27:49.978 W/CallerInfoCache( 2291): cursor is null
06-09 01:27:51.585 W/art     ( 1805): Suspending all threads took: 185.562ms
06-09 01:27:51.654 W/art     ( 2291): Long monitor contention with owner main (2291) at void com.android.internal.telephony.RIL.acquireWakeLock(com.android.internal.telephony.RILRequest, int)(RIL.java:2478) waiters=0 in void com.android.internal.telephony.RIL.decrementWakeLock(com.android.internal.telephony.RILRequest) for 541ms
06-09 01:27:51.871 I/GnssLocationProvider( 1805): WakeLock released by handleMessage(13, 0, null)
06-09 01:27:51.873 E/GnssLocationProvider( 1805): no AGPS interface in set_agps_server
06-09 01:27:51.896 D/AlarmManagerService( 1805): Kernel timezone updated to 0 minutes west of GMT
06-09 01:27:52.014 D/AlarmManagerService( 1805): Setting time of day to sec=1591666072
06-09 01:27:52.684 W/AlarmManagerService( 1805): Unable to set rtc to 1591666072: No such device
06-09 01:27:52.848 I/art     ( 1805): Background partial concurrent mark sweep GC freed 49920(3MB) AllocSpace objects, 20(5MB) LOS objects, 27% free, 10MB/14MB, paused 188.881ms total 15.043s
06-09 01:27:52.849 I/art     ( 1805): WaitForGcToComplete blocked for 13.466s for cause Explicit
06-09 01:27:52.849 I/art     ( 1805): Starting a blocking GC Explicit
06-09 01:27:53.612 I/art     ( 1805): Explicit concurrent mark sweep GC freed 2384(163KB) AllocSpace objects, 6(860KB) LOS objects, 30% free, 9MB/13MB, paused 2.463ms total 751.938ms
06-09 01:27:54.869 W/art     ( 1805): Long monitor contention with owner AsyncTask #3 (2331) at boolean android.os.MessageQueue.enqueueMessage(android.os.Message, long)(MessageQueue.java:541) waiters=0 in android.os.Message android.os.MessageQueue.next() for 3.308s
06-09 01:27:54.879 W/art     ( 1805): Long monitor contention with owner AsyncTask #3 (2331) at boolean android.os.MessageQueue.enqueueMessage(android.os.Message, long)(MessageQueue.java:541) waiters=1 in void android.os.MessageQueue.removeMessages(android.os.Handler, java.lang.Runnable, java.lang.Object) for 3.120s
06-09 01:27:54.913 W/art     ( 1805): Long monitor contention with owner AsyncTask #3 (2331) at boolean android.os.MessageQueue.enqueueMessage(android.os.Message, long)(MessageQueue.java:541) waiters=3 in boolean android.os.MessageQueue.enqueueMessage(android.os.Message, long) for 2.338s
06-09 01:27:54.916 W/art     ( 1805): Long monitor contention with owner ActivityManager (1858) at void com.android.server.am.BroadcastQueue.processNextBroadcast(boolean)(BroadcastQueue.java:760) waiters=0 in java.lang.String com.android.server.am.ActivityManagerService.getTagForIntentSender(android.content.IIntentSender, java.lang.String) for 2.181s
06-09 01:27:54.917 W/art     ( 1805): Long monitor contention with owner ActivityManager (1858) at void com.android.server.am.BroadcastQueue.processNextBroadcast(boolean)(BroadcastQueue.java:760) waiters=1 in int com.android.server.am.ActivityManagerService.broadcastIntent(android.app.IApplicationThread, android.content.Intent, java.lang.String, android.content.IIntentReceiver, int, java.lang.String, android.os.Bundle, java.lang.String[], int, android.os.Bundle, boolean, boolean, int) for 2.162s
06-09 01:27:54.918 W/art     ( 1805): Long monitor contention with owner ActivityManager (1858) at void com.android.server.am.BroadcastQueue.processNextBroadcast(boolean)(BroadcastQueue.java:760) waiters=2 in void com.android.server.am.ActivityManagerService.notifyActivityDrawn(android.os.IBinder) for 1.301s
06-09 01:27:54.946 W/art     ( 1805): Long monitor contention with owner ActivityManager (1858) at void com.android.server.am.BroadcastQueue.processNextBroadcast(boolean)(BroadcastQueue.java:760) waiters=3 in android.content.pm.UserInfo com.android.server.am.UserController.getCurrentUser() for 996ms
06-09 01:27:55.070 I/ActivityManager( 1805): Displayed com.android.settings/.FallbackHome: +23s816ms
06-09 01:27:55.084 W/WindowManager( 1805): Window freeze timeout expired.
06-09 01:27:55.085 W/WindowManager( 1805): Force clearing orientation change: Window{53ec753 u0 KeyguardScrim}
06-09 01:27:55.116 W/art     ( 1805): Long monitor contention with owner AsyncTask #3 (2331) at boolean android.os.MessageQueue.enqueueMessage(android.os.Message, long)(MessageQueue.java:541) waiters=2 in void android.os.MessageQueue.removeMessages(android.os.Handler, java.lang.Runnable, java.lang.Object) for 2.579s
06-09 01:27:55.298 D/ConditionProviders.SCP( 1805): onReceive android.intent.action.TIME_SET
06-09 01:27:55.301 D/ConditionProviders.SCP( 1805): notifyCondition condition://android/schedule?days=6.7&start=23.30&end=10.0&exitAtAlarm=false STATE_FALSE reason=!meetsSchedule
06-09 01:27:55.328 D/ConditionProviders.SCP( 1805): notifyCondition condition://android/schedule?days=1.2.3.4.5&start=22.0&end=7.0&exitAtAlarm=false STATE_TRUE reason=meetsSchedule
06-09 01:27:55.344 W/art     ( 1805): Long monitor contention with owner BackgroundDexOptService_PostBootUpdate (2415) at void com.android.server.power.PowerManagerService.acquireWakeLockInternal(android.os.IBinder, int, java.lang.String, java.lang.String, android.os.WorkSource, java.lang.String, int, int)(PowerManagerService.java:862) waiters=0 in void com.android.server.power.PowerManagerService.handleSandman() for 444ms
06-09 01:27:55.396 W/WindowManager( 1805): Timeout waiting for drawn: undrawn=[Window{53ec753 u0 KeyguardScrim}]
06-09 01:27:55.399 I/Choreographer( 1805): Skipped 107 frames!  The application may be doing too much work on its main thread.
06-09 01:27:55.493 W/art     ( 1805): Long monitor contention with owner main (1805) at void com.android.server.AlarmManagerService$2.remove(android.app.PendingIntent, android.app.IAlarmListener)(AlarmManagerService.java:1325) waiters=0 in void com.android.server.AlarmManagerService$AlarmThread.run() for 150ms
06-09 01:27:55.495 W/art     ( 1805): Long monitor contention with owner main (1805) at void com.android.server.AlarmManagerService$2.remove(android.app.PendingIntent, android.app.IAlarmListener)(AlarmManagerService.java:1325) waiters=1 in void com.android.server.AlarmManagerService$UidObserver.onUidIdle(int) for 149ms
06-09 01:27:55.777 D/ConditionProviders.SCP( 1805): Scheduling evaluate for Tue Jun 09 07:00:00 UTC 2020 (1591686000000), in +5h32m4s702ms, now=Tue Jun 09 01:27:55 UTC 2020 (1591666075298)
06-09 01:27:56.017 W/System  ( 2037): ClassLoader referenced unknown path: 
06-09 01:27:56.020 W/System  ( 2037): ClassLoader referenced unknown path: /system/priv-app/Dialer/lib/x86_64
06-09 01:27:56.047 D/ApplicationLoaders( 2037): ignored Vulkan layer search path /system/priv-app/Dialer/lib/x86_64:/system/lib64:/vendor/lib64 for namespace 0x71b37a0820f0
06-09 01:27:56.647 W/art     ( 2386): Suspending all threads took: 2.172s
06-09 01:28:00.476 D/PhoneSwitcherNetworkRequstListener( 2291): got request NetworkRequest [ REQUEST id=1, [ Capabilities: INTERNET&NOT_RESTRICTED&TRUSTED&NOT_VPN] ] with score 0
06-09 01:28:00.573 D/TelephonyDebugService( 2291): TelephonyDebugService()
06-09 01:28:00.705 D/CarrierConfigLoader( 2291): mHandler: 12 phoneId: 0
06-09 01:28:00.789 W/ActivityManager( 1805): Timeout executing service: ServiceRecord{9f13534 u0 com.android.systemui/.keyguard.KeyguardService}
06-09 01:28:01.999 I/Process ( 1805): Sending signal. PID: 2037 SIG: 3
06-09 01:28:02.053 I/art     ( 2037): Thread[3,tid=2047,WaitingInMainSignalCatcherLoop,Thread*=0x71b375896400,peer=0x12c005e0,"Signal Catcher"]: reacting to signal 3
06-09 01:28:02.053 I/art     ( 2037): 
06-09 01:28:03.430 W/art     ( 1805): Long monitor contention with owner BackgroundDexOptService_PostBootUpdate (2415) at void com.android.server.power.PowerManagerService.acquireWakeLockInternal(android.os.IBinder, int, java.lang.String, java.lang.String, android.os.WorkSource, java.lang.String, int, int)(PowerManagerService.java:862) waiters=2 in void com.android.server.power.PowerManagerService.releaseWakeLockInternal(android.os.IBinder, int) for 8.313s
06-09 01:28:03.446 E/ActivityManager( 1805): ANR in com.android.systemui
06-09 01:28:03.446 E/ActivityManager( 1805): PID: 2037
06-09 01:28:03.446 E/ActivityManager( 1805): Reason: executing service com.android.systemui/.keyguard.KeyguardService
06-09 01:28:03.446 E/ActivityManager( 1805): Load: 0.0 / 0.0 / 0.0
06-09 01:28:03.446 E/ActivityManager( 1805): CPU usage from 24721ms to 0ms ago (2020-06-09 01:27:35.571 to 2020-06-09 01:28:00.954) with 99% awake:
06-09 01:28:03.446 E/ActivityManager( 1805):   80% 1321/surfaceflinger: 24% user + 56% kernel / faults: 29 minor
06-09 01:28:03.446 E/ActivityManager( 1805):   35% 1805/system_server: 8.1% user + 27% kernel / faults: 5934 minor 57 major
06-09 01:28:03.446 E/ActivityManager( 1805):   25% 1385/bootanimation: 8.4% user + 16% kernel
06-09 01:28:03.446 E/ActivityManager( 1805):   19% 2305/com.android.settings: 6.6% user + 12% kernel / faults: 12632 minor 19 major
06-09 01:28:03.446 E/ActivityManager( 1805):   8.9% 2037/com.android.systemui: 2.2% user + 6.6% kernel / faults: 2551 minor 15 major
06-09 01:28:03.446 E/ActivityManager( 1805):   7.3% 2291/com.android.phone: 1.6% user + 5.7% kernel / faults: 2947 minor 49 major
06-09 01:28:03.446 E/ActivityManager( 1805):   1.7% 8/rcu_preempt: 0% user + 1.7% kernel
06-09 01:28:03.446 E/ActivityManager( 1805):   1.4% 1323/adbd: 0% user + 1.4% kernel / faults: 690 minor
06-09 01:28:03.446 E/ActivityManager( 1805):   1.1% 2032/com.android.inputmethod.latin: 0% user + 1.1% kernel / faults: 676 minor 1 major
06-09 01:28:03.446 E/ActivityManager( 1805):   0.8% 1320/servicemanager: 0% user + 0.8% kernel
06-09 01:28:03.446 E/ActivityManager( 1805):   0.4% 1326/audioserver: 0.1% user + 0.2% kernel / faults: 12 minor
06-09 01:28:03.446 E/ActivityManager( 1805):   0.3% 1267/logd: 0% user + 0.3% kernel / faults: 13 minor
06-09 01:28:03.446 E/ActivityManager( 1805):   0.3% 1255/kworker/0:1H: 0% user + 0.3% kernel
06-09 01:28:03.446 E/ActivityManager( 1805):   0% 1339/rild: 0% user + 0% kernel / faults: 6 minor
06-09 01:28:03.446 E/ActivityManager( 1805):   0.2% 3/ksoftirqd/0: 0% user + 0.2% kernel
06-09 01:28:03.446 E/ActivityManager( 1805):   0.2% 1324/zygote64: 0% user + 0.2% kernel / faults: 149 minor
06-09 01:28:03.446 E/ActivityManager( 1805):   0.2% 1352/logcat: 0% user + 0.1% kernel / faults: 2 minor
06-09 01:28:03.446 E/ActivityManager( 1805):   0% 1//init: 0% user + 0% kernel / faults: 1 minor
06-09 01:28:03.446 E/ActivityManager( 1805):   0.2% 1265/jbd2/vdc-8: 0% user + 0.2% kernel
06-09 01:28:03.446 E/ActivityManager( 1805):   0% 12/ksoftirqd/1: 0% user + 0% kernel
06-09 01:28:03.446 E/ActivityManager( 1805):   0% 17/kworker/u4:1: 0% user + 0% kernel
06-09 01:28:03.446 E/ActivityManager( 1805):   0% 809/kworker/0:2: 0% user + 0% kernel
06-09 01:28:03.446 E/ActivityManager( 1805):   0% 1319/lmkd: 0% user + 0% kernel
06-09 01:28:03.446 E/ActivityManager( 1805):   0% 1331/keystore: 0% user + 0% kernel
06-09 01:28:03.446 E/ActivityManager( 1805):   0% 13/kworker/1:0: 0% user + 0% kernel
06-09 01:28:03.446 E/ActivityManager( 1805):   0% 1338/netd: 0% user + 0% kernel / faults: 3 minor
06-09 01:28:03.446 E/ActivityManager( 1805):  +0% 2386/com.android.cellbroadcastreceiver: 0% user + 0% kernel
06-09 01:28:03.446 E/ActivityManager( 1805): 100% TOTAL: 31% user + 67% kernel + 1.1% softirq
06-09 01:28:03.446 E/ActivityManager( 1805): CPU usage from 255292ms to 255292ms ago (1970-01-01 00:00:00.000 to 1970-01-01 00:00:00.000) with 0% awake:
06-09 01:28:03.446 E/ActivityManager( 1805): 0% TOTAL: 0% user + 0% kernel
06-09 01:28:03.685 I/ActivityManager( 1805): Killing 2037:com.android.systemui/u0a21 (adj -800): bg anr
06-09 01:28:04.194 I/WindowManager( 1805): WIN DEATH: Window{438a0b8 u0 DockedStackDivider}
06-09 01:28:04.549 W/AudioService( 1805): Current remote volume controller died, unregistering
06-09 01:28:04.685 W/VolumeController( 1805): Error calling dismiss
06-09 01:28:04.685 W/VolumeController( 1805): android.os.DeadObjectException
06-09 01:28:04.685 W/VolumeController( 1805): 	at android.os.BinderProxy.transactNative(Native Method)
06-09 01:28:04.685 W/VolumeController( 1805): 	at android.os.BinderProxy.transact(Binder.java:615)
06-09 01:28:04.685 W/VolumeController( 1805): 	at android.media.IVolumeController$Stub$Proxy.dismiss(IVolumeController.java:162)
06-09 01:28:04.685 W/VolumeController( 1805): 	at com.android.server.audio.AudioService$VolumeController.postDismiss(AudioService.java:6138)
06-09 01:28:04.685 W/VolumeController( 1805): 	at com.android.server.audio.AudioService.setVolumeController(AudioService.java:5986)
06-09 01:28:04.685 W/VolumeController( 1805): 	at com.android.server.audio.AudioService$4.binderDied(AudioService.java:5995)
06-09 01:28:04.685 W/VolumeController( 1805): 	at android.os.BinderProxy.sendDeathNotice(Binder.java:688)
06-09 01:28:04.696 I/ActivityManager( 1805): Process com.android.systemui (pid 2037) has died
06-09 01:28:04.697 D/ActivityManager( 1805): cleanUpApplicationRecord -- 2037
06-09 01:28:04.712 W/ActivityManager( 1805): Scheduling restart of crashed service com.android.systemui/.keyguard.KeyguardService in 0ms
06-09 01:28:04.713 W/ActivityManager( 1805): Scheduling restart of crashed service com.android.systemui/.ImageWallpaper in 0ms
06-09 01:28:04.713 W/ActivityManager( 1805): Scheduling restart of crashed service com.android.systemui/.SystemUIService in 0ms
06-09 01:28:04.736 W/ActivityManager( 1805): Re-adding persistent process ProcessRecord{e12b2c5 2037:com.android.systemui/u0a21}
06-09 01:28:04.983 W/ActivityManager( 1805): Slow operation: 246ms so far, now at startProcess: returned from zygote!
06-09 01:28:04.984 W/ActivityManager( 1805): Slow operation: 247ms so far, now at startProcess: done updating battery stats
06-09 01:28:04.985 W/ActivityManager( 1805): Slow operation: 248ms so far, now at startProcess: building log message
06-09 01:28:04.985 I/ActivityManager( 1805): Start proc 2446:com.android.systemui/u0a21 for restart com.android.systemui
06-09 01:28:04.985 W/ActivityManager( 1805): Slow operation: 248ms so far, now at startProcess: starting to update pids map
06-09 01:28:04.985 W/ActivityManager( 1805): Slow operation: 249ms so far, now at startProcess: done updating pids map
06-09 01:28:04.989 W/art     ( 1805): Long monitor contention with owner Binder:1805_D (2444) at void com.android.server.am.ActivityManagerService$AppDeathRecipient.binderDied()(ActivityManagerService.java:1475) waiters=0 in android.content.Intent com.android.server.am.ActivityManagerService.registerReceiver(android.app.IApplicationThread, java.lang.String, android.content.IIntentReceiver, android.content.IntentFilter, java.lang.String, int) for 280ms
06-09 01:28:04.990 W/art     ( 1805): Long monitor contention with owner Binder:1805_D (2444) at void com.android.server.am.ActivityManagerService$AppDeathRecipient.binderDied()(ActivityManagerService.java:1475) waiters=1 in void com.android.server.am.ActiveServices$ServiceRestarter.run() for 278ms
06-09 01:28:04.994 W/art     ( 1805): Long monitor contention with owner Binder:1805_D (2444) at void com.android.server.am.ActivityManagerService$AppDeathRecipient.binderDied()(ActivityManagerService.java:1475) waiters=2 in void com.android.server.am.ActivityManagerService.dispatchUidsChanged() for 258ms
06-09 01:28:05.063 W/BroadcastQueue( 1805): Failure sending broadcast Intent { act=android.intent.action.TIME_TICK flg=0x50000014 (has extras) }
06-09 01:28:05.063 W/BroadcastQueue( 1805): android.os.RemoteException: app.thread must not be null
06-09 01:28:05.063 W/BroadcastQueue( 1805): 	at com.android.server.am.BroadcastQueue.performReceiveLocked(BroadcastQueue.java:492)
06-09 01:28:05.063 W/BroadcastQueue( 1805): 	at com.android.server.am.BroadcastQueue.deliverToRegisteredReceiverLocked(BroadcastQueue.java:666)
06-09 01:28:05.063 W/BroadcastQueue( 1805): 	at com.android.server.am.BroadcastQueue.processNextBroadcast(BroadcastQueue.java:951)
06-09 01:28:05.063 W/BroadcastQueue( 1805): 	at com.android.server.am.BroadcastQueue$BroadcastHandler.handleMessage(BroadcastQueue.java:172)
06-09 01:28:05.063 W/BroadcastQueue( 1805): 	at android.os.Handler.dispatchMessage(Handler.java:102)
06-09 01:28:05.063 W/BroadcastQueue( 1805): 	at android.os.Looper.loop(Looper.java:154)
06-09 01:28:05.063 W/BroadcastQueue( 1805): 	at android.os.HandlerThread.run(HandlerThread.java:61)
06-09 01:28:05.063 W/BroadcastQueue( 1805): 	at com.android.server.ServiceThread.run(ServiceThread.java:46)
06-09 01:28:05.192 W/art     ( 1805): Long monitor contention with owner BackgroundDexOptService_PostBootUpdate (2415) at void com.android.server.power.PowerManagerService.releaseWakeLockInternal(android.os.IBinder, int)(PowerManagerService.java:937) waiters=0 in void com.android.server.power.PowerManagerService.releaseWakeLockInternal(android.os.IBinder, int) for 1.761s
06-09 01:28:05.206 I/GnssLocationProvider( 1805): WakeLock released by handleMessage(2, 1, null)
06-09 01:28:05.270 W/art     ( 1805): Long monitor contention with owner ConditionProviders.ECP (2007) at void java.lang.Object.wait!(long, int)(Object.java:-2) waiters=0 in void com.android.server.content.ContentService.registerContentObserver(android.net.Uri, boolean, android.database.IContentObserver, int) for 5.765s
06-09 01:28:05.274 W/art     ( 1805): Long monitor contention with owner ConditionProviders.ECP (2007) at void java.lang.Object.wait!(long, int)(Object.java:-2) waiters=1 in void com.android.server.content.ContentService$ObserverNode$ObserverEntry.binderDied() for 1.082s
06-09 01:28:05.276 W/art     ( 1805): Long monitor contention with owner ConditionProviders.ECP (2007) at void java.lang.Object.wait!(long, int)(Object.java:-2) waiters=2 in void com.android.server.content.ContentService$ObserverNode$ObserverEntry.binderDied() for 1.083s
06-09 01:28:05.277 W/art     ( 1805): Long monitor contention with owner ConditionProviders.ECP (2007) at void java.lang.Object.wait!(long, int)(Object.java:-2) waiters=3 in void com.android.server.content.ContentService$ObserverNode$ObserverEntry.binderDied() for 1.081s
06-09 01:28:05.278 W/art     ( 1805): Long monitor contention with owner ConditionProviders.ECP (2007) at void java.lang.Object.wait!(long, int)(Object.java:-2) waiters=4 in void com.android.server.content.ContentService$ObserverNode$ObserverEntry.binderDied() for 1.077s
06-09 01:28:05.278 W/art     ( 1805): Long monitor contention with owner ConditionProviders.ECP (2007) at void java.lang.Object.wait!(long, int)(Object.java:-2) waiters=5 in void com.android.server.content.ContentService$ObserverNode$ObserverEntry.binderDied() for 957ms
06-09 01:28:05.279 W/art     ( 1805): Long monitor contention with owner ConditionProviders.ECP (2007) at void java.lang.Object.wait!(long, int)(Object.java:-2) waiters=6 in void com.android.server.content.ContentService$ObserverNode$ObserverEntry.binderDied() for 816ms
06-09 01:28:05.280 W/art     ( 1805): Long monitor contention with owner ConditionProviders.ECP (2007) at void java.lang.Object.wait!(long, int)(Object.java:-2) waiters=7 in void com.android.server.content.ContentService$ObserverNode$ObserverEntry.binderDied() for 804ms
06-09 01:28:05.282 W/art     ( 1805): Long monitor contention with owner ConditionProviders.ECP (2007) at void java.lang.Object.wait!(long, int)(Object.java:-2) waiters=8 in void com.android.server.content.ContentService$ObserverNode$ObserverEntry.binderDied() for 676ms
06-09 01:28:05.283 W/art     ( 1805): Long monitor contention with owner ConditionProviders.ECP (2007) at void java.lang.Object.wait!(long, int)(Object.java:-2) waiters=9 in void com.android.server.content.ContentService$ObserverNode$ObserverEntry.binderDied() for 613ms
06-09 01:28:05.284 W/art     ( 1805): Long monitor contention with owner ConditionProviders.ECP (2007) at void java.lang.Object.wait!(long, int)(Object.java:-2) waiters=10 in void com.android.server.content.ContentService$ObserverNode$ObserverEntry.binderDied() for 600ms
06-09 01:28:05.285 W/art     ( 1805): Long monitor contention with owner ConditionProviders.ECP (2007) at void java.lang.Object.wait!(long, int)(Object.java:-2) waiters=11 in void com.android.server.content.ContentService$ObserverNode$ObserverEntry.binderDied() for 599ms
06-09 01:28:05.304 I/Choreographer( 2305): Skipped 36 frames!  The application may be doing too much work on its main thread.
06-09 01:28:05.423 W/WallpaperManagerService( 1805): Wallpaper service gone: ComponentInfo{com.android.systemui/com.android.systemui.ImageWallpaper}
06-09 01:28:05.948 W/art     ( 2446): Unexpected CPU variant for X86 using defaults: x86_64
06-09 01:28:08.092 W/System  ( 2446): ClassLoader referenced unknown path: /system/priv-app/SystemUI/lib/x86_64
06-09 01:28:08.967 V/SystemUIService( 2446): Starting SystemUI services for user 0.
06-09 01:28:09.678 V/MediaRouter( 2446): Adding route: RouteInfo{ name=Phone, description=null, status=null, category=RouteCategory{ name=null types=ROUTE_TYPE_LIVE_AUDIO ROUTE_TYPE_LIVE_VIDEO  groupable=false }, supportedTypes=ROUTE_TYPE_LIVE_AUDIO ROUTE_TYPE_LIVE_VIDEO , presentationDisplay=null }
06-09 01:28:09.880 V/MediaRouter( 2446): Updating audio routes: AudioRoutesInfo{ type=SPEAKER }
06-09 01:28:10.048 V/MediaRouter( 2446): Selecting route: RouteInfo{ name=Phone, description=null, status=null, category=RouteCategory{ name=null types=ROUTE_TYPE_LIVE_AUDIO ROUTE_TYPE_LIVE_VIDEO  groupable=false }, supportedTypes=ROUTE_TYPE_LIVE_AUDIO ROUTE_TYPE_LIVE_VIDEO , presentationDisplay=null }
06-09 01:28:10.233 W/art     ( 1805): Long monitor contention with owner BackgroundDexOptService_PostBootUpdate (2415) at boolean android.os.MessageQueue.enqueueMessage(android.os.Message, long)(MessageQueue.java:541) waiters=0 in android.os.Message android.os.MessageQueue.next() for 113ms
06-09 01:28:10.432 W/WallpaperManagerService( 1805): Wallpaper reconnect timed out, reverting to built-in wallpaper!
06-09 01:28:10.744 D/TrustManagerService( 1805): Removing dead TrustListener.
06-09 01:28:10.762 W/WindowManager( 1805): ***** BOOT TIMEOUT: forcing display enabled
06-09 01:28:10.767 I/SurfaceFlinger( 1321): Boot is finished (239812 ms)
06-09 01:28:11.007 I/SystemServiceManager( 1805): Starting phase 1000
06-09 01:28:11.425 W/ActivityManager( 1805): Slow operation: 256ms so far, now at startProcess: returned from zygote!
06-09 01:28:11.426 W/ActivityManager( 1805): Slow operation: 257ms so far, now at startProcess: done updating battery stats
06-09 01:28:11.426 W/ActivityManager( 1805): Slow operation: 257ms so far, now at startProcess: building log message
06-09 01:28:11.426 I/ActivityManager( 1805): Start proc 2471:android.ext.services/u0a12 for on-hold
06-09 01:28:11.426 W/ActivityManager( 1805): Slow operation: 258ms so far, now at startProcess: starting to update pids map
06-09 01:28:11.427 W/ActivityManager( 1805): Slow operation: 258ms so far, now at startProcess: done updating pids map
06-09 01:28:11.459 W/art     ( 2471): Unexpected CPU variant for X86 using defaults: x86_64
06-09 01:28:11.519 D/ActivityManager( 1805): Finishing user boot 0
06-09 01:28:11.529 D/CryptdConnector( 1805): SND -> {3 cryptfs prepare_user_storage ! 0 0 2}
06-09 01:28:11.629 D/vold    ( 1270): e4crypt_prepare_user_storage for volume null, user 0, serial 0, flags 2
06-09 01:28:11.631 D/vold    ( 1270): Preparing: /data/system_ce/0
06-09 01:28:11.663 D/vold    ( 1270): Preparing: /data/misc_ce/0
06-09 01:28:11.663 D/vold    ( 1270): Preparing: /data/media/0
06-09 01:28:11.663 D/vold    ( 1270): Preparing: /data/data
06-09 01:28:11.665 D/CryptdConnector( 1805): RCV <- {200 3 Command succeeded}
06-09 01:28:11.671 V/UserManagerService( 1805): Found /data/user/0 with serial number 0
06-09 01:28:11.727 V/UserManagerService( 1805): Found /data/system_ce/0 with serial number 0
06-09 01:28:11.729 V/PackageManager( 1805): reconcileAppsData for null u0 0x2
06-09 01:28:12.119 I/LatinIME:LogUtils( 2032): Dictionary info: dictionary = main:en ; version = 54 ; date = 1414726273
06-09 01:28:13.381 W/System  ( 2386): ClassLoader referenced unknown path: /system/priv-app/CellBroadcastReceiver/lib/x86_64
06-09 01:28:14.170 I/art     ( 2032): Wrote stack traces to '/data/anr/traces.txt'
06-09 01:28:16.506 V/PackageManager( 1805): reconcileAppsData finished 81 packages
06-09 01:28:16.509 W/art     ( 1805): Long monitor contention with owner android.display (1869) at void com.android.server.am.ActivityManagerService.finishBooting()(ActivityManagerService.java:6823) waiters=0 in android.content.pm.UserInfo com.android.server.am.UserController.getCurrentUser() for 5.249s
06-09 01:28:16.511 W/art     ( 1805): Long monitor contention with owner android.display (1869) at void com.android.server.am.ActivityManagerService.finishBooting()(ActivityManagerService.java:6823) waiters=1 in android.content.Intent com.android.server.am.ActivityManagerService.registerReceiver(android.app.IApplicationThread, java.lang.String, android.content.IIntentReceiver, android.content.IntentFilter, java.lang.String, int) for 5.234s
06-09 01:28:16.618 W/art     ( 1805): Long monitor contention with owner android.display (1869) at void com.android.server.am.ActivityManagerService.finishBooting()(ActivityManagerService.java:6823) waiters=3 in void com.android.server.am.ActivityManagerService.attachApplication(android.app.IApplicationThread) for 4.329s
06-09 01:28:16.642 W/art     ( 1805): Long monitor contention with owner android.display (1869) at void com.android.server.am.ActivityManagerService.finishBooting()(ActivityManagerService.java:6823) waiters=2 in void com.android.server.am.BroadcastQueue.processNextBroadcast(boolean) for 5.060s
06-09 01:28:16.772 W/art     ( 1805): Long monitor contention with owner android.display (1869) at void com.android.server.am.ActivityManagerService.finishBooting()(ActivityManagerService.java:6823) waiters=4 in android.content.Intent com.android.server.am.ActivityManagerService.registerReceiver(android.app.IApplicationThread, java.lang.String, android.content.IIntentReceiver, android.content.IntentFilter, java.lang.String, int) for 3.476s
06-09 01:28:16.774 W/art     ( 1805): Long monitor contention with owner android.display (1869) at void com.android.server.am.ActivityManagerService.finishBooting()(ActivityManagerService.java:6823) waiters=5 in void com.android.server.am.ActivityManagerService.publishContentProviders(android.app.IApplicationThread, java.util.List) for 1.874s
06-09 01:28:16.805 W/art     ( 1805): Long monitor contention with owner Binder:1805_2 (1827) at void com.android.server.am.ActivityManagerService.attachApplication(android.app.IApplicationThread)(ActivityManagerService.java:6669) waiters=3 in void com.android.server.am.BroadcastQueue.processNextBroadcast(boolean) for 162ms
06-09 01:28:16.874 W/System  ( 2471): ClassLoader referenced unknown path: /system/priv-app/ExtServices/lib/x86_64
06-09 01:28:16.904 D/MountService( 1805): onUnlockUser 0
06-09 01:28:16.905 D/VoldConnector( 1805): SND -> {8 volume user_started 0}
06-09 01:28:16.941 W/art     ( 1805): Long monitor contention with owner android.display (1869) at void com.android.server.am.ActivityManagerService.finishBooting()(ActivityManagerService.java:6823) waiters=6 in void com.android.server.am.ActivityManagerService$3.handleMessage(android.os.Message) for 1.968s
06-09 01:28:17.046 D/vold    ( 1270): Linking /storage/emulated/0 to /mnt/user/0/primary
06-09 01:28:17.048 D/VoldConnector( 1805): RCV <- {200 8 Command succeeded}
06-09 01:28:17.058 D/MountService( 1805): Volume public:253,48 broadcasting mounted to UserHandle{0}
06-09 01:28:17.178 D/MountService( 1805): Volume emulated broadcasting mounted to UserHandle{0}
06-09 01:28:17.797 V/BackupManagerService( 1805): No ancestral data
06-09 01:28:18.033 E/WVMExtractor( 2446): Failed to open libwvm.so: dlopen failed: library "libwvm.so" not found
06-09 01:28:18.283 V/BackupManagerService( 1805): Starting with transport android/com.android.internal.backup.LocalTransport
06-09 01:28:18.283 V/BackupManagerService( 1805): Found transports: 1
06-09 01:28:18.284 W/BackupManagerService( 1805): Proposed transport ComponentInfo{android/com.android.internal.backup.LocalTransportService} not whitelisted; ignoring
06-09 01:28:18.384 I/BackupManagerService( 1805): Backup enabled => false
06-09 01:28:19.195 W/art     ( 1805): Long monitor contention with owner ActivityManager (1858) at android.content.Intent com.android.server.am.ActivityManagerService.registerReceiver(android.app.IApplicationThread, java.lang.String, android.content.IIntentReceiver, android.content.IntentFilter, java.lang.String, int)(ActivityManagerService.java:17547) waiters=1 in android.content.Intent com.android.server.am.ActivityManagerService.registerReceiver(android.app.IApplicationThread, java.lang.String, android.content.IIntentReceiver, android.content.IntentFilter, java.lang.String, int) for 1.059s
06-09 01:28:19.256 I/MediaPlayerService( 1335): MediaPlayerService::getOMX
06-09 01:28:19.315 I/OMXClient( 2446): MuxOMX ctor
06-09 01:28:19.507 I/OMXMaster( 1332): makeComponentInstance(OMX.google.vorbis.decoder) in mediacodec process
06-09 01:28:19.579 W/art     ( 1805): Long monitor contention with owner ActivityManager (1858) at android.content.Intent com.android.server.am.ActivityManagerService.registerReceiver(android.app.IApplicationThread, java.lang.String, android.content.IIntentReceiver, android.content.IntentFilter, java.lang.String, int)(ActivityManagerService.java:17547) waiters=1 in void com.android.server.am.ActivityManagerService$3.handleMessage(android.os.Message) for 1.443s
06-09 01:28:19.783 W/ActivityManager( 1805): Slow operation: 56ms so far, now at startProcess: done creating new process record
06-09 01:28:19.783 W/ActivityManager( 1805): Slow operation: 56ms so far, now at startProcess: stepping in to startProcess
06-09 01:28:20.203 W/ActivityManager( 1805): Slow operation: 415ms so far, now at startProcess: returned from zygote!
06-09 01:28:20.203 W/ActivityManager( 1805): Slow operation: 420ms so far, now at startProcess: done updating battery stats
06-09 01:28:20.203 W/ActivityManager( 1805): Slow operation: 421ms so far, now at startProcess: building log message
06-09 01:28:20.204 I/ActivityManager( 1805): Start proc 2499:com.android.providers.calendar/u0a2 for content provider com.android.providers.calendar/.CalendarProvider2
06-09 01:28:20.204 W/ActivityManager( 1805): Slow operation: 421ms so far, now at startProcess: starting to update pids map
06-09 01:28:20.204 W/ActivityManager( 1805): Slow operation: 421ms so far, now at startProcess: done updating pids map
06-09 01:28:20.204 W/ActivityManager( 1805): Slow operation: 477ms so far, now at startProcess: done starting proc!
06-09 01:28:20.204 W/ActivityManager( 1805): Slow operation: 482ms so far, now at getContentProviderImpl: after start process
06-09 01:28:20.205 W/ActivityManager( 1805): Slow operation: 482ms so far, now at getContentProviderImpl: updating data structures
06-09 01:28:20.205 W/ActivityManager( 1805): Slow operation: 482ms so far, now at getContentProviderImpl: done!
06-09 01:28:20.214 W/art     ( 2499): Unexpected CPU variant for X86 using defaults: x86_64
06-09 01:28:20.435 W/art     ( 1805): Long monitor contention with owner ConditionProviders.ECP (2007) at android.app.IActivityManager$ContentProviderHolder com.android.server.am.ActivityManagerService.getContentProviderImpl(android.app.IApplicationThread, java.lang.String, android.os.IBinder, boolean, int)(ActivityManagerService.java:10666) waiters=1 in com.android.server.am.ProcessRecord com.android.server.am.ActivityManagerService.findAppProcess(android.os.IBinder, java.lang.String) for 670ms
06-09 01:28:20.436 W/art     ( 1805): Long monitor contention with owner ConditionProviders.ECP (2007) at android.app.IActivityManager$ContentProviderHolder com.android.server.am.ActivityManagerService.getContentProviderImpl(android.app.IApplicationThread, java.lang.String, android.os.IBinder, boolean, int)(ActivityManagerService.java:10666) waiters=2 in void com.android.server.am.ActivityManagerService.dispatchUidsChanged() for 646ms
06-09 01:28:20.437 W/art     ( 1805): Long monitor contention with owner ConditionProviders.ECP (2007) at android.app.IActivityManager$ContentProviderHolder com.android.server.am.ActivityManagerService.getContentProviderImpl(android.app.IApplicationThread, java.lang.String, android.os.IBinder, boolean, int)(ActivityManagerService.java:10666) waiters=3 in java.lang.String com.android.server.am.ActivityManagerService.checkContentProviderAccess(java.lang.String, int) for 527ms
06-09 01:28:20.445 W/art     ( 1805): Long monitor contention with owner ConditionProviders.ECP (2007) at android.app.IActivityManager$ContentProviderHolder com.android.server.am.ActivityManagerService.getContentProviderImpl(android.app.IApplicationThread, java.lang.String, android.os.IBinder, boolean, int)(ActivityManagerService.java:10666) waiters=4 in boolean com.android.server.am.ActivityManagerService.isUserRunning(int, int) for 479ms
06-09 01:28:20.449 W/VoiceInteractionManagerService( 1805): no available voice interaction services found for user 0
06-09 01:28:20.449 W/VoiceInteractionManagerService( 1805): no available voice recognition services found for user 0
06-09 01:28:20.571 W/System  ( 2499): ClassLoader referenced unknown path: /system/priv-app/CalendarProvider/lib/x86_64
06-09 01:28:20.795 I/ActivityManager( 1805): Loading recents for user 0 into memory.
06-09 01:28:20.832 D/ActivityManager( 1805): Sending BOOT_COMPLETE user #0
06-09 01:28:21.492 D/FallbackHome( 2305): User unlocked and real home found; let's go!
06-09 01:28:21.840 I/ActivityManager( 1805): START u0 {act=android.intent.action.MAIN cat=[android.intent.category.HOME] flg=0x10000100 cmp=com.android.launcher3/.Launcher} from uid 0 on display 0
06-09 01:28:22.379 W/art     ( 2534): Unexpected CPU variant for X86 using defaults: x86_64
06-09 01:28:22.560 W/ActivityManager( 1805): Slow operation: 283ms so far, now at startProcess: returned from zygote!
06-09 01:28:22.603 W/art     ( 1805): Long monitor contention with owner ConditionProviders.ECP (2007) at android.app.IActivityManager$ContentProviderHolder com.android.server.am.ActivityManagerService.getContentProviderImpl(android.app.IApplicationThread, java.lang.String, android.os.IBinder, boolean, int)(ActivityManagerService.java:10666) waiters=0 in void com.android.server.am.ActivityManagerService$3.handleMessage(android.os.Message) for 3.023s
06-09 01:28:22.623 W/ActivityManager( 1805): Slow operation: 485ms so far, now at startProcess: done updating battery stats
06-09 01:28:22.624 W/ActivityManager( 1805): Slow operation: 549ms so far, now at startProcess: building log message
06-09 01:28:22.624 I/ActivityManager( 1805): Start proc 2534:com.android.launcher3/u0a42 for activity com.android.launcher3/.Launcher
06-09 01:28:22.624 W/ActivityManager( 1805): Slow operation: 549ms so far, now at startProcess: starting to update pids map
06-09 01:28:22.624 W/ActivityManager( 1805): Slow operation: 550ms so far, now at startProcess: done updating pids map
06-09 01:28:22.624 W/ActivityManager( 1805): Slow operation: 551ms so far, now at startProcess: done starting proc!
06-09 01:28:19.885 W/ifconfig( 2492): type=1400 audit(0.0:10): avc: denied { ioctl } for path="socket:[14388]" dev="sockfs" ino=14388 ioctlcmd=8927 scontext=u:r:shell:s0 tcontext=u:r:shell:s0 tclass=udp_socket permissive=0
06-09 01:28:20.125 W/ifconfig( 2492): type=1400 audit(0.0:11): avc: denied { ioctl } for path="socket:[14388]" dev="sockfs" ino=14388 ioctlcmd=891d scontext=u:r:shell:s0 tcontext=u:r:shell:s0 tclass=udp_socket permissive=0
06-09 01:28:20.125 W/ifconfig( 2492): type=1400 audit(0.0:12): avc: denied { ioctl } for path="socket:[14388]" dev="sockfs" ino=14388 ioctlcmd=8970 scontext=u:r:shell:s0 tcontext=u:r:shell:s0 tclass=udp_socket permissive=0
06-09 01:28:24.387 W/art     ( 1805): Long monitor contention with owner android.display (1869) at void com.android.server.wm.WindowAnimator$1.doFrame(long)(WindowAnimator.java:144) waiters=0 in void com.android.server.wm.WindowManagerService.setAppVisibility(android.os.IBinder, boolean) for 142ms
06-09 01:28:24.693 W/art     ( 1805): Long monitor contention with owner Binder:1805_8 (2438) at void com.android.server.am.ActivityManagerService.activityPaused(android.os.IBinder)(ActivityManagerService.java:6916) waiters=1 in int com.android.server.am.ActivityManagerService.broadcastIntent(android.app.IApplicationThread, android.content.Intent, java.lang.String, android.content.IIntentReceiver, int, java.lang.String, android.os.Bundle, java.lang.String[], int, android.os.Bundle, boolean, boolean, int) for 3.001s
06-09 01:28:24.697 I/Choreographer( 2305): Skipped 181 frames!  The application may be doing too much work on its main thread.
06-09 01:28:24.796 W/InputConnectionWrapper.ICC( 2032): Timed out waiting on IInputContextCallback
06-09 01:28:24.797 W/RichInputConnection( 2032): Slow InputConnection: GET_TEXT_BEFORE_CURSOR took 3427 ms.
06-09 01:28:24.921 W/art     ( 1805): Suspending all threads took: 95.670ms
06-09 01:28:24.956 I/MediaPlayerService( 1335): MediaPlayerService::getOMX
06-09 01:28:24.970 I/OMXClient( 2446): MuxOMX ctor
06-09 01:28:24.998 I/OMXMaster( 1332): makeComponentInstance(OMX.google.vorbis.decoder) in mediacodec process
06-09 01:28:25.080 W/art     ( 1805): Long monitor contention with owner Binder:1805_8 (2438) at void com.android.server.am.ActivityManagerService.activityPaused(android.os.IBinder)(ActivityManagerService.java:6916) waiters=2 in void com.android.server.am.ActivityManagerService$MainHandler.handleMessage(android.os.Message) for 3.044s
06-09 01:28:25.131 W/art     ( 1805): Long monitor contention with owner Binder:1805_8 (2438) at void com.android.server.am.ActivityManagerService.activityPaused(android.os.IBinder)(ActivityManagerService.java:6916) waiters=4 in java.lang.String com.android.server.am.ActivityManagerService.checkContentProviderAccess(java.lang.String, int) for 2.807s
06-09 01:28:25.142 W/art     ( 1805): Long monitor contention with owner Binder:1805_8 (2438) at void com.android.server.am.ActivityManagerService.activityPaused(android.os.IBinder)(ActivityManagerService.java:6916) waiters=3 in void com.android.server.am.ActivityManagerService.dispatchUidsChanged() for 3.062s
06-09 01:28:25.154 D/CarrierSvcBindHelper( 2291): Received android.intent.action.USER_UNLOCKED
06-09 01:28:25.160 E/PhoneInterfaceManager( 2291): [PhoneIntfMgr] getCarrierPackageNamesForIntent: No UICC
06-09 01:28:25.160 D/CarrierSvcBindHelper( 2291): No carrier app for: 0
06-09 01:28:25.180 I/AccountManagerService( 1805): User 0 is unlocked - opening CE database
06-09 01:28:25.236 W/art     ( 1805): Long monitor contention with owner Binder:1805_8 (2438) at void com.android.server.am.ActivityManagerService.activityPaused(android.os.IBinder)(ActivityManagerService.java:6916) waiters=6 in com.android.server.am.ProcessRecord com.android.server.am.ActivityManagerService.findAppProcess(android.os.IBinder, java.lang.String) for 2.674s
06-09 01:28:25.237 W/art     ( 1805): Long monitor contention with owner Binder:1805_8 (2438) at void com.android.server.am.ActivityManagerService.activityPaused(android.os.IBinder)(ActivityManagerService.java:6916) waiters=5 in void com.android.server.am.ActivityManagerService.attachApplication(android.app.IApplicationThread) for 2.698s
06-09 01:28:25.238 W/art     ( 1805): Long monitor contention with owner Binder:1805_8 (2438) at void com.android.server.am.ActivityManagerService.activityPaused(android.os.IBinder)(ActivityManagerService.java:6916) waiters=7 in java.lang.String com.android.server.am.ActivityManagerService.checkContentProviderAccess(java.lang.String, int) for 2.612s
06-09 01:28:25.263 W/art     ( 1805): Long monitor contention with owner Binder:1805_8 (2438) at void com.android.server.am.ActivityManagerService.activityPaused(android.os.IBinder)(ActivityManagerService.java:6916) waiters=8 in android.content.Intent com.android.server.am.ActivityManagerService.registerReceiver(android.app.IApplicationThread, java.lang.String, android.content.IIntentReceiver, android.content.IntentFilter, java.lang.String, int) for 2.457s
06-09 01:28:25.789 I/CalendarProvider2( 2499): Created com.android.providers.calendar.CalendarAlarmManager@d92e5e0(com.android.providers.calendar.CalendarProvider2@4d65099)
06-09 01:28:25.907 I/art     ( 1805): Background sticky concurrent mark sweep GC freed 43100(2MB) AllocSpace objects, 5(272KB) LOS objects, 25% free, 9MB/13MB, paused 224.464ms total 4.113s
06-09 01:28:26.060 W/art     ( 1805): Long monitor contention with owner Binder:1805_8 (2438) at void com.android.server.am.ActivityManagerService.activityPaused(android.os.IBinder)(ActivityManagerService.java:6916) waiters=7 in void com.android.server.am.ActivityManagerService$3.handleMessage(android.os.Message) for 3.344s
06-09 01:28:26.061 W/art     ( 1805): Long monitor contention with owner Binder:1805_8 (2438) at void com.android.server.am.ActivityManagerService.activityPaused(android.os.IBinder)(ActivityManagerService.java:6916) waiters=9 in boolean com.android.server.am.ActivityManagerService.isUserRunning(int, int) for 1.817s
06-09 01:28:26.454 V/KeyValueBackupJob( 1805): Scheduling k/v pass in 240 minutes
06-09 01:28:26.832 W/InputConnectionWrapper.ICC( 2032): Timed out waiting on IInputContextCallback
06-09 01:28:26.984 W/art     ( 1805): Long monitor contention with owner Binder:1805_D (2444) at void com.android.server.am.ActivityManagerService.attachApplication(android.app.IApplicationThread)(ActivityManagerService.java:6669) waiters=2 in void com.android.server.am.ActivityManagerService$MainHandler.handleMessage(android.os.Message) for 1.714s
06-09 01:28:27.340 W/art     ( 1805): Long monitor contention with owner Binder:1805_D (2444) at void com.android.server.am.ActivityManagerService.attachApplication(android.app.IApplicationThread)(ActivityManagerService.java:6669) waiters=3 in java.lang.String com.android.server.am.ActivityManagerService.checkContentProviderAccess(java.lang.String, int) for 1.813s
06-09 01:28:27.382 W/art     ( 1805): Long monitor contention with owner Binder:1805_D (2444) at void com.android.server.am.ActivityManagerService.attachApplication(android.app.IApplicationThread)(ActivityManagerService.java:6669) waiters=6 in void com.android.server.am.ActivityManagerService.finishReceiver(android.os.IBinder, int, java.lang.String, android.os.Bundle, boolean, int) for 1.324s
06-09 01:28:27.396 W/art     ( 1805): Long monitor contention with owner Binder:1805_D (2444) at void com.android.server.am.ActivityManagerService.attachApplication(android.app.IApplicationThread)(ActivityManagerService.java:6669) waiters=4 in void com.android.server.am.ActivityManagerService.publishContentProviders(android.app.IApplicationThread, java.util.List) for 1.411s
06-09 01:28:27.426 W/ActivityManager( 1805): Timeout executing service: ServiceRecord{9f13534 u0 com.android.systemui/.keyguard.KeyguardService}
06-09 01:28:27.441 W/art     ( 1805): Long monitor contention with owner Binder:1805_D (2444) at void com.android.server.am.ActivityManagerService.attachApplication(android.app.IApplicationThread)(ActivityManagerService.java:6669) waiters=6 in void com.android.server.am.ActivityManagerService$3.handleMessage(android.os.Message) for 1.381s
06-09 01:28:27.500 W/System  ( 2534): ClassLoader referenced unknown path: /system/app/Launcher3/lib/x86_64
06-09 01:28:27.655 W/art     ( 1805): Long monitor contention with owner Binder:1805_D (2444) at void com.android.server.am.ActivityManagerService.attachApplication(android.app.IApplicationThread)(ActivityManagerService.java:6669) waiters=6 in boolean com.android.server.am.ActivityManagerService.isUserRunning(int, int) for 1.428s
06-09 01:28:27.800 W/art     ( 1805): Long monitor contention with owner Binder:1805_D (2444) at void com.android.server.am.ActivityManagerService.attachApplication(android.app.IApplicationThread)(ActivityManagerService.java:6669) waiters=8 in void com.android.server.am.ActivityManagerService.dispatchProcessesChanged() for 1.049s
06-09 01:28:27.915 W/art     ( 1805): Long monitor contention with owner Binder:1805_D (2444) at void com.android.server.am.ActivityManagerService.attachApplication(android.app.IApplicationThread)(ActivityManagerService.java:6669) waiters=7 in int com.android.server.am.ActivityManagerService.getAppStartMode(int, java.lang.String) for 1.199s
06-09 01:28:27.935 W/ProcessCpuTracker( 1805): Skipping unknown process pid 2549
06-09 01:28:27.938 W/ProcessCpuTracker( 1805): Skipping unknown process pid 2552
06-09 01:28:27.940 W/ProcessCpuTracker( 1805): Skipping unknown process pid 2558
06-09 01:28:27.951 W/art     ( 1805): Long monitor contention with owner Binder:1805_D (2444) at void com.android.server.am.ActivityManagerService.attachApplication(android.app.IApplicationThread)(ActivityManagerService.java:6669) waiters=5 in android.content.Intent com.android.server.am.ActivityManagerService.registerReceiver(android.app.IApplicationThread, java.lang.String, android.content.IIntentReceiver, android.content.IntentFilter, java.lang.String, int) for 1.308s
06-09 01:28:28.161 W/art     ( 1805): Long monitor contention with owner Binder:1805_2 (1827) at void com.android.server.am.BroadcastQueue.processNextBroadcast(boolean)(BroadcastQueue.java:760) waiters=4 in java.lang.String com.android.server.am.ActivityManagerService.checkContentProviderAccess(java.lang.String, int) for 341ms
06-09 01:28:28.202 W/art     ( 1805): Long monitor contention with owner Binder:1805_2 (1827) at void com.android.server.am.BroadcastQueue.processNextBroadcast(boolean)(BroadcastQueue.java:760) waiters=5 in void com.android.server.am.ActivityManagerService.dispatchUidsChanged() for 378ms
06-09 01:28:28.207 W/art     ( 1805): Long monitor contention with owner Binder:1805_2 (1827) at void com.android.server.am.BroadcastQueue.processNextBroadcast(boolean)(BroadcastQueue.java:760) waiters=7 in com.android.server.am.ProcessRecord com.android.server.am.ActivityManagerService.findAppProcess(android.os.IBinder, java.lang.String) for 251ms
06-09 01:28:28.208 W/art     ( 1805): Long monitor contention with owner Binder:1805_2 (1827) at void com.android.server.am.BroadcastQueue.processNextBroadcast(boolean)(BroadcastQueue.java:760) waiters=6 in void com.android.server.am.AppErrors.appNotResponding(com.android.server.am.ProcessRecord, com.android.server.am.ActivityRecord, com.android.server.am.ActivityRecord, boolean, java.lang.String) for 260ms
06-09 01:28:28.257 W/art     ( 1805): Long monitor contention with owner Binder:1805_2 (1827) at void com.android.server.am.BroadcastQueue.processNextBroadcast(boolean)(BroadcastQueue.java:760) waiters=6 in boolean com.android.server.am.ActivityManagerService.isUserRunning(int, int) for 308ms
06-09 01:28:28.521 I/Process ( 1805): Sending signal. PID: 2446 SIG: 3
06-09 01:28:28.532 I/art     ( 2446): Thread[3,tid=2456,WaitingInMainSignalCatcherLoop,Thread*=0x71b375896400,peer=0x12c20310,"Signal Catcher"]: reacting to signal 3
06-09 01:28:28.533 I/art     ( 2446): 
06-09 01:28:28.744 W/art     ( 2446): Suspending all threads took: 208.186ms
06-09 01:28:28.999 D/LauncherProvider( 2534): Launcher process started
06-09 01:28:29.055 W/ActivityManager( 1805): Slow operation: 331ms so far, now at startProcess: returned from zygote!
06-09 01:28:29.056 W/ActivityManager( 1805): Slow operation: 332ms so far, now at startProcess: done updating battery stats
06-09 01:28:29.056 W/ActivityManager( 1805): Slow operation: 333ms so far, now at startProcess: building log message
06-09 01:28:29.057 I/ActivityManager( 1805): Start proc 2561:com.android.keychain/1000 for service com.android.keychain/.KeyChainService
06-09 01:28:29.057 W/ActivityManager( 1805): Slow operation: 333ms so far, now at startProcess: starting to update pids map
06-09 01:28:29.064 W/ActivityManager( 1805): Slow operation: 340ms so far, now at startProcess: done updating pids map
06-09 01:28:29.064 W/ActivityManager( 1805): Slow operation: 353ms so far, now at startProcess: done starting proc!
06-09 01:28:29.113 W/art     ( 1805): Long monitor contention with owner AsyncTask #4 (2530) at int com.android.server.am.ActivityManagerService.bindService(android.app.IApplicationThread, android.os.IBinder, android.content.Intent, java.lang.String, android.app.IServiceConnection, int, java.lang.String, int)(ActivityManagerService.java:17301) waiters=2 in void com.android.server.am.ActivityManagerService.monitor() for 389ms
06-09 01:28:29.320 W/art     ( 2561): Unexpected CPU variant for X86 using defaults: x86_64
06-09 01:28:29.390 W/ActivityManager( 1805): Slow operation: 273ms so far, now at startProcess: returned from zygote!
06-09 01:28:29.390 W/ActivityManager( 1805): Slow operation: 274ms so far, now at startProcess: done updating battery stats
06-09 01:28:29.391 W/ActivityManager( 1805): Slow operation: 274ms so far, now at startProcess: building log message
