06-07 07:29:48.278 E/Hyphenator( 1324): 	at android.text.Hyphenator.loadHyphenator(Hyphenator.java:118)
06-07 07:29:48.278 E/Hyphenator( 1324): 	at android.text.Hyphenator.init(Hyphenator.java:224)
06-07 07:29:48.278 E/Hyphenator( 1324): 	at com.android.internal.os.ZygoteInit.preloadTextResources(ZygoteInit.java:252)
06-07 07:29:48.278 E/Hyphenator( 1324): 	at com.android.internal.os.ZygoteInit.preload(ZygoteInit.java:206)
06-07 07:29:48.278 E/Hyphenator( 1324): 	at com.android.internal.os.ZygoteInit.main(ZygoteInit.java:743)
06-07 07:29:48.278 E/Hyphenator( 1324): Caused by: android.system.ErrnoException: open failed: ENOENT (No such file or directory)
06-07 07:29:48.278 E/Hyphenator( 1324): 	at libcore.io.Posix.open(Native Method)
06-07 07:29:48.278 E/Hyphenator( 1324): 	at libcore.io.BlockGuardOs.open(BlockGuardOs.java:187)
06-07 07:29:48.278 E/Hyphenator( 1324): 	at libcore.io.IoBridge.open(IoBridge.java:441)
06-07 07:29:48.278 E/Hyphenator( 1324): 	... 6 more
06-07 07:29:48.279 E/Hyphenator( 1324): error loading hyphenation /system/usr/hyphen-data/hyph-hr.hyb
06-07 07:29:48.279 E/Hyphenator( 1324): java.io.FileNotFoundException: /system/usr/hyphen-data/hyph-hr.hyb: open failed: ENOENT (No such file or directory)
06-07 07:29:48.279 E/Hyphenator( 1324): 	at libcore.io.IoBridge.open(IoBridge.java:455)
06-07 07:29:48.279 E/Hyphenator( 1324): 	at java.io.RandomAccessFile.<init>(RandomAccessFile.java:247)
06-07 07:29:48.279 E/Hyphenator( 1324): 	at android.text.Hyphenator.loadHyphenator(Hyphenator.java:118)
06-07 07:29:48.279 E/Hyphenator( 1324): 	at android.text.Hyphenator.init(Hyphenator.java:224)
06-07 07:29:48.279 E/Hyphenator( 1324): 	at com.android.internal.os.ZygoteInit.preloadTextResources(ZygoteInit.java:252)
06-07 07:29:48.279 E/Hyphenator( 1324): 	at com.android.internal.os.ZygoteInit.preload(ZygoteInit.java:206)
06-07 07:29:48.279 E/Hyphenator( 1324): 	at com.android.internal.os.ZygoteInit.main(ZygoteInit.java:743)
06-07 07:29:48.279 E/Hyphenator( 1324): Caused by: android.system.ErrnoException: open failed: ENOENT (No such file or directory)
06-07 07:29:48.279 E/Hyphenator( 1324): 	at libcore.io.Posix.open(Native Method)
06-07 07:29:48.279 E/Hyphenator( 1324): 	at libcore.io.BlockGuardOs.open(BlockGuardOs.java:187)
06-07 07:29:48.279 E/Hyphenator( 1324): 	at libcore.io.IoBridge.open(IoBridge.java:441)
06-07 07:29:48.279 E/Hyphenator( 1324): 	... 6 more
06-07 07:29:48.323 E/Hyphenator( 1324): error loading hyphenation /system/usr/hyphen-data/hyph-hu.hyb
06-07 07:29:48.323 E/Hyphenator( 1324): java.io.FileNotFoundException: /system/usr/hyphen-data/hyph-hu.hyb: open failed: ENOENT (No such file or directory)
06-07 07:29:48.323 E/Hyphenator( 1324): 	at libcore.io.IoBridge.open(IoBridge.java:455)
06-07 07:29:48.323 E/Hyphenator( 1324): 	at java.io.RandomAccessFile.<init>(RandomAccessFile.java:247)
06-07 07:29:48.323 E/Hyphenator( 1324): 	at android.text.Hyphenator.loadHyphenator(Hyphenator.java:118)
06-07 07:29:48.323 E/Hyphenator( 1324): 	at android.text.Hyphenator.init(Hyphenator.java:224)
06-07 07:29:48.323 E/Hyphenator( 1324): 	at com.android.internal.os.ZygoteInit.preloadTextResources(ZygoteInit.java:252)
06-07 07:29:48.323 E/Hyphenator( 1324): 	at com.android.internal.os.ZygoteInit.preload(ZygoteInit.java:206)
06-07 07:29:48.323 E/Hyphenator( 1324): 	at com.android.internal.os.ZygoteInit.main(ZygoteInit.java:743)
06-07 07:29:48.323 E/Hyphenator( 1324): Caused by: android.system.ErrnoException: open failed: ENOENT (No such file or directory)
06-07 07:29:48.323 E/Hyphenator( 1324): 	at libcore.io.Posix.open(Native Method)
06-07 07:29:48.323 E/Hyphenator( 1324): 	at libcore.io.BlockGuardOs.open(BlockGuardOs.java:187)
06-07 07:29:48.323 E/Hyphenator( 1324): 	at libcore.io.IoBridge.open(IoBridge.java:441)
06-07 07:29:48.323 E/Hyphenator( 1324): 	... 6 more
06-07 07:29:48.325 E/Hyphenator( 1324): error loading hyphenation /system/usr/hyphen-data/hyph-hy.hyb
06-07 07:29:48.325 E/Hyphenator( 1324): java.io.FileNotFoundException: /system/usr/hyphen-data/hyph-hy.hyb: open failed: ENOENT (No such file or directory)
06-07 07:29:48.325 E/Hyphenator( 1324): 	at libcore.io.IoBridge.open(IoBridge.java:455)
06-07 07:29:48.325 E/Hyphenator( 1324): 	at java.io.RandomAccessFile.<init>(RandomAccessFile.java:247)
06-07 07:29:48.325 E/Hyphenator( 1324): 	at android.text.Hyphenator.loadHyphenator(Hyphenator.java:118)
06-07 07:29:48.325 E/Hyphenator( 1324): 	at android.text.Hyphenator.init(Hyphenator.java:224)
06-07 07:29:48.325 E/Hyphenator( 1324): 	at com.android.internal.os.ZygoteInit.preloadTextResources(ZygoteInit.java:252)
06-07 07:29:48.325 E/Hyphenator( 1324): 	at com.android.internal.os.ZygoteInit.preload(ZygoteInit.java:206)
06-07 07:29:48.325 E/Hyphenator( 1324): 	at com.android.internal.os.ZygoteInit.main(ZygoteInit.java:743)
06-07 07:29:48.325 E/Hyphenator( 1324): Caused by: android.system.ErrnoException: open failed: ENOENT (No such file or directory)
06-07 07:29:48.325 E/Hyphenator( 1324): 	at libcore.io.Posix.open(Native Method)
06-07 07:29:48.325 E/Hyphenator( 1324): 	at libcore.io.BlockGuardOs.open(BlockGuardOs.java:187)
06-07 07:29:48.325 E/Hyphenator( 1324): 	at libcore.io.IoBridge.open(IoBridge.java:441)
06-07 07:29:48.325 E/Hyphenator( 1324): 	... 6 more
06-07 07:29:48.327 E/Hyphenator( 1324): error loading hyphenation /system/usr/hyphen-data/hyph-kn.hyb
06-07 07:29:48.327 E/Hyphenator( 1324): java.io.FileNotFoundException: /system/usr/hyphen-data/hyph-kn.hyb: open failed: ENOENT (No such file or directory)
06-07 07:29:48.327 E/Hyphenator( 1324): 	at libcore.io.IoBridge.open(IoBridge.java:455)
06-07 07:29:48.327 E/Hyphenator( 1324): 	at java.io.RandomAccessFile.<init>(RandomAccessFile.java:247)
06-07 07:29:48.327 E/Hyphenator( 1324): 	at android.text.Hyphenator.loadHyphenator(Hyphenator.java:118)
06-07 07:29:48.327 E/Hyphenator( 1324): 	at android.text.Hyphenator.init(Hyphenator.java:224)
06-07 07:29:48.327 E/Hyphenator( 1324): 	at com.android.internal.os.ZygoteInit.preloadTextResources(ZygoteInit.java:252)
06-07 07:29:48.327 E/Hyphenator( 1324): 	at com.android.internal.os.ZygoteInit.preload(ZygoteInit.java:206)
06-07 07:29:48.327 E/Hyphenator( 1324): 	at com.android.internal.os.ZygoteInit.main(ZygoteInit.java:743)
06-07 07:29:48.327 E/Hyphenator( 1324): Caused by: android.system.ErrnoException: open failed: ENOENT (No such file or directory)
06-07 07:29:48.327 E/Hyphenator( 1324): 	at libcore.io.Posix.open(Native Method)
06-07 07:29:48.327 E/Hyphenator( 1324): 	at libcore.io.BlockGuardOs.open(BlockGuardOs.java:187)
06-07 07:29:48.327 E/Hyphenator( 1324): 	at libcore.io.IoBridge.open(IoBridge.java:441)
06-07 07:29:48.327 E/Hyphenator( 1324): 	... 6 more
06-07 07:29:48.329 E/Hyphenator( 1324): error loading hyphenation /system/usr/hyphen-data/hyph-ml.hyb
06-07 07:29:48.329 E/Hyphenator( 1324): java.io.FileNotFoundException: /system/usr/hyphen-data/hyph-ml.hyb: open failed: ENOENT (No such file or directory)
06-07 07:29:48.329 E/Hyphenator( 1324): 	at libcore.io.IoBridge.open(IoBridge.java:455)
06-07 07:29:48.329 E/Hyphenator( 1324): 	at java.io.RandomAccessFile.<init>(RandomAccessFile.java:247)
06-07 07:29:48.329 E/Hyphenator( 1324): 	at android.text.Hyphenator.loadHyphenator(Hyphenator.java:118)
06-07 07:29:48.329 E/Hyphenator( 1324): 	at android.text.Hyphenator.init(Hyphenator.java:224)
06-07 07:29:48.329 E/Hyphenator( 1324): 	at com.android.internal.os.ZygoteInit.preloadTextResources(ZygoteInit.java:252)
06-07 07:29:48.329 E/Hyphenator( 1324): 	at com.android.internal.os.ZygoteInit.preload(ZygoteInit.java:206)
06-07 07:29:48.329 E/Hyphenator( 1324): 	at com.android.internal.os.ZygoteInit.main(ZygoteInit.java:743)
06-07 07:29:48.329 E/Hyphenator( 1324): Caused by: android.system.ErrnoException: open failed: ENOENT (No such file or directory)
06-07 07:29:48.329 E/Hyphenator( 1324): 	at libcore.io.Posix.open(Native Method)
06-07 07:29:48.329 E/Hyphenator( 1324): 	at libcore.io.BlockGuardOs.open(BlockGuardOs.java:187)
06-07 07:29:48.329 E/Hyphenator( 1324): 	at libcore.io.IoBridge.open(IoBridge.java:441)
06-07 07:29:48.329 E/Hyphenator( 1324): 	... 6 more
06-07 07:29:48.402 E/Hyphenator( 1324): error loading hyphenation /system/usr/hyphen-data/hyph-mn-cyrl.hyb
06-07 07:29:48.402 E/Hyphenator( 1324): java.io.FileNotFoundException: /system/usr/hyphen-data/hyph-mn-cyrl.hyb: open failed: ENOENT (No such file or directory)
06-07 07:29:48.402 E/Hyphenator( 1324): 	at libcore.io.IoBridge.open(IoBridge.java:455)
06-07 07:29:48.402 E/Hyphenator( 1324): 	at java.io.RandomAccessFile.<init>(RandomAccessFile.java:247)
06-07 07:29:48.402 E/Hyphenator( 1324): 	at android.text.Hyphenator.loadHyphenator(Hyphenator.java:118)
06-07 07:29:48.402 E/Hyphenator( 1324): 	at android.text.Hyphenator.init(Hyphenator.java:224)
06-07 07:29:48.402 E/Hyphenator( 1324): 	at com.android.internal.os.ZygoteInit.preloadTextResources(ZygoteInit.java:252)
06-07 07:29:48.402 E/Hyphenator( 1324): 	at com.android.internal.os.ZygoteInit.preload(ZygoteInit.java:206)
06-07 07:29:48.402 E/Hyphenator( 1324): 	at com.android.internal.os.ZygoteInit.main(ZygoteInit.java:743)
06-07 07:29:48.402 E/Hyphenator( 1324): Caused by: android.system.ErrnoException: open failed: ENOENT (No such file or directory)
06-07 07:29:48.402 E/Hyphenator( 1324): 	at libcore.io.Posix.open(Native Method)
06-07 07:29:48.402 E/Hyphenator( 1324): 	at libcore.io.BlockGuardOs.open(BlockGuardOs.java:187)
06-07 07:29:48.402 E/Hyphenator( 1324): 	at libcore.io.IoBridge.open(IoBridge.java:441)
06-07 07:29:48.402 E/Hyphenator( 1324): 	... 6 more
06-07 07:29:48.404 E/Hyphenator( 1324): error loading hyphenation /system/usr/hyphen-data/hyph-mr.hyb
06-07 07:29:48.404 E/Hyphenator( 1324): java.io.FileNotFoundException: /system/usr/hyphen-data/hyph-mr.hyb: open failed: ENOENT (No such file or directory)
06-07 07:29:48.404 E/Hyphenator( 1324): 	at libcore.io.IoBridge.open(IoBridge.java:455)
06-07 07:29:48.404 E/Hyphenator( 1324): 	at java.io.RandomAccessFile.<init>(RandomAccessFile.java:247)
06-07 07:29:48.404 E/Hyphenator( 1324): 	at android.text.Hyphenator.loadHyphenator(Hyphenator.java:118)
06-07 07:29:48.404 E/Hyphenator( 1324): 	at android.text.Hyphenator.init(Hyphenator.java:224)
06-07 07:29:48.404 E/Hyphenator( 1324): 	at com.android.internal.os.ZygoteInit.preloadTextResources(ZygoteInit.java:252)
06-07 07:29:48.404 E/Hyphenator( 1324): 	at com.android.internal.os.ZygoteInit.preload(ZygoteInit.java:206)
06-07 07:29:48.404 E/Hyphenator( 1324): 	at com.android.internal.os.ZygoteInit.main(ZygoteInit.java:743)
06-07 07:29:48.404 E/Hyphenator( 1324): Caused by: android.system.ErrnoException: open failed: ENOENT (No such file or directory)
06-07 07:29:48.404 E/Hyphenator( 1324): 	at libcore.io.Posix.open(Native Method)
06-07 07:29:48.404 E/Hyphenator( 1324): 	at libcore.io.BlockGuardOs.open(BlockGuardOs.java:187)
06-07 07:29:48.404 E/Hyphenator( 1324): 	at libcore.io.IoBridge.open(IoBridge.java:441)
06-07 07:29:48.404 E/Hyphenator( 1324): 	... 6 more
06-07 07:29:48.406 E/Hyphenator( 1324): error loading hyphenation /system/usr/hyphen-data/hyph-nb.hyb
06-07 07:29:48.406 E/Hyphenator( 1324): java.io.FileNotFoundException: /system/usr/hyphen-data/hyph-nb.hyb: open failed: ENOENT (No such file or directory)
06-07 07:29:48.406 E/Hyphenator( 1324): 	at libcore.io.IoBridge.open(IoBridge.java:455)
06-07 07:29:48.406 E/Hyphenator( 1324): 	at java.io.RandomAccessFile.<init>(RandomAccessFile.java:247)
06-07 07:29:48.406 E/Hyphenator( 1324): 	at android.text.Hyphenator.loadHyphenator(Hyphenator.java:118)
06-07 07:29:48.406 E/Hyphenator( 1324): 	at android.text.Hyphenator.init(Hyphenator.java:224)
06-07 07:29:48.406 E/Hyphenator( 1324): 	at com.android.internal.os.ZygoteInit.preloadTextResources(ZygoteInit.java:252)
06-07 07:29:48.406 E/Hyphenator( 1324): 	at com.android.internal.os.ZygoteInit.preload(ZygoteInit.java:206)
06-07 07:29:48.406 E/Hyphenator( 1324): 	at com.android.internal.os.ZygoteInit.main(ZygoteInit.java:743)
06-07 07:29:48.406 E/Hyphenator( 1324): Caused by: android.system.ErrnoException: open failed: ENOENT (No such file or directory)
06-07 07:29:48.406 E/Hyphenator( 1324): 	at libcore.io.Posix.open(Native Method)
06-07 07:29:48.406 E/Hyphenator( 1324): 	at libcore.io.BlockGuardOs.open(BlockGuardOs.java:187)
06-07 07:29:48.406 E/Hyphenator( 1324): 	at libcore.io.IoBridge.open(IoBridge.java:441)
06-07 07:29:48.406 E/Hyphenator( 1324): 	... 6 more
06-07 07:29:48.408 E/Hyphenator( 1324): error loading hyphenation /system/usr/hyphen-data/hyph-nn.hyb
06-07 07:29:48.408 E/Hyphenator( 1324): java.io.FileNotFoundException: /system/usr/hyphen-data/hyph-nn.hyb: open failed: ENOENT (No such file or directory)
06-07 07:29:48.408 E/Hyphenator( 1324): 	at libcore.io.IoBridge.open(IoBridge.java:455)
06-07 07:29:48.408 E/Hyphenator( 1324): 	at java.io.RandomAccessFile.<init>(RandomAccessFile.java:247)
06-07 07:29:48.408 E/Hyphenator( 1324): 	at android.text.Hyphenator.loadHyphenator(Hyphenator.java:118)
06-07 07:29:48.408 E/Hyphenator( 1324): 	at android.text.Hyphenator.init(Hyphenator.java:224)
06-07 07:29:48.408 E/Hyphenator( 1324): 	at com.android.internal.os.ZygoteInit.preloadTextResources(ZygoteInit.java:252)
06-07 07:29:48.408 E/Hyphenator( 1324): 	at com.android.internal.os.ZygoteInit.preload(ZygoteInit.java:206)
06-07 07:29:48.408 E/Hyphenator( 1324): 	at com.android.internal.os.ZygoteInit.main(ZygoteInit.java:743)
06-07 07:29:48.408 E/Hyphenator( 1324): Caused by: android.system.ErrnoException: open failed: ENOENT (No such file or directory)
06-07 07:29:48.408 E/Hyphenator( 1324): 	at libcore.io.Posix.open(Native Method)
06-07 07:29:48.408 E/Hyphenator( 1324): 	at libcore.io.BlockGuardOs.open(BlockGuardOs.java:187)
06-07 07:29:48.408 E/Hyphenator( 1324): 	at libcore.io.IoBridge.open(IoBridge.java:441)
06-07 07:29:48.408 E/Hyphenator( 1324): 	... 6 more
06-07 07:29:48.448 E/Hyphenator( 1324): error loading hyphenation /system/usr/hyphen-data/hyph-or.hyb
06-07 07:29:48.448 E/Hyphenator( 1324): java.io.FileNotFoundException: /system/usr/hyphen-data/hyph-or.hyb: open failed: ENOENT (No such file or directory)
06-07 07:29:48.448 E/Hyphenator( 1324): 	at libcore.io.IoBridge.open(IoBridge.java:455)
06-07 07:29:48.448 E/Hyphenator( 1324): 	at java.io.RandomAccessFile.<init>(RandomAccessFile.java:247)
06-07 07:29:48.448 E/Hyphenator( 1324): 	at android.text.Hyphenator.loadHyphenator(Hyphenator.java:118)
06-07 07:29:48.448 E/Hyphenator( 1324): 	at android.text.Hyphenator.init(Hyphenator.java:224)
06-07 07:29:48.448 E/Hyphenator( 1324): 	at com.android.internal.os.ZygoteInit.preloadTextResources(ZygoteInit.java:252)
06-07 07:29:48.448 E/Hyphenator( 1324): 	at com.android.internal.os.ZygoteInit.preload(ZygoteInit.java:206)
06-07 07:29:48.448 E/Hyphenator( 1324): 	at com.android.internal.os.ZygoteInit.main(ZygoteInit.java:743)
06-07 07:29:48.448 E/Hyphenator( 1324): Caused by: android.system.ErrnoException: open failed: ENOENT (No such file or directory)
06-07 07:29:48.448 E/Hyphenator( 1324): 	at libcore.io.Posix.open(Native Method)
06-07 07:29:48.448 E/Hyphenator( 1324): 	at libcore.io.BlockGuardOs.open(BlockGuardOs.java:187)
06-07 07:29:48.448 E/Hyphenator( 1324): 	at libcore.io.IoBridge.open(IoBridge.java:441)
06-07 07:29:48.448 E/Hyphenator( 1324): 	... 6 more
06-07 07:29:48.468 I/Zygote  ( 1323): System server process 1748 has been created
06-07 07:29:48.501 E/Hyphenator( 1324): error loading hyphenation /system/usr/hyphen-data/hyph-pa.hyb
06-07 07:29:48.501 E/Hyphenator( 1324): java.io.FileNotFoundException: /system/usr/hyphen-data/hyph-pa.hyb: open failed: ENOENT (No such file or directory)
06-07 07:29:48.501 E/Hyphenator( 1324): 	at libcore.io.IoBridge.open(IoBridge.java:455)
06-07 07:29:48.501 E/Hyphenator( 1324): 	at java.io.RandomAccessFile.<init>(RandomAccessFile.java:247)
06-07 07:29:48.501 E/Hyphenator( 1324): 	at android.text.Hyphenator.loadHyphenator(Hyphenator.java:118)
06-07 07:29:48.501 E/Hyphenator( 1324): 	at android.text.Hyphenator.init(Hyphenator.java:224)
06-07 07:29:48.501 E/Hyphenator( 1324): 	at com.android.internal.os.ZygoteInit.preloadTextResources(ZygoteInit.java:252)
06-07 07:29:48.501 E/Hyphenator( 1324): 	at com.android.internal.os.ZygoteInit.preload(ZygoteInit.java:206)
06-07 07:29:48.501 E/Hyphenator( 1324): 	at com.android.internal.os.ZygoteInit.main(ZygoteInit.java:743)
06-07 07:29:48.501 E/Hyphenator( 1324): Caused by: android.system.ErrnoException: open failed: ENOENT (No such file or directory)
06-07 07:29:48.501 E/Hyphenator( 1324): 	at libcore.io.Posix.open(Native Method)
06-07 07:29:48.501 E/Hyphenator( 1324): 	at libcore.io.BlockGuardOs.open(BlockGuardOs.java:187)
06-07 07:29:48.501 E/Hyphenator( 1324): 	at libcore.io.IoBridge.open(IoBridge.java:441)
06-07 07:29:48.501 E/Hyphenator( 1324): 	... 6 more
06-07 07:29:48.503 E/Hyphenator( 1324): error loading hyphenation /system/usr/hyphen-data/hyph-pt.hyb
06-07 07:29:48.503 E/Hyphenator( 1324): java.io.FileNotFoundException: /system/usr/hyphen-data/hyph-pt.hyb: open failed: ENOENT (No such file or directory)
06-07 07:29:48.503 E/Hyphenator( 1324): 	at libcore.io.IoBridge.open(IoBridge.java:455)
06-07 07:29:48.503 E/Hyphenator( 1324): 	at java.io.RandomAccessFile.<init>(RandomAccessFile.java:247)
06-07 07:29:48.503 E/Hyphenator( 1324): 	at android.text.Hyphenator.loadHyphenator(Hyphenator.java:118)
06-07 07:29:48.503 E/Hyphenator( 1324): 	at android.text.Hyphenator.init(Hyphenator.java:224)
06-07 07:29:48.503 E/Hyphenator( 1324): 	at com.android.internal.os.ZygoteInit.preloadTextResources(ZygoteInit.java:252)
06-07 07:29:48.503 E/Hyphenator( 1324): 	at com.android.internal.os.ZygoteInit.preload(ZygoteInit.java:206)
06-07 07:29:48.503 E/Hyphenator( 1324): 	at com.android.internal.os.ZygoteInit.main(ZygoteInit.java:743)
06-07 07:29:48.503 E/Hyphenator( 1324): Caused by: android.system.ErrnoException: open failed: ENOENT (No such file or directory)
06-07 07:29:48.503 E/Hyphenator( 1324): 	at libcore.io.Posix.open(Native Method)
06-07 07:29:48.503 E/Hyphenator( 1324): 	at libcore.io.BlockGuardOs.open(BlockGuardOs.java:187)
06-07 07:29:48.503 E/Hyphenator( 1324): 	at libcore.io.IoBridge.open(IoBridge.java:441)
06-07 07:29:48.503 E/Hyphenator( 1324): 	... 6 more
06-07 07:29:48.505 E/Hyphenator( 1324): error loading hyphenation /system/usr/hyphen-data/hyph-sl.hyb
06-07 07:29:48.505 E/Hyphenator( 1324): java.io.FileNotFoundException: /system/usr/hyphen-data/hyph-sl.hyb: open failed: ENOENT (No such file or directory)
06-07 07:29:48.505 E/Hyphenator( 1324): 	at libcore.io.IoBridge.open(IoBridge.java:455)
06-07 07:29:48.505 E/Hyphenator( 1324): 	at java.io.RandomAccessFile.<init>(RandomAccessFile.java:247)
06-07 07:29:48.505 E/Hyphenator( 1324): 	at android.text.Hyphenator.loadHyphenator(Hyphenator.java:118)
06-07 07:29:48.505 E/Hyphenator( 1324): 	at android.text.Hyphenator.init(Hyphenator.java:224)
06-07 07:29:48.505 E/Hyphenator( 1324): 	at com.android.internal.os.ZygoteInit.preloadTextResources(ZygoteInit.java:252)
06-07 07:29:48.505 E/Hyphenator( 1324): 	at com.android.internal.os.ZygoteInit.preload(ZygoteInit.java:206)
06-07 07:29:48.505 E/Hyphenator( 1324): 	at com.android.internal.os.ZygoteInit.main(ZygoteInit.java:743)
06-07 07:29:48.505 E/Hyphenator( 1324): Caused by: android.system.ErrnoException: open failed: ENOENT (No such file or directory)
06-07 07:29:48.505 E/Hyphenator( 1324): 	at libcore.io.Posix.open(Native Method)
06-07 07:29:48.505 E/Hyphenator( 1324): 	at libcore.io.BlockGuardOs.open(BlockGuardOs.java:187)
06-07 07:29:48.505 E/Hyphenator( 1324): 	at libcore.io.IoBridge.open(IoBridge.java:441)
06-07 07:29:48.505 E/Hyphenator( 1324): 	... 6 more
06-07 07:29:48.507 E/Hyphenator( 1324): error loading hyphenation /system/usr/hyphen-data/hyph-ta.hyb
06-07 07:29:48.507 E/Hyphenator( 1324): java.io.FileNotFoundException: /system/usr/hyphen-data/hyph-ta.hyb: open failed: ENOENT (No such file or directory)
06-07 07:29:48.507 E/Hyphenator( 1324): 	at libcore.io.IoBridge.open(IoBridge.java:455)
06-07 07:29:48.507 E/Hyphenator( 1324): 	at java.io.RandomAccessFile.<init>(RandomAccessFile.java:247)
06-07 07:29:48.507 E/Hyphenator( 1324): 	at android.text.Hyphenator.loadHyphenator(Hyphenator.java:118)
06-07 07:29:48.507 E/Hyphenator( 1324): 	at android.text.Hyphenator.init(Hyphenator.java:224)
06-07 07:29:48.507 E/Hyphenator( 1324): 	at com.android.internal.os.ZygoteInit.preloadTextResources(ZygoteInit.java:252)
06-07 07:29:48.507 E/Hyphenator( 1324): 	at com.android.internal.os.ZygoteInit.preload(ZygoteInit.java:206)
06-07 07:29:48.507 E/Hyphenator( 1324): 	at com.android.internal.os.ZygoteInit.main(ZygoteInit.java:743)
06-07 07:29:48.507 E/Hyphenator( 1324): Caused by: android.system.ErrnoException: open failed: ENOENT (No such file or directory)
06-07 07:29:48.507 E/Hyphenator( 1324): 	at libcore.io.Posix.open(Native Method)
06-07 07:29:48.507 E/Hyphenator( 1324): 	at libcore.io.BlockGuardOs.open(BlockGuardOs.java:187)
06-07 07:29:48.507 E/Hyphenator( 1324): 	at libcore.io.IoBridge.open(IoBridge.java:441)
06-07 07:29:48.507 E/Hyphenator( 1324): 	... 6 more
06-07 07:29:48.509 E/Hyphenator( 1324): error loading hyphenation /system/usr/hyphen-data/hyph-te.hyb
06-07 07:29:48.509 E/Hyphenator( 1324): java.io.FileNotFoundException: /system/usr/hyphen-data/hyph-te.hyb: open failed: ENOENT (No such file or directory)
06-07 07:29:48.509 E/Hyphenator( 1324): 	at libcore.io.IoBridge.open(IoBridge.java:455)
06-07 07:29:48.509 E/Hyphenator( 1324): 	at java.io.RandomAccessFile.<init>(RandomAccessFile.java:247)
06-07 07:29:48.509 E/Hyphenator( 1324): 	at android.text.Hyphenator.loadHyphenator(Hyphenator.java:118)
06-07 07:29:48.509 E/Hyphenator( 1324): 	at android.text.Hyphenator.init(Hyphenator.java:224)
06-07 07:29:48.509 E/Hyphenator( 1324): 	at com.android.internal.os.ZygoteInit.preloadTextResources(ZygoteInit.java:252)
06-07 07:29:48.509 E/Hyphenator( 1324): 	at com.android.internal.os.ZygoteInit.preload(ZygoteInit.java:206)
06-07 07:29:48.509 E/Hyphenator( 1324): 	at com.android.internal.os.ZygoteInit.main(ZygoteInit.java:743)
06-07 07:29:48.509 E/Hyphenator( 1324): Caused by: android.system.ErrnoException: open failed: ENOENT (No such file or directory)
06-07 07:29:48.509 E/Hyphenator( 1324): 	at libcore.io.Posix.open(Native Method)
06-07 07:29:48.509 E/Hyphenator( 1324): 	at libcore.io.BlockGuardOs.open(BlockGuardOs.java:187)
06-07 07:29:48.509 E/Hyphenator( 1324): 	at libcore.io.IoBridge.open(IoBridge.java:441)
06-07 07:29:48.509 E/Hyphenator( 1324): 	... 6 more
06-07 07:29:48.526 I/Zygote  ( 1323): Accepting command socket connections
06-07 07:29:48.548 E/Hyphenator( 1324): error loading hyphenation /system/usr/hyphen-data/hyph-tk.hyb
06-07 07:29:48.548 E/Hyphenator( 1324): java.io.FileNotFoundException: /system/usr/hyphen-data/hyph-tk.hyb: open failed: ENOENT (No such file or directory)
06-07 07:29:48.548 E/Hyphenator( 1324): 	at libcore.io.IoBridge.open(IoBridge.java:455)
06-07 07:29:48.548 E/Hyphenator( 1324): 	at java.io.RandomAccessFile.<init>(RandomAccessFile.java:247)
06-07 07:29:48.548 E/Hyphenator( 1324): 	at android.text.Hyphenator.loadHyphenator(Hyphenator.java:118)
06-07 07:29:48.548 E/Hyphenator( 1324): 	at android.text.Hyphenator.init(Hyphenator.java:224)
06-07 07:29:48.548 E/Hyphenator( 1324): 	at com.android.internal.os.ZygoteInit.preloadTextResources(ZygoteInit.java:252)
06-07 07:29:48.548 E/Hyphenator( 1324): 	at com.android.internal.os.ZygoteInit.preload(ZygoteInit.java:206)
06-07 07:29:48.548 E/Hyphenator( 1324): 	at com.android.internal.os.ZygoteInit.main(ZygoteInit.java:743)
06-07 07:29:48.548 E/Hyphenator( 1324): Caused by: android.system.ErrnoException: open failed: ENOENT (No such file or directory)
06-07 07:29:48.548 E/Hyphenator( 1324): 	at libcore.io.Posix.open(Native Method)
06-07 07:29:48.548 E/Hyphenator( 1324): 	at libcore.io.BlockGuardOs.open(BlockGuardOs.java:187)
06-07 07:29:48.548 E/Hyphenator( 1324): 	at libcore.io.IoBridge.open(IoBridge.java:441)
06-07 07:29:48.548 E/Hyphenator( 1324): 	... 6 more
06-07 07:29:48.602 E/Hyphenator( 1324): error loading hyphenation /system/usr/hyphen-data/hyph-und-ethi.hyb
06-07 07:29:48.602 E/Hyphenator( 1324): java.io.FileNotFoundException: /system/usr/hyphen-data/hyph-und-ethi.hyb: open failed: ENOENT (No such file or directory)
06-07 07:29:48.602 E/Hyphenator( 1324): 	at libcore.io.IoBridge.open(IoBridge.java:455)
06-07 07:29:48.602 E/Hyphenator( 1324): 	at java.io.RandomAccessFile.<init>(RandomAccessFile.java:247)
06-07 07:29:48.602 E/Hyphenator( 1324): 	at android.text.Hyphenator.loadHyphenator(Hyphenator.java:118)
06-07 07:29:48.602 E/Hyphenator( 1324): 	at android.text.Hyphenator.init(Hyphenator.java:224)
06-07 07:29:48.602 E/Hyphenator( 1324): 	at com.android.internal.os.ZygoteInit.preloadTextResources(ZygoteInit.java:252)
06-07 07:29:48.602 E/Hyphenator( 1324): 	at com.android.internal.os.ZygoteInit.preload(ZygoteInit.java:206)
06-07 07:29:48.602 E/Hyphenator( 1324): 	at com.android.internal.os.ZygoteInit.main(ZygoteInit.java:743)
06-07 07:29:48.602 E/Hyphenator( 1324): Caused by: android.system.ErrnoException: open failed: ENOENT (No such file or directory)
06-07 07:29:48.602 E/Hyphenator( 1324): 	at libcore.io.Posix.open(Native Method)
06-07 07:29:48.602 E/Hyphenator( 1324): 	at libcore.io.BlockGuardOs.open(BlockGuardOs.java:187)
06-07 07:29:48.602 E/Hyphenator( 1324): 	at libcore.io.IoBridge.open(IoBridge.java:441)
06-07 07:29:48.602 E/Hyphenator( 1324): 	... 6 more
06-07 07:29:49.134 I/Zygote  ( 1324): Uninstalled ICU cache reference pinning...
06-07 07:29:49.291 I/Zygote  ( 1324): Installed AndroidKeyStoreProvider in 157ms.
06-07 07:29:49.875 I/art     ( 1324): Background sticky concurrent mark sweep GC freed 14152(1103KB) AllocSpace objects, 3(120KB) LOS objects, 16% free, 6MB/7MB, paused 3.201ms total 223.525ms
06-07 07:29:49.953 I/Zygote  ( 1324): Warmed up JCA providers in 662ms.
06-07 07:29:49.954 D/Zygote  ( 1324): end preload
06-07 07:29:49.955 I/art     ( 1324): Starting a blocking GC Explicit
06-07 07:29:50.151 I/art     ( 1324): Explicit concurrent mark sweep GC freed 3168(145KB) AllocSpace objects, 4(164KB) LOS objects, 39% free, 6MB/10MB, paused 476us total 132.915ms
06-07 07:29:50.157 I/art     ( 1324): Starting a blocking GC Explicit
06-07 07:29:50.281 I/art     ( 1324): Explicit concurrent mark sweep GC freed 54(2200B) AllocSpace objects, 0(0B) LOS objects, 39% free, 6MB/10MB, paused 424us total 101.258ms
06-07 07:29:50.286 I/Zygote  ( 1324): Accepting command socket connections
06-07 07:29:50.424 I/Zygote  ( 1748): Process: zygote socket opened, supported ABIS: x86
06-07 07:29:50.430 I/InstallerConnection( 1748): connecting...
06-07 07:29:50.484 I/        ( 1328): new connection
06-07 07:29:51.021 I/InstallerConnection( 1748): disconnecting...
06-07 07:29:51.040 E/        ( 1328): eof
06-07 07:29:51.041 E/        ( 1328): failed to read size
06-07 07:29:51.041 I/        ( 1328): closing connection
06-07 07:29:52.077 I/SystemServer( 1748): Entered the Android system server!
06-07 07:29:53.958 I/SystemServiceManager( 1748): Starting com.android.server.pm.Installer
06-07 07:29:54.070 I/Installer( 1748): Waiting for installd to be ready.
06-07 07:29:54.070 I/InstallerConnection( 1748): connecting...
06-07 07:29:54.080 I/        ( 1328): new connection
06-07 07:29:54.092 I/SystemServiceManager( 1748): Starting com.android.server.am.ActivityManagerService$Lifecycle
06-07 07:29:54.558 I/ActivityManager( 1748): Memory class: 256
06-07 07:29:54.867 I/ServiceThread( 1748): Enabled StrictMode logging for ActivityManager looper.
06-07 07:29:55.240 I/ServiceThread( 1748): Enabled StrictMode logging for android.ui looper.
06-07 07:29:55.733 D/BatteryStatsImpl( 1748): Reading daily items from /data/system/batterystats-daily.xml
06-07 07:29:58.391 W/ProcessCpuTracker( 1748): Skipping unknown process pid 1804
06-07 07:29:58.542 I/IntentFirewall( 1748): Read new rules (A:0 B:0 S:0)
06-07 07:29:58.670 I/ServiceThread( 1748): Enabled StrictMode logging for android.display looper.
06-07 07:29:59.058 D/AppOps  ( 1748): AppOpsService published
06-07 07:29:59.062 I/SystemServiceManager( 1748): Starting com.android.server.power.PowerManagerService
06-07 07:29:59.121 V/NatController( 1337): runCmd(/system/bin/iptables -w -F natctrl_FORWARD) res=0
06-07 07:29:59.160 I/ServiceThread( 1748): Enabled StrictMode logging for PowerManagerService looper.
06-07 07:29:59.166 E/PowerManagerService-JNI( 1748): Couldn't load power module (No such file or directory)
06-07 07:29:59.167 W/libsuspend( 1748): Error writing 'on' to /sys/power/state: Invalid argument
06-07 07:29:59.168 I/libsuspend( 1748): Selected wakeup count
06-07 07:29:59.219 I/SystemServiceManager( 1748): Starting com.android.server.lights.LightsService
06-07 07:29:59.360 I/SystemServiceManager( 1748): Starting com.android.server.display.DisplayManagerService
06-07 07:29:59.465 I/SystemServiceManager( 1748): Starting phase 100
06-07 07:29:59.495 E/SurfaceFlinger( 1320): ro.sf.lcd_density must be defined as a build property
06-07 07:29:59.572 I/DisplayManagerService( 1748): Display device added: DisplayDeviceInfo{"Built-in Screen": uniqueId="local:0", 1080 x 1920, modeId 1, defaultModeId 1, supportedModes [{id=1, width=1080, height=1920, fps=60.000004}], colorMode 0, supportedColorModes [0], HdrCapabilities android.view.Display$HdrCapabilities@a69d6308, density 480, 480.0 x 480.0 dpi, appVsyncOff 1000000, presDeadline 16666666, touch INTERNAL, rotation 0, type BUILT_IN, state UNKNOWN, FLAG_DEFAULT_DISPLAY, FLAG_ROTATES_WITH_CONTENT, FLAG_SECURE, FLAG_SUPPORTS_PROTECTED_BUFFERS}
06-07 07:29:59.576 D/SurfaceFlinger( 1320): Set power mode=2, type=0 flinger=0x7f1ccb447000
06-07 07:29:59.576 D/SurfaceFlinger( 1320): Screen type=0 is already mode=2
06-07 07:29:59.583 I/DisplayManagerService( 1748): Display device changed state: "Built-in Screen", ON
06-07 07:29:59.590 I/SystemServer( 1748): StartPackageManagerService
06-07 07:29:59.721 V/NatController( 1337): runCmd(/system/bin/ip6tables -w -F natctrl_FORWARD) res=0
06-07 07:29:59.921 V/NatController( 1337): runCmd(/system/bin/iptables -w -A natctrl_FORWARD -j DROP) res=0
06-07 07:30:00.191 V/NatController( 1337): runCmd(/system/bin/iptables -w -t nat -F natctrl_nat_POSTROUTING) res=0
06-07 07:30:00.213 W/SystemConfig( 1748): No directory /system/etc/sysconfig, skipping
06-07 07:30:00.652 V/NatController( 1337): runCmd(/system/bin/ip6tables -w -t raw -F natctrl_raw_PREROUTING) res=0
06-07 07:30:00.867 D/SELinuxMMAC( 1748): Using policy file /system/etc/security/mac_permissions.xml
06-07 07:30:01.211 V/NatController( 1337): runCmd(/system/bin/iptables -w -F natctrl_tether_counters) res=1
06-07 07:30:01.671 V/NatController( 1337): runCmd(/system/bin/ip6tables -w -F natctrl_tether_counters) res=1
06-07 07:30:01.912 V/NatController( 1337): runCmd(/system/bin/iptables -w -X natctrl_tether_counters) res=1
06-07 07:30:02.239 V/NatController( 1337): runCmd(/system/bin/ip6tables -w -X natctrl_tether_counters) res=1
06-07 07:30:02.753 V/NatController( 1337): runCmd(/system/bin/iptables -w -N natctrl_tether_counters) res=0
06-07 07:30:03.261 V/NatController( 1337): runCmd(/system/bin/ip6tables -w -N natctrl_tether_counters) res=0
06-07 07:30:03.523 E/art     ( 1748): DexFile_getDexOptNeeded file '/system/framework/org.apache.http.legacy.jar' does not exist
06-07 07:30:03.525 W/PackageManager( 1748): Library not found: /system/framework/org.apache.http.legacy.jar
06-07 07:30:03.775 E/art     ( 1748): DexFile_getDexOptNeeded file '/system/framework/org.apache.http.legacy.jar' does not exist
06-07 07:30:03.801 W/PackageManager( 1748): Library not found: /system/framework/org.apache.http.legacy.jar
06-07 07:30:03.841 D/PackageManager( 1748): No files in app dir /vendor/overlay
06-07 07:30:03.844 V/NatController( 1337): runCmd(/system/bin/iptables -w -t mangle -A natctrl_mangle_FORWARD -p tcp --tcp-flags SYN SYN -j TCPMSS --clamp-mss-to-pmtu) res=0
06-07 07:30:05.138 W/PackageManager( 1748): Failed to parse /system/framework/oat: Missing base APK in /system/framework/oat
06-07 07:30:05.174 W/PackageManager( 1748): Failed to parse /system/framework/x86: Missing base APK in /system/framework/x86
06-07 07:30:05.176 W/PackageManager( 1748): Failed to parse /system/framework/x86_64: Missing base APK in /system/framework/x86_64
06-07 07:30:06.614 W/PackageParser( 1748): No actions in intent filter at /system/priv-app/Contacts/Contacts.apk Binary XML file line #409
06-07 07:30:07.792 W/PackageParser( 1748): No actions in intent filter at /system/priv-app/Dialer/Dialer.apk Binary XML file line #186
06-07 07:30:08.292 W/PackageManager( 1748): Permission android.permission.DOWNLOAD_WITHOUT_NOTIFICATION from package com.android.providers.downloads in an unknown group android.permission-group.NETWORK
06-07 07:30:10.876 E/Netd    ( 1337): cannot find interface dummy0
06-07 07:30:11.091 D/MDnsDS  ( 1337): MDnsSdListener::Hander starting up
06-07 07:30:11.162 D/MDnsDS  ( 1337): MDnsSdListener starting to monitor
06-07 07:30:11.162 D/MDnsDS  ( 1337): Going to poll with pollCount 1
06-07 07:30:12.088 W/PackageParser( 1748): Ignoring duplicate uses-permissions/uses-permissions-sdk-m: android.permission.USE_CREDENTIALS in package: com.android.settings at: Binary XML file line #53
06-07 07:30:12.089 W/PackageParser( 1748): Ignoring duplicate uses-permissions/uses-permissions-sdk-m: android.permission.READ_SYNC_SETTINGS in package: com.android.settings at: Binary XML file line #58
06-07 07:30:12.089 W/PackageParser( 1748): Ignoring duplicate uses-permissions/uses-permissions-sdk-m: android.permission.WRITE_SYNC_SETTINGS in package: com.android.settings at: Binary XML file line #59
06-07 07:30:13.722 W/PackageParser( 1748): Ignoring duplicate uses-permissions/uses-permissions-sdk-m: android.permission.INSTALL_GRANT_RUNTIME_PERMISSIONS in package: com.android.shell at: Binary XML file line #102
06-07 07:30:14.890 W/PackageParser( 1748): Ignoring duplicate uses-permissions/uses-permissions-sdk-m: android.permission.CONFIGURE_WIFI_DISPLAY in package: com.android.systemui at: Binary XML file line #123
06-07 07:30:15.834 I/art     ( 1748): Background sticky concurrent mark sweep GC freed 33301(2MB) AllocSpace objects, 20(416KB) LOS objects, 31% free, 6MB/10MB, paused 3.450ms total 357.634ms
06-07 07:30:16.907 W/PackageManager( 1748): Non-privileged app; cap priority to 0; package: com.android.calendar activity: com.android.calendar.GoogleCalendarUriIntentFilter origPrio: 50
06-07 07:30:17.125 W/PackageManager( 1748): Non-privileged app; cap priority to 0; package: com.android.cts.ctsshim activity: com.android.cts.ctsshim.InstallPriority origPrio: 100
06-07 07:30:17.125 W/PackageManager( 1748): Non-privileged app; cap priority to 0; package: com.android.cts.ctsshim activity: com.android.cts.ctsshim.InstallPriority origPrio: 100
06-07 07:30:17.125 W/PackageManager( 1748): Non-privileged app; cap priority to 0; package: com.android.cts.ctsshim activity: com.android.cts.ctsshim.InstallPriority origPrio: 100
06-07 07:30:17.125 W/PackageManager( 1748): Non-privileged app; cap priority to 0; package: com.android.cts.ctsshim activity: com.android.cts.ctsshim.InstallPriority origPrio: 100
06-07 07:30:17.125 W/PackageManager( 1748): Non-privileged app; cap priority to 0; package: com.android.cts.ctsshim activity: com.android.cts.ctsshim.InstallPriority origPrio: 100
06-07 07:30:18.135 W/PackageParser( 1748): Ignoring duplicate uses-permissions/uses-permissions-sdk-m: android.permission.WRITE_CONTACTS in package: com.android.email at: Binary XML file line #40
06-07 07:30:19.142 W/PackageParser( 1748): Unknown element under <application>: permission at /system/app/Gallery2/Gallery2.apk Binary XML file line #238
06-07 07:30:19.143 W/PackageParser( 1748): Unknown element under <application>: permission at /system/app/Gallery2/Gallery2.apk Binary XML file line #241
06-07 07:30:20.117 W/PackageManager( 1748): Permission com.android.launcher3.permission.READ_SETTINGS from package com.android.launcher3 in an unknown group android.permission-group.SYSTEM_TOOLS
06-07 07:30:20.118 W/PackageManager( 1748): Permission com.android.launcher3.permission.WRITE_SETTINGS from package com.android.launcher3 in an unknown group android.permission-group.SYSTEM_TOOLS
06-07 07:30:20.118 W/PackageManager( 1748): Permission com.android.launcher.permission.INSTALL_SHORTCUT from package com.android.launcher3 in an unknown group android.permission-group.SYSTEM_TOOLS
06-07 07:30:22.956 D/PackageManager( 1748): No files in app dir /system/vendor/app
06-07 07:30:22.957 D/PackageManager( 1748): No files in app dir /oem/app
06-07 07:30:24.172 W/PackageParser( 1748): No actions in intent filter at /data/app/ApiDemos/ApiDemos.apk Binary XML file line #3145
06-07 07:30:24.173 W/PackageParser( 1748): No actions in intent filter at /data/app/ApiDemos/ApiDemos.apk Binary XML file line #3151
06-07 07:30:24.215 W/PackageManager( 1748): Package com.example.android.apis desires unavailable shared library com.example.will.never.exist; ignoring!
06-07 07:30:24.282 I/SELinux ( 1748): SELinux: Loaded file_contexts contexts from /file_contexts.bin.
06-07 07:30:24.903 D/PackageManager( 1748): No files in app dir /data/app-private
06-07 07:30:24.910 D/PackageManager( 1748): No files in app dir /data/app-ephemeral
06-07 07:30:24.943 E/PackageManager( 1748): There should probably be exactly one setup wizard; found 0: matches=[]
06-07 07:30:24.943 W/PackageManager( 1748): Protected action; cap priority to 0; package: com.android.cts.priv.ctsshim activity: com.android.cts.priv.ctsshim.InstallPriority origPrio: 100
06-07 07:30:24.943 W/PackageManager( 1748): Protected action; cap priority to 0; package: com.android.cts.priv.ctsshim activity: com.android.cts.priv.ctsshim.InstallPriority origPrio: 100
06-07 07:30:24.943 W/PackageManager( 1748): Protected action; cap priority to 0; package: com.android.cts.priv.ctsshim activity: com.android.cts.priv.ctsshim.InstallPriority origPrio: 100
06-07 07:30:24.943 W/PackageManager( 1748): Protected action; cap priority to 0; package: com.android.cts.priv.ctsshim activity: com.android.cts.priv.ctsshim.InstallPriority origPrio: 100
06-07 07:30:24.944 W/PackageManager( 1748): Protected action; cap priority to 0; package: com.android.packageinstaller activity: com.android.packageinstaller.PackageInstallerActivity origPrio: 1
06-07 07:30:24.944 W/PackageManager( 1748): Package com.android.camera desires unavailable shared library com.google.android.media.effects; ignoring!
06-07 07:30:24.944 W/PackageManager( 1748): Package com.android.gallery3d desires unavailable shared library com.google.android.media.effects; ignoring!
06-07 07:30:24.944 W/PackageManager( 1748): Package com.android.gallery3d desires unavailable shared library com.google.android.media.effects; ignoring!
06-07 07:30:24.944 W/PackageManager( 1748): Package com.example.android.apis desires unavailable shared library com.example.will.never.exist; ignoring!
06-07 07:30:24.946 I/PackageManager( 1748): Adjusting ABI for com.android.providers.downloads to x86_64 (requirer=com.android.mtp, scannedPackage=null)
06-07 07:30:24.956 I/PackageManager( 1748): Adjusting ABI for com.android.providers.media to x86_64 (requirer=com.android.mtp, scannedPackage=null)
06-07 07:30:24.959 I/PackageManager( 1748): Adjusting ABI for com.android.providers.downloads.ui to x86_64 (requirer=com.android.mtp, scannedPackage=null)
06-07 07:30:24.972 I/PackageManager( 1748): Adjusting ABI for com.android.location.fused to x86_64 (requirer=android, scannedPackage=null)
06-07 07:30:24.974 I/PackageManager( 1748): Adjusting ABI for com.android.wallpaperbackup to x86_64 (requirer=android, scannedPackage=null)
06-07 07:30:24.977 I/PackageManager( 1748): Adjusting ABI for com.android.settings to x86_64 (requirer=android, scannedPackage=null)
06-07 07:30:24.979 I/PackageManager( 1748): Adjusting ABI for com.android.inputdevices to x86_64 (requirer=android, scannedPackage=null)
06-07 07:30:25.000 I/PackageManager( 1748): Adjusting ABI for com.android.providers.settings to x86_64 (requirer=android, scannedPackage=null)
06-07 07:30:25.003 I/PackageManager( 1748): Adjusting ABI for com.android.keychain to x86_64 (requirer=android, scannedPackage=null)
06-07 07:30:25.005 I/PackageManager( 1748): Adjusting ABI for com.android.server.telecom to x86_64 (requirer=android, scannedPackage=null)
06-07 07:30:25.062 I/PackageManager( 1748): Time to scan packages: 21.82 seconds
06-07 07:30:25.066 W/PackageManager( 1748): Unknown permission com.google.android.googleapps.permission.GOOGLE_AUTH in package com.android.providers.calendar
06-07 07:30:25.067 W/PackageManager( 1748): Unknown permission com.google.android.googleapps.permission.GOOGLE_AUTH.cl in package com.android.providers.calendar
06-07 07:30:25.069 W/PackageManager( 1748): Not granting permission android.permission.GLOBAL_SEARCH to package com.android.quicksearchbox (protectionLevel=18 flags=0x3808be45)
06-07 07:30:25.082 W/PackageManager( 1748): Not granting permission android.permission.WRITE_EXTERNAL_STORAGE to package gov.nasa.arc.astrobee.android.gs.manager because it was previously installed without
06-07 07:30:25.082 W/PackageManager( 1748): Not granting permission android.permission.READ_EXTERNAL_STORAGE to package gov.nasa.arc.astrobee.android.gs.manager because it was previously installed without
06-07 07:30:25.083 W/PackageManager( 1748): Unknown permission com.android.launcher.permission.READ_SETTINGS in package com.android.launcher3
06-07 07:30:25.083 W/PackageManager( 1748): Unknown permission com.android.launcher.permission.WRITE_SETTINGS in package com.android.launcher3
06-07 07:30:25.083 W/PackageManager( 1748): Not granting permission android.permission.BIND_APPWIDGET to package com.android.launcher3 (protectionLevel=18 flags=0x3c4bbe45)
06-07 07:30:25.083 W/PackageManager( 1748): Unknown permission com.google.android.googleapps.permission.GOOGLE_AUTH.mail in package com.android.calendar
06-07 07:30:25.083 W/PackageManager( 1748): Unknown permission com.google.android.providers.settings.permission.WRITE_GSETTINGS in package com.android.sdksetup
06-07 07:30:25.085 W/PackageManager( 1748): Unknown permission com.google.android.permission.INSTALL_WEARABLE_PACKAGES in package com.android.packageinstaller
06-07 07:30:25.085 W/PackageManager( 1748): Not granting permission android.permission.DELETE_PACKAGES to package com.svox.pico (protectionLevel=18 flags=0x3808be45)
06-07 07:30:25.085 W/PackageManager( 1748): Not granting permission android.permission.READ_CONTACTS to package com.example.android.apis because it was previously installed without
06-07 07:30:25.085 W/PackageManager( 1748): Not granting permission android.permission.WRITE_CONTACTS to package com.example.android.apis because it was previously installed without
06-07 07:30:25.085 W/PackageManager( 1748): Not granting permission android.permission.ACCESS_COARSE_LOCATION to package com.example.android.apis because it was previously installed without
06-07 07:30:25.085 W/PackageManager( 1748): Not granting permission android.permission.WRITE_EXTERNAL_STORAGE to package com.example.android.apis because it was previously installed without
06-07 07:30:25.085 W/PackageManager( 1748): Not granting permission android.permission.SEND_SMS to package com.example.android.apis because it was previously installed without
06-07 07:30:25.086 W/PackageManager( 1748): Not granting permission android.permission.RECEIVE_SMS to package com.example.android.apis because it was previously installed without
06-07 07:30:25.086 W/PackageManager( 1748): Not granting permission android.permission.RECEIVE_MMS to package com.example.android.apis because it was previously installed without
06-07 07:30:25.086 W/PackageManager( 1748): Not granting permission android.permission.READ_SMS to package com.example.android.apis because it was previously installed without
06-07 07:30:25.086 W/PackageManager( 1748): Not granting permission android.permission.READ_PHONE_STATE to package com.example.android.apis because it was previously installed without
06-07 07:30:25.086 W/PackageManager( 1748): Not granting permission android.permission.RECORD_AUDIO to package com.example.android.apis because it was previously installed without
06-07 07:30:25.086 W/PackageManager( 1748): Not granting permission android.permission.CAMERA to package com.example.android.apis because it was previously installed without
06-07 07:30:25.086 W/PackageManager( 1748): Not granting permission android.permission.READ_EXTERNAL_STORAGE to package com.example.android.apis because it was previously installed without
06-07 07:30:25.086 W/PackageManager( 1748): Unknown permission android.permission.RUN_INSTRUMENTATION in package org.chromium.webview_shell
06-07 07:30:25.087 W/PackageManager( 1748): Unknown permission com.google.android.googleapps.permission.GOOGLE_AUTH in package com.android.settings
06-07 07:30:25.087 W/PackageManager( 1748): Unknown permission com.android.launcher.permission.READ_SETTINGS in package com.android.settings
06-07 07:30:25.087 W/PackageManager( 1748): Unknown permission com.android.launcher.permission.WRITE_SETTINGS in package com.android.settings
06-07 07:30:25.088 W/PackageManager( 1748): Unknown permission com.android.smspush.WAPPUSH_MANAGER_BIND in package com.android.phone
06-07 07:30:25.101 W/PackageManager( 1748): Unknown permission com.google.android.googleapps.permission.ACCESS_GOOGLE_PASSWORD in package com.android.development
06-07 07:30:25.101 W/PackageManager( 1748): Unknown permission com.google.android.googleapps.permission.GOOGLE_AUTH in package com.android.development
06-07 07:30:25.101 W/PackageManager( 1748): Unknown permission com.google.android.googleapps.permission.GOOGLE_AUTH.ALL_SERVICES in package com.android.development
06-07 07:30:25.101 W/PackageManager( 1748): Unknown permission com.google.android.googleapps.permission.GOOGLE_AUTH.YouTubeUser in package com.android.development
06-07 07:30:25.102 W/PackageManager( 1748): Not granting permission android.permission.BIND_APPWIDGET to package com.android.widgetpreview (protectionLevel=18 flags=0x3808be44)
06-07 07:30:25.103 V/PackageManager( 1748): reconcileAppsData for null u0 0x3
06-07 07:30:25.179 I/SELinux ( 1328): SELinux: Loaded file_contexts contexts from /file_contexts.bin.
06-07 07:30:31.092 V/PackageManager( 1748): reconcileAppsData finished 81 packages
06-07 07:30:31.764 E/PackageManager( 1748): There should probably be a verifier, but, none were found
06-07 07:30:31.922 D/PackageManager( 1748): Ephemeral resolver NOT found; no matching intent filters
06-07 07:30:31.923 I/PackageManager( 1748): Ephemeral deactivated; missing resolver and installer
06-07 07:30:31.926 I/art     ( 1748): Starting a blocking GC Explicit
06-07 07:30:32.321 I/art     ( 1748): Explicit concurrent mark sweep GC freed 37917(2MB) AllocSpace objects, 4(80KB) LOS objects, 33% free, 7MB/10MB, paused 1.024ms total 343.323ms
06-07 07:30:32.353 I/SystemServer( 1748): StartOtaDexOptService
06-07 07:30:32.403 I/SystemServer( 1748): StartUserManagerService
06-07 07:30:32.405 I/SystemServiceManager( 1748): Starting com.android.server.pm.UserManagerService$LifeCycle
06-07 07:30:32.503 W/art     ( 1748): Long monitor contention with owner main (1748) at int android.net.LocalSocketImpl.readba_native(byte[], int, int, java.io.FileDescriptor)(LocalSocketImpl.java:-2) waiters=0 in void com.android.server.pm.Settings$RuntimePermissionPersistence.writePermissionsSync(int) for 7.081s
06-07 07:30:32.529 D/SensorService( 1748): nuSensorService starting...
06-07 07:30:32.533 I/lowmemorykiller( 1318): ActivityManager connected
06-07 07:30:32.640 D/SensorService( 1748): nuSensorService thread starting...
06-07 07:30:32.669 D/SensorService( 1748): new thread SensorEventAckReceiver
06-07 07:30:32.696 I/SystemServiceManager( 1748): Starting com.android.server.BatteryService
06-07 07:30:32.781 I/SystemServiceManager( 1748): Starting com.android.server.usage.UsageStatsService
06-07 07:30:32.949 I/SystemServiceManager( 1748): Starting com.android.server.webkit.WebViewUpdateService
06-07 07:30:33.055 I/SystemServer( 1748): Reading configuration...
06-07 07:30:33.055 I/SystemServer( 1748): StartSchedulingPolicyService
06-07 07:30:33.060 I/SystemServiceManager( 1748): Starting com.android.server.telecom.TelecomLoaderService
06-07 07:30:33.082 I/SystemServer( 1748): StartTelephonyRegistry
06-07 07:30:33.148 I/SystemServer( 1748): StartEntropyMixer
06-07 07:30:33.203 I/EntropyMixer( 1748): Writing entropy...
06-07 07:30:33.469 I/SystemServer( 1748): Camera Service
06-07 07:30:33.541 I/SystemServiceManager( 1748): Starting com.android.server.camera.CameraService
06-07 07:30:33.621 I/ServiceThread( 1748): Enabled StrictMode logging for CameraService_proxy looper.
06-07 07:30:33.635 I/SystemServer( 1748): StartAccountManagerService
06-07 07:30:33.640 I/SystemServiceManager( 1748): Starting com.android.server.accounts.AccountManagerService$Lifecycle
06-07 07:30:33.787 I/SystemServer( 1748): StartContentService
06-07 07:30:33.790 I/SystemServiceManager( 1748): Starting com.android.server.content.ContentService$Lifecycle
06-07 07:30:33.867 I/SystemServer( 1748): InstallSystemProviders
06-07 07:30:33.959 W/System  ( 1748): ClassLoader referenced unknown path: /system/priv-app/SettingsProvider/lib/x86_64
06-07 07:30:34.409 I/SystemServer( 1748): StartVibratorService
06-07 07:30:34.419 E/VibratorService( 1748): Couldn't load vibrator module (No such file or directory)
06-07 07:30:34.419 W/VibratorService( 1748): Tried to stop vibrating but there is no vibrator device.
06-07 07:30:34.477 I/SystemServer( 1748): StartConsumerIrService
06-07 07:30:34.478 E/ConsumerIrService( 1748): Can't open consumer IR HW Module, error: -2
06-07 07:30:34.482 I/SystemServer( 1748): StartAlarmManagerService
06-07 07:30:34.483 I/SystemServiceManager( 1748): Starting com.android.server.AlarmManagerService
