06-01 16:39:57.393 W/art     ( 1802): Long monitor contention with owner Binder:1802_6 (2299) at void com.android.server.wm.WindowManagerService.removeWindow(com.android.server.wm.Session, android.view.IWindow)(WindowManagerService.java:2392) waiters=0 in void com.android.server.wm.WindowManagerService$H.handleMessage(android.os.Message) for 333ms
06-01 16:39:57.550 I/AlarmClock( 2586): AlarmInitReceiver android.intent.action.TIME_SET
06-01 16:39:58.456 I/vol.Events( 2572): writeEvent level_changed STREAM_ALARM 6
06-01 16:39:58.506 I/vol.Events( 2572): writeEvent level_changed STREAM_BLUETOOTH_SCO 7
06-01 16:39:58.531 I/vol.Events( 2572): writeEvent level_changed STREAM_MUSIC 11
06-01 16:39:59.525 I/vol.Events( 2572): writeEvent level_changed STREAM_RING 5
06-01 16:39:59.531 I/vol.Events( 2572): writeEvent level_changed STREAM_SYSTEM 5
06-01 16:39:59.770 I/vol.Events( 2572): writeEvent level_changed STREAM_VOICE_CALL 4
06-01 16:40:00.051 D/StorageNotification( 2572): Notifying about private volume: VolumeInfo{private}:
06-01 16:40:00.051 D/StorageNotification( 2572):     type=PRIVATE diskId=null partGuid=null mountFlags=0 mountUserId=-1 
06-01 16:40:00.051 D/StorageNotification( 2572):     state=MOUNTED 
06-01 16:40:00.051 D/StorageNotification( 2572):     fsType=null fsUuid=null fsLabel=null 
06-01 16:40:00.051 D/StorageNotification( 2572):     path=/data internalPath=null 
06-01 16:40:00.220 V/KeyguardServiceDelegate( 1802): *** Keyguard connected (yay!)
06-01 16:40:00.450 I/Choreographer( 2572): Skipped 36 frames!  The application may be doing too much work on its main thread.
06-01 16:40:01.011 W/art     ( 1802): Long monitor contention with owner Binder:1802_11 (2556) at void com.android.server.wm.WindowManagerService.setInsetsWindow(com.android.server.wm.Session, android.view.IWindow, int, android.graphics.Rect, android.graphics.Rect, android.graphics.Region)(WindowManagerService.java:2719) waiters=0 in void com.android.server.wm.WindowManagerService$H.handleMessage(android.os.Message) for 455ms
06-01 16:40:01.044 W/art     ( 1802): Long monitor contention with owner Binder:1802_11 (2556) at void com.android.server.wm.WindowManagerService.setInsetsWindow(com.android.server.wm.Session, android.view.IWindow, int, android.graphics.Rect, android.graphics.Rect, android.graphics.Region)(WindowManagerService.java:2719) waiters=1 in void com.android.server.wm.WindowManagerService.setDockedStackDividerTouchRegion(android.graphics.Rect) for 478ms
06-01 16:40:01.280 I/SyncManager( 1802): Got SyncJobService instance.
06-01 16:40:01.291 I/FusedLocation( 1802): engine started (com.android.location.fused)
06-01 16:40:01.418 I/StatusBarManagerService( 1802): registerStatusBar bar=com.android.internal.statusbar.IStatusBar$Stub$Proxy@4149101
06-01 16:40:02.393 I/art     ( 2524): Background sticky concurrent mark sweep GC freed 19837(1931KB) AllocSpace objects, 9(212KB) LOS objects, 23% free, 7MB/10MB, paused 866us total 190.028ms
06-01 16:40:02.758 W/art     ( 1802): Long monitor contention with owner android.bg (1843) at void java.lang.Object.wait!(long, int)(Object.java:-2) waiters=0 in void java.lang.Thread.unpark$() for 472ms
06-01 16:40:02.760 E/NetdConnector( 1802): NDC Command {18 firewall disable_chain standby} took too long (1420ms)
06-01 16:40:02.807 D/WIFI    ( 1802): Registering NetworkFactory
06-01 16:40:02.808 D/ConnectivityService( 1802): Got NetworkFactory Messenger for WIFI
06-01 16:40:02.810 D/WIFI_UT ( 1802): Registering NetworkFactory
06-01 16:40:02.822 D/ConnectivityService( 1802): Got NetworkFactory Messenger for WIFI_UT
06-01 16:40:02.824 D/WIFI    ( 1802): got request NetworkRequest [ REQUEST id=1, [ Capabilities: INTERNET&NOT_RESTRICTED&TRUSTED&NOT_VPN] ] with score 0
06-01 16:40:02.825 D/WIFI_UT ( 1802): got request NetworkRequest [ REQUEST id=1, [ Capabilities: INTERNET&NOT_RESTRICTED&TRUSTED&NOT_VPN] ] with score 0
06-01 16:40:02.830 I/AlarmClock( 2586): AlarmInitReceiver android.intent.action.LOCKED_BOOT_COMPLETED
06-01 16:40:02.842 V/AlarmClock( 2586): AlarmInitReceiver finished
06-01 16:40:02.974 D/AlarmClock/Events( 2586): [Stopwatch] [Reset] [Reboot]
06-01 16:40:03.153 V/AlarmClock( 2586): AlarmInitReceiver finished
06-01 16:40:03.180 W/art     ( 2636): Unexpected CPU variant for X86 using defaults: x86_64
06-01 16:40:03.192 W/ActivityManager( 1802): Slow operation: 56ms so far, now at startProcess: returned from zygote!
06-01 16:40:03.193 W/ActivityManager( 1802): Slow operation: 57ms so far, now at startProcess: done updating battery stats
06-01 16:40:03.193 W/ActivityManager( 1802): Slow operation: 57ms so far, now at startProcess: building log message
06-01 16:40:03.193 I/ActivityManager( 1802): Start proc 2636:android.process.media/u0a10 for broadcast com.android.providers.downloads/.DownloadReceiver
06-01 16:40:03.193 W/ActivityManager( 1802): Slow operation: 57ms so far, now at startProcess: starting to update pids map
06-01 16:40:03.194 W/ActivityManager( 1802): Slow operation: 58ms so far, now at startProcess: done updating pids map
06-01 16:40:03.194 W/ActivityManager( 1802): Slow operation: 58ms so far, now at startProcess: done starting proc!
06-01 16:40:03.492 W/art     ( 2650): Unexpected CPU variant for X86 using defaults: x86_64
06-01 16:40:03.523 W/ActivityManager( 1802): Slow operation: 159ms so far, now at startProcess: returned from zygote!
06-01 16:40:03.524 W/ActivityManager( 1802): Slow operation: 160ms so far, now at startProcess: done updating battery stats
06-01 16:40:03.524 W/ActivityManager( 1802): Slow operation: 160ms so far, now at startProcess: building log message
06-01 16:40:03.524 I/ActivityManager( 1802): Start proc 2650:com.android.printspooler/u0a51 for service com.android.printspooler/.model.PrintSpoolerService
06-01 16:40:03.524 W/ActivityManager( 1802): Slow operation: 160ms so far, now at startProcess: starting to update pids map
06-01 16:40:03.524 W/ActivityManager( 1802): Slow operation: 160ms so far, now at startProcess: done updating pids map
06-01 16:40:03.524 W/ActivityManager( 1802): Slow operation: 161ms so far, now at startProcess: done starting proc!
06-01 16:40:03.525 W/art     ( 1802): Long monitor contention with owner android.bg (1843) at int com.android.server.am.ActivityManagerService.bindService(android.app.IApplicationThread, android.os.IBinder, android.content.Intent, java.lang.String, android.app.IServiceConnection, int, java.lang.String, int)(ActivityManagerService.java:17301) waiters=0 in void com.android.server.am.ActivityManagerService.dispatchUidsChanged() for 161ms
06-01 16:40:03.857 I/art     ( 2572): Background sticky concurrent mark sweep GC freed 16744(2MB) AllocSpace objects, 2(40KB) LOS objects, 28% free, 7MB/10MB, paused 12.958ms total 363.978ms
06-01 16:40:04.633 W/System  ( 2636): ClassLoader referenced unknown path: /system/priv-app/DownloadProvider/lib/x86_64
06-01 16:40:04.749 W/System  ( 2636): ClassLoader referenced unknown path: /system/priv-app/MediaProvider/lib/x86_64
06-01 16:40:04.799 D/ApplicationLoaders( 2636): ignored Vulkan layer search path /system/priv-app/MediaProvider/lib/x86_64:/system/priv-app/MediaProvider/MediaProvider.apk!/lib/x86_64:/system/lib64:/vendor/lib64 for namespace 0x76a8b98000f0
06-01 16:40:04.839 W/System  ( 2572): ClassLoader referenced unknown path: 
06-01 16:40:04.840 W/System  ( 2572): ClassLoader referenced unknown path: /system/priv-app/Dialer/lib/x86_64
06-01 16:40:04.855 D/ApplicationLoaders( 2572): ignored Vulkan layer search path /system/priv-app/Dialer/lib/x86_64:/system/lib64:/vendor/lib64 for namespace 0x76a8b99630f0
06-01 16:40:05.171 E/BluetoothAdapter( 2572): Bluetooth binder is null
06-01 16:40:05.416 I/CameraManagerGlobal( 2572): Connecting to camera service
06-01 16:40:05.467 V/EmulatedCamera_Camera( 1332): getCameraInfo
06-01 16:40:05.469 V/EmulatedCamera_BaseCamera( 1332): getCameraInfo
06-01 16:40:05.469 I/CameraService( 1332): getCameraCharacteristics: Switching to HAL1 shim implementation...
06-01 16:40:05.469 V/EmulatedCamera_Camera( 1332): getCameraInfo
06-01 16:40:05.469 V/EmulatedCamera_BaseCamera( 1332): getCameraInfo
06-01 16:40:05.479 V/EmulatedCamera_Camera( 1332): getCameraInfo
06-01 16:40:05.480 V/EmulatedCamera_BaseCamera( 1332): getCameraInfo
06-01 16:40:05.499 V/EmulatedCamera_Camera( 1332): getCameraInfo
06-01 16:40:05.499 V/EmulatedCamera_BaseCamera( 1332): getCameraInfo
06-01 16:40:05.545 I/art     ( 1802): Background partial concurrent mark sweep GC freed 19745(1607KB) AllocSpace objects, 10(564KB) LOS objects, 28% free, 9MB/13MB, paused 3.632ms total 321.749ms
06-01 16:40:05.630 I/StatusBar( 2572): isKeyguardShowing() called before startKeyguard(), returning true
06-01 16:40:05.643 W/StatusBar( 2572): isKeyguardSecure() called before startKeyguard(), returning false
06-01 16:40:05.643 W/StatusBar( 2572): java.lang.Throwable
06-01 16:40:05.643 W/StatusBar( 2572): 	at com.android.systemui.statusbar.BaseStatusBar.isKeyguardSecure(BaseStatusBar.java:2647)
06-01 16:40:05.643 W/StatusBar( 2572): 	at com.android.systemui.statusbar.BaseStatusBar.isCameraAllowedByAdmin(BaseStatusBar.java:2670)
06-01 16:40:05.643 W/StatusBar( 2572): 	at com.android.systemui.statusbar.phone.KeyguardBottomAreaView.updateCameraVisibility(KeyguardBottomAreaView.java:309)
06-01 16:40:05.643 W/StatusBar( 2572): 	at com.android.systemui.statusbar.phone.KeyguardBottomAreaView.setPhoneStatusBar(KeyguardBottomAreaView.java:272)
06-01 16:40:05.643 W/StatusBar( 2572): 	at com.android.systemui.statusbar.phone.PhoneStatusBar.makeStatusBarView(PhoneStatusBar.java:904)
06-01 16:40:05.643 W/StatusBar( 2572): 	at com.android.systemui.statusbar.phone.PhoneStatusBar.addStatusBarWindow(PhoneStatusBar.java:3432)
06-01 16:40:05.643 W/StatusBar( 2572): 	at com.android.systemui.statusbar.phone.PhoneStatusBar.createAndAddWindows(PhoneStatusBar.java:3428)
06-01 16:40:05.643 W/StatusBar( 2572): 	at com.android.systemui.statusbar.BaseStatusBar.start(BaseStatusBar.java:765)
06-01 16:40:05.643 W/StatusBar( 2572): 	at com.android.systemui.statusbar.phone.PhoneStatusBar.start(PhoneStatusBar.java:686)
06-01 16:40:05.643 W/StatusBar( 2572): 	at com.android.systemui.statusbar.SystemBars.createStatusBarFromConfig(SystemBars.java:106)
06-01 16:40:05.643 W/StatusBar( 2572): 	at com.android.systemui.statusbar.SystemBars.onNoService(SystemBars.java:58)
06-01 16:40:05.643 W/StatusBar( 2572): 	at com.android.systemui.statusbar.ServiceMonitor.startService(ServiceMonitor.java:230)
06-01 16:40:05.643 W/StatusBar( 2572): 	at com.android.systemui.statusbar.ServiceMonitor.-wrap5(ServiceMonitor.java)
06-01 16:40:05.643 W/StatusBar( 2572): 	at com.android.systemui.statusbar.ServiceMonitor$1.handleMessage(ServiceMonitor.java:73)
06-01 16:40:05.643 W/StatusBar( 2572): 	at android.os.Handler.dispatchMessage(Handler.java:102)
06-01 16:40:05.643 W/StatusBar( 2572): 	at android.os.Looper.loop(Looper.java:154)
06-01 16:40:05.643 W/StatusBar( 2572): 	at android.app.ActivityThread.main(ActivityThread.java:6119)
06-01 16:40:05.643 W/StatusBar( 2572): 	at java.lang.reflect.Method.invoke(Native Method)
06-01 16:40:05.643 W/StatusBar( 2572): 	at com.android.internal.os.ZygoteInit$MethodAndArgsCaller.run(ZygoteInit.java:886)
06-01 16:40:05.643 W/StatusBar( 2572): 	at com.android.internal.os.ZygoteInit.main(ZygoteInit.java:776)
06-01 16:40:05.651 I/StatusBar( 2572): isKeyguardShowing() called before startKeyguard(), returning true
06-01 16:40:05.666 W/StatusBar( 2572): isKeyguardSecure() called before startKeyguard(), returning false
06-01 16:40:05.666 W/StatusBar( 2572): java.lang.Throwable
06-01 16:40:05.666 W/StatusBar( 2572): 	at com.android.systemui.statusbar.BaseStatusBar.isKeyguardSecure(BaseStatusBar.java:2647)
06-01 16:40:05.666 W/StatusBar( 2572): 	at com.android.systemui.statusbar.BaseStatusBar.isCameraAllowedByAdmin(BaseStatusBar.java:2670)
06-01 16:40:05.666 W/StatusBar( 2572): 	at com.android.systemui.statusbar.phone.KeyguardBottomAreaView.updateCameraVisibility(KeyguardBottomAreaView.java:309)
06-01 16:40:05.666 W/StatusBar( 2572): 	at com.android.systemui.statusbar.phone.KeyguardBottomAreaView.setUserSetupComplete(KeyguardBottomAreaView.java:281)
06-01 16:40:05.666 W/StatusBar( 2572): 	at com.android.systemui.statusbar.phone.PhoneStatusBar.makeStatusBarView(PhoneStatusBar.java:905)
06-01 16:40:05.666 W/StatusBar( 2572): 	at com.android.systemui.statusbar.phone.PhoneStatusBar.addStatusBarWindow(PhoneStatusBar.java:3432)
06-01 16:40:05.666 W/StatusBar( 2572): 	at com.android.systemui.statusbar.phone.PhoneStatusBar.createAndAddWindows(PhoneStatusBar.java:3428)
06-01 16:40:05.666 W/StatusBar( 2572): 	at com.android.systemui.statusbar.BaseStatusBar.start(BaseStatusBar.java:765)
06-01 16:40:05.666 W/StatusBar( 2572): 	at com.android.systemui.statusbar.phone.PhoneStatusBar.start(PhoneStatusBar.java:686)
06-01 16:40:05.666 W/StatusBar( 2572): 	at com.android.systemui.statusbar.SystemBars.createStatusBarFromConfig(SystemBars.java:106)
06-01 16:40:05.666 W/StatusBar( 2572): 	at com.android.systemui.statusbar.SystemBars.onNoService(SystemBars.java:58)
06-01 16:40:05.666 W/StatusBar( 2572): 	at com.android.systemui.statusbar.ServiceMonitor.startService(ServiceMonitor.java:230)
06-01 16:40:05.666 W/StatusBar( 2572): 	at com.android.systemui.statusbar.ServiceMonitor.-wrap5(ServiceMonitor.java)
06-01 16:40:05.666 W/StatusBar( 2572): 	at com.android.systemui.statusbar.ServiceMonitor$1.handleMessage(ServiceMonitor.java:73)
06-01 16:40:05.666 W/StatusBar( 2572): 	at android.os.Handler.dispatchMessage(Handler.java:102)
06-01 16:40:05.666 W/StatusBar( 2572): 	at android.os.Looper.loop(Looper.java:154)
06-01 16:40:05.666 W/StatusBar( 2572): 	at android.app.ActivityThread.main(ActivityThread.java:6119)
06-01 16:40:05.666 W/StatusBar( 2572): 	at java.lang.reflect.Method.invoke(Native Method)
06-01 16:40:05.666 W/StatusBar( 2572): 	at com.android.internal.os.ZygoteInit$MethodAndArgsCaller.run(ZygoteInit.java:886)
06-01 16:40:05.666 W/StatusBar( 2572): 	at com.android.internal.os.ZygoteInit.main(ZygoteInit.java:776)
06-01 16:40:06.025 V/EmulatedCamera_Camera( 1332): getCameraInfo
06-01 16:40:06.026 V/EmulatedCamera_BaseCamera( 1332): getCameraInfo
06-01 16:40:06.030 V/EmulatedCamera_Camera( 1332): getCameraInfo
06-01 16:40:06.031 V/EmulatedCamera_BaseCamera( 1332): getCameraInfo
06-01 16:40:06.424 I/StatusBar( 2572): isKeyguardShowing() called before startKeyguard(), returning true
06-01 16:40:06.426 W/StatusBar( 2572): isKeyguardSecure() called before startKeyguard(), returning false
06-01 16:40:06.426 W/StatusBar( 2572): java.lang.Throwable
06-01 16:40:06.426 W/StatusBar( 2572): 	at com.android.systemui.statusbar.BaseStatusBar.isKeyguardSecure(BaseStatusBar.java:2647)
06-01 16:40:06.426 W/StatusBar( 2572): 	at com.android.systemui.statusbar.BaseStatusBar.isCameraAllowedByAdmin(BaseStatusBar.java:2670)
06-01 16:40:06.426 W/StatusBar( 2572): 	at com.android.systemui.statusbar.phone.KeyguardBottomAreaView.updateCameraVisibility(KeyguardBottomAreaView.java:309)
06-01 16:40:06.426 W/StatusBar( 2572): 	at com.android.systemui.statusbar.phone.KeyguardBottomAreaView.setUserSetupComplete(KeyguardBottomAreaView.java:281)
06-01 16:40:06.426 W/StatusBar( 2572): 	at com.android.systemui.statusbar.phone.PhoneStatusBar$1.onChange(PhoneStatusBar.java:441)
06-01 16:40:06.426 W/StatusBar( 2572): 	at com.android.systemui.statusbar.phone.PhoneStatusBar.resetUserSetupObserver(PhoneStatusBar.java:3676)
06-01 16:40:06.426 W/StatusBar( 2572): 	at com.android.systemui.statusbar.phone.PhoneStatusBar.makeStatusBarView(PhoneStatusBar.java:1008)
06-01 16:40:06.426 W/StatusBar( 2572): 	at com.android.systemui.statusbar.phone.PhoneStatusBar.addStatusBarWindow(PhoneStatusBar.java:3432)
06-01 16:40:06.426 W/StatusBar( 2572): 	at com.android.systemui.statusbar.phone.PhoneStatusBar.createAndAddWindows(PhoneStatusBar.java:3428)
06-01 16:40:06.426 W/StatusBar( 2572): 	at com.android.systemui.statusbar.BaseStatusBar.start(BaseStatusBar.java:765)
06-01 16:40:06.426 W/StatusBar( 2572): 	at com.android.systemui.statusbar.phone.PhoneStatusBar.start(PhoneStatusBar.java:686)
06-01 16:40:06.426 W/StatusBar( 2572): 	at com.android.systemui.statusbar.SystemBars.createStatusBarFromConfig(SystemBars.java:106)
06-01 16:40:06.426 W/StatusBar( 2572): 	at com.android.systemui.statusbar.SystemBars.onNoService(SystemBars.java:58)
06-01 16:40:06.426 W/StatusBar( 2572): 	at com.android.systemui.statusbar.ServiceMonitor.startService(ServiceMonitor.java:230)
06-01 16:40:06.426 W/StatusBar( 2572): 	at com.android.systemui.statusbar.ServiceMonitor.-wrap5(ServiceMonitor.java)
06-01 16:40:06.426 W/StatusBar( 2572): 	at com.android.systemui.statusbar.ServiceMonitor$1.handleMessage(ServiceMonitor.java:73)
06-01 16:40:06.426 W/StatusBar( 2572): 	at android.os.Handler.dispatchMessage(Handler.java:102)
06-01 16:40:06.426 W/StatusBar( 2572): 	at android.os.Looper.loop(Looper.java:154)
06-01 16:40:06.426 W/StatusBar( 2572): 	at android.app.ActivityThread.main(ActivityThread.java:6119)
06-01 16:40:06.426 W/StatusBar( 2572): 	at java.lang.reflect.Method.invoke(Native Method)
06-01 16:40:06.426 W/StatusBar( 2572): 	at com.android.internal.os.ZygoteInit$MethodAndArgsCaller.run(ZygoteInit.java:886)
06-01 16:40:06.426 W/StatusBar( 2572): 	at com.android.internal.os.ZygoteInit.main(ZygoteInit.java:776)
06-01 16:40:06.519 E/SurfaceFlinger( 1325): ro.sf.lcd_density must be defined as a build property
06-01 16:40:06.546 D/OpenGLRenderer( 2572): profile bars disabled
06-01 16:40:06.548 D/OpenGLRenderer( 2572): ambientRatio = 1.50
06-01 16:40:06.659 D/PhoneStatusBar( 2572): disable: < EXPAND* icons alerts system_info BACK* HOME* RECENT* clock SEARCH* quick_settings >
06-01 16:40:06.816 D/MediaScannerReceiver( 2636): action: android.intent.action.MEDIA_MOUNTED path: /storage/emulated/0
06-01 16:40:07.008 W/Binder  ( 2572): Binder call failed.
06-01 16:40:07.008 W/Binder  ( 2572): android.os.DeadObjectException
06-01 16:40:07.008 W/Binder  ( 2572): 	at android.os.BinderProxy.transactNative(Native Method)
06-01 16:40:07.008 W/Binder  ( 2572): 	at android.os.BinderProxy.transact(Binder.java:615)
06-01 16:40:07.008 W/Binder  ( 2572): 	at android.content.IIntentReceiver$Stub$Proxy.performReceive(IIntentReceiver.java:124)
06-01 16:40:07.008 W/Binder  ( 2572): 	at android.app.ActivityThread$ApplicationThread.scheduleRegisteredReceiver(ActivityThread.java:946)
06-01 16:40:07.008 W/Binder  ( 2572): 	at android.app.ApplicationThreadNative.onTransact(ApplicationThreadNative.java:404)
06-01 16:40:07.008 W/Binder  ( 2572): 	at android.os.Binder.execTransact(Binder.java:565)
06-01 16:40:07.240 D/PhoneStatusBar( 2572): heads up is enabled
06-01 16:40:07.606 I/art     ( 2572): Background partial concurrent mark sweep GC freed 10002(1369KB) AllocSpace objects, 4(84KB) LOS objects, 23% free, 12MB/16MB, paused 1.046ms total 182.937ms
06-01 16:40:08.644 W/art     ( 1802): Long monitor contention with owner Binder:1802_D (2547) at int com.android.server.wm.WindowManagerService.relayoutWindow(com.android.server.wm.Session, android.view.IWindow, int, android.view.WindowManager$LayoutParams, int, int, int, int, android.graphics.Rect, android.graphics.Rect, android.graphics.Rect, android.graphics.Rect, android.graphics.Rect, android.graphics.Rect, android.graphics.Rect, android.content.res.Configuration, android.view.Surface)(WindowManagerService.java:2857) waiters=0 in void com.android.server.wm.WindowManagerService$H.handleMessage(android.os.Message) for 1.173s
06-01 16:40:08.647 W/art     ( 1802): Long monitor contention with owner Binder:1802_D (2547) at int com.android.server.wm.WindowManagerService.relayoutWindow(com.android.server.wm.Session, android.view.IWindow, int, android.view.WindowManager$LayoutParams, int, int, int, int, android.graphics.Rect, android.graphics.Rect, android.graphics.Rect, android.graphics.Rect, android.graphics.Rect, android.graphics.Rect, android.graphics.Rect, android.content.res.Configuration, android.view.Surface)(WindowManagerService.java:2857) waiters=1 in void com.android.server.wm.WindowManagerService.getInitialDisplaySize(int, android.graphics.Point) for 352ms
06-01 16:40:08.861 W/KeyguardUpdateMonitor( 2572): invalid subId in handleSimStateChange()
06-01 16:40:09.344 V/KeyguardServiceDelegate( 1802): **** SHOWN CALLED ****
06-01 16:40:09.348 I/Choreographer( 2572): Skipped 265 frames!  The application may be doing too much work on its main thread.
06-01 16:40:09.422 D/ViewRootImpl[StatusBar]( 2572): changeCanvasOpacity: opaque=true
06-01 16:40:09.618 W/art     ( 1802): Long monitor contention with owner android.ui (1845) at int com.android.server.wm.WindowManagerService.relayoutWindow(com.android.server.wm.Session, android.view.IWindow, int, android.view.WindowManager$LayoutParams, int, int, int, int, android.graphics.Rect, android.graphics.Rect, android.graphics.Rect, android.graphics.Rect, android.graphics.Rect, android.graphics.Rect, android.graphics.Rect, android.content.res.Configuration, android.view.Surface)(WindowManagerService.java:2857) waiters=0 in void com.android.server.wm.WindowAnimator$1.doFrame(long) for 745ms
06-01 16:40:09.896 I/Choreographer( 2524): Skipped 31 frames!  The application may be doing too much work on its main thread.
06-01 16:40:10.447 I/Choreographer( 1802): Skipped 32 frames!  The application may be doing too much work on its main thread.
06-01 16:40:10.968 W/art     ( 1802): Long monitor contention with owner android.display (1855) at void com.android.server.wm.WindowAnimator$1.doFrame(long)(WindowAnimator.java:144) waiters=1 in int com.android.server.wm.WindowManagerService.relayoutWindow(com.android.server.wm.Session, android.view.IWindow, int, android.view.WindowManager$LayoutParams, int, int, int, int, android.graphics.Rect, android.graphics.Rect, android.graphics.Rect, android.graphics.Rect, android.graphics.Rect, android.graphics.Rect, android.graphics.Rect, android.content.res.Configuration, android.view.Surface) for 518ms
06-01 16:40:11.309 W/art     ( 1802): Long monitor contention with owner android.display (1855) at void com.android.server.wm.WindowManagerService$H.handleMessage(android.os.Message)(WindowManagerService.java:8368) waiters=1 in void com.android.server.wm.WindowManagerService.getInitialDisplaySize(int, android.graphics.Point) for 850ms
06-01 16:40:11.310 W/art     ( 1802): Long monitor contention with owner android.display (1855) at void com.android.server.wm.WindowManagerService$H.handleMessage(android.os.Message)(WindowManagerService.java:8368) waiters=2 in int com.android.server.wm.WindowManagerService.relayoutWindow(com.android.server.wm.Session, android.view.IWindow, int, android.view.WindowManager$LayoutParams, int, int, int, int, android.graphics.Rect, android.graphics.Rect, android.graphics.Rect, android.graphics.Rect, android.graphics.Rect, android.graphics.Rect, android.graphics.Rect, android.content.res.Configuration, android.view.Surface) for 505ms
06-01 16:40:11.752 V/MediaScanner( 2636): pruneDeadThumbnailFiles... android.content.ContentProviderClient$CursorWrapperInner@efd659d
06-01 16:40:11.756 V/MediaScanner( 2636): /pruneDeadThumbnailFiles... android.content.ContentProviderClient$CursorWrapperInner@efd659d
06-01 16:40:12.279 W/art     ( 1802): Long monitor contention with owner android.ui (1845) at int com.android.server.wm.WindowManagerService.relayoutWindow(com.android.server.wm.Session, android.view.IWindow, int, android.view.WindowManager$LayoutParams, int, int, int, int, android.graphics.Rect, android.graphics.Rect, android.graphics.Rect, android.graphics.Rect, android.graphics.Rect, android.graphics.Rect, android.graphics.Rect, android.content.res.Configuration, android.view.Surface)(WindowManagerService.java:2857) waiters=2 in void com.android.server.wm.WindowManagerService$H.handleMessage(android.os.Message) for 1.307s
06-01 16:40:12.282 W/art     ( 1802): Long monitor contention with owner Binder:1802_2 (1823) at int com.android.server.wm.WindowManagerService.relayoutWindow(com.android.server.wm.Session, android.view.IWindow, int, android.view.WindowManager$LayoutParams, int, int, int, int, android.graphics.Rect, android.graphics.Rect, android.graphics.Rect, android.graphics.Rect, android.graphics.Rect, android.graphics.Rect, android.graphics.Rect, android.content.res.Configuration, android.view.Surface)(WindowManagerService.java:2857) waiters=1 in void com.android.server.wm.WindowManagerService.getInitialDisplaySize(int, android.graphics.Point) for 615ms
06-01 16:40:12.285 I/Choreographer( 1802): Skipped 77 frames!  The application may be doing too much work on its main thread.
06-01 16:40:12.971 W/art     ( 1802): Long monitor contention with owner android.display (1855) at void com.android.server.wm.WindowManagerService$H.handleMessage(android.os.Message)(WindowManagerService.java:8368) waiters=0 in int com.android.server.wm.WindowManagerService.relayoutWindow(com.android.server.wm.Session, android.view.IWindow, int, android.view.WindowManager$LayoutParams, int, int, int, int, android.graphics.Rect, android.graphics.Rect, android.graphics.Rect, android.graphics.Rect, android.graphics.Rect, android.graphics.Rect, android.graphics.Rect, android.content.res.Configuration, android.view.Surface) for 207ms
06-01 16:40:13.184 W/art     ( 1802): Long monitor contention with owner Binder:1802_C (2546) at int com.android.server.wm.WindowManagerService.relayoutWindow(com.android.server.wm.Session, android.view.IWindow, int, android.view.WindowManager$LayoutParams, int, int, int, int, android.graphics.Rect, android.graphics.Rect, android.graphics.Rect, android.graphics.Rect, android.graphics.Rect, android.graphics.Rect, android.graphics.Rect, android.content.res.Configuration, android.view.Surface)(WindowManagerService.java:2857) waiters=0 in void com.android.server.wm.WindowManagerService$H.handleMessage(android.os.Message) for 210ms
06-01 16:40:13.704 D/WifiService( 1802): New client listening to asynchronous messages
06-01 16:40:14.195 I/Choreographer( 2572): Skipped 289 frames!  The application may be doing too much work on its main thread.
06-01 16:40:14.203 W/art     ( 1802): Long monitor contention with owner Binder:1802_10 (2555) at int com.android.server.wm.WindowManagerService.relayoutWindow(com.android.server.wm.Session, android.view.IWindow, int, android.view.WindowManager$LayoutParams, int, int, int, int, android.graphics.Rect, android.graphics.Rect, android.graphics.Rect, android.graphics.Rect, android.graphics.Rect, android.graphics.Rect, android.graphics.Rect, android.content.res.Configuration, android.view.Surface)(WindowManagerService.java:2857) waiters=0 in void com.android.server.wm.WindowManagerService$H.handleMessage(android.os.Message) for 186ms
06-01 16:40:14.286 D/gralloc_ranchu( 2572): Emulator without host-side GPU emulation detected. Loading gralloc.default.so from /vendor/lib64/hw/gralloc.goldfish.default.so...
06-01 16:40:14.303 D/gralloc_ranchu( 2572): gralloc.default.so not found in /vendor. Trying /system/lib64/hw/gralloc.goldfish.default.so...
06-01 16:40:14.470 D/PhoneStatusBar( 2572): disable: < expand* icons alerts system_info back* home* recent* clock search* quick_settings >
06-01 16:40:14.766 W/art     ( 1802): Long monitor contention with owner android.display (1855) at void com.android.server.wm.WindowManagerService$H.handleMessage(android.os.Message)(WindowManagerService.java:8368) waiters=0 in int com.android.server.wm.WindowManagerService.relayoutWindow(com.android.server.wm.Session, android.view.IWindow, int, android.view.WindowManager$LayoutParams, int, int, int, int, android.graphics.Rect, android.graphics.Rect, android.graphics.Rect, android.graphics.Rect, android.graphics.Rect, android.graphics.Rect, android.graphics.Rect, android.content.res.Configuration, android.view.Surface) for 175ms
06-01 16:40:16.001 I/Choreographer( 2572): Skipped 106 frames!  The application may be doing too much work on its main thread.
06-01 16:40:16.861 I/art     ( 2572): Background sticky concurrent mark sweep GC freed 13148(873KB) AllocSpace objects, 3(60KB) LOS objects, 0% free, 18MB/18MB, paused 11.116ms total 145.537ms
06-01 16:40:17.003 I/art     ( 2572): Background partial concurrent mark sweep GC freed 3677(200KB) AllocSpace objects, 1(4MB) LOS objects, 23% free, 13MB/17MB, paused 5.604ms total 112.422ms
06-01 16:40:17.322 W/art     ( 1802): Long monitor contention with owner Binder:1802_D (2547) at int com.android.server.wm.WindowManagerService.relayoutWindow(com.android.server.wm.Session, android.view.IWindow, int, android.view.WindowManager$LayoutParams, int, int, int, int, android.graphics.Rect, android.graphics.Rect, android.graphics.Rect, android.graphics.Rect, android.graphics.Rect, android.graphics.Rect, android.graphics.Rect, android.content.res.Configuration, android.view.Surface)(WindowManagerService.java:2857) waiters=0 in void com.android.server.wm.WindowManagerService$H.handleMessage(android.os.Message) for 612ms
06-01 16:40:53.997 W//sbin/adbd( 1327): type=1400 audit(0.0:16): avc: denied { search } for comm=73657276696365203331 name="security" dev="vdc" ino=35203 scontext=u:r:adbd:s0 tcontext=u:object_r:security_file:s0 tclass=dir permissive=0
06-01 16:41:06.997 W/BroadcastQueue( 1802): Timeout of broadcast BroadcastRecord{b3e765f u0 android.intent.action.BOOT_COMPLETED} - receiver=android.os.BinderProxy@fc19103, started 60001ms ago
06-01 16:41:06.998 W/BroadcastQueue( 1802): Receiver during timeout: BroadcastFilter{5625eb9 u0 ReceiverList{aebd880 2014 com.android.systemui/10021/u0 remote:fc19103}}
06-01 16:41:07.004 W/Binder  ( 2572): Binder call failed.
06-01 16:41:07.004 W/Binder  ( 2572): android.os.DeadObjectException
06-01 16:41:07.004 W/Binder  ( 2572): 	at android.os.BinderProxy.transactNative(Native Method)
06-01 16:41:07.004 W/Binder  ( 2572): 	at android.os.BinderProxy.transact(Binder.java:615)
06-01 16:41:07.004 W/Binder  ( 2572): 	at android.content.IIntentReceiver$Stub$Proxy.performReceive(IIntentReceiver.java:124)
06-01 16:41:07.004 W/Binder  ( 2572): 	at android.app.ActivityThread$ApplicationThread.scheduleRegisteredReceiver(ActivityThread.java:946)
06-01 16:41:07.004 W/Binder  ( 2572): 	at android.app.ApplicationThreadNative.onTransact(ApplicationThreadNative.java:404)
06-01 16:41:07.004 W/Binder  ( 2572): 	at android.os.Binder.execTransact(Binder.java:565)
06-01 16:41:27.979 D/AndroidRuntime( 2689): >>>>>> START com.android.internal.os.RuntimeInit uid 2000 <<<<<<
06-01 16:41:28.004 D/AndroidRuntime( 2689): CheckJNI is ON
06-01 16:41:28.403 W/art     ( 2689): Unexpected CPU variant for X86 using defaults: x86_64
06-01 16:41:28.448 D/ICU     ( 2689): No timezone override file found: /data/misc/zoneinfo/current/icu/icu_tzdata.dat
06-01 16:41:28.646 E/memtrack( 2689): Couldn't load memtrack module (No such file or directory)
06-01 16:41:28.647 E/android.os.Debug( 2689): failed to load memtrack module: -2
06-01 16:41:28.655 I/Radio-JNI( 2689): register_android_hardware_Radio DONE
06-01 16:41:28.796 D/AndroidRuntime( 2689): Calling main entry com.android.commands.pm.Pm
06-01 16:41:28.898 I/        ( 1334): free_cache(132737649) avail 742158336
06-01 16:41:58.185 W/ActivityManager( 1802): Slow operation: 116ms so far, now at startProcess: returned from zygote!
06-01 16:41:58.186 W/ActivityManager( 1802): Slow operation: 117ms so far, now at startProcess: done updating battery stats
06-01 16:41:58.187 W/ActivityManager( 1802): Slow operation: 118ms so far, now at startProcess: building log message
06-01 16:41:58.187 I/ActivityManager( 1802): Start proc 2700:com.android.defcontainer/u0a7 for service com.android.defcontainer/.DefaultContainerService
06-01 16:41:58.187 W/ActivityManager( 1802): Slow operation: 118ms so far, now at startProcess: starting to update pids map
06-01 16:41:58.187 W/ActivityManager( 1802): Slow operation: 119ms so far, now at startProcess: done updating pids map
06-01 16:41:58.188 W/ActivityManager( 1802): Slow operation: 120ms so far, now at startProcess: done starting proc!
06-01 16:41:58.196 W/art     ( 2700): Unexpected CPU variant for X86 using defaults: x86_64
06-01 16:41:59.006 I/PackageManager.DexOptimizer( 1802): Running dexopt (dex2oat) on: /data/app/vmdl1310778690.tmp/base.apk pkg=jp.jaxa.iss.kibo.rpc.defaultapk isa=x86_64 vmSafeMode=false debuggable=true target-filter=interpret-only oatDir = /data/app/vmdl1310778690.tmp/oat sharedLibraries=null
06-01 16:41:59.393 W/dex2oat ( 2715): Unexpected CPU variant for X86 using defaults: x86_64
06-01 16:41:59.409 I/dex2oat ( 2715): /system/bin/dex2oat --compiler-filter=interpret-only --debuggable
06-01 16:42:02.455 W/dex2oat ( 2715): Before Android 4.1, method android.graphics.PorterDuffColorFilter android.support.graphics.drawable.VectorDrawableCompat.updateTintFilter(android.graphics.PorterDuffColorFilter, android.content.res.ColorStateList, android.graphics.PorterDuff$Mode) would have incorrectly overridden the package-private method in android.graphics.drawable.Drawable
06-01 16:42:02.855 W/dex2oat ( 2715): Before Android 4.1, method int android.support.v7.widget.ListViewCompat.lookForSelectablePosition(int, boolean) would have incorrectly overridden the package-private method in android.widget.ListView
06-01 16:42:07.022 W/BroadcastQueue( 1802): Timeout of broadcast BroadcastRecord{b3e765f u0 android.intent.action.BOOT_COMPLETED} - receiver=android.os.BinderProxy@9fb6829, started 60002ms ago
06-01 16:42:07.022 W/BroadcastQueue( 1802): Receiver during timeout: BroadcastFilter{247e8dc u0 ReceiverList{27e07ae 2014 com.android.systemui/10021/u0 remote:9fb6829}}
06-01 16:42:07.115 I/RecoverySystem( 1802): No recovery log file
06-01 16:42:07.142 W/ActivityManager( 1802): Slow operation: 97ms so far, now at startProcess: returned from zygote!
06-01 16:42:07.142 W/ActivityManager( 1802): Slow operation: 98ms so far, now at startProcess: done updating battery stats
06-01 16:42:07.143 W/ActivityManager( 1802): Slow operation: 98ms so far, now at startProcess: building log message
06-01 16:42:07.143 I/ActivityManager( 1802): Start proc 2719:com.android.dialer/u0a8 for broadcast com.android.dialer/.calllog.CallLogReceiver
06-01 16:42:07.143 W/ActivityManager( 1802): Slow operation: 98ms so far, now at startProcess: starting to update pids map
06-01 16:42:07.143 W/ActivityManager( 1802): Slow operation: 98ms so far, now at startProcess: done updating pids map
06-01 16:42:07.143 W/ActivityManager( 1802): Slow operation: 99ms so far, now at startProcess: done starting proc!
06-01 16:42:07.169 W/art     ( 2719): Unexpected CPU variant for X86 using defaults: x86_64
06-01 16:42:07.176 I/BootReceiver( 1802): Copying audit failures to DropBox
06-01 16:42:07.176 I/BootReceiver( 1802): Checking for fsck errors
06-01 16:42:07.351 W/dex2oat ( 2715): Verification of org.opencv.core.Size org.opencv.android.CameraBridgeViewBase.calculateCameraFrameSize(java.util.List, org.opencv.android.CameraBridgeViewBase$ListItemAccessor, int, int) took 108.910ms
06-01 16:42:07.355 W/dex2oat ( 2715): Verification of void org.opencv.android.BaseLoaderCallback$2.onClick(android.content.DialogInterface, int) took 160.418ms
06-01 16:42:07.451 W/dex2oat ( 2715): Verification of void org.opencv.android.CameraBridgeViewBase.deliverAndDrawFrame(org.opencv.android.CameraBridgeViewBase$CvCameraViewFrame) took 100.091ms
06-01 16:42:07.788 W/dex2oat ( 2715): Verification of boolean org.opencv.android.JavaCameraView.initializeCamera(int, int) took 240.969ms
06-01 16:42:08.044 E/NetdConnector( 1802): NDC Command {19 bandwidth addniceapps 10010} took too long (787ms)
06-01 16:42:08.097 W/art     ( 1802): Long monitor contention with owner android.ui (1845) at void com.android.server.NetworkManagementService.setUidOnMeteredNetworkList(android.util.SparseBooleanArray, int, boolean, boolean)(NetworkManagementService.java:1811) waiters=0 in void com.android.server.NetworkManagementService.setUidCleartextNetworkPolicy(int, int) for 591ms
06-01 16:42:08.242 W/System  ( 2719): ClassLoader referenced unknown path: /system/priv-app/Dialer/lib/x86_64
06-01 16:42:09.374 D/ExtensionsFactory( 2719): No custom extensions.
06-01 16:42:09.511 D/BlockedNumbersAuto( 2719): Not attempting auto-migrate: already checked once.
06-01 16:42:09.867 D/CarrierConfigLoader( 2271): mHandler: 13 phoneId: 0
06-01 16:42:09.871 D/CarrierConfigLoader( 2271): mHandler: 7 phoneId: 0
06-01 16:42:09.912 E/CarrierConfigLoader( 2271): Cannot restore config with null packageName or iccid.
06-01 16:42:09.913 D/CarrierConfigLoader( 2271): Binding to com.android.carrierconfig for phone 0
06-01 16:42:09.967 W/dex2oat ( 2715): Verification of com.google.zxing.pdf417.detector.PDF417DetectorResult com.google.zxing.pdf417.detector.Detector.detect(com.google.zxing.BinaryBitmap, java.util.Map, boolean) took 115.367ms
06-01 16:42:09.984 W/ActivityManager( 1802): Slow operation: 128ms so far, now at startProcess: returned from zygote!
06-01 16:42:09.985 W/ActivityManager( 1802): Slow operation: 129ms so far, now at startProcess: done updating battery stats
06-01 16:42:09.986 W/ActivityManager( 1802): Slow operation: 130ms so far, now at startProcess: building log message
06-01 16:42:09.986 I/ActivityManager( 1802): Start proc 2739:com.android.calendar/u0a26 for broadcast com.android.calendar/.alerts.AlertReceiver
06-01 16:42:09.986 W/ActivityManager( 1802): Slow operation: 130ms so far, now at startProcess: starting to update pids map
06-01 16:42:09.986 W/ActivityManager( 1802): Slow operation: 130ms so far, now at startProcess: done updating pids map
06-01 16:42:09.987 W/ActivityManager( 1802): Slow operation: 133ms so far, now at startProcess: done starting proc!
06-01 16:42:10.013 W/CountryDetector( 2719): No location permissions, not registering for location updates.
06-01 16:42:10.068 W/art     ( 2739): Unexpected CPU variant for X86 using defaults: x86_64
06-01 16:42:10.135 W/art     ( 2747): Unexpected CPU variant for X86 using defaults: x86_64
06-01 16:42:10.138 W/dex2oat ( 2715): Verification of float com.google.zxing.pdf417.detector.Detector.patternMatchVariance(int[], int[], float) took 166.516ms
06-01 16:42:10.160 W/dex2oat ( 2715): Verification of void com.google.zxing.pdf417.encoder.Compaction.<clinit>() took 263.299ms
06-01 16:42:10.175 W/ActivityManager( 1802): Slow operation: 168ms so far, now at startProcess: returned from zygote!
06-01 16:42:10.176 W/ActivityManager( 1802): Slow operation: 169ms so far, now at startProcess: done updating battery stats
06-01 16:42:10.176 W/ActivityManager( 1802): Slow operation: 169ms so far, now at startProcess: building log message
06-01 16:42:10.176 I/ActivityManager( 1802): Start proc 2747:com.android.carrierconfig/u0a3 for service com.android.carrierconfig/.DefaultCarrierConfigService
06-01 16:42:10.176 W/ActivityManager( 1802): Slow operation: 169ms so far, now at startProcess: starting to update pids map
06-01 16:42:10.176 W/ActivityManager( 1802): Slow operation: 170ms so far, now at startProcess: done updating pids map
06-01 16:42:10.177 W/ActivityManager( 1802): Slow operation: 170ms so far, now at startProcess: done starting proc!
06-01 16:42:10.356 W/dex2oat ( 2715): Verification of java.lang.String com.google.zxing.pdf417.encoder.PDF417ErrorCorrection.generateErrorCorrection(java.lang.CharSequence, int) took 194.791ms
06-01 16:42:10.460 W/System  ( 2747): ClassLoader referenced unknown path: /system/priv-app/CarrierConfig/lib/x86_64
06-01 16:42:10.558 W/dex2oat ( 2715): Verification of com.google.zxing.qrcode.decoder.Version[] com.google.zxing.qrcode.decoder.Version.buildVersions() took 151.605ms
06-01 16:42:10.562 D/DefaultCarrierConfigService( 2747): Service created
06-01 16:42:10.623 D/CarrierConfigLoader( 2271): Connected to config app: com.android.carrierconfig/com.android.carrierconfig.DefaultCarrierConfigService
06-01 16:42:10.623 D/CarrierConfigLoader( 2271): mHandler: 3 phoneId: 0
06-01 16:42:10.633 D/DefaultCarrierConfigService( 2747): Config being fetched
06-01 16:42:10.638 D/DefaultCarrierConfigService( 2747): java.io.FileNotFoundException: carrier_config_.xml
06-01 16:42:10.645 E/CarrierConfigLoader( 2271): Cannot save config with null packageName or iccid.
06-01 16:42:10.677 D/CarrierConfigLoader( 2271): mHandler: 5 phoneId: 0
06-01 16:42:10.679 E/PhoneInterfaceManager( 2271): [PhoneIntfMgr] getCarrierPackageNamesForIntent: No UICC
06-01 16:42:10.771 W/System  ( 2739): ClassLoader referenced unknown path: /system/app/Calendar/lib/x86_64
06-01 16:42:10.810 I/Telecom ( 1802): PhoneAccountRegistrar: SimCallManager queried, returning: null: TSI.gSCMFU@AAg
06-01 16:42:10.849 W/dex2oat ( 2715): Verification of void com.google.zxing.qrcode.decoder.DecodedBitStreamParser.decodeHanziSegment(com.google.zxing.common.BitSource, java.lang.StringBuilder, int) took 567.439ms
06-01 16:42:10.891 W/dex2oat ( 2715): Verification of int com.google.zxing.qrcode.encoder.MaskUtil.applyMaskPenaltyRule4(com.google.zxing.qrcode.encoder.ByteMatrix) took 149.127ms
06-01 16:42:11.215 D/ExtensionsFactory( 2739): No custom extensions.
06-01 16:42:11.292 D/AlertReceiver( 2739): onReceive: a=android.intent.action.BOOT_COMPLETED Intent { act=android.intent.action.BOOT_COMPLETED flg=0x9000010 cmp=com.android.calendar/.alerts.AlertReceiver (has extras) }
06-01 16:42:11.383 I/AlarmClock( 2586): AlarmInitReceiver android.intent.action.BOOT_COMPLETED
06-01 16:42:11.402 D/AlertUtils( 2739): Flushing old alerts from shared prefs table
06-01 16:42:11.446 D/AlertService( 2739): 0 Action = android.intent.action.BOOT_COMPLETED
06-01 16:42:11.542 W/dex2oat ( 2715): Verification of org.apache.commons.lang.builder.EqualsBuilder org.apache.commons.lang.builder.EqualsBuilder.append(boolean[], boolean[]) took 100.631ms
06-01 16:42:11.556 D/AlertService( 2739): Scheduling next alarm with AlarmScheduler. sEventReminderReceived: null
06-01 16:42:11.563 W/dex2oat ( 2715): Verification of java.lang.String org.apache.commons.lang.StringUtils.chompLast(java.lang.String, java.lang.String) took 113.125ms
06-01 16:42:11.682 W/dex2oat ( 2715): Verification of org.apache.commons.lang.builder.ToStringBuilder org.apache.commons.lang.builder.ToStringBuilder.append(java.lang.String, double) took 130.701ms
06-01 16:42:11.698 W/ActivityManager( 1802): Slow operation: 59ms so far, now at startProcess: returned from zygote!
06-01 16:42:11.698 W/ActivityManager( 1802): Slow operation: 59ms so far, now at startProcess: done updating battery stats
06-01 16:42:11.699 W/ActivityManager( 1802): Slow operation: 60ms so far, now at startProcess: building log message
06-01 16:42:11.699 I/ActivityManager( 1802): Start proc 2777:com.android.providers.calendar/u0a2 for content provider com.android.providers.calendar/.CalendarProvider2
06-01 16:42:11.699 W/ActivityManager( 1802): Slow operation: 60ms so far, now at startProcess: starting to update pids map
06-01 16:42:11.699 W/ActivityManager( 1802): Slow operation: 60ms so far, now at startProcess: done updating pids map
06-01 16:42:11.699 W/ActivityManager( 1802): Slow operation: 61ms so far, now at startProcess: done starting proc!
06-01 16:42:11.699 W/ActivityManager( 1802): Slow operation: 63ms so far, now at getContentProviderImpl: after start process
06-01 16:42:11.699 W/ActivityManager( 1802): Slow operation: 64ms so far, now at getContentProviderImpl: updating data structures
06-01 16:42:11.700 W/ActivityManager( 1802): Slow operation: 64ms so far, now at getContentProviderImpl: done!
06-01 16:42:11.731 W/art     ( 2777): Unexpected CPU variant for X86 using defaults: x86_64
06-01 16:42:11.897 W/ActivityManager( 1802): Slow operation: 90ms so far, now at startProcess: returned from zygote!
06-01 16:42:11.897 W/ActivityManager( 1802): Slow operation: 90ms so far, now at startProcess: done updating battery stats
06-01 16:42:11.897 W/ActivityManager( 1802): Slow operation: 90ms so far, now at startProcess: building log message
06-01 16:42:11.897 I/ActivityManager( 1802): Start proc 2791:com.android.email/u0a34 for broadcast com.android.email/.service.EmailBroadcastReceiver
06-01 16:42:11.898 W/ActivityManager( 1802): Slow operation: 91ms so far, now at startProcess: starting to update pids map
06-01 16:42:11.898 W/ActivityManager( 1802): Slow operation: 91ms so far, now at startProcess: done updating pids map
06-01 16:42:11.898 W/ActivityManager( 1802): Slow operation: 91ms so far, now at startProcess: done starting proc!
06-01 16:42:11.917 W/art     ( 2791): Unexpected CPU variant for X86 using defaults: x86_64
06-01 16:42:11.969 V/AlarmClock( 2586): AlarmInitReceiver finished
06-01 16:42:11.984 W/dex2oat ( 2715): Verification of void org.apache.commons.lang.builder.StandardToStringStyle.setContentEnd(java.lang.String) took 111.879ms
06-01 16:42:12.063 W/System  ( 2777): ClassLoader referenced unknown path: /system/priv-app/CalendarProvider/lib/x86_64
06-01 16:42:12.223 W/System  ( 2791): ClassLoader referenced unknown path: /system/app/Email/lib/x86_64
06-01 16:42:12.754 I/CalendarProvider2( 2777): Created com.android.providers.calendar.CalendarAlarmManager@f1004ae(com.android.providers.calendar.CalendarProvider2@7d3324f)
06-01 16:42:13.173 D/AlarmScheduler( 2739): No events found starting within 1 week.
06-01 16:42:13.705 W/ActivityManager( 1802): Unable to start service Intent { act=com.android.email.EXCHANGE_INTENT pkg=com.android.exchange } U=0: not found
06-01 16:42:13.808 D/ActivityThread( 2791): Loading provider com.android.email.provider;com.android.email.notifier: com.android.email.provider.EmailProvider
06-01 16:42:13.896 W/ActivityManager( 1802): Unable to start service Intent { act=com.android.email.EXCHANGE_INTENT pkg=com.android.exchange } U=0: not found
06-01 16:42:13.963 I/CalendarProvider2( 2777): Sending notification intent: Intent { act=android.intent.action.PROVIDER_CHANGED dat=content://com.android.calendar flg=0x20000000 }
06-01 16:42:13.979 W/ContentResolver( 2777): Failed to get type for: content://com.android.calendar (Unknown URL content://com.android.calendar)
06-01 16:42:14.132 W/dex2oat ( 2715): Verification of int android.support.v4.text.BidiFormatter$DirectionalityEstimator.getEntryDir() took 100.709ms
06-01 16:42:14.294 I/SystemBroadcastReceiver( 2008): Boot has been completed
06-01 16:42:14.295 I/SystemBroadcastReceiver( 2008): toggleAppIcon() : FLAG_SYSTEM = true
06-01 16:42:14.454 W/art     ( 2791): Long monitor contention with owner AsyncTask #1 (2808) at long android.database.sqlite.SQLiteConnection.nativeOpen(java.lang.String, int, java.lang.String, boolean, boolean)(SQLiteConnection.java:-2) waiters=0 in android.database.sqlite.SQLiteDatabase com.android.email.provider.EmailProvider.getDatabase(android.content.Context) for 521ms
06-01 16:42:14.536 W/art     ( 2814): Unexpected CPU variant for X86 using defaults: x86_64
06-01 16:42:14.565 W/ActivityManager( 1802): Slow operation: 129ms so far, now at startProcess: returned from zygote!
06-01 16:42:14.566 W/ActivityManager( 1802): Slow operation: 130ms so far, now at startProcess: done updating battery stats
06-01 16:42:14.566 W/ActivityManager( 1802): Slow operation: 130ms so far, now at startProcess: building log message
06-01 16:42:14.566 I/ActivityManager( 1802): Start proc 2814:com.android.managedprovisioning/u0a14 for broadcast com.android.managedprovisioning/.BootReminder
06-01 16:42:14.566 W/ActivityManager( 1802): Slow operation: 130ms so far, now at startProcess: starting to update pids map
06-01 16:42:14.566 W/ActivityManager( 1802): Slow operation: 131ms so far, now at startProcess: done updating pids map
06-01 16:42:14.567 W/ActivityManager( 1802): Slow operation: 132ms so far, now at startProcess: done starting proc!
06-01 16:42:14.567 W/art     ( 1802): Long monitor contention with owner Binder:1802_B (2506) at void com.android.server.am.BroadcastQueue.processNextBroadcast(boolean)(BroadcastQueue.java:760) waiters=0 in void com.android.server.am.ActivityManagerService.dispatchUidsChanged() for 132ms
06-01 16:42:14.669 W/ActivityManager( 1802): Unable to start service Intent { cmp=com.android.email/.service.AttachmentService } U=0: not found
06-01 16:42:14.670 W/ActivityManager( 1802): Unable to start service Intent { act=com.android.email.EXCHANGE_INTENT pkg=com.android.exchange } U=0: not found
06-01 16:42:14.735 W/art     ( 2791): Long monitor contention with owner AsyncTask #2 (2809) at android.database.sqlite.SQLiteDatabase com.android.email.provider.EmailProvider.getDatabase(android.content.Context)(EmailProvider.java:478) waiters=0 in void com.android.email.provider.AccountReconciler.reconcileAccounts(android.content.Context) for 392ms
06-01 16:42:14.806 W/ActivityManager( 1802): Unable to start service Intent { act=com.android.email.EXCHANGE_INTENT pkg=com.android.exchange } U=0: not found
06-01 16:42:14.832 W/ActivityManager( 1802): Unable to start service Intent { act=com.android.email.EXCHANGE_INTENT pkg=com.android.exchange } U=0: not found
06-01 16:42:14.886 E/ActivityThread( 2791): Service com.android.email.service.EmailBroadcastProcessorService has leaked ServiceConnection com.android.emailcommon.service.ServiceProxy$ProxyConnection@2d4ab55 that was originally bound here
06-01 16:42:14.886 E/ActivityThread( 2791): android.app.ServiceConnectionLeaked: Service com.android.email.service.EmailBroadcastProcessorService has leaked ServiceConnection com.android.emailcommon.service.ServiceProxy$ProxyConnection@2d4ab55 that was originally bound here
06-01 16:42:14.886 E/ActivityThread( 2791): 	at android.app.LoadedApk$ServiceDispatcher.<init>(LoadedApk.java:1336)
06-01 16:42:14.886 E/ActivityThread( 2791): 	at android.app.LoadedApk.getServiceDispatcher(LoadedApk.java:1231)
06-01 16:42:14.886 E/ActivityThread( 2791): 	at android.app.ContextImpl.bindServiceCommon(ContextImpl.java:1450)
06-01 16:42:14.886 E/ActivityThread( 2791): 	at android.app.ContextImpl.bindService(ContextImpl.java:1422)
