06-09 10:29:07.176 V/MediaUtils( 1333): new limits: 208778840/4294967295
06-09 10:29:07.178 W//system/bin/mediaextractor( 1333): libminijail: allowing syscall: socketcall
06-09 10:29:07.179 W//system/bin/mediaextractor( 1333): libminijail: allowing syscall: writev
06-09 10:29:07.179 W//system/bin/mediaextractor( 1333): libminijail: allowing syscall: fcntl64
06-09 10:29:07.179 W//system/bin/mediaextractor( 1333): libminijail: allowing syscall: clock_gettime
06-09 10:29:07.212 I/audioserver( 1326): ServiceManager: 0xf04bc020
06-09 10:29:07.231 W/BatteryNotifier( 1326): batterystats service unavailable!
06-09 10:29:07.232 I/AudioFlinger( 1326): Using default 3000 mSec as standby time.
06-09 10:29:07.239 I/AudioPolicyService( 1326): AudioPolicyService CSTOR in new mode
06-09 10:29:07.247 W//system/bin/mediaextractor( 1333): libminijail: logging seccomp filter failures
06-09 10:29:07.301 V/EmulatedCamera_Device( 1327): initializeWhiteBalanceModes with auto, 1.000000, 1.000000
06-09 10:29:07.302 V/EmulatedCamera_Device( 1327): initializeWhiteBalanceModes with incandescent, 1.380000, 0.600000
06-09 10:29:07.302 V/EmulatedCamera_Device( 1327): initializeWhiteBalanceModes with daylight, 1.090000, 0.920000
06-09 10:29:07.302 V/EmulatedCamera_Device( 1327): initializeWhiteBalanceModes with twilight, 0.920000, 1.220000
06-09 10:29:07.302 V/EmulatedCamera_Device( 1327): setWhiteBalanceMode with white balance auto
06-09 10:29:07.303 E/EmulatedCamera_Factory( 1327): 1 cameras are being emulated. 0 of them are fake cameras.
06-09 10:29:07.304 E/EmulatedCamera_HotplugThread( 1327): createFileIfNotExists: Could not create file '/data/misc/media/emulator.camera.hotplug.0', error: 'Permission denied' (13)
06-09 10:29:07.309 I/CameraService( 1327): Loaded "Emulated Camera Module" camera module
06-09 10:29:07.413 I/APM::ConfigParsingUtils( 1326): loadAudioPolicyConfig() loaded /system/etc/audio_policy.conf
06-09 10:29:07.494 E/CameraService( 1327): setUpVendorTags: Vendor tag operations not fully defined. Ignoring definitions.
06-09 10:29:07.494 V/EmulatedCamera_Camera( 1327): getCameraInfo
06-09 10:29:07.495 V/EmulatedCamera_BaseCamera( 1327): getCameraInfo
06-09 10:29:07.496 I/CameraFlashlight( 1327): Opening camera 0
06-09 10:29:07.496 V/EmulatedCamera_Camera( 1327): getCameraInfo
06-09 10:29:07.496 V/EmulatedCamera_BaseCamera( 1327): getCameraInfo
06-09 10:29:07.530 V/EmulatedCamera_Camera( 1327): connectCamera
06-09 10:29:07.531 V/EmulatedCamera_FakeDevice( 1327): connectDevice
06-09 10:29:07.531 V/EmulatedCamera_CallbackNotifier( 1327): setCallbacks: 0xf229be80, 0xf229bed0, 0xf229bff0, 0xf229c110 (0xf15c3140)
06-09 10:29:07.590 D/audio_hw_generic( 1326): Emulator host-side ALSA audio emulation detected.
06-09 10:29:07.593 D/audio_hw_generic( 1326): mixer 0 name Master Playback Volume
06-09 10:29:07.593 D/audio_hw_generic( 1326): set ctl 0 to 100
06-09 10:29:07.594 D/audio_hw_generic( 1326): set ctl 1 to 100
06-09 10:29:07.594 D/audio_hw_generic( 1326): mixer 1 name Master Playback Switch
06-09 10:29:07.595 D/audio_hw_generic( 1326): set ctl 0 to 1
06-09 10:29:07.595 D/audio_hw_generic( 1326): set ctl 1 to 1
06-09 10:29:07.595 D/audio_hw_generic( 1326): mixer 2 name Capture Volume
06-09 10:29:07.595 D/audio_hw_generic( 1326): set ctl 0 to 100
06-09 10:29:07.595 D/audio_hw_generic( 1326): set ctl 1 to 100
06-09 10:29:07.595 D/audio_hw_generic( 1326): mixer 3 name Capture Switch
06-09 10:29:07.595 D/audio_hw_generic( 1326): set ctl 0 to 1
06-09 10:29:07.596 D/audio_hw_generic( 1326): set ctl 1 to 1
06-09 10:29:07.596 D/audio_hw_generic( 1326): mixer 4 name Line Phantom Jack
06-09 10:29:07.596 D/audio_hw_generic( 1326): mixer 5 name Line Out Phantom Jack
06-09 10:29:07.596 D/audio_hw_generic( 1326): mixer 6 name Playback Channel Map
06-09 10:29:07.596 D/audio_hw_generic( 1326): mixer 7 name Capture Channel Map
06-09 10:29:07.596 I/AudioFlinger( 1326): loadHwModule() Loaded primary audio interface from Generic audio HW HAL (audio) handle 10
06-09 10:29:07.598 I/AudioFlinger( 1326): openOutput(), module 10 Device 2, SamplingRate 48000, Format 0x000001, Channels 3, flags 2
06-09 10:29:07.614 I/AudioFlinger( 1326): HAL output buffer size 720 frames, normal sink buffer size 1152 frames
06-09 10:29:07.657 V/EmulatedCamera_Preview( 1327): setPreviewWindow: current: 0x0 -> new: 0xf15c3150
06-09 10:29:07.658 V/EmulatedCamera_Preview( 1327): setPreviewWindow: current: 0xf15c3150 -> new: 0x0
06-09 10:29:07.658 V/EmulatedCamera_Camera( 1327): doStopPreview
06-09 10:29:07.659 V/EmulatedCamera_Preview( 1327): setPreviewWindow: current: 0x0 -> new: 0x0
06-09 10:29:07.715 V/EmulatedCamera_Camera( 1327): releaseCamera
06-09 10:29:07.715 V/EmulatedCamera_Camera( 1327): doStopPreview
06-09 10:29:07.715 V/EmulatedCamera_FakeDevice( 1327): disconnectDevice
06-09 10:29:07.715 W/EmulatedCamera_Device( 1327): Initialize: Emulated camera device is already initialized: mState = 1
06-09 10:29:07.715 D/EmulatedCamera_FakeCamera( 1327): Initialize: Fake camera is facing back
06-09 10:29:07.716 V/EmulatedCamera_Device( 1327): initializeWhiteBalanceModes with auto, 1.000000, 1.000000
06-09 10:29:07.716 V/EmulatedCamera_Device( 1327): initializeWhiteBalanceModes with incandescent, 1.380000, 0.600000
06-09 10:29:07.717 V/EmulatedCamera_Device( 1327): initializeWhiteBalanceModes with daylight, 1.090000, 0.920000
06-09 10:29:07.717 V/EmulatedCamera_Device( 1327): initializeWhiteBalanceModes with twilight, 0.920000, 1.220000
06-09 10:29:07.717 V/EmulatedCamera_Device( 1327): setWhiteBalanceMode with white balance auto
06-09 10:29:07.717 I/CameraFlashlight( 1327): Destroying camera 0
06-09 10:29:07.717 V/EmulatedCamera_Camera( 1327): closeCamera
06-09 10:29:07.717 V/EmulatedCamera_Camera( 1327): doStopPreview
06-09 10:29:07.717 W/EmulatedCamera_Device( 1327): Initialize: Emulated camera device is already initialized: mState = 1
06-09 10:29:07.717 D/EmulatedCamera_FakeCamera( 1327): Initialize: Fake camera is facing back
06-09 10:29:07.718 V/EmulatedCamera_Device( 1327): initializeWhiteBalanceModes with auto, 1.000000, 1.000000
06-09 10:29:07.718 V/EmulatedCamera_Device( 1327): initializeWhiteBalanceModes with incandescent, 1.380000, 0.600000
06-09 10:29:07.718 V/EmulatedCamera_Device( 1327): initializeWhiteBalanceModes with daylight, 1.090000, 0.920000
06-09 10:29:07.718 V/EmulatedCamera_Device( 1327): initializeWhiteBalanceModes with twilight, 0.920000, 1.220000
06-09 10:29:07.718 V/EmulatedCamera_Device( 1327): setWhiteBalanceMode with white balance auto
06-09 10:29:07.814 V/EmulatedCamera_Camera( 1327): getCameraInfo
06-09 10:29:07.814 V/EmulatedCamera_BaseCamera( 1327): getCameraInfo
06-09 10:29:07.914 I/ServiceManager( 1327): Waiting for service media.camera.proxy...
06-09 10:29:08.006 I/mediaserver( 1332): ServiceManager: 0xe71bc0a0
06-09 10:29:08.052 I/BufferProvider( 1326): found effect "Multichannel Downmix To Stereo" from The Android Open Source Project
06-09 10:29:08.058 I/AudioFlinger( 1326): Using module 10 has the primary audio interface
06-09 10:29:08.130 I/AudioFlinger( 1326): AudioFlinger's thread 0xeff03b00 ready to run
06-09 10:29:08.133 W/BatteryNotifier( 1326): batterystats service unavailable!
06-09 10:29:08.136 W/BatteryNotifier( 1326): batterystats service unavailable!
06-09 10:29:08.170 W/BatteryNotifier( 1326): batterystats service unavailable!
06-09 10:29:08.174 W/AudioFlinger( 1326): no wake lock to update, system not ready yet
06-09 10:29:08.219 I/AudioFlinger( 1326): AudioFlinger's thread 0xefa03200 ready to run
06-09 10:29:08.282 I/r_submix( 1326): adev_open(name=audio_hw_if)
06-09 10:29:08.311 I/r_submix( 1326): adev_init_check()
06-09 10:29:08.311 I/AudioFlinger( 1326): loadHwModule() Loaded r_submix audio interface from Wifi Display audio HAL (audio) handle 18
06-09 10:29:08.311 D/r_submix( 1326): adev_open_input_stream(addr=0)
06-09 10:29:08.312 D/r_submix( 1326): submix_audio_device_create_pipe_l(addr=0, idx=9)
06-09 10:29:08.312 D/r_submix( 1326):   now using address 0 for route 9
06-09 10:29:08.340 I/AudioFlinger( 1326): AudioFlinger's thread 0xefb03280 ready to run
06-09 10:29:08.341 D/r_submix( 1326): adev_close_input_stream()
06-09 10:29:08.342 D/r_submix( 1326): submix_audio_device_release_pipe_l(idx=9) addr=0
06-09 10:29:08.342 D/r_submix( 1326): submix_audio_device_destroy_pipe_l(): pipe destroyed
06-09 10:29:08.481 I/RadioService( 1326): RadioService
06-09 10:29:08.481 I/RadioService( 1326): onFirstRef
06-09 10:29:08.482 E/RadioService( 1326): couldn't load radio module radio.primary (No such file or directory)
06-09 10:29:08.484 E/SoundTriggerHwService( 1326): couldn't load sound trigger module sound_trigger.primary (No such file or directory)
06-09 10:29:08.674 I/mediaserver( 1334): ServiceManager: 0xf01bc0a0
06-09 10:29:08.761 W/BatteryNotifier( 1334): batterystats service unavailable!
06-09 10:29:08.940 I/ServiceManager( 1327): Waiting for service media.camera.proxy...
06-09 10:29:09.950 I/ServiceManager( 1327): Waiting for service media.camera.proxy...
06-09 10:29:10.960 I/ServiceManager( 1327): Waiting for service media.camera.proxy...
06-09 10:29:11.178 W/BatteryNotifier( 1326): batterystats service unavailable!
06-09 10:29:11.970 I/ServiceManager( 1327): Waiting for service media.camera.proxy...
06-09 10:29:22.345 E/SurfaceFlinger( 1321): ro.sf.lcd_density must be defined as a build property
06-09 10:29:22.403 D/AndroidRuntime( 1324): >>>>>> START com.android.internal.os.ZygoteInit uid 0 <<<<<<
06-09 10:29:22.533 D/libEGL  ( 1517): Emulator without GPU support detected. Fallback to legacy software renderer, qemu.gles is set to 0.
06-09 10:29:22.638 D/libEGL  ( 1517): loaded /system/lib64/egl/libGLES_android.so
06-09 10:29:23.181 E/hostapd ( 1637): Configuration file: /system/etc/simulated_hostapd.conf
06-09 10:29:23.592 D/AndroidRuntime( 1324): CheckJNI is ON
06-09 10:29:23.991 I/art     ( 1324): option[0]=-Xzygote
06-09 10:29:23.993 I/art     ( 1324): option[1]=-Xcheck:jni
06-09 10:29:23.993 I/art     ( 1324): option[2]=-Xstacktracefile:/data/anr/traces.txt
06-09 10:29:23.994 I/art     ( 1324): option[3]=exit
06-09 10:29:23.994 I/art     ( 1324): option[4]=vfprintf
06-09 10:29:23.994 I/art     ( 1324): option[5]=sensitiveThread
06-09 10:29:23.994 I/art     ( 1324): option[6]=-verbose:gc
06-09 10:29:23.994 I/art     ( 1324): option[7]=-Xms4m
06-09 10:29:23.994 I/art     ( 1324): option[8]=-Xmx256m
06-09 10:29:23.994 I/art     ( 1324): option[9]=-Xusejit:true
06-09 10:29:23.994 I/art     ( 1324): option[10]=-Xjitsaveprofilinginfo
06-09 10:29:23.994 I/art     ( 1324): option[11]=-agentlib:jdwp=transport=dt_android_adb,suspend=n,server=y
06-09 10:29:23.994 I/art     ( 1324): option[12]=-Xlockprofthreshold:500
06-09 10:29:23.994 I/art     ( 1324): option[13]=-Ximage-compiler-option
06-09 10:29:23.994 I/art     ( 1324): option[14]=--runtime-arg
06-09 10:29:23.994 I/art     ( 1324): option[15]=-Ximage-compiler-option
06-09 10:29:23.994 I/art     ( 1324): option[16]=-Xms64m
06-09 10:29:23.994 I/art     ( 1324): option[17]=-Ximage-compiler-option
06-09 10:29:23.995 I/art     ( 1324): option[18]=--runtime-arg
06-09 10:29:23.995 I/art     ( 1324): option[19]=-Ximage-compiler-option
06-09 10:29:23.995 I/art     ( 1324): option[20]=-Xmx64m
06-09 10:29:23.995 I/art     ( 1324): option[21]=-Ximage-compiler-option
06-09 10:29:23.995 I/art     ( 1324): option[22]=--image-classes=/system/etc/preloaded-classes
06-09 10:29:23.995 I/art     ( 1324): option[23]=-Ximage-compiler-option
06-09 10:29:23.995 I/art     ( 1324): option[24]=--compiled-classes=/system/etc/compiled-classes
06-09 10:29:23.995 I/art     ( 1324): option[25]=-Xcompiler-option
06-09 10:29:23.995 I/art     ( 1324): option[26]=--runtime-arg
06-09 10:29:23.995 I/art     ( 1324): option[27]=-Xcompiler-option
06-09 10:29:23.995 I/art     ( 1324): option[28]=-Xms64m
06-09 10:29:23.995 I/art     ( 1324): option[29]=-Xcompiler-option
06-09 10:29:23.995 I/art     ( 1324): option[30]=--runtime-arg
06-09 10:29:23.995 I/art     ( 1324): option[31]=-Xcompiler-option
06-09 10:29:23.995 I/art     ( 1324): option[32]=-Xmx512m
06-09 10:29:23.995 I/art     ( 1324): option[33]=-Ximage-compiler-option
06-09 10:29:23.995 I/art     ( 1324): option[34]=--instruction-set-variant=x86_64
06-09 10:29:23.995 I/art     ( 1324): option[35]=-Xcompiler-option
06-09 10:29:23.995 I/art     ( 1324): option[36]=--instruction-set-variant=x86_64
06-09 10:29:23.996 I/art     ( 1324): option[37]=-Ximage-compiler-option
06-09 10:29:23.996 I/art     ( 1324): option[38]=--instruction-set-features=default
06-09 10:29:23.996 I/art     ( 1324): option[39]=-Xcompiler-option
06-09 10:29:23.996 I/art     ( 1324): option[40]=--instruction-set-features=default
06-09 10:29:23.996 I/art     ( 1324): option[41]=-Duser.locale=en-US
06-09 10:29:23.996 I/art     ( 1324): option[42]=--cpu-abilist=x86_64
06-09 10:29:23.996 I/art     ( 1324): option[43]=-Xfingerprint:Android/sdk_phone_x86_64/generic_x86_64:7.1.1/NYC/4931657:userdebug/test-keys
06-09 10:29:24.016 D/AndroidRuntime( 1325): >>>>>> START com.android.internal.os.ZygoteInit uid 0 <<<<<<
06-09 10:29:24.023 D/gralloc_ranchu( 1517): Emulator without host-side GPU emulation detected. Loading gralloc.default.so from /vendor/lib64/hw/gralloc.goldfish.default.so...
06-09 10:29:24.027 D/gralloc_ranchu( 1517): gralloc.default.so not found in /vendor. Trying /system/lib64/hw/gralloc.goldfish.default.so...
06-09 10:29:24.123 E/ipv6proxy( 1628): Failed to forward Router Advertisement from eth0 to wlan1: Network is unreachable
06-09 10:29:24.224 E/ipv6proxy( 1628): Failed to forward Router Advertisement from eth0 to radio0-peer: Cannot assign requested address
06-09 10:29:24.252 I/hostapd ( 1637): rfkill: Cannot get wiphy information
06-09 10:29:24.271 I/hostapd ( 1637): nl80211: Could not re-add multicast membership for vendor events: -2 (No such file or directory)
06-09 10:29:24.273 I/hostapd ( 1637): wlan1: interface state UNINITIALIZED->COUNTRY_UPDATE
06-09 10:29:24.962 D/AndroidRuntime( 1325): CheckJNI is ON
06-09 10:29:25.170 I/art     ( 1325): option[0]=-Xzygote
06-09 10:29:25.171 I/art     ( 1325): option[1]=-Xcheck:jni
06-09 10:29:25.171 I/art     ( 1325): option[2]=-Xstacktracefile:/data/anr/traces.txt
06-09 10:29:25.171 I/art     ( 1325): option[3]=exit
06-09 10:29:25.171 I/art     ( 1325): option[4]=vfprintf
06-09 10:29:25.171 I/art     ( 1325): option[5]=sensitiveThread
06-09 10:29:25.172 I/art     ( 1325): option[6]=-verbose:gc
06-09 10:29:25.172 I/art     ( 1325): option[7]=-Xms4m
06-09 10:29:25.172 I/art     ( 1325): option[8]=-Xmx256m
06-09 10:29:25.172 I/art     ( 1325): option[9]=-Xusejit:true
06-09 10:29:25.172 I/art     ( 1325): option[10]=-Xjitsaveprofilinginfo
06-09 10:29:25.172 I/art     ( 1325): option[11]=-agentlib:jdwp=transport=dt_android_adb,suspend=n,server=y
06-09 10:29:25.172 I/art     ( 1325): option[12]=-Xlockprofthreshold:500
06-09 10:29:25.172 I/art     ( 1325): option[13]=-Ximage-compiler-option
06-09 10:29:25.172 I/art     ( 1325): option[14]=--runtime-arg
06-09 10:29:25.172 I/art     ( 1325): option[15]=-Ximage-compiler-option
06-09 10:29:25.173 I/art     ( 1325): option[16]=-Xms64m
06-09 10:29:25.173 I/art     ( 1325): option[17]=-Ximage-compiler-option
06-09 10:29:25.173 I/art     ( 1325): option[18]=--runtime-arg
06-09 10:29:25.173 I/art     ( 1325): option[19]=-Ximage-compiler-option
06-09 10:29:25.173 I/art     ( 1325): option[20]=-Xmx64m
06-09 10:29:25.173 I/art     ( 1325): option[21]=-Ximage-compiler-option
06-09 10:29:25.173 I/art     ( 1325): option[22]=--image-classes=/system/etc/preloaded-classes
06-09 10:29:25.173 I/art     ( 1325): option[23]=-Ximage-compiler-option
06-09 10:29:25.173 I/art     ( 1325): option[24]=--compiled-classes=/system/etc/compiled-classes
06-09 10:29:25.173 I/art     ( 1325): option[25]=-Xcompiler-option
06-09 10:29:25.173 I/art     ( 1325): option[26]=--runtime-arg
06-09 10:29:25.173 I/art     ( 1325): option[27]=-Xcompiler-option
06-09 10:29:25.173 I/art     ( 1325): option[28]=-Xms64m
06-09 10:29:25.173 I/art     ( 1325): option[29]=-Xcompiler-option
06-09 10:29:25.173 I/art     ( 1325): option[30]=--runtime-arg
06-09 10:29:25.174 I/art     ( 1325): option[31]=-Xcompiler-option
06-09 10:29:25.174 I/art     ( 1325): option[32]=-Xmx512m
06-09 10:29:25.174 I/art     ( 1325): option[33]=-Ximage-compiler-option
06-09 10:29:25.174 I/art     ( 1325): option[34]=--instruction-set-variant=x86
06-09 10:29:25.174 I/art     ( 1325): option[35]=-Xcompiler-option
06-09 10:29:25.174 I/art     ( 1325): option[36]=--instruction-set-variant=x86
06-09 10:29:25.174 I/art     ( 1325): option[37]=-Ximage-compiler-option
06-09 10:29:25.174 I/art     ( 1325): option[38]=--instruction-set-features=default
06-09 10:29:25.174 I/art     ( 1325): option[39]=-Xcompiler-option
06-09 10:29:25.174 I/art     ( 1325): option[40]=--instruction-set-features=default
06-09 10:29:25.174 I/art     ( 1325): option[41]=-Duser.locale=en-US
06-09 10:29:25.174 I/art     ( 1325): option[42]=--cpu-abilist=x86
06-09 10:29:25.174 I/art     ( 1325): option[43]=-Xfingerprint:Android/sdk_phone_x86_64/generic_x86_64:7.1.1/NYC/4931657:userdebug/test-keys
06-09 10:29:27.984 E/ipv6proxy( 1628): Failed to forward Router Advertisement from eth0 to wlan1: Network is unreachable
06-09 10:29:29.359 I/hostapd ( 1637): wlan1: interface state COUNTRY_UPDATE->HT_SCAN
06-09 10:29:30.764 E/hostapd ( 1637): Using interface wlan1 with hwaddr 02:00:00:00:01:00 and ssid "AndroidWifi"
06-09 10:29:30.876 I/hostapd ( 1637): wlan1: interface state HT_SCAN->ENABLED
06-09 10:29:30.876 I/hostapd ( 1637): wlan1: AP-ENABLED 
06-09 10:29:33.791 D/ICU     ( 1324): No timezone override file found: /data/misc/zoneinfo/current/icu/icu_tzdata.dat
06-09 10:29:33.884 D/ICU     ( 1325): No timezone override file found: /data/misc/zoneinfo/current/icu/icu_tzdata.dat
06-09 10:29:38.655 E/memtrack( 1324): Couldn't load memtrack module (No such file or directory)
06-09 10:29:38.656 E/android.os.Debug( 1324): failed to load memtrack module: -2
06-09 10:29:38.782 I/Radio-JNI( 1324): register_android_hardware_Radio DONE
06-09 10:29:39.528 I/SamplingProfilerIntegration( 1324): Profiling disabled.
06-09 10:29:39.580 D/Zygote  ( 1324): begin preload
06-09 10:29:39.580 I/Zygote  ( 1324): Installing ICU cache reference pinning...
06-09 10:29:39.590 I/Zygote  ( 1324): Preloading ICU data...
06-09 10:29:39.855 E/memtrack( 1325): Couldn't load memtrack module (No such file or directory)
06-09 10:29:39.857 E/android.os.Debug( 1325): failed to load memtrack module: -2
06-09 10:29:39.972 I/Radio-JNI( 1325): register_android_hardware_Radio DONE
06-09 10:29:40.760 I/SamplingProfilerIntegration( 1325): Profiling disabled.
06-09 10:29:40.865 D/Zygote  ( 1325): begin preload
06-09 10:29:40.865 I/Zygote  ( 1325): Installing ICU cache reference pinning...
06-09 10:29:40.931 I/Zygote  ( 1325): Preloading ICU data...
06-09 10:29:42.139 I/Zygote  ( 1324): Preloading classes...
06-09 10:29:42.523 W/Zygote  ( 1324): Class not found for preloading: [Landroid.view.Display$ColorTransform;
06-09 10:29:42.621 I/Zygote  ( 1325): Preloading classes...
06-09 10:29:42.963 W/Zygote  ( 1325): Class not found for preloading: [Landroid.view.Display$ColorTransform;
06-09 10:29:49.820 E/Typeface( 1325): Error mapping font file /system/fonts/DroidSansFallback.ttf
06-09 10:29:49.907 E/Typeface( 1324): Error mapping font file /system/fonts/DroidSansFallback.ttf
06-09 10:29:57.086 W/art     ( 1325): Suspending all threads took: 63.793ms
06-09 10:29:57.152 W/art     ( 1324): Suspending all threads took: 57.967ms
06-09 10:29:57.355 I/art     ( 1324): Background concurrent mark sweep GC freed 21947(2MB) AllocSpace objects, 30(580KB) LOS objects, 33% free, 2MB/4MB, paused 63.072ms total 399.961ms
06-09 10:29:57.358 I/art     ( 1325): Background concurrent mark sweep GC freed 21947(2MB) AllocSpace objects, 78(1404KB) LOS objects, 33% free, 2MB/3MB, paused 71.769ms total 475.359ms
06-09 10:29:57.761 I/art     ( 1324): Background sticky concurrent mark sweep GC freed 250(1351KB) AllocSpace objects, 99(1812KB) LOS objects, 58% free, 1859KB/4MB, paused 5.185ms total 214.080ms
06-09 10:29:57.790 W/art     ( 1325): Suspending all threads took: 14.007ms
06-09 10:29:57.874 I/art     ( 1325): Background sticky concurrent mark sweep GC freed 301(1549KB) AllocSpace objects, 49(940KB) LOS objects, 52% free, 1610KB/3MB, paused 15.132ms total 361.892ms
06-09 10:29:58.151 I/art     ( 1324): Thread[1,tid=1324,Native,Thread*=0x70a3d4495a00,peer=0x12c060d0,"main"] recursive attempt to load library "/system/lib64/libmedia_jni.so"
06-09 10:29:58.212 D/MtpDeviceJNI( 1324): register_android_mtp_MtpDevice
06-09 10:29:58.222 I/art     ( 1324): Thread[1,tid=1324,Native,Thread*=0x70a3d4495a00,peer=0x12c060d0,"main"] recursive attempt to load library "/system/lib64/libmedia_jni.so"
06-09 10:29:58.224 I/art     ( 1324): Thread[1,tid=1324,Native,Thread*=0x70a3d4495a00,peer=0x12c060d0,"main"] recursive attempt to load library "/system/lib64/libmedia_jni.so"
06-09 10:29:58.722 I/art     ( 1325): Thread[1,tid=1325,Native,Thread*=0xecf0b400,peer=0x12c060d0,"main"] recursive attempt to load library "/system/lib/libmedia_jni.so"
06-09 10:29:58.732 D/MtpDeviceJNI( 1325): register_android_mtp_MtpDevice
06-09 10:29:58.735 I/art     ( 1325): Thread[1,tid=1325,Native,Thread*=0xecf0b400,peer=0x12c060d0,"main"] recursive attempt to load library "/system/lib/libmedia_jni.so"
06-09 10:29:58.736 I/art     ( 1325): Thread[1,tid=1325,Native,Thread*=0xecf0b400,peer=0x12c060d0,"main"] recursive attempt to load library "/system/lib/libmedia_jni.so"
06-09 10:30:02.431 W/Zygote  ( 1324): Class not found for preloading: android.view.Display$ColorTransform
06-09 10:30:02.432 W/Zygote  ( 1324): Class not found for preloading: android.view.Display$ColorTransform$1
06-09 10:30:02.641 W/Zygote  ( 1325): Class not found for preloading: android.view.Display$ColorTransform
06-09 10:30:02.642 W/Zygote  ( 1325): Class not found for preloading: android.view.Display$ColorTransform$1
06-09 10:30:08.021 I/System  ( 1324): Loaded time zone names for "" in 1860ms (1792ms in ICU)
06-09 10:30:08.066 I/System  ( 1325): Loaded time zone names for "" in 1329ms (1265ms in ICU)
06-09 10:30:08.868 I/System  ( 1324): Loaded time zone names for "en_US" in 844ms (837ms in ICU)
06-09 10:30:08.890 I/System  ( 1325): Loaded time zone names for "en_US" in 822ms (744ms in ICU)
06-09 10:30:10.414 I/art     ( 1325): Background concurrent mark sweep GC freed 26130(1651KB) AllocSpace objects, 6(112KB) LOS objects, 38% free, 1651KB/2MB, paused 40.137ms total 793.517ms
06-09 10:30:10.676 I/Zygote  ( 1325): ...preloaded 4158 classes in 28053ms.
06-09 10:30:10.678 I/art     ( 1325): VMRuntime.preloadDexCaches starting
06-09 10:30:10.785 I/Zygote  ( 1324): ...preloaded 4158 classes in 28646ms.
06-09 10:30:10.788 I/art     ( 1324): VMRuntime.preloadDexCaches starting
06-09 10:30:13.005 I/art     ( 1325): VMRuntime.preloadDexCaches strings total=283712 before=39625 after=39625
06-09 10:30:13.006 I/art     ( 1325): VMRuntime.preloadDexCaches types total=23581 before=7877 after=7904
06-09 10:30:13.006 I/art     ( 1325): VMRuntime.preloadDexCaches fields total=112007 before=40903 after=41117
06-09 10:30:13.006 I/art     ( 1325): VMRuntime.preloadDexCaches methods total=197534 before=82457 after=83017
06-09 10:30:13.006 I/art     ( 1325): VMRuntime.preloadDexCaches finished
06-09 10:30:13.047 I/Zygote  ( 1325): Preloading resources...
06-09 10:30:13.918 I/art     ( 1324): VMRuntime.preloadDexCaches strings total=283712 before=39625 after=39625
06-09 10:30:13.918 I/art     ( 1324): VMRuntime.preloadDexCaches types total=23581 before=7877 after=7904
06-09 10:30:13.918 I/art     ( 1324): VMRuntime.preloadDexCaches fields total=112007 before=40903 after=41117
06-09 10:30:13.918 I/art     ( 1324): VMRuntime.preloadDexCaches methods total=197534 before=82457 after=83017
06-09 10:30:13.918 I/art     ( 1324): VMRuntime.preloadDexCaches finished
06-09 10:30:13.984 I/Zygote  ( 1324): Preloading resources...
06-09 10:30:15.801 W/Resources( 1325): Preloaded drawable resource #0x108025c (android:drawable/dialog_background_material) that varies with configuration!!
06-09 10:30:15.995 W/Resources( 1325): Preloaded drawable resource #0x1080298 (android:drawable/editbox_dropdown_background_dark) that varies with configuration!!
06-09 10:30:16.278 W/Resources( 1325): Preloaded color resource #0x10600e2 (android:color/material_grey_800) that varies with configuration!!
06-09 10:30:16.279 W/Resources( 1325): Preloaded drawable resource #0x10802c9 (android:drawable/floating_popup_background_dark) that varies with configuration!!
06-09 10:30:16.294 W/Resources( 1324): Preloaded drawable resource #0x108025c (android:drawable/dialog_background_material) that varies with configuration!!
06-09 10:30:16.299 W/Resources( 1324): Preloaded drawable resource #0x1080298 (android:drawable/editbox_dropdown_background_dark) that varies with configuration!!
06-09 10:30:16.585 I/art     ( 1325): Background sticky concurrent mark sweep GC freed 1795(183KB) AllocSpace objects, 0(0B) LOS objects, 0% free, 2MB/2MB, paused 811us total 225.457ms
06-09 10:30:16.653 W/Resources( 1324): Preloaded color resource #0x10600e2 (android:color/material_grey_800) that varies with configuration!!
06-09 10:30:16.654 W/Resources( 1324): Preloaded drawable resource #0x10802c9 (android:drawable/floating_popup_background_dark) that varies with configuration!!
06-09 10:30:16.743 W/art     ( 1324): Suspending all threads took: 63.323ms
06-09 10:30:16.821 I/art     ( 1325): Background concurrent mark sweep GC freed 644(46KB) AllocSpace objects, 1(32KB) LOS objects, 58% free, 2MB/6MB, paused 602us total 159.058ms
06-09 10:30:16.962 I/art     ( 1324): Background concurrent mark sweep GC freed 27997(2MB) AllocSpace objects, 4(64KB) LOS objects, 60% free, 2MB/6MB, paused 65.725ms total 444.463ms
06-09 10:30:17.577 W/Resources( 1325): Preloaded drawable resource #0x108030b (android:drawable/ic_clear_disabled) that varies with configuration!!
06-09 10:30:17.653 W/Resources( 1325): Preloaded drawable resource #0x1080310 (android:drawable/ic_clear_normal) that varies with configuration!!
06-09 10:30:17.946 W/Resources( 1325): Preloaded drawable resource #0x1080359 (android:drawable/ic_go) that varies with configuration!!
06-09 10:30:17.999 W/Resources( 1324): Preloaded drawable resource #0x108030b (android:drawable/ic_clear_disabled) that varies with configuration!!
06-09 10:30:18.091 W/Resources( 1324): Preloaded drawable resource #0x1080310 (android:drawable/ic_clear_normal) that varies with configuration!!
06-09 10:30:18.179 W/Resources( 1324): Preloaded drawable resource #0x1080359 (android:drawable/ic_go) that varies with configuration!!
06-09 10:30:18.345 W/Resources( 1325): Preloaded drawable resource #0x1080038 (android:drawable/ic_menu_close_clear_cancel) that varies with configuration!!
06-09 10:30:18.487 W/Resources( 1324): Preloaded drawable resource #0x1080038 (android:drawable/ic_menu_close_clear_cancel) that varies with configuration!!
06-09 10:30:18.589 W/Resources( 1324): Preloaded drawable resource #0x1080045 (android:drawable/ic_menu_more) that varies with configuration!!
06-09 10:30:18.595 W/Resources( 1325): Preloaded drawable resource #0x1080045 (android:drawable/ic_menu_more) that varies with configuration!!
06-09 10:30:19.155 W/Resources( 1325): Preloaded drawable resource #0x10804e8 (android:drawable/menu_background_fill_parent_width) that varies with configuration!!
06-09 10:30:19.210 W/Resources( 1324): Preloaded drawable resource #0x10804e8 (android:drawable/menu_background_fill_parent_width) that varies with configuration!!
06-09 10:30:22.369 W/Resources( 1324): Preloaded drawable resource #0x108077e (android:drawable/text_edit_paste_window) that varies with configuration!!
06-09 10:30:22.662 W/Resources( 1324): Preloaded drawable resource #0x1080096 (android:drawable/toast_frame) that varies with configuration!!
06-09 10:30:22.663 I/Zygote  ( 1324): ...preloaded 114 resources in 8678ms.
06-09 10:30:22.882 W/art     ( 1324): Suspending all threads took: 68.809ms
06-09 10:30:22.999 I/art     ( 1324): Background sticky concurrent mark sweep GC freed 1531(67KB) AllocSpace objects, 3(120KB) LOS objects, 6% free, 6MB/6MB, paused 72.423ms total 281.244ms
06-09 10:30:23.145 W/Resources( 1324): Preloaded color resource #0x106010b (android:color/background_cache_hint_selector_material_dark) that varies with configuration!!
06-09 10:30:23.149 W/Resources( 1324): Preloaded color resource #0x1060110 (android:color/btn_default_material_dark) that varies with configuration!!
06-09 10:30:23.239 I/Zygote  ( 1324): ...preloaded 41 resources in 576ms.
06-09 10:30:23.318 D/libEGL  ( 1324): Emulator without GPU support detected. Fallback to legacy software renderer, qemu.gles is set to 0.
06-09 10:30:23.423 W/Resources( 1325): Preloaded drawable resource #0x108077e (android:drawable/text_edit_paste_window) that varies with configuration!!
06-09 10:30:23.574 D/libEGL  ( 1324): loaded /system/lib64/egl/libGLES_android.so
06-09 10:30:23.747 W/Resources( 1325): Preloaded drawable resource #0x1080096 (android:drawable/toast_frame) that varies with configuration!!
06-09 10:30:23.748 I/Zygote  ( 1325): ...preloaded 114 resources in 10700ms.
06-09 10:30:24.228 W/Resources( 1325): Preloaded color resource #0x106010b (android:color/background_cache_hint_selector_material_dark) that varies with configuration!!
06-09 10:30:24.282 W/Resources( 1325): Preloaded color resource #0x1060110 (android:color/btn_default_material_dark) that varies with configuration!!
06-09 10:30:24.374 I/Zygote  ( 1325): ...preloaded 41 resources in 626ms.
06-09 10:30:24.378 D/libEGL  ( 1325): Emulator without GPU support detected. Fallback to legacy software renderer, qemu.gles is set to 0.
06-09 10:30:24.542 D/libEGL  ( 1325): loaded /system/lib/egl/libGLES_android.so
06-09 10:30:25.077 I/Zygote  ( 1324): Preloading shared libraries...
06-09 10:30:25.333 E/Hyphenator( 1324): error loading hyphenation /system/usr/hyphen-data/hyph-as.hyb
06-09 10:30:25.333 E/Hyphenator( 1324): java.io.FileNotFoundException: /system/usr/hyphen-data/hyph-as.hyb: open failed: ENOENT (No such file or directory)
06-09 10:30:25.333 E/Hyphenator( 1324): 	at libcore.io.IoBridge.open(IoBridge.java:455)
06-09 10:30:25.333 E/Hyphenator( 1324): 	at java.io.RandomAccessFile.<init>(RandomAccessFile.java:247)
06-09 10:30:25.333 E/Hyphenator( 1324): 	at android.text.Hyphenator.loadHyphenator(Hyphenator.java:118)
06-09 10:30:25.333 E/Hyphenator( 1324): 	at android.text.Hyphenator.init(Hyphenator.java:224)
06-09 10:30:25.333 E/Hyphenator( 1324): 	at com.android.internal.os.ZygoteInit.preloadTextResources(ZygoteInit.java:252)
06-09 10:30:25.333 E/Hyphenator( 1324): 	at com.android.internal.os.ZygoteInit.preload(ZygoteInit.java:206)
06-09 10:30:25.333 E/Hyphenator( 1324): 	at com.android.internal.os.ZygoteInit.main(ZygoteInit.java:743)
06-09 10:30:25.333 E/Hyphenator( 1324): Caused by: android.system.ErrnoException: open failed: ENOENT (No such file or directory)
06-09 10:30:25.333 E/Hyphenator( 1324): 	at libcore.io.Posix.open(Native Method)
06-09 10:30:25.333 E/Hyphenator( 1324): 	at libcore.io.BlockGuardOs.open(BlockGuardOs.java:187)
06-09 10:30:25.333 E/Hyphenator( 1324): 	at libcore.io.IoBridge.open(IoBridge.java:441)
06-09 10:30:25.333 E/Hyphenator( 1324): 	... 6 more
06-09 10:30:25.335 E/Hyphenator( 1324): error loading hyphenation /system/usr/hyphen-data/hyph-bn.hyb
06-09 10:30:25.335 E/Hyphenator( 1324): java.io.FileNotFoundException: /system/usr/hyphen-data/hyph-bn.hyb: open failed: ENOENT (No such file or directory)
06-09 10:30:25.335 E/Hyphenator( 1324): 	at libcore.io.IoBridge.open(IoBridge.java:455)
06-09 10:30:25.335 E/Hyphenator( 1324): 	at java.io.RandomAccessFile.<init>(RandomAccessFile.java:247)
06-09 10:30:25.335 E/Hyphenator( 1324): 	at android.text.Hyphenator.loadHyphenator(Hyphenator.java:118)
06-09 10:30:25.335 E/Hyphenator( 1324): 	at android.text.Hyphenator.init(Hyphenator.java:224)
06-09 10:30:25.335 E/Hyphenator( 1324): 	at com.android.internal.os.ZygoteInit.preloadTextResources(ZygoteInit.java:252)
06-09 10:30:25.335 E/Hyphenator( 1324): 	at com.android.internal.os.ZygoteInit.preload(ZygoteInit.java:206)
06-09 10:30:25.335 E/Hyphenator( 1324): 	at com.android.internal.os.ZygoteInit.main(ZygoteInit.java:743)
06-09 10:30:25.335 E/Hyphenator( 1324): Caused by: android.system.ErrnoException: open failed: ENOENT (No such file or directory)
06-09 10:30:25.335 E/Hyphenator( 1324): 	at libcore.io.Posix.open(Native Method)
06-09 10:30:25.335 E/Hyphenator( 1324): 	at libcore.io.BlockGuardOs.open(BlockGuardOs.java:187)
06-09 10:30:25.335 E/Hyphenator( 1324): 	at libcore.io.IoBridge.open(IoBridge.java:441)
06-09 10:30:25.335 E/Hyphenator( 1324): 	... 6 more
06-09 10:30:25.337 E/Hyphenator( 1324): error loading hyphenation /system/usr/hyphen-data/hyph-cy.hyb
06-09 10:30:25.337 E/Hyphenator( 1324): java.io.FileNotFoundException: /system/usr/hyphen-data/hyph-cy.hyb: open failed: ENOENT (No such file or directory)
06-09 10:30:25.337 E/Hyphenator( 1324): 	at libcore.io.IoBridge.open(IoBridge.java:455)
06-09 10:30:25.337 E/Hyphenator( 1324): 	at java.io.RandomAccessFile.<init>(RandomAccessFile.java:247)
06-09 10:30:25.337 E/Hyphenator( 1324): 	at android.text.Hyphenator.loadHyphenator(Hyphenator.java:118)
06-09 10:30:25.337 E/Hyphenator( 1324): 	at android.text.Hyphenator.init(Hyphenator.java:224)
06-09 10:30:25.337 E/Hyphenator( 1324): 	at com.android.internal.os.ZygoteInit.preloadTextResources(ZygoteInit.java:252)
06-09 10:30:25.337 E/Hyphenator( 1324): 	at com.android.internal.os.ZygoteInit.preload(ZygoteInit.java:206)
06-09 10:30:25.337 E/Hyphenator( 1324): 	at com.android.internal.os.ZygoteInit.main(ZygoteInit.java:743)
06-09 10:30:25.337 E/Hyphenator( 1324): Caused by: android.system.ErrnoException: open failed: ENOENT (No such file or directory)
06-09 10:30:25.337 E/Hyphenator( 1324): 	at libcore.io.Posix.open(Native Method)
06-09 10:30:25.337 E/Hyphenator( 1324): 	at libcore.io.BlockGuardOs.open(BlockGuardOs.java:187)
06-09 10:30:25.337 E/Hyphenator( 1324): 	at libcore.io.IoBridge.open(IoBridge.java:441)
06-09 10:30:25.337 E/Hyphenator( 1324): 	... 6 more
06-09 10:30:25.339 E/Hyphenator( 1324): error loading hyphenation /system/usr/hyphen-data/hyph-da.hyb
06-09 10:30:25.339 E/Hyphenator( 1324): java.io.FileNotFoundException: /system/usr/hyphen-data/hyph-da.hyb: open failed: ENOENT (No such file or directory)
06-09 10:30:25.339 E/Hyphenator( 1324): 	at libcore.io.IoBridge.open(IoBridge.java:455)
06-09 10:30:25.339 E/Hyphenator( 1324): 	at java.io.RandomAccessFile.<init>(RandomAccessFile.java:247)
06-09 10:30:25.339 E/Hyphenator( 1324): 	at android.text.Hyphenator.loadHyphenator(Hyphenator.java:118)
06-09 10:30:25.339 E/Hyphenator( 1324): 	at android.text.Hyphenator.init(Hyphenator.java:224)
06-09 10:30:25.339 E/Hyphenator( 1324): 	at com.android.internal.os.ZygoteInit.preloadTextResources(ZygoteInit.java:252)
06-09 10:30:25.339 E/Hyphenator( 1324): 	at com.android.internal.os.ZygoteInit.preload(ZygoteInit.java:206)
06-09 10:30:25.339 E/Hyphenator( 1324): 	at com.android.internal.os.ZygoteInit.main(ZygoteInit.java:743)
06-09 10:30:25.339 E/Hyphenator( 1324): Caused by: android.system.ErrnoException: open failed: ENOENT (No such file or directory)
06-09 10:30:25.339 E/Hyphenator( 1324): 	at libcore.io.Posix.open(Native Method)
06-09 10:30:25.339 E/Hyphenator( 1324): 	at libcore.io.BlockGuardOs.open(BlockGuardOs.java:187)
06-09 10:30:25.339 E/Hyphenator( 1324): 	at libcore.io.IoBridge.open(IoBridge.java:441)
06-09 10:30:25.339 E/Hyphenator( 1324): 	... 6 more
06-09 10:30:25.442 E/Hyphenator( 1324): error loading hyphenation /system/usr/hyphen-data/hyph-de-1901.hyb
06-09 10:30:25.442 E/Hyphenator( 1324): java.io.FileNotFoundException: /system/usr/hyphen-data/hyph-de-1901.hyb: open failed: ENOENT (No such file or directory)
06-09 10:30:25.442 E/Hyphenator( 1324): 	at libcore.io.IoBridge.open(IoBridge.java:455)
06-09 10:30:25.442 E/Hyphenator( 1324): 	at java.io.RandomAccessFile.<init>(RandomAccessFile.java:247)
06-09 10:30:25.442 E/Hyphenator( 1324): 	at android.text.Hyphenator.loadHyphenator(Hyphenator.java:118)
06-09 10:30:25.442 E/Hyphenator( 1324): 	at android.text.Hyphenator.init(Hyphenator.java:224)
06-09 10:30:25.442 E/Hyphenator( 1324): 	at com.android.internal.os.ZygoteInit.preloadTextResources(ZygoteInit.java:252)
06-09 10:30:25.442 E/Hyphenator( 1324): 	at com.android.internal.os.ZygoteInit.preload(ZygoteInit.java:206)
06-09 10:30:25.442 E/Hyphenator( 1324): 	at com.android.internal.os.ZygoteInit.main(ZygoteInit.java:743)
06-09 10:30:25.442 E/Hyphenator( 1324): Caused by: android.system.ErrnoException: open failed: ENOENT (No such file or directory)
06-09 10:30:25.442 E/Hyphenator( 1324): 	at libcore.io.Posix.open(Native Method)
06-09 10:30:25.442 E/Hyphenator( 1324): 	at libcore.io.BlockGuardOs.open(BlockGuardOs.java:187)
06-09 10:30:25.442 E/Hyphenator( 1324): 	at libcore.io.IoBridge.open(IoBridge.java:441)
06-09 10:30:25.442 E/Hyphenator( 1324): 	... 6 more
06-09 10:30:25.444 E/Hyphenator( 1324): error loading hyphenation /system/usr/hyphen-data/hyph-de-1996.hyb
06-09 10:30:25.444 E/Hyphenator( 1324): java.io.FileNotFoundException: /system/usr/hyphen-data/hyph-de-1996.hyb: open failed: ENOENT (No such file or directory)
06-09 10:30:25.444 E/Hyphenator( 1324): 	at libcore.io.IoBridge.open(IoBridge.java:455)
06-09 10:30:25.444 E/Hyphenator( 1324): 	at java.io.RandomAccessFile.<init>(RandomAccessFile.java:247)
06-09 10:30:25.444 E/Hyphenator( 1324): 	at android.text.Hyphenator.loadHyphenator(Hyphenator.java:118)
06-09 10:30:25.444 E/Hyphenator( 1324): 	at android.text.Hyphenator.init(Hyphenator.java:224)
06-09 10:30:25.444 E/Hyphenator( 1324): 	at com.android.internal.os.ZygoteInit.preloadTextResources(ZygoteInit.java:252)
06-09 10:30:25.444 E/Hyphenator( 1324): 	at com.android.internal.os.ZygoteInit.preload(ZygoteInit.java:206)
06-09 10:30:25.444 E/Hyphenator( 1324): 	at com.android.internal.os.ZygoteInit.main(ZygoteInit.java:743)
06-09 10:30:25.444 E/Hyphenator( 1324): Caused by: android.system.ErrnoException: open failed: ENOENT (No such file or directory)
06-09 10:30:25.444 E/Hyphenator( 1324): 	at libcore.io.Posix.open(Native Method)
06-09 10:30:25.444 E/Hyphenator( 1324): 	at libcore.io.BlockGuardOs.open(BlockGuardOs.java:187)
06-09 10:30:25.444 E/Hyphenator( 1324): 	at libcore.io.IoBridge.open(IoBridge.java:441)
06-09 10:30:25.444 E/Hyphenator( 1324): 	... 6 more
06-09 10:30:25.446 E/Hyphenator( 1324): error loading hyphenation /system/usr/hyphen-data/hyph-de-ch-1901.hyb
06-09 10:30:25.446 E/Hyphenator( 1324): java.io.FileNotFoundException: /system/usr/hyphen-data/hyph-de-ch-1901.hyb: open failed: ENOENT (No such file or directory)
06-09 10:30:25.446 E/Hyphenator( 1324): 	at libcore.io.IoBridge.open(IoBridge.java:455)
06-09 10:30:25.446 E/Hyphenator( 1324): 	at java.io.RandomAccessFile.<init>(RandomAccessFile.java:247)
06-09 10:30:25.446 E/Hyphenator( 1324): 	at android.text.Hyphenator.loadHyphenator(Hyphenator.java:118)
06-09 10:30:25.446 E/Hyphenator( 1324): 	at android.text.Hyphenator.init(Hyphenator.java:224)
06-09 10:30:25.446 E/Hyphenator( 1324): 	at com.android.internal.os.ZygoteInit.preloadTextResources(ZygoteInit.java:252)
06-09 10:30:25.446 E/Hyphenator( 1324): 	at com.android.internal.os.ZygoteInit.preload(ZygoteInit.java:206)
06-09 10:30:25.446 E/Hyphenator( 1324): 	at com.android.internal.os.ZygoteInit.main(ZygoteInit.java:743)
06-09 10:30:25.446 E/Hyphenator( 1324): Caused by: android.system.ErrnoException: open failed: ENOENT (No such file or directory)
06-09 10:30:25.446 E/Hyphenator( 1324): 	at libcore.io.Posix.open(Native Method)
06-09 10:30:25.446 E/Hyphenator( 1324): 	at libcore.io.BlockGuardOs.open(BlockGuardOs.java:187)
06-09 10:30:25.446 E/Hyphenator( 1324): 	at libcore.io.IoBridge.open(IoBridge.java:441)
06-09 10:30:25.446 E/Hyphenator( 1324): 	... 6 more
06-09 10:30:25.448 E/Hyphenator( 1324): error loading hyphenation /system/usr/hyphen-data/hyph-en-gb.hyb
06-09 10:30:25.448 E/Hyphenator( 1324): java.io.FileNotFoundException: /system/usr/hyphen-data/hyph-en-gb.hyb: open failed: ENOENT (No such file or directory)
06-09 10:30:25.448 E/Hyphenator( 1324): 	at libcore.io.IoBridge.open(IoBridge.java:455)
06-09 10:30:25.448 E/Hyphenator( 1324): 	at java.io.RandomAccessFile.<init>(RandomAccessFile.java:247)
06-09 10:30:25.448 E/Hyphenator( 1324): 	at android.text.Hyphenator.loadHyphenator(Hyphenator.java:118)
06-09 10:30:25.448 E/Hyphenator( 1324): 	at android.text.Hyphenator.init(Hyphenator.java:224)
06-09 10:30:25.448 E/Hyphenator( 1324): 	at com.android.internal.os.ZygoteInit.preloadTextResources(ZygoteInit.java:252)
06-09 10:30:25.448 E/Hyphenator( 1324): 	at com.android.internal.os.ZygoteInit.preload(ZygoteInit.java:206)
06-09 10:30:25.448 E/Hyphenator( 1324): 	at com.android.internal.os.ZygoteInit.main(ZygoteInit.java:743)
06-09 10:30:25.448 E/Hyphenator( 1324): Caused by: android.system.ErrnoException: open failed: ENOENT (No such file or directory)
06-09 10:30:25.448 E/Hyphenator( 1324): 	at libcore.io.Posix.open(Native Method)
06-09 10:30:25.448 E/Hyphenator( 1324): 	at libcore.io.BlockGuardOs.open(BlockGuardOs.java:187)
06-09 10:30:25.448 E/Hyphenator( 1324): 	at libcore.io.IoBridge.open(IoBridge.java:441)
06-09 10:30:25.448 E/Hyphenator( 1324): 	... 6 more
06-09 10:30:25.502 E/Hyphenator( 1324): error loading hyphenation /system/usr/hyphen-data/hyph-en-us.hyb
06-09 10:30:25.502 E/Hyphenator( 1324): java.io.FileNotFoundException: /system/usr/hyphen-data/hyph-en-us.hyb: open failed: ENOENT (No such file or directory)
06-09 10:30:25.502 E/Hyphenator( 1324): 	at libcore.io.IoBridge.open(IoBridge.java:455)
06-09 10:30:25.502 E/Hyphenator( 1324): 	at java.io.RandomAccessFile.<init>(RandomAccessFile.java:247)
06-09 10:30:25.502 E/Hyphenator( 1324): 	at android.text.Hyphenator.loadHyphenator(Hyphenator.java:118)
06-09 10:30:25.502 E/Hyphenator( 1324): 	at android.text.Hyphenator.init(Hyphenator.java:224)
06-09 10:30:25.502 E/Hyphenator( 1324): 	at com.android.internal.os.ZygoteInit.preloadTextResources(ZygoteInit.java:252)
06-09 10:30:25.502 E/Hyphenator( 1324): 	at com.android.internal.os.ZygoteInit.preload(ZygoteInit.java:206)
06-09 10:30:25.502 E/Hyphenator( 1324): 	at com.android.internal.os.ZygoteInit.main(ZygoteInit.java:743)
06-09 10:30:25.502 E/Hyphenator( 1324): Caused by: android.system.ErrnoException: open failed: ENOENT (No such file or directory)
06-09 10:30:25.502 E/Hyphenator( 1324): 	at libcore.io.Posix.open(Native Method)
06-09 10:30:25.502 E/Hyphenator( 1324): 	at libcore.io.BlockGuardOs.open(BlockGuardOs.java:187)
06-09 10:30:25.502 E/Hyphenator( 1324): 	at libcore.io.IoBridge.open(IoBridge.java:441)
06-09 10:30:25.502 E/Hyphenator( 1324): 	... 6 more
06-09 10:30:25.505 E/Hyphenator( 1324): error loading hyphenation /system/usr/hyphen-data/hyph-es.hyb
06-09 10:30:25.505 E/Hyphenator( 1324): java.io.FileNotFoundException: /system/usr/hyphen-data/hyph-es.hyb: open failed: ENOENT (No such file or directory)
06-09 10:30:25.505 E/Hyphenator( 1324): 	at libcore.io.IoBridge.open(IoBridge.java:455)
06-09 10:30:25.505 E/Hyphenator( 1324): 	at java.io.RandomAccessFile.<init>(RandomAccessFile.java:247)
06-09 10:30:25.505 E/Hyphenator( 1324): 	at android.text.Hyphenator.loadHyphenator(Hyphenator.java:118)
06-09 10:30:25.505 E/Hyphenator( 1324): 	at android.text.Hyphenator.init(Hyphenator.java:224)
06-09 10:30:25.505 E/Hyphenator( 1324): 	at com.android.internal.os.ZygoteInit.preloadTextResources(ZygoteInit.java:252)
06-09 10:30:25.505 E/Hyphenator( 1324): 	at com.android.internal.os.ZygoteInit.preload(ZygoteInit.java:206)
06-09 10:30:25.505 E/Hyphenator( 1324): 	at com.android.internal.os.ZygoteInit.main(ZygoteInit.java:743)
06-09 10:30:25.505 E/Hyphenator( 1324): Caused by: android.system.ErrnoException: open failed: ENOENT (No such file or directory)
06-09 10:30:25.505 E/Hyphenator( 1324): 	at libcore.io.Posix.open(Native Method)
06-09 10:30:25.505 E/Hyphenator( 1324): 	at libcore.io.BlockGuardOs.open(BlockGuardOs.java:187)
06-09 10:30:25.505 E/Hyphenator( 1324): 	at libcore.io.IoBridge.open(IoBridge.java:441)
06-09 10:30:25.505 E/Hyphenator( 1324): 	... 6 more
06-09 10:30:25.506 E/Hyphenator( 1324): error loading hyphenation /system/usr/hyphen-data/hyph-et.hyb
06-09 10:30:25.506 E/Hyphenator( 1324): java.io.FileNotFoundException: /system/usr/hyphen-data/hyph-et.hyb: open failed: ENOENT (No such file or directory)
06-09 10:30:25.506 E/Hyphenator( 1324): 	at libcore.io.IoBridge.open(IoBridge.java:455)
06-09 10:30:25.506 E/Hyphenator( 1324): 	at java.io.RandomAccessFile.<init>(RandomAccessFile.java:247)
06-09 10:30:25.506 E/Hyphenator( 1324): 	at android.text.Hyphenator.loadHyphenator(Hyphenator.java:118)
06-09 10:30:25.506 E/Hyphenator( 1324): 	at android.text.Hyphenator.init(Hyphenator.java:224)
06-09 10:30:25.506 E/Hyphenator( 1324): 	at com.android.internal.os.ZygoteInit.preloadTextResources(ZygoteInit.java:252)
06-09 10:30:25.506 E/Hyphenator( 1324): 	at com.android.internal.os.ZygoteInit.preload(ZygoteInit.java:206)
06-09 10:30:25.506 E/Hyphenator( 1324): 	at com.android.internal.os.ZygoteInit.main(ZygoteInit.java:743)
06-09 10:30:25.506 E/Hyphenator( 1324): Caused by: android.system.ErrnoException: open failed: ENOENT (No such file or directory)
06-09 10:30:25.506 E/Hyphenator( 1324): 	at libcore.io.Posix.open(Native Method)
06-09 10:30:25.506 E/Hyphenator( 1324): 	at libcore.io.BlockGuardOs.open(BlockGuardOs.java:187)
06-09 10:30:25.506 E/Hyphenator( 1324): 	at libcore.io.IoBridge.open(IoBridge.java:441)
06-09 10:30:25.506 E/Hyphenator( 1324): 	... 6 more
06-09 10:30:25.508 E/Hyphenator( 1324): error loading hyphenation /system/usr/hyphen-data/hyph-eu.hyb
06-09 10:30:25.508 E/Hyphenator( 1324): java.io.FileNotFoundException: /system/usr/hyphen-data/hyph-eu.hyb: open failed: ENOENT (No such file or directory)
06-09 10:30:25.508 E/Hyphenator( 1324): 	at libcore.io.IoBridge.open(IoBridge.java:455)
06-09 10:30:25.508 E/Hyphenator( 1324): 	at java.io.RandomAccessFile.<init>(RandomAccessFile.java:247)
06-09 10:30:25.508 E/Hyphenator( 1324): 	at android.text.Hyphenator.loadHyphenator(Hyphenator.java:118)
06-09 10:30:25.508 E/Hyphenator( 1324): 	at android.text.Hyphenator.init(Hyphenator.java:224)
06-09 10:30:25.508 E/Hyphenator( 1324): 	at com.android.internal.os.ZygoteInit.preloadTextResources(ZygoteInit.java:252)
06-09 10:30:25.508 E/Hyphenator( 1324): 	at com.android.internal.os.ZygoteInit.preload(ZygoteInit.java:206)
06-09 10:30:25.508 E/Hyphenator( 1324): 	at com.android.internal.os.ZygoteInit.main(ZygoteInit.java:743)
06-09 10:30:25.508 E/Hyphenator( 1324): Caused by: android.system.ErrnoException: open failed: ENOENT (No such file or directory)
06-09 10:30:25.508 E/Hyphenator( 1324): 	at libcore.io.Posix.open(Native Method)
06-09 10:30:25.508 E/Hyphenator( 1324): 	at libcore.io.BlockGuardOs.open(BlockGuardOs.java:187)
06-09 10:30:25.508 E/Hyphenator( 1324): 	at libcore.io.IoBridge.open(IoBridge.java:441)
06-09 10:30:25.508 E/Hyphenator( 1324): 	... 6 more
06-09 10:30:25.522 E/Hyphenator( 1324): error loading hyphenation /system/usr/hyphen-data/hyph-fr.hyb
06-09 10:30:25.522 E/Hyphenator( 1324): java.io.FileNotFoundException: /system/usr/hyphen-data/hyph-fr.hyb: open failed: ENOENT (No such file or directory)
06-09 10:30:25.522 E/Hyphenator( 1324): 	at libcore.io.IoBridge.open(IoBridge.java:455)
06-09 10:30:25.522 E/Hyphenator( 1324): 	at java.io.RandomAccessFile.<init>(RandomAccessFile.java:247)
06-09 10:30:25.522 E/Hyphenator( 1324): 	at android.text.Hyphenator.loadHyphenator(Hyphenator.java:118)
06-09 10:30:25.522 E/Hyphenator( 1324): 	at android.text.Hyphenator.init(Hyphenator.java:224)
06-09 10:30:25.522 E/Hyphenator( 1324): 	at com.android.internal.os.ZygoteInit.preloadTextResources(ZygoteInit.java:252)
06-09 10:30:25.522 E/Hyphenator( 1324): 	at com.android.internal.os.ZygoteInit.preload(ZygoteInit.java:206)
06-09 10:30:25.522 E/Hyphenator( 1324): 	at com.android.internal.os.ZygoteInit.main(ZygoteInit.java:743)
06-09 10:30:25.522 E/Hyphenator( 1324): Caused by: android.system.ErrnoException: open failed: ENOENT (No such file or directory)
06-09 10:30:25.522 E/Hyphenator( 1324): 	at libcore.io.Posix.open(Native Method)
06-09 10:30:25.522 E/Hyphenator( 1324): 	at libcore.io.BlockGuardOs.open(BlockGuardOs.java:187)
06-09 10:30:25.522 E/Hyphenator( 1324): 	at libcore.io.IoBridge.open(IoBridge.java:441)
06-09 10:30:25.522 E/Hyphenator( 1324): 	... 6 more
06-09 10:30:25.524 E/Hyphenator( 1324): error loading hyphenation /system/usr/hyphen-data/hyph-ga.hyb
06-09 10:30:25.524 E/Hyphenator( 1324): java.io.FileNotFoundException: /system/usr/hyphen-data/hyph-ga.hyb: open failed: ENOENT (No such file or directory)
06-09 10:30:25.524 E/Hyphenator( 1324): 	at libcore.io.IoBridge.open(IoBridge.java:455)
06-09 10:30:25.524 E/Hyphenator( 1324): 	at java.io.RandomAccessFile.<init>(RandomAccessFile.java:247)
06-09 10:30:25.524 E/Hyphenator( 1324): 	at android.text.Hyphenator.loadHyphenator(Hyphenator.java:118)
06-09 10:30:25.524 E/Hyphenator( 1324): 	at android.text.Hyphenator.init(Hyphenator.java:224)
06-09 10:30:25.524 E/Hyphenator( 1324): 	at com.android.internal.os.ZygoteInit.preloadTextResources(ZygoteInit.java:252)
06-09 10:30:25.524 E/Hyphenator( 1324): 	at com.android.internal.os.ZygoteInit.preload(ZygoteInit.java:206)
06-09 10:30:25.524 E/Hyphenator( 1324): 	at com.android.internal.os.ZygoteInit.main(ZygoteInit.java:743)
06-09 10:30:25.524 E/Hyphenator( 1324): Caused by: android.system.ErrnoException: open failed: ENOENT (No such file or directory)
06-09 10:30:25.524 E/Hyphenator( 1324): 	at libcore.io.Posix.open(Native Method)
06-09 10:30:25.524 E/Hyphenator( 1324): 	at libcore.io.BlockGuardOs.open(BlockGuardOs.java:187)
06-09 10:30:25.524 E/Hyphenator( 1324): 	at libcore.io.IoBridge.open(IoBridge.java:441)
