06-09 11:26:04.046 I/DefaultPublisher( 3311): Publisher registered: Publisher<PublisherDefinition<PublisherIdentifier<NodeIdentifier</guest_science_manager, http://hlp:36097/>, TopicIdentifier</gs/data>>, Topic<TopicIdentifier</gs/data>, TopicDescription<ff_msgs/GuestScienceData, edd2c791ea93ffa7cb0ec80c5bb00972>>>>
06-09 11:26:04.324 I/Registrar( 3311): Registering subscriber: Subscriber<Topic<TopicIdentifier</mgt/executive/command>, TopicDescription<ff_msgs/CommandStamped, ac01350894b1be9e3a7b4f390a14812d>>>
06-09 11:26:04.452 I/Registrar( 3311): Response<Success, Registered [/guest_science_manager] as publisher of [/gs/gs_manager/state], [http://10.42.0.34:36565/]>
06-09 11:26:04.479 I/DefaultPublisher( 3311): Publisher registered: Publisher<PublisherDefinition<PublisherIdentifier<NodeIdentifier</guest_science_manager, http://hlp:36097/>, TopicIdentifier</gs/gs_manager/state>>, Topic<TopicIdentifier</gs/gs_manager/state>, TopicDescription<ff_msgs/GuestScienceState, 24e5a1ba8527257cc710720a32de6e51>>>>
06-09 11:26:04.826 W/ActivityManager( 2134): Slow operation: 121ms so far, now at startProcess: returned from zygote!
06-09 11:26:04.826 W/ActivityManager( 2134): Slow operation: 122ms so far, now at startProcess: done updating battery stats
06-09 11:26:04.827 W/ActivityManager( 2134): Slow operation: 122ms so far, now at startProcess: building log message
06-09 11:26:04.827 I/ActivityManager( 2134): Start proc 3387:jp.jaxa.iss.kibo.rpc.defaultapk/u0a64 for broadcast jp.jaxa.iss.kibo.rpc.defaultapk/gov.nasa.arc.astrobee.android.gs.InfoInqueryBroadcastReceiver
06-09 11:26:04.827 W/ActivityManager( 2134): Slow operation: 123ms so far, now at startProcess: starting to update pids map
06-09 11:26:04.827 W/ActivityManager( 2134): Slow operation: 123ms so far, now at startProcess: done updating pids map
06-09 11:26:04.827 W/ActivityManager( 2134): Slow operation: 125ms so far, now at startProcess: done starting proc!
06-09 11:26:04.901 I/art     ( 3387): Not late-enabling -Xcheck:jni (already on)
06-09 11:26:04.902 W/art     ( 3387): Unexpected CPU variant for X86 using defaults: x86_64
06-09 11:26:05.015 I/Registrar( 3311): Response<Success, Subscribed to [/mgt/executive/command], [http://10.42.0.34:33169/]>
06-09 11:26:05.030 I/DefaultSubscriber( 3311): Subscriber registered: Subscriber<Topic<TopicIdentifier</mgt/executive/command>, TopicDescription<ff_msgs/CommandStamped, ac01350894b1be9e3a7b4f390a14812d>>>
06-09 11:26:05.621 W/art     ( 3311): Suspending all threads took: 5.784ms
06-09 11:26:05.758 I/art     ( 3311): Background partial concurrent mark sweep GC freed 20443(1703KB) AllocSpace objects, 30(592KB) LOS objects, 36% free, 7MB/11MB, paused 8.553ms total 477.305ms
06-09 11:26:06.103 I/ActivityManager( 2134): Killing 3023:com.android.printspooler/u0a51 (adj 906): empty #17
06-09 11:26:06.347 D/ActivityManager( 2134): cleanUpApplicationRecord -- 3023
06-09 11:26:11.277 D/ManagerTimeoutTimer( 3311): Still waiting for the apk to start or stop. 4996.0 milliseconds left.
06-09 11:26:11.561 D/OpenCV/StaticHelper( 3387): Trying to get library list
06-09 11:26:11.714 E/OpenCV/StaticHelper( 3387): OpenCV error: Cannot load info library for OpenCV
06-09 11:26:11.715 D/OpenCV/StaticHelper( 3387): Library list: ""
06-09 11:26:11.715 D/OpenCV/StaticHelper( 3387): First attempt to load libs
06-09 11:26:11.715 D/OpenCV/StaticHelper( 3387): Trying to init OpenCV libs
06-09 11:26:11.738 D/OpenCV/StaticHelper( 3387): Trying to load library opencv_java3
06-09 11:26:11.962 D/OpenCV/StaticHelper( 3387): Library opencv_java3 loaded
06-09 11:26:11.962 D/OpenCV/StaticHelper( 3387): First attempt to load libs is OK
06-09 11:26:12.008 I/OpenCV/StaticHelper( 3387): 
06-09 11:26:12.009 I/OpenCV/StaticHelper( 3387): General configuration for OpenCV 3.4.4 =====================================
06-09 11:26:12.009 I/OpenCV/StaticHelper( 3387):   Version control:               3.4.4
06-09 11:26:12.009 I/OpenCV/StaticHelper( 3387): 
06-09 11:26:12.009 I/OpenCV/StaticHelper( 3387):   Extra modules:
06-09 11:26:12.009 I/OpenCV/StaticHelper( 3387):     Location (extra):            /build/3_4-contrib_pack-contrib-android/opencv_contrib/modules
06-09 11:26:12.009 I/OpenCV/StaticHelper( 3387):     Version control (extra):     3.4.4
06-09 11:26:12.009 I/OpenCV/StaticHelper( 3387): 
06-09 11:26:12.009 I/OpenCV/StaticHelper( 3387):   Platform:
06-09 11:26:12.009 I/OpenCV/StaticHelper( 3387):     Timestamp:                   2018-11-17T00:27:32Z
06-09 11:26:12.009 I/OpenCV/StaticHelper( 3387):     Host:                        Linux 4.15.0-38-generic x86_64
06-09 11:26:12.009 I/OpenCV/StaticHelper( 3387):     Target:                      Linux 1 x86_64
06-09 11:26:12.009 I/OpenCV/StaticHelper( 3387):     CMake:                       2.8.12.2
06-09 11:26:12.010 I/OpenCV/StaticHelper( 3387):     CMake generator:             Ninja
06-09 11:26:12.010 I/OpenCV/StaticHelper( 3387):     CMake build tool:            /usr/bin/ninja
06-09 11:26:12.010 I/OpenCV/StaticHelper( 3387):     Configuration:               Release
06-09 11:26:12.010 I/OpenCV/StaticHelper( 3387): 
06-09 11:26:12.010 I/OpenCV/StaticHelper( 3387):   CPU/HW features:
06-09 11:26:12.010 I/OpenCV/StaticHelper( 3387):     Baseline:                    SSE SSE2 SSE3
06-09 11:26:12.010 I/OpenCV/StaticHelper( 3387):       requested:                 SSE3
06-09 11:26:12.010 I/OpenCV/StaticHelper( 3387):     Dispatched code generation:  SSE4_1 SSE4_2 FP16 AVX AVX2
06-09 11:26:12.010 I/OpenCV/StaticHelper( 3387):       requested:                 SSE4_1 SSE4_2 AVX FP16 AVX2 AVX512_SKX
06-09 11:26:12.010 I/OpenCV/StaticHelper( 3387):       SSE4_1 (4 files):          + SSSE3 SSE4_1
06-09 11:26:12.010 I/OpenCV/StaticHelper( 3387):       SSE4_2 (1 files):          + SSSE3 SSE4_1 POPCNT SSE4_2
06-09 11:26:12.010 I/OpenCV/StaticHelper( 3387):       FP16 (0 files):            + SSSE3 SSE4_1 POPCNT SSE4_2 FP16 AVX
06-09 11:26:12.010 I/OpenCV/StaticHelper( 3387):       AVX (5 files):             + SSSE3 SSE4_1 POPCNT SSE4_2 AVX
06-09 11:26:12.010 I/OpenCV/StaticHelper( 3387):       AVX2 (10 files):           + SSSE3 SSE4_1 POPCNT SSE4_2 FP16 FMA3 AVX AVX2
06-09 11:26:12.010 I/OpenCV/StaticHelper( 3387): 
06-09 11:26:12.010 I/OpenCV/StaticHelper( 3387):   C/C++:
06-09 11:26:12.010 I/OpenCV/StaticHelper( 3387):     Built as dynamic libs?:      NO
06-09 11:26:12.010 I/OpenCV/StaticHelper( 3387):     C++ Compiler:                /usr/bin/ccache /opt/android/android-ndk-r10e/toolchains/x86_64-4.9/prebuilt/linux-x86_64/bin/x86_64-linux-android-g++ (ver 4.9)
06-09 11:26:12.011 I/OpenCV/StaticHelper( 3387):     C++ flags (Release):         -fexceptions -frtti --sysroot=/opt/android/android-ndk-r10e/platforms/android-21/arch-x86_64 -funwind-tables -funswitch-loops -finline-limit=300 -fsigned-char -no-canonical-prefixes -fdata-sections -ffunction-sections -Wa,--noexecstack  -DANDROID -D__ANDROID_API__=21   -fsigned-char -W -Wall -Werror=return-type -Werror=non-virtual-dtor -Werror=address -Werror=sequence-point -Wformat -Werror=format-security -Wmissing-declarations -Wundef -Winit-self -Wpointer-arith -Wshadow -Wsign-promo -Wuninitialized -Winit-self -Wno-narrowing -Wno-delete-non-virtual-dtor -Wno-comment -Wno-missing-field-initializers -fdiagnostics-show-option -Wno-long-long -fomit-frame-pointer  -msse -msse2 -msse3 -fvisibility=hidden -fvisibility-inlines-hidden -fomit-frame-pointer -fstrict-aliasing -O3 -DNDEBUG  -DNDEBUG
06-09 11:26:12.011 I/OpenCV/StaticHelper( 3387):     C++ flags (Debug):           -fexceptions -frtti --sysroot=/opt/android/android-ndk-r10e/platforms/android-21/arch-x86_64 -funwind-tables -funswitch-loops -finline-limit=300 -fsigned-char -no-canonical-prefixes -fdata-sections -ffunction-sections -Wa,--noexecstack  -DANDROID -D__ANDROID_API__=21   -fsigned-char -W -Wall -Werror=return-type -Werror=non-virtual-dtor -Werror=address -Werror=sequence-point -Wformat -Werror=format-security -Wmissing-declarations -Wundef -Winit-self -Wpointer-arith -Wshadow -Wsign-promo -Wuninitialized -Winit-self -Wno-narrowing -Wno-delete-non-virtual-dtor -Wno-comment -Wno-missing-field-initializers -fdiagnostics-show-option -Wno-long-long -fomit-frame-pointer  -msse -msse2 -msse3 -fvisibility=hidden -fvisibility-inlines-hidden -fno-omit-frame-pointer -fno-strict-aliasing -O0 -g -DDEBUG -D_DEBUG  -DDEBUG -D_DEBUG
06-09 11:26:12.011 I/OpenCV/StaticHelper( 3387):     C Compiler:                  /usr/bin/ccache /opt/android/android-ndk-r10e/toolchains/x86_64-4.9/prebuilt/linux-x86_64/bin/x86_64-linux-android-gcc
06-09 11:26:12.011 I/OpenCV/StaticHelper( 3387):     C flags (Release):           -fexceptions --sysroot=/opt/android/android-ndk-r10e/platforms/android-21/arch-x86_64 -funwind-tables -funswitch-loops -finline-limit=300 -fsigned-char -no-canonical-prefixes -fdata-sections -ffunction-sections -Wa,--noexecstack  -DANDROID -D__ANDROID_API__=21   -fsigned-char -W -Wall -Werror=return-type -Werror=non-virtual-dtor -Werror=address -Werror=sequence-point -Wformat -Werror=format-security -Wmissing-declarations -Wmissing-prototypes -Wstrict-prototypes -Wundef -Winit-self -Wpointer-arith -Wshadow -Wuninitialized -Winit-self -Wno-narrowing -Wno-comment -Wno-missing-field-initializers -fdiagnostics-show-option -Wno-long-long -fomit-frame-pointer  -msse -msse2 -msse3 -fvisibility=hidden -fomit-frame-pointer -fstrict-aliasing -O3 -DNDEBUG  -DNDEBUG
06-09 11:26:12.011 I/OpenCV/StaticHelper( 3387):     C flags (Debug):             -fexceptions --sysroot=/opt/android/android-ndk-r10e/platforms/android-21/arch-x86_64 -funwind-tables -funswitch-loops -finline-limit=300 -fsigned-char -no-canonical-prefixes -fdata-sections -ffunction-sections -Wa,--noexecstack  -DANDROID -D__ANDROID_API__=21   -fsigned-char -W -Wall -Werror=return-type -Werror=non-virtual-dtor -Werror=address -Werror=sequence-point -Wformat -Werror=format-security -Wmissing-declarations -Wmissing-prototypes -Wstrict-prototypes -Wundef -Winit-self -Wpointer-arith -Wshadow -Wuninitialized -Winit-self -Wno-narrowing -Wno-comment -Wno-missing-field-initializers -fdiagnostics-show-option -Wno-long-long -fomit-frame-pointer  -msse -msse2 -msse3 -fvisibility=hidden -fno-omit-frame-pointer -fno-strict-aliasing -O0 -g -DDEBUG -D_DEBUG  -DDEBUG -D_DEBUG
06-09 11:26:12.011 I/OpenCV/StaticHelper( 3387):     Linker flags (Release):      -Wl,--exclude-libs,libippicv.a -Wl,--exclude-libs,libippiw.a  -Wl,--no-undefined -Wl,--gc-sections -Wl,-z,noexecstack -Wl,-z,relro -Wl,-z,now    
06-09 11:26:12.011 I/OpenCV/StaticHelper( 3387):     Linker flags (Debug):        -Wl,--exclude-libs,libippicv.a -Wl,--exclude-libs,libippiw.a  -Wl,--no-undefined -Wl,--gc-sections -Wl,-z,noexecstack -Wl,-z,relro -Wl,-z,now    
06-09 11:26:12.011 I/OpenCV/StaticHelper( 3387):     ccache:                      YES
06-09 11:26:12.011 I/OpenCV/StaticHelper( 3387):     Precompiled headers:         NO
06-09 11:26:12.011 I/OpenCV/StaticHelper( 3387):     Extra dependencies:          z dl m log
06-09 11:26:12.011 I/OpenCV/StaticHelper( 3387):     3rdparty dependencies:       tbb libcpufeatures ittnotify libjpeg-turbo libwebp libpng libtiff libjasper IlmImf libprotobuf quirc ippiw ippicv
06-09 11:26:12.011 I/OpenCV/StaticHelper( 3387): 
06-09 11:26:12.011 I/OpenCV/StaticHelper( 3387):   OpenCV modules:
06-09 11:26:12.011 I/OpenCV/StaticHelper( 3387):     To be built:                 aruco bgsegm bioinspired calib3d ccalib core datasets dnn dnn_objdetect dpm face features2d flann fuzzy hfs highgui img_hash imgcodecs imgproc java java_bindings_generator line_descriptor ml objdetect optflow phase_unwrapping photo plot reg rgbd saliency shape stereo stitching structured_light superres surface_matching text tracking video videoio videostab xfeatures2d ximgproc xobjdetect xphoto
06-09 11:26:12.011 I/OpenCV/StaticHelper( 3387):     Disabled:                    world
06-09 11:26:12.011 I/OpenCV/StaticHelper( 3387):     Disabled by dependency:      -
06-09 11:26:12.012 I/OpenCV/StaticHelper( 3387):     Unavailable:                 cnn_3dobj cudaarithm cudabgsegm cudacodec cudafeatures2d cudafilters cudaimgproc cudalegacy cudaobjdetect cudaoptflow cudastereo cudawarping cudev cvv freetype hdf js matlab ovis python2 python3 sfm ts viz
06-09 11:26:12.012 I/OpenCV/StaticHelper( 3387):     Applications:                android_examples
06-09 11:26:12.012 I/OpenCV/StaticHelper( 3387):     Documentation:               NO
06-09 11:26:12.012 I/OpenCV/StaticHelper( 3387):     Non-free algorithms:         NO
06-09 11:26:12.012 I/OpenCV/StaticHelper( 3387): 
06-09 11:26:12.012 I/OpenCV/StaticHelper( 3387):   Android NDK:                   location: /opt/android/android-ndk-r10e
06-09 11:26:12.012 I/OpenCV/StaticHelper( 3387):     Android ABI:                 x86_64
06-09 11:26:12.012 I/OpenCV/StaticHelper( 3387):     NDK toolchain:               x86_64-4.9
06-09 11:26:12.012 I/OpenCV/StaticHelper( 3387):     STL type:                    gnustl_static
06-09 11:26:12.012 I/OpenCV/StaticHelper( 3387):     Native API level:            21
06-09 11:26:12.012 I/OpenCV/StaticHelper( 3387):   Android SDK:                   /opt/android/android-sdk-java7 (tools: 25.2.2 build tools: 23.0.3)
06-09 11:26:12.012 I/OpenCV/StaticHelper( 3387):     android tool:                /opt/android/android-sdk-java7/tools/android
06-09 11:26:12.012 I/OpenCV/StaticHelper( 3387):     SDK target:                  android-21
06-09 11:26:12.012 I/OpenCV/StaticHelper( 3387):     Projects build scripts:      Ant/Eclipse compatible
06-09 11:26:12.012 I/OpenCV/StaticHelper( 3387): 
06-09 11:26:12.012 I/OpenCV/StaticHelper( 3387):   GUI: 
06-09 11:26:12.012 I/OpenCV/StaticHelper( 3387): 
06-09 11:26:12.012 I/OpenCV/StaticHelper( 3387):   Media I/O: 
06-09 11:26:12.012 I/OpenCV/StaticHelper( 3387):     ZLib:                        z (ver 1.2.3)
06-09 11:26:12.013 I/OpenCV/StaticHelper( 3387):     JPEG:                        build-libjpeg-turbo (ver 1.5.3-62)
06-09 11:26:12.013 I/OpenCV/StaticHelper( 3387):     WEBP:                        build (ver encoder: 0x020e)
06-09 11:26:12.013 I/OpenCV/StaticHelper( 3387):     PNG:                         build (ver 1.6.35)
06-09 11:26:12.013 I/OpenCV/StaticHelper( 3387):     TIFF:                        build (ver 42 - 4.0.9)
06-09 11:26:12.013 I/OpenCV/StaticHelper( 3387):     JPEG 2000:                   build (ver 1.900.1)
06-09 11:26:12.013 I/OpenCV/StaticHelper( 3387):     OpenEXR:                     build (ver 1.7.1)
06-09 11:26:12.013 I/OpenCV/StaticHelper( 3387):     HDR:                         YES
06-09 11:26:12.013 I/OpenCV/StaticHelper( 3387):     SUNRASTER:                   YES
06-09 11:26:12.013 I/OpenCV/StaticHelper( 3387):     PXM:                         YES
06-09 11:26:12.013 I/OpenCV/StaticHelper( 3387): 
06-09 11:26:12.013 I/OpenCV/StaticHelper( 3387):   Video I/O:
06-09 11:26:12.013 I/OpenCV/StaticHelper( 3387): 
06-09 11:26:12.013 I/OpenCV/StaticHelper( 3387):   Parallel framework:            TBB (ver 2018.0 interface 10001)
06-09 11:26:12.013 I/OpenCV/StaticHelper( 3387): 
06-09 11:26:12.013 I/OpenCV/StaticHelper( 3387):   Trace:                         YES (with Intel ITT)
06-09 11:26:12.014 I/OpenCV/StaticHelper( 3387): 
06-09 11:26:12.014 I/OpenCV/StaticHelper( 3387):   Other third-party libraries:
06-09 11:26:12.014 I/OpenCV/StaticHelper( 3387):     Intel IPP:                   2019.0.0 Gold [2019.0.0]
06-09 11:26:12.014 I/OpenCV/StaticHelper( 3387):            at:                   /build/3_4-contrib_pack-contrib-android/build/o4a/3rdparty/ippicv/ippicv_lnx/icv
06-09 11:26:12.014 I/OpenCV/StaticHelper( 3387):     Intel IPP IW:                sources (2019.0.0)
06-09 11:26:12.014 I/OpenCV/StaticHelper( 3387):               at:                /build/3_4-contrib_pack-contrib-android/build/o4a/3rdparty/ippicv/ippicv_lnx/iw
06-09 11:26:12.014 I/OpenCV/StaticHelper( 3387):     Custom HAL:                  NO
06-09 11:26:12.014 I/OpenCV/StaticHelper( 3387):     Protobuf:                    build (3.5.1)
06-09 11:26:12.014 I/OpenCV/StaticHelper( 3387): 
06-09 11:26:12.014 I/OpenCV/StaticHelper( 3387):   Python (for build):            /usr/bin/python2.7
06-09 11:26:12.014 I/OpenCV/StaticHelper( 3387): 
06-09 11:26:12.015 I/OpenCV/StaticHelper( 3387):   Java:                          export all functions
06-09 11:26:12.015 I/OpenCV/StaticHelper( 3387):     ant:                         /usr/bin/ant (ver 1.9.3)
06-09 11:26:12.015 I/OpenCV/StaticHelper( 3387):     Java wrappers:               YES
06-09 11:26:12.015 I/OpenCV/StaticHelper( 3387):     Java tests:                  NO
06-09 11:26:12.015 I/OpenCV/StaticHelper( 3387): 
06-09 11:26:12.015 I/OpenCV/StaticHelper( 3387):   Install to:                    /build/3_4-contrib_pack-contrib-android/build/o4a/install
06-09 11:26:12.015 I/OpenCV/StaticHelper( 3387): -----------------------------------------------------------------
06-09 11:26:12.016 D/OpenCv  ( 3387): OpenCV loaded
06-09 11:26:12.670 I/Registrar( 3387): MasterXmlRpcEndpoint URI: http://llp:11311
06-09 11:26:12.805 I/Registrar( 3387): Registering publisher: Publisher<PublisherDefinition<PublisherIdentifier<NodeIdentifier</kibo_rpc_api, http://hlp:49500/>, TopicIdentifier</rosout>>, Topic<TopicIdentifier</rosout>, TopicDescription<rosgraph_msgs/Log, acffd30cd6b6de30f120938c17c593fb>>>>
06-09 11:26:13.517 I/art     ( 3311): Do partial code cache collection, code=29KB, data=29KB
06-09 11:26:13.563 I/art     ( 3311): After code cache collection, code=29KB, data=29KB
06-09 11:26:13.563 I/art     ( 3311): Increasing code cache capacity to 128KB
06-09 11:26:14.160 I/Registrar( 3387): Response<Success, Registered [/kibo_rpc_api] as publisher of [/rosout], [http://10.42.0.34:44494/, http://10.42.0.34:43538/]>
06-09 11:26:14.223 I/DefaultPublisher( 3387): Publisher registered: Publisher<PublisherDefinition<PublisherIdentifier<NodeIdentifier</kibo_rpc_api, http://hlp:49500/>, TopicIdentifier</rosout>>, Topic<TopicIdentifier</rosout>, TopicDescription<rosgraph_msgs/Log, acffd30cd6b6de30f120938c17c593fb>>>>
06-09 11:26:14.586 I/Registrar( 3387): Registering subscriber: Subscriber<Topic<TopicIdentifier</clock>, TopicDescription<rosgraph_msgs/Clock, a9c97c1d230cfc112e270351a944ee47>>>
06-09 11:26:15.051 I/Registrar( 3387): Response<Success, Subscribed to [/clock], [http://10.42.0.34:37453/]>
06-09 11:26:15.133 I/DefaultSubscriber( 3387): Subscriber registered: Subscriber<Topic<TopicIdentifier</clock>, TopicDescription<rosgraph_msgs/Clock, a9c97c1d230cfc112e270351a944ee47>>>
06-09 11:26:15.650 I/Registrar( 3387): Registering publisher: Publisher<PublisherDefinition<PublisherIdentifier<NodeIdentifier</kibo_rpc_api, http://hlp:49500/>, TopicIdentifier</command>>, Topic<TopicIdentifier</command>, TopicDescription<ff_msgs/CommandStamped, ac01350894b1be9e3a7b4f390a14812d>>>>
06-09 11:26:15.716 I/Registrar( 3387): MasterXmlRpcEndpoint URI: http://llp:11311
06-09 11:26:16.205 W/art     ( 3387): Suspending all threads took: 11.110ms
06-09 11:26:16.224 I/Registrar( 3387): Registering subscriber: Subscriber<Topic<TopicIdentifier</mgt/ack>, TopicDescription<ff_msgs/AckStamped, cebddec69fd770df54633be444a9187d>>>
06-09 11:26:16.236 I/Registrar( 3387): Registering publisher: Publisher<PublisherDefinition<PublisherIdentifier<NodeIdentifier</GetterNode, http://hlp:36291/>, TopicIdentifier</rosout>>, Topic<TopicIdentifier</rosout>, TopicDescription<rosgraph_msgs/Log, acffd30cd6b6de30f120938c17c593fb>>>>
06-09 11:26:16.686 I/Registrar( 3387): Response<Success, Registered [/kibo_rpc_api] as publisher of [/command], [http://10.42.0.34:33169/, http://10.42.0.34:43538/, http://10.42.0.34:37164/]>
06-09 11:26:16.692 I/DefaultPublisher( 3387): Publisher registered: Publisher<PublisherDefinition<PublisherIdentifier<NodeIdentifier</kibo_rpc_api, http://hlp:49500/>, TopicIdentifier</command>>, Topic<TopicIdentifier</command>, TopicDescription<ff_msgs/CommandStamped, ac01350894b1be9e3a7b4f390a14812d>>>>
06-09 11:26:17.537 I/Registrar( 3387): Response<Success, Subscribed to [/mgt/ack], [http://10.42.0.34:33169/]>
06-09 11:26:17.594 I/DefaultSubscriber( 3387): Subscriber registered: Subscriber<Topic<TopicIdentifier</mgt/ack>, TopicDescription<ff_msgs/AckStamped, cebddec69fd770df54633be444a9187d>>>
06-09 11:26:17.655 I/Registrar( 3387): Response<Success, Registered [/GetterNode] as publisher of [/rosout], [http://10.42.0.34:44494/, http://10.42.0.34:43538/]>
06-09 11:26:17.840 I/DefaultPublisher( 3387): Publisher registered: Publisher<PublisherDefinition<PublisherIdentifier<NodeIdentifier</GetterNode, http://hlp:36291/>, TopicIdentifier</rosout>>, Topic<TopicIdentifier</rosout>, TopicDescription<rosgraph_msgs/Log, acffd30cd6b6de30f120938c17c593fb>>>>
06-09 11:26:18.130 W/art     ( 3387): Suspending all threads took: 6.837ms
06-09 11:26:18.662 I/Registrar( 3387): Registering subscriber: Subscriber<Topic<TopicIdentifier</gnc/ekf>, TopicDescription<ff_msgs/EkfState, 543b97822b033d7199b506ad4005f134>>>
06-09 11:26:18.698 W/art     ( 3387): Long monitor contention with owner pool-1-thread-3 (3406) at void gov.nasa.arc.astrobee.ros.internal.RobotNodeMain.onStart(org.ros.node.ConnectedNode)(RobotNodeMain.java:61) waiters=0 in org.ros.message.MessageFactory gov.nasa.arc.astrobee.ros.internal.RobotNodeMain.getTopicMessageFactory() for 3.286s
06-09 11:26:18.712 W/art     ( 3387): Long monitor contention with owner pool-1-thread-3 (3406) at void gov.nasa.arc.astrobee.ros.internal.RobotNodeMain.onStart(org.ros.node.ConnectedNode)(RobotNodeMain.java:61) waiters=1 in void gov.nasa.arc.astrobee.ros.internal.RobotNodeMain$1.onNewSubscriber(org.ros.node.topic.Publisher, org.ros.internal.node.topic.SubscriberIdentifier) for 1.248s
06-09 11:26:18.880 I/Registrar( 3387): Response<Success, Subscribed to [/gnc/ekf], [http://10.42.0.34:41856/]>
06-09 11:26:18.904 I/DefaultSubscriber( 3387): Subscriber registered: Subscriber<Topic<TopicIdentifier</gnc/ekf>, TopicDescription<ff_msgs/EkfState, 543b97822b033d7199b506ad4005f134>>>
06-09 11:26:19.133 I/Registrar( 3387): Registering subscriber: Subscriber<Topic<TopicIdentifier</clock>, TopicDescription<rosgraph_msgs/Clock, a9c97c1d230cfc112e270351a944ee47>>>
06-09 11:26:19.646 I/Registrar( 3387): Response<Success, Subscribed to [/clock], [http://10.42.0.34:37453/]>
06-09 11:26:19.683 I/DefaultSubscriber( 3387): Subscriber registered: Subscriber<Topic<TopicIdentifier</clock>, TopicDescription<rosgraph_msgs/Clock, a9c97c1d230cfc112e270351a944ee47>>>
06-09 11:26:19.980 D/KiboRpcApi( 3387): GetterNode initialization started.
06-09 11:26:20.774 I/Registrar( 3387): Registering subscriber: Subscriber<Topic<TopicIdentifier</hw/imu>, TopicDescription<sensor_msgs/Imu, 6a62c6daae103f4ff57a132d6f95cec2>>>
06-09 11:26:21.337 I/Registrar( 3387): Registering subscriber: Subscriber<Topic<TopicIdentifier</hw/cam_nav>, TopicDescription<sensor_msgs/Image, 060021388200f6f0f447d0fcd9c64743>>>
06-09 11:26:21.660 I/Registrar( 3387): Response<Success, Subscribed to [/hw/imu], [http://10.42.0.34:37453/]>
06-09 11:26:21.899 I/DefaultSubscriber( 3387): Subscriber registered: Subscriber<Topic<TopicIdentifier</hw/imu>, TopicDescription<sensor_msgs/Imu, 6a62c6daae103f4ff57a132d6f95cec2>>>
06-09 11:26:21.983 I/KiboRpcApi( 3387): [printLogCommandResult] Command status: OK(1)
06-09 11:26:21.983 I/KiboRpcApi( 3387): Done
06-09 11:26:21.984 I/KiboRpcApi( 3387): [setPlanner] Planner is set to trapezoidal
06-09 11:26:21.984 I/KiboRpcApi( 3387): [moveTo] Planner is set to trapezoidal.
06-09 11:26:22.752 I/KiboRpcApi( 3387): [printLogCommandResult] Command status: OK(1)
06-09 11:26:22.753 I/KiboRpcApi( 3387): Done
06-09 11:26:22.753 I/KiboRpcApi( 3387): [moveTo] Planner is trapezoidal.
06-09 11:26:22.753 I/KiboRpcApi( 3387): [moveTo] Moving the bee.
06-09 11:26:22.950 I/Registrar( 3387): Registering subscriber: Subscriber<Topic<TopicIdentifier</hw/cam_dock>, TopicDescription<sensor_msgs/Image, 060021388200f6f0f447d0fcd9c64743>>>
06-09 11:26:23.006 I/Registrar( 3387): Response<Success, Subscribed to [/hw/cam_nav], [http://10.42.0.34:37453/]>
06-09 11:26:23.152 I/DefaultSubscriber( 3387): Subscriber registered: Subscriber<Topic<TopicIdentifier</hw/cam_nav>, TopicDescription<sensor_msgs/Image, 060021388200f6f0f447d0fcd9c64743>>>
06-09 11:26:23.875 I/KiboRpcApi( 3387): [getCommandResult] Current Position: gov.nasa.arc.astrobee.types.Point[10.954, -3.764, 4.869]
06-09 11:26:23.876 I/KiboRpcApi( 3387): [getCommandResult] Current OrientationMat33f::Quaternion{ x=-0.026; y=-0.009; z=-0.672; w=0.74}
06-09 11:26:23.984 I/Registrar( 3387): Response<Success, Subscribed to [/hw/cam_dock], [http://10.42.0.34:37453/]>
06-09 11:26:24.114 I/DefaultSubscriber( 3387): Subscriber registered: Subscriber<Topic<TopicIdentifier</hw/cam_dock>, TopicDescription<sensor_msgs/Image, 060021388200f6f0f447d0fcd9c64743>>>
06-09 11:26:24.308 W/art     ( 3387): Long monitor contention with owner New I/O  worker #21 (3475) at boolean org.ros.concurrent.CircularBlockingDeque.addLast(java.lang.Object)(CircularBlockingDeque.java:72) waiters=1 in void java.lang.Object.wait!() for 230ms
06-09 11:26:24.765 I/Registrar( 3387): Registering subscriber: Subscriber<Topic<TopicIdentifier</hw/depth_haz/points>, TopicDescription<sensor_msgs/PointCloud2, 1158d486dd51d683ce2f1be655c3c181>>>
06-09 11:26:24.911 I/KiboRpcApi( 3387): [getCommandResult] Current Position: gov.nasa.arc.astrobee.types.Point[10.933, -3.758, 4.857]
06-09 11:26:24.990 I/KiboRpcApi( 3387): [getCommandResult] Current OrientationMat33f::Quaternion{ x=-0.018; y=0.008; z=-0.673; w=0.74}
06-09 11:26:25.075 W/art     ( 3387): Long monitor contention with owner pool-1-thread-17 (3427) at java.lang.Class java.lang.reflect.Proxy.getProxyClass0(java.lang.ClassLoader, java.lang.Class[])(Proxy.java:481) waiters=0 in java.lang.Class java.lang.reflect.Proxy.getProxyClass0(java.lang.ClassLoader, java.lang.Class[]) for 132ms
06-09 11:26:25.432 W/art     ( 3387): Suspending all threads took: 10.504ms
06-09 11:26:26.140 I/KiboRpcApi( 3387): [getCommandResult] Current Position: gov.nasa.arc.astrobee.types.Point[10.942, -3.755, 4.862]
06-09 11:26:26.141 I/KiboRpcApi( 3387): [getCommandResult] Current OrientationMat33f::Quaternion{ x=-0.027; y=-0.006; z=-0.667; w=0.745}
06-09 11:26:26.824 I/art     ( 3387): Do partial code cache collection, code=20KB, data=30KB
06-09 11:26:27.010 I/art     ( 3387): After code cache collection, code=18KB, data=28KB
06-09 11:26:27.010 I/art     ( 3387): Increasing code cache capacity to 128KB
06-09 11:26:27.147 I/Registrar( 3387): Registering subscriber: Subscriber<Topic<TopicIdentifier</hw/depth_perch/points>, TopicDescription<sensor_msgs/PointCloud2, 1158d486dd51d683ce2f1be655c3c181>>>
06-09 11:26:27.189 I/KiboRpcApi( 3387): [getCommandResult] Current Position: gov.nasa.arc.astrobee.types.Point[10.969, -3.752, 4.867]
06-09 11:26:27.307 I/KiboRpcApi( 3387): [getCommandResult] Current OrientationMat33f::Quaternion{ x=-0.029; y=-0.008; z=-0.668; w=0.744}
06-09 11:26:27.337 I/Registrar( 3387): Response<Success, Subscribed to [/hw/depth_haz/points], [http://10.42.0.34:37453/]>
06-09 11:26:27.623 I/DefaultSubscriber( 3387): Subscriber registered: Subscriber<Topic<TopicIdentifier</hw/depth_haz/points>, TopicDescription<sensor_msgs/PointCloud2, 1158d486dd51d683ce2f1be655c3c181>>>
06-09 11:26:27.957 W/art     ( 3387): Long monitor contention with owner New I/O  worker #21 (3475) at boolean org.ros.concurrent.CircularBlockingDeque.addLast(java.lang.Object)(CircularBlockingDeque.java:72) waiters=1 in void java.lang.Object.wait!() for 110ms
06-09 11:26:28.012 D/KiboRpcApi( 3387): GetterNode initialization succeeded.
06-09 11:26:28.353 I/KiboRpcApi( 3387): [getCommandResult] Current Position: gov.nasa.arc.astrobee.types.Point[10.945, -3.784, 4.824]
06-09 11:26:28.353 I/KiboRpcApi( 3387): [getCommandResult] Current OrientationMat33f::Quaternion{ x=-0.029; y=-0.013; z=-0.664; w=0.747}
06-09 11:26:29.037 I/Registrar( 3387): Response<Success, Subscribed to [/hw/depth_perch/points], [http://10.42.0.34:37453/]>
06-09 11:26:29.467 I/DefaultSubscriber( 3387): Subscriber registered: Subscriber<Topic<TopicIdentifier</hw/depth_perch/points>, TopicDescription<sensor_msgs/PointCloud2, 1158d486dd51d683ce2f1be655c3c181>>>
06-09 11:26:29.496 I/KiboRpcApi( 3387): [getCommandResult] Current Position: gov.nasa.arc.astrobee.types.Point[10.92, -3.744, 4.82]
06-09 11:26:29.497 I/KiboRpcApi( 3387): [getCommandResult] Current OrientationMat33f::Quaternion{ x=-0.032; y=-0.009; z=-0.663; w=0.748}
06-09 11:26:30.473 W/art     ( 3387): Suspending all threads took: 23.506ms
06-09 11:26:30.556 I/KiboRpcApi( 3387): [getCommandResult] Current Position: gov.nasa.arc.astrobee.types.Point[10.933, -3.755, 4.879]
06-09 11:26:30.557 I/KiboRpcApi( 3387): [getCommandResult] Current OrientationMat33f::Quaternion{ x=-0.031; y=-0.011; z=-0.664; w=0.747}
06-09 11:26:31.600 I/KiboRpcApi( 3387): [getCommandResult] Current Position: gov.nasa.arc.astrobee.types.Point[10.933, -3.755, 4.879]
06-09 11:26:31.601 I/KiboRpcApi( 3387): [getCommandResult] Current OrientationMat33f::Quaternion{ x=-0.031; y=-0.011; z=-0.664; w=0.747}
06-09 11:26:32.774 I/KiboRpcApi( 3387): [getCommandResult] Current Position: gov.nasa.arc.astrobee.types.Point[10.985, -3.744, 4.846]
06-09 11:26:32.963 I/KiboRpcApi( 3387): [getCommandResult] Current OrientationMat33f::Quaternion{ x=-0.035; y=-0.001; z=-0.665; w=0.746}
06-09 11:26:33.583 W/art     ( 3387): Suspending all threads took: 93.569ms
06-09 11:26:34.002 I/KiboRpcApi( 3387): [getCommandResult] Current Position: gov.nasa.arc.astrobee.types.Point[10.927, -3.753, 4.873]
06-09 11:26:34.003 I/KiboRpcApi( 3387): [getCommandResult] Current OrientationMat33f::Quaternion{ x=-0.028; y=-0.003; z=-0.665; w=0.746}
06-09 11:26:35.072 I/KiboRpcApi( 3387): [getCommandResult] Current Position: gov.nasa.arc.astrobee.types.Point[10.945, -3.76, 4.874]
06-09 11:26:35.074 I/KiboRpcApi( 3387): [getCommandResult] Current OrientationMat33f::Quaternion{ x=-0.039; y=-0.016; z=-0.66; w=0.75}
06-09 11:26:35.689 W/art     ( 3387): Long monitor contention with owner New I/O  worker #9 (3444) at boolean org.ros.concurrent.CircularBlockingDeque.addLast(java.lang.Object)(CircularBlockingDeque.java:72) waiters=1 in void java.lang.Object.wait!() for 103ms
06-09 11:26:35.884 W/art     ( 3387): Long monitor contention with owner pool-3-thread-39 (3512) at java.lang.Class java.lang.reflect.Proxy.getProxyClass0(java.lang.ClassLoader, java.lang.Class[])(Proxy.java:481) waiters=1 in java.lang.Class java.lang.reflect.Proxy.getProxyClass0(java.lang.ClassLoader, java.lang.Class[]) for 186ms
06-09 11:26:35.995 W/art     ( 3387): Long monitor contention with owner pool-3-thread-39 (3512) at java.lang.Class java.lang.reflect.Proxy.getProxyClass0(java.lang.ClassLoader, java.lang.Class[])(Proxy.java:481) waiters=2 in java.lang.Class java.lang.reflect.Proxy.getProxyClass0(java.lang.ClassLoader, java.lang.Class[]) for 281ms
06-09 11:26:36.091 W/art     ( 3387): Long monitor contention with owner pool-3-thread-39 (3512) at java.lang.Class java.lang.reflect.Proxy.getProxyClass0(java.lang.ClassLoader, java.lang.Class[])(Proxy.java:481) waiters=3 in java.lang.Class java.lang.reflect.Proxy.getProxyClass0(java.lang.ClassLoader, java.lang.Class[]) for 367ms
06-09 11:26:36.124 I/KiboRpcApi( 3387): [getCommandResult] Current Position: gov.nasa.arc.astrobee.types.Point[10.945, -3.76, 4.874]
06-09 11:26:36.158 I/KiboRpcApi( 3387): [getCommandResult] Current OrientationMat33f::Quaternion{ x=-0.039; y=-0.016; z=-0.66; w=0.75}
06-09 11:26:37.199 I/KiboRpcApi( 3387): [getCommandResult] Current Position: gov.nasa.arc.astrobee.types.Point[10.945, -3.732, 4.851]
06-09 11:26:37.200 I/KiboRpcApi( 3387): [getCommandResult] Current OrientationMat33f::Quaternion{ x=-0.03; y=-0.014; z=-0.665; w=0.746}
06-09 11:26:37.746 W/art     ( 3387): Long monitor contention with owner New I/O  worker #9 (3444) at boolean org.ros.concurrent.CircularBlockingDeque.addLast(java.lang.Object)(CircularBlockingDeque.java:72) waiters=1 in void java.lang.Object.wait!() for 108ms
06-09 11:26:38.244 I/art     ( 3311): Background sticky concurrent mark sweep GC freed 119507(3MB) AllocSpace objects, 10(200KB) LOS objects, 36% free, 6MB/10MB, paused 3.291ms total 282.305ms
06-09 11:26:38.257 I/KiboRpcApi( 3387): [getCommandResult] Current Position: gov.nasa.arc.astrobee.types.Point[10.964, -3.735, 4.88]
06-09 11:26:38.273 I/KiboRpcApi( 3387): [getCommandResult] Current OrientationMat33f::Quaternion{ x=-0.033; y=-0.011; z=-0.665; w=0.746}
06-09 11:26:38.925 W/art     ( 3387): Suspending all threads took: 20.872ms
06-09 11:26:39.652 I/KiboRpcApi( 3387): [getCommandResult] Current Position: gov.nasa.arc.astrobee.types.Point[10.937, -3.736, 4.839]
06-09 11:26:39.653 I/KiboRpcApi( 3387): [getCommandResult] Current OrientationMat33f::Quaternion{ x=-0.037; y=-0.001; z=-0.67; w=0.742}
06-09 11:26:40.542 W/art     ( 3387): Long monitor contention with owner New I/O  worker #25 (3500) at boolean org.ros.concurrent.CircularBlockingDeque.addLast(java.lang.Object)(CircularBlockingDeque.java:72) waiters=1 in void java.lang.Object.wait!() for 109ms
06-09 11:26:40.690 I/KiboRpcApi( 3387): [getCommandResult] Current Position: gov.nasa.arc.astrobee.types.Point[10.937, -3.736, 4.839]
06-09 11:26:40.691 I/KiboRpcApi( 3387): [getCommandResult] Current OrientationMat33f::Quaternion{ x=-0.037; y=-0.001; z=-0.67; w=0.742}
06-09 11:26:40.937 W/art     ( 3387): Long monitor contention with owner New I/O  worker #17 (3481) at boolean org.ros.concurrent.CircularBlockingDeque.addLast(java.lang.Object)(CircularBlockingDeque.java:72) waiters=1 in void java.lang.Object.wait!() for 198ms
06-09 11:26:41.732 I/KiboRpcApi( 3387): [getCommandResult] Current Position: gov.nasa.arc.astrobee.types.Point[10.927, -3.746, 4.833]
06-09 11:26:41.864 I/KiboRpcApi( 3387): [getCommandResult] Current OrientationMat33f::Quaternion{ x=-0.031; y=-0.009; z=-0.672; w=0.74}
06-09 11:26:42.964 W/art     ( 3387): Suspending all threads took: 19.883ms
06-09 11:26:43.108 I/KiboRpcApi( 3387): [getCommandResult] Current Position: gov.nasa.arc.astrobee.types.Point[10.937, -3.761, 4.834]
06-09 11:26:43.163 I/KiboRpcApi( 3387): [getCommandResult] Current OrientationMat33f::Quaternion{ x=-0.023; y=-0.008; z=-0.675; w=0.738}
06-09 11:26:44.208 I/KiboRpcApi( 3387): [getCommandResult] Current Position: gov.nasa.arc.astrobee.types.Point[10.93, -3.741, 4.857]
06-09 11:26:44.222 I/KiboRpcApi( 3387): [getCommandResult] Current OrientationMat33f::Quaternion{ x=-0.031; y=-0.011; z=-0.677; w=0.736}
06-09 11:26:45.262 I/KiboRpcApi( 3387): [getCommandResult] Current Position: gov.nasa.arc.astrobee.types.Point[10.974, -3.748, 4.842]
06-09 11:26:45.263 I/KiboRpcApi( 3387): [getCommandResult] Current OrientationMat33f::Quaternion{ x=-0.028; y=-0.021; z=-0.675; w=0.737}
06-09 11:26:46.154 W/art     ( 3387): Suspending all threads took: 5.711ms
06-09 11:26:46.315 I/KiboRpcApi( 3387): [getCommandResult] Current Position: gov.nasa.arc.astrobee.types.Point[10.972, -3.752, 4.851]
06-09 11:26:46.316 I/KiboRpcApi( 3387): [getCommandResult] Current OrientationMat33f::Quaternion{ x=-0.03; y=-0.011; z=-0.675; w=0.737}
06-09 11:26:46.464 W/art     ( 3387): Long monitor contention with owner New I/O  worker #25 (3500) at boolean org.ros.concurrent.CircularBlockingDeque.addLast(java.lang.Object)(CircularBlockingDeque.java:72) waiters=1 in void java.lang.Object.wait!() for 314ms
06-09 11:26:47.350 I/KiboRpcApi( 3387): [getCommandResult] Current Position: gov.nasa.arc.astrobee.types.Point[10.903, -3.723, 4.846]
06-09 11:26:47.386 I/KiboRpcApi( 3387): [getCommandResult] Current OrientationMat33f::Quaternion{ x=-0.029; y=-0.013; z=-0.669; w=0.743}
06-09 11:26:48.204 W/art     ( 3387): Suspending all threads took: 86.163ms
06-09 11:26:48.425 I/KiboRpcApi( 3387): [getCommandResult] Current Position: gov.nasa.arc.astrobee.types.Point[10.964, -3.752, 4.861]
06-09 11:26:48.426 I/KiboRpcApi( 3387): [getCommandResult] Current OrientationMat33f::Quaternion{ x=-0.033; y=-0.021; z=-0.669; w=0.742}
06-09 11:26:48.511 W/art     ( 3387): Long monitor contention with owner pool-1-thread-17 (3427) at java.lang.Object java.lang.ref.Reference.getReferent!()(Reference.java:-2) waiters=0 in java.lang.Class java.lang.reflect.Proxy.getProxyClass0(java.lang.ClassLoader, java.lang.Class[]) for 168ms
06-09 11:26:49.459 I/KiboRpcApi( 3387): [getCommandResult] Current Position: gov.nasa.arc.astrobee.types.Point[10.93, -3.754, 4.871]
06-09 11:26:49.496 I/KiboRpcApi( 3387): [getCommandResult] Current OrientationMat33f::Quaternion{ x=-0.028; y=-0.013; z=-0.676; w=0.737}
06-09 11:26:49.697 W/art     ( 3387): Long monitor contention with owner pool-1-thread-33 (3468) at java.lang.Class java.lang.reflect.Proxy.getProxyClass0(java.lang.ClassLoader, java.lang.Class[])(Proxy.java:481) waiters=1 in java.lang.Class java.lang.reflect.Proxy.getProxyClass0(java.lang.ClassLoader, java.lang.Class[]) for 110ms
06-09 11:26:50.577 I/KiboRpcApi( 3387): [getCommandResult] Current Position: gov.nasa.arc.astrobee.types.Point[10.936, -3.772, 4.88]
06-09 11:26:50.577 I/KiboRpcApi( 3387): [getCommandResult] Current OrientationMat33f::Quaternion{ x=-0.03; y=-0.006; z=-0.669; w=0.743}
06-09 11:26:51.619 I/KiboRpcApi( 3387): [getCommandResult] Current Position: gov.nasa.arc.astrobee.types.Point[10.923, -3.758, 4.841]
06-09 11:26:51.620 I/KiboRpcApi( 3387): [getCommandResult] Current OrientationMat33f::Quaternion{ x=-0.03; y=-0.009; z=-0.671; w=0.74}
06-09 11:26:51.902 W/art     ( 3387): Suspending all threads took: 5.551ms
06-09 11:26:52.403 W/art     ( 3387): Long monitor contention with owner New I/O  worker #37 (3520) at boolean org.ros.concurrent.CircularBlockingDeque.addLast(java.lang.Object)(CircularBlockingDeque.java:72) waiters=1 in void java.lang.Object.wait!() for 163ms
06-09 11:26:52.717 I/KiboRpcApi( 3387): [getCommandResult] Current Position: gov.nasa.arc.astrobee.types.Point[10.918, -3.733, 4.845]
06-09 11:26:52.717 I/KiboRpcApi( 3387): [getCommandResult] Current OrientationMat33f::Quaternion{ x=-0.026; y=-0.013; z=-0.67; w=0.742}
06-09 11:26:52.973 W/art     ( 3387): Long monitor contention with owner New I/O  worker #25 (3500) at boolean org.ros.concurrent.CircularBlockingDeque.addLast(java.lang.Object)(CircularBlockingDeque.java:72) waiters=1 in void java.lang.Object.wait!() for 112ms
06-09 11:26:53.131 W/art     ( 3387): Long monitor contention with owner pool-3-thread-40 (3514) at java.lang.Class java.lang.reflect.Proxy.getProxyClass0(java.lang.ClassLoader, java.lang.Class[])(Proxy.java:481) waiters=0 in java.lang.Class java.lang.reflect.Proxy.getProxyClass0(java.lang.ClassLoader, java.lang.Class[]) for 107ms
06-09 11:26:53.146 W/art     ( 3387): Long monitor contention with owner pool-3-thread-40 (3514) at java.lang.Class java.lang.reflect.Proxy.getProxyClass0(java.lang.ClassLoader, java.lang.Class[])(Proxy.java:481) waiters=1 in java.lang.Class java.lang.reflect.Proxy.getProxyClass0(java.lang.ClassLoader, java.lang.Class[]) for 118ms
06-09 11:26:53.523 W/art     ( 3387): Suspending all threads took: 9.192ms
06-09 11:26:53.770 I/KiboRpcApi( 3387): [getCommandResult] Current Position: gov.nasa.arc.astrobee.types.Point[10.924, -3.774, 4.874]
06-09 11:26:53.771 I/KiboRpcApi( 3387): [getCommandResult] Current OrientationMat33f::Quaternion{ x=-0.033; y=0.001; z=-0.672; w=0.74}
06-09 11:26:54.920 I/KiboRpcApi( 3387): [getCommandResult] Current Position: gov.nasa.arc.astrobee.types.Point[10.947, -3.755, 4.87]
06-09 11:26:54.921 I/KiboRpcApi( 3387): [getCommandResult] Current OrientationMat33f::Quaternion{ x=-0.03; y=0.005; z=-0.676; w=0.736}
06-09 11:26:55.960 I/KiboRpcApi( 3387): [getCommandResult] Current Position: gov.nasa.arc.astrobee.types.Point[10.916, -3.777, 4.832]
06-09 11:26:55.961 I/KiboRpcApi( 3387): [getCommandResult] Current OrientationMat33f::Quaternion{ x=-0.031; y=-0.003; z=-0.679; w=0.734}
06-09 11:26:56.396 W/art     ( 3387): Long monitor contention with owner New I/O  worker #9 (3444) at boolean org.ros.concurrent.CircularBlockingDeque.addLast(java.lang.Object)(CircularBlockingDeque.java:72) waiters=1 in void java.lang.Object.wait!() for 237ms
06-09 11:26:57.011 I/KiboRpcApi( 3387): [getCommandResult] Current Position: gov.nasa.arc.astrobee.types.Point[10.913, -3.753, 4.841]
06-09 11:26:57.042 I/KiboRpcApi( 3387): [getCommandResult] Current OrientationMat33f::Quaternion{ x=-0.03; y=-0.011; z=-0.674; w=0.738}
06-09 11:26:58.086 I/KiboRpcApi( 3387): [getCommandResult] Current Position: gov.nasa.arc.astrobee.types.Point[10.95, -3.759, 4.874]
06-09 11:26:58.087 I/KiboRpcApi( 3387): [getCommandResult] Current OrientationMat33f::Quaternion{ x=-0.025; y=-0.004; z=-0.676; w=0.736}
06-09 11:26:58.477 W/art     ( 3387): Suspending all threads took: 20.087ms
06-09 11:26:59.162 I/KiboRpcApi( 3387): [getCommandResult] Current Position: gov.nasa.arc.astrobee.types.Point[10.921, -3.774, 4.882]
06-09 11:26:59.162 I/KiboRpcApi( 3387): [getCommandResult] Current OrientationMat33f::Quaternion{ x=-0.027; y=-0.007; z=-0.681; w=0.732}
06-09 11:27:00.224 I/KiboRpcApi( 3387): [getCommandResult] Current Position: gov.nasa.arc.astrobee.types.Point[10.928, -3.763, 4.83]
06-09 11:27:00.225 I/KiboRpcApi( 3387): [getCommandResult] Current OrientationMat33f::Quaternion{ x=-0.016; y=0.006; z=-0.666; w=0.745}
06-09 11:27:00.677 W/art     ( 3387): Long monitor contention with owner New I/O  worker #25 (3500) at boolean org.ros.concurrent.CircularBlockingDeque.addLast(java.lang.Object)(CircularBlockingDeque.java:72) waiters=1 in void java.lang.Object.wait!() for 232ms
06-09 11:27:00.971 W/art     ( 2134): Long monitor contention with owner Binder:2134_6 (2614) at void com.android.server.am.BroadcastQueue.processNextBroadcast(boolean)(BroadcastQueue.java:760) waiters=1 in void com.android.server.am.ActivityManagerService$3.handleMessage(android.os.Message) for 361ms
06-09 11:27:01.564 I/KiboRpcApi( 3387): [getCommandResult] Current Position: gov.nasa.arc.astrobee.types.Point[10.928, -3.763, 4.83]
06-09 11:27:01.564 I/KiboRpcApi( 3387): [getCommandResult] Current OrientationMat33f::Quaternion{ x=-0.016; y=0.006; z=-0.666; w=0.745}
06-09 11:27:01.926 W/art     ( 3387): Long monitor contention with owner New I/O  worker #21 (3475) at boolean org.ros.concurrent.CircularBlockingDeque.addLast(java.lang.Object)(CircularBlockingDeque.java:72) waiters=1 in void java.lang.Object.wait!() for 596ms
06-09 11:27:02.611 I/KiboRpcApi( 3387): [getCommandResult] Current Position: gov.nasa.arc.astrobee.types.Point[10.928, -3.763, 4.83]
06-09 11:27:02.611 I/KiboRpcApi( 3387): [getCommandResult] Current OrientationMat33f::Quaternion{ x=-0.016; y=0.006; z=-0.666; w=0.745}
06-09 11:27:02.734 W/art     ( 3387): Long monitor contention with owner New I/O  worker #21 (3475) at boolean org.ros.concurrent.CircularBlockingDeque.addLast(java.lang.Object)(CircularBlockingDeque.java:72) waiters=1 in void java.lang.Object.wait!() for 631ms
06-09 11:27:02.835 W/art     ( 3387): Suspending all threads took: 30.646ms
06-09 11:27:03.202 W/art     ( 3387): Long monitor contention with owner New I/O  worker #21 (3475) at boolean org.ros.concurrent.CircularBlockingDeque.addLast(java.lang.Object)(CircularBlockingDeque.java:72) waiters=1 in void java.lang.Object.wait!() for 224ms
06-09 11:27:03.844 I/KiboRpcApi( 3387): [getCommandResult] Current Position: gov.nasa.arc.astrobee.types.Point[10.937, -3.763, 4.851]
06-09 11:27:03.845 I/KiboRpcApi( 3387): [getCommandResult] Current OrientationMat33f::Quaternion{ x=0.054; y=0.038; z=-0.609; w=0.79}
06-09 11:27:04.215 W/art     ( 3387): Suspending all threads took: 40.446ms
06-09 11:27:04.322 W/art     ( 3387): Long monitor contention with owner New I/O  worker #9 (3444) at boolean org.ros.concurrent.CircularBlockingDeque.addLast(java.lang.Object)(CircularBlockingDeque.java:72) waiters=1 in void java.lang.Object.wait!() for 146ms
06-09 11:27:04.946 I/KiboRpcApi( 3387): [getCommandResult] Current Position: gov.nasa.arc.astrobee.types.Point[10.955, -3.761, 4.844]
06-09 11:27:04.947 I/KiboRpcApi( 3387): [getCommandResult] Current OrientationMat33f::Quaternion{ x=0.056; y=0.046; z=-0.601; w=0.796}
06-09 11:27:05.988 I/KiboRpcApi( 3387): [getCommandResult] Current Position: gov.nasa.arc.astrobee.types.Point[10.926, -3.785, 4.841]
06-09 11:27:06.004 I/KiboRpcApi( 3387): [getCommandResult] Current OrientationMat33f::Quaternion{ x=0.072; y=0.085; z=-0.589; w=0.801}
06-09 11:27:07.080 I/KiboRpcApi( 3387): [getCommandResult] Current Position: gov.nasa.arc.astrobee.types.Point[10.972, -3.845, 4.84]
06-09 11:27:07.080 I/KiboRpcApi( 3387): [getCommandResult] Current OrientationMat33f::Quaternion{ x=0.073; y=0.085; z=-0.593; w=0.798}
06-09 11:27:07.231 W/art     ( 3387): Long monitor contention with owner pool-1-thread-17 (3427) at java.lang.Class java.lang.reflect.Proxy.getProxyClass0(java.lang.ClassLoader, java.lang.Class[])(Proxy.java:457) waiters=0 in java.lang.Class java.lang.reflect.Proxy.getProxyClass0(java.lang.ClassLoader, java.lang.Class[]) for 170ms
06-09 11:27:08.140 I/KiboRpcApi( 3387): [getCommandResult] Current Position: gov.nasa.arc.astrobee.types.Point[10.983, -3.813, 4.891]
06-09 11:27:08.141 I/KiboRpcApi( 3387): [getCommandResult] Current OrientationMat33f::Quaternion{ x=0.063; y=0.079; z=-0.593; w=0.799}
06-09 11:27:09.187 I/KiboRpcApi( 3387): [getCommandResult] Current Position: gov.nasa.arc.astrobee.types.Point[10.949, -3.797, 4.807]
06-09 11:27:09.211 I/KiboRpcApi( 3387): [getCommandResult] Current OrientationMat33f::Quaternion{ x=0.063; y=0.072; z=-0.594; w=0.799}
06-09 11:27:09.513 W/art     ( 3387): Long monitor contention with owner New I/O  worker #21 (3475) at boolean org.ros.concurrent.CircularBlockingDeque.addLast(java.lang.Object)(CircularBlockingDeque.java:72) waiters=1 in void java.lang.Object.wait!() for 119ms
06-09 11:27:09.547 W/art     ( 3387): Long monitor contention with owner pool-1-thread-33 (3468) at java.lang.Class java.lang.reflect.Proxy.getProxyClass0(java.lang.ClassLoader, java.lang.Class[])(Proxy.java:457) waiters=2 in java.lang.Class java.lang.reflect.Proxy.getProxyClass0(java.lang.ClassLoader, java.lang.Class[]) for 105ms
06-09 11:27:10.254 W/art     ( 3387): Suspending all threads took: 6.776ms
06-09 11:27:10.445 I/KiboRpcApi( 3387): [getCommandResult] Current Position: gov.nasa.arc.astrobee.types.Point[10.982, -3.865, 4.821]
06-09 11:27:10.445 I/KiboRpcApi( 3387): [getCommandResult] Current OrientationMat33f::Quaternion{ x=0.063; y=0.075; z=-0.598; w=0.795}
06-09 11:27:10.706 W/art     ( 3387): Long monitor contention with owner pool-1-thread-17 (3427) at java.lang.Class java.lang.reflect.Proxy.getProxyClass0(java.lang.ClassLoader, java.lang.Class[])(Proxy.java:457) waiters=0 in java.lang.Class java.lang.reflect.Proxy.getProxyClass0(java.lang.ClassLoader, java.lang.Class[]) for 206ms
06-09 11:27:11.006 W/art     ( 3387): Long monitor contention with owner pool-1-thread-33 (3468) at java.lang.Class java.lang.reflect.Proxy.getProxyClass0(java.lang.ClassLoader, java.lang.Class[])(Proxy.java:457) waiters=1 in java.lang.Class java.lang.reflect.Proxy.getProxyClass0(java.lang.ClassLoader, java.lang.Class[]) for 105ms
06-09 11:27:11.292 W/art     ( 3387): Long monitor contention with owner pool-3-thread-34 (3505) at java.lang.Class java.lang.reflect.Proxy.getProxyClass0(java.lang.ClassLoader, java.lang.Class[])(Proxy.java:457) waiters=0 in java.lang.Class java.lang.reflect.Proxy.getProxyClass0(java.lang.ClassLoader, java.lang.Class[]) for 226ms
06-09 11:27:11.441 W/art     ( 3387): Long monitor contention with owner pool-3-thread-34 (3505) at java.lang.Class java.lang.reflect.Proxy.getProxyClass0(java.lang.ClassLoader, java.lang.Class[])(Proxy.java:457) waiters=1 in java.lang.Class java.lang.reflect.Proxy.getProxyClass0(java.lang.ClassLoader, java.lang.Class[]) for 357ms
06-09 11:27:11.459 W/art     ( 3387): Long monitor contention with owner pool-3-thread-34 (3505) at java.lang.Class java.lang.reflect.Proxy.getProxyClass0(java.lang.ClassLoader, java.lang.Class[])(Proxy.java:457) waiters=2 in java.lang.Class java.lang.reflect.Proxy.getProxyClass0(java.lang.ClassLoader, java.lang.Class[]) for 312ms
06-09 11:27:11.462 W/art     ( 3387): Long monitor contention with owner pool-3-thread-34 (3505) at java.lang.Class java.lang.reflect.Proxy.getProxyClass0(java.lang.ClassLoader, java.lang.Class[])(Proxy.java:457) waiters=3 in java.lang.Class java.lang.reflect.Proxy.getProxyClass0(java.lang.ClassLoader, java.lang.Class[]) for 309ms
06-09 11:27:11.480 I/KiboRpcApi( 3387): [getCommandResult] Current Position: gov.nasa.arc.astrobee.types.Point[10.982, -3.865, 4.821]
06-09 11:27:11.481 I/KiboRpcApi( 3387): [getCommandResult] Current OrientationMat33f::Quaternion{ x=0.063; y=0.075; z=-0.598; w=0.795}
06-09 11:27:12.135 W/art     ( 3387): Long monitor contention with owner New I/O  worker #17 (3481) at boolean org.ros.concurrent.CircularBlockingDeque.addLast(java.lang.Object)(CircularBlockingDeque.java:72) waiters=1 in void java.lang.Object.wait!() for 130ms
06-09 11:27:12.530 I/KiboRpcApi( 3387): [getCommandResult] Current Position: gov.nasa.arc.astrobee.types.Point[11.035, -3.943, 4.808]
06-09 11:27:12.531 I/KiboRpcApi( 3387): [getCommandResult] Current OrientationMat33f::Quaternion{ x=0.055; y=0.064; z=-0.601; w=0.795}
06-09 11:27:12.654 W/art     ( 3387): Long monitor contention with owner New I/O  worker #21 (3475) at boolean org.ros.concurrent.CircularBlockingDeque.addLast(java.lang.Object)(CircularBlockingDeque.java:72) waiters=1 in void java.lang.Object.wait!() for 126ms
06-09 11:27:13.570 I/KiboRpcApi( 3387): [getCommandResult] Current Position: gov.nasa.arc.astrobee.types.Point[11.083, -3.979, 4.764]
06-09 11:27:13.574 I/KiboRpcApi( 3387): [getCommandResult] Current OrientationMat33f::Quaternion{ x=0.042; y=0.069; z=-0.606; w=0.791}
06-09 11:27:14.650 I/KiboRpcApi( 3387): [getCommandResult] Current Position: gov.nasa.arc.astrobee.types.Point[11.052, -3.964, 4.822]
