06-09 10:31:15.800 I/SystemServiceManager( 1904): Starting com.android.server.accounts.AccountManagerService$Lifecycle
06-09 10:31:15.968 I/SystemServer( 1904): StartContentService
06-09 10:31:15.974 I/SystemServiceManager( 1904): Starting com.android.server.content.ContentService$Lifecycle
06-09 10:31:15.985 I/SystemServer( 1904): InstallSystemProviders
06-09 10:31:16.083 W/System  ( 1904): ClassLoader referenced unknown path: /system/priv-app/SettingsProvider/lib/x86_64
06-09 10:31:16.877 I/SystemServer( 1904): StartVibratorService
06-09 10:31:16.912 E/VibratorService( 1904): Couldn't load vibrator module (No such file or directory)
06-09 10:31:16.912 W/VibratorService( 1904): Tried to stop vibrating but there is no vibrator device.
06-09 10:31:16.958 I/SystemServer( 1904): StartConsumerIrService
06-09 10:31:16.960 E/ConsumerIrService( 1904): Can't open consumer IR HW Module, error: -2
06-09 10:31:17.003 I/SystemServer( 1904): StartAlarmManagerService
06-09 10:31:17.004 I/SystemServiceManager( 1904): Starting com.android.server.AlarmManagerService
06-09 10:31:17.058 W/AlarmManagerService( 1904): no wall clock RTC found
06-09 10:31:17.093 D/AlarmManagerService( 1904): Kernel timezone updated to 0 minutes west of GMT
06-09 10:31:17.242 I/SystemServer( 1904): InitWatchdog
06-09 10:31:17.244 I/SystemServer( 1904): StartInputManagerService
06-09 10:31:17.259 I/InputManager( 1904): Initializing input manager, mUseDevInputEventForAudioJack=true
06-09 10:31:17.315 I/SystemServer( 1904): StartWindowManagerService
06-09 10:31:17.737 I/WindowManager( 1904): No existing display settings /data/system/display_settings.xml; starting empty
06-09 10:31:18.184 I/SystemServer( 1904): StartVrManagerService
06-09 10:31:18.185 I/SystemServiceManager( 1904): Starting com.android.server.vr.VrManagerService
06-09 10:31:18.204 W/VrManagerService( 1904): init_native: Could not open VR hardware module, error No such file or directory (-2).
06-09 10:31:18.272 I/InputManager( 1904): Starting input manager
06-09 10:31:18.348 I/SystemServer( 1904): No Bluetooth Service (emulator)
06-09 10:31:18.349 I/SystemServer( 1904): ConnectivityMetricsLoggerService
06-09 10:31:18.371 D/EventHub( 1904): No input device configuration file found for device 'Power Button'.
06-09 10:31:18.392 I/SystemServiceManager( 1904): Starting com.android.server.connectivity.MetricsLoggerService
06-09 10:31:18.472 W/EventHub( 1904): Unable to disable kernel key repeat for /dev/input/event0: Function not implemented
06-09 10:31:18.482 I/SystemServer( 1904): IpConnectivityMetrics
06-09 10:31:18.482 I/SystemServiceManager( 1904): Starting com.android.server.connectivity.IpConnectivityMetrics
06-09 10:31:18.485 I/SystemServer( 1904): PinnerService
06-09 10:31:18.486 I/SystemServiceManager( 1904): Starting com.android.server.PinnerService
06-09 10:31:18.489 I/EventHub( 1904): New device: id=1, fd=91, path='/dev/input/event0', name='Power Button', classes=0x1, configuration='', keyLayout='/system/usr/keylayout/Generic.kl', keyCharacterMap='/system/usr/keychars/Generic.kcm', builtinKeyboard=false, wakeMechanism=EPOLLWAKEUP, usingClockIoctl=true
06-09 10:31:18.503 I/SystemServiceManager( 1904): Starting com.android.server.InputMethodManagerService$Lifecycle
06-09 10:31:18.536 W/EventHub( 1904): Unable to disable kernel key repeat for /dev/input/event1: Function not implemented
06-09 10:31:18.537 I/EventHub( 1904): New device: id=2, fd=92, path='/dev/input/event1', name='qwerty2', classes=0x95, configuration='/system/usr/idc/qwerty2.idc', keyLayout='/system/usr/keylayout/qwerty.kl', keyCharacterMap='/system/usr/keychars/qwerty2.kcm', builtinKeyboard=true, wakeMechanism=EPOLLWAKEUP, usingClockIoctl=true
06-09 10:31:18.537 E/EventHub( 1904): could not get driver version for /dev/input/mice, Not a typewriter
06-09 10:31:18.664 I/InputReader( 1904): Device added: id=-1, name='Virtual', sources=0x00000301
06-09 10:31:18.673 I/InputReader( 1904):   Touch device 'qwerty2' could not query the properties of its associated display.  The device will be inoperable until the display size becomes available.
06-09 10:31:18.674 I/InputReader( 1904): Device added: id=0, name='qwerty2', sources=0x80001103
06-09 10:31:18.675 I/InputReader( 1904): Device added: id=1, name='Power Button', sources=0x00000101
06-09 10:31:19.749 I/SystemServer( 1904): StartAccessibilityManagerService
06-09 10:31:19.837 I/ActivityManager( 1904): Config changes=1df8 {1.0 ?mcc?mnc [en_US] ldltr sw360dp w360dp h640dp 480dpi nrml long port ?uimode ?night -touch -keyb/v/h -nav/h s.2}
06-09 10:31:19.902 I/ActivityManager( 1904): Config changes=500 {1.0 ?mcc?mnc [en_US] ldltr sw360dp w360dp h568dp 480dpi nrml port ?uimode ?night -touch -keyb/v/h -nav/h s.3}
06-09 10:31:20.054 I/InputReader( 1904): Reconfiguring input devices.  changes=0x00000004
06-09 10:31:20.055 I/InputReader( 1904): Device reconfigured: id=0, name='qwerty2', size 1080x1920, orientation 0, mode 1, display id 0
06-09 10:31:20.058 I/ActivityManager( 1904): Config changes=8 {1.0 ?mcc?mnc [en_US] ldltr sw360dp w360dp h568dp 480dpi nrml port ?uimode ?night finger -keyb/v/h -nav/h s.4}
06-09 10:31:20.129 I/UsageStatsService( 1904): User[0] Rollover scheduled @ 2020-06-10 10:31:19(1591785079851)
06-09 10:31:20.140 I/InputReader( 1904): Reconfiguring input devices.  changes=0x00000004
06-09 10:31:20.155 I/SystemServiceManager( 1904): Starting com.android.server.MountService$Lifecycle
06-09 10:31:20.222 E/AppIdleHistory( 1904): Unable to read app idle file for user 0
06-09 10:31:20.268 I/SystemServiceManager( 1904): Starting com.android.server.UiModeManagerService
06-09 10:31:20.289 D/MountService( 1904): Thinking about init, mSystemReady=false, mDaemonConnected=true
06-09 10:31:20.301 D/MountService( 1904): Thinking about reset, mSystemReady=false, mDaemonConnected=true
06-09 10:31:20.302 D/MountService( 1904): Thinking about init, mSystemReady=false, mDaemonConnected=true
06-09 10:31:20.302 D/MountService( 1904): Thinking about reset, mSystemReady=false, mDaemonConnected=true
06-09 10:31:20.305 D/CryptdConnector( 1904): SND -> {1 cryptfs getfield SystemLocale}
06-09 10:31:20.325 I/ActivityManager( 1904): Config changes=200 {1.0 ?mcc?mnc [en_US] ldltr sw360dp w360dp h568dp 480dpi nrml port finger -keyb/v/h -nav/h s.5}
06-09 10:31:20.388 D/CryptdConnector( 1904): RCV <- {200 1 -1}
06-09 10:31:20.432 W/PackageManager( 1904): No disk maintenance in 1075956432; running immediately
06-09 10:31:20.441 W/MountService( 1904): No primary storage mounted!
06-09 10:31:20.442 D/VoldConnector( 1904): SND -> {1 asec list}
06-09 10:31:20.460 D/VoldConnector( 1904): RCV <- {200 1 asec operation succeeded}
06-09 10:31:20.464 I/SystemServer( 1904): StartLockSettingsService
06-09 10:31:20.471 I/SystemServiceManager( 1904): Starting com.android.server.LockSettingsService$Lifecycle
06-09 10:31:20.505 I/PackageManager( 1904): No secure containers found
06-09 10:31:20.509 W/PackageManager( 1904): Unknown permission com.google.android.googleapps.permission.GOOGLE_AUTH in package com.android.providers.calendar
06-09 10:31:20.509 W/PackageManager( 1904): Unknown permission com.google.android.googleapps.permission.GOOGLE_AUTH.cl in package com.android.providers.calendar
06-09 10:31:20.540 W/PackageManager( 1904): Not granting permission android.permission.GLOBAL_SEARCH to package com.android.quicksearchbox (protectionLevel=18 flags=0x3808be45)
06-09 10:31:20.542 W/PackageManager( 1904): Not granting permission android.permission.WRITE_EXTERNAL_STORAGE to package gov.nasa.arc.astrobee.android.gs.manager because it was previously installed without
06-09 10:31:20.542 W/PackageManager( 1904): Not granting permission android.permission.READ_EXTERNAL_STORAGE to package gov.nasa.arc.astrobee.android.gs.manager because it was previously installed without
06-09 10:31:20.542 W/PackageManager( 1904): Unknown permission com.android.launcher.permission.READ_SETTINGS in package com.android.launcher3
06-09 10:31:20.542 W/PackageManager( 1904): Unknown permission com.android.launcher.permission.WRITE_SETTINGS in package com.android.launcher3
06-09 10:31:20.543 W/PackageManager( 1904): Not granting permission android.permission.BIND_APPWIDGET to package com.android.launcher3 (protectionLevel=18 flags=0x3c4bbe45)
06-09 10:31:20.543 W/PackageManager( 1904): Unknown permission com.google.android.googleapps.permission.GOOGLE_AUTH.mail in package com.android.calendar
06-09 10:31:20.543 W/PackageManager( 1904): Unknown permission com.google.android.providers.settings.permission.WRITE_GSETTINGS in package com.android.sdksetup
06-09 10:31:20.544 W/PackageManager( 1904): Unknown permission com.google.android.permission.INSTALL_WEARABLE_PACKAGES in package com.android.packageinstaller
06-09 10:31:20.544 W/PackageManager( 1904): Not granting permission android.permission.DELETE_PACKAGES to package com.svox.pico (protectionLevel=18 flags=0x3808be45)
06-09 10:31:20.545 W/PackageManager( 1904): Not granting permission android.permission.READ_CONTACTS to package com.example.android.apis because it was previously installed without
06-09 10:31:20.545 W/PackageManager( 1904): Not granting permission android.permission.WRITE_CONTACTS to package com.example.android.apis because it was previously installed without
06-09 10:31:20.545 W/PackageManager( 1904): Not granting permission android.permission.ACCESS_COARSE_LOCATION to package com.example.android.apis because it was previously installed without
06-09 10:31:20.545 W/PackageManager( 1904): Not granting permission android.permission.WRITE_EXTERNAL_STORAGE to package com.example.android.apis because it was previously installed without
06-09 10:31:20.545 W/PackageManager( 1904): Not granting permission android.permission.SEND_SMS to package com.example.android.apis because it was previously installed without
06-09 10:31:20.545 W/PackageManager( 1904): Not granting permission android.permission.RECEIVE_SMS to package com.example.android.apis because it was previously installed without
06-09 10:31:20.545 W/PackageManager( 1904): Not granting permission android.permission.RECEIVE_MMS to package com.example.android.apis because it was previously installed without
06-09 10:31:20.545 W/PackageManager( 1904): Not granting permission android.permission.READ_SMS to package com.example.android.apis because it was previously installed without
06-09 10:31:20.545 W/PackageManager( 1904): Not granting permission android.permission.READ_PHONE_STATE to package com.example.android.apis because it was previously installed without
06-09 10:31:20.546 W/PackageManager( 1904): Not granting permission android.permission.RECORD_AUDIO to package com.example.android.apis because it was previously installed without
06-09 10:31:20.546 W/PackageManager( 1904): Not granting permission android.permission.CAMERA to package com.example.android.apis because it was previously installed without
06-09 10:31:20.546 W/PackageManager( 1904): Not granting permission android.permission.READ_EXTERNAL_STORAGE to package com.example.android.apis because it was previously installed without
06-09 10:31:20.546 W/PackageManager( 1904): Unknown permission android.permission.RUN_INSTRUMENTATION in package org.chromium.webview_shell
06-09 10:31:20.547 W/PackageManager( 1904): Unknown permission com.google.android.googleapps.permission.GOOGLE_AUTH in package com.android.settings
06-09 10:31:20.547 W/PackageManager( 1904): Unknown permission com.android.launcher.permission.READ_SETTINGS in package com.android.settings
06-09 10:31:20.547 W/PackageManager( 1904): Unknown permission com.android.launcher.permission.WRITE_SETTINGS in package com.android.settings
06-09 10:31:20.548 W/PackageManager( 1904): Unknown permission com.android.smspush.WAPPUSH_MANAGER_BIND in package com.android.phone
06-09 10:31:20.549 W/PackageManager( 1904): Unknown permission com.google.android.googleapps.permission.ACCESS_GOOGLE_PASSWORD in package com.android.development
06-09 10:31:20.549 W/PackageManager( 1904): Unknown permission com.google.android.googleapps.permission.GOOGLE_AUTH in package com.android.development
06-09 10:31:20.550 W/PackageManager( 1904): Unknown permission com.google.android.googleapps.permission.GOOGLE_AUTH.ALL_SERVICES in package com.android.development
06-09 10:31:20.594 I/SystemServiceManager( 1904): Starting com.android.server.DeviceIdleController
06-09 10:31:20.599 W/PackageManager( 1904): Unknown permission com.google.android.googleapps.permission.GOOGLE_AUTH.YouTubeUser in package com.android.development
06-09 10:31:20.600 W/PackageManager( 1904): Not granting permission android.permission.BIND_APPWIDGET to package com.android.widgetpreview (protectionLevel=18 flags=0x3808be44)
06-09 10:31:21.603 W/art     ( 1904): Long monitor contention with owner MountService (2084) at void com.android.server.pm.PackageManagerService.loadMediaPackages(android.util.ArrayMap, int[], boolean)(PackageManagerService.java:19317) waiters=0 in android.content.pm.ApplicationInfo com.android.server.pm.PackageManagerService.getApplicationInfo(java.lang.String, int, int) for 995ms
06-09 10:31:21.621 W/MountService( 1904): No primary storage defined yet; hacking together a stub
06-09 10:31:21.624 W/MountService( 1904): No primary storage defined yet; hacking together a stub
06-09 10:31:21.628 W/MountService( 1904): No primary storage mounted!
06-09 10:31:21.628 D/VoldConnector( 1904): SND -> {2 asec list}
06-09 10:31:21.631 D/VoldConnector( 1904): RCV <- {200 2 asec operation succeeded}
06-09 10:31:21.641 I/MountService( 1904): Running fstrim idle maintenance
06-09 10:31:21.655 W/art     ( 1904): Long monitor contention with owner MountService (2084) at void com.android.server.pm.PackageManagerService.loadMediaPackages(android.util.ArrayMap, int[], boolean)(PackageManagerService.java:19317) waiters=1 in void com.android.server.pm.Settings$RuntimePermissionPersistence.writePermissionsSync(int) for 237ms
06-09 10:31:21.656 I/SystemServiceManager( 1904): Starting com.android.server.devicepolicy.DevicePolicyManagerService$Lifecycle
06-09 10:31:21.662 D/VoldConnector( 1904): SND -> {3 fstrim dotrim}
06-09 10:31:21.788 D/VoldConnector( 1904): RCV <- {200 3 Command succeeded}
06-09 10:31:21.795 D/vold    ( 1275): Starting trim of /cache
06-09 10:31:21.796 W/vold    ( 1275): Trim failed on /cache: Operation not supported on transport endpoint
06-09 10:31:21.829 I/SystemServer( 1904): StartStatusBarManagerService
06-09 10:31:21.853 D/VoldConnector( 1904): RCV <- {662 /cache -1 -1}
06-09 10:31:21.861 D/vold    ( 1275): Starting trim of /data
06-09 10:31:21.862 W/vold    ( 1275): Trim failed on /data: Operation not supported on transport endpoint
06-09 10:31:21.862 D/VoldConnector( 1904): RCV <- {662 /data -1 -1}
06-09 10:31:21.872 I/SystemServer( 1904): StartClipboardService
06-09 10:31:21.886 E/VoldConnector( 1904): Error handling '662 /cache -1 -1': java.lang.NullPointerException: Attempt to invoke virtual method 'void android.os.DropBoxManager.addText(java.lang.String, java.lang.String)' on a null object reference
06-09 10:31:21.911 E/VoldConnector( 1904): Error handling '662 /data -1 -1': java.lang.NullPointerException: Attempt to invoke virtual method 'void android.os.DropBoxManager.addText(java.lang.String, java.lang.String)' on a null object reference
06-09 10:31:21.916 I/SystemServer( 1904): StartNetworkManagementService
06-09 10:31:21.957 I/NetworkManagement( 1904): onDaemonConnected()
06-09 10:31:22.016 I/SystemServiceManager( 1904): Starting com.android.server.TextServicesManagerService$Lifecycle
06-09 10:31:22.087 I/SystemServer( 1904): StartNetworkScoreService
06-09 10:31:22.145 I/SystemServer( 1904): StartNetworkStatsService
06-09 10:31:22.214 I/SystemServer( 1904): StartNetworkPolicyManagerService
06-09 10:31:22.276 I/SystemServer( 1904): No Wi-Fi NAN Service (NAN support Not Present)
06-09 10:31:22.763 W/art     ( 1904): Verification of void com.android.server.wifi.p2p.WifiP2pService.<init>(android.content.Context) took 285.948ms
06-09 10:31:22.767 I/SystemServiceManager( 1904): Starting com.android.server.wifi.p2p.WifiP2pService
06-09 10:31:23.105 I/WifiP2pService( 1904): Registering wifip2p
06-09 10:31:23.142 I/SystemServiceManager( 1904): Starting com.android.server.wifi.WifiService
06-09 10:31:23.351 W/art     ( 1904): Verification of com.android.server.wifi.WifiStateMachine$WifiNetworkAgent com.android.server.wifi.WifiStateMachine.-get35(com.android.server.wifi.WifiStateMachine) took 131.085ms
06-09 10:31:23.841 I/art     ( 1904): Background sticky concurrent mark sweep GC freed 33250(2MB) AllocSpace objects, 15(300KB) LOS objects, 26% free, 8MB/10MB, paused 13.231ms total 403.354ms
06-09 10:31:24.146 D/HS20    ( 1904): Passpoint is disabled
06-09 10:31:24.436 D/CommandListener( 1335): Clearing all IP addresses on wlan0
06-09 10:31:24.653 D/WifiApConfigStore( 1904): 2G band allowed channels are:1,6,11
06-09 10:31:24.660 W/art     ( 1904): Long monitor contention with owner WifiStateMachine (2102) at boolean com.android.server.wifi.WifiNative.unloadDriverNative()(WifiNative.java:-2) waiters=0 in java.lang.String com.android.server.wifi.WifiNative.doStringCommand(java.lang.String) for 201ms
06-09 10:31:24.662 E/WifiLogger( 1904): no ring buffers found
06-09 10:31:24.662 E/WifiLogger( 1904): Failed to start packet fate monitoring
06-09 10:31:24.738 D/WifiController( 1904): isAirplaneModeOn = true, isWifiEnabled = false, isScanningAvailable = false
06-09 10:31:24.766 I/WifiService( 1904): Registering wifi
06-09 10:31:24.814 I/SystemServiceManager( 1904): Starting com.android.server.wifi.scanner.WifiScanningService
06-09 10:31:24.814 I/WifiScanningService( 1904): Creating wifiscanner
06-09 10:31:24.872 I/WifiScanningService( 1904): Publishing wifiscanner
06-09 10:31:24.933 I/SystemServiceManager( 1904): Starting com.android.server.wifi.RttService
06-09 10:31:24.959 I/RttService( 1904): Creating rttmanager
06-09 10:31:24.971 I/RttService( 1904): Starting rttmanager
06-09 10:31:25.041 I/SystemServer( 1904): StartConnectivityService
06-09 10:31:25.104 D/ConnectivityService( 1904): ConnectivityService starting up
06-09 10:31:25.165 D/ConnectivityService( 1904): wifiOnly=false
06-09 10:31:25.386 I/SystemServer( 1904): StartNsdService
06-09 10:31:25.514 I/SystemServer( 1904): StartUpdateLockService
06-09 10:31:25.531 I/SystemServiceManager( 1904): Starting com.android.server.RecoverySystemService
06-09 10:31:25.621 I/SystemServiceManager( 1904): Starting com.android.server.notification.NotificationManagerService
06-09 10:31:25.863 D/ConditionProviders.SCP( 1904): new ScheduleConditionProvider()
06-09 10:31:25.917 D/ZenLog  ( 1904): config: readXml,ZenModeConfig[user=0,allowCalls=true,allowRepeatCallers=false,allowMessages=false,allowCallsFrom=contacts,allowMessagesFrom=contacts,allowReminders=true,allowEvents=true,allowWhenScreenOff=true,allowWhenScreenOn=true,automaticRules={370bd6672ef541ba946db9ac4aef0faf=ZenRule[enabled=false,snoozing=false,name=Weeknight,zenMode=ZEN_MODE_ALARMS,conditionId=condition://android/schedule?days=1.2.3.4.5&start=22.0&end=7.0&exitAtAlarm=false,condition=Condition[id=condition://android/schedule?days=1.2.3.4.5&start=22.0&end=7.0&exitAtAlarm=false,summary=...,line1=...,line2=...,icon=0,state=STATE_TRUE,flags=2],component=ComponentInfo{android/com.android.server.notification.ScheduleConditionProvider},id=370bd6672ef541ba946db9ac4aef0faf,creationTime=1590622727817,enabler=null], a53ffdf89c814123a52adbdd46bc948d=ZenRule[enabled=false,snoozing=false,name=Weekend,zenMode=ZEN_MODE_ALARMS,conditionId=condition://android/schedule?days=6.7&start=23.30&end=10.0&exitAtAlarm=false,condition=Condition[id=condition://android/schedule?days=6.7&start=23.30&end=10.0&exitAtAlarm=false,summary=...,line1=...,line2=...,icon=0,state=STATE_FALSE,flags=2],component=ComponentInfo{android/com.android.server.notification.ScheduleConditionProvider},id=a53ffdf89c814123a52adbdd46bc948d,creationTime=1590622727818,enabler=null], fc8bb1aacabb4877a1d1d167106f6e77=ZenRule[enabled=false,snoozing=false,name=Event,zenMode=ZEN_MODE_ALARMS,conditionId=condition://android/event?userId=-10000&calendar=&reply=1,condition=Condition[id=condition://android/event?userId=-10000&calendar=&reply=1,summary=...,line1=...,line2=...,icon=0,state=STATE_FALSE,flags=2],component=ComponentInfo{android/com.android.server.notification.EventConditionProvider},id=fc8bb1aacabb4877a1d1d167106f6e77,creationTime=1590622727822,enabler=null]},manualRule=null],Diff[automaticRule[a306a42de878483f9b0d592d8973ff01]:delete,automaticRule[370bd6672ef541ba946db9ac4aef0faf]:insert,automaticRule[89bc345e6882407db402f6620019ae39]:delete,automaticRule[374eef9f51fd453b82d13a04b3512ccf]:delete,automaticRule[a53ffdf89c814123a52adbdd46bc948d]:insert,automaticRule[fc8bb1aacabb4877a1d1d167106f6e77]:insert]
06-09 10:31:26.012 D/ZenLog  ( 1904): set_zen_mode: off,init
06-09 10:31:26.052 I/SystemServiceManager( 1904): Starting com.android.server.storage.DeviceStorageMonitorService
06-09 10:31:26.069 I/SystemServer( 1904): StartLocationManagerService
06-09 10:31:26.174 I/SystemServer( 1904): StartCountryDetectorService
06-09 10:31:26.194 I/SystemServer( 1904): StartSearchManagerService
06-09 10:31:26.194 I/SystemServiceManager( 1904): Starting com.android.server.search.SearchManagerService$Lifecycle
06-09 10:31:26.231 I/SystemServiceManager( 1904): Starting com.android.server.DropBoxManagerService
06-09 10:31:26.238 I/SystemServer( 1904): StartWallpaperManagerService
06-09 10:31:26.239 I/SystemServiceManager( 1904): Starting com.android.server.wallpaper.WallpaperManagerService$Lifecycle
06-09 10:31:26.312 E/BitmapFactory( 1904): Unable to decode stream: java.io.FileNotFoundException: /data/system/users/0/wallpaper_orig (No such file or directory)
06-09 10:31:26.312 E/WallpaperManagerService( 1904): Invalid wallpaper data
06-09 10:31:26.312 E/WallpaperManagerService( 1904): Unable to apply new wallpaper
06-09 10:31:26.325 I/SystemServer( 1904): StartAudioService
06-09 10:31:26.326 I/SystemServiceManager( 1904): Starting com.android.server.audio.AudioService$Lifecycle
06-09 10:31:26.587 W/TelecomManager( 1904): Telecom Service not found.
06-09 10:31:26.606 D/PermissionCache( 1326): checking android.permission.MODIFY_AUDIO_SETTINGS for uid=1000 => granted (20035 us)
06-09 10:31:26.683 W/AudioFlinger( 1326): no wake lock to update, system not ready yet
06-09 10:31:27.122 I/SystemServiceManager( 1904): Starting com.android.server.DockObserver
06-09 10:31:27.125 W/DockObserver( 1904): This kernel does not have dock station support
06-09 10:31:27.143 I/SystemServer( 1904): StartWiredAccessoryManager
06-09 10:31:27.148 W/WiredAccessoryManager( 1904): This kernel does not have usb audio support
06-09 10:31:27.149 W/WiredAccessoryManager( 1904): This kernel does not have HDMI audio support
06-09 10:31:27.149 I/SystemServiceManager( 1904): Starting com.android.server.midi.MidiService$Lifecycle
06-09 10:31:27.199 I/SystemServiceManager( 1904): Starting com.android.server.usb.UsbService$Lifecycle
06-09 10:31:27.392 I/SystemServer( 1904): StartSerialService
06-09 10:31:27.397 E/HardwarePropertiesManagerService-JNI( 1904): Couldn't load thermal module (No such file or directory)
06-09 10:31:27.399 I/SystemServiceManager( 1904): Starting com.android.server.twilight.TwilightService
06-09 10:31:27.412 I/SystemServiceManager( 1904): Starting com.android.server.job.JobSchedulerService
06-09 10:31:27.478 I/SystemServiceManager( 1904): Starting com.android.server.soundtrigger.SoundTriggerService
06-09 10:31:27.493 I/SystemServiceManager( 1904): Starting com.android.server.backup.BackupManagerService$Lifecycle
06-09 10:31:27.504 I/SystemServiceManager( 1904): Starting com.android.server.appwidget.AppWidgetService
06-09 10:31:27.592 I/SystemServiceManager( 1904): Starting com.android.server.voiceinteraction.VoiceInteractionManagerService
06-09 10:31:27.613 I/SystemServer( 1904): Gesture Launcher Service
06-09 10:31:27.614 I/SystemServiceManager( 1904): Starting com.android.server.GestureLauncherService
06-09 10:31:27.615 I/SystemServiceManager( 1904): Starting com.android.server.SensorNotificationService
06-09 10:31:27.616 I/SystemServiceManager( 1904): Starting com.android.server.ContextHubSystemService
06-09 10:31:27.632 E/ContextHubService( 1904): ** Could not load context_hub module : err No such file or directory
06-09 10:31:27.632 W/ContextHubService( 1904): No Context Hub Module present
06-09 10:31:27.633 I/SystemServer( 1904): StartDiskStatsService
06-09 10:31:27.637 I/SystemServer( 1904): StartSamplingProfilerService
06-09 10:31:27.707 I/SystemServer( 1904): StartNetworkTimeUpdateService
06-09 10:31:27.725 I/SystemServer( 1904): StartCommonTimeManagementService
06-09 10:31:27.742 I/SystemServer( 1904): CertBlacklister
06-09 10:31:27.746 I/SystemServiceManager( 1904): Starting com.android.server.emergency.EmergencyAffordanceService
06-09 10:31:27.773 I/SystemServiceManager( 1904): Starting com.android.server.dreams.DreamManagerService
06-09 10:31:27.787 I/SystemServer( 1904): StartAssetAtlasService
06-09 10:31:27.851 I/SystemServiceManager( 1904): Starting com.android.server.print.PrintManagerService
06-09 10:31:27.921 I/SystemServiceManager( 1904): Starting com.android.server.restrictions.RestrictionsManagerService
06-09 10:31:27.927 I/SystemServiceManager( 1904): Starting com.android.server.media.MediaSessionService
06-09 10:31:27.954 D/AssetAtlas( 1904): Loaded configuration: SliceMinArea (1280x896) flags=0x2 count=91
06-09 10:31:27.984 I/SystemServer( 1904): StartMediaRouterService
06-09 10:31:27.991 I/SystemServiceManager( 1904): Starting com.android.server.trust.TrustManagerService
06-09 10:31:28.035 I/SystemServiceManager( 1904): Starting com.android.server.fingerprint.FingerprintService
06-09 10:31:28.078 D/gralloc_ranchu( 1904): Emulator without host-side GPU emulation detected. Loading gralloc.default.so from /vendor/lib64/hw/gralloc.goldfish.default.so...
06-09 10:31:28.115 D/PermissionCache( 1339): checking android.permission.MANAGE_FINGERPRINT for uid=1000 => granted (16783 us)
06-09 10:31:28.123 V/fingerprintd( 1339): nativeOpenHal()
06-09 10:31:28.142 D/gralloc_ranchu( 1904): gralloc.default.so not found in /vendor. Trying /system/lib64/hw/gralloc.goldfish.default.so...
06-09 10:31:28.251 D/FingerprintHal( 1339): ----------------> fingerprint_open ----------------->
06-09 10:31:28.313 E/fingerprintd( 1339): Wrong fp version. Expected 512, got 513
06-09 10:31:28.313 D/FingerprintHal( 1339): ----------------> set_notify_callback ----------------->
06-09 10:31:28.313 D/FingerprintHal( 1339): fingerprint callback notification set
06-09 10:31:28.313 V/fingerprintd( 1339): fingerprint HAL successfully initialized
06-09 10:31:28.318 V/fingerprintd( 1339): setActiveGroup(0, /data/system/users/0/fpdata, 27)
06-09 10:31:28.318 D/FingerprintHal( 1339): ----------------> fingerprint_set_active_group -----------------> path /data/system/users/0/fpdata
06-09 10:31:28.319 D/FingerprintHal( 1339): ----------------> loadFingerprints ----------------->
06-09 10:31:28.319 E/FingerprintHal( 1339): Could not load fingerprints from storage at /data/system/users/0/fpdata/emufp.bin; it has not yet been created.
06-09 10:31:28.319 D/FingerprintHal( 1339): ----------------> loadAuthenticatorId ----------------->
06-09 10:31:28.331 D/FingerprintHal( 1339): ----------------> listenerFunction ----------------->
06-09 10:31:28.363 D/FingerprintHal( 1339): Read authenticator id (0x6b8b4567327b23c6)
06-09 10:31:28.366 D/FingerprintHal( 1339): ----------------> fingerprint_get_auth_id ----------------->
06-09 10:31:28.366 D/FingerprintHal( 1339): ----------------> fingerprint_get_auth_id auth id 6b8b4567327b23c6----------------->
06-09 10:31:28.366 V/FingerprintService( 1904): Fingerprint HAL id: 139683017572352
06-09 10:31:28.371 I/SystemServer( 1904): StartBackgroundDexOptService
06-09 10:31:28.405 I/SystemServiceManager( 1904): Starting com.android.server.pm.ShortcutService$Lifecycle
06-09 10:31:28.495 I/SystemServiceManager( 1904): Starting com.android.server.pm.LauncherAppsService
06-09 10:31:28.567 I/SystemServiceManager( 1904): Starting com.android.server.media.projection.MediaProjectionManagerService
06-09 10:31:28.609 V/MediaRouter( 1904): Adding route: RouteInfo{ name=Phone, description=null, status=null, category=RouteCategory{ name=null types=ROUTE_TYPE_LIVE_AUDIO ROUTE_TYPE_LIVE_VIDEO  groupable=false }, supportedTypes=ROUTE_TYPE_LIVE_AUDIO ROUTE_TYPE_LIVE_VIDEO , presentationDisplay=null }
06-09 10:31:28.649 V/MediaRouter( 1904): Updating audio routes: AudioRoutesInfo{ type=SPEAKER }
06-09 10:31:28.708 V/MediaRouter( 1904): Selecting route: RouteInfo{ name=Phone, description=null, status=null, category=RouteCategory{ name=null types=ROUTE_TYPE_LIVE_AUDIO ROUTE_TYPE_LIVE_VIDEO  groupable=false }, supportedTypes=ROUTE_TYPE_LIVE_AUDIO ROUTE_TYPE_LIVE_VIDEO , presentationDisplay=null }
06-09 10:31:28.840 W/art     ( 1904): Suspending all threads took: 47.254ms
06-09 10:31:28.868 I/WindowManager( 1904): SAFE MODE not enabled
06-09 10:31:28.919 I/SystemServiceManager( 1904): Starting com.android.server.MmsServiceBroker
06-09 10:31:28.947 W/AssetAtlasService( 1904): Could not find EGL configuration
06-09 10:31:28.972 I/art     ( 1904): Background partial concurrent mark sweep GC freed 18250(1347KB) AllocSpace objects, 4(80KB) LOS objects, 24% free, 12MB/16MB, paused 53.734ms total 717.132ms
06-09 10:31:29.043 W/VibratorService( 1904): Tried to stop vibrating but there is no vibrator device.
06-09 10:31:29.161 D/AssetAtlas( 1904): Rendered atlas in 732.96ms (728.57+4.39ms)
06-09 10:31:29.939 E/LockSettingsStorage( 1904): Cannot read file java.io.FileNotFoundException: /data/system/gatekeeper.password.key: open failed: ENOENT (No such file or directory)
06-09 10:31:29.953 E/LockSettingsStorage( 1904): Cannot read file java.io.FileNotFoundException: /data/system/password.key: open failed: ENOENT (No such file or directory)
06-09 10:31:29.955 E/LockSettingsStorage( 1904): Cannot read file java.io.FileNotFoundException: /data/system/gatekeeper.pattern.key: open failed: ENOENT (No such file or directory)
06-09 10:31:29.956 E/LockSettingsStorage( 1904): Cannot read file java.io.FileNotFoundException: /data/system/gatekeeper.gesture.key: open failed: ENOENT (No such file or directory)
06-09 10:31:29.958 E/LockSettingsStorage( 1904): Cannot read file java.io.FileNotFoundException: /data/system/gesture.key: open failed: ENOENT (No such file or directory)
06-09 10:31:29.958 I/SystemServiceManager( 1904): Starting phase 480
06-09 10:31:30.027 I/DevicePolicyManagerService( 1904): Set ro.device_owner property to false
06-09 10:31:30.082 I/SystemServiceManager( 1904): Starting phase 500
06-09 10:31:30.143 D/ConnectivityMetricsLoggerService( 1904): onBootPhase: PHASE_SYSTEM_SERVICES_READY
06-09 10:31:30.233 I/WifiService( 1904): WifiService starting up with Wi-Fi disabled
06-09 10:31:30.249 I/WifiScanningService( 1904): Starting wifiscanner
06-09 10:31:30.282 I/RttService( 1904): Registering rttmanager
06-09 10:31:30.348 D/ZenLog  ( 1904): config: cleanUpZenRules,ZenModeConfig[user=0,allowCalls=true,allowRepeatCallers=false,allowMessages=false,allowCallsFrom=contacts,allowMessagesFrom=contacts,allowReminders=true,allowEvents=true,allowWhenScreenOff=true,allowWhenScreenOn=true,automaticRules={370bd6672ef541ba946db9ac4aef0faf=ZenRule[enabled=false,snoozing=false,name=Weeknight,zenMode=ZEN_MODE_ALARMS,conditionId=condition://android/schedule?days=1.2.3.4.5&start=22.0&end=7.0&exitAtAlarm=false,condition=Condition[id=condition://android/schedule?days=1.2.3.4.5&start=22.0&end=7.0&exitAtAlarm=false,summary=...,line1=...,line2=...,icon=0,state=STATE_TRUE,flags=2],component=ComponentInfo{android/com.android.server.notification.ScheduleConditionProvider},id=370bd6672ef541ba946db9ac4aef0faf,creationTime=1590622727817,enabler=null], a53ffdf89c814123a52adbdd46bc948d=ZenRule[enabled=false,snoozing=false,name=Weekend,zenMode=ZEN_MODE_ALARMS,conditionId=condition://android/schedule?days=6.7&start=23.30&end=10.0&exitAtAlarm=false,condition=Condition[id=condition://android/schedule?days=6.7&start=23.30&end=10.0&exitAtAlarm=false,summary=...,line1=...,line2=...,icon=0,state=STATE_FALSE,flags=2],component=ComponentInfo{android/com.android.server.notification.ScheduleConditionProvider},id=a53ffdf89c814123a52adbdd46bc948d,creationTime=1590622727818,enabler=null], fc8bb1aacabb4877a1d1d167106f6e77=ZenRule[enabled=false,snoozing=false,name=Event,zenMode=ZEN_MODE_ALARMS,conditionId=condition://android/event?userId=-10000&calendar=&reply=1,condition=Condition[id=condition://android/event?userId=-10000&calendar=&reply=1,summary=...,line1=...,line2=...,icon=0,state=STATE_FALSE,flags=2],component=ComponentInfo{android/com.android.server.notification.EventConditionProvider},id=fc8bb1aacabb4877a1d1d167106f6e77,creationTime=1590622727822,enabler=null]},manualRule=null],Diff[]
06-09 10:31:30.348 D/ZenLog  ( 1904): set_zen_mode: off,onSystemReady
06-09 10:31:30.392 D/PermissionCache( 1326): checking android.permission.CAPTURE_AUDIO_HOTWORD for uid=1000 => granted (19628 us)
06-09 10:31:30.394 W/SoundTriggerHelper( 1904): listModules status=0, # of modules=0
06-09 10:31:30.395 D/ContextHubSystemService( 1904): onBootPhase: PHASE_SYSTEM_SERVICES_READY
06-09 10:31:30.909 W/KeyguardServiceDelegate( 1904): onScreenTurningOn(): no keyguard service!
06-09 10:31:30.914 V/UserManagerService( 1904): Found /data/user_de/0 with serial number 0
06-09 10:31:30.915 V/UserManagerService( 1904): Found /data/user/0 with serial number 0
06-09 10:31:30.916 V/UserManagerService( 1904): Found /data/system_de/0 with serial number 0
06-09 10:31:30.921 V/UserManagerService( 1904): Found /data/system_ce/0 with serial number 0
06-09 10:31:31.597 I/ActivityManager( 1904): System now ready
06-09 10:31:31.639 I/SystemServer( 1904): Making services ready
06-09 10:31:31.640 I/SystemServiceManager( 1904): Starting phase 550
06-09 10:31:31.909 W/WindowManager( 1904): Keyguard drawn timeout. Setting mKeyguardDrawComplete
06-09 10:31:32.314 E/InputMethodManagerService( 1904): Ignoring updateSystemUiLocked due to an invalid token. uid:1000 token:null
06-09 10:31:32.986 I/Zygote  ( 1904): Process: zygote socket opened, supported ABIS: x86_64
06-09 10:31:33.079 W/ActivityManager( 1904): Slow operation: 136ms so far, now at startProcess: returned from zygote!
06-09 10:31:33.092 W/ActivityManager( 1904): Slow operation: 149ms so far, now at startProcess: done updating battery stats
06-09 10:31:33.093 W/ActivityManager( 1904): Slow operation: 150ms so far, now at startProcess: building log message
06-09 10:31:33.094 I/ActivityManager( 1904): Start proc 2139:com.android.inputmethod.latin/u0a41 for service com.android.inputmethod.latin/.LatinIME
06-09 10:31:33.094 W/ActivityManager( 1904): Slow operation: 151ms so far, now at startProcess: starting to update pids map
06-09 10:31:33.094 W/ActivityManager( 1904): Slow operation: 151ms so far, now at startProcess: done updating pids map
06-09 10:31:33.094 W/ActivityManager( 1904): Slow operation: 152ms so far, now at startProcess: done starting proc!
06-09 10:31:33.101 W/art     ( 1904): Long monitor contention with owner main (1904) at int com.android.server.am.ActivityManagerService.bindService(android.app.IApplicationThread, android.os.IBinder, android.content.Intent, java.lang.String, android.app.IServiceConnection, int, java.lang.String, int)(ActivityManagerService.java:17301) waiters=0 in void com.android.server.am.ActivityManagerService.dispatchUidsChanged() for 152ms
06-09 10:31:33.103 V/InputMethodManagerService( 1904): Adding window token: android.os.Binder@1c61a93
06-09 10:31:33.116 D/MountService( 1904): Thinking about init, mSystemReady=true, mDaemonConnected=true
06-09 10:31:33.117 D/MountService( 1904): Setting up emulation state, initlocked=false
06-09 10:31:33.118 D/CryptdConnector( 1904): SND -> {2 cryptfs unlock_user_key 0 0 ! !}
06-09 10:31:33.122 D/vold    ( 1275): e4crypt_unlock_user_key 0 serial=0 token_present=0
06-09 10:31:33.124 D/CryptdConnector( 1904): RCV <- {200 2 Command succeeded}
06-09 10:31:33.139 E/BitmapFactory( 1904): Unable to decode stream: java.io.FileNotFoundException: /data/system/users/0/wallpaper_orig (No such file or directory)
06-09 10:31:33.150 E/WallpaperManagerService( 1904): Invalid wallpaper data
06-09 10:31:33.151 E/WallpaperManagerService( 1904): Unable to apply new wallpaper
06-09 10:31:33.200 D/MountService( 1904): Thinking about reset, mSystemReady=true, mDaemonConnected=true
06-09 10:31:33.203 D/VoldConnector( 1904): SND -> {4 volume reset}
06-09 10:31:33.207 D/vold    ( 1275): Recognized experimental block major ID 253 as virtio-blk (emulator's virtual SD card device)
06-09 10:31:33.208 V/vold    ( 1275): /system/bin/sgdisk
06-09 10:31:33.208 V/vold    ( 1275):     --android-dump
06-09 10:31:33.208 V/vold    ( 1275):     /dev/block/vold/disk:253,48
06-09 10:31:33.220 D/VoldConnector( 1904): RCV <- {651 emulated 7}
06-09 10:31:33.222 D/VoldConnector( 1904): RCV <- {659 emulated}
06-09 10:31:33.223 D/VoldConnector( 1904): RCV <- {650 emulated 2 "" ""}
06-09 10:31:33.224 D/VoldConnector( 1904): RCV <- {651 emulated 0}
06-09 10:31:33.225 D/VoldConnector( 1904): RCV <- {651 public:253,48 7}
06-09 10:31:33.226 D/VoldConnector( 1904): RCV <- {659 public:253,48}
06-09 10:31:33.227 D/VoldConnector( 1904): RCV <- {649 disk:253,48}
06-09 10:31:33.228 D/VoldConnector( 1904): RCV <- {640 disk:253,48 5}
06-09 10:31:33.229 D/VoldConnector( 1904): RCV <- {641 disk:253,48 549453824}
06-09 10:31:33.237 V/MountService( 1904): Found primary storage at VolumeInfo{emulated}:
06-09 10:31:33.237 V/MountService( 1904):     type=EMULATED diskId=null partGuid=null mountFlags=0 mountUserId=-1 
06-09 10:31:33.237 V/MountService( 1904):     state=UNMOUNTED 
06-09 10:31:33.237 V/MountService( 1904):     fsType=null fsUuid=null fsLabel=null 
06-09 10:31:33.237 V/MountService( 1904):     path=null internalPath=null 
06-09 10:31:33.291 W/ActivityManager( 1904): Slow operation: 96ms so far, now at startProcess: returned from zygote!
06-09 10:31:33.291 W/ActivityManager( 1904): Slow operation: 96ms so far, now at startProcess: done updating battery stats
06-09 10:31:33.292 W/ActivityManager( 1904): Slow operation: 97ms so far, now at startProcess: building log message
06-09 10:31:33.292 I/ActivityManager( 1904): Start proc 2144:com.android.systemui/u0a21 for service com.android.systemui/.ImageWallpaper
06-09 10:31:33.292 W/ActivityManager( 1904): Slow operation: 97ms so far, now at startProcess: starting to update pids map
06-09 10:31:33.292 W/ActivityManager( 1904): Slow operation: 97ms so far, now at startProcess: done updating pids map
06-09 10:31:33.292 W/ActivityManager( 1904): Slow operation: 98ms so far, now at startProcess: done starting proc!
06-09 10:31:33.296 I/ActivityManager( 1904): Force stopping com.android.providers.media appid=10010 user=-1: vold reset
06-09 10:31:33.301 D/VoldConnector( 1904): RCV <- {642 disk:253,48 Virtual}
06-09 10:31:33.303 D/VoldConnector( 1904): RCV <- {644 disk:253,48 /sys//devices/pci0000:00/0000:00:06.0/virtio3/block/vdd}
06-09 10:31:33.347 D/UsbAlsaManager( 1904): Adding ALSA device AlsaDevice: [card: 0, device: 0, type: 1]
06-09 10:31:33.347 D/UsbAlsaManager( 1904): Adding ALSA device AlsaDevice: [card: 0, device: 0, type: 2]
06-09 10:31:33.349 I/SystemServer( 1904): WebViewFactory preparation
06-09 10:31:33.361 E/BluetoothAdapter( 1904): Bluetooth binder is null
06-09 10:31:33.366 E/BluetoothAdapter( 1904): Bluetooth binder is null
06-09 10:31:33.384 W/art     ( 2139): Unexpected CPU variant for X86 using defaults: x86_64
06-09 10:31:33.394 I/AudioFlinger( 1326): systemReady
06-09 10:31:33.572 W/art     ( 2144): Unexpected CPU variant for X86 using defaults: x86_64
06-09 10:31:33.605 D/WebViewFactory( 1904): Setting new address space to 114394000
06-09 10:31:34.011 I/Zygote  ( 1904): Process: zygote socket opened, supported ABIS: x86
06-09 10:31:34.129 E/WVMExtractor( 1904): Failed to open libwvm.so: dlopen failed: library "libwvm.so" not found
06-09 10:31:34.465 I/art     ( 1325): Starting a blocking GC Background
06-09 10:31:35.206 V/vold    ( 1275): DISK mbr
06-09 10:31:35.207 V/vold    ( 1275): 
06-09 10:31:35.209 I/art     ( 1325): Background concurrent mark sweep GC freed 119(16KB) AllocSpace objects, 0(0B) LOS objects, 39% free, 6MB/10MB, paused 2.419ms total 647.918ms
06-09 10:31:35.306 W/vold    ( 1275): disk:253,48 has unknown partition table; trying entire device
06-09 10:31:35.307 V/vold    ( 1275): /system/bin/blkid
06-09 10:31:35.307 V/vold    ( 1275):     -c
06-09 10:31:35.307 V/vold    ( 1275):     /dev/null
06-09 10:31:35.307 V/vold    ( 1275):     -s
06-09 10:31:35.307 V/vold    ( 1275):     TYPE
06-09 10:31:35.307 V/vold    ( 1275):     -s
06-09 10:31:35.307 V/vold    ( 1275):     UUID
06-09 10:31:35.307 V/vold    ( 1275):     -s
06-09 10:31:35.307 V/vold    ( 1275):     LABEL
06-09 10:31:35.307 V/vold    ( 1275):     /dev/block/vold/disk:253,48
06-09 10:31:35.404 I/MediaPlayerService( 1334): MediaPlayerService::getOMX
06-09 10:31:35.532 I/OMXClient( 1334): MuxOMX ctor
06-09 10:31:35.643 I/MediaPlayerService( 1334): MediaPlayerService::getOMX
06-09 10:31:35.648 I/OMXClient( 1334): MuxOMX ctor
06-09 10:31:35.666 I/OMXMaster( 1331): makeComponentInstance(OMX.google.mp3.decoder) in mediacodec process
06-09 10:31:36.283 W/ActivityManager( 1904): Slow operation: 2558ms so far, now at startProcess: returned from zygote!
06-09 10:31:36.285 W/ActivityManager( 1904): Slow operation: 2561ms so far, now at startProcess: done updating battery stats
06-09 10:31:36.288 W/ActivityManager( 1904): Slow operation: 2563ms so far, now at startProcess: building log message
06-09 10:31:36.300 I/ActivityManager( 1904): Start proc 2181:WebViewLoader-x86/1037 [android.webkit.WebViewFactory$RelroFileCreator] for 
06-09 10:31:36.300 W/ActivityManager( 1904): Slow operation: 2576ms so far, now at startProcess: starting to update pids map
06-09 10:31:36.301 W/ActivityManager( 1904): Slow operation: 2577ms so far, now at startProcess: done updating pids map
06-09 10:31:36.301 W/ActivityManager( 1904): Slow operation: 2578ms so far, now at startProcess: done starting proc!
06-09 10:31:36.374 W/art     ( 1904): Long monitor contention with owner main (1904) at int com.android.server.am.ActivityManagerService.startIsolatedProcess(java.lang.String, java.lang.String[], java.lang.String, java.lang.String, int, java.lang.Runnable)(ActivityManagerService.java:3509) waiters=0 in void com.android.server.am.ActivityManagerService.attachApplication(android.app.IApplicationThread) for 2.386s
06-09 10:31:36.425 W/art     ( 2181): Unexpected CPU variant for X86 using defaults: x86
06-09 10:31:36.844 W/ActivityManager( 1904): Slow operation: 508ms so far, now at startProcess: returned from zygote!
06-09 10:31:36.844 W/ActivityManager( 1904): Slow operation: 509ms so far, now at startProcess: done updating battery stats
06-09 10:31:36.845 W/ActivityManager( 1904): Slow operation: 510ms so far, now at startProcess: building log message
06-09 10:31:36.845 I/ActivityManager( 1904): Start proc 2196:WebViewLoader-x86_64/1037 [android.webkit.WebViewFactory$RelroFileCreator] for 
06-09 10:31:36.845 W/ActivityManager( 1904): Slow operation: 510ms so far, now at startProcess: starting to update pids map
06-09 10:31:36.845 W/ActivityManager( 1904): Slow operation: 510ms so far, now at startProcess: done updating pids map
06-09 10:31:36.845 W/ActivityManager( 1904): Slow operation: 513ms so far, now at startProcess: done starting proc!
06-09 10:31:36.852 W/art     ( 1904): Long monitor contention with owner main (1904) at int com.android.server.am.ActivityManagerService.startIsolatedProcess(java.lang.String, java.lang.String[], java.lang.String, java.lang.String, int, java.lang.Runnable)(ActivityManagerService.java:3509) waiters=1 in void com.android.server.am.ActivityManagerService.attachApplication(android.app.IApplicationThread) for 2.935s
06-09 10:31:36.910 W/art     ( 1904): Long monitor contention with owner main (1904) at int com.android.server.am.ActivityManagerService.startIsolatedProcess(java.lang.String, java.lang.String[], java.lang.String, java.lang.String, int, java.lang.Runnable)(ActivityManagerService.java:3509) waiters=2 in void com.android.server.am.ActivityManagerService$MainHandler.handleMessage(android.os.Message) for 959ms
06-09 10:31:36.912 W/art     ( 1904): Long monitor contention with owner main (1904) at int com.android.server.am.ActivityManagerService.startIsolatedProcess(java.lang.String, java.lang.String[], java.lang.String, java.lang.String, int, java.lang.Runnable)(ActivityManagerService.java:3509) waiters=2 in void com.android.server.am.ActivityManagerService.attachApplication(android.app.IApplicationThread) for 536ms
06-09 10:31:36.965 V/vold    ( 1275): /dev/block/vold/disk:253,48: LABEL="SDCARD" UUID="1EFF-1C1B" TYPE="vfat" 
06-09 10:31:36.965 V/vold    ( 1275): 
06-09 10:31:36.982 D/VoldConnector( 1904): RCV <- {650 public:253,48 0 "disk:253,48" ""}
06-09 10:31:36.993 D/NetworkManagement( 1904): enabling bandwidth control
06-09 10:31:37.082 D/VoldConnector( 1904): RCV <- {651 public:253,48 0}
06-09 10:31:37.087 D/VoldConnector( 1904): RCV <- {643 disk:253,48}
06-09 10:31:37.134 D/VoldConnector( 1904): RCV <- {200 4 Command succeeded}
06-09 10:31:37.138 E/VoldConnector( 1904): NDC Command {4 volume reset} took too long (3935ms)
06-09 10:31:37.141 W/art     ( 1904): Long monitor contention with owner main (1904) at android.content.ComponentName com.android.server.am.ActivityManagerService.startService(android.app.IApplicationThread, android.content.Intent, java.lang.String, java.lang.String, int)(ActivityManagerService.java:17161) waiters=2 in void com.android.server.am.ActivityManagerService.attachApplication(android.app.IApplicationThread) for 288ms
06-09 10:31:37.142 D/VoldConnector( 1904): SND -> {5 volume user_added 0 0}
06-09 10:31:37.146 D/VoldConnector( 1904): RCV <- {200 5 Command succeeded}
06-09 10:31:37.202 W/art     ( 2196): Unexpected CPU variant for X86 using defaults: x86_64
06-09 10:31:37.229 W/art     ( 1904): Long monitor contention with owner Binder:1904_3 (2066) at void com.android.server.am.ActivityManagerService.attachApplication(android.app.IApplicationThread)(ActivityManagerService.java:6669) waiters=1 in void com.android.server.am.ActivityManagerService$MainHandler.handleMessage(android.os.Message) for 309ms
06-09 10:31:37.285 D/VoldConnector( 1904): SND -> {6 volume mount emulated 3 -1}
06-09 10:31:37.290 D/VoldConnector( 1904): RCV <- {651 emulated 1}
06-09 10:31:37.291 D/VoldConnector( 1904): RCV <- {656 emulated /data/media}
06-09 10:31:37.293 D/VoldConnector( 1904): RCV <- {655 emulated /storage/emulated}
06-09 10:31:37.324 V/WebViewFactory( 2181): RelroFileCreator (64bit = false),  32-bit lib: /system/app/webview/webview.apk!/lib/x86/libwebviewchromium.so, 64-bit lib: /system/app/webview/webview.apk!/lib/x86_64/libwebviewchromium.so
06-09 10:31:37.331 W/art     ( 1904): Long monitor contention with owner android.bg (1944) at void java.io.FileDescriptor.sync()(FileDescriptor.java:-2) waiters=0 in void com.android.server.pm.ShortcutService.handleOnUidStateChanged(int, int) for 4.031s
06-09 10:31:37.395 V/vold    ( 1275): Waiting for FUSE to spin up...
06-09 10:31:37.450 V/vold    ( 1275): Waiting for FUSE to spin up...
06-09 10:31:37.541 V/vold    ( 1275): Waiting for FUSE to spin up...
06-09 10:31:37.600 V/vold    ( 1275): Waiting for FUSE to spin up...
06-09 10:31:37.660 V/vold    ( 1275): Waiting for FUSE to spin up...
06-09 10:31:37.711 V/vold    ( 1275): Waiting for FUSE to spin up...
06-09 10:31:37.762 V/vold    ( 1275): Waiting for FUSE to spin up...
06-09 10:31:37.787 V/WebViewFactory( 2196): RelroFileCreator (64bit = true),  32-bit lib: /system/app/webview/webview.apk!/lib/x86/libwebviewchromium.so, 64-bit lib: /system/app/webview/webview.apk!/lib/x86_64/libwebviewchromium.so
06-09 10:31:37.820 V/vold    ( 1275): Waiting for FUSE to spin up...
06-09 10:31:37.828 I/MediaPlayerService( 1334): MediaPlayerService::getOMX
06-09 10:31:37.871 I/OMXClient( 1334): MuxOMX ctor
06-09 10:31:37.873 I/OMXMaster( 1331): makeComponentInstance(OMX.google.amrnb.decoder) in mediacodec process
06-09 10:31:37.880 V/vold    ( 1275): Waiting for FUSE to spin up...
06-09 10:31:37.940 V/vold    ( 1275): Waiting for FUSE to spin up...
06-09 10:31:37.943 W/System  ( 2144): ClassLoader referenced unknown path: /system/priv-app/SystemUI/lib/x86_64
06-09 10:31:38.000 V/vold    ( 1275): Waiting for FUSE to spin up...
06-09 10:31:38.043 I/MediaPlayerService( 1334): MediaPlayerService::getOMX
06-09 10:31:38.045 I/OMXClient( 1334): MuxOMX ctor
06-09 10:31:38.051 I/OMXMaster( 1331): makeComponentInstance(OMX.google.amrwb.decoder) in mediacodec process
06-09 10:31:38.056 V/vold    ( 1275): Waiting for FUSE to spin up...
06-09 10:31:38.110 V/vold    ( 1275): Waiting for FUSE to spin up...
06-09 10:31:38.147 I/MediaPlayerService( 1334): MediaPlayerService::getOMX
06-09 10:31:38.148 I/OMXClient( 1334): MuxOMX ctor
06-09 10:31:38.149 I/OMXMaster( 1331): makeComponentInstance(OMX.google.aac.decoder) in mediacodec process
06-09 10:31:38.169 V/vold    ( 1275): Waiting for FUSE to spin up...
06-09 10:31:38.220 V/vold    ( 1275): Waiting for FUSE to spin up...
06-09 10:31:38.285 V/vold    ( 1275): Waiting for FUSE to spin up...
06-09 10:31:38.341 V/vold    ( 1275): Waiting for FUSE to spin up...
06-09 10:31:38.400 V/vold    ( 1275): Waiting for FUSE to spin up...
06-09 10:31:38.440 I/MediaPlayerService( 1334): MediaPlayerService::getOMX
06-09 10:31:38.452 V/vold    ( 1275): Waiting for FUSE to spin up...
06-09 10:31:38.490 I/OMXClient( 1334): MuxOMX ctor
06-09 10:31:38.506 V/vold    ( 1275): Waiting for FUSE to spin up...
06-09 10:31:38.560 V/vold    ( 1275): Waiting for FUSE to spin up...
