06-09 13:07:05.689 D/audio_hw_generic( 1327): mixer 3 name Capture Switch
06-09 13:07:05.689 D/audio_hw_generic( 1327): set ctl 0 to 1
06-09 13:07:05.689 D/audio_hw_generic( 1327): set ctl 1 to 1
06-09 13:07:05.689 D/audio_hw_generic( 1327): mixer 4 name Line Phantom Jack
06-09 13:07:05.689 D/audio_hw_generic( 1327): mixer 5 name Line Out Phantom Jack
06-09 13:07:05.689 D/audio_hw_generic( 1327): mixer 6 name Playback Channel Map
06-09 13:07:05.690 D/audio_hw_generic( 1327): mixer 7 name Capture Channel Map
06-09 13:07:05.722 I/mediacodec( 1332): @@@ mediacodecservice starting
06-09 13:07:05.782 W/        ( 1332): No seccomp filter defined for this architecture.
06-09 13:07:05.796 I/AudioFlinger( 1327): loadHwModule() Loaded primary audio interface from Generic audio HW HAL (audio) handle 10
06-09 13:07:05.797 I/AudioFlinger( 1327): openOutput(), module 10 Device 2, SamplingRate 48000, Format 0x000001, Channels 3, flags 2
06-09 13:07:05.843 I/AudioFlinger( 1327): HAL output buffer size 720 frames, normal sink buffer size 1152 frames
06-09 13:07:05.993 I/BufferProvider( 1327): found effect "Multichannel Downmix To Stereo" from The Android Open Source Project
06-09 13:07:06.041 I/AudioFlinger( 1327): AudioFlinger's thread 0xe7f83e80 ready to run
06-09 13:07:06.043 W/BatteryNotifier( 1327): batterystats service unavailable!
06-09 13:07:06.045 W/BatteryNotifier( 1327): batterystats service unavailable!
06-09 13:07:06.056 I/mediaserver( 1335): ServiceManager: 0xf1d3c0a0
06-09 13:07:06.081 I/AudioFlinger( 1327): Using module 10 has the primary audio interface
06-09 13:07:06.104 W/BatteryNotifier( 1327): batterystats service unavailable!
06-09 13:07:06.108 W/AudioFlinger( 1327): no wake lock to update, system not ready yet
06-09 13:07:06.215 I/cameraserver( 1328): ServiceManager: 0xf4bbc020
06-09 13:07:06.218 I/AudioFlinger( 1327): AudioFlinger's thread 0xe7a83dc0 ready to run
06-09 13:07:06.251 I/CameraService( 1328): CameraService started (pid=1328)
06-09 13:07:06.251 I/CameraService( 1328): CameraService process starting
06-09 13:07:06.265 W/BatteryNotifier( 1328): batterystats service unavailable!
06-09 13:07:06.266 W/BatteryNotifier( 1328): batterystats service unavailable!
06-09 13:07:06.334 I/r_submix( 1327): adev_open(name=audio_hw_if)
06-09 13:07:06.335 I/r_submix( 1327): adev_init_check()
06-09 13:07:06.335 I/AudioFlinger( 1327): loadHwModule() Loaded r_submix audio interface from Wifi Display audio HAL (audio) handle 18
06-09 13:07:06.335 D/r_submix( 1327): adev_open_input_stream(addr=0)
06-09 13:07:06.336 D/r_submix( 1327): submix_audio_device_create_pipe_l(addr=0, idx=9)
06-09 13:07:06.336 D/r_submix( 1327):   now using address 0 for route 9
06-09 13:07:06.339 W/BatteryNotifier( 1335): batterystats service unavailable!
06-09 13:07:06.365 I/AudioFlinger( 1327): AudioFlinger's thread 0xe7b83000 ready to run
06-09 13:07:06.366 D/r_submix( 1327): adev_close_input_stream()
06-09 13:07:06.367 D/r_submix( 1327): submix_audio_device_release_pipe_l(idx=9) addr=0
06-09 13:07:06.367 D/r_submix( 1327): submix_audio_device_destroy_pipe_l(): pipe destroyed
06-09 13:07:06.426 I/RadioService( 1327): RadioService
06-09 13:07:06.426 I/RadioService( 1327): onFirstRef
06-09 13:07:06.427 E/RadioService( 1327): couldn't load radio module radio.primary (No such file or directory)
06-09 13:07:06.433 E/SoundTriggerHwService( 1327): couldn't load sound trigger module sound_trigger.primary (No such file or directory)
06-09 13:07:06.550 D/EmulatedCamera_QemuClient( 1328): Emulated camera list: 
06-09 13:07:06.552 D/EmulatedCamera_FakeCamera( 1328): Initialize: Fake camera is facing back
06-09 13:07:06.555 V/EmulatedCamera_Device( 1328): initializeWhiteBalanceModes with auto, 1.000000, 1.000000
06-09 13:07:06.555 V/EmulatedCamera_Device( 1328): initializeWhiteBalanceModes with incandescent, 1.380000, 0.600000
06-09 13:07:06.555 V/EmulatedCamera_Device( 1328): initializeWhiteBalanceModes with daylight, 1.090000, 0.920000
06-09 13:07:06.556 V/EmulatedCamera_Device( 1328): initializeWhiteBalanceModes with twilight, 0.920000, 1.220000
06-09 13:07:06.556 V/EmulatedCamera_Device( 1328): setWhiteBalanceMode with white balance auto
06-09 13:07:06.556 E/EmulatedCamera_Factory( 1328): 1 cameras are being emulated. 0 of them are fake cameras.
06-09 13:07:06.557 E/EmulatedCamera_HotplugThread( 1328): createFileIfNotExists: Could not create file '/data/misc/media/emulator.camera.hotplug.0', error: 'Permission denied' (13)
06-09 13:07:06.752 I/CameraService( 1328): Loaded "Emulated Camera Module" camera module
06-09 13:07:06.753 E/CameraService( 1328): setUpVendorTags: Vendor tag operations not fully defined. Ignoring definitions.
06-09 13:07:06.753 V/EmulatedCamera_Camera( 1328): getCameraInfo
06-09 13:07:06.754 V/EmulatedCamera_BaseCamera( 1328): getCameraInfo
06-09 13:07:06.755 I/CameraFlashlight( 1328): Opening camera 0
06-09 13:07:06.755 V/EmulatedCamera_Camera( 1328): getCameraInfo
06-09 13:07:06.755 V/EmulatedCamera_BaseCamera( 1328): getCameraInfo
06-09 13:07:06.755 V/EmulatedCamera_Camera( 1328): connectCamera
06-09 13:07:06.755 V/EmulatedCamera_FakeDevice( 1328): connectDevice
06-09 13:07:06.802 V/EmulatedCamera_CallbackNotifier( 1328): setCallbacks: 0xf5867e80, 0xf5867ed0, 0xf5867ff0, 0xf5868110 (0xf4bc3140)
06-09 13:07:06.941 V/EmulatedCamera_Preview( 1328): setPreviewWindow: current: 0x0 -> new: 0xf4bc3150
06-09 13:07:06.942 V/EmulatedCamera_Preview( 1328): setPreviewWindow: current: 0xf4bc3150 -> new: 0x0
06-09 13:07:06.942 V/EmulatedCamera_Camera( 1328): doStopPreview
06-09 13:07:06.943 V/EmulatedCamera_Preview( 1328): setPreviewWindow: current: 0x0 -> new: 0x0
06-09 13:07:06.944 V/EmulatedCamera_Camera( 1328): releaseCamera
06-09 13:07:06.944 V/EmulatedCamera_Camera( 1328): doStopPreview
06-09 13:07:06.944 V/EmulatedCamera_FakeDevice( 1328): disconnectDevice
06-09 13:07:06.944 W/EmulatedCamera_Device( 1328): Initialize: Emulated camera device is already initialized: mState = 1
06-09 13:07:06.944 D/EmulatedCamera_FakeCamera( 1328): Initialize: Fake camera is facing back
06-09 13:07:06.945 V/EmulatedCamera_Device( 1328): initializeWhiteBalanceModes with auto, 1.000000, 1.000000
06-09 13:07:06.945 V/EmulatedCamera_Device( 1328): initializeWhiteBalanceModes with incandescent, 1.380000, 0.600000
06-09 13:07:06.945 V/EmulatedCamera_Device( 1328): initializeWhiteBalanceModes with daylight, 1.090000, 0.920000
06-09 13:07:06.945 V/EmulatedCamera_Device( 1328): initializeWhiteBalanceModes with twilight, 0.920000, 1.220000
06-09 13:07:06.945 V/EmulatedCamera_Device( 1328): setWhiteBalanceMode with white balance auto
06-09 13:07:06.946 I/CameraFlashlight( 1328): Destroying camera 0
06-09 13:07:06.946 V/EmulatedCamera_Camera( 1328): closeCamera
06-09 13:07:06.946 V/EmulatedCamera_Camera( 1328): doStopPreview
06-09 13:07:06.946 W/EmulatedCamera_Device( 1328): Initialize: Emulated camera device is already initialized: mState = 1
06-09 13:07:06.946 D/EmulatedCamera_FakeCamera( 1328): Initialize: Fake camera is facing back
06-09 13:07:06.946 V/EmulatedCamera_Device( 1328): initializeWhiteBalanceModes with auto, 1.000000, 1.000000
06-09 13:07:06.947 V/EmulatedCamera_Device( 1328): initializeWhiteBalanceModes with incandescent, 1.380000, 0.600000
06-09 13:07:06.947 V/EmulatedCamera_Device( 1328): initializeWhiteBalanceModes with daylight, 1.090000, 0.920000
06-09 13:07:06.947 V/EmulatedCamera_Device( 1328): initializeWhiteBalanceModes with twilight, 0.920000, 1.220000
06-09 13:07:06.947 V/EmulatedCamera_Device( 1328): setWhiteBalanceMode with white balance auto
06-09 13:07:07.121 V/EmulatedCamera_Camera( 1328): getCameraInfo
06-09 13:07:07.121 V/EmulatedCamera_BaseCamera( 1328): getCameraInfo
06-09 13:07:07.124 I/ServiceManager( 1328): Waiting for service media.camera.proxy...
06-09 13:07:07.286 V/MediaUtils( 1334): physMem: 1043894272
06-09 13:07:07.287 V/MediaUtils( 1334): requested limit: 208778840
06-09 13:07:07.287 V/MediaUtils( 1334): actual limit: 208778840
06-09 13:07:07.287 V/MediaUtils( 1334): original limits: 4294967295/4294967295
06-09 13:07:07.287 V/MediaUtils( 1334): new limits: 208778840/4294967295
06-09 13:07:07.289 W//system/bin/mediaextractor( 1334): libminijail: allowing syscall: socketcall
06-09 13:07:07.321 W//system/bin/mediaextractor( 1334): libminijail: allowing syscall: writev
06-09 13:07:07.321 W//system/bin/mediaextractor( 1334): libminijail: allowing syscall: fcntl64
06-09 13:07:07.321 W//system/bin/mediaextractor( 1334): libminijail: allowing syscall: clock_gettime
06-09 13:07:07.361 W//system/bin/mediaextractor( 1334): libminijail: logging seccomp filter failures
06-09 13:07:08.131 I/ServiceManager( 1328): Waiting for service media.camera.proxy...
06-09 13:07:09.121 W/BatteryNotifier( 1327): batterystats service unavailable!
06-09 13:07:09.140 I/ServiceManager( 1328): Waiting for service media.camera.proxy...
06-09 13:07:10.151 I/ServiceManager( 1328): Waiting for service media.camera.proxy...
06-09 13:07:11.161 I/ServiceManager( 1328): Waiting for service media.camera.proxy...
06-09 13:07:21.433 D/AndroidRuntime( 1325): >>>>>> START com.android.internal.os.ZygoteInit uid 0 <<<<<<
06-09 13:07:21.626 E/hostapd ( 1497): Configuration file: /system/etc/simulated_hostapd.conf
06-09 13:07:21.652 E/SurfaceFlinger( 1321): ro.sf.lcd_density must be defined as a build property
06-09 13:07:21.954 D/libEGL  ( 1384): Emulator without GPU support detected. Fallback to legacy software renderer, qemu.gles is set to 0.
06-09 13:07:22.058 D/libEGL  ( 1384): loaded /system/lib64/egl/libGLES_android.so
06-09 13:07:22.236 E/ipv6proxy( 1490): Failed to forward Router Advertisement from eth0 to wlan1: Network is unreachable
06-09 13:07:22.239 E/ipv6proxy( 1490): Failed to forward Router Advertisement from eth0 to radio0-peer: Cannot assign requested address
06-09 13:07:22.372 D/AndroidRuntime( 1326): >>>>>> START com.android.internal.os.ZygoteInit uid 0 <<<<<<
06-09 13:07:22.717 D/gralloc_ranchu( 1384): Emulator without host-side GPU emulation detected. Loading gralloc.default.so from /vendor/lib64/hw/gralloc.goldfish.default.so...
06-09 13:07:22.722 D/gralloc_ranchu( 1384): gralloc.default.so not found in /vendor. Trying /system/lib64/hw/gralloc.goldfish.default.so...
06-09 13:07:22.761 D/AndroidRuntime( 1325): CheckJNI is ON
06-09 13:07:22.947 I/hostapd ( 1497): rfkill: Cannot get wiphy information
06-09 13:07:22.979 I/hostapd ( 1497): nl80211: Could not re-add multicast membership for vendor events: -2 (No such file or directory)
06-09 13:07:22.993 I/hostapd ( 1497): wlan1: interface state UNINITIALIZED->COUNTRY_UPDATE
06-09 13:07:23.121 I/art     ( 1325): option[0]=-Xzygote
06-09 13:07:23.122 I/art     ( 1325): option[1]=-Xcheck:jni
06-09 13:07:23.122 I/art     ( 1325): option[2]=-Xstacktracefile:/data/anr/traces.txt
06-09 13:07:23.122 I/art     ( 1325): option[3]=exit
06-09 13:07:23.122 I/art     ( 1325): option[4]=vfprintf
06-09 13:07:23.122 I/art     ( 1325): option[5]=sensitiveThread
06-09 13:07:23.122 I/art     ( 1325): option[6]=-verbose:gc
06-09 13:07:23.122 I/art     ( 1325): option[7]=-Xms4m
06-09 13:07:23.122 I/art     ( 1325): option[8]=-Xmx256m
06-09 13:07:23.123 I/art     ( 1325): option[9]=-Xusejit:true
06-09 13:07:23.123 I/art     ( 1325): option[10]=-Xjitsaveprofilinginfo
06-09 13:07:23.123 I/art     ( 1325): option[11]=-agentlib:jdwp=transport=dt_android_adb,suspend=n,server=y
06-09 13:07:23.123 I/art     ( 1325): option[12]=-Xlockprofthreshold:500
06-09 13:07:23.123 I/art     ( 1325): option[13]=-Ximage-compiler-option
06-09 13:07:23.123 I/art     ( 1325): option[14]=--runtime-arg
06-09 13:07:23.123 I/art     ( 1325): option[15]=-Ximage-compiler-option
06-09 13:07:23.123 I/art     ( 1325): option[16]=-Xms64m
06-09 13:07:23.123 I/art     ( 1325): option[17]=-Ximage-compiler-option
06-09 13:07:23.123 I/art     ( 1325): option[18]=--runtime-arg
06-09 13:07:23.123 I/art     ( 1325): option[19]=-Ximage-compiler-option
06-09 13:07:23.123 I/art     ( 1325): option[20]=-Xmx64m
06-09 13:07:23.123 I/art     ( 1325): option[21]=-Ximage-compiler-option
06-09 13:07:23.123 I/art     ( 1325): option[22]=--image-classes=/system/etc/preloaded-classes
06-09 13:07:23.123 I/art     ( 1325): option[23]=-Ximage-compiler-option
06-09 13:07:23.123 I/art     ( 1325): option[24]=--compiled-classes=/system/etc/compiled-classes
06-09 13:07:23.124 I/art     ( 1325): option[25]=-Xcompiler-option
06-09 13:07:23.124 I/art     ( 1325): option[26]=--runtime-arg
06-09 13:07:23.124 I/art     ( 1325): option[27]=-Xcompiler-option
06-09 13:07:23.124 I/art     ( 1325): option[28]=-Xms64m
06-09 13:07:23.124 I/art     ( 1325): option[29]=-Xcompiler-option
06-09 13:07:23.124 I/art     ( 1325): option[30]=--runtime-arg
06-09 13:07:23.124 I/art     ( 1325): option[31]=-Xcompiler-option
06-09 13:07:23.124 I/art     ( 1325): option[32]=-Xmx512m
06-09 13:07:23.124 I/art     ( 1325): option[33]=-Ximage-compiler-option
06-09 13:07:23.124 I/art     ( 1325): option[34]=--instruction-set-variant=x86_64
06-09 13:07:23.124 I/art     ( 1325): option[35]=-Xcompiler-option
06-09 13:07:23.124 I/art     ( 1325): option[36]=--instruction-set-variant=x86_64
06-09 13:07:23.124 I/art     ( 1325): option[37]=-Ximage-compiler-option
06-09 13:07:23.124 I/art     ( 1325): option[38]=--instruction-set-features=default
06-09 13:07:23.124 I/art     ( 1325): option[39]=-Xcompiler-option
06-09 13:07:23.124 I/art     ( 1325): option[40]=--instruction-set-features=default
06-09 13:07:23.124 I/art     ( 1325): option[41]=-Duser.locale=en-US
06-09 13:07:23.124 I/art     ( 1325): option[42]=--cpu-abilist=x86_64
06-09 13:07:23.125 I/art     ( 1325): option[43]=-Xfingerprint:Android/sdk_phone_x86_64/generic_x86_64:7.1.1/NYC/4931657:userdebug/test-keys
06-09 13:07:23.142 D/AndroidRuntime( 1326): CheckJNI is ON
06-09 13:07:23.374 I/art     ( 1326): option[0]=-Xzygote
06-09 13:07:23.375 I/art     ( 1326): option[1]=-Xcheck:jni
06-09 13:07:23.375 I/art     ( 1326): option[2]=-Xstacktracefile:/data/anr/traces.txt
06-09 13:07:23.375 I/art     ( 1326): option[3]=exit
06-09 13:07:23.375 I/art     ( 1326): option[4]=vfprintf
06-09 13:07:23.375 I/art     ( 1326): option[5]=sensitiveThread
06-09 13:07:23.375 I/art     ( 1326): option[6]=-verbose:gc
06-09 13:07:23.375 I/art     ( 1326): option[7]=-Xms4m
06-09 13:07:23.375 I/art     ( 1326): option[8]=-Xmx256m
06-09 13:07:23.375 I/art     ( 1326): option[9]=-Xusejit:true
06-09 13:07:23.376 I/art     ( 1326): option[10]=-Xjitsaveprofilinginfo
06-09 13:07:23.376 I/art     ( 1326): option[11]=-agentlib:jdwp=transport=dt_android_adb,suspend=n,server=y
06-09 13:07:23.376 I/art     ( 1326): option[12]=-Xlockprofthreshold:500
06-09 13:07:23.376 I/art     ( 1326): option[13]=-Ximage-compiler-option
06-09 13:07:23.376 I/art     ( 1326): option[14]=--runtime-arg
06-09 13:07:23.376 I/art     ( 1326): option[15]=-Ximage-compiler-option
06-09 13:07:23.376 I/art     ( 1326): option[16]=-Xms64m
06-09 13:07:23.414 I/art     ( 1326): option[17]=-Ximage-compiler-option
06-09 13:07:23.414 I/art     ( 1326): option[18]=--runtime-arg
06-09 13:07:23.414 I/art     ( 1326): option[19]=-Ximage-compiler-option
06-09 13:07:23.414 I/art     ( 1326): option[20]=-Xmx64m
06-09 13:07:23.414 I/art     ( 1326): option[21]=-Ximage-compiler-option
06-09 13:07:23.414 I/art     ( 1326): option[22]=--image-classes=/system/etc/preloaded-classes
06-09 13:07:23.414 I/art     ( 1326): option[23]=-Ximage-compiler-option
06-09 13:07:23.414 I/art     ( 1326): option[24]=--compiled-classes=/system/etc/compiled-classes
06-09 13:07:23.415 I/art     ( 1326): option[25]=-Xcompiler-option
06-09 13:07:23.415 I/art     ( 1326): option[26]=--runtime-arg
06-09 13:07:23.415 I/art     ( 1326): option[27]=-Xcompiler-option
06-09 13:07:23.415 I/art     ( 1326): option[28]=-Xms64m
06-09 13:07:23.415 I/art     ( 1326): option[29]=-Xcompiler-option
06-09 13:07:23.415 I/art     ( 1326): option[30]=--runtime-arg
06-09 13:07:23.415 I/art     ( 1326): option[31]=-Xcompiler-option
06-09 13:07:23.415 I/art     ( 1326): option[32]=-Xmx512m
06-09 13:07:23.415 I/art     ( 1326): option[33]=-Ximage-compiler-option
06-09 13:07:23.415 I/art     ( 1326): option[34]=--instruction-set-variant=x86
06-09 13:07:23.415 I/art     ( 1326): option[35]=-Xcompiler-option
06-09 13:07:23.415 I/art     ( 1326): option[36]=--instruction-set-variant=x86
06-09 13:07:23.415 I/art     ( 1326): option[37]=-Ximage-compiler-option
06-09 13:07:23.415 I/art     ( 1326): option[38]=--instruction-set-features=default
06-09 13:07:23.415 I/art     ( 1326): option[39]=-Xcompiler-option
06-09 13:07:23.416 I/art     ( 1326): option[40]=--instruction-set-features=default
06-09 13:07:23.416 I/art     ( 1326): option[41]=-Duser.locale=en-US
06-09 13:07:23.416 I/art     ( 1326): option[42]=--cpu-abilist=x86
06-09 13:07:23.416 I/art     ( 1326): option[43]=-Xfingerprint:Android/sdk_phone_x86_64/generic_x86_64:7.1.1/NYC/4931657:userdebug/test-keys
06-09 13:07:26.100 E/ipv6proxy( 1490): Failed to forward Router Advertisement from eth0 to wlan1: Network is unreachable
06-09 13:07:28.004 I/hostapd ( 1497): wlan1: interface state COUNTRY_UPDATE->HT_SCAN
06-09 13:07:29.504 E/hostapd ( 1497): Using interface wlan1 with hwaddr 02:00:00:00:01:00 and ssid "AndroidWifi"
06-09 13:07:29.554 I/hostapd ( 1497): wlan1: interface state HT_SCAN->ENABLED
06-09 13:07:29.554 I/hostapd ( 1497): wlan1: AP-ENABLED 
06-09 13:07:32.029 D/ICU     ( 1325): No timezone override file found: /data/misc/zoneinfo/current/icu/icu_tzdata.dat
06-09 13:07:32.434 D/ICU     ( 1326): No timezone override file found: /data/misc/zoneinfo/current/icu/icu_tzdata.dat
06-09 13:07:37.995 E/memtrack( 1326): Couldn't load memtrack module (No such file or directory)
06-09 13:07:37.996 E/android.os.Debug( 1326): failed to load memtrack module: -2
06-09 13:07:38.009 E/memtrack( 1325): Couldn't load memtrack module (No such file or directory)
06-09 13:07:38.009 E/android.os.Debug( 1325): failed to load memtrack module: -2
06-09 13:07:38.122 I/Radio-JNI( 1326): register_android_hardware_Radio DONE
06-09 13:07:38.152 I/Radio-JNI( 1325): register_android_hardware_Radio DONE
06-09 13:07:38.670 I/SamplingProfilerIntegration( 1325): Profiling disabled.
06-09 13:07:38.743 D/Zygote  ( 1325): begin preload
06-09 13:07:38.743 I/Zygote  ( 1325): Installing ICU cache reference pinning...
06-09 13:07:38.750 I/Zygote  ( 1325): Preloading ICU data...
06-09 13:07:38.930 I/SamplingProfilerIntegration( 1326): Profiling disabled.
06-09 13:07:39.044 D/Zygote  ( 1326): begin preload
06-09 13:07:39.044 I/Zygote  ( 1326): Installing ICU cache reference pinning...
06-09 13:07:39.170 I/Zygote  ( 1326): Preloading ICU data...
06-09 13:07:41.466 I/Zygote  ( 1325): Preloading classes...
06-09 13:07:41.512 I/Zygote  ( 1326): Preloading classes...
06-09 13:07:41.823 W/Zygote  ( 1326): Class not found for preloading: [Landroid.view.Display$ColorTransform;
06-09 13:07:41.837 W/Zygote  ( 1325): Class not found for preloading: [Landroid.view.Display$ColorTransform;
06-09 13:07:50.737 E/Typeface( 1325): Error mapping font file /system/fonts/DroidSansFallback.ttf
06-09 13:07:50.935 E/Typeface( 1326): Error mapping font file /system/fonts/DroidSansFallback.ttf
06-09 13:07:56.232 W/art     ( 1325): Suspending all threads took: 49.230ms
06-09 13:07:56.649 I/art     ( 1325): Background concurrent mark sweep GC freed 21948(2MB) AllocSpace objects, 119(2MB) LOS objects, 33% free, 3MB/4MB, paused 53.191ms total 779.701ms
06-09 13:07:57.361 I/art     ( 1325): Thread[1,tid=1325,Native,Thread*=0x702c98c95a00,peer=0x12c060d0,"main"] recursive attempt to load library "/system/lib64/libmedia_jni.so"
06-09 13:07:57.422 D/MtpDeviceJNI( 1325): register_android_mtp_MtpDevice
06-09 13:07:57.432 I/art     ( 1325): Thread[1,tid=1325,Native,Thread*=0x702c98c95a00,peer=0x12c060d0,"main"] recursive attempt to load library "/system/lib64/libmedia_jni.so"
06-09 13:07:57.434 I/art     ( 1325): Thread[1,tid=1325,Native,Thread*=0x702c98c95a00,peer=0x12c060d0,"main"] recursive attempt to load library "/system/lib64/libmedia_jni.so"
06-09 13:07:57.678 I/art     ( 1326): Background concurrent mark sweep GC freed 21947(2MB) AllocSpace objects, 114(2MB) LOS objects, 33% free, 2MB/3MB, paused 3.864ms total 833.908ms
06-09 13:07:58.320 W/art     ( 1326): Suspending all threads took: 59.026ms
06-09 13:07:58.355 I/art     ( 1326): Background sticky concurrent mark sweep GC freed 469(1660KB) AllocSpace objects, 13(220KB) LOS objects, 58% free, 1557KB/3MB, paused 60.349ms total 226.434ms
06-09 13:07:59.042 I/art     ( 1326): Thread[1,tid=1326,Native,Thread*=0xe608b400,peer=0x12c060d0,"main"] recursive attempt to load library "/system/lib/libmedia_jni.so"
06-09 13:07:59.081 D/MtpDeviceJNI( 1326): register_android_mtp_MtpDevice
06-09 13:07:59.084 I/art     ( 1326): Thread[1,tid=1326,Native,Thread*=0xe608b400,peer=0x12c060d0,"main"] recursive attempt to load library "/system/lib/libmedia_jni.so"
06-09 13:07:59.085 I/art     ( 1326): Thread[1,tid=1326,Native,Thread*=0xe608b400,peer=0x12c060d0,"main"] recursive attempt to load library "/system/lib/libmedia_jni.so"
06-09 13:08:01.378 W/Zygote  ( 1325): Class not found for preloading: android.view.Display$ColorTransform
06-09 13:08:01.379 W/Zygote  ( 1325): Class not found for preloading: android.view.Display$ColorTransform$1
06-09 13:08:03.192 W/Zygote  ( 1326): Class not found for preloading: android.view.Display$ColorTransform
06-09 13:08:03.194 W/Zygote  ( 1326): Class not found for preloading: android.view.Display$ColorTransform$1
06-09 13:08:04.957 I/art     ( 1325): Background sticky concurrent mark sweep GC freed 13077(2MB) AllocSpace objects, 10(160KB) LOS objects, 65% free, 1646KB/4MB, paused 3.321ms total 372.571ms
06-09 13:08:07.554 I/System  ( 1325): Loaded time zone names for "" in 1968ms (1860ms in ICU)
06-09 13:08:08.337 I/System  ( 1325): Loaded time zone names for "en_US" in 782ms (775ms in ICU)
06-09 13:08:09.197 I/System  ( 1326): Loaded time zone names for "" in 1850ms (1789ms in ICU)
06-09 13:08:09.784 I/Zygote  ( 1325): ...preloaded 4158 classes in 28318ms.
06-09 13:08:09.785 I/art     ( 1325): VMRuntime.preloadDexCaches starting
06-09 13:08:10.152 I/System  ( 1326): Loaded time zone names for "en_US" in 954ms (901ms in ICU)
06-09 13:08:11.561 I/Zygote  ( 1326): ...preloaded 4158 classes in 30049ms.
06-09 13:08:11.564 I/art     ( 1326): VMRuntime.preloadDexCaches starting
06-09 13:08:12.177 I/art     ( 1325): VMRuntime.preloadDexCaches strings total=283712 before=39625 after=39625
06-09 13:08:12.215 I/art     ( 1325): VMRuntime.preloadDexCaches types total=23581 before=7877 after=7904
06-09 13:08:12.215 I/art     ( 1325): VMRuntime.preloadDexCaches fields total=112007 before=40903 after=41117
06-09 13:08:12.215 I/art     ( 1325): VMRuntime.preloadDexCaches methods total=197534 before=82457 after=83017
06-09 13:08:12.215 I/art     ( 1325): VMRuntime.preloadDexCaches finished
06-09 13:08:12.308 I/Zygote  ( 1325): Preloading resources...
06-09 13:08:14.108 I/art     ( 1326): VMRuntime.preloadDexCaches strings total=283712 before=39625 after=39625
06-09 13:08:14.108 I/art     ( 1326): VMRuntime.preloadDexCaches types total=23581 before=7877 after=7904
06-09 13:08:14.108 I/art     ( 1326): VMRuntime.preloadDexCaches fields total=112007 before=40903 after=41117
06-09 13:08:14.108 I/art     ( 1326): VMRuntime.preloadDexCaches methods total=197534 before=82457 after=83017
06-09 13:08:14.109 I/art     ( 1326): VMRuntime.preloadDexCaches finished
06-09 13:08:14.223 I/Zygote  ( 1326): Preloading resources...
06-09 13:08:14.351 W/Resources( 1325): Preloaded drawable resource #0x108025c (android:drawable/dialog_background_material) that varies with configuration!!
06-09 13:08:14.435 W/Resources( 1325): Preloaded drawable resource #0x1080298 (android:drawable/editbox_dropdown_background_dark) that varies with configuration!!
06-09 13:08:14.692 W/Resources( 1325): Preloaded color resource #0x10600e2 (android:color/material_grey_800) that varies with configuration!!
06-09 13:08:14.693 W/Resources( 1325): Preloaded drawable resource #0x10802c9 (android:drawable/floating_popup_background_dark) that varies with configuration!!
06-09 13:08:15.815 W/Resources( 1325): Preloaded drawable resource #0x108030b (android:drawable/ic_clear_disabled) that varies with configuration!!
06-09 13:08:15.818 W/Resources( 1325): Preloaded drawable resource #0x1080310 (android:drawable/ic_clear_normal) that varies with configuration!!
06-09 13:08:16.030 W/art     ( 1325): Suspending all threads took: 28.914ms
06-09 13:08:16.075 W/Resources( 1325): Preloaded drawable resource #0x1080359 (android:drawable/ic_go) that varies with configuration!!
06-09 13:08:16.133 I/art     ( 1325): Background concurrent mark sweep GC freed 15329(935KB) AllocSpace objects, 4(80KB) LOS objects, 51% free, 3MB/7MB, paused 29.837ms total 312.673ms
06-09 13:08:16.312 I/art     ( 1326): Background sticky concurrent mark sweep GC freed 25329(1610KB) AllocSpace objects, 0(0B) LOS objects, 41% free, 2MB/3MB, paused 2.467ms total 406.226ms
06-09 13:08:16.999 W/Resources( 1326): Preloaded drawable resource #0x108025c (android:drawable/dialog_background_material) that varies with configuration!!
06-09 13:08:17.253 W/Resources( 1326): Preloaded drawable resource #0x1080298 (android:drawable/editbox_dropdown_background_dark) that varies with configuration!!
06-09 13:08:17.505 W/Resources( 1325): Preloaded drawable resource #0x1080038 (android:drawable/ic_menu_close_clear_cancel) that varies with configuration!!
06-09 13:08:17.644 W/Resources( 1326): Preloaded color resource #0x10600e2 (android:color/material_grey_800) that varies with configuration!!
06-09 13:08:17.644 W/Resources( 1326): Preloaded drawable resource #0x10802c9 (android:drawable/floating_popup_background_dark) that varies with configuration!!
06-09 13:08:17.745 W/Resources( 1325): Preloaded drawable resource #0x1080045 (android:drawable/ic_menu_more) that varies with configuration!!
06-09 13:08:18.225 W/Resources( 1325): Preloaded drawable resource #0x10804e8 (android:drawable/menu_background_fill_parent_width) that varies with configuration!!
06-09 13:08:18.927 I/art     ( 1326): Background concurrent mark sweep GC freed 2925(155KB) AllocSpace objects, 6(112KB) LOS objects, 53% free, 3MB/7MB, paused 2.612ms total 620.277ms
06-09 13:08:19.064 W/Resources( 1326): Preloaded drawable resource #0x108030b (android:drawable/ic_clear_disabled) that varies with configuration!!
06-09 13:08:19.067 W/Resources( 1326): Preloaded drawable resource #0x1080310 (android:drawable/ic_clear_normal) that varies with configuration!!
06-09 13:08:19.333 W/Resources( 1326): Preloaded drawable resource #0x1080359 (android:drawable/ic_go) that varies with configuration!!
06-09 13:08:19.731 W/Resources( 1326): Preloaded drawable resource #0x1080038 (android:drawable/ic_menu_close_clear_cancel) that varies with configuration!!
06-09 13:08:19.799 W/Resources( 1326): Preloaded drawable resource #0x1080045 (android:drawable/ic_menu_more) that varies with configuration!!
06-09 13:08:20.278 W/Resources( 1326): Preloaded drawable resource #0x10804e8 (android:drawable/menu_background_fill_parent_width) that varies with configuration!!
06-09 13:08:20.314 W/Resources( 1325): Preloaded drawable resource #0x108077e (android:drawable/text_edit_paste_window) that varies with configuration!!
06-09 13:08:20.384 W/Resources( 1325): Preloaded drawable resource #0x1080096 (android:drawable/toast_frame) that varies with configuration!!
06-09 13:08:20.385 I/Zygote  ( 1325): ...preloaded 114 resources in 8076ms.
06-09 13:08:20.625 W/Resources( 1325): Preloaded color resource #0x106010b (android:color/background_cache_hint_selector_material_dark) that varies with configuration!!
06-09 13:08:20.628 W/Resources( 1325): Preloaded color resource #0x1060110 (android:color/btn_default_material_dark) that varies with configuration!!
06-09 13:08:20.648 I/Zygote  ( 1325): ...preloaded 41 resources in 263ms.
06-09 13:08:20.701 D/libEGL  ( 1325): Emulator without GPU support detected. Fallback to legacy software renderer, qemu.gles is set to 0.
06-09 13:08:20.856 D/libEGL  ( 1325): loaded /system/lib64/egl/libGLES_android.so
06-09 13:08:22.393 I/Zygote  ( 1325): Preloading shared libraries...
06-09 13:08:22.702 E/Hyphenator( 1325): error loading hyphenation /system/usr/hyphen-data/hyph-as.hyb
06-09 13:08:22.702 E/Hyphenator( 1325): java.io.FileNotFoundException: /system/usr/hyphen-data/hyph-as.hyb: open failed: ENOENT (No such file or directory)
06-09 13:08:22.702 E/Hyphenator( 1325): 	at libcore.io.IoBridge.open(IoBridge.java:455)
06-09 13:08:22.702 E/Hyphenator( 1325): 	at java.io.RandomAccessFile.<init>(RandomAccessFile.java:247)
06-09 13:08:22.702 E/Hyphenator( 1325): 	at android.text.Hyphenator.loadHyphenator(Hyphenator.java:118)
06-09 13:08:22.702 E/Hyphenator( 1325): 	at android.text.Hyphenator.init(Hyphenator.java:224)
06-09 13:08:22.702 E/Hyphenator( 1325): 	at com.android.internal.os.ZygoteInit.preloadTextResources(ZygoteInit.java:252)
06-09 13:08:22.702 E/Hyphenator( 1325): 	at com.android.internal.os.ZygoteInit.preload(ZygoteInit.java:206)
06-09 13:08:22.702 E/Hyphenator( 1325): 	at com.android.internal.os.ZygoteInit.main(ZygoteInit.java:743)
06-09 13:08:22.702 E/Hyphenator( 1325): Caused by: android.system.ErrnoException: open failed: ENOENT (No such file or directory)
06-09 13:08:22.702 E/Hyphenator( 1325): 	at libcore.io.Posix.open(Native Method)
06-09 13:08:22.702 E/Hyphenator( 1325): 	at libcore.io.BlockGuardOs.open(BlockGuardOs.java:187)
06-09 13:08:22.702 E/Hyphenator( 1325): 	at libcore.io.IoBridge.open(IoBridge.java:441)
06-09 13:08:22.702 E/Hyphenator( 1325): 	... 6 more
06-09 13:08:22.705 E/Hyphenator( 1325): error loading hyphenation /system/usr/hyphen-data/hyph-bn.hyb
06-09 13:08:22.705 E/Hyphenator( 1325): java.io.FileNotFoundException: /system/usr/hyphen-data/hyph-bn.hyb: open failed: ENOENT (No such file or directory)
06-09 13:08:22.705 E/Hyphenator( 1325): 	at libcore.io.IoBridge.open(IoBridge.java:455)
06-09 13:08:22.705 E/Hyphenator( 1325): 	at java.io.RandomAccessFile.<init>(RandomAccessFile.java:247)
06-09 13:08:22.705 E/Hyphenator( 1325): 	at android.text.Hyphenator.loadHyphenator(Hyphenator.java:118)
06-09 13:08:22.705 E/Hyphenator( 1325): 	at android.text.Hyphenator.init(Hyphenator.java:224)
06-09 13:08:22.705 E/Hyphenator( 1325): 	at com.android.internal.os.ZygoteInit.preloadTextResources(ZygoteInit.java:252)
06-09 13:08:22.705 E/Hyphenator( 1325): 	at com.android.internal.os.ZygoteInit.preload(ZygoteInit.java:206)
06-09 13:08:22.705 E/Hyphenator( 1325): 	at com.android.internal.os.ZygoteInit.main(ZygoteInit.java:743)
06-09 13:08:22.705 E/Hyphenator( 1325): Caused by: android.system.ErrnoException: open failed: ENOENT (No such file or directory)
06-09 13:08:22.705 E/Hyphenator( 1325): 	at libcore.io.Posix.open(Native Method)
06-09 13:08:22.705 E/Hyphenator( 1325): 	at libcore.io.BlockGuardOs.open(BlockGuardOs.java:187)
06-09 13:08:22.705 E/Hyphenator( 1325): 	at libcore.io.IoBridge.open(IoBridge.java:441)
06-09 13:08:22.705 E/Hyphenator( 1325): 	... 6 more
06-09 13:08:22.706 E/Hyphenator( 1325): error loading hyphenation /system/usr/hyphen-data/hyph-cy.hyb
06-09 13:08:22.706 E/Hyphenator( 1325): java.io.FileNotFoundException: /system/usr/hyphen-data/hyph-cy.hyb: open failed: ENOENT (No such file or directory)
06-09 13:08:22.706 E/Hyphenator( 1325): 	at libcore.io.IoBridge.open(IoBridge.java:455)
06-09 13:08:22.706 E/Hyphenator( 1325): 	at java.io.RandomAccessFile.<init>(RandomAccessFile.java:247)
06-09 13:08:22.706 E/Hyphenator( 1325): 	at android.text.Hyphenator.loadHyphenator(Hyphenator.java:118)
06-09 13:08:22.706 E/Hyphenator( 1325): 	at android.text.Hyphenator.init(Hyphenator.java:224)
06-09 13:08:22.706 E/Hyphenator( 1325): 	at com.android.internal.os.ZygoteInit.preloadTextResources(ZygoteInit.java:252)
06-09 13:08:22.706 E/Hyphenator( 1325): 	at com.android.internal.os.ZygoteInit.preload(ZygoteInit.java:206)
06-09 13:08:22.706 E/Hyphenator( 1325): 	at com.android.internal.os.ZygoteInit.main(ZygoteInit.java:743)
06-09 13:08:22.706 E/Hyphenator( 1325): Caused by: android.system.ErrnoException: open failed: ENOENT (No such file or directory)
06-09 13:08:22.706 E/Hyphenator( 1325): 	at libcore.io.Posix.open(Native Method)
06-09 13:08:22.706 E/Hyphenator( 1325): 	at libcore.io.BlockGuardOs.open(BlockGuardOs.java:187)
06-09 13:08:22.706 E/Hyphenator( 1325): 	at libcore.io.IoBridge.open(IoBridge.java:441)
06-09 13:08:22.706 E/Hyphenator( 1325): 	... 6 more
06-09 13:08:22.708 E/Hyphenator( 1325): error loading hyphenation /system/usr/hyphen-data/hyph-da.hyb
06-09 13:08:22.708 E/Hyphenator( 1325): java.io.FileNotFoundException: /system/usr/hyphen-data/hyph-da.hyb: open failed: ENOENT (No such file or directory)
06-09 13:08:22.708 E/Hyphenator( 1325): 	at libcore.io.IoBridge.open(IoBridge.java:455)
06-09 13:08:22.708 E/Hyphenator( 1325): 	at java.io.RandomAccessFile.<init>(RandomAccessFile.java:247)
06-09 13:08:22.708 E/Hyphenator( 1325): 	at android.text.Hyphenator.loadHyphenator(Hyphenator.java:118)
06-09 13:08:22.708 E/Hyphenator( 1325): 	at android.text.Hyphenator.init(Hyphenator.java:224)
06-09 13:08:22.708 E/Hyphenator( 1325): 	at com.android.internal.os.ZygoteInit.preloadTextResources(ZygoteInit.java:252)
06-09 13:08:22.708 E/Hyphenator( 1325): 	at com.android.internal.os.ZygoteInit.preload(ZygoteInit.java:206)
06-09 13:08:22.708 E/Hyphenator( 1325): 	at com.android.internal.os.ZygoteInit.main(ZygoteInit.java:743)
06-09 13:08:22.708 E/Hyphenator( 1325): Caused by: android.system.ErrnoException: open failed: ENOENT (No such file or directory)
06-09 13:08:22.708 E/Hyphenator( 1325): 	at libcore.io.Posix.open(Native Method)
06-09 13:08:22.708 E/Hyphenator( 1325): 	at libcore.io.BlockGuardOs.open(BlockGuardOs.java:187)
06-09 13:08:22.708 E/Hyphenator( 1325): 	at libcore.io.IoBridge.open(IoBridge.java:441)
06-09 13:08:22.708 E/Hyphenator( 1325): 	... 6 more
06-09 13:08:22.718 W/Resources( 1326): Preloaded drawable resource #0x108077e (android:drawable/text_edit_paste_window) that varies with configuration!!
06-09 13:08:22.730 E/Hyphenator( 1325): error loading hyphenation /system/usr/hyphen-data/hyph-de-1901.hyb
06-09 13:08:22.730 E/Hyphenator( 1325): java.io.FileNotFoundException: /system/usr/hyphen-data/hyph-de-1901.hyb: open failed: ENOENT (No such file or directory)
06-09 13:08:22.730 E/Hyphenator( 1325): 	at libcore.io.IoBridge.open(IoBridge.java:455)
06-09 13:08:22.730 E/Hyphenator( 1325): 	at java.io.RandomAccessFile.<init>(RandomAccessFile.java:247)
06-09 13:08:22.730 E/Hyphenator( 1325): 	at android.text.Hyphenator.loadHyphenator(Hyphenator.java:118)
06-09 13:08:22.730 E/Hyphenator( 1325): 	at android.text.Hyphenator.init(Hyphenator.java:224)
06-09 13:08:22.730 E/Hyphenator( 1325): 	at com.android.internal.os.ZygoteInit.preloadTextResources(ZygoteInit.java:252)
06-09 13:08:22.730 E/Hyphenator( 1325): 	at com.android.internal.os.ZygoteInit.preload(ZygoteInit.java:206)
06-09 13:08:22.730 E/Hyphenator( 1325): 	at com.android.internal.os.ZygoteInit.main(ZygoteInit.java:743)
06-09 13:08:22.730 E/Hyphenator( 1325): Caused by: android.system.ErrnoException: open failed: ENOENT (No such file or directory)
06-09 13:08:22.730 E/Hyphenator( 1325): 	at libcore.io.Posix.open(Native Method)
06-09 13:08:22.730 E/Hyphenator( 1325): 	at libcore.io.BlockGuardOs.open(BlockGuardOs.java:187)
06-09 13:08:22.730 E/Hyphenator( 1325): 	at libcore.io.IoBridge.open(IoBridge.java:441)
06-09 13:08:22.730 E/Hyphenator( 1325): 	... 6 more
06-09 13:08:22.732 E/Hyphenator( 1325): error loading hyphenation /system/usr/hyphen-data/hyph-de-1996.hyb
06-09 13:08:22.732 E/Hyphenator( 1325): java.io.FileNotFoundException: /system/usr/hyphen-data/hyph-de-1996.hyb: open failed: ENOENT (No such file or directory)
06-09 13:08:22.732 E/Hyphenator( 1325): 	at libcore.io.IoBridge.open(IoBridge.java:455)
06-09 13:08:22.732 E/Hyphenator( 1325): 	at java.io.RandomAccessFile.<init>(RandomAccessFile.java:247)
06-09 13:08:22.732 E/Hyphenator( 1325): 	at android.text.Hyphenator.loadHyphenator(Hyphenator.java:118)
06-09 13:08:22.732 E/Hyphenator( 1325): 	at android.text.Hyphenator.init(Hyphenator.java:224)
06-09 13:08:22.732 E/Hyphenator( 1325): 	at com.android.internal.os.ZygoteInit.preloadTextResources(ZygoteInit.java:252)
06-09 13:08:22.732 E/Hyphenator( 1325): 	at com.android.internal.os.ZygoteInit.preload(ZygoteInit.java:206)
06-09 13:08:22.732 E/Hyphenator( 1325): 	at com.android.internal.os.ZygoteInit.main(ZygoteInit.java:743)
06-09 13:08:22.732 E/Hyphenator( 1325): Caused by: android.system.ErrnoException: open failed: ENOENT (No such file or directory)
06-09 13:08:22.732 E/Hyphenator( 1325): 	at libcore.io.Posix.open(Native Method)
06-09 13:08:22.732 E/Hyphenator( 1325): 	at libcore.io.BlockGuardOs.open(BlockGuardOs.java:187)
06-09 13:08:22.732 E/Hyphenator( 1325): 	at libcore.io.IoBridge.open(IoBridge.java:441)
06-09 13:08:22.732 E/Hyphenator( 1325): 	... 6 more
06-09 13:08:22.734 E/Hyphenator( 1325): error loading hyphenation /system/usr/hyphen-data/hyph-de-ch-1901.hyb
06-09 13:08:22.734 E/Hyphenator( 1325): java.io.FileNotFoundException: /system/usr/hyphen-data/hyph-de-ch-1901.hyb: open failed: ENOENT (No such file or directory)
06-09 13:08:22.734 E/Hyphenator( 1325): 	at libcore.io.IoBridge.open(IoBridge.java:455)
06-09 13:08:22.734 E/Hyphenator( 1325): 	at java.io.RandomAccessFile.<init>(RandomAccessFile.java:247)
06-09 13:08:22.734 E/Hyphenator( 1325): 	at android.text.Hyphenator.loadHyphenator(Hyphenator.java:118)
06-09 13:08:22.734 E/Hyphenator( 1325): 	at android.text.Hyphenator.init(Hyphenator.java:224)
06-09 13:08:22.734 E/Hyphenator( 1325): 	at com.android.internal.os.ZygoteInit.preloadTextResources(ZygoteInit.java:252)
06-09 13:08:22.734 E/Hyphenator( 1325): 	at com.android.internal.os.ZygoteInit.preload(ZygoteInit.java:206)
06-09 13:08:22.734 E/Hyphenator( 1325): 	at com.android.internal.os.ZygoteInit.main(ZygoteInit.java:743)
06-09 13:08:22.734 E/Hyphenator( 1325): Caused by: android.system.ErrnoException: open failed: ENOENT (No such file or directory)
06-09 13:08:22.734 E/Hyphenator( 1325): 	at libcore.io.Posix.open(Native Method)
06-09 13:08:22.734 E/Hyphenator( 1325): 	at libcore.io.BlockGuardOs.open(BlockGuardOs.java:187)
06-09 13:08:22.734 E/Hyphenator( 1325): 	at libcore.io.IoBridge.open(IoBridge.java:441)
06-09 13:08:22.734 E/Hyphenator( 1325): 	... 6 more
06-09 13:08:22.736 E/Hyphenator( 1325): error loading hyphenation /system/usr/hyphen-data/hyph-en-gb.hyb
06-09 13:08:22.736 E/Hyphenator( 1325): java.io.FileNotFoundException: /system/usr/hyphen-data/hyph-en-gb.hyb: open failed: ENOENT (No such file or directory)
06-09 13:08:22.736 E/Hyphenator( 1325): 	at libcore.io.IoBridge.open(IoBridge.java:455)
06-09 13:08:22.736 E/Hyphenator( 1325): 	at java.io.RandomAccessFile.<init>(RandomAccessFile.java:247)
06-09 13:08:22.736 E/Hyphenator( 1325): 	at android.text.Hyphenator.loadHyphenator(Hyphenator.java:118)
06-09 13:08:22.736 E/Hyphenator( 1325): 	at android.text.Hyphenator.init(Hyphenator.java:224)
06-09 13:08:22.736 E/Hyphenator( 1325): 	at com.android.internal.os.ZygoteInit.preloadTextResources(ZygoteInit.java:252)
06-09 13:08:22.736 E/Hyphenator( 1325): 	at com.android.internal.os.ZygoteInit.preload(ZygoteInit.java:206)
06-09 13:08:22.736 E/Hyphenator( 1325): 	at com.android.internal.os.ZygoteInit.main(ZygoteInit.java:743)
06-09 13:08:22.736 E/Hyphenator( 1325): Caused by: android.system.ErrnoException: open failed: ENOENT (No such file or directory)
06-09 13:08:22.736 E/Hyphenator( 1325): 	at libcore.io.Posix.open(Native Method)
06-09 13:08:22.736 E/Hyphenator( 1325): 	at libcore.io.BlockGuardOs.open(BlockGuardOs.java:187)
06-09 13:08:22.736 E/Hyphenator( 1325): 	at libcore.io.IoBridge.open(IoBridge.java:441)
06-09 13:08:22.736 E/Hyphenator( 1325): 	... 6 more
06-09 13:08:22.738 E/Hyphenator( 1325): error loading hyphenation /system/usr/hyphen-data/hyph-en-us.hyb
06-09 13:08:22.738 E/Hyphenator( 1325): java.io.FileNotFoundException: /system/usr/hyphen-data/hyph-en-us.hyb: open failed: ENOENT (No such file or directory)
06-09 13:08:22.738 E/Hyphenator( 1325): 	at libcore.io.IoBridge.open(IoBridge.java:455)
06-09 13:08:22.738 E/Hyphenator( 1325): 	at java.io.RandomAccessFile.<init>(RandomAccessFile.java:247)
06-09 13:08:22.738 E/Hyphenator( 1325): 	at android.text.Hyphenator.loadHyphenator(Hyphenator.java:118)
06-09 13:08:22.738 E/Hyphenator( 1325): 	at android.text.Hyphenator.init(Hyphenator.java:224)
06-09 13:08:22.738 E/Hyphenator( 1325): 	at com.android.internal.os.ZygoteInit.preloadTextResources(ZygoteInit.java:252)
06-09 13:08:22.738 E/Hyphenator( 1325): 	at com.android.internal.os.ZygoteInit.preload(ZygoteInit.java:206)
06-09 13:08:22.738 E/Hyphenator( 1325): 	at com.android.internal.os.ZygoteInit.main(ZygoteInit.java:743)
06-09 13:08:22.738 E/Hyphenator( 1325): Caused by: android.system.ErrnoException: open failed: ENOENT (No such file or directory)
06-09 13:08:22.738 E/Hyphenator( 1325): 	at libcore.io.Posix.open(Native Method)
06-09 13:08:22.738 E/Hyphenator( 1325): 	at libcore.io.BlockGuardOs.open(BlockGuardOs.java:187)
06-09 13:08:22.738 E/Hyphenator( 1325): 	at libcore.io.IoBridge.open(IoBridge.java:441)
06-09 13:08:22.738 E/Hyphenator( 1325): 	... 6 more
06-09 13:08:22.782 E/Hyphenator( 1325): error loading hyphenation /system/usr/hyphen-data/hyph-es.hyb
06-09 13:08:22.782 E/Hyphenator( 1325): java.io.FileNotFoundException: /system/usr/hyphen-data/hyph-es.hyb: open failed: ENOENT (No such file or directory)
06-09 13:08:22.782 E/Hyphenator( 1325): 	at libcore.io.IoBridge.open(IoBridge.java:455)
06-09 13:08:22.782 E/Hyphenator( 1325): 	at java.io.RandomAccessFile.<init>(RandomAccessFile.java:247)
06-09 13:08:22.782 E/Hyphenator( 1325): 	at android.text.Hyphenator.loadHyphenator(Hyphenator.java:118)
06-09 13:08:22.782 E/Hyphenator( 1325): 	at android.text.Hyphenator.init(Hyphenator.java:224)
06-09 13:08:22.782 E/Hyphenator( 1325): 	at com.android.internal.os.ZygoteInit.preloadTextResources(ZygoteInit.java:252)
06-09 13:08:22.782 E/Hyphenator( 1325): 	at com.android.internal.os.ZygoteInit.preload(ZygoteInit.java:206)
06-09 13:08:22.782 E/Hyphenator( 1325): 	at com.android.internal.os.ZygoteInit.main(ZygoteInit.java:743)
06-09 13:08:22.782 E/Hyphenator( 1325): Caused by: android.system.ErrnoException: open failed: ENOENT (No such file or directory)
06-09 13:08:22.782 E/Hyphenator( 1325): 	at libcore.io.Posix.open(Native Method)
06-09 13:08:22.782 E/Hyphenator( 1325): 	at libcore.io.BlockGuardOs.open(BlockGuardOs.java:187)
06-09 13:08:22.782 E/Hyphenator( 1325): 	at libcore.io.IoBridge.open(IoBridge.java:441)
06-09 13:08:22.782 E/Hyphenator( 1325): 	... 6 more
06-09 13:08:22.784 E/Hyphenator( 1325): error loading hyphenation /system/usr/hyphen-data/hyph-et.hyb
06-09 13:08:22.784 E/Hyphenator( 1325): java.io.FileNotFoundException: /system/usr/hyphen-data/hyph-et.hyb: open failed: ENOENT (No such file or directory)
06-09 13:08:22.784 E/Hyphenator( 1325): 	at libcore.io.IoBridge.open(IoBridge.java:455)
06-09 13:08:22.784 E/Hyphenator( 1325): 	at java.io.RandomAccessFile.<init>(RandomAccessFile.java:247)
06-09 13:08:22.784 E/Hyphenator( 1325): 	at android.text.Hyphenator.loadHyphenator(Hyphenator.java:118)
06-09 13:08:22.784 E/Hyphenator( 1325): 	at android.text.Hyphenator.init(Hyphenator.java:224)
06-09 13:08:22.784 E/Hyphenator( 1325): 	at com.android.internal.os.ZygoteInit.preloadTextResources(ZygoteInit.java:252)
06-09 13:08:22.784 E/Hyphenator( 1325): 	at com.android.internal.os.ZygoteInit.preload(ZygoteInit.java:206)
06-09 13:08:22.784 E/Hyphenator( 1325): 	at com.android.internal.os.ZygoteInit.main(ZygoteInit.java:743)
06-09 13:08:22.784 E/Hyphenator( 1325): Caused by: android.system.ErrnoException: open failed: ENOENT (No such file or directory)
06-09 13:08:22.784 E/Hyphenator( 1325): 	at libcore.io.Posix.open(Native Method)
06-09 13:08:22.784 E/Hyphenator( 1325): 	at libcore.io.BlockGuardOs.open(BlockGuardOs.java:187)
06-09 13:08:22.784 E/Hyphenator( 1325): 	at libcore.io.IoBridge.open(IoBridge.java:441)
06-09 13:08:22.784 E/Hyphenator( 1325): 	... 6 more
06-09 13:08:22.786 E/Hyphenator( 1325): error loading hyphenation /system/usr/hyphen-data/hyph-eu.hyb
06-09 13:08:22.786 E/Hyphenator( 1325): java.io.FileNotFoundException: /system/usr/hyphen-data/hyph-eu.hyb: open failed: ENOENT (No such file or directory)
06-09 13:08:22.786 E/Hyphenator( 1325): 	at libcore.io.IoBridge.open(IoBridge.java:455)
06-09 13:08:22.786 E/Hyphenator( 1325): 	at java.io.RandomAccessFile.<init>(RandomAccessFile.java:247)
06-09 13:08:22.786 E/Hyphenator( 1325): 	at android.text.Hyphenator.loadHyphenator(Hyphenator.java:118)
06-09 13:08:22.786 E/Hyphenator( 1325): 	at android.text.Hyphenator.init(Hyphenator.java:224)
06-09 13:08:22.786 E/Hyphenator( 1325): 	at com.android.internal.os.ZygoteInit.preloadTextResources(ZygoteInit.java:252)
06-09 13:08:22.786 E/Hyphenator( 1325): 	at com.android.internal.os.ZygoteInit.preload(ZygoteInit.java:206)
06-09 13:08:22.786 E/Hyphenator( 1325): 	at com.android.internal.os.ZygoteInit.main(ZygoteInit.java:743)
06-09 13:08:22.786 E/Hyphenator( 1325): Caused by: android.system.ErrnoException: open failed: ENOENT (No such file or directory)
06-09 13:08:22.786 E/Hyphenator( 1325): 	at libcore.io.Posix.open(Native Method)
06-09 13:08:22.786 E/Hyphenator( 1325): 	at libcore.io.BlockGuardOs.open(BlockGuardOs.java:187)
06-09 13:08:22.786 E/Hyphenator( 1325): 	at libcore.io.IoBridge.open(IoBridge.java:441)
06-09 13:08:22.786 E/Hyphenator( 1325): 	... 6 more
06-09 13:08:22.787 E/Hyphenator( 1325): error loading hyphenation /system/usr/hyphen-data/hyph-fr.hyb
06-09 13:08:22.787 E/Hyphenator( 1325): java.io.FileNotFoundException: /system/usr/hyphen-data/hyph-fr.hyb: open failed: ENOENT (No such file or directory)
06-09 13:08:22.787 E/Hyphenator( 1325): 	at libcore.io.IoBridge.open(IoBridge.java:455)
06-09 13:08:22.787 E/Hyphenator( 1325): 	at java.io.RandomAccessFile.<init>(RandomAccessFile.java:247)
06-09 13:08:22.787 E/Hyphenator( 1325): 	at android.text.Hyphenator.loadHyphenator(Hyphenator.java:118)
06-09 13:08:22.787 E/Hyphenator( 1325): 	at android.text.Hyphenator.init(Hyphenator.java:224)
06-09 13:08:22.787 E/Hyphenator( 1325): 	at com.android.internal.os.ZygoteInit.preloadTextResources(ZygoteInit.java:252)
06-09 13:08:22.787 E/Hyphenator( 1325): 	at com.android.internal.os.ZygoteInit.preload(ZygoteInit.java:206)
06-09 13:08:22.787 E/Hyphenator( 1325): 	at com.android.internal.os.ZygoteInit.main(ZygoteInit.java:743)
06-09 13:08:22.787 E/Hyphenator( 1325): Caused by: android.system.ErrnoException: open failed: ENOENT (No such file or directory)
06-09 13:08:22.787 E/Hyphenator( 1325): 	at libcore.io.Posix.open(Native Method)
06-09 13:08:22.787 E/Hyphenator( 1325): 	at libcore.io.BlockGuardOs.open(BlockGuardOs.java:187)
06-09 13:08:22.787 E/Hyphenator( 1325): 	at libcore.io.IoBridge.open(IoBridge.java:441)
06-09 13:08:22.787 E/Hyphenator( 1325): 	... 6 more
06-09 13:08:22.789 E/Hyphenator( 1325): error loading hyphenation /system/usr/hyphen-data/hyph-ga.hyb
06-09 13:08:22.789 E/Hyphenator( 1325): java.io.FileNotFoundException: /system/usr/hyphen-data/hyph-ga.hyb: open failed: ENOENT (No such file or directory)
06-09 13:08:22.789 E/Hyphenator( 1325): 	at libcore.io.IoBridge.open(IoBridge.java:455)
06-09 13:08:22.789 E/Hyphenator( 1325): 	at java.io.RandomAccessFile.<init>(RandomAccessFile.java:247)
06-09 13:08:22.789 E/Hyphenator( 1325): 	at android.text.Hyphenator.loadHyphenator(Hyphenator.java:118)
06-09 13:08:22.789 E/Hyphenator( 1325): 	at android.text.Hyphenator.init(Hyphenator.java:224)
06-09 13:08:22.789 E/Hyphenator( 1325): 	at com.android.internal.os.ZygoteInit.preloadTextResources(ZygoteInit.java:252)
06-09 13:08:22.789 E/Hyphenator( 1325): 	at com.android.internal.os.ZygoteInit.preload(ZygoteInit.java:206)
06-09 13:08:22.789 E/Hyphenator( 1325): 	at com.android.internal.os.ZygoteInit.main(ZygoteInit.java:743)
06-09 13:08:22.789 E/Hyphenator( 1325): Caused by: android.system.ErrnoException: open failed: ENOENT (No such file or directory)
06-09 13:08:22.789 E/Hyphenator( 1325): 	at libcore.io.Posix.open(Native Method)
06-09 13:08:22.789 E/Hyphenator( 1325): 	at libcore.io.BlockGuardOs.open(BlockGuardOs.java:187)
06-09 13:08:22.789 E/Hyphenator( 1325): 	at libcore.io.IoBridge.open(IoBridge.java:441)
06-09 13:08:22.789 E/Hyphenator( 1325): 	... 6 more
06-09 13:08:22.832 E/Hyphenator( 1325): error loading hyphenation /system/usr/hyphen-data/hyph-gu.hyb
06-09 13:08:22.832 E/Hyphenator( 1325): java.io.FileNotFoundException: /system/usr/hyphen-data/hyph-gu.hyb: open failed: ENOENT (No such file or directory)
06-09 13:08:22.832 E/Hyphenator( 1325): 	at libcore.io.IoBridge.open(IoBridge.java:455)
06-09 13:08:22.832 E/Hyphenator( 1325): 	at java.io.RandomAccessFile.<init>(RandomAccessFile.java:247)
06-09 13:08:22.832 E/Hyphenator( 1325): 	at android.text.Hyphenator.loadHyphenator(Hyphenator.java:118)
06-09 13:08:22.832 E/Hyphenator( 1325): 	at android.text.Hyphenator.init(Hyphenator.java:224)
06-09 13:08:22.832 E/Hyphenator( 1325): 	at com.android.internal.os.ZygoteInit.preloadTextResources(ZygoteInit.java:252)
06-09 13:08:22.832 E/Hyphenator( 1325): 	at com.android.internal.os.ZygoteInit.preload(ZygoteInit.java:206)
06-09 13:08:22.832 E/Hyphenator( 1325): 	at com.android.internal.os.ZygoteInit.main(ZygoteInit.java:743)
06-09 13:08:22.832 E/Hyphenator( 1325): Caused by: android.system.ErrnoException: open failed: ENOENT (No such file or directory)
06-09 13:08:22.832 E/Hyphenator( 1325): 	at libcore.io.Posix.open(Native Method)
06-09 13:08:22.832 E/Hyphenator( 1325): 	at libcore.io.BlockGuardOs.open(BlockGuardOs.java:187)
06-09 13:08:22.832 E/Hyphenator( 1325): 	at libcore.io.IoBridge.open(IoBridge.java:441)
06-09 13:08:22.832 E/Hyphenator( 1325): 	... 6 more
06-09 13:08:22.834 E/Hyphenator( 1325): error loading hyphenation /system/usr/hyphen-data/hyph-hi.hyb
