06-09 10:33:47.905 W/ActivityManager( 1904): Slow operation: 99ms so far, now at startProcess: building log message
06-09 10:33:47.906 I/ActivityManager( 1904): Start proc 2853:com.android.carrierconfig/u0a3 for service com.android.carrierconfig/.DefaultCarrierConfigService
06-09 10:33:47.906 W/ActivityManager( 1904): Slow operation: 100ms so far, now at startProcess: starting to update pids map
06-09 10:33:47.906 W/ActivityManager( 1904): Slow operation: 100ms so far, now at startProcess: done updating pids map
06-09 10:33:47.906 W/ActivityManager( 1904): Slow operation: 101ms so far, now at startProcess: done starting proc!
06-09 10:33:47.909 W/art     ( 2853): Unexpected CPU variant for X86 using defaults: x86_64
06-09 10:33:48.027 W/System  ( 2841): ClassLoader referenced unknown path: /system/app/Calendar/lib/x86_64
06-09 10:33:48.160 W/System  ( 2853): ClassLoader referenced unknown path: /system/priv-app/CarrierConfig/lib/x86_64
06-09 10:33:48.265 D/DefaultCarrierConfigService( 2853): Service created
06-09 10:33:48.275 D/CarrierConfigLoader( 2375): Connected to config app: com.android.carrierconfig/com.android.carrierconfig.DefaultCarrierConfigService
06-09 10:33:48.275 D/CarrierConfigLoader( 2375): mHandler: 3 phoneId: 0
06-09 10:33:48.280 D/DefaultCarrierConfigService( 2853): Config being fetched
06-09 10:33:48.287 D/DefaultCarrierConfigService( 2853): java.io.FileNotFoundException: carrier_config_.xml
06-09 10:33:48.298 E/CarrierConfigLoader( 2375): Cannot save config with null packageName or iccid.
06-09 10:33:48.312 D/CarrierConfigLoader( 2375): mHandler: 5 phoneId: 0
06-09 10:33:48.324 E/PhoneInterfaceManager( 2375): [PhoneIntfMgr] getCarrierPackageNamesForIntent: No UICC
06-09 10:33:48.370 I/Telecom ( 1904): PhoneAccountRegistrar: SimCallManager queried, returning: null: TSI.gSCMFU@AAc
06-09 10:33:48.500 D/ExtensionsFactory( 2841): No custom extensions.
06-09 10:33:48.518 D/AlertReceiver( 2841): onReceive: a=android.intent.action.BOOT_COMPLETED Intent { act=android.intent.action.BOOT_COMPLETED flg=0x9000010 cmp=com.android.calendar/.alerts.AlertReceiver (has extras) }
06-09 10:33:48.566 I/AlarmClock( 2639): AlarmInitReceiver android.intent.action.BOOT_COMPLETED
06-09 10:33:48.596 D/AlertUtils( 2841): Flushing old alerts from shared prefs table
06-09 10:33:48.632 D/AlertService( 2841): 0 Action = android.intent.action.BOOT_COMPLETED
06-09 10:33:48.659 D/AlertService( 2841): Scheduling next alarm with AlarmScheduler. sEventReminderReceived: null
06-09 10:33:48.750 I/ActivityManager( 1904): Start proc 2877:com.android.providers.calendar/u0a2 for content provider com.android.providers.calendar/.CalendarProvider2
06-09 10:33:48.778 W/art     ( 2877): Unexpected CPU variant for X86 using defaults: x86_64
06-09 10:33:48.875 V/AlarmClock( 2639): AlarmInitReceiver finished
06-09 10:33:48.924 W/ActivityManager( 1904): Slow operation: 74ms so far, now at startProcess: returned from zygote!
06-09 10:33:48.924 W/ActivityManager( 1904): Slow operation: 74ms so far, now at startProcess: done updating battery stats
06-09 10:33:48.925 W/ActivityManager( 1904): Slow operation: 75ms so far, now at startProcess: building log message
06-09 10:33:48.925 I/ActivityManager( 1904): Start proc 2891:com.android.email/u0a34 for broadcast com.android.email/.service.EmailBroadcastReceiver
06-09 10:33:48.925 W/ActivityManager( 1904): Slow operation: 75ms so far, now at startProcess: starting to update pids map
06-09 10:33:48.925 W/ActivityManager( 1904): Slow operation: 75ms so far, now at startProcess: done updating pids map
06-09 10:33:48.925 W/ActivityManager( 1904): Slow operation: 76ms so far, now at startProcess: done starting proc!
06-09 10:33:48.954 W/art     ( 2891): Unexpected CPU variant for X86 using defaults: x86_64
06-09 10:33:49.121 W/System  ( 2877): ClassLoader referenced unknown path: /system/priv-app/CalendarProvider/lib/x86_64
06-09 10:33:49.161 W/System  ( 2891): ClassLoader referenced unknown path: /system/app/Email/lib/x86_64
06-09 10:33:49.518 I/CalendarProvider2( 2877): Created com.android.providers.calendar.CalendarAlarmManager@8462de1(com.android.providers.calendar.CalendarProvider2@4e24706)
06-09 10:33:49.721 D/AlarmScheduler( 2841): No events found starting within 1 week.
06-09 10:33:50.520 W/ActivityManager( 1904): Unable to start service Intent { act=com.android.email.EXCHANGE_INTENT pkg=com.android.exchange } U=0: not found
06-09 10:33:50.556 D/ActivityThread( 2891): Loading provider com.android.email.provider;com.android.email.notifier: com.android.email.provider.EmailProvider
06-09 10:33:50.646 W/ActivityManager( 1904): Unable to start service Intent { act=com.android.email.EXCHANGE_INTENT pkg=com.android.exchange } U=0: not found
06-09 10:33:50.651 I/CalendarProvider2( 2877): Sending notification intent: Intent { act=android.intent.action.PROVIDER_CHANGED dat=content://com.android.calendar flg=0x20000000 }
06-09 10:33:50.667 W/ContentResolver( 2877): Failed to get type for: content://com.android.calendar (Unknown URL content://com.android.calendar)
06-09 10:33:50.923 W/art     ( 2891): Long monitor contention with owner AsyncTask #1 (2910) at long android.database.sqlite.SQLiteConnection.nativePrepareStatement(long, java.lang.String)(SQLiteConnection.java:-2) waiters=0 in android.database.sqlite.SQLiteDatabase com.android.email.provider.EmailProvider.getDatabase(android.content.Context) for 209ms
06-09 10:33:50.986 I/SystemBroadcastReceiver( 2139): Boot has been completed
06-09 10:33:50.987 I/SystemBroadcastReceiver( 2139): toggleAppIcon() : FLAG_SYSTEM = true
06-09 10:33:50.994 W/ActivityManager( 1904): Unable to start service Intent { cmp=com.android.email/.service.AttachmentService } U=0: not found
06-09 10:33:51.044 W/ActivityManager( 1904): Unable to start service Intent { act=com.android.email.EXCHANGE_INTENT pkg=com.android.exchange } U=0: not found
06-09 10:33:51.119 I/Email   ( 2891): Observing account changes for notifications
06-09 10:33:51.137 W/ActivityManager( 1904): Unable to start service Intent { cmp=com.android.email/.service.AttachmentService } U=0: not found
06-09 10:33:51.257 W/ActivityManager( 1904): Slow operation: 81ms so far, now at startProcess: returned from zygote!
06-09 10:33:51.257 W/ActivityManager( 1904): Slow operation: 81ms so far, now at startProcess: done updating battery stats
06-09 10:33:51.257 W/ActivityManager( 1904): Slow operation: 82ms so far, now at startProcess: building log message
06-09 10:33:51.258 I/ActivityManager( 1904): Start proc 2917:com.android.managedprovisioning/u0a14 for broadcast com.android.managedprovisioning/.BootReminder
06-09 10:33:51.258 W/ActivityManager( 1904): Slow operation: 82ms so far, now at startProcess: starting to update pids map
06-09 10:33:51.258 W/ActivityManager( 1904): Slow operation: 82ms so far, now at startProcess: done updating pids map
06-09 10:33:51.258 W/ActivityManager( 1904): Slow operation: 82ms so far, now at startProcess: done starting proc!
06-09 10:33:51.262 W/ActivityManager( 1904): Unable to start service Intent { act=com.android.email.EXCHANGE_INTENT pkg=com.android.exchange } U=0: not found
06-09 10:33:51.265 W/art     ( 2917): Unexpected CPU variant for X86 using defaults: x86_64
06-09 10:33:51.318 W/ActivityManager( 1904): Unable to start service Intent { act=com.android.email.EXCHANGE_INTENT pkg=com.android.exchange } U=0: not found
06-09 10:33:51.350 E/ActivityThread( 2891): Service com.android.email.service.EmailBroadcastProcessorService has leaked ServiceConnection com.android.emailcommon.service.ServiceProxy$ProxyConnection@4ab2224 that was originally bound here
06-09 10:33:51.350 E/ActivityThread( 2891): android.app.ServiceConnectionLeaked: Service com.android.email.service.EmailBroadcastProcessorService has leaked ServiceConnection com.android.emailcommon.service.ServiceProxy$ProxyConnection@4ab2224 that was originally bound here
06-09 10:33:51.350 E/ActivityThread( 2891): 	at android.app.LoadedApk$ServiceDispatcher.<init>(LoadedApk.java:1336)
06-09 10:33:51.350 E/ActivityThread( 2891): 	at android.app.LoadedApk.getServiceDispatcher(LoadedApk.java:1231)
06-09 10:33:51.350 E/ActivityThread( 2891): 	at android.app.ContextImpl.bindServiceCommon(ContextImpl.java:1450)
06-09 10:33:51.350 E/ActivityThread( 2891): 	at android.app.ContextImpl.bindService(ContextImpl.java:1422)
06-09 10:33:51.350 E/ActivityThread( 2891): 	at android.content.ContextWrapper.bindService(ContextWrapper.java:636)
06-09 10:33:51.350 E/ActivityThread( 2891): 	at com.android.emailcommon.service.ServiceProxy.setTask(ServiceProxy.java:181)
06-09 10:33:51.350 E/ActivityThread( 2891): 	at com.android.emailcommon.service.ServiceProxy.test(ServiceProxy.java:224)
06-09 10:33:51.350 E/ActivityThread( 2891): 	at com.android.email.service.EmailServiceUtils.isServiceAvailable(EmailServiceUtils.java:160)
06-09 10:33:51.350 E/ActivityThread( 2891): 	at com.android.email.provider.AccountReconciler.reconcileAccountsInternal(AccountReconciler.java:171)
06-09 10:33:51.350 E/ActivityThread( 2891): 	at com.android.email.provider.AccountReconciler.reconcileAccounts(AccountReconciler.java:115)
06-09 10:33:51.350 E/ActivityThread( 2891): 	at com.android.email.service.EmailBroadcastProcessorService.reconcileAndStartServices(EmailBroadcastProcessorService.java:305)
06-09 10:33:51.350 E/ActivityThread( 2891): 	at com.android.email.service.EmailBroadcastProcessorService.onBootCompleted(EmailBroadcastProcessorService.java:295)
06-09 10:33:51.350 E/ActivityThread( 2891): 	at com.android.email.service.EmailBroadcastProcessorService.onHandleIntent(EmailBroadcastProcessorService.java:130)
06-09 10:33:51.350 E/ActivityThread( 2891): 	at android.app.IntentService$ServiceHandler.handleMessage(IntentService.java:68)
06-09 10:33:51.350 E/ActivityThread( 2891): 	at android.os.Handler.dispatchMessage(Handler.java:102)
06-09 10:33:51.350 E/ActivityThread( 2891): 	at android.os.Looper.loop(Looper.java:154)
06-09 10:33:51.350 E/ActivityThread( 2891): 	at android.os.HandlerThread.run(HandlerThread.java:61)
06-09 10:33:51.354 W/ActivityManager( 1904): Unbind failed: could not find connection for android.os.BinderProxy@63ca73b
06-09 10:33:51.448 W/ActivityManager( 1904): Unable to start service Intent { act=com.android.email.EXCHANGE_INTENT pkg=com.android.exchange } U=0: not found
06-09 10:33:51.528 W/System  ( 2917): ClassLoader referenced unknown path: /system/priv-app/ManagedProvisioning/lib/x86_64
06-09 10:33:51.720 I/ActivityManager( 1904): Start proc 2931:com.android.messaging/u0a54 for broadcast com.android.messaging/.receiver.BootAndPackageReplacedReceiver
06-09 10:33:51.746 W/art     ( 2931): Unexpected CPU variant for X86 using defaults: x86_64
06-09 10:33:51.849 W/System  ( 2931): ClassLoader referenced unknown path: /system/app/messaging/lib/x86_64
06-09 10:33:53.242 I/MessagingApp( 2931): Carrier config changed. Reloading MMS config.
06-09 10:33:53.257 V/VvmBootCompletedRcvr( 2375): processing subId list
06-09 10:33:53.314 E/VvmBootCompletedRcvr( 2375): phone account ComponentInfo{com.android.phone/com.android.services.telephony.TelephonyConnectionService}, [e2f7d48dd2b5ca523e7313cf4ba0f6ea830b6281], UserHandle{0} has invalid subId -1
06-09 10:33:53.406 I/MessagingAppDataModel( 2931): Fixup: Send failed - 0 Download failed - 0
06-09 10:33:53.465 W/art     ( 2931): Long monitor contention with owner Thread-2 (2947) at void com.android.messaging.sms.o.load()(SourceFile:-1) waiters=0 in void com.android.messaging.sms.o.load() for 147ms
06-09 10:33:53.932 I/art     ( 1904): Background partial concurrent mark sweep GC freed 15231(1426KB) AllocSpace objects, 16(576KB) LOS objects, 29% free, 9MB/13MB, paused 1.850ms total 248.975ms
06-09 10:33:53.968 I/MessagingAppDataModel( 2931): SyncMessagesAction: Starting batch for messages from 1590625725905 to 1591698833131 (message update limit = 80, message scan limit = 4000)
06-09 10:33:54.120 I/VvmSimChangeReceiver( 2375): Received SIM change for invalid subscription id.
06-09 10:33:54.167 W/art     ( 2891): Suspending all threads took: 23.169ms
06-09 10:33:54.342 I/art     ( 2891): Waiting for a blocking GC DisableMovingGc
06-09 10:33:54.358 I/art     ( 2891): WaitForGcToComplete blocked for 15.969ms for cause DisableMovingGc
06-09 10:33:54.358 I/art     ( 2891): Starting a blocking GC DisableMovingGc
06-09 10:33:54.424 D/AlertReceiver( 2841): onReceive: a=android.intent.action.PROVIDER_CHANGED Intent { act=android.intent.action.PROVIDER_CHANGED dat=content://com.android.calendar flg=0x20000010 cmp=com.android.calendar/.alerts.AlertReceiver }
06-09 10:33:54.460 D/AlertService( 2841): 0 Action = android.intent.action.PROVIDER_CHANGED
06-09 10:33:55.312 I/MessagingAppDataModel( 2931): SyncMessagesAction: All messages now in sync
06-09 10:33:56.496 W/MediaScanner( 2752): Error opening directory '/oem/media/', skipping: No such file or directory.
06-09 10:33:56.691 V/MediaScanner( 2752): pruneDeadThumbnailFiles... android.content.ContentProviderClient$CursorWrapperInner@be81f43
06-09 10:33:56.694 V/MediaScanner( 2752): /pruneDeadThumbnailFiles... android.content.ContentProviderClient$CursorWrapperInner@be81f43
06-09 10:33:59.503 I/GlobalDismissManager( 2841): no sender configured
06-09 10:33:59.505 D/AlertService( 2841): Beginning updateAlertNotification
06-09 10:33:59.547 D/AlertService( 2841): No fired or scheduled alerts
06-09 10:33:59.590 D/AlertService( 2841): Scheduling next alarm with AlarmScheduler. sEventReminderReceived: null
06-09 10:33:59.630 D/AlarmScheduler( 2841): No events found starting within 1 week.
06-09 10:34:03.659 I/ActivityManager( 1904): Waited long enough for: ServiceRecord{3e2de72 u0 com.android.calendar/.alerts.InitAlarmsService}
06-09 10:34:05.336 I/art     ( 1904): Background partial concurrent mark sweep GC freed 3733(173KB) AllocSpace objects, 3(108KB) LOS objects, 29% free, 9MB/13MB, paused 1.919ms total 108.568ms
06-09 10:34:18.737 D/InitAlarmsService( 2841): Clearing and rescheduling alarms.
06-09 10:34:34.902 W//sbin/adbd( 1323): type=1400 audit(0.0:16): avc: denied { search } for comm=7365727669636520323435 name="security" dev="vdc" ino=35203 scontext=u:r:adbd:s0 tcontext=u:object_r:security_file:s0 tclass=dir permissive=0
06-09 10:35:38.440 D/AndroidRuntime( 2965): >>>>>> START com.android.internal.os.RuntimeInit uid 2000 <<<<<<
06-09 10:35:38.470 D/AndroidRuntime( 2965): CheckJNI is ON
06-09 10:35:38.972 W/art     ( 2965): Unexpected CPU variant for X86 using defaults: x86_64
06-09 10:35:39.027 D/ICU     ( 2965): No timezone override file found: /data/misc/zoneinfo/current/icu/icu_tzdata.dat
06-09 10:35:39.228 E/memtrack( 2965): Couldn't load memtrack module (No such file or directory)
06-09 10:35:39.229 E/android.os.Debug( 2965): failed to load memtrack module: -2
06-09 10:35:39.237 I/Radio-JNI( 2965): register_android_hardware_Radio DONE
06-09 10:35:39.376 D/AndroidRuntime( 2965): Calling main entry com.android.commands.pm.Pm
06-09 10:35:39.495 I/        ( 1329): free_cache(141289306) avail 800632832
06-09 10:36:12.818 W/art     ( 1904): Long monitor contention with owner PackageInstaller (2061) at java.lang.String java.io.File.getName()(File.java:434) waiters=0 in android.content.pm.PackageInstaller$SessionInfo com.android.server.pm.PackageInstallerSession.generateInfo() for 23.399s
06-09 10:36:12.900 W/ActivityManager( 1904): Slow operation: 71ms so far, now at startProcess: returned from zygote!
06-09 10:36:12.900 W/ActivityManager( 1904): Slow operation: 71ms so far, now at startProcess: done updating battery stats
06-09 10:36:12.900 W/ActivityManager( 1904): Slow operation: 71ms so far, now at startProcess: building log message
06-09 10:36:12.900 I/ActivityManager( 1904): Start proc 2976:com.android.defcontainer/u0a7 for service com.android.defcontainer/.DefaultContainerService
06-09 10:36:12.901 W/ActivityManager( 1904): Slow operation: 72ms so far, now at startProcess: starting to update pids map
06-09 10:36:12.901 W/ActivityManager( 1904): Slow operation: 72ms so far, now at startProcess: done updating pids map
06-09 10:36:12.901 W/ActivityManager( 1904): Slow operation: 73ms so far, now at startProcess: done starting proc!
06-09 10:36:12.945 W/art     ( 2976): Unexpected CPU variant for X86 using defaults: x86_64
06-09 10:36:13.696 I/PackageManager.DexOptimizer( 1904): Running dexopt (dex2oat) on: /data/app/vmdl1557844482.tmp/base.apk pkg=jp.jaxa.iss.kibo.rpc.defaultapk isa=x86_64 vmSafeMode=false debuggable=true target-filter=interpret-only oatDir = /data/app/vmdl1557844482.tmp/oat sharedLibraries=null
06-09 10:36:14.172 W/dex2oat ( 2991): Unexpected CPU variant for X86 using defaults: x86_64
06-09 10:36:14.227 I/dex2oat ( 2991): /system/bin/dex2oat --compiler-filter=interpret-only --debuggable
06-09 10:36:19.017 W/dex2oat ( 2991): Before Android 4.1, method android.graphics.PorterDuffColorFilter android.support.graphics.drawable.VectorDrawableCompat.updateTintFilter(android.graphics.PorterDuffColorFilter, android.content.res.ColorStateList, android.graphics.PorterDuff$Mode) would have incorrectly overridden the package-private method in android.graphics.drawable.Drawable
06-09 10:36:19.662 W/dex2oat ( 2991): Before Android 4.1, method int android.support.v7.widget.ListViewCompat.lookForSelectablePosition(int, boolean) would have incorrectly overridden the package-private method in android.widget.ListView
06-09 10:36:33.744 W/dex2oat ( 2991): Verification of void boofcv.alg.geo.f.HelperNister5.setupA1(org.ejml.data.DMatrixRMaj) took 152.159ms
06-09 10:36:33.885 W/dex2oat ( 2991): Verification of void boofcv.alg.geo.f.HelperNister5.setupA2(org.ejml.data.DMatrixRMaj) took 137.221ms
06-09 10:36:36.221 W/dex2oat ( 2991): Verification of double org.apache.commons.math3.optim.nonlinear.scalar.noderiv.BOBYQAOptimizer.bobyqb(double[], double[]) took 226.324ms
06-09 10:36:36.576 W/dex2oat ( 2991): Verification of double org.apache.commons.math3.optimization.direct.BOBYQAOptimizer.bobyqb(double[], double[]) took 275.983ms
06-09 10:36:38.686 W/dex2oat ( 2991): Verification of void com.google.common.net.TldPatterns.<clinit>() took 100.567ms
06-09 10:36:45.431 W/dex2oat ( 2991): Compilation of java.lang.String org.opencv.android.StaticHelper.getLibraryList() took 136.345ms
06-09 10:36:45.433 W/dex2oat ( 2991): Compilation of void org.opencv.android.Utils.nBitmapToMat2(android.graphics.Bitmap, long, boolean) took 134.189ms
06-09 10:36:45.827 W/dex2oat ( 2991): Compilation of boolean org.opencv.core.Core.useIPP_0() took 172.882ms
06-09 10:36:52.240 I/dex2oat ( 2991): dex2oat took 38.096s (threads: 2) arena alloc=586KB (600776B) java alloc=11MB (11660472B) native alloc=28MB (30223352B) free=6MB (6476808B)
06-09 10:36:52.715 D/installd( 1329): Detected label change from u:object_r:system_data_file:s0 to u:object_r:app_data_file:s0:c512,c768 at /data/data/jp.jaxa.iss.kibo.rpc.defaultapk; running recursive restorecon
06-09 10:36:52.730 D/installd( 1329): Detected label change from u:object_r:system_data_file:s0 to u:object_r:app_data_file:s0:c512,c768 at /data/user_de/0/jp.jaxa.iss.kibo.rpc.defaultapk; running recursive restorecon
06-09 10:36:52.756 V/BackupManagerService( 1904): restoreAtInstall pkg=jp.jaxa.iss.kibo.rpc.defaultapk token=1 restoreSet=0
06-09 10:36:52.760 W/BackupManagerService( 1904): Requested unavailable transport: android/com.android.internal.backup.LocalTransport
06-09 10:36:52.760 W/BackupManagerService( 1904): No transport
06-09 10:36:52.760 V/BackupManagerService( 1904): Finishing install immediately
06-09 10:36:52.839 D/VoldConnector( 1904): SND -> {9 volume remount_uid 10064 default}
06-09 10:36:52.846 I/GnssLocationProvider( 1904): WakeLock acquired by sendMessage(3, 0, com.android.server.location.GnssLocationProvider$GpsRequest@b665f1b)
06-09 10:36:52.856 I/GnssLocationProvider( 1904): WakeLock released by handleMessage(3, 0, com.android.server.location.GnssLocationProvider$GpsRequest@b665f1b)
06-09 10:36:52.871 D/vold    ( 1275): Remounting 10064 as mode default
06-09 10:36:52.896 D/VoldConnector( 1904): RCV <- {200 9 Command succeeded}
06-09 10:36:52.904 I/GnssLocationProvider( 1904): WakeLock acquired by sendMessage(3, 0, com.android.server.location.GnssLocationProvider$GpsRequest@572e8b8)
06-09 10:36:52.908 D/VoldConnector( 1904): SND -> {10 volume remount_uid 10064 write}
06-09 10:36:52.910 D/vold    ( 1275): Remounting 10064 as mode write
06-09 10:36:52.914 I/GnssLocationProvider( 1904): WakeLock released by handleMessage(3, 0, com.android.server.location.GnssLocationProvider$GpsRequest@572e8b8)
06-09 10:36:52.926 D/VoldConnector( 1904): RCV <- {200 10 Command succeeded}
06-09 10:36:52.961 I/art     ( 1904): Starting a blocking GC Explicit
06-09 10:36:53.101 I/art     ( 1904): Explicit concurrent mark sweep GC freed 21929(1407KB) AllocSpace objects, 12(288KB) LOS objects, 29% free, 9MB/13MB, paused 3.554ms total 134.597ms
06-09 10:36:53.115 E/        ( 1329): Couldn't opendir /data/app/vmdl1557844482.tmp: No such file or directory
06-09 10:36:53.303 W/ActivityManager( 1904): Slow operation: 52ms so far, now at startProcess: asking zygote to start proc
06-09 10:36:53.386 I/InputReader( 1904): Reconfiguring input devices.  changes=0x00000010
06-09 10:36:53.492 I/art     ( 2965): System.exit called, status: 0
06-09 10:36:53.527 I/AndroidRuntime( 2965): VM exiting with result code 0.
06-09 10:36:53.553 W/ActivityManager( 1904): Slow operation: 302ms so far, now at startProcess: returned from zygote!
06-09 10:36:53.585 W/ActivityManager( 1904): Slow operation: 334ms so far, now at startProcess: done updating battery stats
06-09 10:36:53.585 W/ActivityManager( 1904): Slow operation: 334ms so far, now at startProcess: building log message
06-09 10:36:53.586 I/ActivityManager( 1904): Start proc 2995:com.android.gallery3d/u0a39 for broadcast com.android.gallery3d/.app.PackagesMonitor
06-09 10:36:53.586 W/ActivityManager( 1904): Slow operation: 335ms so far, now at startProcess: starting to update pids map
06-09 10:36:53.586 W/ActivityManager( 1904): Slow operation: 335ms so far, now at startProcess: done updating pids map
06-09 10:36:53.586 W/ActivityManager( 1904): Slow operation: 337ms so far, now at startProcess: done starting proc!
06-09 10:36:53.596 W/art     ( 1904): Long monitor contention with owner ActivityManager (1945) at void com.android.server.am.BroadcastQueue.processNextBroadcast(boolean)(BroadcastQueue.java:760) waiters=0 in void com.android.server.am.ActivityManagerService.dispatchUidsChanged() for 338ms
06-09 10:36:53.700 W/art     ( 2995): Unexpected CPU variant for X86 using defaults: x86_64
06-09 10:36:53.724 E/PhoneInterfaceManager( 2375): [PhoneIntfMgr] getCarrierPackageNamesForIntent: No UICC
06-09 10:36:53.724 D/CarrierSvcBindHelper( 2375): No carrier app for: 0
06-09 10:36:53.794 D/CarrierConfigLoader( 2375): mHandler: 9 phoneId: 0
06-09 10:36:53.973 W/art     ( 1904): Long monitor contention with owner android.bg (1944) at void com.android.server.pm.ShortcutService.handlePackageAdded(java.lang.String, int)(ShortcutService.java:2696) waiters=0 in void com.android.server.pm.ShortcutService.handleOnUidStateChanged(int, int) for 327ms
06-09 10:36:54.193 W/art     ( 1904): Long monitor contention with owner backup (2617) at int libcore.io.Posix.writeBytes(java.io.FileDescriptor, java.lang.Object, int, int)(Posix.java:-2) waiters=0 in void com.android.server.backup.BackupManagerService.dataChangedImpl(java.lang.String, java.util.HashSet) for 428ms
06-09 10:36:54.764 W/VoiceInteractionManagerService( 1904): no available voice recognition services found for user 0
06-09 10:36:55.865 W/ActivityManager( 1904): Slow operation: 68ms so far, now at startProcess: returned from zygote!
06-09 10:36:55.866 W/ActivityManager( 1904): Slow operation: 69ms so far, now at startProcess: done updating battery stats
06-09 10:36:55.866 W/ActivityManager( 1904): Slow operation: 69ms so far, now at startProcess: building log message
06-09 10:36:55.866 I/ActivityManager( 1904): Start proc 3015:com.svox.pico/u0a49 for broadcast com.svox.pico/.VoiceDataInstallerReceiver
06-09 10:36:55.866 W/ActivityManager( 1904): Slow operation: 69ms so far, now at startProcess: starting to update pids map
06-09 10:36:55.866 W/ActivityManager( 1904): Slow operation: 70ms so far, now at startProcess: done updating pids map
06-09 10:36:55.866 W/ActivityManager( 1904): Slow operation: 71ms so far, now at startProcess: done starting proc!
06-09 10:36:55.897 W/art     ( 3015): Unexpected CPU variant for X86 using defaults: x86_64
06-09 10:36:56.098 I/ActivityManager( 1904): Killing 2692:com.android.keychain/1000 (adj 906): empty #17
06-09 10:36:56.126 D/ActivityManager( 1904): cleanUpApplicationRecord -- 2692
06-09 10:38:20.338 D/AndroidRuntime( 3029): >>>>>> START com.android.internal.os.RuntimeInit uid 2000 <<<<<<
06-09 10:38:20.370 D/AndroidRuntime( 3029): CheckJNI is ON
06-09 10:38:20.830 W/art     ( 3029): Unexpected CPU variant for X86 using defaults: x86_64
06-09 10:38:20.878 D/ICU     ( 3029): No timezone override file found: /data/misc/zoneinfo/current/icu/icu_tzdata.dat
06-09 10:38:21.141 E/memtrack( 3029): Couldn't load memtrack module (No such file or directory)
06-09 10:38:21.141 E/android.os.Debug( 3029): failed to load memtrack module: -2
06-09 10:38:21.155 I/Radio-JNI( 3029): register_android_hardware_Radio DONE
06-09 10:38:21.328 D/AndroidRuntime( 3029): Calling main entry com.android.commands.am.Am
06-09 10:38:21.421 I/ActivityManager( 1904): Start proc 3039:gov.nasa.arc.astrobee.android.gs.manager/u0a63 for service gov.nasa.arc.astrobee.android.gs.manager/.ManagerService
06-09 10:38:21.427 D/AndroidRuntime( 3029): Shutting down VM
06-09 10:38:21.442 I/art     ( 3039): Not late-enabling -Xcheck:jni (already on)
06-09 10:38:21.467 W/art     ( 3039): Unexpected CPU variant for X86 using defaults: x86_64
06-09 10:38:21.673 W/System  ( 3039): ClassLoader referenced unknown path: /data/app/gov.nasa.arc.astrobee.android.gs.manager-1/lib/x86_64
06-09 10:38:22.324 E/Notification( 3039): setLatestEventInfo() is deprecated and you should feel deprecated.
06-09 10:38:22.324 E/Notification( 3039): java.lang.Throwable
06-09 10:38:22.324 E/Notification( 3039): 	at android.app.Notification.setLatestEventInfo(Notification.java:2076)
06-09 10:38:22.324 E/Notification( 3039): 	at org.ros.android.NodeMainExecutorService.onStartCommand(NodeMainExecutorService.java:220)
06-09 10:38:22.324 E/Notification( 3039): 	at android.app.ActivityThread.handleServiceArgs(ActivityThread.java:3326)
06-09 10:38:22.324 E/Notification( 3039): 	at android.app.ActivityThread.-wrap21(ActivityThread.java)
06-09 10:38:22.324 E/Notification( 3039): 	at android.app.ActivityThread$H.handleMessage(ActivityThread.java:1582)
06-09 10:38:22.324 E/Notification( 3039): 	at android.os.Handler.dispatchMessage(Handler.java:102)
06-09 10:38:22.324 E/Notification( 3039): 	at android.os.Looper.loop(Looper.java:154)
06-09 10:38:22.324 E/Notification( 3039): 	at android.app.ActivityThread.main(ActivityThread.java:6119)
06-09 10:38:22.324 E/Notification( 3039): 	at java.lang.reflect.Method.invoke(Native Method)
06-09 10:38:22.324 E/Notification( 3039): 	at com.android.internal.os.ZygoteInit$MethodAndArgsCaller.run(ZygoteInit.java:886)
06-09 10:38:22.324 E/Notification( 3039): 	at com.android.internal.os.ZygoteInit.main(ZygoteInit.java:776)
06-09 10:38:24.517 I/Registrar( 3039): MasterXmlRpcEndpoint URI: http://llp:11311
06-09 10:38:24.875 I/Registrar( 3039): Registering publisher: Publisher<PublisherDefinition<PublisherIdentifier<NodeIdentifier</guest_science_manager, http://hlp:46032/>, TopicIdentifier</rosout>>, Topic<TopicIdentifier</rosout>, TopicDescription<rosgraph_msgs/Log, acffd30cd6b6de30f120938c17c593fb>>>>
06-09 10:38:25.074 D/NotificationSQLiteLog( 1904): Pruned event entries: 19
06-09 10:38:25.750 I/Registrar( 3039): Response<Success, Registered [/guest_science_manager] as publisher of [/rosout], [http://10.42.0.34:35524/, http://10.42.0.34:45542/]>
06-09 10:38:25.758 I/DefaultPublisher( 3039): Publisher registered: Publisher<PublisherDefinition<PublisherIdentifier<NodeIdentifier</guest_science_manager, http://hlp:46032/>, TopicIdentifier</rosout>>, Topic<TopicIdentifier</rosout>, TopicDescription<rosgraph_msgs/Log, acffd30cd6b6de30f120938c17c593fb>>>>
06-09 10:38:26.410 I/Registrar( 3039): Registering subscriber: Subscriber<Topic<TopicIdentifier</clock>, TopicDescription<rosgraph_msgs/Clock, a9c97c1d230cfc112e270351a944ee47>>>
06-09 10:38:26.708 I/Registrar( 3039): Response<Success, Subscribed to [/clock], [http://10.42.0.34:46369/]>
06-09 10:38:26.717 I/DefaultSubscriber( 3039): Subscriber registered: Subscriber<Topic<TopicIdentifier</clock>, TopicDescription<rosgraph_msgs/Clock, a9c97c1d230cfc112e270351a944ee47>>>
06-09 10:38:26.970 I/Registrar( 3039): Registering publisher: Publisher<PublisherDefinition<PublisherIdentifier<NodeIdentifier</guest_science_manager, http://hlp:46032/>, TopicIdentifier</gs/gs_manager/ack>>, Topic<TopicIdentifier</gs/gs_manager/ack>, TopicDescription<ff_msgs/AckStamped, cebddec69fd770df54633be444a9187d>>>>
06-09 10:38:27.100 I/Registrar( 3039): Registering publisher: Publisher<PublisherDefinition<PublisherIdentifier<NodeIdentifier</guest_science_manager, http://hlp:46032/>, TopicIdentifier</gs/gs_manager/config>>, Topic<TopicIdentifier</gs/gs_manager/config>, TopicDescription<ff_msgs/GuestScienceConfig, c6f632ed2411de4159494a3e7754794e>>>>
06-09 10:38:27.203 I/Registrar( 3039): Response<Success, Registered [/guest_science_manager] as publisher of [/gs/gs_manager/ack], [http://10.42.0.34:41202/]>
06-09 10:38:27.224 I/DefaultPublisher( 3039): Publisher registered: Publisher<PublisherDefinition<PublisherIdentifier<NodeIdentifier</guest_science_manager, http://hlp:46032/>, TopicIdentifier</gs/gs_manager/ack>>, Topic<TopicIdentifier</gs/gs_manager/ack>, TopicDescription<ff_msgs/AckStamped, cebddec69fd770df54633be444a9187d>>>>
06-09 10:38:27.259 W/art     ( 3039): Suspending all threads took: 6.748ms
06-09 10:38:27.407 I/Registrar( 3039): Registering publisher: Publisher<PublisherDefinition<PublisherIdentifier<NodeIdentifier</guest_science_manager, http://hlp:46032/>, TopicIdentifier</gs/data>>, Topic<TopicIdentifier</gs/data>, TopicDescription<ff_msgs/GuestScienceData, edd2c791ea93ffa7cb0ec80c5bb00972>>>>
06-09 10:38:27.492 I/Registrar( 3039): Response<Success, Registered [/guest_science_manager] as publisher of [/gs/gs_manager/config], [http://10.42.0.34:38654/]>
06-09 10:38:27.539 I/DefaultPublisher( 3039): Publisher registered: Publisher<PublisherDefinition<PublisherIdentifier<NodeIdentifier</guest_science_manager, http://hlp:46032/>, TopicIdentifier</gs/gs_manager/config>>, Topic<TopicIdentifier</gs/gs_manager/config>, TopicDescription<ff_msgs/GuestScienceConfig, c6f632ed2411de4159494a3e7754794e>>>>
06-09 10:38:27.846 I/Registrar( 3039): Registering publisher: Publisher<PublisherDefinition<PublisherIdentifier<NodeIdentifier</guest_science_manager, http://hlp:46032/>, TopicIdentifier</gs/gs_manager/state>>, Topic<TopicIdentifier</gs/gs_manager/state>, TopicDescription<ff_msgs/GuestScienceState, 24e5a1ba8527257cc710720a32de6e51>>>>
06-09 10:38:27.874 I/art     ( 3039): Background sticky concurrent mark sweep GC freed 26771(2MB) AllocSpace objects, 20(404KB) LOS objects, 24% free, 7MB/10MB, paused 24.601ms total 851.979ms
06-09 10:38:28.216 I/Registrar( 3039): Response<Success, Registered [/guest_science_manager] as publisher of [/gs/data], [http://10.42.0.34:44400/, http://10.42.0.34:38654/, http://10.42.0.34:45542/]>
06-09 10:38:28.251 I/DefaultPublisher( 3039): Publisher registered: Publisher<PublisherDefinition<PublisherIdentifier<NodeIdentifier</guest_science_manager, http://hlp:46032/>, TopicIdentifier</gs/data>>, Topic<TopicIdentifier</gs/data>, TopicDescription<ff_msgs/GuestScienceData, edd2c791ea93ffa7cb0ec80c5bb00972>>>>
06-09 10:38:28.505 I/Registrar( 3039): Response<Success, Registered [/guest_science_manager] as publisher of [/gs/gs_manager/state], [http://10.42.0.34:38654/]>
06-09 10:38:28.526 I/DefaultPublisher( 3039): Publisher registered: Publisher<PublisherDefinition<PublisherIdentifier<NodeIdentifier</guest_science_manager, http://hlp:46032/>, TopicIdentifier</gs/gs_manager/state>>, Topic<TopicIdentifier</gs/gs_manager/state>, TopicDescription<ff_msgs/GuestScienceState, 24e5a1ba8527257cc710720a32de6e51>>>>
06-09 10:38:28.644 I/Registrar( 3039): Registering subscriber: Subscriber<Topic<TopicIdentifier</mgt/executive/command>, TopicDescription<ff_msgs/CommandStamped, ac01350894b1be9e3a7b4f390a14812d>>>
06-09 10:38:29.007 I/Registrar( 3039): Response<Success, Subscribed to [/mgt/executive/command], [http://10.42.0.34:41202/]>
06-09 10:38:29.030 I/DefaultSubscriber( 3039): Subscriber registered: Subscriber<Topic<TopicIdentifier</mgt/executive/command>, TopicDescription<ff_msgs/CommandStamped, ac01350894b1be9e3a7b4f390a14812d>>>
06-09 10:38:29.284 W/ActivityManager( 1904): Slow operation: 272ms so far, now at startProcess: returned from zygote!
06-09 10:38:29.286 W/ActivityManager( 1904): Slow operation: 274ms so far, now at startProcess: done updating battery stats
06-09 10:38:29.316 W/ActivityManager( 1904): Slow operation: 304ms so far, now at startProcess: building log message
06-09 10:38:29.337 I/ActivityManager( 1904): Start proc 3115:jp.jaxa.iss.kibo.rpc.defaultapk/u0a64 for broadcast jp.jaxa.iss.kibo.rpc.defaultapk/gov.nasa.arc.astrobee.android.gs.InfoInqueryBroadcastReceiver
06-09 10:38:29.338 W/ActivityManager( 1904): Slow operation: 326ms so far, now at startProcess: starting to update pids map
06-09 10:38:29.338 W/ActivityManager( 1904): Slow operation: 326ms so far, now at startProcess: done updating pids map
06-09 10:38:29.338 W/ActivityManager( 1904): Slow operation: 359ms so far, now at startProcess: done starting proc!
06-09 10:38:29.346 W/art     ( 1904): Long monitor contention with owner ActivityManager (1945) at void com.android.server.am.BroadcastQueue.processNextBroadcast(boolean)(BroadcastQueue.java:760) waiters=0 in android.content.ComponentName com.android.server.am.ActivityManagerService.startService(android.app.IApplicationThread, android.content.Intent, java.lang.String, java.lang.String, int) for 374ms
06-09 10:38:29.403 W/art     ( 1904): Long monitor contention with owner ActivityManager (1945) at void com.android.server.am.BroadcastQueue.processNextBroadcast(boolean)(BroadcastQueue.java:760) waiters=1 in void com.android.server.am.ActivityManagerService.dispatchUidsChanged() for 389ms
06-09 10:38:29.510 I/art     ( 3115): Not late-enabling -Xcheck:jni (already on)
06-09 10:38:29.525 W/art     ( 3115): Unexpected CPU variant for X86 using defaults: x86_64
06-09 10:38:29.584 W/art     ( 3039): Suspending all threads took: 14.299ms
06-09 10:38:29.721 I/art     ( 3039): Background partial concurrent mark sweep GC freed 21203(1734KB) AllocSpace objects, 30(592KB) LOS objects, 36% free, 6MB/10MB, paused 17.143ms total 573.161ms
06-09 10:38:30.875 I/ActivityManager( 1904): Killing 2823:com.android.dialer/u0a8 (adj 906): empty #17
06-09 10:38:31.118 D/ActivityManager( 1904): cleanUpApplicationRecord -- 2823
06-09 10:38:36.232 D/ManagerTimeoutTimer( 3039): Still waiting for the apk to start or stop. 4998.0 milliseconds left.
06-09 10:38:36.490 D/OpenCV/StaticHelper( 3115): Trying to get library list
06-09 10:38:36.721 E/OpenCV/StaticHelper( 3115): OpenCV error: Cannot load info library for OpenCV
06-09 10:38:36.722 D/OpenCV/StaticHelper( 3115): Library list: ""
06-09 10:38:36.723 D/OpenCV/StaticHelper( 3115): First attempt to load libs
06-09 10:38:36.723 D/OpenCV/StaticHelper( 3115): Trying to init OpenCV libs
06-09 10:38:36.740 D/OpenCV/StaticHelper( 3115): Trying to load library opencv_java3
06-09 10:38:36.966 D/OpenCV/StaticHelper( 3115): Library opencv_java3 loaded
06-09 10:38:36.966 D/OpenCV/StaticHelper( 3115): First attempt to load libs is OK
06-09 10:38:36.985 I/OpenCV/StaticHelper( 3115): 
06-09 10:38:36.985 I/OpenCV/StaticHelper( 3115): General configuration for OpenCV 3.4.4 =====================================
06-09 10:38:36.985 I/OpenCV/StaticHelper( 3115):   Version control:               3.4.4
06-09 10:38:36.985 I/OpenCV/StaticHelper( 3115): 
06-09 10:38:36.985 I/OpenCV/StaticHelper( 3115):   Extra modules:
06-09 10:38:36.985 I/OpenCV/StaticHelper( 3115):     Location (extra):            /build/3_4-contrib_pack-contrib-android/opencv_contrib/modules
06-09 10:38:36.985 I/OpenCV/StaticHelper( 3115):     Version control (extra):     3.4.4
06-09 10:38:36.985 I/OpenCV/StaticHelper( 3115): 
06-09 10:38:36.985 I/OpenCV/StaticHelper( 3115):   Platform:
06-09 10:38:36.985 I/OpenCV/StaticHelper( 3115):     Timestamp:                   2018-11-17T00:27:32Z
06-09 10:38:36.986 I/OpenCV/StaticHelper( 3115):     Host:                        Linux 4.15.0-38-generic x86_64
06-09 10:38:36.986 I/OpenCV/StaticHelper( 3115):     Target:                      Linux 1 x86_64
06-09 10:38:36.986 I/OpenCV/StaticHelper( 3115):     CMake:                       2.8.12.2
06-09 10:38:36.986 I/OpenCV/StaticHelper( 3115):     CMake generator:             Ninja
06-09 10:38:36.986 I/OpenCV/StaticHelper( 3115):     CMake build tool:            /usr/bin/ninja
06-09 10:38:36.986 I/OpenCV/StaticHelper( 3115):     Configuration:               Release
06-09 10:38:36.986 I/OpenCV/StaticHelper( 3115): 
06-09 10:38:36.986 I/OpenCV/StaticHelper( 3115):   CPU/HW features:
06-09 10:38:36.986 I/OpenCV/StaticHelper( 3115):     Baseline:                    SSE SSE2 SSE3
06-09 10:38:36.986 I/OpenCV/StaticHelper( 3115):       requested:                 SSE3
06-09 10:38:36.986 I/OpenCV/StaticHelper( 3115):     Dispatched code generation:  SSE4_1 SSE4_2 FP16 AVX AVX2
06-09 10:38:36.986 I/OpenCV/StaticHelper( 3115):       requested:                 SSE4_1 SSE4_2 AVX FP16 AVX2 AVX512_SKX
06-09 10:38:36.986 I/OpenCV/StaticHelper( 3115):       SSE4_1 (4 files):          + SSSE3 SSE4_1
06-09 10:38:36.986 I/OpenCV/StaticHelper( 3115):       SSE4_2 (1 files):          + SSSE3 SSE4_1 POPCNT SSE4_2
06-09 10:38:36.986 I/OpenCV/StaticHelper( 3115):       FP16 (0 files):            + SSSE3 SSE4_1 POPCNT SSE4_2 FP16 AVX
06-09 10:38:36.986 I/OpenCV/StaticHelper( 3115):       AVX (5 files):             + SSSE3 SSE4_1 POPCNT SSE4_2 AVX
06-09 10:38:36.986 I/OpenCV/StaticHelper( 3115):       AVX2 (10 files):           + SSSE3 SSE4_1 POPCNT SSE4_2 FP16 FMA3 AVX AVX2
06-09 10:38:36.986 I/OpenCV/StaticHelper( 3115): 
06-09 10:38:36.987 I/OpenCV/StaticHelper( 3115):   C/C++:
06-09 10:38:36.987 I/OpenCV/StaticHelper( 3115):     Built as dynamic libs?:      NO
06-09 10:38:36.987 I/OpenCV/StaticHelper( 3115):     C++ Compiler:                /usr/bin/ccache /opt/android/android-ndk-r10e/toolchains/x86_64-4.9/prebuilt/linux-x86_64/bin/x86_64-linux-android-g++ (ver 4.9)
06-09 10:38:36.987 I/OpenCV/StaticHelper( 3115):     C++ flags (Release):         -fexceptions -frtti --sysroot=/opt/android/android-ndk-r10e/platforms/android-21/arch-x86_64 -funwind-tables -funswitch-loops -finline-limit=300 -fsigned-char -no-canonical-prefixes -fdata-sections -ffunction-sections -Wa,--noexecstack  -DANDROID -D__ANDROID_API__=21   -fsigned-char -W -Wall -Werror=return-type -Werror=non-virtual-dtor -Werror=address -Werror=sequence-point -Wformat -Werror=format-security -Wmissing-declarations -Wundef -Winit-self -Wpointer-arith -Wshadow -Wsign-promo -Wuninitialized -Winit-self -Wno-narrowing -Wno-delete-non-virtual-dtor -Wno-comment -Wno-missing-field-initializers -fdiagnostics-show-option -Wno-long-long -fomit-frame-pointer  -msse -msse2 -msse3 -fvisibility=hidden -fvisibility-inlines-hidden -fomit-frame-pointer -fstrict-aliasing -O3 -DNDEBUG  -DNDEBUG
06-09 10:38:36.987 I/OpenCV/StaticHelper( 3115):     C++ flags (Debug):           -fexceptions -frtti --sysroot=/opt/android/android-ndk-r10e/platforms/android-21/arch-x86_64 -funwind-tables -funswitch-loops -finline-limit=300 -fsigned-char -no-canonical-prefixes -fdata-sections -ffunction-sections -Wa,--noexecstack  -DANDROID -D__ANDROID_API__=21   -fsigned-char -W -Wall -Werror=return-type -Werror=non-virtual-dtor -Werror=address -Werror=sequence-point -Wformat -Werror=format-security -Wmissing-declarations -Wundef -Winit-self -Wpointer-arith -Wshadow -Wsign-promo -Wuninitialized -Winit-self -Wno-narrowing -Wno-delete-non-virtual-dtor -Wno-comment -Wno-missing-field-initializers -fdiagnostics-show-option -Wno-long-long -fomit-frame-pointer  -msse -msse2 -msse3 -fvisibility=hidden -fvisibility-inlines-hidden -fno-omit-frame-pointer -fno-strict-aliasing -O0 -g -DDEBUG -D_DEBUG  -DDEBUG -D_DEBUG
06-09 10:38:36.987 I/OpenCV/StaticHelper( 3115):     C Compiler:                  /usr/bin/ccache /opt/android/android-ndk-r10e/toolchains/x86_64-4.9/prebuilt/linux-x86_64/bin/x86_64-linux-android-gcc
06-09 10:38:36.987 I/OpenCV/StaticHelper( 3115):     C flags (Release):           -fexceptions --sysroot=/opt/android/android-ndk-r10e/platforms/android-21/arch-x86_64 -funwind-tables -funswitch-loops -finline-limit=300 -fsigned-char -no-canonical-prefixes -fdata-sections -ffunction-sections -Wa,--noexecstack  -DANDROID -D__ANDROID_API__=21   -fsigned-char -W -Wall -Werror=return-type -Werror=non-virtual-dtor -Werror=address -Werror=sequence-point -Wformat -Werror=format-security -Wmissing-declarations -Wmissing-prototypes -Wstrict-prototypes -Wundef -Winit-self -Wpointer-arith -Wshadow -Wuninitialized -Winit-self -Wno-narrowing -Wno-comment -Wno-missing-field-initializers -fdiagnostics-show-option -Wno-long-long -fomit-frame-pointer  -msse -msse2 -msse3 -fvisibility=hidden -fomit-frame-pointer -fstrict-aliasing -O3 -DNDEBUG  -DNDEBUG
06-09 10:38:36.987 I/OpenCV/StaticHelper( 3115):     C flags (Debug):             -fexceptions --sysroot=/opt/android/android-ndk-r10e/platforms/android-21/arch-x86_64 -funwind-tables -funswitch-loops -finline-limit=300 -fsigned-char -no-canonical-prefixes -fdata-sections -ffunction-sections -Wa,--noexecstack  -DANDROID -D__ANDROID_API__=21   -fsigned-char -W -Wall -Werror=return-type -Werror=non-virtual-dtor -Werror=address -Werror=sequence-point -Wformat -Werror=format-security -Wmissing-declarations -Wmissing-prototypes -Wstrict-prototypes -Wundef -Winit-self -Wpointer-arith -Wshadow -Wuninitialized -Winit-self -Wno-narrowing -Wno-comment -Wno-missing-field-initializers -fdiagnostics-show-option -Wno-long-long -fomit-frame-pointer  -msse -msse2 -msse3 -fvisibility=hidden -fno-omit-frame-pointer -fno-strict-aliasing -O0 -g -DDEBUG -D_DEBUG  -DDEBUG -D_DEBUG
06-09 10:38:36.987 I/OpenCV/StaticHelper( 3115):     Linker flags (Release):      -Wl,--exclude-libs,libippicv.a -Wl,--exclude-libs,libippiw.a  -Wl,--no-undefined -Wl,--gc-sections -Wl,-z,noexecstack -Wl,-z,relro -Wl,-z,now    
06-09 10:38:36.987 I/OpenCV/StaticHelper( 3115):     Linker flags (Debug):        -Wl,--exclude-libs,libippicv.a -Wl,--exclude-libs,libippiw.a  -Wl,--no-undefined -Wl,--gc-sections -Wl,-z,noexecstack -Wl,-z,relro -Wl,-z,now    
06-09 10:38:36.987 I/OpenCV/StaticHelper( 3115):     ccache:                      YES
06-09 10:38:36.987 I/OpenCV/StaticHelper( 3115):     Precompiled headers:         NO
06-09 10:38:36.987 I/OpenCV/StaticHelper( 3115):     Extra dependencies:          z dl m log
06-09 10:38:36.987 I/OpenCV/StaticHelper( 3115):     3rdparty dependencies:       tbb libcpufeatures ittnotify libjpeg-turbo libwebp libpng libtiff libjasper IlmImf libprotobuf quirc ippiw ippicv
06-09 10:38:36.987 I/OpenCV/StaticHelper( 3115): 
06-09 10:38:36.987 I/OpenCV/StaticHelper( 3115):   OpenCV modules:
06-09 10:38:36.988 I/OpenCV/StaticHelper( 3115):     To be built:                 aruco bgsegm bioinspired calib3d ccalib core datasets dnn dnn_objdetect dpm face features2d flann fuzzy hfs highgui img_hash imgcodecs imgproc java java_bindings_generator line_descriptor ml objdetect optflow phase_unwrapping photo plot reg rgbd saliency shape stereo stitching structured_light superres surface_matching text tracking video videoio videostab xfeatures2d ximgproc xobjdetect xphoto
06-09 10:38:36.988 I/OpenCV/StaticHelper( 3115):     Disabled:                    world
06-09 10:38:36.988 I/OpenCV/StaticHelper( 3115):     Disabled by dependency:      -
06-09 10:38:36.988 I/OpenCV/StaticHelper( 3115):     Unavailable:                 cnn_3dobj cudaarithm cudabgsegm cudacodec cudafeatures2d cudafilters cudaimgproc cudalegacy cudaobjdetect cudaoptflow cudastereo cudawarping cudev cvv freetype hdf js matlab ovis python2 python3 sfm ts viz
06-09 10:38:36.988 I/OpenCV/StaticHelper( 3115):     Applications:                android_examples
06-09 10:38:36.988 I/OpenCV/StaticHelper( 3115):     Documentation:               NO
06-09 10:38:36.988 I/OpenCV/StaticHelper( 3115):     Non-free algorithms:         NO
06-09 10:38:36.988 I/OpenCV/StaticHelper( 3115): 
06-09 10:38:36.988 I/OpenCV/StaticHelper( 3115):   Android NDK:                   location: /opt/android/android-ndk-r10e
06-09 10:38:36.988 I/OpenCV/StaticHelper( 3115):     Android ABI:                 x86_64
06-09 10:38:36.988 I/OpenCV/StaticHelper( 3115):     NDK toolchain:               x86_64-4.9
06-09 10:38:36.988 I/OpenCV/StaticHelper( 3115):     STL type:                    gnustl_static
06-09 10:38:36.988 I/OpenCV/StaticHelper( 3115):     Native API level:            21
06-09 10:38:36.988 I/OpenCV/StaticHelper( 3115):   Android SDK:                   /opt/android/android-sdk-java7 (tools: 25.2.2 build tools: 23.0.3)
06-09 10:38:36.988 I/OpenCV/StaticHelper( 3115):     android tool:                /opt/android/android-sdk-java7/tools/android
06-09 10:38:36.988 I/OpenCV/StaticHelper( 3115):     SDK target:                  android-21
06-09 10:38:36.988 I/OpenCV/StaticHelper( 3115):     Projects build scripts:      Ant/Eclipse compatible
06-09 10:38:36.988 I/OpenCV/StaticHelper( 3115): 
06-09 10:38:36.988 I/OpenCV/StaticHelper( 3115):   GUI: 
06-09 10:38:36.989 I/OpenCV/StaticHelper( 3115): 
06-09 10:38:36.989 I/OpenCV/StaticHelper( 3115):   Media I/O: 
06-09 10:38:36.989 I/OpenCV/StaticHelper( 3115):     ZLib:                        z (ver 1.2.3)
06-09 10:38:36.989 I/OpenCV/StaticHelper( 3115):     JPEG:                        build-libjpeg-turbo (ver 1.5.3-62)
06-09 10:38:36.989 I/OpenCV/StaticHelper( 3115):     WEBP:                        build (ver encoder: 0x020e)
06-09 10:38:36.989 I/OpenCV/StaticHelper( 3115):     PNG:                         build (ver 1.6.35)
06-09 10:38:36.989 I/OpenCV/StaticHelper( 3115):     TIFF:                        build (ver 42 - 4.0.9)
06-09 10:38:36.989 I/OpenCV/StaticHelper( 3115):     JPEG 2000:                   build (ver 1.900.1)
06-09 10:38:36.989 I/OpenCV/StaticHelper( 3115):     OpenEXR:                     build (ver 1.7.1)
06-09 10:38:36.989 I/OpenCV/StaticHelper( 3115):     HDR:                         YES
06-09 10:38:36.989 I/OpenCV/StaticHelper( 3115):     SUNRASTER:                   YES
06-09 10:38:36.989 I/OpenCV/StaticHelper( 3115):     PXM:                         YES
06-09 10:38:36.989 I/OpenCV/StaticHelper( 3115): 
06-09 10:38:36.989 I/OpenCV/StaticHelper( 3115):   Video I/O:
06-09 10:38:36.989 I/OpenCV/StaticHelper( 3115): 
06-09 10:38:36.989 I/OpenCV/StaticHelper( 3115):   Parallel framework:            TBB (ver 2018.0 interface 10001)
06-09 10:38:36.989 I/OpenCV/StaticHelper( 3115): 
06-09 10:38:36.990 I/OpenCV/StaticHelper( 3115):   Trace:                         YES (with Intel ITT)
06-09 10:38:36.990 I/OpenCV/StaticHelper( 3115): 
06-09 10:38:36.990 I/OpenCV/StaticHelper( 3115):   Other third-party libraries:
06-09 10:38:36.990 I/OpenCV/StaticHelper( 3115):     Intel IPP:                   2019.0.0 Gold [2019.0.0]
06-09 10:38:36.990 I/OpenCV/StaticHelper( 3115):            at:                   /build/3_4-contrib_pack-contrib-android/build/o4a/3rdparty/ippicv/ippicv_lnx/icv
06-09 10:38:36.990 I/OpenCV/StaticHelper( 3115):     Intel IPP IW:                sources (2019.0.0)
06-09 10:38:36.990 I/OpenCV/StaticHelper( 3115):               at:                /build/3_4-contrib_pack-contrib-android/build/o4a/3rdparty/ippicv/ippicv_lnx/iw
06-09 10:38:36.990 I/OpenCV/StaticHelper( 3115):     Custom HAL:                  NO
06-09 10:38:36.990 I/OpenCV/StaticHelper( 3115):     Protobuf:                    build (3.5.1)
06-09 10:38:36.990 I/OpenCV/StaticHelper( 3115): 
06-09 10:38:36.990 I/OpenCV/StaticHelper( 3115):   Python (for build):            /usr/bin/python2.7
06-09 10:38:36.990 I/OpenCV/StaticHelper( 3115): 
06-09 10:38:36.990 I/OpenCV/StaticHelper( 3115):   Java:                          export all functions
06-09 10:38:36.990 I/OpenCV/StaticHelper( 3115):     ant:                         /usr/bin/ant (ver 1.9.3)
06-09 10:38:36.991 I/OpenCV/StaticHelper( 3115):     Java wrappers:               YES
06-09 10:38:36.991 I/OpenCV/StaticHelper( 3115):     Java tests:                  NO
06-09 10:38:36.991 I/OpenCV/StaticHelper( 3115): 
06-09 10:38:36.991 I/OpenCV/StaticHelper( 3115):   Install to:                    /build/3_4-contrib_pack-contrib-android/build/o4a/install
06-09 10:38:36.991 I/OpenCV/StaticHelper( 3115): -----------------------------------------------------------------
06-09 10:38:36.991 D/OpenCv  ( 3115): OpenCV loaded
06-09 10:38:37.269 I/art     ( 3039): Do partial code cache collection, code=30KB, data=29KB
06-09 10:38:37.281 I/art     ( 3039): After code cache collection, code=29KB, data=29KB
06-09 10:38:37.281 I/art     ( 3039): Increasing code cache capacity to 128KB
06-09 10:38:37.809 I/Registrar( 3115): MasterXmlRpcEndpoint URI: http://llp:11311
06-09 10:38:37.998 I/Registrar( 3115): Registering publisher: Publisher<PublisherDefinition<PublisherIdentifier<NodeIdentifier</kibo_rpc_api, http://hlp:53595/>, TopicIdentifier</rosout>>, Topic<TopicIdentifier</rosout>, TopicDescription<rosgraph_msgs/Log, acffd30cd6b6de30f120938c17c593fb>>>>
