06-09 13:11:10.734 I/LatinIME( 1998): Timeout waiting for dictionary load
06-09 13:11:11.072 W/art     ( 2590): Unexpected CPU variant for X86 using defaults: x86_64
06-09 13:11:11.086 W/ActivityManager( 1766): Slow operation: 210ms so far, now at startProcess: returned from zygote!
06-09 13:11:11.086 W/ActivityManager( 1766): Slow operation: 211ms so far, now at startProcess: done updating battery stats
06-09 13:11:11.087 W/ActivityManager( 1766): Slow operation: 211ms so far, now at startProcess: building log message
06-09 13:11:11.087 I/ActivityManager( 1766): Start proc 2590:com.android.printspooler/u0a51 for service com.android.printspooler/.model.PrintSpoolerService
06-09 13:11:11.087 W/ActivityManager( 1766): Slow operation: 211ms so far, now at startProcess: starting to update pids map
06-09 13:11:11.087 W/ActivityManager( 1766): Slow operation: 211ms so far, now at startProcess: done updating pids map
06-09 13:11:11.087 W/ActivityManager( 1766): Slow operation: 224ms so far, now at startProcess: done starting proc!
06-09 13:11:11.782 I/ActivityManager( 1766): Process com.android.systemui (pid 2429) has died
06-09 13:11:11.783 D/ActivityManager( 1766): cleanUpApplicationRecord -- 2429
06-09 13:11:11.795 W/ActivityManager( 1766): Scheduling restart of crashed service com.android.systemui/.keyguard.KeyguardService in 0ms
06-09 13:11:11.795 W/ActivityManager( 1766): Scheduling restart of crashed service com.android.systemui/.ImageWallpaper in 0ms
06-09 13:11:11.796 W/ActivityManager( 1766): Scheduling restart of crashed service com.android.systemui/.SystemUIService in 0ms
06-09 13:11:11.799 W/ActivityManager( 1766): Re-adding persistent process ProcessRecord{249f860 2429:com.android.systemui/u0a21}
06-09 13:11:11.822 W/libprocessgroup( 1766): failed to open /acct/uid_10021/pid_2429/cgroup.procs: No such file or directory
06-09 13:11:11.912 W/ActivityManager( 1766): Slow operation: 112ms so far, now at startProcess: returned from zygote!
06-09 13:11:11.912 W/ActivityManager( 1766): Slow operation: 112ms so far, now at startProcess: done updating battery stats
06-09 13:11:11.913 W/ActivityManager( 1766): Slow operation: 113ms so far, now at startProcess: building log message
06-09 13:11:11.913 I/ActivityManager( 1766): Start proc 2608:com.android.systemui/u0a21 for restart com.android.systemui
06-09 13:11:11.913 W/ActivityManager( 1766): Slow operation: 113ms so far, now at startProcess: starting to update pids map
06-09 13:11:11.913 W/ActivityManager( 1766): Slow operation: 113ms so far, now at startProcess: done updating pids map
06-09 13:11:11.945 W/art     ( 1766): Long monitor contention with owner Binder:1766_8 (2299) at void com.android.server.am.ActivityManagerService$AppDeathRecipient.binderDied()(ActivityManagerService.java:1475) waiters=1 in void com.android.server.am.ActivityManagerService.reportSizeConfigurations(android.os.IBinder, int[], int[], int[]) for 127ms
06-09 13:11:11.951 W/art     ( 2608): Unexpected CPU variant for X86 using defaults: x86_64
06-09 13:11:12.137 I/Choreographer( 2512): Skipped 32 frames!  The application may be doing too much work on its main thread.
06-09 13:11:12.317 W/System  ( 2608): ClassLoader referenced unknown path: /system/priv-app/SystemUI/lib/x86_64
06-09 13:11:12.720 D/gralloc_ranchu( 2512): Emulator without host-side GPU emulation detected. Loading gralloc.default.so from /vendor/lib64/hw/gralloc.goldfish.default.so...
06-09 13:11:12.724 D/gralloc_ranchu( 2512): gralloc.default.so not found in /vendor. Trying /system/lib64/hw/gralloc.goldfish.default.so...
06-09 13:11:12.889 V/SystemUIService( 2608): Starting SystemUI services for user 0.
06-09 13:11:13.118 I/ActivityManager( 1766): Displayed com.android.launcher3/.Launcher: +12s827ms
06-09 13:11:13.359 V/MediaRouter( 2608): Adding route: RouteInfo{ name=Phone, description=null, status=null, category=RouteCategory{ name=null types=ROUTE_TYPE_LIVE_AUDIO ROUTE_TYPE_LIVE_VIDEO  groupable=false }, supportedTypes=ROUTE_TYPE_LIVE_AUDIO ROUTE_TYPE_LIVE_VIDEO , presentationDisplay=null }
06-09 13:11:13.442 V/GridSizeMigrationTask( 2512): Workspace migration completed in 927
06-09 13:11:13.453 D/Launcher.Model( 2512): loadWorkspace: loading default favorites
06-09 13:11:13.504 V/MediaRouter( 2608): Updating audio routes: AudioRoutesInfo{ type=SPEAKER }
06-09 13:11:13.524 V/MediaRouter( 2608): Selecting route: RouteInfo{ name=Phone, description=null, status=null, category=RouteCategory{ name=null types=ROUTE_TYPE_LIVE_AUDIO ROUTE_TYPE_LIVE_VIDEO  groupable=false }, supportedTypes=ROUTE_TYPE_LIVE_AUDIO ROUTE_TYPE_LIVE_VIDEO , presentationDisplay=null }
06-09 13:11:13.742 D/TrustManagerService( 1766): Removing dead TrustListener.
06-09 13:11:14.071 E/WVMExtractor( 2608): Failed to open libwvm.so: dlopen failed: library "libwvm.so" not found
06-09 13:11:14.222 I/MediaPlayerService( 1335): MediaPlayerService::getOMX
06-09 13:11:14.236 I/OMXClient( 2608): MuxOMX ctor
06-09 13:11:14.246 I/OMXMaster( 1332): makeComponentInstance(OMX.google.vorbis.decoder) in mediacodec process
06-09 13:11:15.279 I/MediaPlayerService( 1335): MediaPlayerService::getOMX
06-09 13:11:15.282 I/OMXClient( 2608): MuxOMX ctor
06-09 13:11:15.297 I/OMXMaster( 1332): makeComponentInstance(OMX.google.vorbis.decoder) in mediacodec process
06-09 13:11:16.282 I/vol.Events( 2608): writeEvent collection_started
06-09 13:11:16.523 I/vol.Events( 2608): writeEvent external_ringer_mode_changed normal
06-09 13:11:16.524 I/vol.Events( 2608): writeEvent internal_ringer_mode_changed normal
06-09 13:11:16.797 I/MediaPlayerService( 1335): MediaPlayerService::getOMX
06-09 13:11:16.800 I/OMXClient( 2608): MuxOMX ctor
06-09 13:11:16.815 I/OMXMaster( 1332): makeComponentInstance(OMX.google.vorbis.decoder) in mediacodec process
06-09 13:11:17.571 I/Choreographer( 2512): Skipped 32 frames!  The application may be doing too much work on its main thread.
06-09 13:11:19.978 W/art     ( 2590): Long monitor contention with owner Binder:2590_2 (2605) at void android.os.MessageQueue.nativeWake(long)(MessageQueue.java:-2) waiters=0 in boolean android.os.MessageQueue.enqueueMessage(android.os.Message, long) for 599ms
06-09 13:11:20.110 W/art     ( 2590): Long monitor contention with owner Binder:2590_2 (2605) at void android.os.MessageQueue.nativeWake(long)(MessageQueue.java:-2) waiters=1 in android.os.Message android.os.MessageQueue.next() for 593ms
06-09 13:11:20.156 I/art     ( 2512): Background sticky concurrent mark sweep GC freed 19839(1934KB) AllocSpace objects, 10(228KB) LOS objects, 23% free, 7MB/10MB, paused 1.666ms total 271.473ms
06-09 13:11:20.354 I/vol.Events( 2608): writeEvent level_changed STREAM_ALARM 6
06-09 13:11:20.372 I/vol.Events( 2608): writeEvent level_changed STREAM_BLUETOOTH_SCO 7
06-09 13:11:20.445 I/vol.Events( 2608): writeEvent level_changed STREAM_MUSIC 11
06-09 13:11:20.538 I/vol.Events( 2608): writeEvent level_changed STREAM_RING 5
06-09 13:11:20.565 I/vol.Events( 2608): writeEvent level_changed STREAM_SYSTEM 5
06-09 13:11:20.618 I/vol.Events( 2608): writeEvent level_changed STREAM_VOICE_CALL 4
06-09 13:11:20.774 D/StorageNotification( 2608): Notifying about private volume: VolumeInfo{private}:
06-09 13:11:20.774 D/StorageNotification( 2608):     type=PRIVATE diskId=null partGuid=null mountFlags=0 mountUserId=-1 
06-09 13:11:20.774 D/StorageNotification( 2608):     state=MOUNTED 
06-09 13:11:20.774 D/StorageNotification( 2608):     fsType=null fsUuid=null fsLabel=null 
06-09 13:11:20.774 D/StorageNotification( 2608):     path=/data internalPath=null 
06-09 13:11:20.789 D/StorageNotification( 2608): Notifying about public volume: VolumeInfo{public:253,48}:
06-09 13:11:20.789 D/StorageNotification( 2608):     type=PUBLIC diskId=disk:253,48 partGuid=null mountFlags=VISIBLE 
06-09 13:11:20.789 D/StorageNotification( 2608):     mountUserId=0 state=MOUNTED 
06-09 13:11:20.789 D/StorageNotification( 2608):     fsType=vfat fsUuid=1EFF-1C1B fsLabel=SDCARD 
06-09 13:11:20.789 D/StorageNotification( 2608):     path=/storage/1EFF-1C1B internalPath=/mnt/media_rw/1EFF-1C1B 
06-09 13:11:20.897 I/BackupManagerService( 1766): Found stale backup journal, scheduling
06-09 13:11:19.632 W/ifconfig( 2658): type=1400 audit(0.0:13): avc: denied { ioctl } for path="socket:[14582]" dev="sockfs" ino=14582 ioctlcmd=8927 scontext=u:r:shell:s0 tcontext=u:r:shell:s0 tclass=udp_socket permissive=0
06-09 13:11:19.672 W/ifconfig( 2658): type=1400 audit(0.0:14): avc: denied { ioctl } for path="socket:[14582]" dev="sockfs" ino=14582 ioctlcmd=891d scontext=u:r:shell:s0 tcontext=u:r:shell:s0 tclass=udp_socket permissive=0
06-09 13:11:19.672 W/ifconfig( 2658): type=1400 audit(0.0:15): avc: denied { ioctl } for path="socket:[14582]" dev="sockfs" ino=14582 ioctlcmd=8970 scontext=u:r:shell:s0 tcontext=u:r:shell:s0 tclass=udp_socket permissive=0
06-09 13:11:21.013 V/KeyguardServiceDelegate( 1766): *** Keyguard connected (yay!)
06-09 13:11:21.231 I/Choreographer( 2608): Skipped 42 frames!  The application may be doing too much work on its main thread.
06-09 13:11:21.253 I/AlarmClock( 2478): AlarmInitReceiver android.intent.action.TIME_SET
06-09 13:11:21.283 D/LockSettings( 1766): Removing dead StrongAuthTracker.
06-09 13:11:21.287 D/LockSettings( 1766): Removing dead StrongAuthTracker.
06-09 13:11:21.726 W/art     ( 1766): Long monitor contention with owner android.display (1833) at void com.android.server.wm.WindowAnimator$1.doFrame(long)(WindowAnimator.java:144) waiters=1 in void com.android.server.wm.WindowManagerService.setInsetsWindow(com.android.server.wm.Session, android.view.IWindow, int, android.graphics.Rect, android.graphics.Rect, android.graphics.Region) for 265ms
06-09 13:11:21.851 W/art     ( 1766): Long monitor contention with owner android.display (1833) at void com.android.server.wm.WindowAnimator$1.doFrame(long)(WindowAnimator.java:144) waiters=1 in void com.android.server.wm.WindowManagerService.setDockedStackDividerTouchRegion(android.graphics.Rect) for 372ms
06-09 13:11:22.303 V/AlarmClock( 2478): AlarmInitReceiver finished
06-09 13:11:22.320 D/WIFI    ( 1766): Registering NetworkFactory
06-09 13:11:22.322 D/ConnectivityService( 1766): Got NetworkFactory Messenger for WIFI
06-09 13:11:22.323 D/WIFI_UT ( 1766): Registering NetworkFactory
06-09 13:11:22.335 D/ConnectivityService( 1766): Got NetworkFactory Messenger for WIFI_UT
06-09 13:11:22.357 D/WIFI    ( 1766): got request NetworkRequest [ REQUEST id=1, [ Capabilities: INTERNET&NOT_RESTRICTED&TRUSTED&NOT_VPN] ] with score 0
06-09 13:11:22.358 D/WIFI_UT ( 1766): got request NetworkRequest [ REQUEST id=1, [ Capabilities: INTERNET&NOT_RESTRICTED&TRUSTED&NOT_VPN] ] with score 0
06-09 13:11:22.396 I/AlarmClock( 2478): AlarmInitReceiver android.intent.action.LOCKED_BOOT_COMPLETED
06-09 13:11:22.492 I/StatusBarManagerService( 1766): registerStatusBar bar=com.android.internal.statusbar.IStatusBar$Stub$Proxy@c916db6
06-09 13:11:23.297 D/AlarmClock/Events( 2478): [Stopwatch] [Reset] [Reboot]
06-09 13:11:23.448 V/AlarmClock( 2478): AlarmInitReceiver finished
06-09 13:11:23.551 W/ActivityManager( 1766): Slow operation: 113ms so far, now at startProcess: returned from zygote!
06-09 13:11:23.551 W/ActivityManager( 1766): Slow operation: 129ms so far, now at startProcess: done updating battery stats
06-09 13:11:23.555 W/ActivityManager( 1766): Slow operation: 133ms so far, now at startProcess: building log message
06-09 13:11:23.556 I/ActivityManager( 1766): Start proc 2674:android.process.media/u0a10 for broadcast com.android.providers.downloads/.DownloadReceiver
06-09 13:11:23.556 W/ActivityManager( 1766): Slow operation: 134ms so far, now at startProcess: starting to update pids map
06-09 13:11:23.556 W/ActivityManager( 1766): Slow operation: 134ms so far, now at startProcess: done updating pids map
06-09 13:11:23.556 W/ActivityManager( 1766): Slow operation: 136ms so far, now at startProcess: done starting proc!
06-09 13:11:23.565 W/art     ( 1766): Long monitor contention with owner Binder:1766_1 (1790) at void com.android.server.am.BroadcastQueue.processNextBroadcast(boolean)(BroadcastQueue.java:760) waiters=1 in com.android.server.am.ProcessRecord com.android.server.am.ActivityManagerService.findAppProcess(android.os.IBinder, java.lang.String) for 112ms
06-09 13:11:23.588 W/art     ( 2674): Unexpected CPU variant for X86 using defaults: x86_64
06-09 13:11:24.425 W/art     ( 2608): Suspending all threads took: 6.562ms
06-09 13:11:24.451 W/System  ( 2674): ClassLoader referenced unknown path: /system/priv-app/DownloadProvider/lib/x86_64
06-09 13:11:24.477 I/art     ( 2608): Background sticky concurrent mark sweep GC freed 16279(2MB) AllocSpace objects, 2(40KB) LOS objects, 29% free, 7MB/10MB, paused 8.703ms total 177.144ms
06-09 13:11:24.932 W/System  ( 2674): ClassLoader referenced unknown path: /system/priv-app/MediaProvider/lib/x86_64
06-09 13:11:24.949 D/ApplicationLoaders( 2674): ignored Vulkan layer search path /system/priv-app/MediaProvider/lib/x86_64:/system/priv-app/MediaProvider/MediaProvider.apk!/lib/x86_64:/system/lib64:/vendor/lib64 for namespace 0x702c9d40b0f0
06-09 13:11:25.111 W/System  ( 2608): ClassLoader referenced unknown path: 
06-09 13:11:25.112 W/System  ( 2608): ClassLoader referenced unknown path: /system/priv-app/Dialer/lib/x86_64
06-09 13:11:25.119 D/ApplicationLoaders( 2608): ignored Vulkan layer search path /system/priv-app/Dialer/lib/x86_64:/system/lib64:/vendor/lib64 for namespace 0x702c9d56e0f0
06-09 13:11:25.507 E/BluetoothAdapter( 2608): Bluetooth binder is null
06-09 13:11:25.577 W/art     ( 1766): Suspending all threads took: 9.256ms
06-09 13:11:25.678 I/art     ( 1766): Background partial concurrent mark sweep GC freed 30541(2MB) AllocSpace objects, 22(1484KB) LOS objects, 29% free, 9MB/13MB, paused 16.147ms total 288.080ms
06-09 13:11:25.765 I/CameraManagerGlobal( 2608): Connecting to camera service
06-09 13:11:25.823 V/EmulatedCamera_Camera( 1328): getCameraInfo
06-09 13:11:25.824 V/EmulatedCamera_BaseCamera( 1328): getCameraInfo
06-09 13:11:25.828 I/CameraService( 1328): getCameraCharacteristics: Switching to HAL1 shim implementation...
06-09 13:11:25.828 V/EmulatedCamera_Camera( 1328): getCameraInfo
06-09 13:11:25.828 V/EmulatedCamera_BaseCamera( 1328): getCameraInfo
06-09 13:11:25.867 I/CameraService( 1328): CameraService::connect call (PID -1 "cameraserver", camera ID 0) for HAL version default and Camera API version 1
06-09 13:11:25.888 E/CameraService( 1328): getCameraPriorityFromProcState: Received invalid process state -1 from ActivityManagerService!
06-09 13:11:25.889 V/EmulatedCamera_Camera( 1328): getCameraInfo
06-09 13:11:25.889 V/EmulatedCamera_BaseCamera( 1328): getCameraInfo
06-09 13:11:26.054 E/WVMExtractor( 1335): Failed to open libwvm.so: dlopen failed: library "libwvm.so" not found
06-09 13:11:26.188 D/NuPlayerDriver( 1335): notifyListener_l(0xf1d29080), (1, 0, 0), loop setting(0, 0)
06-09 13:11:26.325 D/NuPlayerDriver( 1335): notifyListener_l(0xf1d294a0), (1, 0, 0), loop setting(0, 0)
06-09 13:11:26.434 D/NuPlayerDriver( 1335): notifyListener_l(0xf1d290e0), (1, 0, 0), loop setting(0, 0)
06-09 13:11:26.455 I/CameraFlashlight( 1328): Opening camera 0
06-09 13:11:26.455 V/EmulatedCamera_Camera( 1328): getCameraInfo
06-09 13:11:26.455 V/EmulatedCamera_BaseCamera( 1328): getCameraInfo
06-09 13:11:26.455 V/EmulatedCamera_Camera( 1328): connectCamera
06-09 13:11:26.455 V/EmulatedCamera_FakeDevice( 1328): connectDevice
06-09 13:11:26.456 V/EmulatedCamera_CallbackNotifier( 1328): setCallbacks: 0xf5867e80, 0xf5867ed0, 0xf5867ff0, 0xf5868110 (0xf471d1e0)
06-09 13:11:26.456 V/EmulatedCamera_CallbackNotifier( 1328): enableMessage: msg_type = 0xc0d
06-09 13:11:26.456 V/EmulatedCamera_CallbackNotifier( 1328):     CAMERA_MSG_ERROR
06-09 13:11:26.456 V/EmulatedCamera_CallbackNotifier( 1328):     CAMERA_MSG_FOCUS
06-09 13:11:26.456 V/EmulatedCamera_CallbackNotifier( 1328):     CAMERA_MSG_ZOOM
06-09 13:11:26.456 V/EmulatedCamera_CallbackNotifier( 1328):     CAMERA_MSG_PREVIEW_METADATA
06-09 13:11:26.456 V/EmulatedCamera_CallbackNotifier( 1328): **** Currently enabled messages:
06-09 13:11:26.457 V/EmulatedCamera_CallbackNotifier( 1328):     CAMERA_MSG_ERROR
06-09 13:11:26.457 V/EmulatedCamera_CallbackNotifier( 1328):     CAMERA_MSG_FOCUS
06-09 13:11:26.457 V/EmulatedCamera_CallbackNotifier( 1328):     CAMERA_MSG_ZOOM
06-09 13:11:26.457 V/EmulatedCamera_CallbackNotifier( 1328):     CAMERA_MSG_PREVIEW_METADATA
06-09 13:11:26.462 V/EmulatedCamera_CallbackNotifier( 1328): disableMessage: msg_type = 0xffff
06-09 13:11:26.462 V/EmulatedCamera_CallbackNotifier( 1328):     CAMERA_MSG_ERROR
06-09 13:11:26.462 V/EmulatedCamera_CallbackNotifier( 1328):     CAMERA_MSG_SHUTTER
06-09 13:11:26.462 V/EmulatedCamera_CallbackNotifier( 1328):     CAMERA_MSG_FOCUS
06-09 13:11:26.462 V/EmulatedCamera_CallbackNotifier( 1328):     CAMERA_MSG_ZOOM
06-09 13:11:26.462 V/EmulatedCamera_CallbackNotifier( 1328):     CAMERA_MSG_PREVIEW_FRAME
06-09 13:11:26.462 V/EmulatedCamera_CallbackNotifier( 1328):     CAMERA_MSG_VIDEO_FRAME
06-09 13:11:26.462 V/EmulatedCamera_CallbackNotifier( 1328):     CAMERA_MSG_POSTVIEW_FRAME
06-09 13:11:26.462 V/EmulatedCamera_CallbackNotifier( 1328):     CAMERA_MSG_RAW_IMAGE
06-09 13:11:26.462 V/EmulatedCamera_CallbackNotifier( 1328):     CAMERA_MSG_COMPRESSED_IMAGE
06-09 13:11:26.462 V/EmulatedCamera_CallbackNotifier( 1328):     CAMERA_MSG_RAW_IMAGE_NOTIFY
06-09 13:11:26.462 V/EmulatedCamera_CallbackNotifier( 1328):     CAMERA_MSG_PREVIEW_METADATA
06-09 13:11:26.462 V/EmulatedCamera_CallbackNotifier( 1328): **** Currently enabled messages:
06-09 13:11:26.462 V/EmulatedCamera_Preview( 1328): setPreviewWindow: current: 0x0 -> new: 0x0
06-09 13:11:26.462 V/EmulatedCamera_Camera( 1328): doStopPreview
06-09 13:11:26.467 V/EmulatedCamera_Camera( 1328): cancelPicture
06-09 13:11:26.474 V/EmulatedCamera_Camera( 1328): releaseCamera
06-09 13:11:26.475 V/EmulatedCamera_Camera( 1328): doStopPreview
06-09 13:11:26.475 V/EmulatedCamera_FakeDevice( 1328): disconnectDevice
06-09 13:11:26.475 W/EmulatedCamera_Device( 1328): Initialize: Emulated camera device is already initialized: mState = 1
06-09 13:11:26.475 D/EmulatedCamera_FakeCamera( 1328): Initialize: Fake camera is facing back
06-09 13:11:26.477 V/EmulatedCamera_Device( 1328): initializeWhiteBalanceModes with auto, 1.000000, 1.000000
06-09 13:11:26.478 V/EmulatedCamera_Device( 1328): initializeWhiteBalanceModes with incandescent, 1.380000, 0.600000
06-09 13:11:26.478 V/EmulatedCamera_Device( 1328): initializeWhiteBalanceModes with daylight, 1.090000, 0.920000
06-09 13:11:26.478 V/EmulatedCamera_Device( 1328): initializeWhiteBalanceModes with twilight, 0.920000, 1.220000
06-09 13:11:26.478 V/EmulatedCamera_Device( 1328): setWhiteBalanceMode with white balance auto
06-09 13:11:26.479 I/CameraFlashlight( 1328): Destroying camera 0
06-09 13:11:26.479 V/EmulatedCamera_Camera( 1328): closeCamera
06-09 13:11:26.479 V/EmulatedCamera_Camera( 1328): doStopPreview
06-09 13:11:26.479 W/EmulatedCamera_Device( 1328): Initialize: Emulated camera device is already initialized: mState = 1
06-09 13:11:26.479 D/EmulatedCamera_FakeCamera( 1328): Initialize: Fake camera is facing back
06-09 13:11:26.480 V/EmulatedCamera_Device( 1328): initializeWhiteBalanceModes with auto, 1.000000, 1.000000
06-09 13:11:26.480 V/EmulatedCamera_Device( 1328): initializeWhiteBalanceModes with incandescent, 1.380000, 0.600000
06-09 13:11:26.480 V/EmulatedCamera_Device( 1328): initializeWhiteBalanceModes with daylight, 1.090000, 0.920000
06-09 13:11:26.480 V/EmulatedCamera_Device( 1328): initializeWhiteBalanceModes with twilight, 0.920000, 1.220000
06-09 13:11:26.480 V/EmulatedCamera_Device( 1328): setWhiteBalanceMode with white balance auto
06-09 13:11:26.500 I/CameraService( 1328): disconnect: Disconnected client for camera 0 for PID 1328
06-09 13:11:26.502 D/NuPlayerDriver( 1335): reset(0xf1d29080) at state 4
06-09 13:11:26.505 D/NuPlayerDriver( 1335): notifyListener_l(0xf1d29080), (8, 0, 0), loop setting(0, 0)
06-09 13:11:26.507 D/NuPlayerDriver( 1335): notifyResetComplete(0xf1d29080)
06-09 13:11:26.539 D/NuPlayerDriver( 1335): reset(0xf1d294a0) at state 4
06-09 13:11:26.539 D/NuPlayerDriver( 1335): notifyListener_l(0xf1d294a0), (8, 0, 0), loop setting(0, 0)
06-09 13:11:26.554 D/NuPlayerDriver( 1335): notifyResetComplete(0xf1d294a0)
06-09 13:11:26.571 D/NuPlayerDriver( 1335): reset(0xf1d290e0) at state 4
06-09 13:11:26.571 D/NuPlayerDriver( 1335): notifyListener_l(0xf1d290e0), (8, 0, 0), loop setting(0, 0)
06-09 13:11:26.572 D/NuPlayerDriver( 1335): notifyResetComplete(0xf1d290e0)
06-09 13:11:26.583 V/EmulatedCamera_Camera( 1328): getCameraInfo
06-09 13:11:26.584 V/EmulatedCamera_BaseCamera( 1328): getCameraInfo
06-09 13:11:26.600 V/EmulatedCamera_Camera( 1328): getCameraInfo
06-09 13:11:26.600 V/EmulatedCamera_BaseCamera( 1328): getCameraInfo
06-09 13:11:26.702 D/MediaScannerReceiver( 2674): action: android.intent.action.MEDIA_MOUNTED path: /storage/1EFF-1C1B
06-09 13:11:26.750 I/StatusBar( 2608): isKeyguardShowing() called before startKeyguard(), returning true
06-09 13:11:26.752 W/StatusBar( 2608): isKeyguardSecure() called before startKeyguard(), returning false
06-09 13:11:26.752 W/StatusBar( 2608): java.lang.Throwable
06-09 13:11:26.752 W/StatusBar( 2608): 	at com.android.systemui.statusbar.BaseStatusBar.isKeyguardSecure(BaseStatusBar.java:2647)
06-09 13:11:26.752 W/StatusBar( 2608): 	at com.android.systemui.statusbar.BaseStatusBar.isCameraAllowedByAdmin(BaseStatusBar.java:2670)
06-09 13:11:26.752 W/StatusBar( 2608): 	at com.android.systemui.statusbar.phone.KeyguardBottomAreaView.updateCameraVisibility(KeyguardBottomAreaView.java:309)
06-09 13:11:26.752 W/StatusBar( 2608): 	at com.android.systemui.statusbar.phone.KeyguardBottomAreaView.setPhoneStatusBar(KeyguardBottomAreaView.java:272)
06-09 13:11:26.752 W/StatusBar( 2608): 	at com.android.systemui.statusbar.phone.PhoneStatusBar.makeStatusBarView(PhoneStatusBar.java:904)
06-09 13:11:26.752 W/StatusBar( 2608): 	at com.android.systemui.statusbar.phone.PhoneStatusBar.addStatusBarWindow(PhoneStatusBar.java:3432)
06-09 13:11:26.752 W/StatusBar( 2608): 	at com.android.systemui.statusbar.phone.PhoneStatusBar.createAndAddWindows(PhoneStatusBar.java:3428)
06-09 13:11:26.752 W/StatusBar( 2608): 	at com.android.systemui.statusbar.BaseStatusBar.start(BaseStatusBar.java:765)
06-09 13:11:26.752 W/StatusBar( 2608): 	at com.android.systemui.statusbar.phone.PhoneStatusBar.start(PhoneStatusBar.java:686)
06-09 13:11:26.752 W/StatusBar( 2608): 	at com.android.systemui.statusbar.SystemBars.createStatusBarFromConfig(SystemBars.java:106)
06-09 13:11:26.752 W/StatusBar( 2608): 	at com.android.systemui.statusbar.SystemBars.onNoService(SystemBars.java:58)
06-09 13:11:26.752 W/StatusBar( 2608): 	at com.android.systemui.statusbar.ServiceMonitor.startService(ServiceMonitor.java:230)
06-09 13:11:26.752 W/StatusBar( 2608): 	at com.android.systemui.statusbar.ServiceMonitor.-wrap5(ServiceMonitor.java)
06-09 13:11:26.752 W/StatusBar( 2608): 	at com.android.systemui.statusbar.ServiceMonitor$1.handleMessage(ServiceMonitor.java:73)
06-09 13:11:26.752 W/StatusBar( 2608): 	at android.os.Handler.dispatchMessage(Handler.java:102)
06-09 13:11:26.752 W/StatusBar( 2608): 	at android.os.Looper.loop(Looper.java:154)
06-09 13:11:26.752 W/StatusBar( 2608): 	at android.app.ActivityThread.main(ActivityThread.java:6119)
06-09 13:11:26.752 W/StatusBar( 2608): 	at java.lang.reflect.Method.invoke(Native Method)
06-09 13:11:26.752 W/StatusBar( 2608): 	at com.android.internal.os.ZygoteInit$MethodAndArgsCaller.run(ZygoteInit.java:886)
06-09 13:11:26.752 W/StatusBar( 2608): 	at com.android.internal.os.ZygoteInit.main(ZygoteInit.java:776)
06-09 13:11:26.759 I/StatusBar( 2608): isKeyguardShowing() called before startKeyguard(), returning true
06-09 13:11:26.761 W/StatusBar( 2608): isKeyguardSecure() called before startKeyguard(), returning false
06-09 13:11:26.761 W/StatusBar( 2608): java.lang.Throwable
06-09 13:11:26.761 W/StatusBar( 2608): 	at com.android.systemui.statusbar.BaseStatusBar.isKeyguardSecure(BaseStatusBar.java:2647)
06-09 13:11:26.761 W/StatusBar( 2608): 	at com.android.systemui.statusbar.BaseStatusBar.isCameraAllowedByAdmin(BaseStatusBar.java:2670)
06-09 13:11:26.761 W/StatusBar( 2608): 	at com.android.systemui.statusbar.phone.KeyguardBottomAreaView.updateCameraVisibility(KeyguardBottomAreaView.java:309)
06-09 13:11:26.761 W/StatusBar( 2608): 	at com.android.systemui.statusbar.phone.KeyguardBottomAreaView.setUserSetupComplete(KeyguardBottomAreaView.java:281)
06-09 13:11:26.761 W/StatusBar( 2608): 	at com.android.systemui.statusbar.phone.PhoneStatusBar.makeStatusBarView(PhoneStatusBar.java:905)
06-09 13:11:26.761 W/StatusBar( 2608): 	at com.android.systemui.statusbar.phone.PhoneStatusBar.addStatusBarWindow(PhoneStatusBar.java:3432)
06-09 13:11:26.761 W/StatusBar( 2608): 	at com.android.systemui.statusbar.phone.PhoneStatusBar.createAndAddWindows(PhoneStatusBar.java:3428)
06-09 13:11:26.761 W/StatusBar( 2608): 	at com.android.systemui.statusbar.BaseStatusBar.start(BaseStatusBar.java:765)
06-09 13:11:26.761 W/StatusBar( 2608): 	at com.android.systemui.statusbar.phone.PhoneStatusBar.start(PhoneStatusBar.java:686)
06-09 13:11:26.761 W/StatusBar( 2608): 	at com.android.systemui.statusbar.SystemBars.createStatusBarFromConfig(SystemBars.java:106)
06-09 13:11:26.761 W/StatusBar( 2608): 	at com.android.systemui.statusbar.SystemBars.onNoService(SystemBars.java:58)
06-09 13:11:26.761 W/StatusBar( 2608): 	at com.android.systemui.statusbar.ServiceMonitor.startService(ServiceMonitor.java:230)
06-09 13:11:26.761 W/StatusBar( 2608): 	at com.android.systemui.statusbar.ServiceMonitor.-wrap5(ServiceMonitor.java)
06-09 13:11:26.761 W/StatusBar( 2608): 	at com.android.systemui.statusbar.ServiceMonitor$1.handleMessage(ServiceMonitor.java:73)
06-09 13:11:26.761 W/StatusBar( 2608): 	at android.os.Handler.dispatchMessage(Handler.java:102)
06-09 13:11:26.761 W/StatusBar( 2608): 	at android.os.Looper.loop(Looper.java:154)
06-09 13:11:26.761 W/StatusBar( 2608): 	at android.app.ActivityThread.main(ActivityThread.java:6119)
06-09 13:11:26.761 W/StatusBar( 2608): 	at java.lang.reflect.Method.invoke(Native Method)
06-09 13:11:26.761 W/StatusBar( 2608): 	at com.android.internal.os.ZygoteInit$MethodAndArgsCaller.run(ZygoteInit.java:886)
06-09 13:11:26.761 W/StatusBar( 2608): 	at com.android.internal.os.ZygoteInit.main(ZygoteInit.java:776)
06-09 13:11:26.947 V/EmulatedCamera_Camera( 1328): getCameraInfo
06-09 13:11:26.947 V/EmulatedCamera_BaseCamera( 1328): getCameraInfo
06-09 13:11:26.950 V/EmulatedCamera_Camera( 1328): getCameraInfo
06-09 13:11:26.950 V/EmulatedCamera_BaseCamera( 1328): getCameraInfo
06-09 13:11:27.231 D/MediaScannerReceiver( 2674): action: android.intent.action.MEDIA_MOUNTED path: /storage/emulated/0
06-09 13:11:27.388 W/Binder  ( 2608): Binder call failed.
06-09 13:11:27.388 W/Binder  ( 2608): android.os.DeadObjectException
06-09 13:11:27.388 W/Binder  ( 2608): 	at android.os.BinderProxy.transactNative(Native Method)
06-09 13:11:27.388 W/Binder  ( 2608): 	at android.os.BinderProxy.transact(Binder.java:615)
06-09 13:11:27.388 W/Binder  ( 2608): 	at android.content.IIntentReceiver$Stub$Proxy.performReceive(IIntentReceiver.java:124)
06-09 13:11:27.388 W/Binder  ( 2608): 	at android.app.ActivityThread$ApplicationThread.scheduleRegisteredReceiver(ActivityThread.java:946)
06-09 13:11:27.388 W/Binder  ( 2608): 	at android.app.ApplicationThreadNative.onTransact(ApplicationThreadNative.java:404)
06-09 13:11:27.388 W/Binder  ( 2608): 	at android.os.Binder.execTransact(Binder.java:565)
06-09 13:11:27.452 W/art     ( 2715): Unexpected CPU variant for X86 using defaults: x86_64
06-09 13:11:27.476 W/ActivityManager( 1766): Slow operation: 94ms so far, now at startProcess: returned from zygote!
06-09 13:11:27.476 W/ActivityManager( 1766): Slow operation: 95ms so far, now at startProcess: done updating battery stats
06-09 13:11:27.477 W/ActivityManager( 1766): Slow operation: 95ms so far, now at startProcess: building log message
06-09 13:11:27.477 I/ActivityManager( 1766): Start proc 2715:android.process.acore/u0a1 for content provider com.android.providers.contacts/.ContactsProvider2
06-09 13:11:27.477 W/ActivityManager( 1766): Slow operation: 95ms so far, now at startProcess: starting to update pids map
06-09 13:11:27.477 W/ActivityManager( 1766): Slow operation: 95ms so far, now at startProcess: done updating pids map
06-09 13:11:27.477 W/ActivityManager( 1766): Slow operation: 97ms so far, now at startProcess: done starting proc!
06-09 13:11:27.477 W/ActivityManager( 1766): Slow operation: 100ms so far, now at getContentProviderImpl: after start process
06-09 13:11:27.478 W/ActivityManager( 1766): Slow operation: 100ms so far, now at getContentProviderImpl: updating data structures
06-09 13:11:27.478 W/ActivityManager( 1766): Slow operation: 101ms so far, now at getContentProviderImpl: done!
06-09 13:11:27.560 I/StatusBar( 2608): isKeyguardShowing() called before startKeyguard(), returning true
06-09 13:11:27.562 W/StatusBar( 2608): isKeyguardSecure() called before startKeyguard(), returning false
06-09 13:11:27.562 W/StatusBar( 2608): java.lang.Throwable
06-09 13:11:27.562 W/StatusBar( 2608): 	at com.android.systemui.statusbar.BaseStatusBar.isKeyguardSecure(BaseStatusBar.java:2647)
06-09 13:11:27.562 W/StatusBar( 2608): 	at com.android.systemui.statusbar.BaseStatusBar.isCameraAllowedByAdmin(BaseStatusBar.java:2670)
06-09 13:11:27.562 W/StatusBar( 2608): 	at com.android.systemui.statusbar.phone.KeyguardBottomAreaView.updateCameraVisibility(KeyguardBottomAreaView.java:309)
06-09 13:11:27.562 W/StatusBar( 2608): 	at com.android.systemui.statusbar.phone.KeyguardBottomAreaView.setUserSetupComplete(KeyguardBottomAreaView.java:281)
06-09 13:11:27.562 W/StatusBar( 2608): 	at com.android.systemui.statusbar.phone.PhoneStatusBar$1.onChange(PhoneStatusBar.java:441)
06-09 13:11:27.562 W/StatusBar( 2608): 	at com.android.systemui.statusbar.phone.PhoneStatusBar.resetUserSetupObserver(PhoneStatusBar.java:3676)
06-09 13:11:27.562 W/StatusBar( 2608): 	at com.android.systemui.statusbar.phone.PhoneStatusBar.makeStatusBarView(PhoneStatusBar.java:1008)
06-09 13:11:27.562 W/StatusBar( 2608): 	at com.android.systemui.statusbar.phone.PhoneStatusBar.addStatusBarWindow(PhoneStatusBar.java:3432)
06-09 13:11:27.562 W/StatusBar( 2608): 	at com.android.systemui.statusbar.phone.PhoneStatusBar.createAndAddWindows(PhoneStatusBar.java:3428)
06-09 13:11:27.562 W/StatusBar( 2608): 	at com.android.systemui.statusbar.BaseStatusBar.start(BaseStatusBar.java:765)
06-09 13:11:27.562 W/StatusBar( 2608): 	at com.android.systemui.statusbar.phone.PhoneStatusBar.start(PhoneStatusBar.java:686)
06-09 13:11:27.562 W/StatusBar( 2608): 	at com.android.systemui.statusbar.SystemBars.createStatusBarFromConfig(SystemBars.java:106)
06-09 13:11:27.562 W/StatusBar( 2608): 	at com.android.systemui.statusbar.SystemBars.onNoService(SystemBars.java:58)
06-09 13:11:27.562 W/StatusBar( 2608): 	at com.android.systemui.statusbar.ServiceMonitor.startService(ServiceMonitor.java:230)
06-09 13:11:27.562 W/StatusBar( 2608): 	at com.android.systemui.statusbar.ServiceMonitor.-wrap5(ServiceMonitor.java)
06-09 13:11:27.562 W/StatusBar( 2608): 	at com.android.systemui.statusbar.ServiceMonitor$1.handleMessage(ServiceMonitor.java:73)
06-09 13:11:27.562 W/StatusBar( 2608): 	at android.os.Handler.dispatchMessage(Handler.java:102)
06-09 13:11:27.562 W/StatusBar( 2608): 	at android.os.Looper.loop(Looper.java:154)
06-09 13:11:27.562 W/StatusBar( 2608): 	at android.app.ActivityThread.main(ActivityThread.java:6119)
06-09 13:11:27.562 W/StatusBar( 2608): 	at java.lang.reflect.Method.invoke(Native Method)
06-09 13:11:27.562 W/StatusBar( 2608): 	at com.android.internal.os.ZygoteInit$MethodAndArgsCaller.run(ZygoteInit.java:886)
06-09 13:11:27.562 W/StatusBar( 2608): 	at com.android.internal.os.ZygoteInit.main(ZygoteInit.java:776)
06-09 13:11:27.672 W/System  ( 2715): ClassLoader referenced unknown path: /system/priv-app/ContactsProvider/lib/x86_64
06-09 13:11:27.656 E/SurfaceFlinger( 1321): ro.sf.lcd_density must be defined as a build property
06-09 13:11:27.705 D/OpenGLRenderer( 2608): profile bars disabled
06-09 13:11:27.709 D/OpenGLRenderer( 2608): ambientRatio = 1.50
06-09 13:11:27.759 D/PhoneStatusBar( 2608): disable: < EXPAND* icons alerts system_info BACK* HOME* RECENT* clock SEARCH* quick_settings >
06-09 13:11:28.267 D/PhoneStatusBar( 2608): heads up is enabled
06-09 13:11:28.363 I/ContactsPerf( 2715): VoicemailContentProvider.onCreate start
06-09 13:11:28.381 V/MediaScanner( 2674): pruneDeadThumbnailFiles... android.content.ContentProviderClient$CursorWrapperInner@91f230
06-09 13:11:28.399 I/ContactsPerf( 2715): VoicemailContentProvider.onCreate finish
06-09 13:11:28.419 W/System  ( 2715): ClassLoader referenced unknown path: /system/priv-app/BlockedNumberProvider/lib/x86_64
06-09 13:11:28.428 D/ApplicationLoaders( 2715): ignored Vulkan layer search path /system/priv-app/BlockedNumberProvider/lib/x86_64:/system/lib64:/vendor/lib64 for namespace 0x702c9d40b0f0
06-09 13:11:28.445 V/MediaScanner( 2674): /pruneDeadThumbnailFiles... android.content.ContentProviderClient$CursorWrapperInner@91f230
06-09 13:11:28.690 W/System  ( 2715): ClassLoader referenced unknown path: /system/app/UserDictionaryProvider/lib/x86_64
06-09 13:11:28.707 D/ApplicationLoaders( 2715): ignored Vulkan layer search path /system/app/UserDictionaryProvider/lib/x86_64:/system/lib64:/vendor/lib64 for namespace 0x702c9d40b160
06-09 13:11:28.993 I/art     ( 2608): Background partial concurrent mark sweep GC freed 10137(1353KB) AllocSpace objects, 4(84KB) LOS objects, 23% free, 12MB/16MB, paused 1.042ms total 245.424ms
06-09 13:11:29.296 W/art     ( 2674): Suspending all threads took: 160.316ms
06-09 13:11:29.476 W/art     ( 1766): Long monitor contention with owner Binder:1766_9 (2425) at int com.android.server.wm.WindowManagerService.relayoutWindow(com.android.server.wm.Session, android.view.IWindow, int, android.view.WindowManager$LayoutParams, int, int, int, int, android.graphics.Rect, android.graphics.Rect, android.graphics.Rect, android.graphics.Rect, android.graphics.Rect, android.graphics.Rect, android.graphics.Rect, android.content.res.Configuration, android.view.Surface)(WindowManagerService.java:2857) waiters=0 in void com.android.server.wm.WindowManagerService$H.handleMessage(android.os.Message) for 926ms
06-09 13:11:29.490 W/art     ( 1766): Long monitor contention with owner Binder:1766_9 (2425) at int com.android.server.wm.WindowManagerService.relayoutWindow(com.android.server.wm.Session, android.view.IWindow, int, android.view.WindowManager$LayoutParams, int, int, int, int, android.graphics.Rect, android.graphics.Rect, android.graphics.Rect, android.graphics.Rect, android.graphics.Rect, android.graphics.Rect, android.graphics.Rect, android.content.res.Configuration, android.view.Surface)(WindowManagerService.java:2857) waiters=1 in int com.android.server.wm.WindowManagerService.relayoutWindow(com.android.server.wm.Session, android.view.IWindow, int, android.view.WindowManager$LayoutParams, int, int, int, int, android.graphics.Rect, android.graphics.Rect, android.graphics.Rect, android.graphics.Rect, android.graphics.Rect, android.graphics.Rect, android.graphics.Rect, android.content.res.Configuration, android.view.Surface) for 195ms
06-09 13:11:29.833 W/art     ( 1766): Long monitor contention with owner Binder:1766_3 (2021) at int com.android.server.wm.WindowManagerService.relayoutWindow(com.android.server.wm.Session, android.view.IWindow, int, android.view.WindowManager$LayoutParams, int, int, int, int, android.graphics.Rect, android.graphics.Rect, android.graphics.Rect, android.graphics.Rect, android.graphics.Rect, android.graphics.Rect, android.graphics.Rect, android.content.res.Configuration, android.view.Surface)(WindowManagerService.java:2857) waiters=0 in void com.android.server.wm.WindowManagerService$H.handleMessage(android.os.Message) for 308ms
06-09 13:11:29.847 W/art     ( 1766): Long monitor contention with owner Binder:1766_3 (2021) at int com.android.server.wm.WindowManagerService.relayoutWindow(com.android.server.wm.Session, android.view.IWindow, int, android.view.WindowManager$LayoutParams, int, int, int, int, android.graphics.Rect, android.graphics.Rect, android.graphics.Rect, android.graphics.Rect, android.graphics.Rect, android.graphics.Rect, android.graphics.Rect, android.content.res.Configuration, android.view.Surface)(WindowManagerService.java:2857) waiters=1 in void com.android.server.wm.WindowManagerService.finishDrawingWindow(com.android.server.wm.Session, android.view.IWindow) for 276ms
06-09 13:11:29.886 W/KeyguardUpdateMonitor( 2608): invalid subId in handleSimStateChange()
06-09 13:11:30.122 V/KeyguardServiceDelegate( 1766): **** SHOWN CALLED ****
06-09 13:11:30.183 I/Choreographer( 2608): Skipped 298 frames!  The application may be doing too much work on its main thread.
06-09 13:11:30.418 D/ViewRootImpl[StatusBar]( 2608): changeCanvasOpacity: opaque=true
06-09 13:11:30.865 W/art     ( 1766): Long monitor contention with owner android.ui (1816) at int com.android.server.wm.WindowManagerService.relayoutWindow(com.android.server.wm.Session, android.view.IWindow, int, android.view.WindowManager$LayoutParams, int, int, int, int, android.graphics.Rect, android.graphics.Rect, android.graphics.Rect, android.graphics.Rect, android.graphics.Rect, android.graphics.Rect, android.graphics.Rect, android.content.res.Configuration, android.view.Surface)(WindowManagerService.java:2857) waiters=0 in void com.android.server.wm.WindowManagerService$H.handleMessage(android.os.Message) for 969ms
06-09 13:11:31.239 I/Choreographer( 1766): Skipped 81 frames!  The application may be doing too much work on its main thread.
06-09 13:11:31.685 W/art     ( 1766): Long monitor contention with owner android.ui (1816) at int com.android.server.wm.WindowManagerService.relayoutWindow(com.android.server.wm.Session, android.view.IWindow, int, android.view.WindowManager$LayoutParams, int, int, int, int, android.graphics.Rect, android.graphics.Rect, android.graphics.Rect, android.graphics.Rect, android.graphics.Rect, android.graphics.Rect, android.graphics.Rect, android.content.res.Configuration, android.view.Surface)(WindowManagerService.java:2857) waiters=0 in void com.android.server.wm.WindowManagerService$H.handleMessage(android.os.Message) for 390ms
06-09 13:11:32.481 W/art     ( 1766): Long monitor contention with owner android.display (1833) at void com.android.server.wm.WindowManagerService$H.handleMessage(android.os.Message)(WindowManagerService.java:8368) waiters=0 in int com.android.server.wm.WindowManagerService.relayoutWindow(com.android.server.wm.Session, android.view.IWindow, int, android.view.WindowManager$LayoutParams, int, int, int, int, android.graphics.Rect, android.graphics.Rect, android.graphics.Rect, android.graphics.Rect, android.graphics.Rect, android.graphics.Rect, android.graphics.Rect, android.content.res.Configuration, android.view.Surface) for 260ms
06-09 13:11:32.907 V/MediaScanner( 2674): pruneDeadThumbnailFiles... android.content.ContentProviderClient$CursorWrapperInner@4b71cde
06-09 13:11:32.909 V/MediaScanner( 2674): /pruneDeadThumbnailFiles... android.content.ContentProviderClient$CursorWrapperInner@4b71cde
06-09 13:11:33.646 W/art     ( 1766): Long monitor contention with owner Binder:1766_3 (2021) at int com.android.server.wm.WindowManagerService.relayoutWindow(com.android.server.wm.Session, android.view.IWindow, int, android.view.WindowManager$LayoutParams, int, int, int, int, android.graphics.Rect, android.graphics.Rect, android.graphics.Rect, android.graphics.Rect, android.graphics.Rect, android.graphics.Rect, android.graphics.Rect, android.content.res.Configuration, android.view.Surface)(WindowManagerService.java:2857) waiters=0 in void com.android.server.wm.WindowManagerService$H.handleMessage(android.os.Message) for 1.151s
06-09 13:11:33.959 W/art     ( 1766): Long monitor contention with owner Binder:1766_3 (2021) at int com.android.server.wm.WindowManagerService.relayoutWindow(com.android.server.wm.Session, android.view.IWindow, int, android.view.WindowManager$LayoutParams, int, int, int, int, android.graphics.Rect, android.graphics.Rect, android.graphics.Rect, android.graphics.Rect, android.graphics.Rect, android.graphics.Rect, android.graphics.Rect, android.content.res.Configuration, android.view.Surface)(WindowManagerService.java:2857) waiters=1 in void com.android.server.wm.WindowManagerService.getInitialDisplaySize(int, android.graphics.Point) for 1.326s
06-09 13:11:34.109 I/ContactLocale( 2715): AddressBook Labels [[en_US]]: [, A, B, C, D, E, F, G, H, I, J, K, L, M, N, O, P, Q, R, S, T, U, V, W, X, Y, Z, , , , , , , , , , , , , , , , , , , , , , , , , , , , , , , , , , , , , , , , , , , , , , , , , , , , , , , , , , , , , , , , , , , , , , , , , , , , , , , , , , , , , , , , , , , , , , , , , , , , , , , , , , , , , , , , , , , , , , , , , , , , , , , , , , , , , , , , , , , , , , , , , , , , , , , , , , , , , , , , , , , , , , , , , , , , , , , , , , , , , , , , , , , #, ]
06-09 13:11:34.325 W/art     ( 1766): Long monitor contention with owner Binder:1766_6 (2243) at int com.android.server.wm.WindowManagerService.relayoutWindow(com.android.server.wm.Session, android.view.IWindow, int, android.view.WindowManager$LayoutParams, int, int, int, int, android.graphics.Rect, android.graphics.Rect, android.graphics.Rect, android.graphics.Rect, android.graphics.Rect, android.graphics.Rect, android.graphics.Rect, android.content.res.Configuration, android.view.Surface)(WindowManagerService.java:2857) waiters=0 in void com.android.server.wm.WindowManagerService$H.handleMessage(android.os.Message) for 350ms
06-09 13:11:35.068 D/WifiService( 1766): New client listening to asynchronous messages
06-09 13:11:35.311 W/art     ( 1766): Long monitor contention with owner Binder:1766_7 (2282) at int com.android.server.wm.WindowManagerService.relayoutWindow(com.android.server.wm.Session, android.view.IWindow, int, android.view.WindowManager$LayoutParams, int, int, int, int, android.graphics.Rect, android.graphics.Rect, android.graphics.Rect, android.graphics.Rect, android.graphics.Rect, android.graphics.Rect, android.graphics.Rect, android.content.res.Configuration, android.view.Surface)(WindowManagerService.java:2857) waiters=0 in void com.android.server.wm.WindowManagerService$H.handleMessage(android.os.Message) for 115ms
06-09 13:11:35.534 I/Choreographer( 2608): Skipped 320 frames!  The application may be doing too much work on its main thread.
06-09 13:11:35.612 D/gralloc_ranchu( 2608): Emulator without host-side GPU emulation detected. Loading gralloc.default.so from /vendor/lib64/hw/gralloc.goldfish.default.so...
06-09 13:11:35.636 D/gralloc_ranchu( 2608): gralloc.default.so not found in /vendor. Trying /system/lib64/hw/gralloc.goldfish.default.so...
06-09 13:11:35.940 D/PhoneStatusBar( 2608): disable: < expand* icons alerts system_info back* home* recent* clock search* quick_settings >
06-09 13:11:36.358 W/art     ( 1766): Long monitor contention with owner android.display (1833) at void com.android.server.wm.WindowManagerService$H.handleMessage(android.os.Message)(WindowManagerService.java:8368) waiters=1 in int com.android.server.wm.WindowManagerService.relayoutWindow(com.android.server.wm.Session, android.view.IWindow, int, android.view.WindowManager$LayoutParams, int, int, int, int, android.graphics.Rect, android.graphics.Rect, android.graphics.Rect, android.graphics.Rect, android.graphics.Rect, android.graphics.Rect, android.graphics.Rect, android.content.res.Configuration, android.view.Surface) for 154ms
06-09 13:11:36.790 W/art     ( 1766): Long monitor contention with owner android.display (1833) at void com.android.server.wm.WindowAnimator$1.doFrame(long)(WindowAnimator.java:144) waiters=1 in void com.android.server.wm.WindowManagerService.statusBarVisibilityChanged(int) for 435ms
06-09 13:11:36.887 I/Choreographer( 2608): Skipped 80 frames!  The application may be doing too much work on its main thread.
06-09 13:11:37.209 I/art     ( 2608): Background partial concurrent mark sweep GC freed 3358(174KB) AllocSpace objects, 1(4MB) LOS objects, 23% free, 12MB/16MB, paused 1.241ms total 205.196ms
06-09 13:11:37.629 W/art     ( 1766): Long monitor contention with owner android.display (1833) at void com.android.server.wm.WindowManagerService$H.handleMessage(android.os.Message)(WindowManagerService.java:8368) waiters=0 in void com.android.server.wm.WindowManagerService.finishDrawingWindow(com.android.server.wm.Session, android.view.IWindow) for 318ms
06-09 13:11:38.116 W/art     ( 1766): Long monitor contention with owner Binder:1766_4 (2024) at int com.android.server.wm.WindowManagerService.relayoutWindow(com.android.server.wm.Session, android.view.IWindow, int, android.view.WindowManager$LayoutParams, int, int, int, int, android.graphics.Rect, android.graphics.Rect, android.graphics.Rect, android.graphics.Rect, android.graphics.Rect, android.graphics.Rect, android.graphics.Rect, android.content.res.Configuration, android.view.Surface)(WindowManagerService.java:2857) waiters=0 in void com.android.server.wm.WindowAnimator$1.doFrame(long) for 442ms
06-09 13:11:38.333 I/Choreographer( 2608): Skipped 86 frames!  The application may be doing too much work on its main thread.
06-09 13:12:27.356 W/BroadcastQueue( 1766): Timeout of broadcast BroadcastRecord{cf60509 u0 android.intent.action.BOOT_COMPLETED} - receiver=android.os.BinderProxy@1c63a8c, started 60001ms ago
06-09 13:12:27.357 W/BroadcastQueue( 1766): Receiver during timeout: BroadcastFilter{1fa51ea u0 ReceiverList{b85c5d5 2429 com.android.systemui/10021/u0 remote:1c63a8c}}
06-09 13:12:27.363 W/Binder  ( 2608): Binder call failed.
06-09 13:12:27.363 W/Binder  ( 2608): android.os.DeadObjectException
06-09 13:12:27.363 W/Binder  ( 2608): 	at android.os.BinderProxy.transactNative(Native Method)
06-09 13:12:27.363 W/Binder  ( 2608): 	at android.os.BinderProxy.transact(Binder.java:615)
06-09 13:12:27.363 W/Binder  ( 2608): 	at android.content.IIntentReceiver$Stub$Proxy.performReceive(IIntentReceiver.java:124)
06-09 13:12:27.363 W/Binder  ( 2608): 	at android.app.ActivityThread$ApplicationThread.scheduleRegisteredReceiver(ActivityThread.java:946)
06-09 13:12:27.363 W/Binder  ( 2608): 	at android.app.ApplicationThreadNative.onTransact(ApplicationThreadNative.java:404)
06-09 13:12:27.363 W/Binder  ( 2608): 	at android.os.Binder.execTransact(Binder.java:565)
06-09 13:12:28.052 W//sbin/adbd( 1324): type=1400 audit(0.0:16): avc: denied { search } for comm=73657276696365203238 name="security" dev="vdc" ino=35203 scontext=u:r:adbd:s0 tcontext=u:object_r:security_file:s0 tclass=dir permissive=0
06-09 13:13:03.510 D/AndroidRuntime( 2739): >>>>>> START com.android.internal.os.RuntimeInit uid 2000 <<<<<<
06-09 13:13:03.551 D/AndroidRuntime( 2739): CheckJNI is ON
06-09 13:13:03.969 W/art     ( 2739): Unexpected CPU variant for X86 using defaults: x86_64
06-09 13:13:04.017 D/ICU     ( 2739): No timezone override file found: /data/misc/zoneinfo/current/icu/icu_tzdata.dat
06-09 13:13:04.245 E/memtrack( 2739): Couldn't load memtrack module (No such file or directory)
06-09 13:13:04.246 E/android.os.Debug( 2739): failed to load memtrack module: -2
06-09 13:13:04.252 I/Radio-JNI( 2739): register_android_hardware_Radio DONE
06-09 13:13:04.404 D/AndroidRuntime( 2739): Calling main entry com.android.commands.pm.Pm
06-09 13:13:04.592 I/        ( 1330): free_cache(141263990) avail 800661504
06-09 13:13:04.659 W/art     ( 1766): Long monitor contention with owner Binder:1766_4 (2024) at void libcore.io.Posix.mkdir(java.lang.String, int)(Posix.java:-2) waiters=1 in android.content.pm.PackageInstaller$SessionInfo com.android.server.pm.PackageInstallerService.getSessionInfo(int) for 113ms
06-09 13:13:27.363 W/BroadcastQueue( 1766): Timeout of broadcast BroadcastRecord{cf60509 u0 android.intent.action.BOOT_COMPLETED} - receiver=android.os.BinderProxy@6389152, started 60003ms ago
06-09 13:13:27.363 W/BroadcastQueue( 1766): Receiver during timeout: BroadcastFilter{cc51ed9 u0 ReceiverList{9c90c23 2429 com.android.systemui/10021/u0 remote:6389152}}
06-09 13:13:27.518 I/RecoverySystem( 1766): No recovery log file
06-09 13:13:27.552 W/ActivityManager( 1766): Slow operation: 141ms so far, now at startProcess: returned from zygote!
06-09 13:13:27.553 W/ActivityManager( 1766): Slow operation: 142ms so far, now at startProcess: done updating battery stats
06-09 13:13:27.554 W/ActivityManager( 1766): Slow operation: 143ms so far, now at startProcess: building log message
06-09 13:13:27.554 I/ActivityManager( 1766): Start proc 2750:com.android.dialer/u0a8 for broadcast com.android.dialer/.calllog.CallLogReceiver
06-09 13:13:27.554 W/ActivityManager( 1766): Slow operation: 143ms so far, now at startProcess: starting to update pids map
06-09 13:13:27.587 W/ActivityManager( 1766): Slow operation: 177ms so far, now at startProcess: done updating pids map
06-09 13:13:27.588 W/ActivityManager( 1766): Slow operation: 180ms so far, now at startProcess: done starting proc!
06-09 13:13:27.621 I/BootReceiver( 1766): Copying audit failures to DropBox
06-09 13:13:27.622 I/BootReceiver( 1766): Checking for fsck errors
06-09 13:13:27.629 W/art     ( 2750): Unexpected CPU variant for X86 using defaults: x86_64
06-09 13:13:28.314 W/System  ( 2750): ClassLoader referenced unknown path: /system/priv-app/Dialer/lib/x86_64
06-09 13:13:29.736 D/ExtensionsFactory( 2750): No custom extensions.
06-09 13:13:29.761 D/BlockedNumbersAuto( 2750): Not attempting auto-migrate: already checked once.
06-09 13:13:30.028 D/CarrierConfigLoader( 2227): mHandler: 13 phoneId: 0
06-09 13:13:30.029 D/CarrierConfigLoader( 2227): mHandler: 7 phoneId: 0
