06-01 16:37:09.973 E/Hyphenator( 1329): 	at com.android.internal.os.ZygoteInit.main(ZygoteInit.java:743)
06-01 16:37:09.973 E/Hyphenator( 1329): Caused by: android.system.ErrnoException: open failed: ENOENT (No such file or directory)
06-01 16:37:09.973 E/Hyphenator( 1329): 	at libcore.io.Posix.open(Native Method)
06-01 16:37:09.973 E/Hyphenator( 1329): 	at libcore.io.BlockGuardOs.open(BlockGuardOs.java:187)
06-01 16:37:09.973 E/Hyphenator( 1329): 	at libcore.io.IoBridge.open(IoBridge.java:441)
06-01 16:37:09.973 E/Hyphenator( 1329): 	... 6 more
06-01 16:37:09.975 E/Hyphenator( 1329): error loading hyphenation /system/usr/hyphen-data/hyph-hi.hyb
06-01 16:37:09.975 E/Hyphenator( 1329): java.io.FileNotFoundException: /system/usr/hyphen-data/hyph-hi.hyb: open failed: ENOENT (No such file or directory)
06-01 16:37:09.975 E/Hyphenator( 1329): 	at libcore.io.IoBridge.open(IoBridge.java:455)
06-01 16:37:09.975 E/Hyphenator( 1329): 	at java.io.RandomAccessFile.<init>(RandomAccessFile.java:247)
06-01 16:37:09.975 E/Hyphenator( 1329): 	at android.text.Hyphenator.loadHyphenator(Hyphenator.java:118)
06-01 16:37:09.975 E/Hyphenator( 1329): 	at android.text.Hyphenator.init(Hyphenator.java:224)
06-01 16:37:09.975 E/Hyphenator( 1329): 	at com.android.internal.os.ZygoteInit.preloadTextResources(ZygoteInit.java:252)
06-01 16:37:09.975 E/Hyphenator( 1329): 	at com.android.internal.os.ZygoteInit.preload(ZygoteInit.java:206)
06-01 16:37:09.975 E/Hyphenator( 1329): 	at com.android.internal.os.ZygoteInit.main(ZygoteInit.java:743)
06-01 16:37:09.975 E/Hyphenator( 1329): Caused by: android.system.ErrnoException: open failed: ENOENT (No such file or directory)
06-01 16:37:09.975 E/Hyphenator( 1329): 	at libcore.io.Posix.open(Native Method)
06-01 16:37:09.975 E/Hyphenator( 1329): 	at libcore.io.BlockGuardOs.open(BlockGuardOs.java:187)
06-01 16:37:09.975 E/Hyphenator( 1329): 	at libcore.io.IoBridge.open(IoBridge.java:441)
06-01 16:37:09.975 E/Hyphenator( 1329): 	... 6 more
06-01 16:37:09.977 E/Hyphenator( 1329): error loading hyphenation /system/usr/hyphen-data/hyph-hr.hyb
06-01 16:37:09.977 E/Hyphenator( 1329): java.io.FileNotFoundException: /system/usr/hyphen-data/hyph-hr.hyb: open failed: ENOENT (No such file or directory)
06-01 16:37:09.977 E/Hyphenator( 1329): 	at libcore.io.IoBridge.open(IoBridge.java:455)
06-01 16:37:09.977 E/Hyphenator( 1329): 	at java.io.RandomAccessFile.<init>(RandomAccessFile.java:247)
06-01 16:37:09.977 E/Hyphenator( 1329): 	at android.text.Hyphenator.loadHyphenator(Hyphenator.java:118)
06-01 16:37:09.977 E/Hyphenator( 1329): 	at android.text.Hyphenator.init(Hyphenator.java:224)
06-01 16:37:09.977 E/Hyphenator( 1329): 	at com.android.internal.os.ZygoteInit.preloadTextResources(ZygoteInit.java:252)
06-01 16:37:09.977 E/Hyphenator( 1329): 	at com.android.internal.os.ZygoteInit.preload(ZygoteInit.java:206)
06-01 16:37:09.977 E/Hyphenator( 1329): 	at com.android.internal.os.ZygoteInit.main(ZygoteInit.java:743)
06-01 16:37:09.977 E/Hyphenator( 1329): Caused by: android.system.ErrnoException: open failed: ENOENT (No such file or directory)
06-01 16:37:09.977 E/Hyphenator( 1329): 	at libcore.io.Posix.open(Native Method)
06-01 16:37:09.977 E/Hyphenator( 1329): 	at libcore.io.BlockGuardOs.open(BlockGuardOs.java:187)
06-01 16:37:09.977 E/Hyphenator( 1329): 	at libcore.io.IoBridge.open(IoBridge.java:441)
06-01 16:37:09.977 E/Hyphenator( 1329): 	... 6 more
06-01 16:37:09.979 E/Hyphenator( 1329): error loading hyphenation /system/usr/hyphen-data/hyph-hu.hyb
06-01 16:37:09.979 E/Hyphenator( 1329): java.io.FileNotFoundException: /system/usr/hyphen-data/hyph-hu.hyb: open failed: ENOENT (No such file or directory)
06-01 16:37:09.979 E/Hyphenator( 1329): 	at libcore.io.IoBridge.open(IoBridge.java:455)
06-01 16:37:09.979 E/Hyphenator( 1329): 	at java.io.RandomAccessFile.<init>(RandomAccessFile.java:247)
06-01 16:37:09.979 E/Hyphenator( 1329): 	at android.text.Hyphenator.loadHyphenator(Hyphenator.java:118)
06-01 16:37:09.979 E/Hyphenator( 1329): 	at android.text.Hyphenator.init(Hyphenator.java:224)
06-01 16:37:09.979 E/Hyphenator( 1329): 	at com.android.internal.os.ZygoteInit.preloadTextResources(ZygoteInit.java:252)
06-01 16:37:09.979 E/Hyphenator( 1329): 	at com.android.internal.os.ZygoteInit.preload(ZygoteInit.java:206)
06-01 16:37:09.979 E/Hyphenator( 1329): 	at com.android.internal.os.ZygoteInit.main(ZygoteInit.java:743)
06-01 16:37:09.979 E/Hyphenator( 1329): Caused by: android.system.ErrnoException: open failed: ENOENT (No such file or directory)
06-01 16:37:09.979 E/Hyphenator( 1329): 	at libcore.io.Posix.open(Native Method)
06-01 16:37:09.979 E/Hyphenator( 1329): 	at libcore.io.BlockGuardOs.open(BlockGuardOs.java:187)
06-01 16:37:09.979 E/Hyphenator( 1329): 	at libcore.io.IoBridge.open(IoBridge.java:441)
06-01 16:37:09.979 E/Hyphenator( 1329): 	... 6 more
06-01 16:37:10.031 E/Hyphenator( 1329): error loading hyphenation /system/usr/hyphen-data/hyph-hy.hyb
06-01 16:37:10.031 E/Hyphenator( 1329): java.io.FileNotFoundException: /system/usr/hyphen-data/hyph-hy.hyb: open failed: ENOENT (No such file or directory)
06-01 16:37:10.031 E/Hyphenator( 1329): 	at libcore.io.IoBridge.open(IoBridge.java:455)
06-01 16:37:10.031 E/Hyphenator( 1329): 	at java.io.RandomAccessFile.<init>(RandomAccessFile.java:247)
06-01 16:37:10.031 E/Hyphenator( 1329): 	at android.text.Hyphenator.loadHyphenator(Hyphenator.java:118)
06-01 16:37:10.031 E/Hyphenator( 1329): 	at android.text.Hyphenator.init(Hyphenator.java:224)
06-01 16:37:10.031 E/Hyphenator( 1329): 	at com.android.internal.os.ZygoteInit.preloadTextResources(ZygoteInit.java:252)
06-01 16:37:10.031 E/Hyphenator( 1329): 	at com.android.internal.os.ZygoteInit.preload(ZygoteInit.java:206)
06-01 16:37:10.031 E/Hyphenator( 1329): 	at com.android.internal.os.ZygoteInit.main(ZygoteInit.java:743)
06-01 16:37:10.031 E/Hyphenator( 1329): Caused by: android.system.ErrnoException: open failed: ENOENT (No such file or directory)
06-01 16:37:10.031 E/Hyphenator( 1329): 	at libcore.io.Posix.open(Native Method)
06-01 16:37:10.031 E/Hyphenator( 1329): 	at libcore.io.BlockGuardOs.open(BlockGuardOs.java:187)
06-01 16:37:10.031 E/Hyphenator( 1329): 	at libcore.io.IoBridge.open(IoBridge.java:441)
06-01 16:37:10.031 E/Hyphenator( 1329): 	... 6 more
06-01 16:37:10.033 E/Hyphenator( 1329): error loading hyphenation /system/usr/hyphen-data/hyph-kn.hyb
06-01 16:37:10.033 E/Hyphenator( 1329): java.io.FileNotFoundException: /system/usr/hyphen-data/hyph-kn.hyb: open failed: ENOENT (No such file or directory)
06-01 16:37:10.033 E/Hyphenator( 1329): 	at libcore.io.IoBridge.open(IoBridge.java:455)
06-01 16:37:10.033 E/Hyphenator( 1329): 	at java.io.RandomAccessFile.<init>(RandomAccessFile.java:247)
06-01 16:37:10.033 E/Hyphenator( 1329): 	at android.text.Hyphenator.loadHyphenator(Hyphenator.java:118)
06-01 16:37:10.033 E/Hyphenator( 1329): 	at android.text.Hyphenator.init(Hyphenator.java:224)
06-01 16:37:10.033 E/Hyphenator( 1329): 	at com.android.internal.os.ZygoteInit.preloadTextResources(ZygoteInit.java:252)
06-01 16:37:10.033 E/Hyphenator( 1329): 	at com.android.internal.os.ZygoteInit.preload(ZygoteInit.java:206)
06-01 16:37:10.033 E/Hyphenator( 1329): 	at com.android.internal.os.ZygoteInit.main(ZygoteInit.java:743)
06-01 16:37:10.033 E/Hyphenator( 1329): Caused by: android.system.ErrnoException: open failed: ENOENT (No such file or directory)
06-01 16:37:10.033 E/Hyphenator( 1329): 	at libcore.io.Posix.open(Native Method)
06-01 16:37:10.033 E/Hyphenator( 1329): 	at libcore.io.BlockGuardOs.open(BlockGuardOs.java:187)
06-01 16:37:10.033 E/Hyphenator( 1329): 	at libcore.io.IoBridge.open(IoBridge.java:441)
06-01 16:37:10.033 E/Hyphenator( 1329): 	... 6 more
06-01 16:37:10.035 E/Hyphenator( 1329): error loading hyphenation /system/usr/hyphen-data/hyph-ml.hyb
06-01 16:37:10.035 E/Hyphenator( 1329): java.io.FileNotFoundException: /system/usr/hyphen-data/hyph-ml.hyb: open failed: ENOENT (No such file or directory)
06-01 16:37:10.035 E/Hyphenator( 1329): 	at libcore.io.IoBridge.open(IoBridge.java:455)
06-01 16:37:10.035 E/Hyphenator( 1329): 	at java.io.RandomAccessFile.<init>(RandomAccessFile.java:247)
06-01 16:37:10.035 E/Hyphenator( 1329): 	at android.text.Hyphenator.loadHyphenator(Hyphenator.java:118)
06-01 16:37:10.035 E/Hyphenator( 1329): 	at android.text.Hyphenator.init(Hyphenator.java:224)
06-01 16:37:10.035 E/Hyphenator( 1329): 	at com.android.internal.os.ZygoteInit.preloadTextResources(ZygoteInit.java:252)
06-01 16:37:10.035 E/Hyphenator( 1329): 	at com.android.internal.os.ZygoteInit.preload(ZygoteInit.java:206)
06-01 16:37:10.035 E/Hyphenator( 1329): 	at com.android.internal.os.ZygoteInit.main(ZygoteInit.java:743)
06-01 16:37:10.035 E/Hyphenator( 1329): Caused by: android.system.ErrnoException: open failed: ENOENT (No such file or directory)
06-01 16:37:10.035 E/Hyphenator( 1329): 	at libcore.io.Posix.open(Native Method)
06-01 16:37:10.035 E/Hyphenator( 1329): 	at libcore.io.BlockGuardOs.open(BlockGuardOs.java:187)
06-01 16:37:10.035 E/Hyphenator( 1329): 	at libcore.io.IoBridge.open(IoBridge.java:441)
06-01 16:37:10.035 E/Hyphenator( 1329): 	... 6 more
06-01 16:37:10.037 E/Hyphenator( 1329): error loading hyphenation /system/usr/hyphen-data/hyph-mn-cyrl.hyb
06-01 16:37:10.037 E/Hyphenator( 1329): java.io.FileNotFoundException: /system/usr/hyphen-data/hyph-mn-cyrl.hyb: open failed: ENOENT (No such file or directory)
06-01 16:37:10.037 E/Hyphenator( 1329): 	at libcore.io.IoBridge.open(IoBridge.java:455)
06-01 16:37:10.037 E/Hyphenator( 1329): 	at java.io.RandomAccessFile.<init>(RandomAccessFile.java:247)
06-01 16:37:10.037 E/Hyphenator( 1329): 	at android.text.Hyphenator.loadHyphenator(Hyphenator.java:118)
06-01 16:37:10.037 E/Hyphenator( 1329): 	at android.text.Hyphenator.init(Hyphenator.java:224)
06-01 16:37:10.037 E/Hyphenator( 1329): 	at com.android.internal.os.ZygoteInit.preloadTextResources(ZygoteInit.java:252)
06-01 16:37:10.037 E/Hyphenator( 1329): 	at com.android.internal.os.ZygoteInit.preload(ZygoteInit.java:206)
06-01 16:37:10.037 E/Hyphenator( 1329): 	at com.android.internal.os.ZygoteInit.main(ZygoteInit.java:743)
06-01 16:37:10.037 E/Hyphenator( 1329): Caused by: android.system.ErrnoException: open failed: ENOENT (No such file or directory)
06-01 16:37:10.037 E/Hyphenator( 1329): 	at libcore.io.Posix.open(Native Method)
06-01 16:37:10.037 E/Hyphenator( 1329): 	at libcore.io.BlockGuardOs.open(BlockGuardOs.java:187)
06-01 16:37:10.037 E/Hyphenator( 1329): 	at libcore.io.IoBridge.open(IoBridge.java:441)
06-01 16:37:10.037 E/Hyphenator( 1329): 	... 6 more
06-01 16:37:10.039 E/Hyphenator( 1329): error loading hyphenation /system/usr/hyphen-data/hyph-mr.hyb
06-01 16:37:10.039 E/Hyphenator( 1329): java.io.FileNotFoundException: /system/usr/hyphen-data/hyph-mr.hyb: open failed: ENOENT (No such file or directory)
06-01 16:37:10.039 E/Hyphenator( 1329): 	at libcore.io.IoBridge.open(IoBridge.java:455)
06-01 16:37:10.039 E/Hyphenator( 1329): 	at java.io.RandomAccessFile.<init>(RandomAccessFile.java:247)
06-01 16:37:10.039 E/Hyphenator( 1329): 	at android.text.Hyphenator.loadHyphenator(Hyphenator.java:118)
06-01 16:37:10.039 E/Hyphenator( 1329): 	at android.text.Hyphenator.init(Hyphenator.java:224)
06-01 16:37:10.039 E/Hyphenator( 1329): 	at com.android.internal.os.ZygoteInit.preloadTextResources(ZygoteInit.java:252)
06-01 16:37:10.039 E/Hyphenator( 1329): 	at com.android.internal.os.ZygoteInit.preload(ZygoteInit.java:206)
06-01 16:37:10.039 E/Hyphenator( 1329): 	at com.android.internal.os.ZygoteInit.main(ZygoteInit.java:743)
06-01 16:37:10.039 E/Hyphenator( 1329): Caused by: android.system.ErrnoException: open failed: ENOENT (No such file or directory)
06-01 16:37:10.039 E/Hyphenator( 1329): 	at libcore.io.Posix.open(Native Method)
06-01 16:37:10.039 E/Hyphenator( 1329): 	at libcore.io.BlockGuardOs.open(BlockGuardOs.java:187)
06-01 16:37:10.039 E/Hyphenator( 1329): 	at libcore.io.IoBridge.open(IoBridge.java:441)
06-01 16:37:10.039 E/Hyphenator( 1329): 	... 6 more
06-01 16:37:10.102 E/Hyphenator( 1329): error loading hyphenation /system/usr/hyphen-data/hyph-nb.hyb
06-01 16:37:10.102 E/Hyphenator( 1329): java.io.FileNotFoundException: /system/usr/hyphen-data/hyph-nb.hyb: open failed: ENOENT (No such file or directory)
06-01 16:37:10.102 E/Hyphenator( 1329): 	at libcore.io.IoBridge.open(IoBridge.java:455)
06-01 16:37:10.102 E/Hyphenator( 1329): 	at java.io.RandomAccessFile.<init>(RandomAccessFile.java:247)
06-01 16:37:10.102 E/Hyphenator( 1329): 	at android.text.Hyphenator.loadHyphenator(Hyphenator.java:118)
06-01 16:37:10.102 E/Hyphenator( 1329): 	at android.text.Hyphenator.init(Hyphenator.java:224)
06-01 16:37:10.102 E/Hyphenator( 1329): 	at com.android.internal.os.ZygoteInit.preloadTextResources(ZygoteInit.java:252)
06-01 16:37:10.102 E/Hyphenator( 1329): 	at com.android.internal.os.ZygoteInit.preload(ZygoteInit.java:206)
06-01 16:37:10.102 E/Hyphenator( 1329): 	at com.android.internal.os.ZygoteInit.main(ZygoteInit.java:743)
06-01 16:37:10.102 E/Hyphenator( 1329): Caused by: android.system.ErrnoException: open failed: ENOENT (No such file or directory)
06-01 16:37:10.102 E/Hyphenator( 1329): 	at libcore.io.Posix.open(Native Method)
06-01 16:37:10.102 E/Hyphenator( 1329): 	at libcore.io.BlockGuardOs.open(BlockGuardOs.java:187)
06-01 16:37:10.102 E/Hyphenator( 1329): 	at libcore.io.IoBridge.open(IoBridge.java:441)
06-01 16:37:10.102 E/Hyphenator( 1329): 	... 6 more
06-01 16:37:10.104 E/Hyphenator( 1329): error loading hyphenation /system/usr/hyphen-data/hyph-nn.hyb
06-01 16:37:10.104 E/Hyphenator( 1329): java.io.FileNotFoundException: /system/usr/hyphen-data/hyph-nn.hyb: open failed: ENOENT (No such file or directory)
06-01 16:37:10.104 E/Hyphenator( 1329): 	at libcore.io.IoBridge.open(IoBridge.java:455)
06-01 16:37:10.104 E/Hyphenator( 1329): 	at java.io.RandomAccessFile.<init>(RandomAccessFile.java:247)
06-01 16:37:10.104 E/Hyphenator( 1329): 	at android.text.Hyphenator.loadHyphenator(Hyphenator.java:118)
06-01 16:37:10.104 E/Hyphenator( 1329): 	at android.text.Hyphenator.init(Hyphenator.java:224)
06-01 16:37:10.104 E/Hyphenator( 1329): 	at com.android.internal.os.ZygoteInit.preloadTextResources(ZygoteInit.java:252)
06-01 16:37:10.104 E/Hyphenator( 1329): 	at com.android.internal.os.ZygoteInit.preload(ZygoteInit.java:206)
06-01 16:37:10.104 E/Hyphenator( 1329): 	at com.android.internal.os.ZygoteInit.main(ZygoteInit.java:743)
06-01 16:37:10.104 E/Hyphenator( 1329): Caused by: android.system.ErrnoException: open failed: ENOENT (No such file or directory)
06-01 16:37:10.104 E/Hyphenator( 1329): 	at libcore.io.Posix.open(Native Method)
06-01 16:37:10.104 E/Hyphenator( 1329): 	at libcore.io.BlockGuardOs.open(BlockGuardOs.java:187)
06-01 16:37:10.104 E/Hyphenator( 1329): 	at libcore.io.IoBridge.open(IoBridge.java:441)
06-01 16:37:10.104 E/Hyphenator( 1329): 	... 6 more
06-01 16:37:10.106 E/Hyphenator( 1329): error loading hyphenation /system/usr/hyphen-data/hyph-or.hyb
06-01 16:37:10.106 E/Hyphenator( 1329): java.io.FileNotFoundException: /system/usr/hyphen-data/hyph-or.hyb: open failed: ENOENT (No such file or directory)
06-01 16:37:10.106 E/Hyphenator( 1329): 	at libcore.io.IoBridge.open(IoBridge.java:455)
06-01 16:37:10.106 E/Hyphenator( 1329): 	at java.io.RandomAccessFile.<init>(RandomAccessFile.java:247)
06-01 16:37:10.106 E/Hyphenator( 1329): 	at android.text.Hyphenator.loadHyphenator(Hyphenator.java:118)
06-01 16:37:10.106 E/Hyphenator( 1329): 	at android.text.Hyphenator.init(Hyphenator.java:224)
06-01 16:37:10.106 E/Hyphenator( 1329): 	at com.android.internal.os.ZygoteInit.preloadTextResources(ZygoteInit.java:252)
06-01 16:37:10.106 E/Hyphenator( 1329): 	at com.android.internal.os.ZygoteInit.preload(ZygoteInit.java:206)
06-01 16:37:10.106 E/Hyphenator( 1329): 	at com.android.internal.os.ZygoteInit.main(ZygoteInit.java:743)
06-01 16:37:10.106 E/Hyphenator( 1329): Caused by: android.system.ErrnoException: open failed: ENOENT (No such file or directory)
06-01 16:37:10.106 E/Hyphenator( 1329): 	at libcore.io.Posix.open(Native Method)
06-01 16:37:10.106 E/Hyphenator( 1329): 	at libcore.io.BlockGuardOs.open(BlockGuardOs.java:187)
06-01 16:37:10.106 E/Hyphenator( 1329): 	at libcore.io.IoBridge.open(IoBridge.java:441)
06-01 16:37:10.106 E/Hyphenator( 1329): 	... 6 more
06-01 16:37:10.108 E/Hyphenator( 1329): error loading hyphenation /system/usr/hyphen-data/hyph-pa.hyb
06-01 16:37:10.108 E/Hyphenator( 1329): java.io.FileNotFoundException: /system/usr/hyphen-data/hyph-pa.hyb: open failed: ENOENT (No such file or directory)
06-01 16:37:10.108 E/Hyphenator( 1329): 	at libcore.io.IoBridge.open(IoBridge.java:455)
06-01 16:37:10.108 E/Hyphenator( 1329): 	at java.io.RandomAccessFile.<init>(RandomAccessFile.java:247)
06-01 16:37:10.108 E/Hyphenator( 1329): 	at android.text.Hyphenator.loadHyphenator(Hyphenator.java:118)
06-01 16:37:10.108 E/Hyphenator( 1329): 	at android.text.Hyphenator.init(Hyphenator.java:224)
06-01 16:37:10.108 E/Hyphenator( 1329): 	at com.android.internal.os.ZygoteInit.preloadTextResources(ZygoteInit.java:252)
06-01 16:37:10.108 E/Hyphenator( 1329): 	at com.android.internal.os.ZygoteInit.preload(ZygoteInit.java:206)
06-01 16:37:10.108 E/Hyphenator( 1329): 	at com.android.internal.os.ZygoteInit.main(ZygoteInit.java:743)
06-01 16:37:10.108 E/Hyphenator( 1329): Caused by: android.system.ErrnoException: open failed: ENOENT (No such file or directory)
06-01 16:37:10.108 E/Hyphenator( 1329): 	at libcore.io.Posix.open(Native Method)
06-01 16:37:10.108 E/Hyphenator( 1329): 	at libcore.io.BlockGuardOs.open(BlockGuardOs.java:187)
06-01 16:37:10.108 E/Hyphenator( 1329): 	at libcore.io.IoBridge.open(IoBridge.java:441)
06-01 16:37:10.108 E/Hyphenator( 1329): 	... 6 more
06-01 16:37:10.109 E/Hyphenator( 1329): error loading hyphenation /system/usr/hyphen-data/hyph-pt.hyb
06-01 16:37:10.109 E/Hyphenator( 1329): java.io.FileNotFoundException: /system/usr/hyphen-data/hyph-pt.hyb: open failed: ENOENT (No such file or directory)
06-01 16:37:10.109 E/Hyphenator( 1329): 	at libcore.io.IoBridge.open(IoBridge.java:455)
06-01 16:37:10.109 E/Hyphenator( 1329): 	at java.io.RandomAccessFile.<init>(RandomAccessFile.java:247)
06-01 16:37:10.109 E/Hyphenator( 1329): 	at android.text.Hyphenator.loadHyphenator(Hyphenator.java:118)
06-01 16:37:10.109 E/Hyphenator( 1329): 	at android.text.Hyphenator.init(Hyphenator.java:224)
06-01 16:37:10.109 E/Hyphenator( 1329): 	at com.android.internal.os.ZygoteInit.preloadTextResources(ZygoteInit.java:252)
06-01 16:37:10.109 E/Hyphenator( 1329): 	at com.android.internal.os.ZygoteInit.preload(ZygoteInit.java:206)
06-01 16:37:10.109 E/Hyphenator( 1329): 	at com.android.internal.os.ZygoteInit.main(ZygoteInit.java:743)
06-01 16:37:10.109 E/Hyphenator( 1329): Caused by: android.system.ErrnoException: open failed: ENOENT (No such file or directory)
06-01 16:37:10.109 E/Hyphenator( 1329): 	at libcore.io.Posix.open(Native Method)
06-01 16:37:10.109 E/Hyphenator( 1329): 	at libcore.io.BlockGuardOs.open(BlockGuardOs.java:187)
06-01 16:37:10.109 E/Hyphenator( 1329): 	at libcore.io.IoBridge.open(IoBridge.java:441)
06-01 16:37:10.109 E/Hyphenator( 1329): 	... 6 more
06-01 16:37:10.174 E/Hyphenator( 1329): error loading hyphenation /system/usr/hyphen-data/hyph-sl.hyb
06-01 16:37:10.174 E/Hyphenator( 1329): java.io.FileNotFoundException: /system/usr/hyphen-data/hyph-sl.hyb: open failed: ENOENT (No such file or directory)
06-01 16:37:10.174 E/Hyphenator( 1329): 	at libcore.io.IoBridge.open(IoBridge.java:455)
06-01 16:37:10.174 E/Hyphenator( 1329): 	at java.io.RandomAccessFile.<init>(RandomAccessFile.java:247)
06-01 16:37:10.174 E/Hyphenator( 1329): 	at android.text.Hyphenator.loadHyphenator(Hyphenator.java:118)
06-01 16:37:10.174 E/Hyphenator( 1329): 	at android.text.Hyphenator.init(Hyphenator.java:224)
06-01 16:37:10.174 E/Hyphenator( 1329): 	at com.android.internal.os.ZygoteInit.preloadTextResources(ZygoteInit.java:252)
06-01 16:37:10.174 E/Hyphenator( 1329): 	at com.android.internal.os.ZygoteInit.preload(ZygoteInit.java:206)
06-01 16:37:10.174 E/Hyphenator( 1329): 	at com.android.internal.os.ZygoteInit.main(ZygoteInit.java:743)
06-01 16:37:10.174 E/Hyphenator( 1329): Caused by: android.system.ErrnoException: open failed: ENOENT (No such file or directory)
06-01 16:37:10.174 E/Hyphenator( 1329): 	at libcore.io.Posix.open(Native Method)
06-01 16:37:10.174 E/Hyphenator( 1329): 	at libcore.io.BlockGuardOs.open(BlockGuardOs.java:187)
06-01 16:37:10.174 E/Hyphenator( 1329): 	at libcore.io.IoBridge.open(IoBridge.java:441)
06-01 16:37:10.174 E/Hyphenator( 1329): 	... 6 more
06-01 16:37:10.176 E/Hyphenator( 1329): error loading hyphenation /system/usr/hyphen-data/hyph-ta.hyb
06-01 16:37:10.176 E/Hyphenator( 1329): java.io.FileNotFoundException: /system/usr/hyphen-data/hyph-ta.hyb: open failed: ENOENT (No such file or directory)
06-01 16:37:10.176 E/Hyphenator( 1329): 	at libcore.io.IoBridge.open(IoBridge.java:455)
06-01 16:37:10.176 E/Hyphenator( 1329): 	at java.io.RandomAccessFile.<init>(RandomAccessFile.java:247)
06-01 16:37:10.176 E/Hyphenator( 1329): 	at android.text.Hyphenator.loadHyphenator(Hyphenator.java:118)
06-01 16:37:10.176 E/Hyphenator( 1329): 	at android.text.Hyphenator.init(Hyphenator.java:224)
06-01 16:37:10.176 E/Hyphenator( 1329): 	at com.android.internal.os.ZygoteInit.preloadTextResources(ZygoteInit.java:252)
06-01 16:37:10.176 E/Hyphenator( 1329): 	at com.android.internal.os.ZygoteInit.preload(ZygoteInit.java:206)
06-01 16:37:10.176 E/Hyphenator( 1329): 	at com.android.internal.os.ZygoteInit.main(ZygoteInit.java:743)
06-01 16:37:10.176 E/Hyphenator( 1329): Caused by: android.system.ErrnoException: open failed: ENOENT (No such file or directory)
06-01 16:37:10.176 E/Hyphenator( 1329): 	at libcore.io.Posix.open(Native Method)
06-01 16:37:10.176 E/Hyphenator( 1329): 	at libcore.io.BlockGuardOs.open(BlockGuardOs.java:187)
06-01 16:37:10.176 E/Hyphenator( 1329): 	at libcore.io.IoBridge.open(IoBridge.java:441)
06-01 16:37:10.176 E/Hyphenator( 1329): 	... 6 more
06-01 16:37:10.178 E/Hyphenator( 1329): error loading hyphenation /system/usr/hyphen-data/hyph-te.hyb
06-01 16:37:10.178 E/Hyphenator( 1329): java.io.FileNotFoundException: /system/usr/hyphen-data/hyph-te.hyb: open failed: ENOENT (No such file or directory)
06-01 16:37:10.178 E/Hyphenator( 1329): 	at libcore.io.IoBridge.open(IoBridge.java:455)
06-01 16:37:10.178 E/Hyphenator( 1329): 	at java.io.RandomAccessFile.<init>(RandomAccessFile.java:247)
06-01 16:37:10.178 E/Hyphenator( 1329): 	at android.text.Hyphenator.loadHyphenator(Hyphenator.java:118)
06-01 16:37:10.178 E/Hyphenator( 1329): 	at android.text.Hyphenator.init(Hyphenator.java:224)
06-01 16:37:10.178 E/Hyphenator( 1329): 	at com.android.internal.os.ZygoteInit.preloadTextResources(ZygoteInit.java:252)
06-01 16:37:10.178 E/Hyphenator( 1329): 	at com.android.internal.os.ZygoteInit.preload(ZygoteInit.java:206)
06-01 16:37:10.178 E/Hyphenator( 1329): 	at com.android.internal.os.ZygoteInit.main(ZygoteInit.java:743)
06-01 16:37:10.178 E/Hyphenator( 1329): Caused by: android.system.ErrnoException: open failed: ENOENT (No such file or directory)
06-01 16:37:10.178 E/Hyphenator( 1329): 	at libcore.io.Posix.open(Native Method)
06-01 16:37:10.178 E/Hyphenator( 1329): 	at libcore.io.BlockGuardOs.open(BlockGuardOs.java:187)
06-01 16:37:10.178 E/Hyphenator( 1329): 	at libcore.io.IoBridge.open(IoBridge.java:441)
06-01 16:37:10.178 E/Hyphenator( 1329): 	... 6 more
06-01 16:37:10.256 E/Hyphenator( 1329): error loading hyphenation /system/usr/hyphen-data/hyph-tk.hyb
06-01 16:37:10.256 E/Hyphenator( 1329): java.io.FileNotFoundException: /system/usr/hyphen-data/hyph-tk.hyb: open failed: ENOENT (No such file or directory)
06-01 16:37:10.256 E/Hyphenator( 1329): 	at libcore.io.IoBridge.open(IoBridge.java:455)
06-01 16:37:10.256 E/Hyphenator( 1329): 	at java.io.RandomAccessFile.<init>(RandomAccessFile.java:247)
06-01 16:37:10.256 E/Hyphenator( 1329): 	at android.text.Hyphenator.loadHyphenator(Hyphenator.java:118)
06-01 16:37:10.256 E/Hyphenator( 1329): 	at android.text.Hyphenator.init(Hyphenator.java:224)
06-01 16:37:10.256 E/Hyphenator( 1329): 	at com.android.internal.os.ZygoteInit.preloadTextResources(ZygoteInit.java:252)
06-01 16:37:10.256 E/Hyphenator( 1329): 	at com.android.internal.os.ZygoteInit.preload(ZygoteInit.java:206)
06-01 16:37:10.256 E/Hyphenator( 1329): 	at com.android.internal.os.ZygoteInit.main(ZygoteInit.java:743)
06-01 16:37:10.256 E/Hyphenator( 1329): Caused by: android.system.ErrnoException: open failed: ENOENT (No such file or directory)
06-01 16:37:10.256 E/Hyphenator( 1329): 	at libcore.io.Posix.open(Native Method)
06-01 16:37:10.256 E/Hyphenator( 1329): 	at libcore.io.BlockGuardOs.open(BlockGuardOs.java:187)
06-01 16:37:10.256 E/Hyphenator( 1329): 	at libcore.io.IoBridge.open(IoBridge.java:441)
06-01 16:37:10.256 E/Hyphenator( 1329): 	... 6 more
06-01 16:37:10.259 E/Hyphenator( 1329): error loading hyphenation /system/usr/hyphen-data/hyph-und-ethi.hyb
06-01 16:37:10.259 E/Hyphenator( 1329): java.io.FileNotFoundException: /system/usr/hyphen-data/hyph-und-ethi.hyb: open failed: ENOENT (No such file or directory)
06-01 16:37:10.259 E/Hyphenator( 1329): 	at libcore.io.IoBridge.open(IoBridge.java:455)
06-01 16:37:10.259 E/Hyphenator( 1329): 	at java.io.RandomAccessFile.<init>(RandomAccessFile.java:247)
06-01 16:37:10.259 E/Hyphenator( 1329): 	at android.text.Hyphenator.loadHyphenator(Hyphenator.java:118)
06-01 16:37:10.259 E/Hyphenator( 1329): 	at android.text.Hyphenator.init(Hyphenator.java:224)
06-01 16:37:10.259 E/Hyphenator( 1329): 	at com.android.internal.os.ZygoteInit.preloadTextResources(ZygoteInit.java:252)
06-01 16:37:10.259 E/Hyphenator( 1329): 	at com.android.internal.os.ZygoteInit.preload(ZygoteInit.java:206)
06-01 16:37:10.259 E/Hyphenator( 1329): 	at com.android.internal.os.ZygoteInit.main(ZygoteInit.java:743)
06-01 16:37:10.259 E/Hyphenator( 1329): Caused by: android.system.ErrnoException: open failed: ENOENT (No such file or directory)
06-01 16:37:10.259 E/Hyphenator( 1329): 	at libcore.io.Posix.open(Native Method)
06-01 16:37:10.259 E/Hyphenator( 1329): 	at libcore.io.BlockGuardOs.open(BlockGuardOs.java:187)
06-01 16:37:10.259 E/Hyphenator( 1329): 	at libcore.io.IoBridge.open(IoBridge.java:441)
06-01 16:37:10.259 E/Hyphenator( 1329): 	... 6 more
06-01 16:37:10.855 I/Zygote  ( 1328): Warmed up JCA providers in 1052ms.
06-01 16:37:10.858 D/Zygote  ( 1328): end preload
06-01 16:37:10.943 I/art     ( 1328): Starting a blocking GC Explicit
06-01 16:37:11.672 I/art     ( 1328): Explicit concurrent mark sweep GC freed 15335(1175KB) AllocSpace objects, 1(16KB) LOS objects, 39% free, 6MB/10MB, paused 19.480ms total 575.099ms
06-01 16:37:11.674 I/art     ( 1328): Starting a blocking GC Explicit
06-01 16:37:11.811 I/Zygote  ( 1329): Uninstalled ICU cache reference pinning...
06-01 16:37:11.947 I/Zygote  ( 1329): Installed AndroidKeyStoreProvider in 134ms.
06-01 16:37:11.987 I/art     ( 1328): Explicit concurrent mark sweep GC freed 1262(48KB) AllocSpace objects, 2(116KB) LOS objects, 39% free, 6MB/10MB, paused 313us total 310.926ms
06-01 16:37:12.127 I/art     ( 1328): Starting a blocking GC HeapTrim
06-01 16:37:12.238 I/art     ( 1328): Starting a blocking GC Background
06-01 16:37:12.471 I/art     ( 1329): Background sticky concurrent mark sweep GC freed 12005(980KB) AllocSpace objects, 3(120KB) LOS objects, 15% free, 6MB/7MB, paused 38.225ms total 561.451ms
06-01 16:37:12.473 I/art     ( 1328): Background concurrent mark sweep GC freed 81(3KB) AllocSpace objects, 0(0B) LOS objects, 39% free, 6MB/10MB, paused 236us total 234.332ms
06-01 16:37:12.993 I/Zygote  ( 1328): System server process 1802 has been created
06-01 16:37:13.182 I/Zygote  ( 1328): Accepting command socket connections
06-01 16:37:13.311 I/Zygote  ( 1329): Warmed up JCA providers in 1364ms.
06-01 16:37:13.311 D/Zygote  ( 1329): end preload
06-01 16:37:13.312 I/art     ( 1329): Starting a blocking GC Explicit
06-01 16:37:13.604 I/art     ( 1329): Explicit concurrent mark sweep GC freed 5226(267KB) AllocSpace objects, 3(132KB) LOS objects, 39% free, 6MB/10MB, paused 462us total 290.853ms
06-01 16:37:13.656 I/art     ( 1329): Starting a blocking GC Explicit
06-01 16:37:13.974 I/art     ( 1329): Explicit concurrent mark sweep GC freed 53(1832B) AllocSpace objects, 0(0B) LOS objects, 39% free, 6MB/10MB, paused 437us total 316.584ms
06-01 16:37:13.978 I/Zygote  ( 1329): Accepting command socket connections
06-01 16:37:14.237 I/Zygote  ( 1802): Process: zygote socket opened, supported ABIS: x86
06-01 16:37:14.303 I/InstallerConnection( 1802): connecting...
06-01 16:37:14.307 I/        ( 1334): new connection
06-01 16:37:14.701 I/InstallerConnection( 1802): disconnecting...
06-01 16:37:14.728 E/        ( 1334): eof
06-01 16:37:14.728 E/        ( 1334): failed to read size
06-01 16:37:14.728 I/        ( 1334): closing connection
06-01 16:37:15.659 E/Netd    ( 1344): cannot find interface dummy0
06-01 16:37:15.790 I/SystemServer( 1802): Entered the Android system server!
06-01 16:37:16.081 D/MDnsDS  ( 1344): MDnsSdListener::Hander starting up
06-01 16:37:16.100 D/MDnsDS  ( 1344): MDnsSdListener starting to monitor
06-01 16:37:16.101 D/MDnsDS  ( 1344): Going to poll with pollCount 1
06-01 16:37:17.331 I/SystemServiceManager( 1802): Starting com.android.server.pm.Installer
06-01 16:37:17.419 I/Installer( 1802): Waiting for installd to be ready.
06-01 16:37:17.431 I/InstallerConnection( 1802): connecting...
06-01 16:37:17.432 I/        ( 1334): new connection
06-01 16:37:17.434 I/SystemServiceManager( 1802): Starting com.android.server.am.ActivityManagerService$Lifecycle
06-01 16:37:17.825 I/ActivityManager( 1802): Memory class: 256
06-01 16:37:17.861 I/ServiceThread( 1802): Enabled StrictMode logging for ActivityManager looper.
06-01 16:37:17.922 I/ServiceThread( 1802): Enabled StrictMode logging for android.ui looper.
06-01 16:37:18.208 D/BatteryStatsImpl( 1802): Reading daily items from /data/system/batterystats-daily.xml
06-01 16:37:20.101 I/IntentFirewall( 1802): Read new rules (A:0 B:0 S:0)
06-01 16:37:20.187 I/ServiceThread( 1802): Enabled StrictMode logging for android.display looper.
06-01 16:37:20.371 D/AppOps  ( 1802): AppOpsService published
06-01 16:37:20.373 I/SystemServiceManager( 1802): Starting com.android.server.power.PowerManagerService
06-01 16:37:20.447 I/ServiceThread( 1802): Enabled StrictMode logging for PowerManagerService looper.
06-01 16:37:20.453 E/PowerManagerService-JNI( 1802): Couldn't load power module (No such file or directory)
06-01 16:37:20.454 W/libsuspend( 1802): Error writing 'on' to /sys/power/state: Invalid argument
06-01 16:37:20.454 I/libsuspend( 1802): Selected wakeup count
06-01 16:37:20.529 I/SystemServiceManager( 1802): Starting com.android.server.lights.LightsService
06-01 16:37:20.620 I/SystemServiceManager( 1802): Starting com.android.server.display.DisplayManagerService
06-01 16:37:20.650 I/SystemServiceManager( 1802): Starting phase 100
06-01 16:37:20.675 E/SurfaceFlinger( 1325): ro.sf.lcd_density must be defined as a build property
06-01 16:37:20.753 I/DisplayManagerService( 1802): Display device added: DisplayDeviceInfo{"Built-in Screen": uniqueId="local:0", 1080 x 1920, modeId 1, defaultModeId 1, supportedModes [{id=1, width=1080, height=1920, fps=60.000004}], colorMode 0, supportedColorModes [0], HdrCapabilities android.view.Display$HdrCapabilities@a69d6308, density 480, 480.0 x 480.0 dpi, appVsyncOff 1000000, presDeadline 16666666, touch INTERNAL, rotation 0, type BUILT_IN, state UNKNOWN, FLAG_DEFAULT_DISPLAY, FLAG_ROTATES_WITH_CONTENT, FLAG_SECURE, FLAG_SUPPORTS_PROTECTED_BUFFERS}
06-01 16:37:20.791 D/SurfaceFlinger( 1325): Set power mode=2, type=0 flinger=0x750504c47000
06-01 16:37:20.791 D/SurfaceFlinger( 1325): Screen type=0 is already mode=2
06-01 16:37:20.797 I/DisplayManagerService( 1802): Display device changed state: "Built-in Screen", ON
06-01 16:37:20.810 I/SystemServer( 1802): StartPackageManagerService
06-01 16:37:21.243 W/SystemConfig( 1802): No directory /system/etc/sysconfig, skipping
06-01 16:37:21.671 D/SELinuxMMAC( 1802): Using policy file /system/etc/security/mac_permissions.xml
06-01 16:37:23.162 E/art     ( 1802): DexFile_getDexOptNeeded file '/system/framework/org.apache.http.legacy.jar' does not exist
06-01 16:37:23.163 W/PackageManager( 1802): Library not found: /system/framework/org.apache.http.legacy.jar
06-01 16:37:23.445 E/art     ( 1802): DexFile_getDexOptNeeded file '/system/framework/org.apache.http.legacy.jar' does not exist
06-01 16:37:23.446 W/PackageManager( 1802): Library not found: /system/framework/org.apache.http.legacy.jar
06-01 16:37:23.481 D/PackageManager( 1802): No files in app dir /vendor/overlay
06-01 16:37:24.541 W/PackageManager( 1802): Failed to parse /system/framework/oat: Missing base APK in /system/framework/oat
06-01 16:37:24.546 W/PackageManager( 1802): Failed to parse /system/framework/x86: Missing base APK in /system/framework/x86
06-01 16:37:24.548 W/PackageManager( 1802): Failed to parse /system/framework/x86_64: Missing base APK in /system/framework/x86_64
06-01 16:37:25.658 W/PackageParser( 1802): No actions in intent filter at /system/priv-app/Contacts/Contacts.apk Binary XML file line #409
06-01 16:37:26.561 W/PackageParser( 1802): No actions in intent filter at /system/priv-app/Dialer/Dialer.apk Binary XML file line #186
06-01 16:37:27.014 W/PackageManager( 1802): Permission android.permission.DOWNLOAD_WITHOUT_NOTIFICATION from package com.android.providers.downloads in an unknown group android.permission-group.NETWORK
06-01 16:37:30.128 W/PackageParser( 1802): Ignoring duplicate uses-permissions/uses-permissions-sdk-m: android.permission.USE_CREDENTIALS in package: com.android.settings at: Binary XML file line #53
06-01 16:37:30.145 W/PackageParser( 1802): Ignoring duplicate uses-permissions/uses-permissions-sdk-m: android.permission.READ_SYNC_SETTINGS in package: com.android.settings at: Binary XML file line #58
06-01 16:37:30.146 W/PackageParser( 1802): Ignoring duplicate uses-permissions/uses-permissions-sdk-m: android.permission.WRITE_SYNC_SETTINGS in package: com.android.settings at: Binary XML file line #59
06-01 16:37:31.562 W/art     ( 1802): Suspending all threads took: 18.583ms
06-01 16:37:31.712 W/PackageParser( 1802): Ignoring duplicate uses-permissions/uses-permissions-sdk-m: android.permission.INSTALL_GRANT_RUNTIME_PERMISSIONS in package: com.android.shell at: Binary XML file line #102
06-01 16:37:31.816 I/art     ( 1802): Background sticky concurrent mark sweep GC freed 31696(2MB) AllocSpace objects, 24(520KB) LOS objects, 30% free, 6MB/10MB, paused 22.792ms total 775.897ms
06-01 16:37:32.583 W/PackageParser( 1802): Ignoring duplicate uses-permissions/uses-permissions-sdk-m: android.permission.CONFIGURE_WIFI_DISPLAY in package: com.android.systemui at: Binary XML file line #123
06-01 16:37:34.533 W/PackageManager( 1802): Non-privileged app; cap priority to 0; package: com.android.calendar activity: com.android.calendar.GoogleCalendarUriIntentFilter origPrio: 50
06-01 16:37:34.803 W/PackageManager( 1802): Non-privileged app; cap priority to 0; package: com.android.cts.ctsshim activity: com.android.cts.ctsshim.InstallPriority origPrio: 100
06-01 16:37:34.803 W/PackageManager( 1802): Non-privileged app; cap priority to 0; package: com.android.cts.ctsshim activity: com.android.cts.ctsshim.InstallPriority origPrio: 100
06-01 16:37:34.803 W/PackageManager( 1802): Non-privileged app; cap priority to 0; package: com.android.cts.ctsshim activity: com.android.cts.ctsshim.InstallPriority origPrio: 100
06-01 16:37:34.803 W/PackageManager( 1802): Non-privileged app; cap priority to 0; package: com.android.cts.ctsshim activity: com.android.cts.ctsshim.InstallPriority origPrio: 100
06-01 16:37:34.803 W/PackageManager( 1802): Non-privileged app; cap priority to 0; package: com.android.cts.ctsshim activity: com.android.cts.ctsshim.InstallPriority origPrio: 100
06-01 16:37:35.938 W/PackageParser( 1802): Ignoring duplicate uses-permissions/uses-permissions-sdk-m: android.permission.WRITE_CONTACTS in package: com.android.email at: Binary XML file line #40
06-01 16:37:36.817 W/PackageParser( 1802): Unknown element under <application>: permission at /system/app/Gallery2/Gallery2.apk Binary XML file line #238
06-01 16:37:36.817 W/PackageParser( 1802): Unknown element under <application>: permission at /system/app/Gallery2/Gallery2.apk Binary XML file line #241
06-01 16:37:37.946 W/PackageManager( 1802): Permission com.android.launcher3.permission.READ_SETTINGS from package com.android.launcher3 in an unknown group android.permission-group.SYSTEM_TOOLS
06-01 16:37:37.947 W/PackageManager( 1802): Permission com.android.launcher3.permission.WRITE_SETTINGS from package com.android.launcher3 in an unknown group android.permission-group.SYSTEM_TOOLS
06-01 16:37:37.947 W/PackageManager( 1802): Permission com.android.launcher.permission.INSTALL_SHORTCUT from package com.android.launcher3 in an unknown group android.permission-group.SYSTEM_TOOLS
06-01 16:37:40.472 D/PackageManager( 1802): No files in app dir /system/vendor/app
06-01 16:37:40.473 D/PackageManager( 1802): No files in app dir /oem/app
06-01 16:37:41.457 W/PackageParser( 1802): No actions in intent filter at /data/app/ApiDemos/ApiDemos.apk Binary XML file line #3145
06-01 16:37:41.458 W/PackageParser( 1802): No actions in intent filter at /data/app/ApiDemos/ApiDemos.apk Binary XML file line #3151
06-01 16:37:41.511 W/PackageManager( 1802): Package com.example.android.apis desires unavailable shared library com.example.will.never.exist; ignoring!
06-01 16:37:41.605 I/SELinux ( 1802): SELinux: Loaded file_contexts contexts from /file_contexts.bin.
06-01 16:37:42.365 D/PackageManager( 1802): No files in app dir /data/app-private
06-01 16:37:42.370 D/PackageManager( 1802): No files in app dir /data/app-ephemeral
06-01 16:37:42.385 E/PackageManager( 1802): There should probably be exactly one setup wizard; found 0: matches=[]
06-01 16:37:42.386 W/PackageManager( 1802): Protected action; cap priority to 0; package: com.android.cts.priv.ctsshim activity: com.android.cts.priv.ctsshim.InstallPriority origPrio: 100
06-01 16:37:42.386 W/PackageManager( 1802): Protected action; cap priority to 0; package: com.android.cts.priv.ctsshim activity: com.android.cts.priv.ctsshim.InstallPriority origPrio: 100
06-01 16:37:42.386 W/PackageManager( 1802): Protected action; cap priority to 0; package: com.android.cts.priv.ctsshim activity: com.android.cts.priv.ctsshim.InstallPriority origPrio: 100
06-01 16:37:42.386 W/PackageManager( 1802): Protected action; cap priority to 0; package: com.android.cts.priv.ctsshim activity: com.android.cts.priv.ctsshim.InstallPriority origPrio: 100
06-01 16:37:42.386 W/PackageManager( 1802): Protected action; cap priority to 0; package: com.android.packageinstaller activity: com.android.packageinstaller.PackageInstallerActivity origPrio: 1
06-01 16:37:42.386 W/PackageManager( 1802): Package com.android.camera desires unavailable shared library com.google.android.media.effects; ignoring!
06-01 16:37:42.387 W/PackageManager( 1802): Package com.android.gallery3d desires unavailable shared library com.google.android.media.effects; ignoring!
06-01 16:37:42.387 W/PackageManager( 1802): Package com.android.gallery3d desires unavailable shared library com.google.android.media.effects; ignoring!
06-01 16:37:42.387 W/PackageManager( 1802): Package com.example.android.apis desires unavailable shared library com.example.will.never.exist; ignoring!
06-01 16:37:42.388 I/PackageManager( 1802): Adjusting ABI for com.android.providers.media to x86_64 (requirer=com.android.mtp, scannedPackage=null)
06-01 16:37:42.409 I/PackageManager( 1802): Adjusting ABI for com.android.providers.downloads to x86_64 (requirer=com.android.mtp, scannedPackage=null)
06-01 16:37:42.431 I/PackageManager( 1802): Adjusting ABI for com.android.providers.downloads.ui to x86_64 (requirer=com.android.mtp, scannedPackage=null)
06-01 16:37:42.433 I/PackageManager( 1802): Adjusting ABI for com.android.keychain to x86_64 (requirer=android, scannedPackage=null)
06-01 16:37:42.435 I/PackageManager( 1802): Adjusting ABI for com.android.location.fused to x86_64 (requirer=android, scannedPackage=null)
06-01 16:37:42.437 I/PackageManager( 1802): Adjusting ABI for com.android.settings to x86_64 (requirer=android, scannedPackage=null)
06-01 16:37:42.451 I/PackageManager( 1802): Adjusting ABI for com.android.providers.settings to x86_64 (requirer=android, scannedPackage=null)
06-01 16:37:42.454 I/PackageManager( 1802): Adjusting ABI for com.android.server.telecom to x86_64 (requirer=android, scannedPackage=null)
06-01 16:37:42.456 I/PackageManager( 1802): Adjusting ABI for com.android.wallpaperbackup to x86_64 (requirer=android, scannedPackage=null)
06-01 16:37:42.458 I/PackageManager( 1802): Adjusting ABI for com.android.inputdevices to x86_64 (requirer=android, scannedPackage=null)
06-01 16:37:42.574 I/PackageManager( 1802): Time to scan packages: 19.646 seconds
06-01 16:37:42.578 W/PackageManager( 1802): Unknown permission com.google.android.googleapps.permission.GOOGLE_AUTH in package com.android.providers.calendar
06-01 16:37:42.578 W/PackageManager( 1802): Unknown permission com.google.android.googleapps.permission.GOOGLE_AUTH.cl in package com.android.providers.calendar
06-01 16:37:42.592 W/PackageManager( 1802): Not granting permission android.permission.GLOBAL_SEARCH to package com.android.quicksearchbox (protectionLevel=18 flags=0x3808be45)
06-01 16:37:42.594 W/PackageManager( 1802): Not granting permission android.permission.WRITE_EXTERNAL_STORAGE to package gov.nasa.arc.astrobee.android.gs.manager because it was previously installed without
06-01 16:37:42.594 W/PackageManager( 1802): Not granting permission android.permission.READ_EXTERNAL_STORAGE to package gov.nasa.arc.astrobee.android.gs.manager because it was previously installed without
06-01 16:37:42.595 W/PackageManager( 1802): Unknown permission com.android.launcher.permission.READ_SETTINGS in package com.android.launcher3
06-01 16:37:42.595 W/PackageManager( 1802): Unknown permission com.android.launcher.permission.WRITE_SETTINGS in package com.android.launcher3
06-01 16:37:42.595 W/PackageManager( 1802): Not granting permission android.permission.BIND_APPWIDGET to package com.android.launcher3 (protectionLevel=18 flags=0x3c4bbe45)
06-01 16:37:42.595 W/PackageManager( 1802): Unknown permission com.google.android.googleapps.permission.GOOGLE_AUTH.mail in package com.android.calendar
06-01 16:37:42.596 W/PackageManager( 1802): Unknown permission com.google.android.providers.settings.permission.WRITE_GSETTINGS in package com.android.sdksetup
06-01 16:37:42.597 W/PackageManager( 1802): Unknown permission com.google.android.permission.INSTALL_WEARABLE_PACKAGES in package com.android.packageinstaller
06-01 16:37:42.597 W/PackageManager( 1802): Not granting permission android.permission.DELETE_PACKAGES to package com.svox.pico (protectionLevel=18 flags=0x3808be45)
06-01 16:37:42.597 W/PackageManager( 1802): Not granting permission android.permission.READ_CONTACTS to package com.example.android.apis because it was previously installed without
06-01 16:37:42.597 W/PackageManager( 1802): Not granting permission android.permission.WRITE_CONTACTS to package com.example.android.apis because it was previously installed without
06-01 16:37:42.597 W/PackageManager( 1802): Not granting permission android.permission.ACCESS_COARSE_LOCATION to package com.example.android.apis because it was previously installed without
06-01 16:37:42.598 W/PackageManager( 1802): Not granting permission android.permission.WRITE_EXTERNAL_STORAGE to package com.example.android.apis because it was previously installed without
06-01 16:37:42.598 W/PackageManager( 1802): Not granting permission android.permission.SEND_SMS to package com.example.android.apis because it was previously installed without
06-01 16:37:42.598 W/PackageManager( 1802): Not granting permission android.permission.RECEIVE_SMS to package com.example.android.apis because it was previously installed without
06-01 16:37:42.598 W/PackageManager( 1802): Not granting permission android.permission.RECEIVE_MMS to package com.example.android.apis because it was previously installed without
06-01 16:37:42.598 W/PackageManager( 1802): Not granting permission android.permission.READ_SMS to package com.example.android.apis because it was previously installed without
06-01 16:37:42.598 W/PackageManager( 1802): Not granting permission android.permission.READ_PHONE_STATE to package com.example.android.apis because it was previously installed without
06-01 16:37:42.598 W/PackageManager( 1802): Not granting permission android.permission.RECORD_AUDIO to package com.example.android.apis because it was previously installed without
06-01 16:37:42.598 W/PackageManager( 1802): Not granting permission android.permission.CAMERA to package com.example.android.apis because it was previously installed without
06-01 16:37:42.598 W/PackageManager( 1802): Not granting permission android.permission.READ_EXTERNAL_STORAGE to package com.example.android.apis because it was previously installed without
06-01 16:37:42.598 W/PackageManager( 1802): Unknown permission android.permission.RUN_INSTRUMENTATION in package org.chromium.webview_shell
06-01 16:37:42.599 W/PackageManager( 1802): Unknown permission com.google.android.googleapps.permission.GOOGLE_AUTH in package com.android.settings
06-01 16:37:42.599 W/PackageManager( 1802): Unknown permission com.android.launcher.permission.READ_SETTINGS in package com.android.settings
06-01 16:37:42.599 W/PackageManager( 1802): Unknown permission com.android.launcher.permission.WRITE_SETTINGS in package com.android.settings
06-01 16:37:42.610 W/PackageManager( 1802): Unknown permission com.android.smspush.WAPPUSH_MANAGER_BIND in package com.android.phone
06-01 16:37:42.612 W/PackageManager( 1802): Unknown permission com.google.android.googleapps.permission.ACCESS_GOOGLE_PASSWORD in package com.android.development
06-01 16:37:42.612 W/PackageManager( 1802): Unknown permission com.google.android.googleapps.permission.GOOGLE_AUTH in package com.android.development
06-01 16:37:42.612 W/PackageManager( 1802): Unknown permission com.google.android.googleapps.permission.GOOGLE_AUTH.ALL_SERVICES in package com.android.development
06-01 16:37:42.613 W/PackageManager( 1802): Unknown permission com.google.android.googleapps.permission.GOOGLE_AUTH.YouTubeUser in package com.android.development
06-01 16:37:42.613 W/PackageManager( 1802): Not granting permission android.permission.BIND_APPWIDGET to package com.android.widgetpreview (protectionLevel=18 flags=0x3808be44)
06-01 16:37:42.614 V/PackageManager( 1802): reconcileAppsData for null u0 0x3
06-01 16:37:42.657 I/SELinux ( 1334): SELinux: Loaded file_contexts contexts from /file_contexts.bin.
06-01 16:37:49.063 V/PackageManager( 1802): reconcileAppsData finished 81 packages
06-01 16:37:49.793 E/PackageManager( 1802): There should probably be a verifier, but, none were found
06-01 16:37:49.811 I/art     ( 1802): Background partial concurrent mark sweep GC freed 38707(2MB) AllocSpace objects, 1(20KB) LOS objects, 33% free, 7MB/11MB, paused 21.494ms total 384.274ms
06-01 16:37:50.021 D/PackageManager( 1802): Ephemeral resolver NOT found; no matching intent filters
06-01 16:37:50.041 I/PackageManager( 1802): Ephemeral deactivated; missing resolver and installer
06-01 16:37:50.044 I/art     ( 1802): Starting a blocking GC Explicit
06-01 16:37:50.082 W/art     ( 1802): Long monitor contention with owner main (1802) at int android.net.LocalSocketImpl.readba_native(byte[], int, int, java.io.FileDescriptor)(LocalSocketImpl.java:-2) waiters=0 in void com.android.server.pm.Settings$RuntimePermissionPersistence.writePermissionsSync(int) for 7.118s
06-01 16:37:50.361 I/art     ( 1802): Explicit concurrent mark sweep GC freed 5882(417KB) AllocSpace objects, 3(60KB) LOS objects, 33% free, 7MB/10MB, paused 30.477ms total 301.590ms
06-01 16:37:50.420 I/SystemServer( 1802): StartOtaDexOptService
06-01 16:37:50.494 I/SystemServer( 1802): StartUserManagerService
06-01 16:37:50.495 I/SystemServiceManager( 1802): Starting com.android.server.pm.UserManagerService$LifeCycle
06-01 16:37:50.696 I/lowmemorykiller( 1323): ActivityManager connected
06-01 16:37:50.757 D/SensorService( 1802): nuSensorService starting...
06-01 16:37:50.884 D/SensorService( 1802): nuSensorService thread starting...
06-01 16:37:50.891 D/SensorService( 1802): new thread SensorEventAckReceiver
06-01 16:37:50.893 I/SystemServiceManager( 1802): Starting com.android.server.BatteryService
06-01 16:37:51.051 I/SystemServiceManager( 1802): Starting com.android.server.usage.UsageStatsService
06-01 16:37:51.261 I/SystemServiceManager( 1802): Starting com.android.server.webkit.WebViewUpdateService
06-01 16:37:51.350 I/SystemServer( 1802): Reading configuration...
06-01 16:37:51.354 I/SystemServer( 1802): StartSchedulingPolicyService
06-01 16:37:51.358 I/SystemServiceManager( 1802): Starting com.android.server.telecom.TelecomLoaderService
06-01 16:37:51.359 I/SystemServer( 1802): StartTelephonyRegistry
06-01 16:37:51.439 I/SystemServer( 1802): StartEntropyMixer
06-01 16:37:51.474 I/EntropyMixer( 1802): Writing entropy...
06-01 16:37:51.562 I/SystemServer( 1802): Camera Service
06-01 16:37:51.571 I/SystemServiceManager( 1802): Starting com.android.server.camera.CameraService
06-01 16:37:51.585 I/ServiceThread( 1802): Enabled StrictMode logging for CameraService_proxy looper.
06-01 16:37:51.602 I/SystemServer( 1802): StartAccountManagerService
06-01 16:37:51.610 I/SystemServiceManager( 1802): Starting com.android.server.accounts.AccountManagerService$Lifecycle
06-01 16:37:51.696 I/SystemServer( 1802): StartContentService
06-01 16:37:51.700 I/SystemServiceManager( 1802): Starting com.android.server.content.ContentService$Lifecycle
