--------- beginning of main
06-09 13:06:43.080 W/auditd  ( 1267): type=2000 audit(0.0:1): initialized
06-09 13:06:47.480 I/auditd  ( 1267): type=1403 audit(0.0:2): policy loaded auid=4294967295 ses=4294967295
06-09 13:06:47.490 W/auditd  ( 1267): type=1404 audit(0.0:3): enforcing=1 old_enforcing=0 auid=4294967295 ses=4294967295
06-09 13:06:52.680 W/init    (    1): type=1400 audit(0.0:4): avc: denied { write } for name="tracing_on" dev="debugfs" ino=1037 scontext=u:r:init:s0 tcontext=u:object_r:debugfs:s0 tclass=file permissive=0
06-09 13:06:54.877 I/        ( 1276): debuggerd: starting
--------- beginning of system
06-09 13:06:55.057 I/vold    ( 1277): Vold 3.0 (the awakening) firing up
06-09 13:06:55.059 V/vold    ( 1277): Detected support for: ext4 vfat
06-09 13:06:55.375 D/vold    ( 1277): Recognized experimental block major ID 253 as virtio-blk (emulator's virtual SD card device)
06-09 13:06:55.382 V/vold    ( 1277): /system/bin/sgdisk
06-09 13:06:55.382 V/vold    ( 1277):     --android-dump
06-09 13:06:55.382 V/vold    ( 1277):     /dev/block/vold/disk:253,48
06-09 13:06:55.505 D/vold    ( 1277): e4crypt_init_user0
06-09 13:06:55.505 D/vold    ( 1277): e4crypt_prepare_user_storage for volume null, user 0, serial 0, flags 1
06-09 13:06:55.506 D/vold    ( 1277): Preparing: /data/system/users/0
06-09 13:06:55.515 D/vold    ( 1277): Preparing: /data/misc/profiles/cur/0
06-09 13:06:55.520 D/vold    ( 1277): Preparing: /data/misc/profiles/cur/0/foreign-dex
06-09 13:06:55.530 D/vold    ( 1277): Preparing: /data/system_de/0
06-09 13:06:55.537 D/vold    ( 1277): Preparing: /data/misc_de/0
06-09 13:06:55.539 D/vold    ( 1277): Preparing: /data/user_de/0
06-09 13:06:55.541 D/vold    ( 1277): e4crypt_unlock_user_key 0 serial=0 token_present=0
06-09 13:06:55.551 I/vdc     (    1): 200 1278 Command succeeded
06-09 13:06:55.809 I/        ( 1275): debuggerd: starting
06-09 13:06:55.818 I//system/bin/tzdatacheck( 1312): tzdata file /data/misc/zoneinfo/current/tzdata does not exist. No action required.
06-09 13:06:55.941 V/vold    ( 1277): DISK mbr
06-09 13:06:55.941 V/vold    ( 1277): 
06-09 13:06:55.958 W/vold    ( 1277): disk:253,48 has unknown partition table; trying entire device
06-09 13:06:55.959 V/vold    ( 1277): /system/bin/blkid
06-09 13:06:55.959 V/vold    ( 1277):     -c
06-09 13:06:55.959 V/vold    ( 1277):     /dev/null
06-09 13:06:55.959 V/vold    ( 1277):     -s
06-09 13:06:55.959 V/vold    ( 1277):     TYPE
06-09 13:06:55.959 V/vold    ( 1277):     -s
06-09 13:06:55.959 V/vold    ( 1277):     UUID
06-09 13:06:55.960 V/vold    ( 1277):     -s
06-09 13:06:55.963 V/vold    ( 1277):     LABEL
06-09 13:06:55.964 V/vold    ( 1277):     /dev/block/vold/disk:253,48
06-09 13:06:56.670 W/mediadrmserver( 1333): type=1400 audit(0.0:5): avc: denied { getattr } for path="/vendor" dev="rootfs" ino=3995 scontext=u:r:mediadrmserver:s0 tcontext=u:object_r:rootfs:s0 tclass=lnk_file permissive=0
06-09 13:06:56.670 W/audioserver( 1327): type=1400 audit(0.0:6): avc: denied { getattr } for path="/vendor" dev="rootfs" ino=3995 scontext=u:r:audioserver:s0 tcontext=u:object_r:rootfs:s0 tclass=lnk_file permissive=0
06-09 13:06:56.890 W/cameraserver( 1328): type=1400 audit(0.0:7): avc: denied { getattr } for path="/vendor" dev="rootfs" ino=3995 scontext=u:r:cameraserver:s0 tcontext=u:object_r:rootfs:s0 tclass=lnk_file permissive=0
06-09 13:06:56.980 W/mediacodec( 1332): type=1400 audit(0.0:8): avc: denied { getattr } for path="/vendor" dev="rootfs" ino=3995 scontext=u:r:mediacodec:s0 tcontext=u:object_r:rootfs:s0 tclass=lnk_file permissive=0
06-09 13:06:57.457 I/lowmemorykiller( 1319): Using in-kernel low memory killer interface
06-09 13:06:57.577 I/qemu-props( 1318): connected to 'boot-properties' qemud service.
06-09 13:06:57.577 I/qemu-props( 1318): receiving..
06-09 13:06:57.578 I/qemu-props( 1318): received: qemu.cmdline=androidboot.logcat=v:* androidboot.consolepipe=qemu_pipe,pipe:logcat
06-09 13:06:57.642 I/qemu-props( 1318): receiving..
06-09 13:06:57.643 I/qemu-props( 1318): received: qemu.logcat=start
06-09 13:06:57.668 V/vold    ( 1277): /dev/block/vold/disk:253,48: LABEL="SDCARD" UUID="1EFF-1C1B" TYPE="vfat" 
06-09 13:06:57.668 V/vold    ( 1277): 
06-09 13:06:57.743 I/qemu-props( 1318): receiving..
06-09 13:06:57.743 I/qemu-props( 1318): received: ro.opengles.version=131072
06-09 13:06:57.745 I/qemu-props( 1318): receiving..
06-09 13:06:57.745 I/qemu-props( 1318): received: qemu.sf.fake_camera=back
06-09 13:06:57.782 I/qemu-props( 1318): receiving..
06-09 13:06:57.782 I/qemu-props( 1318): received: dalvik.vm.heapsize=256m
06-09 13:06:57.784 I/qemu-props( 1318): receiving..
06-09 13:06:57.784 I/qemu-props( 1318): received: qemu.hw.mainkeys=0
06-09 13:06:57.785 I/qemu-props( 1318): receiving..
06-09 13:06:57.785 I/qemu-props( 1318): received: qemu.sf.lcd_density=480
06-09 13:06:57.786 I/qemu-props( 1318): receiving..
06-09 13:06:57.786 I/qemu-props( 1318): received: qemu.timezone=Etc/UTC
06-09 13:06:57.787 I/qemu-props( 1318): receiving..
06-09 13:06:57.788 I/qemu-props( 1318): exiting (8 properties set).
06-09 13:06:58.148 I/        ( 1330): installd firing up
06-09 13:06:58.238 I/fingerprintd( 1339): Starting fingerprintd
06-09 13:06:58.535 I/gatekeeperd( 1341): Starting gatekeeperd...
06-09 13:06:58.903 I/keystore( 1331): Found keymaster0 module Keymaster OpenSSL HAL, version 2
06-09 13:06:58.904 I/SoftKeymaster( 1331): system/keymaster/soft_keymaster_device.cpp, Line 131: Creating device
06-09 13:06:58.905 D/SoftKeymaster( 1331): system/keymaster/soft_keymaster_device.cpp, Line 132: Device address: 0x72981a03d000
06-09 13:06:58.905 I/keystore( 1331): Keymaster0 module is software-only.  Using SoftKeymasterDevice instead.
06-09 13:06:58.905 I/SoftKeymaster( 1331): system/keymaster/soft_keymaster_device.cpp, Line 131: Creating device
06-09 13:06:58.905 D/SoftKeymaster( 1331): system/keymaster/soft_keymaster_device.cpp, Line 132: Device address: 0x72981a03d400
06-09 13:06:59.131 I/Netd    ( 1336): Netd 1.0 starting
06-09 13:06:59.205 W/gatekeeperd( 1341): falling back to software GateKeeper
06-09 13:06:59.245 D/TetherController( 1336): Setting IP forward enable = 0
06-09 13:07:00.033 I/perfprofd( 1344): starting Android Wide Profiling daemon
06-09 13:07:00.062 E/perfprofd( 1344): unable to open configuration file /data/data/com.google.android.gms/files/perfprofd.conf
06-09 13:07:00.066 I/perfprofd( 1344): random seed set to 3929434005
06-09 13:07:03.317 I/SurfaceFlinger( 1321): SurfaceFlinger is starting
06-09 13:07:03.391 I/SurfaceFlinger( 1321): SurfaceFlinger's main thread ready to run. Initializing graphics H/W...
06-09 13:07:03.392 D/libEGL  ( 1321): Emulator without GPU support detected. Fallback to legacy software renderer, qemu.gles is set to 0.
06-09 13:07:03.612 D/libEGL  ( 1321): loaded /system/lib64/egl/libGLES_android.so
06-09 13:07:04.478 D/gralloc_ranchu( 1321): Emulator without host-side GPU emulation detected. Loading gralloc.default.so from /vendor/lib64/hw/gralloc.goldfish.default.so...
06-09 13:07:04.481 D/gralloc_ranchu( 1321): gralloc.default.so not found in /vendor. Trying /system/lib64/hw/gralloc.goldfish.default.so...
06-09 13:07:04.495 I/gralloc ( 1321): using (fd=11)
06-09 13:07:04.495 I/gralloc ( 1321): id           = 
06-09 13:07:04.495 I/gralloc ( 1321): xres         = 1080 px
06-09 13:07:04.495 I/gralloc ( 1321): yres         = 1920 px
06-09 13:07:04.495 I/gralloc ( 1321): xres_virtual = 1080 px
06-09 13:07:04.495 I/gralloc ( 1321): yres_virtual = 3840 px
06-09 13:07:04.495 I/gralloc ( 1321): bpp          = 16
06-09 13:07:04.495 I/gralloc ( 1321): r            = 11:5
06-09 13:07:04.495 I/gralloc ( 1321): g            =  5:6
06-09 13:07:04.495 I/gralloc ( 1321): b            =  0:5
06-09 13:07:04.496 I/gralloc ( 1321): width        = 166 mm (165.253006 dpi)
06-09 13:07:04.496 I/gralloc ( 1321): height       = 296 mm (164.756760 dpi)
06-09 13:07:04.496 I/gralloc ( 1321): refresh rate = 60.00 Hz
06-09 13:07:04.507 E/SurfaceFlinger( 1321): hwcomposer module not found
06-09 13:07:04.514 W/SurfaceFlinger( 1321): no suitable EGLConfig found, trying a simpler query
06-09 13:07:04.514 W/SurfaceFlinger( 1321): EGL_SLOW_CONFIG selected!
06-09 13:07:04.514 I/SurfaceFlinger( 1321): EGL information:
06-09 13:07:04.514 I/SurfaceFlinger( 1321): vendor    : Android
06-09 13:07:04.514 I/SurfaceFlinger( 1321): version   : 1.4 Android META-EGL
06-09 13:07:04.514 I/SurfaceFlinger( 1321): extensions: EGL_KHR_get_all_proc_addresses EGL_ANDROID_presentation_time EGL_KHR_swap_buffers_with_damage EGL_ANDROID_create_native_client_buffer EGL_ANDROID_front_buffer_auto_refresh EGL_KHR_image_base EGL_KHR_fence_sync EGL_ANDROID_image_native_buffer 
06-09 13:07:04.514 I/SurfaceFlinger( 1321): Client API: OpenGL_ES
06-09 13:07:04.515 I/SurfaceFlinger( 1321): EGLSurface: 5-6-5-0, config=0x0
06-09 13:07:04.516 W/SurfaceFlinger( 1321): no suitable EGLConfig found, trying a simpler query
06-09 13:07:04.516 W/SurfaceFlinger( 1321): EGL_SLOW_CONFIG selected!
06-09 13:07:04.517 I/SurfaceFlinger( 1321): EGL information:
06-09 13:07:04.517 I/SurfaceFlinger( 1321): vendor    : Android
06-09 13:07:04.517 I/SurfaceFlinger( 1321): version   : 1.4 Android META-EGL
06-09 13:07:04.517 I/SurfaceFlinger( 1321): extensions: EGL_KHR_get_all_proc_addresses EGL_ANDROID_presentation_time EGL_KHR_swap_buffers_with_damage EGL_ANDROID_create_native_client_buffer EGL_ANDROID_front_buffer_auto_refresh EGL_KHR_image_base EGL_KHR_fence_sync EGL_ANDROID_image_native_buffer 
06-09 13:07:04.517 I/SurfaceFlinger( 1321): Client API: OpenGL_ES
06-09 13:07:04.517 I/SurfaceFlinger( 1321): EGLSurface: 5-6-5-0, config=0x0
06-09 13:07:04.547 I/SurfaceFlinger( 1321): OpenGL ES informations:
06-09 13:07:04.547 I/SurfaceFlinger( 1321): vendor    : Android
06-09 13:07:04.547 I/SurfaceFlinger( 1321): renderer  : Android PixelFlinger 1.4
06-09 13:07:04.547 I/SurfaceFlinger( 1321): version   : OpenGL ES-CM 1.0
06-09 13:07:04.547 I/SurfaceFlinger( 1321): extensions: GL_EXT_debug_marker GL_OES_byte_coordinates GL_OES_fixed_point GL_OES_single_precision GL_OES_read_format GL_OES_compressed_paletted_texture GL_OES_draw_texture GL_OES_matrix_get GL_OES_query_matrix GL_OES_EGL_image GL_OES_EGL_sync GL_OES_compressed_ETC1_RGB8_texture GL_ARB_texture_compression GL_ARB_texture_non_power_of_two GL_ANDROID_user_clip_plane GL_ANDROID_vertex_buffer_object GL_ANDROID_generate_mipmap 
06-09 13:07:04.547 I/SurfaceFlinger( 1321): GL_MAX_TEXTURE_SIZE = 4096
06-09 13:07:04.547 I/SurfaceFlinger( 1321): GL_MAX_VIEWPORT_DIMS = 4096
06-09 13:07:04.556 W/SurfaceFlinger( 1321): no suitable EGLConfig found, trying a simpler query
06-09 13:07:04.556 W/SurfaceFlinger( 1321): EGL_SLOW_CONFIG selected!
06-09 13:07:04.556 I/SurfaceFlinger( 1321): EGL information:
06-09 13:07:04.556 I/SurfaceFlinger( 1321): vendor    : Android
06-09 13:07:04.556 I/SurfaceFlinger( 1321): version   : 1.4 Android META-EGL
06-09 13:07:04.556 I/SurfaceFlinger( 1321): extensions: EGL_KHR_get_all_proc_addresses EGL_ANDROID_presentation_time EGL_KHR_swap_buffers_with_damage EGL_ANDROID_create_native_client_buffer EGL_ANDROID_front_buffer_auto_refresh EGL_KHR_image_base EGL_KHR_fence_sync EGL_ANDROID_image_native_buffer 
06-09 13:07:04.557 I/SurfaceFlinger( 1321): Client API: OpenGL_ES
06-09 13:07:04.557 I/SurfaceFlinger( 1321): EGLSurface: 5-6-5-0, config=0x0
06-09 13:07:04.594 E/libEGL  ( 1321): called unimplemented OpenGL ES API
06-09 13:07:04.595 E/SurfaceFlinger( 1321): Error while compiling shader: 
06-09 13:07:04.595 E/SurfaceFlinger( 1321): attribute vec4 position;
06-09 13:07:04.595 E/SurfaceFlinger( 1321): uniform mat4 projection;
06-09 13:07:04.595 E/SurfaceFlinger( 1321): uniform mat4 texture;
06-09 13:07:04.595 E/SurfaceFlinger( 1321): void main(void) {
06-09 13:07:04.595 E/SurfaceFlinger( 1321):     gl_Position = projection * position;
06-09 13:07:04.595 E/SurfaceFlinger( 1321): }
06-09 13:07:04.595 E/SurfaceFlinger( 1321): 
06-09 13:07:04.595 E/SurfaceFlinger( 1321): \F6\FF\FF\FF\FF\FF\FF\FF\9F\B1
06-09 13:07:04.595 E/SurfaceFlinger( 1321): Error while compiling shader: 
06-09 13:07:04.595 E/SurfaceFlinger( 1321): precision mediump float;
06-09 13:07:04.595 E/SurfaceFlinger( 1321): uniform vec4 color;
06-09 13:07:04.595 E/SurfaceFlinger( 1321): void main(void) {
06-09 13:07:04.595 E/SurfaceFlinger( 1321):     gl_FragColor = color;
06-09 13:07:04.595 E/SurfaceFlinger( 1321): }
06-09 13:07:04.595 E/SurfaceFlinger( 1321): 
06-09 13:07:04.595 E/SurfaceFlinger( 1321): \F6\FF\FF\FF\FF\FF\FF\FF\9F\B1
06-09 13:07:04.595 E/SurfaceFlinger( 1321): Error while linking shaders:
06-09 13:07:04.595 E/SurfaceFlinger( 1321): Error while compiling shader: 
06-09 13:07:04.595 E/SurfaceFlinger( 1321): attribute vec4 position;
06-09 13:07:04.595 E/SurfaceFlinger( 1321): uniform mat4 projection;
06-09 13:07:04.595 E/SurfaceFlinger( 1321): uniform mat4 texture;
06-09 13:07:04.595 E/SurfaceFlinger( 1321): void main(void) {
06-09 13:07:04.595 E/SurfaceFlinger( 1321):     gl_Position = projection * position;
06-09 13:07:04.595 E/SurfaceFlinger( 1321): }
06-09 13:07:04.595 E/SurfaceFlinger( 1321): 
06-09 13:07:04.595 E/SurfaceFlinger( 1321): \F6\FF\FF\FF\FF\FF\FF\FF\9F\B1
06-09 13:07:04.595 E/SurfaceFlinger( 1321): Error while compiling shader: 
06-09 13:07:04.595 E/SurfaceFlinger( 1321): precision mediump float;
06-09 13:07:04.595 E/SurfaceFlinger( 1321): uniform vec4 color;
06-09 13:07:04.595 E/SurfaceFlinger( 1321): void main(void) {
06-09 13:07:04.595 E/SurfaceFlinger( 1321):     gl_FragColor = color;
06-09 13:07:04.595 E/SurfaceFlinger( 1321): }
06-09 13:07:04.595 E/SurfaceFlinger( 1321): 
06-09 13:07:04.595 E/SurfaceFlinger( 1321): \F6\FF\FF\FF\FF\FF\FF\FF\9F\B1
06-09 13:07:04.595 E/SurfaceFlinger( 1321): Error while linking shaders:
06-09 13:07:04.595 E/SurfaceFlinger( 1321): Error while compiling shader: 
06-09 13:07:04.595 E/SurfaceFlinger( 1321): attribute vec4 position;
06-09 13:07:04.595 E/SurfaceFlinger( 1321): uniform mat4 projection;
06-09 13:07:04.595 E/SurfaceFlinger( 1321): uniform mat4 texture;
06-09 13:07:04.595 E/SurfaceFlinger( 1321): void main(void) {
06-09 13:07:04.595 E/SurfaceFlinger( 1321):     gl_Position = projection * position;
06-09 13:07:04.595 E/SurfaceFlinger( 1321): }
06-09 13:07:04.595 E/SurfaceFlinger( 1321): 
06-09 13:07:04.595 E/SurfaceFlinger( 1321): \F6\FF\FF\FF\FF\FF\FF\FF\9F\B1
06-09 13:07:04.596 E/SurfaceFlinger( 1321): Error while compiling shader: 
06-09 13:07:04.596 E/SurfaceFlinger( 1321): precision mediump float;
06-09 13:07:04.596 E/SurfaceFlinger( 1321): uniform vec4 color;
06-09 13:07:04.596 E/SurfaceFlinger( 1321): void main(void) {
06-09 13:07:04.596 E/SurfaceFlinger( 1321):     gl_FragColor = color;
06-09 13:07:04.596 E/SurfaceFlinger( 1321):     gl_FragColor.a = 1.0;
06-09 13:07:04.596 E/SurfaceFlinger( 1321): }
06-09 13:07:04.596 E/SurfaceFlinger( 1321): 
06-09 13:07:04.596 E/SurfaceFlinger( 1321): \F6\FF\FF\FF\FF\FF\FF\FF\9F\B1
06-09 13:07:04.596 E/SurfaceFlinger( 1321): Error while linking shaders:
06-09 13:07:04.596 E/SurfaceFlinger( 1321): Error while compiling shader: 
06-09 13:07:04.596 E/SurfaceFlinger( 1321): attribute vec4 position;
06-09 13:07:04.596 E/SurfaceFlinger( 1321): uniform mat4 projection;
06-09 13:07:04.596 E/SurfaceFlinger( 1321): uniform mat4 texture;
06-09 13:07:04.596 E/SurfaceFlinger( 1321): void main(void) {
06-09 13:07:04.596 E/SurfaceFlinger( 1321):     gl_Position = projection * position;
06-09 13:07:04.596 E/SurfaceFlinger( 1321): }
06-09 13:07:04.596 E/SurfaceFlinger( 1321): 
06-09 13:07:04.596 E/SurfaceFlinger( 1321): \F6\FF\FF\FF\FF\FF\FF\FF\9F\B1
06-09 13:07:04.596 E/SurfaceFlinger( 1321): Error while compiling shader: 
06-09 13:07:04.596 E/SurfaceFlinger( 1321): precision mediump float;
06-09 13:07:04.596 E/SurfaceFlinger( 1321): uniform vec4 color;
06-09 13:07:04.596 E/SurfaceFlinger( 1321): void main(void) {
06-09 13:07:04.596 E/SurfaceFlinger( 1321):     gl_FragColor = color;
06-09 13:07:04.596 E/SurfaceFlinger( 1321):     gl_FragColor.a = 1.0;
06-09 13:07:04.596 E/SurfaceFlinger( 1321): }
06-09 13:07:04.596 E/SurfaceFlinger( 1321): 
06-09 13:07:04.596 E/SurfaceFlinger( 1321): \F6\FF\FF\FF\FF\FF\FF\FF\9F\B1
06-09 13:07:04.596 E/SurfaceFlinger( 1321): Error while linking shaders:
06-09 13:07:05.160 W/bootanimation( 1384): type=1400 audit(0.0:9): avc: denied { getattr } for path="/vendor" dev="rootfs" ino=3995 scontext=u:r:bootanim:s0 tcontext=u:object_r:rootfs:s0 tclass=lnk_file permissive=0
06-09 13:07:04.596 E/SurfaceFlinger( 1321): Error while compiling shader: 
06-09 13:07:04.596 E/SurfaceFlinger( 1321): attribute vec4 position;
06-09 13:07:04.596 E/SurfaceFlinger( 1321): uniform mat4 projection;
06-09 13:07:04.596 E/SurfaceFlinger( 1321): uniform mat4 texture;
06-09 13:07:04.596 E/SurfaceFlinger( 1321): void main(void) {
06-09 13:07:04.596 E/SurfaceFlinger( 1321):     gl_Position = projection * position;
06-09 13:07:04.596 E/SurfaceFlinger( 1321): }
06-09 13:07:04.596 E/SurfaceFlinger( 1321): 
06-09 13:07:04.596 E/SurfaceFlinger( 1321): \F6\FF\FF\FF\FF\FF\FF\FF\9F\B1
06-09 13:07:04.596 E/SurfaceFlinger( 1321): Error while compiling shader: 
06-09 13:07:04.596 E/SurfaceFlinger( 1321): precision mediump float;
06-09 13:07:04.596 E/SurfaceFlinger( 1321): uniform vec4 color;
06-09 13:07:04.596 E/SurfaceFlinger( 1321): uniform float alphaPlane;
06-09 13:07:04.596 E/SurfaceFlinger( 1321): void main(void) {
06-09 13:07:04.596 E/SurfaceFlinger( 1321):     gl_FragColor = color;
06-09 13:07:04.596 E/SurfaceFlinger( 1321):     gl_FragColor.a *= alphaPlane;
06-09 13:07:04.596 E/SurfaceFlinger( 1321): }
06-09 13:07:04.596 E/SurfaceFlinger( 1321): 
06-09 13:07:04.596 E/SurfaceFlinger( 1321): \F6\FF\FF\FF\FF\FF\FF\FF\9F\B1
06-09 13:07:04.596 E/SurfaceFlinger( 1321): Error while linking shaders:
06-09 13:07:04.596 E/SurfaceFlinger( 1321): Error while compiling shader: 
06-09 13:07:04.596 E/SurfaceFlinger( 1321): attribute vec4 position;
06-09 13:07:04.596 E/SurfaceFlinger( 1321): uniform mat4 projection;
06-09 13:07:04.596 E/SurfaceFlinger( 1321): uniform mat4 texture;
06-09 13:07:04.596 E/SurfaceFlinger( 1321): void main(void) {
06-09 13:07:04.596 E/SurfaceFlinger( 1321):     gl_Position = projection * position;
06-09 13:07:04.596 E/SurfaceFlinger( 1321): }
06-09 13:07:04.596 E/SurfaceFlinger( 1321): 
06-09 13:07:04.596 E/SurfaceFlinger( 1321): \F6\FF\FF\FF\FF\FF\FF\FF\9F\B1
06-09 13:07:04.596 E/SurfaceFlinger( 1321): Error while compiling shader: 
06-09 13:07:04.596 E/SurfaceFlinger( 1321): precision mediump float;
06-09 13:07:04.596 E/SurfaceFlinger( 1321): uniform vec4 color;
06-09 13:07:04.596 E/SurfaceFlinger( 1321): uniform float alphaPlane;
06-09 13:07:04.596 E/SurfaceFlinger( 1321): void main(void) {
06-09 13:07:04.596 E/SurfaceFlinger( 1321):     gl_FragColor = color;
06-09 13:07:04.596 E/SurfaceFlinger( 1321):     gl_FragColor *= alphaPlane;
06-09 13:07:04.596 E/SurfaceFlinger( 1321): }
06-09 13:07:04.596 E/SurfaceFlinger( 1321): 
06-09 13:07:04.596 E/SurfaceFlinger( 1321): \F6\FF\FF\FF\FF\FF\FF\FF\9F\B1
06-09 13:07:04.596 E/SurfaceFlinger( 1321): Error while linking shaders:
06-09 13:07:04.596 E/SurfaceFlinger( 1321): Error while compiling shader: 
06-09 13:07:04.596 E/SurfaceFlinger( 1321): attribute vec4 position;
06-09 13:07:04.596 E/SurfaceFlinger( 1321): uniform mat4 projection;
06-09 13:07:04.596 E/SurfaceFlinger( 1321): uniform mat4 texture;
06-09 13:07:04.596 E/SurfaceFlinger( 1321): void main(void) {
06-09 13:07:04.596 E/SurfaceFlinger( 1321):     gl_Position = projection * position;
06-09 13:07:04.596 E/SurfaceFlinger( 1321): }
06-09 13:07:04.596 E/SurfaceFlinger( 1321): 
06-09 13:07:04.596 E/SurfaceFlinger( 1321): \F6\FF\FF\FF\FF\FF\FF\FF\9F\B1
06-09 13:07:04.596 E/SurfaceFlinger( 1321): Error while compiling shader: 
06-09 13:07:04.596 E/SurfaceFlinger( 1321): precision mediump float;
06-09 13:07:04.596 E/SurfaceFlinger( 1321): uniform vec4 color;
06-09 13:07:04.596 E/SurfaceFlinger( 1321): uniform float alphaPlane;
06-09 13:07:04.596 E/SurfaceFlinger( 1321): void main(void) {
06-09 13:07:04.596 E/SurfaceFlinger( 1321):     gl_FragColor = color;
06-09 13:07:04.596 E/SurfaceFlinger( 1321):     gl_FragColor.a = 1.0;
06-09 13:07:04.596 E/SurfaceFlinger( 1321):     gl_FragColor.a *= alphaPlane;
06-09 13:07:04.596 E/SurfaceFlinger( 1321): }
06-09 13:07:04.596 E/SurfaceFlinger( 1321): 
06-09 13:07:04.596 E/SurfaceFlinger( 1321): \F6\FF\FF\FF\FF\FF\FF\FF\9F\B1
06-09 13:07:04.596 E/SurfaceFlinger( 1321): Error while linking shaders:
06-09 13:07:04.597 E/SurfaceFlinger( 1321): Error while compiling shader: 
06-09 13:07:04.597 E/SurfaceFlinger( 1321): attribute vec4 position;
06-09 13:07:04.597 E/SurfaceFlinger( 1321): uniform mat4 projection;
06-09 13:07:04.597 E/SurfaceFlinger( 1321): uniform mat4 texture;
06-09 13:07:04.597 E/SurfaceFlinger( 1321): void main(void) {
06-09 13:07:04.597 E/SurfaceFlinger( 1321):     gl_Position = projection * position;
06-09 13:07:04.597 E/SurfaceFlinger( 1321): }
06-09 13:07:04.597 E/SurfaceFlinger( 1321): 
06-09 13:07:04.597 E/SurfaceFlinger( 1321): \F6\FF\FF\FF\FF\FF\FF\FF\9F\B1
06-09 13:07:04.597 E/SurfaceFlinger( 1321): Error while compiling shader: 
06-09 13:07:04.597 E/SurfaceFlinger( 1321): precision mediump float;
06-09 13:07:04.597 E/SurfaceFlinger( 1321): uniform vec4 color;
06-09 13:07:04.597 E/SurfaceFlinger( 1321): uniform float alphaPlane;
06-09 13:07:04.597 E/SurfaceFlinger( 1321): void main(void) {
06-09 13:07:04.597 E/SurfaceFlinger( 1321):     gl_FragColor = color;
06-09 13:07:04.597 E/SurfaceFlinger( 1321):     gl_FragColor.a = 1.0;
06-09 13:07:04.597 E/SurfaceFlinger( 1321):     gl_FragColor *= alphaPlane;
06-09 13:07:04.597 E/SurfaceFlinger( 1321): }
06-09 13:07:04.597 E/SurfaceFlinger( 1321): 
06-09 13:07:04.597 E/SurfaceFlinger( 1321): \F6\FF\FF\FF\FF\FF\FF\FF\9F\B1
06-09 13:07:04.597 E/SurfaceFlinger( 1321): Error while linking shaders:
06-09 13:07:04.597 E/SurfaceFlinger( 1321): Error while compiling shader: 
06-09 13:07:04.597 E/SurfaceFlinger( 1321): attribute vec4 texCoords;
06-09 13:07:04.597 E/SurfaceFlinger( 1321): varying vec2 outTexCoords;
06-09 13:07:04.597 E/SurfaceFlinger( 1321): attribute vec4 position;
06-09 13:07:04.597 E/SurfaceFlinger( 1321): uniform mat4 projection;
06-09 13:07:04.597 E/SurfaceFlinger( 1321): uniform mat4 texture;
06-09 13:07:04.597 E/SurfaceFlinger( 1321): void main(void) {
06-09 13:07:04.597 E/SurfaceFlinger( 1321):     gl_Position = projection * position;
06-09 13:07:04.597 E/SurfaceFlinger( 1321):     outTexCoords = (texture * texCoords).st;
06-09 13:07:04.597 E/SurfaceFlinger( 1321): }
06-09 13:07:04.597 E/SurfaceFlinger( 1321): 
06-09 13:07:04.597 E/SurfaceFlinger( 1321): \F6\FF\FF\FF\FF\FF\FF\FF\9F\B1
06-09 13:07:04.597 E/SurfaceFlinger( 1321): Error while compiling shader: 
06-09 13:07:04.597 E/SurfaceFlinger( 1321): #extension GL_OES_EGL_image_external : require
06-09 13:07:04.597 E/SurfaceFlinger( 1321): precision mediump float;
06-09 13:07:04.597 E/SurfaceFlinger( 1321): uniform samplerExternalOES sampler;
06-09 13:07:04.597 E/SurfaceFlinger( 1321): varying vec2 outTexCoords;
06-09 13:07:04.597 E/SurfaceFlinger( 1321): void main(void) {
06-09 13:07:04.597 E/SurfaceFlinger( 1321):     gl_FragColor = texture2D(sampler, outTexCoords);
06-09 13:07:04.597 E/SurfaceFlinger( 1321): }
06-09 13:07:04.597 E/SurfaceFlinger( 1321): 
06-09 13:07:04.597 E/SurfaceFlinger( 1321): \F6\FF\FF\FF\FF\FF\FF\FF\9F\B1
06-09 13:07:04.597 E/SurfaceFlinger( 1321): Error while linking shaders:
06-09 13:07:04.597 E/SurfaceFlinger( 1321): Error while compiling shader: 
06-09 13:07:04.597 E/SurfaceFlinger( 1321): attribute vec4 texCoords;
06-09 13:07:04.597 E/SurfaceFlinger( 1321): varying vec2 outTexCoords;
06-09 13:07:04.597 E/SurfaceFlinger( 1321): attribute vec4 position;
06-09 13:07:04.597 E/SurfaceFlinger( 1321): uniform mat4 projection;
06-09 13:07:04.597 E/SurfaceFlinger( 1321): uniform mat4 texture;
06-09 13:07:04.597 E/SurfaceFlinger( 1321): void main(void) {
06-09 13:07:04.597 E/SurfaceFlinger( 1321):     gl_Position = projection * position;
06-09 13:07:04.597 E/SurfaceFlinger( 1321):     outTexCoords = (texture * texCoords).st;
06-09 13:07:04.597 E/SurfaceFlinger( 1321): }
06-09 13:07:04.597 E/SurfaceFlinger( 1321): 
06-09 13:07:04.597 E/SurfaceFlinger( 1321): \F6\FF\FF\FF\FF\FF\FF\FF\9F\B1
06-09 13:07:04.597 E/SurfaceFlinger( 1321): Error while compiling shader: 
06-09 13:07:04.597 E/SurfaceFlinger( 1321): #extension GL_OES_EGL_image_external : require
06-09 13:07:04.597 E/SurfaceFlinger( 1321): precision mediump float;
06-09 13:07:04.597 E/SurfaceFlinger( 1321): uniform samplerExternalOES sampler;
06-09 13:07:04.597 E/SurfaceFlinger( 1321): varying vec2 outTexCoords;
06-09 13:07:04.597 E/SurfaceFlinger( 1321): void main(void) {
06-09 13:07:04.597 E/SurfaceFlinger( 1321):     gl_FragColor = texture2D(sampler, outTexCoords);
06-09 13:07:04.597 E/SurfaceFlinger( 1321): }
06-09 13:07:04.597 E/SurfaceFlinger( 1321): 
06-09 13:07:04.597 E/SurfaceFlinger( 1321): \F6\FF\FF\FF\FF\FF\FF\FF\9F\B1
06-09 13:07:04.597 E/SurfaceFlinger( 1321): Error while linking shaders:
06-09 13:07:04.597 E/SurfaceFlinger( 1321): Error while compiling shader: 
06-09 13:07:04.597 E/SurfaceFlinger( 1321): attribute vec4 texCoords;
06-09 13:07:04.597 E/SurfaceFlinger( 1321): varying vec2 outTexCoords;
06-09 13:07:04.597 E/SurfaceFlinger( 1321): attribute vec4 position;
06-09 13:07:04.597 E/SurfaceFlinger( 1321): uniform mat4 projection;
06-09 13:07:04.597 E/SurfaceFlinger( 1321): uniform mat4 texture;
06-09 13:07:04.597 E/SurfaceFlinger( 1321): void main(void) {
06-09 13:07:04.597 E/SurfaceFlinger( 1321):     gl_Position = projection * position;
06-09 13:07:04.597 E/SurfaceFlinger( 1321):     outTexCoords = (texture * texCoords).st;
06-09 13:07:04.597 E/SurfaceFlinger( 1321): }
06-09 13:07:04.597 E/SurfaceFlinger( 1321): 
06-09 13:07:04.597 E/SurfaceFlinger( 1321): \F6\FF\FF\FF\FF\FF\FF\FF\9F\B1
06-09 13:07:04.597 E/SurfaceFlinger( 1321): Error while compiling shader: 
06-09 13:07:04.597 E/SurfaceFlinger( 1321): #extension GL_OES_EGL_image_external : require
06-09 13:07:04.597 E/SurfaceFlinger( 1321): precision mediump float;
06-09 13:07:04.597 E/SurfaceFlinger( 1321): uniform samplerExternalOES sampler;
06-09 13:07:04.597 E/SurfaceFlinger( 1321): varying vec2 outTexCoords;
06-09 13:07:04.597 E/SurfaceFlinger( 1321): void main(void) {
06-09 13:07:04.597 E/SurfaceFlinger( 1321):     gl_FragColor = texture2D(sampler, outTexCoords);
06-09 13:07:04.597 E/SurfaceFlinger( 1321):     gl_FragColor.a = 1.0;
06-09 13:07:04.597 E/SurfaceFlinger( 1321): }
06-09 13:07:04.597 E/SurfaceFlinger( 1321): 
06-09 13:07:04.597 E/SurfaceFlinger( 1321): \F6\FF\FF\FF\FF\FF\FF\FF\9F\B1
06-09 13:07:04.597 E/SurfaceFlinger( 1321): Error while linking shaders:
06-09 13:07:04.598 E/SurfaceFlinger( 1321): Error while compiling shader: 
06-09 13:07:04.598 E/SurfaceFlinger( 1321): attribute vec4 texCoords;
06-09 13:07:04.598 E/SurfaceFlinger( 1321): varying vec2 outTexCoords;
06-09 13:07:04.598 E/SurfaceFlinger( 1321): attribute vec4 position;
06-09 13:07:04.598 E/SurfaceFlinger( 1321): uniform mat4 projection;
06-09 13:07:04.598 E/SurfaceFlinger( 1321): uniform mat4 texture;
06-09 13:07:04.598 E/SurfaceFlinger( 1321): void main(void) {
06-09 13:07:04.598 E/SurfaceFlinger( 1321):     gl_Position = projection * position;
06-09 13:07:04.598 E/SurfaceFlinger( 1321):     outTexCoords = (texture * texCoords).st;
06-09 13:07:04.598 E/SurfaceFlinger( 1321): }
06-09 13:07:04.598 E/SurfaceFlinger( 1321): 
06-09 13:07:04.598 E/SurfaceFlinger( 1321): \F6\FF\FF\FF\FF\FF\FF\FF\9F\B1
06-09 13:07:04.598 E/SurfaceFlinger( 1321): Error while compiling shader: 
06-09 13:07:04.598 E/SurfaceFlinger( 1321): #extension GL_OES_EGL_image_external : require
06-09 13:07:04.598 E/SurfaceFlinger( 1321): precision mediump float;
06-09 13:07:04.598 E/SurfaceFlinger( 1321): uniform samplerExternalOES sampler;
06-09 13:07:04.598 E/SurfaceFlinger( 1321): varying vec2 outTexCoords;
06-09 13:07:04.598 E/SurfaceFlinger( 1321): void main(void) {
06-09 13:07:04.598 E/SurfaceFlinger( 1321):     gl_FragColor = texture2D(sampler, outTexCoords);
06-09 13:07:04.598 E/SurfaceFlinger( 1321):     gl_FragColor.a = 1.0;
06-09 13:07:04.598 E/SurfaceFlinger( 1321): }
06-09 13:07:04.598 E/SurfaceFlinger( 1321): 
06-09 13:07:04.598 E/SurfaceFlinger( 1321): \F6\FF\FF\FF\FF\FF\FF\FF\9F\B1
06-09 13:07:04.598 E/SurfaceFlinger( 1321): Error while linking shaders:
06-09 13:07:04.598 E/SurfaceFlinger( 1321): Error while compiling shader: 
06-09 13:07:04.598 E/SurfaceFlinger( 1321): attribute vec4 texCoords;
06-09 13:07:04.598 E/SurfaceFlinger( 1321): varying vec2 outTexCoords;
06-09 13:07:04.598 E/SurfaceFlinger( 1321): attribute vec4 position;
06-09 13:07:04.598 E/SurfaceFlinger( 1321): uniform mat4 projection;
06-09 13:07:04.598 E/SurfaceFlinger( 1321): uniform mat4 texture;
06-09 13:07:04.598 E/SurfaceFlinger( 1321): void main(void) {
06-09 13:07:04.598 E/SurfaceFlinger( 1321):     gl_Position = projection * position;
06-09 13:07:04.598 E/SurfaceFlinger( 1321):     outTexCoords = (texture * texCoords).st;
06-09 13:07:04.598 E/SurfaceFlinger( 1321): }
06-09 13:07:04.598 E/SurfaceFlinger( 1321): 
06-09 13:07:04.598 E/SurfaceFlinger( 1321): \F6\FF\FF\FF\FF\FF\FF\FF\9F\B1
06-09 13:07:04.598 E/SurfaceFlinger( 1321): Error while compiling shader: 
06-09 13:07:04.598 E/SurfaceFlinger( 1321): #extension GL_OES_EGL_image_external : require
06-09 13:07:04.598 E/SurfaceFlinger( 1321): precision mediump float;
06-09 13:07:04.598 E/SurfaceFlinger( 1321): uniform samplerExternalOES sampler;
06-09 13:07:04.598 E/SurfaceFlinger( 1321): varying vec2 outTexCoords;
06-09 13:07:04.598 E/SurfaceFlinger( 1321): uniform float alphaPlane;
06-09 13:07:04.598 E/SurfaceFlinger( 1321): void main(void) {
06-09 13:07:04.598 E/SurfaceFlinger( 1321):     gl_FragColor = texture2D(sampler, outTexCoords);
06-09 13:07:04.598 E/SurfaceFlinger( 1321):     gl_FragColor.a *= alphaPlane;
06-09 13:07:04.598 E/SurfaceFlinger( 1321): }
06-09 13:07:04.598 E/SurfaceFlinger( 1321): 
06-09 13:07:04.598 E/SurfaceFlinger( 1321): \F6\FF\FF\FF\FF\FF\FF\FF\9F\B1
06-09 13:07:04.598 E/SurfaceFlinger( 1321): Error while linking shaders:
06-09 13:07:04.598 E/SurfaceFlinger( 1321): Error while compiling shader: 
06-09 13:07:04.598 E/SurfaceFlinger( 1321): attribute vec4 texCoords;
06-09 13:07:04.598 E/SurfaceFlinger( 1321): varying vec2 outTexCoords;
06-09 13:07:04.598 E/SurfaceFlinger( 1321): attribute vec4 position;
06-09 13:07:04.598 E/SurfaceFlinger( 1321): uniform mat4 projection;
06-09 13:07:04.598 E/SurfaceFlinger( 1321): uniform mat4 texture;
06-09 13:07:04.598 E/SurfaceFlinger( 1321): void main(void) {
06-09 13:07:04.598 E/SurfaceFlinger( 1321):     gl_Position = projection * position;
06-09 13:07:04.598 E/SurfaceFlinger( 1321):     outTexCoords = (texture * texCoords).st;
06-09 13:07:04.598 E/SurfaceFlinger( 1321): }
06-09 13:07:04.598 E/SurfaceFlinger( 1321): 
06-09 13:07:04.598 E/SurfaceFlinger( 1321): \F6\FF\FF\FF\FF\FF\FF\FF\9F\B1
06-09 13:07:04.598 E/SurfaceFlinger( 1321): Error while compiling shader: 
06-09 13:07:04.598 E/SurfaceFlinger( 1321): #extension GL_OES_EGL_image_external : require
06-09 13:07:04.598 E/SurfaceFlinger( 1321): precision mediump float;
06-09 13:07:04.598 E/SurfaceFlinger( 1321): uniform samplerExternalOES sampler;
06-09 13:07:04.598 E/SurfaceFlinger( 1321): varying vec2 outTexCoords;
06-09 13:07:04.598 E/SurfaceFlinger( 1321): uniform float alphaPlane;
06-09 13:07:04.598 E/SurfaceFlinger( 1321): void main(void) {
06-09 13:07:04.598 E/SurfaceFlinger( 1321):     gl_FragColor = texture2D(sampler, outTexCoords);
06-09 13:07:04.598 E/SurfaceFlinger( 1321):     gl_FragColor *= alphaPlane;
06-09 13:07:04.598 E/SurfaceFlinger( 1321): }
06-09 13:07:04.598 E/SurfaceFlinger( 1321): 
06-09 13:07:04.598 E/SurfaceFlinger( 1321): \F6\FF\FF\FF\FF\FF\FF\FF\9F\B1
06-09 13:07:04.598 E/SurfaceFlinger( 1321): Error while linking shaders:
06-09 13:07:04.598 E/SurfaceFlinger( 1321): Error while compiling shader: 
06-09 13:07:04.598 E/SurfaceFlinger( 1321): attribute vec4 texCoords;
06-09 13:07:04.598 E/SurfaceFlinger( 1321): varying vec2 outTexCoords;
06-09 13:07:04.598 E/SurfaceFlinger( 1321): attribute vec4 position;
06-09 13:07:04.598 E/SurfaceFlinger( 1321): uniform mat4 projection;
06-09 13:07:04.598 E/SurfaceFlinger( 1321): uniform mat4 texture;
06-09 13:07:04.598 E/SurfaceFlinger( 1321): void main(void) {
06-09 13:07:04.598 E/SurfaceFlinger( 1321):     gl_Position = projection * position;
06-09 13:07:04.598 E/SurfaceFlinger( 1321):     outTexCoords = (texture * texCoords).st;
06-09 13:07:04.598 E/SurfaceFlinger( 1321): }
06-09 13:07:04.598 E/SurfaceFlinger( 1321): 
06-09 13:07:04.598 E/SurfaceFlinger( 1321): \F6\FF\FF\FF\FF\FF\FF\FF\9F\B1
06-09 13:07:04.598 E/SurfaceFlinger( 1321): Error while compiling shader: 
06-09 13:07:04.598 E/SurfaceFlinger( 1321): #extension GL_OES_EGL_image_external : require
06-09 13:07:04.598 E/SurfaceFlinger( 1321): precision mediump float;
06-09 13:07:04.598 E/SurfaceFlinger( 1321): uniform samplerExternalOES sampler;
06-09 13:07:04.598 E/SurfaceFlinger( 1321): varying vec2 outTexCoords;
06-09 13:07:04.598 E/SurfaceFlinger( 1321): uniform float alphaPlane;
06-09 13:07:04.598 E/SurfaceFlinger( 1321): void main(void) {
06-09 13:07:04.598 E/SurfaceFlinger( 1321):     gl_FragColor = texture2D(sampler, outTexCoords);
06-09 13:07:04.598 E/SurfaceFlinger( 1321):     gl_FragColor.a = 1.0;
06-09 13:07:04.598 E/SurfaceFlinger( 1321):     gl_FragColor.a *= alphaPlane;
06-09 13:07:04.598 E/SurfaceFlinger( 1321): }
06-09 13:07:04.598 E/SurfaceFlinger( 1321): 
06-09 13:07:04.598 E/SurfaceFlinger( 1321): \F6\FF\FF\FF\FF\FF\FF\FF\9F\B1
06-09 13:07:04.598 E/SurfaceFlinger( 1321): Error while linking shaders:
06-09 13:07:04.598 E/SurfaceFlinger( 1321): Error while compiling shader: 
06-09 13:07:04.598 E/SurfaceFlinger( 1321): attribute vec4 texCoords;
06-09 13:07:04.598 E/SurfaceFlinger( 1321): varying vec2 outTexCoords;
06-09 13:07:04.598 E/SurfaceFlinger( 1321): attribute vec4 position;
06-09 13:07:04.598 E/SurfaceFlinger( 1321): uniform mat4 projection;
06-09 13:07:04.598 E/SurfaceFlinger( 1321): uniform mat4 texture;
06-09 13:07:04.598 E/SurfaceFlinger( 1321): void main(void) {
06-09 13:07:04.598 E/SurfaceFlinger( 1321):     gl_Position = projection * position;
06-09 13:07:04.598 E/SurfaceFlinger( 1321):     outTexCoords = (texture * texCoords).st;
06-09 13:07:04.598 E/SurfaceFlinger( 1321): }
06-09 13:07:04.598 E/SurfaceFlinger( 1321): 
06-09 13:07:04.598 E/SurfaceFlinger( 1321): \F6\FF\FF\FF\FF\FF\FF\FF\9F\B1
06-09 13:07:04.598 E/SurfaceFlinger( 1321): Error while compiling shader: 
06-09 13:07:04.598 E/SurfaceFlinger( 1321): #extension GL_OES_EGL_image_external : require
06-09 13:07:04.598 E/SurfaceFlinger( 1321): precision mediump float;
06-09 13:07:04.598 E/SurfaceFlinger( 1321): uniform samplerExternalOES sampler;
06-09 13:07:04.598 E/SurfaceFlinger( 1321): varying vec2 outTexCoords;
06-09 13:07:04.598 E/SurfaceFlinger( 1321): uniform float alphaPlane;
06-09 13:07:04.598 E/SurfaceFlinger( 1321): void main(void) {
06-09 13:07:04.598 E/SurfaceFlinger( 1321):     gl_FragColor = texture2D(sampler, outTexCoords);
06-09 13:07:04.598 E/SurfaceFlinger( 1321):     gl_FragColor.a = 1.0;
06-09 13:07:04.598 E/SurfaceFlinger( 1321):     gl_FragColor *= alphaPlane;
06-09 13:07:04.598 E/SurfaceFlinger( 1321): }
06-09 13:07:04.598 E/SurfaceFlinger( 1321): 
06-09 13:07:04.598 E/SurfaceFlinger( 1321): \F6\FF\FF\FF\FF\FF\FF\FF\9F\B1
06-09 13:07:04.598 E/SurfaceFlinger( 1321): Error while linking shaders:
06-09 13:07:04.599 E/SurfaceFlinger( 1321): Error while compiling shader: 
06-09 13:07:04.599 E/SurfaceFlinger( 1321): attribute vec4 texCoords;
06-09 13:07:04.599 E/SurfaceFlinger( 1321): varying vec2 outTexCoords;
06-09 13:07:04.599 E/SurfaceFlinger( 1321): attribute vec4 position;
06-09 13:07:04.599 E/SurfaceFlinger( 1321): uniform mat4 projection;
06-09 13:07:04.599 E/SurfaceFlinger( 1321): uniform mat4 texture;
06-09 13:07:04.599 E/SurfaceFlinger( 1321): void main(void) {
06-09 13:07:04.599 E/SurfaceFlinger( 1321):     gl_Position = projection * position;
06-09 13:07:04.599 E/SurfaceFlinger( 1321):     outTexCoords = (texture * texCoords).st;
06-09 13:07:04.599 E/SurfaceFlinger( 1321): }
06-09 13:07:04.599 E/SurfaceFlinger( 1321): 
06-09 13:07:04.599 E/SurfaceFlinger( 1321): \F6\FF\FF\FF\FF\FF\FF\FF\9F\B1
06-09 13:07:04.599 E/SurfaceFlinger( 1321): Error while compiling shader: 
06-09 13:07:04.599 E/SurfaceFlinger( 1321): precision mediump float;
06-09 13:07:04.599 E/SurfaceFlinger( 1321): uniform sampler2D sampler;
06-09 13:07:04.599 E/SurfaceFlinger( 1321): varying vec2 outTexCoords;
06-09 13:07:04.599 E/SurfaceFlinger( 1321): void main(void) {
06-09 13:07:04.599 E/SurfaceFlinger( 1321):     gl_FragColor = texture2D(sampler, outTexCoords);
06-09 13:07:04.599 E/SurfaceFlinger( 1321): }
06-09 13:07:04.599 E/SurfaceFlinger( 1321): 
06-09 13:07:04.599 E/SurfaceFlinger( 1321): \F6\FF\FF\FF\FF\FF\FF\FF\9F\B1
06-09 13:07:04.599 E/SurfaceFlinger( 1321): Error while linking shaders:
06-09 13:07:04.599 E/SurfaceFlinger( 1321): Error while compiling shader: 
06-09 13:07:04.599 E/SurfaceFlinger( 1321): attribute vec4 texCoords;
06-09 13:07:04.599 E/SurfaceFlinger( 1321): varying vec2 outTexCoords;
06-09 13:07:04.599 E/SurfaceFlinger( 1321): attribute vec4 position;
06-09 13:07:04.599 E/SurfaceFlinger( 1321): uniform mat4 projection;
06-09 13:07:04.599 E/SurfaceFlinger( 1321): uniform mat4 texture;
06-09 13:07:04.599 E/SurfaceFlinger( 1321): void main(void) {
06-09 13:07:04.599 E/SurfaceFlinger( 1321):     gl_Position = projection * position;
06-09 13:07:04.599 E/SurfaceFlinger( 1321):     outTexCoords = (texture * texCoords).st;
06-09 13:07:04.599 E/SurfaceFlinger( 1321): }
06-09 13:07:04.599 E/SurfaceFlinger( 1321): 
06-09 13:07:04.599 E/SurfaceFlinger( 1321): \F6\FF\FF\FF\FF\FF\FF\FF\9F\B1
06-09 13:07:04.599 E/SurfaceFlinger( 1321): Error while compiling shader: 
06-09 13:07:04.599 E/SurfaceFlinger( 1321): precision mediump float;
06-09 13:07:04.599 E/SurfaceFlinger( 1321): uniform sampler2D sampler;
06-09 13:07:04.599 E/SurfaceFlinger( 1321): varying vec2 outTexCoords;
06-09 13:07:04.599 E/SurfaceFlinger( 1321): void main(void) {
06-09 13:07:04.599 E/SurfaceFlinger( 1321):     gl_FragColor = texture2D(sampler, outTexCoords);
06-09 13:07:04.599 E/SurfaceFlinger( 1321): }
06-09 13:07:04.599 E/SurfaceFlinger( 1321): 
06-09 13:07:04.599 E/SurfaceFlinger( 1321): \F6\FF\FF\FF\FF\FF\FF\FF\9F\B1
06-09 13:07:04.599 E/SurfaceFlinger( 1321): Error while linking shaders:
06-09 13:07:04.599 E/SurfaceFlinger( 1321): Error while compiling shader: 
06-09 13:07:04.599 E/SurfaceFlinger( 1321): attribute vec4 texCoords;
06-09 13:07:04.599 E/SurfaceFlinger( 1321): varying vec2 outTexCoords;
06-09 13:07:04.599 E/SurfaceFlinger( 1321): attribute vec4 position;
06-09 13:07:04.599 E/SurfaceFlinger( 1321): uniform mat4 projection;
06-09 13:07:04.599 E/SurfaceFlinger( 1321): uniform mat4 texture;
06-09 13:07:04.599 E/SurfaceFlinger( 1321): void main(void) {
06-09 13:07:04.599 E/SurfaceFlinger( 1321):     gl_Position = projection * position;
06-09 13:07:04.599 E/SurfaceFlinger( 1321):     outTexCoords = (texture * texCoords).st;
06-09 13:07:04.599 E/SurfaceFlinger( 1321): }
06-09 13:07:04.599 E/SurfaceFlinger( 1321): 
06-09 13:07:04.599 E/SurfaceFlinger( 1321): \F6\FF\FF\FF\FF\FF\FF\FF\9F\B1
06-09 13:07:04.599 E/SurfaceFlinger( 1321): Error while compiling shader: 
06-09 13:07:04.599 E/SurfaceFlinger( 1321): precision mediump float;
06-09 13:07:04.599 E/SurfaceFlinger( 1321): uniform sampler2D sampler;
06-09 13:07:04.599 E/SurfaceFlinger( 1321): varying vec2 outTexCoords;
06-09 13:07:04.599 E/SurfaceFlinger( 1321): void main(void) {
06-09 13:07:04.599 E/SurfaceFlinger( 1321):     gl_FragColor = texture2D(sampler, outTexCoords);
06-09 13:07:04.599 E/SurfaceFlinger( 1321):     gl_FragColor.a = 1.0;
06-09 13:07:04.599 E/SurfaceFlinger( 1321): }
06-09 13:07:04.599 E/SurfaceFlinger( 1321): 
06-09 13:07:04.599 E/SurfaceFlinger( 1321): \F6\FF\FF\FF\FF\FF\FF\FF\9F\B1
06-09 13:07:04.599 E/SurfaceFlinger( 1321): Error while linking shaders:
06-09 13:07:04.599 E/SurfaceFlinger( 1321): Error while compiling shader: 
06-09 13:07:04.599 E/SurfaceFlinger( 1321): attribute vec4 texCoords;
06-09 13:07:04.599 E/SurfaceFlinger( 1321): varying vec2 outTexCoords;
06-09 13:07:04.599 E/SurfaceFlinger( 1321): attribute vec4 position;
06-09 13:07:04.599 E/SurfaceFlinger( 1321): uniform mat4 projection;
06-09 13:07:04.599 E/SurfaceFlinger( 1321): uniform mat4 texture;
06-09 13:07:04.599 E/SurfaceFlinger( 1321): void main(void) {
06-09 13:07:04.599 E/SurfaceFlinger( 1321):     gl_Position = projection * position;
06-09 13:07:04.599 E/SurfaceFlinger( 1321):     outTexCoords = (texture * texCoords).st;
06-09 13:07:04.599 E/SurfaceFlinger( 1321): }
06-09 13:07:04.599 E/SurfaceFlinger( 1321): 
06-09 13:07:04.599 E/SurfaceFlinger( 1321): \F6\FF\FF\FF\FF\FF\FF\FF\9F\B1
06-09 13:07:04.599 E/SurfaceFlinger( 1321): Error while compiling shader: 
06-09 13:07:04.599 E/SurfaceFlinger( 1321): precision mediump float;
06-09 13:07:04.599 E/SurfaceFlinger( 1321): uniform sampler2D sampler;
06-09 13:07:04.599 E/SurfaceFlinger( 1321): varying vec2 outTexCoords;
06-09 13:07:04.599 E/SurfaceFlinger( 1321): void main(void) {
06-09 13:07:04.599 E/SurfaceFlinger( 1321):     gl_FragColor = texture2D(sampler, outTexCoords);
06-09 13:07:04.599 E/SurfaceFlinger( 1321):     gl_FragColor.a = 1.0;
06-09 13:07:04.599 E/SurfaceFlinger( 1321): }
06-09 13:07:04.599 E/SurfaceFlinger( 1321): 
06-09 13:07:04.599 E/SurfaceFlinger( 1321): \F6\FF\FF\FF\FF\FF\FF\FF\9F\B1
06-09 13:07:04.599 E/SurfaceFlinger( 1321): Error while linking shaders:
06-09 13:07:04.599 E/SurfaceFlinger( 1321): Error while compiling shader: 
06-09 13:07:04.599 E/SurfaceFlinger( 1321): attribute vec4 texCoords;
06-09 13:07:04.599 E/SurfaceFlinger( 1321): varying vec2 outTexCoords;
06-09 13:07:04.599 E/SurfaceFlinger( 1321): attribute vec4 position;
06-09 13:07:04.599 E/SurfaceFlinger( 1321): uniform mat4 projection;
06-09 13:07:04.599 E/SurfaceFlinger( 1321): uniform mat4 texture;
06-09 13:07:04.599 E/SurfaceFlinger( 1321): void main(void) {
06-09 13:07:04.599 E/SurfaceFlinger( 1321):     gl_Position = projection * position;
06-09 13:07:04.599 E/SurfaceFlinger( 1321):     outTexCoords = (texture * texCoords).st;
06-09 13:07:04.599 E/SurfaceFlinger( 1321): }
06-09 13:07:04.599 E/SurfaceFlinger( 1321): 
06-09 13:07:04.599 E/SurfaceFlinger( 1321): \F6\FF\FF\FF\FF\FF\FF\FF\9F\B1
06-09 13:07:04.599 E/SurfaceFlinger( 1321): Error while compiling shader: 
06-09 13:07:04.599 E/SurfaceFlinger( 1321): precision mediump float;
06-09 13:07:04.599 E/SurfaceFlinger( 1321): uniform sampler2D sampler;
06-09 13:07:04.599 E/SurfaceFlinger( 1321): varying vec2 outTexCoords;
06-09 13:07:04.599 E/SurfaceFlinger( 1321): uniform float alphaPlane;
06-09 13:07:04.599 E/SurfaceFlinger( 1321): void main(void) {
06-09 13:07:04.599 E/SurfaceFlinger( 1321):     gl_FragColor = texture2D(sampler, outTexCoords);
06-09 13:07:04.599 E/SurfaceFlinger( 1321):     gl_FragColor.a *= alphaPlane;
06-09 13:07:04.599 E/SurfaceFlinger( 1321): }
06-09 13:07:04.599 E/SurfaceFlinger( 1321): 
06-09 13:07:04.599 E/SurfaceFlinger( 1321): \F6\FF\FF\FF\FF\FF\FF\FF\9F\B1
06-09 13:07:04.600 E/SurfaceFlinger( 1321): Error while linking shaders:
06-09 13:07:04.611 E/SurfaceFlinger( 1321): Error while compiling shader: 
06-09 13:07:04.611 E/SurfaceFlinger( 1321): attribute vec4 texCoords;
06-09 13:07:04.611 E/SurfaceFlinger( 1321): varying vec2 outTexCoords;
06-09 13:07:04.611 E/SurfaceFlinger( 1321): attribute vec4 position;
06-09 13:07:04.611 E/SurfaceFlinger( 1321): uniform mat4 projection;
06-09 13:07:04.611 E/SurfaceFlinger( 1321): uniform mat4 texture;
06-09 13:07:04.611 E/SurfaceFlinger( 1321): void main(void) {
06-09 13:07:04.611 E/SurfaceFlinger( 1321):     gl_Position = projection * position;
06-09 13:07:04.611 E/SurfaceFlinger( 1321):     outTexCoords = (texture * texCoords).st;
06-09 13:07:04.611 E/SurfaceFlinger( 1321): }
06-09 13:07:04.611 E/SurfaceFlinger( 1321): 
06-09 13:07:04.611 E/SurfaceFlinger( 1321): \F6\FF\FF\FF\FF\FF\FF\FF\9F\B1
06-09 13:07:04.611 E/SurfaceFlinger( 1321): Error while compiling shader: 
06-09 13:07:04.611 E/SurfaceFlinger( 1321): precision mediump float;
06-09 13:07:04.611 E/SurfaceFlinger( 1321): uniform sampler2D sampler;
06-09 13:07:04.611 E/SurfaceFlinger( 1321): varying vec2 outTexCoords;
06-09 13:07:04.611 E/SurfaceFlinger( 1321): uniform float alphaPlane;
06-09 13:07:04.611 E/SurfaceFlinger( 1321): void main(void) {
06-09 13:07:04.611 E/SurfaceFlinger( 1321):     gl_FragColor = texture2D(sampler, outTexCoords);
06-09 13:07:04.611 E/SurfaceFlinger( 1321):     gl_FragColor *= alphaPlane;
06-09 13:07:04.611 E/SurfaceFlinger( 1321): }
06-09 13:07:04.611 E/SurfaceFlinger( 1321): 
06-09 13:07:04.611 E/SurfaceFlinger( 1321): \F6\FF\FF\FF\FF\FF\FF\FF\9F\B1
06-09 13:07:04.611 E/SurfaceFlinger( 1321): Error while linking shaders:
06-09 13:07:04.611 E/SurfaceFlinger( 1321): Error while compiling shader: 
06-09 13:07:04.611 E/SurfaceFlinger( 1321): attribute vec4 texCoords;
06-09 13:07:04.611 E/SurfaceFlinger( 1321): varying vec2 outTexCoords;
06-09 13:07:04.611 E/SurfaceFlinger( 1321): attribute vec4 position;
06-09 13:07:04.611 E/SurfaceFlinger( 1321): uniform mat4 projection;
06-09 13:07:04.611 E/SurfaceFlinger( 1321): uniform mat4 texture;
06-09 13:07:04.611 E/SurfaceFlinger( 1321): void main(void) {
06-09 13:07:04.611 E/SurfaceFlinger( 1321):     gl_Position = projection * position;
06-09 13:07:04.611 E/SurfaceFlinger( 1321):     outTexCoords = (texture * texCoords).st;
06-09 13:07:04.611 E/SurfaceFlinger( 1321): }
06-09 13:07:04.611 E/SurfaceFlinger( 1321): 
06-09 13:07:04.611 E/SurfaceFlinger( 1321): \F6\FF\FF\FF\FF\FF\FF\FF\9F\B1
06-09 13:07:04.611 E/SurfaceFlinger( 1321): Error while compiling shader: 
06-09 13:07:04.611 E/SurfaceFlinger( 1321): precision mediump float;
06-09 13:07:04.611 E/SurfaceFlinger( 1321): uniform sampler2D sampler;
06-09 13:07:04.611 E/SurfaceFlinger( 1321): varying vec2 outTexCoords;
06-09 13:07:04.611 E/SurfaceFlinger( 1321): uniform float alphaPlane;
06-09 13:07:04.611 E/SurfaceFlinger( 1321): void main(void) {
06-09 13:07:04.611 E/SurfaceFlinger( 1321):     gl_FragColor = texture2D(sampler, outTexCoords);
06-09 13:07:04.611 E/SurfaceFlinger( 1321):     gl_FragColor.a = 1.0;
06-09 13:07:04.611 E/SurfaceFlinger( 1321):     gl_FragColor.a *= alphaPlane;
06-09 13:07:04.611 E/SurfaceFlinger( 1321): }
06-09 13:07:04.611 E/SurfaceFlinger( 1321): 
06-09 13:07:04.611 E/SurfaceFlinger( 1321): \F6\FF\FF\FF\FF\FF\FF\FF\9F\B1
06-09 13:07:04.611 E/SurfaceFlinger( 1321): Error while linking shaders:
06-09 13:07:04.611 E/SurfaceFlinger( 1321): Error while compiling shader: 
06-09 13:07:04.611 E/SurfaceFlinger( 1321): attribute vec4 texCoords;
06-09 13:07:04.611 E/SurfaceFlinger( 1321): varying vec2 outTexCoords;
06-09 13:07:04.611 E/SurfaceFlinger( 1321): attribute vec4 position;
06-09 13:07:04.611 E/SurfaceFlinger( 1321): uniform mat4 projection;
06-09 13:07:04.611 E/SurfaceFlinger( 1321): uniform mat4 texture;
06-09 13:07:04.611 E/SurfaceFlinger( 1321): void main(void) {
06-09 13:07:04.611 E/SurfaceFlinger( 1321):     gl_Position = projection * position;
06-09 13:07:04.611 E/SurfaceFlinger( 1321):     outTexCoords = (texture * texCoords).st;
06-09 13:07:04.611 E/SurfaceFlinger( 1321): }
06-09 13:07:04.611 E/SurfaceFlinger( 1321): 
06-09 13:07:04.611 E/SurfaceFlinger( 1321): \F6\FF\FF\FF\FF\FF\FF\FF\9F\B1
06-09 13:07:04.611 E/SurfaceFlinger( 1321): Error while compiling shader: 
06-09 13:07:04.611 E/SurfaceFlinger( 1321): precision mediump float;
06-09 13:07:04.611 E/SurfaceFlinger( 1321): uniform sampler2D sampler;
06-09 13:07:04.611 E/SurfaceFlinger( 1321): varying vec2 outTexCoords;
06-09 13:07:04.611 E/SurfaceFlinger( 1321): uniform float alphaPlane;
06-09 13:07:04.611 E/SurfaceFlinger( 1321): void main(void) {
06-09 13:07:04.611 E/SurfaceFlinger( 1321):     gl_FragColor = texture2D(sampler, outTexCoords);
06-09 13:07:04.611 E/SurfaceFlinger( 1321):     gl_FragColor.a = 1.0;
06-09 13:07:04.611 E/SurfaceFlinger( 1321):     gl_FragColor *= alphaPlane;
06-09 13:07:04.611 E/SurfaceFlinger( 1321): }
06-09 13:07:04.611 E/SurfaceFlinger( 1321): 
06-09 13:07:04.611 E/SurfaceFlinger( 1321): \F6\FF\FF\FF\FF\FF\FF\FF\9F\B1
06-09 13:07:04.611 E/SurfaceFlinger( 1321): Error while linking shaders:
06-09 13:07:04.612 D/SurfaceFlinger( 1321): shader cache generated - 24 shaders in 17.685955 ms
06-09 13:07:04.666 D/SurfaceFlinger( 1321): Set power mode=2, type=0 flinger=0x778963a47000
06-09 13:07:04.964 I/        ( 1327): sMaxFastTracks = 8
06-09 13:07:05.095 I/audioserver( 1327): ServiceManager: 0xe853c020
06-09 13:07:05.131 W/BatteryNotifier( 1327): batterystats service unavailable!
06-09 13:07:05.131 I/AudioFlinger( 1327): Using default 3000 mSec as standby time.
06-09 13:07:05.213 I/mediaserver( 1333): ServiceManager: 0xe78bc0a0
06-09 13:07:05.309 I/AudioPolicyService( 1327): AudioPolicyService CSTOR in new mode
06-09 13:07:05.449 I/APM::ConfigParsingUtils( 1327): loadAudioPolicyConfig() loaded /system/etc/audio_policy.conf
06-09 13:07:05.684 D/audio_hw_generic( 1327): Emulator host-side ALSA audio emulation detected.
06-09 13:07:05.686 D/audio_hw_generic( 1327): mixer 0 name Master Playback Volume
06-09 13:07:05.687 D/audio_hw_generic( 1327): set ctl 0 to 100
06-09 13:07:05.688 D/audio_hw_generic( 1327): set ctl 1 to 100
06-09 13:07:05.688 D/audio_hw_generic( 1327): mixer 1 name Master Playback Switch
06-09 13:07:05.688 D/audio_hw_generic( 1327): set ctl 0 to 1
06-09 13:07:05.689 D/audio_hw_generic( 1327): set ctl 1 to 1
06-09 13:07:05.689 D/audio_hw_generic( 1327): mixer 2 name Capture Volume
06-09 13:07:05.689 D/audio_hw_generic( 1327): set ctl 0 to 100
06-09 13:07:05.689 D/audio_hw_generic( 1327): set ctl 1 to 100
