06-09 11:19:24.816 E/ActivityManager( 2134):   15% 2134/system_server: 0.4% user + 14% kernel / faults: 144 minor
06-09 11:19:24.816 E/ActivityManager( 2134):     3.1% 2180/ActivityManager: 0.3% user + 2.8% kernel
06-09 11:19:24.816 E/ActivityManager( 2134):     2% 2139/Signal Catcher: 0% user + 2% kernel
06-09 11:19:24.816 E/ActivityManager( 2134):     1.8% 2145/HeapTaskDaemon: 0.3% user + 1.5% kernel
06-09 11:19:24.816 E/ActivityManager( 2134):     1.5% 2179/android.bg: 0% user + 1.5% kernel
06-09 11:19:24.816 E/ActivityManager( 2134):     1.4% 2156/Binder:2134_1: 0% user + 1.4% kernel
06-09 11:19:24.816 E/ActivityManager( 2134):     1% 2134/system_server: 0% user + 1% kernel
06-09 11:19:24.816 E/ActivityManager( 2134):     0.6% 2157/Binder:2134_2: 0.3% user + 0.3% kernel
06-09 11:19:24.816 E/ActivityManager( 2134):     0.6% 2617/Binder:2134_8: 0% user + 0.6% kernel
06-09 11:19:24.816 E/ActivityManager( 2134):     0.4% 2358/Binder:2134_3: 0.1% user + 0.3% kernel
06-09 11:19:24.816 E/ActivityManager( 2134):     0.4% 2424/Binder:2134_5: 0% user + 0.4% kernel
06-09 11:19:24.816 E/ActivityManager( 2134):     0.3% 2143/FinalizerDaemon: 0% user + 0.3% kernel
06-09 11:19:24.816 E/ActivityManager( 2134):     0.3% 2203/PowerManagerSer: 0% user + 0.3% kernel
06-09 11:19:24.816 E/ActivityManager( 2134):     0.3% 2355/AsyncTask #1: 0.1% user + 0.1% kernel
06-09 11:19:24.816 E/ActivityManager( 2134):     0.3% 2407/Binder:2134_4: 0.1% user + 0.1% kernel
06-09 11:19:24.816 E/ActivityManager( 2134):     0.3% 2614/Binder:2134_6: 0% user + 0.3% kernel
06-09 11:19:24.816 E/ActivityManager( 2134):     0.3% 2616/Binder:2134_7: 0.1% user + 0.1% kernel
06-09 11:19:24.816 E/ActivityManager( 2134):     0.1% 2142/ReferenceQu
06-09 11:19:29.643 W/        ( 1274): debuggerd: handling request: pid=1332 uid=1013 gid=1031 tid=1332
06-09 11:19:29.645 W/        ( 1273): debuggerd: handling request: pid=1332 uid=1013 gid=1031 tid=1332
06-09 11:19:29.720 W/art     ( 2134): Long monitor contention with owner Binder:2134_5 (2424) at int com.android.server.am.ActivityManagerService.broadcastIntent(android.app.IApplicationThread, android.content.Intent, java.lang.String, android.content.IIntentReceiver, int, java.lang.String, android.os.Bundle, java.lang.String[], int, android.os.Bundle, boolean, boolean, int)(ActivityManagerService.java:18551) waiters=1 in java.lang.String com.android.server.am.ActivityManagerService.checkContentProviderAccess(java.lang.String, int) for 5.963s
06-09 11:19:29.897 W/art     ( 2134): Long monitor contention with owner Binder:2134_5 (2424) at int com.android.server.am.ActivityManagerService.broadcastIntent(android.app.IApplicationThread, android.content.Intent, java.lang.String, android.content.IIntentReceiver, int, java.lang.String, android.os.Bundle, java.lang.String[], int, android.os.Bundle, boolean, boolean, int)(ActivityManagerService.java:18551) waiters=2 in void com.android.server.am.ActivityManagerService.appendDropBoxProcessHeaders(com.android.server.am.ProcessRecord, java.lang.String, java.lang.StringBuilder) for 5.055s
06-09 11:19:29.965 W/art     ( 2134): Long monitor contention with owner Binder:2134_5 (2424) at int com.android.server.am.ActivityManagerService.broadcastIntent(android.app.IApplicationThread, android.content.Intent, java.lang.String, android.content.IIntentReceiver, int, java.lang.String, android.os.Bundle, java.lang.String[], int, android.os.Bundle, boolean, boolean, int)(ActivityManagerService.java:18551) waiters=2 in int com.android.server.am.ActivityManagerService.getAppStartMode(int, java.lang.String) for 657ms
06-09 11:19:30.347 W/art     ( 2134): Long monitor contention with owner android.ui (2181) at void com.android.server.am.AppErrors.handleShowAnrUi(android.os.Message)(AppErrors.java:925) waiters=2 in int com.android.server.am.ActivityManagerService.broadcastIntent(android.app.IApplicationThread, android.content.Intent, java.lang.String, android.content.IIntentReceiver, int, java.lang.String, android.os.Bundle, java.lang.String[], int, android.os.Bundle, boolean, boolean, int) for 226ms
06-09 11:19:30.352 W/art     ( 2134): Long monitor contention with owner android.ui (2181) at void com.android.server.am.AppErrors.handleShowAnrUi(android.os.Message)(AppErrors.java:925) waiters=2 in int com.android.server.am.ActivityManagerService.getAppStartMode(int, java.lang.String) for 173ms
06-09 11:19:31.270 W/        ( 1273): debuggerd: resuming target 1332
06-09 11:19:31.281 W/        ( 1274): debuggerd: handling request: pid=1333 uid=1040 gid=1026 tid=1333
06-09 11:19:31.283 W/        ( 1273): debuggerd: handling request: pid=1333 uid=1040 gid=1026 tid=1333
06-09 11:19:32.102 W/GnssLocationProvider( 2134): Could not open GPS configuration file /etc/gps.conf
06-09 11:19:32.103 E/GnssLocationProvider( 2134): no AGPS interface in set_agps_server
06-09 11:19:32.313 D/PhoneSwitcherNetworkRequstListener( 2579): got request NetworkRequest [ REQUEST id=1, [ Capabilities: INTERNET&NOT_RESTRICTED&TRUSTED&NOT_VPN] ] with score 0
06-09 11:19:32.362 D/TelephonyDebugService( 2579): TelephonyDebugService()
06-09 11:19:32.405 D/CarrierConfigLoader( 2579): mHandler: 12 phoneId: 0
06-09 11:19:33.187 E/ActivityThread( 2134): Failed to find provider info for com.android.calendar
06-09 11:19:33.296 E/ActivityThread( 2134): Failed to find provider info for com.android.calendar
06-09 11:19:33.311 W/        ( 1273): debuggerd: resuming target 1333
06-09 11:19:33.314 W/        ( 1274): debuggerd: handling request: pid=1334 uid=1013 gid=1005 tid=1334
06-09 11:19:33.315 W/        ( 1273): debuggerd: handling request: pid=1334 uid=1013 gid=1005 tid=1334
06-09 11:19:33.890 W/System  ( 2379): ClassLoader referenced unknown path: 
06-09 11:19:33.892 W/System  ( 2379): ClassLoader referenced unknown path: /system/priv-app/Dialer/lib/x86_64
06-09 11:19:34.034 D/ApplicationLoaders( 2379): ignored Vulkan layer search path /system/priv-app/Dialer/lib/x86_64:/system/lib64:/vendor/lib64 for namespace 0x7366900160f0
06-09 11:19:34.856 W/        ( 1273): debuggerd: resuming target 1334
06-09 11:19:35.494 I/Choreographer( 2134): Skipped 124 frames!  The application may be doing too much work on its main thread.
06-09 11:19:36.681 E/BluetoothAdapter( 2379): Bluetooth binder is null
06-09 11:19:37.367 I/CameraManagerGlobal( 2379): Connecting to camera service
06-09 11:19:37.670 V/EmulatedCamera_Camera( 1326): getCameraInfo
06-09 11:19:37.672 V/EmulatedCamera_BaseCamera( 1326): getCameraInfo
06-09 11:19:37.672 I/CameraService( 1326): getCameraCharacteristics: Switching to HAL1 shim implementation...
06-09 11:19:37.672 V/EmulatedCamera_Camera( 1326): getCameraInfo
06-09 11:19:37.673 V/EmulatedCamera_BaseCamera( 1326): getCameraInfo
06-09 11:19:37.676 I/CameraService( 1326): CameraService::connect call (PID -1 "cameraserver", camera ID 0) for HAL version default and Camera API version 1
06-09 11:19:37.788 E/CameraService( 1326): getCameraPriorityFromProcState: Received invalid process state -1 from ActivityManagerService!
06-09 11:19:37.797 V/EmulatedCamera_Camera( 1326): getCameraInfo
06-09 11:19:37.797 V/EmulatedCamera_BaseCamera( 1326): getCameraInfo
06-09 11:19:37.961 W/        ( 1274): debuggerd: handling request: pid=2426 uid=1023 gid=1023 tid=2426
06-09 11:19:38.241 I/art     ( 2373): Wrote stack traces to '/data/anr/traces.txt'
06-09 11:19:38.738 E/WVMExtractor( 1334): Failed to open libwvm.so: dlopen failed: library "libwvm.so" not found
06-09 11:19:39.243 D/NuPlayerDriver( 1334): notifyListener_l(0xeb30c120), (1, 0, 0), loop setting(0, 0)
06-09 11:19:39.345 W/        ( 1274): debuggerd: resuming target 2426
06-09 11:19:39.349 W/        ( 1274): debuggerd: handling request: pid=2496 uid=1023 gid=1023 tid=2496
06-09 11:19:39.628 D/NuPlayerDriver( 1334): notifyListener_l(0xecb28e40), (1, 0, 0), loop setting(0, 0)
06-09 11:19:39.992 W/        ( 1274): debuggerd: resuming target 2496
06-09 11:19:39.995 W/art     ( 2134): Long monitor contention with owner watchdog (2573) at void java.lang.Object.wait!(long, int)(Object.java:-2) waiters=0 in void com.android.server.Watchdog$HandlerChecker.run() for 9.836s
06-09 11:19:40.043 D/GpsNetInitiatedHandler( 2134): location enabled :true
06-09 11:19:40.270 D/ConditionProviders.SCP( 2134): onReceive android.intent.action.TIME_SET
06-09 11:19:40.389 D/NuPlayerDriver( 1334): notifyListener_l(0xecb28d80), (1, 0, 0), loop setting(0, 0)
06-09 11:19:40.524 I/CameraFlashlight( 1326): Opening camera 0
06-09 11:19:40.524 V/EmulatedCamera_Camera( 1326): getCameraInfo
06-09 11:19:40.524 V/EmulatedCamera_BaseCamera( 1326): getCameraInfo
06-09 11:19:40.525 V/EmulatedCamera_Camera( 1326): connectCamera
06-09 11:19:40.525 V/EmulatedCamera_FakeDevice( 1326): connectDevice
06-09 11:19:40.525 V/EmulatedCamera_CallbackNotifier( 1326): setCallbacks: 0xf0104e80, 0xf0104ed0, 0xf0104ff0, 0xf0105110 (0xef1cf1e0)
06-09 11:19:40.525 V/EmulatedCamera_CallbackNotifier( 1326): enableMessage: msg_type = 0xc0d
06-09 11:19:40.526 V/EmulatedCamera_CallbackNotifier( 1326):     CAMERA_MSG_ERROR
06-09 11:19:40.526 V/EmulatedCamera_CallbackNotifier( 1326):     CAMERA_MSG_FOCUS
06-09 11:19:40.526 V/EmulatedCamera_CallbackNotifier( 1326):     CAMERA_MSG_ZOOM
06-09 11:19:40.526 V/EmulatedCamera_CallbackNotifier( 1326):     CAMERA_MSG_PREVIEW_METADATA
06-09 11:19:40.526 V/EmulatedCamera_CallbackNotifier( 1326): **** Currently enabled messages:
06-09 11:19:40.526 V/EmulatedCamera_CallbackNotifier( 1326):     CAMERA_MSG_ERROR
06-09 11:19:40.526 V/EmulatedCamera_CallbackNotifier( 1326):     CAMERA_MSG_FOCUS
06-09 11:19:40.526 V/EmulatedCamera_CallbackNotifier( 1326):     CAMERA_MSG_ZOOM
06-09 11:19:40.526 V/EmulatedCamera_CallbackNotifier( 1326):     CAMERA_MSG_PREVIEW_METADATA
06-09 11:19:40.797 V/EmulatedCamera_CallbackNotifier( 1326): disableMessage: msg_type = 0xffff
06-09 11:19:40.797 V/EmulatedCamera_CallbackNotifier( 1326):     CAMERA_MSG_ERROR
06-09 11:19:40.797 V/EmulatedCamera_CallbackNotifier( 1326):     CAMERA_MSG_SHUTTER
06-09 11:19:40.798 V/EmulatedCamera_CallbackNotifier( 1326):     CAMERA_MSG_FOCUS
06-09 11:19:40.798 V/EmulatedCamera_CallbackNotifier( 1326):     CAMERA_MSG_ZOOM
06-09 11:19:40.798 V/EmulatedCamera_CallbackNotifier( 1326):     CAMERA_MSG_PREVIEW_FRAME
06-09 11:19:40.798 V/EmulatedCamera_CallbackNotifier( 1326):     CAMERA_MSG_VIDEO_FRAME
06-09 11:19:40.798 V/EmulatedCamera_CallbackNotifier( 1326):     CAMERA_MSG_POSTVIEW_FRAME
06-09 11:19:40.798 V/EmulatedCamera_CallbackNotifier( 1326):     CAMERA_MSG_RAW_IMAGE
06-09 11:19:40.798 V/EmulatedCamera_CallbackNotifier( 1326):     CAMERA_MSG_COMPRESSED_IMAGE
06-09 11:19:40.798 V/EmulatedCamera_CallbackNotifier( 1326):     CAMERA_MSG_RAW_IMAGE_NOTIFY
06-09 11:19:40.798 V/EmulatedCamera_CallbackNotifier( 1326):     CAMERA_MSG_PREVIEW_METADATA
06-09 11:19:41.053 W/art     ( 2134): Long monitor contention with owner ActivityManager (2180) at void com.android.server.am.BroadcastQueue.processNextBroadcast(boolean)(BroadcastQueue.java:760) waiters=0 in android.content.pm.UserInfo com.android.server.am.UserController.getCurrentUser() for 782ms
06-09 11:19:41.056 D/ConditionProviders.SCP( 2134): notifyCondition condition://android/schedule?days=6.7&start=23.30&end=10.0&exitAtAlarm=false STATE_FALSE reason=!meetsSchedule
06-09 11:19:41.069 W/art     ( 2134): Long monitor contention with owner ActivityManager (2180) at void com.android.server.am.BroadcastQueue.processNextBroadcast(boolean)(BroadcastQueue.java:760) waiters=1 in android.content.Intent com.android.server.am.ActivityManagerService.registerReceiver(android.app.IApplicationThread, java.lang.String, android.content.IIntentReceiver, android.content.IntentFilter, java.lang.String, int) for 367ms
06-09 11:19:41.081 D/ConditionProviders.SCP( 2134): notifyCondition condition://android/schedule?days=1.2.3.4.5&start=22.0&end=7.0&exitAtAlarm=false STATE_FALSE reason=!meetsSchedule
06-09 11:19:41.085 V/EmulatedCamera_CallbackNotifier( 1326): **** Currently enabled messages:
06-09 11:19:41.086 V/EmulatedCamera_Preview( 1326): setPreviewWindow: current: 0x0 -> new: 0x0
06-09 11:19:41.086 V/EmulatedCamera_Camera( 1326): doStopPreview
06-09 11:19:41.136 V/EmulatedCamera_Camera( 1326): cancelPicture
06-09 11:19:41.137 V/EmulatedCamera_Camera( 1326): releaseCamera
06-09 11:19:41.137 V/EmulatedCamera_Camera( 1326): doStopPreview
06-09 11:19:41.137 V/EmulatedCamera_FakeDevice( 1326): disconnectDevice
06-09 11:19:41.137 W/EmulatedCamera_Device( 1326): Initialize: Emulated camera device is already initialized: mState = 1
06-09 11:19:41.160 D/EmulatedCamera_FakeCamera( 1326): Initialize: Fake camera is facing back
06-09 11:19:41.163 V/EmulatedCamera_Device( 1326): initializeWhiteBalanceModes with auto, 1.000000, 1.000000
06-09 11:19:41.163 V/EmulatedCamera_Device( 1326): initializeWhiteBalanceModes with incandescent, 1.380000, 0.600000
06-09 11:19:41.164 V/EmulatedCamera_Device( 1326): initializeWhiteBalanceModes with daylight, 1.090000, 0.920000
06-09 11:19:41.164 V/EmulatedCamera_Device( 1326): initializeWhiteBalanceModes with twilight, 0.920000, 1.220000
06-09 11:19:41.164 V/EmulatedCamera_Device( 1326): setWhiteBalanceMode with white balance auto
06-09 11:19:41.164 I/CameraFlashlight( 1326): Destroying camera 0
06-09 11:19:41.165 V/EmulatedCamera_Camera( 1326): closeCamera
06-09 11:19:41.165 V/EmulatedCamera_Camera( 1326): doStopPreview
06-09 11:19:41.165 W/EmulatedCamera_Device( 1326): Initialize: Emulated camera device is already initialized: mState = 1
06-09 11:19:41.165 D/EmulatedCamera_FakeCamera( 1326): Initialize: Fake camera is facing back
06-09 11:19:41.165 V/EmulatedCamera_Device( 1326): initializeWhiteBalanceModes with auto, 1.000000, 1.000000
06-09 11:19:41.165 V/EmulatedCamera_Device( 1326): initializeWhiteBalanceModes with incandescent, 1.380000, 0.600000
06-09 11:19:41.165 V/EmulatedCamera_Device( 1326): initializeWhiteBalanceModes with daylight, 1.090000, 0.920000
06-09 11:19:41.166 V/EmulatedCamera_Device( 1326): initializeWhiteBalanceModes with twilight, 0.920000, 1.220000
06-09 11:19:41.166 V/EmulatedCamera_Device( 1326): setWhiteBalanceMode with white balance auto
06-09 11:19:41.229 W/art     ( 2134): Long monitor contention with owner ActivityManager (2180) at void com.android.server.am.BroadcastQueue.processNextBroadcast(boolean)(BroadcastQueue.java:760) waiters=0 in android.content.pm.UserInfo com.android.server.am.UserController.getCurrentUser() for 148ms
06-09 11:19:41.245 D/ConditionProviders.SCP( 2134): Scheduling evaluate for Tue Jun 09 22:00:00 UTC 2020 (1591740000000), in +10h40m19s730ms, now=Tue Jun 09 11:19:40 UTC 2020 (1591701580270)
06-09 11:19:41.368 I/CameraService( 1326): disconnect: Disconnected client for camera 0 for PID 1326
06-09 11:19:41.401 D/NuPlayerDriver( 1334): reset(0xeb30c120) at state 4
06-09 11:19:41.401 D/NuPlayerDriver( 1334): notifyListener_l(0xeb30c120), (8, 0, 0), loop setting(0, 0)
06-09 11:19:41.422 D/NuPlayerDriver( 1334): notifyResetComplete(0xeb30c120)
06-09 11:19:41.464 D/NuPlayerDriver( 1334): reset(0xecb28e40) at state 4
06-09 11:19:41.464 D/NuPlayerDriver( 1334): notifyListener_l(0xecb28e40), (8, 0, 0), loop setting(0, 0)
06-09 11:19:41.470 D/NuPlayerDriver( 1334): notifyResetComplete(0xecb28e40)
06-09 11:19:41.520 D/NuPlayerDriver( 1334): reset(0xecb28d80) at state 4
06-09 11:19:41.520 D/NuPlayerDriver( 1334): notifyListener_l(0xecb28d80), (8, 0, 0), loop setting(0, 0)
06-09 11:19:41.520 D/NuPlayerDriver( 1334): notifyResetComplete(0xecb28d80)
06-09 11:19:41.560 V/EmulatedCamera_Camera( 1326): getCameraInfo
06-09 11:19:41.560 V/EmulatedCamera_BaseCamera( 1326): getCameraInfo
06-09 11:19:41.646 V/EmulatedCamera_Camera( 1326): getCameraInfo
06-09 11:19:41.646 V/EmulatedCamera_BaseCamera( 1326): getCameraInfo
06-09 11:19:41.991 V/KeyguardServiceDelegate( 2134): *** Keyguard started
06-09 11:19:42.164 W/KeyguardServiceDelegate( 2134): onScreenTurningOn(): no keyguard service!
06-09 11:19:42.326 I/StatusBar( 2379): isKeyguardShowing() called before startKeyguard(), returning true
06-09 11:19:42.329 W/art     ( 2134): Long monitor contention with owner android.ui (2181) at android.os.Message android.os.MessageQueue.next()(MessageQueue.java:325) waiters=0 in boolean android.os.MessageQueue.enqueueMessage(android.os.Message, long) for 143ms
06-09 11:19:42.333 W/StatusBar( 2379): isKeyguardSecure() called before startKeyguard(), returning false
06-09 11:19:42.333 W/StatusBar( 2379): java.lang.Throwable
06-09 11:19:42.333 W/StatusBar( 2379): 	at com.android.systemui.statusbar.BaseStatusBar.isKeyguardSecure(BaseStatusBar.java:2647)
06-09 11:19:42.333 W/StatusBar( 2379): 	at com.android.systemui.statusbar.BaseStatusBar.isCameraAllowedByAdmin(BaseStatusBar.java:2670)
06-09 11:19:42.333 W/StatusBar( 2379): 	at com.android.systemui.statusbar.phone.KeyguardBottomAreaView.updateCameraVisibility(KeyguardBottomAreaView.java:309)
06-09 11:19:42.333 W/StatusBar( 2379): 	at com.android.systemui.statusbar.phone.KeyguardBottomAreaView.setPhoneStatusBar(KeyguardBottomAreaView.java:272)
06-09 11:19:42.333 W/StatusBar( 2379): 	at com.android.systemui.statusbar.phone.PhoneStatusBar.makeStatusBarView(PhoneStatusBar.java:904)
06-09 11:19:42.333 W/StatusBar( 2379): 	at com.android.systemui.statusbar.phone.PhoneStatusBar.addStatusBarWindow(PhoneStatusBar.java:3432)
06-09 11:19:42.333 W/StatusBar( 2379): 	at com.android.systemui.statusbar.phone.PhoneStatusBar.createAndAddWindows(PhoneStatusBar.java:3428)
06-09 11:19:42.333 W/StatusBar( 2379): 	at com.android.systemui.statusbar.BaseStatusBar.start(BaseStatusBar.java:765)
06-09 11:19:42.333 W/StatusBar( 2379): 	at com.android.systemui.statusbar.phone.PhoneStatusBar.start(PhoneStatusBar.java:686)
06-09 11:19:42.333 W/StatusBar( 2379): 	at com.android.systemui.statusbar.SystemBars.createStatusBarFromConfig(SystemBars.java:106)
06-09 11:19:42.333 W/StatusBar( 2379): 	at com.android.systemui.statusbar.SystemBars.onNoService(SystemBars.java:58)
06-09 11:19:42.333 W/StatusBar( 2379): 	at com.android.systemui.statusbar.ServiceMonitor.startService(ServiceMonitor.java:230)
06-09 11:19:42.333 W/StatusBar( 2379): 	at com.android.systemui.statusbar.ServiceMonitor.-wrap5(ServiceMonitor.java)
06-09 11:19:42.333 W/StatusBar( 2379): 	at com.android.systemui.statusbar.ServiceMonitor$1.handleMessage(ServiceMonitor.java:73)
06-09 11:19:42.333 W/StatusBar( 2379): 	at android.os.Handler.dispatchMessage(Handler.java:102)
06-09 11:19:42.333 W/StatusBar( 2379): 	at android.os.Looper.loop(Looper.java:154)
06-09 11:19:42.333 W/StatusBar( 2379): 	at android.app.ActivityThread.main(ActivityThread.java:6119)
06-09 11:19:42.333 W/StatusBar( 2379): 	at java.lang.reflect.Method.invoke(Native Method)
06-09 11:19:42.333 W/StatusBar( 2379): 	at com.android.internal.os.ZygoteInit$MethodAndArgsCaller.run(ZygoteInit.java:886)
06-09 11:19:42.333 W/StatusBar( 2379): 	at com.android.internal.os.ZygoteInit.main(ZygoteInit.java:776)
06-09 11:19:42.344 I/StatusBar( 2379): isKeyguardShowing() called before startKeyguard(), returning true
06-09 11:19:42.360 W/StatusBar( 2379): isKeyguardSecure() called before startKeyguard(), returning false
06-09 11:19:42.360 W/StatusBar( 2379): java.lang.Throwable
06-09 11:19:42.360 W/StatusBar( 2379): 	at com.android.systemui.statusbar.BaseStatusBar.isKeyguardSecure(BaseStatusBar.java:2647)
06-09 11:19:42.360 W/StatusBar( 2379): 	at com.android.systemui.statusbar.BaseStatusBar.isCameraAllowedByAdmin(BaseStatusBar.java:2670)
06-09 11:19:42.360 W/StatusBar( 2379): 	at com.android.systemui.statusbar.phone.KeyguardBottomAreaView.updateCameraVisibility(KeyguardBottomAreaView.java:309)
06-09 11:19:42.360 W/StatusBar( 2379): 	at com.android.systemui.statusbar.phone.KeyguardBottomAreaView.setUserSetupComplete(KeyguardBottomAreaView.java:281)
06-09 11:19:42.360 W/StatusBar( 2379): 	at com.android.systemui.statusbar.phone.PhoneStatusBar.makeStatusBarView(PhoneStatusBar.java:905)
06-09 11:19:42.360 W/StatusBar( 2379): 	at com.android.systemui.statusbar.phone.PhoneStatusBar.addStatusBarWindow(PhoneStatusBar.java:3432)
06-09 11:19:42.360 W/StatusBar( 2379): 	at com.android.systemui.statusbar.phone.PhoneStatusBar.createAndAddWindows(PhoneStatusBar.java:3428)
06-09 11:19:42.360 W/StatusBar( 2379): 	at com.android.systemui.statusbar.BaseStatusBar.start(BaseStatusBar.java:765)
06-09 11:19:42.360 W/StatusBar( 2379): 	at com.android.systemui.statusbar.phone.PhoneStatusBar.start(PhoneStatusBar.java:686)
06-09 11:19:42.360 W/StatusBar( 2379): 	at com.android.systemui.statusbar.SystemBars.createStatusBarFromConfig(SystemBars.java:106)
06-09 11:19:42.360 W/StatusBar( 2379): 	at com.android.systemui.statusbar.SystemBars.onNoService(SystemBars.java:58)
06-09 11:19:42.360 W/StatusBar( 2379): 	at com.android.systemui.statusbar.ServiceMonitor.startService(ServiceMonitor.java:230)
06-09 11:19:42.360 W/StatusBar( 2379): 	at com.android.systemui.statusbar.ServiceMonitor.-wrap5(ServiceMonitor.java)
06-09 11:19:42.360 W/StatusBar( 2379): 	at com.android.systemui.statusbar.ServiceMonitor$1.handleMessage(ServiceMonitor.java:73)
06-09 11:19:42.360 W/StatusBar( 2379): 	at android.os.Handler.dispatchMessage(Handler.java:102)
06-09 11:19:42.360 W/StatusBar( 2379): 	at android.os.Looper.loop(Looper.java:154)
06-09 11:19:42.360 W/StatusBar( 2379): 	at android.app.ActivityThread.main(ActivityThread.java:6119)
06-09 11:19:42.360 W/StatusBar( 2379): 	at java.lang.reflect.Method.invoke(Native Method)
06-09 11:19:42.360 W/StatusBar( 2379): 	at com.android.internal.os.ZygoteInit$MethodAndArgsCaller.run(ZygoteInit.java:886)
06-09 11:19:42.360 W/StatusBar( 2379): 	at com.android.internal.os.ZygoteInit.main(ZygoteInit.java:776)
06-09 11:19:42.729 W/art     ( 2134): Long monitor contention with owner BackgroundDexOptService_PostBootUpdate (2743) at android.content.Intent com.android.server.am.ActivityManagerService.registerReceiver(android.app.IApplicationThread, java.lang.String, android.content.IIntentReceiver, android.content.IntentFilter, java.lang.String, int)(ActivityManagerService.java:17547) waiters=0 in android.content.Intent com.android.server.am.ActivityManagerService.registerReceiver(android.app.IApplicationThread, java.lang.String, android.content.IIntentReceiver, android.content.IntentFilter, java.lang.String, int) for 153ms
06-09 11:19:43.095 D/AccessibilityManagerService( 2134): Ignoring non-encryption-aware service ComponentInfo{com.example.android.apis/com.example.android.apis.accessibility.ClockBackService}
06-09 11:19:43.095 D/AccessibilityManagerService( 2134): Ignoring non-encryption-aware service ComponentInfo{com.example.android.apis/com.example.android.apis.accessibility.MagnificationService}
06-09 11:19:43.095 D/AccessibilityManagerService( 2134): Ignoring non-encryption-aware service ComponentInfo{com.example.android.apis/com.example.android.apis.accessibility.TaskBackService}
06-09 11:19:43.166 W/WindowManager( 2134): Keyguard drawn timeout. Setting mKeyguardDrawComplete
06-09 11:19:44.204 W/VibratorService( 2134): Tried to stop vibrating but there is no vibrator device.
06-09 11:19:44.362 V/EmulatedCamera_Camera( 1326): getCameraInfo
06-09 11:19:44.362 V/EmulatedCamera_BaseCamera( 1326): getCameraInfo
06-09 11:19:44.463 V/EmulatedCamera_Camera( 1326): getCameraInfo
06-09 11:19:44.463 V/EmulatedCamera_BaseCamera( 1326): getCameraInfo
06-09 11:19:45.057 I/art     ( 2134): Wrote stack traces to '/data/anr/traces.txt'
06-09 11:19:45.348 W/ActivityManager( 2134): Slow operation: 365ms so far, now at startProcess: returned from zygote!
06-09 11:19:45.355 W/ActivityManager( 2134): Slow operation: 372ms so far, now at startProcess: done updating battery stats
06-09 11:19:45.356 W/ActivityManager( 2134): Slow operation: 373ms so far, now at startProcess: building log message
06-09 11:19:45.447 I/ActivityManager( 2134): Start proc 2778:com.android.cellbroadcastreceiver/u0a4 for broadcast com.android.cellbroadcastreceiver/.CellBroadcastReceiver
06-09 11:19:45.447 W/ActivityManager( 2134): Slow operation: 465ms so far, now at startProcess: starting to update pids map
06-09 11:19:45.447 W/ActivityManager( 2134): Slow operation: 465ms so far, now at startProcess: done updating pids map
06-09 11:19:45.448 W/ActivityManager( 2134): Slow operation: 473ms so far, now at startProcess: done starting proc!
06-09 11:19:45.458 W/art     ( 2134): Long monitor contention with owner main (2134) at void com.android.server.am.BroadcastQueue.processNextBroadcast(boolean)(BroadcastQueue.java:760) waiters=0 in void com.android.server.am.ActivityManagerService.dispatchUidsChanged() for 476ms
06-09 11:19:45.479 W/art     ( 2134): Long monitor contention with owner main (2134) at void com.android.server.am.BroadcastQueue.processNextBroadcast(boolean)(BroadcastQueue.java:760) waiters=1 in android.content.Intent com.android.server.am.ActivityManagerService.registerReceiver(android.app.IApplicationThread, java.lang.String, android.content.IIntentReceiver, android.content.IntentFilter, java.lang.String, int) for 221ms
06-09 11:19:46.116 W/art     ( 2778): Unexpected CPU variant for X86 using defaults: x86_64
06-09 11:19:46.229 W/art     ( 2134): Long monitor contention with owner main (2134) at void com.android.server.pm.UserManagerService$MainHandler.handleMessage(android.os.Message)(UserManagerService.java:3290) waiters=0 in android.content.pm.ProviderInfo com.android.server.pm.PackageManagerService.resolveContentProvider(java.lang.String, int, int) for 537ms
06-09 11:19:46.231 W/art     ( 2134): Long monitor contention with owner main (2134) at void com.android.server.pm.UserManagerService$MainHandler.handleMessage(android.os.Message)(UserManagerService.java:3290) waiters=1 in int com.android.server.pm.PackageManagerService.performDexOptInternal(java.lang.String, boolean, java.lang.String, boolean) for 433ms
06-09 11:19:46.234 W/art     ( 2134): Long monitor contention with owner main (2134) at void com.android.server.pm.UserManagerService$MainHandler.handleMessage(android.os.Message)(UserManagerService.java:3290) waiters=2 in int com.android.server.pm.PackageManagerService.checkUidPermission(java.lang.String, int) for 320ms
06-09 11:19:46.829 W/art     ( 2134): Suspending all threads took: 102.187ms
06-09 11:19:48.521 I/StatusBar( 2379): isKeyguardShowing() called before startKeyguard(), returning true
06-09 11:19:48.575 W/StatusBar( 2379): isKeyguardSecure() called before startKeyguard(), returning false
06-09 11:19:48.575 W/StatusBar( 2379): java.lang.Throwable
06-09 11:19:48.575 W/StatusBar( 2379): 	at com.android.systemui.statusbar.BaseStatusBar.isKeyguardSecure(BaseStatusBar.java:2647)
06-09 11:19:48.575 W/StatusBar( 2379): 	at com.android.systemui.statusbar.BaseStatusBar.isCameraAllowedByAdmin(BaseStatusBar.java:2670)
06-09 11:19:48.575 W/StatusBar( 2379): 	at com.android.systemui.statusbar.phone.KeyguardBottomAreaView.updateCameraVisibility(KeyguardBottomAreaView.java:309)
06-09 11:19:48.575 W/StatusBar( 2379): 	at com.android.systemui.statusbar.phone.KeyguardBottomAreaView.setUserSetupComplete(KeyguardBottomAreaView.java:281)
06-09 11:19:48.575 W/StatusBar( 2379): 	at com.android.systemui.statusbar.phone.PhoneStatusBar$1.onChange(PhoneStatusBar.java:441)
06-09 11:19:48.575 W/StatusBar( 2379): 	at com.android.systemui.statusbar.phone.PhoneStatusBar.resetUserSetupObserver(PhoneStatusBar.java:3676)
06-09 11:19:48.575 W/StatusBar( 2379): 	at com.android.systemui.statusbar.phone.PhoneStatusBar.makeStatusBarView(PhoneStatusBar.java:1008)
06-09 11:19:48.575 W/StatusBar( 2379): 	at com.android.systemui.statusbar.phone.PhoneStatusBar.addStatusBarWindow(PhoneStatusBar.java:3432)
06-09 11:19:48.575 W/StatusBar( 2379): 	at com.android.systemui.statusbar.phone.PhoneStatusBar.createAndAddWindows(PhoneStatusBar.java:3428)
06-09 11:19:48.575 W/StatusBar( 2379): 	at com.android.systemui.statusbar.BaseStatusBar.start(BaseStatusBar.java:765)
06-09 11:19:48.575 W/StatusBar( 2379): 	at com.android.systemui.statusbar.phone.PhoneStatusBar.start(PhoneStatusBar.java:686)
06-09 11:19:48.575 W/StatusBar( 2379): 	at com.android.systemui.statusbar.SystemBars.createStatusBarFromConfig(SystemBars.java:106)
06-09 11:19:48.575 W/StatusBar( 2379): 	at com.android.systemui.statusbar.SystemBars.onNoService(SystemBars.java:58)
06-09 11:19:48.575 W/StatusBar( 2379): 	at com.android.systemui.statusbar.ServiceMonitor.startService(ServiceMonitor.java:230)
06-09 11:19:48.575 W/StatusBar( 2379): 	at com.android.systemui.statusbar.ServiceMonitor.-wrap5(ServiceMonitor.java)
06-09 11:19:48.575 W/StatusBar( 2379): 	at com.android.systemui.statusbar.ServiceMonitor$1.handleMessage(ServiceMonitor.java:73)
06-09 11:19:48.575 W/StatusBar( 2379): 	at android.os.Handler.dispatchMessage(Handler.java:102)
06-09 11:19:48.575 W/StatusBar( 2379): 	at android.os.Looper.loop(Looper.java:154)
06-09 11:19:48.575 W/StatusBar( 2379): 	at android.app.ActivityThread.main(ActivityThread.java:6119)
06-09 11:19:48.575 W/StatusBar( 2379): 	at java.lang.reflect.Method.invoke(Native Method)
06-09 11:19:48.575 W/StatusBar( 2379): 	at com.android.internal.os.ZygoteInit$MethodAndArgsCaller.run(ZygoteInit.java:886)
06-09 11:19:48.575 W/StatusBar( 2379): 	at com.android.internal.os.ZygoteInit.main(ZygoteInit.java:776)
06-09 11:19:48.655 E/SurfaceFlinger( 1319): ro.sf.lcd_density must be defined as a build property
06-09 11:19:48.673 D/OpenGLRenderer( 2379): profile bars disabled
06-09 11:19:48.675 D/OpenGLRenderer( 2379): ambientRatio = 1.50
06-09 11:19:48.916 D/PhoneStatusBar( 2379): disable: < EXPAND* icons alerts system_info BACK* HOME* RECENT* clock SEARCH* quick_settings >
06-09 11:19:51.483 W/System  ( 2778): ClassLoader referenced unknown path: /system/priv-app/CellBroadcastReceiver/lib/x86_64
06-09 11:19:52.888 I/art     ( 2134): Background partial concurrent mark sweep GC freed 28646(2MB) AllocSpace objects, 13(4MB) LOS objects, 29% free, 9MB/13MB, paused 107.901ms total 10.957s
06-09 11:19:53.030 I/Choreographer( 2590): Skipped 31 frames!  The application may be doing too much work on its main thread.
06-09 11:19:54.370 W/BroadcastQueue( 2134): Timeout of broadcast BroadcastRecord{cd27708 u-1 android.intent.action.TIME_TICK} - receiver=android.os.BinderProxy@73fdc94, started 10018ms ago
06-09 11:19:54.370 W/BroadcastQueue( 2134): Receiver during timeout: BroadcastFilter{5669732 u0 ReceiverList{9de333d 2379 com.android.systemui/10021/u0 remote:73fdc94}}
06-09 11:19:54.551 D/PhoneStatusBar( 2379): heads up is enabled
06-09 11:19:55.640 I/Process ( 2134): Sending signal. PID: 2379 SIG: 3
06-09 11:19:55.657 I/art     ( 2379): Thread[3,tid=2390,WaitingInMainSignalCatcherLoop,Thread*=0x73668b896400,peer=0x12c005e0,"Signal Catcher"]: reacting to signal 3
06-09 11:19:55.657 I/art     ( 2379): 
06-09 11:19:56.560 W/art     ( 2134): Long monitor contention with owner Binder:2134_2 (2157) at int com.android.server.wm.WindowManagerService.relayoutWindow(com.android.server.wm.Session, android.view.IWindow, int, android.view.WindowManager$LayoutParams, int, int, int, int, android.graphics.Rect, android.graphics.Rect, android.graphics.Rect, android.graphics.Rect, android.graphics.Rect, android.graphics.Rect, android.graphics.Rect, android.content.res.Configuration, android.view.Surface)(WindowManagerService.java:2857) waiters=0 in void com.android.server.wm.WindowManagerService$H.handleMessage(android.os.Message) for 531ms
06-09 11:19:56.599 W/art     ( 2134): Long monitor contention with owner Binder:2134_2 (2157) at int com.android.server.wm.WindowManagerService.relayoutWindow(com.android.server.wm.Session, android.view.IWindow, int, android.view.WindowManager$LayoutParams, int, int, int, int, android.graphics.Rect, android.graphics.Rect, android.graphics.Rect, android.graphics.Rect, android.graphics.Rect, android.graphics.Rect, android.graphics.Rect, android.content.res.Configuration, android.view.Surface)(WindowManagerService.java:2857) waiters=1 in int com.android.server.wm.WindowManagerService.relayoutWindow(com.android.server.wm.Session, android.view.IWindow, int, android.view.WindowManager$LayoutParams, int, int, int, int, android.graphics.Rect, android.graphics.Rect, android.graphics.Rect, android.graphics.Rect, android.graphics.Rect, android.graphics.Rect, android.graphics.Rect, android.content.res.Configuration, android.view.Surface) for 225ms
06-09 11:19:56.792 W/art     ( 2134): Long monitor contention with owner android.ui (2181) at int com.android.server.wm.WindowManagerService.relayoutWindow(com.android.server.wm.Session, android.view.IWindow, int, android.view.WindowManager$LayoutParams, int, int, int, int, android.graphics.Rect, android.graphics.Rect, android.graphics.Rect, android.graphics.Rect, android.graphics.Rect, android.graphics.Rect, android.graphics.Rect, android.content.res.Configuration, android.view.Surface)(WindowManagerService.java:2857) waiters=1 in void com.android.server.wm.WindowManagerService.performEnableScreen() for 117ms
06-09 11:19:56.859 W/art     ( 2134): Long monitor contention with owner android.ui (2181) at int com.android.server.wm.WindowManagerService.relayoutWindow(com.android.server.wm.Session, android.view.IWindow, int, android.view.WindowManager$LayoutParams, int, int, int, int, android.graphics.Rect, android.graphics.Rect, android.graphics.Rect, android.graphics.Rect, android.graphics.Rect, android.graphics.Rect, android.graphics.Rect, android.content.res.Configuration, android.view.Surface)(WindowManagerService.java:2857) waiters=1 in int com.android.server.wm.WindowManagerService.relayoutWindow(com.android.server.wm.Session, android.view.IWindow, int, android.view.WindowManager$LayoutParams, int, int, int, int, android.graphics.Rect, android.graphics.Rect, android.graphics.Rect, android.graphics.Rect, android.graphics.Rect, android.graphics.Rect, android.graphics.Rect, android.content.res.Configuration, android.view.Surface) for 174ms
06-09 11:19:56.934 I/Choreographer( 2590): Skipped 33 frames!  The application may be doing too much work on its main thread.
06-09 11:19:56.974 W/art     ( 2134): Long monitor contention with owner BackgroundDexOptService_PostBootUpdate (2743) at boolean android.os.MessageQueue.enqueueMessage(android.os.Message, long)(MessageQueue.java:541) waiters=0 in android.os.Message android.os.MessageQueue.next() for 110ms
06-09 11:19:57.312 E/ActivityManager( 2134): ANR in com.android.systemui
06-09 11:19:57.312 E/ActivityManager( 2134): PID: 2379
06-09 11:19:57.312 E/ActivityManager( 2134): Reason: Broadcast of Intent { act=android.intent.action.TIME_TICK flg=0x50000014 (has extras) }
06-09 11:19:57.312 E/ActivityManager( 2134): Load: 0.0 / 0.0 / 0.0
06-09 11:19:57.312 E/ActivityManager( 2134): CPU usage from 36046ms to -1ms ago (2020-06-09 11:19:18.329 to 2020-06-09 11:19:54.376):
06-09 11:19:57.312 E/ActivityManager( 2134):   101% 1319/surfaceflinger: 37% user + 63% kernel / faults: 9 minor
06-09 11:19:57.312 E/ActivityManager( 2134):   24% 1766/bootanimation: 4.3% user + 19% kernel
06-09 11:19:57.312 E/ActivityManager( 2134):   21% 2134/system_server: 2.2% user + 19% kernel / faults: 5506 minor 115 major
06-09 11:19:57.312 E/ActivityManager( 2134):   15% 2590/com.android.settings: 2.6% user + 12% kernel / faults: 10 minor
06-09 11:19:57.312 E/ActivityManager( 2134):   5.7% 2379/com.android.systemui: 1.1% user + 4.6% kernel / faults: 1646 minor 4 major
06-09 11:19:57.312 E/ActivityManager( 2134):   2.9% 1322/adbd: 0% user + 2.8% kernel / faults: 1602 minor
06-09 11:19:57.312 E/ActivityManager( 2134):   1.8% 8/rcu_preempt: 0% user + 1.8% kernel
06-09 11:19:57.312 E/ActivityManager( 2134):   0.9% 2579/com.android.phone: 0.1% user + 0.7% kernel / faults: 84 minor 1 major
06-09 11:19:57.312 E/ActivityManager( 2134):   0.6% 1334/mediaserver: 0% user + 0.5% kernel / faults: 134 minor 1 major
06-09 11:19:57.312 E/ActivityManager( 2134):   0.6% 2373/com.android.inputmethod.latin: 0% user + 0.6% kernel / faults: 441 minor
06-09 11:19:57.312 E/ActivityManager( 2134):   0.5% 1318/servicemanager: 0% user + 0.5% kernel
06-09 11:19:57.312 E/ActivityManager( 2134):   0.4% 1325/audioserver: 0% user + 0.4% kernel
06-09 11:19:57.312 E/ActivityManager( 2134):   0.4% 1326/cameraserver: 0% user + 0.4% kernel / faults: 78 minor
06-09 11:19:57.312 E/ActivityManager( 2134):   0.4% 1333/media.extractor: 0% user + 0.4% kernel / faults: 30 minor
06-09 11:19:57.312 E/ActivityManager( 2134):   0.4% 1274/debuggerd64: 0% user + 0.3% kernel / faults: 29 minor
06-09 11:19:57.312 E/ActivityManager( 2134):   0.2% 3/ksoftirqd/0: 0% user + 0.2% kernel
06-09 11:19:57.312 E/ActivityManager( 2134):   0.1% 1263/jbd2/vdc-8: 0% user + 0.1% kernel
06-09 11:19:57.312 E/ActivityManager( 2134):   0.1% 1273/debuggerd: 0% user + 0.1% kernel / faults: 122 minor
06-09 11:19:57.312 E/ActivityManager( 2134):   0.1% 1323/zygote64: 0% user + 0.1% kernel / faults: 154 minor
06-09 11:19:57.312 E/ActivityManager( 2134):   0.1% 12/ksoftirqd/1: 0% user + 0.1% kernel
06-09 11:19:57.312 E/ActivityManager( 2134):   0.1% 1265/logd: 0% user + 0% kernel
06-09 11:19:57.312 E/ActivityManager( 2134):   0.1% 17/kworker/u4:1: 0% user + 0.1% kernel
06-09 11:19:57.312 E/ActivityManager( 2134):   0.1% 1253/kworker/0:1H: 0% user + 0.1% kernel
06-09 11:19:57.312 E/ActivityManager( 2134):   0% 1825/kworker/1:2: 0% user + 0% kernel
06-09 11:19:57.312 E/ActivityManager( 2134):   0% 1314/healthd: 0% user + 0% kernel
06-09 11:19:57.312 E/ActivityManager( 2134):   0% 1902/hostapd: 0% user + 0% kernel
06-09 11:19:57.312 E/ActivityManager( 2134):   0% 673/kworker/0:1: 0% user + 0% kernel
06-09 11:19:57.312 E/ActivityManager( 2134):   0% 1330/keystore: 0% user + 0% kernel
06-09 11:19:57.312 E/ActivityManager( 2134):   0% 1335/netd: 0% user + 0% kernel / faults: 3 minor
06-09 11:19:57.312 E/ActivityManager( 2134):   0% 1336/rild: 0% user + 0% kernel
06-09 11:19:57.312 E/ActivityManager( 2134):  +0% 2778/com.android.cellbroadcastreceiver: 0% user + 0% kernel
06-09 11:19:57.312 E/ActivityManager( 2134):  +0% 2809/sh: 0% user + 0% kernel
06-09 11:19:57.312 E/ActivityManager( 2134):  +0% 2811/sh: 0% user + 0% kernel
06-09 11:19:57.312 E/ActivityManager( 2134): 100% TOTAL: 25% user + 72% kernel + 1.6% softirq
06-09 11:19:57.312 E/ActivityManager( 2134): CPU usage from 269437ms to 269437ms ago (1970-01-01 00:00:00.000 to 1970-01-01 00:00:00.000) with 0% awake:
06-09 11:19:57.312 E/ActivityManager( 2134): 0% TOTAL: 0% user + 0% kernel
06-09 11:19:57.367 I/ActivityManager( 2134): Killing 2379:com.android.systemui/u0a21 (adj -800): bg anr
06-09 11:19:57.489 W/art     ( 2134): Long monitor contention with owner android.bg (2179) at boolean android.os.MessageQueue.enqueueMessage(android.os.Message, long)(MessageQueue.java:541) waiters=0 in android.os.Message android.os.MessageQueue.next() for 4.081s
06-09 11:19:58.207 W/WindowManager( 2134): Window freeze timeout expired.
06-09 11:19:58.208 W/WindowManager( 2134): Force clearing orientation change: Window{d430d9 u0 com.android.systemui.ImageWallpaper}
06-09 11:19:58.280 E/JavaBinder( 2134): !!! FAILED BINDER TRANSACTION !!!  (parcel size = 96)
06-09 11:19:58.590 W/ActivityManager( 2134): Slow operation: 114ms so far, now at startProcess: asking zygote to start proc
06-09 11:19:58.633 I/GnssLocationProvider( 2134): WakeLock released by handleMessage(13, 0, null)
06-09 11:19:59.347 W/art     ( 2824): Unexpected CPU variant for X86 using defaults: x86_64
06-09 11:19:59.396 W/ActivityManager( 2134): Slow operation: 920ms so far, now at startProcess: returned from zygote!
06-09 11:19:59.397 W/ActivityManager( 2134): Slow operation: 920ms so far, now at startProcess: done updating battery stats
06-09 11:19:59.398 W/ActivityManager( 2134): Slow operation: 921ms so far, now at startProcess: building log message
06-09 11:19:59.398 I/ActivityManager( 2134): Start proc 2824:com.android.deskclock/u0a31 for broadcast com.android.deskclock/.AlarmInitReceiver
06-09 11:19:59.467 W/ActivityManager( 2134): Slow operation: 922ms so far, now at startProcess: starting to update pids map
06-09 11:19:59.468 W/ActivityManager( 2134): Slow operation: 991ms so far, now at startProcess: done updating pids map
06-09 11:19:59.468 W/ActivityManager( 2134): Slow operation: 995ms so far, now at startProcess: done starting proc!
06-09 11:19:59.499 W/art     ( 2134): Long monitor contention with owner Binder:2134_7 (2616) at void com.android.server.am.BroadcastQueue.processNextBroadcast(boolean)(BroadcastQueue.java:760) waiters=0 in void com.android.server.am.ActivityManagerService.dispatchUidsChanged() for 1.012s
06-09 11:19:59.525 E/GnssLocationProvider( 2134): no AGPS interface in set_agps_server
06-09 11:20:00.024 E/JavaBinder( 2134): !!! FAILED BINDER TRANSACTION !!!  (parcel size = 324)
06-09 11:20:00.029 W/BroadcastQueue( 2134): Can't deliver broadcast to com.android.systemui (pid 2379). Crashing it.
06-09 11:20:00.030 E/JavaBinder( 2134): !!! FAILED BINDER TRANSACTION !!!  (parcel size = 124)
06-09 11:20:00.031 I/ActivityManager( 2134): Killing 2379:com.android.systemui/u0a21 (adj -800): scheduleCrash for 'can't deliver broadcast' failed
06-09 11:20:00.034 W/BroadcastQueue( 2134): Failure sending broadcast Intent { act=android.intent.action.TIME_TICK flg=0x50000014 (has extras) }
06-09 11:20:00.034 W/BroadcastQueue( 2134): android.os.DeadObjectException: Transaction failed on small parcel; remote process probably died
06-09 11:20:00.034 W/BroadcastQueue( 2134): 	at android.os.BinderProxy.transactNative(Native Method)
06-09 11:20:00.034 W/BroadcastQueue( 2134): 	at android.os.BinderProxy.transact(Binder.java:615)
06-09 11:20:00.034 W/BroadcastQueue( 2134): 	at android.app.ApplicationThreadProxy.scheduleRegisteredReceiver(ApplicationThreadNative.java:1201)
06-09 11:20:00.034 W/BroadcastQueue( 2134): 	at com.android.server.am.BroadcastQueue.performReceiveLocked(BroadcastQueue.java:474)
06-09 11:20:00.034 W/BroadcastQueue( 2134): 	at com.android.server.am.BroadcastQueue.deliverToRegisteredReceiverLocked(BroadcastQueue.java:666)
06-09 11:20:00.034 W/BroadcastQueue( 2134): 	at com.android.server.am.BroadcastQueue.processNextBroadcast(BroadcastQueue.java:951)
06-09 11:20:00.034 W/BroadcastQueue( 2134): 	at com.android.server.am.ActivityManagerService.finishReceiver(ActivityManagerService.java:18662)
06-09 11:20:00.034 W/BroadcastQueue( 2134): 	at android.content.BroadcastReceiver$PendingResult.sendFinished(BroadcastReceiver.java:257)
06-09 11:20:00.034 W/BroadcastQueue( 2134): 	at android.content.BroadcastReceiver$PendingResult.finish(BroadcastReceiver.java:233)
06-09 11:20:00.034 W/BroadcastQueue( 2134): 	at android.app.LoadedApk$ReceiverDispatcher$Args.run(LoadedApk.java:1139)
06-09 11:20:00.034 W/BroadcastQueue( 2134): 	at android.os.Handler.handleCallback(Handler.java:751)
06-09 11:20:00.034 W/BroadcastQueue( 2134): 	at android.os.Handler.dispatchMessage(Handler.java:95)
06-09 11:20:00.034 W/BroadcastQueue( 2134): 	at android.os.Looper.loop(Looper.java:154)
06-09 11:20:00.034 W/BroadcastQueue( 2134): 	at com.android.server.SystemServer.run(SystemServer.java:349)
06-09 11:20:00.034 W/BroadcastQueue( 2134): 	at com.android.server.SystemServer.main(SystemServer.java:219)
06-09 11:20:00.034 W/BroadcastQueue( 2134): 	at java.lang.reflect.Method.invoke(Native Method)
06-09 11:20:00.034 W/BroadcastQueue( 2134): 	at com.android.internal.os.ZygoteInit$MethodAndArgsCaller.run(ZygoteInit.java:886)
06-09 11:20:00.034 W/BroadcastQueue( 2134): 	at com.android.internal.os.ZygoteInit.main(ZygoteInit.java:776)
06-09 11:20:00.200 I/GnssLocationProvider( 2134): WakeLock released by handleMessage(2, 1, null)
06-09 11:20:00.369 W/art     ( 2134): Long monitor contention with owner main (2134) at void com.android.server.am.BroadcastQueue.processNextBroadcast(boolean)(BroadcastQueue.java:760) waiters=1 in void com.android.server.am.BroadcastQueue.processNextBroadcast(boolean) for 321ms
06-09 11:20:00.371 E/JavaBinder( 2134): !!! FAILED BINDER TRANSACTION !!!  (parcel size = 324)
06-09 11:20:00.372 W/BroadcastQueue( 2134): Can't deliver broadcast to com.android.systemui (pid 2379). Crashing it.
06-09 11:20:00.373 E/JavaBinder( 2134): !!! FAILED BINDER TRANSACTION !!!  (parcel size = 124)
06-09 11:20:00.374 I/ActivityManager( 2134): Killing 2379:com.android.systemui/u0a21 (adj -800): scheduleCrash for 'can't deliver broadcast' failed
06-09 11:20:00.376 W/BroadcastQueue( 2134): Failure sending broadcast Intent { act=android.intent.action.TIME_TICK flg=0x50000014 (has extras) }
06-09 11:20:00.376 W/BroadcastQueue( 2134): android.os.DeadObjectException: Transaction failed on small parcel; remote process probably died
06-09 11:20:00.376 W/BroadcastQueue( 2134): 	at android.os.BinderProxy.transactNative(Native Method)
06-09 11:20:00.376 W/BroadcastQueue( 2134): 	at android.os.BinderProxy.transact(Binder.java:615)
06-09 11:20:00.376 W/BroadcastQueue( 2134): 	at android.app.ApplicationThreadProxy.scheduleRegisteredReceiver(ApplicationThreadNative.java:1201)
06-09 11:20:00.376 W/BroadcastQueue( 2134): 	at com.android.server.am.BroadcastQueue.performReceiveLocked(BroadcastQueue.java:474)
06-09 11:20:00.376 W/BroadcastQueue( 2134): 	at com.android.server.am.BroadcastQueue.deliverToRegisteredReceiverLocked(BroadcastQueue.java:666)
06-09 11:20:00.376 W/BroadcastQueue( 2134): 	at com.android.server.am.BroadcastQueue.processNextBroadcast(BroadcastQueue.java:951)
06-09 11:20:00.376 W/BroadcastQueue( 2134): 	at com.android.server.am.BroadcastQueue$BroadcastHandler.handleMessage(BroadcastQueue.java:172)
06-09 11:20:00.376 W/BroadcastQueue( 2134): 	at android.os.Handler.dispatchMessage(Handler.java:102)
06-09 11:20:00.376 W/BroadcastQueue( 2134): 	at android.os.Looper.loop(Looper.java:154)
06-09 11:20:00.376 W/BroadcastQueue( 2134): 	at android.os.HandlerThread.run(HandlerThread.java:61)
06-09 11:20:00.376 W/BroadcastQueue( 2134): 	at com.android.server.ServiceThread.run(ServiceThread.java:46)
06-09 11:20:00.399 W/art     ( 2134): Long monitor contention with owner Binder:2134_7 (2616) at void com.android.server.am.ActivityManagerService.attachApplication(android.app.IApplicationThread)(ActivityManagerService.java:6669) waiters=2 in void com.android.server.am.ActivityManagerService.dispatchProcessesChanged() for 219ms
06-09 11:20:01.544 W/System  ( 2824): ClassLoader referenced unknown path: /system/app/DeskClock/lib/x86_64
06-09 11:20:01.855 W/ActivityManager( 2134): Timeout executing service: ServiceRecord{b42bc5c u0 com.android.systemui/.keyguard.KeyguardService}
06-09 11:20:02.545 I/ActivityManager( 2134): Skipping duplicate ANR: ProcessRecord{15a2211 2379:com.android.systemui/u0a21} executing service com.android.systemui/.keyguard.KeyguardService
06-09 11:20:03.832 I/WindowManager( 2134): WIN DEATH: Window{8c4a8ec u0 StatusBar}
06-09 11:20:03.852 D/ConnectivityService( 2134): ConnectivityService NetworkRequestInfo binderDied(NetworkRequest [ LISTEN id=4, [] ], android.os.BinderProxy@eadce4d)
06-09 11:20:03.874 E/ConnectivityService( 2134): RemoteException caught trying to send a callback msg for NetworkRequest [ LISTEN id=4, [] ]
06-09 11:20:03.954 W/AudioService( 2134): Current remote volume controller died, unregistering
06-09 11:20:03.957 W/VolumeController( 2134): Error calling dismiss
06-09 11:20:03.957 W/VolumeController( 2134): android.os.DeadObjectException
06-09 11:20:03.957 W/VolumeController( 2134): 	at android.os.BinderProxy.transactNative(Native Method)
06-09 11:20:03.957 W/VolumeController( 2134): 	at android.os.BinderProxy.transact(Binder.java:615)
06-09 11:20:03.957 W/VolumeController( 2134): 	at android.media.IVolumeController$Stub$Proxy.dismiss(IVolumeController.java:162)
06-09 11:20:03.957 W/VolumeController( 2134): 	at com.android.server.audio.AudioService$VolumeController.postDismiss(AudioService.java:6138)
06-09 11:20:03.957 W/VolumeController( 2134): 	at com.android.server.audio.AudioService.setVolumeController(AudioService.java:5986)
06-09 11:20:03.957 W/VolumeController( 2134): 	at com.android.server.audio.AudioService$4.binderDied(AudioService.java:5995)
06-09 11:20:03.957 W/VolumeController( 2134): 	at android.os.BinderProxy.sendDeathNotice(Binder.java:688)
06-09 11:20:04.020 I/WindowManager( 2134): WIN DEATH: Window{5ef85a2 u0 AssistPreviewPanel}
06-09 11:20:04.051 W/WallpaperManagerService( 2134): Wallpaper service gone: ComponentInfo{com.android.systemui/com.android.systemui.ImageWallpaper}
06-09 11:20:04.111 I/ActivityManager( 2134): Process com.android.systemui (pid 2379) has died
06-09 11:20:04.112 D/ActivityManager( 2134): cleanUpApplicationRecord -- 2379
06-09 11:20:04.114 W/ActivityManager( 2134): Scheduling restart of crashed service com.android.systemui/.ImageWallpaper in 0ms
06-09 11:20:04.115 W/ActivityManager( 2134): Scheduling restart of crashed service com.android.systemui/.keyguard.KeyguardService in 0ms
06-09 11:20:04.115 W/ActivityManager( 2134): Scheduling restart of crashed service com.android.systemui/.SystemUIService in 0ms
06-09 11:20:04.120 I/WindowManager( 2134): WIN DEATH: Window{e0159f0 u0 NavigationBar}
06-09 11:20:04.157 W/ActivityManager( 2134): Re-adding persistent process ProcessRecord{15a2211 2379:com.android.systemui/u0a21}
06-09 11:20:04.183 W/WindowManager( 2134): Failed to report 'resized' to the client of Window{d430d9 u0 com.android.systemui.ImageWallpaper}, removing this window.
06-09 11:20:04.390 W/ActivityManager( 2134): Slow operation: 233ms so far, now at startProcess: returned from zygote!
06-09 11:20:04.391 W/ActivityManager( 2134): Slow operation: 233ms so far, now at startProcess: done updating battery stats
06-09 11:20:04.391 W/ActivityManager( 2134): Slow operation: 234ms so far, now at startProcess: building log message
06-09 11:20:04.391 I/ActivityManager( 2134): Start proc 2846:com.android.systemui/u0a21 for restart com.android.systemui
06-09 11:20:04.391 W/ActivityManager( 2134): Slow operation: 234ms so far, now at startProcess: starting to update pids map
