06-01 16:39:32.936 E/ActivityManager( 1802): 100% TOTAL: 45% user + 53% kernel + 0.8% softirq
06-01 16:39:32.936 E/ActivityManager( 1802): CPU usage from 245547ms to 245547ms ago (1970-01-01 00:00:00.000 to 1970-01-01 00:00:00.000) with 0% awake:
06-01 16:39:32.936 E/ActivityManager( 1802): 0% TOTAL: 0% user + 0% kernel
06-01 16:39:32.946 I/Choreographer( 1802): Skipped 41 frames!  The application may be doing too much work on its main thread.
06-01 16:39:33.042 I/art     ( 2014): Wrote stack traces to '/data/anr/traces.txt'
06-01 16:39:33.165 W/InputConnectionWrapper.ICC( 2008): Timed out waiting on IInputContextCallback
06-01 16:39:33.166 I/InputAttributes( 2008): InputType.TYPE_NULL is specified
06-01 16:39:33.403 I/ActivityManager( 1802): START u0 {act=android.intent.action.MAIN cat=[android.intent.category.HOME] flg=0x10000100 cmp=com.android.launcher3/.Launcher} from uid 0 on display 0
06-01 16:39:33.473 I/AccountManagerService( 1802): User 0 is unlocked - opening CE database
06-01 16:39:33.548 I/GnssLocationProvider( 1802): WakeLock released by handleMessage(13, 0, null)
06-01 16:39:33.554 E/GnssLocationProvider( 1802): no AGPS interface in set_agps_server
06-01 16:39:33.558 I/GnssLocationProvider( 1802): WakeLock released by handleMessage(2, 1, null)
06-01 16:39:34.078 W/art     ( 1802): Long monitor contention with owner android.display (1855) at void com.android.server.wm.WindowAnimator$1.doFrame(long)(WindowAnimator.java:144) waiters=0 in void com.android.server.wm.WindowManagerService.deferSurfaceLayout() for 442ms
06-01 16:39:34.876 W/art     ( 1802): Long monitor contention with owner android.display (1855) at void com.android.server.wm.WindowAnimator$1.doFrame(long)(WindowAnimator.java:144) waiters=0 in void com.android.server.wm.WindowManagerService.deferSurfaceLayout() for 439ms
06-01 16:39:35.296 W/art     ( 1802): Long monitor contention with owner android.display (1855) at void com.android.server.wm.WindowAnimator$1.doFrame(long)(WindowAnimator.java:144) waiters=0 in void com.android.server.wm.WindowManagerService.deferSurfaceLayout() for 419ms
06-01 16:39:35.883 I/LatinIME( 2008): Timeout waiting for dictionary load
06-01 16:39:36.766 W/art     ( 1802): Long monitor contention with owner android.display (1855) at void com.android.server.wm.WindowAnimator$1.doFrame(long)(WindowAnimator.java:144) waiters=0 in void com.android.server.wm.WindowManagerService.deferSurfaceLayout() for 564ms
06-01 16:39:37.043 I/Choreographer( 1802): Skipped 51 frames!  The application may be doing too much work on its main thread.
06-01 16:39:37.528 W/art     ( 1802): Long monitor contention with owner Binder:1802_6 (2299) at void com.android.server.wm.WindowManagerService.continueSurfaceLayout()(WindowManagerService.java:5454) waiters=0 in void com.android.server.wm.WindowAnimator$1.doFrame(long) for 484ms
06-01 16:39:37.934 W/ActivityManager( 1802): Slow operation: 365ms so far, now at startProcess: returned from zygote!
06-01 16:39:37.935 W/ActivityManager( 1802): Slow operation: 366ms so far, now at startProcess: done updating battery stats
06-01 16:39:37.935 W/ActivityManager( 1802): Slow operation: 367ms so far, now at startProcess: building log message
06-01 16:39:37.936 I/ActivityManager( 1802): Start proc 2524:com.android.launcher3/u0a42 for activity com.android.launcher3/.Launcher
06-01 16:39:37.936 W/ActivityManager( 1802): Slow operation: 367ms so far, now at startProcess: starting to update pids map
06-01 16:39:37.936 W/ActivityManager( 1802): Slow operation: 367ms so far, now at startProcess: done updating pids map
06-01 16:39:37.936 W/ActivityManager( 1802): Slow operation: 378ms so far, now at startProcess: done starting proc!
06-01 16:39:38.043 W/art     ( 2524): Unexpected CPU variant for X86 using defaults: x86_64
06-01 16:39:38.799 I/ContactLocale( 2439): AddressBook Labels [[en_US]]: [, A, B, C, D, E, F, G, H, I, J, K, L, M, N, O, P, Q, R, S, T, U, V, W, X, Y, Z, , , , , , , , , , , , , , , , , , , , , , , , , , , , , , , , , , , , , , , , , , , , , , , , , , , , , , , , , , , , , , , , , , , , , , , , , , , , , , , , , , , , , , , , , , , , , , , , , , , , , , , , , , , , , , , , , , , , , , , , , , , , , , , , , , , , , , , , , , , , , , , , , , , , , , , , , , , , , , , , , , , , , , , , , , , , , , , , , , , , , , , , , , , #, ]
06-01 16:39:39.356 W/art     ( 1802): Long monitor contention with owner android.display (1855) at void com.android.server.wm.WindowAnimator$1.doFrame(long)(WindowAnimator.java:144) waiters=0 in void com.android.server.wm.WindowManagerService.setAppVisibility(android.os.IBinder, boolean) for 400ms
06-01 16:39:39.780 W/art     ( 1802): Long monitor contention with owner android.display (1855) at void com.android.server.wm.WindowAnimator$1.doFrame(long)(WindowAnimator.java:144) waiters=0 in void com.android.server.wm.WindowManagerService.setAppVisibility(android.os.IBinder, boolean) for 423ms
06-01 16:39:39.497 W/ifconfig( 2541): type=1400 audit(0.0:13): avc: denied { ioctl } for path="socket:[14783]" dev="sockfs" ino=14783 ioctlcmd=8927 scontext=u:r:shell:s0 tcontext=u:r:shell:s0 tclass=udp_socket permissive=0
06-01 16:39:39.597 W/ifconfig( 2541): type=1400 audit(0.0:14): avc: denied { ioctl } for path="socket:[14783]" dev="sockfs" ino=14783 ioctlcmd=891d scontext=u:r:shell:s0 tcontext=u:r:shell:s0 tclass=udp_socket permissive=0
06-01 16:39:39.597 W/ifconfig( 2541): type=1400 audit(0.0:15): avc: denied { ioctl } for path="socket:[14783]" dev="sockfs" ino=14783 ioctlcmd=8970 scontext=u:r:shell:s0 tcontext=u:r:shell:s0 tclass=udp_socket permissive=0
06-01 16:39:40.196 W/art     ( 1802): Long monitor contention with owner android.display (1855) at void com.android.server.wm.WindowAnimator$1.doFrame(long)(WindowAnimator.java:144) waiters=0 in void com.android.server.wm.WindowManagerService.setAppVisibility(android.os.IBinder, boolean) for 415ms
06-01 16:39:40.495 W/art     ( 1802): Long monitor contention with owner android.display (1855) at void com.android.server.wm.WindowAnimator$1.doFrame(long)(WindowAnimator.java:144) waiters=0 in void com.android.server.wm.WindowManagerService.setAppVisibility(android.os.IBinder, boolean) for 298ms
06-01 16:39:40.742 W/art     ( 1802): Long monitor contention with owner android.display (1855) at void com.android.server.wm.WindowAnimator$1.doFrame(long)(WindowAnimator.java:144) waiters=0 in void com.android.server.wm.WindowManagerService.setAppVisibility(android.os.IBinder, boolean) for 246ms
06-01 16:39:41.373 W/art     ( 1802): Long monitor contention with owner android.display (1855) at void com.android.server.wm.WindowAnimator$1.doFrame(long)(WindowAnimator.java:144) waiters=0 in void com.android.server.wm.WindowManagerService.setAppVisibility(android.os.IBinder, boolean) for 217ms
06-01 16:39:41.382 W/art     ( 1802): Long monitor contention with owner Binder:1802_6 (2299) at boolean com.android.server.am.ActivityManagerService.finishActivity(android.os.IBinder, int, android.content.Intent, int)(ActivityManagerService.java:4839) waiters=1 in android.content.pm.UserInfo com.android.server.am.UserController.getCurrentUser() for 10.188s
06-01 16:39:41.385 W/art     ( 1802): Long monitor contention with owner Binder:1802_6 (2299) at boolean com.android.server.am.ActivityManagerService.finishActivity(android.os.IBinder, int, android.content.Intent, int)(ActivityManagerService.java:4839) waiters=2 in void com.android.server.am.ActivityManagerService.publishContentProviders(android.app.IApplicationThread, java.util.List) for 10.181s
06-01 16:39:41.398 W/art     ( 1802): Long monitor contention with owner Binder:1802_6 (2299) at boolean com.android.server.am.ActivityManagerService.finishActivity(android.os.IBinder, int, android.content.Intent, int)(ActivityManagerService.java:4839) waiters=3 in android.content.Intent com.android.server.am.ActivityManagerService.registerReceiver(android.app.IApplicationThread, java.lang.String, android.content.IIntentReceiver, android.content.IntentFilter, java.lang.String, int) for 9.370s
06-01 16:39:41.400 W/art     ( 1802): Long monitor contention with owner Binder:1802_6 (2299) at boolean com.android.server.am.ActivityManagerService.finishActivity(android.os.IBinder, int, android.content.Intent, int)(ActivityManagerService.java:4839) waiters=4 in com.android.server.am.ProcessRecord com.android.server.am.ActivityManagerService.findAppProcess(android.os.IBinder, java.lang.String) for 9.218s
06-01 16:39:41.401 W/art     ( 1802): Long monitor contention with owner Binder:1802_6 (2299) at void com.android.server.am.ActivityManagerService.activityPaused(android.os.IBinder)(ActivityManagerService.java:6916) waiters=4 in android.content.pm.ParceledListSlice com.android.server.am.ActivityManagerService.getRecentTasks(int, int, int) for 8.739s
06-01 16:39:41.402 I/Choreographer( 2285): Skipped 542 frames!  The application may be doing too much work on its main thread.
06-01 16:39:41.498 W/art     ( 1802): Long monitor contention with owner Binder:1802_6 (2299) at void com.android.server.am.ActivityManagerService.activityPaused(android.os.IBinder)(ActivityManagerService.java:6916) waiters=5 in int com.android.server.am.ActivityManagerService.getAppStartMode(int, java.lang.String) for 8.804s
06-01 16:39:41.543 W/art     ( 1802): Long monitor contention with owner Binder:1802_6 (2299) at void com.android.server.am.ActivityManagerService.activityPaused(android.os.IBinder)(ActivityManagerService.java:6916) waiters=6 in java.lang.String com.android.server.am.ActivityManagerService.checkContentProviderAccess(java.lang.String, int) for 8.698s
06-01 16:39:41.582 W/art     ( 1802): Long monitor contention with owner Binder:1802_6 (2299) at void com.android.server.am.ActivityManagerService.activityPaused(android.os.IBinder)(ActivityManagerService.java:6916) waiters=7 in void com.android.server.am.ActivityManagerService.appendDropBoxProcessHeaders(com.android.server.am.ProcessRecord, java.lang.String, java.lang.StringBuilder) for 8.616s
06-01 16:39:41.587 I/ActivityManager( 1802): Killing 2014:com.android.systemui/u0a21 (adj -800): bg anr
06-01 16:39:41.712 W/art     ( 1802): Long monitor contention with owner Binder:1802_6 (2299) at void com.android.server.am.ActivityManagerService.activityPaused(android.os.IBinder)(ActivityManagerService.java:6916) waiters=11 in void com.android.server.am.ActivityManagerService.dispatchUidsChanged() for 3.989s
06-01 16:39:41.716 W/art     ( 1802): Long monitor contention with owner Binder:1802_6 (2299) at void com.android.server.am.ActivityManagerService.activityPaused(android.os.IBinder)(ActivityManagerService.java:6916) waiters=9 in void com.android.server.am.ActivityManagerService$3.handleMessage(android.os.Message) for 7.838s
06-01 16:39:41.741 W/art     ( 1802): Long monitor contention with owner Binder:1802_6 (2299) at void com.android.server.am.ActivityManagerService.activityPaused(android.os.IBinder)(ActivityManagerService.java:6916) waiters=10 in android.content.pm.UserInfo com.android.server.am.UserController.getCurrentUser() for 7.750s
06-01 16:39:41.764 W/art     ( 1802): Long monitor contention with owner Binder:1802_6 (2299) at void com.android.server.am.ActivityManagerService.activityPaused(android.os.IBinder)(ActivityManagerService.java:6916) waiters=8 in int com.android.server.am.ActivityManagerService.bindService(android.app.IApplicationThread, android.os.IBinder, android.content.Intent, java.lang.String, android.app.IServiceConnection, int, java.lang.String, int) for 8.177s
06-01 16:39:41.894 I/Choreographer( 1802): Skipped 30 frames!  The application may be doing too much work on its main thread.
06-01 16:39:41.897 W/art     ( 1802): Long monitor contention with owner android.display (1855) at void com.android.server.wm.WindowAnimator$1.doFrame(long)(WindowAnimator.java:144) waiters=0 in void com.android.server.wm.WindowManagerService.prepareAppTransition(int, boolean) for 182ms
06-01 16:39:41.952 D/ConnectivityService( 1802): ConnectivityService NetworkRequestInfo binderDied(NetworkRequest [ LISTEN id=4, [] ], android.os.BinderProxy@c6d3de4)
06-01 16:39:41.954 D/WifiService( 1802): Client connection lost with reason: 4
06-01 16:39:42.007 W/AudioService( 1802): Current remote volume controller died, unregistering
06-01 16:39:42.084 W/WallpaperManagerService( 1802): Wallpaper service gone: ComponentInfo{com.android.systemui/com.android.systemui.ImageWallpaper}
06-01 16:39:42.123 E/ConnectivityService( 1802): RemoteException caught trying to send a callback msg for NetworkRequest [ LISTEN id=4, [] ]
06-01 16:39:42.125 W/InputDispatcher( 1802): channel '1ffd19c DockedStackDivider (server)' ~ Consumer closed input channel or an error occurred.  events=0x9
06-01 16:39:42.126 E/InputDispatcher( 1802): channel '1ffd19c DockedStackDivider (server)' ~ Channel is unrecoverably broken and will be disposed!
06-01 16:39:42.127 W/InputDispatcher( 1802): channel 'dab1951 StatusBar (server)' ~ Consumer closed input channel or an error occurred.  events=0x9
06-01 16:39:42.128 E/InputDispatcher( 1802): channel 'dab1951 StatusBar (server)' ~ Channel is unrecoverably broken and will be disposed!
06-01 16:39:42.128 W/InputDispatcher( 1802): channel 'ae7139e AssistPreviewPanel (server)' ~ Consumer closed input channel or an error occurred.  events=0x9
06-01 16:39:42.128 E/InputDispatcher( 1802): channel 'ae7139e AssistPreviewPanel (server)' ~ Channel is unrecoverably broken and will be disposed!
06-01 16:39:42.128 W/InputDispatcher( 1802): channel '46c2e4c NavigationBar (server)' ~ Consumer closed input channel or an error occurred.  events=0x9
06-01 16:39:42.129 E/InputDispatcher( 1802): channel '46c2e4c NavigationBar (server)' ~ Channel is unrecoverably broken and will be disposed!
06-01 16:39:42.129 W/InputDispatcher( 1802): channel '757f42c com.android.systemui.ImageWallpaper (server)' ~ Consumer closed input channel or an error occurred.  events=0x9
06-01 16:39:42.129 E/InputDispatcher( 1802): channel '757f42c com.android.systemui.ImageWallpaper (server)' ~ Channel is unrecoverably broken and will be disposed!
06-01 16:39:42.326 W/art     ( 1802): Long monitor contention with owner android.display (1855) at void com.android.server.wm.WindowAnimator$1.doFrame(long)(WindowAnimator.java:144) waiters=0 in void com.android.server.wm.WindowManagerService.prepareAppTransition(int, boolean) for 422ms
06-01 16:39:42.402 W/VolumeController( 1802): Error calling dismiss
06-01 16:39:42.402 W/VolumeController( 1802): android.os.DeadObjectException
06-01 16:39:42.402 W/VolumeController( 1802): 	at android.os.BinderProxy.transactNative(Native Method)
06-01 16:39:42.402 W/VolumeController( 1802): 	at android.os.BinderProxy.transact(Binder.java:615)
06-01 16:39:42.402 W/VolumeController( 1802): 	at android.media.IVolumeController$Stub$Proxy.dismiss(IVolumeController.java:162)
06-01 16:39:42.402 W/VolumeController( 1802): 	at com.android.server.audio.AudioService$VolumeController.postDismiss(AudioService.java:6138)
06-01 16:39:42.402 W/VolumeController( 1802): 	at com.android.server.audio.AudioService.setVolumeController(AudioService.java:5986)
06-01 16:39:42.402 W/VolumeController( 1802): 	at com.android.server.audio.AudioService$4.binderDied(AudioService.java:5995)
06-01 16:39:42.402 W/VolumeController( 1802): 	at android.os.BinderProxy.sendDeathNotice(Binder.java:688)
06-01 16:39:42.498 I/art     ( 1802): Background sticky concurrent mark sweep GC freed 32636(2MB) AllocSpace objects, 10(372KB) LOS objects, 26% free, 9MB/13MB, paused 18.971ms total 468.580ms
06-01 16:39:42.683 W/art     ( 1802): Long monitor contention with owner android.display (1855) at void com.android.server.wm.WindowAnimator$1.doFrame(long)(WindowAnimator.java:144) waiters=1 in void com.android.server.wm.WindowState$DeathRecipient.binderDied() for 739ms
06-01 16:39:42.905 W/art     ( 1802): Long monitor contention with owner android.display (1855) at void com.android.server.wm.WindowAnimator$1.doFrame(long)(WindowAnimator.java:144) waiters=2 in void com.android.server.wm.WindowState$DeathRecipient.binderDied() for 947ms
06-01 16:39:43.426 W/art     ( 1802): Long monitor contention with owner android.display (1855) at void com.android.server.wm.WindowAnimator$1.doFrame(long)(WindowAnimator.java:144) waiters=3 in void com.android.server.wm.WindowState$DeathRecipient.binderDied() for 1.467s
06-01 16:39:43.427 I/WindowManager( 1802): WIN DEATH: Window{46c2e4c u0 NavigationBar}
06-01 16:39:43.427 W/InputDispatcher( 1802): Attempted to unregister already unregistered input channel '46c2e4c NavigationBar (server)'
06-01 16:39:43.435 I/Choreographer( 1802): Skipped 44 frames!  The application may be doing too much work on its main thread.
06-01 16:39:43.648 W/art     ( 1802): Long monitor contention with owner android.display (1855) at void com.android.server.wm.WindowAnimator$1.doFrame(long)(WindowAnimator.java:144) waiters=4 in void com.android.server.wm.Session.binderDied() for 1.658s
06-01 16:39:43.650 W/art     ( 1802): Long monitor contention with owner android.display (1855) at void com.android.server.wm.WindowAnimator$1.doFrame(long)(WindowAnimator.java:144) waiters=5 in void com.android.server.wm.WindowState$DeathRecipient.binderDied() for 1.647s
06-01 16:39:43.651 I/WindowManager( 1802): WIN DEATH: Window{1ffd19c u0 DockedStackDivider}
06-01 16:39:43.651 W/InputDispatcher( 1802): Attempted to unregister already unregistered input channel '1ffd19c DockedStackDivider (server)'
06-01 16:39:43.857 W/WindowManager( 1802): Failed to report 'resized' to the client of Window{757f42c u0 com.android.systemui.ImageWallpaper}, removing this window.
06-01 16:39:43.860 W/InputDispatcher( 1802): Attempted to unregister already unregistered input channel '757f42c com.android.systemui.ImageWallpaper (server)'
06-01 16:39:44.086 W/art     ( 1802): Long monitor contention with owner android.display (1855) at void com.android.server.wm.WindowAnimator$1.doFrame(long)(WindowAnimator.java:144) waiters=6 in void com.android.server.wm.WindowState$DeathRecipient.binderDied() for 1.999s
06-01 16:39:44.087 I/WindowManager( 1802): WIN DEATH: Window{dab1951 u0 StatusBar}
06-01 16:39:44.087 W/InputDispatcher( 1802): Attempted to unregister already unregistered input channel 'dab1951 StatusBar (server)'
06-01 16:39:44.305 W/art     ( 1802): Long monitor contention with owner android.display (1855) at void com.android.server.wm.WindowAnimator$1.doFrame(long)(WindowAnimator.java:144) waiters=7 in void com.android.server.wm.WindowManagerService$9.binderDied() for 2.211s
06-01 16:39:44.307 W/art     ( 1802): Long monitor contention with owner android.display (1855) at void com.android.server.wm.WindowAnimator$1.doFrame(long)(WindowAnimator.java:144) waiters=7 in void com.android.server.wm.WindowManagerService.prepareAppTransition(int, boolean) for 1.980s
06-01 16:39:44.311 W/ActivityManager( 1802): Launch timeout has expired, giving up wake lock!
06-01 16:39:44.322 W/art     ( 1802): Long monitor contention with owner android.display (1855) at void com.android.server.wm.WindowManagerService$H.handleMessage(android.os.Message)(WindowManagerService.java:8549) waiters=7 in void com.android.server.wm.WindowState$DeathRecipient.binderDied() for 1.416s
06-01 16:39:44.323 I/WindowManager( 1802): WIN DEATH: Window{ae7139e u0 AssistPreviewPanel}
06-01 16:39:44.323 W/InputDispatcher( 1802): Attempted to unregister already unregistered input channel 'ae7139e AssistPreviewPanel (server)'
06-01 16:39:44.326 W/art     ( 1802): Long monitor contention with owner Binder:1802_6 (2299) at void com.android.server.am.ActivityManagerService.activityPaused(android.os.IBinder)(ActivityManagerService.java:6916) waiters=12 in void com.android.server.am.ActivityManagerService.attachApplication(android.app.IApplicationThread) for 6.035s
06-01 16:39:44.327 W/art     ( 1802): Long monitor contention with owner Binder:1802_6 (2299) at void com.android.server.am.ActivityManagerService.activityPaused(android.os.IBinder)(ActivityManagerService.java:6916) waiters=13 in android.content.Intent com.android.server.am.ActivityManagerService.registerReceiver(android.app.IApplicationThread, java.lang.String, android.content.IIntentReceiver, android.content.IntentFilter, java.lang.String, int) for 3.949s
06-01 16:39:44.328 W/art     ( 1802): Long monitor contention with owner ActivityManager (1844) at void com.android.server.am.AppErrors.appNotResponding(com.android.server.am.ProcessRecord, com.android.server.am.ActivityRecord, com.android.server.am.ActivityRecord, boolean, java.lang.String)(AppErrors.java:884) waiters=6 in com.android.server.am.ProcessRecord com.android.server.am.ActivityManagerService.findAppProcess(android.os.IBinder, java.lang.String) for 2.725s
06-01 16:39:44.332 W/art     ( 1802): Long monitor contention with owner android.display (1855) at void com.android.server.wm.WindowAnimator$1.doFrame(long)(WindowAnimator.java:144) waiters=7 in void com.android.server.wm.WindowState$DeathRecipient.binderDied() for 1.648s
06-01 16:39:44.353 W/art     ( 1802): Long monitor contention with owner ActivityManager (1844) at void com.android.server.am.AppErrors.appNotResponding(com.android.server.am.ProcessRecord, com.android.server.am.ActivityRecord, com.android.server.am.ActivityRecord, boolean, java.lang.String)(AppErrors.java:884) waiters=8 in int com.android.server.am.ActivityManagerService.getAppStartMode(int, java.lang.String) for 2.743s
06-01 16:39:44.354 W/art     ( 1802): Long monitor contention with owner ActivityManager (1844) at void com.android.server.am.AppErrors.appNotResponding(com.android.server.am.ProcessRecord, com.android.server.am.ActivityRecord, com.android.server.am.ActivityRecord, boolean, java.lang.String)(AppErrors.java:884) waiters=7 in com.android.server.am.ProcessRecord com.android.server.am.ActivityManagerService.findAppProcess(android.os.IBinder, java.lang.String) for 2.728s
06-01 16:39:44.559 W/art     ( 1802): Long monitor contention with owner android.display (1855) at void com.android.server.wm.WindowManagerService$H.handleMessage(android.os.Message)(WindowManagerService.java:8549) waiters=8 in int com.android.server.wm.WindowManagerService.relayoutWindow(com.android.server.wm.Session, android.view.IWindow, int, android.view.WindowManager$LayoutParams, int, int, int, int, android.graphics.Rect, android.graphics.Rect, android.graphics.Rect, android.graphics.Rect, android.graphics.Rect, android.graphics.Rect, android.graphics.Rect, android.content.res.Configuration, android.view.Surface) for 1.148s
06-01 16:39:44.787 W/art     ( 1802): Long monitor contention with owner Binder:1802_7 (2352) at void com.android.server.wm.WindowState$DeathRecipient.binderDied()(WindowState.java:1806) waiters=8 in void com.android.server.wm.WindowAnimator$1.doFrame(long) for 1.352s
06-01 16:39:44.815 W/art     ( 1802): Long monitor contention with owner Binder:1802_C (2546) at void com.android.server.wm.WindowState$DeathRecipient.binderDied()(WindowState.java:1806) waiters=2 in void com.android.server.wm.WindowState$DeathRecipient.binderDied() for 482ms
06-01 16:39:44.819 W/WindowManager( 1802): Failed looking up window
06-01 16:39:44.819 W/WindowManager( 1802): java.lang.IllegalArgumentException: Requested window android.os.BinderProxy@b1b5fdf does not exist
06-01 16:39:44.819 W/WindowManager( 1802): 	at com.android.server.wm.WindowManagerService.windowForClientLocked(WindowManagerService.java:9422)
06-01 16:39:44.819 W/WindowManager( 1802): 	at com.android.server.wm.WindowManagerService.windowForClientLocked(WindowManagerService.java:9413)
06-01 16:39:44.819 W/WindowManager( 1802): 	at com.android.server.wm.WindowState$DeathRecipient.binderDied(WindowState.java:1807)
06-01 16:39:44.819 W/WindowManager( 1802): 	at android.os.BinderProxy.sendDeathNotice(Binder.java:688)
06-01 16:39:44.819 I/WindowManager( 1802): WIN DEATH: null
06-01 16:39:44.819 W/art     ( 1802): Long monitor contention with owner Binder:1802_C (2546) at void com.android.server.wm.WindowState$DeathRecipient.binderDied()(WindowState.java:1806) waiters=3 in void com.android.server.wm.WindowManagerService.startAppFreezingScreen(android.os.IBinder, int) for 465ms
06-01 16:39:44.886 I/Choreographer( 2285): Skipped 87 frames!  The application may be doing too much work on its main thread.
06-01 16:39:45.497 W/art     ( 1802): Long monitor contention with owner ActivityManager (1844) at void com.android.server.am.ActivityStackSupervisor$ActivityStackSupervisorHandler.handleMessage(android.os.Message)(ActivityStackSupervisor.java:3910) waiters=8 in void com.android.server.am.ActivityManagerService.dispatchUidsChanged() for 3.754s
06-01 16:39:45.512 W/art     ( 1802): Long monitor contention with owner ActivityManager (1844) at void com.android.server.am.ActivityStackSupervisor$ActivityStackSupervisorHandler.handleMessage(android.os.Message)(ActivityStackSupervisor.java:3910) waiters=8 in android.content.pm.UserInfo com.android.server.am.UserController.getCurrentUser() for 3.762s
06-01 16:39:45.637 W/System  ( 2524): ClassLoader referenced unknown path: /system/app/Launcher3/lib/x86_64
06-01 16:39:45.792 W/art     ( 1802): Long monitor contention with owner ActivityManager (1844) at void com.android.server.am.ActivityStackSupervisor$ActivityStackSupervisorHandler.handleMessage(android.os.Message)(ActivityStackSupervisor.java:3910) waiters=8 in int com.android.server.am.ActivityManagerService.bindService(android.app.IApplicationThread, android.os.IBinder, android.content.Intent, java.lang.String, android.app.IServiceConnection, int, java.lang.String, int) for 3.933s
06-01 16:39:45.840 W/art     ( 1802): Long monitor contention with owner ActivityManager (1844) at void com.android.server.am.ActivityStackSupervisor$ActivityStackSupervisorHandler.handleMessage(android.os.Message)(ActivityStackSupervisor.java:3910) waiters=8 in void com.android.server.am.ActivityManagerService$3.handleMessage(android.os.Message) for 3.990s
06-01 16:39:45.899 W/art     ( 2558): Unexpected CPU variant for X86 using defaults: x86_64
06-01 16:39:45.930 W/ActivityManager( 1802): Slow operation: 117ms so far, now at startProcess: returned from zygote!
06-01 16:39:45.931 W/ActivityManager( 1802): Slow operation: 124ms so far, now at startProcess: done updating battery stats
06-01 16:39:45.931 W/ActivityManager( 1802): Slow operation: 124ms so far, now at startProcess: building log message
06-01 16:39:45.931 I/ActivityManager( 1802): Start proc 2558:com.android.keychain/1000 for service com.android.keychain/.KeyChainService
06-01 16:39:45.931 W/ActivityManager( 1802): Slow operation: 124ms so far, now at startProcess: starting to update pids map
06-01 16:39:45.941 W/ActivityManager( 1802): Slow operation: 134ms so far, now at startProcess: done updating pids map
06-01 16:39:45.941 W/ActivityManager( 1802): Slow operation: 134ms so far, now at startProcess: done starting proc!
06-01 16:39:45.950 W/art     ( 1802): Long monitor contention with owner ActivityManager (1844) at void com.android.server.am.ActivityStackSupervisor$ActivityStackSupervisorHandler.handleMessage(android.os.Message)(ActivityStackSupervisor.java:3910) waiters=9 in android.content.Intent com.android.server.am.ActivityManagerService.registerReceiver(android.app.IApplicationThread, java.lang.String, android.content.IIntentReceiver, android.content.IntentFilter, java.lang.String, int) for 4.014s
06-01 16:39:45.952 W/art     ( 1802): Long monitor contention with owner ActivityManager (1844) at void com.android.server.am.ActivityStackSupervisor$ActivityStackSupervisorHandler.handleMessage(android.os.Message)(ActivityStackSupervisor.java:3910) waiters=10 in void com.android.server.am.ActivityManagerService$AppDeathRecipient.binderDied() for 3.925s
06-01 16:39:45.953 I/ActivityManager( 1802): Process com.android.systemui (pid 2014) has died
06-01 16:39:45.954 D/ActivityManager( 1802): cleanUpApplicationRecord -- 2014
06-01 16:39:45.956 W/ActivityManager( 1802): Scheduling restart of crashed service com.android.systemui/.SystemUIService in 0ms
06-01 16:39:45.957 W/ActivityManager( 1802): Scheduling restart of crashed service com.android.systemui/.keyguard.KeyguardService in 0ms
06-01 16:39:45.957 W/ActivityManager( 1802): Scheduling restart of crashed service com.android.systemui/.ImageWallpaper in 0ms
06-01 16:39:45.964 W/ActivityManager( 1802): Re-adding persistent process ProcessRecord{9fef626 2014:com.android.systemui/u0a21}
06-01 16:39:46.009 I/ActivityManager( 1802): Start proc 2572:com.android.systemui/u0a21 for restart com.android.systemui
06-01 16:39:46.017 W/art     ( 2572): Unexpected CPU variant for X86 using defaults: x86_64
06-01 16:39:46.029 W/art     ( 1802): Long monitor contention with owner ActivityManager (1844) at void com.android.server.am.ActivityStackSupervisor$ActivityStackSupervisorHandler.handleMessage(android.os.Message)(ActivityStackSupervisor.java:3910) waiters=11 in int com.android.server.am.ActivityManagerService.broadcastIntent(android.app.IApplicationThread, android.content.Intent, java.lang.String, android.content.IIntentReceiver, int, java.lang.String, android.os.Bundle, java.lang.String[], int, android.os.Bundle, boolean, boolean, int) for 3.485s
06-01 16:39:46.053 D/LauncherProvider( 2524): Launcher process started
06-01 16:39:46.062 W/art     ( 1802): Long monitor contention with owner ActivityManager (1844) at void com.android.server.am.ActivityStackSupervisor$ActivityStackSupervisorHandler.handleMessage(android.os.Message)(ActivityStackSupervisor.java:3910) waiters=12 in java.lang.String com.android.server.am.ActivityManagerService.checkContentProviderAccess(java.lang.String, int) for 3.497s
06-01 16:39:46.065 W/art     ( 1802): Long monitor contention with owner Binder:1802_A (2505) at void com.android.server.am.ActivityManagerService.attachApplication(android.app.IApplicationThread)(ActivityManagerService.java:6669) waiters=11 in android.content.Intent com.android.server.am.ActivityManagerService.registerReceiver(android.app.IApplicationThread, java.lang.String, android.content.IIntentReceiver, android.content.IntentFilter, java.lang.String, int) for 1.736s
06-01 16:39:46.066 W/art     ( 1802): Long monitor contention with owner Binder:1802_A (2505) at void com.android.server.am.ActivityManagerService.attachApplication(android.app.IApplicationThread)(ActivityManagerService.java:6669) waiters=11 in com.android.server.am.ProcessRecord com.android.server.am.ActivityManagerService.findAppProcess(android.os.IBinder, java.lang.String) for 1.738s
06-01 16:39:46.069 W/art     ( 1802): Long monitor contention with owner Binder:1802_A (2505) at void com.android.server.am.ActivityManagerService.attachApplication(android.app.IApplicationThread)(ActivityManagerService.java:6669) waiters=11 in com.android.server.am.ProcessRecord com.android.server.am.ActivityManagerService.findAppProcess(android.os.IBinder, java.lang.String) for 1.714s
06-01 16:39:46.070 W/art     ( 1802): Long monitor contention with owner Binder:1802_A (2505) at void com.android.server.am.ActivityManagerService.attachApplication(android.app.IApplicationThread)(ActivityManagerService.java:6669) waiters=12 in void com.android.server.am.ActivityManagerService$MainHandler.handleMessage(android.os.Message) for 1.696s
06-01 16:39:46.090 W/art     ( 1802): Long monitor contention with owner Binder:1802_A (2505) at void com.android.server.am.ActivityManagerService.attachApplication(android.app.IApplicationThread)(ActivityManagerService.java:6669) waiters=13 in void com.android.server.am.ActivityManagerService$LocalService.notifyAppTransitionStarting(int) for 1.247s
06-01 16:39:46.188 W/System  ( 2572): ClassLoader referenced unknown path: /system/priv-app/SystemUI/lib/x86_64
06-01 16:39:46.291 W/System  ( 2558): ClassLoader referenced unknown path: /system/app/KeyChain/lib/x86_64
06-01 16:39:46.298 I/Choreographer( 1802): Skipped 89 frames!  The application may be doing too much work on its main thread.
06-01 16:39:46.555 W/ActivityManager( 1802): Slow operation: 77ms so far, now at startProcess: returned from zygote!
06-01 16:39:46.555 W/ActivityManager( 1802): Slow operation: 77ms so far, now at startProcess: done updating battery stats
06-01 16:39:46.556 W/ActivityManager( 1802): Slow operation: 78ms so far, now at startProcess: building log message
06-01 16:39:46.556 I/ActivityManager( 1802): Start proc 2586:com.android.deskclock/u0a31 for broadcast com.android.deskclock/.AlarmInitReceiver
06-01 16:39:46.556 W/ActivityManager( 1802): Slow operation: 78ms so far, now at startProcess: starting to update pids map
06-01 16:39:46.556 W/ActivityManager( 1802): Slow operation: 78ms so far, now at startProcess: done updating pids map
06-01 16:39:46.556 W/ActivityManager( 1802): Slow operation: 79ms so far, now at startProcess: done starting proc!
06-01 16:39:46.599 W/art     ( 2586): Unexpected CPU variant for X86 using defaults: x86_64
06-01 16:39:46.736 V/SystemUIService( 2572): Starting SystemUI services for user 0.
06-01 16:39:46.864 V/Launcher( 2524): LauncherAppState inited
06-01 16:39:47.244 W/WallpaperManagerService( 1802): Wallpaper reconnect timed out, reverting to built-in wallpaper!
06-01 16:39:47.426 I/Choreographer( 1802): Skipped 32 frames!  The application may be doing too much work on its main thread.
06-01 16:39:47.615 V/MediaRouter( 2572): Adding route: RouteInfo{ name=Phone, description=null, status=null, category=RouteCategory{ name=null types=ROUTE_TYPE_LIVE_AUDIO ROUTE_TYPE_LIVE_VIDEO  groupable=false }, supportedTypes=ROUTE_TYPE_LIVE_AUDIO ROUTE_TYPE_LIVE_VIDEO , presentationDisplay=null }
06-01 16:39:47.668 W/art     ( 1802): Long monitor contention with owner Binder:1802_A (2505) at void com.android.server.am.ActivityManagerService.attachApplication(android.app.IApplicationThread)(ActivityManagerService.java:6669) waiters=11 in int com.android.server.am.ActivityManagerService.getAppStartMode(int, java.lang.String) for 1.871s
06-01 16:39:47.668 W/art     ( 1802): Long monitor contention with owner Binder:1802_5 (2058) at void com.android.server.am.ActivityManagerService.attachApplication(android.app.IApplicationThread)(ActivityManagerService.java:6669) waiters=2 in void com.android.server.am.ActivityStack$ActivityStackHandler.handleMessage(android.os.Message) for 186ms
06-01 16:39:47.672 W/art     ( 1802): Long monitor contention with owner BackgroundDexOptService_PostBootUpdate (2406) at boolean android.os.MessageQueue.enqueueMessage(android.os.Message, long)(MessageQueue.java:541) waiters=0 in android.os.Message android.os.MessageQueue.next() for 503ms
06-01 16:39:47.672 W/art     ( 1802): Long monitor contention with owner Binder:1802_5 (2058) at void com.android.server.am.ActivityManagerService.attachApplication(android.app.IApplicationThread)(ActivityManagerService.java:6669) waiters=3 in android.content.IIntentSender com.android.server.am.ActivityManagerService.getIntentSender(int, java.lang.String, android.os.IBinder, java.lang.String, int, android.content.Intent[], java.lang.String[], int, android.os.Bundle, int) for 176ms
06-01 16:39:47.728 W/art     ( 1802): Long monitor contention with owner Binder:1802_F (2554) at void com.android.server.am.BroadcastQueue.processNextBroadcast(boolean)(BroadcastQueue.java:760) waiters=2 in void com.android.server.am.ActivityManagerService$3.handleMessage(android.os.Message) for 1.525s
06-01 16:39:47.914 W/art     ( 1802): Long monitor contention with owner Binder:1802_E (2553) at android.content.Intent com.android.server.am.ActivityManagerService.registerReceiver(android.app.IApplicationThread, java.lang.String, android.content.IIntentReceiver, android.content.IntentFilter, java.lang.String, int)(ActivityManagerService.java:17625) waiters=3 in android.content.IIntentSender com.android.server.am.ActivityManagerService.getIntentSender(int, java.lang.String, android.os.IBinder, java.lang.String, int, android.content.Intent[], java.lang.String[], int, android.os.Bundle, int) for 241ms
06-01 16:39:47.916 W/art     ( 1802): Long monitor contention with owner Binder:1802_E (2553) at android.content.Intent com.android.server.am.ActivityManagerService.registerReceiver(android.app.IApplicationThread, java.lang.String, android.content.IIntentReceiver, android.content.IntentFilter, java.lang.String, int)(ActivityManagerService.java:17625) waiters=3 in void com.android.server.am.ActivityStack$ActivityStackHandler.handleMessage(android.os.Message) for 243ms
06-01 16:39:47.917 W/art     ( 1802): Long monitor contention with owner Binder:1802_E (2553) at android.content.Intent com.android.server.am.ActivityManagerService.registerReceiver(android.app.IApplicationThread, java.lang.String, android.content.IIntentReceiver, android.content.IntentFilter, java.lang.String, int)(ActivityManagerService.java:17625) waiters=4 in boolean com.android.server.am.ActivityManagerService.refContentProvider(android.os.IBinder, int, int) for 218ms
06-01 16:39:47.937 V/MediaRouter( 2572): Updating audio routes: AudioRoutesInfo{ type=SPEAKER }
06-01 16:39:47.953 W/art     ( 1802): Long monitor contention with owner BackgroundDexOptService_PostBootUpdate (2406) at void com.android.server.power.PowerManagerService.releaseWakeLockInternal(android.os.IBinder, int)(PowerManagerService.java:937) waiters=0 in void com.android.server.power.PowerManagerService.handleSandman() for 280ms
06-01 16:39:47.959 V/MediaRouter( 2572): Selecting route: RouteInfo{ name=Phone, description=null, status=null, category=RouteCategory{ name=null types=ROUTE_TYPE_LIVE_AUDIO ROUTE_TYPE_LIVE_VIDEO  groupable=false }, supportedTypes=ROUTE_TYPE_LIVE_AUDIO ROUTE_TYPE_LIVE_VIDEO , presentationDisplay=null }
06-01 16:39:48.096 W/art     ( 1802): Long monitor contention with owner Binder:1802_E (2553) at android.content.Intent com.android.server.am.ActivityManagerService.registerReceiver(android.app.IApplicationThread, java.lang.String, android.content.IIntentReceiver, android.content.IntentFilter, java.lang.String, int)(ActivityManagerService.java:17625) waiters=4 in void com.android.server.am.ActivityManagerService$3.handleMessage(android.os.Message) for 346ms
06-01 16:39:48.145 W/art     ( 1802): Long monitor contention with owner android.display (1855) at void com.android.server.wm.WindowAnimator$1.doFrame(long)(WindowAnimator.java:144) waiters=0 in void com.android.server.wm.WindowManagerService.removeWindowToken(android.os.IBinder) for 157ms
06-01 16:39:48.246 W/art     ( 1802): Long monitor contention with owner Binder:1802_E (2553) at android.content.Intent com.android.server.am.ActivityManagerService.registerReceiver(android.app.IApplicationThread, java.lang.String, android.content.IIntentReceiver, android.content.IntentFilter, java.lang.String, int)(ActivityManagerService.java:17625) waiters=3 in int com.android.server.am.ActivityManagerService.getAppStartMode(int, java.lang.String) for 298ms
06-01 16:39:48.280 W/System  ( 2586): ClassLoader referenced unknown path: /system/app/DeskClock/lib/x86_64
06-01 16:39:48.397 W/art     ( 1802): Long monitor contention with owner android.display (1855) at void com.android.server.wm.WindowAnimator$1.doFrame(long)(WindowAnimator.java:144) waiters=0 in void com.android.server.wm.WindowManagerService.removeWindowToken(android.os.IBinder) for 251ms
06-01 16:39:48.432 W/art     ( 1802): Long monitor contention with owner android.bg (1843) at void com.android.server.am.ActivityManagerService$3.handleMessage(android.os.Message)(ActivityManagerService.java:2374) waiters=3 in boolean com.android.server.am.ActivityManagerService.refContentProvider(android.os.IBinder, int, int) for 332ms
06-01 16:39:48.446 W/art     ( 1802): Long monitor contention with owner android.bg (1843) at void com.android.server.am.ActivityManagerService$3.handleMessage(android.os.Message)(ActivityManagerService.java:2374) waiters=5 in android.content.Intent com.android.server.am.ActivityManagerService.registerReceiver(android.app.IApplicationThread, java.lang.String, android.content.IIntentReceiver, android.content.IntentFilter, java.lang.String, int) for 214ms
06-01 16:39:48.450 W/art     ( 1802): Long monitor contention with owner android.bg (1843) at void com.android.server.am.ActivityManagerService$3.handleMessage(android.os.Message)(ActivityManagerService.java:2421) waiters=4 in android.content.Intent com.android.server.am.ActivityManagerService.registerReceiver(android.app.IApplicationThread, java.lang.String, android.content.IIntentReceiver, android.content.IntentFilter, java.lang.String, int) for 207ms
06-01 16:39:48.667 W/art     ( 1802): Long monitor contention with owner android.display (1855) at void com.android.server.wm.WindowManagerService$H.handleMessage(android.os.Message)(WindowManagerService.java:8368) waiters=0 in void com.android.server.wm.WindowManagerService.removeWindowToken(android.os.IBinder) for 268ms
06-01 16:39:48.697 W/art     ( 1802): Long monitor contention with owner android.bg (1843) at void com.android.server.am.ActivityManagerService$3.handleMessage(android.os.Message)(ActivityManagerService.java:2421) waiters=5 in boolean com.android.server.am.ActivityManagerService.unbindService(android.app.IServiceConnection) for 452ms
06-01 16:39:48.779 W/art     ( 1802): Long monitor contention with owner android.bg (1843) at void com.android.server.am.ActivityManagerService$3.handleMessage(android.os.Message)(ActivityManagerService.java:2421) waiters=5 in int com.android.server.am.ActivityManagerService.getAppStartMode(int, java.lang.String) for 506ms
06-01 16:39:49.085 E/WVMExtractor( 2572): Failed to open libwvm.so: dlopen failed: library "libwvm.so" not found
06-01 16:39:49.903 W/art     ( 2439): Long monitor contention with owner Binder:2439_1 (2451) at boolean android.os.BinderProxy.transactNative(int, android.os.Parcel, android.os.Parcel, int)(Binder.java:-2) waiters=0 in void android.database.Observable.unregisterObserver(java.lang.Object) for 1.161s
06-01 16:39:50.362 W/art     ( 1802): Long monitor contention with owner backup (2454) at void com.android.server.AlarmManagerService.setImpl(int, long, long, long, android.app.PendingIntent, android.app.IAlarmListener, java.lang.String, int, android.os.WorkSource, android.app.AlarmManager$AlarmClockInfo, int, java.lang.String)(AlarmManagerService.java:1072) waiters=0 in void com.android.server.AlarmManagerService$AlarmThread.run() for 3.630s
06-01 16:39:50.386 W/art     ( 1802): Long monitor contention with owner backup (2454) at int com.android.server.am.ActivityManagerService.getAppStartMode(int, java.lang.String)(ActivityManagerService.java:7896) waiters=0 in void com.android.server.job.JobSchedulerService.updateUidState(int, int) for 4.870s
06-01 16:39:50.387 W/art     ( 1802): Long monitor contention with owner backup (2454) at int com.android.server.am.ActivityManagerService.getAppStartMode(int, java.lang.String)(ActivityManagerService.java:7896) waiters=1 in boolean com.android.server.job.JobServiceContext.verifyCallingUid() for 1.811s
06-01 16:39:50.389 D/TrustManagerService( 1802): Removing dead TrustListener.
06-01 16:39:50.414 V/KeyguardServiceDelegate( 1802): *** Keyguard disconnected (boo!)
06-01 16:39:50.485 I/MediaPlayerService( 1343): MediaPlayerService::getOMX
06-01 16:39:50.507 I/OMXClient( 2572): MuxOMX ctor
06-01 16:39:50.536 I/OMXMaster( 1338): makeComponentInstance(OMX.google.vorbis.decoder) in mediacodec process
06-01 16:39:51.293 W/art     ( 1802): Long monitor contention with owner android.ui (1845) at int com.android.server.wm.WindowManagerService.relayoutWindow(com.android.server.wm.Session, android.view.IWindow, int, android.view.WindowManager$LayoutParams, int, int, int, int, android.graphics.Rect, android.graphics.Rect, android.graphics.Rect, android.graphics.Rect, android.graphics.Rect, android.graphics.Rect, android.graphics.Rect, android.content.res.Configuration, android.view.Surface)(WindowManagerService.java:2857) waiters=0 in void com.android.server.wm.WindowManagerService$H.handleMessage(android.os.Message) for 645ms
06-01 16:39:52.063 I/BackupManagerService( 1802): Found stale backup journal, scheduling
06-01 16:39:52.141 W/art     ( 1802): Long monitor contention with owner android.display (1855) at void com.android.server.wm.WindowManagerService$H.handleMessage(android.os.Message)(WindowManagerService.java:8368) waiters=1 in void com.android.server.wm.WindowManagerService.setAppOrientation(android.view.IApplicationToken, int) for 546ms
06-01 16:39:52.153 W/art     ( 1802): Long monitor contention with owner Binder:1802_3 (1989) at void com.android.server.am.ActivityManagerService.setRequestedOrientation(android.os.IBinder, int)(ActivityManagerService.java:4785) waiters=0 in java.lang.String com.android.server.am.ActivityManagerService.checkContentProviderAccess(java.lang.String, int) for 534ms
06-01 16:39:52.155 W/art     ( 1802): Long monitor contention with owner Binder:1802_3 (1989) at void com.android.server.am.ActivityManagerService.setRequestedOrientation(android.os.IBinder, int)(ActivityManagerService.java:4785) waiters=1 in void com.android.server.am.ActivityManagerService.publishContentProviders(android.app.IApplicationThread, java.util.List) for 306ms
06-01 16:39:52.208 W/art     ( 1802): Long monitor contention with owner android.display (1855) at void com.android.server.wm.WindowManagerService$H.handleMessage(android.os.Message)(WindowManagerService.java:8368) waiters=0 in boolean com.android.server.wm.WindowManagerService.inputMethodClientHasFocus(com.android.internal.view.IInputMethodClient) for 410ms
06-01 16:39:52.224 W/InputMethodManagerService( 1802): Window already focused, ignoring focus gain of: android.view.inputmethod.InputMethodManager$1@3e853c4 attribute=null, token = android.view.ViewRootImpl$W@97382de
06-01 16:39:53.403 I/Choreographer( 2524): Skipped 115 frames!  The application may be doing too much work on its main thread.
06-01 16:39:53.648 I/vol.Events( 2572): writeEvent collection_started
06-01 16:39:53.957 I/MediaPlayerService( 1343): MediaPlayerService::getOMX
06-01 16:39:53.959 I/OMXClient( 2572): MuxOMX ctor
06-01 16:39:53.970 I/OMXMaster( 1338): makeComponentInstance(OMX.google.vorbis.decoder) in mediacodec process
06-01 16:39:54.070 I/vol.Events( 2572): writeEvent external_ringer_mode_changed normal
06-01 16:39:54.070 I/vol.Events( 2572): writeEvent internal_ringer_mode_changed normal
06-01 16:39:54.126 W/art     ( 1802): Long monitor contention with owner Binder:1802_6 (2299) at int com.android.server.wm.WindowManagerService.relayoutWindow(com.android.server.wm.Session, android.view.IWindow, int, android.view.WindowManager$LayoutParams, int, int, int, int, android.graphics.Rect, android.graphics.Rect, android.graphics.Rect, android.graphics.Rect, android.graphics.Rect, android.graphics.Rect, android.graphics.Rect, android.content.res.Configuration, android.view.Surface)(WindowManagerService.java:2857) waiters=0 in void com.android.server.wm.WindowManagerService$H.handleMessage(android.os.Message) for 572ms
06-01 16:39:54.489 I/Choreographer( 2524): Skipped 64 frames!  The application may be doing too much work on its main thread.
06-01 16:39:54.705 D/gralloc_ranchu( 2524): Emulator without host-side GPU emulation detected. Loading gralloc.default.so from /vendor/lib64/hw/gralloc.goldfish.default.so...
06-01 16:39:54.709 D/gralloc_ranchu( 2524): gralloc.default.so not found in /vendor. Trying /system/lib64/hw/gralloc.goldfish.default.so...
06-01 16:39:54.757 V/GridSizeMigrationTask( 2524): Workspace migration completed in 1402
06-01 16:39:54.793 D/Launcher.Model( 2524): loadWorkspace: loading default favorites
06-01 16:39:55.814 W/art     ( 1802): Long monitor contention with owner android.display (1855) at void com.android.server.wm.WindowManagerService$H.handleMessage(android.os.Message)(WindowManagerService.java:8368) waiters=0 in void com.android.server.wm.WindowManagerService.finishDrawingWindow(com.android.server.wm.Session, android.view.IWindow) for 565ms
06-01 16:39:55.815 W/art     ( 1802): Long monitor contention with owner android.display (1855) at void com.android.server.wm.WindowManagerService$H.handleMessage(android.os.Message)(WindowManagerService.java:8368) waiters=1 in void com.android.server.wm.WindowManagerService.notifyAppRelaunchesCleared(android.os.IBinder) for 535ms
06-01 16:39:55.818 I/Choreographer( 2524): Skipped 47 frames!  The application may be doing too much work on its main thread.
06-01 16:39:55.892 W/art     ( 1802): Long monitor contention with owner ActivityManager (1844) at void com.android.server.am.ActivityStackSupervisor$ActivityStackSupervisorHandler.activityIdleInternal(com.android.server.am.ActivityRecord)(ActivityStackSupervisor.java:3867) waiters=0 in android.content.Intent com.android.server.am.ActivityManagerService.registerReceiver(android.app.IApplicationThread, java.lang.String, android.content.IIntentReceiver, android.content.IntentFilter, java.lang.String, int) for 531ms
06-01 16:39:55.898 I/ActivityManager( 1802): Displayed com.android.launcher3/.Launcher: +18s340ms
06-01 16:39:55.899 I/Choreographer( 1802): Skipped 49 frames!  The application may be doing too much work on its main thread.
06-01 16:39:56.077 I/MediaPlayerService( 1343): MediaPlayerService::getOMX
06-01 16:39:56.079 I/OMXClient( 2572): MuxOMX ctor
06-01 16:39:56.094 I/OMXMaster( 1338): makeComponentInstance(OMX.google.vorbis.decoder) in mediacodec process
06-01 16:39:56.520 W/art     ( 1802): Long monitor contention with owner ActivityManager (1844) at void com.android.server.am.ActivityStackSupervisor$ActivityStackSupervisorHandler.activityIdleInternal(com.android.server.am.ActivityRecord)(ActivityStackSupervisor.java:3867) waiters=1 in void com.android.server.am.ActivityManagerService$3.handleMessage(android.os.Message) for 779ms
