06-09 10:33:11.823 W/art     ( 1904): Long monitor contention with owner main (1904) at void com.android.server.pm.UserManagerService$MainHandler.handleMessage(android.os.Message)(UserManagerService.java:3290) waiters=0 in int com.android.server.pm.PackageManagerService.checkUidPermission(java.lang.String, int) for 195ms
06-09 10:33:11.828 D/LauncherProvider( 2654): Launcher process started
06-09 10:33:12.054 I/InputAttributes( 2139): InputType.TYPE_NULL is specified
06-09 10:33:12.223 W/ActivityManager( 1904): Slow operation: 158ms so far, now at startProcess: returned from zygote!
06-09 10:33:12.224 W/ActivityManager( 1904): Slow operation: 159ms so far, now at startProcess: done updating battery stats
06-09 10:33:12.224 W/ActivityManager( 1904): Slow operation: 159ms so far, now at startProcess: building log message
06-09 10:33:12.224 I/ActivityManager( 1904): Start proc 2692:com.android.keychain/1000 for service com.android.keychain/.KeyChainService
06-09 10:33:12.224 W/ActivityManager( 1904): Slow operation: 160ms so far, now at startProcess: starting to update pids map
06-09 10:33:12.225 W/ActivityManager( 1904): Slow operation: 160ms so far, now at startProcess: done updating pids map
06-09 10:33:12.225 W/ActivityManager( 1904): Slow operation: 160ms so far, now at startProcess: done starting proc!
06-09 10:33:12.230 W/art     ( 1904): Long monitor contention with owner AsyncTask #5 (2636) at int com.android.server.am.ActivityManagerService.bindService(android.app.IApplicationThread, android.os.IBinder, android.content.Intent, java.lang.String, android.app.IServiceConnection, int, java.lang.String, int)(ActivityManagerService.java:17301) waiters=0 in int com.android.server.am.ActivityManagerService.getMemoryTrimLevel() for 296ms
06-09 10:33:12.250 W/art     ( 1904): Long monitor contention with owner AsyncTask #5 (2636) at int com.android.server.am.ActivityManagerService.bindService(android.app.IApplicationThread, android.os.IBinder, android.content.Intent, java.lang.String, android.app.IServiceConnection, int, java.lang.String, int)(ActivityManagerService.java:17301) waiters=2 in void com.android.server.am.ActivityManagerService.publishContentProviders(android.app.IApplicationThread, java.util.List) for 200ms
06-09 10:33:12.251 W/art     ( 1904): Long monitor contention with owner AsyncTask #5 (2636) at int com.android.server.am.ActivityManagerService.bindService(android.app.IApplicationThread, android.os.IBinder, android.content.Intent, java.lang.String, android.app.IServiceConnection, int, java.lang.String, int)(ActivityManagerService.java:17301) waiters=3 in android.content.Intent com.android.server.am.ActivityManagerService.registerReceiver(android.app.IApplicationThread, java.lang.String, android.content.IIntentReceiver, android.content.IntentFilter, java.lang.String, int) for 111ms
06-09 10:33:12.292 W/art     ( 2692): Unexpected CPU variant for X86 using defaults: x86_64
06-09 10:33:12.604 W/art     ( 1904): Long monitor contention with owner android.display (1960) at void com.android.server.wm.WindowAnimator$1.doFrame(long)(WindowAnimator.java:144) waiters=0 in float com.android.server.wm.WindowManagerService.getCurrentAnimatorScale() for 185ms
06-09 10:33:12.802 W/System  ( 2692): ClassLoader referenced unknown path: /system/app/KeyChain/lib/x86_64
06-09 10:33:12.883 W/art     ( 1904): Long monitor contention with owner android.display (1960) at void com.android.server.wm.WindowAnimator$1.doFrame(long)(WindowAnimator.java:144) waiters=1 in float com.android.server.wm.WindowManagerService.getCurrentAnimatorScale() for 206ms
06-09 10:33:13.055 I/AlarmClock( 2639): AlarmInitReceiver android.intent.action.TIME_SET
06-09 10:33:13.093 W/art     ( 1904): Long monitor contention with owner android.display (1960) at void com.android.server.wm.WindowAnimator$1.doFrame(long)(WindowAnimator.java:144) waiters=1 in float com.android.server.wm.WindowManagerService.getCurrentAnimatorScale() for 209ms
06-09 10:33:13.509 W/art     ( 1904): Long monitor contention with owner android.display (1960) at void com.android.server.wm.WindowAnimator$1.doFrame(long)(WindowAnimator.java:144) waiters=1 in float com.android.server.wm.WindowManagerService.getCurrentAnimatorScale() for 520ms
06-09 10:33:13.629 W/art     ( 1904): Long monitor contention with owner android.display (1960) at void com.android.server.wm.WindowAnimator$1.doFrame(long)(WindowAnimator.java:144) waiters=1 in float com.android.server.wm.WindowManagerService.getCurrentAnimatorScale() for 535ms
06-09 10:33:13.663 W/art     ( 1904): Long monitor contention with owner android.display (1960) at void com.android.server.wm.WindowAnimator$1.doFrame(long)(WindowAnimator.java:144) waiters=1 in float com.android.server.wm.WindowManagerService.getCurrentAnimatorScale() for 113ms
06-09 10:33:13.894 W/art     ( 1904): Long monitor contention with owner android.display (1960) at void com.android.server.wm.WindowAnimator$1.doFrame(long)(WindowAnimator.java:144) waiters=1 in float com.android.server.wm.WindowManagerService.getCurrentAnimatorScale() for 264ms
06-09 10:33:14.206 V/Launcher( 2654): LauncherAppState inited
06-09 10:33:14.548 W/art     ( 1904): Long monitor contention with owner Binder:1904_4 (2174) at int com.android.server.wm.WindowManagerService.addWindow(com.android.server.wm.Session, android.view.IWindow, int, android.view.WindowManager$LayoutParams, int, int, android.graphics.Rect, android.graphics.Rect, android.graphics.Rect, android.view.InputChannel)(WindowManagerService.java:1887) waiters=0 in void com.android.server.wm.WindowAnimator$1.doFrame(long) for 203ms
06-09 10:33:14.833 I/LatinIME( 2139): Timeout waiting for dictionary load
06-09 10:33:14.867 W/art     ( 1904): Long monitor contention with owner Binder:1904_6 (2359) at void com.android.server.am.ActivityManagerService.publishService(android.os.IBinder, android.content.Intent, android.os.IBinder)(ActivityManagerService.java:17319) waiters=0 in void com.android.server.am.ActivityStack$ActivityStackHandler.handleMessage(android.os.Message) for 414ms
06-09 10:33:15.346 D/StorageNotification( 2553): Notifying about private volume: VolumeInfo{private}:
06-09 10:33:15.346 D/StorageNotification( 2553):     type=PRIVATE diskId=null partGuid=null mountFlags=0 mountUserId=-1 
06-09 10:33:15.346 D/StorageNotification( 2553):     state=MOUNTED 
06-09 10:33:15.346 D/StorageNotification( 2553):     fsType=null fsUuid=null fsLabel=null 
06-09 10:33:15.346 D/StorageNotification( 2553):     path=/data internalPath=null 
06-09 10:33:15.366 D/StorageNotification( 2553): Notifying about public volume: VolumeInfo{public:253,48}:
06-09 10:33:15.366 D/StorageNotification( 2553):     type=PUBLIC diskId=disk:253,48 partGuid=null mountFlags=VISIBLE 
06-09 10:33:15.366 D/StorageNotification( 2553):     mountUserId=0 state=MOUNTED 
06-09 10:33:15.366 D/StorageNotification( 2553):     fsType=vfat fsUuid=1EFF-1C1B fsLabel=SDCARD 
06-09 10:33:15.366 D/StorageNotification( 2553):     path=/storage/1EFF-1C1B internalPath=/mnt/media_rw/1EFF-1C1B 
06-09 10:33:15.458 W/art     ( 1904): Long monitor contention with owner android.display (1960) at void com.android.server.wm.WindowManagerService$H.handleMessage(android.os.Message)(WindowManagerService.java:8549) waiters=0 in int com.android.server.wm.WindowManagerService.relayoutWindow(com.android.server.wm.Session, android.view.IWindow, int, android.view.WindowManager$LayoutParams, int, int, int, int, android.graphics.Rect, android.graphics.Rect, android.graphics.Rect, android.graphics.Rect, android.graphics.Rect, android.graphics.Rect, android.graphics.Rect, android.content.res.Configuration, android.view.Surface) for 256ms
06-09 10:33:15.471 I/Choreographer( 1904): Skipped 31 frames!  The application may be doing too much work on its main thread.
06-09 10:33:16.544 V/KeyguardServiceDelegate( 1904): *** Keyguard connected (yay!)
06-09 10:33:16.841 D/LockSettings( 1904): Removing dead StrongAuthTracker.
06-09 10:33:17.969 W/ActivityManager( 1904): Launch timeout has expired, giving up wake lock!
06-09 10:33:18.687 I/Choreographer( 2553): Skipped 260 frames!  The application may be doing too much work on its main thread.
06-09 10:33:19.095 W/art     ( 1904): Long monitor contention with owner Binder:1904_6 (2359) at int com.android.server.wm.WindowManagerService.relayoutWindow(com.android.server.wm.Session, android.view.IWindow, int, android.view.WindowManager$LayoutParams, int, int, int, int, android.graphics.Rect, android.graphics.Rect, android.graphics.Rect, android.graphics.Rect, android.graphics.Rect, android.graphics.Rect, android.graphics.Rect, android.content.res.Configuration, android.view.Surface)(WindowManagerService.java:2857) waiters=0 in void com.android.server.wm.WindowManagerService$H.handleMessage(android.os.Message) for 131ms
06-09 10:33:19.477 W/art     ( 1904): Long monitor contention with owner Binder:1904_6 (2359) at int com.android.server.wm.WindowManagerService.relayoutWindow(com.android.server.wm.Session, android.view.IWindow, int, android.view.WindowManager$LayoutParams, int, int, int, int, android.graphics.Rect, android.graphics.Rect, android.graphics.Rect, android.graphics.Rect, android.graphics.Rect, android.graphics.Rect, android.graphics.Rect, android.content.res.Configuration, android.view.Surface)(WindowManagerService.java:2857) waiters=1 in float com.android.server.wm.WindowManagerService.getCurrentAnimatorScale() for 468ms
06-09 10:33:19.479 W/art     ( 1904): Long monitor contention with owner Binder:1904_7 (2552) at void com.android.server.wm.WindowManagerService.setInsetsWindow(com.android.server.wm.Session, android.view.IWindow, int, android.graphics.Rect, android.graphics.Rect, android.graphics.Region)(WindowManagerService.java:2719) waiters=1 in void com.android.server.wm.WindowManagerService$H.handleMessage(android.os.Message) for 383ms
06-09 10:33:19.935 V/GridSizeMigrationTask( 2654): Workspace migration completed in 580
06-09 10:33:19.937 D/Launcher.Model( 2654): loadWorkspace: loading default favorites
06-09 10:33:19.959 I/Choreographer( 2654): Skipped 67 frames!  The application may be doing too much work on its main thread.
06-09 10:33:20.200 W/art     ( 2553): Long monitor contention with owner AsyncTask #1 (2719) at long android.content.res.AssetManager.openNonAssetNative(int, java.lang.String, int)(AssetManager.java:-2) waiters=0 in java.lang.CharSequence android.content.res.AssetManager.getResourceText(int) for 604ms
06-09 10:33:20.301 I/StatusBarManagerService( 1904): registerStatusBar bar=com.android.internal.statusbar.IStatusBar$Stub$Proxy@f5e4624
06-09 10:33:20.586 I/Choreographer( 2654): Skipped 34 frames!  The application may be doing too much work on its main thread.
06-09 10:33:20.777 D/gralloc_ranchu( 2654): Emulator without host-side GPU emulation detected. Loading gralloc.default.so from /vendor/lib64/hw/gralloc.goldfish.default.so...
06-09 10:33:20.781 D/gralloc_ranchu( 2654): gralloc.default.so not found in /vendor. Trying /system/lib64/hw/gralloc.goldfish.default.so...
06-09 10:33:21.318 W/art     ( 1904): Long monitor contention with owner Binder:1904_7 (2552) at void com.android.server.wm.WindowManagerService.removeWindow(com.android.server.wm.Session, android.view.IWindow)(WindowManagerService.java:2392) waiters=0 in void com.android.server.wm.WindowManagerService$H.handleMessage(android.os.Message) for 213ms
06-09 10:33:21.323 I/Choreographer( 2654): Skipped 36 frames!  The application may be doing too much work on its main thread.
06-09 10:33:22.290 W/art     ( 1904): Long monitor contention with owner android.display (1960) at void com.android.server.wm.WindowManagerService$H.handleMessage(android.os.Message)(WindowManagerService.java:8368) waiters=1 in void com.android.server.wm.WindowManagerService.finishDrawingWindow(com.android.server.wm.Session, android.view.IWindow) for 535ms
06-09 10:33:22.292 I/Choreographer( 2654): Skipped 55 frames!  The application may be doing too much work on its main thread.
06-09 10:33:22.313 W/art     ( 1904): Long monitor contention with owner android.display (1960) at void com.android.server.wm.WindowManagerService$H.handleMessage(android.os.Message)(WindowManagerService.java:8368) waiters=0 in void com.android.server.wm.WindowManagerService.notifyAppRelaunchesCleared(android.os.IBinder) for 908ms
06-09 10:33:22.321 W/art     ( 1904): Long monitor contention with owner Binder:1904_6 (2359) at void com.android.server.am.ActivityManagerService.activityDestroyed(android.os.IBinder)(ActivityManagerService.java:6952) waiters=0 in int com.android.server.am.ActivityManagerService.broadcastIntent(android.app.IApplicationThread, android.content.Intent, java.lang.String, android.content.IIntentReceiver, int, java.lang.String, android.os.Bundle, java.lang.String[], int, android.os.Bundle, boolean, boolean, int) for 869ms
06-09 10:33:22.334 W/art     ( 1904): Long monitor contention with owner Binder:1904_6 (2359) at void com.android.server.am.ActivityManagerService.activityDestroyed(android.os.IBinder)(ActivityManagerService.java:6952) waiters=1 in java.lang.String com.android.server.am.ActivityManagerService.checkContentProviderAccess(java.lang.String, int) for 478ms
06-09 10:33:22.354 I/Choreographer( 1904): Skipped 58 frames!  The application may be doing too much work on its main thread.
06-09 10:33:22.390 I/ActivityManager( 1904): Displayed com.android.launcher3/.Launcher: +14s255ms
06-09 10:33:23.072 I/art     ( 2553): Background sticky concurrent mark sweep GC freed 14209(1767KB) AllocSpace objects, 2(40KB) LOS objects, 0% free, 11MB/11MB, paused 2.192ms total 962.150ms
06-09 10:33:23.482 W/art     ( 2553): Suspending all threads took: 6.957ms
06-09 10:33:23.695 I/art     ( 2553): Background partial concurrent mark sweep GC freed 3071(189KB) AllocSpace objects, 0(0B) LOS objects, 26% free, 11MB/15MB, paused 14.721ms total 561.602ms
06-09 10:33:24.040 I/art     ( 2639): Waiting for a blocking GC DisableMovingGc
06-09 10:33:24.389 I/art     ( 2639): WaitForGcToComplete blocked for 348.643ms for cause DisableMovingGc
06-09 10:33:24.414 I/art     ( 2639): Starting a blocking GC DisableMovingGc
06-09 10:33:25.039 I/Choreographer( 2654): Skipped 39 frames!  The application may be doing too much work on its main thread.
06-09 10:33:25.860 I/Choreographer( 2654): Skipped 32 frames!  The application may be doing too much work on its main thread.
06-09 10:33:27.252 W/ifconfig( 2741): type=1400 audit(0.0:13): avc: denied { ioctl } for path="socket:[14734]" dev="sockfs" ino=14734 ioctlcmd=8927 scontext=u:r:shell:s0 tcontext=u:r:shell:s0 tclass=udp_socket permissive=0
06-09 10:33:27.312 W/ifconfig( 2741): type=1400 audit(0.0:14): avc: denied { ioctl } for path="socket:[14734]" dev="sockfs" ino=14734 ioctlcmd=891d scontext=u:r:shell:s0 tcontext=u:r:shell:s0 tclass=udp_socket permissive=0
06-09 10:33:27.312 W/ifconfig( 2741): type=1400 audit(0.0:15): avc: denied { ioctl } for path="socket:[14734]" dev="sockfs" ino=14734 ioctlcmd=8970 scontext=u:r:shell:s0 tcontext=u:r:shell:s0 tclass=udp_socket permissive=0
06-09 10:33:27.385 I/BackupManagerService( 1904): Found stale backup journal, scheduling
06-09 10:33:27.925 I/art     ( 2654): Background sticky concurrent mark sweep GC freed 19804(1927KB) AllocSpace objects, 8(188KB) LOS objects, 23% free, 7MB/10MB, paused 942us total 185.063ms
06-09 10:33:28.846 W/System  ( 2553): ClassLoader referenced unknown path: 
06-09 10:33:28.847 W/System  ( 2553): ClassLoader referenced unknown path: /system/priv-app/Dialer/lib/x86_64
06-09 10:33:28.862 D/ApplicationLoaders( 2553): ignored Vulkan layer search path /system/priv-app/Dialer/lib/x86_64:/system/lib64:/vendor/lib64 for namespace 0x70a3d8d670f0
06-09 10:33:28.894 I/AlarmClock( 2639): AlarmInitReceiver android.intent.action.LOCKED_BOOT_COMPLETED
06-09 10:33:28.903 D/WIFI    ( 1904): Registering NetworkFactory
06-09 10:33:28.905 D/ConnectivityService( 1904): Got NetworkFactory Messenger for WIFI
06-09 10:33:28.906 D/WIFI_UT ( 1904): Registering NetworkFactory
06-09 10:33:28.907 D/ConnectivityService( 1904): Got NetworkFactory Messenger for WIFI_UT
06-09 10:33:28.910 D/WIFI    ( 1904): got request NetworkRequest [ REQUEST id=1, [ Capabilities: INTERNET&NOT_RESTRICTED&TRUSTED&NOT_VPN] ] with score 0
06-09 10:33:28.911 D/WIFI_UT ( 1904): got request NetworkRequest [ REQUEST id=1, [ Capabilities: INTERNET&NOT_RESTRICTED&TRUSTED&NOT_VPN] ] with score 0
06-09 10:33:28.983 V/AlarmClock( 2639): AlarmInitReceiver finished
06-09 10:33:29.107 D/AlarmClock/Events( 2639): [Stopwatch] [Reset] [Reboot]
06-09 10:33:29.212 V/AlarmClock( 2639): AlarmInitReceiver finished
06-09 10:33:29.296 W/ActivityManager( 1904): Slow operation: 110ms so far, now at startProcess: returned from zygote!
06-09 10:33:29.297 W/ActivityManager( 1904): Slow operation: 115ms so far, now at startProcess: done updating battery stats
06-09 10:33:29.298 W/ActivityManager( 1904): Slow operation: 116ms so far, now at startProcess: building log message
06-09 10:33:29.298 I/ActivityManager( 1904): Start proc 2752:android.process.media/u0a10 for broadcast com.android.providers.downloads/.DownloadReceiver
06-09 10:33:29.298 W/ActivityManager( 1904): Slow operation: 116ms so far, now at startProcess: starting to update pids map
06-09 10:33:29.298 W/ActivityManager( 1904): Slow operation: 116ms so far, now at startProcess: done updating pids map
06-09 10:33:29.299 W/ActivityManager( 1904): Slow operation: 119ms so far, now at startProcess: done starting proc!
06-09 10:33:29.344 W/art     ( 2752): Unexpected CPU variant for X86 using defaults: x86_64
06-09 10:33:29.588 E/BluetoothAdapter( 2553): Bluetooth binder is null
06-09 10:33:29.756 I/CameraManagerGlobal( 2553): Connecting to camera service
06-09 10:33:29.816 V/EmulatedCamera_Camera( 1327): getCameraInfo
06-09 10:33:29.818 V/EmulatedCamera_BaseCamera( 1327): getCameraInfo
06-09 10:33:29.818 I/CameraService( 1327): getCameraCharacteristics: Switching to HAL1 shim implementation...
06-09 10:33:29.819 V/EmulatedCamera_Camera( 1327): getCameraInfo
06-09 10:33:29.819 V/EmulatedCamera_BaseCamera( 1327): getCameraInfo
06-09 10:33:29.838 V/EmulatedCamera_Camera( 1327): getCameraInfo
06-09 10:33:29.838 V/EmulatedCamera_BaseCamera( 1327): getCameraInfo
06-09 10:33:29.857 E/NetdConnector( 1904): NDC Command {18 bandwidth addniceapps 10010} took too long (556ms)
06-09 10:33:29.884 V/EmulatedCamera_Camera( 1327): getCameraInfo
06-09 10:33:29.884 V/EmulatedCamera_BaseCamera( 1327): getCameraInfo
06-09 10:33:29.953 W/art     ( 1904): Long monitor contention with owner android.ui (1946) at void com.android.server.net.NetworkPolicyManagerService$1.onUidStateChanged(int, int)(NetworkPolicyManagerService.java:686) waiters=0 in void com.android.server.net.NetworkPolicyManagerService$AppIdleStateChangeListener.onParoleStateChanged(boolean) for 420ms
06-09 10:33:30.056 I/StatusBar( 2553): isKeyguardShowing() called before startKeyguard(), returning true
06-09 10:33:30.058 W/StatusBar( 2553): isKeyguardSecure() called before startKeyguard(), returning false
06-09 10:33:30.058 W/StatusBar( 2553): java.lang.Throwable
06-09 10:33:30.058 W/StatusBar( 2553): 	at com.android.systemui.statusbar.BaseStatusBar.isKeyguardSecure(BaseStatusBar.java:2647)
06-09 10:33:30.058 W/StatusBar( 2553): 	at com.android.systemui.statusbar.BaseStatusBar.isCameraAllowedByAdmin(BaseStatusBar.java:2670)
06-09 10:33:30.058 W/StatusBar( 2553): 	at com.android.systemui.statusbar.phone.KeyguardBottomAreaView.updateCameraVisibility(KeyguardBottomAreaView.java:309)
06-09 10:33:30.058 W/StatusBar( 2553): 	at com.android.systemui.statusbar.phone.KeyguardBottomAreaView.setPhoneStatusBar(KeyguardBottomAreaView.java:272)
06-09 10:33:30.058 W/StatusBar( 2553): 	at com.android.systemui.statusbar.phone.PhoneStatusBar.makeStatusBarView(PhoneStatusBar.java:904)
06-09 10:33:30.058 W/StatusBar( 2553): 	at com.android.systemui.statusbar.phone.PhoneStatusBar.addStatusBarWindow(PhoneStatusBar.java:3432)
06-09 10:33:30.058 W/StatusBar( 2553): 	at com.android.systemui.statusbar.phone.PhoneStatusBar.createAndAddWindows(PhoneStatusBar.java:3428)
06-09 10:33:30.058 W/StatusBar( 2553): 	at com.android.systemui.statusbar.BaseStatusBar.start(BaseStatusBar.java:765)
06-09 10:33:30.058 W/StatusBar( 2553): 	at com.android.systemui.statusbar.phone.PhoneStatusBar.start(PhoneStatusBar.java:686)
06-09 10:33:30.058 W/StatusBar( 2553): 	at com.android.systemui.statusbar.SystemBars.createStatusBarFromConfig(SystemBars.java:106)
06-09 10:33:30.058 W/StatusBar( 2553): 	at com.android.systemui.statusbar.SystemBars.onNoService(SystemBars.java:58)
06-09 10:33:30.058 W/StatusBar( 2553): 	at com.android.systemui.statusbar.ServiceMonitor.startService(ServiceMonitor.java:230)
06-09 10:33:30.058 W/StatusBar( 2553): 	at com.android.systemui.statusbar.ServiceMonitor.-wrap5(ServiceMonitor.java)
06-09 10:33:30.058 W/StatusBar( 2553): 	at com.android.systemui.statusbar.ServiceMonitor$1.handleMessage(ServiceMonitor.java:73)
06-09 10:33:30.058 W/StatusBar( 2553): 	at android.os.Handler.dispatchMessage(Handler.java:102)
06-09 10:33:30.058 W/StatusBar( 2553): 	at android.os.Looper.loop(Looper.java:154)
06-09 10:33:30.058 W/StatusBar( 2553): 	at android.app.ActivityThread.main(ActivityThread.java:6119)
06-09 10:33:30.058 W/StatusBar( 2553): 	at java.lang.reflect.Method.invoke(Native Method)
06-09 10:33:30.058 W/StatusBar( 2553): 	at com.android.internal.os.ZygoteInit$MethodAndArgsCaller.run(ZygoteInit.java:886)
06-09 10:33:30.058 W/StatusBar( 2553): 	at com.android.internal.os.ZygoteInit.main(ZygoteInit.java:776)
06-09 10:33:30.090 I/StatusBar( 2553): isKeyguardShowing() called before startKeyguard(), returning true
06-09 10:33:30.092 W/StatusBar( 2553): isKeyguardSecure() called before startKeyguard(), returning false
06-09 10:33:30.092 W/StatusBar( 2553): java.lang.Throwable
06-09 10:33:30.092 W/StatusBar( 2553): 	at com.android.systemui.statusbar.BaseStatusBar.isKeyguardSecure(BaseStatusBar.java:2647)
06-09 10:33:30.092 W/StatusBar( 2553): 	at com.android.systemui.statusbar.BaseStatusBar.isCameraAllowedByAdmin(BaseStatusBar.java:2670)
06-09 10:33:30.092 W/StatusBar( 2553): 	at com.android.systemui.statusbar.phone.KeyguardBottomAreaView.updateCameraVisibility(KeyguardBottomAreaView.java:309)
06-09 10:33:30.092 W/StatusBar( 2553): 	at com.android.systemui.statusbar.phone.KeyguardBottomAreaView.setUserSetupComplete(KeyguardBottomAreaView.java:281)
06-09 10:33:30.092 W/StatusBar( 2553): 	at com.android.systemui.statusbar.phone.PhoneStatusBar.makeStatusBarView(PhoneStatusBar.java:905)
06-09 10:33:30.092 W/StatusBar( 2553): 	at com.android.systemui.statusbar.phone.PhoneStatusBar.addStatusBarWindow(PhoneStatusBar.java:3432)
06-09 10:33:30.092 W/StatusBar( 2553): 	at com.android.systemui.statusbar.phone.PhoneStatusBar.createAndAddWindows(PhoneStatusBar.java:3428)
06-09 10:33:30.092 W/StatusBar( 2553): 	at com.android.systemui.statusbar.BaseStatusBar.start(BaseStatusBar.java:765)
06-09 10:33:30.092 W/StatusBar( 2553): 	at com.android.systemui.statusbar.phone.PhoneStatusBar.start(PhoneStatusBar.java:686)
06-09 10:33:30.092 W/StatusBar( 2553): 	at com.android.systemui.statusbar.SystemBars.createStatusBarFromConfig(SystemBars.java:106)
06-09 10:33:30.092 W/StatusBar( 2553): 	at com.android.systemui.statusbar.SystemBars.onNoService(SystemBars.java:58)
06-09 10:33:30.092 W/StatusBar( 2553): 	at com.android.systemui.statusbar.ServiceMonitor.startService(ServiceMonitor.java:230)
06-09 10:33:30.092 W/StatusBar( 2553): 	at com.android.systemui.statusbar.ServiceMonitor.-wrap5(ServiceMonitor.java)
06-09 10:33:30.092 W/StatusBar( 2553): 	at com.android.systemui.statusbar.ServiceMonitor$1.handleMessage(ServiceMonitor.java:73)
06-09 10:33:30.092 W/StatusBar( 2553): 	at android.os.Handler.dispatchMessage(Handler.java:102)
06-09 10:33:30.092 W/StatusBar( 2553): 	at android.os.Looper.loop(Looper.java:154)
06-09 10:33:30.092 W/StatusBar( 2553): 	at android.app.ActivityThread.main(ActivityThread.java:6119)
06-09 10:33:30.092 W/StatusBar( 2553): 	at java.lang.reflect.Method.invoke(Native Method)
06-09 10:33:30.092 W/StatusBar( 2553): 	at com.android.internal.os.ZygoteInit$MethodAndArgsCaller.run(ZygoteInit.java:886)
06-09 10:33:30.092 W/StatusBar( 2553): 	at com.android.internal.os.ZygoteInit.main(ZygoteInit.java:776)
06-09 10:33:30.960 V/EmulatedCamera_Camera( 1327): getCameraInfo
06-09 10:33:30.962 V/EmulatedCamera_BaseCamera( 1327): getCameraInfo
06-09 10:33:30.977 E/NetdConnector( 1904): NDC Command {19 firewall disable_chain standby} took too long (1022ms)
06-09 10:33:31.024 V/EmulatedCamera_Camera( 1327): getCameraInfo
06-09 10:33:31.024 V/EmulatedCamera_BaseCamera( 1327): getCameraInfo
06-09 10:33:31.191 W/System  ( 2752): ClassLoader referenced unknown path: /system/priv-app/DownloadProvider/lib/x86_64
06-09 10:33:31.472 W/System  ( 2752): ClassLoader referenced unknown path: /system/priv-app/MediaProvider/lib/x86_64
06-09 10:33:31.535 D/ApplicationLoaders( 2752): ignored Vulkan layer search path /system/priv-app/MediaProvider/lib/x86_64:/system/priv-app/MediaProvider/MediaProvider.apk!/lib/x86_64:/system/lib64:/vendor/lib64 for namespace 0x70a3d8c040f0
06-09 10:33:31.687 I/StatusBar( 2553): isKeyguardShowing() called before startKeyguard(), returning true
06-09 10:33:31.697 W/StatusBar( 2553): isKeyguardSecure() called before startKeyguard(), returning false
06-09 10:33:31.697 W/StatusBar( 2553): java.lang.Throwable
06-09 10:33:31.697 W/StatusBar( 2553): 	at com.android.systemui.statusbar.BaseStatusBar.isKeyguardSecure(BaseStatusBar.java:2647)
06-09 10:33:31.697 W/StatusBar( 2553): 	at com.android.systemui.statusbar.BaseStatusBar.isCameraAllowedByAdmin(BaseStatusBar.java:2670)
06-09 10:33:31.697 W/StatusBar( 2553): 	at com.android.systemui.statusbar.phone.KeyguardBottomAreaView.updateCameraVisibility(KeyguardBottomAreaView.java:309)
06-09 10:33:31.697 W/StatusBar( 2553): 	at com.android.systemui.statusbar.phone.KeyguardBottomAreaView.setUserSetupComplete(KeyguardBottomAreaView.java:281)
06-09 10:33:31.697 W/StatusBar( 2553): 	at com.android.systemui.statusbar.phone.PhoneStatusBar$1.onChange(PhoneStatusBar.java:441)
06-09 10:33:31.697 W/StatusBar( 2553): 	at com.android.systemui.statusbar.phone.PhoneStatusBar.resetUserSetupObserver(PhoneStatusBar.java:3676)
06-09 10:33:31.697 W/StatusBar( 2553): 	at com.android.systemui.statusbar.phone.PhoneStatusBar.makeStatusBarView(PhoneStatusBar.java:1008)
06-09 10:33:31.697 W/StatusBar( 2553): 	at com.android.systemui.statusbar.phone.PhoneStatusBar.addStatusBarWindow(PhoneStatusBar.java:3432)
06-09 10:33:31.697 W/StatusBar( 2553): 	at com.android.systemui.statusbar.phone.PhoneStatusBar.createAndAddWindows(PhoneStatusBar.java:3428)
06-09 10:33:31.697 W/StatusBar( 2553): 	at com.android.systemui.statusbar.BaseStatusBar.start(BaseStatusBar.java:765)
06-09 10:33:31.697 W/StatusBar( 2553): 	at com.android.systemui.statusbar.phone.PhoneStatusBar.start(PhoneStatusBar.java:686)
06-09 10:33:31.697 W/StatusBar( 2553): 	at com.android.systemui.statusbar.SystemBars.createStatusBarFromConfig(SystemBars.java:106)
06-09 10:33:31.697 W/StatusBar( 2553): 	at com.android.systemui.statusbar.SystemBars.onNoService(SystemBars.java:58)
06-09 10:33:31.697 W/StatusBar( 2553): 	at com.android.systemui.statusbar.ServiceMonitor.startService(ServiceMonitor.java:230)
06-09 10:33:31.697 W/StatusBar( 2553): 	at com.android.systemui.statusbar.ServiceMonitor.-wrap5(ServiceMonitor.java)
06-09 10:33:31.697 W/StatusBar( 2553): 	at com.android.systemui.statusbar.ServiceMonitor$1.handleMessage(ServiceMonitor.java:73)
06-09 10:33:31.697 W/StatusBar( 2553): 	at android.os.Handler.dispatchMessage(Handler.java:102)
06-09 10:33:31.697 W/StatusBar( 2553): 	at android.os.Looper.loop(Looper.java:154)
06-09 10:33:31.697 W/StatusBar( 2553): 	at android.app.ActivityThread.main(ActivityThread.java:6119)
06-09 10:33:31.697 W/StatusBar( 2553): 	at java.lang.reflect.Method.invoke(Native Method)
06-09 10:33:31.697 W/StatusBar( 2553): 	at com.android.internal.os.ZygoteInit$MethodAndArgsCaller.run(ZygoteInit.java:886)
06-09 10:33:31.697 W/StatusBar( 2553): 	at com.android.internal.os.ZygoteInit.main(ZygoteInit.java:776)
06-09 10:33:31.769 E/SurfaceFlinger( 1321): ro.sf.lcd_density must be defined as a build property
06-09 10:33:31.796 D/OpenGLRenderer( 2553): profile bars disabled
06-09 10:33:31.804 D/OpenGLRenderer( 2553): ambientRatio = 1.50
06-09 10:33:31.931 D/PhoneStatusBar( 2553): disable: < EXPAND* icons alerts system_info BACK* HOME* RECENT* clock SEARCH* quick_settings >
06-09 10:33:32.339 W/art     ( 2776): Unexpected CPU variant for X86 using defaults: x86_64
06-09 10:33:32.349 W/ActivityManager( 1904): Slow operation: 250ms so far, now at startProcess: returned from zygote!
06-09 10:33:32.349 W/ActivityManager( 1904): Slow operation: 250ms so far, now at startProcess: done updating battery stats
06-09 10:33:32.350 W/ActivityManager( 1904): Slow operation: 252ms so far, now at startProcess: building log message
06-09 10:33:32.351 I/ActivityManager( 1904): Start proc 2776:android.process.acore/u0a1 for content provider com.android.providers.contacts/.ContactsProvider2
06-09 10:33:32.351 W/ActivityManager( 1904): Slow operation: 252ms so far, now at startProcess: starting to update pids map
06-09 10:33:32.351 W/ActivityManager( 1904): Slow operation: 252ms so far, now at startProcess: done updating pids map
06-09 10:33:32.351 W/ActivityManager( 1904): Slow operation: 255ms so far, now at startProcess: done starting proc!
06-09 10:33:32.352 W/ActivityManager( 1904): Slow operation: 270ms so far, now at getContentProviderImpl: after start process
06-09 10:33:32.352 W/ActivityManager( 1904): Slow operation: 270ms so far, now at getContentProviderImpl: updating data structures
06-09 10:33:32.377 W/ActivityManager( 1904): Slow operation: 295ms so far, now at getContentProviderImpl: done!
06-09 10:33:32.405 W/art     ( 1904): Long monitor contention with owner Binder:1904_7 (2552) at android.app.IActivityManager$ContentProviderHolder com.android.server.am.ActivityManagerService.getContentProviderImpl(android.app.IApplicationThread, java.lang.String, android.os.IBinder, boolean, int)(ActivityManagerService.java:10666) waiters=1 in int com.android.server.am.ActivityManagerService.getLockTaskModeState() for 273ms
06-09 10:33:32.791 W/System  ( 2776): ClassLoader referenced unknown path: /system/priv-app/ContactsProvider/lib/x86_64
06-09 10:33:32.896 D/PhoneStatusBar( 2553): heads up is enabled
06-09 10:33:33.552 V/KeyguardServiceDelegate( 1904): **** SHOWN CALLED ****
06-09 10:33:34.054 W/art     ( 1904): Long monitor contention with owner Binder:1904_1 (1922) at int com.android.server.wm.WindowManagerService.relayoutWindow(com.android.server.wm.Session, android.view.IWindow, int, android.view.WindowManager$LayoutParams, int, int, int, int, android.graphics.Rect, android.graphics.Rect, android.graphics.Rect, android.graphics.Rect, android.graphics.Rect, android.graphics.Rect, android.graphics.Rect, android.content.res.Configuration, android.view.Surface)(WindowManagerService.java:2857) waiters=0 in void com.android.server.wm.WindowManagerService$H.handleMessage(android.os.Message) for 633ms
06-09 10:33:34.056 I/Choreographer( 1904): Skipped 39 frames!  The application may be doing too much work on its main thread.
06-09 10:33:34.064 W/art     ( 1904): Long monitor contention with owner Binder:1904_1 (1922) at int com.android.server.wm.WindowManagerService.relayoutWindow(com.android.server.wm.Session, android.view.IWindow, int, android.view.WindowManager$LayoutParams, int, int, int, int, android.graphics.Rect, android.graphics.Rect, android.graphics.Rect, android.graphics.Rect, android.graphics.Rect, android.graphics.Rect, android.graphics.Rect, android.content.res.Configuration, android.view.Surface)(WindowManagerService.java:2857) waiters=1 in int com.android.server.wm.WindowManagerService.relayoutWindow(com.android.server.wm.Session, android.view.IWindow, int, android.view.WindowManager$LayoutParams, int, int, int, int, android.graphics.Rect, android.graphics.Rect, android.graphics.Rect, android.graphics.Rect, android.graphics.Rect, android.graphics.Rect, android.graphics.Rect, android.content.res.Configuration, android.view.Surface) for 635ms
06-09 10:33:34.067 W/art     ( 1904): Long monitor contention with owner Binder:1904_1 (1922) at int com.android.server.wm.WindowManagerService.relayoutWindow(com.android.server.wm.Session, android.view.IWindow, int, android.view.WindowManager$LayoutParams, int, int, int, int, android.graphics.Rect, android.graphics.Rect, android.graphics.Rect, android.graphics.Rect, android.graphics.Rect, android.graphics.Rect, android.graphics.Rect, android.content.res.Configuration, android.view.Surface)(WindowManagerService.java:2857) waiters=2 in int com.android.server.wm.WindowManagerService.relayoutWindow(com.android.server.wm.Session, android.view.IWindow, int, android.view.WindowManager$LayoutParams, int, int, int, int, android.graphics.Rect, android.graphics.Rect, android.graphics.Rect, android.graphics.Rect, android.graphics.Rect, android.graphics.Rect, android.graphics.Rect, android.content.res.Configuration, android.view.Surface) for 499ms
06-09 10:33:34.484 I/ContactsPerf( 2776): VoicemailContentProvider.onCreate start
06-09 10:33:34.540 I/ContactsPerf( 2776): VoicemailContentProvider.onCreate finish
06-09 10:33:34.585 W/System  ( 2776): ClassLoader referenced unknown path: /system/priv-app/BlockedNumberProvider/lib/x86_64
06-09 10:33:34.590 D/ApplicationLoaders( 2776): ignored Vulkan layer search path /system/priv-app/BlockedNumberProvider/lib/x86_64:/system/lib64:/vendor/lib64 for namespace 0x70a3d8b070f0
06-09 10:33:34.959 I/art     ( 1904): Background partial concurrent mark sweep GC freed 27000(2MB) AllocSpace objects, 16(652KB) LOS objects, 29% free, 9MB/13MB, paused 13.932ms total 1.302s
06-09 10:33:34.982 W/System  ( 2776): ClassLoader referenced unknown path: /system/app/UserDictionaryProvider/lib/x86_64
06-09 10:33:34.996 D/ApplicationLoaders( 2776): ignored Vulkan layer search path /system/app/UserDictionaryProvider/lib/x86_64:/system/lib64:/vendor/lib64 for namespace 0x70a3d8b07160
06-09 10:33:35.049 W/art     ( 1904): Long monitor contention with owner Binder:1904_6 (2359) at int com.android.server.wm.WindowManagerService.relayoutWindow(com.android.server.wm.Session, android.view.IWindow, int, android.view.WindowManager$LayoutParams, int, int, int, int, android.graphics.Rect, android.graphics.Rect, android.graphics.Rect, android.graphics.Rect, android.graphics.Rect, android.graphics.Rect, android.graphics.Rect, android.content.res.Configuration, android.view.Surface)(WindowManagerService.java:2857) waiters=1 in void com.android.server.wm.WindowManagerService$H.handleMessage(android.os.Message) for 978ms
06-09 10:33:35.064 I/Choreographer( 1904): Skipped 59 frames!  The application may be doing too much work on its main thread.
06-09 10:33:35.066 W/art     ( 1904): Long monitor contention with owner android.ui (1946) at int com.android.server.wm.WindowManagerService.relayoutWindow(com.android.server.wm.Session, android.view.IWindow, int, android.view.WindowManager$LayoutParams, int, int, int, int, android.graphics.Rect, android.graphics.Rect, android.graphics.Rect, android.graphics.Rect, android.graphics.Rect, android.graphics.Rect, android.graphics.Rect, android.content.res.Configuration, android.view.Surface)(WindowManagerService.java:2857) waiters=1 in void com.android.server.wm.WindowManagerService.finishDrawingWindow(com.android.server.wm.Session, android.view.IWindow) for 864ms
06-09 10:33:35.270 W/KeyguardUpdateMonitor( 2553): invalid subId in handleSimStateChange()
06-09 10:33:35.490 W/KeyguardUpdateMonitor( 2553): invalid subId in handleSimStateChange()
06-09 10:33:35.509 I/Choreographer( 2553): Skipped 392 frames!  The application may be doing too much work on its main thread.
06-09 10:33:35.594 D/ViewRootImpl[StatusBar]( 2553): changeCanvasOpacity: opaque=true
06-09 10:33:36.309 W/art     ( 1904): Long monitor contention with owner android.display (1960) at void com.android.server.wm.WindowManagerService$H.handleMessage(android.os.Message)(WindowManagerService.java:8368) waiters=0 in int com.android.server.wm.WindowManagerService.relayoutWindow(com.android.server.wm.Session, android.view.IWindow, int, android.view.WindowManager$LayoutParams, int, int, int, int, android.graphics.Rect, android.graphics.Rect, android.graphics.Rect, android.graphics.Rect, android.graphics.Rect, android.graphics.Rect, android.graphics.Rect, android.content.res.Configuration, android.view.Surface) for 861ms
06-09 10:33:36.404 W/art     ( 1904): Long monitor contention with owner android.display (1960) at void com.android.server.wm.WindowManagerService$H.handleMessage(android.os.Message)(WindowManagerService.java:8368) waiters=1 in void com.android.server.wm.WindowManagerService.getInitialDisplaySize(int, android.graphics.Point) for 665ms
06-09 10:33:36.890 W/art     ( 2553): Suspending all threads took: 7.979ms
06-09 10:33:37.195 I/art     ( 2553): Background sticky concurrent mark sweep GC freed 15904(1985KB) AllocSpace objects, 3(60KB) LOS objects, 14% free, 13MB/15MB, paused 77.368ms total 462.691ms
06-09 10:33:37.398 D/MediaScannerReceiver( 2752): action: android.intent.action.MEDIA_MOUNTED path: /storage/1EFF-1C1B
06-09 10:33:38.071 D/MediaScannerReceiver( 2752): action: android.intent.action.MEDIA_MOUNTED path: /storage/emulated/0
06-09 10:33:38.887 W/art     ( 1904): Long monitor contention with owner Binder:1904_5 (2186) at int com.android.server.wm.WindowManagerService.relayoutWindow(com.android.server.wm.Session, android.view.IWindow, int, android.view.WindowManager$LayoutParams, int, int, int, int, android.graphics.Rect, android.graphics.Rect, android.graphics.Rect, android.graphics.Rect, android.graphics.Rect, android.graphics.Rect, android.graphics.Rect, android.content.res.Configuration, android.view.Surface)(WindowManagerService.java:2857) waiters=0 in void com.android.server.wm.WindowManagerService.getInitialDisplaySize(int, android.graphics.Point) for 991ms
06-09 10:33:38.888 W/art     ( 1904): Long monitor contention with owner Binder:1904_5 (2186) at int com.android.server.wm.WindowManagerService.relayoutWindow(com.android.server.wm.Session, android.view.IWindow, int, android.view.WindowManager$LayoutParams, int, int, int, int, android.graphics.Rect, android.graphics.Rect, android.graphics.Rect, android.graphics.Rect, android.graphics.Rect, android.graphics.Rect, android.graphics.Rect, android.content.res.Configuration, android.view.Surface)(WindowManagerService.java:2857) waiters=1 in void com.android.server.wm.WindowManagerService$H.handleMessage(android.os.Message) for 831ms
06-09 10:33:39.578 W/art     ( 1904): Long monitor contention with owner Binder:1904_3 (2066) at int com.android.server.wm.WindowManagerService.relayoutWindow(com.android.server.wm.Session, android.view.IWindow, int, android.view.WindowManager$LayoutParams, int, int, int, int, android.graphics.Rect, android.graphics.Rect, android.graphics.Rect, android.graphics.Rect, android.graphics.Rect, android.graphics.Rect, android.graphics.Rect, android.content.res.Configuration, android.view.Surface)(WindowManagerService.java:2857) waiters=0 in void com.android.server.wm.WindowManagerService$H.handleMessage(android.os.Message) for 395ms
06-09 10:33:39.581 W/art     ( 1904): Long monitor contention with owner Binder:1904_3 (2066) at int com.android.server.wm.WindowManagerService.relayoutWindow(com.android.server.wm.Session, android.view.IWindow, int, android.view.WindowManager$LayoutParams, int, int, int, int, android.graphics.Rect, android.graphics.Rect, android.graphics.Rect, android.graphics.Rect, android.graphics.Rect, android.graphics.Rect, android.graphics.Rect, android.content.res.Configuration, android.view.Surface)(WindowManagerService.java:2857) waiters=1 in void com.android.server.wm.WindowManagerService.getInitialDisplaySize(int, android.graphics.Point) for 232ms
06-09 10:33:40.146 V/MediaScanner( 2752): pruneDeadThumbnailFiles... android.content.ContentProviderClient$CursorWrapperInner@388bcd5
06-09 10:33:40.229 D/WifiService( 1904): New client listening to asynchronous messages
06-09 10:33:40.246 V/MediaScanner( 2752): /pruneDeadThumbnailFiles... android.content.ContentProviderClient$CursorWrapperInner@388bcd5
06-09 10:33:40.785 D/gralloc_ranchu( 2553): Emulator without host-side GPU emulation detected. Loading gralloc.default.so from /vendor/lib64/hw/gralloc.goldfish.default.so...
06-09 10:33:40.797 D/gralloc_ranchu( 2553): gralloc.default.so not found in /vendor. Trying /system/lib64/hw/gralloc.goldfish.default.so...
06-09 10:33:40.984 E/Layer   ( 1321): [com.android.systemui.ImageWallpaper] rejecting buffer: bufWidth=1080, bufHeight=1920, front.active.{w=1, h=1}
06-09 10:33:41.504 W/art     ( 1904): Long monitor contention with owner Binder:1904_5 (2186) at int com.android.server.wm.WindowManagerService.relayoutWindow(com.android.server.wm.Session, android.view.IWindow, int, android.view.WindowManager$LayoutParams, int, int, int, int, android.graphics.Rect, android.graphics.Rect, android.graphics.Rect, android.graphics.Rect, android.graphics.Rect, android.graphics.Rect, android.graphics.Rect, android.content.res.Configuration, android.view.Surface)(WindowManagerService.java:2857) waiters=0 in void com.android.server.wm.WindowManagerService$H.handleMessage(android.os.Message) for 534ms
06-09 10:33:41.525 I/Choreographer( 2553): Skipped 360 frames!  The application may be doing too much work on its main thread.
06-09 10:33:41.881 I/art     ( 2553): Background sticky concurrent mark sweep GC freed 1952(86KB) AllocSpace objects, 3(60KB) LOS objects, 0% free, 18MB/18MB, paused 1.011ms total 194.708ms
06-09 10:33:42.340 W/art     ( 1904): Long monitor contention with owner android.display (1960) at void com.android.server.wm.WindowManagerService$H.handleMessage(android.os.Message)(WindowManagerService.java:8368) waiters=0 in void com.android.server.wm.WindowManagerService.finishDrawingWindow(com.android.server.wm.Session, android.view.IWindow) for 387ms
06-09 10:33:42.434 W/ActivityManager( 1904): Slow operation: 84ms so far, now at startProcess: returned from zygote!
06-09 10:33:42.435 W/ActivityManager( 1904): Slow operation: 97ms so far, now at startProcess: done updating battery stats
06-09 10:33:42.435 W/ActivityManager( 1904): Slow operation: 97ms so far, now at startProcess: building log message
06-09 10:33:42.435 I/ActivityManager( 1904): Start proc 2806:com.android.printspooler/u0a51 for service com.android.printspooler/.model.PrintSpoolerService
06-09 10:33:42.435 W/ActivityManager( 1904): Slow operation: 97ms so far, now at startProcess: starting to update pids map
06-09 10:33:42.435 W/ActivityManager( 1904): Slow operation: 97ms so far, now at startProcess: done updating pids map
06-09 10:33:42.435 W/ActivityManager( 1904): Slow operation: 99ms so far, now at startProcess: done starting proc!
06-09 10:33:42.445 W/art     ( 2806): Unexpected CPU variant for X86 using defaults: x86_64
06-09 10:33:42.450 W/art     ( 1904): Long monitor contention with owner android.bg (1944) at int com.android.server.am.ActivityManagerService.bindService(android.app.IApplicationThread, android.os.IBinder, android.content.Intent, java.lang.String, android.app.IServiceConnection, int, java.lang.String, int)(ActivityManagerService.java:17301) waiters=1 in void com.android.server.am.ActivityManagerService.dispatchUidsChanged() for 108ms
06-09 10:33:42.662 D/PhoneStatusBar( 2553): disable: < expand* icons alerts system_info back* home* recent* clock search* quick_settings >
06-09 10:33:42.843 I/art     ( 2553): Background partial concurrent mark sweep GC freed 3838(257KB) AllocSpace objects, 1(4MB) LOS objects, 23% free, 13MB/17MB, paused 1.314ms total 446.870ms
06-09 10:33:43.081 I/ContactLocale( 2776): AddressBook Labels [[en_US]]: [, A, B, C, D, E, F, G, H, I, J, K, L, M, N, O, P, Q, R, S, T, U, V, W, X, Y, Z, , , , , , , , , , , , , , , , , , , , , , , , , , , , , , , , , , , , , , , , , , , , , , , , , , , , , , , , , , , , , , , , , , , , , , , , , , , , , , , , , , , , , , , , , , , , , , , , , , , , , , , , , , , , , , , , , , , , , , , , , , , , , , , , , , , , , , , , , , , , , , , , , , , , , , , , , , , , , , , , , , , , , , , , , , , , , , , , , , , , , , , , , , , #, ]
06-09 10:33:43.567 W/art     ( 1904): Long monitor contention with owner Binder:1904_4 (2174) at int com.android.server.wm.WindowManagerService.relayoutWindow(com.android.server.wm.Session, android.view.IWindow, int, android.view.WindowManager$LayoutParams, int, int, int, int, android.graphics.Rect, android.graphics.Rect, android.graphics.Rect, android.graphics.Rect, android.graphics.Rect, android.graphics.Rect, android.graphics.Rect, android.content.res.Configuration, android.view.Surface)(WindowManagerService.java:2857) waiters=0 in void com.android.server.wm.WindowManagerService$H.handleMessage(android.os.Message) for 422ms
06-09 10:33:43.949 W/art     ( 1904): Long monitor contention with owner android.display (1960) at void com.android.server.wm.WindowManagerService$H.handleMessage(android.os.Message)(WindowManagerService.java:8368) waiters=0 in int com.android.server.wm.WindowManagerService.relayoutWindow(com.android.server.wm.Session, android.view.IWindow, int, android.view.WindowManager$LayoutParams, int, int, int, int, android.graphics.Rect, android.graphics.Rect, android.graphics.Rect, android.graphics.Rect, android.graphics.Rect, android.graphics.Rect, android.graphics.Rect, android.content.res.Configuration, android.view.Surface) for 308ms
06-09 10:33:44.524 V/MediaScanner( 2752): pruneDeadThumbnailFiles... android.content.ContentProviderClient$CursorWrapperInner@cd341cb
06-09 10:33:44.526 V/MediaScanner( 2752): /pruneDeadThumbnailFiles... android.content.ContentProviderClient$CursorWrapperInner@cd341cb
06-09 10:33:44.783 W/art     ( 1904): Long monitor contention with owner Binder:1904_6 (2359) at int com.android.server.wm.WindowManagerService.relayoutWindow(com.android.server.wm.Session, android.view.IWindow, int, android.view.WindowManager$LayoutParams, int, int, int, int, android.graphics.Rect, android.graphics.Rect, android.graphics.Rect, android.graphics.Rect, android.graphics.Rect, android.graphics.Rect, android.graphics.Rect, android.content.res.Configuration, android.view.Surface)(WindowManagerService.java:2857) waiters=0 in void com.android.server.wm.WindowManagerService$H.handleMessage(android.os.Message) for 435ms
06-09 10:33:44.794 I/Choreographer( 2553): Skipped 193 frames!  The application may be doing too much work on its main thread.
06-09 10:33:45.371 W/ActivityManager( 1904): Slow operation: 160ms so far, now at startProcess: returned from zygote!
06-09 10:33:45.371 W/ActivityManager( 1904): Slow operation: 160ms so far, now at startProcess: done updating battery stats
06-09 10:33:45.372 W/ActivityManager( 1904): Slow operation: 161ms so far, now at startProcess: building log message
06-09 10:33:45.372 I/ActivityManager( 1904): Start proc 2823:com.android.dialer/u0a8 for broadcast com.android.dialer/.calllog.CallLogReceiver
06-09 10:33:45.373 W/ActivityManager( 1904): Slow operation: 162ms so far, now at startProcess: starting to update pids map
06-09 10:33:45.374 W/ActivityManager( 1904): Slow operation: 163ms so far, now at startProcess: done updating pids map
06-09 10:33:45.374 W/ActivityManager( 1904): Slow operation: 164ms so far, now at startProcess: done starting proc!
06-09 10:33:45.384 W/art     ( 2823): Unexpected CPU variant for X86 using defaults: x86_64
06-09 10:33:45.616 I/RecoverySystem( 1904): No recovery log file
06-09 10:33:45.669 W/System  ( 2823): ClassLoader referenced unknown path: /system/priv-app/Dialer/lib/x86_64
06-09 10:33:46.109 I/BootReceiver( 1904): Copying audit failures to DropBox
06-09 10:33:46.109 I/BootReceiver( 1904): Checking for fsck errors
06-09 10:33:47.579 D/ExtensionsFactory( 2823): No custom extensions.
06-09 10:33:47.623 D/BlockedNumbersAuto( 2823): Not attempting auto-migrate: already checked once.
06-09 10:33:47.734 D/CarrierConfigLoader( 2375): mHandler: 13 phoneId: 0
06-09 10:33:47.735 D/CarrierConfigLoader( 2375): mHandler: 7 phoneId: 0
06-09 10:33:47.740 E/CarrierConfigLoader( 2375): Cannot restore config with null packageName or iccid.
06-09 10:33:47.740 D/CarrierConfigLoader( 2375): Binding to com.android.carrierconfig for phone 0
06-09 10:33:47.789 W/ActivityManager( 1904): Slow operation: 62ms so far, now at startProcess: returned from zygote!
06-09 10:33:47.790 W/ActivityManager( 1904): Slow operation: 63ms so far, now at startProcess: done updating battery stats
06-09 10:33:47.790 W/ActivityManager( 1904): Slow operation: 63ms so far, now at startProcess: building log message
06-09 10:33:47.790 I/ActivityManager( 1904): Start proc 2841:com.android.calendar/u0a26 for broadcast com.android.calendar/.alerts.AlertReceiver
06-09 10:33:47.791 W/ActivityManager( 1904): Slow operation: 64ms so far, now at startProcess: starting to update pids map
06-09 10:33:47.791 W/ActivityManager( 1904): Slow operation: 64ms so far, now at startProcess: done updating pids map
06-09 10:33:47.791 W/ActivityManager( 1904): Slow operation: 64ms so far, now at startProcess: done starting proc!
06-09 10:33:47.793 W/art     ( 2841): Unexpected CPU variant for X86 using defaults: x86_64
06-09 10:33:47.812 W/CountryDetector( 2823): No location permissions, not registering for location updates.
06-09 10:33:47.882 W/ActivityManager( 1904): Slow operation: 76ms so far, now at startProcess: returned from zygote!
06-09 10:33:47.905 W/ActivityManager( 1904): Slow operation: 77ms so far, now at startProcess: done updating battery stats
