06-09 11:20:04.392 W/ActivityManager( 2134): Slow operation: 234ms so far, now at startProcess: done updating pids map
06-09 11:20:04.396 W/art     ( 2134): Long monitor contention with owner Binder:2134_4 (2407) at void com.android.server.am.ActivityManagerService$AppDeathRecipient.binderDied()(ActivityManagerService.java:1475) waiters=1 in void com.android.server.am.ActivityManagerService.dispatchUidsChanged() for 239ms
06-09 11:20:04.442 W/art     ( 2134): Long monitor contention with owner Binder:2134_7 (2616) at void com.android.server.wm.WindowState$DeathRecipient.binderDied()(WindowState.java:1806) waiters=3 in void com.android.server.wm.WindowState$DeathRecipient.binderDied() for 575ms
06-09 11:20:04.444 W/WindowManager( 2134): Failed looking up window
06-09 11:20:04.444 W/WindowManager( 2134): java.lang.IllegalArgumentException: Requested window android.os.BinderProxy@3d71f20 does not exist
06-09 11:20:04.444 W/WindowManager( 2134): 	at com.android.server.wm.WindowManagerService.windowForClientLocked(WindowManagerService.java:9422)
06-09 11:20:04.444 W/WindowManager( 2134): 	at com.android.server.wm.WindowManagerService.windowForClientLocked(WindowManagerService.java:9413)
06-09 11:20:04.444 W/WindowManager( 2134): 	at com.android.server.wm.WindowState$DeathRecipient.binderDied(WindowState.java:1807)
06-09 11:20:04.444 W/WindowManager( 2134): 	at android.os.BinderProxy.sendDeathNotice(Binder.java:688)
06-09 11:20:04.444 I/WindowManager( 2134): WIN DEATH: null
06-09 11:20:04.445 W/art     ( 2134): Long monitor contention with owner Binder:2134_7 (2616) at void com.android.server.wm.WindowState$DeathRecipient.binderDied()(WindowState.java:1806) waiters=4 in void com.android.server.wm.Session.binderDied() for 571ms
06-09 11:20:04.448 W/art     ( 2846): Unexpected CPU variant for X86 using defaults: x86_64
06-09 11:20:04.449 W/art     ( 2134): Long monitor contention with owner Binder:2134_7 (2616) at void com.android.server.wm.WindowState$DeathRecipient.binderDied()(WindowState.java:1806) waiters=5 in void com.android.server.wm.WindowManagerService$H.handleMessage(android.os.Message) for 544ms
06-09 11:20:04.476 W/art     ( 2134): Long monitor contention with owner Binder:2134_7 (2616) at void com.android.server.wm.WindowState$DeathRecipient.binderDied()(WindowState.java:1806) waiters=6 in void com.android.server.wm.WindowState$DeathRecipient.binderDied() for 533ms
06-09 11:20:04.477 I/WindowManager( 2134): WIN DEATH: Window{d4bf411 u0 DockedStackDivider}
06-09 11:20:04.480 W/art     ( 2134): Long monitor contention with owner Binder:2134_5 (2424) at void com.android.server.wm.WindowState$DeathRecipient.binderDied()(WindowState.java:1806) waiters=4 in int com.android.server.wm.WindowManagerService.relayoutWindow(com.android.server.wm.Session, android.view.IWindow, int, android.view.WindowManager$LayoutParams, int, int, int, int, android.graphics.Rect, android.graphics.Rect, android.graphics.Rect, android.graphics.Rect, android.graphics.Rect, android.graphics.Rect, android.graphics.Rect, android.content.res.Configuration, android.view.Surface) for 159ms
06-09 11:20:04.720 W/art     ( 2134): Long monitor contention with owner Binder:2134_3 (2358) at void com.android.server.wm.WindowState$DeathRecipient.binderDied()(WindowState.java:1806) waiters=0 in int com.android.server.wm.WindowManagerService.relayoutWindow(com.android.server.wm.Session, android.view.IWindow, int, android.view.WindowManager$LayoutParams, int, int, int, int, android.graphics.Rect, android.graphics.Rect, android.graphics.Rect, android.graphics.Rect, android.graphics.Rect, android.graphics.Rect, android.graphics.Rect, android.content.res.Configuration, android.view.Surface) for 239ms
06-09 11:20:04.729 W/art     ( 2134): Long monitor contention with owner Binder:2134_3 (2358) at void com.android.server.wm.WindowState$DeathRecipient.binderDied()(WindowState.java:1806) waiters=1 in void com.android.server.wm.WindowManagerService.performEnableScreen() for 166ms
06-09 11:20:04.894 W/art     ( 2134): Long monitor contention with owner android.ui (2181) at int com.android.server.wm.WindowManagerService.relayoutWindow(com.android.server.wm.Session, android.view.IWindow, int, android.view.WindowManager$LayoutParams, int, int, int, int, android.graphics.Rect, android.graphics.Rect, android.graphics.Rect, android.graphics.Rect, android.graphics.Rect, android.graphics.Rect, android.graphics.Rect, android.content.res.Configuration, android.view.Surface)(WindowManagerService.java:2857) waiters=0 in void com.android.server.wm.WindowManagerService$H.handleMessage(android.os.Message) for 123ms
06-09 11:20:04.904 W/art     ( 2134): Long monitor contention with owner android.ui (2181) at int com.android.server.wm.WindowManagerService.relayoutWindow(com.android.server.wm.Session, android.view.IWindow, int, android.view.WindowManager$LayoutParams, int, int, int, int, android.graphics.Rect, android.graphics.Rect, android.graphics.Rect, android.graphics.Rect, android.graphics.Rect, android.graphics.Rect, android.graphics.Rect, android.content.res.Configuration, android.view.Surface)(WindowManagerService.java:2857) waiters=1 in void com.android.server.wm.WindowManagerService.finishDrawingWindow(com.android.server.wm.Session, android.view.IWindow) for 132ms
06-09 11:20:04.928 I/Choreographer( 2590): Skipped 36 frames!  The application may be doing too much work on its main thread.
06-09 11:20:05.365 W/System  ( 2846): ClassLoader referenced unknown path: /system/priv-app/SystemUI/lib/x86_64
06-09 11:20:06.850 I/SyncManager( 2134): Got SyncJobService instance.
06-09 11:20:06.853 I/FusedLocation( 2134): engine started (com.android.location.fused)
06-09 11:20:07.117 V/SystemUIService( 2846): Starting SystemUI services for user 0.
06-09 11:20:07.682 V/MediaRouter( 2846): Adding route: RouteInfo{ name=Phone, description=null, status=null, category=RouteCategory{ name=null types=ROUTE_TYPE_LIVE_AUDIO ROUTE_TYPE_LIVE_VIDEO  groupable=false }, supportedTypes=ROUTE_TYPE_LIVE_AUDIO ROUTE_TYPE_LIVE_VIDEO , presentationDisplay=null }
06-09 11:20:07.839 V/MediaRouter( 2846): Updating audio routes: AudioRoutesInfo{ type=SPEAKER }
06-09 11:20:07.862 V/MediaRouter( 2846): Selecting route: RouteInfo{ name=Phone, description=null, status=null, category=RouteCategory{ name=null types=ROUTE_TYPE_LIVE_AUDIO ROUTE_TYPE_LIVE_VIDEO  groupable=false }, supportedTypes=ROUTE_TYPE_LIVE_AUDIO ROUTE_TYPE_LIVE_VIDEO , presentationDisplay=null }
06-09 11:20:08.134 D/TrustManagerService( 2134): Removing dead TrustListener.
06-09 11:20:08.546 E/WVMExtractor( 2846): Failed to open libwvm.so: dlopen failed: library "libwvm.so" not found
06-09 11:20:09.506 I/MediaPlayerService( 1334): MediaPlayerService::getOMX
06-09 11:20:09.621 I/OMXClient( 2846): MuxOMX ctor
06-09 11:20:09.704 I/OMXMaster( 1331): makeComponentInstance(OMX.google.vorbis.decoder) in mediacodec process
06-09 11:20:09.966 W/art     ( 2824): Suspending all threads took: 805.376ms
06-09 11:20:11.749 W/WindowManager( 2134): ***** BOOT TIMEOUT: forcing display enabled
06-09 11:20:11.753 I/SurfaceFlinger( 1319): Boot is finished (263933 ms)
06-09 11:20:12.001 I/SystemServiceManager( 2134): Starting phase 1000
06-09 11:20:12.575 W/ActivityManager( 2134): Slow operation: 423ms so far, now at startProcess: returned from zygote!
06-09 11:20:12.576 W/ActivityManager( 2134): Slow operation: 423ms so far, now at startProcess: done updating battery stats
06-09 11:20:12.576 W/ActivityManager( 2134): Slow operation: 424ms so far, now at startProcess: building log message
06-09 11:20:12.576 I/ActivityManager( 2134): Start proc 2876:android.ext.services/u0a12 for on-hold
06-09 11:20:12.576 W/ActivityManager( 2134): Slow operation: 424ms so far, now at startProcess: starting to update pids map
06-09 11:20:12.577 W/ActivityManager( 2134): Slow operation: 424ms so far, now at startProcess: done updating pids map
06-09 11:20:12.676 W/art     ( 2876): Unexpected CPU variant for X86 using defaults: x86_64
06-09 11:20:12.722 D/ActivityManager( 2134): Finishing user boot 0
06-09 11:20:12.835 D/CryptdConnector( 2134): SND -> {3 cryptfs prepare_user_storage ! 0 0 2}
06-09 11:20:12.845 D/vold    ( 1275): e4crypt_prepare_user_storage for volume null, user 0, serial 0, flags 2
06-09 11:20:12.846 D/vold    ( 1275): Preparing: /data/system_ce/0
06-09 11:20:12.950 D/vold    ( 1275): Preparing: /data/misc_ce/0
06-09 11:20:12.950 D/vold    ( 1275): Preparing: /data/media/0
06-09 11:20:12.950 D/vold    ( 1275): Preparing: /data/data
06-09 11:20:12.952 D/CryptdConnector( 2134): RCV <- {200 3 Command succeeded}
06-09 11:20:12.970 V/UserManagerService( 2134): Found /data/user/0 with serial number 0
06-09 11:20:12.971 V/UserManagerService( 2134): Found /data/system_ce/0 with serial number 0
06-09 11:20:13.137 V/PackageManager( 2134): reconcileAppsData for null u0 0x2
06-09 11:20:14.882 I/MediaPlayerService( 1334): MediaPlayerService::getOMX
06-09 11:20:14.885 I/OMXClient( 2846): MuxOMX ctor
06-09 11:20:14.901 I/OMXMaster( 1331): makeComponentInstance(OMX.google.vorbis.decoder) in mediacodec process
06-09 11:20:17.807 E/NetdConnector( 2134): NDC Command {18 firewall disable_chain standby} took too long (5258ms)
06-09 11:20:18.063 I/MediaPlayerService( 1334): MediaPlayerService::getOMX
06-09 11:20:18.120 I/OMXClient( 2846): MuxOMX ctor
06-09 11:20:18.129 I/OMXMaster( 1331): makeComponentInstance(OMX.google.vorbis.decoder) in mediacodec process
06-09 11:20:19.477 V/PackageManager( 2134): reconcileAppsData finished 81 packages
06-09 11:20:19.518 W/art     ( 2134): Long monitor contention with owner android.display (2200) at void com.android.server.am.ActivityManagerService.finishBooting()(ActivityManagerService.java:6823) waiters=0 in java.lang.String com.android.server.am.ActivityManagerService.checkContentProviderAccess(java.lang.String, int) for 7.261s
06-09 11:20:19.672 W/art     ( 2134): Long monitor contention with owner android.display (2200) at void com.android.server.am.ActivityManagerService.finishBooting()(ActivityManagerService.java:6823) waiters=1 in void com.android.server.am.BroadcastQueue.processNextBroadcast(boolean) for 6.945s
06-09 11:20:19.682 D/MountService( 2134): onUnlockUser 0
06-09 11:20:19.684 D/VoldConnector( 2134): SND -> {8 volume user_started 0}
06-09 11:20:19.695 W/art     ( 2134): Long monitor contention with owner android.display (2200) at void com.android.server.am.ActivityManagerService.finishBooting()(ActivityManagerService.java:6823) waiters=2 in void com.android.server.am.ActivityManagerService.attachApplication(android.app.IApplicationThread) for 6.505s
06-09 11:20:20.063 D/vold    ( 1275): Linking /storage/emulated/0 to /mnt/user/0/primary
06-09 11:20:20.068 D/VoldConnector( 2134): RCV <- {200 8 Command succeeded}
06-09 11:20:20.094 W/art     ( 2134): Long monitor contention with owner android.display (2200) at void com.android.server.am.ActivityManagerService.finishBooting()(ActivityManagerService.java:6823) waiters=3 in android.content.Intent com.android.server.am.ActivityManagerService.registerReceiver(android.app.IApplicationThread, java.lang.String, android.content.IIntentReceiver, android.content.IntentFilter, java.lang.String, int) for 4.440s
06-09 11:20:20.116 D/MountService( 2134): Volume public:253,48 broadcasting mounted to UserHandle{0}
06-09 11:20:20.274 W/art     ( 2134): Long monitor contention with owner Binder:2134_1 (2156) at void com.android.server.am.ActivityManagerService.attachApplication(android.app.IApplicationThread)(ActivityManagerService.java:6669) waiters=2 in void com.android.server.am.ActivityManagerService.dispatchProcessesChanged() for 252ms
06-09 11:20:20.361 D/MountService( 2134): Volume emulated broadcasting mounted to UserHandle{0}
06-09 11:20:20.506 I/Choreographer( 2134): Skipped 43 frames!  The application may be doing too much work on its main thread.
06-09 11:20:20.636 I/vol.Events( 2846): writeEvent collection_started
06-09 11:20:21.273 W/System  ( 2876): ClassLoader referenced unknown path: /system/priv-app/ExtServices/lib/x86_64
06-09 11:20:21.415 V/BackupManagerService( 2134): No ancestral data
06-09 11:20:22.142 V/BackupManagerService( 2134): Starting with transport android/com.android.internal.backup.LocalTransport
06-09 11:20:22.142 V/BackupManagerService( 2134): Found transports: 1
06-09 11:20:22.143 W/BackupManagerService( 2134): Proposed transport ComponentInfo{android/com.android.internal.backup.LocalTransportService} not whitelisted; ignoring
06-09 11:20:22.193 I/BackupManagerService( 2134): Backup enabled => false
06-09 11:20:23.048 W/VoiceInteractionManagerService( 2134): no available voice interaction services found for user 0
06-09 11:20:23.090 W/VoiceInteractionManagerService( 2134): no available voice recognition services found for user 0
06-09 11:20:23.110 I/ActivityManager( 2134): Loading recents for user 0 into memory.
06-09 11:20:23.161 W/art     ( 2134): Long monitor contention with owner android.display (2200) at void com.android.server.am.ActivityManagerService.updateConfiguration(android.content.res.Configuration)(ActivityManagerService.java:18937) waiters=2 in void com.android.server.am.ActivityManagerService$3.handleMessage(android.os.Message) for 3.050s
06-09 11:20:23.263 D/ActivityManager( 2134): Sending BOOT_COMPLETE user #0
06-09 11:20:23.454 I/vol.Events( 2846): writeEvent external_ringer_mode_changed normal
06-09 11:20:23.470 I/vol.Events( 2846): writeEvent internal_ringer_mode_changed normal
06-09 11:20:23.803 D/FallbackHome( 2590): User unlocked and real home found; let's go!
06-09 11:20:23.834 D/CarrierSvcBindHelper( 2579): Received android.intent.action.USER_UNLOCKED
06-09 11:20:23.838 E/PhoneInterfaceManager( 2579): [PhoneIntfMgr] getCarrierPackageNamesForIntent: No UICC
06-09 11:20:23.850 D/CarrierSvcBindHelper( 2579): No carrier app for: 0
06-09 11:20:23.993 I/ActivityManager( 2134): START u0 {act=android.intent.action.MAIN cat=[android.intent.category.HOME] flg=0x10000100 cmp=com.android.launcher3/.Launcher} from uid 0 on display 0
06-09 11:20:24.419 W/art     ( 2134): Suspending all threads took: 87.876ms
06-09 11:20:24.520 W/ActivityManager( 2134): Slow operation: 383ms so far, now at startProcess: returned from zygote!
06-09 11:20:24.520 W/ActivityManager( 2134): Slow operation: 384ms so far, now at startProcess: done updating battery stats
06-09 11:20:24.521 W/ActivityManager( 2134): Slow operation: 385ms so far, now at startProcess: building log message
06-09 11:20:24.522 I/ActivityManager( 2134): Start proc 2926:com.android.launcher3/u0a42 for activity com.android.launcher3/.Launcher
06-09 11:20:24.522 W/ActivityManager( 2134): Slow operation: 385ms so far, now at startProcess: starting to update pids map
06-09 11:20:24.522 W/ActivityManager( 2134): Slow operation: 386ms so far, now at startProcess: done updating pids map
06-09 11:20:24.522 W/ActivityManager( 2134): Slow operation: 387ms so far, now at startProcess: done starting proc!
06-09 11:20:24.557 I/Choreographer( 2590): Skipped 38 frames!  The application may be doing too much work on its main thread.
06-09 11:20:24.559 W/art     ( 2134): Long monitor contention with owner Binder:2134_1 (2156) at void com.android.server.am.ActivityManagerService.activityPaused(android.os.IBinder)(ActivityManagerService.java:6916) waiters=0 in void com.android.server.am.BroadcastQueue.processNextBroadcast(boolean) for 453ms
06-09 11:20:24.210 W/ifconfig( 2908): type=1400 audit(0.0:10): avc: denied { ioctl } for path="socket:[14262]" dev="sockfs" ino=14262 ioctlcmd=8927 scontext=u:r:shell:s0 tcontext=u:r:shell:s0 tclass=udp_socket permissive=0
06-09 11:20:24.380 W/ifconfig( 2908): type=1400 audit(0.0:11): avc: denied { ioctl } for path="socket:[14262]" dev="sockfs" ino=14262 ioctlcmd=891d scontext=u:r:shell:s0 tcontext=u:r:shell:s0 tclass=udp_socket permissive=0
06-09 11:20:24.380 W/ifconfig( 2908): type=1400 audit(0.0:12): avc: denied { ioctl } for path="socket:[14262]" dev="sockfs" ino=14262 ioctlcmd=8970 scontext=u:r:shell:s0 tcontext=u:r:shell:s0 tclass=udp_socket permissive=0
06-09 11:20:24.864 W/art     ( 2926): Unexpected CPU variant for X86 using defaults: x86_64
06-09 11:20:26.724 I/art     ( 2134): Background sticky concurrent mark sweep GC freed 38751(2MB) AllocSpace objects, 10(480KB) LOS objects, 26% free, 10MB/13MB, paused 92.559ms total 2.751s
06-09 11:20:26.746 I/AccountManagerService( 2134): User 0 is unlocked - opening CE database
06-09 11:20:26.981 W/art     ( 2134): Long monitor contention with owner Binder:2134_6 (2614) at void com.android.server.am.ActivityManagerService.attachApplication(android.app.IApplicationThread)(ActivityManagerService.java:6669) waiters=0 in java.lang.String com.android.server.am.ActivityManagerService.checkContentProviderAccess(java.lang.String, int) for 1.387s
06-09 11:20:27.167 W/System  ( 2926): ClassLoader referenced unknown path: /system/app/Launcher3/lib/x86_64
06-09 11:20:27.359 W/art     ( 2134): Long monitor contention with owner Binder:2134_6 (2614) at void com.android.server.am.ActivityManagerService.attachApplication(android.app.IApplicationThread)(ActivityManagerService.java:6669) waiters=1 in void com.android.server.am.ActivityManagerService$3.handleMessage(android.os.Message) for 1.485s
06-09 11:20:27.799 D/LauncherProvider( 2926): Launcher process started
06-09 11:20:28.259 W/InputConnectionWrapper.ICC( 2373): Timed out waiting on IInputContextCallback
06-09 11:20:28.259 W/RichInputConnection( 2373): Slow InputConnection: GET_TEXT_BEFORE_CURSOR took 2902 ms.
06-09 11:20:28.956 I/InputConnectionWrapper.ICC( 2373): Got out-of-sequence callback 1 (expected 2) in setTextBeforeCursor, ignoring.
06-09 11:20:28.982 V/Launcher( 2926): LauncherAppState inited
06-09 11:20:30.179 I/vol.Events( 2846): writeEvent level_changed STREAM_ALARM 6
06-09 11:20:30.221 I/vol.Events( 2846): writeEvent level_changed STREAM_BLUETOOTH_SCO 7
06-09 11:20:30.252 I/vol.Events( 2846): writeEvent level_changed STREAM_MUSIC 11
06-09 11:20:30.273 I/InputAttributes( 2373): InputType.TYPE_NULL is specified
06-09 11:20:30.350 I/vol.Events( 2846): writeEvent level_changed STREAM_RING 5
06-09 11:20:30.356 I/vol.Events( 2846): writeEvent level_changed STREAM_SYSTEM 5
06-09 11:20:30.383 I/Choreographer( 2134): Skipped 42 frames!  The application may be doing too much work on its main thread.
06-09 11:20:30.466 W/art     ( 2134): Long monitor contention with owner android.display (2200) at void com.android.server.wm.WindowManagerService$H.handleMessage(android.os.Message)(WindowManagerService.java:8549) waiters=0 in int com.android.server.wm.WindowManagerService.relayoutWindow(com.android.server.wm.Session, android.view.IWindow, int, android.view.WindowManager$LayoutParams, int, int, int, int, android.graphics.Rect, android.graphics.Rect, android.graphics.Rect, android.graphics.Rect, android.graphics.Rect, android.graphics.Rect, android.graphics.Rect, android.content.res.Configuration, android.view.Surface) for 529ms
06-09 11:20:30.448 I/vol.Events( 2846): writeEvent level_changed STREAM_VOICE_CALL 4
06-09 11:20:30.603 I/AlarmClock( 2824): AlarmInitReceiver android.intent.action.TIME_SET
06-09 11:20:30.703 I/Choreographer( 2590): Skipped 45 frames!  The application may be doing too much work on its main thread.
06-09 11:20:30.974 W/ActivityManager( 2134): Slow operation: 60ms so far, now at startProcess: returned from zygote!
06-09 11:20:30.974 W/ActivityManager( 2134): Slow operation: 61ms so far, now at startProcess: done updating battery stats
06-09 11:20:30.975 W/ActivityManager( 2134): Slow operation: 61ms so far, now at startProcess: building log message
06-09 11:20:30.975 I/ActivityManager( 2134): Start proc 2967:com.android.keychain/1000 for service com.android.keychain/.KeyChainService
06-09 11:20:30.975 W/ActivityManager( 2134): Slow operation: 62ms so far, now at startProcess: starting to update pids map
06-09 11:20:30.975 W/ActivityManager( 2134): Slow operation: 62ms so far, now at startProcess: done updating pids map
06-09 11:20:30.975 W/ActivityManager( 2134): Slow operation: 62ms so far, now at startProcess: done starting proc!
06-09 11:20:31.181 W/art     ( 2967): Unexpected CPU variant for X86 using defaults: x86_64
06-09 11:20:31.881 W/System  ( 2967): ClassLoader referenced unknown path: /system/app/KeyChain/lib/x86_64
06-09 11:20:32.217 D/StorageNotification( 2846): Notifying about private volume: VolumeInfo{private}:
06-09 11:20:32.217 D/StorageNotification( 2846):     type=PRIVATE diskId=null partGuid=null mountFlags=0 mountUserId=-1 
06-09 11:20:32.217 D/StorageNotification( 2846):     state=MOUNTED 
06-09 11:20:32.217 D/StorageNotification( 2846):     fsType=null fsUuid=null fsLabel=null 
06-09 11:20:32.217 D/StorageNotification( 2846):     path=/data internalPath=null 
06-09 11:20:32.244 D/StorageNotification( 2846): Notifying about public volume: VolumeInfo{public:253,48}:
06-09 11:20:32.244 D/StorageNotification( 2846):     type=PUBLIC diskId=disk:253,48 partGuid=null mountFlags=VISIBLE 
06-09 11:20:32.244 D/StorageNotification( 2846):     mountUserId=0 state=MOUNTED 
06-09 11:20:32.244 D/StorageNotification( 2846):     fsType=vfat fsUuid=1EFF-1C1B fsLabel=SDCARD 
06-09 11:20:32.244 D/StorageNotification( 2846):     path=/storage/1EFF-1C1B internalPath=/mnt/media_rw/1EFF-1C1B 
06-09 11:20:32.316 V/KeyValueBackupJob( 2134): Scheduling k/v pass in 240 minutes
06-09 11:20:32.457 I/LatinIME( 2373): Timeout waiting for dictionary load
06-09 11:20:32.471 V/KeyguardServiceDelegate( 2134): *** Keyguard connected (yay!)
06-09 11:20:32.586 W/art     ( 2134): Long monitor contention with owner Binder:2134_9 (2844) at int android.content.res.AssetManager.loadResourceValue!(int, short, android.util.TypedValue, boolean)(AssetManager.java:-2) waiters=3 in android.content.pm.UserInfo com.android.server.pm.UserManagerService.getUserInfoNoChecks(int) for 501ms
06-09 11:20:32.628 W/art     ( 2134): Long monitor contention with owner backup (2907) at boolean android.os.MessageQueue.enqueueMessage(android.os.Message, long)(MessageQueue.java:541) waiters=0 in android.os.Message android.os.MessageQueue.next() for 169ms
06-09 11:20:32.866 W/art     ( 2134): Long monitor contention with owner android.bg (2179) at java.util.List com.android.server.pm.PackageManagerService.queryIntentActivitiesInternal(android.content.Intent, java.lang.String, int, int)(PackageManagerService.java:5338) waiters=0 in int com.android.server.pm.PackageManagerService.checkUidPermission(java.lang.String, int) for 247ms
06-09 11:20:32.929 W/art     ( 2846): Suspending all threads took: 17.660ms
06-09 11:20:32.973 I/art     ( 2846): Background partial concurrent mark sweep GC freed 1610(74KB) AllocSpace objects, 0(0B) LOS objects, 27% free, 10MB/14MB, paused 19.323ms total 153.315ms
06-09 11:20:32.982 D/LockSettings( 2134): Removing dead StrongAuthTracker.
06-09 11:20:33.182 W/art     ( 2134): Long monitor contention with owner Binder:2134_4 (2407) at int com.android.server.wm.WindowManagerService.relayoutWindow(com.android.server.wm.Session, android.view.IWindow, int, android.view.WindowManager$LayoutParams, int, int, int, int, android.graphics.Rect, android.graphics.Rect, android.graphics.Rect, android.graphics.Rect, android.graphics.Rect, android.graphics.Rect, android.graphics.Rect, android.content.res.Configuration, android.view.Surface)(WindowManagerService.java:2857) waiters=0 in void com.android.server.wm.WindowManagerService$H.handleMessage(android.os.Message) for 151ms
06-09 11:20:33.940 W/ActivityManager( 2134): Launch timeout has expired, giving up wake lock!
06-09 11:20:33.966 I/Choreographer( 2846): Skipped 130 frames!  The application may be doing too much work on its main thread.
06-09 11:20:34.799 W/art     ( 2134): Long monitor contention with owner android.display (2200) at void com.android.server.wm.WindowManagerService$H.handleMessage(android.os.Message)(WindowManagerService.java:8368) waiters=0 in int com.android.server.wm.WindowManagerService.relayoutWindow(com.android.server.wm.Session, android.view.IWindow, int, android.view.WindowManager$LayoutParams, int, int, int, int, android.graphics.Rect, android.graphics.Rect, android.graphics.Rect, android.graphics.Rect, android.graphics.Rect, android.graphics.Rect, android.graphics.Rect, android.content.res.Configuration, android.view.Surface) for 413ms
06-09 11:20:35.214 I/BackupManagerService( 2134): Found stale backup journal, scheduling
06-09 11:20:35.548 I/StatusBarManagerService( 2134): registerStatusBar bar=com.android.internal.statusbar.IStatusBar$Stub$Proxy@7e257a8
06-09 11:20:35.914 W/art     ( 2134): Long monitor contention with owner AsyncTask #4 (2921) at boolean android.os.MessageQueue.enqueueMessage(android.os.Message, long)(MessageQueue.java:541) waiters=0 in android.os.Message android.os.MessageQueue.next() for 707ms
06-09 11:20:35.920 W/art     ( 2134): Long monitor contention with owner AsyncTask #4 (2921) at boolean android.os.MessageQueue.enqueueMessage(android.os.Message, long)(MessageQueue.java:541) waiters=1 in boolean android.os.MessageQueue.enqueueMessage(android.os.Message, long) for 677ms
06-09 11:20:35.922 W/art     ( 2134): Long monitor contention with owner android.ui (2181) at boolean android.os.MessageQueue.enqueueMessage(android.os.Message, long)(MessageQueue.java:541) waiters=0 in void com.android.server.statusbar.StatusBarManagerService.registerStatusBar(com.android.internal.statusbar.IStatusBar, java.util.List, java.util.List, int[], java.util.List, android.graphics.Rect, android.graphics.Rect) for 371ms
06-09 11:20:35.982 W/art     ( 2134): Long monitor contention with owner android.bg (2179) at android.content.pm.UserInfo com.android.server.pm.UserManagerService.getUserInfoNoChecks(int)(UserManagerService.java:941) waiters=0 in com.android.server.search.Searchables com.android.server.search.SearchManagerService.getSearchables(int, boolean) for 3.893s
06-09 11:20:37.330 W/art     ( 2926): Long monitor contention with owner SharedPreferencesImpl-load (3008) at void android.app.SharedPreferencesImpl.loadFromDisk()(SharedPreferencesImpl.java:141) waiters=1 in void java.lang.Object.wait!() for 162ms
06-09 11:20:37.761 I/Choreographer( 2926): Skipped 50 frames!  The application may be doing too much work on its main thread.
06-09 11:20:39.005 W/art     ( 2134): Long monitor contention with owner Binder:2134_8 (2617) at int com.android.server.wm.WindowManagerService.relayoutWindow(com.android.server.wm.Session, android.view.IWindow, int, android.view.WindowManager$LayoutParams, int, int, int, int, android.graphics.Rect, android.graphics.Rect, android.graphics.Rect, android.graphics.Rect, android.graphics.Rect, android.graphics.Rect, android.graphics.Rect, android.content.res.Configuration, android.view.Surface)(WindowManagerService.java:2857) waiters=0 in void com.android.server.wm.WindowManagerService$H.handleMessage(android.os.Message) for 764ms
06-09 11:20:39.330 I/Choreographer( 2926): Skipped 92 frames!  The application may be doing too much work on its main thread.
06-09 11:20:39.501 D/gralloc_ranchu( 2926): Emulator without host-side GPU emulation detected. Loading gralloc.default.so from /vendor/lib64/hw/gralloc.goldfish.default.so...
06-09 11:20:39.505 D/gralloc_ranchu( 2926): gralloc.default.so not found in /vendor. Trying /system/lib64/hw/gralloc.goldfish.default.so...
06-09 11:20:40.350 I/Choreographer( 2926): Skipped 60 frames!  The application may be doing too much work on its main thread.
06-09 11:20:40.731 V/GridSizeMigrationTask( 2926): Workspace migration completed in 1580
06-09 11:20:40.737 D/Launcher.Model( 2926): loadWorkspace: loading default favorites
06-09 11:20:41.535 I/ActivityManager( 2134): Displayed com.android.launcher3/.Launcher: +17s398ms
06-09 11:20:41.536 I/Choreographer( 2134): Skipped 38 frames!  The application may be doing too much work on its main thread.
06-09 11:20:41.549 W/art     ( 2134): Long monitor contention with owner android.display (2200) at void com.android.server.wm.WindowManagerService$H.handleMessage(android.os.Message)(WindowManagerService.java:8368) waiters=0 in void com.android.server.wm.WindowManagerService.removeWindow(com.android.server.wm.Session, android.view.IWindow) for 1.202s
06-09 11:20:41.589 W/art     ( 2134): Long monitor contention with owner android.display (2200) at void com.android.server.wm.WindowManagerService$H.handleMessage(android.os.Message)(WindowManagerService.java:8368) waiters=1 in void com.android.server.wm.WindowManagerService.finishDrawingWindow(com.android.server.wm.Session, android.view.IWindow) for 979ms
06-09 11:20:41.889 W/art     ( 2134): Long monitor contention with owner Binder:2134_1 (2156) at void com.android.server.wm.WindowManagerService.removeWindow(com.android.server.wm.Session, android.view.IWindow)(WindowManagerService.java:2392) waiters=0 in void com.android.server.wm.WindowManagerService.finishDrawingWindow(com.android.server.wm.Session, android.view.IWindow) for 299ms
06-09 11:20:41.891 I/Choreographer( 2926): Skipped 92 frames!  The application may be doing too much work on its main thread.
06-09 11:20:43.159 W/ActivityManager( 2134): Slow operation: 281ms so far, now at startProcess: returned from zygote!
06-09 11:20:43.160 W/ActivityManager( 2134): Slow operation: 282ms so far, now at startProcess: done updating battery stats
06-09 11:20:43.161 W/ActivityManager( 2134): Slow operation: 282ms so far, now at startProcess: building log message
06-09 11:20:43.161 I/ActivityManager( 2134): Start proc 3023:com.android.printspooler/u0a51 for service com.android.printspooler/.model.PrintSpoolerService
06-09 11:20:43.161 W/ActivityManager( 2134): Slow operation: 283ms so far, now at startProcess: starting to update pids map
06-09 11:20:43.162 W/ActivityManager( 2134): Slow operation: 283ms so far, now at startProcess: done updating pids map
06-09 11:20:43.162 W/ActivityManager( 2134): Slow operation: 327ms so far, now at startProcess: done starting proc!
06-09 11:20:43.162 W/art     ( 2134): Long monitor contention with owner android.bg (2179) at int com.android.server.am.ActivityManagerService.bindService(android.app.IApplicationThread, android.os.IBinder, android.content.Intent, java.lang.String, android.app.IServiceConnection, int, java.lang.String, int)(ActivityManagerService.java:17301) waiters=0 in void com.android.server.am.ActivityManagerService.dispatchUidsChanged() for 313ms
06-09 11:20:43.318 W/art     ( 3023): Unexpected CPU variant for X86 using defaults: x86_64
06-09 11:20:43.326 W/System  ( 2846): ClassLoader referenced unknown path: 
06-09 11:20:43.328 W/System  ( 2846): ClassLoader referenced unknown path: /system/priv-app/Dialer/lib/x86_64
06-09 11:20:42.300 W/ifconfig( 3018): type=1400 audit(0.0:13): avc: denied { ioctl } for path="socket:[16530]" dev="sockfs" ino=16530 ioctlcmd=8927 scontext=u:r:shell:s0 tcontext=u:r:shell:s0 tclass=udp_socket permissive=0
06-09 11:20:42.370 W/ifconfig( 3018): type=1400 audit(0.0:14): avc: denied { ioctl } for path="socket:[16530]" dev="sockfs" ino=16530 ioctlcmd=891d scontext=u:r:shell:s0 tcontext=u:r:shell:s0 tclass=udp_socket permissive=0
06-09 11:20:42.370 W/ifconfig( 3018): type=1400 audit(0.0:15): avc: denied { ioctl } for path="socket:[16530]" dev="sockfs" ino=16530 ioctlcmd=8970 scontext=u:r:shell:s0 tcontext=u:r:shell:s0 tclass=udp_socket permissive=0
06-09 11:20:43.347 D/ApplicationLoaders( 2846): ignored Vulkan layer search path /system/priv-app/Dialer/lib/x86_64:/system/lib64:/vendor/lib64 for namespace 0x7366900160f0
06-09 11:20:43.850 E/BluetoothAdapter( 2846): Bluetooth binder is null
06-09 11:20:44.681 I/CameraManagerGlobal( 2846): Connecting to camera service
06-09 11:20:45.226 D/WIFI    ( 2134): Registering NetworkFactory
06-09 11:20:45.239 D/ConnectivityService( 2134): Got NetworkFactory Messenger for WIFI
06-09 11:20:45.240 D/WIFI_UT ( 2134): Registering NetworkFactory
06-09 11:20:45.260 V/EmulatedCamera_Camera( 1326): getCameraInfo
06-09 11:20:45.261 V/EmulatedCamera_BaseCamera( 1326): getCameraInfo
06-09 11:20:45.262 I/CameraService( 1326): getCameraCharacteristics: Switching to HAL1 shim implementation...
06-09 11:20:45.262 V/EmulatedCamera_Camera( 1326): getCameraInfo
06-09 11:20:45.262 V/EmulatedCamera_BaseCamera( 1326): getCameraInfo
06-09 11:20:45.273 V/EmulatedCamera_Camera( 1326): getCameraInfo
06-09 11:20:45.273 V/EmulatedCamera_BaseCamera( 1326): getCameraInfo
06-09 11:20:45.289 D/ConnectivityService( 2134): Got NetworkFactory Messenger for WIFI_UT
06-09 11:20:45.292 D/WIFI    ( 2134): got request NetworkRequest [ REQUEST id=1, [ Capabilities: INTERNET&NOT_RESTRICTED&TRUSTED&NOT_VPN] ] with score 0
06-09 11:20:45.293 D/WIFI_UT ( 2134): got request NetworkRequest [ REQUEST id=1, [ Capabilities: INTERNET&NOT_RESTRICTED&TRUSTED&NOT_VPN] ] with score 0
06-09 11:20:45.405 V/EmulatedCamera_Camera( 1326): getCameraInfo
06-09 11:20:45.405 V/EmulatedCamera_BaseCamera( 1326): getCameraInfo
06-09 11:20:45.430 I/Choreographer( 2926): Skipped 46 frames!  The application may be doing too much work on its main thread.
06-09 11:20:45.910 V/AlarmClock( 2824): AlarmInitReceiver finished
06-09 11:20:46.159 I/AlarmClock( 2824): AlarmInitReceiver android.intent.action.LOCKED_BOOT_COMPLETED
06-09 11:20:46.345 I/StatusBar( 2846): isKeyguardShowing() called before startKeyguard(), returning true
06-09 11:20:46.347 W/StatusBar( 2846): isKeyguardSecure() called before startKeyguard(), returning false
06-09 11:20:46.347 W/StatusBar( 2846): java.lang.Throwable
06-09 11:20:46.347 W/StatusBar( 2846): 	at com.android.systemui.statusbar.BaseStatusBar.isKeyguardSecure(BaseStatusBar.java:2647)
06-09 11:20:46.347 W/StatusBar( 2846): 	at com.android.systemui.statusbar.BaseStatusBar.isCameraAllowedByAdmin(BaseStatusBar.java:2670)
06-09 11:20:46.347 W/StatusBar( 2846): 	at com.android.systemui.statusbar.phone.KeyguardBottomAreaView.updateCameraVisibility(KeyguardBottomAreaView.java:309)
06-09 11:20:46.347 W/StatusBar( 2846): 	at com.android.systemui.statusbar.phone.KeyguardBottomAreaView.setPhoneStatusBar(KeyguardBottomAreaView.java:272)
06-09 11:20:46.347 W/StatusBar( 2846): 	at com.android.systemui.statusbar.phone.PhoneStatusBar.makeStatusBarView(PhoneStatusBar.java:904)
06-09 11:20:46.347 W/StatusBar( 2846): 	at com.android.systemui.statusbar.phone.PhoneStatusBar.addStatusBarWindow(PhoneStatusBar.java:3432)
06-09 11:20:46.347 W/StatusBar( 2846): 	at com.android.systemui.statusbar.phone.PhoneStatusBar.createAndAddWindows(PhoneStatusBar.java:3428)
06-09 11:20:46.347 W/StatusBar( 2846): 	at com.android.systemui.statusbar.BaseStatusBar.start(BaseStatusBar.java:765)
06-09 11:20:46.347 W/StatusBar( 2846): 	at com.android.systemui.statusbar.phone.PhoneStatusBar.start(PhoneStatusBar.java:686)
06-09 11:20:46.347 W/StatusBar( 2846): 	at com.android.systemui.statusbar.SystemBars.createStatusBarFromConfig(SystemBars.java:106)
06-09 11:20:46.347 W/StatusBar( 2846): 	at com.android.systemui.statusbar.SystemBars.onNoService(SystemBars.java:58)
06-09 11:20:46.347 W/StatusBar( 2846): 	at com.android.systemui.statusbar.ServiceMonitor.startService(ServiceMonitor.java:230)
06-09 11:20:46.347 W/StatusBar( 2846): 	at com.android.systemui.statusbar.ServiceMonitor.-wrap5(ServiceMonitor.java)
06-09 11:20:46.347 W/StatusBar( 2846): 	at com.android.systemui.statusbar.ServiceMonitor$1.handleMessage(ServiceMonitor.java:73)
06-09 11:20:46.347 W/StatusBar( 2846): 	at android.os.Handler.dispatchMessage(Handler.java:102)
06-09 11:20:46.347 W/StatusBar( 2846): 	at android.os.Looper.loop(Looper.java:154)
06-09 11:20:46.347 W/StatusBar( 2846): 	at android.app.ActivityThread.main(ActivityThread.java:6119)
06-09 11:20:46.347 W/StatusBar( 2846): 	at java.lang.reflect.Method.invoke(Native Method)
06-09 11:20:46.347 W/StatusBar( 2846): 	at com.android.internal.os.ZygoteInit$MethodAndArgsCaller.run(ZygoteInit.java:886)
06-09 11:20:46.347 W/StatusBar( 2846): 	at com.android.internal.os.ZygoteInit.main(ZygoteInit.java:776)
06-09 11:20:46.365 I/StatusBar( 2846): isKeyguardShowing() called before startKeyguard(), returning true
06-09 11:20:46.367 W/StatusBar( 2846): isKeyguardSecure() called before startKeyguard(), returning false
06-09 11:20:46.367 W/StatusBar( 2846): java.lang.Throwable
06-09 11:20:46.367 W/StatusBar( 2846): 	at com.android.systemui.statusbar.BaseStatusBar.isKeyguardSecure(BaseStatusBar.java:2647)
06-09 11:20:46.367 W/StatusBar( 2846): 	at com.android.systemui.statusbar.BaseStatusBar.isCameraAllowedByAdmin(BaseStatusBar.java:2670)
06-09 11:20:46.367 W/StatusBar( 2846): 	at com.android.systemui.statusbar.phone.KeyguardBottomAreaView.updateCameraVisibility(KeyguardBottomAreaView.java:309)
06-09 11:20:46.367 W/StatusBar( 2846): 	at com.android.systemui.statusbar.phone.KeyguardBottomAreaView.setUserSetupComplete(KeyguardBottomAreaView.java:281)
06-09 11:20:46.367 W/StatusBar( 2846): 	at com.android.systemui.statusbar.phone.PhoneStatusBar.makeStatusBarView(PhoneStatusBar.java:905)
06-09 11:20:46.367 W/StatusBar( 2846): 	at com.android.systemui.statusbar.phone.PhoneStatusBar.addStatusBarWindow(PhoneStatusBar.java:3432)
06-09 11:20:46.367 W/StatusBar( 2846): 	at com.android.systemui.statusbar.phone.PhoneStatusBar.createAndAddWindows(PhoneStatusBar.java:3428)
06-09 11:20:46.367 W/StatusBar( 2846): 	at com.android.systemui.statusbar.BaseStatusBar.start(BaseStatusBar.java:765)
06-09 11:20:46.367 W/StatusBar( 2846): 	at com.android.systemui.statusbar.phone.PhoneStatusBar.start(PhoneStatusBar.java:686)
06-09 11:20:46.367 W/StatusBar( 2846): 	at com.android.systemui.statusbar.SystemBars.createStatusBarFromConfig(SystemBars.java:106)
06-09 11:20:46.367 W/StatusBar( 2846): 	at com.android.systemui.statusbar.SystemBars.onNoService(SystemBars.java:58)
06-09 11:20:46.367 W/StatusBar( 2846): 	at com.android.systemui.statusbar.ServiceMonitor.startService(ServiceMonitor.java:230)
06-09 11:20:46.367 W/StatusBar( 2846): 	at com.android.systemui.statusbar.ServiceMonitor.-wrap5(ServiceMonitor.java)
06-09 11:20:46.367 W/StatusBar( 2846): 	at com.android.systemui.statusbar.ServiceMonitor$1.handleMessage(ServiceMonitor.java:73)
06-09 11:20:46.367 W/StatusBar( 2846): 	at android.os.Handler.dispatchMessage(Handler.java:102)
06-09 11:20:46.367 W/StatusBar( 2846): 	at android.os.Looper.loop(Looper.java:154)
06-09 11:20:46.367 W/StatusBar( 2846): 	at android.app.ActivityThread.main(ActivityThread.java:6119)
06-09 11:20:46.367 W/StatusBar( 2846): 	at java.lang.reflect.Method.invoke(Native Method)
06-09 11:20:46.367 W/StatusBar( 2846): 	at com.android.internal.os.ZygoteInit$MethodAndArgsCaller.run(ZygoteInit.java:886)
06-09 11:20:46.367 W/StatusBar( 2846): 	at com.android.internal.os.ZygoteInit.main(ZygoteInit.java:776)
06-09 11:20:46.492 D/AlarmClock/Events( 2824): [Stopwatch] [Reset] [Reboot]
06-09 11:20:46.907 V/EmulatedCamera_Camera( 1326): getCameraInfo
06-09 11:20:46.908 V/EmulatedCamera_BaseCamera( 1326): getCameraInfo
06-09 11:20:46.917 V/EmulatedCamera_Camera( 1326): getCameraInfo
06-09 11:20:46.917 V/EmulatedCamera_BaseCamera( 1326): getCameraInfo
06-09 11:20:47.131 W/art     ( 2846): Suspending all threads took: 9.981ms
06-09 11:20:47.242 I/art     ( 2846): Background sticky concurrent mark sweep GC freed 9120(1935KB) AllocSpace objects, 0(0B) LOS objects, 13% free, 12MB/14MB, paused 12.607ms total 260.425ms
06-09 11:20:47.482 I/StatusBar( 2846): isKeyguardShowing() called before startKeyguard(), returning true
06-09 11:20:47.484 W/StatusBar( 2846): isKeyguardSecure() called before startKeyguard(), returning false
06-09 11:20:47.484 W/StatusBar( 2846): java.lang.Throwable
06-09 11:20:47.484 W/StatusBar( 2846): 	at com.android.systemui.statusbar.BaseStatusBar.isKeyguardSecure(BaseStatusBar.java:2647)
06-09 11:20:47.484 W/StatusBar( 2846): 	at com.android.systemui.statusbar.BaseStatusBar.isCameraAllowedByAdmin(BaseStatusBar.java:2670)
06-09 11:20:47.484 W/StatusBar( 2846): 	at com.android.systemui.statusbar.phone.KeyguardBottomAreaView.updateCameraVisibility(KeyguardBottomAreaView.java:309)
06-09 11:20:47.484 W/StatusBar( 2846): 	at com.android.systemui.statusbar.phone.KeyguardBottomAreaView.setUserSetupComplete(KeyguardBottomAreaView.java:281)
06-09 11:20:47.484 W/StatusBar( 2846): 	at com.android.systemui.statusbar.phone.PhoneStatusBar$1.onChange(PhoneStatusBar.java:441)
06-09 11:20:47.484 W/StatusBar( 2846): 	at com.android.systemui.statusbar.phone.PhoneStatusBar.resetUserSetupObserver(PhoneStatusBar.java:3676)
06-09 11:20:47.484 W/StatusBar( 2846): 	at com.android.systemui.statusbar.phone.PhoneStatusBar.makeStatusBarView(PhoneStatusBar.java:1008)
06-09 11:20:47.484 W/StatusBar( 2846): 	at com.android.systemui.statusbar.phone.PhoneStatusBar.addStatusBarWindow(PhoneStatusBar.java:3432)
06-09 11:20:47.484 W/StatusBar( 2846): 	at com.android.systemui.statusbar.phone.PhoneStatusBar.createAndAddWindows(PhoneStatusBar.java:3428)
06-09 11:20:47.484 W/StatusBar( 2846): 	at com.android.systemui.statusbar.BaseStatusBar.start(BaseStatusBar.java:765)
06-09 11:20:47.484 W/StatusBar( 2846): 	at com.android.systemui.statusbar.phone.PhoneStatusBar.start(PhoneStatusBar.java:686)
06-09 11:20:47.484 W/StatusBar( 2846): 	at com.android.systemui.statusbar.SystemBars.createStatusBarFromConfig(SystemBars.java:106)
06-09 11:20:47.484 W/StatusBar( 2846): 	at com.android.systemui.statusbar.SystemBars.onNoService(SystemBars.java:58)
06-09 11:20:47.484 W/StatusBar( 2846): 	at com.android.systemui.statusbar.ServiceMonitor.startService(ServiceMonitor.java:230)
06-09 11:20:47.484 W/StatusBar( 2846): 	at com.android.systemui.statusbar.ServiceMonitor.-wrap5(ServiceMonitor.java)
06-09 11:20:47.484 W/StatusBar( 2846): 	at com.android.systemui.statusbar.ServiceMonitor$1.handleMessage(ServiceMonitor.java:73)
06-09 11:20:47.484 W/StatusBar( 2846): 	at android.os.Handler.dispatchMessage(Handler.java:102)
06-09 11:20:47.484 W/StatusBar( 2846): 	at android.os.Looper.loop(Looper.java:154)
06-09 11:20:47.484 W/StatusBar( 2846): 	at android.app.ActivityThread.main(ActivityThread.java:6119)
06-09 11:20:47.484 W/StatusBar( 2846): 	at java.lang.reflect.Method.invoke(Native Method)
06-09 11:20:47.484 W/StatusBar( 2846): 	at com.android.internal.os.ZygoteInit$MethodAndArgsCaller.run(ZygoteInit.java:886)
06-09 11:20:47.484 W/StatusBar( 2846): 	at com.android.internal.os.ZygoteInit.main(ZygoteInit.java:776)
06-09 11:20:47.547 E/SurfaceFlinger( 1319): ro.sf.lcd_density must be defined as a build property
06-09 11:20:47.573 D/OpenGLRenderer( 2846): profile bars disabled
06-09 11:20:47.577 D/OpenGLRenderer( 2846): ambientRatio = 1.50
06-09 11:20:47.636 D/PhoneStatusBar( 2846): disable: < EXPAND* icons alerts system_info BACK* HOME* RECENT* clock SEARCH* quick_settings >
06-09 11:20:47.642 I/art     ( 2926): Background sticky concurrent mark sweep GC freed 20033(1935KB) AllocSpace objects, 8(188KB) LOS objects, 23% free, 7MB/10MB, paused 767us total 174.362ms
06-09 11:20:47.786 V/AlarmClock( 2824): AlarmInitReceiver finished
06-09 11:20:47.848 W/ActivityManager( 2134): Slow operation: 75ms so far, now at startProcess: returned from zygote!
06-09 11:20:47.868 W/ActivityManager( 2134): Slow operation: 76ms so far, now at startProcess: done updating battery stats
06-09 11:20:47.869 W/ActivityManager( 2134): Slow operation: 97ms so far, now at startProcess: building log message
06-09 11:20:47.869 I/ActivityManager( 2134): Start proc 3046:android.process.media/u0a10 for broadcast com.android.providers.downloads/.DownloadReceiver
06-09 11:20:47.869 W/ActivityManager( 2134): Slow operation: 97ms so far, now at startProcess: starting to update pids map
06-09 11:20:47.869 W/ActivityManager( 2134): Slow operation: 97ms so far, now at startProcess: done updating pids map
06-09 11:20:47.869 W/ActivityManager( 2134): Slow operation: 98ms so far, now at startProcess: done starting proc!
06-09 11:20:47.963 W/art     ( 3046): Unexpected CPU variant for X86 using defaults: x86_64
06-09 11:20:48.496 E/NetdConnector( 2134): NDC Command {19 bandwidth addniceapps 10010} took too long (625ms)
06-09 11:20:48.607 D/PhoneStatusBar( 2846): heads up is enabled
06-09 11:20:48.654 W/System  ( 3046): ClassLoader referenced unknown path: /system/priv-app/DownloadProvider/lib/x86_64
06-09 11:20:49.036 V/KeyguardServiceDelegate( 2134): **** SHOWN CALLED ****
06-09 11:20:49.224 W/ActivityManager( 2134): Slow operation: 73ms so far, now at startProcess: returned from zygote!
06-09 11:20:49.225 W/ActivityManager( 2134): Slow operation: 74ms so far, now at startProcess: done updating battery stats
06-09 11:20:49.225 W/ActivityManager( 2134): Slow operation: 74ms so far, now at startProcess: building log message
06-09 11:20:49.225 I/ActivityManager( 2134): Start proc 3062:android.process.acore/u0a1 for content provider com.android.providers.contacts/.ContactsProvider2
06-09 11:20:49.225 W/ActivityManager( 2134): Slow operation: 74ms so far, now at startProcess: starting to update pids map
06-09 11:20:49.226 W/ActivityManager( 2134): Slow operation: 74ms so far, now at startProcess: done updating pids map
06-09 11:20:49.226 W/ActivityManager( 2134): Slow operation: 75ms so far, now at startProcess: done starting proc!
06-09 11:20:49.226 W/ActivityManager( 2134): Slow operation: 86ms so far, now at getContentProviderImpl: after start process
06-09 11:20:49.226 W/ActivityManager( 2134): Slow operation: 86ms so far, now at getContentProviderImpl: updating data structures
06-09 11:20:49.227 W/ActivityManager( 2134): Slow operation: 87ms so far, now at getContentProviderImpl: done!
06-09 11:20:49.260 W/art     ( 3062): Unexpected CPU variant for X86 using defaults: x86_64
06-09 11:20:49.309 W/art     ( 2134): Long monitor contention with owner android.display (2200) at void com.android.server.wm.WindowAnimator$1.doFrame(long)(WindowAnimator.java:144) waiters=1 in int com.android.server.wm.WindowManagerService.relayoutWindow(com.android.server.wm.Session, android.view.IWindow, int, android.view.WindowManager$LayoutParams, int, int, int, int, android.graphics.Rect, android.graphics.Rect, android.graphics.Rect, android.graphics.Rect, android.graphics.Rect, android.graphics.Rect, android.graphics.Rect, android.content.res.Configuration, android.view.Surface) for 369ms
06-09 11:20:49.310 W/System  ( 3046): ClassLoader referenced unknown path: /system/priv-app/MediaProvider/lib/x86_64
06-09 11:20:49.391 D/ApplicationLoaders( 3046): ignored Vulkan layer search path /system/priv-app/MediaProvider/lib/x86_64:/system/priv-app/MediaProvider/MediaProvider.apk!/lib/x86_64:/system/lib64:/vendor/lib64 for namespace 0x73668feb30f0
06-09 11:20:49.643 W/art     ( 2134): Long monitor contention with owner android.display (2200) at void com.android.server.wm.WindowAnimator$1.doFrame(long)(WindowAnimator.java:144) waiters=1 in int com.android.server.wm.WindowManagerService.relayoutWindow(com.android.server.wm.Session, android.view.IWindow, int, android.view.WindowManager$LayoutParams, int, int, int, int, android.graphics.Rect, android.graphics.Rect, android.graphics.Rect, android.graphics.Rect, android.graphics.Rect, android.graphics.Rect, android.graphics.Rect, android.content.res.Configuration, android.view.Surface) for 626ms
06-09 11:20:49.727 W/System  ( 3062): ClassLoader referenced unknown path: /system/priv-app/ContactsProvider/lib/x86_64
06-09 11:20:50.039 W/art     ( 2134): Long monitor contention with owner android.display (2200) at void com.android.server.wm.WindowAnimator$1.doFrame(long)(WindowAnimator.java:144) waiters=2 in void com.android.server.wm.WindowManagerService.getInitialDisplaySize(int, android.graphics.Point) for 973ms
06-09 11:20:50.395 W/art     ( 2134): Long monitor contention with owner android.display (2200) at void com.android.server.wm.WindowAnimator$1.doFrame(long)(WindowAnimator.java:144) waiters=2 in int com.android.server.wm.WindowManagerService.relayoutWindow(com.android.server.wm.Session, android.view.IWindow, int, android.view.WindowManager$LayoutParams, int, int, int, int, android.graphics.Rect, android.graphics.Rect, android.graphics.Rect, android.graphics.Rect, android.graphics.Rect, android.graphics.Rect, android.graphics.Rect, android.content.res.Configuration, android.view.Surface) for 1.085s
06-09 11:20:50.764 W/art     ( 2134): Long monitor contention with owner android.display (2200) at void com.android.server.wm.WindowAnimator$1.doFrame(long)(WindowAnimator.java:144) waiters=3 in int com.android.server.wm.WindowManagerService.relayoutWindow(com.android.server.wm.Session, android.view.IWindow, int, android.view.WindowManager$LayoutParams, int, int, int, int, android.graphics.Rect, android.graphics.Rect, android.graphics.Rect, android.graphics.Rect, android.graphics.Rect, android.graphics.Rect, android.graphics.Rect, android.content.res.Configuration, android.view.Surface) for 1.373s
06-09 11:20:51.169 W/art     ( 2134): Long monitor contention with owner android.display (2200) at void com.android.server.wm.WindowAnimator$1.doFrame(long)(WindowAnimator.java:144) waiters=3 in int com.android.server.wm.WindowManagerService.relayoutWindow(com.android.server.wm.Session, android.view.IWindow, int, android.view.WindowManager$LayoutParams, int, int, int, int, android.graphics.Rect, android.graphics.Rect, android.graphics.Rect, android.graphics.Rect, android.graphics.Rect, android.graphics.Rect, android.graphics.Rect, android.content.res.Configuration, android.view.Surface) for 1.524s
06-09 11:20:51.366 I/ContactsPerf( 3062): VoicemailContentProvider.onCreate start
06-09 11:20:51.526 I/ContactsPerf( 3062): VoicemailContentProvider.onCreate finish
06-09 11:20:51.594 W/System  ( 3062): ClassLoader referenced unknown path: /system/priv-app/BlockedNumberProvider/lib/x86_64
06-09 11:20:51.607 D/ApplicationLoaders( 3062): ignored Vulkan layer search path /system/priv-app/BlockedNumberProvider/lib/x86_64:/system/lib64:/vendor/lib64 for namespace 0x73668feb30f0
