06-01 16:35:46.901 E/EmulatedCamera_HotplugThread( 1332): createFileIfNotExists: Could not create file '/data/misc/media/emulator.camera.hotplug.0', error: 'Permission denied' (13)
06-01 16:35:46.953 I/        ( 1330): sMaxFastTracks = 8
06-01 16:35:46.992 I/audioserver( 1330): ServiceManager: 0xe70bc020
06-01 16:35:46.995 W/BatteryNotifier( 1330): batterystats service unavailable!
06-01 16:35:46.995 I/AudioFlinger( 1330): Using default 3000 mSec as standby time.
06-01 16:35:47.019 I/CameraService( 1332): Loaded "Emulated Camera Module" camera module
06-01 16:35:47.036 I/AudioPolicyService( 1330): AudioPolicyService CSTOR in new mode
06-01 16:35:47.091 E/CameraService( 1332): setUpVendorTags: Vendor tag operations not fully defined. Ignoring definitions.
06-01 16:35:47.151 V/MediaUtils( 1342): physMem: 1043894272
06-01 16:35:47.152 V/MediaUtils( 1342): requested limit: 208778840
06-01 16:35:47.152 V/MediaUtils( 1342): actual limit: 208778840
06-01 16:35:47.152 V/MediaUtils( 1342): original limits: 4294967295/4294967295
06-01 16:35:47.153 V/MediaUtils( 1342): new limits: 208778840/4294967295
06-01 16:35:47.161 V/EmulatedCamera_Camera( 1332): getCameraInfo
06-01 16:35:47.171 I/APM::ConfigParsingUtils( 1330): loadAudioPolicyConfig() loaded /system/etc/audio_policy.conf
06-01 16:35:47.222 W//system/bin/mediaextractor( 1342): libminijail: allowing syscall: socketcall
06-01 16:35:47.222 W//system/bin/mediaextractor( 1342): libminijail: allowing syscall: writev
06-01 16:35:47.223 W//system/bin/mediaextractor( 1342): libminijail: allowing syscall: fcntl64
06-01 16:35:47.223 W//system/bin/mediaextractor( 1342): libminijail: allowing syscall: clock_gettime
06-01 16:35:47.232 W//system/bin/mediaextractor( 1342): libminijail: logging seccomp filter failures
06-01 16:35:47.262 V/EmulatedCamera_BaseCamera( 1332): getCameraInfo
06-01 16:35:47.262 I/CameraFlashlight( 1332): Opening camera 0
06-01 16:35:47.263 V/EmulatedCamera_Camera( 1332): getCameraInfo
06-01 16:35:47.263 V/EmulatedCamera_BaseCamera( 1332): getCameraInfo
06-01 16:35:47.280 V/EmulatedCamera_Camera( 1332): connectCamera
06-01 16:35:47.280 V/EmulatedCamera_FakeDevice( 1332): connectDevice
06-01 16:35:47.280 V/EmulatedCamera_CallbackNotifier( 1332): setCallbacks: 0xf3ba9e80, 0xf3ba9ed0, 0xf3ba9ff0, 0xf3baa110 (0xf32c3140)
06-01 16:35:47.288 D/audio_hw_generic( 1330): Emulator host-side ALSA audio emulation detected.
06-01 16:35:47.360 D/audio_hw_generic( 1330): mixer 0 name Master Playback Volume
06-01 16:35:47.360 D/audio_hw_generic( 1330): set ctl 0 to 100
06-01 16:35:47.362 D/audio_hw_generic( 1330): set ctl 1 to 100
06-01 16:35:47.362 D/audio_hw_generic( 1330): mixer 1 name Master Playback Switch
06-01 16:35:47.362 D/audio_hw_generic( 1330): set ctl 0 to 1
06-01 16:35:47.362 D/audio_hw_generic( 1330): set ctl 1 to 1
06-01 16:35:47.362 D/audio_hw_generic( 1330): mixer 2 name Capture Volume
06-01 16:35:47.363 D/audio_hw_generic( 1330): set ctl 0 to 100
06-01 16:35:47.363 D/audio_hw_generic( 1330): set ctl 1 to 100
06-01 16:35:47.363 D/audio_hw_generic( 1330): mixer 3 name Capture Switch
06-01 16:35:47.363 D/audio_hw_generic( 1330): set ctl 0 to 1
06-01 16:35:47.363 D/audio_hw_generic( 1330): set ctl 1 to 1
06-01 16:35:47.363 D/audio_hw_generic( 1330): mixer 4 name Line Phantom Jack
06-01 16:35:47.363 D/audio_hw_generic( 1330): mixer 5 name Line Out Phantom Jack
06-01 16:35:47.363 D/audio_hw_generic( 1330): mixer 6 name Playback Channel Map
06-01 16:35:47.363 D/audio_hw_generic( 1330): mixer 7 name Capture Channel Map
06-01 16:35:47.364 I/AudioFlinger( 1330): loadHwModule() Loaded primary audio interface from Generic audio HW HAL (audio) handle 10
06-01 16:35:47.365 I/AudioFlinger( 1330): openOutput(), module 10 Device 2, SamplingRate 48000, Format 0x000001, Channels 3, flags 2
06-01 16:35:47.436 V/EmulatedCamera_Preview( 1332): setPreviewWindow: current: 0x0 -> new: 0xf32c3150
06-01 16:35:47.437 V/EmulatedCamera_Preview( 1332): setPreviewWindow: current: 0xf32c3150 -> new: 0x0
06-01 16:35:47.437 V/EmulatedCamera_Camera( 1332): doStopPreview
06-01 16:35:47.438 V/EmulatedCamera_Preview( 1332): setPreviewWindow: current: 0x0 -> new: 0x0
06-01 16:35:47.438 V/EmulatedCamera_Camera( 1332): releaseCamera
06-01 16:35:47.438 V/EmulatedCamera_Camera( 1332): doStopPreview
06-01 16:35:47.438 V/EmulatedCamera_FakeDevice( 1332): disconnectDevice
06-01 16:35:47.439 W/EmulatedCamera_Device( 1332): Initialize: Emulated camera device is already initialized: mState = 1
06-01 16:35:47.439 D/EmulatedCamera_FakeCamera( 1332): Initialize: Fake camera is facing back
06-01 16:35:47.439 V/EmulatedCamera_Device( 1332): initializeWhiteBalanceModes with auto, 1.000000, 1.000000
06-01 16:35:47.473 I/AudioFlinger( 1330): HAL output buffer size 720 frames, normal sink buffer size 1152 frames
06-01 16:35:47.560 V/EmulatedCamera_Device( 1332): initializeWhiteBalanceModes with incandescent, 1.380000, 0.600000
06-01 16:35:47.560 V/EmulatedCamera_Device( 1332): initializeWhiteBalanceModes with daylight, 1.090000, 0.920000
06-01 16:35:47.560 V/EmulatedCamera_Device( 1332): initializeWhiteBalanceModes with twilight, 0.920000, 1.220000
06-01 16:35:47.560 V/EmulatedCamera_Device( 1332): setWhiteBalanceMode with white balance auto
06-01 16:35:47.561 I/CameraFlashlight( 1332): Destroying camera 0
06-01 16:35:47.561 V/EmulatedCamera_Camera( 1332): closeCamera
06-01 16:35:47.561 V/EmulatedCamera_Camera( 1332): doStopPreview
06-01 16:35:47.561 W/EmulatedCamera_Device( 1332): Initialize: Emulated camera device is already initialized: mState = 1
06-01 16:35:47.561 D/EmulatedCamera_FakeCamera( 1332): Initialize: Fake camera is facing back
06-01 16:35:47.562 V/EmulatedCamera_Device( 1332): initializeWhiteBalanceModes with auto, 1.000000, 1.000000
06-01 16:35:47.562 V/EmulatedCamera_Device( 1332): initializeWhiteBalanceModes with incandescent, 1.380000, 0.600000
06-01 16:35:47.562 V/EmulatedCamera_Device( 1332): initializeWhiteBalanceModes with daylight, 1.090000, 0.920000
06-01 16:35:47.562 V/EmulatedCamera_Device( 1332): initializeWhiteBalanceModes with twilight, 0.920000, 1.220000
06-01 16:35:47.562 V/EmulatedCamera_Device( 1332): setWhiteBalanceMode with white balance auto
06-01 16:35:47.565 V/EmulatedCamera_Camera( 1332): getCameraInfo
06-01 16:35:47.565 V/EmulatedCamera_BaseCamera( 1332): getCameraInfo
06-01 16:35:47.568 I/ServiceManager( 1332): Waiting for service media.camera.proxy...
06-01 16:35:47.636 I/mediaserver( 1339): ServiceManager: 0xf433c0a0
06-01 16:35:47.853 I/BufferProvider( 1330): found effect "Multichannel Downmix To Stereo" from The Android Open Source Project
06-01 16:35:47.859 I/AudioFlinger( 1330): Using module 10 has the primary audio interface
06-01 16:35:47.880 I/AudioFlinger( 1330): AudioFlinger's thread 0xe6b030c0 ready to run
06-01 16:35:47.883 W/BatteryNotifier( 1330): batterystats service unavailable!
06-01 16:35:47.885 W/BatteryNotifier( 1330): batterystats service unavailable!
06-01 16:35:47.952 W/BatteryNotifier( 1330): batterystats service unavailable!
06-01 16:35:47.956 W/AudioFlinger( 1330): no wake lock to update, system not ready yet
06-01 16:35:48.120 I/AudioFlinger( 1330): AudioFlinger's thread 0xe6603680 ready to run
06-01 16:35:48.216 I/mediacodec( 1338): @@@ mediacodecservice starting
06-01 16:35:48.217 W/        ( 1338): No seccomp filter defined for this architecture.
06-01 16:35:48.242 I/r_submix( 1330): adev_open(name=audio_hw_if)
06-01 16:35:48.311 I/r_submix( 1330): adev_init_check()
06-01 16:35:48.311 I/AudioFlinger( 1330): loadHwModule() Loaded r_submix audio interface from Wifi Display audio HAL (audio) handle 18
06-01 16:35:48.311 D/r_submix( 1330): adev_open_input_stream(addr=0)
06-01 16:35:48.312 D/r_submix( 1330): submix_audio_device_create_pipe_l(addr=0, idx=9)
06-01 16:35:48.312 D/r_submix( 1330):   now using address 0 for route 9
06-01 16:35:48.319 I/AudioFlinger( 1330): AudioFlinger's thread 0xe6703380 ready to run
06-01 16:35:48.330 D/r_submix( 1330): adev_close_input_stream()
06-01 16:35:48.330 D/r_submix( 1330): submix_audio_device_release_pipe_l(idx=9) addr=0
06-01 16:35:48.331 D/r_submix( 1330): submix_audio_device_destroy_pipe_l(): pipe destroyed
06-01 16:35:48.359 I/RadioService( 1330): RadioService
06-01 16:35:48.359 I/RadioService( 1330): onFirstRef
06-01 16:35:48.421 E/RadioService( 1330): couldn't load radio module radio.primary (No such file or directory)
06-01 16:35:48.423 E/SoundTriggerHwService( 1330): couldn't load sound trigger module sound_trigger.primary (No such file or directory)
06-01 16:35:48.580 I/ServiceManager( 1332): Waiting for service media.camera.proxy...
06-01 16:35:49.610 I/ServiceManager( 1332): Waiting for service media.camera.proxy...
06-01 16:35:50.630 I/ServiceManager( 1332): Waiting for service media.camera.proxy...
06-01 16:35:50.646 I/mediaserver( 1343): ServiceManager: 0xf2abc0a0
06-01 16:35:50.790 W/BatteryNotifier( 1343): batterystats service unavailable!
06-01 16:35:50.971 W/BatteryNotifier( 1330): batterystats service unavailable!
06-01 16:35:51.660 I/ServiceManager( 1332): Waiting for service media.camera.proxy...
06-01 16:36:02.668 E/SurfaceFlinger( 1325): ro.sf.lcd_density must be defined as a build property
06-01 16:36:02.738 D/libEGL  ( 1388): Emulator without GPU support detected. Fallback to legacy software renderer, qemu.gles is set to 0.
06-01 16:36:02.836 D/libEGL  ( 1388): loaded /system/lib64/egl/libGLES_android.so
06-01 16:36:02.842 D/AndroidRuntime( 1328): >>>>>> START com.android.internal.os.ZygoteInit uid 0 <<<<<<
06-01 16:36:03.306 E/hostapd ( 1502): Configuration file: /system/etc/simulated_hostapd.conf
06-01 16:36:03.398 D/gralloc_ranchu( 1388): Emulator without host-side GPU emulation detected. Loading gralloc.default.so from /vendor/lib64/hw/gralloc.goldfish.default.so...
06-01 16:36:03.413 D/gralloc_ranchu( 1388): gralloc.default.so not found in /vendor. Trying /system/lib64/hw/gralloc.goldfish.default.so...
06-01 16:36:03.574 E/ipv6proxy( 1489): Failed to forward Router Advertisement from eth0 to wlan1: Network is unreachable
06-01 16:36:03.736 I/hostapd ( 1502): rfkill: Cannot get wiphy information
06-01 16:36:03.739 I/hostapd ( 1502): nl80211: Could not re-add multicast membership for vendor events: -2 (No such file or directory)
06-01 16:36:03.741 E/ipv6proxy( 1489): Failed to forward Router Advertisement from eth0 to radio0-peer: Cannot assign requested address
06-01 16:36:03.787 I/hostapd ( 1502): wlan1: interface state UNINITIALIZED->COUNTRY_UPDATE
06-01 16:36:04.416 D/AndroidRuntime( 1328): CheckJNI is ON
06-01 16:36:04.971 I/art     ( 1328): option[0]=-Xzygote
06-01 16:36:04.972 I/art     ( 1328): option[1]=-Xcheck:jni
06-01 16:36:04.972 I/art     ( 1328): option[2]=-Xstacktracefile:/data/anr/traces.txt
06-01 16:36:04.972 I/art     ( 1328): option[3]=exit
06-01 16:36:04.972 I/art     ( 1328): option[4]=vfprintf
06-01 16:36:04.972 I/art     ( 1328): option[5]=sensitiveThread
06-01 16:36:04.972 I/art     ( 1328): option[6]=-verbose:gc
06-01 16:36:04.972 I/art     ( 1328): option[7]=-Xms4m
06-01 16:36:04.972 I/art     ( 1328): option[8]=-Xmx256m
06-01 16:36:04.972 I/art     ( 1328): option[9]=-Xusejit:true
06-01 16:36:04.972 I/art     ( 1328): option[10]=-Xjitsaveprofilinginfo
06-01 16:36:04.972 I/art     ( 1328): option[11]=-agentlib:jdwp=transport=dt_android_adb,suspend=n,server=y
06-01 16:36:04.973 I/art     ( 1328): option[12]=-Xlockprofthreshold:500
06-01 16:36:04.973 I/art     ( 1328): option[13]=-Ximage-compiler-option
06-01 16:36:04.973 I/art     ( 1328): option[14]=--runtime-arg
06-01 16:36:04.973 I/art     ( 1328): option[15]=-Ximage-compiler-option
06-01 16:36:04.973 I/art     ( 1328): option[16]=-Xms64m
06-01 16:36:04.973 I/art     ( 1328): option[17]=-Ximage-compiler-option
06-01 16:36:04.973 I/art     ( 1328): option[18]=--runtime-arg
06-01 16:36:04.973 I/art     ( 1328): option[19]=-Ximage-compiler-option
06-01 16:36:04.973 I/art     ( 1328): option[20]=-Xmx64m
06-01 16:36:04.973 I/art     ( 1328): option[21]=-Ximage-compiler-option
06-01 16:36:04.973 I/art     ( 1328): option[22]=--image-classes=/system/etc/preloaded-classes
06-01 16:36:04.973 I/art     ( 1328): option[23]=-Ximage-compiler-option
06-01 16:36:04.973 I/art     ( 1328): option[24]=--compiled-classes=/system/etc/compiled-classes
06-01 16:36:04.973 I/art     ( 1328): option[25]=-Xcompiler-option
06-01 16:36:04.973 I/art     ( 1328): option[26]=--runtime-arg
06-01 16:36:04.973 I/art     ( 1328): option[27]=-Xcompiler-option
06-01 16:36:04.973 I/art     ( 1328): option[28]=-Xms64m
06-01 16:36:04.974 I/art     ( 1328): option[29]=-Xcompiler-option
06-01 16:36:04.974 I/art     ( 1328): option[30]=--runtime-arg
06-01 16:36:04.974 I/art     ( 1328): option[31]=-Xcompiler-option
06-01 16:36:04.974 I/art     ( 1328): option[32]=-Xmx512m
06-01 16:36:04.974 I/art     ( 1328): option[33]=-Ximage-compiler-option
06-01 16:36:04.974 I/art     ( 1328): option[34]=--instruction-set-variant=x86_64
06-01 16:36:04.974 I/art     ( 1328): option[35]=-Xcompiler-option
06-01 16:36:04.974 I/art     ( 1328): option[36]=--instruction-set-variant=x86_64
06-01 16:36:04.974 I/art     ( 1328): option[37]=-Ximage-compiler-option
06-01 16:36:04.974 I/art     ( 1328): option[38]=--instruction-set-features=default
06-01 16:36:04.974 I/art     ( 1328): option[39]=-Xcompiler-option
06-01 16:36:04.974 I/art     ( 1328): option[40]=--instruction-set-features=default
06-01 16:36:04.974 I/art     ( 1328): option[41]=-Duser.locale=en-US
06-01 16:36:04.974 I/art     ( 1328): option[42]=--cpu-abilist=x86_64
06-01 16:36:04.974 I/art     ( 1328): option[43]=-Xfingerprint:Android/sdk_phone_x86_64/generic_x86_64:7.1.1/NYC/4931657:userdebug/test-keys
06-01 16:36:06.065 D/AndroidRuntime( 1329): >>>>>> START com.android.internal.os.ZygoteInit uid 0 <<<<<<
06-01 16:36:06.752 D/AndroidRuntime( 1329): CheckJNI is ON
06-01 16:36:07.030 I/art     ( 1329): option[0]=-Xzygote
06-01 16:36:07.031 I/art     ( 1329): option[1]=-Xcheck:jni
06-01 16:36:07.031 I/art     ( 1329): option[2]=-Xstacktracefile:/data/anr/traces.txt
06-01 16:36:07.031 I/art     ( 1329): option[3]=exit
06-01 16:36:07.031 I/art     ( 1329): option[4]=vfprintf
06-01 16:36:07.031 I/art     ( 1329): option[5]=sensitiveThread
06-01 16:36:07.032 I/art     ( 1329): option[6]=-verbose:gc
06-01 16:36:07.032 I/art     ( 1329): option[7]=-Xms4m
06-01 16:36:07.032 I/art     ( 1329): option[8]=-Xmx256m
06-01 16:36:07.032 I/art     ( 1329): option[9]=-Xusejit:true
06-01 16:36:07.032 I/art     ( 1329): option[10]=-Xjitsaveprofilinginfo
06-01 16:36:07.032 I/art     ( 1329): option[11]=-agentlib:jdwp=transport=dt_android_adb,suspend=n,server=y
06-01 16:36:07.032 I/art     ( 1329): option[12]=-Xlockprofthreshold:500
06-01 16:36:07.032 I/art     ( 1329): option[13]=-Ximage-compiler-option
06-01 16:36:07.032 I/art     ( 1329): option[14]=--runtime-arg
06-01 16:36:07.032 I/art     ( 1329): option[15]=-Ximage-compiler-option
06-01 16:36:07.032 I/art     ( 1329): option[16]=-Xms64m
06-01 16:36:07.033 I/art     ( 1329): option[17]=-Ximage-compiler-option
06-01 16:36:07.033 I/art     ( 1329): option[18]=--runtime-arg
06-01 16:36:07.033 I/art     ( 1329): option[19]=-Ximage-compiler-option
06-01 16:36:07.033 I/art     ( 1329): option[20]=-Xmx64m
06-01 16:36:07.033 I/art     ( 1329): option[21]=-Ximage-compiler-option
06-01 16:36:07.033 I/art     ( 1329): option[22]=--image-classes=/system/etc/preloaded-classes
06-01 16:36:07.033 I/art     ( 1329): option[23]=-Ximage-compiler-option
06-01 16:36:07.033 I/art     ( 1329): option[24]=--compiled-classes=/system/etc/compiled-classes
06-01 16:36:07.033 I/art     ( 1329): option[25]=-Xcompiler-option
06-01 16:36:07.033 I/art     ( 1329): option[26]=--runtime-arg
06-01 16:36:07.033 I/art     ( 1329): option[27]=-Xcompiler-option
06-01 16:36:07.033 I/art     ( 1329): option[28]=-Xms64m
06-01 16:36:07.033 I/art     ( 1329): option[29]=-Xcompiler-option
06-01 16:36:07.033 I/art     ( 1329): option[30]=--runtime-arg
06-01 16:36:07.034 I/art     ( 1329): option[31]=-Xcompiler-option
06-01 16:36:07.034 I/art     ( 1329): option[32]=-Xmx512m
06-01 16:36:07.034 I/art     ( 1329): option[33]=-Ximage-compiler-option
06-01 16:36:07.034 I/art     ( 1329): option[34]=--instruction-set-variant=x86
06-01 16:36:07.034 I/art     ( 1329): option[35]=-Xcompiler-option
06-01 16:36:07.034 I/art     ( 1329): option[36]=--instruction-set-variant=x86
06-01 16:36:07.034 I/art     ( 1329): option[37]=-Ximage-compiler-option
06-01 16:36:07.034 I/art     ( 1329): option[38]=--instruction-set-features=default
06-01 16:36:07.034 I/art     ( 1329): option[39]=-Xcompiler-option
06-01 16:36:07.034 I/art     ( 1329): option[40]=--instruction-set-features=default
06-01 16:36:07.034 I/art     ( 1329): option[41]=-Duser.locale=en-US
06-01 16:36:07.034 I/art     ( 1329): option[42]=--cpu-abilist=x86
06-01 16:36:07.035 I/art     ( 1329): option[43]=-Xfingerprint:Android/sdk_phone_x86_64/generic_x86_64:7.1.1/NYC/4931657:userdebug/test-keys
06-01 16:36:07.573 E/ipv6proxy( 1489): Failed to forward Router Advertisement from eth0 to wlan1: Network is unreachable
06-01 16:36:08.810 I/hostapd ( 1502): wlan1: interface state COUNTRY_UPDATE->HT_SCAN
06-01 16:36:10.315 E/hostapd ( 1502): Using interface wlan1 with hwaddr 02:00:00:00:01:00 and ssid "AndroidWifi"
06-01 16:36:10.472 I/hostapd ( 1502): wlan1: interface state HT_SCAN->ENABLED
06-01 16:36:10.473 I/hostapd ( 1502): wlan1: AP-ENABLED 
06-01 16:36:14.811 D/ICU     ( 1328): No timezone override file found: /data/misc/zoneinfo/current/icu/icu_tzdata.dat
06-01 16:36:16.719 D/ICU     ( 1329): No timezone override file found: /data/misc/zoneinfo/current/icu/icu_tzdata.dat
06-01 16:36:21.403 E/memtrack( 1328): Couldn't load memtrack module (No such file or directory)
06-01 16:36:21.404 E/android.os.Debug( 1328): failed to load memtrack module: -2
06-01 16:36:21.461 I/Radio-JNI( 1328): register_android_hardware_Radio DONE
06-01 16:36:22.041 E/memtrack( 1329): Couldn't load memtrack module (No such file or directory)
06-01 16:36:22.042 E/android.os.Debug( 1329): failed to load memtrack module: -2
06-01 16:36:22.102 I/Radio-JNI( 1329): register_android_hardware_Radio DONE
06-01 16:36:22.150 I/SamplingProfilerIntegration( 1328): Profiling disabled.
06-01 16:36:22.300 D/Zygote  ( 1328): begin preload
06-01 16:36:22.301 I/Zygote  ( 1328): Installing ICU cache reference pinning...
06-01 16:36:22.321 I/Zygote  ( 1328): Preloading ICU data...
06-01 16:36:22.781 I/SamplingProfilerIntegration( 1329): Profiling disabled.
06-01 16:36:22.874 D/Zygote  ( 1329): begin preload
06-01 16:36:22.874 I/Zygote  ( 1329): Installing ICU cache reference pinning...
06-01 16:36:23.010 I/Zygote  ( 1329): Preloading ICU data...
06-01 16:36:25.054 I/Zygote  ( 1328): Preloading classes...
06-01 16:36:25.071 I/Zygote  ( 1329): Preloading classes...
06-01 16:36:25.313 W/Zygote  ( 1329): Class not found for preloading: [Landroid.view.Display$ColorTransform;
06-01 16:36:25.495 W/Zygote  ( 1328): Class not found for preloading: [Landroid.view.Display$ColorTransform;
06-01 16:36:36.091 E/Typeface( 1328): Error mapping font file /system/fonts/DroidSansFallback.ttf
06-01 16:36:36.432 E/Typeface( 1329): Error mapping font file /system/fonts/DroidSansFallback.ttf
06-01 16:36:43.843 W/art     ( 1328): Suspending all threads took: 38.904ms
06-01 16:36:44.144 I/art     ( 1329): Background concurrent mark sweep GC freed 21944(2MB) AllocSpace objects, 30(580KB) LOS objects, 34% free, 1932KB/2MB, paused 3.847ms total 721.098ms
06-01 16:36:44.261 I/art     ( 1328): Background concurrent mark sweep GC freed 22040(2MB) AllocSpace objects, 123(2MB) LOS objects, 33% free, 2MB/4MB, paused 44.975ms total 1.105s
06-01 16:36:44.546 I/art     ( 1329): Background sticky concurrent mark sweep GC freed 0(0B) AllocSpace objects, 82(1512KB) LOS objects, 46% free, 1594KB/2MB, paused 708us total 104.468ms
06-01 16:36:44.800 I/art     ( 1329): Background concurrent mark sweep GC freed 2379(1359KB) AllocSpace objects, 18(316KB) LOS objects, 40% free, 1490KB/2MB, paused 707us total 158.734ms
06-01 16:36:44.831 I/art     ( 1328): Thread[1,tid=1328,Native,Thread*=0x76a8b5095a00,peer=0x12c060d0,"main"] recursive attempt to load library "/system/lib64/libmedia_jni.so"
06-01 16:36:44.873 D/MtpDeviceJNI( 1328): register_android_mtp_MtpDevice
06-01 16:36:44.951 I/art     ( 1328): Thread[1,tid=1328,Native,Thread*=0x76a8b5095a00,peer=0x12c060d0,"main"] recursive attempt to load library "/system/lib64/libmedia_jni.so"
06-01 16:36:44.953 I/art     ( 1328): Thread[1,tid=1328,Native,Thread*=0x76a8b5095a00,peer=0x12c060d0,"main"] recursive attempt to load library "/system/lib64/libmedia_jni.so"
06-01 16:36:46.072 I/art     ( 1329): Thread[1,tid=1329,Native,Thread*=0xf1b0b400,peer=0x12c060d0,"main"] recursive attempt to load library "/system/lib/libmedia_jni.so"
06-01 16:36:46.095 D/MtpDeviceJNI( 1329): register_android_mtp_MtpDevice
06-01 16:36:46.097 I/art     ( 1329): Thread[1,tid=1329,Native,Thread*=0xf1b0b400,peer=0x12c060d0,"main"] recursive attempt to load library "/system/lib/libmedia_jni.so"
06-01 16:36:46.099 I/art     ( 1329): Thread[1,tid=1329,Native,Thread*=0xf1b0b400,peer=0x12c060d0,"main"] recursive attempt to load library "/system/lib/libmedia_jni.so"
06-01 16:36:48.578 W/Zygote  ( 1328): Class not found for preloading: android.view.Display$ColorTransform
06-01 16:36:48.579 W/Zygote  ( 1328): Class not found for preloading: android.view.Display$ColorTransform$1
06-01 16:36:48.962 W/Zygote  ( 1329): Class not found for preloading: android.view.Display$ColorTransform
06-01 16:36:48.963 W/Zygote  ( 1329): Class not found for preloading: android.view.Display$ColorTransform$1
06-01 16:36:49.621 W/art     ( 1329): Suspending all threads took: 13.371ms
06-01 16:36:49.661 I/art     ( 1329): Background sticky concurrent mark sweep GC freed 8879(914KB) AllocSpace objects, 1(16KB) LOS objects, 40% free, 1484KB/2MB, paused 14.408ms total 228.056ms
06-01 16:36:51.243 I/art     ( 1328): Background sticky concurrent mark sweep GC freed 15702(2MB) AllocSpace objects, 10(160KB) LOS objects, 65% free, 1600KB/4MB, paused 649us total 221.316ms
06-01 16:36:52.993 I/System  ( 1329): Loaded time zone names for "" in 1006ms (956ms in ICU)
06-01 16:36:53.018 I/System  ( 1328): Loaded time zone names for "" in 1396ms (1388ms in ICU)
06-01 16:36:53.662 I/System  ( 1329): Loaded time zone names for "en_US" in 667ms (610ms in ICU)
06-01 16:36:53.717 I/System  ( 1328): Loaded time zone names for "en_US" in 698ms (642ms in ICU)
06-01 16:36:54.053 W/art     ( 1329): Suspending all threads took: 50.697ms
06-01 16:36:54.281 I/art     ( 1329): Background concurrent mark sweep GC freed 13154(883KB) AllocSpace objects, 2(32KB) LOS objects, 39% free, 1582KB/2MB, paused 51.828ms total 507.202ms
06-01 16:36:55.794 I/Zygote  ( 1328): ...preloaded 4158 classes in 30737ms.
06-01 16:36:55.798 I/art     ( 1328): VMRuntime.preloadDexCaches starting
06-01 16:36:56.263 I/Zygote  ( 1329): ...preloaded 4158 classes in 31157ms.
06-01 16:36:56.269 I/art     ( 1329): VMRuntime.preloadDexCaches starting
06-01 16:36:58.363 I/art     ( 1328): VMRuntime.preloadDexCaches strings total=283712 before=39625 after=39625
06-01 16:36:58.363 I/art     ( 1328): VMRuntime.preloadDexCaches types total=23581 before=7877 after=7904
06-01 16:36:58.363 I/art     ( 1328): VMRuntime.preloadDexCaches fields total=112007 before=40903 after=41117
06-01 16:36:58.363 I/art     ( 1328): VMRuntime.preloadDexCaches methods total=197534 before=82457 after=83017
06-01 16:36:58.363 I/art     ( 1328): VMRuntime.preloadDexCaches finished
06-01 16:36:58.379 I/Zygote  ( 1328): Preloading resources...
06-01 16:36:59.047 I/art     ( 1329): VMRuntime.preloadDexCaches strings total=283712 before=39625 after=39625
06-01 16:36:59.048 I/art     ( 1329): VMRuntime.preloadDexCaches types total=23581 before=7877 after=7904
06-01 16:36:59.048 I/art     ( 1329): VMRuntime.preloadDexCaches fields total=112007 before=40903 after=41117
06-01 16:36:59.048 I/art     ( 1329): VMRuntime.preloadDexCaches methods total=197534 before=82457 after=83017
06-01 16:36:59.048 I/art     ( 1329): VMRuntime.preloadDexCaches finished
06-01 16:36:59.187 I/Zygote  ( 1329): Preloading resources...
06-01 16:37:00.731 W/Resources( 1328): Preloaded drawable resource #0x108025c (android:drawable/dialog_background_material) that varies with configuration!!
06-01 16:37:00.755 W/Resources( 1328): Preloaded drawable resource #0x1080298 (android:drawable/editbox_dropdown_background_dark) that varies with configuration!!
06-01 16:37:01.023 W/Resources( 1328): Preloaded color resource #0x10600e2 (android:color/material_grey_800) that varies with configuration!!
06-01 16:37:01.023 W/Resources( 1328): Preloaded drawable resource #0x10802c9 (android:drawable/floating_popup_background_dark) that varies with configuration!!
06-01 16:37:01.417 W/Resources( 1329): Preloaded drawable resource #0x108025c (android:drawable/dialog_background_material) that varies with configuration!!
06-01 16:37:01.489 W/Resources( 1329): Preloaded drawable resource #0x1080298 (android:drawable/editbox_dropdown_background_dark) that varies with configuration!!
06-01 16:37:01.830 W/Resources( 1329): Preloaded color resource #0x10600e2 (android:color/material_grey_800) that varies with configuration!!
06-01 16:37:01.831 W/Resources( 1329): Preloaded drawable resource #0x10802c9 (android:drawable/floating_popup_background_dark) that varies with configuration!!
06-01 16:37:02.253 I/art     ( 1329): Background sticky concurrent mark sweep GC freed 3835(253KB) AllocSpace objects, 0(0B) LOS objects, 0% free, 2MB/2MB, paused 2.437ms total 217.467ms
06-01 16:37:02.312 W/Resources( 1328): Preloaded drawable resource #0x108030b (android:drawable/ic_clear_disabled) that varies with configuration!!
06-01 16:37:02.315 W/Resources( 1328): Preloaded drawable resource #0x1080310 (android:drawable/ic_clear_normal) that varies with configuration!!
06-01 16:37:02.555 W/Resources( 1328): Preloaded drawable resource #0x1080359 (android:drawable/ic_go) that varies with configuration!!
06-01 16:37:02.702 I/art     ( 1329): Background concurrent mark sweep GC freed 636(44KB) AllocSpace objects, 1(32KB) LOS objects, 54% free, 3MB/7MB, paused 512us total 366.949ms
06-01 16:37:02.752 I/art     ( 1328): Background sticky concurrent mark sweep GC freed 10398(645KB) AllocSpace objects, 1(40KB) LOS objects, 12% free, 3MB/4MB, paused 38.183ms total 258.009ms
06-01 16:37:02.822 V/NatController( 1344): runCmd(/system/bin/iptables -w -F natctrl_FORWARD) res=0
06-01 16:37:02.874 W/Resources( 1328): Preloaded drawable resource #0x1080038 (android:drawable/ic_menu_close_clear_cancel) that varies with configuration!!
06-01 16:37:02.936 W/Resources( 1328): Preloaded drawable resource #0x1080045 (android:drawable/ic_menu_more) that varies with configuration!!
06-01 16:37:02.976 W/Resources( 1329): Preloaded drawable resource #0x108030b (android:drawable/ic_clear_disabled) that varies with configuration!!
06-01 16:37:02.979 W/Resources( 1329): Preloaded drawable resource #0x1080310 (android:drawable/ic_clear_normal) that varies with configuration!!
06-01 16:37:03.165 W/Resources( 1329): Preloaded drawable resource #0x1080359 (android:drawable/ic_go) that varies with configuration!!
06-01 16:37:03.284 W/Resources( 1328): Preloaded drawable resource #0x10804e8 (android:drawable/menu_background_fill_parent_width) that varies with configuration!!
06-01 16:37:03.491 V/NatController( 1344): runCmd(/system/bin/ip6tables -w -F natctrl_FORWARD) res=0
06-01 16:37:03.513 W/Resources( 1329): Preloaded drawable resource #0x1080038 (android:drawable/ic_menu_close_clear_cancel) that varies with configuration!!
06-01 16:37:03.551 W/art     ( 1328): Suspending all threads took: 39.480ms
06-01 16:37:03.603 I/art     ( 1328): Background concurrent mark sweep GC freed 3487(193KB) AllocSpace objects, 3(112KB) LOS objects, 47% free, 4MB/8MB, paused 41.283ms total 241.900ms
06-01 16:37:03.633 W/Resources( 1329): Preloaded drawable resource #0x1080045 (android:drawable/ic_menu_more) that varies with configuration!!
06-01 16:37:04.131 V/NatController( 1344): runCmd(/system/bin/iptables -w -A natctrl_FORWARD -j DROP) res=0
06-01 16:37:04.248 W/Resources( 1329): Preloaded drawable resource #0x10804e8 (android:drawable/menu_background_fill_parent_width) that varies with configuration!!
06-01 16:37:04.761 V/NatController( 1344): runCmd(/system/bin/iptables -w -t nat -F natctrl_nat_POSTROUTING) res=0
06-01 16:37:05.331 V/NatController( 1344): runCmd(/system/bin/ip6tables -w -t raw -F natctrl_raw_PREROUTING) res=0
06-01 16:37:05.889 W/Resources( 1328): Preloaded drawable resource #0x108077e (android:drawable/text_edit_paste_window) that varies with configuration!!
06-01 16:37:05.902 V/NatController( 1344): runCmd(/system/bin/iptables -w -F natctrl_tether_counters) res=1
06-01 16:37:06.044 W/Resources( 1328): Preloaded drawable resource #0x1080096 (android:drawable/toast_frame) that varies with configuration!!
06-01 16:37:06.044 I/Zygote  ( 1328): ...preloaded 114 resources in 7665ms.
06-01 16:37:06.347 W/Resources( 1328): Preloaded color resource #0x106010b (android:color/background_cache_hint_selector_material_dark) that varies with configuration!!
06-01 16:37:06.399 W/Resources( 1328): Preloaded color resource #0x1060110 (android:color/btn_default_material_dark) that varies with configuration!!
06-01 16:37:06.507 W/Resources( 1329): Preloaded drawable resource #0x108077e (android:drawable/text_edit_paste_window) that varies with configuration!!
06-01 16:37:06.521 V/NatController( 1344): runCmd(/system/bin/ip6tables -w -F natctrl_tether_counters) res=1
06-01 16:37:06.554 I/Zygote  ( 1328): ...preloaded 41 resources in 510ms.
06-01 16:37:06.556 D/libEGL  ( 1328): Emulator without GPU support detected. Fallback to legacy software renderer, qemu.gles is set to 0.
06-01 16:37:06.735 W/Resources( 1329): Preloaded drawable resource #0x1080096 (android:drawable/toast_frame) that varies with configuration!!
06-01 16:37:06.735 I/Zygote  ( 1329): ...preloaded 114 resources in 7548ms.
06-01 16:37:06.755 D/libEGL  ( 1328): loaded /system/lib64/egl/libGLES_android.so
06-01 16:37:07.042 W/Resources( 1329): Preloaded color resource #0x106010b (android:color/background_cache_hint_selector_material_dark) that varies with configuration!!
06-01 16:37:07.046 W/Resources( 1329): Preloaded color resource #0x1060110 (android:color/btn_default_material_dark) that varies with configuration!!
06-01 16:37:07.081 V/NatController( 1344): runCmd(/system/bin/iptables -w -X natctrl_tether_counters) res=1
06-01 16:37:07.117 I/Zygote  ( 1329): ...preloaded 41 resources in 355ms.
06-01 16:37:07.119 D/libEGL  ( 1329): Emulator without GPU support detected. Fallback to legacy software renderer, qemu.gles is set to 0.
06-01 16:37:07.418 D/libEGL  ( 1329): loaded /system/lib/egl/libGLES_android.so
06-01 16:37:07.501 V/NatController( 1344): runCmd(/system/bin/ip6tables -w -X natctrl_tether_counters) res=1
06-01 16:37:08.091 V/NatController( 1344): runCmd(/system/bin/iptables -w -N natctrl_tether_counters) res=0
06-01 16:37:08.502 I/Zygote  ( 1328): Preloading shared libraries...
06-01 16:37:08.531 V/NatController( 1344): runCmd(/system/bin/ip6tables -w -N natctrl_tether_counters) res=0
06-01 16:37:08.762 E/Hyphenator( 1328): error loading hyphenation /system/usr/hyphen-data/hyph-as.hyb
06-01 16:37:08.762 E/Hyphenator( 1328): java.io.FileNotFoundException: /system/usr/hyphen-data/hyph-as.hyb: open failed: ENOENT (No such file or directory)
06-01 16:37:08.762 E/Hyphenator( 1328): 	at libcore.io.IoBridge.open(IoBridge.java:455)
06-01 16:37:08.762 E/Hyphenator( 1328): 	at java.io.RandomAccessFile.<init>(RandomAccessFile.java:247)
06-01 16:37:08.762 E/Hyphenator( 1328): 	at android.text.Hyphenator.loadHyphenator(Hyphenator.java:118)
06-01 16:37:08.762 E/Hyphenator( 1328): 	at android.text.Hyphenator.init(Hyphenator.java:224)
06-01 16:37:08.762 E/Hyphenator( 1328): 	at com.android.internal.os.ZygoteInit.preloadTextResources(ZygoteInit.java:252)
06-01 16:37:08.762 E/Hyphenator( 1328): 	at com.android.internal.os.ZygoteInit.preload(ZygoteInit.java:206)
06-01 16:37:08.762 E/Hyphenator( 1328): 	at com.android.internal.os.ZygoteInit.main(ZygoteInit.java:743)
06-01 16:37:08.762 E/Hyphenator( 1328): Caused by: android.system.ErrnoException: open failed: ENOENT (No such file or directory)
06-01 16:37:08.762 E/Hyphenator( 1328): 	at libcore.io.Posix.open(Native Method)
06-01 16:37:08.762 E/Hyphenator( 1328): 	at libcore.io.BlockGuardOs.open(BlockGuardOs.java:187)
06-01 16:37:08.762 E/Hyphenator( 1328): 	at libcore.io.IoBridge.open(IoBridge.java:441)
06-01 16:37:08.762 E/Hyphenator( 1328): 	... 6 more
06-01 16:37:08.765 E/Hyphenator( 1328): error loading hyphenation /system/usr/hyphen-data/hyph-bn.hyb
06-01 16:37:08.765 E/Hyphenator( 1328): java.io.FileNotFoundException: /system/usr/hyphen-data/hyph-bn.hyb: open failed: ENOENT (No such file or directory)
06-01 16:37:08.765 E/Hyphenator( 1328): 	at libcore.io.IoBridge.open(IoBridge.java:455)
06-01 16:37:08.765 E/Hyphenator( 1328): 	at java.io.RandomAccessFile.<init>(RandomAccessFile.java:247)
06-01 16:37:08.765 E/Hyphenator( 1328): 	at android.text.Hyphenator.loadHyphenator(Hyphenator.java:118)
06-01 16:37:08.765 E/Hyphenator( 1328): 	at android.text.Hyphenator.init(Hyphenator.java:224)
06-01 16:37:08.765 E/Hyphenator( 1328): 	at com.android.internal.os.ZygoteInit.preloadTextResources(ZygoteInit.java:252)
06-01 16:37:08.765 E/Hyphenator( 1328): 	at com.android.internal.os.ZygoteInit.preload(ZygoteInit.java:206)
06-01 16:37:08.765 E/Hyphenator( 1328): 	at com.android.internal.os.ZygoteInit.main(ZygoteInit.java:743)
06-01 16:37:08.765 E/Hyphenator( 1328): Caused by: android.system.ErrnoException: open failed: ENOENT (No such file or directory)
06-01 16:37:08.765 E/Hyphenator( 1328): 	at libcore.io.Posix.open(Native Method)
06-01 16:37:08.765 E/Hyphenator( 1328): 	at libcore.io.BlockGuardOs.open(BlockGuardOs.java:187)
06-01 16:37:08.765 E/Hyphenator( 1328): 	at libcore.io.IoBridge.open(IoBridge.java:441)
06-01 16:37:08.765 E/Hyphenator( 1328): 	... 6 more
06-01 16:37:08.767 E/Hyphenator( 1328): error loading hyphenation /system/usr/hyphen-data/hyph-cy.hyb
06-01 16:37:08.767 E/Hyphenator( 1328): java.io.FileNotFoundException: /system/usr/hyphen-data/hyph-cy.hyb: open failed: ENOENT (No such file or directory)
06-01 16:37:08.767 E/Hyphenator( 1328): 	at libcore.io.IoBridge.open(IoBridge.java:455)
06-01 16:37:08.767 E/Hyphenator( 1328): 	at java.io.RandomAccessFile.<init>(RandomAccessFile.java:247)
06-01 16:37:08.767 E/Hyphenator( 1328): 	at android.text.Hyphenator.loadHyphenator(Hyphenator.java:118)
06-01 16:37:08.767 E/Hyphenator( 1328): 	at android.text.Hyphenator.init(Hyphenator.java:224)
06-01 16:37:08.767 E/Hyphenator( 1328): 	at com.android.internal.os.ZygoteInit.preloadTextResources(ZygoteInit.java:252)
06-01 16:37:08.767 E/Hyphenator( 1328): 	at com.android.internal.os.ZygoteInit.preload(ZygoteInit.java:206)
06-01 16:37:08.767 E/Hyphenator( 1328): 	at com.android.internal.os.ZygoteInit.main(ZygoteInit.java:743)
06-01 16:37:08.767 E/Hyphenator( 1328): Caused by: android.system.ErrnoException: open failed: ENOENT (No such file or directory)
06-01 16:37:08.767 E/Hyphenator( 1328): 	at libcore.io.Posix.open(Native Method)
06-01 16:37:08.767 E/Hyphenator( 1328): 	at libcore.io.BlockGuardOs.open(BlockGuardOs.java:187)
06-01 16:37:08.767 E/Hyphenator( 1328): 	at libcore.io.IoBridge.open(IoBridge.java:441)
06-01 16:37:08.767 E/Hyphenator( 1328): 	... 6 more
06-01 16:37:08.768 E/Hyphenator( 1328): error loading hyphenation /system/usr/hyphen-data/hyph-da.hyb
06-01 16:37:08.768 E/Hyphenator( 1328): java.io.FileNotFoundException: /system/usr/hyphen-data/hyph-da.hyb: open failed: ENOENT (No such file or directory)
06-01 16:37:08.768 E/Hyphenator( 1328): 	at libcore.io.IoBridge.open(IoBridge.java:455)
06-01 16:37:08.768 E/Hyphenator( 1328): 	at java.io.RandomAccessFile.<init>(RandomAccessFile.java:247)
06-01 16:37:08.768 E/Hyphenator( 1328): 	at android.text.Hyphenator.loadHyphenator(Hyphenator.java:118)
06-01 16:37:08.768 E/Hyphenator( 1328): 	at android.text.Hyphenator.init(Hyphenator.java:224)
06-01 16:37:08.768 E/Hyphenator( 1328): 	at com.android.internal.os.ZygoteInit.preloadTextResources(ZygoteInit.java:252)
06-01 16:37:08.768 E/Hyphenator( 1328): 	at com.android.internal.os.ZygoteInit.preload(ZygoteInit.java:206)
06-01 16:37:08.768 E/Hyphenator( 1328): 	at com.android.internal.os.ZygoteInit.main(ZygoteInit.java:743)
06-01 16:37:08.768 E/Hyphenator( 1328): Caused by: android.system.ErrnoException: open failed: ENOENT (No such file or directory)
06-01 16:37:08.768 E/Hyphenator( 1328): 	at libcore.io.Posix.open(Native Method)
06-01 16:37:08.768 E/Hyphenator( 1328): 	at libcore.io.BlockGuardOs.open(BlockGuardOs.java:187)
06-01 16:37:08.768 E/Hyphenator( 1328): 	at libcore.io.IoBridge.open(IoBridge.java:441)
06-01 16:37:08.768 E/Hyphenator( 1328): 	... 6 more
06-01 16:37:08.851 E/Hyphenator( 1328): error loading hyphenation /system/usr/hyphen-data/hyph-de-1901.hyb
06-01 16:37:08.851 E/Hyphenator( 1328): java.io.FileNotFoundException: /system/usr/hyphen-data/hyph-de-1901.hyb: open failed: ENOENT (No such file or directory)
06-01 16:37:08.851 E/Hyphenator( 1328): 	at libcore.io.IoBridge.open(IoBridge.java:455)
06-01 16:37:08.851 E/Hyphenator( 1328): 	at java.io.RandomAccessFile.<init>(RandomAccessFile.java:247)
06-01 16:37:08.851 E/Hyphenator( 1328): 	at android.text.Hyphenator.loadHyphenator(Hyphenator.java:118)
06-01 16:37:08.851 E/Hyphenator( 1328): 	at android.text.Hyphenator.init(Hyphenator.java:224)
06-01 16:37:08.851 E/Hyphenator( 1328): 	at com.android.internal.os.ZygoteInit.preloadTextResources(ZygoteInit.java:252)
06-01 16:37:08.851 E/Hyphenator( 1328): 	at com.android.internal.os.ZygoteInit.preload(ZygoteInit.java:206)
06-01 16:37:08.851 E/Hyphenator( 1328): 	at com.android.internal.os.ZygoteInit.main(ZygoteInit.java:743)
06-01 16:37:08.851 E/Hyphenator( 1328): Caused by: android.system.ErrnoException: open failed: ENOENT (No such file or directory)
06-01 16:37:08.851 E/Hyphenator( 1328): 	at libcore.io.Posix.open(Native Method)
06-01 16:37:08.851 E/Hyphenator( 1328): 	at libcore.io.BlockGuardOs.open(BlockGuardOs.java:187)
06-01 16:37:08.851 E/Hyphenator( 1328): 	at libcore.io.IoBridge.open(IoBridge.java:441)
06-01 16:37:08.851 E/Hyphenator( 1328): 	... 6 more
06-01 16:37:08.853 E/Hyphenator( 1328): error loading hyphenation /system/usr/hyphen-data/hyph-de-1996.hyb
06-01 16:37:08.853 E/Hyphenator( 1328): java.io.FileNotFoundException: /system/usr/hyphen-data/hyph-de-1996.hyb: open failed: ENOENT (No such file or directory)
06-01 16:37:08.853 E/Hyphenator( 1328): 	at libcore.io.IoBridge.open(IoBridge.java:455)
06-01 16:37:08.853 E/Hyphenator( 1328): 	at java.io.RandomAccessFile.<init>(RandomAccessFile.java:247)
06-01 16:37:08.853 E/Hyphenator( 1328): 	at android.text.Hyphenator.loadHyphenator(Hyphenator.java:118)
06-01 16:37:08.853 E/Hyphenator( 1328): 	at android.text.Hyphenator.init(Hyphenator.java:224)
06-01 16:37:08.853 E/Hyphenator( 1328): 	at com.android.internal.os.ZygoteInit.preloadTextResources(ZygoteInit.java:252)
06-01 16:37:08.853 E/Hyphenator( 1328): 	at com.android.internal.os.ZygoteInit.preload(ZygoteInit.java:206)
06-01 16:37:08.853 E/Hyphenator( 1328): 	at com.android.internal.os.ZygoteInit.main(ZygoteInit.java:743)
06-01 16:37:08.853 E/Hyphenator( 1328): Caused by: android.system.ErrnoException: open failed: ENOENT (No such file or directory)
06-01 16:37:08.853 E/Hyphenator( 1328): 	at libcore.io.Posix.open(Native Method)
06-01 16:37:08.853 E/Hyphenator( 1328): 	at libcore.io.BlockGuardOs.open(BlockGuardOs.java:187)
06-01 16:37:08.853 E/Hyphenator( 1328): 	at libcore.io.IoBridge.open(IoBridge.java:441)
06-01 16:37:08.853 E/Hyphenator( 1328): 	... 6 more
06-01 16:37:08.855 E/Hyphenator( 1328): error loading hyphenation /system/usr/hyphen-data/hyph-de-ch-1901.hyb
06-01 16:37:08.855 E/Hyphenator( 1328): java.io.FileNotFoundException: /system/usr/hyphen-data/hyph-de-ch-1901.hyb: open failed: ENOENT (No such file or directory)
06-01 16:37:08.855 E/Hyphenator( 1328): 	at libcore.io.IoBridge.open(IoBridge.java:455)
06-01 16:37:08.855 E/Hyphenator( 1328): 	at java.io.RandomAccessFile.<init>(RandomAccessFile.java:247)
06-01 16:37:08.855 E/Hyphenator( 1328): 	at android.text.Hyphenator.loadHyphenator(Hyphenator.java:118)
06-01 16:37:08.855 E/Hyphenator( 1328): 	at android.text.Hyphenator.init(Hyphenator.java:224)
06-01 16:37:08.855 E/Hyphenator( 1328): 	at com.android.internal.os.ZygoteInit.preloadTextResources(ZygoteInit.java:252)
06-01 16:37:08.855 E/Hyphenator( 1328): 	at com.android.internal.os.ZygoteInit.preload(ZygoteInit.java:206)
06-01 16:37:08.855 E/Hyphenator( 1328): 	at com.android.internal.os.ZygoteInit.main(ZygoteInit.java:743)
06-01 16:37:08.855 E/Hyphenator( 1328): Caused by: android.system.ErrnoException: open failed: ENOENT (No such file or directory)
06-01 16:37:08.855 E/Hyphenator( 1328): 	at libcore.io.Posix.open(Native Method)
06-01 16:37:08.855 E/Hyphenator( 1328): 	at libcore.io.BlockGuardOs.open(BlockGuardOs.java:187)
06-01 16:37:08.855 E/Hyphenator( 1328): 	at libcore.io.IoBridge.open(IoBridge.java:441)
06-01 16:37:08.855 E/Hyphenator( 1328): 	... 6 more
06-01 16:37:08.857 E/Hyphenator( 1328): error loading hyphenation /system/usr/hyphen-data/hyph-en-gb.hyb
06-01 16:37:08.857 E/Hyphenator( 1328): java.io.FileNotFoundException: /system/usr/hyphen-data/hyph-en-gb.hyb: open failed: ENOENT (No such file or directory)
06-01 16:37:08.857 E/Hyphenator( 1328): 	at libcore.io.IoBridge.open(IoBridge.java:455)
06-01 16:37:08.857 E/Hyphenator( 1328): 	at java.io.RandomAccessFile.<init>(RandomAccessFile.java:247)
06-01 16:37:08.857 E/Hyphenator( 1328): 	at android.text.Hyphenator.loadHyphenator(Hyphenator.java:118)
06-01 16:37:08.857 E/Hyphenator( 1328): 	at android.text.Hyphenator.init(Hyphenator.java:224)
06-01 16:37:08.857 E/Hyphenator( 1328): 	at com.android.internal.os.ZygoteInit.preloadTextResources(ZygoteInit.java:252)
06-01 16:37:08.857 E/Hyphenator( 1328): 	at com.android.internal.os.ZygoteInit.preload(ZygoteInit.java:206)
06-01 16:37:08.857 E/Hyphenator( 1328): 	at com.android.internal.os.ZygoteInit.main(ZygoteInit.java:743)
06-01 16:37:08.857 E/Hyphenator( 1328): Caused by: android.system.ErrnoException: open failed: ENOENT (No such file or directory)
06-01 16:37:08.857 E/Hyphenator( 1328): 	at libcore.io.Posix.open(Native Method)
06-01 16:37:08.857 E/Hyphenator( 1328): 	at libcore.io.BlockGuardOs.open(BlockGuardOs.java:187)
06-01 16:37:08.857 E/Hyphenator( 1328): 	at libcore.io.IoBridge.open(IoBridge.java:441)
06-01 16:37:08.857 E/Hyphenator( 1328): 	... 6 more
06-01 16:37:08.858 E/Hyphenator( 1328): error loading hyphenation /system/usr/hyphen-data/hyph-en-us.hyb
06-01 16:37:08.858 E/Hyphenator( 1328): java.io.FileNotFoundException: /system/usr/hyphen-data/hyph-en-us.hyb: open failed: ENOENT (No such file or directory)
06-01 16:37:08.858 E/Hyphenator( 1328): 	at libcore.io.IoBridge.open(IoBridge.java:455)
06-01 16:37:08.858 E/Hyphenator( 1328): 	at java.io.RandomAccessFile.<init>(RandomAccessFile.java:247)
06-01 16:37:08.858 E/Hyphenator( 1328): 	at android.text.Hyphenator.loadHyphenator(Hyphenator.java:118)
06-01 16:37:08.858 E/Hyphenator( 1328): 	at android.text.Hyphenator.init(Hyphenator.java:224)
06-01 16:37:08.858 E/Hyphenator( 1328): 	at com.android.internal.os.ZygoteInit.preloadTextResources(ZygoteInit.java:252)
06-01 16:37:08.858 E/Hyphenator( 1328): 	at com.android.internal.os.ZygoteInit.preload(ZygoteInit.java:206)
06-01 16:37:08.858 E/Hyphenator( 1328): 	at com.android.internal.os.ZygoteInit.main(ZygoteInit.java:743)
06-01 16:37:08.858 E/Hyphenator( 1328): Caused by: android.system.ErrnoException: open failed: ENOENT (No such file or directory)
06-01 16:37:08.858 E/Hyphenator( 1328): 	at libcore.io.Posix.open(Native Method)
06-01 16:37:08.858 E/Hyphenator( 1328): 	at libcore.io.BlockGuardOs.open(BlockGuardOs.java:187)
06-01 16:37:08.858 E/Hyphenator( 1328): 	at libcore.io.IoBridge.open(IoBridge.java:441)
06-01 16:37:08.858 E/Hyphenator( 1328): 	... 6 more
06-01 16:37:08.928 E/Hyphenator( 1328): error loading hyphenation /system/usr/hyphen-data/hyph-es.hyb
06-01 16:37:08.928 E/Hyphenator( 1328): java.io.FileNotFoundException: /system/usr/hyphen-data/hyph-es.hyb: open failed: ENOENT (No such file or directory)
06-01 16:37:08.928 E/Hyphenator( 1328): 	at libcore.io.IoBridge.open(IoBridge.java:455)
06-01 16:37:08.928 E/Hyphenator( 1328): 	at java.io.RandomAccessFile.<init>(RandomAccessFile.java:247)
06-01 16:37:08.928 E/Hyphenator( 1328): 	at android.text.Hyphenator.loadHyphenator(Hyphenator.java:118)
06-01 16:37:08.928 E/Hyphenator( 1328): 	at android.text.Hyphenator.init(Hyphenator.java:224)
06-01 16:37:08.928 E/Hyphenator( 1328): 	at com.android.internal.os.ZygoteInit.preloadTextResources(ZygoteInit.java:252)
06-01 16:37:08.928 E/Hyphenator( 1328): 	at com.android.internal.os.ZygoteInit.preload(ZygoteInit.java:206)
06-01 16:37:08.928 E/Hyphenator( 1328): 	at com.android.internal.os.ZygoteInit.main(ZygoteInit.java:743)
06-01 16:37:08.928 E/Hyphenator( 1328): Caused by: android.system.ErrnoException: open failed: ENOENT (No such file or directory)
06-01 16:37:08.928 E/Hyphenator( 1328): 	at libcore.io.Posix.open(Native Method)
06-01 16:37:08.928 E/Hyphenator( 1328): 	at libcore.io.BlockGuardOs.open(BlockGuardOs.java:187)
06-01 16:37:08.928 E/Hyphenator( 1328): 	at libcore.io.IoBridge.open(IoBridge.java:441)
06-01 16:37:08.928 E/Hyphenator( 1328): 	... 6 more
06-01 16:37:08.991 E/Hyphenator( 1328): error loading hyphenation /system/usr/hyphen-data/hyph-et.hyb
06-01 16:37:08.991 E/Hyphenator( 1328): java.io.FileNotFoundException: /system/usr/hyphen-data/hyph-et.hyb: open failed: ENOENT (No such file or directory)
06-01 16:37:08.991 E/Hyphenator( 1328): 	at libcore.io.IoBridge.open(IoBridge.java:455)
06-01 16:37:08.991 E/Hyphenator( 1328): 	at java.io.RandomAccessFile.<init>(RandomAccessFile.java:247)
06-01 16:37:08.991 E/Hyphenator( 1328): 	at android.text.Hyphenator.loadHyphenator(Hyphenator.java:118)
06-01 16:37:08.991 E/Hyphenator( 1328): 	at android.text.Hyphenator.init(Hyphenator.java:224)
06-01 16:37:08.991 E/Hyphenator( 1328): 	at com.android.internal.os.ZygoteInit.preloadTextResources(ZygoteInit.java:252)
06-01 16:37:08.991 E/Hyphenator( 1328): 	at com.android.internal.os.ZygoteInit.preload(ZygoteInit.java:206)
06-01 16:37:08.991 E/Hyphenator( 1328): 	at com.android.internal.os.ZygoteInit.main(ZygoteInit.java:743)
06-01 16:37:08.991 E/Hyphenator( 1328): Caused by: android.system.ErrnoException: open failed: ENOENT (No such file or directory)
06-01 16:37:08.991 E/Hyphenator( 1328): 	at libcore.io.Posix.open(Native Method)
06-01 16:37:08.991 E/Hyphenator( 1328): 	at libcore.io.BlockGuardOs.open(BlockGuardOs.java:187)
06-01 16:37:08.991 E/Hyphenator( 1328): 	at libcore.io.IoBridge.open(IoBridge.java:441)
06-01 16:37:08.991 E/Hyphenator( 1328): 	... 6 more
06-01 16:37:08.993 E/Hyphenator( 1328): error loading hyphenation /system/usr/hyphen-data/hyph-eu.hyb
06-01 16:37:08.993 E/Hyphenator( 1328): java.io.FileNotFoundException: /system/usr/hyphen-data/hyph-eu.hyb: open failed: ENOENT (No such file or directory)
06-01 16:37:08.993 E/Hyphenator( 1328): 	at libcore.io.IoBridge.open(IoBridge.java:455)
06-01 16:37:08.993 E/Hyphenator( 1328): 	at java.io.RandomAccessFile.<init>(RandomAccessFile.java:247)
06-01 16:37:08.993 E/Hyphenator( 1328): 	at android.text.Hyphenator.loadHyphenator(Hyphenator.java:118)
06-01 16:37:08.993 E/Hyphenator( 1328): 	at android.text.Hyphenator.init(Hyphenator.java:224)
06-01 16:37:08.993 E/Hyphenator( 1328): 	at com.android.internal.os.ZygoteInit.preloadTextResources(ZygoteInit.java:252)
06-01 16:37:08.993 E/Hyphenator( 1328): 	at com.android.internal.os.ZygoteInit.preload(ZygoteInit.java:206)
06-01 16:37:08.993 E/Hyphenator( 1328): 	at com.android.internal.os.ZygoteInit.main(ZygoteInit.java:743)
06-01 16:37:08.993 E/Hyphenator( 1328): Caused by: android.system.ErrnoException: open failed: ENOENT (No such file or directory)
06-01 16:37:08.993 E/Hyphenator( 1328): 	at libcore.io.Posix.open(Native Method)
06-01 16:37:08.993 E/Hyphenator( 1328): 	at libcore.io.BlockGuardOs.open(BlockGuardOs.java:187)
06-01 16:37:08.993 E/Hyphenator( 1328): 	at libcore.io.IoBridge.open(IoBridge.java:441)
06-01 16:37:08.993 E/Hyphenator( 1328): 	... 6 more
06-01 16:37:08.995 E/Hyphenator( 1328): error loading hyphenation /system/usr/hyphen-data/hyph-fr.hyb
06-01 16:37:08.995 E/Hyphenator( 1328): java.io.FileNotFoundException: /system/usr/hyphen-data/hyph-fr.hyb: open failed: ENOENT (No such file or directory)
06-01 16:37:08.995 E/Hyphenator( 1328): 	at libcore.io.IoBridge.open(IoBridge.java:455)
06-01 16:37:08.995 E/Hyphenator( 1328): 	at java.io.RandomAccessFile.<init>(RandomAccessFile.java:247)
06-01 16:37:08.995 E/Hyphenator( 1328): 	at android.text.Hyphenator.loadHyphenator(Hyphenator.java:118)
06-01 16:37:08.995 E/Hyphenator( 1328): 	at android.text.Hyphenator.init(Hyphenator.java:224)
06-01 16:37:08.995 E/Hyphenator( 1328): 	at com.android.internal.os.ZygoteInit.preloadTextResources(ZygoteInit.java:252)
06-01 16:37:08.995 E/Hyphenator( 1328): 	at com.android.internal.os.ZygoteInit.preload(ZygoteInit.java:206)
06-01 16:37:08.995 E/Hyphenator( 1328): 	at com.android.internal.os.ZygoteInit.main(ZygoteInit.java:743)
06-01 16:37:08.995 E/Hyphenator( 1328): Caused by: android.system.ErrnoException: open failed: ENOENT (No such file or directory)
06-01 16:37:08.995 E/Hyphenator( 1328): 	at libcore.io.Posix.open(Native Method)
06-01 16:37:08.995 E/Hyphenator( 1328): 	at libcore.io.BlockGuardOs.open(BlockGuardOs.java:187)
06-01 16:37:08.995 E/Hyphenator( 1328): 	at libcore.io.IoBridge.open(IoBridge.java:441)
06-01 16:37:08.995 E/Hyphenator( 1328): 	... 6 more
