06-09 11:18:01.259 W/VibratorService( 2134): Tried to stop vibrating but there is no vibrator device.
06-09 11:18:01.326 I/SystemServer( 2134): StartConsumerIrService
06-09 11:18:01.327 E/ConsumerIrService( 2134): Can't open consumer IR HW Module, error: -2
06-09 11:18:01.333 I/SystemServer( 2134): StartAlarmManagerService
06-09 11:18:01.333 I/SystemServiceManager( 2134): Starting com.android.server.AlarmManagerService
06-09 11:18:01.384 W/AlarmManagerService( 2134): no wall clock RTC found
06-09 11:18:01.386 D/AlarmManagerService( 2134): Kernel timezone updated to 0 minutes west of GMT
06-09 11:18:01.501 I/SystemServer( 2134): InitWatchdog
06-09 11:18:01.503 I/SystemServer( 2134): StartInputManagerService
06-09 11:18:01.513 I/InputManager( 2134): Initializing input manager, mUseDevInputEventForAudioJack=true
06-09 11:18:01.602 I/SystemServer( 2134): StartWindowManagerService
06-09 11:18:02.057 I/WindowManager( 2134): No existing display settings /data/system/display_settings.xml; starting empty
06-09 11:18:02.502 I/SystemServer( 2134): StartVrManagerService
06-09 11:18:02.502 I/SystemServiceManager( 2134): Starting com.android.server.vr.VrManagerService
06-09 11:18:02.513 W/VrManagerService( 2134): init_native: Could not open VR hardware module, error No such file or directory (-2).
06-09 11:18:02.541 I/InputManager( 2134): Starting input manager
06-09 11:18:02.581 I/SystemServer( 2134): No Bluetooth Service (emulator)
06-09 11:18:02.581 I/SystemServer( 2134): ConnectivityMetricsLoggerService
06-09 11:18:02.582 I/SystemServiceManager( 2134): Starting com.android.server.connectivity.MetricsLoggerService
06-09 11:18:02.591 D/EventHub( 2134): No input device configuration file found for device 'Power Button'.
06-09 11:18:02.662 I/SystemServer( 2134): IpConnectivityMetrics
06-09 11:18:02.663 I/SystemServiceManager( 2134): Starting com.android.server.connectivity.IpConnectivityMetrics
06-09 11:18:02.665 I/SystemServer( 2134): PinnerService
06-09 11:18:02.666 I/SystemServiceManager( 2134): Starting com.android.server.PinnerService
06-09 11:18:02.701 I/SystemServiceManager( 2134): Starting com.android.server.InputMethodManagerService$Lifecycle
06-09 11:18:02.766 W/EventHub( 2134): Unable to disable kernel key repeat for /dev/input/event0: Function not implemented
06-09 11:18:02.766 I/EventHub( 2134): New device: id=1, fd=91, path='/dev/input/event0', name='Power Button', classes=0x1, configuration='', keyLayout='/system/usr/keylayout/Generic.kl', keyCharacterMap='/system/usr/keychars/Generic.kcm', builtinKeyboard=false, wakeMechanism=EPOLLWAKEUP, usingClockIoctl=true
06-09 11:18:02.815 W/EventHub( 2134): Unable to disable kernel key repeat for /dev/input/event1: Function not implemented
06-09 11:18:02.815 I/EventHub( 2134): New device: id=2, fd=92, path='/dev/input/event1', name='qwerty2', classes=0x95, configuration='/system/usr/idc/qwerty2.idc', keyLayout='/system/usr/keylayout/qwerty.kl', keyCharacterMap='/system/usr/keychars/qwerty2.kcm', builtinKeyboard=true, wakeMechanism=EPOLLWAKEUP, usingClockIoctl=true
06-09 11:18:02.816 E/EventHub( 2134): could not get driver version for /dev/input/mice, Not a typewriter
06-09 11:18:03.007 I/InputReader( 2134): Device added: id=-1, name='Virtual', sources=0x00000301
06-09 11:18:03.024 I/InputReader( 2134):   Touch device 'qwerty2' could not query the properties of its associated display.  The device will be inoperable until the display size becomes available.
06-09 11:18:03.025 I/InputReader( 2134): Device added: id=0, name='qwerty2', sources=0x80001103
06-09 11:18:03.026 I/InputReader( 2134): Device added: id=1, name='Power Button', sources=0x00000101
06-09 11:18:04.248 I/SystemServer( 2134): StartAccessibilityManagerService
06-09 11:18:04.441 I/ActivityManager( 2134): Config changes=1df8 {1.0 ?mcc?mnc [en_US] ldltr sw360dp w360dp h640dp 480dpi nrml long port ?uimode ?night -touch -keyb/v/h -nav/h s.2}
06-09 11:18:04.565 I/ActivityManager( 2134): Config changes=508 {1.0 ?mcc?mnc [en_US] ldltr sw360dp w360dp h568dp 480dpi nrml port ?uimode ?night finger -keyb/v/h -nav/h s.3}
06-09 11:18:04.741 W/art     ( 2134): Long monitor contention with owner android.ui (2181) at void com.android.server.am.ActivityManagerService$UiHandler.handleMessage(android.os.Message)(ActivityManagerService.java:1724) waiters=1 in void com.android.server.am.ActivityManagerService.updateConfiguration(android.content.res.Configuration) for 171ms
06-09 11:18:04.753 I/SystemServiceManager( 2134): Starting com.android.server.MountService$Lifecycle
06-09 11:18:04.776 I/UsageStatsService( 2134): User[0] Rollover scheduled @ 2020-06-10 11:18:04(1591787884461)
06-09 11:18:04.779 E/AppIdleHistory( 2134): Unable to read app idle file for user 0
06-09 11:18:04.787 I/InputReader( 2134): Reconfiguring input devices.  changes=0x00000004
06-09 11:18:04.787 I/InputReader( 2134): Device reconfigured: id=0, name='qwerty2', size 1080x1920, orientation 0, mode 1, display id 0
06-09 11:18:04.935 D/MountService( 2134): Thinking about init, mSystemReady=false, mDaemonConnected=true
06-09 11:18:04.935 D/MountService( 2134): Thinking about reset, mSystemReady=false, mDaemonConnected=true
06-09 11:18:04.941 I/SystemServiceManager( 2134): Starting com.android.server.UiModeManagerService
06-09 11:18:04.948 I/ActivityManager( 2134): Config changes=200 {1.0 ?mcc?mnc [en_US] ldltr sw360dp w360dp h568dp 480dpi nrml port finger -keyb/v/h -nav/h s.4}
06-09 11:18:04.960 D/MountService( 2134): Thinking about init, mSystemReady=false, mDaemonConnected=true
06-09 11:18:04.960 D/MountService( 2134): Thinking about reset, mSystemReady=false, mDaemonConnected=true
06-09 11:18:04.997 W/PackageManager( 2134): No disk maintenance in 1078760997; running immediately
06-09 11:18:04.998 I/SystemServer( 2134): StartLockSettingsService
06-09 11:18:05.000 I/SystemServiceManager( 2134): Starting com.android.server.LockSettingsService$Lifecycle
06-09 11:18:05.033 D/CryptdConnector( 2134): SND -> {1 cryptfs getfield SystemLocale}
06-09 11:18:05.081 D/CryptdConnector( 2134): RCV <- {200 1 -1}
06-09 11:18:05.112 I/SystemServiceManager( 2134): Starting com.android.server.DeviceIdleController
06-09 11:18:05.142 I/SystemServiceManager( 2134): Starting com.android.server.devicepolicy.DevicePolicyManagerService$Lifecycle
06-09 11:18:05.195 W/MountService( 2134): No primary storage mounted!
06-09 11:18:05.195 D/VoldConnector( 2134): SND -> {1 asec list}
06-09 11:18:05.247 D/VoldConnector( 2134): RCV <- {200 1 asec operation succeeded}
06-09 11:18:05.249 I/PackageManager( 2134): No secure containers found
06-09 11:18:05.259 W/PackageManager( 2134): Unknown permission com.google.android.googleapps.permission.GOOGLE_AUTH in package com.android.providers.calendar
06-09 11:18:05.259 W/PackageManager( 2134): Unknown permission com.google.android.googleapps.permission.GOOGLE_AUTH.cl in package com.android.providers.calendar
06-09 11:18:05.270 W/PackageManager( 2134): Not granting permission android.permission.GLOBAL_SEARCH to package com.android.quicksearchbox (protectionLevel=18 flags=0x3808be45)
06-09 11:18:05.271 W/PackageManager( 2134): Not granting permission android.permission.WRITE_EXTERNAL_STORAGE to package gov.nasa.arc.astrobee.android.gs.manager because it was previously installed without
06-09 11:18:05.271 W/PackageManager( 2134): Not granting permission android.permission.READ_EXTERNAL_STORAGE to package gov.nasa.arc.astrobee.android.gs.manager because it was previously installed without
06-09 11:18:05.272 W/PackageManager( 2134): Unknown permission com.android.launcher.permission.READ_SETTINGS in package com.android.launcher3
06-09 11:18:05.272 W/PackageManager( 2134): Unknown permission com.android.launcher.permission.WRITE_SETTINGS in package com.android.launcher3
06-09 11:18:05.272 W/PackageManager( 2134): Not granting permission android.permission.BIND_APPWIDGET to package com.android.launcher3 (protectionLevel=18 flags=0x3c4bbe45)
06-09 11:18:05.272 W/PackageManager( 2134): Unknown permission com.google.android.googleapps.permission.GOOGLE_AUTH.mail in package com.android.calendar
06-09 11:18:05.272 W/PackageManager( 2134): Unknown permission com.google.android.providers.settings.permission.WRITE_GSETTINGS in package com.android.sdksetup
06-09 11:18:05.274 W/PackageManager( 2134): Unknown permission com.google.android.permission.INSTALL_WEARABLE_PACKAGES in package com.android.packageinstaller
06-09 11:18:05.274 W/PackageManager( 2134): Not granting permission android.permission.DELETE_PACKAGES to package com.svox.pico (protectionLevel=18 flags=0x3808be45)
06-09 11:18:05.274 W/PackageManager( 2134): Not granting permission android.permission.READ_CONTACTS to package com.example.android.apis because it was previously installed without
06-09 11:18:05.274 W/PackageManager( 2134): Not granting permission android.permission.WRITE_CONTACTS to package com.example.android.apis because it was previously installed without
06-09 11:18:05.274 W/PackageManager( 2134): Not granting permission android.permission.ACCESS_COARSE_LOCATION to package com.example.android.apis because it was previously installed without
06-09 11:18:05.274 W/PackageManager( 2134): Not granting permission android.permission.WRITE_EXTERNAL_STORAGE to package com.example.android.apis because it was previously installed without
06-09 11:18:05.274 W/PackageManager( 2134): Not granting permission android.permission.SEND_SMS to package com.example.android.apis because it was previously installed without
06-09 11:18:05.274 W/PackageManager( 2134): Not granting permission android.permission.RECEIVE_SMS to package com.example.android.apis because it was previously installed without
06-09 11:18:05.275 W/PackageManager( 2134): Not granting permission android.permission.RECEIVE_MMS to package com.example.android.apis because it was previously installed without
06-09 11:18:05.275 W/PackageManager( 2134): Not granting permission android.permission.READ_SMS to package com.example.android.apis because it was previously installed without
06-09 11:18:05.275 W/PackageManager( 2134): Not granting permission android.permission.READ_PHONE_STATE to package com.example.android.apis because it was previously installed without
06-09 11:18:05.275 W/PackageManager( 2134): Not granting permission android.permission.RECORD_AUDIO to package com.example.android.apis because it was previously installed without
06-09 11:18:05.275 W/PackageManager( 2134): Not granting permission android.permission.CAMERA to package com.example.android.apis because it was previously installed without
06-09 11:18:05.275 W/PackageManager( 2134): Not granting permission android.permission.READ_EXTERNAL_STORAGE to package com.example.android.apis because it was previously installed without
06-09 11:18:05.275 W/PackageManager( 2134): Unknown permission android.permission.RUN_INSTRUMENTATION in package org.chromium.webview_shell
06-09 11:18:05.276 W/PackageManager( 2134): Unknown permission com.google.android.googleapps.permission.GOOGLE_AUTH in package com.android.settings
06-09 11:18:05.276 W/PackageManager( 2134): Unknown permission com.android.launcher.permission.READ_SETTINGS in package com.android.settings
06-09 11:18:05.276 W/PackageManager( 2134): Unknown permission com.android.launcher.permission.WRITE_SETTINGS in package com.android.settings
06-09 11:18:05.277 W/PackageManager( 2134): Unknown permission com.android.smspush.WAPPUSH_MANAGER_BIND in package com.android.phone
06-09 11:18:05.279 W/PackageManager( 2134): Unknown permission com.google.android.googleapps.permission.ACCESS_GOOGLE_PASSWORD in package com.android.development
06-09 11:18:05.279 W/PackageManager( 2134): Unknown permission com.google.android.googleapps.permission.GOOGLE_AUTH in package com.android.development
06-09 11:18:05.279 W/PackageManager( 2134): Unknown permission com.google.android.googleapps.permission.GOOGLE_AUTH.ALL_SERVICES in package com.android.development
06-09 11:18:05.279 W/PackageManager( 2134): Unknown permission com.google.android.googleapps.permission.GOOGLE_AUTH.YouTubeUser in package com.android.development
06-09 11:18:05.287 W/PackageManager( 2134): Not granting permission android.permission.BIND_APPWIDGET to package com.android.widgetpreview (protectionLevel=18 flags=0x3808be44)
06-09 11:18:05.999 W/art     ( 2134): Long monitor contention with owner MountService (2321) at void com.android.server.pm.PackageManagerService.loadMediaPackages(android.util.ArrayMap, int[], boolean)(PackageManagerService.java:19317) waiters=0 in boolean com.android.server.pm.PackageManagerService.hasSystemFeature(java.lang.String, int) for 706ms
06-09 11:18:06.093 W/MountService( 2134): No primary storage defined yet; hacking together a stub
06-09 11:18:06.130 W/MountService( 2134): No primary storage defined yet; hacking together a stub
06-09 11:18:06.162 I/SystemServer( 2134): StartStatusBarManagerService
06-09 11:18:06.243 W/MountService( 2134): No primary storage mounted!
06-09 11:18:06.244 D/VoldConnector( 2134): SND -> {2 asec list}
06-09 11:18:06.338 I/SystemServer( 2134): StartClipboardService
06-09 11:18:06.399 D/VoldConnector( 2134): RCV <- {200 2 asec operation succeeded}
06-09 11:18:06.425 I/SystemServer( 2134): StartNetworkManagementService
06-09 11:18:06.456 I/MountService( 2134): Running fstrim idle maintenance
06-09 11:18:06.489 D/VoldConnector( 2134): SND -> {3 fstrim dotrim}
06-09 11:18:06.521 I/NetworkManagement( 2134): onDaemonConnected()
06-09 11:18:06.531 D/VoldConnector( 2134): RCV <- {200 3 Command succeeded}
06-09 11:18:06.612 D/vold    ( 1275): Starting trim of /cache
06-09 11:18:06.613 W/vold    ( 1275): Trim failed on /cache: Operation not supported on transport endpoint
06-09 11:18:06.614 D/vold    ( 1275): Starting trim of /data
06-09 11:18:06.615 W/vold    ( 1275): Trim failed on /data: Operation not supported on transport endpoint
06-09 11:18:06.620 D/VoldConnector( 2134): RCV <- {662 /cache -1 -1}
06-09 11:18:06.681 D/VoldConnector( 2134): RCV <- {662 /data -1 -1}
06-09 11:18:06.687 E/VoldConnector( 2134): Error handling '662 /cache -1 -1': java.lang.NullPointerException: Attempt to invoke virtual method 'void android.os.DropBoxManager.addText(java.lang.String, java.lang.String)' on a null object reference
06-09 11:18:06.781 I/SystemServiceManager( 2134): Starting com.android.server.TextServicesManagerService$Lifecycle
06-09 11:18:06.823 E/VoldConnector( 2134): Error handling '662 /data -1 -1': java.lang.NullPointerException: Attempt to invoke virtual method 'void android.os.DropBoxManager.addText(java.lang.String, java.lang.String)' on a null object reference
06-09 11:18:06.920 I/SystemServer( 2134): StartNetworkScoreService
06-09 11:18:06.980 I/SystemServer( 2134): StartNetworkStatsService
06-09 11:18:07.224 W/art     ( 2134): Long monitor contention with owner MountService (2321) at void com.android.server.pm.PackageManagerService.loadMediaPackages(android.util.ArrayMap, int[], boolean)(PackageManagerService.java:19317) waiters=1 in void com.android.server.pm.Settings$RuntimePermissionPersistence.writePermissionsSync(int) for 1.550s
06-09 11:18:07.250 I/SystemServer( 2134): StartNetworkPolicyManagerService
06-09 11:18:07.334 I/SystemServer( 2134): No Wi-Fi NAN Service (NAN support Not Present)
06-09 11:18:07.725 W/art     ( 2134): Verification of void com.android.server.wifi.p2p.WifiP2pService.<init>(android.content.Context) took 209.766ms
06-09 11:18:07.728 I/SystemServiceManager( 2134): Starting com.android.server.wifi.p2p.WifiP2pService
06-09 11:18:07.978 I/WifiP2pService( 2134): Registering wifip2p
06-09 11:18:08.005 I/SystemServiceManager( 2134): Starting com.android.server.wifi.WifiService
06-09 11:18:08.711 I/art     ( 2134): Background sticky concurrent mark sweep GC freed 33015(2MB) AllocSpace objects, 15(300KB) LOS objects, 25% free, 8MB/10MB, paused 9.442ms total 418.124ms
06-09 11:18:09.064 D/HS20    ( 2134): Passpoint is disabled
06-09 11:18:09.479 D/CommandListener( 1335): Clearing all IP addresses on wlan0
06-09 11:18:09.725 D/WifiApConfigStore( 2134): 2G band allowed channels are:1,6,11
06-09 11:18:09.741 W/art     ( 2134): Long monitor contention with owner WifiStateMachine (2335) at boolean com.android.server.wifi.WifiNative.unloadDriverNative()(WifiNative.java:-2) waiters=0 in java.lang.String com.android.server.wifi.WifiNative.doStringCommand(java.lang.String) for 169ms
06-09 11:18:09.742 E/WifiLogger( 2134): no ring buffers found
06-09 11:18:09.743 E/WifiLogger( 2134): Failed to start packet fate monitoring
06-09 11:18:09.818 D/WifiController( 2134): isAirplaneModeOn = true, isWifiEnabled = false, isScanningAvailable = false
06-09 11:18:09.837 I/WifiService( 2134): Registering wifi
06-09 11:18:09.873 I/SystemServiceManager( 2134): Starting com.android.server.wifi.scanner.WifiScanningService
06-09 11:18:09.873 I/WifiScanningService( 2134): Creating wifiscanner
06-09 11:18:09.892 I/WifiScanningService( 2134): Publishing wifiscanner
06-09 11:18:09.896 I/SystemServiceManager( 2134): Starting com.android.server.wifi.RttService
06-09 11:18:09.901 I/RttService( 2134): Creating rttmanager
06-09 11:18:09.905 I/RttService( 2134): Starting rttmanager
06-09 11:18:09.908 I/SystemServer( 2134): StartConnectivityService
06-09 11:18:09.945 D/ConnectivityService( 2134): ConnectivityService starting up
06-09 11:18:09.989 D/ConnectivityService( 2134): wifiOnly=false
06-09 11:18:10.101 I/SystemServer( 2134): StartNsdService
06-09 11:18:10.131 I/SystemServer( 2134): StartUpdateLockService
06-09 11:18:10.140 I/SystemServiceManager( 2134): Starting com.android.server.RecoverySystemService
06-09 11:18:10.181 I/SystemServiceManager( 2134): Starting com.android.server.notification.NotificationManagerService
06-09 11:18:10.393 D/ConditionProviders.SCP( 2134): new ScheduleConditionProvider()
06-09 11:18:10.492 D/ZenLog  ( 2134): config: readXml,ZenModeConfig[user=0,allowCalls=true,allowRepeatCallers=false,allowMessages=false,allowCallsFrom=contacts,allowMessagesFrom=contacts,allowReminders=true,allowEvents=true,allowWhenScreenOff=true,allowWhenScreenOn=true,automaticRules={370bd6672ef541ba946db9ac4aef0faf=ZenRule[enabled=false,snoozing=false,name=Weeknight,zenMode=ZEN_MODE_ALARMS,conditionId=condition://android/schedule?days=1.2.3.4.5&start=22.0&end=7.0&exitAtAlarm=false,condition=Condition[id=condition://android/schedule?days=1.2.3.4.5&start=22.0&end=7.0&exitAtAlarm=false,summary=...,line1=...,line2=...,icon=0,state=STATE_TRUE,flags=2],component=ComponentInfo{android/com.android.server.notification.ScheduleConditionProvider},id=370bd6672ef541ba946db9ac4aef0faf,creationTime=1590622727817,enabler=null], a53ffdf89c814123a52adbdd46bc948d=ZenRule[enabled=false,snoozing=false,name=Weekend,zenMode=ZEN_MODE_ALARMS,conditionId=condition://android/schedule?days=6.7&start=23.30&end=10.0&exitAtAlarm=false,condition=Condition[id=condition://android/schedule?days=6.7&start=23.30&end=10.0&exitAtAlarm=false,summary=...,line1=...,line2=...,icon=0,state=STATE_FALSE,flags=2],component=ComponentInfo{android/com.android.server.notification.ScheduleConditionProvider},id=a53ffdf89c814123a52adbdd46bc948d,creationTime=1590622727818,enabler=null], fc8bb1aacabb4877a1d1d167106f6e77=ZenRule[enabled=false,snoozing=false,name=Event,zenMode=ZEN_MODE_ALARMS,conditionId=condition://android/event?userId=-10000&calendar=&reply=1,condition=Condition[id=condition://android/event?userId=-10000&calendar=&reply=1,summary=...,line1=...,line2=...,icon=0,state=STATE_FALSE,flags=2],component=ComponentInfo{android/com.android.server.notification.EventConditionProvider},id=fc8bb1aacabb4877a1d1d167106f6e77,creationTime=1590622727822,enabler=null]},manualRule=null],Diff[automaticRule[370bd6672ef541ba946db9ac4aef0faf]:insert,automaticRule[d363868233c8416fa47080f48a3cfa30]:delete,automaticRule[e17d980b3b6f4373ada998323f1db33d]:delete,automaticRule[a53ffdf89c814123a52adbdd46bc948d]:insert,automaticRule[4d14e7fd03c74df680e6240f28c59c47]:delete,automaticRule[fc8bb1aacabb4877a1d1d167106f6e77]:insert]
06-09 11:18:10.607 D/ZenLog  ( 2134): set_zen_mode: off,init
06-09 11:18:10.635 I/SystemServiceManager( 2134): Starting com.android.server.storage.DeviceStorageMonitorService
06-09 11:18:10.676 I/SystemServer( 2134): StartLocationManagerService
06-09 11:18:10.754 I/SystemServer( 2134): StartCountryDetectorService
06-09 11:18:10.781 I/SystemServer( 2134): StartSearchManagerService
06-09 11:18:10.781 I/SystemServiceManager( 2134): Starting com.android.server.search.SearchManagerService$Lifecycle
06-09 11:18:10.801 I/SystemServiceManager( 2134): Starting com.android.server.DropBoxManagerService
06-09 11:18:10.808 I/SystemServer( 2134): StartWallpaperManagerService
06-09 11:18:10.809 I/SystemServiceManager( 2134): Starting com.android.server.wallpaper.WallpaperManagerService$Lifecycle
06-09 11:18:10.868 E/BitmapFactory( 2134): Unable to decode stream: java.io.FileNotFoundException: /data/system/users/0/wallpaper_orig (No such file or directory)
06-09 11:18:10.868 E/WallpaperManagerService( 2134): Invalid wallpaper data
06-09 11:18:10.869 E/WallpaperManagerService( 2134): Unable to apply new wallpaper
06-09 11:18:10.917 I/SystemServer( 2134): StartAudioService
06-09 11:18:10.918 I/SystemServiceManager( 2134): Starting com.android.server.audio.AudioService$Lifecycle
06-09 11:18:11.113 W/TelecomManager( 2134): Telecom Service not found.
06-09 11:18:11.233 D/PermissionCache( 1325): checking android.permission.MODIFY_AUDIO_SETTINGS for uid=1000 => granted (29950 us)
06-09 11:18:11.247 D/PermissionCache( 1325): checking android.permission.MODIFY_AUDIO_SETTINGS for uid=1000 => granted (87936 us)
06-09 11:18:11.315 W/AudioFlinger( 1325): no wake lock to update, system not ready yet
06-09 11:18:11.702 I/SystemServiceManager( 2134): Starting com.android.server.DockObserver
06-09 11:18:11.705 W/DockObserver( 2134): This kernel does not have dock station support
06-09 11:18:11.736 I/SystemServer( 2134): StartWiredAccessoryManager
06-09 11:18:11.772 W/WiredAccessoryManager( 2134): This kernel does not have usb audio support
06-09 11:18:11.773 W/WiredAccessoryManager( 2134): This kernel does not have HDMI audio support
06-09 11:18:11.774 I/SystemServiceManager( 2134): Starting com.android.server.midi.MidiService$Lifecycle
06-09 11:18:11.811 I/SystemServiceManager( 2134): Starting com.android.server.usb.UsbService$Lifecycle
06-09 11:18:12.031 I/SystemServer( 2134): StartSerialService
06-09 11:18:12.054 E/HardwarePropertiesManagerService-JNI( 2134): Couldn't load thermal module (No such file or directory)
06-09 11:18:12.091 I/SystemServiceManager( 2134): Starting com.android.server.twilight.TwilightService
06-09 11:18:12.094 I/SystemServiceManager( 2134): Starting com.android.server.job.JobSchedulerService
06-09 11:18:12.313 I/SystemServiceManager( 2134): Starting com.android.server.soundtrigger.SoundTriggerService
06-09 11:18:12.340 I/SystemServiceManager( 2134): Starting com.android.server.backup.BackupManagerService$Lifecycle
06-09 11:18:12.389 I/SystemServiceManager( 2134): Starting com.android.server.appwidget.AppWidgetService
06-09 11:18:12.509 I/SystemServiceManager( 2134): Starting com.android.server.voiceinteraction.VoiceInteractionManagerService
06-09 11:18:12.518 I/SystemServer( 2134): Gesture Launcher Service
06-09 11:18:12.519 I/SystemServiceManager( 2134): Starting com.android.server.GestureLauncherService
06-09 11:18:12.527 I/SystemServiceManager( 2134): Starting com.android.server.SensorNotificationService
06-09 11:18:12.530 I/SystemServiceManager( 2134): Starting com.android.server.ContextHubSystemService
06-09 11:18:12.561 E/ContextHubService( 2134): ** Could not load context_hub module : err No such file or directory
06-09 11:18:12.562 W/ContextHubService( 2134): No Context Hub Module present
06-09 11:18:12.562 I/SystemServer( 2134): StartDiskStatsService
06-09 11:18:12.566 I/SystemServer( 2134): StartSamplingProfilerService
06-09 11:18:12.614 I/SystemServer( 2134): StartNetworkTimeUpdateService
06-09 11:18:12.630 I/SystemServer( 2134): StartCommonTimeManagementService
06-09 11:18:12.635 I/SystemServer( 2134): CertBlacklister
06-09 11:18:12.651 I/SystemServiceManager( 2134): Starting com.android.server.emergency.EmergencyAffordanceService
06-09 11:18:12.657 I/SystemServiceManager( 2134): Starting com.android.server.dreams.DreamManagerService
06-09 11:18:12.675 I/SystemServer( 2134): StartAssetAtlasService
06-09 11:18:12.754 D/AssetAtlas( 2134): Loaded configuration: SliceMinArea (1280x896) flags=0x2 count=91
06-09 11:18:12.772 I/SystemServiceManager( 2134): Starting com.android.server.print.PrintManagerService
06-09 11:18:12.818 I/SystemServiceManager( 2134): Starting com.android.server.restrictions.RestrictionsManagerService
06-09 11:18:12.852 I/SystemServiceManager( 2134): Starting com.android.server.media.MediaSessionService
06-09 11:18:12.874 D/gralloc_ranchu( 2134): Emulator without host-side GPU emulation detected. Loading gralloc.default.so from /vendor/lib64/hw/gralloc.goldfish.default.so...
06-09 11:18:12.878 D/gralloc_ranchu( 2134): gralloc.default.so not found in /vendor. Trying /system/lib64/hw/gralloc.goldfish.default.so...
06-09 11:18:12.917 I/SystemServer( 2134): StartMediaRouterService
06-09 11:18:12.953 I/SystemServiceManager( 2134): Starting com.android.server.trust.TrustManagerService
06-09 11:18:13.006 I/SystemServiceManager( 2134): Starting com.android.server.fingerprint.FingerprintService
06-09 11:18:13.143 D/PermissionCache( 1339): checking android.permission.MANAGE_FINGERPRINT for uid=1000 => granted (71890 us)
06-09 11:18:13.155 V/fingerprintd( 1339): nativeOpenHal()
06-09 11:18:13.252 D/FingerprintHal( 1339): ----------------> fingerprint_open ----------------->
06-09 11:18:13.254 E/fingerprintd( 1339): Wrong fp version. Expected 512, got 513
06-09 11:18:13.255 D/FingerprintHal( 1339): ----------------> set_notify_callback ----------------->
06-09 11:18:13.255 D/FingerprintHal( 1339): fingerprint callback notification set
06-09 11:18:13.255 V/fingerprintd( 1339): fingerprint HAL successfully initialized
06-09 11:18:13.260 V/fingerprintd( 1339): setActiveGroup(0, /data/system/users/0/fpdata, 27)
06-09 11:18:13.270 D/FingerprintHal( 1339): ----------------> fingerprint_set_active_group -----------------> path /data/system/users/0/fpdata
06-09 11:18:13.271 D/FingerprintHal( 1339): ----------------> loadFingerprints ----------------->
06-09 11:18:13.271 E/FingerprintHal( 1339): Could not load fingerprints from storage at /data/system/users/0/fpdata/emufp.bin; it has not yet been created.
06-09 11:18:13.272 D/FingerprintHal( 1339): ----------------> loadAuthenticatorId ----------------->
06-09 11:18:13.286 D/FingerprintHal( 1339): Read authenticator id (0x6b8b4567327b23c6)
06-09 11:18:13.288 D/FingerprintHal( 1339): ----------------> listenerFunction ----------------->
06-09 11:18:13.289 D/FingerprintHal( 1339): ----------------> fingerprint_get_auth_id ----------------->
06-09 11:18:13.290 D/FingerprintHal( 1339): ----------------> fingerprint_get_auth_id auth id 6b8b4567327b23c6----------------->
06-09 11:18:13.302 V/FingerprintService( 2134): Fingerprint HAL id: 135221748219904
06-09 11:18:13.320 I/SystemServer( 2134): StartBackgroundDexOptService
06-09 11:18:13.362 I/SystemServiceManager( 2134): Starting com.android.server.pm.ShortcutService$Lifecycle
06-09 11:18:13.428 I/SystemServiceManager( 2134): Starting com.android.server.pm.LauncherAppsService
06-09 11:18:13.484 I/SystemServiceManager( 2134): Starting com.android.server.media.projection.MediaProjectionManagerService
06-09 11:18:13.527 V/MediaRouter( 2134): Adding route: RouteInfo{ name=Phone, description=null, status=null, category=RouteCategory{ name=null types=ROUTE_TYPE_LIVE_AUDIO ROUTE_TYPE_LIVE_VIDEO  groupable=false }, supportedTypes=ROUTE_TYPE_LIVE_AUDIO ROUTE_TYPE_LIVE_VIDEO , presentationDisplay=null }
06-09 11:18:13.562 W/AssetAtlasService( 2134): Could not find EGL configuration
06-09 11:18:13.566 D/AssetAtlas( 2134): Rendered atlas in 478.31ms (424.11+54.20ms)
06-09 11:18:13.583 W/art     ( 2134): Suspending all threads took: 11.193ms
06-09 11:18:13.604 V/MediaRouter( 2134): Updating audio routes: AudioRoutesInfo{ type=SPEAKER }
06-09 11:18:13.651 V/MediaRouter( 2134): Selecting route: RouteInfo{ name=Phone, description=null, status=null, category=RouteCategory{ name=null types=ROUTE_TYPE_LIVE_AUDIO ROUTE_TYPE_LIVE_VIDEO  groupable=false }, supportedTypes=ROUTE_TYPE_LIVE_AUDIO ROUTE_TYPE_LIVE_VIDEO , presentationDisplay=null }
06-09 11:18:13.660 I/WindowManager( 2134): SAFE MODE not enabled
06-09 11:18:13.671 I/SystemServiceManager( 2134): Starting com.android.server.MmsServiceBroker
06-09 11:18:13.694 W/VibratorService( 2134): Tried to stop vibrating but there is no vibrator device.
06-09 11:18:13.775 I/art     ( 2134): Background partial concurrent mark sweep GC freed 18249(1337KB) AllocSpace objects, 4(80KB) LOS objects, 24% free, 12MB/16MB, paused 14.623ms total 744.555ms
06-09 11:18:14.540 E/LockSettingsStorage( 2134): Cannot read file java.io.FileNotFoundException: /data/system/gatekeeper.password.key: open failed: ENOENT (No such file or directory)
06-09 11:18:14.573 E/LockSettingsStorage( 2134): Cannot read file java.io.FileNotFoundException: /data/system/password.key: open failed: ENOENT (No such file or directory)
06-09 11:18:14.575 E/LockSettingsStorage( 2134): Cannot read file java.io.FileNotFoundException: /data/system/gatekeeper.pattern.key: open failed: ENOENT (No such file or directory)
06-09 11:18:14.576 E/LockSettingsStorage( 2134): Cannot read file java.io.FileNotFoundException: /data/system/gatekeeper.gesture.key: open failed: ENOENT (No such file or directory)
06-09 11:18:14.578 E/LockSettingsStorage( 2134): Cannot read file java.io.FileNotFoundException: /data/system/gesture.key: open failed: ENOENT (No such file or directory)
06-09 11:18:14.578 I/SystemServiceManager( 2134): Starting phase 480
06-09 11:18:14.696 I/DevicePolicyManagerService( 2134): Set ro.device_owner property to false
06-09 11:18:14.752 I/SystemServiceManager( 2134): Starting phase 500
06-09 11:18:14.795 D/ConnectivityMetricsLoggerService( 2134): onBootPhase: PHASE_SYSTEM_SERVICES_READY
06-09 11:18:14.902 I/WifiService( 2134): WifiService starting up with Wi-Fi disabled
06-09 11:18:14.916 I/WifiScanningService( 2134): Starting wifiscanner
06-09 11:18:14.986 I/RttService( 2134): Registering rttmanager
06-09 11:18:15.071 D/ZenLog  ( 2134): config: cleanUpZenRules,ZenModeConfig[user=0,allowCalls=true,allowRepeatCallers=false,allowMessages=false,allowCallsFrom=contacts,allowMessagesFrom=contacts,allowReminders=true,allowEvents=true,allowWhenScreenOff=true,allowWhenScreenOn=true,automaticRules={370bd6672ef541ba946db9ac4aef0faf=ZenRule[enabled=false,snoozing=false,name=Weeknight,zenMode=ZEN_MODE_ALARMS,conditionId=condition://android/schedule?days=1.2.3.4.5&start=22.0&end=7.0&exitAtAlarm=false,condition=Condition[id=condition://android/schedule?days=1.2.3.4.5&start=22.0&end=7.0&exitAtAlarm=false,summary=...,line1=...,line2=...,icon=0,state=STATE_TRUE,flags=2],component=ComponentInfo{android/com.android.server.notification.ScheduleConditionProvider},id=370bd6672ef541ba946db9ac4aef0faf,creationTime=1590622727817,enabler=null], a53ffdf89c814123a52adbdd46bc948d=ZenRule[enabled=false,snoozing=false,name=Weekend,zenMode=ZEN_MODE_ALARMS,conditionId=condition://android/schedule?days=6.7&start=23.30&end=10.0&exitAtAlarm=false,condition=Condition[id=condition://android/schedule?days=6.7&start=23.30&end=10.0&exitAtAlarm=false,summary=...,line1=...,line2=...,icon=0,state=STATE_FALSE,flags=2],component=ComponentInfo{android/com.android.server.notification.ScheduleConditionProvider},id=a53ffdf89c814123a52adbdd46bc948d,creationTime=1590622727818,enabler=null], fc8bb1aacabb4877a1d1d167106f6e77=ZenRule[enabled=false,snoozing=false,name=Event,zenMode=ZEN_MODE_ALARMS,conditionId=condition://android/event?userId=-10000&calendar=&reply=1,condition=Condition[id=condition://android/event?userId=-10000&calendar=&reply=1,summary=...,line1=...,line2=...,icon=0,state=STATE_FALSE,flags=2],component=ComponentInfo{android/com.android.server.notification.EventConditionProvider},id=fc8bb1aacabb4877a1d1d167106f6e77,creationTime=1590622727822,enabler=null]},manualRule=null],Diff[]
06-09 11:18:15.072 D/ZenLog  ( 2134): set_zen_mode: off,onSystemReady
06-09 11:18:15.103 D/PermissionCache( 1325): checking android.permission.CAPTURE_AUDIO_HOTWORD for uid=1000 => granted (1011 us)
06-09 11:18:15.105 W/SoundTriggerHelper( 2134): listModules status=0, # of modules=0
06-09 11:18:15.106 D/ContextHubSystemService( 2134): onBootPhase: PHASE_SYSTEM_SERVICES_READY
06-09 11:18:15.653 W/KeyguardServiceDelegate( 2134): onScreenTurningOn(): no keyguard service!
06-09 11:18:15.704 V/UserManagerService( 2134): Found /data/user_de/0 with serial number 0
06-09 11:18:15.705 V/UserManagerService( 2134): Found /data/user/0 with serial number 0
06-09 11:18:15.706 V/UserManagerService( 2134): Found /data/system_de/0 with serial number 0
06-09 11:18:15.706 V/UserManagerService( 2134): Found /data/system_ce/0 with serial number 0
06-09 11:18:16.305 I/ActivityManager( 2134): System now ready
06-09 11:18:16.392 I/SystemServer( 2134): Making services ready
06-09 11:18:16.392 I/SystemServiceManager( 2134): Starting phase 550
06-09 11:18:16.654 W/WindowManager( 2134): Keyguard drawn timeout. Setting mKeyguardDrawComplete
06-09 11:18:16.946 E/InputMethodManagerService( 2134): Ignoring updateSystemUiLocked due to an invalid token. uid:1000 token:null
06-09 11:18:17.506 I/Zygote  ( 2134): Process: zygote socket opened, supported ABIS: x86_64
06-09 11:18:17.604 W/ActivityManager( 2134): Slow operation: 141ms so far, now at startProcess: returned from zygote!
06-09 11:18:17.605 W/ActivityManager( 2134): Slow operation: 142ms so far, now at startProcess: done updating battery stats
06-09 11:18:17.606 W/ActivityManager( 2134): Slow operation: 143ms so far, now at startProcess: building log message
06-09 11:18:17.607 I/ActivityManager( 2134): Start proc 2373:com.android.inputmethod.latin/u0a41 for service com.android.inputmethod.latin/.LatinIME
06-09 11:18:17.607 W/ActivityManager( 2134): Slow operation: 144ms so far, now at startProcess: starting to update pids map
06-09 11:18:17.608 W/ActivityManager( 2134): Slow operation: 145ms so far, now at startProcess: done updating pids map
06-09 11:18:17.608 W/ActivityManager( 2134): Slow operation: 147ms so far, now at startProcess: done starting proc!
06-09 11:18:17.631 V/InputMethodManagerService( 2134): Adding window token: android.os.Binder@b699222
06-09 11:18:17.632 D/MountService( 2134): Thinking about init, mSystemReady=true, mDaemonConnected=true
06-09 11:18:17.647 E/BitmapFactory( 2134): Unable to decode stream: java.io.FileNotFoundException: /data/system/users/0/wallpaper_orig (No such file or directory)
06-09 11:18:17.647 E/WallpaperManagerService( 2134): Invalid wallpaper data
06-09 11:18:17.647 E/WallpaperManagerService( 2134): Unable to apply new wallpaper
06-09 11:18:17.672 D/MountService( 2134): Setting up emulation state, initlocked=false
06-09 11:18:17.673 D/CryptdConnector( 2134): SND -> {2 cryptfs unlock_user_key 0 0 ! !}
06-09 11:18:17.677 D/vold    ( 1275): e4crypt_unlock_user_key 0 serial=0 token_present=0
06-09 11:18:17.679 D/CryptdConnector( 2134): RCV <- {200 2 Command succeeded}
06-09 11:18:17.693 D/MountService( 2134): Thinking about reset, mSystemReady=true, mDaemonConnected=true
06-09 11:18:17.706 D/VoldConnector( 2134): SND -> {4 volume reset}
06-09 11:18:17.729 D/VoldConnector( 2134): RCV <- {651 emulated 7}
06-09 11:18:17.772 D/VoldConnector( 2134): RCV <- {659 emulated}
06-09 11:18:17.773 D/VoldConnector( 2134): RCV <- {650 emulated 2 "" ""}
06-09 11:18:17.774 D/VoldConnector( 2134): RCV <- {651 emulated 0}
06-09 11:18:17.775 D/VoldConnector( 2134): RCV <- {651 public:253,48 7}
06-09 11:18:17.776 D/VoldConnector( 2134): RCV <- {659 public:253,48}
06-09 11:18:17.777 D/VoldConnector( 2134): RCV <- {649 disk:253,48}
06-09 11:18:17.778 D/VoldConnector( 2134): RCV <- {640 disk:253,48 5}
06-09 11:18:17.788 V/MountService( 2134): Found primary storage at VolumeInfo{emulated}:
06-09 11:18:17.788 V/MountService( 2134):     type=EMULATED diskId=null partGuid=null mountFlags=0 mountUserId=-1 
06-09 11:18:17.788 V/MountService( 2134):     state=UNMOUNTED 
06-09 11:18:17.788 V/MountService( 2134):     fsType=null fsUuid=null fsLabel=null 
06-09 11:18:17.788 V/MountService( 2134):     path=null internalPath=null 
06-09 11:18:17.841 D/vold    ( 1275): Recognized experimental block major ID 253 as virtio-blk (emulator's virtual SD card device)
06-09 11:18:17.851 V/vold    ( 1275): /system/bin/sgdisk
06-09 11:18:17.851 V/vold    ( 1275):     --android-dump
06-09 11:18:17.851 V/vold    ( 1275):     /dev/block/vold/disk:253,48
06-09 11:18:17.856 W/art     ( 2373): Unexpected CPU variant for X86 using defaults: x86_64
06-09 11:18:17.860 D/VoldConnector( 2134): RCV <- {641 disk:253,48 549453824}
06-09 11:18:17.862 D/VoldConnector( 2134): RCV <- {642 disk:253,48 Virtual}
06-09 11:18:17.863 D/VoldConnector( 2134): RCV <- {644 disk:253,48 /sys//devices/pci0000:00/0000:00:06.0/virtio3/block/vdd}
06-09 11:18:18.132 W/art     ( 2379): Unexpected CPU variant for X86 using defaults: x86_64
06-09 11:18:19.072 V/vold    ( 1275): DISK mbr
06-09 11:18:19.073 V/vold    ( 1275): 
06-09 11:18:19.124 W/vold    ( 1275): disk:253,48 has unknown partition table; trying entire device
06-09 11:18:19.125 V/vold    ( 1275): /system/bin/blkid
06-09 11:18:19.125 V/vold    ( 1275):     -c
06-09 11:18:19.125 V/vold    ( 1275):     /dev/null
06-09 11:18:19.125 V/vold    ( 1275):     -s
06-09 11:18:19.125 V/vold    ( 1275):     TYPE
06-09 11:18:19.125 V/vold    ( 1275):     -s
06-09 11:18:19.125 V/vold    ( 1275):     UUID
06-09 11:18:19.125 V/vold    ( 1275):     -s
06-09 11:18:19.125 V/vold    ( 1275):     LABEL
06-09 11:18:19.125 V/vold    ( 1275):     /dev/block/vold/disk:253,48
06-09 11:18:19.444 W/ActivityManager( 2134): Slow operation: 203ms so far, now at startProcess: returned from zygote!
06-09 11:18:19.445 W/ActivityManager( 2134): Slow operation: 1703ms so far, now at startProcess: done updating battery stats
06-09 11:18:19.445 W/ActivityManager( 2134): Slow operation: 1703ms so far, now at startProcess: building log message
06-09 11:18:19.445 I/ActivityManager( 2134): Start proc 2379:com.android.systemui/u0a21 for service com.android.systemui/.ImageWallpaper
06-09 11:18:19.446 W/ActivityManager( 2134): Slow operation: 1703ms so far, now at startProcess: starting to update pids map
06-09 11:18:19.446 W/ActivityManager( 2134): Slow operation: 1704ms so far, now at startProcess: done updating pids map
06-09 11:18:19.446 W/ActivityManager( 2134): Slow operation: 1741ms so far, now at startProcess: done starting proc!
06-09 11:18:19.451 W/art     ( 2134): Long monitor contention with owner main (2134) at int com.android.server.am.ActivityManagerService.bindService(android.app.IApplicationThread, android.os.IBinder, android.content.Intent, java.lang.String, android.app.IServiceConnection, int, java.lang.String, int)(ActivityManagerService.java:17301) waiters=1 in void com.android.server.am.ActivityManagerService.dispatchUidsChanged() for 1.707s
06-09 11:18:19.454 W/art     ( 2134): Long monitor contention with owner main (2134) at int com.android.server.am.ActivityManagerService.bindService(android.app.IApplicationThread, android.os.IBinder, android.content.Intent, java.lang.String, android.app.IServiceConnection, int, java.lang.String, int)(ActivityManagerService.java:17301) waiters=0 in void com.android.server.am.ActivityManagerService$MainHandler.handleMessage(android.os.Message) for 1.744s
06-09 11:18:19.455 I/ActivityManager( 2134): Force stopping com.android.providers.media appid=10010 user=-1: vold reset
06-09 11:18:19.473 E/VoldConnector( 2134): NDC event {640 disk:253,48 5} took too long: 1655ms
06-09 11:18:19.475 E/VoldConnector( 2134): NDC event {641 disk:253,48 549453824} processed too late: 1613ms
06-09 11:18:19.477 E/VoldConnector( 2134): NDC event {642 disk:253,48 Virtual} processed too late: 1613ms
06-09 11:18:19.478 E/VoldConnector( 2134): NDC event {644 disk:253,48 /sys//devices/pci0000:00/0000:00:06.0/virtio3/block/vdd} processed too late: 1614ms
06-09 11:18:19.553 D/UsbAlsaManager( 2134): Adding ALSA device AlsaDevice: [card: 0, device: 0, type: 1]
06-09 11:18:19.553 D/UsbAlsaManager( 2134): Adding ALSA device AlsaDevice: [card: 0, device: 0, type: 2]
06-09 11:18:19.603 I/SystemServer( 2134): WebViewFactory preparation
06-09 11:18:19.682 E/BluetoothAdapter( 2134): Bluetooth binder is null
06-09 11:18:19.718 D/WebViewFactory( 2134): Setting new address space to 114394000
06-09 11:18:19.819 E/BluetoothAdapter( 2134): Bluetooth binder is null
06-09 11:18:19.925 W/art     ( 2134): Long monitor contention with owner android.bg (2179) at java.nio.ByteBuffer java.nio.ByteBuffer.allocate(int)(ByteBuffer.java:259) waiters=0 in void com.android.server.pm.ShortcutService.handleOnUidStateChanged(int, int) for 269ms
06-09 11:18:20.003 V/vold    ( 1275): /dev/block/vold/disk:253,48: LABEL="SDCARD" UUID="1EFF-1C1B" TYPE="vfat" 
06-09 11:18:20.004 V/vold    ( 1275): 
06-09 11:18:20.026 D/VoldConnector( 2134): RCV <- {650 public:253,48 0 "disk:253,48" ""}
06-09 11:18:20.041 D/VoldConnector( 2134): RCV <- {651 public:253,48 0}
06-09 11:18:20.045 D/VoldConnector( 2134): RCV <- {643 disk:253,48}
06-09 11:18:20.048 D/VoldConnector( 2134): RCV <- {200 4 Command succeeded}
06-09 11:18:20.061 E/VoldConnector( 2134): NDC Command {4 volume reset} took too long (2354ms)
06-09 11:18:20.063 D/VoldConnector( 2134): SND -> {5 volume user_added 0 0}
06-09 11:18:20.065 D/VoldConnector( 2134): RCV <- {200 5 Command succeeded}
06-09 11:18:20.087 I/Zygote  ( 2134): Process: zygote socket opened, supported ABIS: x86
06-09 11:18:20.123 W/System  ( 2379): ClassLoader referenced unknown path: /system/priv-app/SystemUI/lib/x86_64
06-09 11:18:20.292 I/art     ( 1324): Starting a blocking GC Background
06-09 11:18:20.673 I/art     ( 1324): Background concurrent mark sweep GC freed 114(16KB) AllocSpace objects, 0(0B) LOS objects, 39% free, 6MB/10MB, paused 2.337ms total 344.246ms
06-09 11:18:21.347 W/ActivityManager( 2134): Slow operation: 1473ms so far, now at startProcess: returned from zygote!
06-09 11:18:21.348 W/ActivityManager( 2134): Slow operation: 1474ms so far, now at startProcess: done updating battery stats
06-09 11:18:21.348 W/ActivityManager( 2134): Slow operation: 1474ms so far, now at startProcess: building log message
06-09 11:18:21.348 I/ActivityManager( 2134): Start proc 2413:WebViewLoader-x86/1037 [android.webkit.WebViewFactory$RelroFileCreator] for 
06-09 11:18:21.349 W/ActivityManager( 2134): Slow operation: 1475ms so far, now at startProcess: starting to update pids map
06-09 11:18:21.349 W/ActivityManager( 2134): Slow operation: 1475ms so far, now at startProcess: done updating pids map
06-09 11:18:21.349 W/ActivityManager( 2134): Slow operation: 1475ms so far, now at startProcess: done starting proc!
06-09 11:18:21.363 W/art     ( 2134): Long monitor contention with owner main (2134) at int com.android.server.am.ActivityManagerService.startIsolatedProcess(java.lang.String, java.lang.String[], java.lang.String, java.lang.String, int, java.lang.Runnable)(ActivityManagerService.java:3509) waiters=0 in java.lang.String com.android.server.am.ActivityManagerService.checkContentProviderAccess(java.lang.String, int) for 1.448s
06-09 11:18:21.542 W/ActivityManager( 2134): Slow operation: 158ms so far, now at startProcess: returned from zygote!
06-09 11:18:21.542 W/ActivityManager( 2134): Slow operation: 158ms so far, now at startProcess: done updating battery stats
06-09 11:18:21.543 W/ActivityManager( 2134): Slow operation: 159ms so far, now at startProcess: building log message
06-09 11:18:21.543 I/ActivityManager( 2134): Start proc 2418:WebViewLoader-x86_64/1037 [android.webkit.WebViewFactory$RelroFileCreator] for 
06-09 11:18:21.543 W/ActivityManager( 2134): Slow operation: 159ms so far, now at startProcess: starting to update pids map
06-09 11:18:21.543 W/ActivityManager( 2134): Slow operation: 159ms so far, now at startProcess: done updating pids map
06-09 11:18:21.543 W/ActivityManager( 2134): Slow operation: 194ms so far, now at startProcess: done starting proc!
06-09 11:18:21.549 W/art     ( 2134): Long monitor contention with owner main (2134) at int com.android.server.am.ActivityManagerService.startIsolatedProcess(java.lang.String, java.lang.String[], java.lang.String, java.lang.String, int, java.lang.Runnable)(ActivityManagerService.java:3509) waiters=2 in int com.android.server.am.ActivityManagerService.getAppStartMode(int, java.lang.String) for 1.480s
06-09 11:18:21.551 W/art     ( 2134): Long monitor contention with owner main (2134) at int com.android.server.am.ActivityManagerService.startIsolatedProcess(java.lang.String, java.lang.String[], java.lang.String, java.lang.String, int, java.lang.Runnable)(ActivityManagerService.java:3509) waiters=1 in void com.android.server.am.ActivityManagerService.dispatchUidsChanged() for 1.624s
06-09 11:18:21.556 W/art     ( 2134): Long monitor contention with owner main (2134) at int com.android.server.am.ActivityManagerService.startIsolatedProcess(java.lang.String, java.lang.String[], java.lang.String, java.lang.String, int, java.lang.Runnable)(ActivityManagerService.java:3509) waiters=3 in void com.android.server.am.ActivityManagerService$MainHandler.handleMessage(android.os.Message) for 1.084s
06-09 11:18:21.568 D/NetworkManagement( 2134): enabling bandwidth control
06-09 11:18:21.766 W/art     ( 2134): Long monitor contention with owner main (2134) at int com.android.server.am.ActivityManagerService.startIsolatedProcess(java.lang.String, java.lang.String[], java.lang.String, java.lang.String, int, java.lang.Runnable)(ActivityManagerService.java:3509) waiters=4 in java.lang.String com.android.server.am.ActivityManagerService.checkContentProviderAccess(java.lang.String, int) for 397ms
06-09 11:18:21.882 W/art     ( 2134): Long monitor contention with owner Binder:2134_1 (2156) at void com.android.server.am.ActivityManagerService.publishContentProviders(android.app.IApplicationThread, java.util.List)(ActivityManagerService.java:11160) waiters=2 in void com.android.server.am.ActivityManagerService$MainHandler.handleMessage(android.os.Message) for 324ms
06-09 11:18:21.884 W/art     ( 2134): Long monitor contention with owner Binder:2134_1 (2156) at void com.android.server.am.ActivityManagerService.publishContentProviders(android.app.IApplicationThread, java.util.List)(ActivityManagerService.java:11160) waiters=2 in int com.android.server.am.ActivityManagerService.getAppStartMode(int, java.lang.String) for 327ms
06-09 11:18:21.924 D/VoldConnector( 2134): SND -> {6 volume mount emulated 3 -1}
06-09 11:18:21.946 W/art     ( 2413): Unexpected CPU variant for X86 using defaults: x86
06-09 11:18:22.008 I/AudioFlinger( 1325): systemReady
06-09 11:18:22.273 D/VoldConnector( 2134): RCV <- {651 emulated 1}
06-09 11:18:22.301 D/VoldConnector( 2134): RCV <- {656 emulated /data/media}
06-09 11:18:22.303 D/VoldConnector( 2134): RCV <- {655 emulated /storage/emulated}
06-09 11:18:22.329 W/art     ( 2418): Unexpected CPU variant for X86 using defaults: x86_64
06-09 11:18:22.433 V/vold    ( 1275): Waiting for FUSE to spin up...
06-09 11:18:22.440 W/art     ( 2134): Long monitor contention with owner Binder:2134_1 (2156) at void com.android.server.power.PowerManagerService.finishWakefulnessChangeIfNeededLocked()(PowerManagerService.java:-1) waiters=0 in void com.android.server.power.PowerManagerService.handleSandman() for 140ms
06-09 11:18:22.488 V/vold    ( 1275): Waiting for FUSE to spin up...
06-09 11:18:22.540 V/vold    ( 1275): Waiting for FUSE to spin up...
06-09 11:18:22.592 V/vold    ( 1275): Waiting for FUSE to spin up...
06-09 11:18:22.651 V/vold    ( 1275): Waiting for FUSE to spin up...
06-09 11:18:22.710 V/vold    ( 1275): Waiting for FUSE to spin up...
06-09 11:18:22.761 V/vold    ( 1275): Waiting for FUSE to spin up...
06-09 11:18:22.817 V/vold    ( 1275): Waiting for FUSE to spin up...
06-09 11:18:22.859 V/WebViewFactory( 2418): RelroFileCreator (64bit = true),  32-bit lib: /system/app/webview/webview.apk!/lib/x86/libwebviewchromium.so, 64-bit lib: /system/app/webview/webview.apk!/lib/x86_64/libwebviewchromium.so
06-09 11:18:22.869 V/vold    ( 1275): Waiting for FUSE to spin up...
06-09 11:18:22.926 V/vold    ( 1275): Waiting for FUSE to spin up...
06-09 11:18:22.980 V/vold    ( 1275): Waiting for FUSE to spin up...
06-09 11:18:23.040 V/vold    ( 1275): Waiting for FUSE to spin up...
06-09 11:18:23.100 V/vold    ( 1275): Waiting for FUSE to spin up...
06-09 11:18:23.157 V/vold    ( 1275): Waiting for FUSE to spin up...
06-09 11:18:23.210 V/vold    ( 1275): Waiting for FUSE to spin up...
06-09 11:18:23.270 V/vold    ( 1275): Waiting for FUSE to spin up...
06-09 11:18:23.330 V/vold    ( 1275): Waiting for FUSE to spin up...
06-09 11:18:23.376 V/SystemUIService( 2379): Starting SystemUI services for user 0.
06-09 11:18:23.381 V/vold    ( 1275): Waiting for FUSE to spin up...
06-09 11:18:23.423 E/WVMExtractor( 2134): Failed to open libwvm.so: dlopen failed: library "libwvm.so" not found
06-09 11:18:23.440 V/vold    ( 1275): Waiting for FUSE to spin up...
06-09 11:18:23.500 V/vold    ( 1275): Waiting for FUSE to spin up...
06-09 11:18:23.559 W/sdcard  ( 2426): Device explicitly disabled sdcardfs
06-09 11:18:23.560 V/vold    ( 1275): Waiting for FUSE to spin up...
06-09 11:18:23.618 V/vold    ( 1275): Waiting for FUSE to spin up...
06-09 11:18:23.671 V/vold    ( 1275): Waiting for FUSE to spin up...
06-09 11:18:23.692 I/LatinIME( 2373): Hardware accelerated drawing: true
06-09 11:18:23.740 V/vold    ( 1275): Waiting for FUSE to spin up...
06-09 11:18:23.797 V/vold    ( 1275): Waiting for FUSE to spin up...
