06-09 13:10:18.922 W/art     ( 1766): Long monitor contention with owner android.fg (1831) at java.lang.CharSequence android.content.res.AssetManager.getResourceText(int)(AssetManager.java:159) waiters=0 in android.content.pm.UserInfo com.android.server.pm.UserManagerService.getUserInfoNoChecks(int) for 2.039s
06-09 13:10:18.923 W/art     ( 1766): Long monitor contention with owner android.fg (1831) at android.content.pm.UserInfo com.android.server.am.UserController.getCurrentUser()(UserController.java:1438) waiters=0 in android.content.Intent com.android.server.am.ActivityManagerService.registerReceiver(android.app.IApplicationThread, java.lang.String, android.content.IIntentReceiver, android.content.IntentFilter, java.lang.String, int) for 2.071s
06-09 13:10:18.958 W/art     ( 1766): Long monitor contention with owner android.fg (1831) at android.content.pm.UserInfo com.android.server.am.UserController.getCurrentUser()(UserController.java:1438) waiters=1 in void com.android.server.am.ActivityManagerService$MainHandler.handleMessage(android.os.Message) for 2.102s
06-09 13:10:19.076 W/SystemConfig( 2227): No directory /system/etc/sysconfig, skipping
06-09 13:10:20.421 E/GnssLocationProvider( 1766): no AGPS interface in set_agps_server
06-09 13:10:20.789 V/KeyguardServiceDelegate( 1766): *** Keyguard started
06-09 13:10:20.825 W/art     ( 1766): Long monitor contention with owner ActivityManager (1813) at int com.android.server.am.ActivityManagerService.bindService(android.app.IApplicationThread, android.os.IBinder, android.content.Intent, java.lang.String, android.app.IServiceConnection, int, java.lang.String, int)(ActivityManagerService.java:17301) waiters=2 in android.content.pm.UserInfo com.android.server.am.UserController.getCurrentUser() for 1.045s
06-09 13:10:21.519 D/PhoneSwitcherNetworkRequstListener( 2227): Registering NetworkFactory
06-09 13:10:21.537 I/GnssLocationProvider( 1766): WakeLock released by handleMessage(2, 1, null)
06-09 13:10:21.832 W/art     ( 1766): Long monitor contention with owner android.fg (1831) at android.content.pm.UserInfo com.android.server.am.UserController.getCurrentUser()(UserController.java:1438) waiters=2 in boolean com.android.server.am.ActivityManagerService.isUserRunning(int, int) for 2.749s
06-09 13:10:21.877 W/art     ( 1766): Long monitor contention with owner ActivityManager (1813) at void com.android.server.am.ActivityManagerService$MainHandler.handleMessage(android.os.Message)(ActivityManagerService.java:2048) waiters=2 in java.lang.String com.android.server.am.ActivityManagerService.checkContentProviderAccess(java.lang.String, int) for 2.628s
06-09 13:10:22.011 D/ConnectivityService( 1766): Got NetworkFactory Messenger for PhoneSwitcherNetworkRequstListener
06-09 13:10:22.012 D/ConnectivityService( 1766): Got NetworkFactory Messenger for TelephonyNetworkFactory[0]
06-09 13:10:22.441 I/art     ( 1998): Wrote stack traces to '/data/anr/traces.txt'
06-09 13:10:23.024 W/art     ( 1766): Suspending all threads took: 118.454ms
06-09 13:10:23.047 W/art     ( 1766): Long monitor contention with owner Binder:1766_7 (2282) at android.content.ComponentName com.android.server.am.ActivityManagerService.startService(android.app.IApplicationThread, android.content.Intent, java.lang.String, java.lang.String, int)(ActivityManagerService.java:17161) waiters=1 in java.lang.String com.android.server.am.ActivityManagerService.checkContentProviderAccess(java.lang.String, int) for 578ms
06-09 13:10:23.350 W/KeyguardServiceDelegate( 1766): onScreenTurningOn(): no keyguard service!
06-09 13:10:23.721 W/art     ( 1766): Long monitor contention with owner Binder:1766_7 (2282) at android.content.ComponentName com.android.server.am.ActivityManagerService.startService(android.app.IApplicationThread, android.content.Intent, java.lang.String, java.lang.String, int)(ActivityManagerService.java:17161) waiters=1 in boolean com.android.server.am.ActivityManagerService.isUserRunning(int, int) for 883ms
06-09 13:10:25.481 E/ActivityThread( 1766): Failed to find provider info for com.android.calendar
06-09 13:10:25.483 E/ActivityThread( 1766): Failed to find provider info for com.android.calendar
06-09 13:10:26.087 D/CarrierConfigLoader( 2227): CarrierConfigLoader has started
06-09 13:10:26.142 E/BluetoothAdapter( 2227): Bluetooth binder is null
06-09 13:10:27.013 W/art     ( 2007): Suspending all threads took: 14.370ms
06-09 13:10:27.173 I/art     ( 2007): Background sticky concurrent mark sweep GC freed 18175(2MB) AllocSpace objects, 2(40KB) LOS objects, 30% free, 6MB/10MB, paused 16.526ms total 495.663ms
06-09 13:10:27.324 W/BroadcastQueue( 1766): Timeout of broadcast BroadcastRecord{7e49485 u-1 android.intent.action.TIME_TICK} - receiver=android.app.LoadedApk$ReceiverDispatcher$InnerReceiver@d77b8e, started 10556ms ago
06-09 13:10:27.325 W/BroadcastQueue( 1766): Receiver during timeout: BroadcastFilter{86d2fbc u0 ReceiverList{1390faf 1766 system/1000/u0 local:d77b8e}}
06-09 13:10:27.401 I/art     ( 1766): Explicit concurrent mark sweep GC freed 43354(3MB) AllocSpace objects, 17(5MB) LOS objects, 26% free, 10MB/14MB, paused 124.876ms total 20.327s
06-09 13:10:28.750 W/art     ( 1766): Long monitor contention with owner android.ui (1816) at android.content.res.XmlBlock android.content.res.AssetManager.openXmlBlockAsset(int, java.lang.String)(AssetManager.java:515) waiters=0 in java.lang.CharSequence android.content.res.AssetManager.getResourceText(int) for 649ms
06-09 13:10:28.899 W/art     ( 1766): Long monitor contention with owner Binder:1766_7 (2282) at java.util.List com.android.server.pm.UserManagerService.getUsers(boolean)(UserManagerService.java:539) waiters=0 in android.content.pm.UserInfo com.android.server.pm.UserManagerService.getUserInfoNoChecks(int) for 672ms
06-09 13:10:28.992 I/Telephony( 2227): TtyManager: updateUiTtyMode -1 -> 0
06-09 13:10:29.004 W/ActivityManager( 1766): Slow operation: 905ms so far, now at getContentProviderImpl: after resolveContentProvider
06-09 13:10:29.004 W/art     ( 1766): Long monitor contention with owner Binder:1766_5 (2049) at android.app.IActivityManager$ContentProviderHolder com.android.server.am.ActivityManagerService.getContentProviderImpl(android.app.IApplicationThread, java.lang.String, android.os.IBinder, boolean, int)(ActivityManagerService.java:10666) waiters=0 in boolean com.android.server.am.ActivityManagerService.isUserRunning(int, int) for 257ms
06-09 13:10:29.044 D/AccessibilityManagerService( 1766): Ignoring non-encryption-aware service ComponentInfo{com.example.android.apis/com.example.android.apis.accessibility.ClockBackService}
06-09 13:10:29.044 D/AccessibilityManagerService( 1766): Ignoring non-encryption-aware service ComponentInfo{com.example.android.apis/com.example.android.apis.accessibility.MagnificationService}
06-09 13:10:29.044 D/AccessibilityManagerService( 1766): Ignoring non-encryption-aware service ComponentInfo{com.example.android.apis/com.example.android.apis.accessibility.TaskBackService}
06-09 13:10:29.088 E/ActivityThread( 2227): Failed to find provider info for com.android.contacts
06-09 13:10:29.089 W/CallerInfoCache( 2227): cursor is null
06-09 13:10:29.611 W/WindowManager( 1766): Keyguard drawn timeout. Setting mKeyguardDrawComplete
06-09 13:10:29.921 W/art     ( 1766): Long monitor contention with owner Binder:1766_8 (2299) at int com.android.server.pm.PackageManagerService.checkUidPermission(java.lang.String, int)(PackageManagerService.java:3732) waiters=0 in boolean com.android.server.pm.PackageManagerService.isProtectedBroadcast(java.lang.String) for 141ms
06-09 13:10:29.934 W/VibratorService( 1766): Tried to stop vibrating but there is no vibrator device.
06-09 13:10:30.071 W/art     ( 2227): Long monitor contention with owner RILReceiver0 (2301) at boolean android.os.BinderProxy.transactNative(int, android.os.Parcel, android.os.Parcel, int)(Binder.java:-2) waiters=0 in void com.android.internal.telephony.RIL.acquireWakeLock(com.android.internal.telephony.RILRequest, int) for 188ms
06-09 13:10:30.635 W/WindowManager( 1766): Timeout waiting for drawn: undrawn=[Window{546d4fe u0 KeyguardScrim}]
06-09 13:10:30.645 D/AlarmManagerService( 1766): Kernel timezone updated to 0 minutes west of GMT
06-09 13:10:30.791 W/ActivityManager( 1766): Slow operation: 545ms so far, now at startProcess: returned from zygote!
06-09 13:10:30.791 W/ActivityManager( 1766): Slow operation: 546ms so far, now at startProcess: done updating battery stats
06-09 13:10:30.792 W/ActivityManager( 1766): Slow operation: 547ms so far, now at startProcess: building log message
06-09 13:10:30.792 I/ActivityManager( 1766): Start proc 2382:com.android.cellbroadcastreceiver/u0a4 for broadcast com.android.cellbroadcastreceiver/.CellBroadcastReceiver
06-09 13:10:30.792 W/ActivityManager( 1766): Slow operation: 547ms so far, now at startProcess: starting to update pids map
06-09 13:10:30.793 W/ActivityManager( 1766): Slow operation: 548ms so far, now at startProcess: done updating pids map
06-09 13:10:30.793 W/ActivityManager( 1766): Slow operation: 550ms so far, now at startProcess: done starting proc!
06-09 13:10:30.867 D/AlarmManagerService( 1766): Setting time of day to sec=1591708232
06-09 13:10:32.346 W/AlarmManagerService( 1766): Unable to set rtc to 1591708232: No such device
06-09 13:10:32.699 W/art     ( 1766): Long monitor contention with owner main (1766) at void com.android.server.pm.UserManagerService$MainHandler.handleMessage(android.os.Message)(UserManagerService.java:3290) waiters=0 in android.content.pm.ProviderInfo com.android.server.pm.PackageManagerService.resolveContentProvider(java.lang.String, int, int) for 149ms
06-09 13:10:33.115 W/WindowManager( 1766): Window freeze timeout expired.
06-09 13:10:33.116 W/WindowManager( 1766): Force clearing orientation change: Window{546d4fe u0 KeyguardScrim}
06-09 13:10:33.262 W/art     ( 2382): Unexpected CPU variant for X86 using defaults: x86_64
06-09 13:10:33.362 D/ConditionProviders.SCP( 1766): onReceive android.intent.action.TIME_SET
06-09 13:10:33.379 D/ConditionProviders.SCP( 1766): notifyCondition condition://android/schedule?days=6.7&start=23.30&end=10.0&exitAtAlarm=false STATE_FALSE reason=!meetsSchedule
06-09 13:10:33.381 D/ConditionProviders.SCP( 1766): notifyCondition condition://android/schedule?days=1.2.3.4.5&start=22.0&end=7.0&exitAtAlarm=false STATE_FALSE reason=!meetsSchedule
06-09 13:10:33.394 D/ConditionProviders.SCP( 1766): Scheduling evaluate for Tue Jun 09 22:00:00 UTC 2020 (1591740000000), in +8h49m26s638ms, now=Tue Jun 09 13:10:33 UTC 2020 (1591708233362)
06-09 13:10:33.702 W/art     ( 1766): Long monitor contention with owner android.ui (1816) at int com.android.server.wm.WindowManagerService.relayoutWindow(com.android.server.wm.Session, android.view.IWindow, int, android.view.WindowManager$LayoutParams, int, int, int, int, android.graphics.Rect, android.graphics.Rect, android.graphics.Rect, android.graphics.Rect, android.graphics.Rect, android.graphics.Rect, android.graphics.Rect, android.content.res.Configuration, android.view.Surface)(WindowManagerService.java:2857) waiters=0 in void com.android.server.wm.WindowAnimator$1.doFrame(long) for 356ms
06-09 13:10:34.078 I/Choreographer( 1766): Skipped 163 frames!  The application may be doing too much work on its main thread.
06-09 13:10:36.257 W/art     ( 1766): Long monitor contention with owner BackgroundDexOptService_PostBootUpdate (2404) at void com.android.server.power.PowerManagerService.acquireWakeLockInternal(android.os.IBinder, int, java.lang.String, java.lang.String, android.os.WorkSource, java.lang.String, int, int)(PowerManagerService.java:862) waiters=0 in void com.android.server.power.PowerManagerService.handleSandman() for 119ms
06-09 13:10:37.146 E/ActivityThread( 1766): Failed to find provider info for com.android.calendar
06-09 13:10:37.378 E/ActivityThread( 1766): Failed to find provider info for com.android.calendar
06-09 13:10:39.258 W/System  ( 2382): ClassLoader referenced unknown path: /system/priv-app/CellBroadcastReceiver/lib/x86_64
06-09 13:10:41.169 W/art     ( 1766): Long monitor contention with owner ConditionProviders.ECP (1975) at android.app.IActivityManager$ContentProviderHolder com.android.server.am.ActivityManagerService.getContentProviderImpl(android.app.IApplicationThread, java.lang.String, android.os.IBinder, boolean, int)(ActivityManagerService.java:10666) waiters=0 in android.content.Intent com.android.server.am.ActivityManagerService.registerReceiver(android.app.IApplicationThread, java.lang.String, android.content.IIntentReceiver, android.content.IntentFilter, java.lang.String, int) for 427ms
06-09 13:10:41.186 W/art     ( 1766): Long monitor contention with owner Binder:1766_1 (1790) at int com.android.server.am.ActivityManagerService.broadcastIntent(android.app.IApplicationThread, android.content.Intent, java.lang.String, android.content.IIntentReceiver, int, java.lang.String, android.os.Bundle, java.lang.String[], int, android.os.Bundle, boolean, boolean, int)(ActivityManagerService.java:18551) waiters=2 in void com.android.server.am.BroadcastQueue$BroadcastHandler.handleMessage(android.os.Message) for 2.337s
06-09 13:10:41.680 W/BroadcastQueue( 1766): Timeout of broadcast BroadcastRecord{7e49485 u-1 android.intent.action.TIME_TICK} - receiver=android.os.BinderProxy@60b6318, started 12847ms ago
06-09 13:10:41.681 W/BroadcastQueue( 1766): Receiver during timeout: BroadcastFilter{d542b56 u0 ReceiverList{79ab171 2007 com.android.systemui/10021/u0 remote:60b6318}}
06-09 13:10:41.901 W/art     ( 1766): Long monitor contention with owner Binder:1766_1 (1790) at int com.android.server.am.ActivityManagerService.broadcastIntent(android.app.IApplicationThread, android.content.Intent, java.lang.String, android.content.IIntentReceiver, int, java.lang.String, android.os.Bundle, java.lang.String[], int, android.os.Bundle, boolean, boolean, int)(ActivityManagerService.java:18551) waiters=1 in android.content.IIntentSender com.android.server.am.ActivityManagerService.getIntentSender(int, java.lang.String, android.os.IBinder, java.lang.String, int, android.content.Intent[], java.lang.String[], int, android.os.Bundle, int) for 4.270s
06-09 13:10:41.987 D/PhoneSwitcherNetworkRequstListener( 2227): got request NetworkRequest [ REQUEST id=1, [ Capabilities: INTERNET&NOT_RESTRICTED&TRUSTED&NOT_VPN] ] with score 0
06-09 13:10:42.217 D/TelephonyDebugService( 2227): TelephonyDebugService()
06-09 13:10:42.342 D/CarrierConfigLoader( 2227): mHandler: 12 phoneId: 0
06-09 13:10:43.346 I/Process ( 1766): Sending signal. PID: 2007 SIG: 3
06-09 13:10:43.429 I/art     ( 2007): Thread[3,tid=2023,WaitingInMainSignalCatcherLoop,Thread*=0x702c98c96400,peer=0x12c005e0,"Signal Catcher"]: reacting to signal 3
06-09 13:10:43.429 I/art     ( 2007): 
06-09 13:10:44.473 E/ActivityManager( 1766): ANR in com.android.systemui
06-09 13:10:44.473 E/ActivityManager( 1766): PID: 2007
06-09 13:10:44.473 E/ActivityManager( 1766): Reason: Broadcast of Intent { act=android.intent.action.TIME_TICK flg=0x50000014 (has extras) }
06-09 13:10:44.473 E/ActivityManager( 1766): Load: 0.0 / 0.0 / 0.0
06-09 13:10:44.473 E/ActivityManager( 1766): CPU usage from 28054ms to 0ms ago (2020-06-09 13:10:12.401 to 2020-06-09 13:10:41.930):
06-09 13:10:44.473 E/ActivityManager( 1766):   97% 1321/surfaceflinger: 32% user + 65% kernel / faults: 2 minor
06-09 13:10:44.473 E/ActivityManager( 1766):   27% 1384/bootanimation: 3.6% user + 23% kernel
06-09 13:10:44.473 E/ActivityManager( 1766):   22% 1766/system_server: 2.8% user + 19% kernel / faults: 4278 minor 26 major
06-09 13:10:44.473 E/ActivityManager( 1766):   16% 2248/com.android.settings: 3.1% user + 12% kernel / faults: 83 minor
06-09 13:10:44.473 E/ActivityManager( 1766):   7.2% 2007/com.android.systemui: 1.6% user + 5.5% kernel / faults: 2131 minor 13 major
06-09 13:10:44.473 E/ActivityManager( 1766):   3.3% 2227/com.android.phone: 0.4% user + 2.8% kernel / faults: 1014 minor 16 major
06-09 13:10:44.473 E/ActivityManager( 1766):   1.8% 1324/adbd: 0.3% user + 1.5% kernel / faults: 1087 minor
06-09 13:10:44.473 E/ActivityManager( 1766):   0.9% 1998/com.android.inputmethod.latin: 0% user + 0.9% kernel / faults: 662 minor
06-09 13:10:44.473 E/ActivityManager( 1766):   0.9% 8/rcu_preempt: 0% user + 0.9% kernel
06-09 13:10:44.473 E/ActivityManager( 1766):   0.4% 1320/servicemanager: 0% user + 0.3% kernel
06-09 13:10:44.473 E/ActivityManager( 1766):   0.3% 1267/logd: 0% user + 0.3% kernel / faults: 22 minor
06-09 13:10:44.473 E/ActivityManager( 1766):   0.3% 1325/zygote64: 0% user + 0.3% kernel / faults: 152 minor
06-09 13:10:44.473 E/ActivityManager( 1766):   0.1% 1265/jbd2/vdc-8: 0% user + 0.1% kernel
06-09 13:10:44.473 E/ActivityManager( 1766):   0.1% 1353/logcat: 0% user + 0.1% kernel / faults: 2 minor
06-09 13:10:44.473 E/ActivityManager( 1766):   0.1% 3/ksoftirqd/0: 0% user + 0.1% kernel
06-09 13:10:44.473 E/ActivityManager( 1766):   0.1% 1327/audioserver: 0.1% user + 0% kernel
06-09 13:10:44.473 E/ActivityManager( 1766):   0.1% 17/kworker/u4:1: 0% user + 0.1% kernel
06-09 13:10:44.473 E/ActivityManager( 1766):   0.1% 1337/rild: 0% user + 0.1% kernel / faults: 1 minor
06-09 13:10:44.473 E/ActivityManager( 1766):   0% 1//init: 0% user + 0% kernel
06-09 13:10:44.473 E/ActivityManager( 1766):   0% 12/ksoftirqd/1: 0% user + 0% kernel
06-09 13:10:44.473 E/ActivityManager( 1766):   0% 1339/fingerprintd: 0% user + 0% kernel
06-09 13:10:44.473 E/ActivityManager( 1766):   0% 455/kworker/1:1: 0% user + 0% kernel
06-09 13:10:44.473 E/ActivityManager( 1766):   0% 673/kworker/0:1: 0% user + 0% kernel
06-09 13:10:44.473 E/ActivityManager( 1766):   0% 1255/kworker/0:1H: 0% user + 0% kernel
06-09 13:10:44.473 E/ActivityManager( 1766):   0% 1331/keystore: 0% user + 0% kernel
06-09 13:10:44.473 E/ActivityManager( 1766):   0% 1336/netd: 0% user + 0% kernel / faults: 4 minor
06-09 13:10:44.473 E/ActivityManager( 1766):  +0% 2382/com.android.cellbroadcastreceiver: 0% user + 0% kernel
06-09 13:10:44.473 E/ActivityManager( 1766):  +0% 2415/sh: 0% user + 0% kernel
06-09 13:10:44.473 E/ActivityManager( 1766): 99% TOTAL: 25% user + 73% kernel + 1% softirq
06-09 13:10:44.473 E/ActivityManager( 1766): CPU usage from 238455ms to 238455ms ago (1970-01-01 00:00:00.000 to 1970-01-01 00:00:00.000) with 0% awake:
06-09 13:10:44.473 E/ActivityManager( 1766): 0% TOTAL: 0% user + 0% kernel
06-09 13:10:44.659 W/art     ( 1766): Long monitor contention with owner ConditionProviders.ECP (1975) at boolean android.os.MessageQueue.enqueueMessage(android.os.Message, long)(MessageQueue.java:541) waiters=0 in android.os.Message android.os.MessageQueue.next() for 130ms
06-09 13:10:44.696 I/ActivityManager( 1766): Killing 2007:com.android.systemui/u0a21 (adj -800): bg anr
06-09 13:10:44.858 W/ActivityManager( 1766): Timeout executing service: ServiceRecord{f19da6e u0 com.android.systemui/.keyguard.KeyguardService}
06-09 13:10:44.870 I/ActivityManager( 1766): Skipping duplicate ANR: ProcessRecord{249f860 2007:com.android.systemui/u0a21} executing service com.android.systemui/.keyguard.KeyguardService
06-09 13:10:45.298 I/WindowManager( 1766): WIN DEATH: Window{2b54871 u0 DockedStackDivider}
06-09 13:10:45.349 W/AudioService( 1766): Current remote volume controller died, unregistering
06-09 13:10:45.354 W/VolumeController( 1766): Error calling dismiss
06-09 13:10:45.354 W/VolumeController( 1766): android.os.DeadObjectException
06-09 13:10:45.354 W/VolumeController( 1766): 	at android.os.BinderProxy.transactNative(Native Method)
06-09 13:10:45.354 W/VolumeController( 1766): 	at android.os.BinderProxy.transact(Binder.java:615)
06-09 13:10:45.354 W/VolumeController( 1766): 	at android.media.IVolumeController$Stub$Proxy.dismiss(IVolumeController.java:162)
06-09 13:10:45.354 W/VolumeController( 1766): 	at com.android.server.audio.AudioService$VolumeController.postDismiss(AudioService.java:6138)
06-09 13:10:45.354 W/VolumeController( 1766): 	at com.android.server.audio.AudioService.setVolumeController(AudioService.java:5986)
06-09 13:10:45.354 W/VolumeController( 1766): 	at com.android.server.audio.AudioService$4.binderDied(AudioService.java:5995)
06-09 13:10:45.354 W/VolumeController( 1766): 	at android.os.BinderProxy.sendDeathNotice(Binder.java:688)
06-09 13:10:45.388 W/WallpaperManagerService( 1766): Wallpaper service gone: ComponentInfo{com.android.systemui/com.android.systemui.ImageWallpaper}
06-09 13:10:45.413 I/ActivityManager( 1766): Process com.android.systemui (pid 2007) has died
06-09 13:10:45.414 D/ActivityManager( 1766): cleanUpApplicationRecord -- 2007
06-09 13:10:45.521 W/ActivityManager( 1766): Scheduling restart of crashed service com.android.systemui/.keyguard.KeyguardService in 0ms
06-09 13:10:45.522 W/ActivityManager( 1766): Scheduling restart of crashed service com.android.systemui/.ImageWallpaper in 0ms
06-09 13:10:45.522 W/ActivityManager( 1766): Scheduling restart of crashed service com.android.systemui/.SystemUIService in 0ms
06-09 13:10:45.743 W/ActivityManager( 1766): Re-adding persistent process ProcessRecord{249f860 2007:com.android.systemui/u0a21}
06-09 13:10:46.047 W/art     ( 1766): Long monitor contention with owner Binder:1766_1 (1790) at void com.android.server.wm.WindowState$DeathRecipient.binderDied()(WindowState.java:1806) waiters=0 in void com.android.server.wm.Session.binderDied() for 636ms
06-09 13:10:46.055 W/art     ( 1766): Long monitor contention with owner Binder:1766_1 (1790) at void com.android.server.wm.WindowState$DeathRecipient.binderDied()(WindowState.java:1806) waiters=1 in void com.android.server.wm.WindowManagerService$H.handleMessage(android.os.Message) for 410ms
06-09 13:10:46.322 W/ActivityManager( 1766): Slow operation: 578ms so far, now at startProcess: returned from zygote!
06-09 13:10:46.322 W/ActivityManager( 1766): Slow operation: 579ms so far, now at startProcess: done updating battery stats
06-09 13:10:46.323 W/ActivityManager( 1766): Slow operation: 579ms so far, now at startProcess: building log message
06-09 13:10:46.323 I/ActivityManager( 1766): Start proc 2429:com.android.systemui/u0a21 for restart com.android.systemui
06-09 13:10:46.324 W/ActivityManager( 1766): Slow operation: 580ms so far, now at startProcess: starting to update pids map
06-09 13:10:46.324 W/ActivityManager( 1766): Slow operation: 580ms so far, now at startProcess: done updating pids map
06-09 13:10:46.333 W/art     ( 1766): Long monitor contention with owner Binder:1766_7 (2282) at void com.android.server.am.ActivityManagerService$AppDeathRecipient.binderDied()(ActivityManagerService.java:1475) waiters=0 in void com.android.server.am.ActiveServices$ServiceRestarter.run() for 812ms
06-09 13:10:46.350 W/art     ( 1766): Long monitor contention with owner Binder:1766_7 (2282) at void com.android.server.am.ActivityManagerService$AppDeathRecipient.binderDied()(ActivityManagerService.java:1475) waiters=1 in void com.android.server.am.ActivityManagerService.dispatchUidsChanged() for 558ms
06-09 13:10:46.358 W/art     ( 1766): Long monitor contention with owner Binder:1766_7 (2282) at void com.android.server.am.ActivityManagerService$AppDeathRecipient.binderDied()(ActivityManagerService.java:1475) waiters=2 in android.content.Intent com.android.server.am.ActivityManagerService.registerReceiver(android.app.IApplicationThread, java.lang.String, android.content.IIntentReceiver, android.content.IntentFilter, java.lang.String, int) for 536ms
06-09 13:10:46.576 W/art     ( 2429): Unexpected CPU variant for X86 using defaults: x86_64
06-09 13:10:46.779 W/art     ( 1766): Long monitor contention with owner BackgroundDexOptService_PostBootUpdate (2404) at boolean android.os.MessageQueue.enqueueMessage(android.os.Message, long)(MessageQueue.java:541) waiters=0 in android.os.Message android.os.MessageQueue.next() for 116ms
06-09 13:10:48.136 W/System  ( 2429): ClassLoader referenced unknown path: /system/priv-app/SystemUI/lib/x86_64
06-09 13:10:49.334 V/SystemUIService( 2429): Starting SystemUI services for user 0.
06-09 13:10:50.396 W/WallpaperManagerService( 1766): Wallpaper reconnect timed out, reverting to built-in wallpaper!
06-09 13:10:50.629 W/WindowManager( 1766): ***** BOOT TIMEOUT: forcing display enabled
06-09 13:10:50.639 I/SurfaceFlinger( 1321): Boot is finished (225896 ms)
06-09 13:10:50.821 I/SystemServiceManager( 1766): Starting phase 1000
06-09 13:10:51.026 V/MediaRouter( 2429): Adding route: RouteInfo{ name=Phone, description=null, status=null, category=RouteCategory{ name=null types=ROUTE_TYPE_LIVE_AUDIO ROUTE_TYPE_LIVE_VIDEO  groupable=false }, supportedTypes=ROUTE_TYPE_LIVE_AUDIO ROUTE_TYPE_LIVE_VIDEO , presentationDisplay=null }
06-09 13:10:51.305 W/ActivityManager( 1766): Slow operation: 383ms so far, now at startProcess: returned from zygote!
06-09 13:10:51.306 W/ActivityManager( 1766): Slow operation: 384ms so far, now at startProcess: done updating battery stats
06-09 13:10:51.306 W/ActivityManager( 1766): Slow operation: 385ms so far, now at startProcess: building log message
06-09 13:10:51.307 I/ActivityManager( 1766): Start proc 2448:android.ext.services/u0a12 for on-hold
06-09 13:10:51.307 W/ActivityManager( 1766): Slow operation: 385ms so far, now at startProcess: starting to update pids map
06-09 13:10:51.307 W/ActivityManager( 1766): Slow operation: 385ms so far, now at startProcess: done updating pids map
06-09 13:10:51.320 W/art     ( 2448): Unexpected CPU variant for X86 using defaults: x86_64
06-09 13:10:51.362 D/ActivityManager( 1766): Finishing user boot 0
06-09 13:10:51.388 D/CryptdConnector( 1766): SND -> {3 cryptfs prepare_user_storage ! 0 0 2}
06-09 13:10:51.469 D/vold    ( 1277): e4crypt_prepare_user_storage for volume null, user 0, serial 0, flags 2
06-09 13:10:51.471 D/vold    ( 1277): Preparing: /data/system_ce/0
06-09 13:10:51.471 D/vold    ( 1277): Preparing: /data/misc_ce/0
06-09 13:10:51.471 D/vold    ( 1277): Preparing: /data/media/0
06-09 13:10:51.472 D/vold    ( 1277): Preparing: /data/data
06-09 13:10:51.516 D/CryptdConnector( 1766): RCV <- {200 3 Command succeeded}
06-09 13:10:51.647 V/UserManagerService( 1766): Found /data/user/0 with serial number 0
06-09 13:10:51.648 V/UserManagerService( 1766): Found /data/system_ce/0 with serial number 0
06-09 13:10:51.675 V/PackageManager( 1766): reconcileAppsData for null u0 0x2
06-09 13:10:55.320 V/PackageManager( 1766): reconcileAppsData finished 81 packages
06-09 13:10:55.324 W/art     ( 1766): Long monitor contention with owner android.display (1833) at void com.android.server.am.ActivityManagerService.finishBooting()(ActivityManagerService.java:6823) waiters=0 in android.content.Intent com.android.server.am.ActivityManagerService.registerReceiver(android.app.IApplicationThread, java.lang.String, android.content.IIntentReceiver, android.content.IntentFilter, java.lang.String, int) for 4.295s
06-09 13:10:55.339 W/art     ( 1766): Long monitor contention with owner android.display (1833) at void com.android.server.am.ActivityManagerService.finishBooting()(ActivityManagerService.java:6823) waiters=1 in com.android.server.am.ProcessRecord com.android.server.am.ActivityManagerService.findAppProcess(android.os.IBinder, java.lang.String) for 4.209s
06-09 13:10:55.340 W/art     ( 1766): Long monitor contention with owner android.display (1833) at void com.android.server.am.ActivityManagerService.finishBooting()(ActivityManagerService.java:6823) waiters=2 in android.content.Intent com.android.server.am.ActivityManagerService.registerReceiver(android.app.IApplicationThread, java.lang.String, android.content.IIntentReceiver, android.content.IntentFilter, java.lang.String, int) for 4.169s
06-09 13:10:55.341 W/art     ( 1766): Long monitor contention with owner android.display (1833) at void com.android.server.am.ActivityManagerService.finishBooting()(ActivityManagerService.java:6823) waiters=3 in void com.android.server.am.ActivityManagerService$MainHandler.handleMessage(android.os.Message) for 3.974s
06-09 13:10:55.344 D/MountService( 1766): onUnlockUser 0
06-09 13:10:55.344 D/VoldConnector( 1766): SND -> {8 volume user_started 0}
06-09 13:10:55.345 W/art     ( 1766): Long monitor contention with owner android.display (1833) at void com.android.server.am.ActivityManagerService.finishBooting()(ActivityManagerService.java:6823) waiters=4 in void com.android.server.am.ActivityManagerService.attachApplication(android.app.IApplicationThread) for 3.844s
06-09 13:10:55.429 D/vold    ( 1277): Linking /storage/emulated/0 to /mnt/user/0/primary
06-09 13:10:55.524 D/VoldConnector( 1766): RCV <- {200 8 Command succeeded}
06-09 13:10:55.556 D/MountService( 1766): Volume public:253,48 broadcasting mounted to UserHandle{0}
06-09 13:10:55.664 W/System  ( 2448): ClassLoader referenced unknown path: /system/priv-app/ExtServices/lib/x86_64
06-09 13:10:55.693 W/art     ( 1766): Long monitor contention with owner android.display (1833) at void com.android.server.am.ActivityManagerService.finishBooting()(ActivityManagerService.java:6823) waiters=5 in void com.android.server.am.ActivityManagerService$3.handleMessage(android.os.Message) for 3.644s
06-09 13:10:55.709 D/MountService( 1766): Volume emulated broadcasting mounted to UserHandle{0}
06-09 13:10:55.740 V/MediaRouter( 2429): Updating audio routes: AudioRoutesInfo{ type=SPEAKER }
06-09 13:10:55.996 V/MediaRouter( 2429): Selecting route: RouteInfo{ name=Phone, description=null, status=null, category=RouteCategory{ name=null types=ROUTE_TYPE_LIVE_AUDIO ROUTE_TYPE_LIVE_VIDEO  groupable=false }, supportedTypes=ROUTE_TYPE_LIVE_AUDIO ROUTE_TYPE_LIVE_VIDEO , presentationDisplay=null }
06-09 13:10:56.413 I/SyncManager( 1766): Got SyncJobService instance.
06-09 13:10:56.702 V/BackupManagerService( 1766): No ancestral data
06-09 13:10:57.678 W/art     ( 1766): Long monitor contention with owner ActivityManager (1813) at android.content.pm.ParceledListSlice com.android.server.pm.PackageManagerService.getInstalledPackages(int, int)(PackageManagerService.java:6173) waiters=0 in boolean com.android.server.pm.PackageManagerService.isPackageAvailable(java.lang.String, int) for 142ms
06-09 13:10:57.718 V/BackupManagerService( 1766): Starting with transport android/com.android.internal.backup.LocalTransport
06-09 13:10:57.719 V/BackupManagerService( 1766): Found transports: 1
06-09 13:10:57.719 W/BackupManagerService( 1766): Proposed transport ComponentInfo{android/com.android.internal.backup.LocalTransportService} not whitelisted; ignoring
06-09 13:11:01.262 W/ifconfig( 2476): type=1400 audit(0.0:10): avc: denied { ioctl } for path="socket:[13035]" dev="sockfs" ino=13035 ioctlcmd=8927 scontext=u:r:shell:s0 tcontext=u:r:shell:s0 tclass=udp_socket permissive=0
06-09 13:11:01.332 W/ifconfig( 2476): type=1400 audit(0.0:11): avc: denied { ioctl } for path="socket:[13035]" dev="sockfs" ino=13035 ioctlcmd=891d scontext=u:r:shell:s0 tcontext=u:r:shell:s0 tclass=udp_socket permissive=0
06-09 13:10:57.912 I/BackupManagerService( 1766): Backup enabled => false
06-09 13:10:58.062 E/WVMExtractor( 2429): Failed to open libwvm.so: dlopen failed: library "libwvm.so" not found
06-09 13:10:58.553 W/ActivityManager( 1766): Slow operation: 426ms so far, now at startProcess: returned from zygote!
06-09 13:10:58.554 W/ActivityManager( 1766): Slow operation: 427ms so far, now at startProcess: done updating battery stats
06-09 13:10:58.554 W/ActivityManager( 1766): Slow operation: 427ms so far, now at startProcess: building log message
06-09 13:10:58.554 I/ActivityManager( 1766): Start proc 2478:com.android.deskclock/u0a31 for broadcast com.android.deskclock/.AlarmInitReceiver
06-09 13:10:58.554 W/ActivityManager( 1766): Slow operation: 428ms so far, now at startProcess: starting to update pids map
06-09 13:10:58.559 W/ActivityManager( 1766): Slow operation: 432ms so far, now at startProcess: done updating pids map
06-09 13:10:58.559 W/ActivityManager( 1766): Slow operation: 434ms so far, now at startProcess: done starting proc!
06-09 13:10:58.586 W/art     ( 1766): Long monitor contention with owner Binder:1766_3 (2021) at void com.android.server.am.BroadcastQueue.processNextBroadcast(boolean)(BroadcastQueue.java:760) waiters=0 in int com.android.server.am.ActivityManagerService.getMemoryTrimLevel() for 314ms
06-09 13:10:58.588 I/FusedLocation( 1766): engine started (com.android.location.fused)
06-09 13:10:58.591 D/TrustManagerService( 1766): Removing dead TrustListener.
06-09 13:10:58.673 W/art     ( 2478): Unexpected CPU variant for X86 using defaults: x86_64
06-09 13:10:58.925 W/art     ( 1766): Long monitor contention with owner main (1766) at android.content.pm.UserInfo com.android.server.pm.UserManagerService.getUserInfo(int)(UserManagerService.java:841) waiters=0 in android.content.pm.UserInfo com.android.server.pm.UserManagerService.getUserInfoNoChecks(int) for 106ms
06-09 13:10:59.243 W/VoiceInteractionManagerService( 1766): no available voice interaction services found for user 0
06-09 13:10:59.243 W/VoiceInteractionManagerService( 1766): no available voice recognition services found for user 0
06-09 13:10:59.289 I/ActivityManager( 1766): Loading recents for user 0 into memory.
06-09 13:10:59.463 D/ActivityManager( 1766): Sending BOOT_COMPLETE user #0
06-09 13:10:59.797 I/MediaPlayerService( 1335): MediaPlayerService::getOMX
06-09 13:10:59.811 I/OMXClient( 2429): MuxOMX ctor
06-09 13:11:00.000 I/OMXMaster( 1332): makeComponentInstance(OMX.google.vorbis.decoder) in mediacodec process
06-09 13:11:01.422 W/ifconfig( 2476): type=1400 audit(0.0:12): avc: denied { ioctl } for path="socket:[13035]" dev="sockfs" ino=13035 ioctlcmd=8970 scontext=u:r:shell:s0 tcontext=u:r:shell:s0 tclass=udp_socket permissive=0
06-09 13:11:00.144 D/CarrierSvcBindHelper( 2227): Received android.intent.action.USER_UNLOCKED
06-09 13:11:00.155 D/FallbackHome( 2248): User unlocked and real home found; let's go!
06-09 13:11:00.214 I/ActivityManager( 1766): START u0 {act=android.intent.action.MAIN cat=[android.intent.category.HOME] flg=0x10000100 cmp=com.android.launcher3/.Launcher} from uid 0 on display 0
06-09 13:11:00.385 E/PhoneInterfaceManager( 2227): [PhoneIntfMgr] getCarrierPackageNamesForIntent: No UICC
06-09 13:11:00.385 D/CarrierSvcBindHelper( 2227): No carrier app for: 0
06-09 13:11:00.531 W/ActivityManager( 1766): Slow operation: 225ms so far, now at startProcess: returned from zygote!
06-09 13:11:00.531 W/ActivityManager( 1766): Slow operation: 225ms so far, now at startProcess: done updating battery stats
06-09 13:11:00.532 W/ActivityManager( 1766): Slow operation: 226ms so far, now at startProcess: building log message
06-09 13:11:00.532 I/ActivityManager( 1766): Start proc 2512:com.android.launcher3/u0a42 for activity com.android.launcher3/.Launcher
06-09 13:11:00.532 W/ActivityManager( 1766): Slow operation: 226ms so far, now at startProcess: starting to update pids map
06-09 13:11:00.532 W/ActivityManager( 1766): Slow operation: 226ms so far, now at startProcess: done updating pids map
06-09 13:11:00.532 W/ActivityManager( 1766): Slow operation: 241ms so far, now at startProcess: done starting proc!
06-09 13:11:00.543 W/art     ( 2512): Unexpected CPU variant for X86 using defaults: x86_64
06-09 13:11:01.286 I/Choreographer( 2248): Skipped 64 frames!  The application may be doing too much work on its main thread.
06-09 13:11:01.375 I/AccountManagerService( 1766): User 0 is unlocked - opening CE database
06-09 13:11:01.379 W/art     ( 1766): Long monitor contention with owner Binder:1766_8 (2299) at void com.android.server.am.ActivityManagerService.activityPaused(android.os.IBinder)(ActivityManagerService.java:6916) waiters=0 in android.content.Intent com.android.server.am.ActivityManagerService.registerReceiver(android.app.IApplicationThread, java.lang.String, android.content.IIntentReceiver, android.content.IntentFilter, java.lang.String, int) for 1.006s
06-09 13:11:01.455 W/art     ( 1766): Long monitor contention with owner Binder:1766_8 (2299) at void com.android.server.am.ActivityManagerService.activityPaused(android.os.IBinder)(ActivityManagerService.java:6916) waiters=1 in void com.android.server.am.ActivityManagerService$MainHandler.handleMessage(android.os.Message) for 1.099s
06-09 13:11:01.458 W/art     ( 1766): Long monitor contention with owner Binder:1766_8 (2299) at void com.android.server.am.ActivityManagerService.activityPaused(android.os.IBinder)(ActivityManagerService.java:6916) waiters=2 in void com.android.server.am.ActivityManagerService.attachApplication(android.app.IApplicationThread) for 676ms
06-09 13:11:01.642 I/art     ( 1766): Background sticky concurrent mark sweep GC freed 45632(3MB) AllocSpace objects, 6(292KB) LOS objects, 26% free, 10MB/14MB, paused 72.801ms total 1.203s
06-09 13:11:02.416 W/art     ( 1766): Long monitor contention with owner Binder:1766_8 (2299) at void com.android.server.am.ActivityManagerService.activityPaused(android.os.IBinder)(ActivityManagerService.java:6916) waiters=3 in java.lang.String com.android.server.am.ActivityManagerService.checkContentProviderAccess(java.lang.String, int) for 1.170s
06-09 13:11:02.417 W/art     ( 1766): Long monitor contention with owner ActivityManager (1813) at void com.android.server.am.ActivityStackSupervisor$ActivityStackSupervisorHandler.handleMessage(android.os.Message)(ActivityStackSupervisor.java:3910) waiters=1 in void com.android.server.am.ActivityManagerService.attachApplication(android.app.IApplicationThread) for 959ms
06-09 13:11:02.435 W/art     ( 1766): Long monitor contention with owner ActivityManager (1813) at void com.android.server.am.ActivityStackSupervisor$ActivityStackSupervisorHandler.handleMessage(android.os.Message)(ActivityStackSupervisor.java:3910) waiters=2 in android.content.Intent com.android.server.am.ActivityManagerService.registerReceiver(android.app.IApplicationThread, java.lang.String, android.content.IIntentReceiver, android.content.IntentFilter, java.lang.String, int) for 796ms
06-09 13:11:02.462 E/NetdConnector( 1766): NDC Command {18 firewall disable_chain standby} took too long (5813ms)
06-09 13:11:03.329 W/art     ( 1766): Long monitor contention with owner Binder:1766_7 (2282) at void com.android.server.am.ActivityManagerService.attachApplication(android.app.IApplicationThread)(ActivityManagerService.java:6669) waiters=0 in android.content.Intent com.android.server.am.ActivityManagerService.registerReceiver(android.app.IApplicationThread, java.lang.String, android.content.IIntentReceiver, android.content.IntentFilter, java.lang.String, int) for 893ms
06-09 13:11:03.398 W/System  ( 2512): ClassLoader referenced unknown path: /system/app/Launcher3/lib/x86_64
06-09 13:11:04.330 W/art     ( 1766): Long monitor contention with owner Binder:1766_7 (2282) at void com.android.server.am.ActivityManagerService.attachApplication(android.app.IApplicationThread)(ActivityManagerService.java:6669) waiters=2 in java.lang.String com.android.server.am.ActivityManagerService.getTagForIntentSender(android.content.IIntentSender, java.lang.String) for 1.782s
06-09 13:11:04.351 W/art     ( 1766): Long monitor contention with owner Binder:1766_7 (2282) at void com.android.server.am.ActivityManagerService.attachApplication(android.app.IApplicationThread)(ActivityManagerService.java:6669) waiters=3 in java.lang.String com.android.server.am.ActivityManagerService.checkContentProviderAccess(java.lang.String, int) for 1.727s
06-09 13:11:04.353 W/art     ( 1766): Long monitor contention with owner Binder:1766_7 (2282) at void com.android.server.am.ActivityManagerService.attachApplication(android.app.IApplicationThread)(ActivityManagerService.java:6669) waiters=1 in boolean com.android.server.am.ActivityManagerService.isUserRunning(int, int) for 1.884s
06-09 13:11:04.354 W/art     ( 1766): Long monitor contention with owner Binder:1766_7 (2282) at void com.android.server.am.ActivityManagerService.attachApplication(android.app.IApplicationThread)(ActivityManagerService.java:6669) waiters=4 in void com.android.server.am.ActivityManagerService$MainHandler.handleMessage(android.os.Message) for 1.046s
06-09 13:11:04.534 D/LauncherProvider( 2512): Launcher process started
06-09 13:11:05.127 I/MediaPlayerService( 1335): MediaPlayerService::getOMX
06-09 13:11:05.160 I/OMXClient( 2429): MuxOMX ctor
06-09 13:11:05.217 I/OMXMaster( 1332): makeComponentInstance(OMX.google.vorbis.decoder) in mediacodec process
06-09 13:11:05.334 W/art     ( 1766): Long monitor contention with owner android.bg (1812) at void com.android.server.net.NetworkPolicyManagerService$AppIdleStateChangeListener.onParoleStateChanged(boolean)(NetworkPolicyManagerService.java:3204) waiters=0 in void com.android.server.net.NetworkPolicyManagerService$1.onUidStateChanged(int, int) for 7.508s
06-09 13:11:05.356 W/art     ( 1766): Long monitor contention with owner android.display (1833) at void com.android.server.wm.WindowAnimator$1.doFrame(long)(WindowAnimator.java:144) waiters=0 in float com.android.server.wm.WindowManagerService.getCurrentAnimatorScale() for 326ms
06-09 13:11:05.510 W/art     ( 1766): Long monitor contention with owner main (1766) at void com.android.server.pm.UserManagerService$MainHandler.handleMessage(android.os.Message)(UserManagerService.java:3290) waiters=0 in int com.android.server.pm.PackageManagerService.checkUidPermission(java.lang.String, int) for 931ms
06-09 13:11:06.117 W/art     ( 1766): Long monitor contention with owner main (1766) at void com.android.server.pm.UserManagerService$MainHandler.handleMessage(android.os.Message)(UserManagerService.java:3290) waiters=1 in int com.android.server.pm.PackageManagerService.checkUidPermission(java.lang.String, int) for 689ms
06-09 13:11:06.252 V/Launcher( 2512): LauncherAppState inited
06-09 13:11:07.255 W/RichInputConnection( 1998): Slow InputConnection: GET_TEXT_BEFORE_CURSOR took 4604 ms.
06-09 13:11:07.293 I/Choreographer( 1766): Skipped 65 frames!  The application may be doing too much work on its main thread.
06-09 13:11:07.661 W/ActivityManager( 1766): Timeout executing service: ServiceRecord{f19da6e u0 com.android.systemui/.keyguard.KeyguardService}
06-09 13:11:07.833 I/MediaPlayerService( 1335): MediaPlayerService::getOMX
06-09 13:11:07.842 I/OMXClient( 2429): MuxOMX ctor
06-09 13:11:07.937 I/OMXMaster( 1332): makeComponentInstance(OMX.google.vorbis.decoder) in mediacodec process
06-09 13:11:07.990 W/art     ( 1766): Long monitor contention with owner android.display (1833) at void com.android.server.wm.WindowManagerService$H.handleMessage(android.os.Message)(WindowManagerService.java:8549) waiters=0 in int com.android.server.wm.WindowManagerService.relayoutWindow(com.android.server.wm.Session, android.view.IWindow, int, android.view.WindowManager$LayoutParams, int, int, int, int, android.graphics.Rect, android.graphics.Rect, android.graphics.Rect, android.graphics.Rect, android.graphics.Rect, android.graphics.Rect, android.graphics.Rect, android.content.res.Configuration, android.view.Surface) for 267ms
06-09 13:11:08.318 I/Choreographer( 2248): Skipped 34 frames!  The application may be doing too much work on its main thread.
06-09 13:11:08.640 I/InputAttributes( 1998): InputType.TYPE_NULL is specified
06-09 13:11:08.754 I/Process ( 1766): Sending signal. PID: 2429 SIG: 3
06-09 13:11:08.827 I/art     ( 2429): Thread[3,tid=2435,WaitingInMainSignalCatcherLoop,Thread*=0x702c98c96400,peer=0x12c1f310,"Signal Catcher"]: reacting to signal 3
06-09 13:11:08.827 I/art     ( 2429): 
06-09 13:11:08.913 W/art     ( 2429): Suspending all threads took: 16.761ms
06-09 13:11:09.096 W/art     ( 2478): Suspending all threads took: 1.924s
06-09 13:11:09.954 E/ActivityManager( 1766): ANR in com.android.systemui
06-09 13:11:09.954 E/ActivityManager( 1766): PID: 2429
06-09 13:11:09.954 E/ActivityManager( 1766): Reason: executing service com.android.systemui/.keyguard.KeyguardService
06-09 13:11:09.954 E/ActivityManager( 1766): Load: 0.0 / 0.0 / 0.0
06-09 13:11:09.954 E/ActivityManager( 1766): CPU usage from 25740ms to 0ms ago (2020-06-09 13:10:41.930 to 2020-06-09 13:11:07.670):
06-09 13:11:09.954 E/ActivityManager( 1766):   94% 1321/surfaceflinger: 32% user + 62% kernel / faults: 2039 minor
06-09 13:11:09.954 E/ActivityManager( 1766):   34% 1766/system_server: 6.2% user + 27% kernel / faults: 3705 minor 74 major
06-09 13:11:09.954 E/ActivityManager( 1766):   16% 2248/com.android.settings: 2.5% user + 13% kernel / faults: 86 minor 1 major
06-09 13:11:09.954 E/ActivityManager( 1766):   2% 1332/media.codec: 0.2% user + 1.8% kernel / faults: 1438 minor
06-09 13:11:09.954 E/ActivityManager( 1766):   0.8% 1330/installd: 0% user + 0.8% kernel / faults: 1 minor
06-09 13:11:09.954 E/ActivityManager( 1766):   1.7% 8/rcu_preempt: 0% user + 1.7% kernel
06-09 13:11:09.954 E/ActivityManager( 1766):   1.2% 2227/com.android.phone: 0.2% user + 1% kernel / faults: 234 minor 2 major
06-09 13:11:09.954 E/ActivityManager( 1766):   0.5% 1334/media.extractor: 0.1% user + 0.3% kernel / faults: 32 minor
06-09 13:11:09.954 E/ActivityManager( 1766):   1% 1325/zygote64: 0% user + 1% kernel / faults: 585 minor
06-09 13:11:09.954 E/ActivityManager( 1766):   0.9% 1324/adbd: 0% user + 0.8% kernel / faults: 602 minor
06-09 13:11:09.954 E/ActivityManager( 1766):   0.5% 2382/com.android.cellbroadcastreceiver: 0% user + 0.4% kernel / faults: 1240 minor
06-09 13:11:09.954 E/ActivityManager( 1766):   0.4% 1267/logd: 0% user + 0.3% kernel / faults: 12 minor
06-09 13:11:09.954 E/ActivityManager( 1766):   0.4% 1320/servicemanager: 0% user + 0.3% kernel
06-09 13:11:09.954 E/ActivityManager( 1766):   0.2% 1335/mediaserver: 0% user + 0.2% kernel / faults: 1 minor
06-09 13:11:09.954 E/ActivityManager( 1766):   0.3% 1255/kworker/0:1H: 0% user + 0.3% kernel
06-09 13:11:09.954 E/ActivityManager( 1766):   0.3% 1336/netd: 0% user + 0.3% kernel / faults: 91 minor
06-09 13:11:09.954 E/ActivityManager( 1766):   0.2% 1353/logcat: 0% user + 0.2% kernel / faults: 1 minor
06-09 13:11:09.954 E/ActivityManager( 1766):   0.2% 3/ksoftirqd/0: 0% user + 0.2% kernel
06-09 13:11:09.954 E/ActivityManager( 1766):   0.1% 12/ksoftirqd/1: 0% user + 0.1% kernel
06-09 13:11:09.954 E/ActivityManager( 1766):   0.1% 17/kworker/u4:1: 0% user + 0.1% kernel
06-09 13:11:09.954 E/ActivityManager( 1766):   0.1% 1//init: 0% user + 0.1% kernel / faults: 2 minor
06-09 13:11:09.954 E/ActivityManager( 1766):   0.1% 1265/jbd2/vdc-8: 0% user + 0.1% kernel
06-09 13:11:09.954 E/ActivityManager( 1766):   0% 1277/vold: 0% user + 0% kernel / faults: 13 minor
06-09 13:11:09.954 E/ActivityManager( 1766):   0% 455/kworker/1:1: 0% user + 0% kernel
06-09 13:11:09.954 E/ActivityManager( 1766):   0% 1331/keystore: 0% user + 0% kernel
06-09 13:11:09.954 E/ActivityManager( 1766):   0% 2058/sdcard: 0% user + 0% kernel / faults: 12 minor
06-09 13:11:09.954 E/ActivityManager( 1766):   0% 673/kworker/0:1: 0% user + 0% kernel
06-09 13:11:09.954 E/ActivityManager( 1766):   0% 1316/healthd: 0% user + 0% kernel
06-09 13:11:09.954 E/ActivityManager( 1766):   0% 1327/audioserver: 0% user + 0% kernel
06-09 13:11:09.954 E/ActivityManager( 1766):  +0% 2429/com.android.systemui: 0% user + 0% kernel
06-09 13:11:09.954 E/ActivityManager( 1766):  +0% 2448/android.ext.services: 0% user + 0% kernel
06-09 13:11:09.954 E/ActivityManager( 1766):  +0% 2478/com.android.deskclock: 0% user + 0% kernel
06-09 13:11:09.954 E/ActivityManager( 1766):  +0% 2512/com.android.launcher3: 0% user + 0% kernel
06-09 13:11:09.954 E/ActivityManager( 1766):  +0% 2546/sh: 0% user + 0% kernel
06-09 13:11:09.954 E/ActivityManager( 1766):  +0% 2549/sh: 0% user + 0% kernel
06-09 13:11:09.954 E/ActivityManager( 1766): 99% TOTAL: 24% user + 73% kernel + 1.3% softirq
06-09 13:11:09.954 E/ActivityManager( 1766): CPU usage from 264195ms to 264195ms ago (1970-01-01 00:00:00.000 to 1970-01-01 00:00:00.000) with 0% awake:
06-09 13:11:09.954 E/ActivityManager( 1766): 0% TOTAL: 0% user + 0% kernel
06-09 13:11:10.028 W/ActivityManager( 1766): Slow operation: 145ms so far, now at startProcess: returned from zygote!
06-09 13:11:10.029 W/ActivityManager( 1766): Slow operation: 146ms so far, now at startProcess: done updating battery stats
06-09 13:11:10.030 W/ActivityManager( 1766): Slow operation: 147ms so far, now at startProcess: building log message
06-09 13:11:10.030 I/ActivityManager( 1766): Start proc 2567:com.android.keychain/1000 for service com.android.keychain/.KeyChainService
06-09 13:11:10.030 W/ActivityManager( 1766): Slow operation: 147ms so far, now at startProcess: starting to update pids map
06-09 13:11:10.030 W/ActivityManager( 1766): Slow operation: 147ms so far, now at startProcess: done updating pids map
06-09 13:11:10.030 W/ActivityManager( 1766): Slow operation: 149ms so far, now at startProcess: done starting proc!
06-09 13:11:10.034 I/ActivityManager( 1766): Killing 2429:com.android.systemui/u0a21 (adj -800): bg anr
06-09 13:11:10.101 W/art     ( 2567): Unexpected CPU variant for X86 using defaults: x86_64
06-09 13:11:10.124 W/System  ( 2478): ClassLoader referenced unknown path: /system/app/DeskClock/lib/x86_64
06-09 13:11:10.186 V/KeyValueBackupJob( 1766): Scheduling k/v pass in 241 minutes
06-09 13:11:10.192 W/ActivityManager( 1766): Launch timeout has expired, giving up wake lock!
06-09 13:11:10.422 W/System  ( 2567): ClassLoader referenced unknown path: /system/app/KeyChain/lib/x86_64
06-09 13:11:10.592 W/art     ( 1766): Long monitor contention with owner backup (2469) at void com.android.server.AlarmManagerService.set(long, int, long, long)(AlarmManagerService.java:-2) waiters=0 in boolean com.android.server.job.JobServiceContext.verifyCallingUid() for 331ms
06-09 13:11:10.669 W/art     ( 1766): Long monitor contention with owner android.bg (1812) at int android.content.res.AssetManager.getStringBlockCount!()(AssetManager.java:-2) waiters=0 in com.android.server.search.Searchables com.android.server.search.SearchManagerService.getSearchables(int, boolean) for 2.092s
