06-03 07:10:28.355 E/EmulatedCamera_Factory( 1332): 1 cameras are being emulated. 0 of them are fake cameras.
06-03 07:10:28.357 E/EmulatedCamera_HotplugThread( 1332): createFileIfNotExists: Could not create file '/data/misc/media/emulator.camera.hotplug.0', error: 'Permission denied' (13)
06-03 07:10:28.492 I/CameraService( 1332): Loaded "Emulated Camera Module" camera module
06-03 07:10:28.493 E/CameraService( 1332): setUpVendorTags: Vendor tag operations not fully defined. Ignoring definitions.
06-03 07:10:28.493 V/EmulatedCamera_Camera( 1332): getCameraInfo
06-03 07:10:28.494 V/EmulatedCamera_BaseCamera( 1332): getCameraInfo
06-03 07:10:28.495 I/CameraFlashlight( 1332): Opening camera 0
06-03 07:10:28.495 V/EmulatedCamera_Camera( 1332): getCameraInfo
06-03 07:10:28.495 V/EmulatedCamera_BaseCamera( 1332): getCameraInfo
06-03 07:10:28.495 V/EmulatedCamera_Camera( 1332): connectCamera
06-03 07:10:28.495 V/EmulatedCamera_FakeDevice( 1332): connectDevice
06-03 07:10:28.576 V/EmulatedCamera_CallbackNotifier( 1332): setCallbacks: 0xee3ffe80, 0xee3ffed0, 0xee3ffff0, 0xee400110 (0xed9c3140)
06-03 07:10:28.832 V/EmulatedCamera_Preview( 1332): setPreviewWindow: current: 0x0 -> new: 0xed9c3150
06-03 07:10:28.833 V/EmulatedCamera_Preview( 1332): setPreviewWindow: current: 0xed9c3150 -> new: 0x0
06-03 07:10:28.833 V/EmulatedCamera_Camera( 1332): doStopPreview
06-03 07:10:28.834 V/EmulatedCamera_Preview( 1332): setPreviewWindow: current: 0x0 -> new: 0x0
06-03 07:10:28.834 V/EmulatedCamera_Camera( 1332): releaseCamera
06-03 07:10:28.834 V/EmulatedCamera_Camera( 1332): doStopPreview
06-03 07:10:28.834 V/EmulatedCamera_FakeDevice( 1332): disconnectDevice
06-03 07:10:28.835 W/EmulatedCamera_Device( 1332): Initialize: Emulated camera device is already initialized: mState = 1
06-03 07:10:28.835 D/EmulatedCamera_FakeCamera( 1332): Initialize: Fake camera is facing back
06-03 07:10:28.835 V/EmulatedCamera_Device( 1332): initializeWhiteBalanceModes with auto, 1.000000, 1.000000
06-03 07:10:28.836 V/EmulatedCamera_Device( 1332): initializeWhiteBalanceModes with incandescent, 1.380000, 0.600000
06-03 07:10:28.836 V/EmulatedCamera_Device( 1332): initializeWhiteBalanceModes with daylight, 1.090000, 0.920000
06-03 07:10:28.836 V/EmulatedCamera_Device( 1332): initializeWhiteBalanceModes with twilight, 0.920000, 1.220000
06-03 07:10:28.836 V/EmulatedCamera_Device( 1332): setWhiteBalanceMode with white balance auto
06-03 07:10:28.836 I/CameraFlashlight( 1332): Destroying camera 0
06-03 07:10:28.836 V/EmulatedCamera_Camera( 1332): closeCamera
06-03 07:10:28.836 V/EmulatedCamera_Camera( 1332): doStopPreview
06-03 07:10:28.837 W/EmulatedCamera_Device( 1332): Initialize: Emulated camera device is already initialized: mState = 1
06-03 07:10:28.837 D/EmulatedCamera_FakeCamera( 1332): Initialize: Fake camera is facing back
06-03 07:10:28.837 V/EmulatedCamera_Device( 1332): initializeWhiteBalanceModes with auto, 1.000000, 1.000000
06-03 07:10:28.837 V/EmulatedCamera_Device( 1332): initializeWhiteBalanceModes with incandescent, 1.380000, 0.600000
06-03 07:10:28.837 V/EmulatedCamera_Device( 1332): initializeWhiteBalanceModes with daylight, 1.090000, 0.920000
06-03 07:10:28.837 V/EmulatedCamera_Device( 1332): initializeWhiteBalanceModes with twilight, 0.920000, 1.220000
06-03 07:10:28.837 V/EmulatedCamera_Device( 1332): setWhiteBalanceMode with white balance auto
06-03 07:10:28.951 V/EmulatedCamera_Camera( 1332): getCameraInfo
06-03 07:10:28.951 V/EmulatedCamera_BaseCamera( 1332): getCameraInfo
06-03 07:10:29.001 I/ServiceManager( 1332): Waiting for service media.camera.proxy...
06-03 07:10:29.147 V/MediaUtils( 1341): physMem: 1043894272
06-03 07:10:29.148 V/MediaUtils( 1341): requested limit: 208778840
06-03 07:10:29.148 V/MediaUtils( 1341): actual limit: 208778840
06-03 07:10:29.148 V/MediaUtils( 1341): original limits: 4294967295/4294967295
06-03 07:10:29.149 V/MediaUtils( 1341): new limits: 208778840/4294967295
06-03 07:10:29.242 W//system/bin/mediaextractor( 1341): libminijail: allowing syscall: socketcall
06-03 07:10:29.243 W//system/bin/mediaextractor( 1341): libminijail: allowing syscall: writev
06-03 07:10:29.243 W//system/bin/mediaextractor( 1341): libminijail: allowing syscall: fcntl64
06-03 07:10:29.243 W//system/bin/mediaextractor( 1341): libminijail: allowing syscall: clock_gettime
06-03 07:10:29.253 W//system/bin/mediaextractor( 1341): libminijail: logging seccomp filter failures
06-03 07:10:29.341 I/        ( 1331): sMaxFastTracks = 8
06-03 07:10:29.456 I/audioserver( 1331): ServiceManager: 0xeb73c020
06-03 07:10:29.459 W/BatteryNotifier( 1331): batterystats service unavailable!
06-03 07:10:29.459 I/AudioFlinger( 1331): Using default 3000 mSec as standby time.
06-03 07:10:29.546 I/AudioPolicyService( 1331): AudioPolicyService CSTOR in new mode
06-03 07:10:29.599 I/APM::ConfigParsingUtils( 1331): loadAudioPolicyConfig() loaded /system/etc/audio_policy.conf
06-03 07:10:29.705 D/audio_hw_generic( 1331): Emulator host-side ALSA audio emulation detected.
06-03 07:10:29.708 D/audio_hw_generic( 1331): mixer 0 name Master Playback Volume
06-03 07:10:29.708 D/audio_hw_generic( 1331): set ctl 0 to 100
06-03 07:10:29.709 D/audio_hw_generic( 1331): set ctl 1 to 100
06-03 07:10:29.710 D/audio_hw_generic( 1331): mixer 1 name Master Playback Switch
06-03 07:10:29.795 D/audio_hw_generic( 1331): set ctl 0 to 1
06-03 07:10:29.796 D/audio_hw_generic( 1331): set ctl 1 to 1
06-03 07:10:29.796 D/audio_hw_generic( 1331): mixer 2 name Capture Volume
06-03 07:10:29.796 D/audio_hw_generic( 1331): set ctl 0 to 100
06-03 07:10:29.796 D/audio_hw_generic( 1331): set ctl 1 to 100
06-03 07:10:29.796 D/audio_hw_generic( 1331): mixer 3 name Capture Switch
06-03 07:10:29.796 D/audio_hw_generic( 1331): set ctl 0 to 1
06-03 07:10:29.797 D/audio_hw_generic( 1331): set ctl 1 to 1
06-03 07:10:29.797 D/audio_hw_generic( 1331): mixer 4 name Line Phantom Jack
06-03 07:10:29.797 D/audio_hw_generic( 1331): mixer 5 name Line Out Phantom Jack
06-03 07:10:29.797 D/audio_hw_generic( 1331): mixer 6 name Playback Channel Map
06-03 07:10:29.797 D/audio_hw_generic( 1331): mixer 7 name Capture Channel Map
06-03 07:10:29.797 I/AudioFlinger( 1331): loadHwModule() Loaded primary audio interface from Generic audio HW HAL (audio) handle 10
06-03 07:10:29.799 I/AudioFlinger( 1331): openOutput(), module 10 Device 2, SamplingRate 48000, Format 0x000001, Channels 3, flags 2
06-03 07:10:29.813 I/AudioFlinger( 1331): HAL output buffer size 720 frames, normal sink buffer size 1152 frames
06-03 07:10:29.924 I/BufferProvider( 1331): found effect "Multichannel Downmix To Stereo" from The Android Open Source Project
06-03 07:10:29.994 I/AudioFlinger( 1331): AudioFlinger's thread 0xeb183f40 ready to run
06-03 07:10:30.011 W/BatteryNotifier( 1331): batterystats service unavailable!
06-03 07:10:30.040 I/ServiceManager( 1332): Waiting for service media.camera.proxy...
06-03 07:10:30.048 W/BatteryNotifier( 1331): batterystats service unavailable!
06-03 07:10:30.053 I/AudioFlinger( 1331): Using module 10 has the primary audio interface
06-03 07:10:30.170 W/BatteryNotifier( 1331): batterystats service unavailable!
06-03 07:10:30.174 W/AudioFlinger( 1331): no wake lock to update, system not ready yet
06-03 07:10:30.236 I/mediaserver( 1340): ServiceManager: 0xecf3c0a0
06-03 07:10:30.251 I/AudioFlinger( 1331): AudioFlinger's thread 0xeac83e40 ready to run
06-03 07:10:30.360 W/BatteryNotifier( 1331): batterystats service unavailable!
06-03 07:10:30.361 W/BatteryNotifier( 1331): batterystats service unavailable!
06-03 07:10:30.381 W/BatteryNotifier( 1331): batterystats service unavailable!
06-03 07:10:30.381 W/BatteryNotifier( 1331): batterystats service unavailable!
06-03 07:10:30.552 I/r_submix( 1331): adev_open(name=audio_hw_if)
06-03 07:10:30.553 I/r_submix( 1331): adev_init_check()
06-03 07:10:30.553 I/AudioFlinger( 1331): loadHwModule() Loaded r_submix audio interface from Wifi Display audio HAL (audio) handle 18
06-03 07:10:30.553 D/r_submix( 1331): adev_open_input_stream(addr=0)
06-03 07:10:30.554 D/r_submix( 1331): submix_audio_device_create_pipe_l(addr=0, idx=9)
06-03 07:10:30.554 D/r_submix( 1331):   now using address 0 for route 9
06-03 07:10:30.591 I/AudioFlinger( 1331): AudioFlinger's thread 0xead836c0 ready to run
06-03 07:10:30.597 I/mediaserver( 1342): ServiceManager: 0xe753c0a0
06-03 07:10:30.600 D/r_submix( 1331): adev_close_input_stream()
06-03 07:10:30.600 D/r_submix( 1331): submix_audio_device_release_pipe_l(idx=9) addr=0
06-03 07:10:30.601 D/r_submix( 1331): submix_audio_device_destroy_pipe_l(): pipe destroyed
06-03 07:10:30.621 I/RadioService( 1331): RadioService
06-03 07:10:30.621 I/RadioService( 1331): onFirstRef
06-03 07:10:30.622 E/RadioService( 1331): couldn't load radio module radio.primary (No such file or directory)
06-03 07:10:30.632 E/SoundTriggerHwService( 1331): couldn't load sound trigger module sound_trigger.primary (No such file or directory)
06-03 07:10:30.682 W/BatteryNotifier( 1342): batterystats service unavailable!
06-03 07:10:31.051 I/ServiceManager( 1332): Waiting for service media.camera.proxy...
06-03 07:10:32.061 I/ServiceManager( 1332): Waiting for service media.camera.proxy...
06-03 07:10:33.066 I/ServiceManager( 1332): Waiting for service media.camera.proxy...
06-03 07:10:33.181 W/BatteryNotifier( 1331): batterystats service unavailable!
06-03 07:10:43.866 E/SurfaceFlinger( 1326): ro.sf.lcd_density must be defined as a build property
06-03 07:10:43.929 D/libEGL  ( 1662): Emulator without GPU support detected. Fallback to legacy software renderer, qemu.gles is set to 0.
06-03 07:10:43.986 D/libEGL  ( 1662): loaded /system/lib64/egl/libGLES_android.so
06-03 07:10:44.158 D/AndroidRuntime( 1329): >>>>>> START com.android.internal.os.ZygoteInit uid 0 <<<<<<
06-03 07:10:44.554 D/AndroidRuntime( 1330): >>>>>> START com.android.internal.os.ZygoteInit uid 0 <<<<<<
06-03 07:10:44.598 D/gralloc_ranchu( 1662): Emulator without host-side GPU emulation detected. Loading gralloc.default.so from /vendor/lib64/hw/gralloc.goldfish.default.so...
06-03 07:10:44.604 D/gralloc_ranchu( 1662): gralloc.default.so not found in /vendor. Trying /system/lib64/hw/gralloc.goldfish.default.so...
06-03 07:10:44.957 D/AndroidRuntime( 1329): CheckJNI is ON
06-03 07:10:45.426 D/AndroidRuntime( 1330): CheckJNI is ON
06-03 07:10:45.471 I/art     ( 1329): option[0]=-Xzygote
06-03 07:10:45.471 I/art     ( 1329): option[1]=-Xcheck:jni
06-03 07:10:45.471 I/art     ( 1329): option[2]=-Xstacktracefile:/data/anr/traces.txt
06-03 07:10:45.472 I/art     ( 1329): option[3]=exit
06-03 07:10:45.472 I/art     ( 1329): option[4]=vfprintf
06-03 07:10:45.472 I/art     ( 1329): option[5]=sensitiveThread
06-03 07:10:45.472 I/art     ( 1329): option[6]=-verbose:gc
06-03 07:10:45.472 I/art     ( 1329): option[7]=-Xms4m
06-03 07:10:45.472 I/art     ( 1329): option[8]=-Xmx256m
06-03 07:10:45.472 I/art     ( 1329): option[9]=-Xusejit:true
06-03 07:10:45.472 I/art     ( 1329): option[10]=-Xjitsaveprofilinginfo
06-03 07:10:45.472 I/art     ( 1329): option[11]=-agentlib:jdwp=transport=dt_android_adb,suspend=n,server=y
06-03 07:10:45.472 I/art     ( 1329): option[12]=-Xlockprofthreshold:500
06-03 07:10:45.472 I/art     ( 1329): option[13]=-Ximage-compiler-option
06-03 07:10:45.472 I/art     ( 1329): option[14]=--runtime-arg
06-03 07:10:45.472 I/art     ( 1329): option[15]=-Ximage-compiler-option
06-03 07:10:45.472 I/art     ( 1329): option[16]=-Xms64m
06-03 07:10:45.473 I/art     ( 1329): option[17]=-Ximage-compiler-option
06-03 07:10:45.473 I/art     ( 1329): option[18]=--runtime-arg
06-03 07:10:45.473 I/art     ( 1329): option[19]=-Ximage-compiler-option
06-03 07:10:45.473 I/art     ( 1329): option[20]=-Xmx64m
06-03 07:10:45.473 I/art     ( 1329): option[21]=-Ximage-compiler-option
06-03 07:10:45.473 I/art     ( 1329): option[22]=--image-classes=/system/etc/preloaded-classes
06-03 07:10:45.473 I/art     ( 1329): option[23]=-Ximage-compiler-option
06-03 07:10:45.473 I/art     ( 1329): option[24]=--compiled-classes=/system/etc/compiled-classes
06-03 07:10:45.473 I/art     ( 1329): option[25]=-Xcompiler-option
06-03 07:10:45.473 I/art     ( 1329): option[26]=--runtime-arg
06-03 07:10:45.473 I/art     ( 1329): option[27]=-Xcompiler-option
06-03 07:10:45.473 I/art     ( 1329): option[28]=-Xms64m
06-03 07:10:45.473 I/art     ( 1329): option[29]=-Xcompiler-option
06-03 07:10:45.473 I/art     ( 1329): option[30]=--runtime-arg
06-03 07:10:45.473 I/art     ( 1329): option[31]=-Xcompiler-option
06-03 07:10:45.473 I/art     ( 1329): option[32]=-Xmx512m
06-03 07:10:45.474 I/art     ( 1329): option[33]=-Ximage-compiler-option
06-03 07:10:45.474 I/art     ( 1329): option[34]=--instruction-set-variant=x86_64
06-03 07:10:45.474 I/art     ( 1329): option[35]=-Xcompiler-option
06-03 07:10:45.474 I/art     ( 1329): option[36]=--instruction-set-variant=x86_64
06-03 07:10:45.474 I/art     ( 1329): option[37]=-Ximage-compiler-option
06-03 07:10:45.474 I/art     ( 1329): option[38]=--instruction-set-features=default
06-03 07:10:45.474 I/art     ( 1329): option[39]=-Xcompiler-option
06-03 07:10:45.474 I/art     ( 1329): option[40]=--instruction-set-features=default
06-03 07:10:45.474 I/art     ( 1329): option[41]=-Duser.locale=en-US
06-03 07:10:45.474 I/art     ( 1329): option[42]=--cpu-abilist=x86_64
06-03 07:10:45.474 I/art     ( 1329): option[43]=-Xfingerprint:Android/sdk_phone_x86_64/generic_x86_64:7.1.1/NYC/4931657:userdebug/test-keys
06-03 07:10:45.917 I/art     ( 1330): option[0]=-Xzygote
06-03 07:10:45.918 I/art     ( 1330): option[1]=-Xcheck:jni
06-03 07:10:45.918 I/art     ( 1330): option[2]=-Xstacktracefile:/data/anr/traces.txt
06-03 07:10:45.918 I/art     ( 1330): option[3]=exit
06-03 07:10:45.918 I/art     ( 1330): option[4]=vfprintf
06-03 07:10:45.918 I/art     ( 1330): option[5]=sensitiveThread
06-03 07:10:45.918 I/art     ( 1330): option[6]=-verbose:gc
06-03 07:10:45.918 I/art     ( 1330): option[7]=-Xms4m
06-03 07:10:45.918 I/art     ( 1330): option[8]=-Xmx256m
06-03 07:10:45.918 I/art     ( 1330): option[9]=-Xusejit:true
06-03 07:10:45.919 I/art     ( 1330): option[10]=-Xjitsaveprofilinginfo
06-03 07:10:45.919 I/art     ( 1330): option[11]=-agentlib:jdwp=transport=dt_android_adb,suspend=n,server=y
06-03 07:10:45.919 I/art     ( 1330): option[12]=-Xlockprofthreshold:500
06-03 07:10:45.919 I/art     ( 1330): option[13]=-Ximage-compiler-option
06-03 07:10:45.919 I/art     ( 1330): option[14]=--runtime-arg
06-03 07:10:45.919 I/art     ( 1330): option[15]=-Ximage-compiler-option
06-03 07:10:45.919 I/art     ( 1330): option[16]=-Xms64m
06-03 07:10:45.919 I/art     ( 1330): option[17]=-Ximage-compiler-option
06-03 07:10:45.919 I/art     ( 1330): option[18]=--runtime-arg
06-03 07:10:45.919 I/art     ( 1330): option[19]=-Ximage-compiler-option
06-03 07:10:45.919 I/art     ( 1330): option[20]=-Xmx64m
06-03 07:10:45.919 I/art     ( 1330): option[21]=-Ximage-compiler-option
06-03 07:10:45.919 I/art     ( 1330): option[22]=--image-classes=/system/etc/preloaded-classes
06-03 07:10:45.919 I/art     ( 1330): option[23]=-Ximage-compiler-option
06-03 07:10:45.920 I/art     ( 1330): option[24]=--compiled-classes=/system/etc/compiled-classes
06-03 07:10:45.920 I/art     ( 1330): option[25]=-Xcompiler-option
06-03 07:10:46.040 I/art     ( 1330): option[26]=--runtime-arg
06-03 07:10:46.040 I/art     ( 1330): option[27]=-Xcompiler-option
06-03 07:10:46.040 I/art     ( 1330): option[28]=-Xms64m
06-03 07:10:46.041 I/art     ( 1330): option[29]=-Xcompiler-option
06-03 07:10:46.041 I/art     ( 1330): option[30]=--runtime-arg
06-03 07:10:46.041 I/art     ( 1330): option[31]=-Xcompiler-option
06-03 07:10:46.041 I/art     ( 1330): option[32]=-Xmx512m
06-03 07:10:46.041 I/art     ( 1330): option[33]=-Ximage-compiler-option
06-03 07:10:46.041 I/art     ( 1330): option[34]=--instruction-set-variant=x86
06-03 07:10:46.041 I/art     ( 1330): option[35]=-Xcompiler-option
06-03 07:10:46.041 I/art     ( 1330): option[36]=--instruction-set-variant=x86
06-03 07:10:46.041 I/art     ( 1330): option[37]=-Ximage-compiler-option
06-03 07:10:46.041 I/art     ( 1330): option[38]=--instruction-set-features=default
06-03 07:10:46.041 I/art     ( 1330): option[39]=-Xcompiler-option
06-03 07:10:46.041 I/art     ( 1330): option[40]=--instruction-set-features=default
06-03 07:10:46.041 I/art     ( 1330): option[41]=-Duser.locale=en-US
06-03 07:10:46.041 I/art     ( 1330): option[42]=--cpu-abilist=x86
06-03 07:10:46.041 I/art     ( 1330): option[43]=-Xfingerprint:Android/sdk_phone_x86_64/generic_x86_64:7.1.1/NYC/4931657:userdebug/test-keys
06-03 07:10:49.547 E/hostapd ( 1929): Configuration file: /system/etc/simulated_hostapd.conf
06-03 07:10:49.628 E/ipv6proxy( 1916): Failed to forward Router Advertisement from eth0 to wlan1: Network is unreachable
06-03 07:10:49.629 E/ipv6proxy( 1916): Failed to forward Router Advertisement from eth0 to radio0-peer: Cannot assign requested address
06-03 07:10:50.494 I/hostapd ( 1929): rfkill: Cannot get wiphy information
06-03 07:10:50.497 I/hostapd ( 1929): nl80211: Could not re-add multicast membership for vendor events: -2 (No such file or directory)
06-03 07:10:50.498 I/hostapd ( 1929): wlan1: interface state UNINITIALIZED->COUNTRY_UPDATE
06-03 07:10:53.631 E/ipv6proxy( 1916): Failed to forward Router Advertisement from eth0 to wlan1: Network is unreachable
06-03 07:10:55.524 I/hostapd ( 1929): wlan1: interface state COUNTRY_UPDATE->HT_SCAN
06-03 07:10:56.499 D/ICU     ( 1330): No timezone override file found: /data/misc/zoneinfo/current/icu/icu_tzdata.dat
06-03 07:10:57.004 E/hostapd ( 1929): Using interface wlan1 with hwaddr 02:00:00:00:01:00 and ssid "AndroidWifi"
06-03 07:10:57.032 I/hostapd ( 1929): wlan1: interface state HT_SCAN->ENABLED
06-03 07:10:57.032 I/hostapd ( 1929): wlan1: AP-ENABLED 
06-03 07:10:57.751 D/ICU     ( 1329): No timezone override file found: /data/misc/zoneinfo/current/icu/icu_tzdata.dat
06-03 07:11:02.836 E/memtrack( 1330): Couldn't load memtrack module (No such file or directory)
06-03 07:11:02.837 E/android.os.Debug( 1330): failed to load memtrack module: -2
06-03 07:11:02.906 I/Radio-JNI( 1330): register_android_hardware_Radio DONE
06-03 07:11:03.571 I/SamplingProfilerIntegration( 1330): Profiling disabled.
06-03 07:11:03.614 D/Zygote  ( 1330): begin preload
06-03 07:11:03.615 I/Zygote  ( 1330): Installing ICU cache reference pinning...
06-03 07:11:03.660 I/Zygote  ( 1330): Preloading ICU data...
06-03 07:11:03.825 E/memtrack( 1329): Couldn't load memtrack module (No such file or directory)
06-03 07:11:03.826 E/android.os.Debug( 1329): failed to load memtrack module: -2
06-03 07:11:03.926 I/Radio-JNI( 1329): register_android_hardware_Radio DONE
06-03 07:11:04.550 I/SamplingProfilerIntegration( 1329): Profiling disabled.
06-03 07:11:04.585 D/Zygote  ( 1329): begin preload
06-03 07:11:04.585 I/Zygote  ( 1329): Installing ICU cache reference pinning...
06-03 07:11:04.590 I/Zygote  ( 1329): Preloading ICU data...
06-03 07:11:06.152 I/Zygote  ( 1330): Preloading classes...
06-03 07:11:06.557 I/Zygote  ( 1329): Preloading classes...
06-03 07:11:06.561 W/Zygote  ( 1330): Class not found for preloading: [Landroid.view.Display$ColorTransform;
06-03 07:11:06.837 W/Zygote  ( 1329): Class not found for preloading: [Landroid.view.Display$ColorTransform;
06-03 07:11:15.464 E/Typeface( 1329): Error mapping font file /system/fonts/DroidSansFallback.ttf
06-03 07:11:15.613 E/Typeface( 1330): Error mapping font file /system/fonts/DroidSansFallback.ttf
06-03 07:11:23.009 I/art     ( 1329): Background concurrent mark sweep GC freed 21947(2MB) AllocSpace objects, 101(1856KB) LOS objects, 34% free, 1910KB/2MB, paused 3.155ms total 823.709ms
06-03 07:11:23.201 W/art     ( 1329): Suspending all threads took: 20.722ms
06-03 07:11:23.241 I/art     ( 1329): Background sticky concurrent mark sweep GC freed 201(1290KB) AllocSpace objects, 26(496KB) LOS objects, 42% free, 1676KB/2MB, paused 21.755ms total 66.748ms
06-03 07:11:23.269 I/art     ( 1330): Background concurrent mark sweep GC freed 21944(2MB) AllocSpace objects, 109(2016KB) LOS objects, 33% free, 3MB/4MB, paused 3.598ms total 788.011ms
06-03 07:11:23.881 I/art     ( 1329): Thread[1,tid=1329,Native,Thread*=0x7915b1495a00,peer=0x12c060d0,"main"] recursive attempt to load library "/system/lib64/libmedia_jni.so"
06-03 07:11:23.891 I/art     ( 1330): Thread[1,tid=1330,Native,Thread*=0xf0f8b400,peer=0x12c060d0,"main"] recursive attempt to load library "/system/lib/libmedia_jni.so"
06-03 07:11:23.898 D/MtpDeviceJNI( 1330): register_android_mtp_MtpDevice
06-03 07:11:23.932 D/MtpDeviceJNI( 1329): register_android_mtp_MtpDevice
06-03 07:11:23.942 I/art     ( 1330): Thread[1,tid=1330,Native,Thread*=0xf0f8b400,peer=0x12c060d0,"main"] recursive attempt to load library "/system/lib/libmedia_jni.so"
06-03 07:11:23.943 I/art     ( 1330): Thread[1,tid=1330,Native,Thread*=0xf0f8b400,peer=0x12c060d0,"main"] recursive attempt to load library "/system/lib/libmedia_jni.so"
06-03 07:11:23.953 I/art     ( 1329): Thread[1,tid=1329,Native,Thread*=0x7915b1495a00,peer=0x12c060d0,"main"] recursive attempt to load library "/system/lib64/libmedia_jni.so"
06-03 07:11:23.954 I/art     ( 1329): Thread[1,tid=1329,Native,Thread*=0x7915b1495a00,peer=0x12c060d0,"main"] recursive attempt to load library "/system/lib64/libmedia_jni.so"
06-03 07:11:28.118 W/Zygote  ( 1330): Class not found for preloading: android.view.Display$ColorTransform
06-03 07:11:28.119 W/Zygote  ( 1330): Class not found for preloading: android.view.Display$ColorTransform$1
06-03 07:11:28.249 W/Zygote  ( 1329): Class not found for preloading: android.view.Display$ColorTransform
06-03 07:11:28.293 W/Zygote  ( 1329): Class not found for preloading: android.view.Display$ColorTransform$1
06-03 07:11:29.617 I/art     ( 1330): Background sticky concurrent mark sweep GC freed 9323(2MB) AllocSpace objects, 20(360KB) LOS objects, 65% free, 1595KB/4MB, paused 553us total 912.369ms
06-03 07:11:31.484 I/art     ( 1329): Background sticky concurrent mark sweep GC freed 12896(1196KB) AllocSpace objects, 0(0B) LOS objects, 42% free, 1685KB/2MB, paused 2.125ms total 374.867ms
06-03 07:11:34.031 I/System  ( 1330): Loaded time zone names for "" in 1879ms (1821ms in ICU)
06-03 07:11:34.153 I/System  ( 1329): Loaded time zone names for "" in 2014ms (1898ms in ICU)
06-03 07:11:34.874 I/System  ( 1329): Loaded time zone names for "en_US" in 719ms (679ms in ICU)
06-03 07:11:35.107 I/System  ( 1330): Loaded time zone names for "en_US" in 1074ms (1020ms in ICU)
06-03 07:11:36.497 I/Zygote  ( 1329): ...preloaded 4158 classes in 29940ms.
06-03 07:11:36.498 I/art     ( 1329): VMRuntime.preloadDexCaches starting
06-03 07:11:36.843 I/Zygote  ( 1330): ...preloaded 4158 classes in 30691ms.
06-03 07:11:36.844 I/art     ( 1330): VMRuntime.preloadDexCaches starting
06-03 07:11:38.797 I/art     ( 1329): VMRuntime.preloadDexCaches strings total=283712 before=39625 after=39625
06-03 07:11:38.797 I/art     ( 1329): VMRuntime.preloadDexCaches types total=23581 before=7877 after=7904
06-03 07:11:38.797 I/art     ( 1329): VMRuntime.preloadDexCaches fields total=112007 before=40903 after=41117
06-03 07:11:38.797 I/art     ( 1329): VMRuntime.preloadDexCaches methods total=197534 before=82457 after=83017
06-03 07:11:38.797 I/art     ( 1329): VMRuntime.preloadDexCaches finished
06-03 07:11:38.816 I/Zygote  ( 1329): Preloading resources...
06-03 07:11:39.084 I/art     ( 1330): VMRuntime.preloadDexCaches strings total=283712 before=39625 after=39625
06-03 07:11:39.085 I/art     ( 1330): VMRuntime.preloadDexCaches types total=23581 before=7877 after=7904
06-03 07:11:39.085 I/art     ( 1330): VMRuntime.preloadDexCaches fields total=112007 before=40903 after=41117
06-03 07:11:39.085 I/art     ( 1330): VMRuntime.preloadDexCaches methods total=197534 before=82457 after=83017
06-03 07:11:39.085 I/art     ( 1330): VMRuntime.preloadDexCaches finished
06-03 07:11:39.115 I/Zygote  ( 1330): Preloading resources...
06-03 07:11:41.138 I/art     ( 1329): Background concurrent mark sweep GC freed 14949(930KB) AllocSpace objects, 6(104KB) LOS objects, 66% free, 1886KB/5MB, paused 50.875ms total 202.024ms
06-03 07:11:41.332 W/Resources( 1330): Preloaded drawable resource #0x108025c (android:drawable/dialog_background_material) that varies with configuration!!
06-03 07:11:41.379 W/Resources( 1330): Preloaded drawable resource #0x1080298 (android:drawable/editbox_dropdown_background_dark) that varies with configuration!!
06-03 07:11:41.553 W/Resources( 1329): Preloaded drawable resource #0x108025c (android:drawable/dialog_background_material) that varies with configuration!!
06-03 07:11:41.558 W/Resources( 1329): Preloaded drawable resource #0x1080298 (android:drawable/editbox_dropdown_background_dark) that varies with configuration!!
06-03 07:11:41.574 W/Resources( 1330): Preloaded color resource #0x10600e2 (android:color/material_grey_800) that varies with configuration!!
06-03 07:11:41.575 W/Resources( 1330): Preloaded drawable resource #0x10802c9 (android:drawable/floating_popup_background_dark) that varies with configuration!!
06-03 07:11:41.761 W/Resources( 1329): Preloaded color resource #0x10600e2 (android:color/material_grey_800) that varies with configuration!!
06-03 07:11:41.762 W/Resources( 1329): Preloaded drawable resource #0x10802c9 (android:drawable/floating_popup_background_dark) that varies with configuration!!
06-03 07:11:42.918 W/Resources( 1330): Preloaded drawable resource #0x108030b (android:drawable/ic_clear_disabled) that varies with configuration!!
06-03 07:11:42.929 W/Resources( 1329): Preloaded drawable resource #0x108030b (android:drawable/ic_clear_disabled) that varies with configuration!!
06-03 07:11:43.002 W/Resources( 1330): Preloaded drawable resource #0x1080310 (android:drawable/ic_clear_normal) that varies with configuration!!
06-03 07:11:43.024 W/Resources( 1329): Preloaded drawable resource #0x1080310 (android:drawable/ic_clear_normal) that varies with configuration!!
06-03 07:11:43.066 I/art     ( 1330): Background concurrent mark sweep GC freed 19028(1194KB) AllocSpace objects, 4(80KB) LOS objects, 52% free, 3MB/7MB, paused 2.390ms total 573.928ms
06-03 07:11:43.166 W/Resources( 1329): Preloaded drawable resource #0x1080359 (android:drawable/ic_go) that varies with configuration!!
06-03 07:11:43.287 W/Resources( 1330): Preloaded drawable resource #0x1080359 (android:drawable/ic_go) that varies with configuration!!
06-03 07:11:43.405 W/Resources( 1329): Preloaded drawable resource #0x1080038 (android:drawable/ic_menu_close_clear_cancel) that varies with configuration!!
06-03 07:11:43.537 W/Resources( 1329): Preloaded drawable resource #0x1080045 (android:drawable/ic_menu_more) that varies with configuration!!
06-03 07:11:43.648 W/Resources( 1330): Preloaded drawable resource #0x1080038 (android:drawable/ic_menu_close_clear_cancel) that varies with configuration!!
06-03 07:11:43.739 W/Resources( 1330): Preloaded drawable resource #0x1080045 (android:drawable/ic_menu_more) that varies with configuration!!
06-03 07:11:43.984 W/Resources( 1329): Preloaded drawable resource #0x10804e8 (android:drawable/menu_background_fill_parent_width) that varies with configuration!!
06-03 07:11:44.136 W/Resources( 1330): Preloaded drawable resource #0x10804e8 (android:drawable/menu_background_fill_parent_width) that varies with configuration!!
06-03 07:11:46.856 I/art     ( 1329): Background sticky concurrent mark sweep GC freed 1258(61KB) AllocSpace objects, 3(120KB) LOS objects, 2% free, 5MB/5MB, paused 1.913ms total 204.815ms
06-03 07:11:47.117 I/art     ( 1329): Background concurrent mark sweep GC freed 1761(83KB) AllocSpace objects, 2(48KB) LOS objects, 42% free, 5MB/9MB, paused 1.595ms total 226.492ms
06-03 07:11:47.645 W/Resources( 1330): Preloaded drawable resource #0x108077e (android:drawable/text_edit_paste_window) that varies with configuration!!
06-03 07:11:47.658 W/Resources( 1329): Preloaded drawable resource #0x108077e (android:drawable/text_edit_paste_window) that varies with configuration!!
06-03 07:11:47.786 W/Resources( 1330): Preloaded drawable resource #0x1080096 (android:drawable/toast_frame) that varies with configuration!!
06-03 07:11:47.788 I/Zygote  ( 1330): ...preloaded 114 resources in 8671ms.
06-03 07:11:47.804 W/Resources( 1329): Preloaded drawable resource #0x1080096 (android:drawable/toast_frame) that varies with configuration!!
06-03 07:11:47.805 I/Zygote  ( 1329): ...preloaded 114 resources in 8988ms.
06-03 07:11:48.126 W/Resources( 1330): Preloaded color resource #0x106010b (android:color/background_cache_hint_selector_material_dark) that varies with configuration!!
06-03 07:11:48.129 W/Resources( 1330): Preloaded color resource #0x1060110 (android:color/btn_default_material_dark) that varies with configuration!!
06-03 07:11:48.137 W/Resources( 1329): Preloaded color resource #0x106010b (android:color/background_cache_hint_selector_material_dark) that varies with configuration!!
06-03 07:11:48.201 W/Resources( 1329): Preloaded color resource #0x1060110 (android:color/btn_default_material_dark) that varies with configuration!!
06-03 07:11:48.226 I/Zygote  ( 1330): ...preloaded 41 resources in 438ms.
06-03 07:11:48.230 D/libEGL  ( 1330): Emulator without GPU support detected. Fallback to legacy software renderer, qemu.gles is set to 0.
06-03 07:11:48.261 I/Zygote  ( 1329): ...preloaded 41 resources in 456ms.
06-03 07:11:48.263 D/libEGL  ( 1329): Emulator without GPU support detected. Fallback to legacy software renderer, qemu.gles is set to 0.
06-03 07:11:48.477 D/libEGL  ( 1329): loaded /system/lib64/egl/libGLES_android.so
06-03 07:11:48.579 D/libEGL  ( 1330): loaded /system/lib/egl/libGLES_android.so
06-03 07:11:49.877 I/Zygote  ( 1329): Preloading shared libraries...
06-03 07:11:50.203 E/Hyphenator( 1329): error loading hyphenation /system/usr/hyphen-data/hyph-as.hyb
06-03 07:11:50.203 E/Hyphenator( 1329): java.io.FileNotFoundException: /system/usr/hyphen-data/hyph-as.hyb: open failed: ENOENT (No such file or directory)
06-03 07:11:50.203 E/Hyphenator( 1329): 	at libcore.io.IoBridge.open(IoBridge.java:455)
06-03 07:11:50.203 E/Hyphenator( 1329): 	at java.io.RandomAccessFile.<init>(RandomAccessFile.java:247)
06-03 07:11:50.203 E/Hyphenator( 1329): 	at android.text.Hyphenator.loadHyphenator(Hyphenator.java:118)
06-03 07:11:50.203 E/Hyphenator( 1329): 	at android.text.Hyphenator.init(Hyphenator.java:224)
06-03 07:11:50.203 E/Hyphenator( 1329): 	at com.android.internal.os.ZygoteInit.preloadTextResources(ZygoteInit.java:252)
06-03 07:11:50.203 E/Hyphenator( 1329): 	at com.android.internal.os.ZygoteInit.preload(ZygoteInit.java:206)
06-03 07:11:50.203 E/Hyphenator( 1329): 	at com.android.internal.os.ZygoteInit.main(ZygoteInit.java:743)
06-03 07:11:50.203 E/Hyphenator( 1329): Caused by: android.system.ErrnoException: open failed: ENOENT (No such file or directory)
06-03 07:11:50.203 E/Hyphenator( 1329): 	at libcore.io.Posix.open(Native Method)
06-03 07:11:50.203 E/Hyphenator( 1329): 	at libcore.io.BlockGuardOs.open(BlockGuardOs.java:187)
06-03 07:11:50.203 E/Hyphenator( 1329): 	at libcore.io.IoBridge.open(IoBridge.java:441)
06-03 07:11:50.203 E/Hyphenator( 1329): 	... 6 more
06-03 07:11:50.205 E/Hyphenator( 1329): error loading hyphenation /system/usr/hyphen-data/hyph-bn.hyb
06-03 07:11:50.205 E/Hyphenator( 1329): java.io.FileNotFoundException: /system/usr/hyphen-data/hyph-bn.hyb: open failed: ENOENT (No such file or directory)
06-03 07:11:50.205 E/Hyphenator( 1329): 	at libcore.io.IoBridge.open(IoBridge.java:455)
06-03 07:11:50.205 E/Hyphenator( 1329): 	at java.io.RandomAccessFile.<init>(RandomAccessFile.java:247)
06-03 07:11:50.205 E/Hyphenator( 1329): 	at android.text.Hyphenator.loadHyphenator(Hyphenator.java:118)
06-03 07:11:50.205 E/Hyphenator( 1329): 	at android.text.Hyphenator.init(Hyphenator.java:224)
06-03 07:11:50.205 E/Hyphenator( 1329): 	at com.android.internal.os.ZygoteInit.preloadTextResources(ZygoteInit.java:252)
06-03 07:11:50.205 E/Hyphenator( 1329): 	at com.android.internal.os.ZygoteInit.preload(ZygoteInit.java:206)
06-03 07:11:50.205 E/Hyphenator( 1329): 	at com.android.internal.os.ZygoteInit.main(ZygoteInit.java:743)
06-03 07:11:50.205 E/Hyphenator( 1329): Caused by: android.system.ErrnoException: open failed: ENOENT (No such file or directory)
06-03 07:11:50.205 E/Hyphenator( 1329): 	at libcore.io.Posix.open(Native Method)
06-03 07:11:50.205 E/Hyphenator( 1329): 	at libcore.io.BlockGuardOs.open(BlockGuardOs.java:187)
06-03 07:11:50.205 E/Hyphenator( 1329): 	at libcore.io.IoBridge.open(IoBridge.java:441)
06-03 07:11:50.205 E/Hyphenator( 1329): 	... 6 more
06-03 07:11:50.207 E/Hyphenator( 1329): error loading hyphenation /system/usr/hyphen-data/hyph-cy.hyb
06-03 07:11:50.207 E/Hyphenator( 1329): java.io.FileNotFoundException: /system/usr/hyphen-data/hyph-cy.hyb: open failed: ENOENT (No such file or directory)
06-03 07:11:50.207 E/Hyphenator( 1329): 	at libcore.io.IoBridge.open(IoBridge.java:455)
06-03 07:11:50.207 E/Hyphenator( 1329): 	at java.io.RandomAccessFile.<init>(RandomAccessFile.java:247)
06-03 07:11:50.207 E/Hyphenator( 1329): 	at android.text.Hyphenator.loadHyphenator(Hyphenator.java:118)
06-03 07:11:50.207 E/Hyphenator( 1329): 	at android.text.Hyphenator.init(Hyphenator.java:224)
06-03 07:11:50.207 E/Hyphenator( 1329): 	at com.android.internal.os.ZygoteInit.preloadTextResources(ZygoteInit.java:252)
06-03 07:11:50.207 E/Hyphenator( 1329): 	at com.android.internal.os.ZygoteInit.preload(ZygoteInit.java:206)
06-03 07:11:50.207 E/Hyphenator( 1329): 	at com.android.internal.os.ZygoteInit.main(ZygoteInit.java:743)
06-03 07:11:50.207 E/Hyphenator( 1329): Caused by: android.system.ErrnoException: open failed: ENOENT (No such file or directory)
06-03 07:11:50.207 E/Hyphenator( 1329): 	at libcore.io.Posix.open(Native Method)
06-03 07:11:50.207 E/Hyphenator( 1329): 	at libcore.io.BlockGuardOs.open(BlockGuardOs.java:187)
06-03 07:11:50.207 E/Hyphenator( 1329): 	at libcore.io.IoBridge.open(IoBridge.java:441)
06-03 07:11:50.207 E/Hyphenator( 1329): 	... 6 more
06-03 07:11:50.209 E/Hyphenator( 1329): error loading hyphenation /system/usr/hyphen-data/hyph-da.hyb
06-03 07:11:50.209 E/Hyphenator( 1329): java.io.FileNotFoundException: /system/usr/hyphen-data/hyph-da.hyb: open failed: ENOENT (No such file or directory)
06-03 07:11:50.209 E/Hyphenator( 1329): 	at libcore.io.IoBridge.open(IoBridge.java:455)
06-03 07:11:50.209 E/Hyphenator( 1329): 	at java.io.RandomAccessFile.<init>(RandomAccessFile.java:247)
06-03 07:11:50.209 E/Hyphenator( 1329): 	at android.text.Hyphenator.loadHyphenator(Hyphenator.java:118)
06-03 07:11:50.209 E/Hyphenator( 1329): 	at android.text.Hyphenator.init(Hyphenator.java:224)
06-03 07:11:50.209 E/Hyphenator( 1329): 	at com.android.internal.os.ZygoteInit.preloadTextResources(ZygoteInit.java:252)
06-03 07:11:50.209 E/Hyphenator( 1329): 	at com.android.internal.os.ZygoteInit.preload(ZygoteInit.java:206)
06-03 07:11:50.209 E/Hyphenator( 1329): 	at com.android.internal.os.ZygoteInit.main(ZygoteInit.java:743)
06-03 07:11:50.209 E/Hyphenator( 1329): Caused by: android.system.ErrnoException: open failed: ENOENT (No such file or directory)
06-03 07:11:50.209 E/Hyphenator( 1329): 	at libcore.io.Posix.open(Native Method)
06-03 07:11:50.209 E/Hyphenator( 1329): 	at libcore.io.BlockGuardOs.open(BlockGuardOs.java:187)
06-03 07:11:50.209 E/Hyphenator( 1329): 	at libcore.io.IoBridge.open(IoBridge.java:441)
06-03 07:11:50.209 E/Hyphenator( 1329): 	... 6 more
06-03 07:11:50.241 E/Hyphenator( 1329): error loading hyphenation /system/usr/hyphen-data/hyph-de-1901.hyb
06-03 07:11:50.241 E/Hyphenator( 1329): java.io.FileNotFoundException: /system/usr/hyphen-data/hyph-de-1901.hyb: open failed: ENOENT (No such file or directory)
06-03 07:11:50.241 E/Hyphenator( 1329): 	at libcore.io.IoBridge.open(IoBridge.java:455)
06-03 07:11:50.241 E/Hyphenator( 1329): 	at java.io.RandomAccessFile.<init>(RandomAccessFile.java:247)
06-03 07:11:50.241 E/Hyphenator( 1329): 	at android.text.Hyphenator.loadHyphenator(Hyphenator.java:118)
06-03 07:11:50.241 E/Hyphenator( 1329): 	at android.text.Hyphenator.init(Hyphenator.java:224)
06-03 07:11:50.241 E/Hyphenator( 1329): 	at com.android.internal.os.ZygoteInit.preloadTextResources(ZygoteInit.java:252)
06-03 07:11:50.241 E/Hyphenator( 1329): 	at com.android.internal.os.ZygoteInit.preload(ZygoteInit.java:206)
06-03 07:11:50.241 E/Hyphenator( 1329): 	at com.android.internal.os.ZygoteInit.main(ZygoteInit.java:743)
06-03 07:11:50.241 E/Hyphenator( 1329): Caused by: android.system.ErrnoException: open failed: ENOENT (No such file or directory)
06-03 07:11:50.241 E/Hyphenator( 1329): 	at libcore.io.Posix.open(Native Method)
06-03 07:11:50.241 E/Hyphenator( 1329): 	at libcore.io.BlockGuardOs.open(BlockGuardOs.java:187)
06-03 07:11:50.241 E/Hyphenator( 1329): 	at libcore.io.IoBridge.open(IoBridge.java:441)
06-03 07:11:50.241 E/Hyphenator( 1329): 	... 6 more
06-03 07:11:50.243 E/Hyphenator( 1329): error loading hyphenation /system/usr/hyphen-data/hyph-de-1996.hyb
06-03 07:11:50.243 E/Hyphenator( 1329): java.io.FileNotFoundException: /system/usr/hyphen-data/hyph-de-1996.hyb: open failed: ENOENT (No such file or directory)
06-03 07:11:50.243 E/Hyphenator( 1329): 	at libcore.io.IoBridge.open(IoBridge.java:455)
06-03 07:11:50.243 E/Hyphenator( 1329): 	at java.io.RandomAccessFile.<init>(RandomAccessFile.java:247)
06-03 07:11:50.243 E/Hyphenator( 1329): 	at android.text.Hyphenator.loadHyphenator(Hyphenator.java:118)
06-03 07:11:50.243 E/Hyphenator( 1329): 	at android.text.Hyphenator.init(Hyphenator.java:224)
06-03 07:11:50.243 E/Hyphenator( 1329): 	at com.android.internal.os.ZygoteInit.preloadTextResources(ZygoteInit.java:252)
06-03 07:11:50.243 E/Hyphenator( 1329): 	at com.android.internal.os.ZygoteInit.preload(ZygoteInit.java:206)
06-03 07:11:50.243 E/Hyphenator( 1329): 	at com.android.internal.os.ZygoteInit.main(ZygoteInit.java:743)
06-03 07:11:50.243 E/Hyphenator( 1329): Caused by: android.system.ErrnoException: open failed: ENOENT (No such file or directory)
06-03 07:11:50.243 E/Hyphenator( 1329): 	at libcore.io.Posix.open(Native Method)
06-03 07:11:50.243 E/Hyphenator( 1329): 	at libcore.io.BlockGuardOs.open(BlockGuardOs.java:187)
06-03 07:11:50.243 E/Hyphenator( 1329): 	at libcore.io.IoBridge.open(IoBridge.java:441)
06-03 07:11:50.243 E/Hyphenator( 1329): 	... 6 more
06-03 07:11:50.246 E/Hyphenator( 1329): error loading hyphenation /system/usr/hyphen-data/hyph-de-ch-1901.hyb
06-03 07:11:50.246 E/Hyphenator( 1329): java.io.FileNotFoundException: /system/usr/hyphen-data/hyph-de-ch-1901.hyb: open failed: ENOENT (No such file or directory)
06-03 07:11:50.246 E/Hyphenator( 1329): 	at libcore.io.IoBridge.open(IoBridge.java:455)
06-03 07:11:50.246 E/Hyphenator( 1329): 	at java.io.RandomAccessFile.<init>(RandomAccessFile.java:247)
06-03 07:11:50.246 E/Hyphenator( 1329): 	at android.text.Hyphenator.loadHyphenator(Hyphenator.java:118)
06-03 07:11:50.246 E/Hyphenator( 1329): 	at android.text.Hyphenator.init(Hyphenator.java:224)
06-03 07:11:50.246 E/Hyphenator( 1329): 	at com.android.internal.os.ZygoteInit.preloadTextResources(ZygoteInit.java:252)
06-03 07:11:50.246 E/Hyphenator( 1329): 	at com.android.internal.os.ZygoteInit.preload(ZygoteInit.java:206)
06-03 07:11:50.246 E/Hyphenator( 1329): 	at com.android.internal.os.ZygoteInit.main(ZygoteInit.java:743)
06-03 07:11:50.246 E/Hyphenator( 1329): Caused by: android.system.ErrnoException: open failed: ENOENT (No such file or directory)
06-03 07:11:50.246 E/Hyphenator( 1329): 	at libcore.io.Posix.open(Native Method)
06-03 07:11:50.246 E/Hyphenator( 1329): 	at libcore.io.BlockGuardOs.open(BlockGuardOs.java:187)
06-03 07:11:50.246 E/Hyphenator( 1329): 	at libcore.io.IoBridge.open(IoBridge.java:441)
06-03 07:11:50.246 E/Hyphenator( 1329): 	... 6 more
06-03 07:11:50.247 E/Hyphenator( 1329): error loading hyphenation /system/usr/hyphen-data/hyph-en-gb.hyb
06-03 07:11:50.247 E/Hyphenator( 1329): java.io.FileNotFoundException: /system/usr/hyphen-data/hyph-en-gb.hyb: open failed: ENOENT (No such file or directory)
06-03 07:11:50.247 E/Hyphenator( 1329): 	at libcore.io.IoBridge.open(IoBridge.java:455)
06-03 07:11:50.247 E/Hyphenator( 1329): 	at java.io.RandomAccessFile.<init>(RandomAccessFile.java:247)
06-03 07:11:50.247 E/Hyphenator( 1329): 	at android.text.Hyphenator.loadHyphenator(Hyphenator.java:118)
06-03 07:11:50.247 E/Hyphenator( 1329): 	at android.text.Hyphenator.init(Hyphenator.java:224)
06-03 07:11:50.247 E/Hyphenator( 1329): 	at com.android.internal.os.ZygoteInit.preloadTextResources(ZygoteInit.java:252)
06-03 07:11:50.247 E/Hyphenator( 1329): 	at com.android.internal.os.ZygoteInit.preload(ZygoteInit.java:206)
06-03 07:11:50.247 E/Hyphenator( 1329): 	at com.android.internal.os.ZygoteInit.main(ZygoteInit.java:743)
06-03 07:11:50.247 E/Hyphenator( 1329): Caused by: android.system.ErrnoException: open failed: ENOENT (No such file or directory)
06-03 07:11:50.247 E/Hyphenator( 1329): 	at libcore.io.Posix.open(Native Method)
06-03 07:11:50.247 E/Hyphenator( 1329): 	at libcore.io.BlockGuardOs.open(BlockGuardOs.java:187)
06-03 07:11:50.247 E/Hyphenator( 1329): 	at libcore.io.IoBridge.open(IoBridge.java:441)
06-03 07:11:50.247 E/Hyphenator( 1329): 	... 6 more
06-03 07:11:50.249 E/Hyphenator( 1329): error loading hyphenation /system/usr/hyphen-data/hyph-en-us.hyb
06-03 07:11:50.249 E/Hyphenator( 1329): java.io.FileNotFoundException: /system/usr/hyphen-data/hyph-en-us.hyb: open failed: ENOENT (No such file or directory)
06-03 07:11:50.249 E/Hyphenator( 1329): 	at libcore.io.IoBridge.open(IoBridge.java:455)
06-03 07:11:50.249 E/Hyphenator( 1329): 	at java.io.RandomAccessFile.<init>(RandomAccessFile.java:247)
06-03 07:11:50.249 E/Hyphenator( 1329): 	at android.text.Hyphenator.loadHyphenator(Hyphenator.java:118)
06-03 07:11:50.249 E/Hyphenator( 1329): 	at android.text.Hyphenator.init(Hyphenator.java:224)
06-03 07:11:50.249 E/Hyphenator( 1329): 	at com.android.internal.os.ZygoteInit.preloadTextResources(ZygoteInit.java:252)
06-03 07:11:50.249 E/Hyphenator( 1329): 	at com.android.internal.os.ZygoteInit.preload(ZygoteInit.java:206)
06-03 07:11:50.249 E/Hyphenator( 1329): 	at com.android.internal.os.ZygoteInit.main(ZygoteInit.java:743)
06-03 07:11:50.249 E/Hyphenator( 1329): Caused by: android.system.ErrnoException: open failed: ENOENT (No such file or directory)
06-03 07:11:50.249 E/Hyphenator( 1329): 	at libcore.io.Posix.open(Native Method)
06-03 07:11:50.249 E/Hyphenator( 1329): 	at libcore.io.BlockGuardOs.open(BlockGuardOs.java:187)
06-03 07:11:50.249 E/Hyphenator( 1329): 	at libcore.io.IoBridge.open(IoBridge.java:441)
06-03 07:11:50.249 E/Hyphenator( 1329): 	... 6 more
06-03 07:11:50.301 E/Hyphenator( 1329): error loading hyphenation /system/usr/hyphen-data/hyph-es.hyb
06-03 07:11:50.301 E/Hyphenator( 1329): java.io.FileNotFoundException: /system/usr/hyphen-data/hyph-es.hyb: open failed: ENOENT (No such file or directory)
06-03 07:11:50.301 E/Hyphenator( 1329): 	at libcore.io.IoBridge.open(IoBridge.java:455)
06-03 07:11:50.301 E/Hyphenator( 1329): 	at java.io.RandomAccessFile.<init>(RandomAccessFile.java:247)
06-03 07:11:50.301 E/Hyphenator( 1329): 	at android.text.Hyphenator.loadHyphenator(Hyphenator.java:118)
06-03 07:11:50.301 E/Hyphenator( 1329): 	at android.text.Hyphenator.init(Hyphenator.java:224)
06-03 07:11:50.301 E/Hyphenator( 1329): 	at com.android.internal.os.ZygoteInit.preloadTextResources(ZygoteInit.java:252)
06-03 07:11:50.301 E/Hyphenator( 1329): 	at com.android.internal.os.ZygoteInit.preload(ZygoteInit.java:206)
06-03 07:11:50.301 E/Hyphenator( 1329): 	at com.android.internal.os.ZygoteInit.main(ZygoteInit.java:743)
06-03 07:11:50.301 E/Hyphenator( 1329): Caused by: android.system.ErrnoException: open failed: ENOENT (No such file or directory)
06-03 07:11:50.301 E/Hyphenator( 1329): 	at libcore.io.Posix.open(Native Method)
06-03 07:11:50.301 E/Hyphenator( 1329): 	at libcore.io.BlockGuardOs.open(BlockGuardOs.java:187)
06-03 07:11:50.301 E/Hyphenator( 1329): 	at libcore.io.IoBridge.open(IoBridge.java:441)
06-03 07:11:50.301 E/Hyphenator( 1329): 	... 6 more
06-03 07:11:50.303 E/Hyphenator( 1329): error loading hyphenation /system/usr/hyphen-data/hyph-et.hyb
06-03 07:11:50.303 E/Hyphenator( 1329): java.io.FileNotFoundException: /system/usr/hyphen-data/hyph-et.hyb: open failed: ENOENT (No such file or directory)
06-03 07:11:50.303 E/Hyphenator( 1329): 	at libcore.io.IoBridge.open(IoBridge.java:455)
06-03 07:11:50.303 E/Hyphenator( 1329): 	at java.io.RandomAccessFile.<init>(RandomAccessFile.java:247)
06-03 07:11:50.303 E/Hyphenator( 1329): 	at android.text.Hyphenator.loadHyphenator(Hyphenator.java:118)
06-03 07:11:50.303 E/Hyphenator( 1329): 	at android.text.Hyphenator.init(Hyphenator.java:224)
06-03 07:11:50.303 E/Hyphenator( 1329): 	at com.android.internal.os.ZygoteInit.preloadTextResources(ZygoteInit.java:252)
06-03 07:11:50.303 E/Hyphenator( 1329): 	at com.android.internal.os.ZygoteInit.preload(ZygoteInit.java:206)
06-03 07:11:50.303 E/Hyphenator( 1329): 	at com.android.internal.os.ZygoteInit.main(ZygoteInit.java:743)
06-03 07:11:50.303 E/Hyphenator( 1329): Caused by: android.system.ErrnoException: open failed: ENOENT (No such file or directory)
06-03 07:11:50.303 E/Hyphenator( 1329): 	at libcore.io.Posix.open(Native Method)
06-03 07:11:50.303 E/Hyphenator( 1329): 	at libcore.io.BlockGuardOs.open(BlockGuardOs.java:187)
06-03 07:11:50.303 E/Hyphenator( 1329): 	at libcore.io.IoBridge.open(IoBridge.java:441)
06-03 07:11:50.303 E/Hyphenator( 1329): 	... 6 more
06-03 07:11:50.305 E/Hyphenator( 1329): error loading hyphenation /system/usr/hyphen-data/hyph-eu.hyb
06-03 07:11:50.305 E/Hyphenator( 1329): java.io.FileNotFoundException: /system/usr/hyphen-data/hyph-eu.hyb: open failed: ENOENT (No such file or directory)
06-03 07:11:50.305 E/Hyphenator( 1329): 	at libcore.io.IoBridge.open(IoBridge.java:455)
06-03 07:11:50.305 E/Hyphenator( 1329): 	at java.io.RandomAccessFile.<init>(RandomAccessFile.java:247)
06-03 07:11:50.305 E/Hyphenator( 1329): 	at android.text.Hyphenator.loadHyphenator(Hyphenator.java:118)
06-03 07:11:50.305 E/Hyphenator( 1329): 	at android.text.Hyphenator.init(Hyphenator.java:224)
06-03 07:11:50.305 E/Hyphenator( 1329): 	at com.android.internal.os.ZygoteInit.preloadTextResources(ZygoteInit.java:252)
06-03 07:11:50.305 E/Hyphenator( 1329): 	at com.android.internal.os.ZygoteInit.preload(ZygoteInit.java:206)
06-03 07:11:50.305 E/Hyphenator( 1329): 	at com.android.internal.os.ZygoteInit.main(ZygoteInit.java:743)
06-03 07:11:50.305 E/Hyphenator( 1329): Caused by: android.system.ErrnoException: open failed: ENOENT (No such file or directory)
06-03 07:11:50.305 E/Hyphenator( 1329): 	at libcore.io.Posix.open(Native Method)
06-03 07:11:50.305 E/Hyphenator( 1329): 	at libcore.io.BlockGuardOs.open(BlockGuardOs.java:187)
06-03 07:11:50.305 E/Hyphenator( 1329): 	at libcore.io.IoBridge.open(IoBridge.java:441)
06-03 07:11:50.305 E/Hyphenator( 1329): 	... 6 more
06-03 07:11:50.307 E/Hyphenator( 1329): error loading hyphenation /system/usr/hyphen-data/hyph-fr.hyb
06-03 07:11:50.307 E/Hyphenator( 1329): java.io.FileNotFoundException: /system/usr/hyphen-data/hyph-fr.hyb: open failed: ENOENT (No such file or directory)
06-03 07:11:50.307 E/Hyphenator( 1329): 	at libcore.io.IoBridge.open(IoBridge.java:455)
06-03 07:11:50.307 E/Hyphenator( 1329): 	at java.io.RandomAccessFile.<init>(RandomAccessFile.java:247)
06-03 07:11:50.307 E/Hyphenator( 1329): 	at android.text.Hyphenator.loadHyphenator(Hyphenator.java:118)
06-03 07:11:50.307 E/Hyphenator( 1329): 	at android.text.Hyphenator.init(Hyphenator.java:224)
06-03 07:11:50.307 E/Hyphenator( 1329): 	at com.android.internal.os.ZygoteInit.preloadTextResources(ZygoteInit.java:252)
06-03 07:11:50.307 E/Hyphenator( 1329): 	at com.android.internal.os.ZygoteInit.preload(ZygoteInit.java:206)
06-03 07:11:50.307 E/Hyphenator( 1329): 	at com.android.internal.os.ZygoteInit.main(ZygoteInit.java:743)
06-03 07:11:50.307 E/Hyphenator( 1329): Caused by: android.system.ErrnoException: open failed: ENOENT (No such file or directory)
06-03 07:11:50.307 E/Hyphenator( 1329): 	at libcore.io.Posix.open(Native Method)
06-03 07:11:50.307 E/Hyphenator( 1329): 	at libcore.io.BlockGuardOs.open(BlockGuardOs.java:187)
06-03 07:11:50.307 E/Hyphenator( 1329): 	at libcore.io.IoBridge.open(IoBridge.java:441)
06-03 07:11:50.307 E/Hyphenator( 1329): 	... 6 more
06-03 07:11:50.309 E/Hyphenator( 1329): error loading hyphenation /system/usr/hyphen-data/hyph-ga.hyb
06-03 07:11:50.309 E/Hyphenator( 1329): java.io.FileNotFoundException: /system/usr/hyphen-data/hyph-ga.hyb: open failed: ENOENT (No such file or directory)
06-03 07:11:50.309 E/Hyphenator( 1329): 	at libcore.io.IoBridge.open(IoBridge.java:455)
06-03 07:11:50.309 E/Hyphenator( 1329): 	at java.io.RandomAccessFile.<init>(RandomAccessFile.java:247)
06-03 07:11:50.309 E/Hyphenator( 1329): 	at android.text.Hyphenator.loadHyphenator(Hyphenator.java:118)
06-03 07:11:50.309 E/Hyphenator( 1329): 	at android.text.Hyphenator.init(Hyphenator.java:224)
06-03 07:11:50.309 E/Hyphenator( 1329): 	at com.android.internal.os.ZygoteInit.preloadTextResources(ZygoteInit.java:252)
06-03 07:11:50.309 E/Hyphenator( 1329): 	at com.android.internal.os.ZygoteInit.preload(ZygoteInit.java:206)
06-03 07:11:50.309 E/Hyphenator( 1329): 	at com.android.internal.os.ZygoteInit.main(ZygoteInit.java:743)
06-03 07:11:50.309 E/Hyphenator( 1329): Caused by: android.system.ErrnoException: open failed: ENOENT (No such file or directory)
06-03 07:11:50.309 E/Hyphenator( 1329): 	at libcore.io.Posix.open(Native Method)
06-03 07:11:50.309 E/Hyphenator( 1329): 	at libcore.io.BlockGuardOs.open(BlockGuardOs.java:187)
06-03 07:11:50.309 E/Hyphenator( 1329): 	at libcore.io.IoBridge.open(IoBridge.java:441)
06-03 07:11:50.309 E/Hyphenator( 1329): 	... 6 more
06-03 07:11:50.462 E/Hyphenator( 1329): error loading hyphenation /system/usr/hyphen-data/hyph-gu.hyb
