--------- beginning of main
06-03 07:10:04.170 W/auditd  ( 1271): type=2000 audit(0.0:1): initialized
06-03 07:10:08.500 I/auditd  ( 1271): type=1403 audit(0.0:2): policy loaded auid=4294967295 ses=4294967295
06-03 07:10:08.510 W/auditd  ( 1271): type=1404 audit(0.0:3): enforcing=1 old_enforcing=0 auid=4294967295 ses=4294967295
06-03 07:10:13.780 W/init    (    1): type=1400 audit(0.0:4): avc: denied { write } for name="tracing_on" dev="debugfs" ino=28 scontext=u:r:init:s0 tcontext=u:object_r:debugfs:s0 tclass=file permissive=0
06-03 07:10:15.475 I/        ( 1278): debuggerd: starting
--------- beginning of system
06-03 07:10:16.154 I/vold    ( 1279): Vold 3.0 (the awakening) firing up
06-03 07:10:16.156 V/vold    ( 1279): Detected support for: ext4 vfat
06-03 07:10:16.483 D/vold    ( 1279): Recognized experimental block major ID 253 as virtio-blk (emulator's virtual SD card device)
06-03 07:10:16.484 V/vold    ( 1279): /system/bin/sgdisk
06-03 07:10:16.484 V/vold    ( 1279):     --android-dump
06-03 07:10:16.484 V/vold    ( 1279):     /dev/block/vold/disk:253,48
06-03 07:10:16.733 I/        ( 1277): debuggerd: starting
06-03 07:10:16.737 D/vold    ( 1279): e4crypt_init_user0
06-03 07:10:16.738 D/vold    ( 1279): e4crypt_prepare_user_storage for volume null, user 0, serial 0, flags 1
06-03 07:10:16.738 D/vold    ( 1279): Preparing: /data/system/users/0
06-03 07:10:16.741 D/vold    ( 1279): Preparing: /data/misc/profiles/cur/0
06-03 07:10:16.743 D/vold    ( 1279): Preparing: /data/misc/profiles/cur/0/foreign-dex
06-03 07:10:16.744 D/vold    ( 1279): Preparing: /data/system_de/0
06-03 07:10:16.745 D/vold    ( 1279): Preparing: /data/misc_de/0
06-03 07:10:16.746 D/vold    ( 1279): Preparing: /data/user_de/0
06-03 07:10:16.747 D/vold    ( 1279): e4crypt_unlock_user_key 0 serial=0 token_present=0
06-03 07:10:16.763 I/vdc     (    1): 200 1282 Command succeeded
06-03 07:10:17.035 V/vold    ( 1279): DISK gpt BB9123B5-D349-492B-A02C-70E73BB77C56
06-03 07:10:17.035 V/vold    ( 1279): 
06-03 07:10:17.035 V/vold    ( 1279): PART 1 19A710A2-B3CA-11E4-B026-10604B889DCF EED9717C-D445-490C-8E8D-2D167B319359 android_meta
06-03 07:10:17.035 V/vold    ( 1279): 
06-03 07:10:17.035 V/vold    ( 1279): PART 2 193D1EA4-B3CA-11E4-B075-10604B889DCF 8F368E03-8B01-C40D-EBD0-D1FEEDFE912E android_expand
06-03 07:10:17.035 V/vold    ( 1279): 
06-03 07:10:17.084 E/vold    ( 1279): Failed to load key for GUID 8f368e038b01c40debd0d1feedfe912e: No such file or directory
06-03 07:10:17.106 I//system/bin/tzdatacheck( 1319): tzdata file /data/misc/zoneinfo/current/tzdata does not exist. No action required.
06-03 07:10:17.960 W/audioserver( 1331): type=1400 audit(0.0:5): avc: denied { getattr } for path="/vendor" dev="rootfs" ino=2986 scontext=u:r:audioserver:s0 tcontext=u:object_r:rootfs:s0 tclass=lnk_file permissive=0
06-03 07:10:18.140 W/mediacodec( 1339): type=1400 audit(0.0:6): avc: denied { getattr } for path="/vendor" dev="rootfs" ino=2986 scontext=u:r:mediacodec:s0 tcontext=u:object_r:rootfs:s0 tclass=lnk_file permissive=0
06-03 07:10:18.280 W/cameraserver( 1332): type=1400 audit(0.0:7): avc: denied { getattr } for path="/vendor" dev="rootfs" ino=2986 scontext=u:r:cameraserver:s0 tcontext=u:object_r:rootfs:s0 tclass=lnk_file permissive=0
06-03 07:10:18.440 W/mediadrmserver( 1340): type=1400 audit(0.0:8): avc: denied { getattr } for path="/vendor" dev="rootfs" ino=2986 scontext=u:r:mediadrmserver:s0 tcontext=u:object_r:rootfs:s0 tclass=lnk_file permissive=0
06-03 07:10:18.686 I/lowmemorykiller( 1324): Using in-kernel low memory killer interface
06-03 07:10:19.014 I/qemu-props( 1323): connected to 'boot-properties' qemud service.
06-03 07:10:19.014 I/qemu-props( 1323): receiving..
06-03 07:10:19.015 I/qemu-props( 1323): received: qemu.cmdline=androidboot.logcat=v:* androidboot.consolepipe=qemu_pipe,pipe:logcat
06-03 07:10:19.280 I/qemu-props( 1323): receiving..
06-03 07:10:19.281 I/qemu-props( 1323): received: qemu.logcat=start
06-03 07:10:19.432 I/qemu-props( 1323): receiving..
06-03 07:10:19.433 I/qemu-props( 1323): received: ro.opengles.version=131072
06-03 07:10:19.445 I/qemu-props( 1323): receiving..
06-03 07:10:19.445 I/qemu-props( 1323): received: qemu.sf.fake_camera=back
06-03 07:10:19.456 I/qemu-props( 1323): receiving..
06-03 07:10:19.456 I/qemu-props( 1323): received: dalvik.vm.heapsize=256m
06-03 07:10:19.458 I/qemu-props( 1323): receiving..
06-03 07:10:19.458 I/qemu-props( 1323): received: qemu.hw.mainkeys=0
06-03 07:10:19.459 I/qemu-props( 1323): receiving..
06-03 07:10:19.459 I/qemu-props( 1323): received: qemu.sf.lcd_density=480
06-03 07:10:19.462 I/fingerprintd( 1356): Starting fingerprintd
06-03 07:10:19.715 I/qemu-props( 1323): receiving..
06-03 07:10:19.715 I/qemu-props( 1323): received: qemu.timezone=Etc/UTC
06-03 07:10:19.968 I/qemu-props( 1323): receiving..
06-03 07:10:19.968 I/qemu-props( 1323): exiting (8 properties set).
06-03 07:10:20.276 I/        ( 1334): installd firing up
06-03 07:10:21.290 I/keystore( 1335): Found keymaster0 module Keymaster OpenSSL HAL, version 2
06-03 07:10:21.291 I/SoftKeymaster( 1335): system/keymaster/soft_keymaster_device.cpp, Line 131: Creating device
06-03 07:10:21.292 D/SoftKeymaster( 1335): system/keymaster/soft_keymaster_device.cpp, Line 132: Device address: 0x71eaf7c3d000
06-03 07:10:21.292 I/keystore( 1335): Keymaster0 module is software-only.  Using SoftKeymasterDevice instead.
06-03 07:10:21.292 I/SoftKeymaster( 1335): system/keymaster/soft_keymaster_device.cpp, Line 131: Creating device
06-03 07:10:21.292 D/SoftKeymaster( 1335): system/keymaster/soft_keymaster_device.cpp, Line 132: Device address: 0x71eaf7c3d400
06-03 07:10:21.369 I/gatekeeperd( 1363): Starting gatekeeperd...
06-03 07:10:21.522 W/gatekeeperd( 1363): falling back to software GateKeeper
06-03 07:10:21.883 I/SurfaceFlinger( 1326): SurfaceFlinger is starting
06-03 07:10:21.901 I/SurfaceFlinger( 1326): SurfaceFlinger's main thread ready to run. Initializing graphics H/W...
06-03 07:10:21.902 D/libEGL  ( 1326): Emulator without GPU support detected. Fallback to legacy software renderer, qemu.gles is set to 0.
06-03 07:10:22.038 D/libEGL  ( 1326): loaded /system/lib64/egl/libGLES_android.so
06-03 07:10:22.148 I/perfprofd( 1370): starting Android Wide Profiling daemon
06-03 07:10:22.172 E/perfprofd( 1370): unable to open configuration file /data/data/com.google.android.gms/files/perfprofd.conf
06-03 07:10:22.176 I/perfprofd( 1370): random seed set to 2938436525
06-03 07:10:22.868 D/gralloc_ranchu( 1326): Emulator without host-side GPU emulation detected. Loading gralloc.default.so from /vendor/lib64/hw/gralloc.goldfish.default.so...
06-03 07:10:22.893 D/gralloc_ranchu( 1326): gralloc.default.so not found in /vendor. Trying /system/lib64/hw/gralloc.goldfish.default.so...
06-03 07:10:22.913 I/gralloc ( 1326): using (fd=11)
06-03 07:10:22.913 I/gralloc ( 1326): id           = 
06-03 07:10:22.913 I/gralloc ( 1326): xres         = 1080 px
06-03 07:10:22.913 I/gralloc ( 1326): yres         = 1920 px
06-03 07:10:22.913 I/gralloc ( 1326): xres_virtual = 1080 px
06-03 07:10:22.913 I/gralloc ( 1326): yres_virtual = 3840 px
06-03 07:10:22.913 I/gralloc ( 1326): bpp          = 16
06-03 07:10:22.913 I/gralloc ( 1326): r            = 11:5
06-03 07:10:22.913 I/gralloc ( 1326): g            =  5:6
06-03 07:10:22.913 I/gralloc ( 1326): b            =  0:5
06-03 07:10:22.914 I/gralloc ( 1326): width        = 166 mm (165.253006 dpi)
06-03 07:10:22.914 I/gralloc ( 1326): height       = 296 mm (164.756760 dpi)
06-03 07:10:22.914 I/gralloc ( 1326): refresh rate = 60.00 Hz
06-03 07:10:22.976 E/SurfaceFlinger( 1326): hwcomposer module not found
06-03 07:10:22.978 W/SurfaceFlinger( 1326): no suitable EGLConfig found, trying a simpler query
06-03 07:10:22.979 W/SurfaceFlinger( 1326): EGL_SLOW_CONFIG selected!
06-03 07:10:22.979 I/SurfaceFlinger( 1326): EGL information:
06-03 07:10:22.979 I/SurfaceFlinger( 1326): vendor    : Android
06-03 07:10:22.979 I/SurfaceFlinger( 1326): version   : 1.4 Android META-EGL
06-03 07:10:22.979 I/SurfaceFlinger( 1326): extensions: EGL_KHR_get_all_proc_addresses EGL_ANDROID_presentation_time EGL_KHR_swap_buffers_with_damage EGL_ANDROID_create_native_client_buffer EGL_ANDROID_front_buffer_auto_refresh EGL_KHR_image_base EGL_KHR_fence_sync EGL_ANDROID_image_native_buffer 
06-03 07:10:22.979 I/SurfaceFlinger( 1326): Client API: OpenGL_ES
06-03 07:10:22.979 I/SurfaceFlinger( 1326): EGLSurface: 5-6-5-0, config=0x0
06-03 07:10:22.988 W/SurfaceFlinger( 1326): no suitable EGLConfig found, trying a simpler query
06-03 07:10:22.988 W/SurfaceFlinger( 1326): EGL_SLOW_CONFIG selected!
06-03 07:10:22.988 I/SurfaceFlinger( 1326): EGL information:
06-03 07:10:22.988 I/SurfaceFlinger( 1326): vendor    : Android
06-03 07:10:22.988 I/SurfaceFlinger( 1326): version   : 1.4 Android META-EGL
06-03 07:10:22.988 I/SurfaceFlinger( 1326): extensions: EGL_KHR_get_all_proc_addresses EGL_ANDROID_presentation_time EGL_KHR_swap_buffers_with_damage EGL_ANDROID_create_native_client_buffer EGL_ANDROID_front_buffer_auto_refresh EGL_KHR_image_base EGL_KHR_fence_sync EGL_ANDROID_image_native_buffer 
06-03 07:10:22.988 I/SurfaceFlinger( 1326): Client API: OpenGL_ES
06-03 07:10:22.988 I/SurfaceFlinger( 1326): EGLSurface: 5-6-5-0, config=0x0
06-03 07:10:23.046 I/SurfaceFlinger( 1326): OpenGL ES informations:
06-03 07:10:23.046 I/SurfaceFlinger( 1326): vendor    : Android
06-03 07:10:23.046 I/SurfaceFlinger( 1326): renderer  : Android PixelFlinger 1.4
06-03 07:10:23.046 I/SurfaceFlinger( 1326): version   : OpenGL ES-CM 1.0
06-03 07:10:23.046 I/SurfaceFlinger( 1326): extensions: GL_EXT_debug_marker GL_OES_byte_coordinates GL_OES_fixed_point GL_OES_single_precision GL_OES_read_format GL_OES_compressed_paletted_texture GL_OES_draw_texture GL_OES_matrix_get GL_OES_query_matrix GL_OES_EGL_image GL_OES_EGL_sync GL_OES_compressed_ETC1_RGB8_texture GL_ARB_texture_compression GL_ARB_texture_non_power_of_two GL_ANDROID_user_clip_plane GL_ANDROID_vertex_buffer_object GL_ANDROID_generate_mipmap 
06-03 07:10:23.046 I/SurfaceFlinger( 1326): GL_MAX_TEXTURE_SIZE = 4096
06-03 07:10:23.046 I/SurfaceFlinger( 1326): GL_MAX_VIEWPORT_DIMS = 4096
06-03 07:10:23.059 I/Netd    ( 1353): Netd 1.0 starting
06-03 07:10:23.084 W/SurfaceFlinger( 1326): no suitable EGLConfig found, trying a simpler query
06-03 07:10:23.084 W/SurfaceFlinger( 1326): EGL_SLOW_CONFIG selected!
06-03 07:10:23.084 I/SurfaceFlinger( 1326): EGL information:
06-03 07:10:23.085 I/SurfaceFlinger( 1326): vendor    : Android
06-03 07:10:23.085 I/SurfaceFlinger( 1326): version   : 1.4 Android META-EGL
06-03 07:10:23.085 I/SurfaceFlinger( 1326): extensions: EGL_KHR_get_all_proc_addresses EGL_ANDROID_presentation_time EGL_KHR_swap_buffers_with_damage EGL_ANDROID_create_native_client_buffer EGL_ANDROID_front_buffer_auto_refresh EGL_KHR_image_base EGL_KHR_fence_sync EGL_ANDROID_image_native_buffer 
06-03 07:10:23.085 I/SurfaceFlinger( 1326): Client API: OpenGL_ES
06-03 07:10:23.085 I/SurfaceFlinger( 1326): EGLSurface: 5-6-5-0, config=0x0
06-03 07:10:23.122 E/libEGL  ( 1326): called unimplemented OpenGL ES API
06-03 07:10:23.123 E/SurfaceFlinger( 1326): Error while compiling shader: 
06-03 07:10:23.123 E/SurfaceFlinger( 1326): attribute vec4 position;
06-03 07:10:23.123 E/SurfaceFlinger( 1326): uniform mat4 projection;
06-03 07:10:23.123 E/SurfaceFlinger( 1326): uniform mat4 texture;
06-03 07:10:23.123 E/SurfaceFlinger( 1326): void main(void) {
06-03 07:10:23.123 E/SurfaceFlinger( 1326):     gl_Position = projection * position;
06-03 07:10:23.123 E/SurfaceFlinger( 1326): }
06-03 07:10:23.123 E/SurfaceFlinger( 1326): 
06-03 07:10:23.123 E/SurfaceFlinger( 1326): \F6\FF\FF\FF\FF\FF\FF\FF\9F\D1FVau
06-03 07:10:23.123 E/SurfaceFlinger( 1326): Error while compiling shader: 
06-03 07:10:23.123 E/SurfaceFlinger( 1326): precision mediump float;
06-03 07:10:23.123 E/SurfaceFlinger( 1326): uniform vec4 color;
06-03 07:10:23.123 E/SurfaceFlinger( 1326): void main(void) {
06-03 07:10:23.123 E/SurfaceFlinger( 1326):     gl_FragColor = color;
06-03 07:10:23.123 E/SurfaceFlinger( 1326): }
06-03 07:10:23.123 E/SurfaceFlinger( 1326): 
06-03 07:10:23.123 E/SurfaceFlinger( 1326): \F6\FF\FF\FF\FF\FF\FF\FF\9F\D1FVau
06-03 07:10:23.123 E/SurfaceFlinger( 1326): Error while linking shaders:
06-03 07:10:23.123 E/SurfaceFlinger( 1326): Error while compiling shader: 
06-03 07:10:23.123 E/SurfaceFlinger( 1326): attribute vec4 position;
06-03 07:10:23.123 E/SurfaceFlinger( 1326): uniform mat4 projection;
06-03 07:10:23.123 E/SurfaceFlinger( 1326): uniform mat4 texture;
06-03 07:10:23.123 E/SurfaceFlinger( 1326): void main(void) {
06-03 07:10:23.123 E/SurfaceFlinger( 1326):     gl_Position = projection * position;
06-03 07:10:23.123 E/SurfaceFlinger( 1326): }
06-03 07:10:23.123 E/SurfaceFlinger( 1326): 
06-03 07:10:23.123 E/SurfaceFlinger( 1326): \F6\FF\FF\FF\FF\FF\FF\FF\9F\D1FVau
06-03 07:10:23.123 E/SurfaceFlinger( 1326): Error while compiling shader: 
06-03 07:10:23.123 E/SurfaceFlinger( 1326): precision mediump float;
06-03 07:10:23.123 E/SurfaceFlinger( 1326): uniform vec4 color;
06-03 07:10:23.123 E/SurfaceFlinger( 1326): void main(void) {
06-03 07:10:23.123 E/SurfaceFlinger( 1326):     gl_FragColor = color;
06-03 07:10:23.123 E/SurfaceFlinger( 1326): }
06-03 07:10:23.123 E/SurfaceFlinger( 1326): 
06-03 07:10:23.123 E/SurfaceFlinger( 1326): \F6\FF\FF\FF\FF\FF\FF\FF\9F\D1FVau
06-03 07:10:23.123 E/SurfaceFlinger( 1326): Error while linking shaders:
06-03 07:10:23.123 E/SurfaceFlinger( 1326): Error while compiling shader: 
06-03 07:10:23.123 E/SurfaceFlinger( 1326): attribute vec4 position;
06-03 07:10:23.123 E/SurfaceFlinger( 1326): uniform mat4 projection;
06-03 07:10:23.123 E/SurfaceFlinger( 1326): uniform mat4 texture;
06-03 07:10:23.123 E/SurfaceFlinger( 1326): void main(void) {
06-03 07:10:23.123 E/SurfaceFlinger( 1326):     gl_Position = projection * position;
06-03 07:10:23.123 E/SurfaceFlinger( 1326): }
06-03 07:10:23.123 E/SurfaceFlinger( 1326): 
06-03 07:10:23.123 E/SurfaceFlinger( 1326): \F6\FF\FF\FF\FF\FF\FF\FF\9F\D1FVau
06-03 07:10:23.123 E/SurfaceFlinger( 1326): Error while compiling shader: 
06-03 07:10:23.123 E/SurfaceFlinger( 1326): precision mediump float;
06-03 07:10:23.123 E/SurfaceFlinger( 1326): uniform vec4 color;
06-03 07:10:23.123 E/SurfaceFlinger( 1326): void main(void) {
06-03 07:10:23.123 E/SurfaceFlinger( 1326):     gl_FragColor = color;
06-03 07:10:23.123 E/SurfaceFlinger( 1326):     gl_FragColor.a = 1.0;
06-03 07:10:23.123 E/SurfaceFlinger( 1326): }
06-03 07:10:23.123 E/SurfaceFlinger( 1326): 
06-03 07:10:23.123 E/SurfaceFlinger( 1326): \F6\FF\FF\FF\FF\FF\FF\FF\9F\D1FVau
06-03 07:10:23.124 E/SurfaceFlinger( 1326): Error while linking shaders:
06-03 07:10:23.124 E/SurfaceFlinger( 1326): Error while compiling shader: 
06-03 07:10:23.124 E/SurfaceFlinger( 1326): attribute vec4 position;
06-03 07:10:23.124 E/SurfaceFlinger( 1326): uniform mat4 projection;
06-03 07:10:23.124 E/SurfaceFlinger( 1326): uniform mat4 texture;
06-03 07:10:23.124 E/SurfaceFlinger( 1326): void main(void) {
06-03 07:10:23.124 E/SurfaceFlinger( 1326):     gl_Position = projection * position;
06-03 07:10:23.124 E/SurfaceFlinger( 1326): }
06-03 07:10:23.124 E/SurfaceFlinger( 1326): 
06-03 07:10:23.124 E/SurfaceFlinger( 1326): \F6\FF\FF\FF\FF\FF\FF\FF\9F\D1FVau
06-03 07:10:23.124 E/SurfaceFlinger( 1326): Error while compiling shader: 
06-03 07:10:23.124 E/SurfaceFlinger( 1326): precision mediump float;
06-03 07:10:23.124 E/SurfaceFlinger( 1326): uniform vec4 color;
06-03 07:10:23.124 E/SurfaceFlinger( 1326): void main(void) {
06-03 07:10:23.124 E/SurfaceFlinger( 1326):     gl_FragColor = color;
06-03 07:10:23.124 E/SurfaceFlinger( 1326):     gl_FragColor.a = 1.0;
06-03 07:10:23.124 E/SurfaceFlinger( 1326): }
06-03 07:10:23.124 E/SurfaceFlinger( 1326): 
06-03 07:10:23.124 E/SurfaceFlinger( 1326): \F6\FF\FF\FF\FF\FF\FF\FF\9F\D1FVau
06-03 07:10:23.124 E/SurfaceFlinger( 1326): Error while linking shaders:
06-03 07:10:23.124 E/SurfaceFlinger( 1326): Error while compiling shader: 
06-03 07:10:23.124 E/SurfaceFlinger( 1326): attribute vec4 position;
06-03 07:10:23.124 E/SurfaceFlinger( 1326): uniform mat4 projection;
06-03 07:10:23.124 E/SurfaceFlinger( 1326): uniform mat4 texture;
06-03 07:10:23.124 E/SurfaceFlinger( 1326): void main(void) {
06-03 07:10:23.124 E/SurfaceFlinger( 1326):     gl_Position = projection * position;
06-03 07:10:23.124 E/SurfaceFlinger( 1326): }
06-03 07:10:23.124 E/SurfaceFlinger( 1326): 
06-03 07:10:23.124 E/SurfaceFlinger( 1326): \F6\FF\FF\FF\FF\FF\FF\FF\9F\D1FVau
06-03 07:10:23.124 E/SurfaceFlinger( 1326): Error while compiling shader: 
06-03 07:10:23.124 E/SurfaceFlinger( 1326): precision mediump float;
06-03 07:10:23.124 E/SurfaceFlinger( 1326): uniform vec4 color;
06-03 07:10:23.124 E/SurfaceFlinger( 1326): uniform float alphaPlane;
06-03 07:10:23.124 E/SurfaceFlinger( 1326): void main(void) {
06-03 07:10:23.124 E/SurfaceFlinger( 1326):     gl_FragColor = color;
06-03 07:10:23.124 E/SurfaceFlinger( 1326):     gl_FragColor.a *= alphaPlane;
06-03 07:10:23.124 E/SurfaceFlinger( 1326): }
06-03 07:10:23.124 E/SurfaceFlinger( 1326): 
06-03 07:10:23.124 E/SurfaceFlinger( 1326): \F6\FF\FF\FF\FF\FF\FF\FF\9F\D1FVau
06-03 07:10:23.124 E/SurfaceFlinger( 1326): Error while linking shaders:
06-03 07:10:23.124 E/SurfaceFlinger( 1326): Error while compiling shader: 
06-03 07:10:23.124 E/SurfaceFlinger( 1326): attribute vec4 position;
06-03 07:10:23.124 E/SurfaceFlinger( 1326): uniform mat4 projection;
06-03 07:10:23.124 E/SurfaceFlinger( 1326): uniform mat4 texture;
06-03 07:10:23.124 E/SurfaceFlinger( 1326): void main(void) {
06-03 07:10:23.124 E/SurfaceFlinger( 1326):     gl_Position = projection * position;
06-03 07:10:23.124 E/SurfaceFlinger( 1326): }
06-03 07:10:23.124 E/SurfaceFlinger( 1326): 
06-03 07:10:23.124 E/SurfaceFlinger( 1326): \F6\FF\FF\FF\FF\FF\FF\FF\9F\D1FVau
06-03 07:10:23.124 E/SurfaceFlinger( 1326): Error while compiling shader: 
06-03 07:10:23.124 E/SurfaceFlinger( 1326): precision mediump float;
06-03 07:10:23.124 E/SurfaceFlinger( 1326): uniform vec4 color;
06-03 07:10:23.124 E/SurfaceFlinger( 1326): uniform float alphaPlane;
06-03 07:10:23.124 E/SurfaceFlinger( 1326): void main(void) {
06-03 07:10:23.124 E/SurfaceFlinger( 1326):     gl_FragColor = color;
06-03 07:10:23.124 E/SurfaceFlinger( 1326):     gl_FragColor *= alphaPlane;
06-03 07:10:23.124 E/SurfaceFlinger( 1326): }
06-03 07:10:23.124 E/SurfaceFlinger( 1326): 
06-03 07:10:23.124 E/SurfaceFlinger( 1326): \F6\FF\FF\FF\FF\FF\FF\FF\9F\D1FVau
06-03 07:10:23.124 E/SurfaceFlinger( 1326): Error while linking shaders:
06-03 07:10:23.124 E/SurfaceFlinger( 1326): Error while compiling shader: 
06-03 07:10:23.124 E/SurfaceFlinger( 1326): attribute vec4 position;
06-03 07:10:23.124 E/SurfaceFlinger( 1326): uniform mat4 projection;
06-03 07:10:23.124 E/SurfaceFlinger( 1326): uniform mat4 texture;
06-03 07:10:23.124 E/SurfaceFlinger( 1326): void main(void) {
06-03 07:10:23.124 E/SurfaceFlinger( 1326):     gl_Position = projection * position;
06-03 07:10:23.124 E/SurfaceFlinger( 1326): }
06-03 07:10:23.124 E/SurfaceFlinger( 1326): 
06-03 07:10:23.124 E/SurfaceFlinger( 1326): \F6\FF\FF\FF\FF\FF\FF\FF\9F\D1FVau
06-03 07:10:23.124 E/SurfaceFlinger( 1326): Error while compiling shader: 
06-03 07:10:23.124 E/SurfaceFlinger( 1326): precision mediump float;
06-03 07:10:23.124 E/SurfaceFlinger( 1326): uniform vec4 color;
06-03 07:10:23.124 E/SurfaceFlinger( 1326): uniform float alphaPlane;
06-03 07:10:23.124 E/SurfaceFlinger( 1326): void main(void) {
06-03 07:10:23.124 E/SurfaceFlinger( 1326):     gl_FragColor = color;
06-03 07:10:23.124 E/SurfaceFlinger( 1326):     gl_FragColor.a = 1.0;
06-03 07:10:23.124 E/SurfaceFlinger( 1326):     gl_FragColor.a *= alphaPlane;
06-03 07:10:23.124 E/SurfaceFlinger( 1326): }
06-03 07:10:23.124 E/SurfaceFlinger( 1326): 
06-03 07:10:23.124 E/SurfaceFlinger( 1326): \F6\FF\FF\FF\FF\FF\FF\FF\9F\D1FVau
06-03 07:10:23.124 E/SurfaceFlinger( 1326): Error while linking shaders:
06-03 07:10:23.125 E/SurfaceFlinger( 1326): Error while compiling shader: 
06-03 07:10:23.125 E/SurfaceFlinger( 1326): attribute vec4 position;
06-03 07:10:23.125 E/SurfaceFlinger( 1326): uniform mat4 projection;
06-03 07:10:23.125 E/SurfaceFlinger( 1326): uniform mat4 texture;
06-03 07:10:23.125 E/SurfaceFlinger( 1326): void main(void) {
06-03 07:10:23.125 E/SurfaceFlinger( 1326):     gl_Position = projection * position;
06-03 07:10:23.125 E/SurfaceFlinger( 1326): }
06-03 07:10:23.125 E/SurfaceFlinger( 1326): 
06-03 07:10:23.125 E/SurfaceFlinger( 1326): \F6\FF\FF\FF\FF\FF\FF\FF\9F\D1FVau
06-03 07:10:23.125 E/SurfaceFlinger( 1326): Error while compiling shader: 
06-03 07:10:23.125 E/SurfaceFlinger( 1326): precision mediump float;
06-03 07:10:23.125 E/SurfaceFlinger( 1326): uniform vec4 color;
06-03 07:10:23.125 E/SurfaceFlinger( 1326): uniform float alphaPlane;
06-03 07:10:23.125 E/SurfaceFlinger( 1326): void main(void) {
06-03 07:10:23.125 E/SurfaceFlinger( 1326):     gl_FragColor = color;
06-03 07:10:23.125 E/SurfaceFlinger( 1326):     gl_FragColor.a = 1.0;
06-03 07:10:23.125 E/SurfaceFlinger( 1326):     gl_FragColor *= alphaPlane;
06-03 07:10:23.125 E/SurfaceFlinger( 1326): }
06-03 07:10:23.125 E/SurfaceFlinger( 1326): 
06-03 07:10:23.125 E/SurfaceFlinger( 1326): \F6\FF\FF\FF\FF\FF\FF\FF\9F\D1FVau
06-03 07:10:23.125 E/SurfaceFlinger( 1326): Error while linking shaders:
06-03 07:10:23.125 E/SurfaceFlinger( 1326): Error while compiling shader: 
06-03 07:10:23.125 E/SurfaceFlinger( 1326): attribute vec4 texCoords;
06-03 07:10:23.125 E/SurfaceFlinger( 1326): varying vec2 outTexCoords;
06-03 07:10:23.125 E/SurfaceFlinger( 1326): attribute vec4 position;
06-03 07:10:23.125 E/SurfaceFlinger( 1326): uniform mat4 projection;
06-03 07:10:23.125 E/SurfaceFlinger( 1326): uniform mat4 texture;
06-03 07:10:23.125 E/SurfaceFlinger( 1326): void main(void) {
06-03 07:10:23.125 E/SurfaceFlinger( 1326):     gl_Position = projection * position;
06-03 07:10:23.125 E/SurfaceFlinger( 1326):     outTexCoords = (texture * texCoords).st;
06-03 07:10:23.125 E/SurfaceFlinger( 1326): }
06-03 07:10:23.125 E/SurfaceFlinger( 1326): 
06-03 07:10:23.125 E/SurfaceFlinger( 1326): \F6\FF\FF\FF\FF\FF\FF\FF\9F\D1FVau
06-03 07:10:23.125 E/SurfaceFlinger( 1326): Error while compiling shader: 
06-03 07:10:23.125 E/SurfaceFlinger( 1326): #extension GL_OES_EGL_image_external : require
06-03 07:10:23.125 E/SurfaceFlinger( 1326): precision mediump float;
06-03 07:10:23.125 E/SurfaceFlinger( 1326): uniform samplerExternalOES sampler;
06-03 07:10:23.125 E/SurfaceFlinger( 1326): varying vec2 outTexCoords;
06-03 07:10:23.125 E/SurfaceFlinger( 1326): void main(void) {
06-03 07:10:23.125 E/SurfaceFlinger( 1326):     gl_FragColor = texture2D(sampler, outTexCoords);
06-03 07:10:23.125 E/SurfaceFlinger( 1326): }
06-03 07:10:23.125 E/SurfaceFlinger( 1326): 
06-03 07:10:23.125 E/SurfaceFlinger( 1326): \F6\FF\FF\FF\FF\FF\FF\FF\9F\D1FVau
06-03 07:10:23.380 W/bootanimation( 1662): type=1400 audit(0.0:9): avc: denied { getattr } for path="/vendor" dev="rootfs" ino=2986 scontext=u:r:bootanim:s0 tcontext=u:object_r:rootfs:s0 tclass=lnk_file permissive=0
06-03 07:10:23.125 E/SurfaceFlinger( 1326): Error while linking shaders:
06-03 07:10:23.125 E/SurfaceFlinger( 1326): Error while compiling shader: 
06-03 07:10:23.125 E/SurfaceFlinger( 1326): attribute vec4 texCoords;
06-03 07:10:23.125 E/SurfaceFlinger( 1326): varying vec2 outTexCoords;
06-03 07:10:23.125 E/SurfaceFlinger( 1326): attribute vec4 position;
06-03 07:10:23.125 E/SurfaceFlinger( 1326): uniform mat4 projection;
06-03 07:10:23.125 E/SurfaceFlinger( 1326): uniform mat4 texture;
06-03 07:10:23.125 E/SurfaceFlinger( 1326): void main(void) {
06-03 07:10:23.125 E/SurfaceFlinger( 1326):     gl_Position = projection * position;
06-03 07:10:23.125 E/SurfaceFlinger( 1326):     outTexCoords = (texture * texCoords).st;
06-03 07:10:23.125 E/SurfaceFlinger( 1326): }
06-03 07:10:23.125 E/SurfaceFlinger( 1326): 
06-03 07:10:23.125 E/SurfaceFlinger( 1326): \F6\FF\FF\FF\FF\FF\FF\FF\9F\D1FVau
06-03 07:10:23.125 E/SurfaceFlinger( 1326): Error while compiling shader: 
06-03 07:10:23.125 E/SurfaceFlinger( 1326): #extension GL_OES_EGL_image_external : require
06-03 07:10:23.125 E/SurfaceFlinger( 1326): precision mediump float;
06-03 07:10:23.125 E/SurfaceFlinger( 1326): uniform samplerExternalOES sampler;
06-03 07:10:23.125 E/SurfaceFlinger( 1326): varying vec2 outTexCoords;
06-03 07:10:23.125 E/SurfaceFlinger( 1326): void main(void) {
06-03 07:10:23.125 E/SurfaceFlinger( 1326):     gl_FragColor = texture2D(sampler, outTexCoords);
06-03 07:10:23.125 E/SurfaceFlinger( 1326): }
06-03 07:10:23.125 E/SurfaceFlinger( 1326): 
06-03 07:10:23.125 E/SurfaceFlinger( 1326): \F6\FF\FF\FF\FF\FF\FF\FF\9F\D1FVau
06-03 07:10:23.125 E/SurfaceFlinger( 1326): Error while linking shaders:
06-03 07:10:23.125 E/SurfaceFlinger( 1326): Error while compiling shader: 
06-03 07:10:23.125 E/SurfaceFlinger( 1326): attribute vec4 texCoords;
06-03 07:10:23.125 E/SurfaceFlinger( 1326): varying vec2 outTexCoords;
06-03 07:10:23.125 E/SurfaceFlinger( 1326): attribute vec4 position;
06-03 07:10:23.125 E/SurfaceFlinger( 1326): uniform mat4 projection;
06-03 07:10:23.125 E/SurfaceFlinger( 1326): uniform mat4 texture;
06-03 07:10:23.125 E/SurfaceFlinger( 1326): void main(void) {
06-03 07:10:23.125 E/SurfaceFlinger( 1326):     gl_Position = projection * position;
06-03 07:10:23.125 E/SurfaceFlinger( 1326):     outTexCoords = (texture * texCoords).st;
06-03 07:10:23.125 E/SurfaceFlinger( 1326): }
06-03 07:10:23.125 E/SurfaceFlinger( 1326): 
06-03 07:10:23.125 E/SurfaceFlinger( 1326): \F6\FF\FF\FF\FF\FF\FF\FF\9F\D1FVau
06-03 07:10:23.125 E/SurfaceFlinger( 1326): Error while compiling shader: 
06-03 07:10:23.125 E/SurfaceFlinger( 1326): #extension GL_OES_EGL_image_external : require
06-03 07:10:23.125 E/SurfaceFlinger( 1326): precision mediump float;
06-03 07:10:23.125 E/SurfaceFlinger( 1326): uniform samplerExternalOES sampler;
06-03 07:10:23.125 E/SurfaceFlinger( 1326): varying vec2 outTexCoords;
06-03 07:10:23.125 E/SurfaceFlinger( 1326): void main(void) {
06-03 07:10:23.125 E/SurfaceFlinger( 1326):     gl_FragColor = texture2D(sampler, outTexCoords);
06-03 07:10:23.125 E/SurfaceFlinger( 1326):     gl_FragColor.a = 1.0;
06-03 07:10:23.125 E/SurfaceFlinger( 1326): }
06-03 07:10:23.125 E/SurfaceFlinger( 1326): 
06-03 07:10:23.125 E/SurfaceFlinger( 1326): \F6\FF\FF\FF\FF\FF\FF\FF\9F\D1FVau
06-03 07:10:23.125 E/SurfaceFlinger( 1326): Error while linking shaders:
06-03 07:10:23.125 E/SurfaceFlinger( 1326): Error while compiling shader: 
06-03 07:10:23.125 E/SurfaceFlinger( 1326): attribute vec4 texCoords;
06-03 07:10:23.125 E/SurfaceFlinger( 1326): varying vec2 outTexCoords;
06-03 07:10:23.125 E/SurfaceFlinger( 1326): attribute vec4 position;
06-03 07:10:23.125 E/SurfaceFlinger( 1326): uniform mat4 projection;
06-03 07:10:23.125 E/SurfaceFlinger( 1326): uniform mat4 texture;
06-03 07:10:23.125 E/SurfaceFlinger( 1326): void main(void) {
06-03 07:10:23.125 E/SurfaceFlinger( 1326):     gl_Position = projection * position;
06-03 07:10:23.125 E/SurfaceFlinger( 1326):     outTexCoords = (texture * texCoords).st;
06-03 07:10:23.125 E/SurfaceFlinger( 1326): }
06-03 07:10:23.125 E/SurfaceFlinger( 1326): 
06-03 07:10:23.125 E/SurfaceFlinger( 1326): \F6\FF\FF\FF\FF\FF\FF\FF\9F\D1FVau
06-03 07:10:23.126 E/SurfaceFlinger( 1326): Error while compiling shader: 
06-03 07:10:23.126 E/SurfaceFlinger( 1326): #extension GL_OES_EGL_image_external : require
06-03 07:10:23.126 E/SurfaceFlinger( 1326): precision mediump float;
06-03 07:10:23.126 E/SurfaceFlinger( 1326): uniform samplerExternalOES sampler;
06-03 07:10:23.126 E/SurfaceFlinger( 1326): varying vec2 outTexCoords;
06-03 07:10:23.126 E/SurfaceFlinger( 1326): void main(void) {
06-03 07:10:23.126 E/SurfaceFlinger( 1326):     gl_FragColor = texture2D(sampler, outTexCoords);
06-03 07:10:23.126 E/SurfaceFlinger( 1326):     gl_FragColor.a = 1.0;
06-03 07:10:23.126 E/SurfaceFlinger( 1326): }
06-03 07:10:23.126 E/SurfaceFlinger( 1326): 
06-03 07:10:23.126 E/SurfaceFlinger( 1326): \F6\FF\FF\FF\FF\FF\FF\FF\9F\D1FVau
06-03 07:10:23.126 E/SurfaceFlinger( 1326): Error while linking shaders:
06-03 07:10:23.126 E/SurfaceFlinger( 1326): Error while compiling shader: 
06-03 07:10:23.126 E/SurfaceFlinger( 1326): attribute vec4 texCoords;
06-03 07:10:23.126 E/SurfaceFlinger( 1326): varying vec2 outTexCoords;
06-03 07:10:23.126 E/SurfaceFlinger( 1326): attribute vec4 position;
06-03 07:10:23.126 E/SurfaceFlinger( 1326): uniform mat4 projection;
06-03 07:10:23.126 E/SurfaceFlinger( 1326): uniform mat4 texture;
06-03 07:10:23.126 E/SurfaceFlinger( 1326): void main(void) {
06-03 07:10:23.126 E/SurfaceFlinger( 1326):     gl_Position = projection * position;
06-03 07:10:23.126 E/SurfaceFlinger( 1326):     outTexCoords = (texture * texCoords).st;
06-03 07:10:23.126 E/SurfaceFlinger( 1326): }
06-03 07:10:23.126 E/SurfaceFlinger( 1326): 
06-03 07:10:23.126 E/SurfaceFlinger( 1326): \F6\FF\FF\FF\FF\FF\FF\FF\9F\D1FVau
06-03 07:10:23.126 E/SurfaceFlinger( 1326): Error while compiling shader: 
06-03 07:10:23.126 E/SurfaceFlinger( 1326): #extension GL_OES_EGL_image_external : require
06-03 07:10:23.126 E/SurfaceFlinger( 1326): precision mediump float;
06-03 07:10:23.126 E/SurfaceFlinger( 1326): uniform samplerExternalOES sampler;
06-03 07:10:23.126 E/SurfaceFlinger( 1326): varying vec2 outTexCoords;
06-03 07:10:23.126 E/SurfaceFlinger( 1326): uniform float alphaPlane;
06-03 07:10:23.126 E/SurfaceFlinger( 1326): void main(void) {
06-03 07:10:23.126 E/SurfaceFlinger( 1326):     gl_FragColor = texture2D(sampler, outTexCoords);
06-03 07:10:23.126 E/SurfaceFlinger( 1326):     gl_FragColor.a *= alphaPlane;
06-03 07:10:23.126 E/SurfaceFlinger( 1326): }
06-03 07:10:23.126 E/SurfaceFlinger( 1326): 
06-03 07:10:23.126 E/SurfaceFlinger( 1326): \F6\FF\FF\FF\FF\FF\FF\FF\9F\D1FVau
06-03 07:10:23.126 E/SurfaceFlinger( 1326): Error while linking shaders:
06-03 07:10:23.126 E/SurfaceFlinger( 1326): Error while compiling shader: 
06-03 07:10:23.126 E/SurfaceFlinger( 1326): attribute vec4 texCoords;
06-03 07:10:23.126 E/SurfaceFlinger( 1326): varying vec2 outTexCoords;
06-03 07:10:23.126 E/SurfaceFlinger( 1326): attribute vec4 position;
06-03 07:10:23.126 E/SurfaceFlinger( 1326): uniform mat4 projection;
06-03 07:10:23.126 E/SurfaceFlinger( 1326): uniform mat4 texture;
06-03 07:10:23.126 E/SurfaceFlinger( 1326): void main(void) {
06-03 07:10:23.126 E/SurfaceFlinger( 1326):     gl_Position = projection * position;
06-03 07:10:23.126 E/SurfaceFlinger( 1326):     outTexCoords = (texture * texCoords).st;
06-03 07:10:23.126 E/SurfaceFlinger( 1326): }
06-03 07:10:23.126 E/SurfaceFlinger( 1326): 
06-03 07:10:23.126 E/SurfaceFlinger( 1326): \F6\FF\FF\FF\FF\FF\FF\FF\9F\D1FVau
06-03 07:10:23.126 E/SurfaceFlinger( 1326): Error while compiling shader: 
06-03 07:10:23.126 E/SurfaceFlinger( 1326): #extension GL_OES_EGL_image_external : require
06-03 07:10:23.126 E/SurfaceFlinger( 1326): precision mediump float;
06-03 07:10:23.126 E/SurfaceFlinger( 1326): uniform samplerExternalOES sampler;
06-03 07:10:23.126 E/SurfaceFlinger( 1326): varying vec2 outTexCoords;
06-03 07:10:23.126 E/SurfaceFlinger( 1326): uniform float alphaPlane;
06-03 07:10:23.126 E/SurfaceFlinger( 1326): void main(void) {
06-03 07:10:23.126 E/SurfaceFlinger( 1326):     gl_FragColor = texture2D(sampler, outTexCoords);
06-03 07:10:23.126 E/SurfaceFlinger( 1326):     gl_FragColor *= alphaPlane;
06-03 07:10:23.126 E/SurfaceFlinger( 1326): }
06-03 07:10:23.126 E/SurfaceFlinger( 1326): 
06-03 07:10:23.126 E/SurfaceFlinger( 1326): \F6\FF\FF\FF\FF\FF\FF\FF\9F\D1FVau
06-03 07:10:23.126 E/SurfaceFlinger( 1326): Error while linking shaders:
06-03 07:10:23.126 E/SurfaceFlinger( 1326): Error while compiling shader: 
06-03 07:10:23.126 E/SurfaceFlinger( 1326): attribute vec4 texCoords;
06-03 07:10:23.126 E/SurfaceFlinger( 1326): varying vec2 outTexCoords;
06-03 07:10:23.126 E/SurfaceFlinger( 1326): attribute vec4 position;
06-03 07:10:23.126 E/SurfaceFlinger( 1326): uniform mat4 projection;
06-03 07:10:23.126 E/SurfaceFlinger( 1326): uniform mat4 texture;
06-03 07:10:23.126 E/SurfaceFlinger( 1326): void main(void) {
06-03 07:10:23.126 E/SurfaceFlinger( 1326):     gl_Position = projection * position;
06-03 07:10:23.126 E/SurfaceFlinger( 1326):     outTexCoords = (texture * texCoords).st;
06-03 07:10:23.126 E/SurfaceFlinger( 1326): }
06-03 07:10:23.126 E/SurfaceFlinger( 1326): 
06-03 07:10:23.126 E/SurfaceFlinger( 1326): \F6\FF\FF\FF\FF\FF\FF\FF\9F\D1FVau
06-03 07:10:23.126 E/SurfaceFlinger( 1326): Error while compiling shader: 
06-03 07:10:23.126 E/SurfaceFlinger( 1326): #extension GL_OES_EGL_image_external : require
06-03 07:10:23.126 E/SurfaceFlinger( 1326): precision mediump float;
06-03 07:10:23.126 E/SurfaceFlinger( 1326): uniform samplerExternalOES sampler;
06-03 07:10:23.126 E/SurfaceFlinger( 1326): varying vec2 outTexCoords;
06-03 07:10:23.126 E/SurfaceFlinger( 1326): uniform float alphaPlane;
06-03 07:10:23.126 E/SurfaceFlinger( 1326): void main(void) {
06-03 07:10:23.126 E/SurfaceFlinger( 1326):     gl_FragColor = texture2D(sampler, outTexCoords);
06-03 07:10:23.126 E/SurfaceFlinger( 1326):     gl_FragColor.a = 1.0;
06-03 07:10:23.126 E/SurfaceFlinger( 1326):     gl_FragColor.a *= alphaPlane;
06-03 07:10:23.126 E/SurfaceFlinger( 1326): }
06-03 07:10:23.126 E/SurfaceFlinger( 1326): 
06-03 07:10:23.126 E/SurfaceFlinger( 1326): \F6\FF\FF\FF\FF\FF\FF\FF\9F\D1FVau
06-03 07:10:23.126 E/SurfaceFlinger( 1326): Error while linking shaders:
06-03 07:10:23.126 E/SurfaceFlinger( 1326): Error while compiling shader: 
06-03 07:10:23.126 E/SurfaceFlinger( 1326): attribute vec4 texCoords;
06-03 07:10:23.126 E/SurfaceFlinger( 1326): varying vec2 outTexCoords;
06-03 07:10:23.126 E/SurfaceFlinger( 1326): attribute vec4 position;
06-03 07:10:23.126 E/SurfaceFlinger( 1326): uniform mat4 projection;
06-03 07:10:23.126 E/SurfaceFlinger( 1326): uniform mat4 texture;
06-03 07:10:23.126 E/SurfaceFlinger( 1326): void main(void) {
06-03 07:10:23.126 E/SurfaceFlinger( 1326):     gl_Position = projection * position;
06-03 07:10:23.126 E/SurfaceFlinger( 1326):     outTexCoords = (texture * texCoords).st;
06-03 07:10:23.126 E/SurfaceFlinger( 1326): }
06-03 07:10:23.126 E/SurfaceFlinger( 1326): 
06-03 07:10:23.126 E/SurfaceFlinger( 1326): \F6\FF\FF\FF\FF\FF\FF\FF\9F\D1FVau
06-03 07:10:23.126 E/SurfaceFlinger( 1326): Error while compiling shader: 
06-03 07:10:23.126 E/SurfaceFlinger( 1326): #extension GL_OES_EGL_image_external : require
06-03 07:10:23.126 E/SurfaceFlinger( 1326): precision mediump float;
06-03 07:10:23.126 E/SurfaceFlinger( 1326): uniform samplerExternalOES sampler;
06-03 07:10:23.126 E/SurfaceFlinger( 1326): varying vec2 outTexCoords;
06-03 07:10:23.126 E/SurfaceFlinger( 1326): uniform float alphaPlane;
06-03 07:10:23.126 E/SurfaceFlinger( 1326): void main(void) {
06-03 07:10:23.126 E/SurfaceFlinger( 1326):     gl_FragColor = texture2D(sampler, outTexCoords);
06-03 07:10:23.126 E/SurfaceFlinger( 1326):     gl_FragColor.a = 1.0;
06-03 07:10:23.126 E/SurfaceFlinger( 1326):     gl_FragColor *= alphaPlane;
06-03 07:10:23.126 E/SurfaceFlinger( 1326): }
06-03 07:10:23.126 E/SurfaceFlinger( 1326): 
06-03 07:10:23.126 E/SurfaceFlinger( 1326): \F6\FF\FF\FF\FF\FF\FF\FF\9F\D1FVau
06-03 07:10:23.126 E/SurfaceFlinger( 1326): Error while linking shaders:
06-03 07:10:23.127 E/SurfaceFlinger( 1326): Error while compiling shader: 
06-03 07:10:23.127 E/SurfaceFlinger( 1326): attribute vec4 texCoords;
06-03 07:10:23.127 E/SurfaceFlinger( 1326): varying vec2 outTexCoords;
06-03 07:10:23.127 E/SurfaceFlinger( 1326): attribute vec4 position;
06-03 07:10:23.127 E/SurfaceFlinger( 1326): uniform mat4 projection;
06-03 07:10:23.127 E/SurfaceFlinger( 1326): uniform mat4 texture;
06-03 07:10:23.127 E/SurfaceFlinger( 1326): void main(void) {
06-03 07:10:23.127 E/SurfaceFlinger( 1326):     gl_Position = projection * position;
06-03 07:10:23.127 E/SurfaceFlinger( 1326):     outTexCoords = (texture * texCoords).st;
06-03 07:10:23.127 E/SurfaceFlinger( 1326): }
06-03 07:10:23.127 E/SurfaceFlinger( 1326): 
06-03 07:10:23.127 E/SurfaceFlinger( 1326): \F6\FF\FF\FF\FF\FF\FF\FF\9F\D1FVau
06-03 07:10:23.127 E/SurfaceFlinger( 1326): Error while compiling shader: 
06-03 07:10:23.127 E/SurfaceFlinger( 1326): precision mediump float;
06-03 07:10:23.127 E/SurfaceFlinger( 1326): uniform sampler2D sampler;
06-03 07:10:23.127 E/SurfaceFlinger( 1326): varying vec2 outTexCoords;
06-03 07:10:23.127 E/SurfaceFlinger( 1326): void main(void) {
06-03 07:10:23.127 E/SurfaceFlinger( 1326):     gl_FragColor = texture2D(sampler, outTexCoords);
06-03 07:10:23.127 E/SurfaceFlinger( 1326): }
06-03 07:10:23.127 E/SurfaceFlinger( 1326): 
06-03 07:10:23.127 E/SurfaceFlinger( 1326): \F6\FF\FF\FF\FF\FF\FF\FF\9F\D1FVau
06-03 07:10:23.127 E/SurfaceFlinger( 1326): Error while linking shaders:
06-03 07:10:23.127 E/SurfaceFlinger( 1326): Error while compiling shader: 
06-03 07:10:23.127 E/SurfaceFlinger( 1326): attribute vec4 texCoords;
06-03 07:10:23.127 E/SurfaceFlinger( 1326): varying vec2 outTexCoords;
06-03 07:10:23.127 E/SurfaceFlinger( 1326): attribute vec4 position;
06-03 07:10:23.127 E/SurfaceFlinger( 1326): uniform mat4 projection;
06-03 07:10:23.127 E/SurfaceFlinger( 1326): uniform mat4 texture;
06-03 07:10:23.127 E/SurfaceFlinger( 1326): void main(void) {
06-03 07:10:23.127 E/SurfaceFlinger( 1326):     gl_Position = projection * position;
06-03 07:10:23.127 E/SurfaceFlinger( 1326):     outTexCoords = (texture * texCoords).st;
06-03 07:10:23.127 E/SurfaceFlinger( 1326): }
06-03 07:10:23.127 E/SurfaceFlinger( 1326): 
06-03 07:10:23.127 E/SurfaceFlinger( 1326): \F6\FF\FF\FF\FF\FF\FF\FF\9F\D1FVau
06-03 07:10:23.127 E/SurfaceFlinger( 1326): Error while compiling shader: 
06-03 07:10:23.127 E/SurfaceFlinger( 1326): precision mediump float;
06-03 07:10:23.127 E/SurfaceFlinger( 1326): uniform sampler2D sampler;
06-03 07:10:23.127 E/SurfaceFlinger( 1326): varying vec2 outTexCoords;
06-03 07:10:23.127 E/SurfaceFlinger( 1326): void main(void) {
06-03 07:10:23.127 E/SurfaceFlinger( 1326):     gl_FragColor = texture2D(sampler, outTexCoords);
06-03 07:10:23.127 E/SurfaceFlinger( 1326): }
06-03 07:10:23.127 E/SurfaceFlinger( 1326): 
06-03 07:10:23.127 E/SurfaceFlinger( 1326): \F6\FF\FF\FF\FF\FF\FF\FF\9F\D1FVau
06-03 07:10:23.127 E/SurfaceFlinger( 1326): Error while linking shaders:
06-03 07:10:23.127 E/SurfaceFlinger( 1326): Error while compiling shader: 
06-03 07:10:23.127 E/SurfaceFlinger( 1326): attribute vec4 texCoords;
06-03 07:10:23.127 E/SurfaceFlinger( 1326): varying vec2 outTexCoords;
06-03 07:10:23.127 E/SurfaceFlinger( 1326): attribute vec4 position;
06-03 07:10:23.127 E/SurfaceFlinger( 1326): uniform mat4 projection;
06-03 07:10:23.127 E/SurfaceFlinger( 1326): uniform mat4 texture;
06-03 07:10:23.127 E/SurfaceFlinger( 1326): void main(void) {
06-03 07:10:23.127 E/SurfaceFlinger( 1326):     gl_Position = projection * position;
06-03 07:10:23.127 E/SurfaceFlinger( 1326):     outTexCoords = (texture * texCoords).st;
06-03 07:10:23.127 E/SurfaceFlinger( 1326): }
06-03 07:10:23.127 E/SurfaceFlinger( 1326): 
06-03 07:10:23.127 E/SurfaceFlinger( 1326): \F6\FF\FF\FF\FF\FF\FF\FF\9F\D1FVau
06-03 07:10:23.127 E/SurfaceFlinger( 1326): Error while compiling shader: 
06-03 07:10:23.127 E/SurfaceFlinger( 1326): precision mediump float;
06-03 07:10:23.127 E/SurfaceFlinger( 1326): uniform sampler2D sampler;
06-03 07:10:23.127 E/SurfaceFlinger( 1326): varying vec2 outTexCoords;
06-03 07:10:23.127 E/SurfaceFlinger( 1326): void main(void) {
06-03 07:10:23.127 E/SurfaceFlinger( 1326):     gl_FragColor = texture2D(sampler, outTexCoords);
06-03 07:10:23.127 E/SurfaceFlinger( 1326):     gl_FragColor.a = 1.0;
06-03 07:10:23.127 E/SurfaceFlinger( 1326): }
06-03 07:10:23.127 E/SurfaceFlinger( 1326): 
06-03 07:10:23.127 E/SurfaceFlinger( 1326): \F6\FF\FF\FF\FF\FF\FF\FF\9F\D1FVau
06-03 07:10:23.127 E/SurfaceFlinger( 1326): Error while linking shaders:
06-03 07:10:23.127 E/SurfaceFlinger( 1326): Error while compiling shader: 
06-03 07:10:23.127 E/SurfaceFlinger( 1326): attribute vec4 texCoords;
06-03 07:10:23.127 E/SurfaceFlinger( 1326): varying vec2 outTexCoords;
06-03 07:10:23.127 E/SurfaceFlinger( 1326): attribute vec4 position;
06-03 07:10:23.127 E/SurfaceFlinger( 1326): uniform mat4 projection;
06-03 07:10:23.127 E/SurfaceFlinger( 1326): uniform mat4 texture;
06-03 07:10:23.127 E/SurfaceFlinger( 1326): void main(void) {
06-03 07:10:23.127 E/SurfaceFlinger( 1326):     gl_Position = projection * position;
06-03 07:10:23.127 E/SurfaceFlinger( 1326):     outTexCoords = (texture * texCoords).st;
06-03 07:10:23.127 E/SurfaceFlinger( 1326): }
06-03 07:10:23.127 E/SurfaceFlinger( 1326): 
06-03 07:10:23.127 E/SurfaceFlinger( 1326): \F6\FF\FF\FF\FF\FF\FF\FF\9F\D1FVau
06-03 07:10:23.127 E/SurfaceFlinger( 1326): Error while compiling shader: 
06-03 07:10:23.127 E/SurfaceFlinger( 1326): precision mediump float;
06-03 07:10:23.127 E/SurfaceFlinger( 1326): uniform sampler2D sampler;
06-03 07:10:23.127 E/SurfaceFlinger( 1326): varying vec2 outTexCoords;
06-03 07:10:23.127 E/SurfaceFlinger( 1326): void main(void) {
06-03 07:10:23.127 E/SurfaceFlinger( 1326):     gl_FragColor = texture2D(sampler, outTexCoords);
06-03 07:10:23.127 E/SurfaceFlinger( 1326):     gl_FragColor.a = 1.0;
06-03 07:10:23.127 E/SurfaceFlinger( 1326): }
06-03 07:10:23.127 E/SurfaceFlinger( 1326): 
06-03 07:10:23.127 E/SurfaceFlinger( 1326): \F6\FF\FF\FF\FF\FF\FF\FF\9F\D1FVau
06-03 07:10:23.127 E/SurfaceFlinger( 1326): Error while linking shaders:
06-03 07:10:23.127 E/SurfaceFlinger( 1326): Error while compiling shader: 
06-03 07:10:23.127 E/SurfaceFlinger( 1326): attribute vec4 texCoords;
06-03 07:10:23.127 E/SurfaceFlinger( 1326): varying vec2 outTexCoords;
06-03 07:10:23.127 E/SurfaceFlinger( 1326): attribute vec4 position;
06-03 07:10:23.127 E/SurfaceFlinger( 1326): uniform mat4 projection;
06-03 07:10:23.127 E/SurfaceFlinger( 1326): uniform mat4 texture;
06-03 07:10:23.127 E/SurfaceFlinger( 1326): void main(void) {
06-03 07:10:23.127 E/SurfaceFlinger( 1326):     gl_Position = projection * position;
06-03 07:10:23.127 E/SurfaceFlinger( 1326):     outTexCoords = (texture * texCoords).st;
06-03 07:10:23.127 E/SurfaceFlinger( 1326): }
06-03 07:10:23.127 E/SurfaceFlinger( 1326): 
06-03 07:10:23.127 E/SurfaceFlinger( 1326): \F6\FF\FF\FF\FF\FF\FF\FF\9F\D1FVau
06-03 07:10:23.127 E/SurfaceFlinger( 1326): Error while compiling shader: 
06-03 07:10:23.127 E/SurfaceFlinger( 1326): precision mediump float;
06-03 07:10:23.127 E/SurfaceFlinger( 1326): uniform sampler2D sampler;
06-03 07:10:23.127 E/SurfaceFlinger( 1326): varying vec2 outTexCoords;
06-03 07:10:23.127 E/SurfaceFlinger( 1326): uniform float alphaPlane;
06-03 07:10:23.127 E/SurfaceFlinger( 1326): void main(void) {
06-03 07:10:23.127 E/SurfaceFlinger( 1326):     gl_FragColor = texture2D(sampler, outTexCoords);
06-03 07:10:23.127 E/SurfaceFlinger( 1326):     gl_FragColor.a *= alphaPlane;
06-03 07:10:23.127 E/SurfaceFlinger( 1326): }
06-03 07:10:23.127 E/SurfaceFlinger( 1326): 
06-03 07:10:23.127 E/SurfaceFlinger( 1326): \F6\FF\FF\FF\FF\FF\FF\FF\9F\D1FVau
06-03 07:10:23.127 E/SurfaceFlinger( 1326): Error while linking shaders:
06-03 07:10:23.128 E/SurfaceFlinger( 1326): Error while compiling shader: 
06-03 07:10:23.128 E/SurfaceFlinger( 1326): attribute vec4 texCoords;
06-03 07:10:23.128 E/SurfaceFlinger( 1326): varying vec2 outTexCoords;
06-03 07:10:23.128 E/SurfaceFlinger( 1326): attribute vec4 position;
06-03 07:10:23.128 E/SurfaceFlinger( 1326): uniform mat4 projection;
06-03 07:10:23.128 E/SurfaceFlinger( 1326): uniform mat4 texture;
06-03 07:10:23.128 E/SurfaceFlinger( 1326): void main(void) {
06-03 07:10:23.128 E/SurfaceFlinger( 1326):     gl_Position = projection * position;
06-03 07:10:23.128 E/SurfaceFlinger( 1326):     outTexCoords = (texture * texCoords).st;
06-03 07:10:23.128 E/SurfaceFlinger( 1326): }
06-03 07:10:23.128 E/SurfaceFlinger( 1326): 
06-03 07:10:23.128 E/SurfaceFlinger( 1326): \F6\FF\FF\FF\FF\FF\FF\FF\9F\D1FVau
06-03 07:10:23.128 E/SurfaceFlinger( 1326): Error while compiling shader: 
06-03 07:10:23.128 E/SurfaceFlinger( 1326): precision mediump float;
06-03 07:10:23.128 E/SurfaceFlinger( 1326): uniform sampler2D sampler;
06-03 07:10:23.128 E/SurfaceFlinger( 1326): varying vec2 outTexCoords;
06-03 07:10:23.128 E/SurfaceFlinger( 1326): uniform float alphaPlane;
06-03 07:10:23.128 E/SurfaceFlinger( 1326): void main(void) {
06-03 07:10:23.128 E/SurfaceFlinger( 1326):     gl_FragColor = texture2D(sampler, outTexCoords);
06-03 07:10:23.128 E/SurfaceFlinger( 1326):     gl_FragColor *= alphaPlane;
06-03 07:10:23.128 E/SurfaceFlinger( 1326): }
06-03 07:10:23.128 E/SurfaceFlinger( 1326): 
06-03 07:10:23.128 E/SurfaceFlinger( 1326): \F6\FF\FF\FF\FF\FF\FF\FF\9F\D1FVau
06-03 07:10:23.128 E/SurfaceFlinger( 1326): Error while linking shaders:
06-03 07:10:23.128 E/SurfaceFlinger( 1326): Error while compiling shader: 
06-03 07:10:23.128 E/SurfaceFlinger( 1326): attribute vec4 texCoords;
06-03 07:10:23.128 E/SurfaceFlinger( 1326): varying vec2 outTexCoords;
06-03 07:10:23.128 E/SurfaceFlinger( 1326): attribute vec4 position;
06-03 07:10:23.128 E/SurfaceFlinger( 1326): uniform mat4 projection;
06-03 07:10:23.128 E/SurfaceFlinger( 1326): uniform mat4 texture;
06-03 07:10:23.128 E/SurfaceFlinger( 1326): void main(void) {
06-03 07:10:23.128 E/SurfaceFlinger( 1326):     gl_Position = projection * position;
06-03 07:10:23.128 E/SurfaceFlinger( 1326):     outTexCoords = (texture * texCoords).st;
06-03 07:10:23.128 E/SurfaceFlinger( 1326): }
06-03 07:10:23.128 E/SurfaceFlinger( 1326): 
06-03 07:10:23.128 E/SurfaceFlinger( 1326): \F6\FF\FF\FF\FF\FF\FF\FF\9F\D1FVau
06-03 07:10:23.128 E/SurfaceFlinger( 1326): Error while compiling shader: 
06-03 07:10:23.128 E/SurfaceFlinger( 1326): precision mediump float;
06-03 07:10:23.128 E/SurfaceFlinger( 1326): uniform sampler2D sampler;
06-03 07:10:23.128 E/SurfaceFlinger( 1326): varying vec2 outTexCoords;
06-03 07:10:23.128 E/SurfaceFlinger( 1326): uniform float alphaPlane;
06-03 07:10:23.128 E/SurfaceFlinger( 1326): void main(void) {
06-03 07:10:23.128 E/SurfaceFlinger( 1326):     gl_FragColor = texture2D(sampler, outTexCoords);
06-03 07:10:23.128 E/SurfaceFlinger( 1326):     gl_FragColor.a = 1.0;
06-03 07:10:23.128 E/SurfaceFlinger( 1326):     gl_FragColor.a *= alphaPlane;
06-03 07:10:23.128 E/SurfaceFlinger( 1326): }
06-03 07:10:23.128 E/SurfaceFlinger( 1326): 
06-03 07:10:23.128 E/SurfaceFlinger( 1326): \F6\FF\FF\FF\FF\FF\FF\FF\9F\D1FVau
06-03 07:10:23.128 E/SurfaceFlinger( 1326): Error while linking shaders:
06-03 07:10:23.128 E/SurfaceFlinger( 1326): Error while compiling shader: 
06-03 07:10:23.128 E/SurfaceFlinger( 1326): attribute vec4 texCoords;
06-03 07:10:23.128 E/SurfaceFlinger( 1326): varying vec2 outTexCoords;
06-03 07:10:23.128 E/SurfaceFlinger( 1326): attribute vec4 position;
06-03 07:10:23.128 E/SurfaceFlinger( 1326): uniform mat4 projection;
06-03 07:10:23.128 E/SurfaceFlinger( 1326): uniform mat4 texture;
06-03 07:10:23.128 E/SurfaceFlinger( 1326): void main(void) {
06-03 07:10:23.128 E/SurfaceFlinger( 1326):     gl_Position = projection * position;
06-03 07:10:23.128 E/SurfaceFlinger( 1326):     outTexCoords = (texture * texCoords).st;
06-03 07:10:23.128 E/SurfaceFlinger( 1326): }
06-03 07:10:23.128 E/SurfaceFlinger( 1326): 
06-03 07:10:23.128 E/SurfaceFlinger( 1326): \F6\FF\FF\FF\FF\FF\FF\FF\9F\D1FVau
06-03 07:10:23.128 E/SurfaceFlinger( 1326): Error while compiling shader: 
06-03 07:10:23.128 E/SurfaceFlinger( 1326): precision mediump float;
06-03 07:10:23.128 E/SurfaceFlinger( 1326): uniform sampler2D sampler;
06-03 07:10:23.128 E/SurfaceFlinger( 1326): varying vec2 outTexCoords;
06-03 07:10:23.128 E/SurfaceFlinger( 1326): uniform float alphaPlane;
06-03 07:10:23.128 E/SurfaceFlinger( 1326): void main(void) {
06-03 07:10:23.128 E/SurfaceFlinger( 1326):     gl_FragColor = texture2D(sampler, outTexCoords);
06-03 07:10:23.128 E/SurfaceFlinger( 1326):     gl_FragColor.a = 1.0;
06-03 07:10:23.128 E/SurfaceFlinger( 1326):     gl_FragColor *= alphaPlane;
06-03 07:10:23.128 E/SurfaceFlinger( 1326): }
06-03 07:10:23.128 E/SurfaceFlinger( 1326): 
06-03 07:10:23.128 E/SurfaceFlinger( 1326): \F6\FF\FF\FF\FF\FF\FF\FF\9F\D1FVau
06-03 07:10:23.128 E/SurfaceFlinger( 1326): Error while linking shaders:
06-03 07:10:23.128 D/SurfaceFlinger( 1326): shader cache generated - 24 shaders in 6.485643 ms
06-03 07:10:23.147 D/SurfaceFlinger( 1326): Set power mode=2, type=0 flinger=0x756155a47000
06-03 07:10:23.399 D/TetherController( 1353): Setting IP forward enable = 0
06-03 07:10:27.599 I/mediacodec( 1339): @@@ mediacodecservice starting
06-03 07:10:27.741 W/        ( 1339): No seccomp filter defined for this architecture.
06-03 07:10:27.807 I/cameraserver( 1332): ServiceManager: 0xed9bc020
06-03 07:10:27.851 I/CameraService( 1332): CameraService started (pid=1332)
06-03 07:10:27.851 I/CameraService( 1332): CameraService process starting
06-03 07:10:27.941 W/BatteryNotifier( 1332): batterystats service unavailable!
06-03 07:10:27.941 W/BatteryNotifier( 1332): batterystats service unavailable!
06-03 07:10:28.325 D/EmulatedCamera_QemuClient( 1332): Emulated camera list: 
06-03 07:10:28.351 D/EmulatedCamera_FakeCamera( 1332): Initialize: Fake camera is facing back
06-03 07:10:28.354 V/EmulatedCamera_Device( 1332): initializeWhiteBalanceModes with auto, 1.000000, 1.000000
06-03 07:10:28.354 V/EmulatedCamera_Device( 1332): initializeWhiteBalanceModes with incandescent, 1.380000, 0.600000
06-03 07:10:28.354 V/EmulatedCamera_Device( 1332): initializeWhiteBalanceModes with daylight, 1.090000, 0.920000
06-03 07:10:28.355 V/EmulatedCamera_Device( 1332): initializeWhiteBalanceModes with twilight, 0.920000, 1.220000
06-03 07:10:28.355 V/EmulatedCamera_Device( 1332): setWhiteBalanceMode with white balance auto
