06-03 07:13:03.916 W/ActivityManager( 2160): Slow operation: 76ms so far, now at getContentProviderImpl: done!
06-03 07:13:03.972 V/vold    ( 1279): Waiting for FUSE to spin up...
06-03 07:13:04.060 V/vold    ( 1279): Waiting for FUSE to spin up...
06-03 07:13:04.150 I/MediaPlayerService( 1342): MediaPlayerService::getOMX
06-03 07:13:04.154 I/OMXClient( 1342): MuxOMX ctor
06-03 07:13:04.155 I/OMXMaster( 1339): makeComponentInstance(OMX.google.amrnb.decoder) in mediacodec process
06-03 07:13:04.180 V/vold    ( 1279): Waiting for FUSE to spin up...
06-03 07:13:04.232 V/vold    ( 1279): Waiting for FUSE to spin up...
06-03 07:13:04.391 D/VoldConnector( 2160): RCV <- {651 emulated 2}
06-03 07:13:04.394 D/VoldConnector( 2160): RCV <- {200 6 Command succeeded}
06-03 07:13:04.428 E/VoldConnector( 2160): NDC Command {6 volume mount emulated 3 -1} took too long (1975ms)
06-03 07:13:04.527 V/MediaRouter( 2396): Adding route: RouteInfo{ name=Phone, description=null, status=null, category=RouteCategory{ name=null types=ROUTE_TYPE_LIVE_AUDIO ROUTE_TYPE_LIVE_VIDEO  groupable=false }, supportedTypes=ROUTE_TYPE_LIVE_AUDIO ROUTE_TYPE_LIVE_VIDEO , presentationDisplay=null }
06-03 07:13:04.585 V/MediaRouter( 2396): Updating audio routes: AudioRoutesInfo{ type=SPEAKER }
06-03 07:13:04.614 V/MediaRouter( 2396): Selecting route: RouteInfo{ name=Phone, description=null, status=null, category=RouteCategory{ name=null types=ROUTE_TYPE_LIVE_AUDIO ROUTE_TYPE_LIVE_VIDEO  groupable=false }, supportedTypes=ROUTE_TYPE_LIVE_AUDIO ROUTE_TYPE_LIVE_VIDEO , presentationDisplay=null }
06-03 07:13:04.641 I/MediaPlayerService( 1342): MediaPlayerService::getOMX
06-03 07:13:04.643 I/OMXClient( 1342): MuxOMX ctor
06-03 07:13:04.644 I/OMXMaster( 1339): makeComponentInstance(OMX.google.amrwb.decoder) in mediacodec process
06-03 07:13:04.734 I/MediaPlayerService( 1342): MediaPlayerService::getOMX
06-03 07:13:04.736 I/OMXClient( 1342): MuxOMX ctor
06-03 07:13:04.737 I/OMXMaster( 1339): makeComponentInstance(OMX.google.aac.decoder) in mediacodec process
06-03 07:13:04.743 W/art     ( 2390): Suspending all threads took: 12.175ms
06-03 07:13:04.936 I/MediaPlayerService( 1342): MediaPlayerService::getOMX
06-03 07:13:04.937 I/OMXClient( 1342): MuxOMX ctor
06-03 07:13:04.938 I/OMXMaster( 1339): makeComponentInstance(OMX.google.g711.alaw.decoder) in mediacodec process
06-03 07:13:05.344 I/LatinIME( 2390): Hardware accelerated drawing: true
06-03 07:13:06.196 E/WVMExtractor( 2396): Failed to open libwvm.so: dlopen failed: library "libwvm.so" not found
06-03 07:13:06.510 I/MediaPlayerService( 1342): MediaPlayerService::getOMX
06-03 07:13:06.552 I/OMXClient( 1342): MuxOMX ctor
06-03 07:13:06.586 I/OMXMaster( 1339): makeComponentInstance(OMX.google.g711.mlaw.decoder) in mediacodec process
06-03 07:13:06.902 I/art     ( 2430): System.exit called, status: 0
06-03 07:13:06.902 I/AndroidRuntime( 2430): VM exiting with result code 0, cleanup skipped.
06-03 07:13:07.780 I/art     ( 2438): System.exit called, status: 0
06-03 07:13:07.781 I/AndroidRuntime( 2438): VM exiting with result code 0, cleanup skipped.
06-03 07:13:08.061 I/MediaPlayerService( 1342): MediaPlayerService::getOMX
06-03 07:13:08.112 I/OMXClient( 1342): MuxOMX ctor
06-03 07:13:08.113 I/OMXMaster( 1339): makeComponentInstance(OMX.google.vorbis.decoder) in mediacodec process
06-03 07:13:08.490 E/NetdConnector( 2160): NDC Command {3 bandwidth enable} took too long (5424ms)
06-03 07:13:09.450 I/MediaPlayerService( 1342): MediaPlayerService::getOMX
06-03 07:13:09.452 I/OMXClient( 1342): MuxOMX ctor
06-03 07:13:09.453 I/OMXMaster( 1339): makeComponentInstance(OMX.google.opus.decoder) in mediacodec process
06-03 07:13:09.478 I/vol.Events( 2396): writeEvent collection_started
06-03 07:13:09.605 W/InputAttributes( 2390): No editor info for this field. Bug?
06-03 07:13:09.712 I/vol.Events( 2396): writeEvent external_ringer_mode_changed normal
06-03 07:13:09.713 I/vol.Events( 2396): writeEvent internal_ringer_mode_changed normal
06-03 07:13:10.578 I/LatinIME:LogUtils( 2390): Dictionary info: dictionary = userunigram.en_US ; version = 1591168390 ; date = ?
06-03 07:13:10.651 E/ActivityThread( 2390): Failed to find provider info for user_dictionary
06-03 07:13:10.663 I/LatinIME:LogUtils( 2390): Dictionary info: dictionary = UserHistoryDictionary.en_US ; version = 1591168390 ; date = ?
06-03 07:13:10.983 I/MediaPlayerService( 1342): MediaPlayerService::getOMX
06-03 07:13:10.985 I/OMXClient( 1342): MuxOMX ctor
06-03 07:13:10.986 I/OMXMaster( 1339): makeComponentInstance(OMX.google.raw.decoder) in mediacodec process
06-03 07:13:11.127 I/MediaPlayerService( 1342): MediaPlayerService::getOMX
06-03 07:13:11.129 I/OMXClient( 1342): MuxOMX ctor
06-03 07:13:11.171 I/OMXMaster( 1339): makeComponentInstance(OMX.google.aac.encoder) in mediacodec process
06-03 07:13:11.353 I/MediaPlayerService( 1342): MediaPlayerService::getOMX
06-03 07:13:11.355 I/OMXClient( 1342): MuxOMX ctor
06-03 07:13:11.356 I/OMXMaster( 1339): makeComponentInstance(OMX.google.amrnb.encoder) in mediacodec process
06-03 07:13:11.523 I/MediaPlayerService( 1342): MediaPlayerService::getOMX
06-03 07:13:11.525 I/OMXClient( 1342): MuxOMX ctor
06-03 07:13:11.526 I/OMXMaster( 1339): makeComponentInstance(OMX.google.amrwb.encoder) in mediacodec process
06-03 07:13:11.590 E/NetdConnector( 2160): NDC Command {4 strict enable} took too long (3078ms)
06-03 07:13:11.592 W/NetworkManagement( 2160): setDataSaverMode(): already false
06-03 07:13:11.683 I/MediaPlayerService( 1342): MediaPlayerService::getOMX
06-03 07:13:11.685 I/OMXClient( 1342): MuxOMX ctor
06-03 07:13:11.686 I/OMXMaster( 1339): makeComponentInstance(OMX.google.flac.encoder) in mediacodec process
06-03 07:13:12.492 W/BroadcastQueue( 2160): Timeout of broadcast BroadcastRecord{892eb16 u-1 android.intent.action.TIME_TICK} - receiver=android.app.LoadedApk$ReceiverDispatcher$InnerReceiver@16f4cc0, started 10053ms ago
06-03 07:13:12.493 W/BroadcastQueue( 2160): Receiver during timeout: BroadcastFilter{2e113e u0 ReceiverList{2465df9 2160 system/1000/u0 local:16f4cc0}}
06-03 07:13:12.810 I/MediaPlayerService( 1342): MediaPlayerService::getOMX
06-03 07:13:12.812 I/OMXClient( 1342): MuxOMX ctor
06-03 07:13:12.813 I/OMXMaster( 1339): makeComponentInstance(OMX.google.gsm.decoder) in mediacodec process
06-03 07:13:14.606 I/MediaPlayerService( 1342): MediaPlayerService::getOMX
06-03 07:13:14.642 I/OMXClient( 1342): MuxOMX ctor
06-03 07:13:14.650 I/OMXMaster( 1339): makeComponentInstance(OMX.google.mpeg4.decoder) in mediacodec process
06-03 07:13:14.893 W/AudioService( 2160): onLoadSoundEffects(), Error 1 while loading samples
06-03 07:13:15.033 E/NetdConnector( 2160): NDC Command {7 bandwidth setglobalalert 2097152} took too long (3031ms)
06-03 07:13:15.563 D/NetworkPolicy( 2160): setRestrictBackgroundUL(): false
06-03 07:13:15.621 W/NetworkManagement( 2160): setDataSaverMode(): already false
06-03 07:13:15.992 I/vol.Events( 2396): writeEvent level_changed STREAM_ALARM 6
06-03 07:13:16.010 E/OMXNodeInstance( 1339): getExtensionIndex(53b000f:google.mpeg4.decoder, OMX.google.android.index.configureVideoTunnelMode) ERROR: UnsupportedIndex(0x8000101a)
06-03 07:13:16.054 W/OMXNodeInstance( 1339): [53b000f:google.mpeg4.decoder] component does not support metadata mode; using fallback
06-03 07:13:16.087 I/MediaPlayerService( 1342): MediaPlayerService::getOMX
06-03 07:13:16.089 I/OMXClient( 1342): MuxOMX ctor
06-03 07:13:16.095 I/OMXMaster( 1339): makeComponentInstance(OMX.google.h263.decoder) in mediacodec process
06-03 07:13:16.191 I/vol.Events( 2396): writeEvent level_changed STREAM_BLUETOOTH_SCO 7
06-03 07:13:16.241 I/vol.Events( 2396): writeEvent level_changed STREAM_MUSIC 11
06-03 07:13:16.417 I/vol.Events( 2396): writeEvent level_changed STREAM_RING 5
06-03 07:13:16.474 I/vol.Events( 2396): writeEvent level_changed STREAM_SYSTEM 5
06-03 07:13:16.590 I/vol.Events( 2396): writeEvent level_changed STREAM_VOICE_CALL 4
06-03 07:13:17.152 W/ActivityManager( 2160): Timeout executing service: ServiceRecord{a177bc3 u0 com.android.server.telecom/.components.TelecomService}
06-03 07:13:17.407 W/ProcessCpuTracker( 2160): Skipping unknown process pid 2547
06-03 07:13:17.493 E/OMXNodeInstance( 1339): getExtensionIndex(53b0010:google.h263.decoder, OMX.google.android.index.configureVideoTunnelMode) ERROR: UnsupportedIndex(0x8000101a)
06-03 07:13:17.494 W/OMXNodeInstance( 1339): [53b0010:google.h263.decoder] component does not support metadata mode; using fallback
06-03 07:13:17.569 I/MediaPlayerService( 1342): MediaPlayerService::getOMX
06-03 07:13:17.604 W/art     ( 2160): Long monitor contention with owner CpuTracker (2222) at boolean android.os.Process.readProcFile(java.lang.String, int[], java.lang.String[], long[], float[])(Process.java:-2) waiters=0 in void com.android.server.am.ActivityManagerService.updateCpuStatsNow() for 383ms
06-03 07:13:17.622 I/OMXClient( 1342): MuxOMX ctor
06-03 07:13:17.623 I/OMXMaster( 1339): makeComponentInstance(OMX.google.h264.decoder) in mediacodec process
06-03 07:13:17.665 W/art     ( 2160): Long monitor contention with owner NetworkPolicy (2345) at boolean android.os.BinderProxy.transactNative(int, android.os.Parcel, android.os.Parcel, int)(Binder.java:-2) waiters=0 in void com.android.server.NetworkManagementService.setFirewallChainEnabled(int, boolean) for 1.810s
06-03 07:13:17.819 I/Process ( 2160): Sending signal. PID: 2160 SIG: 3
06-03 07:13:17.832 I/art     ( 2160): Thread[2,tid=2165,WaitingInMainSignalCatcherLoop,Thread*=0x7915aa80e000,peer=0x12c010d0,"Signal Catcher"]: reacting to signal 3
06-03 07:13:17.832 I/art     ( 2160): 
06-03 07:13:17.926 W/art     ( 2160): Suspending all threads took: 63.906ms
06-03 07:13:18.052 I/art     ( 2160): Background sticky concurrent mark sweep GC freed 39656(2MB) AllocSpace objects, 17(400KB) LOS objects, 19% free, 13MB/16MB, paused 3.986ms total 913.205ms
06-03 07:13:18.336 D/StorageNotification( 2396): Notifying about private volume: VolumeInfo{private}:
06-03 07:13:18.336 D/StorageNotification( 2396):     type=PRIVATE diskId=null partGuid=null mountFlags=0 mountUserId=-1 
06-03 07:13:18.336 D/StorageNotification( 2396):     state=MOUNTED 
06-03 07:13:18.336 D/StorageNotification( 2396):     fsType=null fsUuid=null fsLabel=null 
06-03 07:13:18.336 D/StorageNotification( 2396):     path=/data internalPath=null 
06-03 07:13:19.048 I/Process ( 2160): Sending signal. PID: 2396 SIG: 3
06-03 07:13:19.049 I/art     ( 2396): Thread[3,tid=2410,WaitingInMainSignalCatcherLoop,Thread*=0x7915b1496400,peer=0x12c005e0,"Signal Catcher"]: reacting to signal 3
06-03 07:13:19.049 I/art     ( 2396): 
06-03 07:13:19.547 W/ACodec  ( 1342): [OMX.google.h264.decoder] stopping checking profiles after 32: 2/8000
06-03 07:13:19.561 E/OMXNodeInstance( 1339): getExtensionIndex(53b0011:google.h264.decoder, OMX.google.android.index.configureVideoTunnelMode) ERROR: UnsupportedIndex(0x8000101a)
06-03 07:13:19.561 W/OMXNodeInstance( 1339): [53b0011:google.h264.decoder] component does not support metadata mode; using fallback
06-03 07:13:19.595 I/MediaPlayerService( 1342): MediaPlayerService::getOMX
06-03 07:13:19.596 I/OMXClient( 1342): MuxOMX ctor
06-03 07:13:19.597 I/OMXMaster( 1339): makeComponentInstance(OMX.google.hevc.decoder) in mediacodec process
06-03 07:13:20.987 E/OMXNodeInstance( 1339): getExtensionIndex(53b0012:google.hevc.decoder, OMX.google.android.index.configureVideoTunnelMode) ERROR: UnsupportedIndex(0x8000101a)
06-03 07:13:20.988 W/OMXNodeInstance( 1339): [53b0012:google.hevc.decoder] component does not support metadata mode; using fallback
06-03 07:13:21.031 I/art     ( 2396): Wrote stack traces to '/data/anr/traces.txt'
06-03 07:13:21.036 I/MediaPlayerService( 1342): MediaPlayerService::getOMX
06-03 07:13:21.038 I/OMXClient( 1342): MuxOMX ctor
06-03 07:13:21.038 I/OMXMaster( 1339): makeComponentInstance(OMX.google.vp8.decoder) in mediacodec process
06-03 07:13:21.647 E/OMXNodeInstance( 1339): getExtensionIndex(53b0013:google.vp8.decoder, OMX.google.android.index.configureVideoTunnelMode) ERROR: UnsupportedIndex(0x8000101a)
06-03 07:13:21.648 W/OMXNodeInstance( 1339): [53b0013:google.vp8.decoder] component does not support metadata mode; using fallback
06-03 07:13:21.734 I/MediaPlayerService( 1342): MediaPlayerService::getOMX
06-03 07:13:21.736 I/OMXClient( 1342): MuxOMX ctor
06-03 07:13:21.737 I/OMXMaster( 1339): makeComponentInstance(OMX.google.vp9.decoder) in mediacodec process
06-03 07:13:22.051 W/        ( 1278): debuggerd: handling request: pid=1326 uid=1000 gid=1003 tid=1326
06-03 07:13:22.415 E/OMXNodeInstance( 1339): getExtensionIndex(53b0014:google.vp9.decoder, OMX.google.android.index.configureVideoTunnelMode) ERROR: UnsupportedIndex(0x8000101a)
06-03 07:13:22.416 W/OMXNodeInstance( 1339): [53b0014:google.vp9.decoder] component does not support metadata mode; using fallback
06-03 07:13:22.475 I/MediaPlayerService( 1342): MediaPlayerService::getOMX
06-03 07:13:22.478 I/OMXClient( 1342): MuxOMX ctor
06-03 07:13:22.479 I/OMXMaster( 1339): makeComponentInstance(OMX.google.h263.encoder) in mediacodec process
06-03 07:13:22.593 E/NetdConnector( 2160): NDC Command {10 firewall enable_chain standby} took too long (4927ms)
06-03 07:13:22.808 I/LatinIME:LogUtils( 2390): Dictionary info: dictionary = main:en ; version = 54 ; date = 1414726273
06-03 07:13:22.880 W/        ( 1278): debuggerd: resuming target 1326
06-03 07:13:22.892 W/        ( 1278): debuggerd: handling request: pid=1331 uid=1041 gid=1005 tid=1331
06-03 07:13:22.945 W/        ( 1277): debuggerd: handling request: pid=1331 uid=1041 gid=1005 tid=1331
06-03 07:13:23.009 I/SoftMPEG4Encoder( 1339): Construct SoftMPEG4Encoder
06-03 07:13:23.031 W/ACodec  ( 1342): do not know color format 0x7f000789 = 2130708361
06-03 07:13:23.033 E/OMXNodeInstance( 1339): getConfig(53b0015:google.h263.encoder, ConfigAndroidIntraRefresh(0x6f60000a)) ERROR: Undefined(0x80001001)
06-03 07:13:23.124 I/MediaPlayerService( 1342): MediaPlayerService::getOMX
06-03 07:13:23.125 I/OMXClient( 1342): MuxOMX ctor
06-03 07:13:23.126 I/OMXMaster( 1339): makeComponentInstance(OMX.google.h264.encoder) in mediacodec process
06-03 07:13:23.133 I/SystemServiceManager( 2160): Starting phase 600
06-03 07:13:23.582 D/SensorNotificationService( 2160): Cannot obtain dynamic meta sensor, not supported.
06-03 07:13:23.982 W/ACodec  ( 1342): do not know color format 0x7f000789 = 2130708361
06-03 07:13:24.015 I/MediaPlayerService( 1342): MediaPlayerService::getOMX
06-03 07:13:24.016 I/OMXClient( 1342): MuxOMX ctor
06-03 07:13:24.017 I/OMXMaster( 1339): makeComponentInstance(OMX.google.mpeg4.encoder) in mediacodec process
06-03 07:13:24.055 I/GnssLocationProvider( 2160): WakeLock acquired by sendMessage(13, 0, null)
06-03 07:13:24.193 W/LocationManagerService( 2160): no network location provider found
06-03 07:13:24.297 E/LocationManagerService( 2160): no geocoder provider found
06-03 07:13:24.299 E/FlpHardwareProvider( 2160): Error hw_get_module 'flp': -2
06-03 07:13:24.299 D/LocationManagerService( 2160): FLP HAL not supported
06-03 07:13:24.368 D/LocationManagerService( 2160): Unable to bind FLP Geofence proxy.
06-03 07:13:24.392 E/ActivityRecognitionHardware( 2160): Error hw_get_module: -2
06-03 07:13:24.392 D/LocationManagerService( 2160): Hardware Activity-Recognition not supported.
06-03 07:13:24.395 E/ActivityRecognitionProxy( 2160): ServiceWatcher could not start.
06-03 07:13:24.395 D/LocationManagerService( 2160): Unable to bind ActivityRecognitionProxy.
06-03 07:13:24.398 I/GnssLocationProvider( 2160): WakeLock acquired by sendMessage(2, 1, null)
06-03 07:13:24.572 W/art     ( 2160): Long monitor contention with owner main (2160) at int com.android.server.am.ActivityManagerService.broadcastIntent(android.app.IApplicationThread, android.content.Intent, java.lang.String, android.content.IIntentReceiver, int, java.lang.String, android.os.Bundle, java.lang.String[], int, android.os.Bundle, boolean, boolean, int)(ActivityManagerService.java:18551) waiters=0 in void com.android.server.am.ActivityManagerService$3.handleMessage(android.os.Message) for 152ms
06-03 07:13:24.577 W/        ( 1277): debuggerd: resuming target 1331
06-03 07:13:24.622 W/        ( 1278): debuggerd: handling request: pid=1332 uid=1047 gid=1005 tid=1332
06-03 07:13:24.627 W/        ( 1277): debuggerd: handling request: pid=1332 uid=1047 gid=1005 tid=1332
06-03 07:13:24.725 I/CommonTimeManagementService( 2160): No common time service detected on this platform.  Common time services will be unavailable.
06-03 07:13:24.743 I/InputReader( 2160): Reconfiguring input devices.  changes=0x00000020
06-03 07:13:24.832 I/MmsServiceBroker( 2160): Delay connecting to MmsService until an API is called
06-03 07:13:24.877 I/InputReader( 2160): Reconfiguring input devices.  changes=0x00000010
06-03 07:13:24.905 W/VoiceInteractionManagerService( 2160): no available voice interaction services found for user 0
06-03 07:13:24.906 W/VoiceInteractionManagerService( 2160): no available voice recognition services found for user 0
06-03 07:13:25.059 I/SoftMPEG4Encoder( 1339): Construct SoftMPEG4Encoder
06-03 07:13:25.104 W/ACodec  ( 1342): do not know color format 0x7f000789 = 2130708361
06-03 07:13:25.106 E/OMXNodeInstance( 1339): getConfig(53b0017:google.mpeg4.encoder, ConfigAndroidIntraRefresh(0x6f60000a)) ERROR: Undefined(0x80001001)
06-03 07:13:25.128 I/MediaPlayerService( 1342): MediaPlayerService::getOMX
06-03 07:13:25.130 I/OMXClient( 1342): MuxOMX ctor
06-03 07:13:25.134 I/OMXMaster( 1339): makeComponentInstance(OMX.google.vp8.encoder) in mediacodec process
06-03 07:13:25.301 W/ActivityManager( 2160): Slow operation: 345ms so far, now at startProcess: returned from zygote!
06-03 07:13:25.302 W/ActivityManager( 2160): Slow operation: 346ms so far, now at startProcess: done updating battery stats
06-03 07:13:25.303 W/ActivityManager( 2160): Slow operation: 347ms so far, now at startProcess: building log message
06-03 07:13:25.303 I/ActivityManager( 2160): Start proc 2599:com.android.phone/1001 for added application com.android.phone
06-03 07:13:25.303 W/ActivityManager( 2160): Slow operation: 347ms so far, now at startProcess: starting to update pids map
06-03 07:13:25.303 W/ActivityManager( 2160): Slow operation: 347ms so far, now at startProcess: done updating pids map
06-03 07:13:25.309 I/ActivityManager( 2160): START u0 {act=android.intent.action.MAIN cat=[android.intent.category.HOME] flg=0x10000100 cmp=com.android.settings/.FallbackHome} from uid 0 on display 0
06-03 07:13:25.313 W/        ( 1277): debuggerd: resuming target 1332
06-03 07:13:25.316 W/        ( 1278): debuggerd: handling request: pid=1333 uid=1019 gid=1019 tid=1333
06-03 07:13:25.318 W/        ( 1277): debuggerd: handling request: pid=1333 uid=1019 gid=1019 tid=1333
06-03 07:13:25.414 W/System  ( 2160): ClassLoader referenced unknown path: 
06-03 07:13:25.416 W/System  ( 2160): ClassLoader referenced unknown path: /system/priv-app/Settings/lib/x86_64
06-03 07:13:25.440 W/art     ( 2599): Unexpected CPU variant for X86 using defaults: x86_64
06-03 07:13:25.601 D/ApplicationLoaders( 2160): ignored Vulkan layer search path /system/priv-app/Settings/lib/x86_64:/system/priv-app/Settings/Settings.apk!/lib/x86_64:/system/lib64:/vendor/lib64 for namespace 0x7915b5cb9160
06-03 07:13:25.657 I/ActivityManager( 2160): Loaded persisted task ids for user 0
06-03 07:13:25.718 W/        ( 1277): debuggerd: resuming target 1333
06-03 07:13:25.732 W/        ( 1278): debuggerd: handling request: pid=1339 uid=1046 gid=1006 tid=1339
06-03 07:13:25.734 W/        ( 1277): debuggerd: handling request: pid=1339 uid=1046 gid=1006 tid=1339
06-03 07:13:26.001 W/art     ( 2160): Long monitor contention with owner main (2160) at android.content.Intent com.android.server.am.ActivityManagerService.registerReceiver(android.app.IApplicationThread, java.lang.String, android.content.IIntentReceiver, android.content.IntentFilter, java.lang.String, int)(ActivityManagerService.java:17547) waiters=0 in void com.android.server.am.ActivityManagerService$3.handleMessage(android.os.Message) for 1.427s
06-03 07:13:26.113 W/ActivityManager( 2160): Slow operation: 150ms so far, now at startProcess: returned from zygote!
06-03 07:13:26.113 W/ActivityManager( 2160): Slow operation: 150ms so far, now at startProcess: done updating battery stats
06-03 07:13:26.114 W/ActivityManager( 2160): Slow operation: 151ms so far, now at startProcess: building log message
06-03 07:13:26.114 I/ActivityManager( 2160): Start proc 2616:com.android.settings/1000 for activity com.android.settings/.FallbackHome
06-03 07:13:26.114 W/ActivityManager( 2160): Slow operation: 151ms so far, now at startProcess: starting to update pids map
06-03 07:13:26.114 W/ActivityManager( 2160): Slow operation: 151ms so far, now at startProcess: done updating pids map
06-03 07:13:26.114 W/ActivityManager( 2160): Slow operation: 152ms so far, now at startProcess: done starting proc!
06-03 07:13:26.222 W/art     ( 2616): Unexpected CPU variant for X86 using defaults: x86_64
06-03 07:13:26.265 W/art     ( 2160): Long monitor contention with owner main (2160) at void com.android.server.am.ActivityManagerService.systemReady(java.lang.Runnable)(ActivityManagerService.java:13368) waiters=1 in void com.android.server.am.ActivityManagerService.dispatchUidsChanged() for 1.355s
06-03 07:13:26.283 I/SystemServer( 2160): Enabled StrictMode for system server main thread.
06-03 07:13:26.371 W/art     ( 2160): Long monitor contention with owner main (2160) at void com.android.server.am.ActivityManagerService.systemReady(java.lang.Runnable)(ActivityManagerService.java:13368) waiters=1 in void com.android.server.am.ActivityManagerService$3.handleMessage(android.os.Message) for 370ms
06-03 07:13:26.635 D/ConditionProviders.SCP( 2160): onConnected
06-03 07:13:26.638 D/ZenLog  ( 2160): set_zen_mode: off,readXml
06-03 07:13:26.731 D/ConditionProviders( 2160): Subscribing to condition://android/schedule?days=1.2.3.4.5&start=22.0&end=7.0&exitAtAlarm=false with ComponentInfo{android/com.android.server.notification.ScheduleConditionProvider}
06-03 07:13:26.732 D/ZenLog  ( 2160): subscribe: condition://android/schedule?days=1.2.3.4.5&start=22.0&end=7.0&exitAtAlarm=false,ok
06-03 07:13:26.734 D/ConditionProviders( 2160): Subscribing to condition://android/schedule?days=6.7&start=23.30&end=10.0&exitAtAlarm=false with ComponentInfo{android/com.android.server.notification.ScheduleConditionProvider}
06-03 07:13:26.734 D/ZenLog  ( 2160): subscribe: condition://android/schedule?days=6.7&start=23.30&end=10.0&exitAtAlarm=false,ok
06-03 07:13:26.735 D/ConditionProviders( 2160): Subscribing to condition://android/event?userId=-10000&calendar=&reply=1 with ComponentInfo{android/com.android.server.notification.EventConditionProvider}
06-03 07:13:26.735 D/ZenLog  ( 2160): subscribe: condition://android/event?userId=-10000&calendar=&reply=1,ok
06-03 07:13:26.957 W/System  ( 2599): ClassLoader referenced unknown path: /system/priv-app/TeleService/lib/x86_64
06-03 07:13:27.053 W/        ( 1277): debuggerd: resuming target 1339
06-03 07:13:27.061 W/art     ( 2160): Long monitor contention with owner Binder:2160_1 (2177) at void com.android.server.am.ActivityManagerService.attachApplication(android.app.IApplicationThread)(ActivityManagerService.java:6669) waiters=1 in void com.android.server.am.ActivityManagerService$3.handleMessage(android.os.Message) for 689ms
06-03 07:13:27.244 D/PermissionCache( 1326): checking android.permission.READ_FRAME_BUFFER for uid=1000 => granted (26496 us)
06-03 07:13:27.258 D/gralloc ( 1326): Registering a buffer in the process that created it. This may cause memory ordering problems.
06-03 07:13:27.259 E/libEGL  ( 1326): called unimplemented OpenGL ES API
06-03 07:13:27.270 E/SurfaceFlinger( 1326): glCheckFramebufferStatusOES error -105239674
06-03 07:13:27.270 E/SurfaceFlinger( 1326): got GL_FRAMEBUFFER_COMPLETE_OES error while taking screenshot
06-03 07:13:27.461 W/art     ( 2160): Long monitor contention with owner Binder:2160_4 (2435) at void com.android.server.am.ActivityManagerService.attachApplication(android.app.IApplicationThread)(ActivityManagerService.java:6669) waiters=0 in void com.android.server.am.ActivityManagerService$LocalService.notifyAppTransitionCancelled() for 330ms
06-03 07:13:27.546 I/Choreographer( 2396): Skipped 612 frames!  The application may be doing too much work on its main thread.
06-03 07:13:27.617 W/System  ( 2616): ClassLoader referenced unknown path: /system/priv-app/Settings/lib/x86_64
06-03 07:13:27.781 W/ACodec  ( 1342): do not know color format 0x7f000789 = 2130708361
06-03 07:13:27.782 E/OMXNodeInstance( 1339): getConfig(53b0018:google.vp8.encoder, ConfigAndroidIntraRefresh(0x6f60000a)) ERROR: Undefined(0x80001001)
06-03 07:13:27.804 I/MediaPlayerService( 1342): MediaPlayerService::getOMX
06-03 07:13:27.806 I/OMXClient( 1342): MuxOMX ctor
06-03 07:13:27.831 I/MediaPlayerService( 1342): MediaPlayerService::getOMX
06-03 07:13:27.839 I/OMXClient( 1342): MuxOMX ctor
06-03 07:13:27.840 W/MediaCodecList( 1342): unable to open media codecs configuration xml file: /data/misc/media/media_codecs_profiling_results.xml
06-03 07:13:27.873 W/art     ( 2160): Long monitor contention with owner Binder:2160_4 (2435) at void com.android.server.am.ActivityManagerService.attachApplication(android.app.IApplicationThread)(ActivityManagerService.java:6669) waiters=3 in void com.android.server.am.ActivityManagerService.dispatchProcessesChanged() for 427ms
06-03 07:13:27.901 I/MediaPlayerService( 1342): MediaPlayerService::getOMX
06-03 07:13:27.906 I/OMXClient( 2396): MuxOMX ctor
06-03 07:13:27.911 I/MediaPlayerService( 1342): MediaPlayerService::getOMX
06-03 07:13:27.914 I/OMXClient( 2160): MuxOMX ctor
06-03 07:13:27.932 I/OMXMaster( 1339): makeComponentInstance(OMX.google.vorbis.decoder) in mediacodec process
06-03 07:13:27.989 W/System  ( 2599): ClassLoader referenced unknown path: /system/priv-app/TelephonyProvider/lib/x86_64
06-03 07:13:28.096 D/ApplicationLoaders( 2599): ignored Vulkan layer search path /system/priv-app/TelephonyProvider/lib/x86_64:/system/lib64:/vendor/lib64 for namespace 0x7915b5ca90f0
06-03 07:13:28.244 W/art     ( 2160): Long monitor contention with owner Binder:2160_4 (2435) at void com.android.server.am.ActivityManagerService.attachApplication(android.app.IApplicationThread)(ActivityManagerService.java:6669) waiters=2 in void com.android.server.am.ActivityManagerService$3.handleMessage(android.os.Message) for 998ms
06-03 07:13:29.018 I/StatusBarManagerService( 2160): registerStatusBar bar=com.android.internal.statusbar.IStatusBar$Stub$Proxy@ff82e06
06-03 07:13:29.293 I/OMXMaster( 1339): makeComponentInstance(OMX.google.vorbis.decoder) in mediacodec process
06-03 07:13:29.357 W/WindowManager( 2160): App freeze timeout expired.
06-03 07:13:29.358 W/WindowManager( 2160): Force clearing freeze: AppWindowToken{72395a9 token=Token{59f3ee2 ActivityRecord{56ebad u0 com.android.settings/.FallbackHome t1}}}
06-03 07:13:30.085 D/gralloc_ranchu( 2616): Emulator without host-side GPU emulation detected. Loading gralloc.default.so from /vendor/lib64/hw/gralloc.goldfish.default.so...
06-03 07:13:30.089 D/gralloc_ranchu( 2616): gralloc.default.so not found in /vendor. Trying /system/lib64/hw/gralloc.goldfish.default.so...
06-03 07:13:30.299 I/WindowManager( 2160): Screen frozen for +3s200ms due to Window{5e508e5 u0 KeyguardScrim}
06-03 07:13:30.788 I/ActivityManager( 2160): Displayed com.android.settings/.FallbackHome: +4s825ms
06-03 07:13:30.789 I/Choreographer( 2160): Skipped 30 frames!  The application may be doing too much work on its main thread.
06-03 07:13:30.914 W/        ( 1278): debuggerd: handling request: pid=1340 uid=1013 gid=1031 tid=1340
06-03 07:13:30.943 I/art     ( 2160): Wrote stack traces to '/data/anr/traces.txt'
06-03 07:13:31.275 W/        ( 1277): debuggerd: handling request: pid=1340 uid=1013 gid=1031 tid=1340
06-03 07:13:31.605 I/WifiScanningService( 2160): wifi driver unloaded
06-03 07:13:31.621 D/RttService( 2160): SCAN_AVAILABLE : 1
06-03 07:13:31.625 D/ZenLog  ( 2160): set_zen_mode: off,cleanUpZenRules
06-03 07:13:31.631 D/RttService( 2160): DefaultState got{ when=-10ms what=160513 target=com.android.internal.util.StateMachine$SmHandler }
06-03 07:13:32.324 W/System  ( 2160): ClassLoader referenced unknown path: /system/priv-app/Telecom/lib/x86_64
06-03 07:13:32.473 D/ApplicationLoaders( 2160): ignored Vulkan layer search path /system/priv-app/Telecom/lib/x86_64:/system/priv-app/Telecom/Telecom.apk!/lib/x86_64:/system/lib64:/vendor/lib64 for namespace 0x7915b5cb91d0
06-03 07:13:32.535 I/Choreographer( 2616): Skipped 43 frames!  The application may be doing too much work on its main thread.
06-03 07:13:32.663 I/art     ( 2160): Starting a blocking GC Explicit
06-03 07:13:32.666 D/TelephonyProvider( 2599): dbh.onOpen: ok, queried table=siminfo
06-03 07:13:32.812 D/TelephonyProvider( 2599): dbh.onOpen: ok, queried table=carriers
06-03 07:13:33.173 W/        ( 1277): debuggerd: resuming target 1340
06-03 07:13:33.179 W/        ( 1278): debuggerd: handling request: pid=1341 uid=1040 gid=1026 tid=1341
06-03 07:13:33.201 W/        ( 1277): debuggerd: handling request: pid=1341 uid=1040 gid=1026 tid=1341
06-03 07:13:33.671 I/Choreographer( 2616): Skipped 37 frames!  The application may be doing too much work on its main thread.
06-03 07:13:33.713 I/art     ( 2160): Explicit concurrent mark sweep GC freed 15676(1125KB) AllocSpace objects, 7(4MB) LOS objects, 30% free, 9MB/13MB, paused 3.916ms total 1.047s
06-03 07:13:34.334 E/BluetoothAdapter( 2160): Bluetooth binder is null
06-03 07:13:34.620 I/Telecom ( 2160): SystemStateProvider: Registering car mode receiver: android.content.IntentFilter@78ad3c1: TS.init@AAA
06-03 07:13:35.443 W/        ( 1277): debuggerd: resuming target 1341
06-03 07:13:35.494 W/        ( 1278): debuggerd: handling request: pid=1342 uid=1013 gid=1005 tid=1342
06-03 07:13:35.497 W/        ( 1277): debuggerd: handling request: pid=1342 uid=1013 gid=1005 tid=1342
06-03 07:13:35.504 I/Telecom ( 2160): Telecom: Non-call EVENT: AUDIO_ROUTE, Entering state QuiescentEarpieceRoute
06-03 07:13:35.594 I/Telecom ( 2160): CallAudioModeStateMachine: Message received: null.: TS.init->CAMSM.pM_1@AAA_0
06-03 07:13:36.096 E/ActivityThread( 2160): Failed to find provider info for call_log
06-03 07:13:36.116 E/BluetoothAdapter( 2160): Bluetooth binder is null
06-03 07:13:36.516 I/Telecom ( 2160): Class: TelecomSystem.INSTANCE being set
06-03 07:13:36.517 E/BluetoothAdapter( 2160): Bluetooth binder is null
06-03 07:13:36.719 W/ContextImpl( 2160): Calling a method in the system process without a qualified user: android.app.ContextImpl.startService:1357 com.android.server.content.SyncManager$13.run:658 android.os.Handler.handleCallback:751 android.os.Handler.dispatchMessage:95 android.os.Looper.loop:154 
06-03 07:13:37.813 W/        ( 1277): debuggerd: resuming target 1342
06-03 07:13:37.822 W/        ( 1278): debuggerd: handling request: pid=2437 uid=1023 gid=1023 tid=2437
06-03 07:13:38.016 I/MediaPlayerService( 1342): MediaPlayerService::getOMX
06-03 07:13:38.025 I/OMXClient( 2396): MuxOMX ctor
06-03 07:13:38.048 I/OMXMaster( 1339): makeComponentInstance(OMX.google.vorbis.decoder) in mediacodec process
06-03 07:13:38.656 W/        ( 1278): debuggerd: resuming target 2437
06-03 07:13:43.267 I/MediaPlayerService( 1342): MediaPlayerService::getOMX
06-03 07:13:43.311 I/OMXClient( 2396): MuxOMX ctor
06-03 07:13:43.323 I/OMXMaster( 1339): makeComponentInstance(OMX.google.vorbis.decoder) in mediacodec process
06-03 07:13:45.115 W/System  ( 2160): ClassLoader referenced unknown path: /system/priv-app/FusedLocation/lib/x86_64
06-03 07:13:45.155 D/ApplicationLoaders( 2160): ignored Vulkan layer search path /system/priv-app/FusedLocation/lib/x86_64:/system/priv-app/FusedLocation/FusedLocation.apk!/lib/x86_64:/system/lib64:/vendor/lib64 for namespace 0x7915b5cb9240
06-03 07:13:45.394 W/art     ( 2160): Verification of com.android.location.fused.FusionEngine com.android.location.fused.FusedLocationProvider.-get0(com.android.location.fused.FusedLocationProvider) took 105.766ms
06-03 07:13:45.532 W/art     ( 2160): Verification of void com.android.location.fused.FusedLocationProvider.<init>(android.content.Context) took 134.866ms
06-03 07:13:45.581 W/SystemConfig( 2599): No directory /system/etc/sysconfig, skipping
06-03 07:13:45.725 V/WiredAccessoryManager( 2160): notifyWiredAccessoryChanged: when=0 bits= mask=54
06-03 07:13:45.726 V/WiredAccessoryManager( 2160): newName=h2w newState=0 headsetState=0 prev headsetState=0
06-03 07:13:45.726 E/WiredAccessoryManager( 2160): No state change.
06-03 07:13:45.726 V/WiredAccessoryManager( 2160): init()
06-03 07:13:46.088 D/ConditionProviders.SCP( 2160): onSubscribe condition://android/schedule?days=1.2.3.4.5&start=22.0&end=7.0&exitAtAlarm=false
06-03 07:13:46.163 D/ConditionProviders.SCP( 2160): setRegistered true
06-03 07:13:46.167 D/ConditionProviders.SCP( 2160): notifyCondition condition://android/schedule?days=1.2.3.4.5&start=22.0&end=7.0&exitAtAlarm=false STATE_FALSE reason=!meetsSchedule
06-03 07:13:46.287 D/ConditionProviders.SCP( 2160): Scheduling evaluate for Wed Jun 03 22:00:00 UTC 2020 (1591221600000), in +14h46m13s835ms, now=Wed Jun 03 07:13:46 UTC 2020 (1591168426165)
06-03 07:13:46.289 D/ConditionProviders.SCP( 2160): onSubscribe condition://android/schedule?days=6.7&start=23.30&end=10.0&exitAtAlarm=false
06-03 07:13:46.727 D/ConditionProviders.SCP( 2160): notifyCondition condition://android/schedule?days=6.7&start=23.30&end=10.0&exitAtAlarm=false STATE_FALSE reason=!meetsSchedule
06-03 07:13:46.728 D/ConditionProviders.SCP( 2160): notifyCondition condition://android/schedule?days=1.2.3.4.5&start=22.0&end=7.0&exitAtAlarm=false STATE_FALSE reason=!meetsSchedule
06-03 07:13:46.929 D/ConditionProviders.SCP( 2160): Scheduling evaluate for Wed Jun 03 10:00:00 UTC 2020 (1591178400000), in +2h46m13s274ms, now=Wed Jun 03 07:13:46 UTC 2020 (1591168426726)
06-03 07:13:47.164 W/ProcessCpuTracker( 2160): Skipping unknown process pid 2665
06-03 07:13:47.166 W/ProcessCpuTracker( 2160): Skipping unknown process pid 2681
06-03 07:13:47.185 I/Telecom ( 2160): WiredHeadsetManager: ACTION_HEADSET_PLUG event, plugged in: false, : WHC.oADA@AAE
06-03 07:13:47.542 I/ActivityManager( 2160): user 0 is still locked. Cannot load recents
06-03 07:13:48.213 D/PhoneSwitcherNetworkRequstListener( 2599): Registering NetworkFactory
06-03 07:13:48.216 D/ConnectivityService( 2160): Got NetworkFactory Messenger for PhoneSwitcherNetworkRequstListener
06-03 07:13:48.537 D/ConnectivityService( 2160): Got NetworkFactory Messenger for TelephonyNetworkFactory[0]
06-03 07:13:48.998 W/ProcessCpuTracker( 2160): Skipping unknown process pid 2701
06-03 07:13:49.284 D/CarrierConfigLoader( 2599): CarrierConfigLoader has started
06-03 07:13:49.361 E/BluetoothAdapter( 2599): Bluetooth binder is null
06-03 07:13:49.981 I/Telephony( 2599): TtyManager: updateUiTtyMode -1 -> 0
06-03 07:13:50.113 E/ActivityThread( 2599): Failed to find provider info for com.android.contacts
06-03 07:13:50.113 W/CallerInfoCache( 2599): cursor is null
06-03 07:13:50.532 W/art     ( 2396): Suspending all threads took: 98.419ms
06-03 07:13:50.844 D/AlarmManagerService( 2160): Kernel timezone updated to 0 minutes west of GMT
06-03 07:13:50.932 I/art     ( 2396): Background sticky concurrent mark sweep GC freed 18282(2MB) AllocSpace objects, 2(40KB) LOS objects, 28% free, 7MB/10MB, paused 183.106ms total 1.749s
06-03 07:13:51.272 D/AlarmManagerService( 2160): Setting time of day to sec=1591168431
06-03 07:13:51.173 W/AlarmManagerService( 2160): Unable to set rtc to 1591168431: No such device
06-03 07:13:52.194 E/ActivityManager( 2160): ANR in system
06-03 07:13:52.194 E/ActivityManager( 2160): PID: 2160
06-03 07:13:52.194 E/ActivityManager( 2160): Reason: executing service com.android.server.telecom/.components.TelecomService
06-03 07:13:52.194 E/ActivityManager( 2160): Load: 13.77 / 5.93 / 2.34
06-03 07:13:52.194 E/ActivityManager( 2160): CPU usage from 144ms to -34369ms ago (2020-06-03 07:13:17.060 to 2020-06-03 07:13:51.373):
06-03 07:13:52.194 E/ActivityManager( 2160):   71% 1326/surfaceflinger: 27% user + 43% kernel / faults: 76 minor
06-03 07:13:52.194 E/ActivityManager( 2160):   26% 2160/system_server: 7.5% user + 19% kernel / faults: 3872 minor 35 major
06-03 07:13:52.194 E/ActivityManager( 2160):   26% 1662/bootanimation: 10% user + 15% kernel
06-03 07:13:52.194 E/ActivityManager( 2160):   11% 1339/media.codec: 4.5% user + 6.9% kernel / faults: 6742 minor 17 major
06-03 07:13:52.194 E/ActivityManager( 2160):   9.8% 2396/com.android.systemui: 2.6% user + 7.2% kernel / faults: 4156 minor 26 major
06-03 07:13:52.194 E/ActivityManager( 2160):   2.5% 1328/adbd: 0.2% user + 2.2% kernel / faults: 1455 minor
06-03 07:13:52.194 E/ActivityManager( 2160):   1.8% 8/rcu_preempt: 0% user + 1.8% kernel
06-03 07:13:52.194 E/ActivityManager( 2160):   0.7% 1342/mediaserver: 0.2% user + 0.4% kernel / faults: 80 minor
06-03 07:13:52.194 E/ActivityManager( 2160):   0.5% 1341/media.extractor: 0% user + 0.4% kernel / faults: 96 minor
06-03 07:13:52.194 E/ActivityManager( 2160):   0.6% 1325/servicemanager: 0.1% user + 0.4% kernel
06-03 07:13:52.194 E/ActivityManager( 2160):   0.1% 1278/debuggerd64: 0% user + 0.1% kernel / faults: 81 minor
06-03 07:13:52.194 E/ActivityManager( 2160):   0.5% 1353/netd: 0% user + 0.4% kernel / faults: 126 minor
06-03 07:13:52.194 E/ActivityManager( 2160):   0.4% 2390/com.android.inputmethod.latin: 0.1% user + 0.2% kernel / faults: 227 minor
06-03 07:13:52.194 E/ActivityManager( 2160):   0.3% 1271/logd: 0% user + 0.3% kernel / faults: 19 minor
06-03 07:13:52.194 E/ActivityManager( 2160):   0.2% 1329/zygote64: 0% user + 0.1% kernel / faults: 301 minor
06-03 07:13:52.194 E/ActivityManager( 2160):   0.2% 6/kworker/u4:0: 0% user + 0.2% kernel
06-03 07:13:52.194 E/ActivityManager( 2160):   0.2% 1331/audioserver: 0.1% user + 0.1% kernel / faults: 38 minor
06-03 07:13:52.194 E/ActivityManager( 2160):   0% 1332/cameraserver: 0% user + 0% kernel / faults: 67 minor
06-03 07:13:52.194 E/ActivityManager( 2160):   0% 1277/debuggerd: 0% user + 0% kernel / faults: 188 minor
06-03 07:13:52.194 E/ActivityManager( 2160):   0.2% 1259/kworker/0:1H: 0% user + 0.2% kernel
06-03 07:13:52.194 E/ActivityManager( 2160):   0.1% 1//init: 0% user + 0% kernel / faults: 1 minor
06-03 07:13:52.194 E/ActivityManager( 2160):   0.1% 1269/jbd2/vdc-8: 0% user + 0.1% kernel
06-03 07:13:52.194 E/ActivityManager( 2160):   0% 1354/rild: 0% user + 0% kernel / faults: 6 minor
06-03 07:13:52.194 E/ActivityManager( 2160):   0% 3/ksoftirqd/0: 0% user + 0% kernel
06-03 07:13:52.194 E/ActivityManager( 2160):   0% 455/kworker/0:1: 0% user + 0% kernel
06-03 07:13:52.194 E/ActivityManager( 2160):   0% 1324/lmkd: 0% user + 0% kernel
06-03 07:13:52.194 E/ActivityManager( 2160):   0% 1335/keystore: 0% user + 0% kernel
06-03 07:13:52.194 E/ActivityManager( 2160):   0% 1504/logcat: 0% user + 0% kernel
06-03 07:13:52.194 E/ActivityManager( 2160):   0% 12/ksoftirqd/1: 0% user + 0% kernel
06-03 07:13:52.194 E/ActivityManager( 2160):   0% 811/kworker/1:2: 0% user + 0% kernel
06-03 07:13:52.194 E/ActivityManager( 2160):   0% 1321/healthd: 0% user + 0% kernel
06-03 07:13:52.194 E/ActivityManager( 2160):   0% 1340/mediadrmserver: 0% user + 0% kernel / faults: 18 minor
06-03 07:13:52.194 E/ActivityManager( 2160):   0% 1356/fingerprintd: 0% user + 0% kernel
06-03 07:13:52.194 E/ActivityManager( 2160):  +0% 2599/com.android.phone: 0% user + 0% kernel
06-03 07:13:52.194 E/ActivityManager( 2160):  +0% 2616/com.android.settings: 0% user + 0% kernel
06-03 07:13:52.194 E/ActivityManager( 2160):  +0% 2711/getprop: 0% user + 0% kernel
06-03 07:13:52.194 E/ActivityManager( 2160):  +0% 2714/getprop: 0% user + 0% kernel
06-03 07:13:52.194 E/ActivityManager( 2160): 100% TOTAL: 35% user + 63% kernel + 0.4% softirq
06-03 07:13:52.194 E/ActivityManager( 2160): CPU usage from 29986ms to 32383ms later (2020-06-03 07:13:47.295 to 2020-06-03 07:13:49.588) with 104% awake:
06-03 07:13:52.194 E/ActivityManager( 2160):   112% 1326/surfaceflinger: 43% user + 68% kernel
06-03 07:13:52.194 E/ActivityManager( 2160):     52% 1326/surfaceflinger: 26% user + 26% kernel
06-03 07:13:52.194 E/ActivityManager( 2160):     33% 1631/EventThread: 6.6% user + 26% kernel
06-03 07:13:52.194 E/ActivityManager( 2160):     22% 1590/DispSync: 0% user + 22% kernel
06-03 07:13:52.194 E/ActivityManager( 2160):     6.1% 1630/POSIX timer 1: 0% user + 6.1% kernel
06-03 07:13:52.194 E/ActivityManager( 2160):     2.2% 1628/POSIX timer 0: 0% user + 2.2% kernel
06-03 07:13:52.194 E/ActivityManager( 2160):     1.7% 1922/Binder:1326_4: 0% user + 1.7% kernel
06-03 07:13:52.194 E/ActivityManager( 2160):     1.3% 1629/EventThread: 0.8% user + 0.4% kernel
06-03 07:13:52.194 E/ActivityManager( 2160):     1.3% 2583/Binder:1326_5: 0% user + 1.3% kernel
06-03 07:13:52.194 E/ActivityManager( 2160):     0.8% 1587/Binder:1326_1: 0% user + 0.8% kernel
06-03 07:13:52.194 E/ActivityManager( 2160):     0.8% 1912/Binder:1326_3: 0.4% user + 0.4% kernel
06-03 07:13:52.194 E/ActivityManager( 2160):     0.4% 1589/Binder:1326_2: 0% user + 0.4% kernel
06-03 07:13:52.194 E/ActivityManager( 2160):   19% 2160/system_server: 0% user + 19% kernel / faults: 32 minor 1 major
06-03 07:13:52.194 E/ActivityManager( 2160):     9.2% 2195/ActivityManager: 1.2% user + 7.9% kernel
06-03 07:13:52.194 E/ActivityManager( 2160):     2.1% 2177/Binder:2160_1: 0% user + 2.1% kernel
06-03 07:13:52.194 E/ActivityManager( 2160):     2.1% 2178/Binder:2160_2: 0% user + 2.1% kernel
06-03 07:13:52.194 E/ActivityManager( 2160):     1.6% 2435/Binder:2160_4: 0% user + 1.6% kernel
06-03 07:13:52.194 E/ActivityManager( 2160):     1.2% 2436/Binder:2160_5: 0% user + 1.2% kernel
06-03 07:13:52.194 E/ActivityManager( 2160):     1.2% 2634/Binder:2160_6: 0.4% user + 0.8% kernel
06-03 07:13:52.194 E/ActivityManager( 2160):     0.8% 2416/Binder:2160_3: 0% user + 0.8% kernel
06-03 07:13:52.194 E/ActivityManager( 2160):     0.4% 2224/PowerManagerSer: 0% user + 0.4% kernel
06-03 07:13:52.194 E/ActivityManager( 2160):     0.4% 2366/onProviders.ECP: 0% user + 0.4% kernel
06-03 07:13:52.194 E/ActivityManager( 2160):   15% 2396/com.android.systemui: 0% user + 15% kernel / faults: 643 minor 2 major
06-03 07:13:52.194 E/ActivityManager( 2160):     11% 2396/ndroid.systemui: 0% user + 11% kernel
06-03 07:13:52.194 E/ActivityManager( 2160):     4.4% 2415/HeapTaskDaemon: 1.2% user + 3.2% kernel
06-03 07:13:52.194 E/ActivityManager( 2160):     0.4% 2413/FinalizerDaemon: 0% user + 0.4% kernel
06-03 07:13:52.194 E/ActivityManager( 2160):    +0% 2712/ConnectivityThr: 0% user + 0% kernel
06-03 07:13:52.194 E/ActivityManager( 2160):   16% 2616/com.android.settings: 4.9% user + 11% kernel
06-03 07:13:52.194 E/ActivityManager( 2160):     15% 2616/ndroid.settings: 4.9% user + 10% kernel
06-03 07:13:52.194 E/ActivityManager( 2160):   15% 1662/bootanimation: 0% user + 15% kernel
06-03 07:13:52.194 E/ActivityManager( 2160):     15% 1910/BootAnimation: 0% user + 1
06-03 07:13:55.862 W/art     ( 2160): Long monitor contention with owner AsyncTask #2 (2498) at void android.os.MessageQueue.nativeWake(long)(MessageQueue.java:-2) waiters=0 in android.os.Message android.os.MessageQueue.next() for 5.732s
06-03 07:13:55.877 W/art     ( 2160): Long monitor contention with owner AsyncTask #2 (2498) at void android.os.MessageQueue.nativeWake(long)(MessageQueue.java:-2) waiters=1 in boolean android.os.MessageQueue.enqueueMessage(android.os.Message, long) for 3.475s
06-03 07:13:55.891 W/art     ( 2160): Long monitor contention with owner AsyncTask #2 (2498) at void android.os.MessageQueue.nativeWake(long)(MessageQueue.java:-2) waiters=2 in boolean android.os.MessageQueue.isPolling() for 2.829s
06-03 07:13:55.893 W/art     ( 2160): Long monitor contention with owner AsyncTask #2 (2498) at void android.os.MessageQueue.nativeWake(long)(MessageQueue.java:-2) waiters=3 in boolean android.os.MessageQueue.enqueueMessage(android.os.Message, long) for 2.361s
06-03 07:13:55.899 W/art     ( 2160): Long monitor contention with owner AsyncTask #2 (2498) at void android.os.MessageQueue.nativeWake(long)(MessageQueue.java:-2) waiters=4 in boolean android.os.MessageQueue.enqueueMessage(android.os.Message, long) for 872ms
06-03 07:13:55.911 W/art     ( 2160): Long monitor contention with owner watchdog (2587) at void com.android.server.Watchdog.run()(Watchdog.java:356) waiters=0 in void com.android.server.Watchdog$HandlerChecker.run() for 2.850s
06-03 07:13:56.179 W/art     ( 2160): Long monitor contention with owner ActivityManager (2195) at void com.android.server.am.BroadcastQueue.processNextBroadcast(boolean)(BroadcastQueue.java:760) waiters=0 in int com.android.server.am.ActivityManagerService.broadcastIntent(android.app.IApplicationThread, android.content.Intent, java.lang.String, android.content.IIntentReceiver, int, java.lang.String, android.os.Bundle, java.lang.String[], int, android.os.Bundle, boolean, boolean, int) for 3.770s
06-03 07:13:56.238 W/art     ( 2160): Long monitor contention with owner ActivityManager (2195) at void com.android.server.am.BroadcastQueue.processNextBroadcast(boolean)(BroadcastQueue.java:760) waiters=1 in void com.android.server.am.ActivityManagerService.ensureBootCompleted() for 2.992s
06-03 07:13:56.250 W/art     ( 2160): Long monitor contention with owner ActivityManager (2195) at void com.android.server.am.BroadcastQueue.processNextBroadcast(boolean)(BroadcastQueue.java:760) waiters=2 in void com.android.server.am.ActivityManagerService$LocalService.notifyDockedStackMinimizedChanged(boolean) for 2.581s
06-03 07:13:56.252 W/art     ( 2160): Long monitor contention with owner ActivityManager (2195) at void com.android.server.am.BroadcastQueue.processNextBroadcast(boolean)(BroadcastQueue.java:760) waiters=3 in android.content.pm.UserInfo com.android.server.am.UserController.getCurrentUser() for 2.077s
06-03 07:13:56.253 W/art     ( 2160): Long monitor contention with owner ActivityManager (2195) at void com.android.server.am.BroadcastQueue.processNextBroadcast(boolean)(BroadcastQueue.java:760) waiters=4 in void com.android.server.am.ActivityManagerService.monitor() for 341ms
06-03 07:13:56.262 W/art     ( 2160): Long monitor contention with owner ActivityManager (2195) at void com.android.server.am.BroadcastQueue.processNextBroadcast(boolean)(BroadcastQueue.java:760) waiters=5 in java.lang.String com.android.server.am.ActivityManagerService.checkContentProviderAccess(java.lang.String, int) for 123ms
06-03 07:13:56.372 I/Choreographer( 2160): Skipped 189 frames!  The application may be doing too much work on its main thread.
06-03 07:13:56.723 W/art     ( 2160): Long monitor contention with owner android.display (2221) at void com.android.server.wm.WindowManagerService$H.handleMessage(android.os.Message)(WindowManagerService.java:8368) waiters=0 in void com.android.server.wm.WindowManagerService.enableScreenAfterBoot() for 160ms
06-03 07:13:57.138 V/KeyguardServiceDelegate( 2160): *** Keyguard started
06-03 07:13:57.318 W/KeyguardServiceDelegate( 2160): onScreenTurningOn(): no keyguard service!
06-03 07:13:57.353 W/System  ( 2396): ClassLoader referenced unknown path: 
06-03 07:13:57.356 W/System  ( 2396): ClassLoader referenced unknown path: /system/priv-app/Dialer/lib/x86_64
06-03 07:13:57.427 D/ApplicationLoaders( 2396): ignored Vulkan layer search path /system/priv-app/Dialer/lib/x86_64:/system/lib64:/vendor/lib64 for namespace 0x7915b5ca90f0
06-03 07:13:59.316 D/PhoneSwitcherNetworkRequstListener( 2599): got request NetworkRequest [ REQUEST id=1, [ Capabilities: INTERNET&NOT_RESTRICTED&TRUSTED&NOT_VPN] ] with score 0
06-03 07:13:59.551 E/BluetoothAdapter( 2396): Bluetooth binder is null
06-03 07:13:59.577 W/art     ( 2160): Long monitor contention with owner android.ui (2196) at int com.android.server.wm.WindowManagerService.relayoutWindow(com.android.server.wm.Session, android.view.IWindow, int, android.view.WindowManager$LayoutParams, int, int, int, int, android.graphics.Rect, android.graphics.Rect, android.graphics.Rect, android.graphics.Rect, android.graphics.Rect, android.graphics.Rect, android.graphics.Rect, android.content.res.Configuration, android.view.Surface)(WindowManagerService.java:2857) waiters=0 in void com.android.server.wm.WindowManagerService$H.handleMessage(android.os.Message) for 214ms
06-03 07:13:59.678 I/Choreographer( 2160): Skipped 177 frames!  The application may be doing too much work on its main thread.
06-03 07:13:59.697 D/TelephonyDebugService( 2599): TelephonyDebugService()
06-03 07:14:00.011 W/art     ( 2160): Long monitor contention with owner ActivityManager (2195) at void com.android.server.am.BroadcastQueue.processNextBroadcast(boolean)(BroadcastQueue.java:760) waiters=2 in java.lang.String com.android.server.am.ActivityManagerService.checkContentProviderAccess(java.lang.String, int) for 3.747s
06-03 07:14:00.032 D/CarrierConfigLoader( 2599): mHandler: 12 phoneId: 0
06-03 07:14:00.479 W/WindowManager( 2160): Keyguard drawn timeout. Setting mKeyguardDrawComplete
06-03 07:14:00.717 I/CameraManagerGlobal( 2396): Connecting to camera service
06-03 07:14:01.014 V/EmulatedCamera_Camera( 1332): getCameraInfo
06-03 07:14:01.016 V/EmulatedCamera_BaseCamera( 1332): getCameraInfo
06-03 07:14:01.016 I/CameraService( 1332): getCameraCharacteristics: Switching to HAL1 shim implementation...
06-03 07:14:01.017 V/EmulatedCamera_Camera( 1332): getCameraInfo
06-03 07:14:01.033 V/EmulatedCamera_BaseCamera( 1332): getCameraInfo
06-03 07:14:01.036 I/CameraService( 1332): CameraService::connect call (PID -1 "cameraserver", camera ID 0) for HAL version default and Camera API version 1
