06-03 07:11:51.101 E/Hyphenator( 1330): 	... 6 more
06-03 07:11:51.103 E/Hyphenator( 1330): error loading hyphenation /system/usr/hyphen-data/hyph-hr.hyb
06-03 07:11:51.103 E/Hyphenator( 1330): java.io.FileNotFoundException: /system/usr/hyphen-data/hyph-hr.hyb: open failed: ENOENT (No such file or directory)
06-03 07:11:51.103 E/Hyphenator( 1330): 	at libcore.io.IoBridge.open(IoBridge.java:455)
06-03 07:11:51.103 E/Hyphenator( 1330): 	at java.io.RandomAccessFile.<init>(RandomAccessFile.java:247)
06-03 07:11:51.103 E/Hyphenator( 1330): 	at android.text.Hyphenator.loadHyphenator(Hyphenator.java:118)
06-03 07:11:51.103 E/Hyphenator( 1330): 	at android.text.Hyphenator.init(Hyphenator.java:224)
06-03 07:11:51.103 E/Hyphenator( 1330): 	at com.android.internal.os.ZygoteInit.preloadTextResources(ZygoteInit.java:252)
06-03 07:11:51.103 E/Hyphenator( 1330): 	at com.android.internal.os.ZygoteInit.preload(ZygoteInit.java:206)
06-03 07:11:51.103 E/Hyphenator( 1330): 	at com.android.internal.os.ZygoteInit.main(ZygoteInit.java:743)
06-03 07:11:51.103 E/Hyphenator( 1330): Caused by: android.system.ErrnoException: open failed: ENOENT (No such file or directory)
06-03 07:11:51.103 E/Hyphenator( 1330): 	at libcore.io.Posix.open(Native Method)
06-03 07:11:51.103 E/Hyphenator( 1330): 	at libcore.io.BlockGuardOs.open(BlockGuardOs.java:187)
06-03 07:11:51.103 E/Hyphenator( 1330): 	at libcore.io.IoBridge.open(IoBridge.java:441)
06-03 07:11:51.103 E/Hyphenator( 1330): 	... 6 more
06-03 07:11:51.105 E/Hyphenator( 1330): error loading hyphenation /system/usr/hyphen-data/hyph-hu.hyb
06-03 07:11:51.105 E/Hyphenator( 1330): java.io.FileNotFoundException: /system/usr/hyphen-data/hyph-hu.hyb: open failed: ENOENT (No such file or directory)
06-03 07:11:51.105 E/Hyphenator( 1330): 	at libcore.io.IoBridge.open(IoBridge.java:455)
06-03 07:11:51.105 E/Hyphenator( 1330): 	at java.io.RandomAccessFile.<init>(RandomAccessFile.java:247)
06-03 07:11:51.105 E/Hyphenator( 1330): 	at android.text.Hyphenator.loadHyphenator(Hyphenator.java:118)
06-03 07:11:51.105 E/Hyphenator( 1330): 	at android.text.Hyphenator.init(Hyphenator.java:224)
06-03 07:11:51.105 E/Hyphenator( 1330): 	at com.android.internal.os.ZygoteInit.preloadTextResources(ZygoteInit.java:252)
06-03 07:11:51.105 E/Hyphenator( 1330): 	at com.android.internal.os.ZygoteInit.preload(ZygoteInit.java:206)
06-03 07:11:51.105 E/Hyphenator( 1330): 	at com.android.internal.os.ZygoteInit.main(ZygoteInit.java:743)
06-03 07:11:51.105 E/Hyphenator( 1330): Caused by: android.system.ErrnoException: open failed: ENOENT (No such file or directory)
06-03 07:11:51.105 E/Hyphenator( 1330): 	at libcore.io.Posix.open(Native Method)
06-03 07:11:51.105 E/Hyphenator( 1330): 	at libcore.io.BlockGuardOs.open(BlockGuardOs.java:187)
06-03 07:11:51.105 E/Hyphenator( 1330): 	at libcore.io.IoBridge.open(IoBridge.java:441)
06-03 07:11:51.105 E/Hyphenator( 1330): 	... 6 more
06-03 07:11:51.107 E/Hyphenator( 1330): error loading hyphenation /system/usr/hyphen-data/hyph-hy.hyb
06-03 07:11:51.107 E/Hyphenator( 1330): java.io.FileNotFoundException: /system/usr/hyphen-data/hyph-hy.hyb: open failed: ENOENT (No such file or directory)
06-03 07:11:51.107 E/Hyphenator( 1330): 	at libcore.io.IoBridge.open(IoBridge.java:455)
06-03 07:11:51.107 E/Hyphenator( 1330): 	at java.io.RandomAccessFile.<init>(RandomAccessFile.java:247)
06-03 07:11:51.107 E/Hyphenator( 1330): 	at android.text.Hyphenator.loadHyphenator(Hyphenator.java:118)
06-03 07:11:51.107 E/Hyphenator( 1330): 	at android.text.Hyphenator.init(Hyphenator.java:224)
06-03 07:11:51.107 E/Hyphenator( 1330): 	at com.android.internal.os.ZygoteInit.preloadTextResources(ZygoteInit.java:252)
06-03 07:11:51.107 E/Hyphenator( 1330): 	at com.android.internal.os.ZygoteInit.preload(ZygoteInit.java:206)
06-03 07:11:51.107 E/Hyphenator( 1330): 	at com.android.internal.os.ZygoteInit.main(ZygoteInit.java:743)
06-03 07:11:51.107 E/Hyphenator( 1330): Caused by: android.system.ErrnoException: open failed: ENOENT (No such file or directory)
06-03 07:11:51.107 E/Hyphenator( 1330): 	at libcore.io.Posix.open(Native Method)
06-03 07:11:51.107 E/Hyphenator( 1330): 	at libcore.io.BlockGuardOs.open(BlockGuardOs.java:187)
06-03 07:11:51.107 E/Hyphenator( 1330): 	at libcore.io.IoBridge.open(IoBridge.java:441)
06-03 07:11:51.107 E/Hyphenator( 1330): 	... 6 more
06-03 07:11:51.109 E/Hyphenator( 1330): error loading hyphenation /system/usr/hyphen-data/hyph-kn.hyb
06-03 07:11:51.109 E/Hyphenator( 1330): java.io.FileNotFoundException: /system/usr/hyphen-data/hyph-kn.hyb: open failed: ENOENT (No such file or directory)
06-03 07:11:51.109 E/Hyphenator( 1330): 	at libcore.io.IoBridge.open(IoBridge.java:455)
06-03 07:11:51.109 E/Hyphenator( 1330): 	at java.io.RandomAccessFile.<init>(RandomAccessFile.java:247)
06-03 07:11:51.109 E/Hyphenator( 1330): 	at android.text.Hyphenator.loadHyphenator(Hyphenator.java:118)
06-03 07:11:51.109 E/Hyphenator( 1330): 	at android.text.Hyphenator.init(Hyphenator.java:224)
06-03 07:11:51.109 E/Hyphenator( 1330): 	at com.android.internal.os.ZygoteInit.preloadTextResources(ZygoteInit.java:252)
06-03 07:11:51.109 E/Hyphenator( 1330): 	at com.android.internal.os.ZygoteInit.preload(ZygoteInit.java:206)
06-03 07:11:51.109 E/Hyphenator( 1330): 	at com.android.internal.os.ZygoteInit.main(ZygoteInit.java:743)
06-03 07:11:51.109 E/Hyphenator( 1330): Caused by: android.system.ErrnoException: open failed: ENOENT (No such file or directory)
06-03 07:11:51.109 E/Hyphenator( 1330): 	at libcore.io.Posix.open(Native Method)
06-03 07:11:51.109 E/Hyphenator( 1330): 	at libcore.io.BlockGuardOs.open(BlockGuardOs.java:187)
06-03 07:11:51.109 E/Hyphenator( 1330): 	at libcore.io.IoBridge.open(IoBridge.java:441)
06-03 07:11:51.109 E/Hyphenator( 1330): 	... 6 more
06-03 07:11:51.141 E/Hyphenator( 1330): error loading hyphenation /system/usr/hyphen-data/hyph-ml.hyb
06-03 07:11:51.141 E/Hyphenator( 1330): java.io.FileNotFoundException: /system/usr/hyphen-data/hyph-ml.hyb: open failed: ENOENT (No such file or directory)
06-03 07:11:51.141 E/Hyphenator( 1330): 	at libcore.io.IoBridge.open(IoBridge.java:455)
06-03 07:11:51.141 E/Hyphenator( 1330): 	at java.io.RandomAccessFile.<init>(RandomAccessFile.java:247)
06-03 07:11:51.141 E/Hyphenator( 1330): 	at android.text.Hyphenator.loadHyphenator(Hyphenator.java:118)
06-03 07:11:51.141 E/Hyphenator( 1330): 	at android.text.Hyphenator.init(Hyphenator.java:224)
06-03 07:11:51.141 E/Hyphenator( 1330): 	at com.android.internal.os.ZygoteInit.preloadTextResources(ZygoteInit.java:252)
06-03 07:11:51.141 E/Hyphenator( 1330): 	at com.android.internal.os.ZygoteInit.preload(ZygoteInit.java:206)
06-03 07:11:51.141 E/Hyphenator( 1330): 	at com.android.internal.os.ZygoteInit.main(ZygoteInit.java:743)
06-03 07:11:51.141 E/Hyphenator( 1330): Caused by: android.system.ErrnoException: open failed: ENOENT (No such file or directory)
06-03 07:11:51.141 E/Hyphenator( 1330): 	at libcore.io.Posix.open(Native Method)
06-03 07:11:51.141 E/Hyphenator( 1330): 	at libcore.io.BlockGuardOs.open(BlockGuardOs.java:187)
06-03 07:11:51.141 E/Hyphenator( 1330): 	at libcore.io.IoBridge.open(IoBridge.java:441)
06-03 07:11:51.141 E/Hyphenator( 1330): 	... 6 more
06-03 07:11:51.143 E/Hyphenator( 1330): error loading hyphenation /system/usr/hyphen-data/hyph-mn-cyrl.hyb
06-03 07:11:51.143 E/Hyphenator( 1330): java.io.FileNotFoundException: /system/usr/hyphen-data/hyph-mn-cyrl.hyb: open failed: ENOENT (No such file or directory)
06-03 07:11:51.143 E/Hyphenator( 1330): 	at libcore.io.IoBridge.open(IoBridge.java:455)
06-03 07:11:51.143 E/Hyphenator( 1330): 	at java.io.RandomAccessFile.<init>(RandomAccessFile.java:247)
06-03 07:11:51.143 E/Hyphenator( 1330): 	at android.text.Hyphenator.loadHyphenator(Hyphenator.java:118)
06-03 07:11:51.143 E/Hyphenator( 1330): 	at android.text.Hyphenator.init(Hyphenator.java:224)
06-03 07:11:51.143 E/Hyphenator( 1330): 	at com.android.internal.os.ZygoteInit.preloadTextResources(ZygoteInit.java:252)
06-03 07:11:51.143 E/Hyphenator( 1330): 	at com.android.internal.os.ZygoteInit.preload(ZygoteInit.java:206)
06-03 07:11:51.143 E/Hyphenator( 1330): 	at com.android.internal.os.ZygoteInit.main(ZygoteInit.java:743)
06-03 07:11:51.143 E/Hyphenator( 1330): Caused by: android.system.ErrnoException: open failed: ENOENT (No such file or directory)
06-03 07:11:51.143 E/Hyphenator( 1330): 	at libcore.io.Posix.open(Native Method)
06-03 07:11:51.143 E/Hyphenator( 1330): 	at libcore.io.BlockGuardOs.open(BlockGuardOs.java:187)
06-03 07:11:51.143 E/Hyphenator( 1330): 	at libcore.io.IoBridge.open(IoBridge.java:441)
06-03 07:11:51.143 E/Hyphenator( 1330): 	... 6 more
06-03 07:11:51.145 E/Hyphenator( 1330): error loading hyphenation /system/usr/hyphen-data/hyph-mr.hyb
06-03 07:11:51.145 E/Hyphenator( 1330): java.io.FileNotFoundException: /system/usr/hyphen-data/hyph-mr.hyb: open failed: ENOENT (No such file or directory)
06-03 07:11:51.145 E/Hyphenator( 1330): 	at libcore.io.IoBridge.open(IoBridge.java:455)
06-03 07:11:51.145 E/Hyphenator( 1330): 	at java.io.RandomAccessFile.<init>(RandomAccessFile.java:247)
06-03 07:11:51.145 E/Hyphenator( 1330): 	at android.text.Hyphenator.loadHyphenator(Hyphenator.java:118)
06-03 07:11:51.145 E/Hyphenator( 1330): 	at android.text.Hyphenator.init(Hyphenator.java:224)
06-03 07:11:51.145 E/Hyphenator( 1330): 	at com.android.internal.os.ZygoteInit.preloadTextResources(ZygoteInit.java:252)
06-03 07:11:51.145 E/Hyphenator( 1330): 	at com.android.internal.os.ZygoteInit.preload(ZygoteInit.java:206)
06-03 07:11:51.145 E/Hyphenator( 1330): 	at com.android.internal.os.ZygoteInit.main(ZygoteInit.java:743)
06-03 07:11:51.145 E/Hyphenator( 1330): Caused by: android.system.ErrnoException: open failed: ENOENT (No such file or directory)
06-03 07:11:51.145 E/Hyphenator( 1330): 	at libcore.io.Posix.open(Native Method)
06-03 07:11:51.145 E/Hyphenator( 1330): 	at libcore.io.BlockGuardOs.open(BlockGuardOs.java:187)
06-03 07:11:51.145 E/Hyphenator( 1330): 	at libcore.io.IoBridge.open(IoBridge.java:441)
06-03 07:11:51.145 E/Hyphenator( 1330): 	... 6 more
06-03 07:11:51.147 E/Hyphenator( 1330): error loading hyphenation /system/usr/hyphen-data/hyph-nb.hyb
06-03 07:11:51.147 E/Hyphenator( 1330): java.io.FileNotFoundException: /system/usr/hyphen-data/hyph-nb.hyb: open failed: ENOENT (No such file or directory)
06-03 07:11:51.147 E/Hyphenator( 1330): 	at libcore.io.IoBridge.open(IoBridge.java:455)
06-03 07:11:51.147 E/Hyphenator( 1330): 	at java.io.RandomAccessFile.<init>(RandomAccessFile.java:247)
06-03 07:11:51.147 E/Hyphenator( 1330): 	at android.text.Hyphenator.loadHyphenator(Hyphenator.java:118)
06-03 07:11:51.147 E/Hyphenator( 1330): 	at android.text.Hyphenator.init(Hyphenator.java:224)
06-03 07:11:51.147 E/Hyphenator( 1330): 	at com.android.internal.os.ZygoteInit.preloadTextResources(ZygoteInit.java:252)
06-03 07:11:51.147 E/Hyphenator( 1330): 	at com.android.internal.os.ZygoteInit.preload(ZygoteInit.java:206)
06-03 07:11:51.147 E/Hyphenator( 1330): 	at com.android.internal.os.ZygoteInit.main(ZygoteInit.java:743)
06-03 07:11:51.147 E/Hyphenator( 1330): Caused by: android.system.ErrnoException: open failed: ENOENT (No such file or directory)
06-03 07:11:51.147 E/Hyphenator( 1330): 	at libcore.io.Posix.open(Native Method)
06-03 07:11:51.147 E/Hyphenator( 1330): 	at libcore.io.BlockGuardOs.open(BlockGuardOs.java:187)
06-03 07:11:51.147 E/Hyphenator( 1330): 	at libcore.io.IoBridge.open(IoBridge.java:441)
06-03 07:11:51.147 E/Hyphenator( 1330): 	... 6 more
06-03 07:11:51.149 E/Hyphenator( 1330): error loading hyphenation /system/usr/hyphen-data/hyph-nn.hyb
06-03 07:11:51.149 E/Hyphenator( 1330): java.io.FileNotFoundException: /system/usr/hyphen-data/hyph-nn.hyb: open failed: ENOENT (No such file or directory)
06-03 07:11:51.149 E/Hyphenator( 1330): 	at libcore.io.IoBridge.open(IoBridge.java:455)
06-03 07:11:51.149 E/Hyphenator( 1330): 	at java.io.RandomAccessFile.<init>(RandomAccessFile.java:247)
06-03 07:11:51.149 E/Hyphenator( 1330): 	at android.text.Hyphenator.loadHyphenator(Hyphenator.java:118)
06-03 07:11:51.149 E/Hyphenator( 1330): 	at android.text.Hyphenator.init(Hyphenator.java:224)
06-03 07:11:51.149 E/Hyphenator( 1330): 	at com.android.internal.os.ZygoteInit.preloadTextResources(ZygoteInit.java:252)
06-03 07:11:51.149 E/Hyphenator( 1330): 	at com.android.internal.os.ZygoteInit.preload(ZygoteInit.java:206)
06-03 07:11:51.149 E/Hyphenator( 1330): 	at com.android.internal.os.ZygoteInit.main(ZygoteInit.java:743)
06-03 07:11:51.149 E/Hyphenator( 1330): Caused by: android.system.ErrnoException: open failed: ENOENT (No such file or directory)
06-03 07:11:51.149 E/Hyphenator( 1330): 	at libcore.io.Posix.open(Native Method)
06-03 07:11:51.149 E/Hyphenator( 1330): 	at libcore.io.BlockGuardOs.open(BlockGuardOs.java:187)
06-03 07:11:51.149 E/Hyphenator( 1330): 	at libcore.io.IoBridge.open(IoBridge.java:441)
06-03 07:11:51.149 E/Hyphenator( 1330): 	... 6 more
06-03 07:11:51.202 E/Hyphenator( 1330): error loading hyphenation /system/usr/hyphen-data/hyph-or.hyb
06-03 07:11:51.202 E/Hyphenator( 1330): java.io.FileNotFoundException: /system/usr/hyphen-data/hyph-or.hyb: open failed: ENOENT (No such file or directory)
06-03 07:11:51.202 E/Hyphenator( 1330): 	at libcore.io.IoBridge.open(IoBridge.java:455)
06-03 07:11:51.202 E/Hyphenator( 1330): 	at java.io.RandomAccessFile.<init>(RandomAccessFile.java:247)
06-03 07:11:51.202 E/Hyphenator( 1330): 	at android.text.Hyphenator.loadHyphenator(Hyphenator.java:118)
06-03 07:11:51.202 E/Hyphenator( 1330): 	at android.text.Hyphenator.init(Hyphenator.java:224)
06-03 07:11:51.202 E/Hyphenator( 1330): 	at com.android.internal.os.ZygoteInit.preloadTextResources(ZygoteInit.java:252)
06-03 07:11:51.202 E/Hyphenator( 1330): 	at com.android.internal.os.ZygoteInit.preload(ZygoteInit.java:206)
06-03 07:11:51.202 E/Hyphenator( 1330): 	at com.android.internal.os.ZygoteInit.main(ZygoteInit.java:743)
06-03 07:11:51.202 E/Hyphenator( 1330): Caused by: android.system.ErrnoException: open failed: ENOENT (No such file or directory)
06-03 07:11:51.202 E/Hyphenator( 1330): 	at libcore.io.Posix.open(Native Method)
06-03 07:11:51.202 E/Hyphenator( 1330): 	at libcore.io.BlockGuardOs.open(BlockGuardOs.java:187)
06-03 07:11:51.202 E/Hyphenator( 1330): 	at libcore.io.IoBridge.open(IoBridge.java:441)
06-03 07:11:51.202 E/Hyphenator( 1330): 	... 6 more
06-03 07:11:51.204 E/Hyphenator( 1330): error loading hyphenation /system/usr/hyphen-data/hyph-pa.hyb
06-03 07:11:51.204 E/Hyphenator( 1330): java.io.FileNotFoundException: /system/usr/hyphen-data/hyph-pa.hyb: open failed: ENOENT (No such file or directory)
06-03 07:11:51.204 E/Hyphenator( 1330): 	at libcore.io.IoBridge.open(IoBridge.java:455)
06-03 07:11:51.204 E/Hyphenator( 1330): 	at java.io.RandomAccessFile.<init>(RandomAccessFile.java:247)
06-03 07:11:51.204 E/Hyphenator( 1330): 	at android.text.Hyphenator.loadHyphenator(Hyphenator.java:118)
06-03 07:11:51.204 E/Hyphenator( 1330): 	at android.text.Hyphenator.init(Hyphenator.java:224)
06-03 07:11:51.204 E/Hyphenator( 1330): 	at com.android.internal.os.ZygoteInit.preloadTextResources(ZygoteInit.java:252)
06-03 07:11:51.204 E/Hyphenator( 1330): 	at com.android.internal.os.ZygoteInit.preload(ZygoteInit.java:206)
06-03 07:11:51.204 E/Hyphenator( 1330): 	at com.android.internal.os.ZygoteInit.main(ZygoteInit.java:743)
06-03 07:11:51.204 E/Hyphenator( 1330): Caused by: android.system.ErrnoException: open failed: ENOENT (No such file or directory)
06-03 07:11:51.204 E/Hyphenator( 1330): 	at libcore.io.Posix.open(Native Method)
06-03 07:11:51.204 E/Hyphenator( 1330): 	at libcore.io.BlockGuardOs.open(BlockGuardOs.java:187)
06-03 07:11:51.204 E/Hyphenator( 1330): 	at libcore.io.IoBridge.open(IoBridge.java:441)
06-03 07:11:51.204 E/Hyphenator( 1330): 	... 6 more
06-03 07:11:51.206 E/Hyphenator( 1330): error loading hyphenation /system/usr/hyphen-data/hyph-pt.hyb
06-03 07:11:51.206 E/Hyphenator( 1330): java.io.FileNotFoundException: /system/usr/hyphen-data/hyph-pt.hyb: open failed: ENOENT (No such file or directory)
06-03 07:11:51.206 E/Hyphenator( 1330): 	at libcore.io.IoBridge.open(IoBridge.java:455)
06-03 07:11:51.206 E/Hyphenator( 1330): 	at java.io.RandomAccessFile.<init>(RandomAccessFile.java:247)
06-03 07:11:51.206 E/Hyphenator( 1330): 	at android.text.Hyphenator.loadHyphenator(Hyphenator.java:118)
06-03 07:11:51.206 E/Hyphenator( 1330): 	at android.text.Hyphenator.init(Hyphenator.java:224)
06-03 07:11:51.206 E/Hyphenator( 1330): 	at com.android.internal.os.ZygoteInit.preloadTextResources(ZygoteInit.java:252)
06-03 07:11:51.206 E/Hyphenator( 1330): 	at com.android.internal.os.ZygoteInit.preload(ZygoteInit.java:206)
06-03 07:11:51.206 E/Hyphenator( 1330): 	at com.android.internal.os.ZygoteInit.main(ZygoteInit.java:743)
06-03 07:11:51.206 E/Hyphenator( 1330): Caused by: android.system.ErrnoException: open failed: ENOENT (No such file or directory)
06-03 07:11:51.206 E/Hyphenator( 1330): 	at libcore.io.Posix.open(Native Method)
06-03 07:11:51.206 E/Hyphenator( 1330): 	at libcore.io.BlockGuardOs.open(BlockGuardOs.java:187)
06-03 07:11:51.206 E/Hyphenator( 1330): 	at libcore.io.IoBridge.open(IoBridge.java:441)
06-03 07:11:51.206 E/Hyphenator( 1330): 	... 6 more
06-03 07:11:51.208 E/Hyphenator( 1330): error loading hyphenation /system/usr/hyphen-data/hyph-sl.hyb
06-03 07:11:51.208 E/Hyphenator( 1330): java.io.FileNotFoundException: /system/usr/hyphen-data/hyph-sl.hyb: open failed: ENOENT (No such file or directory)
06-03 07:11:51.208 E/Hyphenator( 1330): 	at libcore.io.IoBridge.open(IoBridge.java:455)
06-03 07:11:51.208 E/Hyphenator( 1330): 	at java.io.RandomAccessFile.<init>(RandomAccessFile.java:247)
06-03 07:11:51.208 E/Hyphenator( 1330): 	at android.text.Hyphenator.loadHyphenator(Hyphenator.java:118)
06-03 07:11:51.208 E/Hyphenator( 1330): 	at android.text.Hyphenator.init(Hyphenator.java:224)
06-03 07:11:51.208 E/Hyphenator( 1330): 	at com.android.internal.os.ZygoteInit.preloadTextResources(ZygoteInit.java:252)
06-03 07:11:51.208 E/Hyphenator( 1330): 	at com.android.internal.os.ZygoteInit.preload(ZygoteInit.java:206)
06-03 07:11:51.208 E/Hyphenator( 1330): 	at com.android.internal.os.ZygoteInit.main(ZygoteInit.java:743)
06-03 07:11:51.208 E/Hyphenator( 1330): Caused by: android.system.ErrnoException: open failed: ENOENT (No such file or directory)
06-03 07:11:51.208 E/Hyphenator( 1330): 	at libcore.io.Posix.open(Native Method)
06-03 07:11:51.208 E/Hyphenator( 1330): 	at libcore.io.BlockGuardOs.open(BlockGuardOs.java:187)
06-03 07:11:51.208 E/Hyphenator( 1330): 	at libcore.io.IoBridge.open(IoBridge.java:441)
06-03 07:11:51.208 E/Hyphenator( 1330): 	... 6 more
06-03 07:11:51.262 E/Hyphenator( 1330): error loading hyphenation /system/usr/hyphen-data/hyph-ta.hyb
06-03 07:11:51.262 E/Hyphenator( 1330): java.io.FileNotFoundException: /system/usr/hyphen-data/hyph-ta.hyb: open failed: ENOENT (No such file or directory)
06-03 07:11:51.262 E/Hyphenator( 1330): 	at libcore.io.IoBridge.open(IoBridge.java:455)
06-03 07:11:51.262 E/Hyphenator( 1330): 	at java.io.RandomAccessFile.<init>(RandomAccessFile.java:247)
06-03 07:11:51.262 E/Hyphenator( 1330): 	at android.text.Hyphenator.loadHyphenator(Hyphenator.java:118)
06-03 07:11:51.262 E/Hyphenator( 1330): 	at android.text.Hyphenator.init(Hyphenator.java:224)
06-03 07:11:51.262 E/Hyphenator( 1330): 	at com.android.internal.os.ZygoteInit.preloadTextResources(ZygoteInit.java:252)
06-03 07:11:51.262 E/Hyphenator( 1330): 	at com.android.internal.os.ZygoteInit.preload(ZygoteInit.java:206)
06-03 07:11:51.262 E/Hyphenator( 1330): 	at com.android.internal.os.ZygoteInit.main(ZygoteInit.java:743)
06-03 07:11:51.262 E/Hyphenator( 1330): Caused by: android.system.ErrnoException: open failed: ENOENT (No such file or directory)
06-03 07:11:51.262 E/Hyphenator( 1330): 	at libcore.io.Posix.open(Native Method)
06-03 07:11:51.262 E/Hyphenator( 1330): 	at libcore.io.BlockGuardOs.open(BlockGuardOs.java:187)
06-03 07:11:51.262 E/Hyphenator( 1330): 	at libcore.io.IoBridge.open(IoBridge.java:441)
06-03 07:11:51.262 E/Hyphenator( 1330): 	... 6 more
06-03 07:11:51.264 E/Hyphenator( 1330): error loading hyphenation /system/usr/hyphen-data/hyph-te.hyb
06-03 07:11:51.264 E/Hyphenator( 1330): java.io.FileNotFoundException: /system/usr/hyphen-data/hyph-te.hyb: open failed: ENOENT (No such file or directory)
06-03 07:11:51.264 E/Hyphenator( 1330): 	at libcore.io.IoBridge.open(IoBridge.java:455)
06-03 07:11:51.264 E/Hyphenator( 1330): 	at java.io.RandomAccessFile.<init>(RandomAccessFile.java:247)
06-03 07:11:51.264 E/Hyphenator( 1330): 	at android.text.Hyphenator.loadHyphenator(Hyphenator.java:118)
06-03 07:11:51.264 E/Hyphenator( 1330): 	at android.text.Hyphenator.init(Hyphenator.java:224)
06-03 07:11:51.264 E/Hyphenator( 1330): 	at com.android.internal.os.ZygoteInit.preloadTextResources(ZygoteInit.java:252)
06-03 07:11:51.264 E/Hyphenator( 1330): 	at com.android.internal.os.ZygoteInit.preload(ZygoteInit.java:206)
06-03 07:11:51.264 E/Hyphenator( 1330): 	at com.android.internal.os.ZygoteInit.main(ZygoteInit.java:743)
06-03 07:11:51.264 E/Hyphenator( 1330): Caused by: android.system.ErrnoException: open failed: ENOENT (No such file or directory)
06-03 07:11:51.264 E/Hyphenator( 1330): 	at libcore.io.Posix.open(Native Method)
06-03 07:11:51.264 E/Hyphenator( 1330): 	at libcore.io.BlockGuardOs.open(BlockGuardOs.java:187)
06-03 07:11:51.264 E/Hyphenator( 1330): 	at libcore.io.IoBridge.open(IoBridge.java:441)
06-03 07:11:51.264 E/Hyphenator( 1330): 	... 6 more
06-03 07:11:51.266 E/Hyphenator( 1330): error loading hyphenation /system/usr/hyphen-data/hyph-tk.hyb
06-03 07:11:51.266 E/Hyphenator( 1330): java.io.FileNotFoundException: /system/usr/hyphen-data/hyph-tk.hyb: open failed: ENOENT (No such file or directory)
06-03 07:11:51.266 E/Hyphenator( 1330): 	at libcore.io.IoBridge.open(IoBridge.java:455)
06-03 07:11:51.266 E/Hyphenator( 1330): 	at java.io.RandomAccessFile.<init>(RandomAccessFile.java:247)
06-03 07:11:51.266 E/Hyphenator( 1330): 	at android.text.Hyphenator.loadHyphenator(Hyphenator.java:118)
06-03 07:11:51.266 E/Hyphenator( 1330): 	at android.text.Hyphenator.init(Hyphenator.java:224)
06-03 07:11:51.266 E/Hyphenator( 1330): 	at com.android.internal.os.ZygoteInit.preloadTextResources(ZygoteInit.java:252)
06-03 07:11:51.266 E/Hyphenator( 1330): 	at com.android.internal.os.ZygoteInit.preload(ZygoteInit.java:206)
06-03 07:11:51.266 E/Hyphenator( 1330): 	at com.android.internal.os.ZygoteInit.main(ZygoteInit.java:743)
06-03 07:11:51.266 E/Hyphenator( 1330): Caused by: android.system.ErrnoException: open failed: ENOENT (No such file or directory)
06-03 07:11:51.266 E/Hyphenator( 1330): 	at libcore.io.Posix.open(Native Method)
06-03 07:11:51.266 E/Hyphenator( 1330): 	at libcore.io.BlockGuardOs.open(BlockGuardOs.java:187)
06-03 07:11:51.266 E/Hyphenator( 1330): 	at libcore.io.IoBridge.open(IoBridge.java:441)
06-03 07:11:51.266 E/Hyphenator( 1330): 	... 6 more
06-03 07:11:51.268 E/Hyphenator( 1330): error loading hyphenation /system/usr/hyphen-data/hyph-und-ethi.hyb
06-03 07:11:51.268 E/Hyphenator( 1330): java.io.FileNotFoundException: /system/usr/hyphen-data/hyph-und-ethi.hyb: open failed: ENOENT (No such file or directory)
06-03 07:11:51.268 E/Hyphenator( 1330): 	at libcore.io.IoBridge.open(IoBridge.java:455)
06-03 07:11:51.268 E/Hyphenator( 1330): 	at java.io.RandomAccessFile.<init>(RandomAccessFile.java:247)
06-03 07:11:51.268 E/Hyphenator( 1330): 	at android.text.Hyphenator.loadHyphenator(Hyphenator.java:118)
06-03 07:11:51.268 E/Hyphenator( 1330): 	at android.text.Hyphenator.init(Hyphenator.java:224)
06-03 07:11:51.268 E/Hyphenator( 1330): 	at com.android.internal.os.ZygoteInit.preloadTextResources(ZygoteInit.java:252)
06-03 07:11:51.268 E/Hyphenator( 1330): 	at com.android.internal.os.ZygoteInit.preload(ZygoteInit.java:206)
06-03 07:11:51.268 E/Hyphenator( 1330): 	at com.android.internal.os.ZygoteInit.main(ZygoteInit.java:743)
06-03 07:11:51.268 E/Hyphenator( 1330): Caused by: android.system.ErrnoException: open failed: ENOENT (No such file or directory)
06-03 07:11:51.268 E/Hyphenator( 1330): 	at libcore.io.Posix.open(Native Method)
06-03 07:11:51.268 E/Hyphenator( 1330): 	at libcore.io.BlockGuardOs.open(BlockGuardOs.java:187)
06-03 07:11:51.268 E/Hyphenator( 1330): 	at libcore.io.IoBridge.open(IoBridge.java:441)
06-03 07:11:51.268 E/Hyphenator( 1330): 	... 6 more
06-03 07:11:51.465 I/Zygote  ( 1329): Uninstalled ICU cache reference pinning...
06-03 07:11:51.561 I/Zygote  ( 1329): Installed AndroidKeyStoreProvider in 96ms.
06-03 07:11:52.196 I/Zygote  ( 1330): Uninstalled ICU cache reference pinning...
06-03 07:11:52.321 I/Zygote  ( 1330): Installed AndroidKeyStoreProvider in 125ms.
06-03 07:11:52.426 I/Zygote  ( 1329): Warmed up JCA providers in 865ms.
06-03 07:11:52.426 D/Zygote  ( 1329): end preload
06-03 07:11:52.427 I/art     ( 1329): Starting a blocking GC Explicit
06-03 07:11:52.761 I/art     ( 1329): Explicit concurrent mark sweep GC freed 14524(1135KB) AllocSpace objects, 0(0B) LOS objects, 39% free, 6MB/10MB, paused 328us total 333.042ms
06-03 07:11:52.783 I/art     ( 1329): Starting a blocking GC Explicit
06-03 07:11:52.962 I/art     ( 1329): Explicit concurrent mark sweep GC freed 696(25KB) AllocSpace objects, 2(116KB) LOS objects, 39% free, 6MB/10MB, paused 283us total 176.777ms
06-03 07:11:53.051 I/art     ( 1329): Starting a blocking GC HeapTrim
06-03 07:11:53.090 W/art     ( 1330): Suspending all threads took: 37.395ms
06-03 07:11:53.105 I/art     ( 1329): Starting a blocking GC Background
06-03 07:11:53.214 I/art     ( 1330): Background sticky concurrent mark sweep GC freed 13945(1091KB) AllocSpace objects, 3(120KB) LOS objects, 16% free, 6MB/7MB, paused 99.683ms total 473.024ms
06-03 07:11:53.419 I/art     ( 1329): Background concurrent mark sweep GC freed 89(3KB) AllocSpace objects, 0(0B) LOS objects, 39% free, 6MB/10MB, paused 245us total 173.786ms
06-03 07:11:53.525 I/Zygote  ( 1330): Warmed up JCA providers in 1204ms.
06-03 07:11:53.525 D/Zygote  ( 1330): end preload
06-03 07:11:53.526 I/art     ( 1330): Starting a blocking GC Explicit
06-03 07:11:53.984 I/art     ( 1330): Explicit concurrent mark sweep GC freed 3793(181KB) AllocSpace objects, 4(164KB) LOS objects, 39% free, 6MB/10MB, paused 460us total 455.561ms
06-03 07:11:54.033 I/art     ( 1330): Starting a blocking GC Explicit
06-03 07:11:54.045 I/Zygote  ( 1329): System server process 2160 has been created
06-03 07:11:54.173 I/Zygote  ( 1329): Accepting command socket connections
06-03 07:11:54.411 I/art     ( 1330): Explicit concurrent mark sweep GC freed 64(3KB) AllocSpace objects, 0(0B) LOS objects, 39% free, 6MB/10MB, paused 416us total 344.096ms
06-03 07:11:54.416 I/Zygote  ( 1330): Accepting command socket connections
06-03 07:11:54.543 I/Zygote  ( 2160): Process: zygote socket opened, supported ABIS: x86
06-03 07:11:54.548 I/InstallerConnection( 2160): connecting...
06-03 07:11:54.552 I/        ( 1334): new connection
06-03 07:11:55.181 I/InstallerConnection( 2160): disconnecting...
06-03 07:11:55.190 E/        ( 1334): eof
06-03 07:11:55.190 E/        ( 1334): failed to read size
06-03 07:11:55.190 I/        ( 1334): closing connection
06-03 07:11:56.780 I/SystemServer( 2160): Entered the Android system server!
06-03 07:11:58.802 I/SystemServiceManager( 2160): Starting com.android.server.pm.Installer
06-03 07:11:58.910 I/Installer( 2160): Waiting for installd to be ready.
06-03 07:11:58.911 I/InstallerConnection( 2160): connecting...
06-03 07:11:58.920 I/        ( 1334): new connection
06-03 07:11:58.932 I/SystemServiceManager( 2160): Starting com.android.server.am.ActivityManagerService$Lifecycle
06-03 07:11:59.708 I/ActivityManager( 2160): Memory class: 256
06-03 07:11:59.931 I/ServiceThread( 2160): Enabled StrictMode logging for ActivityManager looper.
06-03 07:12:00.017 I/ServiceThread( 2160): Enabled StrictMode logging for android.ui looper.
06-03 07:12:00.428 D/BatteryStatsImpl( 2160): Reading daily items from /data/system/batterystats-daily.xml
06-03 07:12:02.053 V/NatController( 1353): runCmd(/system/bin/iptables -w -F natctrl_FORWARD) res=0
06-03 07:12:02.366 V/NatController( 1353): runCmd(/system/bin/ip6tables -w -F natctrl_FORWARD) res=0
06-03 07:12:02.591 V/NatController( 1353): runCmd(/system/bin/iptables -w -A natctrl_FORWARD -j DROP) res=0
06-03 07:12:02.771 V/NatController( 1353): runCmd(/system/bin/iptables -w -t nat -F natctrl_nat_POSTROUTING) res=0
06-03 07:12:03.151 V/NatController( 1353): runCmd(/system/bin/ip6tables -w -t raw -F natctrl_raw_PREROUTING) res=0
06-03 07:12:03.680 V/NatController( 1353): runCmd(/system/bin/iptables -w -F natctrl_tether_counters) res=1
06-03 07:12:03.952 W/ProcessCpuTracker( 2160): Skipping unknown process pid 2209
06-03 07:12:04.021 V/NatController( 1353): runCmd(/system/bin/ip6tables -w -F natctrl_tether_counters) res=1
06-03 07:12:04.062 I/IntentFirewall( 2160): Read new rules (A:0 B:0 S:0)
06-03 07:12:04.201 V/NatController( 1353): runCmd(/system/bin/iptables -w -X natctrl_tether_counters) res=1
06-03 07:12:04.343 I/ServiceThread( 2160): Enabled StrictMode logging for android.display looper.
06-03 07:12:04.432 V/NatController( 1353): runCmd(/system/bin/ip6tables -w -X natctrl_tether_counters) res=1
06-03 07:12:04.523 D/AppOps  ( 2160): AppOpsService published
06-03 07:12:04.525 I/SystemServiceManager( 2160): Starting com.android.server.power.PowerManagerService
06-03 07:12:04.641 I/ServiceThread( 2160): Enabled StrictMode logging for PowerManagerService looper.
06-03 07:12:04.655 E/PowerManagerService-JNI( 2160): Couldn't load power module (No such file or directory)
06-03 07:12:04.656 W/libsuspend( 2160): Error writing 'on' to /sys/power/state: Invalid argument
06-03 07:12:04.657 I/libsuspend( 2160): Selected wakeup count
06-03 07:12:04.804 V/NatController( 1353): runCmd(/system/bin/iptables -w -N natctrl_tether_counters) res=0
06-03 07:12:04.813 I/SystemServiceManager( 2160): Starting com.android.server.lights.LightsService
06-03 07:12:04.841 I/SystemServiceManager( 2160): Starting com.android.server.display.DisplayManagerService
06-03 07:12:04.903 I/SystemServiceManager( 2160): Starting phase 100
06-03 07:12:05.056 E/SurfaceFlinger( 1326): ro.sf.lcd_density must be defined as a build property
06-03 07:12:05.082 V/NatController( 1353): runCmd(/system/bin/ip6tables -w -N natctrl_tether_counters) res=0
06-03 07:12:05.199 I/DisplayManagerService( 2160): Display device added: DisplayDeviceInfo{"Built-in Screen": uniqueId="local:0", 1080 x 1920, modeId 1, defaultModeId 1, supportedModes [{id=1, width=1080, height=1920, fps=60.000004}], colorMode 0, supportedColorModes [0], HdrCapabilities android.view.Display$HdrCapabilities@a69d6308, density 480, 480.0 x 480.0 dpi, appVsyncOff 1000000, presDeadline 16666666, touch INTERNAL, rotation 0, type BUILT_IN, state UNKNOWN, FLAG_DEFAULT_DISPLAY, FLAG_ROTATES_WITH_CONTENT, FLAG_SECURE, FLAG_SUPPORTS_PROTECTED_BUFFERS}
06-03 07:12:05.233 D/SurfaceFlinger( 1326): Set power mode=2, type=0 flinger=0x756155a47000
06-03 07:12:05.233 D/SurfaceFlinger( 1326): Screen type=0 is already mode=2
06-03 07:12:05.236 I/SystemServer( 2160): StartPackageManagerService
06-03 07:12:05.239 I/DisplayManagerService( 2160): Display device changed state: "Built-in Screen", ON
06-03 07:12:05.703 W/SystemConfig( 2160): No directory /system/etc/sysconfig, skipping
06-03 07:12:05.791 V/NatController( 1353): runCmd(/system/bin/iptables -w -t mangle -A natctrl_mangle_FORWARD -p tcp --tcp-flags SYN SYN -j TCPMSS --clamp-mss-to-pmtu) res=0
06-03 07:12:06.179 D/SELinuxMMAC( 2160): Using policy file /system/etc/security/mac_permissions.xml
06-03 07:12:09.180 E/art     ( 2160): DexFile_getDexOptNeeded file '/system/framework/org.apache.http.legacy.jar' does not exist
06-03 07:12:09.182 W/PackageManager( 2160): Library not found: /system/framework/org.apache.http.legacy.jar
06-03 07:12:09.456 E/art     ( 2160): DexFile_getDexOptNeeded file '/system/framework/org.apache.http.legacy.jar' does not exist
06-03 07:12:09.457 W/PackageManager( 2160): Library not found: /system/framework/org.apache.http.legacy.jar
06-03 07:12:09.521 D/PackageManager( 2160): No files in app dir /vendor/overlay
06-03 07:12:10.866 E/Netd    ( 1353): cannot find interface dummy0
06-03 07:12:10.937 W/PackageManager( 2160): Failed to parse /system/framework/oat: Missing base APK in /system/framework/oat
06-03 07:12:10.948 D/MDnsDS  ( 1353): MDnsSdListener::Hander starting up
06-03 07:12:10.963 W/PackageManager( 2160): Failed to parse /system/framework/x86: Missing base APK in /system/framework/x86
06-03 07:12:10.967 W/PackageManager( 2160): Failed to parse /system/framework/x86_64: Missing base APK in /system/framework/x86_64
06-03 07:12:11.022 D/MDnsDS  ( 1353): MDnsSdListener starting to monitor
06-03 07:12:11.022 D/MDnsDS  ( 1353): Going to poll with pollCount 1
06-03 07:12:12.146 W/PackageParser( 2160): No actions in intent filter at /system/priv-app/Contacts/Contacts.apk Binary XML file line #409
06-03 07:12:13.233 W/PackageParser( 2160): No actions in intent filter at /system/priv-app/Dialer/Dialer.apk Binary XML file line #186
06-03 07:12:13.568 W/PackageManager( 2160): Permission android.permission.DOWNLOAD_WITHOUT_NOTIFICATION from package com.android.providers.downloads in an unknown group android.permission-group.NETWORK
06-03 07:12:17.312 W/PackageParser( 2160): Ignoring duplicate uses-permissions/uses-permissions-sdk-m: android.permission.USE_CREDENTIALS in package: com.android.settings at: Binary XML file line #53
06-03 07:12:17.314 W/PackageParser( 2160): Ignoring duplicate uses-permissions/uses-permissions-sdk-m: android.permission.READ_SYNC_SETTINGS in package: com.android.settings at: Binary XML file line #58
06-03 07:12:17.314 W/PackageParser( 2160): Ignoring duplicate uses-permissions/uses-permissions-sdk-m: android.permission.WRITE_SYNC_SETTINGS in package: com.android.settings at: Binary XML file line #59
06-03 07:12:18.575 I/art     ( 2160): Background sticky concurrent mark sweep GC freed 31335(2MB) AllocSpace objects, 24(520KB) LOS objects, 31% free, 6MB/10MB, paused 3.580ms total 385.939ms
06-03 07:12:18.730 W/PackageParser( 2160): Ignoring duplicate uses-permissions/uses-permissions-sdk-m: android.permission.INSTALL_GRANT_RUNTIME_PERMISSIONS in package: com.android.shell at: Binary XML file line #102
06-03 07:12:19.642 W/PackageParser( 2160): Ignoring duplicate uses-permissions/uses-permissions-sdk-m: android.permission.CONFIGURE_WIFI_DISPLAY in package: com.android.systemui at: Binary XML file line #123
06-03 07:12:21.658 W/PackageManager( 2160): Non-privileged app; cap priority to 0; package: com.android.calendar activity: com.android.calendar.GoogleCalendarUriIntentFilter origPrio: 50
06-03 07:12:21.845 W/PackageManager( 2160): Non-privileged app; cap priority to 0; package: com.android.cts.ctsshim activity: com.android.cts.ctsshim.InstallPriority origPrio: 100
06-03 07:12:21.846 W/PackageManager( 2160): Non-privileged app; cap priority to 0; package: com.android.cts.ctsshim activity: com.android.cts.ctsshim.InstallPriority origPrio: 100
06-03 07:12:21.846 W/PackageManager( 2160): Non-privileged app; cap priority to 0; package: com.android.cts.ctsshim activity: com.android.cts.ctsshim.InstallPriority origPrio: 100
06-03 07:12:21.846 W/PackageManager( 2160): Non-privileged app; cap priority to 0; package: com.android.cts.ctsshim activity: com.android.cts.ctsshim.InstallPriority origPrio: 100
06-03 07:12:21.846 W/PackageManager( 2160): Non-privileged app; cap priority to 0; package: com.android.cts.ctsshim activity: com.android.cts.ctsshim.InstallPriority origPrio: 100
06-03 07:12:23.282 W/PackageParser( 2160): Ignoring duplicate uses-permissions/uses-permissions-sdk-m: android.permission.WRITE_CONTACTS in package: com.android.email at: Binary XML file line #40
06-03 07:12:24.386 W/PackageParser( 2160): Unknown element under <application>: permission at /system/app/Gallery2/Gallery2.apk Binary XML file line #238
06-03 07:12:24.387 W/PackageParser( 2160): Unknown element under <application>: permission at /system/app/Gallery2/Gallery2.apk Binary XML file line #241
06-03 07:12:25.549 W/PackageManager( 2160): Permission com.android.launcher3.permission.READ_SETTINGS from package com.android.launcher3 in an unknown group android.permission-group.SYSTEM_TOOLS
06-03 07:12:25.561 W/PackageManager( 2160): Permission com.android.launcher3.permission.WRITE_SETTINGS from package com.android.launcher3 in an unknown group android.permission-group.SYSTEM_TOOLS
06-03 07:12:25.561 W/PackageManager( 2160): Permission com.android.launcher.permission.INSTALL_SHORTCUT from package com.android.launcher3 in an unknown group android.permission-group.SYSTEM_TOOLS
06-03 07:12:28.364 D/PackageManager( 2160): No files in app dir /system/vendor/app
06-03 07:12:28.365 D/PackageManager( 2160): No files in app dir /oem/app
06-03 07:12:29.838 W/PackageParser( 2160): No actions in intent filter at /data/app/ApiDemos/ApiDemos.apk Binary XML file line #3145
06-03 07:12:29.839 W/PackageParser( 2160): No actions in intent filter at /data/app/ApiDemos/ApiDemos.apk Binary XML file line #3151
06-03 07:12:29.942 W/PackageManager( 2160): Package com.example.android.apis desires unavailable shared library com.example.will.never.exist; ignoring!
06-03 07:12:30.008 I/SELinux ( 2160): SELinux: Loaded file_contexts contexts from /file_contexts.bin.
06-03 07:12:31.053 D/PackageManager( 2160): No files in app dir /data/app-private
06-03 07:12:31.060 D/PackageManager( 2160): No files in app dir /data/app-ephemeral
06-03 07:12:31.095 E/PackageManager( 2160): There should probably be exactly one setup wizard; found 0: matches=[]
06-03 07:12:31.096 W/PackageManager( 2160): Protected action; cap priority to 0; package: com.android.cts.priv.ctsshim activity: com.android.cts.priv.ctsshim.InstallPriority origPrio: 100
06-03 07:12:31.096 W/PackageManager( 2160): Protected action; cap priority to 0; package: com.android.cts.priv.ctsshim activity: com.android.cts.priv.ctsshim.InstallPriority origPrio: 100
06-03 07:12:31.096 W/PackageManager( 2160): Protected action; cap priority to 0; package: com.android.cts.priv.ctsshim activity: com.android.cts.priv.ctsshim.InstallPriority origPrio: 100
06-03 07:12:31.096 W/PackageManager( 2160): Protected action; cap priority to 0; package: com.android.cts.priv.ctsshim activity: com.android.cts.priv.ctsshim.InstallPriority origPrio: 100
06-03 07:12:31.096 W/PackageManager( 2160): Protected action; cap priority to 0; package: com.android.packageinstaller activity: com.android.packageinstaller.PackageInstallerActivity origPrio: 1
06-03 07:12:31.097 W/PackageManager( 2160): Package com.android.camera desires unavailable shared library com.google.android.media.effects; ignoring!
06-03 07:12:31.097 W/PackageManager( 2160): Package com.android.gallery3d desires unavailable shared library com.google.android.media.effects; ignoring!
06-03 07:12:31.097 W/PackageManager( 2160): Package com.android.gallery3d desires unavailable shared library com.google.android.media.effects; ignoring!
06-03 07:12:31.097 W/PackageManager( 2160): Package com.example.android.apis desires unavailable shared library com.example.will.never.exist; ignoring!
06-03 07:12:31.098 I/PackageManager( 2160): Adjusting ABI for com.android.providers.downloads.ui to x86_64 (requirer=com.android.mtp, scannedPackage=null)
06-03 07:12:31.118 I/PackageManager( 2160): Adjusting ABI for com.android.providers.downloads to x86_64 (requirer=com.android.mtp, scannedPackage=null)
06-03 07:12:31.142 I/PackageManager( 2160): Adjusting ABI for com.android.providers.media to x86_64 (requirer=com.android.mtp, scannedPackage=null)
06-03 07:12:31.145 I/PackageManager( 2160): Adjusting ABI for com.android.providers.settings to x86_64 (requirer=android, scannedPackage=null)
06-03 07:12:31.148 I/PackageManager( 2160): Adjusting ABI for com.android.wallpaperbackup to x86_64 (requirer=android, scannedPackage=null)
06-03 07:12:31.175 I/PackageManager( 2160): Adjusting ABI for com.android.inputdevices to x86_64 (requirer=android, scannedPackage=null)
06-03 07:12:31.178 I/PackageManager( 2160): Adjusting ABI for com.android.server.telecom to x86_64 (requirer=android, scannedPackage=null)
06-03 07:12:31.202 I/PackageManager( 2160): Adjusting ABI for com.android.location.fused to x86_64 (requirer=android, scannedPackage=null)
06-03 07:12:31.206 I/PackageManager( 2160): Adjusting ABI for com.android.settings to x86_64 (requirer=android, scannedPackage=null)
06-03 07:12:31.209 I/PackageManager( 2160): Adjusting ABI for com.android.keychain to x86_64 (requirer=android, scannedPackage=null)
06-03 07:12:31.253 I/PackageManager( 2160): Time to scan packages: 22.29 seconds
06-03 07:12:31.257 W/PackageManager( 2160): Unknown permission com.google.android.googleapps.permission.GOOGLE_AUTH in package com.android.providers.calendar
06-03 07:12:31.258 W/PackageManager( 2160): Unknown permission com.google.android.googleapps.permission.GOOGLE_AUTH.cl in package com.android.providers.calendar
06-03 07:12:31.260 W/PackageManager( 2160): Not granting permission android.permission.GLOBAL_SEARCH to package com.android.quicksearchbox (protectionLevel=18 flags=0x3808be45)
06-03 07:12:31.272 W/PackageManager( 2160): Not granting permission android.permission.WRITE_EXTERNAL_STORAGE to package gov.nasa.arc.astrobee.android.gs.manager because it was previously installed without
06-03 07:12:31.272 W/PackageManager( 2160): Not granting permission android.permission.READ_EXTERNAL_STORAGE to package gov.nasa.arc.astrobee.android.gs.manager because it was previously installed without
06-03 07:12:31.273 W/PackageManager( 2160): Unknown permission com.android.launcher.permission.READ_SETTINGS in package com.android.launcher3
06-03 07:12:31.273 W/PackageManager( 2160): Unknown permission com.android.launcher.permission.WRITE_SETTINGS in package com.android.launcher3
06-03 07:12:31.273 W/PackageManager( 2160): Not granting permission android.permission.BIND_APPWIDGET to package com.android.launcher3 (protectionLevel=18 flags=0x3c4bbe45)
06-03 07:12:31.274 W/PackageManager( 2160): Unknown permission com.google.android.googleapps.permission.GOOGLE_AUTH.mail in package com.android.calendar
06-03 07:12:31.274 W/PackageManager( 2160): Unknown permission com.google.android.providers.settings.permission.WRITE_GSETTINGS in package com.android.sdksetup
06-03 07:12:31.275 W/PackageManager( 2160): Unknown permission com.google.android.permission.INSTALL_WEARABLE_PACKAGES in package com.android.packageinstaller
06-03 07:12:31.275 W/PackageManager( 2160): Not granting permission android.permission.DELETE_PACKAGES to package com.svox.pico (protectionLevel=18 flags=0x3808be45)
06-03 07:12:31.275 W/PackageManager( 2160): Not granting permission android.permission.READ_CONTACTS to package com.example.android.apis because it was previously installed without
06-03 07:12:31.275 W/PackageManager( 2160): Not granting permission android.permission.WRITE_CONTACTS to package com.example.android.apis because it was previously installed without
06-03 07:12:31.276 W/PackageManager( 2160): Not granting permission android.permission.ACCESS_COARSE_LOCATION to package com.example.android.apis because it was previously installed without
06-03 07:12:31.276 W/PackageManager( 2160): Not granting permission android.permission.WRITE_EXTERNAL_STORAGE to package com.example.android.apis because it was previously installed without
06-03 07:12:31.276 W/PackageManager( 2160): Not granting permission android.permission.SEND_SMS to package com.example.android.apis because it was previously installed without
06-03 07:12:31.276 W/PackageManager( 2160): Not granting permission android.permission.RECEIVE_SMS to package com.example.android.apis because it was previously installed without
06-03 07:12:31.276 W/PackageManager( 2160): Not granting permission android.permission.RECEIVE_MMS to package com.example.android.apis because it was previously installed without
06-03 07:12:31.276 W/PackageManager( 2160): Not granting permission android.permission.READ_SMS to package com.example.android.apis because it was previously installed without
06-03 07:12:31.276 W/PackageManager( 2160): Not granting permission android.permission.READ_PHONE_STATE to package com.example.android.apis because it was previously installed without
06-03 07:12:31.276 W/PackageManager( 2160): Not granting permission android.permission.RECORD_AUDIO to package com.example.android.apis because it was previously installed without
06-03 07:12:31.276 W/PackageManager( 2160): Not granting permission android.permission.CAMERA to package com.example.android.apis because it was previously installed without
06-03 07:12:31.277 W/PackageManager( 2160): Not granting permission android.permission.READ_EXTERNAL_STORAGE to package com.example.android.apis because it was previously installed without
06-03 07:12:31.277 W/PackageManager( 2160): Unknown permission android.permission.RUN_INSTRUMENTATION in package org.chromium.webview_shell
06-03 07:12:31.277 W/PackageManager( 2160): Unknown permission com.google.android.googleapps.permission.GOOGLE_AUTH in package com.android.settings
06-03 07:12:31.278 W/PackageManager( 2160): Unknown permission com.android.launcher.permission.READ_SETTINGS in package com.android.settings
06-03 07:12:31.278 W/PackageManager( 2160): Unknown permission com.android.launcher.permission.WRITE_SETTINGS in package com.android.settings
06-03 07:12:31.279 W/PackageManager( 2160): Unknown permission com.android.smspush.WAPPUSH_MANAGER_BIND in package com.android.phone
06-03 07:12:31.291 W/PackageManager( 2160): Unknown permission com.google.android.googleapps.permission.ACCESS_GOOGLE_PASSWORD in package com.android.development
06-03 07:12:31.291 W/PackageManager( 2160): Unknown permission com.google.android.googleapps.permission.GOOGLE_AUTH in package com.android.development
06-03 07:12:31.292 W/PackageManager( 2160): Unknown permission com.google.android.googleapps.permission.GOOGLE_AUTH.ALL_SERVICES in package com.android.development
06-03 07:12:31.292 W/PackageManager( 2160): Unknown permission com.google.android.googleapps.permission.GOOGLE_AUTH.YouTubeUser in package com.android.development
06-03 07:12:31.292 W/PackageManager( 2160): Not granting permission android.permission.BIND_APPWIDGET to package com.android.widgetpreview (protectionLevel=18 flags=0x3808be44)
06-03 07:12:31.293 V/PackageManager( 2160): reconcileAppsData for null u0 0x3
06-03 07:12:31.429 I/SELinux ( 1334): SELinux: Loaded file_contexts contexts from /file_contexts.bin.
06-03 07:12:36.789 V/PackageManager( 2160): reconcileAppsData finished 81 packages
06-03 07:12:37.314 E/PackageManager( 2160): There should probably be a verifier, but, none were found
06-03 07:12:37.513 D/PackageManager( 2160): Ephemeral resolver NOT found; no matching intent filters
06-03 07:12:37.514 I/PackageManager( 2160): Ephemeral deactivated; missing resolver and installer
06-03 07:12:37.517 I/art     ( 2160): Waiting for a blocking GC Explicit
06-03 07:12:37.618 W/art     ( 2160): Long monitor contention with owner main (2160) at int android.net.LocalSocketImpl.readba_native(byte[], int, int, java.io.FileDescriptor)(LocalSocketImpl.java:-2) waiters=0 in void com.android.server.pm.Settings$RuntimePermissionPersistence.writePermissionsSync(int) for 5.406s
06-03 07:12:37.618 I/art     ( 2160): Background partial concurrent mark sweep GC freed 39248(2MB) AllocSpace objects, 2(40KB) LOS objects, 33% free, 7MB/11MB, paused 1.732ms total 501.062ms
06-03 07:12:37.618 I/art     ( 2160): WaitForGcToComplete blocked for 100.865ms for cause Explicit
06-03 07:12:37.618 I/art     ( 2160): Starting a blocking GC Explicit
06-03 07:12:37.765 I/art     ( 2160): Explicit concurrent mark sweep GC freed 5840(395KB) AllocSpace objects, 2(40KB) LOS objects, 33% free, 7MB/10MB, paused 1.346ms total 144.776ms
06-03 07:12:37.805 I/SystemServer( 2160): StartOtaDexOptService
06-03 07:12:37.876 I/SystemServer( 2160): StartUserManagerService
06-03 07:12:37.877 I/SystemServiceManager( 2160): Starting com.android.server.pm.UserManagerService$LifeCycle
06-03 07:12:38.125 I/lowmemorykiller( 1324): ActivityManager connected
06-03 07:12:38.166 D/SensorService( 2160): nuSensorService starting...
06-03 07:12:38.294 D/SensorService( 2160): nuSensorService thread starting...
06-03 07:12:38.299 D/SensorService( 2160): new thread SensorEventAckReceiver
06-03 07:12:38.323 I/SystemServiceManager( 2160): Starting com.android.server.BatteryService
06-03 07:12:38.561 I/SystemServiceManager( 2160): Starting com.android.server.usage.UsageStatsService
06-03 07:12:38.791 I/SystemServiceManager( 2160): Starting com.android.server.webkit.WebViewUpdateService
06-03 07:12:38.854 I/SystemServer( 2160): Reading configuration...
06-03 07:12:38.855 I/SystemServer( 2160): StartSchedulingPolicyService
06-03 07:12:38.873 I/SystemServiceManager( 2160): Starting com.android.server.telecom.TelecomLoaderService
06-03 07:12:38.876 I/SystemServer( 2160): StartTelephonyRegistry
06-03 07:12:39.037 I/SystemServer( 2160): StartEntropyMixer
06-03 07:12:39.103 I/EntropyMixer( 2160): Writing entropy...
06-03 07:12:39.282 I/SystemServer( 2160): Camera Service
06-03 07:12:39.312 I/SystemServiceManager( 2160): Starting com.android.server.camera.CameraService
06-03 07:12:39.401 I/ServiceThread( 2160): Enabled StrictMode logging for CameraService_proxy looper.
06-03 07:12:39.431 I/SystemServer( 2160): StartAccountManagerService
06-03 07:12:39.452 I/SystemServiceManager( 2160): Starting com.android.server.accounts.AccountManagerService$Lifecycle
06-03 07:12:39.652 I/SystemServer( 2160): StartContentService
06-03 07:12:39.660 I/SystemServiceManager( 2160): Starting com.android.server.content.ContentService$Lifecycle
06-03 07:12:39.684 I/SystemServer( 2160): InstallSystemProviders
06-03 07:12:39.770 W/System  ( 2160): ClassLoader referenced unknown path: /system/priv-app/SettingsProvider/lib/x86_64
