06-03 10:15:35.218 W/StatusBar( 2810): 	at com.android.systemui.statusbar.ServiceMonitor.-wrap5(ServiceMonitor.java)
06-03 10:15:35.218 W/StatusBar( 2810): 	at com.android.systemui.statusbar.ServiceMonitor$1.handleMessage(ServiceMonitor.java:73)
06-03 10:15:35.218 W/StatusBar( 2810): 	at android.os.Handler.dispatchMessage(Handler.java:102)
06-03 10:15:35.218 W/StatusBar( 2810): 	at android.os.Looper.loop(Looper.java:154)
06-03 10:15:35.218 W/StatusBar( 2810): 	at android.app.ActivityThread.main(ActivityThread.java:6119)
06-03 10:15:35.218 W/StatusBar( 2810): 	at java.lang.reflect.Method.invoke(Native Method)
06-03 10:15:35.218 W/StatusBar( 2810): 	at com.android.internal.os.ZygoteInit$MethodAndArgsCaller.run(ZygoteInit.java:886)
06-03 10:15:35.218 W/StatusBar( 2810): 	at com.android.internal.os.ZygoteInit.main(ZygoteInit.java:776)
06-03 10:15:35.271 V/MediaScanner( 2867): pruneDeadThumbnailFiles... android.content.ContentProviderClient$CursorWrapperInner@b2205d9
06-03 10:15:35.298 V/MediaScanner( 2867): /pruneDeadThumbnailFiles... android.content.ContentProviderClient$CursorWrapperInner@b2205d9
06-03 10:15:35.602 V/EmulatedCamera_Camera( 1333): getCameraInfo
06-03 10:15:35.603 V/EmulatedCamera_BaseCamera( 1333): getCameraInfo
06-03 10:15:35.616 V/EmulatedCamera_Camera( 1333): getCameraInfo
06-03 10:15:35.616 V/EmulatedCamera_BaseCamera( 1333): getCameraInfo
06-03 10:15:36.015 I/StatusBar( 2810): isKeyguardShowing() called before startKeyguard(), returning true
06-03 10:15:36.017 W/StatusBar( 2810): isKeyguardSecure() called before startKeyguard(), returning false
06-03 10:15:36.017 W/StatusBar( 2810): java.lang.Throwable
06-03 10:15:36.017 W/StatusBar( 2810): 	at com.android.systemui.statusbar.BaseStatusBar.isKeyguardSecure(BaseStatusBar.java:2647)
06-03 10:15:36.017 W/StatusBar( 2810): 	at com.android.systemui.statusbar.BaseStatusBar.isCameraAllowedByAdmin(BaseStatusBar.java:2670)
06-03 10:15:36.017 W/StatusBar( 2810): 	at com.android.systemui.statusbar.phone.KeyguardBottomAreaView.updateCameraVisibility(KeyguardBottomAreaView.java:309)
06-03 10:15:36.017 W/StatusBar( 2810): 	at com.android.systemui.statusbar.phone.KeyguardBottomAreaView.setUserSetupComplete(KeyguardBottomAreaView.java:281)
06-03 10:15:36.017 W/StatusBar( 2810): 	at com.android.systemui.statusbar.phone.PhoneStatusBar$1.onChange(PhoneStatusBar.java:441)
06-03 10:15:36.017 W/StatusBar( 2810): 	at com.android.systemui.statusbar.phone.PhoneStatusBar.resetUserSetupObserver(PhoneStatusBar.java:3676)
06-03 10:15:36.017 W/StatusBar( 2810): 	at com.android.systemui.statusbar.phone.PhoneStatusBar.makeStatusBarView(PhoneStatusBar.java:1008)
06-03 10:15:36.017 W/StatusBar( 2810): 	at com.android.systemui.statusbar.phone.PhoneStatusBar.addStatusBarWindow(PhoneStatusBar.java:3432)
06-03 10:15:36.017 W/StatusBar( 2810): 	at com.android.systemui.statusbar.phone.PhoneStatusBar.createAndAddWindows(PhoneStatusBar.java:3428)
06-03 10:15:36.017 W/StatusBar( 2810): 	at com.android.systemui.statusbar.BaseStatusBar.start(BaseStatusBar.java:765)
06-03 10:15:36.017 W/StatusBar( 2810): 	at com.android.systemui.statusbar.phone.PhoneStatusBar.start(PhoneStatusBar.java:686)
06-03 10:15:36.017 W/StatusBar( 2810): 	at com.android.systemui.statusbar.SystemBars.createStatusBarFromConfig(SystemBars.java:106)
06-03 10:15:36.017 W/StatusBar( 2810): 	at com.android.systemui.statusbar.SystemBars.onNoService(SystemBars.java:58)
06-03 10:15:36.017 W/StatusBar( 2810): 	at com.android.systemui.statusbar.ServiceMonitor.startService(ServiceMonitor.java:230)
06-03 10:15:36.017 W/StatusBar( 2810): 	at com.android.systemui.statusbar.ServiceMonitor.-wrap5(ServiceMonitor.java)
06-03 10:15:36.017 W/StatusBar( 2810): 	at com.android.systemui.statusbar.ServiceMonitor$1.handleMessage(ServiceMonitor.java:73)
06-03 10:15:36.017 W/StatusBar( 2810): 	at android.os.Handler.dispatchMessage(Handler.java:102)
06-03 10:15:36.017 W/StatusBar( 2810): 	at android.os.Looper.loop(Looper.java:154)
06-03 10:15:36.017 W/StatusBar( 2810): 	at android.app.ActivityThread.main(ActivityThread.java:6119)
06-03 10:15:36.017 W/StatusBar( 2810): 	at java.lang.reflect.Method.invoke(Native Method)
06-03 10:15:36.017 W/StatusBar( 2810): 	at com.android.internal.os.ZygoteInit$MethodAndArgsCaller.run(ZygoteInit.java:886)
06-03 10:15:36.017 W/StatusBar( 2810): 	at com.android.internal.os.ZygoteInit.main(ZygoteInit.java:776)
06-03 10:15:36.055 E/SurfaceFlinger( 1327): ro.sf.lcd_density must be defined as a build property
06-03 10:15:36.066 D/OpenGLRenderer( 2810): profile bars disabled
06-03 10:15:36.068 D/OpenGLRenderer( 2810): ambientRatio = 1.50
06-03 10:15:36.125 D/PhoneStatusBar( 2810): disable: < EXPAND* icons alerts system_info BACK* HOME* RECENT* clock SEARCH* quick_settings >
06-03 10:15:36.191 W/ActivityManager( 1927): Slow operation: 51ms so far, now at startProcess: done updating battery stats
06-03 10:15:36.191 W/ActivityManager( 1927): Slow operation: 51ms so far, now at startProcess: building log message
06-03 10:15:36.191 I/ActivityManager( 1927): Start proc 2918:android.process.acore/u0a1 for content provider com.android.providers.contacts/.ContactsProvider2
06-03 10:15:36.191 W/ActivityManager( 1927): Slow operation: 51ms so far, now at startProcess: starting to update pids map
06-03 10:15:36.192 W/ActivityManager( 1927): Slow operation: 52ms so far, now at startProcess: done updating pids map
06-03 10:15:36.192 W/ActivityManager( 1927): Slow operation: 52ms so far, now at startProcess: done starting proc!
06-03 10:15:36.192 W/ActivityManager( 1927): Slow operation: 55ms so far, now at getContentProviderImpl: after start process
06-03 10:15:36.192 W/ActivityManager( 1927): Slow operation: 55ms so far, now at getContentProviderImpl: updating data structures
06-03 10:15:36.194 W/art     ( 2918): Unexpected CPU variant for X86 using defaults: x86_64
06-03 10:15:36.197 W/ActivityManager( 1927): Slow operation: 56ms so far, now at getContentProviderImpl: done!
06-03 10:15:36.388 W/System  ( 2918): ClassLoader referenced unknown path: /system/priv-app/ContactsProvider/lib/x86_64
06-03 10:15:36.580 D/PhoneStatusBar( 2810): heads up is enabled
06-03 10:15:36.631 W/KeyguardUpdateMonitor( 2810): invalid subId in handleSimStateChange()
06-03 10:15:36.662 V/KeyguardServiceDelegate( 1927): **** SHOWN CALLED ****
06-03 10:15:36.669 I/Choreographer( 2810): Skipped 122 frames!  The application may be doing too much work on its main thread.
06-03 10:15:36.914 D/ViewRootImpl[StatusBar]( 2810): changeCanvasOpacity: opaque=true
06-03 10:15:37.237 I/ContactsPerf( 2918): VoicemailContentProvider.onCreate start
06-03 10:15:37.387 I/ContactsPerf( 2918): VoicemailContentProvider.onCreate finish
06-03 10:15:37.420 W/System  ( 2918): ClassLoader referenced unknown path: /system/priv-app/BlockedNumberProvider/lib/x86_64
06-03 10:15:37.424 D/ApplicationLoaders( 2918): ignored Vulkan layer search path /system/priv-app/BlockedNumberProvider/lib/x86_64:/system/lib64:/vendor/lib64 for namespace 0x72e04621e0f0
06-03 10:15:37.568 W/art     ( 1927): Long monitor contention with owner android.display (1990) at void com.android.server.wm.WindowManagerService$H.handleMessage(android.os.Message)(WindowManagerService.java:8368) waiters=0 in int com.android.server.wm.WindowManagerService.relayoutWindow(com.android.server.wm.Session, android.view.IWindow, int, android.view.WindowManager$LayoutParams, int, int, int, int, android.graphics.Rect, android.graphics.Rect, android.graphics.Rect, android.graphics.Rect, android.graphics.Rect, android.graphics.Rect, android.graphics.Rect, android.content.res.Configuration, android.view.Surface) for 683ms
06-03 10:15:37.589 I/Choreographer( 1927): Skipped 41 frames!  The application may be doing too much work on its main thread.
06-03 10:15:37.932 W/art     ( 1927): Long monitor contention with owner Binder:1927_7 (2632) at int com.android.server.wm.WindowManagerService.relayoutWindow(com.android.server.wm.Session, android.view.IWindow, int, android.view.WindowManager$LayoutParams, int, int, int, int, android.graphics.Rect, android.graphics.Rect, android.graphics.Rect, android.graphics.Rect, android.graphics.Rect, android.graphics.Rect, android.graphics.Rect, android.content.res.Configuration, android.view.Surface)(WindowManagerService.java:2857) waiters=0 in void com.android.server.wm.WindowAnimator$1.doFrame(long) for 343ms
06-03 10:15:37.982 W/System  ( 2918): ClassLoader referenced unknown path: /system/app/UserDictionaryProvider/lib/x86_64
06-03 10:15:38.267 D/ApplicationLoaders( 2918): ignored Vulkan layer search path /system/app/UserDictionaryProvider/lib/x86_64:/system/lib64:/vendor/lib64 for namespace 0x72e04621e160
06-03 10:15:38.392 W/art     ( 2810): Suspending all threads took: 258.218ms
06-03 10:15:38.615 I/art     ( 2810): Background partial concurrent mark sweep GC freed 18284(1708KB) AllocSpace objects, 3(60KB) LOS objects, 32% free, 8MB/12MB, paused 260.125ms total 902.428ms
06-03 10:15:38.704 W/art     ( 1927): Long monitor contention with owner android.display (1990) at void com.android.server.wm.WindowManagerService$H.handleMessage(android.os.Message)(WindowManagerService.java:8368) waiters=0 in void com.android.server.wm.WindowManagerService.getInitialDisplaySize(int, android.graphics.Point) for 190ms
06-03 10:15:39.852 W/art     ( 1927): Long monitor contention with owner Binder:1927_1 (1945) at int com.android.server.wm.WindowManagerService.relayoutWindow(com.android.server.wm.Session, android.view.IWindow, int, android.view.WindowManager$LayoutParams, int, int, int, int, android.graphics.Rect, android.graphics.Rect, android.graphics.Rect, android.graphics.Rect, android.graphics.Rect, android.graphics.Rect, android.graphics.Rect, android.content.res.Configuration, android.view.Surface)(WindowManagerService.java:2857) waiters=0 in void com.android.server.wm.WindowManagerService.getInitialDisplaySize(int, android.graphics.Point) for 612ms
06-03 10:15:39.853 W/art     ( 1927): Long monitor contention with owner Binder:1927_1 (1945) at int com.android.server.wm.WindowManagerService.relayoutWindow(com.android.server.wm.Session, android.view.IWindow, int, android.view.WindowManager$LayoutParams, int, int, int, int, android.graphics.Rect, android.graphics.Rect, android.graphics.Rect, android.graphics.Rect, android.graphics.Rect, android.graphics.Rect, android.graphics.Rect, android.content.res.Configuration, android.view.Surface)(WindowManagerService.java:2857) waiters=1 in void com.android.server.wm.WindowManagerService$H.handleMessage(android.os.Message) for 461ms
06-03 10:15:40.672 I/ContactLocale( 2918): AddressBook Labels [[en_US]]: [, A, B, C, D, E, F, G, H, I, J, K, L, M, N, O, P, Q, R, S, T, U, V, W, X, Y, Z, , , , , , , , , , , , , , , , , , , , , , , , , , , , , , , , , , , , , , , , , , , , , , , , , , , , , , , , , , , , , , , , , , , , , , , , , , , , , , , , , , , , , , , , , , , , , , , , , , , , , , , , , , , , , , , , , , , , , , , , , , , , , , , , , , , , , , , , , , , , , , , , , , , , , , , , , , , , , , , , , , , , , , , , , , , , , , , , , , , , , , , , , , , #, ]
06-03 10:15:40.838 W/art     ( 1927): Long monitor contention with owner Binder:1927_1 (1945) at int com.android.server.wm.WindowManagerService.relayoutWindow(com.android.server.wm.Session, android.view.IWindow, int, android.view.WindowManager$LayoutParams, int, int, int, int, android.graphics.Rect, android.graphics.Rect, android.graphics.Rect, android.graphics.Rect, android.graphics.Rect, android.graphics.Rect, android.graphics.Rect, android.content.res.Configuration, android.view.Surface)(WindowManagerService.java:2857) waiters=0 in void com.android.server.wm.WindowManagerService$H.handleMessage(android.os.Message) for 347ms
06-03 10:15:40.873 D/WifiService( 1927): New client listening to asynchronous messages
06-03 10:15:41.011 I/Choreographer( 2810): Skipped 260 frames!  The application may be doing too much work on its main thread.
06-03 10:15:41.166 D/gralloc_ranchu( 2810): Emulator without host-side GPU emulation detected. Loading gralloc.default.so from /vendor/lib64/hw/gralloc.goldfish.default.so...
06-03 10:15:41.170 D/gralloc_ranchu( 2810): gralloc.default.so not found in /vendor. Trying /system/lib64/hw/gralloc.goldfish.default.so...
06-03 10:15:41.849 W/art     ( 1927): Long monitor contention with owner android.display (1990) at void com.android.server.wm.WindowAnimator$1.doFrame(long)(WindowAnimator.java:144) waiters=0 in void com.android.server.wm.WindowManagerService.finishDrawingWindow(com.android.server.wm.Session, android.view.IWindow) for 166ms
06-03 10:15:42.070 W/art     ( 1927): Long monitor contention with owner android.display (1990) at void com.android.server.wm.WindowManagerService$H.handleMessage(android.os.Message)(WindowManagerService.java:8368) waiters=0 in void com.android.server.wm.WindowManagerService.finishDrawingWindow(com.android.server.wm.Session, android.view.IWindow) for 220ms
06-03 10:15:42.452 D/PhoneStatusBar( 2810): disable: < expand* icons alerts system_info back* home* recent* clock search* quick_settings >
06-03 10:15:43.381 I/Choreographer( 2810): Skipped 138 frames!  The application may be doing too much work on its main thread.
06-03 10:15:43.922 I/Choreographer( 2810): Skipped 32 frames!  The application may be doing too much work on its main thread.
06-03 10:16:23.371 W//sbin/adbd( 1329): type=1400 audit(0.0:16): avc: denied { search } for comm=7365727669636520333130 name="security" dev="vdc" ino=35203 scontext=u:r:adbd:s0 tcontext=u:object_r:security_file:s0 tclass=dir permissive=0
06-03 10:16:33.356 W/BroadcastQueue( 1927): Timeout of broadcast BroadcastRecord{f697e0a u0 android.intent.action.BOOT_COMPLETED} - receiver=android.os.BinderProxy@df9109c, started 60000ms ago
06-03 10:16:33.357 W/BroadcastQueue( 1927): Receiver during timeout: BroadcastFilter{db9be7a u0 ReceiverList{ac3caa5 2635 com.android.systemui/10021/u0 remote:df9109c}}
06-03 10:16:33.362 W/Binder  ( 2810): Binder call failed.
06-03 10:16:33.362 W/Binder  ( 2810): android.os.DeadObjectException
06-03 10:16:33.362 W/Binder  ( 2810): 	at android.os.BinderProxy.transactNative(Native Method)
06-03 10:16:33.362 W/Binder  ( 2810): 	at android.os.BinderProxy.transact(Binder.java:615)
06-03 10:16:33.362 W/Binder  ( 2810): 	at android.content.IIntentReceiver$Stub$Proxy.performReceive(IIntentReceiver.java:124)
06-03 10:16:33.362 W/Binder  ( 2810): 	at android.app.ActivityThread$ApplicationThread.scheduleRegisteredReceiver(ActivityThread.java:946)
06-03 10:16:33.362 W/Binder  ( 2810): 	at android.app.ApplicationThreadNative.onTransact(ApplicationThreadNative.java:404)
06-03 10:16:33.362 W/Binder  ( 2810): 	at android.os.Binder.execTransact(Binder.java:565)
06-03 10:17:11.635 D/AndroidRuntime( 2941): >>>>>> START com.android.internal.os.RuntimeInit uid 2000 <<<<<<
06-03 10:17:11.676 D/AndroidRuntime( 2941): CheckJNI is ON
06-03 10:17:12.094 W/art     ( 2941): Unexpected CPU variant for X86 using defaults: x86_64
06-03 10:17:12.145 D/ICU     ( 2941): No timezone override file found: /data/misc/zoneinfo/current/icu/icu_tzdata.dat
06-03 10:17:12.383 E/memtrack( 2941): Couldn't load memtrack module (No such file or directory)
06-03 10:17:12.383 E/android.os.Debug( 2941): failed to load memtrack module: -2
06-03 10:17:12.393 I/Radio-JNI( 2941): register_android_hardware_Radio DONE
06-03 10:17:12.543 D/AndroidRuntime( 2941): Calling main entry com.android.commands.pm.Pm
06-03 10:17:12.773 I/        ( 1335): free_cache(132743726) avail 742223872
06-03 10:17:33.364 W/BroadcastQueue( 1927): Timeout of broadcast BroadcastRecord{f697e0a u0 android.intent.action.BOOT_COMPLETED} - receiver=android.os.BinderProxy@93eba2a, started 60004ms ago
06-03 10:17:33.365 W/BroadcastQueue( 1927): Receiver during timeout: BroadcastFilter{7969f91 u0 ReceiverList{2ea401b 2635 com.android.systemui/10021/u0 remote:93eba2a}}
06-03 10:17:33.478 I/RecoverySystem( 1927): No recovery log file
06-03 10:17:33.522 W/ActivityManager( 1927): Slow operation: 104ms so far, now at startProcess: returned from zygote!
06-03 10:17:33.523 W/ActivityManager( 1927): Slow operation: 113ms so far, now at startProcess: done updating battery stats
06-03 10:17:33.524 W/ActivityManager( 1927): Slow operation: 114ms so far, now at startProcess: building log message
06-03 10:17:33.524 I/ActivityManager( 1927): Start proc 2952:com.android.dialer/u0a8 for broadcast com.android.dialer/.calllog.CallLogReceiver
06-03 10:17:33.524 W/ActivityManager( 1927): Slow operation: 114ms so far, now at startProcess: starting to update pids map
06-03 10:17:33.526 W/ActivityManager( 1927): Slow operation: 116ms so far, now at startProcess: done updating pids map
06-03 10:17:33.526 W/ActivityManager( 1927): Slow operation: 119ms so far, now at startProcess: done starting proc!
06-03 10:17:33.554 I/BootReceiver( 1927): Copying audit failures to DropBox
06-03 10:17:33.567 W/art     ( 2952): Unexpected CPU variant for X86 using defaults: x86_64
06-03 10:17:33.598 I/BootReceiver( 1927): Checking for fsck errors
06-03 10:17:34.028 W/System  ( 2952): ClassLoader referenced unknown path: /system/priv-app/Dialer/lib/x86_64
06-03 10:17:34.956 D/ExtensionsFactory( 2952): No custom extensions.
06-03 10:17:34.998 D/BlockedNumbersAuto( 2952): Not attempting auto-migrate: already checked once.
06-03 10:17:35.238 D/CarrierConfigLoader( 2387): mHandler: 13 phoneId: 0
06-03 10:17:35.240 D/CarrierConfigLoader( 2387): mHandler: 7 phoneId: 0
06-03 10:17:35.256 E/CarrierConfigLoader( 2387): Cannot restore config with null packageName or iccid.
06-03 10:17:35.256 D/CarrierConfigLoader( 2387): Binding to com.android.carrierconfig for phone 0
06-03 10:17:35.347 W/ActivityManager( 1927): Slow operation: 102ms so far, now at startProcess: returned from zygote!
06-03 10:17:35.347 W/ActivityManager( 1927): Slow operation: 103ms so far, now at startProcess: done updating battery stats
06-03 10:17:35.347 W/ActivityManager( 1927): Slow operation: 103ms so far, now at startProcess: building log message
06-03 10:17:35.347 I/ActivityManager( 1927): Start proc 2970:com.android.calendar/u0a26 for broadcast com.android.calendar/.alerts.AlertReceiver
06-03 10:17:35.347 W/ActivityManager( 1927): Slow operation: 103ms so far, now at startProcess: starting to update pids map
06-03 10:17:35.348 W/ActivityManager( 1927): Slow operation: 104ms so far, now at startProcess: done updating pids map
06-03 10:17:35.348 W/ActivityManager( 1927): Slow operation: 105ms so far, now at startProcess: done starting proc!
06-03 10:17:35.374 W/art     ( 2970): Unexpected CPU variant for X86 using defaults: x86_64
06-03 10:17:35.526 W/ActivityManager( 1927): Slow operation: 172ms so far, now at startProcess: returned from zygote!
06-03 10:17:35.527 W/ActivityManager( 1927): Slow operation: 172ms so far, now at startProcess: done updating battery stats
06-03 10:17:35.527 W/ActivityManager( 1927): Slow operation: 173ms so far, now at startProcess: building log message
06-03 10:17:35.527 I/ActivityManager( 1927): Start proc 2983:com.android.carrierconfig/u0a3 for service com.android.carrierconfig/.DefaultCarrierConfigService
06-03 10:17:35.527 W/ActivityManager( 1927): Slow operation: 173ms so far, now at startProcess: starting to update pids map
06-03 10:17:35.527 W/ActivityManager( 1927): Slow operation: 173ms so far, now at startProcess: done updating pids map
06-03 10:17:35.527 W/ActivityManager( 1927): Slow operation: 174ms so far, now at startProcess: done starting proc!
06-03 10:17:35.538 W/art     ( 1927): Long monitor contention with owner Binder:1927_9 (2634) at int com.android.server.am.ActivityManagerService.bindService(android.app.IApplicationThread, android.os.IBinder, android.content.Intent, java.lang.String, android.app.IServiceConnection, int, java.lang.String, int)(ActivityManagerService.java:17301) waiters=0 in void com.android.server.am.ActivityManagerService.trimApplications() for 170ms
06-03 10:17:35.561 W/art     ( 2983): Unexpected CPU variant for X86 using defaults: x86_64
06-03 10:17:35.734 W/System  ( 2970): ClassLoader referenced unknown path: /system/app/Calendar/lib/x86_64
06-03 10:17:35.799 W/System  ( 2983): ClassLoader referenced unknown path: /system/priv-app/CarrierConfig/lib/x86_64
06-03 10:17:35.918 D/DefaultCarrierConfigService( 2983): Service created
06-03 10:17:35.966 D/CarrierConfigLoader( 2387): Connected to config app: com.android.carrierconfig/com.android.carrierconfig.DefaultCarrierConfigService
06-03 10:17:35.966 D/CarrierConfigLoader( 2387): mHandler: 3 phoneId: 0
06-03 10:17:35.971 D/DefaultCarrierConfigService( 2983): Config being fetched
06-03 10:17:35.987 D/DefaultCarrierConfigService( 2983): java.io.FileNotFoundException: carrier_config_.xml
06-03 10:17:35.998 E/CarrierConfigLoader( 2387): Cannot save config with null packageName or iccid.
06-03 10:17:36.011 D/CarrierConfigLoader( 2387): mHandler: 5 phoneId: 0
06-03 10:17:36.013 E/PhoneInterfaceManager( 2387): [PhoneIntfMgr] getCarrierPackageNamesForIntent: No UICC
06-03 10:17:36.123 W/CountryDetector( 2952): No location permissions, not registering for location updates.
06-03 10:17:36.160 I/Telecom ( 1927): PhoneAccountRegistrar: SimCallManager queried, returning: null: TSI.gSCMFU@AAg
06-03 10:17:36.826 D/ExtensionsFactory( 2970): No custom extensions.
06-03 10:17:36.866 D/AlertReceiver( 2970): onReceive: a=android.intent.action.BOOT_COMPLETED Intent { act=android.intent.action.BOOT_COMPLETED flg=0x9000010 cmp=com.android.calendar/.alerts.AlertReceiver (has extras) }
06-03 10:17:36.956 I/AlarmClock( 2651): AlarmInitReceiver android.intent.action.BOOT_COMPLETED
06-03 10:17:37.118 D/AlertUtils( 2970): Flushing old alerts from shared prefs table
06-03 10:17:37.181 D/AlertService( 2970): 0 Action = android.intent.action.BOOT_COMPLETED
06-03 10:17:37.393 V/AlarmClock( 2651): AlarmInitReceiver finished
06-03 10:17:37.416 D/AlertService( 2970): Scheduling next alarm with AlarmScheduler. sEventReminderReceived: null
06-03 10:17:37.527 W/ActivityManager( 1927): Slow operation: 138ms so far, now at startProcess: returned from zygote!
06-03 10:17:37.527 W/ActivityManager( 1927): Slow operation: 138ms so far, now at startProcess: done updating battery stats
06-03 10:17:37.528 W/ActivityManager( 1927): Slow operation: 139ms so far, now at startProcess: building log message
06-03 10:17:37.528 I/ActivityManager( 1927): Start proc 3009:com.android.email/u0a34 for broadcast com.android.email/.service.EmailBroadcastReceiver
06-03 10:17:37.528 W/ActivityManager( 1927): Slow operation: 139ms so far, now at startProcess: starting to update pids map
06-03 10:17:37.528 W/ActivityManager( 1927): Slow operation: 139ms so far, now at startProcess: done updating pids map
06-03 10:17:37.528 W/ActivityManager( 1927): Slow operation: 139ms so far, now at startProcess: done starting proc!
06-03 10:17:37.552 W/art     ( 3009): Unexpected CPU variant for X86 using defaults: x86_64
06-03 10:17:37.679 W/ActivityManager( 1927): Slow operation: 146ms so far, now at startProcess: returned from zygote!
06-03 10:17:37.680 W/ActivityManager( 1927): Slow operation: 147ms so far, now at startProcess: done updating battery stats
06-03 10:17:37.680 W/ActivityManager( 1927): Slow operation: 147ms so far, now at startProcess: building log message
06-03 10:17:37.680 I/ActivityManager( 1927): Start proc 3022:com.android.providers.calendar/u0a2 for content provider com.android.providers.calendar/.CalendarProvider2
06-03 10:17:37.680 W/ActivityManager( 1927): Slow operation: 147ms so far, now at startProcess: starting to update pids map
06-03 10:17:37.681 W/ActivityManager( 1927): Slow operation: 147ms so far, now at startProcess: done updating pids map
06-03 10:17:37.681 W/ActivityManager( 1927): Slow operation: 148ms so far, now at startProcess: done starting proc!
06-03 10:17:37.681 W/ActivityManager( 1927): Slow operation: 150ms so far, now at getContentProviderImpl: after start process
06-03 10:17:37.681 W/ActivityManager( 1927): Slow operation: 150ms so far, now at getContentProviderImpl: updating data structures
06-03 10:17:37.681 W/ActivityManager( 1927): Slow operation: 150ms so far, now at getContentProviderImpl: done!
06-03 10:17:37.729 W/art     ( 3022): Unexpected CPU variant for X86 using defaults: x86_64
06-03 10:17:37.977 W/System  ( 3009): ClassLoader referenced unknown path: /system/app/Email/lib/x86_64
06-03 10:17:38.000 W/System  ( 3022): ClassLoader referenced unknown path: /system/priv-app/CalendarProvider/lib/x86_64
06-03 10:17:38.777 I/CalendarProvider2( 3022): Created com.android.providers.calendar.CalendarAlarmManager@2d1a7fa(com.android.providers.calendar.CalendarProvider2@9cee1ab)
06-03 10:17:40.656 I/CalendarProvider2( 3022): Sending notification intent: Intent { act=android.intent.action.PROVIDER_CHANGED dat=content://com.android.calendar flg=0x20000000 }
06-03 10:17:40.658 W/ContentResolver( 3022): Failed to get type for: content://com.android.calendar (Unknown URL content://com.android.calendar)
06-03 10:17:43.105 W/art     ( 3009): Suspending all threads took: 260.020ms
06-03 10:17:44.321 I/art     ( 3009): Waiting for a blocking GC DisableMovingGc
06-03 10:17:44.492 I/art     ( 3009): WaitForGcToComplete blocked for 171.229ms for cause DisableMovingGc
06-03 10:17:44.492 I/art     ( 3009): Starting a blocking GC DisableMovingGc
06-03 10:17:44.900 W/art     ( 1927): Long monitor contention with owner PackageInstaller (2103) at java.lang.String[] java.io.UnixFileSystem.list0(java.io.File)(UnixFileSystem.java:-2) waiters=0 in android.content.pm.PackageInstaller$SessionInfo com.android.server.pm.PackageInstallerSession.generateInfo() for 23.774s
06-03 10:17:44.969 W/ActivityManager( 1927): Slow operation: 56ms so far, now at startProcess: returned from zygote!
06-03 10:17:44.969 W/ActivityManager( 1927): Slow operation: 57ms so far, now at startProcess: done updating battery stats
06-03 10:17:44.969 W/ActivityManager( 1927): Slow operation: 57ms so far, now at startProcess: building log message
06-03 10:17:44.970 I/ActivityManager( 1927): Start proc 3040:com.android.defcontainer/u0a7 for service com.android.defcontainer/.DefaultContainerService
06-03 10:17:44.970 W/ActivityManager( 1927): Slow operation: 58ms so far, now at startProcess: starting to update pids map
06-03 10:17:44.970 W/ActivityManager( 1927): Slow operation: 58ms so far, now at startProcess: done updating pids map
06-03 10:17:44.970 W/ActivityManager( 1927): Slow operation: 59ms so far, now at startProcess: done starting proc!
06-03 10:17:44.955 W/art     ( 3040): Unexpected CPU variant for X86 using defaults: x86_64
06-03 10:17:45.033 D/AlarmScheduler( 2970): No events found starting within 1 week.
06-03 10:17:45.301 W/ActivityManager( 1927): Unable to start service Intent { act=com.android.email.EXCHANGE_INTENT pkg=com.android.exchange } U=0: not found
06-03 10:17:45.681 D/ActivityThread( 3009): Loading provider com.android.email.provider;com.android.email.notifier: com.android.email.provider.EmailProvider
06-03 10:17:45.688 W/ActivityManager( 1927): Unable to start service Intent { act=com.android.email.EXCHANGE_INTENT pkg=com.android.exchange } U=0: not found
06-03 10:17:45.884 I/PackageManager.DexOptimizer( 1927): Running dexopt (dex2oat) on: /data/app/vmdl923116979.tmp/base.apk pkg=jp.jaxa.iss.kibo.rpc.defaultapk isa=x86_64 vmSafeMode=false debuggable=true target-filter=interpret-only oatDir = /data/app/vmdl923116979.tmp/oat sharedLibraries=null
06-03 10:17:45.913 D/ActivityThread( 3009): Loading provider com.android.email.provider;com.android.email.notifier: com.android.email.provider.EmailProvider
06-03 10:17:45.918 W/ActivityManager( 1927): Unable to start service Intent { act=com.android.email.EXCHANGE_INTENT pkg=com.android.exchange } U=0: not found
06-03 10:17:46.208 I/SystemBroadcastReceiver( 2177): Boot has been completed
06-03 10:17:46.208 I/SystemBroadcastReceiver( 2177): toggleAppIcon() : FLAG_SYSTEM = true
06-03 10:17:46.350 W/ActivityManager( 1927): Slow operation: 58ms so far, now at startProcess: returned from zygote!
06-03 10:17:46.350 W/ActivityManager( 1927): Slow operation: 59ms so far, now at startProcess: done updating battery stats
06-03 10:17:46.350 W/ActivityManager( 1927): Slow operation: 59ms so far, now at startProcess: building log message
06-03 10:17:46.350 I/ActivityManager( 1927): Start proc 3062:com.android.managedprovisioning/u0a14 for broadcast com.android.managedprovisioning/.BootReminder
06-03 10:17:46.351 W/ActivityManager( 1927): Slow operation: 59ms so far, now at startProcess: starting to update pids map
06-03 10:17:46.351 W/ActivityManager( 1927): Slow operation: 60ms so far, now at startProcess: done updating pids map
06-03 10:17:46.351 W/ActivityManager( 1927): Slow operation: 60ms so far, now at startProcess: done starting proc!
06-03 10:17:46.361 W/art     ( 3062): Unexpected CPU variant for X86 using defaults: x86_64
06-03 10:17:46.644 W/System  ( 3062): ClassLoader referenced unknown path: /system/priv-app/ManagedProvisioning/lib/x86_64
06-03 10:17:46.833 W/art     ( 3077): Unexpected CPU variant for X86 using defaults: x86_64
06-03 10:17:46.849 W/ActivityManager( 1927): Slow operation: 65ms so far, now at startProcess: returned from zygote!
06-03 10:17:46.849 W/ActivityManager( 1927): Slow operation: 66ms so far, now at startProcess: done updating battery stats
06-03 10:17:46.849 W/ActivityManager( 1927): Slow operation: 66ms so far, now at startProcess: building log message
06-03 10:17:46.849 I/ActivityManager( 1927): Start proc 3077:com.android.messaging/u0a54 for broadcast com.android.messaging/.receiver.BootAndPackageReplacedReceiver
06-03 10:17:46.849 W/ActivityManager( 1927): Slow operation: 66ms so far, now at startProcess: starting to update pids map
06-03 10:17:46.850 W/ActivityManager( 1927): Slow operation: 67ms so far, now at startProcess: done updating pids map
06-03 10:17:46.850 W/ActivityManager( 1927): Slow operation: 68ms so far, now at startProcess: done starting proc!
06-03 10:17:47.002 W/art     ( 3009): Long monitor contention with owner AsyncTask #1 (3055) at boolean java.io.UnixFileSystem.checkAccess0(java.io.File, int)(UnixFileSystem.java:-2) waiters=0 in android.database.sqlite.SQLiteDatabase com.android.email.provider.EmailProvider.getDatabase(android.content.Context) for 994ms
06-03 10:17:47.050 W/ActivityManager( 1927): Unable to start service Intent { act=com.android.email.EXCHANGE_INTENT pkg=com.android.exchange } U=0: not found
06-03 10:17:47.054 W/ActivityManager( 1927): Unable to start service Intent { cmp=com.android.email/.service.AttachmentService } U=0: not found
06-03 10:17:47.149 W/dex2oat ( 3058): Unexpected CPU variant for X86 using defaults: x86_64
06-03 10:17:47.180 W/art     ( 3009): Long monitor contention with owner AsyncTask #2 (3056) at android.database.sqlite.SQLiteDatabase com.android.email.provider.EmailProvider.getDatabase(android.content.Context)(EmailProvider.java:478) waiters=0 in void com.android.email.provider.AccountReconciler.reconcileAccounts(android.content.Context) for 938ms
06-03 10:17:47.302 I/dex2oat ( 3058): /system/bin/dex2oat --compiler-filter=interpret-only --debuggable
06-03 10:17:47.312 I/art     ( 1927): Background partial concurrent mark sweep GC freed 14757(1371KB) AllocSpace objects, 20(836KB) LOS objects, 29% free, 9MB/13MB, paused 2.639ms total 142.610ms
06-03 10:17:47.385 W/System  ( 3077): ClassLoader referenced unknown path: /system/app/messaging/lib/x86_64
06-03 10:17:47.396 I/Email   ( 3009): Observing account changes for notifications
06-03 10:17:47.413 W/ActivityManager( 1927): Unable to start service Intent { act=com.android.email.EXCHANGE_INTENT pkg=com.android.exchange } U=0: not found
06-03 10:17:47.417 W/ActivityManager( 1927): Unable to start service Intent { cmp=com.android.email/.service.AttachmentService } U=0: not found
06-03 10:17:47.423 W/ActivityManager( 1927): Unable to start service Intent { act=com.android.email.EXCHANGE_INTENT pkg=com.android.exchange } U=0: not found
06-03 10:17:47.477 E/ActivityThread( 3009): Service com.android.email.service.EmailBroadcastProcessorService has leaked ServiceConnection com.android.emailcommon.service.ServiceProxy$ProxyConnection@ef14677 that was originally bound here
06-03 10:17:47.477 E/ActivityThread( 3009): android.app.ServiceConnectionLeaked: Service com.android.email.service.EmailBroadcastProcessorService has leaked ServiceConnection com.android.emailcommon.service.ServiceProxy$ProxyConnection@ef14677 that was originally bound here
06-03 10:17:47.477 E/ActivityThread( 3009): 	at android.app.LoadedApk$ServiceDispatcher.<init>(LoadedApk.java:1336)
06-03 10:17:47.477 E/ActivityThread( 3009): 	at android.app.LoadedApk.getServiceDispatcher(LoadedApk.java:1231)
06-03 10:17:47.477 E/ActivityThread( 3009): 	at android.app.ContextImpl.bindServiceCommon(ContextImpl.java:1450)
06-03 10:17:47.477 E/ActivityThread( 3009): 	at android.app.ContextImpl.bindService(ContextImpl.java:1422)
06-03 10:17:47.477 E/ActivityThread( 3009): 	at android.content.ContextWrapper.bindService(ContextWrapper.java:636)
06-03 10:17:47.477 E/ActivityThread( 3009): 	at com.android.emailcommon.service.ServiceProxy.setTask(ServiceProxy.java:181)
06-03 10:17:47.477 E/ActivityThread( 3009): 	at com.android.emailcommon.service.ServiceProxy.test(ServiceProxy.java:224)
06-03 10:17:47.477 E/ActivityThread( 3009): 	at com.android.email.service.EmailServiceUtils.isServiceAvailable(EmailServiceUtils.java:160)
06-03 10:17:47.477 E/ActivityThread( 3009): 	at com.android.email.provider.AccountReconciler.reconcileAccountsInternal(AccountReconciler.java:171)
06-03 10:17:47.477 E/ActivityThread( 3009): 	at com.android.email.provider.AccountReconciler.reconcileAccounts(AccountReconciler.java:115)
06-03 10:17:47.477 E/ActivityThread( 3009): 	at com.android.email.service.EmailBroadcastProcessorService.reconcileAndStartServices(EmailBroadcastProcessorService.java:305)
06-03 10:17:47.477 E/ActivityThread( 3009): 	at com.android.email.service.EmailBroadcastProcessorService.onBootCompleted(EmailBroadcastProcessorService.java:295)
06-03 10:17:47.477 E/ActivityThread( 3009): 	at com.android.email.service.EmailBroadcastProcessorService.onHandleIntent(EmailBroadcastProcessorService.java:130)
06-03 10:17:47.477 E/ActivityThread( 3009): 	at android.app.IntentService$ServiceHandler.handleMessage(IntentService.java:68)
06-03 10:17:47.477 E/ActivityThread( 3009): 	at android.os.Handler.dispatchMessage(Handler.java:102)
06-03 10:17:47.477 E/ActivityThread( 3009): 	at android.os.Looper.loop(Looper.java:154)
06-03 10:17:47.477 E/ActivityThread( 3009): 	at android.os.HandlerThread.run(HandlerThread.java:61)
06-03 10:17:47.495 W/ActivityManager( 1927): Unbind failed: could not find connection for android.os.BinderProxy@9f8c96a
06-03 10:17:47.499 W/ActivityManager( 1927): Unable to start service Intent { act=com.android.email.EXCHANGE_INTENT pkg=com.android.exchange } U=0: not found
06-03 10:17:47.533 W/ActivityManager( 1927): Unable to start service Intent { cmp=com.android.email/.service.AttachmentService } U=0: not found
06-03 10:17:47.610 W/ActivityManager( 1927): Unable to start service Intent { act=com.android.email.EXCHANGE_INTENT pkg=com.android.exchange } U=0: not found
06-03 10:17:48.819 I/MessagingApp( 3077): Carrier config changed. Reloading MMS config.
06-03 10:17:48.830 V/VvmBootCompletedRcvr( 2387): processing subId list
06-03 10:17:48.860 E/VvmBootCompletedRcvr( 2387): phone account ComponentInfo{com.android.phone/com.android.services.telephony.TelephonyConnectionService}, [e2f7d48dd2b5ca523e7313cf4ba0f6ea830b6281], UserHandle{0} has invalid subId -1
06-03 10:17:49.002 I/MessagingAppDataModel( 3077): Fixup: Send failed - 0 Download failed - 0
06-03 10:17:49.531 I/VvmSimChangeReceiver( 2387): Received SIM change for invalid subscription id.
06-03 10:17:49.546 I/MessagingAppDataModel( 3077): SyncMessagesAction: Starting batch for messages from 1582707646137 to 1591179468678 (message update limit = 80, message scan limit = 4000)
06-03 10:17:49.558 D/AlertReceiver( 2970): onReceive: a=android.intent.action.PROVIDER_CHANGED Intent { act=android.intent.action.PROVIDER_CHANGED dat=content://com.android.calendar flg=0x20000010 cmp=com.android.calendar/.alerts.AlertReceiver }
06-03 10:17:49.586 D/AlertService( 2970): 0 Action = android.intent.action.PROVIDER_CHANGED
06-03 10:17:50.469 I/MessagingAppDataModel( 3077): SyncMessagesAction: All messages now in sync
06-03 10:17:52.386 I/ActivityManager( 1927): Waited long enough for: ServiceRecord{bae96b0 u0 com.android.calendar/.alerts.InitAlarmsService}
06-03 10:17:52.726 W/MediaScanner( 2867): Error opening directory '/oem/media/', skipping: No such file or directory.
06-03 10:17:53.332 V/MediaScanner( 2867): pruneDeadThumbnailFiles... android.content.ContentProviderClient$CursorWrapperInner@b2a2326
06-03 10:17:53.334 V/MediaScanner( 2867): /pruneDeadThumbnailFiles... android.content.ContentProviderClient$CursorWrapperInner@b2a2326
06-03 10:17:53.717 W/dex2oat ( 3058): Before Android 4.1, method android.graphics.PorterDuffColorFilter android.support.graphics.drawable.VectorDrawableCompat.updateTintFilter(android.graphics.PorterDuffColorFilter, android.content.res.ColorStateList, android.graphics.PorterDuff$Mode) would have incorrectly overridden the package-private method in android.graphics.drawable.Drawable
06-03 10:17:54.228 W/dex2oat ( 3058): Before Android 4.1, method int android.support.v7.widget.ListViewCompat.lookForSelectablePosition(int, boolean) would have incorrectly overridden the package-private method in android.widget.ListView
06-03 10:17:54.637 I/GlobalDismissManager( 2970): no sender configured
06-03 10:17:54.639 D/AlertService( 2970): Beginning updateAlertNotification
06-03 10:17:54.725 D/AlertService( 2970): No fired or scheduled alerts
06-03 10:17:54.792 D/AlertService( 2970): Scheduling next alarm with AlarmScheduler. sEventReminderReceived: null
06-03 10:17:54.895 D/AlarmScheduler( 2970): No events found starting within 1 week.
06-03 10:17:59.304 I/art     ( 1927): Background partial concurrent mark sweep GC freed 5788(331KB) AllocSpace objects, 2(52KB) LOS objects, 29% free, 9MB/13MB, paused 1.928ms total 192.426ms
06-03 10:18:00.856 W/dex2oat ( 3058): Verification of java.util.ArrayList org.apache.commons.lang.exception.ExceptionUtils.getCauseMethodNameList() took 103.148ms
06-03 10:18:04.895 W/dex2oat ( 3058): Verification of double org.apache.commons.math3.optim.nonlinear.scalar.noderiv.BOBYQAOptimizer.bobyqb(double[], double[]) took 280.578ms
06-03 10:18:05.071 W/dex2oat ( 3058): Verification of double org.apache.commons.math3.optimization.direct.BOBYQAOptimizer.bobyqb(double[], double[]) took 241.971ms
06-03 10:18:05.201 W/dex2oat ( 3058): Verification of double[] org.apache.commons.math3.optimization.direct.BOBYQAOptimizer.trsbox(double, org.apache.commons.math3.linear.ArrayRealVector, org.apache.commons.math3.linear.ArrayRealVector, org.apache.commons.math3.linear.ArrayRealVector, org.apache.commons.math3.linear.ArrayRealVector, org.apache.commons.math3.linear.ArrayRealVector) took 108.312ms
06-03 10:18:07.516 D/InitAlarmsService( 2970): Clearing and rescheduling alarms.
06-03 10:18:10.719 W/dex2oat ( 3058): Compilation of java.lang.String org.opencv.android.StaticHelper.getLibraryList() took 186.629ms
06-03 10:18:10.725 W/dex2oat ( 3058): Compilation of void org.opencv.android.Utils.nBitmapToMat2(android.graphics.Bitmap, long, boolean) took 191.570ms
06-03 10:18:11.122 I/art     ( 2387): Background partial concurrent mark sweep GC freed 17366(1488KB) AllocSpace objects, 18(360KB) LOS objects, 40% free, 5MB/9MB, paused 660us total 101.723ms
06-03 10:18:14.912 I/dex2oat ( 3058): dex2oat took 27.833s (threads: 2) arena alloc=750KB (768320B) java alloc=8MB (8413992B) native alloc=18MB (19023952B) free=3MB (3520432B)
06-03 10:18:15.210 D/installd( 1335): Detected label change from u:object_r:system_data_file:s0 to u:object_r:app_data_file:s0:c512,c768 at /data/data/jp.jaxa.iss.kibo.rpc.defaultapk; running recursive restorecon
06-03 10:18:15.225 D/installd( 1335): Detected label change from u:object_r:system_data_file:s0 to u:object_r:app_data_file:s0:c512,c768 at /data/user_de/0/jp.jaxa.iss.kibo.rpc.defaultapk; running recursive restorecon
06-03 10:18:15.237 V/BackupManagerService( 1927): restoreAtInstall pkg=jp.jaxa.iss.kibo.rpc.defaultapk token=1 restoreSet=0
06-03 10:18:15.239 W/BackupManagerService( 1927): Requested unavailable transport: android/com.android.internal.backup.LocalTransport
06-03 10:18:15.240 W/BackupManagerService( 1927): No transport
06-03 10:18:15.240 V/BackupManagerService( 1927): Finishing install immediately
06-03 10:18:15.263 I/GnssLocationProvider( 1927): WakeLock acquired by sendMessage(3, 0, com.android.server.location.GnssLocationProvider$GpsRequest@d8e611a)
06-03 10:18:15.273 D/VoldConnector( 1927): SND -> {8 volume remount_uid 10064 default}
06-03 10:18:15.279 I/GnssLocationProvider( 1927): WakeLock released by handleMessage(3, 0, com.android.server.location.GnssLocationProvider$GpsRequest@d8e611a)
06-03 10:18:15.288 D/vold    ( 1281): Remounting 10064 as mode default
06-03 10:18:15.309 D/VoldConnector( 1927): RCV <- {200 8 Command succeeded}
06-03 10:18:15.316 I/GnssLocationProvider( 1927): WakeLock acquired by sendMessage(3, 0, com.android.server.location.GnssLocationProvider$GpsRequest@b51744b)
06-03 10:18:15.317 I/GnssLocationProvider( 1927): WakeLock released by handleMessage(3, 0, com.android.server.location.GnssLocationProvider$GpsRequest@b51744b)
06-03 10:18:15.320 D/VoldConnector( 1927): SND -> {9 volume remount_uid 10064 write}
06-03 10:18:15.322 D/vold    ( 1281): Remounting 10064 as mode write
06-03 10:18:15.336 D/VoldConnector( 1927): RCV <- {200 9 Command succeeded}
06-03 10:18:15.346 I/GnssLocationProvider( 1927): WakeLock acquired by sendMessage(3, 0, com.android.server.location.GnssLocationProvider$GpsRequest@1f8e28)
06-03 10:18:15.349 I/GnssLocationProvider( 1927): WakeLock released by handleMessage(3, 0, com.android.server.location.GnssLocationProvider$GpsRequest@1f8e28)
06-03 10:18:15.366 I/art     ( 1927): Starting a blocking GC Explicit
06-03 10:18:15.476 I/art     ( 1927): Explicit concurrent mark sweep GC freed 18711(1102KB) AllocSpace objects, 8(160KB) LOS objects, 29% free, 9MB/13MB, paused 1.902ms total 106.753ms
06-03 10:18:15.479 E/        ( 1335): Couldn't opendir /data/app/vmdl923116979.tmp: No such file or directory
06-03 10:18:15.546 I/art     ( 2941): System.exit called, status: 0
06-03 10:18:15.546 I/AndroidRuntime( 2941): VM exiting with result code 0.
06-03 10:18:15.647 I/InputReader( 1927): Reconfiguring input devices.  changes=0x00000010
06-03 10:18:15.691 W/art     ( 3112): Unexpected CPU variant for X86 using defaults: x86_64
06-03 10:18:15.720 W/ActivityManager( 1927): Slow operation: 107ms so far, now at startProcess: returned from zygote!
06-03 10:18:15.720 W/ActivityManager( 1927): Slow operation: 107ms so far, now at startProcess: done updating battery stats
06-03 10:18:15.721 W/ActivityManager( 1927): Slow operation: 108ms so far, now at startProcess: building log message
06-03 10:18:15.721 I/ActivityManager( 1927): Start proc 3112:com.android.gallery3d/u0a39 for broadcast com.android.gallery3d/.app.PackagesMonitor
06-03 10:18:15.721 W/ActivityManager( 1927): Slow operation: 108ms so far, now at startProcess: starting to update pids map
06-03 10:18:15.721 W/ActivityManager( 1927): Slow operation: 108ms so far, now at startProcess: done updating pids map
06-03 10:18:15.721 W/ActivityManager( 1927): Slow operation: 109ms so far, now at startProcess: done starting proc!
06-03 10:18:16.101 E/PhoneInterfaceManager( 2387): [PhoneIntfMgr] getCarrierPackageNamesForIntent: No UICC
06-03 10:18:16.101 D/CarrierSvcBindHelper( 2387): No carrier app for: 0
06-03 10:18:16.103 D/CarrierConfigLoader( 2387): mHandler: 9 phoneId: 0
06-03 10:18:16.497 W/VoiceInteractionManagerService( 1927): no available voice recognition services found for user 0
06-03 10:18:17.337 W/art     ( 3132): Unexpected CPU variant for X86 using defaults: x86_64
06-03 10:18:17.339 W/ActivityManager( 1927): Slow operation: 72ms so far, now at startProcess: returned from zygote!
06-03 10:18:17.340 W/ActivityManager( 1927): Slow operation: 73ms so far, now at startProcess: done updating battery stats
06-03 10:18:17.340 W/ActivityManager( 1927): Slow operation: 73ms so far, now at startProcess: building log message
06-03 10:18:17.340 I/ActivityManager( 1927): Start proc 3132:com.svox.pico/u0a49 for broadcast com.svox.pico/.VoiceDataInstallerReceiver
06-03 10:18:17.340 W/ActivityManager( 1927): Slow operation: 73ms so far, now at startProcess: starting to update pids map
06-03 10:18:17.340 W/ActivityManager( 1927): Slow operation: 73ms so far, now at startProcess: done updating pids map
06-03 10:18:17.340 W/ActivityManager( 1927): Slow operation: 74ms so far, now at startProcess: done starting proc!
06-03 10:18:40.946 D/AndroidRuntime( 3146): >>>>>> START com.android.internal.os.RuntimeInit uid 2000 <<<<<<
06-03 10:18:40.990 D/AndroidRuntime( 3146): CheckJNI is ON
06-03 10:18:41.391 W/art     ( 3146): Unexpected CPU variant for X86 using defaults: x86_64
06-03 10:18:41.442 D/ICU     ( 3146): No timezone override file found: /data/misc/zoneinfo/current/icu/icu_tzdata.dat
06-03 10:18:41.670 E/memtrack( 3146): Couldn't load memtrack module (No such file or directory)
06-03 10:18:41.670 E/android.os.Debug( 3146): failed to load memtrack module: -2
06-03 10:18:41.679 I/Radio-JNI( 3146): register_android_hardware_Radio DONE
06-03 10:18:41.829 D/AndroidRuntime( 3146): Calling main entry com.android.commands.am.Am
06-03 10:18:42.044 W/ActivityManager( 1927): Slow operation: 119ms so far, now at startProcess: returned from zygote!
06-03 10:18:42.054 I/art     ( 3156): Not late-enabling -Xcheck:jni (already on)
06-03 10:18:42.059 W/ActivityManager( 1927): Slow operation: 136ms so far, now at startProcess: done updating battery stats
06-03 10:18:42.060 W/ActivityManager( 1927): Slow operation: 137ms so far, now at startProcess: building log message
06-03 10:18:42.061 I/ActivityManager( 1927): Start proc 3156:gov.nasa.arc.astrobee.android.gs.manager/u0a63 for service gov.nasa.arc.astrobee.android.gs.manager/.ManagerService
06-03 10:18:42.061 W/ActivityManager( 1927): Slow operation: 138ms so far, now at startProcess: starting to update pids map
06-03 10:18:42.062 W/ActivityManager( 1927): Slow operation: 138ms so far, now at startProcess: done updating pids map
06-03 10:18:42.062 W/ActivityManager( 1927): Slow operation: 142ms so far, now at startProcess: done starting proc!
06-03 10:18:42.068 W/art     ( 1927): Long monitor contention with owner Binder:1927_3 (2162) at android.content.ComponentName com.android.server.am.ActivityManagerService.startService(android.app.IApplicationThread, android.content.Intent, java.lang.String, java.lang.String, int)(ActivityManagerService.java:17161) waiters=0 in void com.android.server.am.ActivityManagerService.dispatchUidsChanged() for 139ms
06-03 10:18:42.079 W/art     ( 3156): Unexpected CPU variant for X86 using defaults: x86_64
06-03 10:18:42.089 D/AndroidRuntime( 3146): Shutting down VM
06-03 10:18:42.305 I/ActivityManager( 1927): Killing 2823:com.android.keychain/1000 (adj 906): empty #17
06-03 10:18:42.526 D/ActivityManager( 1927): cleanUpApplicationRecord -- 2823
06-03 10:18:42.586 W/System  ( 3156): ClassLoader referenced unknown path: /data/app/gov.nasa.arc.astrobee.android.gs.manager-1/lib/x86_64
06-03 10:18:43.652 E/Notification( 3156): setLatestEventInfo() is deprecated and you should feel deprecated.
06-03 10:18:43.652 E/Notification( 3156): java.lang.Throwable
06-03 10:18:43.652 E/Notification( 3156): 	at android.app.Notification.setLatestEventInfo(Notification.java:2076)
06-03 10:18:43.652 E/Notification( 3156): 	at org.ros.android.NodeMainExecutorService.onStartCommand(NodeMainExecutorService.java:220)
06-03 10:18:43.652 E/Notification( 3156): 	at android.app.ActivityThread.handleServiceArgs(ActivityThread.java:3326)
06-03 10:18:43.652 E/Notification( 3156): 	at android.app.ActivityThread.-wrap21(ActivityThread.java)
06-03 10:18:43.652 E/Notification( 3156): 	at android.app.ActivityThread$H.handleMessage(ActivityThread.java:1582)
06-03 10:18:43.652 E/Notification( 3156): 	at android.os.Handler.dispatchMessage(Handler.java:102)
06-03 10:18:43.652 E/Notification( 3156): 	at android.os.Looper.loop(Looper.java:154)
06-03 10:18:43.652 E/Notification( 3156): 	at android.app.ActivityThread.main(ActivityThread.java:6119)
06-03 10:18:43.652 E/Notification( 3156): 	at java.lang.reflect.Method.invoke(Native Method)
06-03 10:18:43.652 E/Notification( 3156): 	at com.android.internal.os.ZygoteInit$MethodAndArgsCaller.run(ZygoteInit.java:886)
06-03 10:18:43.652 E/Notification( 3156): 	at com.android.internal.os.ZygoteInit.main(ZygoteInit.java:776)
06-03 10:18:44.418 W/art     ( 3156): Long monitor contention with owner AsyncTask #1 (3177) at void android.os.MessageQueue.nativeWake(long)(MessageQueue.java:-2) waiters=0 in android.os.Message android.os.MessageQueue.next() for 284ms
06-03 10:18:45.383 I/Registrar( 3156): MasterXmlRpcEndpoint URI: http://llp:11311
06-03 10:18:45.567 I/Registrar( 3156): Registering publisher: Publisher<PublisherDefinition<PublisherIdentifier<NodeIdentifier</guest_science_manager, http://hlp:60415/>, TopicIdentifier</rosout>>, Topic<TopicIdentifier</rosout>, TopicDescription<rosgraph_msgs/Log, acffd30cd6b6de30f120938c17c593fb>>>>
06-03 10:18:46.092 I/Registrar( 3156): Response<Success, Registered [/guest_science_manager] as publisher of [/rosout], [http://10.42.0.34:32964/]>
