06-03 10:13:03.926 I/MediaPlayerService( 1346): MediaPlayerService::getOMX
06-03 10:13:03.928 I/OMXClient( 1346): MuxOMX ctor
06-03 10:13:03.929 I/OMXMaster( 1337): makeComponentInstance(OMX.google.amrwb.decoder) in mediacodec process
06-03 10:13:03.930 V/vold    ( 1281): Waiting for FUSE to spin up...
06-03 10:13:04.143 V/vold    ( 1281): Waiting for FUSE to spin up...
06-03 10:13:04.201 V/vold    ( 1281): Waiting for FUSE to spin up...
06-03 10:13:04.260 V/vold    ( 1281): Waiting for FUSE to spin up...
06-03 10:13:04.315 V/vold    ( 1281): Waiting for FUSE to spin up...
06-03 10:13:04.367 V/vold    ( 1281): Waiting for FUSE to spin up...
06-03 10:13:04.418 V/vold    ( 1281): Waiting for FUSE to spin up...
06-03 10:13:04.646 D/VoldConnector( 1927): RCV <- {651 emulated 2}
06-03 10:13:04.658 I/MediaPlayerService( 1346): MediaPlayerService::getOMX
06-03 10:13:04.685 I/OMXClient( 1346): MuxOMX ctor
06-03 10:13:04.754 I/OMXMaster( 1337): makeComponentInstance(OMX.google.aac.decoder) in mediacodec process
06-03 10:13:04.838 D/VoldConnector( 1927): RCV <- {200 6 Command succeeded}
06-03 10:13:04.959 E/VoldConnector( 1927): NDC Command {6 volume mount emulated 3 -1} took too long (2183ms)
06-03 10:13:05.602 I/MediaPlayerService( 1346): MediaPlayerService::getOMX
06-03 10:13:05.603 I/OMXClient( 1346): MuxOMX ctor
06-03 10:13:05.604 I/OMXMaster( 1337): makeComponentInstance(OMX.google.g711.alaw.decoder) in mediacodec process
06-03 10:13:06.177 V/SystemUIService( 2183): Starting SystemUI services for user 0.
06-03 10:13:06.333 I/art     ( 2217): System.exit called, status: 0
06-03 10:13:06.334 I/AndroidRuntime( 2217): VM exiting with result code 0, cleanup skipped.
06-03 10:13:06.511 W/ActivityManager( 1927): Slow operation: 72ms so far, now at getContentProviderImpl: after updateOomAdj
06-03 10:13:06.511 W/ActivityManager( 1927): Slow operation: 73ms so far, now at getContentProviderImpl: done!
06-03 10:13:06.682 I/LatinIME( 2177): Hardware accelerated drawing: true
06-03 10:13:06.862 I/art     ( 2222): System.exit called, status: 0
06-03 10:13:06.863 I/AndroidRuntime( 2222): VM exiting with result code 0, cleanup skipped.
06-03 10:13:06.955 I/MediaPlayerService( 1346): MediaPlayerService::getOMX
06-03 10:13:06.957 I/OMXClient( 1346): MuxOMX ctor
06-03 10:13:06.958 I/OMXMaster( 1337): makeComponentInstance(OMX.google.g711.mlaw.decoder) in mediacodec process
06-03 10:13:07.067 V/MediaRouter( 2183): Adding route: RouteInfo{ name=Phone, description=null, status=null, category=RouteCategory{ name=null types=ROUTE_TYPE_LIVE_AUDIO ROUTE_TYPE_LIVE_VIDEO  groupable=false }, supportedTypes=ROUTE_TYPE_LIVE_AUDIO ROUTE_TYPE_LIVE_VIDEO , presentationDisplay=null }
06-03 10:13:07.099 V/MediaRouter( 2183): Updating audio routes: AudioRoutesInfo{ type=SPEAKER }
06-03 10:13:07.231 V/MediaRouter( 2183): Selecting route: RouteInfo{ name=Phone, description=null, status=null, category=RouteCategory{ name=null types=ROUTE_TYPE_LIVE_AUDIO ROUTE_TYPE_LIVE_VIDEO  groupable=false }, supportedTypes=ROUTE_TYPE_LIVE_AUDIO ROUTE_TYPE_LIVE_VIDEO , presentationDisplay=null }
06-03 10:13:08.020 I/MediaPlayerService( 1346): MediaPlayerService::getOMX
06-03 10:13:08.082 I/OMXClient( 1346): MuxOMX ctor
06-03 10:13:08.083 I/OMXMaster( 1337): makeComponentInstance(OMX.google.vorbis.decoder) in mediacodec process
06-03 10:13:08.170 W/ProcessCpuTracker( 1927): Skipping unknown process pid 2278
06-03 10:13:08.705 E/NetdConnector( 1927): NDC Command {3 bandwidth enable} took too long (6093ms)
06-03 10:13:08.990 E/WVMExtractor( 2183): Failed to open libwvm.so: dlopen failed: library "libwvm.so" not found
06-03 10:13:09.102 I/MediaPlayerService( 1346): MediaPlayerService::getOMX
06-03 10:13:09.104 I/OMXClient( 1346): MuxOMX ctor
06-03 10:13:09.105 I/OMXMaster( 1337): makeComponentInstance(OMX.google.opus.decoder) in mediacodec process
06-03 10:13:10.131 W/BroadcastQueue( 1927): Timeout of broadcast BroadcastRecord{524cde4 u-1 android.intent.action.TIME_TICK} - receiver=android.app.LoadedApk$ReceiverDispatcher$InnerReceiver@a538cac, started 10002ms ago
06-03 10:13:10.132 W/BroadcastQueue( 1927): Receiver during timeout: BroadcastFilter{f98410a u0 ReceiverList{3777d75 1927 system/1000/u0 local:a538cac}}
06-03 10:13:10.698 W/InputAttributes( 2177): No editor info for this field. Bug?
06-03 10:13:10.883 I/MediaPlayerService( 1346): MediaPlayerService::getOMX
06-03 10:13:10.885 I/OMXClient( 1346): MuxOMX ctor
06-03 10:13:10.886 I/OMXMaster( 1337): makeComponentInstance(OMX.google.raw.decoder) in mediacodec process
06-03 10:13:11.026 I/MediaPlayerService( 1346): MediaPlayerService::getOMX
06-03 10:13:11.027 I/OMXClient( 1346): MuxOMX ctor
06-03 10:13:11.028 I/OMXMaster( 1337): makeComponentInstance(OMX.google.aac.encoder) in mediacodec process
06-03 10:13:11.364 I/MediaPlayerService( 1346): MediaPlayerService::getOMX
06-03 10:13:11.366 I/OMXClient( 1346): MuxOMX ctor
06-03 10:13:11.366 I/OMXMaster( 1337): makeComponentInstance(OMX.google.amrnb.encoder) in mediacodec process
06-03 10:13:11.533 I/MediaPlayerService( 1346): MediaPlayerService::getOMX
06-03 10:13:11.534 I/OMXClient( 1346): MuxOMX ctor
06-03 10:13:11.535 I/OMXMaster( 1337): makeComponentInstance(OMX.google.amrwb.encoder) in mediacodec process
06-03 10:13:11.574 I/LatinIME:LogUtils( 2177): Dictionary info: dictionary = userunigram.en_US ; version = 1591179191 ; date = ?
06-03 10:13:11.587 E/ActivityThread( 2177): Failed to find provider info for user_dictionary
06-03 10:13:11.659 I/MediaPlayerService( 1346): MediaPlayerService::getOMX
06-03 10:13:11.685 I/OMXClient( 1346): MuxOMX ctor
06-03 10:13:11.686 I/OMXMaster( 1337): makeComponentInstance(OMX.google.flac.encoder) in mediacodec process
06-03 10:13:11.743 I/LatinIME:LogUtils( 2177): Dictionary info: dictionary = UserHistoryDictionary.en_US ; version = 1591179191 ; date = ?
06-03 10:13:12.065 E/NetdConnector( 1927): NDC Command {4 strict enable} took too long (3342ms)
06-03 10:13:12.066 W/NetworkManagement( 1927): setDataSaverMode(): already false
06-03 10:13:12.114 I/vol.Events( 2183): writeEvent collection_started
06-03 10:13:12.265 I/vol.Events( 2183): writeEvent external_ringer_mode_changed normal
06-03 10:13:12.266 I/vol.Events( 2183): writeEvent internal_ringer_mode_changed normal
06-03 10:13:12.710 I/MediaPlayerService( 1346): MediaPlayerService::getOMX
06-03 10:13:12.730 I/OMXClient( 1346): MuxOMX ctor
06-03 10:13:12.740 I/OMXMaster( 1337): makeComponentInstance(OMX.google.gsm.decoder) in mediacodec process
06-03 10:13:14.120 I/MediaPlayerService( 1346): MediaPlayerService::getOMX
06-03 10:13:14.151 I/OMXClient( 1346): MuxOMX ctor
06-03 10:13:14.152 I/OMXMaster( 1337): makeComponentInstance(OMX.google.mpeg4.decoder) in mediacodec process
06-03 10:13:14.777 E/OMXNodeInstance( 1337): getExtensionIndex(539000f:google.mpeg4.decoder, OMX.google.android.index.configureVideoTunnelMode) ERROR: UnsupportedIndex(0x8000101a)
06-03 10:13:14.779 W/OMXNodeInstance( 1337): [539000f:google.mpeg4.decoder] component does not support metadata mode; using fallback
06-03 10:13:14.963 E/NetdConnector( 1927): NDC Command {7 bandwidth setglobalalert 2097152} took too long (2685ms)
06-03 10:13:15.007 D/NetworkPolicy( 1927): setRestrictBackgroundUL(): false
06-03 10:13:15.020 I/MediaPlayerService( 1346): MediaPlayerService::getOMX
06-03 10:13:15.043 W/NetworkManagement( 1927): setDataSaverMode(): already false
06-03 10:13:15.044 I/OMXClient( 1346): MuxOMX ctor
06-03 10:13:15.045 I/OMXMaster( 1337): makeComponentInstance(OMX.google.h263.decoder) in mediacodec process
06-03 10:13:15.829 W/AudioService( 1927): onLoadSoundEffects(), Error 1 while loading samples
06-03 10:13:16.318 E/OMXNodeInstance( 1337): getExtensionIndex(5390010:google.h263.decoder, OMX.google.android.index.configureVideoTunnelMode) ERROR: UnsupportedIndex(0x8000101a)
06-03 10:13:16.319 W/OMXNodeInstance( 1337): [5390010:google.h263.decoder] component does not support metadata mode; using fallback
06-03 10:13:16.395 I/MediaPlayerService( 1346): MediaPlayerService::getOMX
06-03 10:13:16.396 I/OMXClient( 1346): MuxOMX ctor
06-03 10:13:16.397 I/OMXMaster( 1337): makeComponentInstance(OMX.google.h264.decoder) in mediacodec process
06-03 10:13:16.618 I/vol.Events( 2183): writeEvent level_changed STREAM_ALARM 6
06-03 10:13:16.664 I/vol.Events( 2183): writeEvent level_changed STREAM_BLUETOOTH_SCO 7
06-03 10:13:16.792 I/vol.Events( 2183): writeEvent level_changed STREAM_MUSIC 11
06-03 10:13:16.822 I/vol.Events( 2183): writeEvent level_changed STREAM_RING 5
06-03 10:13:16.828 I/vol.Events( 2183): writeEvent level_changed STREAM_SYSTEM 5
06-03 10:13:16.942 I/vol.Events( 2183): writeEvent level_changed STREAM_VOICE_CALL 4
06-03 10:13:16.994 W/art     ( 1927): Long monitor contention with owner NetworkPolicy (2132) at boolean android.os.BinderProxy.transactNative(int, android.os.Parcel, android.os.Parcel, int)(Binder.java:-2) waiters=0 in void com.android.server.NetworkManagementService.setFirewallChainEnabled(int, boolean) for 1.743s
06-03 10:13:17.740 W/ACodec  ( 1346): [OMX.google.h264.decoder] stopping checking profiles after 32: 2/8000
06-03 10:13:17.743 E/OMXNodeInstance( 1337): getExtensionIndex(5390011:google.h264.decoder, OMX.google.android.index.configureVideoTunnelMode) ERROR: UnsupportedIndex(0x8000101a)
06-03 10:13:17.744 W/OMXNodeInstance( 1337): [5390011:google.h264.decoder] component does not support metadata mode; using fallback
06-03 10:13:17.786 I/MediaPlayerService( 1346): MediaPlayerService::getOMX
06-03 10:13:17.787 I/OMXClient( 1346): MuxOMX ctor
06-03 10:13:17.788 I/OMXMaster( 1337): makeComponentInstance(OMX.google.hevc.decoder) in mediacodec process
06-03 10:13:18.034 D/StorageNotification( 2183): Notifying about private volume: VolumeInfo{private}:
06-03 10:13:18.034 D/StorageNotification( 2183):     type=PRIVATE diskId=null partGuid=null mountFlags=0 mountUserId=-1 
06-03 10:13:18.034 D/StorageNotification( 2183):     state=MOUNTED 
06-03 10:13:18.034 D/StorageNotification( 2183):     fsType=null fsUuid=null fsLabel=null 
06-03 10:13:18.034 D/StorageNotification( 2183):     path=/data internalPath=null 
06-03 10:13:18.097 I/art     ( 1927): Background sticky concurrent mark sweep GC freed 37826(2MB) AllocSpace objects, 18(420KB) LOS objects, 20% free, 13MB/16MB, paused 53.704ms total 716.778ms
06-03 10:13:18.351 W/ActivityManager( 1927): Timeout executing service: ServiceRecord{2d52fdf u0 com.android.server.telecom/.components.TelecomService}
06-03 10:13:18.962 I/Process ( 1927): Sending signal. PID: 1927 SIG: 3
06-03 10:13:18.975 I/art     ( 1927): Thread[2,tid=1931,WaitingInMainSignalCatcherLoop,Thread*=0x72e03ae0d000,peer=0x12c010d0,"Signal Catcher"]: reacting to signal 3
06-03 10:13:18.975 I/art     ( 1927): 
06-03 10:13:19.762 I/Choreographer( 2183): Skipped 148 frames!  The application may be doing too much work on its main thread.
06-03 10:13:19.962 E/OMXNodeInstance( 1337): getExtensionIndex(5390012:google.hevc.decoder, OMX.google.android.index.configureVideoTunnelMode) ERROR: UnsupportedIndex(0x8000101a)
06-03 10:13:19.970 I/Process ( 1927): Sending signal. PID: 2183 SIG: 3
06-03 10:13:19.972 I/art     ( 2183): Thread[3,tid=2191,WaitingInMainSignalCatcherLoop,Thread*=0x72e041a96400,peer=0x12c005e0,"Signal Catcher"]: reacting to signal 3
06-03 10:13:19.972 I/art     ( 2183): 
06-03 10:13:20.002 W/OMXNodeInstance( 1337): [5390012:google.hevc.decoder] component does not support metadata mode; using fallback
06-03 10:13:20.227 I/MediaPlayerService( 1346): MediaPlayerService::getOMX
06-03 10:13:20.243 I/OMXClient( 1346): MuxOMX ctor
06-03 10:13:20.248 I/OMXMaster( 1337): makeComponentInstance(OMX.google.vp8.decoder) in mediacodec process
06-03 10:13:20.601 W/art     ( 1927): Long monitor contention with owner Binder:1927_5 (2340) at int com.android.server.wm.WindowManagerService.relayoutWindow(com.android.server.wm.Session, android.view.IWindow, int, android.view.WindowManager$LayoutParams, int, int, int, int, android.graphics.Rect, android.graphics.Rect, android.graphics.Rect, android.graphics.Rect, android.graphics.Rect, android.graphics.Rect, android.graphics.Rect, android.content.res.Configuration, android.view.Surface)(WindowManagerService.java:2857) waiters=0 in void com.android.server.wm.WindowManagerService$H.handleMessage(android.os.Message) for 610ms
06-03 10:13:21.200 W/art     ( 2177): Long monitor contention with owner AsyncTask #1 (2306) at void android.os.MessageQueue.nativeWake(long)(MessageQueue.java:-2) waiters=0 in android.os.Message android.os.MessageQueue.next() for 2.878s
06-03 10:13:21.293 I/art     ( 2183): Wrote stack traces to '/data/anr/traces.txt'
06-03 10:13:21.348 E/OMXNodeInstance( 1337): getExtensionIndex(5390013:google.vp8.decoder, OMX.google.android.index.configureVideoTunnelMode) ERROR: UnsupportedIndex(0x8000101a)
06-03 10:13:21.349 W/OMXNodeInstance( 1337): [5390013:google.vp8.decoder] component does not support metadata mode; using fallback
06-03 10:13:21.460 I/MediaPlayerService( 1346): MediaPlayerService::getOMX
06-03 10:13:21.462 I/OMXClient( 1346): MuxOMX ctor
06-03 10:13:21.463 I/OMXMaster( 1337): makeComponentInstance(OMX.google.vp9.decoder) in mediacodec process
06-03 10:13:22.148 E/OMXNodeInstance( 1337): getExtensionIndex(5390014:google.vp9.decoder, OMX.google.android.index.configureVideoTunnelMode) ERROR: UnsupportedIndex(0x8000101a)
06-03 10:13:22.148 W/OMXNodeInstance( 1337): [5390014:google.vp9.decoder] component does not support metadata mode; using fallback
06-03 10:13:22.199 I/MediaPlayerService( 1346): MediaPlayerService::getOMX
06-03 10:13:22.221 I/OMXClient( 1346): MuxOMX ctor
06-03 10:13:22.222 I/OMXMaster( 1337): makeComponentInstance(OMX.google.h263.encoder) in mediacodec process
06-03 10:13:22.678 I/SoftMPEG4Encoder( 1337): Construct SoftMPEG4Encoder
06-03 10:13:22.699 W/ACodec  ( 1346): do not know color format 0x7f000789 = 2130708361
06-03 10:13:22.753 E/OMXNodeInstance( 1337): getConfig(5390015:google.h263.encoder, ConfigAndroidIntraRefresh(0x6f60000a)) ERROR: Undefined(0x80001001)
06-03 10:13:22.796 I/MediaPlayerService( 1346): MediaPlayerService::getOMX
06-03 10:13:22.798 I/OMXClient( 1346): MuxOMX ctor
06-03 10:13:22.799 I/OMXMaster( 1337): makeComponentInstance(OMX.google.h264.encoder) in mediacodec process
06-03 10:13:23.205 W/        ( 1280): debuggerd: handling request: pid=1327 uid=1000 gid=1003 tid=1327
06-03 10:13:23.629 W/ACodec  ( 1346): do not know color format 0x7f000789 = 2130708361
06-03 10:13:23.715 I/MediaPlayerService( 1346): MediaPlayerService::getOMX
06-03 10:13:23.721 I/OMXClient( 1346): MuxOMX ctor
06-03 10:13:23.722 I/OMXMaster( 1337): makeComponentInstance(OMX.google.mpeg4.encoder) in mediacodec process
06-03 10:13:23.961 E/NetdConnector( 1927): NDC Command {8 firewall enable_chain standby} took too long (6966ms)
06-03 10:13:23.990 E/NetdConnector( 1927): NDC Command {9 bandwidth gettetherstats} took too long (6628ms)
06-03 10:13:24.377 I/SoftMPEG4Encoder( 1337): Construct SoftMPEG4Encoder
06-03 10:13:24.389 W/ACodec  ( 1346): do not know color format 0x7f000789 = 2130708361
06-03 10:13:24.397 I/SystemServiceManager( 1927): Starting phase 600
06-03 10:13:24.436 E/OMXNodeInstance( 1337): getConfig(5390017:google.mpeg4.encoder, ConfigAndroidIntraRefresh(0x6f60000a)) ERROR: Undefined(0x80001001)
06-03 10:13:24.531 I/MediaPlayerService( 1346): MediaPlayerService::getOMX
06-03 10:13:24.533 I/OMXClient( 1346): MuxOMX ctor
06-03 10:13:24.534 I/OMXMaster( 1337): makeComponentInstance(OMX.google.vp8.encoder) in mediacodec process
06-03 10:13:24.548 W/        ( 1280): debuggerd: resuming target 1327
06-03 10:13:24.553 W/        ( 1280): debuggerd: handling request: pid=1332 uid=1041 gid=1005 tid=1332
06-03 10:13:24.645 W/        ( 1279): debuggerd: handling request: pid=1332 uid=1041 gid=1005 tid=1332
06-03 10:13:24.804 D/SensorNotificationService( 1927): Cannot obtain dynamic meta sensor, not supported.
06-03 10:13:25.085 I/GnssLocationProvider( 1927): WakeLock acquired by sendMessage(13, 0, null)
06-03 10:13:25.144 W/LocationManagerService( 1927): no network location provider found
06-03 10:13:25.244 E/LocationManagerService( 1927): no geocoder provider found
06-03 10:13:25.245 E/FlpHardwareProvider( 1927): Error hw_get_module 'flp': -2
06-03 10:13:25.246 D/LocationManagerService( 1927): FLP HAL not supported
06-03 10:13:25.323 D/LocationManagerService( 1927): Unable to bind FLP Geofence proxy.
06-03 10:13:25.324 E/ActivityRecognitionHardware( 1927): Error hw_get_module: -2
06-03 10:13:25.324 D/LocationManagerService( 1927): Hardware Activity-Recognition not supported.
06-03 10:13:25.326 E/ActivityRecognitionProxy( 1927): ServiceWatcher could not start.
06-03 10:13:25.327 D/LocationManagerService( 1927): Unable to bind ActivityRecognitionProxy.
06-03 10:13:25.329 I/GnssLocationProvider( 1927): WakeLock acquired by sendMessage(2, 1, null)
06-03 10:13:25.437 I/CommonTimeManagementService( 1927): No common time service detected on this platform.  Common time services will be unavailable.
06-03 10:13:25.470 I/InputReader( 1927): Reconfiguring input devices.  changes=0x00000020
06-03 10:13:25.573 I/MmsServiceBroker( 1927): Delay connecting to MmsService until an API is called
06-03 10:13:25.710 W/VoiceInteractionManagerService( 1927): no available voice interaction services found for user 0
06-03 10:13:25.711 W/VoiceInteractionManagerService( 1927): no available voice recognition services found for user 0
06-03 10:13:25.721 I/InputReader( 1927): Reconfiguring input devices.  changes=0x00000010
06-03 10:13:25.948 W/ACodec  ( 1346): do not know color format 0x7f000789 = 2130708361
06-03 10:13:25.949 E/OMXNodeInstance( 1337): getConfig(5390018:google.vp8.encoder, ConfigAndroidIntraRefresh(0x6f60000a)) ERROR: Undefined(0x80001001)
06-03 10:13:25.983 W/ActivityManager( 1927): Slow operation: 250ms so far, now at startProcess: returned from zygote!
06-03 10:13:25.983 W/ActivityManager( 1927): Slow operation: 251ms so far, now at startProcess: done updating battery stats
06-03 10:13:25.984 W/ActivityManager( 1927): Slow operation: 252ms so far, now at startProcess: building log message
06-03 10:13:25.984 I/ActivityManager( 1927): Start proc 2387:com.android.phone/1001 for added application com.android.phone
06-03 10:13:25.985 W/ActivityManager( 1927): Slow operation: 253ms so far, now at startProcess: starting to update pids map
06-03 10:13:25.985 W/ActivityManager( 1927): Slow operation: 253ms so far, now at startProcess: done updating pids map
06-03 10:13:26.021 I/ActivityManager( 1927): START u0 {act=android.intent.action.MAIN cat=[android.intent.category.HOME] flg=0x10000100 cmp=com.android.settings/.FallbackHome} from uid 0 on display 0
06-03 10:13:26.059 W/System  ( 1927): ClassLoader referenced unknown path: 
06-03 10:13:26.085 W/System  ( 1927): ClassLoader referenced unknown path: /system/priv-app/Settings/lib/x86_64
06-03 10:13:26.100 I/MediaPlayerService( 1346): MediaPlayerService::getOMX
06-03 10:13:26.102 I/OMXClient( 1346): MuxOMX ctor
06-03 10:13:26.168 I/MediaPlayerService( 1346): MediaPlayerService::getOMX
06-03 10:13:26.180 I/OMXClient( 1346): MuxOMX ctor
06-03 10:13:26.181 W/MediaCodecList( 1346): unable to open media codecs configuration xml file: /data/misc/media/media_codecs_profiling_results.xml
06-03 10:13:26.215 I/MediaPlayerService( 1346): MediaPlayerService::getOMX
06-03 10:13:26.218 I/OMXClient( 2183): MuxOMX ctor
06-03 10:13:26.288 W/        ( 1279): debuggerd: resuming target 1332
06-03 10:13:26.293 W/        ( 1280): debuggerd: handling request: pid=1333 uid=1047 gid=1005 tid=1333
06-03 10:13:26.295 W/        ( 1279): debuggerd: handling request: pid=1333 uid=1047 gid=1005 tid=1333
06-03 10:13:26.311 I/OMXMaster( 1337): makeComponentInstance(OMX.google.vorbis.decoder) in mediacodec process
06-03 10:13:26.343 W/art     ( 2387): Unexpected CPU variant for X86 using defaults: x86_64
06-03 10:13:26.481 I/MediaPlayerService( 1346): MediaPlayerService::getOMX
06-03 10:13:26.484 I/OMXClient( 1927): MuxOMX ctor
06-03 10:13:26.515 D/ApplicationLoaders( 1927): ignored Vulkan layer search path /system/priv-app/Settings/lib/x86_64:/system/priv-app/Settings/Settings.apk!/lib/x86_64:/system/lib64:/vendor/lib64 for namespace 0x72e046391160
06-03 10:13:26.639 I/ActivityManager( 1927): Loaded persisted task ids for user 0
06-03 10:13:26.760 I/art     ( 1927): Wrote stack traces to '/data/anr/traces.txt'
06-03 10:13:27.065 W/        ( 1279): debuggerd: resuming target 1333
06-03 10:13:27.069 W/        ( 1280): debuggerd: handling request: pid=1334 uid=1019 gid=1019 tid=1334
06-03 10:13:27.090 W/ActivityManager( 1927): Slow operation: 71ms so far, now at startProcess: building args
06-03 10:13:27.091 W/ActivityManager( 1927): Slow operation: 72ms so far, now at startProcess: asking zygote to start proc
06-03 10:13:27.104 W/        ( 1279): debuggerd: handling request: pid=1334 uid=1019 gid=1019 tid=1334
06-03 10:13:27.153 I/OMXMaster( 1337): makeComponentInstance(OMX.google.vorbis.decoder) in mediacodec process
06-03 10:13:27.282 W/ActivityManager( 1927): Slow operation: 263ms so far, now at startProcess: returned from zygote!
06-03 10:13:27.283 W/ActivityManager( 1927): Slow operation: 264ms so far, now at startProcess: done updating battery stats
06-03 10:13:27.283 W/ActivityManager( 1927): Slow operation: 264ms so far, now at startProcess: building log message
06-03 10:13:27.283 I/ActivityManager( 1927): Start proc 2407:com.android.settings/1000 for activity com.android.settings/.FallbackHome
06-03 10:13:27.283 W/ActivityManager( 1927): Slow operation: 264ms so far, now at startProcess: starting to update pids map
06-03 10:13:27.283 W/ActivityManager( 1927): Slow operation: 264ms so far, now at startProcess: done updating pids map
06-03 10:13:27.283 W/ActivityManager( 1927): Slow operation: 264ms so far, now at startProcess: done starting proc!
06-03 10:13:27.323 W/art     ( 1927): Long monitor contention with owner main (1927) at void com.android.server.am.ActivityManagerService.systemReady(java.lang.Runnable)(ActivityManagerService.java:13368) waiters=0 in void com.android.server.am.ActivityManagerService.dispatchUidsChanged() for 1.593s
06-03 10:13:27.326 W/art     ( 1927): Long monitor contention with owner main (1927) at void com.android.server.am.ActivityManagerService.systemReady(java.lang.Runnable)(ActivityManagerService.java:13368) waiters=1 in void com.android.server.am.ActivityManagerService.attachApplication(android.app.IApplicationThread) for 431ms
06-03 10:13:27.344 I/SystemServer( 1927): Enabled StrictMode for system server main thread.
06-03 10:13:27.505 W/art     ( 2407): Unexpected CPU variant for X86 using defaults: x86_64
06-03 10:13:27.521 I/StatusBarManagerService( 1927): registerStatusBar bar=com.android.internal.statusbar.IStatusBar$Stub$Proxy@d66e9a1
06-03 10:13:27.576 D/ConditionProviders.SCP( 1927): onConnected
06-03 10:13:27.578 D/ZenLog  ( 1927): set_zen_mode: off,readXml
06-03 10:13:27.647 D/ConditionProviders( 1927): Subscribing to condition://android/schedule?days=1.2.3.4.5&start=22.0&end=7.0&exitAtAlarm=false with ComponentInfo{android/com.android.server.notification.ScheduleConditionProvider}
06-03 10:13:27.648 D/ZenLog  ( 1927): subscribe: condition://android/schedule?days=1.2.3.4.5&start=22.0&end=7.0&exitAtAlarm=false,ok
06-03 10:13:27.649 D/ConditionProviders( 1927): Subscribing to condition://android/schedule?days=6.7&start=23.30&end=10.0&exitAtAlarm=false with ComponentInfo{android/com.android.server.notification.ScheduleConditionProvider}
06-03 10:13:27.649 D/ZenLog  ( 1927): subscribe: condition://android/schedule?days=6.7&start=23.30&end=10.0&exitAtAlarm=false,ok
06-03 10:13:27.718 D/ConditionProviders( 1927): Subscribing to condition://android/event?userId=-10000&calendar=&reply=1 with ComponentInfo{android/com.android.server.notification.EventConditionProvider}
06-03 10:13:27.719 D/ZenLog  ( 1927): subscribe: condition://android/event?userId=-10000&calendar=&reply=1,ok
06-03 10:13:27.770 W/        ( 1279): debuggerd: resuming target 1334
06-03 10:13:27.773 W/        ( 1280): debuggerd: handling request: pid=1337 uid=1046 gid=1006 tid=1337
06-03 10:13:27.775 W/        ( 1279): debuggerd: handling request: pid=1337 uid=1046 gid=1006 tid=1337
06-03 10:13:28.163 D/PermissionCache( 1327): checking android.permission.READ_FRAME_BUFFER for uid=1000 => granted (25990 us)
06-03 10:13:28.227 D/gralloc ( 1327): Registering a buffer in the process that created it. This may cause memory ordering problems.
06-03 10:13:28.229 E/libEGL  ( 1327): called unimplemented OpenGL ES API
06-03 10:13:28.229 E/SurfaceFlinger( 1327): glCheckFramebufferStatusOES error 213983757
06-03 10:13:28.229 E/SurfaceFlinger( 1327): got GL_FRAMEBUFFER_COMPLETE_OES error while taking screenshot
06-03 10:13:28.435 W/System  ( 2387): ClassLoader referenced unknown path: /system/priv-app/TeleService/lib/x86_64
06-03 10:13:28.611 W/art     ( 1927): Long monitor contention with owner Binder:1927_1 (1945) at void com.android.server.am.ActivityManagerService.attachApplication(android.app.IApplicationThread)(ActivityManagerService.java:6669) waiters=0 in void com.android.server.am.ActivityManagerService$LocalService.notifyAppTransitionCancelled() for 630ms
06-03 10:13:28.620 W/art     ( 1927): Long monitor contention with owner Binder:1927_1 (1945) at void com.android.server.am.ActivityManagerService.attachApplication(android.app.IApplicationThread)(ActivityManagerService.java:6669) waiters=1 in int com.android.server.am.ActivityManagerService.getMemoryTrimLevel() for 532ms
06-03 10:13:28.623 W/art     ( 1927): Long monitor contention with owner Binder:1927_1 (1945) at void com.android.server.am.ActivityManagerService.attachApplication(android.app.IApplicationThread)(ActivityManagerService.java:6669) waiters=2 in void com.android.server.am.ActivityManagerService.dispatchProcessesChanged() for 208ms
06-03 10:13:28.653 I/WifiScanningService( 1927): wifi driver unloaded
06-03 10:13:28.655 D/RttService( 1927): SCAN_AVAILABLE : 1
06-03 10:13:28.657 D/RttService( 1927): DefaultState got{ when=-1ms what=160513 target=com.android.internal.util.StateMachine$SmHandler }
06-03 10:13:28.658 D/ZenLog  ( 1927): set_zen_mode: off,cleanUpZenRules
06-03 10:13:28.784 W/System  ( 2407): ClassLoader referenced unknown path: /system/priv-app/Settings/lib/x86_64
06-03 10:13:28.904 W/System  ( 1927): ClassLoader referenced unknown path: /system/priv-app/Telecom/lib/x86_64
06-03 10:13:28.909 D/ApplicationLoaders( 1927): ignored Vulkan layer search path /system/priv-app/Telecom/lib/x86_64:/system/priv-app/Telecom/Telecom.apk!/lib/x86_64:/system/lib64:/vendor/lib64 for namespace 0x72e0463911d0
06-03 10:13:29.133 W/        ( 1279): debuggerd: resuming target 1337
06-03 10:13:29.137 W/        ( 1280): debuggerd: handling request: pid=1344 uid=1013 gid=1031 tid=1344
06-03 10:13:29.139 W/        ( 1279): debuggerd: handling request: pid=1344 uid=1013 gid=1031 tid=1344
06-03 10:13:29.477 W/System  ( 2387): ClassLoader referenced unknown path: /system/priv-app/TelephonyProvider/lib/x86_64
06-03 10:13:29.553 D/ApplicationLoaders( 2387): ignored Vulkan layer search path /system/priv-app/TelephonyProvider/lib/x86_64:/system/lib64:/vendor/lib64 for namespace 0x72e0463810f0
06-03 10:13:30.257 W/        ( 1279): debuggerd: resuming target 1344
06-03 10:13:30.371 W/WindowManager( 1927): App freeze timeout expired.
06-03 10:13:30.372 W/WindowManager( 1927): Force clearing freeze: AppWindowToken{1e19e08 token=Token{cb35fa ActivityRecord{4da7025 u0 com.android.settings/.FallbackHome t1}}}
06-03 10:13:30.411 W/        ( 1280): debuggerd: handling request: pid=1345 uid=1040 gid=1026 tid=1345
06-03 10:13:30.413 W/        ( 1279): debuggerd: handling request: pid=1345 uid=1040 gid=1026 tid=1345
06-03 10:13:30.516 D/gralloc_ranchu( 2407): Emulator without host-side GPU emulation detected. Loading gralloc.default.so from /vendor/lib64/hw/gralloc.goldfish.default.so...
06-03 10:13:30.532 D/gralloc_ranchu( 2407): gralloc.default.so not found in /vendor. Trying /system/lib64/hw/gralloc.goldfish.default.so...
06-03 10:13:30.573 E/BluetoothAdapter( 1927): Bluetooth binder is null
06-03 10:13:30.758 I/WindowManager( 1927): Screen frozen for +2s784ms due to Window{f2815a5 u0 KeyguardScrim}
06-03 10:13:30.770 I/Telecom ( 1927): SystemStateProvider: Registering car mode receiver: android.content.IntentFilter@3397b14: TS.init@AAA
06-03 10:13:31.217 I/Telecom ( 1927): Telecom: Non-call EVENT: AUDIO_ROUTE, Entering state QuiescentEarpieceRoute
06-03 10:13:31.248 I/ActivityManager( 1927): Displayed com.android.settings/.FallbackHome: +4s229ms
06-03 10:13:31.313 I/Choreographer( 1927): Skipped 32 frames!  The application may be doing too much work on its main thread.
06-03 10:13:31.642 D/TelephonyProvider( 2387): dbh.onOpen: ok, queried table=siminfo
06-03 10:13:31.646 D/TelephonyProvider( 2387): dbh.onOpen: ok, queried table=carriers
06-03 10:13:31.994 W/        ( 1279): debuggerd: resuming target 1345
06-03 10:13:32.055 W/        ( 1280): debuggerd: handling request: pid=1346 uid=1013 gid=1005 tid=1346
06-03 10:13:32.072 W/        ( 1279): debuggerd: handling request: pid=1346 uid=1013 gid=1005 tid=1346
06-03 10:13:32.327 I/LatinIME:LogUtils( 2177): Dictionary info: dictionary = main:en ; version = 54 ; date = 1414726273
06-03 10:13:32.877 E/ActivityThread( 1927): Failed to find provider info for call_log
06-03 10:13:32.923 E/BluetoothAdapter( 1927): Bluetooth binder is null
06-03 10:13:33.226 I/art     ( 1927): Starting a blocking GC Explicit
06-03 10:13:33.297 I/Choreographer( 2407): Skipped 42 frames!  The application may be doing too much work on its main thread.
06-03 10:13:34.084 I/Choreographer( 2407): Skipped 35 frames!  The application may be doing too much work on its main thread.
06-03 10:13:34.218 W/        ( 1279): debuggerd: resuming target 1346
06-03 10:13:34.277 I/MediaPlayerService( 1346): MediaPlayerService::getOMX
06-03 10:13:34.307 I/OMXClient( 2183): MuxOMX ctor
06-03 10:13:34.395 I/OMXMaster( 1337): makeComponentInstance(OMX.google.vorbis.decoder) in mediacodec process
06-03 10:13:36.746 I/Telecom ( 1927): CallAudioModeStateMachine: Message received: null.: TS.init->CAMSM.pM_1@AAA_0
06-03 10:13:36.953 W/        ( 1280): debuggerd: handling request: pid=2239 uid=1023 gid=1023 tid=2239
06-03 10:13:37.157 I/Telecom ( 1927): Class: TelecomSystem.INSTANCE being set
06-03 10:13:37.234 E/BluetoothAdapter( 1927): Bluetooth binder is null
06-03 10:13:37.479 W/ContextImpl( 1927): Calling a method in the system process without a qualified user: android.app.ContextImpl.startService:1357 com.android.server.content.SyncManager$13.run:658 android.os.Handler.handleCallback:751 android.os.Handler.dispatchMessage:95 android.os.Looper.loop:154 
06-03 10:13:38.672 I/MediaPlayerService( 1346): MediaPlayerService::getOMX
06-03 10:13:38.684 I/OMXClient( 2183): MuxOMX ctor
06-03 10:13:38.689 I/OMXMaster( 1337): makeComponentInstance(OMX.google.vorbis.decoder) in mediacodec process
06-03 10:13:38.875 W/        ( 1280): debuggerd: resuming target 2239
06-03 10:13:40.276 W/System  ( 1927): ClassLoader referenced unknown path: /system/priv-app/FusedLocation/lib/x86_64
06-03 10:13:40.428 D/ApplicationLoaders( 1927): ignored Vulkan layer search path /system/priv-app/FusedLocation/lib/x86_64:/system/priv-app/FusedLocation/FusedLocation.apk!/lib/x86_64:/system/lib64:/vendor/lib64 for namespace 0x72e046391240
06-03 10:13:41.321 W/art     ( 1927): Verification of com.android.location.fused.FusionEngine com.android.location.fused.FusedLocationProvider.-get0(com.android.location.fused.FusedLocationProvider) took 195.654ms
06-03 10:13:41.447 W/art     ( 1927): Verification of void com.android.location.fused.FusedLocationProvider.<clinit>() took 125.566ms
06-03 10:13:41.756 V/WiredAccessoryManager( 1927): notifyWiredAccessoryChanged: when=0 bits= mask=54
06-03 10:13:41.757 V/WiredAccessoryManager( 1927): newName=h2w newState=0 headsetState=0 prev headsetState=0
06-03 10:13:41.757 E/WiredAccessoryManager( 1927): No state change.
06-03 10:13:41.757 V/WiredAccessoryManager( 1927): init()
06-03 10:13:41.846 D/ConditionProviders.SCP( 1927): onSubscribe condition://android/schedule?days=1.2.3.4.5&start=22.0&end=7.0&exitAtAlarm=false
06-03 10:13:42.024 D/ConditionProviders.SCP( 1927): setRegistered true
06-03 10:13:42.029 D/ConditionProviders.SCP( 1927): notifyCondition condition://android/schedule?days=1.2.3.4.5&start=22.0&end=7.0&exitAtAlarm=false STATE_FALSE reason=!meetsSchedule
06-03 10:13:42.079 D/ConditionProviders.SCP( 1927): Scheduling evaluate for Wed Jun 03 22:00:00 UTC 2020 (1591221600000), in +11h46m17s975ms, now=Wed Jun 03 10:13:42 UTC 2020 (1591179222025)
06-03 10:13:42.080 D/ConditionProviders.SCP( 1927): onSubscribe condition://android/schedule?days=6.7&start=23.30&end=10.0&exitAtAlarm=false
06-03 10:13:42.242 D/ConditionProviders.SCP( 1927): notifyCondition condition://android/schedule?days=6.7&start=23.30&end=10.0&exitAtAlarm=false STATE_FALSE reason=!meetsSchedule
06-03 10:13:42.330 D/ConditionProviders.SCP( 1927): notifyCondition condition://android/schedule?days=1.2.3.4.5&start=22.0&end=7.0&exitAtAlarm=false STATE_FALSE reason=!meetsSchedule
06-03 10:13:42.334 D/ConditionProviders.SCP( 1927): Scheduling evaluate for Wed Jun 03 22:00:00 UTC 2020 (1591221600000), in +11h46m17s759ms, now=Wed Jun 03 10:13:42 UTC 2020 (1591179222241)
06-03 10:13:42.424 I/Telecom ( 1927): WiredHeadsetManager: ACTION_HEADSET_PLUG event, plugged in: false, : WHC.oADA@AAE
06-03 10:13:42.549 I/ActivityManager( 1927): user 0 is still locked. Cannot load recents
06-03 10:13:44.731 W/art     ( 1927): Suspending all threads took: 43.585ms
06-03 10:13:44.993 I/art     ( 1927): Explicit concurrent mark sweep GC freed 38016(2MB) AllocSpace objects, 10(4MB) LOS objects, 29% free, 9MB/13MB, paused 49.767ms total 11.763s
06-03 10:13:45.858 W/ProcessCpuTracker( 1927): Skipping unknown process pid 2462
06-03 10:13:45.859 W/ProcessCpuTracker( 1927): Skipping unknown process pid 2464
06-03 10:13:45.900 W/ProcessCpuTracker( 1927): Skipping unknown process pid 2469
06-03 10:13:45.901 W/ProcessCpuTracker( 1927): Skipping unknown process pid 2471
06-03 10:13:45.903 W/ProcessCpuTracker( 1927): Skipping unknown process pid 2473
06-03 10:13:47.143 W/SystemConfig( 2387): No directory /system/etc/sysconfig, skipping
06-03 10:13:48.281 D/PhoneSwitcherNetworkRequstListener( 2387): Registering NetworkFactory
06-03 10:13:48.285 D/ConnectivityService( 1927): Got NetworkFactory Messenger for PhoneSwitcherNetworkRequstListener
06-03 10:13:48.505 D/ConnectivityService( 1927): Got NetworkFactory Messenger for TelephonyNetworkFactory[0]
06-03 10:13:48.917 W/art     ( 2183): Suspending all threads took: 211.613ms
06-03 10:13:49.184 I/art     ( 2183): Background sticky concurrent mark sweep GC freed 18236(2MB) AllocSpace objects, 2(40KB) LOS objects, 29% free, 7MB/10MB, paused 213.255ms total 1.515s
06-03 10:13:49.491 D/CarrierConfigLoader( 2387): CarrierConfigLoader has started
06-03 10:13:49.532 E/BluetoothAdapter( 2387): Bluetooth binder is null
06-03 10:13:50.166 I/Telephony( 2387): TtyManager: updateUiTtyMode -1 -> 0
06-03 10:13:51.046 D/AlarmManagerService( 1927): Kernel timezone updated to 0 minutes west of GMT
06-03 10:13:51.126 D/AlarmManagerService( 1927): Setting time of day to sec=1591179230
06-03 10:13:50.732 W/AlarmManagerService( 1927): Unable to set rtc to 1591179230: No such device
06-03 10:13:51.468 E/ActivityThread( 2387): Failed to find provider info for com.android.contacts
06-03 10:13:51.468 W/CallerInfoCache( 2387): cursor is null
06-03 10:13:52.937 W/System  ( 2183): ClassLoader referenced unknown path: 
06-03 10:13:53.018 W/System  ( 2183): ClassLoader referenced unknown path: /system/priv-app/Dialer/lib/x86_64
06-03 10:13:53.071 D/ApplicationLoaders( 2183): ignored Vulkan layer search path /system/priv-app/Dialer/lib/x86_64:/system/lib64:/vendor/lib64 for namespace 0x72e0463810f0
06-03 10:13:53.224 D/PhoneSwitcherNetworkRequstListener( 2387): got request NetworkRequest [ REQUEST id=1, [ Capabilities: INTERNET&NOT_RESTRICTED&TRUSTED&NOT_VPN] ] with score 0
06-03 10:13:53.302 D/TelephonyDebugService( 2387): TelephonyDebugService()
06-03 10:13:53.406 D/CarrierConfigLoader( 2387): mHandler: 12 phoneId: 0
06-03 10:13:54.082 E/ActivityThread( 1927): Failed to find provider info for com.android.calendar
06-03 10:13:54.107 E/ActivityThread( 1927): Failed to find provider info for com.android.calendar
06-03 10:13:54.184 I/Process ( 1927): Sending signal. PID: 1927 SIG: 3
06-03 10:13:54.197 I/art     ( 1927): Thread[2,tid=1931,WaitingInMainSignalCatcherLoop,Thread*=0x72e03ae0d000,peer=0x12c010d0,"Signal Catcher"]: reacting to signal 3
06-03 10:13:54.197 I/art     ( 1927): 
06-03 10:13:56.316 W/GnssLocationProvider( 1927): Could not open GPS configuration file /etc/gps.conf
06-03 10:13:56.316 E/GnssLocationProvider( 1927): no AGPS interface in set_agps_server
06-03 10:13:56.378 I/GnssLocationProvider( 1927): WakeLock released by handleMessage(13, 0, null)
06-03 10:13:56.380 E/GnssLocationProvider( 1927): no AGPS interface in set_agps_server
06-03 10:13:56.396 I/GnssLocationProvider( 1927): WakeLock released by handleMessage(2, 1, null)
06-03 10:13:57.364 W/ProcessCpuTracker( 1927): Skipping unknown process pid 2456
06-03 10:13:59.432 W/art     ( 1927): Long monitor contention with owner android.bg (1964) at boolean android.os.MessageQueue.enqueueMessage(android.os.Message, long)(MessageQueue.java:541) waiters=0 in android.os.Message android.os.MessageQueue.next() for 1.399s
06-03 10:13:59.627 I/SyncManager( 1927): Got SyncJobService instance.
06-03 10:13:59.903 E/ActivityManager( 1927): ANR in system
06-03 10:13:59.903 E/ActivityManager( 1927): PID: 1927
06-03 10:13:59.903 E/ActivityManager( 1927): Reason: executing service com.android.server.telecom/.components.TelecomService
06-03 10:13:59.903 E/ActivityManager( 1927): Load: 11.7 / 5.05 / 1.97
06-03 10:13:59.903 E/ActivityManager( 1927): CPU usage from 1039ms to -41650ms ago (2020-06-03 10:13:17.320 to 2020-06-03 10:13:59.614):
06-03 10:13:59.903 E/ActivityManager( 1927):   74% 1327/surfaceflinger: 27% user + 47% kernel / faults: 82 minor
06-03 10:13:59.903 E/ActivityManager( 1927):   31% 1574/bootanimation: 12% user + 18% kernel
06-03 10:13:59.903 E/ActivityManager( 1927):   23% 1927/system_server: 6.5% user + 17% kernel / faults: 4728 minor 34 major
06-03 10:13:59.903 E/ActivityManager( 1927):   9.6% 2183/com.android.systemui: 2.4% user + 7.1% kernel / faults: 4688 minor 31 major
06-03 10:13:59.903 E/ActivityManager( 1927):   8.7% 1337/media.codec: 3.1% user + 5.6% kernel / faults: 6265 minor 15 major
06-03 10:13:59.903 E/ActivityManager( 1927):   2.2% 1329/adbd: 0.1% user + 2% kernel / faults: 1947 minor
06-03 10:13:59.903 E/ActivityManager( 1927):   1.8% 8/rcu_preempt: 0% user + 1.8% kernel
06-03 10:13:59.903 E/ActivityManager( 1927):   0.9% 1346/mediaserver: 0.4% user + 0.5% kernel / faults: 75 minor
06-03 10:13:59.903 E/ActivityManager( 1927):   0.7% 1326/servicemanager: 0% user + 0.6% kernel
06-03 10:13:59.903 E/ActivityManager( 1927):   0.7% 1345/media.extractor: 0.2% user + 0.5% kernel / faults: 66 minor
06-03 10:13:59.903 E/ActivityManager( 1927):   0.5% 1349/netd: 0% user + 0.5% kernel / faults: 100 minor
06-03 10:13:59.903 E/ActivityManager( 1927):   0.5% 2177/com.android.inputmethod.latin: 0.1% user + 0.4% kernel / faults: 563 minor
06-03 10:13:59.903 E/ActivityManager( 1927):   0.1% 1280/debuggerd64: 0% user + 0.1% kernel / faults: 83 minor
06-03 10:13:59.903 E/ActivityManager( 1927):   0.4% 1271/logd: 0.1% user + 0.3% kernel / faults: 24 minor
06-03 10:13:59.903 E/ActivityManager( 1927):   0.3% 1259/kworker/0:1H: 0% user + 0.3% kernel
06-03 10:13:59.903 E/ActivityManager( 1927):   0.2% 1330/zygote64: 0% user + 0.1% kernel / faults: 320 minor
06-03 10:13:59.903 E/ActivityManager( 1927):   0.2% 1269/jbd2/vdc-8: 0% user + 0.2% kernel
06-03 10:13:59.903 E/ActivityManager( 1927):   0.2% 1461/logcat: 0% user + 0.2% kernel
06-03 10:13:59.903 E/ActivityManager( 1927):   0% 1279/debuggerd: 0% user + 0% kernel / faults: 188 minor
06-03 10:13:59.903 E/ActivityManager( 1927):   0.1% 1332/audioserver: 0% user + 0.1% kernel / faults: 41 minor
06-03 10:13:59.903 E/ActivityManager( 1927):   0.1% 6/kworker/u4:0: 0% user + 0.1% kernel
06-03 10:13:59.903 E/ActivityManager( 1927):   0.1% 3/ksoftirqd/0: 0% user + 0.1% kernel
06-03 10:13:59.903 E/ActivityManager( 1927):   0.1% 12/ksoftirqd/1: 0% user + 0.1% kernel
06-03 10:13:59.903 E/ActivityManager( 1927):   0% 13/kworker/1:0: 0% user + 0% kernel
06-03 10:13:59.903 E/ActivityManager( 1927):   0% 673/kworker/0:1: 0% user + 0% kernel
06-03 10:13:59.903 E/ActivityManager( 1927):   0% 1333/cameraserver: 0% user + 0% kernel / faults: 65 minor
06-03 10:13:59.903 E/ActivityManager( 1927):   0% 1//init: 0% user + 0% kernel / faults: 1 minor
06-03 10:13:59.903 E/ActivityManager( 1927):   0% 1325/lmkd: 0% user + 0% kernel
06-03 10:13:59.903 E/ActivityManager( 1927):   0% 1350/rild: 0% user + 0% kernel / faults: 6 minor
06-03 10:13:59.903 E/ActivityManager( 1927):   0% 1322/healthd: 0% user + 0% kernel
06-03 10:13:59.903 E/ActivityManager( 1927):   0% 1334/drmserver: 0% user + 0% kernel / faults: 19 minor
06-03 10:13:59.903 E/ActivityManager( 1927):   0% 1336/keystore: 0% user + 0% kernel
06-03 10:13:59.903 E/ActivityManager( 1927):   0% 1344/mediadrmserver: 0% user + 0% kernel / faults: 18 minor
06-03 10:13:59.903 E/ActivityManager( 1927):   0% 1354/fingerprintd: 0% user + 0% kernel
06-03 10:13:59.903 E/ActivityManager( 1927):  +0% 2387/com.android.phone: 0% user + 0% kernel
06-03 10:13:59.903 E/ActivityManager( 1927):  +0% 2407/com.android.settings: 0% user + 0% kernel
06-03 10:13:59.903 E/ActivityManager( 1927): 100% TOTAL: 33% user + 65% kernel + 1% softirq
06-03 10:13:59.903 E/ActivityManager( 1927): CPU usage from 39553ms to 41007ms later (2020-06-03 10:13:57.517 to 2020-06-03 10:13:58.971):
06-03 10:13:59.903 E/ActivityManager( 1927):   104% 1327/surfaceflinger: 29% user + 74% kernel
06-03 10:13:59.903 E/ActivityManager( 1927):     48% 1327/surfaceflinger: 15% user + 33% kernel
06-03 10:13:59.903 E/ActivityManager( 1927):     26% 1569/EventThread: 0.7% user + 25% kernel
06-03 10:13:59.903 E/ActivityManager( 1927):     20% 1562/DispSync: 0% user + 20% kernel
06-03 10:13:59.903 E/ActivityManager( 1927):     5% 1568/POSIX timer 1: 0% user + 5% kernel
06-03 10:13:59.903 E/ActivityManager( 1927):     0.7% 1563/Binder:1327_2: 0% user + 0.7% kernel
06-03 10:13:59.903 E/ActivityManager( 1927):     0.7% 1566/POSIX timer 0: 0.7% user + 0% kernel
06-03 10:13:59.903 E/ActivityManager( 1927):     0.7% 1567/EventThread: 0% user + 0.7% kernel
06-03 10:13:59.903 E/ActivityManager( 1927):     0.7% 2377/Binder:1327_5: 0% user + 0.7% kernel
06-03 10:13:59.903 E/ActivityManager( 1927):   41% 1574/bootanimation: 7.3% user + 33% kernel
06-03 10:13:59.903 E/ActivityManager( 1927):     40% 1701/BootAnimation: 7.3% user + 33% kernel
06-03 10:13:59.903 E/ActivityManager( 1927):   22% 1927/system_server: 0% user + 22% kernel / faults: 1 minor
06-03 10:13:59.903 E/ActivityManager( 1927):     8.8% 1931/Signal Catcher: 0% user + 8.8% kernel
06-03 10:13:59.903 E/ActivityManager( 1927):     8.1% 1965/ActivityManager: 0% user + 8.1% kernel
06-03 10:13:59.903 E/ActivityManager( 1927):   10% 2407/com.android.settings: 4.2% user + 5.9% kernel
06-03 10:13:59.903 E/ActivityManager( 1927):     9.3% 2407/ndroid.settings: 4.2% user + 5% kernel
06-03 10:13:59.903 E/ActivityManager( 1927):     1.6% 2422/Binder:2407_2: 0% user + 1.6% kernel
06-03 10:13:59.903 E/ActivityManager( 1927):     0.8% 2421/Binder:2407_1: 0% user + 0.8% kernel
06-03 10:13:59.903 E/ActivityManager( 1927):   2.7% 8/rcu_preempt: 0% user + 2.7% kernel
06-03 10:13:59.903 E/ActivityManager( 1927):   1.3% 12/ksoftirqd/1: 0% user + 1.3% kernel
06-03 10:13:59.903 E/ActivityManager( 1927):   0% 13/kworker/1:0: 0% user + 0% kernel
06-03 10:13:59.903 E/ActivityManager( 1927):   0.7% 1329/adbd: 0% user + 0.7% kernel / faults: 19 minor
06-03 10:13:59.903 E/ActivityManager( 1927): 100% TOTAL: 17% user + 81% kernel + 0.9% softirq
06-03 10:14:02.076 W/        ( 1280): debuggerd: handling request: pid=1327 uid=1000 gid=1003 tid=1327
06-03 10:14:02.327 I/art     ( 1927): Wrote stack traces to '/data/anr/traces.txt'
06-03 10:14:02.673 W/art     ( 1927): Long monitor contention with owner android.bg (1964) at boolean android.os.MessageQueue.enqueueMessage(android.os.Message, long)(MessageQueue.java:541) waiters=0 in android.os.Message android.os.MessageQueue.next() for 3.042s
06-03 10:14:02.686 W/art     ( 1927): Long monitor contention with owner ConditionProviders.ECP (2153) at void com.android.server.AlarmManagerService.setImpl(int, long, long, long, android.app.PendingIntent, android.app.IAlarmListener, java.lang.String, int, android.os.WorkSource, android.app.AlarmManager$AlarmClockInfo, int, java.lang.String)(AlarmManagerService.java:1072) waiters=0 in void com.android.server.AlarmManagerService$AlarmThread.run() for 3.027s
06-03 10:14:02.716 W/art     ( 1927): Long monitor contention with owner android.bg (1964) at void com.android.server.power.PowerManagerService.releaseWakeLockInternal(android.os.IBinder, int)(PowerManagerService.java:937) waiters=0 in boolean com.android.server.power.PowerManagerService.isLowPowerModeInternal() for 488ms
06-03 10:14:02.927 E/BluetoothAdapter( 2183): Bluetooth binder is null
06-03 10:14:02.943 I/FusedLocation( 1927): engine started (com.android.location.fused)
06-03 10:14:03.210 I/Choreographer( 2407): Skipped 71 frames!  The application may be doing too much work on its main thread.
06-03 10:14:03.223 W/        ( 1280): debuggerd: resuming target 1327
06-03 10:14:03.233 W/        ( 1280): debuggerd: handling request: pid=1332 uid=1041 gid=1005 tid=1332
06-03 10:14:03.292 W/        ( 1279): debuggerd: handling request: pid=1332 uid=1041 gid=1005 tid=1332
06-03 10:14:03.436 I/CameraManagerGlobal( 2183): Connecting to camera service
06-03 10:14:03.900 V/EmulatedCamera_Camera( 1333): getCameraInfo
06-03 10:14:03.902 V/EmulatedCamera_BaseCamera( 1333): getCameraInfo
06-03 10:14:03.902 I/CameraService( 1333): getCameraCharacteristics: Switching to HAL1 shim implementation...
06-03 10:14:03.902 V/EmulatedCamera_Camera( 1333): getCameraInfo
06-03 10:14:03.902 V/EmulatedCamera_BaseCamera( 1333): getCameraInfo
06-03 10:14:03.939 I/CameraService( 1333): CameraService::connect call (PID -1 "cameraserver", camera ID 0) for HAL version default and Camera API version 1
06-03 10:14:04.049 E/CameraService( 1333): getCameraPriorityFromProcState: Received invalid process state -1 from ActivityManagerService!
06-03 10:14:04.050 V/EmulatedCamera_Camera( 1333): getCameraInfo
06-03 10:14:04.050 V/EmulatedCamera_BaseCamera( 1333): getCameraInfo
06-03 10:14:05.506 W/art     ( 1927): Long monitor contention with owner android.ui (1967) at int com.android.server.wm.WindowManagerService.relayoutWindow(com.android.server.wm.Session, android.view.IWindow, int, android.view.WindowManager$LayoutParams, int, int, int, int, android.graphics.Rect, android.graphics.Rect, android.graphics.Rect, android.graphics.Rect, android.graphics.Rect, android.graphics.Rect, android.graphics.Rect, android.content.res.Configuration, android.view.Surface)(WindowManagerService.java:2857) waiters=0 in void com.android.server.wm.WindowManagerService$H.handleMessage(android.os.Message) for 232ms
06-03 10:14:06.073 I/Choreographer( 1927): Skipped 164 frames!  The application may be doing too much work on its main thread.
06-03 10:14:06.240 W/        ( 1279): debuggerd: resuming target 1332
06-03 10:14:06.243 W/        ( 1280): debuggerd: handling request: pid=1333 uid=1047 gid=1005 tid=1333
06-03 10:14:06.250 W/        ( 1279): debuggerd: handling request: pid=1333 uid=1047 gid=1005 tid=1333
06-03 10:14:06.310 E/IPCThreadState( 1327): binder thread pool (4 threads) starved for 208 ms
06-03 10:14:08.428 W/        ( 1279): debuggerd: resuming target 1333
06-03 10:14:08.433 W/        ( 1280): debuggerd: handling request: pid=1334 uid=1019 gid=1019 tid=1334
06-03 10:14:08.445 W/        ( 1279): debuggerd: handling request: pid=1334 uid=1019 gid=1019 tid=1334
06-03 10:14:09.135 W/        ( 1279): debuggerd: resuming target 1334
06-03 10:14:09.146 W/        ( 1280): debuggerd: handling request: pid=1337 uid=1046 gid=1006 tid=1337
06-03 10:14:09.157 W/        ( 1279): debuggerd: handling request: pid=1337 uid=1046 gid=1006 tid=1337
06-03 10:14:09.269 E/WVMExtractor( 1346): Failed to open libwvm.so: dlopen failed: library "libwvm.so" not found
06-03 10:14:09.493 W/        ( 1279): debuggerd: resuming target 1337
06-03 10:14:09.508 W/        ( 1280): debuggerd: handling request: pid=1344 uid=1013 gid=1031 tid=1344
06-03 10:14:09.510 W/        ( 1279): debuggerd: handling request: pid=1344 uid=1013 gid=1031 tid=1344
06-03 10:14:09.682 W/        ( 1279): debuggerd: resuming target 1344
06-03 10:14:09.700 W/        ( 1280): debuggerd: handling request: pid=1345 uid=1040 gid=1026 tid=1345
06-03 10:14:09.702 W/        ( 1279): debuggerd: handling request: pid=1345 uid=1040 gid=1026 tid=1345
06-03 10:14:10.830 W/        ( 1279): debuggerd: resuming target 1345
06-03 10:14:10.969 W/        ( 1280): debuggerd: handling request: pid=1346 uid=1013 gid=1005 tid=1346
06-03 10:14:10.970 W/        ( 1279): debuggerd: handling request: pid=1346 uid=1013 gid=1005 tid=1346
06-03 10:14:11.376 D/NotificationSQLiteLog( 1927): Pruned event entries: 5
06-03 10:14:12.901 W/        ( 1279): debuggerd: resuming target 1346
06-03 10:14:12.904 W/        ( 1280): debuggerd: handling request: pid=2239 uid=1023 gid=1023 tid=2239
06-03 10:14:13.187 D/NuPlayerDriver( 1346): notifyListener_l(0xef48c120), (1, 0, 0), loop setting(0, 0)
06-03 10:14:13.604 W/        ( 1280): debuggerd: resuming target 2239
