06-03 10:12:44.011 I/SystemServer( 1927): StartContentService
06-03 10:12:44.021 I/SystemServiceManager( 1927): Starting com.android.server.content.ContentService$Lifecycle
06-03 10:12:44.035 I/SystemServer( 1927): InstallSystemProviders
06-03 10:12:44.119 W/System  ( 1927): ClassLoader referenced unknown path: /system/priv-app/SettingsProvider/lib/x86_64
06-03 10:12:44.453 I/SystemServer( 1927): StartVibratorService
06-03 10:12:44.456 E/VibratorService( 1927): Couldn't load vibrator module (No such file or directory)
06-03 10:12:44.456 W/VibratorService( 1927): Tried to stop vibrating but there is no vibrator device.
06-03 10:12:44.473 I/SystemServer( 1927): StartConsumerIrService
06-03 10:12:44.474 E/ConsumerIrService( 1927): Can't open consumer IR HW Module, error: -2
06-03 10:12:44.482 I/SystemServer( 1927): StartAlarmManagerService
06-03 10:12:44.483 I/SystemServiceManager( 1927): Starting com.android.server.AlarmManagerService
06-03 10:12:44.503 W/AlarmManagerService( 1927): no wall clock RTC found
06-03 10:12:44.505 D/AlarmManagerService( 1927): Kernel timezone updated to 0 minutes west of GMT
06-03 10:12:44.548 I/SystemServer( 1927): InitWatchdog
06-03 10:12:44.549 I/SystemServer( 1927): StartInputManagerService
06-03 10:12:44.582 I/InputManager( 1927): Initializing input manager, mUseDevInputEventForAudioJack=true
06-03 10:12:44.622 I/SystemServer( 1927): StartWindowManagerService
06-03 10:12:45.036 I/WindowManager( 1927): No existing display settings /data/system/display_settings.xml; starting empty
06-03 10:12:45.665 I/SystemServer( 1927): StartVrManagerService
06-03 10:12:45.665 I/SystemServiceManager( 1927): Starting com.android.server.vr.VrManagerService
06-03 10:12:45.687 W/VrManagerService( 1927): init_native: Could not open VR hardware module, error No such file or directory (-2).
06-03 10:12:45.711 I/InputManager( 1927): Starting input manager
06-03 10:12:45.744 I/SystemServer( 1927): No Bluetooth Service (emulator)
06-03 10:12:45.749 I/SystemServer( 1927): ConnectivityMetricsLoggerService
06-03 10:12:45.772 I/SystemServiceManager( 1927): Starting com.android.server.connectivity.MetricsLoggerService
06-03 10:12:45.781 D/EventHub( 1927): No input device configuration file found for device 'Power Button'.
06-03 10:12:45.893 W/EventHub( 1927): Unable to disable kernel key repeat for /dev/input/event0: Function not implemented
06-03 10:12:45.893 I/EventHub( 1927): New device: id=1, fd=91, path='/dev/input/event0', name='Power Button', classes=0x1, configuration='', keyLayout='/system/usr/keylayout/Generic.kl', keyCharacterMap='/system/usr/keychars/Generic.kcm', builtinKeyboard=false, wakeMechanism=EPOLLWAKEUP, usingClockIoctl=true
06-03 10:12:45.940 W/EventHub( 1927): Unable to disable kernel key repeat for /dev/input/event1: Function not implemented
06-03 10:12:45.941 I/EventHub( 1927): New device: id=2, fd=92, path='/dev/input/event1', name='qwerty2', classes=0x95, configuration='/system/usr/idc/qwerty2.idc', keyLayout='/system/usr/keylayout/qwerty.kl', keyCharacterMap='/system/usr/keychars/qwerty2.kcm', builtinKeyboard=true, wakeMechanism=EPOLLWAKEUP, usingClockIoctl=true
06-03 10:12:45.941 E/EventHub( 1927): could not get driver version for /dev/input/mice, Not a typewriter
06-03 10:12:45.942 I/SystemServer( 1927): IpConnectivityMetrics
06-03 10:12:45.943 I/SystemServiceManager( 1927): Starting com.android.server.connectivity.IpConnectivityMetrics
06-03 10:12:45.950 I/SystemServer( 1927): PinnerService
06-03 10:12:45.951 I/SystemServiceManager( 1927): Starting com.android.server.PinnerService
06-03 10:12:45.954 I/SystemServiceManager( 1927): Starting com.android.server.InputMethodManagerService$Lifecycle
06-03 10:12:46.104 I/InputReader( 1927): Device added: id=-1, name='Virtual', sources=0x00000301
06-03 10:12:46.121 I/InputReader( 1927):   Touch device 'qwerty2' could not query the properties of its associated display.  The device will be inoperable until the display size becomes available.
06-03 10:12:46.122 I/InputReader( 1927): Device added: id=0, name='qwerty2', sources=0x80001103
06-03 10:12:46.122 I/InputReader( 1927): Device added: id=1, name='Power Button', sources=0x00000101
06-03 10:12:46.776 I/SystemServer( 1927): StartAccessibilityManagerService
06-03 10:12:46.856 I/ActivityManager( 1927): Config changes=1df8 {1.0 ?mcc?mnc [en_US] ldltr sw360dp w360dp h640dp 480dpi nrml long port ?uimode ?night -touch -keyb/v/h -nav/h s.2}
06-03 10:12:46.950 I/ActivityManager( 1927): Config changes=508 {1.0 ?mcc?mnc [en_US] ldltr sw360dp w360dp h568dp 480dpi nrml port ?uimode ?night finger -keyb/v/h -nav/h s.3}
06-03 10:12:47.122 I/SystemServiceManager( 1927): Starting com.android.server.MountService$Lifecycle
06-03 10:12:47.148 I/InputReader( 1927): Reconfiguring input devices.  changes=0x00000004
06-03 10:12:47.148 I/InputReader( 1927): Device reconfigured: id=0, name='qwerty2', size 1080x1920, orientation 0, mode 1, display id 0
06-03 10:12:47.251 I/SystemServiceManager( 1927): Starting com.android.server.UiModeManagerService
06-03 10:12:47.270 D/MountService( 1927): Thinking about init, mSystemReady=false, mDaemonConnected=true
06-03 10:12:47.271 D/MountService( 1927): Thinking about reset, mSystemReady=false, mDaemonConnected=true
06-03 10:12:47.291 I/ActivityManager( 1927): Config changes=200 {1.0 ?mcc?mnc [en_US] ldltr sw360dp w360dp h568dp 480dpi nrml port finger -keyb/v/h -nav/h s.4}
06-03 10:12:47.310 D/MountService( 1927): Thinking about init, mSystemReady=false, mDaemonConnected=true
06-03 10:12:47.310 D/MountService( 1927): Thinking about reset, mSystemReady=false, mDaemonConnected=true
06-03 10:12:47.313 D/CryptdConnector( 1927): SND -> {1 cryptfs getfield SystemLocale}
06-03 10:12:47.398 W/PackageManager( 1927): No disk maintenance in 8474421398; running immediately
06-03 10:12:47.399 I/SystemServer( 1927): StartLockSettingsService
06-03 10:12:47.401 I/SystemServiceManager( 1927): Starting com.android.server.LockSettingsService$Lifecycle
06-03 10:12:47.422 D/CryptdConnector( 1927): RCV <- {200 1 -1}
06-03 10:12:47.436 W/MountService( 1927): No primary storage mounted!
06-03 10:12:47.436 D/VoldConnector( 1927): SND -> {1 asec list}
06-03 10:12:47.448 D/VoldConnector( 1927): RCV <- {200 1 asec operation succeeded}
06-03 10:12:47.451 I/PackageManager( 1927): No secure containers found
06-03 10:12:47.452 W/PackageManager( 1927): Unknown permission com.google.android.googleapps.permission.GOOGLE_AUTH in package com.android.providers.calendar
06-03 10:12:47.452 W/PackageManager( 1927): Unknown permission com.google.android.googleapps.permission.GOOGLE_AUTH.cl in package com.android.providers.calendar
06-03 10:12:47.453 W/PackageManager( 1927): Not granting permission android.permission.GLOBAL_SEARCH to package com.android.quicksearchbox (protectionLevel=18 flags=0x3808be45)
06-03 10:12:47.454 W/PackageManager( 1927): Not granting permission android.permission.WRITE_EXTERNAL_STORAGE to package gov.nasa.arc.astrobee.android.gs.manager because it was previously installed without
06-03 10:12:47.454 W/PackageManager( 1927): Not granting permission android.permission.READ_EXTERNAL_STORAGE to package gov.nasa.arc.astrobee.android.gs.manager because it was previously installed without
06-03 10:12:47.454 W/PackageManager( 1927): Unknown permission com.android.launcher.permission.READ_SETTINGS in package com.android.launcher3
06-03 10:12:47.454 W/PackageManager( 1927): Unknown permission com.android.launcher.permission.WRITE_SETTINGS in package com.android.launcher3
06-03 10:12:47.455 W/PackageManager( 1927): Not granting permission android.permission.BIND_APPWIDGET to package com.android.launcher3 (protectionLevel=18 flags=0x3c4bbe45)
06-03 10:12:47.455 W/PackageManager( 1927): Unknown permission com.google.android.googleapps.permission.GOOGLE_AUTH.mail in package com.android.calendar
06-03 10:12:47.455 W/PackageManager( 1927): Unknown permission com.google.android.providers.settings.permission.WRITE_GSETTINGS in package com.android.sdksetup
06-03 10:12:47.456 W/PackageManager( 1927): Unknown permission com.google.android.permission.INSTALL_WEARABLE_PACKAGES in package com.android.packageinstaller
06-03 10:12:47.456 W/PackageManager( 1927): Not granting permission android.permission.DELETE_PACKAGES to package com.svox.pico (protectionLevel=18 flags=0x3808be45)
06-03 10:12:47.456 W/PackageManager( 1927): Not granting permission android.permission.READ_CONTACTS to package com.example.android.apis because it was previously installed without
06-03 10:12:47.456 W/PackageManager( 1927): Not granting permission android.permission.WRITE_CONTACTS to package com.example.android.apis because it was previously installed without
06-03 10:12:47.457 W/PackageManager( 1927): Not granting permission android.permission.ACCESS_COARSE_LOCATION to package com.example.android.apis because it was previously installed without
06-03 10:12:47.457 W/PackageManager( 1927): Not granting permission android.permission.WRITE_EXTERNAL_STORAGE to package com.example.android.apis because it was previously installed without
06-03 10:12:47.457 W/PackageManager( 1927): Not granting permission android.permission.SEND_SMS to package com.example.android.apis because it was previously installed without
06-03 10:12:47.457 W/PackageManager( 1927): Not granting permission android.permission.RECEIVE_SMS to package com.example.android.apis because it was previously installed without
06-03 10:12:47.457 W/PackageManager( 1927): Not granting permission android.permission.RECEIVE_MMS to package com.example.android.apis because it was previously installed without
06-03 10:12:47.457 W/PackageManager( 1927): Not granting permission android.permission.READ_SMS to package com.example.android.apis because it was previously installed without
06-03 10:12:47.457 W/PackageManager( 1927): Not granting permission android.permission.READ_PHONE_STATE to package com.example.android.apis because it was previously installed without
06-03 10:12:47.457 W/PackageManager( 1927): Not granting permission android.permission.RECORD_AUDIO to package com.example.android.apis because it was previously installed without
06-03 10:12:47.457 W/PackageManager( 1927): Not granting permission android.permission.CAMERA to package com.example.android.apis because it was previously installed without
06-03 10:12:47.457 W/PackageManager( 1927): Not granting permission android.permission.READ_EXTERNAL_STORAGE to package com.example.android.apis because it was previously installed without
06-03 10:12:47.458 W/PackageManager( 1927): Unknown permission android.permission.RUN_INSTRUMENTATION in package org.chromium.webview_shell
06-03 10:12:47.458 W/PackageManager( 1927): Unknown permission com.google.android.googleapps.permission.GOOGLE_AUTH in package com.android.settings
06-03 10:12:47.458 W/PackageManager( 1927): Unknown permission com.android.launcher.permission.READ_SETTINGS in package com.android.settings
06-03 10:12:47.458 W/PackageManager( 1927): Unknown permission com.android.launcher.permission.WRITE_SETTINGS in package com.android.settings
06-03 10:12:47.528 I/SystemServiceManager( 1927): Starting com.android.server.DeviceIdleController
06-03 10:12:47.562 W/PackageManager( 1927): Unknown permission com.android.smspush.WAPPUSH_MANAGER_BIND in package com.android.phone
06-03 10:12:47.575 W/PackageManager( 1927): Unknown permission com.google.android.googleapps.permission.ACCESS_GOOGLE_PASSWORD in package com.android.development
06-03 10:12:47.575 W/PackageManager( 1927): Unknown permission com.google.android.googleapps.permission.GOOGLE_AUTH in package com.android.development
06-03 10:12:47.575 W/PackageManager( 1927): Unknown permission com.google.android.googleapps.permission.GOOGLE_AUTH.ALL_SERVICES in package com.android.development
06-03 10:12:47.575 W/PackageManager( 1927): Unknown permission com.google.android.googleapps.permission.GOOGLE_AUTH.YouTubeUser in package com.android.development
06-03 10:12:47.575 W/PackageManager( 1927): Not granting permission android.permission.BIND_APPWIDGET to package com.android.widgetpreview (protectionLevel=18 flags=0x3808be44)
06-03 10:12:47.833 W/art     ( 1927): Long monitor contention with owner MountService (2125) at void com.android.server.pm.PackageManagerService.loadMediaPackages(android.util.ArrayMap, int[], boolean)(PackageManagerService.java:19317) waiters=0 in android.content.pm.ApplicationInfo com.android.server.pm.PackageManagerService.getApplicationInfo(java.lang.String, int, int) for 260ms
06-03 10:12:47.844 W/MountService( 1927): No primary storage defined yet; hacking together a stub
06-03 10:12:47.850 W/MountService( 1927): No primary storage defined yet; hacking together a stub
06-03 10:12:47.856 W/MountService( 1927): No primary storage mounted!
06-03 10:12:47.857 D/VoldConnector( 1927): SND -> {2 asec list}
06-03 10:12:47.873 D/VoldConnector( 1927): RCV <- {200 2 asec operation succeeded}
06-03 10:12:47.874 I/SystemServiceManager( 1927): Starting com.android.server.devicepolicy.DevicePolicyManagerService$Lifecycle
06-03 10:12:47.926 I/MountService( 1927): Running fstrim idle maintenance
06-03 10:12:47.961 D/VoldConnector( 1927): SND -> {3 fstrim dotrim}
06-03 10:12:47.977 I/SystemServer( 1927): StartStatusBarManagerService
06-03 10:12:47.999 D/VoldConnector( 1927): RCV <- {200 3 Command succeeded}
06-03 10:12:48.005 D/vold    ( 1281): Starting trim of /cache
06-03 10:12:48.006 W/vold    ( 1281): Trim failed on /cache: Operation not supported on transport endpoint
06-03 10:12:48.007 D/vold    ( 1281): Starting trim of /data
06-03 10:12:48.007 W/vold    ( 1281): Trim failed on /data: Operation not supported on transport endpoint
06-03 10:12:48.014 I/SystemServer( 1927): StartClipboardService
06-03 10:12:48.031 D/VoldConnector( 1927): RCV <- {662 /cache -1 -1}
06-03 10:12:48.049 D/VoldConnector( 1927): RCV <- {662 /data -1 -1}
06-03 10:12:48.065 I/SystemServer( 1927): StartNetworkManagementService
06-03 10:12:48.084 E/VoldConnector( 1927): Error handling '662 /cache -1 -1': java.lang.NullPointerException: Attempt to invoke virtual method 'void android.os.DropBoxManager.addText(java.lang.String, java.lang.String)' on a null object reference
06-03 10:12:48.088 E/VoldConnector( 1927): Error handling '662 /data -1 -1': java.lang.NullPointerException: Attempt to invoke virtual method 'void android.os.DropBoxManager.addText(java.lang.String, java.lang.String)' on a null object reference
06-03 10:12:48.109 I/NetworkManagement( 1927): onDaemonConnected()
06-03 10:12:48.146 I/SystemServiceManager( 1927): Starting com.android.server.TextServicesManagerService$Lifecycle
06-03 10:12:48.236 I/SystemServer( 1927): StartNetworkScoreService
06-03 10:12:48.273 I/SystemServer( 1927): StartNetworkStatsService
06-03 10:12:48.342 I/SystemServer( 1927): StartNetworkPolicyManagerService
06-03 10:12:48.408 I/SystemServer( 1927): No Wi-Fi NAN Service (NAN support Not Present)
06-03 10:12:48.609 I/SystemServiceManager( 1927): Starting com.android.server.wifi.p2p.WifiP2pService
06-03 10:12:48.914 I/WifiP2pService( 1927): Registering wifip2p
06-03 10:12:48.920 I/SystemServiceManager( 1927): Starting com.android.server.wifi.WifiService
06-03 10:12:49.307 I/UsageStatsService( 1927): User[0] Rollover scheduled @ 2020-02-27 08:12:24(1582791144326)
06-03 10:12:49.624 W/art     ( 1927): Verification of void com.android.server.wifi.WifiStateMachine.<clinit>() took 309.219ms
06-03 10:12:49.988 W/art     ( 1927): Verification of void com.android.server.wifi.WifiStateMachine.reportConnectionAttemptEnd(int, int) took 184.541ms
06-03 10:12:50.042 I/art     ( 1927): Background sticky concurrent mark sweep GC freed 33322(2MB) AllocSpace objects, 16(320KB) LOS objects, 25% free, 8MB/10MB, paused 3.936ms total 922.217ms
06-03 10:12:50.783 D/HS20    ( 1927): Passpoint is disabled
06-03 10:12:50.967 W/art     ( 1927): Verification of void com.android.server.wifi.WifiNetworkHistory.readNetworkHistory(java.util.Map, java.util.concurrent.ConcurrentHashMap, java.util.Set) took 114.436ms
06-03 10:12:51.388 D/CommandListener( 1349): Clearing all IP addresses on wlan0
06-03 10:12:51.495 D/WifiApConfigStore( 1927): 2G band allowed channels are:1,6,11
06-03 10:12:51.511 W/art     ( 1927): Long monitor contention with owner WifiStateMachine (2139) at boolean com.android.server.wifi.WifiNative.unloadDriverNative()(WifiNative.java:-2) waiters=0 in java.lang.String com.android.server.wifi.WifiNative.doStringCommand(java.lang.String) for 162ms
06-03 10:12:51.514 E/WifiLogger( 1927): no ring buffers found
06-03 10:12:51.514 E/WifiLogger( 1927): Failed to start packet fate monitoring
06-03 10:12:51.624 D/WifiController( 1927): isAirplaneModeOn = true, isWifiEnabled = false, isScanningAvailable = false
06-03 10:12:51.644 I/WifiService( 1927): Registering wifi
06-03 10:12:51.703 I/SystemServiceManager( 1927): Starting com.android.server.wifi.scanner.WifiScanningService
06-03 10:12:51.704 I/WifiScanningService( 1927): Creating wifiscanner
06-03 10:12:51.750 I/UsageStatsService( 1927): User[0] Rolling over usage stats
06-03 10:12:51.751 I/UsageStatsService( 1927): User[0] Flushing usage stats to disk
06-03 10:12:51.822 I/WifiScanningService( 1927): Publishing wifiscanner
06-03 10:12:51.826 I/SystemServiceManager( 1927): Starting com.android.server.wifi.RttService
06-03 10:12:51.851 I/RttService( 1927): Creating rttmanager
06-03 10:12:51.862 I/RttService( 1927): Starting rttmanager
06-03 10:12:51.873 I/SystemServer( 1927): StartConnectivityService
06-03 10:12:51.974 D/ConnectivityService( 1927): ConnectivityService starting up
06-03 10:12:52.139 D/ConnectivityService( 1927): wifiOnly=false
06-03 10:12:52.421 I/SystemServer( 1927): StartNsdService
06-03 10:12:52.449 I/SystemServer( 1927): StartUpdateLockService
06-03 10:12:52.458 I/SystemServiceManager( 1927): Starting com.android.server.RecoverySystemService
06-03 10:12:52.478 I/SystemServiceManager( 1927): Starting com.android.server.notification.NotificationManagerService
06-03 10:12:52.704 D/ConditionProviders.SCP( 1927): new ScheduleConditionProvider()
06-03 10:12:52.772 D/ZenLog  ( 1927): config: readXml,ZenModeConfig[user=0,allowCalls=true,allowRepeatCallers=false,allowMessages=false,allowCallsFrom=contacts,allowMessagesFrom=contacts,allowReminders=true,allowEvents=true,allowWhenScreenOff=true,allowWhenScreenOn=true,automaticRules={55791e34e80a438d872f3ee0d75d2aff=ZenRule[enabled=false,snoozing=false,name=Weeknight,zenMode=ZEN_MODE_ALARMS,conditionId=condition://android/schedule?days=1.2.3.4.5&start=22.0&end=7.0&exitAtAlarm=false,condition=Condition[id=condition://android/schedule?days=1.2.3.4.5&start=22.0&end=7.0&exitAtAlarm=false,summary=...,line1=...,line2=...,icon=0,state=STATE_FALSE,flags=2],component=ComponentInfo{android/com.android.server.notification.ScheduleConditionProvider},id=55791e34e80a438d872f3ee0d75d2aff,creationTime=1574383122597,enabler=null], f3f3db1d05034b449d11e2dd0fddc917=ZenRule[enabled=false,snoozing=false,name=Weekend,zenMode=ZEN_MODE_ALARMS,conditionId=condition://android/schedule?days=6.7&start=23.30&end=10.0&exitAtAlarm=false,condition=Condition[id=condition://android/schedule?days=6.7&start=23.30&end=10.0&exitAtAlarm=false,summary=...,line1=...,line2=...,icon=0,state=STATE_FALSE,flags=2],component=ComponentInfo{android/com.android.server.notification.ScheduleConditionProvider},id=f3f3db1d05034b449d11e2dd0fddc917,creationTime=1574383122598,enabler=null], a952894dbb2144c8bc7bbcd244ed361b=ZenRule[enabled=false,snoozing=false,name=Event,zenMode=ZEN_MODE_ALARMS,conditionId=condition://android/event?userId=-10000&calendar=&reply=1,condition=Condition[id=condition://android/event?userId=-10000&calendar=&reply=1,summary=...,line1=...,line2=...,icon=0,state=STATE_FALSE,flags=2],component=ComponentInfo{android/com.android.server.notification.EventConditionProvider},id=a952894dbb2144c8bc7bbcd244ed361b,creationTime=1574383122610,enabler=null]},manualRule=null],Diff[automaticRule[55791e34e80a438d872f3ee0d75d2aff]:insert,automaticRule[cff0b215db84447187b78105bb150549]:delete,automaticRule[5e7662a301e94b2db208c77bf64619a7]:delete,automaticRule[18f2e43b8f724d85baebb1c23ff59cdd]:delete,automaticRule[f3f3db1d05034b449d11e2dd0fddc917]:insert,automaticRule[a952894dbb2144c8bc7bbcd244ed361b]:insert]
06-03 10:12:52.906 D/ZenLog  ( 1927): set_zen_mode: off,init
06-03 10:12:52.965 I/SystemServiceManager( 1927): Starting com.android.server.storage.DeviceStorageMonitorService
06-03 10:12:52.993 I/SystemServer( 1927): StartLocationManagerService
06-03 10:12:53.014 I/SystemServer( 1927): StartCountryDetectorService
06-03 10:12:53.023 I/SystemServer( 1927): StartSearchManagerService
06-03 10:12:53.024 I/SystemServiceManager( 1927): Starting com.android.server.search.SearchManagerService$Lifecycle
06-03 10:12:53.042 I/SystemServiceManager( 1927): Starting com.android.server.DropBoxManagerService
06-03 10:12:53.050 I/SystemServer( 1927): StartWallpaperManagerService
06-03 10:12:53.051 I/SystemServiceManager( 1927): Starting com.android.server.wallpaper.WallpaperManagerService$Lifecycle
06-03 10:12:53.081 E/BitmapFactory( 1927): Unable to decode stream: java.io.FileNotFoundException: /data/system/users/0/wallpaper_orig (No such file or directory)
06-03 10:12:53.081 E/WallpaperManagerService( 1927): Invalid wallpaper data
06-03 10:12:53.081 E/WallpaperManagerService( 1927): Unable to apply new wallpaper
06-03 10:12:53.145 I/SystemServer( 1927): StartAudioService
06-03 10:12:53.146 I/SystemServiceManager( 1927): Starting com.android.server.audio.AudioService$Lifecycle
06-03 10:12:53.292 W/TelecomManager( 1927): Telecom Service not found.
06-03 10:12:53.374 D/PermissionCache( 1332): checking android.permission.MODIFY_AUDIO_SETTINGS for uid=1000 => granted (45054 us)
06-03 10:12:53.380 D/PermissionCache( 1332): checking android.permission.MODIFY_AUDIO_SETTINGS for uid=1000 => granted (5984 us)
06-03 10:12:53.398 W/AudioFlinger( 1332): no wake lock to update, system not ready yet
06-03 10:12:53.731 I/SystemServiceManager( 1927): Starting com.android.server.DockObserver
06-03 10:12:53.734 W/DockObserver( 1927): This kernel does not have dock station support
06-03 10:12:53.751 I/SystemServer( 1927): StartWiredAccessoryManager
06-03 10:12:53.762 W/WiredAccessoryManager( 1927): This kernel does not have usb audio support
06-03 10:12:53.763 W/WiredAccessoryManager( 1927): This kernel does not have HDMI audio support
06-03 10:12:53.764 I/SystemServiceManager( 1927): Starting com.android.server.midi.MidiService$Lifecycle
06-03 10:12:53.791 I/SystemServiceManager( 1927): Starting com.android.server.usb.UsbService$Lifecycle
06-03 10:12:53.968 I/SystemServer( 1927): StartSerialService
06-03 10:12:53.983 E/HardwarePropertiesManagerService-JNI( 1927): Couldn't load thermal module (No such file or directory)
06-03 10:12:53.986 I/SystemServiceManager( 1927): Starting com.android.server.twilight.TwilightService
06-03 10:12:53.988 I/SystemServiceManager( 1927): Starting com.android.server.job.JobSchedulerService
06-03 10:12:54.489 I/UsageStatsService( 1927): User[0] Rollover scheduled @ 2020-06-04 10:12:46(1591265566857)
06-03 10:12:54.501 I/UsageStatsService( 1927): User[0] Rolling over usage stats complete. Took 2740 milliseconds
06-03 10:12:54.503 W/art     ( 1927): Long monitor contention with owner android.bg (1964) at void java.io.FileDescriptor.sync()(FileDescriptor.java:-2) waiters=0 in void com.android.server.usage.UsageStatsService.addListener(android.app.usage.UsageStatsManagerInternal$AppIdleStateChangeListener) for 448ms
06-03 10:12:54.517 I/SystemServiceManager( 1927): Starting com.android.server.soundtrigger.SoundTriggerService
06-03 10:12:54.535 I/SystemServiceManager( 1927): Starting com.android.server.backup.BackupManagerService$Lifecycle
06-03 10:12:54.544 I/SystemServiceManager( 1927): Starting com.android.server.appwidget.AppWidgetService
06-03 10:12:54.652 I/SystemServiceManager( 1927): Starting com.android.server.voiceinteraction.VoiceInteractionManagerService
06-03 10:12:54.674 I/SystemServer( 1927): Gesture Launcher Service
06-03 10:12:54.675 I/SystemServiceManager( 1927): Starting com.android.server.GestureLauncherService
06-03 10:12:54.676 I/SystemServiceManager( 1927): Starting com.android.server.SensorNotificationService
06-03 10:12:54.677 I/SystemServiceManager( 1927): Starting com.android.server.ContextHubSystemService
06-03 10:12:54.692 E/ContextHubService( 1927): ** Could not load context_hub module : err No such file or directory
06-03 10:12:54.693 W/ContextHubService( 1927): No Context Hub Module present
06-03 10:12:54.693 I/SystemServer( 1927): StartDiskStatsService
06-03 10:12:54.696 I/SystemServer( 1927): StartSamplingProfilerService
06-03 10:12:54.727 I/SystemServer( 1927): StartNetworkTimeUpdateService
06-03 10:12:54.745 I/SystemServer( 1927): StartCommonTimeManagementService
06-03 10:12:54.756 I/SystemServer( 1927): CertBlacklister
06-03 10:12:54.772 I/SystemServiceManager( 1927): Starting com.android.server.emergency.EmergencyAffordanceService
06-03 10:12:54.776 I/SystemServiceManager( 1927): Starting com.android.server.dreams.DreamManagerService
06-03 10:12:54.794 I/SystemServer( 1927): StartAssetAtlasService
06-03 10:12:54.854 D/AssetAtlas( 1927): Loaded configuration: SliceMinArea (1280x896) flags=0x2 count=91
06-03 10:12:54.884 I/SystemServiceManager( 1927): Starting com.android.server.print.PrintManagerService
06-03 10:12:54.918 I/SystemServiceManager( 1927): Starting com.android.server.restrictions.RestrictionsManagerService
06-03 10:12:54.977 I/SystemServiceManager( 1927): Starting com.android.server.media.MediaSessionService
06-03 10:12:55.019 I/SystemServer( 1927): StartMediaRouterService
06-03 10:12:55.032 D/gralloc_ranchu( 1927): Emulator without host-side GPU emulation detected. Loading gralloc.default.so from /vendor/lib64/hw/gralloc.goldfish.default.so...
06-03 10:12:55.036 D/gralloc_ranchu( 1927): gralloc.default.so not found in /vendor. Trying /system/lib64/hw/gralloc.goldfish.default.so...
06-03 10:12:55.056 I/SystemServiceManager( 1927): Starting com.android.server.trust.TrustManagerService
06-03 10:12:55.067 I/SystemServiceManager( 1927): Starting com.android.server.fingerprint.FingerprintService
06-03 10:12:55.125 D/PermissionCache( 1354): checking android.permission.MANAGE_FINGERPRINT for uid=1000 => granted (15355 us)
06-03 10:12:55.129 V/fingerprintd( 1354): nativeOpenHal()
06-03 10:12:55.229 D/FingerprintHal( 1354): ----------------> fingerprint_open ----------------->
06-03 10:12:55.312 E/fingerprintd( 1354): Wrong fp version. Expected 512, got 513
06-03 10:12:55.313 D/FingerprintHal( 1354): ----------------> set_notify_callback ----------------->
06-03 10:12:55.313 D/FingerprintHal( 1354): fingerprint callback notification set
06-03 10:12:55.313 V/fingerprintd( 1354): fingerprint HAL successfully initialized
06-03 10:12:55.318 V/fingerprintd( 1354): setActiveGroup(0, /data/system/users/0/fpdata, 27)
06-03 10:12:55.318 D/FingerprintHal( 1354): ----------------> fingerprint_set_active_group -----------------> path /data/system/users/0/fpdata
06-03 10:12:55.318 D/FingerprintHal( 1354): ----------------> loadFingerprints ----------------->
06-03 10:12:55.319 E/FingerprintHal( 1354): Could not load fingerprints from storage at /data/system/users/0/fpdata/emufp.bin; it has not yet been created.
06-03 10:12:55.319 D/FingerprintHal( 1354): ----------------> loadAuthenticatorId ----------------->
06-03 10:12:55.331 D/FingerprintHal( 1354): ----------------> listenerFunction ----------------->
06-03 10:12:55.350 D/FingerprintHal( 1354): Read authenticator id (0x6b8b4567327b23c6)
06-03 10:12:55.353 D/FingerprintHal( 1354): ----------------> fingerprint_get_auth_id ----------------->
06-03 10:12:55.353 D/FingerprintHal( 1354): ----------------> fingerprint_get_auth_id auth id 6b8b4567327b23c6----------------->
06-03 10:12:55.353 V/FingerprintService( 1927): Fingerprint HAL id: 136599675650048
06-03 10:12:55.356 I/SystemServer( 1927): StartBackgroundDexOptService
06-03 10:12:55.400 I/SystemServiceManager( 1927): Starting com.android.server.pm.ShortcutService$Lifecycle
06-03 10:12:55.484 I/SystemServiceManager( 1927): Starting com.android.server.pm.LauncherAppsService
06-03 10:12:55.501 I/SystemServiceManager( 1927): Starting com.android.server.media.projection.MediaProjectionManagerService
06-03 10:12:55.683 V/MediaRouter( 1927): Adding route: RouteInfo{ name=Phone, description=null, status=null, category=RouteCategory{ name=null types=ROUTE_TYPE_LIVE_AUDIO ROUTE_TYPE_LIVE_VIDEO  groupable=false }, supportedTypes=ROUTE_TYPE_LIVE_AUDIO ROUTE_TYPE_LIVE_VIDEO , presentationDisplay=null }
06-03 10:12:55.741 V/MediaRouter( 1927): Updating audio routes: AudioRoutesInfo{ type=SPEAKER }
06-03 10:12:55.747 V/MediaRouter( 1927): Selecting route: RouteInfo{ name=Phone, description=null, status=null, category=RouteCategory{ name=null types=ROUTE_TYPE_LIVE_AUDIO ROUTE_TYPE_LIVE_VIDEO  groupable=false }, supportedTypes=ROUTE_TYPE_LIVE_AUDIO ROUTE_TYPE_LIVE_VIDEO , presentationDisplay=null }
06-03 10:12:55.760 W/AssetAtlasService( 1927): Could not find EGL configuration
06-03 10:12:55.764 D/AssetAtlas( 1927): Rendered atlas in 583.37ms (576.72+6.65ms)
06-03 10:12:55.776 I/WindowManager( 1927): SAFE MODE not enabled
06-03 10:12:55.777 I/SystemServiceManager( 1927): Starting com.android.server.MmsServiceBroker
06-03 10:12:55.819 W/VibratorService( 1927): Tried to stop vibrating but there is no vibrator device.
06-03 10:12:55.852 W/art     ( 1927): Suspending all threads took: 14.617ms
06-03 10:12:55.935 I/art     ( 1927): Background partial concurrent mark sweep GC freed 16503(1320KB) AllocSpace objects, 12(240KB) LOS objects, 23% free, 12MB/16MB, paused 18.988ms total 769.922ms
06-03 10:12:56.711 E/LockSettingsStorage( 1927): Cannot read file java.io.FileNotFoundException: /data/system/gatekeeper.password.key: open failed: ENOENT (No such file or directory)
06-03 10:12:56.713 E/LockSettingsStorage( 1927): Cannot read file java.io.FileNotFoundException: /data/system/password.key: open failed: ENOENT (No such file or directory)
06-03 10:12:56.714 E/LockSettingsStorage( 1927): Cannot read file java.io.FileNotFoundException: /data/system/gatekeeper.pattern.key: open failed: ENOENT (No such file or directory)
06-03 10:12:56.716 E/LockSettingsStorage( 1927): Cannot read file java.io.FileNotFoundException: /data/system/gatekeeper.gesture.key: open failed: ENOENT (No such file or directory)
06-03 10:12:56.717 E/LockSettingsStorage( 1927): Cannot read file java.io.FileNotFoundException: /data/system/gesture.key: open failed: ENOENT (No such file or directory)
06-03 10:12:56.718 I/SystemServiceManager( 1927): Starting phase 480
06-03 10:12:56.759 I/DevicePolicyManagerService( 1927): Set ro.device_owner property to false
06-03 10:12:56.817 I/SystemServiceManager( 1927): Starting phase 500
06-03 10:12:56.856 D/ConnectivityMetricsLoggerService( 1927): onBootPhase: PHASE_SYSTEM_SERVICES_READY
06-03 10:12:56.933 I/WifiService( 1927): WifiService starting up with Wi-Fi disabled
06-03 10:12:56.955 I/WifiScanningService( 1927): Starting wifiscanner
06-03 10:12:57.015 I/RttService( 1927): Registering rttmanager
06-03 10:12:57.065 D/ZenLog  ( 1927): config: cleanUpZenRules,ZenModeConfig[user=0,allowCalls=true,allowRepeatCallers=false,allowMessages=false,allowCallsFrom=contacts,allowMessagesFrom=contacts,allowReminders=true,allowEvents=true,allowWhenScreenOff=true,allowWhenScreenOn=true,automaticRules={55791e34e80a438d872f3ee0d75d2aff=ZenRule[enabled=false,snoozing=false,name=Weeknight,zenMode=ZEN_MODE_ALARMS,conditionId=condition://android/schedule?days=1.2.3.4.5&start=22.0&end=7.0&exitAtAlarm=false,condition=Condition[id=condition://android/schedule?days=1.2.3.4.5&start=22.0&end=7.0&exitAtAlarm=false,summary=...,line1=...,line2=...,icon=0,state=STATE_FALSE,flags=2],component=ComponentInfo{android/com.android.server.notification.ScheduleConditionProvider},id=55791e34e80a438d872f3ee0d75d2aff,creationTime=1574383122597,enabler=null], f3f3db1d05034b449d11e2dd0fddc917=ZenRule[enabled=false,snoozing=false,name=Weekend,zenMode=ZEN_MODE_ALARMS,conditionId=condition://android/schedule?days=6.7&start=23.30&end=10.0&exitAtAlarm=false,condition=Condition[id=condition://android/schedule?days=6.7&start=23.30&end=10.0&exitAtAlarm=false,summary=...,line1=...,line2=...,icon=0,state=STATE_FALSE,flags=2],component=ComponentInfo{android/com.android.server.notification.ScheduleConditionProvider},id=f3f3db1d05034b449d11e2dd0fddc917,creationTime=1574383122598,enabler=null], a952894dbb2144c8bc7bbcd244ed361b=ZenRule[enabled=false,snoozing=false,name=Event,zenMode=ZEN_MODE_ALARMS,conditionId=condition://android/event?userId=-10000&calendar=&reply=1,condition=Condition[id=condition://android/event?userId=-10000&calendar=&reply=1,summary=...,line1=...,line2=...,icon=0,state=STATE_FALSE,flags=2],component=ComponentInfo{android/com.android.server.notification.EventConditionProvider},id=a952894dbb2144c8bc7bbcd244ed361b,creationTime=1574383122610,enabler=null]},manualRule=null],Diff[]
06-03 10:12:57.065 D/ZenLog  ( 1927): set_zen_mode: off,onSystemReady
06-03 10:12:57.116 D/PermissionCache( 1332): checking android.permission.CAPTURE_AUDIO_HOTWORD for uid=1000 => granted (885 us)
06-03 10:12:57.118 W/SoundTriggerHelper( 1927): listModules status=0, # of modules=0
06-03 10:12:57.119 D/ContextHubSystemService( 1927): onBootPhase: PHASE_SYSTEM_SERVICES_READY
06-03 10:12:57.474 W/KeyguardServiceDelegate( 1927): onScreenTurningOn(): no keyguard service!
06-03 10:12:57.523 V/UserManagerService( 1927): Found /data/user_de/0 with serial number 0
06-03 10:12:57.524 V/UserManagerService( 1927): Found /data/user/0 with serial number 0
06-03 10:12:57.524 V/UserManagerService( 1927): Found /data/system_de/0 with serial number 0
06-03 10:12:57.525 V/UserManagerService( 1927): Found /data/system_ce/0 with serial number 0
06-03 10:12:58.143 I/ActivityManager( 1927): System now ready
06-03 10:12:58.293 I/SystemServer( 1927): Making services ready
06-03 10:12:58.293 I/SystemServiceManager( 1927): Starting phase 550
06-03 10:12:58.491 W/WindowManager( 1927): Keyguard drawn timeout. Setting mKeyguardDrawComplete
06-03 10:12:58.809 E/InputMethodManagerService( 1927): Ignoring updateSystemUiLocked due to an invalid token. uid:1000 token:null
06-03 10:12:59.610 W/art     ( 1927): Long monitor contention with owner main (1927) at void com.android.server.am.ActivityManagerService.retrieveSettings()(ActivityManagerService.java:13214) waiters=0 in void com.android.server.am.TaskPersister.removeObsoleteFiles(android.util.ArraySet) for 1.370s
06-03 10:12:59.691 I/Zygote  ( 1927): Process: zygote socket opened, supported ABIS: x86_64
06-03 10:12:59.784 W/ActivityManager( 1927): Slow operation: 157ms so far, now at startProcess: returned from zygote!
06-03 10:12:59.785 W/ActivityManager( 1927): Slow operation: 158ms so far, now at startProcess: done updating battery stats
06-03 10:12:59.786 W/ActivityManager( 1927): Slow operation: 159ms so far, now at startProcess: building log message
06-03 10:12:59.787 I/ActivityManager( 1927): Start proc 2177:com.android.inputmethod.latin/u0a41 for service com.android.inputmethod.latin/.LatinIME
06-03 10:12:59.787 W/ActivityManager( 1927): Slow operation: 160ms so far, now at startProcess: starting to update pids map
06-03 10:12:59.787 W/ActivityManager( 1927): Slow operation: 160ms so far, now at startProcess: done updating pids map
06-03 10:12:59.787 W/ActivityManager( 1927): Slow operation: 162ms so far, now at startProcess: done starting proc!
06-03 10:12:59.789 V/InputMethodManagerService( 1927): Adding window token: android.os.Binder@abb5d24
06-03 10:12:59.802 D/MountService( 1927): Thinking about init, mSystemReady=true, mDaemonConnected=true
06-03 10:12:59.802 D/MountService( 1927): Setting up emulation state, initlocked=false
06-03 10:12:59.803 D/CryptdConnector( 1927): SND -> {2 cryptfs unlock_user_key 0 0 ! !}
06-03 10:12:59.828 E/BitmapFactory( 1927): Unable to decode stream: java.io.FileNotFoundException: /data/system/users/0/wallpaper_orig (No such file or directory)
06-03 10:12:59.828 E/WallpaperManagerService( 1927): Invalid wallpaper data
06-03 10:12:59.828 E/WallpaperManagerService( 1927): Unable to apply new wallpaper
06-03 10:12:59.856 W/art     ( 1927): Long monitor contention with owner main (1927) at int com.android.server.am.ActivityManagerService.bindService(android.app.IApplicationThread, android.os.IBinder, android.content.Intent, java.lang.String, android.app.IServiceConnection, int, java.lang.String, int)(ActivityManagerService.java:17301) waiters=1 in void com.android.server.am.TaskPersister.removeObsoleteFiles(android.util.ArraySet) for 179ms
06-03 10:12:59.882 D/vold    ( 1281): e4crypt_unlock_user_key 0 serial=0 token_present=0
06-03 10:12:59.885 D/CryptdConnector( 1927): RCV <- {200 2 Command succeeded}
06-03 10:12:59.887 D/MountService( 1927): Thinking about reset, mSystemReady=true, mDaemonConnected=true
06-03 10:12:59.930 D/VoldConnector( 1927): SND -> {4 volume reset}
06-03 10:12:59.935 D/vold    ( 1281): Recognized experimental block major ID 253 as virtio-blk (emulator's virtual SD card device)
06-03 10:12:59.936 V/vold    ( 1281): /system/bin/sgdisk
06-03 10:12:59.937 V/vold    ( 1281):     --android-dump
06-03 10:12:59.937 V/vold    ( 1281):     /dev/block/vold/disk:253,48
06-03 10:12:59.939 D/VoldConnector( 1927): RCV <- {651 emulated 7}
06-03 10:12:59.970 W/ActivityManager( 1927): Slow operation: 108ms so far, now at startProcess: returned from zygote!
06-03 10:12:59.985 W/ActivityManager( 1927): Slow operation: 123ms so far, now at startProcess: done updating battery stats
06-03 10:12:59.986 W/ActivityManager( 1927): Slow operation: 124ms so far, now at startProcess: building log message
06-03 10:12:59.986 I/ActivityManager( 1927): Start proc 2183:com.android.systemui/u0a21 for service com.android.systemui/.ImageWallpaper
06-03 10:12:59.986 W/ActivityManager( 1927): Slow operation: 124ms so far, now at startProcess: starting to update pids map
06-03 10:12:59.986 W/ActivityManager( 1927): Slow operation: 124ms so far, now at startProcess: done updating pids map
06-03 10:12:59.986 W/ActivityManager( 1927): Slow operation: 131ms so far, now at startProcess: done starting proc!
06-03 10:12:59.990 I/ActivityManager( 1927): Force stopping com.android.providers.media appid=10010 user=-1: vold reset
06-03 10:13:00.016 D/VoldConnector( 1927): RCV <- {659 emulated}
06-03 10:13:00.018 D/VoldConnector( 1927): RCV <- {650 emulated 2 "" ""}
06-03 10:13:00.030 D/VoldConnector( 1927): RCV <- {651 emulated 0}
06-03 10:13:00.031 D/VoldConnector( 1927): RCV <- {649 disk:253,48}
06-03 10:13:00.032 D/VoldConnector( 1927): RCV <- {640 disk:253,48 5}
06-03 10:13:00.033 D/VoldConnector( 1927): RCV <- {641 disk:253,48 524288000}
06-03 10:13:00.034 D/VoldConnector( 1927): RCV <- {642 disk:253,48 Virtual}
06-03 10:13:00.035 D/VoldConnector( 1927): RCV <- {644 disk:253,48 /sys//devices/pci0000:00/0000:00:06.0/virtio3/block/vdd}
06-03 10:13:00.077 D/UsbAlsaManager( 1927): Adding ALSA device AlsaDevice: [card: 0, device: 0, type: 1]
06-03 10:13:00.077 D/UsbAlsaManager( 1927): Adding ALSA device AlsaDevice: [card: 0, device: 0, type: 2]
06-03 10:13:00.079 I/SystemServer( 1927): WebViewFactory preparation
06-03 10:13:00.108 W/art     ( 2183): Unexpected CPU variant for X86 using defaults: x86_64
06-03 10:13:00.122 W/art     ( 2177): Unexpected CPU variant for X86 using defaults: x86_64
06-03 10:13:00.129 V/MountService( 1927): Found primary storage at VolumeInfo{emulated}:
06-03 10:13:00.129 V/MountService( 1927):     type=EMULATED diskId=null partGuid=null mountFlags=0 mountUserId=-1 
06-03 10:13:00.129 V/MountService( 1927):     state=UNMOUNTED 
06-03 10:13:00.129 V/MountService( 1927):     fsType=null fsUuid=null fsLabel=null 
06-03 10:13:00.129 V/MountService( 1927):     path=null internalPath=null 
06-03 10:13:00.148 E/BluetoothAdapter( 1927): Bluetooth binder is null
06-03 10:13:00.202 E/BluetoothAdapter( 1927): Bluetooth binder is null
06-03 10:13:00.237 D/WebViewFactory( 1927): Setting new address space to 114394000
06-03 10:13:00.254 I/AudioFlinger( 1332): systemReady
06-03 10:13:00.684 I/Zygote  ( 1927): Process: zygote socket opened, supported ABIS: x86
06-03 10:13:00.777 E/WVMExtractor( 1927): Failed to open libwvm.so: dlopen failed: library "libwvm.so" not found
06-03 10:13:00.945 I/art     ( 1331): Starting a blocking GC Background
06-03 10:13:00.961 W/art     ( 1927): Long monitor contention with owner main (1927) at int com.android.server.am.ActivityManagerService.bindService(android.app.IApplicationThread, android.os.IBinder, android.content.Intent, java.lang.String, android.app.IServiceConnection, int, java.lang.String, int)(ActivityManagerService.java:17301) waiters=0 in void com.android.server.am.TaskPersister.removeObsoleteFiles(android.util.ArraySet) for 1.105s
06-03 10:13:01.411 W/art     ( 1331): Suspending all threads took: 70.620ms
06-03 10:13:01.466 I/MediaPlayerService( 1346): MediaPlayerService::getOMX
06-03 10:13:01.478 I/art     ( 1331): Background concurrent mark sweep GC freed 114(16KB) AllocSpace objects, 0(0B) LOS objects, 39% free, 6MB/10MB, paused 73.642ms total 528.978ms
06-03 10:13:01.579 I/OMXClient( 1346): MuxOMX ctor
06-03 10:13:01.731 I/MediaPlayerService( 1346): MediaPlayerService::getOMX
06-03 10:13:01.767 V/vold    ( 1281): DISK gpt BB9123B5-D349-492B-A02C-70E73BB77C56
06-03 10:13:01.767 V/vold    ( 1281): 
06-03 10:13:01.768 V/vold    ( 1281): PART 1 19A710A2-B3CA-11E4-B026-10604B889DCF EED9717C-D445-490C-8E8D-2D167B319359 android_meta
06-03 10:13:01.768 V/vold    ( 1281): 
06-03 10:13:01.768 V/vold    ( 1281): PART 2 193D1EA4-B3CA-11E4-B075-10604B889DCF 8F368E03-8B01-C40D-EBD0-D1FEEDFE912E android_expand
06-03 10:13:01.768 V/vold    ( 1281): 
06-03 10:13:01.802 I/OMXClient( 1346): MuxOMX ctor
06-03 10:13:01.845 I/OMXMaster( 1337): makeComponentInstance(OMX.google.mp3.decoder) in mediacodec process
06-03 10:13:01.862 E/vold    ( 1281): Failed to load key for GUID 8f368e038b01c40debd0d1feedfe912e: No such file or directory
06-03 10:13:01.866 D/VoldConnector( 1927): RCV <- {643 disk:253,48}
06-03 10:13:01.901 D/VoldConnector( 1927): RCV <- {200 4 Command succeeded}
06-03 10:13:01.916 E/VoldConnector( 1927): NDC Command {4 volume reset} took too long (2026ms)
06-03 10:13:01.918 D/VoldConnector( 1927): SND -> {5 volume user_added 0 0}
06-03 10:13:01.923 D/VoldConnector( 1927): RCV <- {200 5 Command succeeded}
06-03 10:13:02.166 W/art     ( 1927): Long monitor contention with owner android.bg (1964) at char[] java.lang.String.toCharArray!()(String.java:-2) waiters=0 in void com.android.server.pm.ShortcutService.handleOnUidStateChanged(int, int) for 2.112s
06-03 10:13:02.442 W/ActivityManager( 1927): Slow operation: 2078ms so far, now at startProcess: returned from zygote!
06-03 10:13:02.442 W/ActivityManager( 1927): Slow operation: 2078ms so far, now at startProcess: done updating battery stats
06-03 10:13:02.443 W/ActivityManager( 1927): Slow operation: 2078ms so far, now at startProcess: building log message
06-03 10:13:02.443 I/ActivityManager( 1927): Start proc 2217:WebViewLoader-x86/1037 [android.webkit.WebViewFactory$RelroFileCreator] for 
06-03 10:13:02.443 W/ActivityManager( 1927): Slow operation: 2079ms so far, now at startProcess: starting to update pids map
06-03 10:13:02.443 W/ActivityManager( 1927): Slow operation: 2079ms so far, now at startProcess: done updating pids map
06-03 10:13:02.443 W/ActivityManager( 1927): Slow operation: 2080ms so far, now at startProcess: done starting proc!
06-03 10:13:02.451 W/art     ( 1927): Long monitor contention with owner main (1927) at int com.android.server.am.ActivityManagerService.startIsolatedProcess(java.lang.String, java.lang.String[], java.lang.String, java.lang.String, int, java.lang.Runnable)(ActivityManagerService.java:3509) waiters=1 in void com.android.server.am.ActivityManagerService.attachApplication(android.app.IApplicationThread) for 1.720s
06-03 10:13:02.565 W/ActivityManager( 1927): Slow operation: 120ms so far, now at startProcess: returned from zygote!
06-03 10:13:02.565 W/ActivityManager( 1927): Slow operation: 121ms so far, now at startProcess: done updating battery stats
06-03 10:13:02.565 W/ActivityManager( 1927): Slow operation: 121ms so far, now at startProcess: building log message
06-03 10:13:02.565 I/ActivityManager( 1927): Start proc 2222:WebViewLoader-x86_64/1037 [android.webkit.WebViewFactory$RelroFileCreator] for 
06-03 10:13:02.566 W/ActivityManager( 1927): Slow operation: 121ms so far, now at startProcess: starting to update pids map
06-03 10:13:02.566 W/ActivityManager( 1927): Slow operation: 122ms so far, now at startProcess: done updating pids map
06-03 10:13:02.566 W/ActivityManager( 1927): Slow operation: 122ms so far, now at startProcess: done starting proc!
06-03 10:13:02.580 W/art     ( 1927): Long monitor contention with owner main (1927) at int com.android.server.am.ActivityManagerService.startIsolatedProcess(java.lang.String, java.lang.String[], java.lang.String, java.lang.String, int, java.lang.Runnable)(ActivityManagerService.java:3509) waiters=2 in void com.android.server.am.ActivityManagerService.attachApplication(android.app.IApplicationThread) for 1.845s
06-03 10:13:02.582 W/art     ( 1927): Long monitor contention with owner main (1927) at int com.android.server.am.ActivityManagerService.startIsolatedProcess(java.lang.String, java.lang.String[], java.lang.String, java.lang.String, int, java.lang.Runnable)(ActivityManagerService.java:3509) waiters=2 in void com.android.server.am.TaskPersister.removeObsoleteFiles(android.util.ArraySet) for 1.619s
06-03 10:13:02.593 W/art     ( 2217): Unexpected CPU variant for X86 using defaults: x86
06-03 10:13:02.609 W/art     ( 2222): Unexpected CPU variant for X86 using defaults: x86_64
06-03 10:13:02.612 D/NetworkManagement( 1927): enabling bandwidth control
06-03 10:13:02.751 W/art     ( 1927): Long monitor contention with owner main (1927) at int com.android.server.am.ActivityManagerService.startIsolatedProcess(java.lang.String, java.lang.String[], java.lang.String, java.lang.String, int, java.lang.Runnable)(ActivityManagerService.java:3509) waiters=3 in int com.android.server.am.ActivityManagerService.getAppStartMode(int, java.lang.String) for 823ms
06-03 10:13:02.752 W/art     ( 1927): Long monitor contention with owner main (1927) at int com.android.server.am.ActivityManagerService.startIsolatedProcess(java.lang.String, java.lang.String[], java.lang.String, java.lang.String, int, java.lang.Runnable)(ActivityManagerService.java:3509) waiters=4 in void com.android.server.am.ActivityManagerService.dispatchUidsChanged() for 586ms
06-03 10:13:02.754 W/art     ( 1927): Long monitor contention with owner main (1927) at int com.android.server.am.ActivityManagerService.startIsolatedProcess(java.lang.String, java.lang.String[], java.lang.String, java.lang.String, int, java.lang.Runnable)(ActivityManagerService.java:3509) waiters=4 in void com.android.server.am.ActivityManagerService.attachApplication(android.app.IApplicationThread) for 302ms
06-03 10:13:02.776 D/VoldConnector( 1927): SND -> {6 volume mount emulated 3 -1}
06-03 10:13:02.790 D/VoldConnector( 1927): RCV <- {651 emulated 1}
06-03 10:13:02.792 D/VoldConnector( 1927): RCV <- {656 emulated /data/media}
06-03 10:13:02.793 D/VoldConnector( 1927): RCV <- {655 emulated /storage/emulated}
06-03 10:13:02.846 W/art     ( 1927): Long monitor contention with owner Binder:1927_1 (1945) at void com.android.server.am.ActivityManagerService.attachApplication(android.app.IApplicationThread)(ActivityManagerService.java:6669) waiters=3 in void com.android.server.am.TaskPersister.removeObsoleteFiles(android.util.ArraySet) for 264ms
06-03 10:13:02.903 V/vold    ( 1281): Waiting for FUSE to spin up...
06-03 10:13:02.960 V/vold    ( 1281): Waiting for FUSE to spin up...
06-03 10:13:02.995 V/WebViewFactory( 2222): RelroFileCreator (64bit = true),  32-bit lib: /system/app/webview/webview.apk!/lib/x86/libwebviewchromium.so, 64-bit lib: /system/app/webview/webview.apk!/lib/x86_64/libwebviewchromium.so
06-03 10:13:03.020 V/vold    ( 1281): Waiting for FUSE to spin up...
06-03 10:13:03.072 V/vold    ( 1281): Waiting for FUSE to spin up...
06-03 10:13:03.130 V/vold    ( 1281): Waiting for FUSE to spin up...
06-03 10:13:03.187 V/vold    ( 1281): Waiting for FUSE to spin up...
06-03 10:13:03.240 V/vold    ( 1281): Waiting for FUSE to spin up...
06-03 10:13:03.300 V/vold    ( 1281): Waiting for FUSE to spin up...
06-03 10:13:03.360 V/vold    ( 1281): Waiting for FUSE to spin up...
06-03 10:13:03.374 V/WebViewFactory( 2217): RelroFileCreator (64bit = false),  32-bit lib: /system/app/webview/webview.apk!/lib/x86/libwebviewchromium.so, 64-bit lib: /system/app/webview/webview.apk!/lib/x86_64/libwebviewchromium.so
06-03 10:13:03.420 V/vold    ( 1281): Waiting for FUSE to spin up...
06-03 10:13:03.467 W/System  ( 2183): ClassLoader referenced unknown path: /system/priv-app/SystemUI/lib/x86_64
06-03 10:13:03.483 V/vold    ( 1281): Waiting for FUSE to spin up...
06-03 10:13:03.533 V/vold    ( 1281): Waiting for FUSE to spin up...
06-03 10:13:03.590 V/vold    ( 1281): Waiting for FUSE to spin up...
06-03 10:13:03.650 V/vold    ( 1281): Waiting for FUSE to spin up...
06-03 10:13:03.702 V/vold    ( 1281): Waiting for FUSE to spin up...
06-03 10:13:03.753 I/MediaPlayerService( 1346): MediaPlayerService::getOMX
06-03 10:13:03.760 V/vold    ( 1281): Waiting for FUSE to spin up...
06-03 10:13:03.777 W/sdcard  ( 2239): Device explicitly disabled sdcardfs
06-03 10:13:03.786 I/OMXClient( 1346): MuxOMX ctor
06-03 10:13:03.787 I/OMXMaster( 1337): makeComponentInstance(OMX.google.amrnb.decoder) in mediacodec process
06-03 10:13:03.820 V/vold    ( 1281): Waiting for FUSE to spin up...
06-03 10:13:03.871 V/vold    ( 1281): Waiting for FUSE to spin up...
