06-03 10:10:40.639 D/audio_hw_generic( 1332): set ctl 1 to 100
06-03 10:10:40.639 D/audio_hw_generic( 1332): mixer 3 name Capture Switch
06-03 10:10:40.639 D/audio_hw_generic( 1332): set ctl 0 to 1
06-03 10:10:40.639 D/audio_hw_generic( 1332): set ctl 1 to 1
06-03 10:10:40.639 D/audio_hw_generic( 1332): mixer 4 name Line Phantom Jack
06-03 10:10:40.639 D/audio_hw_generic( 1332): mixer 5 name Line Out Phantom Jack
06-03 10:10:40.640 D/audio_hw_generic( 1332): mixer 6 name Playback Channel Map
06-03 10:10:40.668 V/MediaUtils( 1345): physMem: 1043894272
06-03 10:10:40.668 V/MediaUtils( 1345): requested limit: 208778840
06-03 10:10:40.668 V/MediaUtils( 1345): actual limit: 208778840
06-03 10:10:40.669 V/MediaUtils( 1345): original limits: 4294967295/4294967295
06-03 10:10:40.669 V/MediaUtils( 1345): new limits: 208778840/4294967295
06-03 10:10:40.730 D/audio_hw_generic( 1332): mixer 7 name Capture Channel Map
06-03 10:10:40.731 I/AudioFlinger( 1332): loadHwModule() Loaded primary audio interface from Generic audio HW HAL (audio) handle 10
06-03 10:10:40.732 I/AudioFlinger( 1332): openOutput(), module 10 Device 2, SamplingRate 48000, Format 0x000001, Channels 3, flags 2
06-03 10:10:40.743 I/AudioFlinger( 1332): HAL output buffer size 720 frames, normal sink buffer size 1152 frames
06-03 10:10:40.813 W//system/bin/mediaextractor( 1345): libminijail: allowing syscall: socketcall
06-03 10:10:40.814 W//system/bin/mediaextractor( 1345): libminijail: allowing syscall: writev
06-03 10:10:40.814 W//system/bin/mediaextractor( 1345): libminijail: allowing syscall: fcntl64
06-03 10:10:40.814 W//system/bin/mediaextractor( 1345): libminijail: allowing syscall: clock_gettime
06-03 10:10:40.825 W//system/bin/mediaextractor( 1345): libminijail: logging seccomp filter failures
06-03 10:10:40.964 I/BufferProvider( 1332): found effect "Multichannel Downmix To Stereo" from The Android Open Source Project
06-03 10:10:41.126 I/AudioFlinger( 1332): Using module 10 has the primary audio interface
06-03 10:10:41.173 I/AudioFlinger( 1332): AudioFlinger's thread 0xf2b032c0 ready to run
06-03 10:10:41.176 W/BatteryNotifier( 1332): batterystats service unavailable!
06-03 10:10:41.178 W/BatteryNotifier( 1332): batterystats service unavailable!
06-03 10:10:41.211 W/BatteryNotifier( 1332): batterystats service unavailable!
06-03 10:10:41.214 W/AudioFlinger( 1332): no wake lock to update, system not ready yet
06-03 10:10:41.267 I/cameraserver( 1333): ServiceManager: 0xf043c020
06-03 10:10:41.281 I/CameraService( 1333): CameraService started (pid=1333)
06-03 10:10:41.281 I/CameraService( 1333): CameraService process starting
06-03 10:10:41.310 I/AudioFlinger( 1332): AudioFlinger's thread 0xf2603140 ready to run
06-03 10:10:41.320 W/BatteryNotifier( 1333): batterystats service unavailable!
06-03 10:10:41.321 W/BatteryNotifier( 1333): batterystats service unavailable!
06-03 10:10:41.383 I/r_submix( 1332): adev_open(name=audio_hw_if)
06-03 10:10:41.384 I/r_submix( 1332): adev_init_check()
06-03 10:10:41.384 I/AudioFlinger( 1332): loadHwModule() Loaded r_submix audio interface from Wifi Display audio HAL (audio) handle 18
06-03 10:10:41.384 D/r_submix( 1332): adev_open_input_stream(addr=0)
06-03 10:10:41.385 D/r_submix( 1332): submix_audio_device_create_pipe_l(addr=0, idx=9)
06-03 10:10:41.385 D/r_submix( 1332):   now using address 0 for route 9
06-03 10:10:41.411 I/AudioFlinger( 1332): AudioFlinger's thread 0xf2703ac0 ready to run
06-03 10:10:41.411 D/r_submix( 1332): adev_close_input_stream()
06-03 10:10:41.411 D/r_submix( 1332): submix_audio_device_release_pipe_l(idx=9) addr=0
06-03 10:10:41.412 D/r_submix( 1332): submix_audio_device_destroy_pipe_l(): pipe destroyed
06-03 10:10:41.430 I/RadioService( 1332): RadioService
06-03 10:10:41.431 I/RadioService( 1332): onFirstRef
06-03 10:10:41.431 E/RadioService( 1332): couldn't load radio module radio.primary (No such file or directory)
06-03 10:10:41.450 E/SoundTriggerHwService( 1332): couldn't load sound trigger module sound_trigger.primary (No such file or directory)
06-03 10:10:41.593 I/mediaserver( 1346): ServiceManager: 0xf0cbc0a0
06-03 10:10:41.600 D/EmulatedCamera_QemuClient( 1333): Emulated camera list: 
06-03 10:10:41.602 D/EmulatedCamera_FakeCamera( 1333): Initialize: Fake camera is facing back
06-03 10:10:41.632 W/BatteryNotifier( 1346): batterystats service unavailable!
06-03 10:10:41.636 V/EmulatedCamera_Device( 1333): initializeWhiteBalanceModes with auto, 1.000000, 1.000000
06-03 10:10:41.666 V/EmulatedCamera_Device( 1333): initializeWhiteBalanceModes with incandescent, 1.380000, 0.600000
06-03 10:10:41.666 V/EmulatedCamera_Device( 1333): initializeWhiteBalanceModes with daylight, 1.090000, 0.920000
06-03 10:10:41.666 V/EmulatedCamera_Device( 1333): initializeWhiteBalanceModes with twilight, 0.920000, 1.220000
06-03 10:10:41.666 V/EmulatedCamera_Device( 1333): setWhiteBalanceMode with white balance auto
06-03 10:10:41.667 E/EmulatedCamera_Factory( 1333): 1 cameras are being emulated. 0 of them are fake cameras.
06-03 10:10:41.668 E/EmulatedCamera_HotplugThread( 1333): createFileIfNotExists: Could not create file '/data/misc/media/emulator.camera.hotplug.0', error: 'Permission denied' (13)
06-03 10:10:41.707 I/CameraService( 1333): Loaded "Emulated Camera Module" camera module
06-03 10:10:41.707 E/CameraService( 1333): setUpVendorTags: Vendor tag operations not fully defined. Ignoring definitions.
06-03 10:10:41.708 V/EmulatedCamera_Camera( 1333): getCameraInfo
06-03 10:10:41.708 V/EmulatedCamera_BaseCamera( 1333): getCameraInfo
06-03 10:10:41.709 I/CameraFlashlight( 1333): Opening camera 0
06-03 10:10:41.709 V/EmulatedCamera_Camera( 1333): getCameraInfo
06-03 10:10:41.709 V/EmulatedCamera_BaseCamera( 1333): getCameraInfo
06-03 10:10:41.709 V/EmulatedCamera_Camera( 1333): connectCamera
06-03 10:10:41.709 V/EmulatedCamera_FakeDevice( 1333): connectDevice
06-03 10:10:41.740 V/EmulatedCamera_CallbackNotifier( 1333): setCallbacks: 0xf1112e80, 0xf1112ed0, 0xf1112ff0, 0xf1113110 (0xf0443140)
06-03 10:10:41.829 V/EmulatedCamera_Preview( 1333): setPreviewWindow: current: 0x0 -> new: 0xf0443150
06-03 10:10:41.829 V/EmulatedCamera_Preview( 1333): setPreviewWindow: current: 0xf0443150 -> new: 0x0
06-03 10:10:41.829 V/EmulatedCamera_Camera( 1333): doStopPreview
06-03 10:10:41.882 V/EmulatedCamera_Preview( 1333): setPreviewWindow: current: 0x0 -> new: 0x0
06-03 10:10:41.882 V/EmulatedCamera_Camera( 1333): releaseCamera
06-03 10:10:41.882 V/EmulatedCamera_Camera( 1333): doStopPreview
06-03 10:10:41.882 V/EmulatedCamera_FakeDevice( 1333): disconnectDevice
06-03 10:10:41.882 W/EmulatedCamera_Device( 1333): Initialize: Emulated camera device is already initialized: mState = 1
06-03 10:10:41.883 D/EmulatedCamera_FakeCamera( 1333): Initialize: Fake camera is facing back
06-03 10:10:41.883 V/EmulatedCamera_Device( 1333): initializeWhiteBalanceModes with auto, 1.000000, 1.000000
06-03 10:10:41.884 V/EmulatedCamera_Device( 1333): initializeWhiteBalanceModes with incandescent, 1.380000, 0.600000
06-03 10:10:41.884 V/EmulatedCamera_Device( 1333): initializeWhiteBalanceModes with daylight, 1.090000, 0.920000
06-03 10:10:41.884 V/EmulatedCamera_Device( 1333): initializeWhiteBalanceModes with twilight, 0.920000, 1.220000
06-03 10:10:41.884 V/EmulatedCamera_Device( 1333): setWhiteBalanceMode with white balance auto
06-03 10:10:41.884 I/CameraFlashlight( 1333): Destroying camera 0
06-03 10:10:41.884 V/EmulatedCamera_Camera( 1333): closeCamera
06-03 10:10:41.884 V/EmulatedCamera_Camera( 1333): doStopPreview
06-03 10:10:41.884 W/EmulatedCamera_Device( 1333): Initialize: Emulated camera device is already initialized: mState = 1
06-03 10:10:41.885 D/EmulatedCamera_FakeCamera( 1333): Initialize: Fake camera is facing back
06-03 10:10:41.885 V/EmulatedCamera_Device( 1333): initializeWhiteBalanceModes with auto, 1.000000, 1.000000
06-03 10:10:41.885 V/EmulatedCamera_Device( 1333): initializeWhiteBalanceModes with incandescent, 1.380000, 0.600000
06-03 10:10:41.885 V/EmulatedCamera_Device( 1333): initializeWhiteBalanceModes with daylight, 1.090000, 0.920000
06-03 10:10:41.885 V/EmulatedCamera_Device( 1333): initializeWhiteBalanceModes with twilight, 0.920000, 1.220000
06-03 10:10:41.885 V/EmulatedCamera_Device( 1333): setWhiteBalanceMode with white balance auto
06-03 10:10:41.889 V/EmulatedCamera_Camera( 1333): getCameraInfo
06-03 10:10:41.889 V/EmulatedCamera_BaseCamera( 1333): getCameraInfo
06-03 10:10:41.943 I/ServiceManager( 1333): Waiting for service media.camera.proxy...
06-03 10:10:42.555 I/mediaserver( 1344): ServiceManager: 0xf523c0a0
06-03 10:10:42.951 I/ServiceManager( 1333): Waiting for service media.camera.proxy...
06-03 10:10:43.961 I/ServiceManager( 1333): Waiting for service media.camera.proxy...
06-03 10:10:44.221 W/BatteryNotifier( 1332): batterystats service unavailable!
06-03 10:10:45.000 I/ServiceManager( 1333): Waiting for service media.camera.proxy...
06-03 10:10:46.011 I/ServiceManager( 1333): Waiting for service media.camera.proxy...
06-03 10:10:55.497 D/AndroidRuntime( 1330): >>>>>> START com.android.internal.os.ZygoteInit uid 0 <<<<<<
06-03 10:10:55.609 E/SurfaceFlinger( 1327): ro.sf.lcd_density must be defined as a build property
06-03 10:10:55.762 D/libEGL  ( 1574): Emulator without GPU support detected. Fallback to legacy software renderer, qemu.gles is set to 0.
06-03 10:10:55.945 D/libEGL  ( 1574): loaded /system/lib64/egl/libGLES_android.so
06-03 10:10:56.187 D/AndroidRuntime( 1330): CheckJNI is ON
06-03 10:10:56.196 E/hostapd ( 1693): Configuration file: /system/etc/simulated_hostapd.conf
06-03 10:10:56.450 I/art     ( 1330): option[0]=-Xzygote
06-03 10:10:56.451 I/art     ( 1330): option[1]=-Xcheck:jni
06-03 10:10:56.451 I/art     ( 1330): option[2]=-Xstacktracefile:/data/anr/traces.txt
06-03 10:10:56.451 I/art     ( 1330): option[3]=exit
06-03 10:10:56.451 I/art     ( 1330): option[4]=vfprintf
06-03 10:10:56.451 I/art     ( 1330): option[5]=sensitiveThread
06-03 10:10:56.452 I/art     ( 1330): option[6]=-verbose:gc
06-03 10:10:56.452 I/art     ( 1330): option[7]=-Xms4m
06-03 10:10:56.452 I/art     ( 1330): option[8]=-Xmx256m
06-03 10:10:56.452 I/art     ( 1330): option[9]=-Xusejit:true
06-03 10:10:56.452 I/art     ( 1330): option[10]=-Xjitsaveprofilinginfo
06-03 10:10:56.452 I/art     ( 1330): option[11]=-agentlib:jdwp=transport=dt_android_adb,suspend=n,server=y
06-03 10:10:56.452 I/art     ( 1330): option[12]=-Xlockprofthreshold:500
06-03 10:10:56.452 I/art     ( 1330): option[13]=-Ximage-compiler-option
06-03 10:10:56.452 I/art     ( 1330): option[14]=--runtime-arg
06-03 10:10:56.452 I/art     ( 1330): option[15]=-Ximage-compiler-option
06-03 10:10:56.452 I/art     ( 1330): option[16]=-Xms64m
06-03 10:10:56.452 I/art     ( 1330): option[17]=-Ximage-compiler-option
06-03 10:10:56.452 I/art     ( 1330): option[18]=--runtime-arg
06-03 10:10:56.452 I/art     ( 1330): option[19]=-Ximage-compiler-option
06-03 10:10:56.452 I/art     ( 1330): option[20]=-Xmx64m
06-03 10:10:56.452 I/art     ( 1330): option[21]=-Ximage-compiler-option
06-03 10:10:56.452 I/art     ( 1330): option[22]=--image-classes=/system/etc/preloaded-classes
06-03 10:10:56.453 I/art     ( 1330): option[23]=-Ximage-compiler-option
06-03 10:10:56.453 I/art     ( 1330): option[24]=--compiled-classes=/system/etc/compiled-classes
06-03 10:10:56.453 I/art     ( 1330): option[25]=-Xcompiler-option
06-03 10:10:56.453 I/art     ( 1330): option[26]=--runtime-arg
06-03 10:10:56.453 I/art     ( 1330): option[27]=-Xcompiler-option
06-03 10:10:56.453 I/art     ( 1330): option[28]=-Xms64m
06-03 10:10:56.453 I/art     ( 1330): option[29]=-Xcompiler-option
06-03 10:10:56.453 I/art     ( 1330): option[30]=--runtime-arg
06-03 10:10:56.453 I/art     ( 1330): option[31]=-Xcompiler-option
06-03 10:10:56.453 I/art     ( 1330): option[32]=-Xmx512m
06-03 10:10:56.453 I/art     ( 1330): option[33]=-Ximage-compiler-option
06-03 10:10:56.453 I/art     ( 1330): option[34]=--instruction-set-variant=x86_64
06-03 10:10:56.453 I/art     ( 1330): option[35]=-Xcompiler-option
06-03 10:10:56.453 I/art     ( 1330): option[36]=--instruction-set-variant=x86_64
06-03 10:10:56.453 I/art     ( 1330): option[37]=-Ximage-compiler-option
06-03 10:10:56.453 I/art     ( 1330): option[38]=--instruction-set-features=default
06-03 10:10:56.453 I/art     ( 1330): option[39]=-Xcompiler-option
06-03 10:10:56.453 I/art     ( 1330): option[40]=--instruction-set-features=default
06-03 10:10:56.454 I/art     ( 1330): option[41]=-Duser.locale=en-US
06-03 10:10:56.454 I/art     ( 1330): option[42]=--cpu-abilist=x86_64
06-03 10:10:56.454 I/art     ( 1330): option[43]=-Xfingerprint:Android/sdk_phone_x86_64/generic_x86_64:7.1.1/NYC/4931657:userdebug/test-keys
06-03 10:10:56.598 D/AndroidRuntime( 1331): >>>>>> START com.android.internal.os.ZygoteInit uid 0 <<<<<<
06-03 10:10:57.155 D/gralloc_ranchu( 1574): Emulator without host-side GPU emulation detected. Loading gralloc.default.so from /vendor/lib64/hw/gralloc.goldfish.default.so...
06-03 10:10:57.159 D/gralloc_ranchu( 1574): gralloc.default.so not found in /vendor. Trying /system/lib64/hw/gralloc.goldfish.default.so...
06-03 10:10:57.309 E/ipv6proxy( 1686): Failed to forward Router Advertisement from eth0 to wlan1: Network is unreachable
06-03 10:10:57.336 E/ipv6proxy( 1686): Failed to forward Router Advertisement from eth0 to radio0-peer: Cannot assign requested address
06-03 10:10:57.380 I/hostapd ( 1693): rfkill: Cannot get wiphy information
06-03 10:10:57.413 I/hostapd ( 1693): nl80211: Could not re-add multicast membership for vendor events: -2 (No such file or directory)
06-03 10:10:57.415 I/hostapd ( 1693): wlan1: interface state UNINITIALIZED->COUNTRY_UPDATE
06-03 10:10:57.875 D/AndroidRuntime( 1331): CheckJNI is ON
06-03 10:10:58.137 I/art     ( 1331): option[0]=-Xzygote
06-03 10:10:58.137 I/art     ( 1331): option[1]=-Xcheck:jni
06-03 10:10:58.138 I/art     ( 1331): option[2]=-Xstacktracefile:/data/anr/traces.txt
06-03 10:10:58.138 I/art     ( 1331): option[3]=exit
06-03 10:10:58.138 I/art     ( 1331): option[4]=vfprintf
06-03 10:10:58.138 I/art     ( 1331): option[5]=sensitiveThread
06-03 10:10:58.138 I/art     ( 1331): option[6]=-verbose:gc
06-03 10:10:58.138 I/art     ( 1331): option[7]=-Xms4m
06-03 10:10:58.138 I/art     ( 1331): option[8]=-Xmx256m
06-03 10:10:58.138 I/art     ( 1331): option[9]=-Xusejit:true
06-03 10:10:58.138 I/art     ( 1331): option[10]=-Xjitsaveprofilinginfo
06-03 10:10:58.139 I/art     ( 1331): option[11]=-agentlib:jdwp=transport=dt_android_adb,suspend=n,server=y
06-03 10:10:58.139 I/art     ( 1331): option[12]=-Xlockprofthreshold:500
06-03 10:10:58.139 I/art     ( 1331): option[13]=-Ximage-compiler-option
06-03 10:10:58.139 I/art     ( 1331): option[14]=--runtime-arg
06-03 10:10:58.139 I/art     ( 1331): option[15]=-Ximage-compiler-option
06-03 10:10:58.139 I/art     ( 1331): option[16]=-Xms64m
06-03 10:10:58.139 I/art     ( 1331): option[17]=-Ximage-compiler-option
06-03 10:10:58.139 I/art     ( 1331): option[18]=--runtime-arg
06-03 10:10:58.139 I/art     ( 1331): option[19]=-Ximage-compiler-option
06-03 10:10:58.139 I/art     ( 1331): option[20]=-Xmx64m
06-03 10:10:58.139 I/art     ( 1331): option[21]=-Ximage-compiler-option
06-03 10:10:58.139 I/art     ( 1331): option[22]=--image-classes=/system/etc/preloaded-classes
06-03 10:10:58.139 I/art     ( 1331): option[23]=-Ximage-compiler-option
06-03 10:10:58.139 I/art     ( 1331): option[24]=--compiled-classes=/system/etc/compiled-classes
06-03 10:10:58.140 I/art     ( 1331): option[25]=-Xcompiler-option
06-03 10:10:58.189 I/art     ( 1331): option[26]=--runtime-arg
06-03 10:10:58.189 I/art     ( 1331): option[27]=-Xcompiler-option
06-03 10:10:58.189 I/art     ( 1331): option[28]=-Xms64m
06-03 10:10:58.189 I/art     ( 1331): option[29]=-Xcompiler-option
06-03 10:10:58.189 I/art     ( 1331): option[30]=--runtime-arg
06-03 10:10:58.189 I/art     ( 1331): option[31]=-Xcompiler-option
06-03 10:10:58.190 I/art     ( 1331): option[32]=-Xmx512m
06-03 10:10:58.220 I/art     ( 1331): option[33]=-Ximage-compiler-option
06-03 10:10:58.220 I/art     ( 1331): option[34]=--instruction-set-variant=x86
06-03 10:10:58.220 I/art     ( 1331): option[35]=-Xcompiler-option
06-03 10:10:58.220 I/art     ( 1331): option[36]=--instruction-set-variant=x86
06-03 10:10:58.220 I/art     ( 1331): option[37]=-Ximage-compiler-option
06-03 10:10:58.220 I/art     ( 1331): option[38]=--instruction-set-features=default
06-03 10:10:58.221 I/art     ( 1331): option[39]=-Xcompiler-option
06-03 10:10:58.221 I/art     ( 1331): option[40]=--instruction-set-features=default
06-03 10:10:58.221 I/art     ( 1331): option[41]=-Duser.locale=en-US
06-03 10:10:58.221 I/art     ( 1331): option[42]=--cpu-abilist=x86
06-03 10:10:58.221 I/art     ( 1331): option[43]=-Xfingerprint:Android/sdk_phone_x86_64/generic_x86_64:7.1.1/NYC/4931657:userdebug/test-keys
06-03 10:11:01.061 E/ipv6proxy( 1686): Failed to forward Router Advertisement from eth0 to wlan1: Network is unreachable
06-03 10:11:02.427 I/hostapd ( 1693): wlan1: interface state COUNTRY_UPDATE->HT_SCAN
06-03 10:11:04.025 E/hostapd ( 1693): Using interface wlan1 with hwaddr 02:00:00:00:01:00 and ssid "AndroidWifi"
06-03 10:11:04.179 I/hostapd ( 1693): wlan1: interface state HT_SCAN->ENABLED
06-03 10:11:04.179 I/hostapd ( 1693): wlan1: AP-ENABLED 
06-03 10:11:06.321 D/ICU     ( 1330): No timezone override file found: /data/misc/zoneinfo/current/icu/icu_tzdata.dat
06-03 10:11:07.746 D/ICU     ( 1331): No timezone override file found: /data/misc/zoneinfo/current/icu/icu_tzdata.dat
06-03 10:11:11.932 E/memtrack( 1330): Couldn't load memtrack module (No such file or directory)
06-03 10:11:11.933 E/android.os.Debug( 1330): failed to load memtrack module: -2
06-03 10:11:12.242 I/Radio-JNI( 1330): register_android_hardware_Radio DONE
06-03 10:11:12.900 I/SamplingProfilerIntegration( 1330): Profiling disabled.
06-03 10:11:12.908 E/memtrack( 1331): Couldn't load memtrack module (No such file or directory)
06-03 10:11:12.910 E/android.os.Debug( 1331): failed to load memtrack module: -2
06-03 10:11:12.964 D/Zygote  ( 1330): begin preload
06-03 10:11:12.964 I/Zygote  ( 1330): Installing ICU cache reference pinning...
06-03 10:11:12.970 I/Zygote  ( 1330): Preloading ICU data...
06-03 10:11:13.332 I/Radio-JNI( 1331): register_android_hardware_Radio DONE
06-03 10:11:13.891 I/SamplingProfilerIntegration( 1331): Profiling disabled.
06-03 10:11:14.015 D/Zygote  ( 1331): begin preload
06-03 10:11:14.015 I/Zygote  ( 1331): Installing ICU cache reference pinning...
06-03 10:11:14.090 I/Zygote  ( 1331): Preloading ICU data...
06-03 10:11:15.635 I/Zygote  ( 1330): Preloading classes...
06-03 10:11:15.852 W/Zygote  ( 1330): Class not found for preloading: [Landroid.view.Display$ColorTransform;
06-03 10:11:15.889 I/Zygote  ( 1331): Preloading classes...
06-03 10:11:16.351 W/Zygote  ( 1331): Class not found for preloading: [Landroid.view.Display$ColorTransform;
06-03 10:11:23.177 E/Typeface( 1330): Error mapping font file /system/fonts/DroidSansFallback.ttf
06-03 10:11:23.215 E/Typeface( 1331): Error mapping font file /system/fonts/DroidSansFallback.ttf
06-03 10:11:29.263 W/art     ( 1330): Suspending all threads took: 47.749ms
06-03 10:11:29.522 I/art     ( 1330): Background concurrent mark sweep GC freed 21947(2MB) AllocSpace objects, 110(2036KB) LOS objects, 38% free, 1654KB/2MB, paused 53.668ms total 679.040ms
06-03 10:11:29.920 W/art     ( 1330): Suspending all threads took: 36.891ms
06-03 10:11:29.941 I/art     ( 1330): Background sticky concurrent mark sweep GC freed 201(1290KB) AllocSpace objects, 17(308KB) LOS objects, 36% free, 1696KB/2MB, paused 37.738ms total 285.242ms
06-03 10:11:30.096 I/art     ( 1331): Background concurrent mark sweep GC freed 21943(2MB) AllocSpace objects, 45(820KB) LOS objects, 33% free, 2MB/4MB, paused 3.499ms total 224.085ms
06-03 10:11:30.459 I/art     ( 1331): Background sticky concurrent mark sweep GC freed 167(882KB) AllocSpace objects, 74(1412KB) LOS objects, 43% free, 2MB/4MB, paused 10.781ms total 155.779ms
06-03 10:11:30.783 I/art     ( 1330): Thread[1,tid=1330,Native,Thread*=0x72e041a95a00,peer=0x12c060d0,"main"] recursive attempt to load library "/system/lib64/libmedia_jni.so"
06-03 10:11:30.819 D/MtpDeviceJNI( 1330): register_android_mtp_MtpDevice
06-03 10:11:30.823 I/art     ( 1330): Thread[1,tid=1330,Native,Thread*=0x72e041a95a00,peer=0x12c060d0,"main"] recursive attempt to load library "/system/lib64/libmedia_jni.so"
06-03 10:11:30.824 I/art     ( 1330): Thread[1,tid=1330,Native,Thread*=0x72e041a95a00,peer=0x12c060d0,"main"] recursive attempt to load library "/system/lib64/libmedia_jni.so"
06-03 10:11:31.193 I/art     ( 1331): Thread[1,tid=1331,Native,Thread*=0xe5a0b400,peer=0x12c060d0,"main"] recursive attempt to load library "/system/lib/libmedia_jni.so"
06-03 10:11:31.303 D/MtpDeviceJNI( 1331): register_android_mtp_MtpDevice
06-03 10:11:31.306 I/art     ( 1331): Thread[1,tid=1331,Native,Thread*=0xe5a0b400,peer=0x12c060d0,"main"] recursive attempt to load library "/system/lib/libmedia_jni.so"
06-03 10:11:31.307 I/art     ( 1331): Thread[1,tid=1331,Native,Thread*=0xe5a0b400,peer=0x12c060d0,"main"] recursive attempt to load library "/system/lib/libmedia_jni.so"
06-03 10:11:34.407 W/Zygote  ( 1330): Class not found for preloading: android.view.Display$ColorTransform
06-03 10:11:34.408 W/Zygote  ( 1330): Class not found for preloading: android.view.Display$ColorTransform$1
06-03 10:11:34.721 W/art     ( 1330): Suspending all threads took: 92.417ms
06-03 10:11:34.729 I/art     ( 1330): Background concurrent mark sweep GC freed 9608(947KB) AllocSpace objects, 6(112KB) LOS objects, 42% free, 1392KB/2MB, paused 93.379ms total 289.820ms
06-03 10:11:35.174 W/Zygote  ( 1331): Class not found for preloading: android.view.Display$ColorTransform
06-03 10:11:35.175 W/Zygote  ( 1331): Class not found for preloading: android.view.Display$ColorTransform$1
06-03 10:11:39.787 I/System  ( 1330): Loaded time zone names for "" in 1610ms (1533ms in ICU)
06-03 10:11:39.917 I/System  ( 1331): Loaded time zone names for "" in 2047ms (1932ms in ICU)
06-03 10:11:40.509 I/System  ( 1330): Loaded time zone names for "en_US" in 721ms (683ms in ICU)
06-03 10:11:40.831 I/System  ( 1331): Loaded time zone names for "en_US" in 913ms (816ms in ICU)
06-03 10:11:41.688 I/Zygote  ( 1330): ...preloaded 4158 classes in 26052ms.
06-03 10:11:41.689 I/art     ( 1330): VMRuntime.preloadDexCaches starting
06-03 10:11:42.797 I/art     ( 1331): Background concurrent mark sweep GC freed 26873(2MB) AllocSpace objects, 14(224KB) LOS objects, 38% free, 1607KB/2MB, paused 4.080ms total 1.138s
06-03 10:11:43.092 I/Zygote  ( 1331): ...preloaded 4158 classes in 27203ms.
06-03 10:11:43.094 I/art     ( 1331): VMRuntime.preloadDexCaches starting
06-03 10:11:44.711 I/art     ( 1330): VMRuntime.preloadDexCaches strings total=283712 before=39625 after=39625
06-03 10:11:44.712 I/art     ( 1330): VMRuntime.preloadDexCaches types total=23581 before=7877 after=7904
06-03 10:11:44.712 I/art     ( 1330): VMRuntime.preloadDexCaches fields total=112007 before=40903 after=41117
06-03 10:11:44.712 I/art     ( 1330): VMRuntime.preloadDexCaches methods total=197534 before=82457 after=83017
06-03 10:11:44.712 I/art     ( 1330): VMRuntime.preloadDexCaches finished
06-03 10:11:44.824 I/Zygote  ( 1330): Preloading resources...
06-03 10:11:44.909 I/art     ( 1331): VMRuntime.preloadDexCaches strings total=283712 before=39625 after=39625
06-03 10:11:44.971 I/art     ( 1331): VMRuntime.preloadDexCaches types total=23581 before=7877 after=7904
06-03 10:11:44.972 I/art     ( 1331): VMRuntime.preloadDexCaches fields total=112007 before=40903 after=41117
06-03 10:11:44.972 I/art     ( 1331): VMRuntime.preloadDexCaches methods total=197534 before=82457 after=83017
06-03 10:11:44.972 I/art     ( 1331): VMRuntime.preloadDexCaches finished
06-03 10:11:45.008 I/Zygote  ( 1331): Preloading resources...
06-03 10:11:47.372 W/Resources( 1331): Preloaded drawable resource #0x108025c (android:drawable/dialog_background_material) that varies with configuration!!
06-03 10:11:47.382 W/art     ( 1330): Suspending all threads took: 8.481ms
06-03 10:11:47.435 W/Resources( 1331): Preloaded drawable resource #0x1080298 (android:drawable/editbox_dropdown_background_dark) that varies with configuration!!
06-03 10:11:47.466 W/Resources( 1330): Preloaded drawable resource #0x108025c (android:drawable/dialog_background_material) that varies with configuration!!
06-03 10:11:47.491 I/art     ( 1330): Background sticky concurrent mark sweep GC freed 6072(380KB) AllocSpace objects, 0(0B) LOS objects, 13% free, 2MB/2MB, paused 28.714ms total 309.148ms
06-03 10:11:47.552 W/Resources( 1330): Preloaded drawable resource #0x1080298 (android:drawable/editbox_dropdown_background_dark) that varies with configuration!!
06-03 10:11:47.565 W/Resources( 1331): Preloaded color resource #0x10600e2 (android:color/material_grey_800) that varies with configuration!!
06-03 10:11:47.565 W/Resources( 1331): Preloaded drawable resource #0x10802c9 (android:drawable/floating_popup_background_dark) that varies with configuration!!
06-03 10:11:47.787 W/Resources( 1330): Preloaded color resource #0x10600e2 (android:color/material_grey_800) that varies with configuration!!
06-03 10:11:47.787 W/Resources( 1330): Preloaded drawable resource #0x10802c9 (android:drawable/floating_popup_background_dark) that varies with configuration!!
06-03 10:11:47.861 I/art     ( 1331): Background sticky concurrent mark sweep GC freed 1192(84KB) AllocSpace objects, 0(0B) LOS objects, 0% free, 2MB/2MB, paused 568us total 194.751ms
06-03 10:11:48.141 I/art     ( 1330): Background concurrent mark sweep GC freed 736(55KB) AllocSpace objects, 0(0B) LOS objects, 60% free, 2MB/6MB, paused 508us total 262.154ms
06-03 10:11:48.245 I/art     ( 1331): Background concurrent mark sweep GC freed 642(50KB) AllocSpace objects, 1(32KB) LOS objects, 58% free, 2MB/6MB, paused 523us total 229.677ms
06-03 10:11:48.817 W/Resources( 1331): Preloaded drawable resource #0x108030b (android:drawable/ic_clear_disabled) that varies with configuration!!
06-03 10:11:48.870 W/Resources( 1331): Preloaded drawable resource #0x1080310 (android:drawable/ic_clear_normal) that varies with configuration!!
06-03 10:11:48.886 W/Resources( 1330): Preloaded drawable resource #0x108030b (android:drawable/ic_clear_disabled) that varies with configuration!!
06-03 10:11:48.923 W/Resources( 1330): Preloaded drawable resource #0x1080310 (android:drawable/ic_clear_normal) that varies with configuration!!
06-03 10:11:49.085 W/Resources( 1330): Preloaded drawable resource #0x1080359 (android:drawable/ic_go) that varies with configuration!!
06-03 10:11:49.102 W/Resources( 1331): Preloaded drawable resource #0x1080359 (android:drawable/ic_go) that varies with configuration!!
06-03 10:11:49.330 W/Resources( 1331): Preloaded drawable resource #0x1080038 (android:drawable/ic_menu_close_clear_cancel) that varies with configuration!!
06-03 10:11:49.447 W/Resources( 1330): Preloaded drawable resource #0x1080038 (android:drawable/ic_menu_close_clear_cancel) that varies with configuration!!
06-03 10:11:49.476 W/Resources( 1331): Preloaded drawable resource #0x1080045 (android:drawable/ic_menu_more) that varies with configuration!!
06-03 10:11:49.519 W/Resources( 1330): Preloaded drawable resource #0x1080045 (android:drawable/ic_menu_more) that varies with configuration!!
06-03 10:11:49.974 W/Resources( 1330): Preloaded drawable resource #0x10804e8 (android:drawable/menu_background_fill_parent_width) that varies with configuration!!
06-03 10:11:50.025 W/Resources( 1331): Preloaded drawable resource #0x10804e8 (android:drawable/menu_background_fill_parent_width) that varies with configuration!!
06-03 10:11:51.938 W/Resources( 1330): Preloaded drawable resource #0x108077e (android:drawable/text_edit_paste_window) that varies with configuration!!
06-03 10:11:52.073 W/Resources( 1330): Preloaded drawable resource #0x1080096 (android:drawable/toast_frame) that varies with configuration!!
06-03 10:11:52.074 I/Zygote  ( 1330): ...preloaded 114 resources in 7250ms.
06-03 10:11:52.106 W/Resources( 1331): Preloaded drawable resource #0x108077e (android:drawable/text_edit_paste_window) that varies with configuration!!
06-03 10:11:52.375 W/Resources( 1331): Preloaded drawable resource #0x1080096 (android:drawable/toast_frame) that varies with configuration!!
06-03 10:11:52.375 I/Zygote  ( 1331): ...preloaded 114 resources in 7367ms.
06-03 10:11:52.405 W/Resources( 1330): Preloaded color resource #0x106010b (android:color/background_cache_hint_selector_material_dark) that varies with configuration!!
06-03 10:11:52.408 W/Resources( 1330): Preloaded color resource #0x1060110 (android:color/btn_default_material_dark) that varies with configuration!!
06-03 10:11:52.493 I/Zygote  ( 1330): ...preloaded 41 resources in 418ms.
06-03 10:11:52.494 D/libEGL  ( 1330): Emulator without GPU support detected. Fallback to legacy software renderer, qemu.gles is set to 0.
06-03 10:11:52.662 D/libEGL  ( 1330): loaded /system/lib64/egl/libGLES_android.so
06-03 10:11:52.752 W/Resources( 1331): Preloaded color resource #0x106010b (android:color/background_cache_hint_selector_material_dark) that varies with configuration!!
06-03 10:11:52.755 W/Resources( 1331): Preloaded color resource #0x1060110 (android:color/btn_default_material_dark) that varies with configuration!!
06-03 10:11:52.776 I/Zygote  ( 1331): ...preloaded 41 resources in 399ms.
06-03 10:11:52.791 D/libEGL  ( 1331): Emulator without GPU support detected. Fallback to legacy software renderer, qemu.gles is set to 0.
06-03 10:11:52.898 D/libEGL  ( 1331): loaded /system/lib/egl/libGLES_android.so
06-03 10:11:54.073 I/Zygote  ( 1331): Preloading shared libraries...
06-03 10:11:54.383 E/Hyphenator( 1331): error loading hyphenation /system/usr/hyphen-data/hyph-as.hyb
06-03 10:11:54.383 E/Hyphenator( 1331): java.io.FileNotFoundException: /system/usr/hyphen-data/hyph-as.hyb: open failed: ENOENT (No such file or directory)
06-03 10:11:54.383 E/Hyphenator( 1331): 	at libcore.io.IoBridge.open(IoBridge.java:455)
06-03 10:11:54.383 E/Hyphenator( 1331): 	at java.io.RandomAccessFile.<init>(RandomAccessFile.java:247)
06-03 10:11:54.383 E/Hyphenator( 1331): 	at android.text.Hyphenator.loadHyphenator(Hyphenator.java:118)
06-03 10:11:54.383 E/Hyphenator( 1331): 	at android.text.Hyphenator.init(Hyphenator.java:224)
06-03 10:11:54.383 E/Hyphenator( 1331): 	at com.android.internal.os.ZygoteInit.preloadTextResources(ZygoteInit.java:252)
06-03 10:11:54.383 E/Hyphenator( 1331): 	at com.android.internal.os.ZygoteInit.preload(ZygoteInit.java:206)
06-03 10:11:54.383 E/Hyphenator( 1331): 	at com.android.internal.os.ZygoteInit.main(ZygoteInit.java:743)
06-03 10:11:54.383 E/Hyphenator( 1331): Caused by: android.system.ErrnoException: open failed: ENOENT (No such file or directory)
06-03 10:11:54.383 E/Hyphenator( 1331): 	at libcore.io.Posix.open(Native Method)
06-03 10:11:54.383 E/Hyphenator( 1331): 	at libcore.io.BlockGuardOs.open(BlockGuardOs.java:187)
06-03 10:11:54.383 E/Hyphenator( 1331): 	at libcore.io.IoBridge.open(IoBridge.java:441)
06-03 10:11:54.383 E/Hyphenator( 1331): 	... 6 more
06-03 10:11:54.385 E/Hyphenator( 1331): error loading hyphenation /system/usr/hyphen-data/hyph-bn.hyb
06-03 10:11:54.385 E/Hyphenator( 1331): java.io.FileNotFoundException: /system/usr/hyphen-data/hyph-bn.hyb: open failed: ENOENT (No such file or directory)
06-03 10:11:54.385 E/Hyphenator( 1331): 	at libcore.io.IoBridge.open(IoBridge.java:455)
06-03 10:11:54.385 E/Hyphenator( 1331): 	at java.io.RandomAccessFile.<init>(RandomAccessFile.java:247)
06-03 10:11:54.385 E/Hyphenator( 1331): 	at android.text.Hyphenator.loadHyphenator(Hyphenator.java:118)
06-03 10:11:54.385 E/Hyphenator( 1331): 	at android.text.Hyphenator.init(Hyphenator.java:224)
06-03 10:11:54.385 E/Hyphenator( 1331): 	at com.android.internal.os.ZygoteInit.preloadTextResources(ZygoteInit.java:252)
06-03 10:11:54.385 E/Hyphenator( 1331): 	at com.android.internal.os.ZygoteInit.preload(ZygoteInit.java:206)
06-03 10:11:54.385 E/Hyphenator( 1331): 	at com.android.internal.os.ZygoteInit.main(ZygoteInit.java:743)
06-03 10:11:54.385 E/Hyphenator( 1331): Caused by: android.system.ErrnoException: open failed: ENOENT (No such file or directory)
06-03 10:11:54.385 E/Hyphenator( 1331): 	at libcore.io.Posix.open(Native Method)
06-03 10:11:54.385 E/Hyphenator( 1331): 	at libcore.io.BlockGuardOs.open(BlockGuardOs.java:187)
06-03 10:11:54.385 E/Hyphenator( 1331): 	at libcore.io.IoBridge.open(IoBridge.java:441)
06-03 10:11:54.385 E/Hyphenator( 1331): 	... 6 more
06-03 10:11:54.387 E/Hyphenator( 1331): error loading hyphenation /system/usr/hyphen-data/hyph-cy.hyb
06-03 10:11:54.387 E/Hyphenator( 1331): java.io.FileNotFoundException: /system/usr/hyphen-data/hyph-cy.hyb: open failed: ENOENT (No such file or directory)
06-03 10:11:54.387 E/Hyphenator( 1331): 	at libcore.io.IoBridge.open(IoBridge.java:455)
06-03 10:11:54.387 E/Hyphenator( 1331): 	at java.io.RandomAccessFile.<init>(RandomAccessFile.java:247)
06-03 10:11:54.387 E/Hyphenator( 1331): 	at android.text.Hyphenator.loadHyphenator(Hyphenator.java:118)
06-03 10:11:54.387 E/Hyphenator( 1331): 	at android.text.Hyphenator.init(Hyphenator.java:224)
06-03 10:11:54.387 E/Hyphenator( 1331): 	at com.android.internal.os.ZygoteInit.preloadTextResources(ZygoteInit.java:252)
06-03 10:11:54.387 E/Hyphenator( 1331): 	at com.android.internal.os.ZygoteInit.preload(ZygoteInit.java:206)
06-03 10:11:54.387 E/Hyphenator( 1331): 	at com.android.internal.os.ZygoteInit.main(ZygoteInit.java:743)
06-03 10:11:54.387 E/Hyphenator( 1331): Caused by: android.system.ErrnoException: open failed: ENOENT (No such file or directory)
06-03 10:11:54.387 E/Hyphenator( 1331): 	at libcore.io.Posix.open(Native Method)
06-03 10:11:54.387 E/Hyphenator( 1331): 	at libcore.io.BlockGuardOs.open(BlockGuardOs.java:187)
06-03 10:11:54.387 E/Hyphenator( 1331): 	at libcore.io.IoBridge.open(IoBridge.java:441)
06-03 10:11:54.387 E/Hyphenator( 1331): 	... 6 more
06-03 10:11:54.389 E/Hyphenator( 1331): error loading hyphenation /system/usr/hyphen-data/hyph-da.hyb
06-03 10:11:54.389 E/Hyphenator( 1331): java.io.FileNotFoundException: /system/usr/hyphen-data/hyph-da.hyb: open failed: ENOENT (No such file or directory)
06-03 10:11:54.389 E/Hyphenator( 1331): 	at libcore.io.IoBridge.open(IoBridge.java:455)
06-03 10:11:54.389 E/Hyphenator( 1331): 	at java.io.RandomAccessFile.<init>(RandomAccessFile.java:247)
06-03 10:11:54.389 E/Hyphenator( 1331): 	at android.text.Hyphenator.loadHyphenator(Hyphenator.java:118)
06-03 10:11:54.389 E/Hyphenator( 1331): 	at android.text.Hyphenator.init(Hyphenator.java:224)
06-03 10:11:54.389 E/Hyphenator( 1331): 	at com.android.internal.os.ZygoteInit.preloadTextResources(ZygoteInit.java:252)
06-03 10:11:54.389 E/Hyphenator( 1331): 	at com.android.internal.os.ZygoteInit.preload(ZygoteInit.java:206)
06-03 10:11:54.389 E/Hyphenator( 1331): 	at com.android.internal.os.ZygoteInit.main(ZygoteInit.java:743)
06-03 10:11:54.389 E/Hyphenator( 1331): Caused by: android.system.ErrnoException: open failed: ENOENT (No such file or directory)
06-03 10:11:54.389 E/Hyphenator( 1331): 	at libcore.io.Posix.open(Native Method)
06-03 10:11:54.389 E/Hyphenator( 1331): 	at libcore.io.BlockGuardOs.open(BlockGuardOs.java:187)
06-03 10:11:54.389 E/Hyphenator( 1331): 	at libcore.io.IoBridge.open(IoBridge.java:441)
06-03 10:11:54.389 E/Hyphenator( 1331): 	... 6 more
06-03 10:11:54.412 E/Hyphenator( 1331): error loading hyphenation /system/usr/hyphen-data/hyph-de-1901.hyb
06-03 10:11:54.412 E/Hyphenator( 1331): java.io.FileNotFoundException: /system/usr/hyphen-data/hyph-de-1901.hyb: open failed: ENOENT (No such file or directory)
06-03 10:11:54.412 E/Hyphenator( 1331): 	at libcore.io.IoBridge.open(IoBridge.java:455)
06-03 10:11:54.412 E/Hyphenator( 1331): 	at java.io.RandomAccessFile.<init>(RandomAccessFile.java:247)
06-03 10:11:54.412 E/Hyphenator( 1331): 	at android.text.Hyphenator.loadHyphenator(Hyphenator.java:118)
06-03 10:11:54.412 E/Hyphenator( 1331): 	at android.text.Hyphenator.init(Hyphenator.java:224)
06-03 10:11:54.412 E/Hyphenator( 1331): 	at com.android.internal.os.ZygoteInit.preloadTextResources(ZygoteInit.java:252)
06-03 10:11:54.412 E/Hyphenator( 1331): 	at com.android.internal.os.ZygoteInit.preload(ZygoteInit.java:206)
06-03 10:11:54.412 E/Hyphenator( 1331): 	at com.android.internal.os.ZygoteInit.main(ZygoteInit.java:743)
06-03 10:11:54.412 E/Hyphenator( 1331): Caused by: android.system.ErrnoException: open failed: ENOENT (No such file or directory)
06-03 10:11:54.412 E/Hyphenator( 1331): 	at libcore.io.Posix.open(Native Method)
06-03 10:11:54.412 E/Hyphenator( 1331): 	at libcore.io.BlockGuardOs.open(BlockGuardOs.java:187)
06-03 10:11:54.412 E/Hyphenator( 1331): 	at libcore.io.IoBridge.open(IoBridge.java:441)
06-03 10:11:54.412 E/Hyphenator( 1331): 	... 6 more
06-03 10:11:54.414 E/Hyphenator( 1331): error loading hyphenation /system/usr/hyphen-data/hyph-de-1996.hyb
06-03 10:11:54.414 E/Hyphenator( 1331): java.io.FileNotFoundException: /system/usr/hyphen-data/hyph-de-1996.hyb: open failed: ENOENT (No such file or directory)
06-03 10:11:54.414 E/Hyphenator( 1331): 	at libcore.io.IoBridge.open(IoBridge.java:455)
06-03 10:11:54.414 E/Hyphenator( 1331): 	at java.io.RandomAccessFile.<init>(RandomAccessFile.java:247)
06-03 10:11:54.414 E/Hyphenator( 1331): 	at android.text.Hyphenator.loadHyphenator(Hyphenator.java:118)
06-03 10:11:54.414 E/Hyphenator( 1331): 	at android.text.Hyphenator.init(Hyphenator.java:224)
06-03 10:11:54.414 E/Hyphenator( 1331): 	at com.android.internal.os.ZygoteInit.preloadTextResources(ZygoteInit.java:252)
06-03 10:11:54.414 E/Hyphenator( 1331): 	at com.android.internal.os.ZygoteInit.preload(ZygoteInit.java:206)
06-03 10:11:54.414 E/Hyphenator( 1331): 	at com.android.internal.os.ZygoteInit.main(ZygoteInit.java:743)
06-03 10:11:54.414 E/Hyphenator( 1331): Caused by: android.system.ErrnoException: open failed: ENOENT (No such file or directory)
06-03 10:11:54.414 E/Hyphenator( 1331): 	at libcore.io.Posix.open(Native Method)
06-03 10:11:54.414 E/Hyphenator( 1331): 	at libcore.io.BlockGuardOs.open(BlockGuardOs.java:187)
06-03 10:11:54.414 E/Hyphenator( 1331): 	at libcore.io.IoBridge.open(IoBridge.java:441)
06-03 10:11:54.414 E/Hyphenator( 1331): 	... 6 more
06-03 10:11:54.440 E/Hyphenator( 1331): error loading hyphenation /system/usr/hyphen-data/hyph-de-ch-1901.hyb
06-03 10:11:54.440 E/Hyphenator( 1331): java.io.FileNotFoundException: /system/usr/hyphen-data/hyph-de-ch-1901.hyb: open failed: ENOENT (No such file or directory)
06-03 10:11:54.440 E/Hyphenator( 1331): 	at libcore.io.IoBridge.open(IoBridge.java:455)
06-03 10:11:54.440 E/Hyphenator( 1331): 	at java.io.RandomAccessFile.<init>(RandomAccessFile.java:247)
06-03 10:11:54.440 E/Hyphenator( 1331): 	at android.text.Hyphenator.loadHyphenator(Hyphenator.java:118)
06-03 10:11:54.440 E/Hyphenator( 1331): 	at android.text.Hyphenator.init(Hyphenator.java:224)
06-03 10:11:54.440 E/Hyphenator( 1331): 	at com.android.internal.os.ZygoteInit.preloadTextResources(ZygoteInit.java:252)
06-03 10:11:54.440 E/Hyphenator( 1331): 	at com.android.internal.os.ZygoteInit.preload(ZygoteInit.java:206)
06-03 10:11:54.440 E/Hyphenator( 1331): 	at com.android.internal.os.ZygoteInit.main(ZygoteInit.java:743)
06-03 10:11:54.440 E/Hyphenator( 1331): Caused by: android.system.ErrnoException: open failed: ENOENT (No such file or directory)
06-03 10:11:54.440 E/Hyphenator( 1331): 	at libcore.io.Posix.open(Native Method)
06-03 10:11:54.440 E/Hyphenator( 1331): 	at libcore.io.BlockGuardOs.open(BlockGuardOs.java:187)
06-03 10:11:54.440 E/Hyphenator( 1331): 	at libcore.io.IoBridge.open(IoBridge.java:441)
06-03 10:11:54.440 E/Hyphenator( 1331): 	... 6 more
06-03 10:11:54.442 E/Hyphenator( 1331): error loading hyphenation /system/usr/hyphen-data/hyph-en-gb.hyb
06-03 10:11:54.442 E/Hyphenator( 1331): java.io.FileNotFoundException: /system/usr/hyphen-data/hyph-en-gb.hyb: open failed: ENOENT (No such file or directory)
06-03 10:11:54.442 E/Hyphenator( 1331): 	at libcore.io.IoBridge.open(IoBridge.java:455)
06-03 10:11:54.442 E/Hyphenator( 1331): 	at java.io.RandomAccessFile.<init>(RandomAccessFile.java:247)
06-03 10:11:54.442 E/Hyphenator( 1331): 	at android.text.Hyphenator.loadHyphenator(Hyphenator.java:118)
06-03 10:11:54.442 E/Hyphenator( 1331): 	at android.text.Hyphenator.init(Hyphenator.java:224)
06-03 10:11:54.442 E/Hyphenator( 1331): 	at com.android.internal.os.ZygoteInit.preloadTextResources(ZygoteInit.java:252)
06-03 10:11:54.442 E/Hyphenator( 1331): 	at com.android.internal.os.ZygoteInit.preload(ZygoteInit.java:206)
06-03 10:11:54.442 E/Hyphenator( 1331): 	at com.android.internal.os.ZygoteInit.main(ZygoteInit.java:743)
06-03 10:11:54.442 E/Hyphenator( 1331): Caused by: android.system.ErrnoException: open failed: ENOENT (No such file or directory)
06-03 10:11:54.442 E/Hyphenator( 1331): 	at libcore.io.Posix.open(Native Method)
06-03 10:11:54.442 E/Hyphenator( 1331): 	at libcore.io.BlockGuardOs.open(BlockGuardOs.java:187)
06-03 10:11:54.442 E/Hyphenator( 1331): 	at libcore.io.IoBridge.open(IoBridge.java:441)
06-03 10:11:54.442 E/Hyphenator( 1331): 	... 6 more
06-03 10:11:54.444 E/Hyphenator( 1331): error loading hyphenation /system/usr/hyphen-data/hyph-en-us.hyb
06-03 10:11:54.444 E/Hyphenator( 1331): java.io.FileNotFoundException: /system/usr/hyphen-data/hyph-en-us.hyb: open failed: ENOENT (No such file or directory)
06-03 10:11:54.444 E/Hyphenator( 1331): 	at libcore.io.IoBridge.open(IoBridge.java:455)
06-03 10:11:54.444 E/Hyphenator( 1331): 	at java.io.RandomAccessFile.<init>(RandomAccessFile.java:247)
06-03 10:11:54.444 E/Hyphenator( 1331): 	at android.text.Hyphenator.loadHyphenator(Hyphenator.java:118)
06-03 10:11:54.444 E/Hyphenator( 1331): 	at android.text.Hyphenator.init(Hyphenator.java:224)
06-03 10:11:54.444 E/Hyphenator( 1331): 	at com.android.internal.os.ZygoteInit.preloadTextResources(ZygoteInit.java:252)
06-03 10:11:54.444 E/Hyphenator( 1331): 	at com.android.internal.os.ZygoteInit.preload(ZygoteInit.java:206)
06-03 10:11:54.444 E/Hyphenator( 1331): 	at com.android.internal.os.ZygoteInit.main(ZygoteInit.java:743)
06-03 10:11:54.444 E/Hyphenator( 1331): Caused by: android.system.ErrnoException: open failed: ENOENT (No such file or directory)
06-03 10:11:54.444 E/Hyphenator( 1331): 	at libcore.io.Posix.open(Native Method)
06-03 10:11:54.444 E/Hyphenator( 1331): 	at libcore.io.BlockGuardOs.open(BlockGuardOs.java:187)
06-03 10:11:54.444 E/Hyphenator( 1331): 	at libcore.io.IoBridge.open(IoBridge.java:441)
06-03 10:11:54.444 E/Hyphenator( 1331): 	... 6 more
06-03 10:11:54.447 E/Hyphenator( 1331): error loading hyphenation /system/usr/hyphen-data/hyph-es.hyb
06-03 10:11:54.447 E/Hyphenator( 1331): java.io.FileNotFoundException: /system/usr/hyphen-data/hyph-es.hyb: open failed: ENOENT (No such file or directory)
06-03 10:11:54.447 E/Hyphenator( 1331): 	at libcore.io.IoBridge.open(IoBridge.java:455)
06-03 10:11:54.447 E/Hyphenator( 1331): 	at java.io.RandomAccessFile.<init>(RandomAccessFile.java:247)
06-03 10:11:54.447 E/Hyphenator( 1331): 	at android.text.Hyphenator.loadHyphenator(Hyphenator.java:118)
06-03 10:11:54.447 E/Hyphenator( 1331): 	at android.text.Hyphenator.init(Hyphenator.java:224)
06-03 10:11:54.447 E/Hyphenator( 1331): 	at com.android.internal.os.ZygoteInit.preloadTextResources(ZygoteInit.java:252)
06-03 10:11:54.447 E/Hyphenator( 1331): 	at com.android.internal.os.ZygoteInit.preload(ZygoteInit.java:206)
06-03 10:11:54.447 E/Hyphenator( 1331): 	at com.android.internal.os.ZygoteInit.main(ZygoteInit.java:743)
06-03 10:11:54.447 E/Hyphenator( 1331): Caused by: android.system.ErrnoException: open failed: ENOENT (No such file or directory)
06-03 10:11:54.447 E/Hyphenator( 1331): 	at libcore.io.Posix.open(Native Method)
06-03 10:11:54.447 E/Hyphenator( 1331): 	at libcore.io.BlockGuardOs.open(BlockGuardOs.java:187)
06-03 10:11:54.447 E/Hyphenator( 1331): 	at libcore.io.IoBridge.open(IoBridge.java:441)
06-03 10:11:54.447 E/Hyphenator( 1331): 	... 6 more
06-03 10:11:54.448 E/Hyphenator( 1331): error loading hyphenation /system/usr/hyphen-data/hyph-et.hyb
06-03 10:11:54.448 E/Hyphenator( 1331): java.io.FileNotFoundException: /system/usr/hyphen-data/hyph-et.hyb: open failed: ENOENT (No such file or directory)
06-03 10:11:54.448 E/Hyphenator( 1331): 	at libcore.io.IoBridge.open(IoBridge.java:455)
06-03 10:11:54.448 E/Hyphenator( 1331): 	at java.io.RandomAccessFile.<init>(RandomAccessFile.java:247)
06-03 10:11:54.448 E/Hyphenator( 1331): 	at android.text.Hyphenator.loadHyphenator(Hyphenator.java:118)
06-03 10:11:54.448 E/Hyphenator( 1331): 	at android.text.Hyphenator.init(Hyphenator.java:224)
06-03 10:11:54.448 E/Hyphenator( 1331): 	at com.android.internal.os.ZygoteInit.preloadTextResources(ZygoteInit.java:252)
06-03 10:11:54.448 E/Hyphenator( 1331): 	at com.android.internal.os.ZygoteInit.preload(ZygoteInit.java:206)
06-03 10:11:54.448 E/Hyphenator( 1331): 	at com.android.internal.os.ZygoteInit.main(ZygoteInit.java:743)
06-03 10:11:54.448 E/Hyphenator( 1331): Caused by: android.system.ErrnoException: open failed: ENOENT (No such file or directory)
06-03 10:11:54.448 E/Hyphenator( 1331): 	at libcore.io.Posix.open(Native Method)
06-03 10:11:54.448 E/Hyphenator( 1331): 	at libcore.io.BlockGuardOs.open(BlockGuardOs.java:187)
06-03 10:11:54.448 E/Hyphenator( 1331): 	at libcore.io.IoBridge.open(IoBridge.java:441)
06-03 10:11:54.448 E/Hyphenator( 1331): 	... 6 more
06-03 10:11:54.457 I/Zygote  ( 1330): Preloading shared libraries...
06-03 10:11:54.496 E/Hyphenator( 1331): error loading hyphenation /system/usr/hyphen-data/hyph-eu.hyb
06-03 10:11:54.496 E/Hyphenator( 1331): java.io.FileNotFoundException: /system/usr/hyphen-data/hyph-eu.hyb: open failed: ENOENT (No such file or directory)
06-03 10:11:54.496 E/Hyphenator( 1331): 	at libcore.io.IoBridge.open(IoBridge.java:455)
06-03 10:11:54.496 E/Hyphenator( 1331): 	at java.io.RandomAccessFile.<init>(RandomAccessFile.java:247)
06-03 10:11:54.496 E/Hyphenator( 1331): 	at android.text.Hyphenator.loadHyphenator(Hyphenator.java:118)
06-03 10:11:54.496 E/Hyphenator( 1331): 	at android.text.Hyphenator.init(Hyphenator.java:224)
06-03 10:11:54.496 E/Hyphenator( 1331): 	at com.android.internal.os.ZygoteInit.preloadTextResources(ZygoteInit.java:252)
06-03 10:11:54.496 E/Hyphenator( 1331): 	at com.android.internal.os.ZygoteInit.preload(ZygoteInit.java:206)
06-03 10:11:54.496 E/Hyphenator( 1331): 	at com.android.internal.os.ZygoteInit.main(ZygoteInit.java:743)
06-03 10:11:54.496 E/Hyphenator( 1331): Caused by: android.system.ErrnoException: open failed: ENOENT (No such file or directory)
06-03 10:11:54.496 E/Hyphenator( 1331): 	at libcore.io.Posix.open(Native Method)
06-03 10:11:54.496 E/Hyphenator( 1331): 	at libcore.io.BlockGuardOs.open(BlockGuardOs.java:187)
06-03 10:11:54.496 E/Hyphenator( 1331): 	at libcore.io.IoBridge.open(IoBridge.java:441)
06-03 10:11:54.496 E/Hyphenator( 1331): 	... 6 more
06-03 10:11:54.499 E/Hyphenator( 1331): error loading hyphenation /system/usr/hyphen-data/hyph-fr.hyb
06-03 10:11:54.499 E/Hyphenator( 1331): java.io.FileNotFoundException: /system/usr/hyphen-data/hyph-fr.hyb: open failed: ENOENT (No such file or directory)
06-03 10:11:54.499 E/Hyphenator( 1331): 	at libcore.io.IoBridge.open(IoBridge.java:455)
06-03 10:11:54.499 E/Hyphenator( 1331): 	at java.io.RandomAccessFile.<init>(RandomAccessFile.java:247)
06-03 10:11:54.499 E/Hyphenator( 1331): 	at android.text.Hyphenator.loadHyphenator(Hyphenator.java:118)
06-03 10:11:54.499 E/Hyphenator( 1331): 	at android.text.Hyphenator.init(Hyphenator.java:224)
06-03 10:11:54.499 E/Hyphenator( 1331): 	at com.android.internal.os.ZygoteInit.preloadTextResources(ZygoteInit.java:252)
06-03 10:11:54.499 E/Hyphenator( 1331): 	at com.android.internal.os.ZygoteInit.preload(ZygoteInit.java:206)
06-03 10:11:54.499 E/Hyphenator( 1331): 	at com.android.internal.os.ZygoteInit.main(ZygoteInit.java:743)
06-03 10:11:54.499 E/Hyphenator( 1331): Caused by: android.system.ErrnoException: open failed: ENOENT (No such file or directory)
06-03 10:11:54.499 E/Hyphenator( 1331): 	at libcore.io.Posix.open(Native Method)
06-03 10:11:54.499 E/Hyphenator( 1331): 	at libcore.io.BlockGuardOs.open(BlockGuardOs.java:187)
06-03 10:11:54.499 E/Hyphenator( 1331): 	at libcore.io.IoBridge.open(IoBridge.java:441)
06-03 10:11:54.499 E/Hyphenator( 1331): 	... 6 more
06-03 10:11:54.559 E/Hyphenator( 1331): error loading hyphenation /system/usr/hyphen-data/hyph-ga.hyb
06-03 10:11:54.559 E/Hyphenator( 1331): java.io.FileNotFoundException: /system/usr/hyphen-data/hyph-ga.hyb: open failed: ENOENT (No such file or directory)
06-03 10:11:54.559 E/Hyphenator( 1331): 	at libcore.io.IoBridge.open(IoBridge.java:455)
06-03 10:11:54.559 E/Hyphenator( 1331): 	at java.io.RandomAccessFile.<init>(RandomAccessFile.java:247)
06-03 10:11:54.559 E/Hyphenator( 1331): 	at android.text.Hyphenator.loadHyphenator(Hyphenator.java:118)
06-03 10:11:54.559 E/Hyphenator( 1331): 	at android.text.Hyphenator.init(Hyphenator.java:224)
06-03 10:11:54.559 E/Hyphenator( 1331): 	at com.android.internal.os.ZygoteInit.preloadTextResources(ZygoteInit.java:252)
06-03 10:11:54.559 E/Hyphenator( 1331): 	at com.android.internal.os.ZygoteInit.preload(ZygoteInit.java:206)
06-03 10:11:54.559 E/Hyphenator( 1331): 	at com.android.internal.os.ZygoteInit.main(ZygoteInit.java:743)
06-03 10:11:54.559 E/Hyphenator( 1331): Caused by: android.system.ErrnoException: open failed: ENOENT (No such file or directory)
06-03 10:11:54.559 E/Hyphenator( 1331): 	at libcore.io.Posix.open(Native Method)
06-03 10:11:54.559 E/Hyphenator( 1331): 	at libcore.io.BlockGuardOs.open(BlockGuardOs.java:187)
06-03 10:11:54.559 E/Hyphenator( 1331): 	at libcore.io.IoBridge.open(IoBridge.java:441)
06-03 10:11:54.559 E/Hyphenator( 1331): 	... 6 more
