06-04 02:09:41.650 W/art     ( 1746): Long monitor contention with owner AsyncTask #2 (2108) at java.util.ArrayList com.android.server.AppOpsService.collectOps(com.android.server.AppOpsService$Ops, int[])(AppOpsService.java:380) waiters=0 in int com.android.server.AppOpsService.noteOperationUnchecked(int, int, java.lang.String, int, java.lang.String) for 1.136s
06-04 02:09:41.686 I/LatinIME:LogUtils( 1993): Dictionary info: dictionary = main:en ; version = 54 ; date = 1414726273
06-04 02:09:41.720 I/MediaPlayerService( 1337): MediaPlayerService::getOMX
06-04 02:09:41.721 I/OMXClient( 1337): MuxOMX ctor
06-04 02:09:41.722 I/OMXMaster( 1334): makeComponentInstance(OMX.google.flac.encoder) in mediacodec process
06-04 02:09:41.725 W/art     ( 1746): Long monitor contention with owner ActivityManager (1788) at void com.android.server.am.BroadcastQueue.processNextBroadcast(boolean)(BroadcastQueue.java:760) waiters=0 in android.content.Intent com.android.server.am.ActivityManagerService.registerReceiver(android.app.IApplicationThread, java.lang.String, android.content.IIntentReceiver, android.content.IntentFilter, java.lang.String, int) for 1.653s
06-04 02:09:41.726 W/art     ( 1746): Long monitor contention with owner ActivityManager (1788) at void com.android.server.am.BroadcastQueue.processNextBroadcast(boolean)(BroadcastQueue.java:760) waiters=1 in java.lang.String com.android.server.am.ActivityManagerService.checkContentProviderAccess(java.lang.String, int) for 860ms
06-04 02:09:42.016 I/vol.Events( 1999): writeEvent collection_started
06-04 02:09:42.382 I/MediaPlayerService( 1337): MediaPlayerService::getOMX
06-04 02:09:42.383 I/OMXClient( 1337): MuxOMX ctor
06-04 02:09:42.384 I/OMXMaster( 1334): makeComponentInstance(OMX.google.gsm.decoder) in mediacodec process
06-04 02:09:42.647 I/vol.Events( 1999): writeEvent external_ringer_mode_changed normal
06-04 02:09:42.651 I/vol.Events( 1999): writeEvent internal_ringer_mode_changed normal
06-04 02:09:42.841 W/ProcessCpuTracker( 1746): Skipping unknown process pid 2138
06-04 02:09:43.663 I/MediaPlayerService( 1337): MediaPlayerService::getOMX
06-04 02:09:43.665 I/OMXClient( 1337): MuxOMX ctor
06-04 02:09:43.666 I/OMXMaster( 1334): makeComponentInstance(OMX.google.mpeg4.decoder) in mediacodec process
06-04 02:09:44.418 E/OMXNodeInstance( 1334): getExtensionIndex(536000f:google.mpeg4.decoder, OMX.google.android.index.configureVideoTunnelMode) ERROR: UnsupportedIndex(0x8000101a)
06-04 02:09:44.420 W/OMXNodeInstance( 1334): [536000f:google.mpeg4.decoder] component does not support metadata mode; using fallback
06-04 02:09:44.545 I/MediaPlayerService( 1337): MediaPlayerService::getOMX
06-04 02:09:44.546 I/OMXClient( 1337): MuxOMX ctor
06-04 02:09:44.547 I/OMXMaster( 1334): makeComponentInstance(OMX.google.h263.decoder) in mediacodec process
06-04 02:09:44.587 E/NetdConnector( 1746): NDC Command {7 bandwidth setglobalalert 2097152} took too long (2819ms)
06-04 02:09:44.761 D/NetworkPolicy( 1746): setRestrictBackgroundUL(): false
06-04 02:09:44.955 W/NetworkManagement( 1746): setDataSaverMode(): already false
06-04 02:09:45.956 E/OMXNodeInstance( 1334): getExtensionIndex(5360010:google.h263.decoder, OMX.google.android.index.configureVideoTunnelMode) ERROR: UnsupportedIndex(0x8000101a)
06-04 02:09:45.958 W/OMXNodeInstance( 1334): [5360010:google.h263.decoder] component does not support metadata mode; using fallback
06-04 02:09:46.221 W/AudioService( 1746): onLoadSoundEffects(), Error 1 while loading samples
06-04 02:09:46.322 I/MediaPlayerService( 1337): MediaPlayerService::getOMX
06-04 02:09:46.341 I/OMXClient( 1337): MuxOMX ctor
06-04 02:09:46.345 I/OMXMaster( 1334): makeComponentInstance(OMX.google.h264.decoder) in mediacodec process
06-04 02:09:47.468 W/art     ( 1746): Long monitor contention with owner NetworkPolicy (1948) at boolean android.os.BinderProxy.transactNative(int, android.os.Parcel, android.os.Parcel, int)(Binder.java:-2) waiters=0 in void com.android.server.NetworkManagementService.setFirewallChainEnabled(int, boolean) for 1.738s
06-04 02:09:47.821 I/art     ( 1746): Background sticky concurrent mark sweep GC freed 38361(2MB) AllocSpace objects, 16(352KB) LOS objects, 20% free, 13MB/16MB, paused 63.771ms total 417.158ms
06-04 02:09:47.919 W/ACodec  ( 1337): [OMX.google.h264.decoder] stopping checking profiles after 32: 2/8000
06-04 02:09:47.933 E/OMXNodeInstance( 1334): getExtensionIndex(5360011:google.h264.decoder, OMX.google.android.index.configureVideoTunnelMode) ERROR: UnsupportedIndex(0x8000101a)
06-04 02:09:47.934 W/OMXNodeInstance( 1334): [5360011:google.h264.decoder] component does not support metadata mode; using fallback
06-04 02:09:47.993 I/MediaPlayerService( 1337): MediaPlayerService::getOMX
06-04 02:09:47.994 I/OMXClient( 1337): MuxOMX ctor
06-04 02:09:47.995 I/OMXMaster( 1334): makeComponentInstance(OMX.google.hevc.decoder) in mediacodec process
06-04 02:09:48.452 I/vol.Events( 1999): writeEvent level_changed STREAM_ALARM 6
06-04 02:09:48.538 I/vol.Events( 1999): writeEvent level_changed STREAM_BLUETOOTH_SCO 7
06-04 02:09:48.651 W/ActivityManager( 1746): Timeout executing service: ServiceRecord{279bd35 u0 com.android.server.telecom/.components.TelecomService}
06-04 02:09:48.771 I/vol.Events( 1999): writeEvent level_changed STREAM_MUSIC 11
06-04 02:09:48.899 W/ProcessCpuTracker( 1746): Skipping unknown process pid 2168
06-04 02:09:48.966 I/vol.Events( 1999): writeEvent level_changed STREAM_RING 5
06-04 02:09:49.008 I/vol.Events( 1999): writeEvent level_changed STREAM_SYSTEM 5
06-04 02:09:49.098 I/vol.Events( 1999): writeEvent level_changed STREAM_VOICE_CALL 4
06-04 02:09:49.136 I/Process ( 1746): Sending signal. PID: 1746 SIG: 3
06-04 02:09:49.138 I/art     ( 1746): Thread[2,tid=1753,WaitingInMainSignalCatcherLoop,Thread*=0x79afd7630000,peer=0x12c010d0,"Signal Catcher"]: reacting to signal 3
06-04 02:09:49.138 I/art     ( 1746): 
06-04 02:09:49.467 E/OMXNodeInstance( 1334): getExtensionIndex(5360012:google.hevc.decoder, OMX.google.android.index.configureVideoTunnelMode) ERROR: UnsupportedIndex(0x8000101a)
06-04 02:09:49.467 W/OMXNodeInstance( 1334): [5360012:google.hevc.decoder] component does not support metadata mode; using fallback
06-04 02:09:49.547 I/MediaPlayerService( 1337): MediaPlayerService::getOMX
06-04 02:09:49.549 I/OMXClient( 1337): MuxOMX ctor
06-04 02:09:49.550 I/OMXMaster( 1334): makeComponentInstance(OMX.google.vp8.decoder) in mediacodec process
06-04 02:09:50.519 E/OMXNodeInstance( 1334): getExtensionIndex(5360013:google.vp8.decoder, OMX.google.android.index.configureVideoTunnelMode) ERROR: UnsupportedIndex(0x8000101a)
06-04 02:09:50.570 W/OMXNodeInstance( 1334): [5360013:google.vp8.decoder] component does not support metadata mode; using fallback
06-04 02:09:50.625 I/MediaPlayerService( 1337): MediaPlayerService::getOMX
06-04 02:09:50.626 I/OMXClient( 1337): MuxOMX ctor
06-04 02:09:50.627 I/OMXMaster( 1334): makeComponentInstance(OMX.google.vp9.decoder) in mediacodec process
06-04 02:09:51.524 E/OMXNodeInstance( 1334): getExtensionIndex(5360014:google.vp9.decoder, OMX.google.android.index.configureVideoTunnelMode) ERROR: UnsupportedIndex(0x8000101a)
06-04 02:09:51.525 W/OMXNodeInstance( 1334): [5360014:google.vp9.decoder] component does not support metadata mode; using fallback
06-04 02:09:51.626 I/MediaPlayerService( 1337): MediaPlayerService::getOMX
06-04 02:09:51.628 I/OMXClient( 1337): MuxOMX ctor
06-04 02:09:51.629 I/OMXMaster( 1334): makeComponentInstance(OMX.google.h263.encoder) in mediacodec process
06-04 02:09:52.182 I/Process ( 1746): Sending signal. PID: 1999 SIG: 3
06-04 02:09:52.190 I/art     ( 1999): Thread[3,tid=2017,WaitingInMainSignalCatcherLoop,Thread*=0x79afde296400,peer=0x12c005e0,"Signal Catcher"]: reacting to signal 3
06-04 02:09:52.191 I/art     ( 1999): 
06-04 02:09:52.346 I/SoftMPEG4Encoder( 1334): Construct SoftMPEG4Encoder
06-04 02:09:52.367 W/ACodec  ( 1337): do not know color format 0x7f000789 = 2130708361
06-04 02:09:52.369 E/OMXNodeInstance( 1334): getConfig(5360015:google.h263.encoder, ConfigAndroidIntraRefresh(0x6f60000a)) ERROR: Undefined(0x80001001)
06-04 02:09:52.483 I/MediaPlayerService( 1337): MediaPlayerService::getOMX
06-04 02:09:52.484 I/OMXClient( 1337): MuxOMX ctor
06-04 02:09:52.485 I/OMXMaster( 1334): makeComponentInstance(OMX.google.h264.encoder) in mediacodec process
06-04 02:09:52.837 E/NetdConnector( 1746): NDC Command {10 firewall enable_chain standby} took too long (5364ms)
06-04 02:09:53.102 I/SystemServiceManager( 1746): Starting phase 600
06-04 02:09:53.471 I/art     ( 1999): Wrote stack traces to '/data/anr/traces.txt'
06-04 02:09:53.511 W/        ( 1276): debuggerd: handling request: pid=1324 uid=1000 gid=1003 tid=1324
06-04 02:09:53.585 D/SensorNotificationService( 1746): Cannot obtain dynamic meta sensor, not supported.
06-04 02:09:53.792 W/ACodec  ( 1337): do not know color format 0x7f000789 = 2130708361
06-04 02:09:53.880 I/MediaPlayerService( 1337): MediaPlayerService::getOMX
06-04 02:09:53.882 I/OMXClient( 1337): MuxOMX ctor
06-04 02:09:53.883 I/OMXMaster( 1334): makeComponentInstance(OMX.google.mpeg4.encoder) in mediacodec process
06-04 02:09:53.917 I/GnssLocationProvider( 1746): WakeLock acquired by sendMessage(13, 0, null)
06-04 02:09:54.007 W/LocationManagerService( 1746): no network location provider found
06-04 02:09:54.079 E/LocationManagerService( 1746): no geocoder provider found
06-04 02:09:54.111 E/FlpHardwareProvider( 1746): Error hw_get_module 'flp': -2
06-04 02:09:54.111 D/LocationManagerService( 1746): FLP HAL not supported
06-04 02:09:54.118 D/LocationManagerService( 1746): Unable to bind FLP Geofence proxy.
06-04 02:09:54.119 E/ActivityRecognitionHardware( 1746): Error hw_get_module: -2
06-04 02:09:54.154 D/LocationManagerService( 1746): Hardware Activity-Recognition not supported.
06-04 02:09:54.157 E/ActivityRecognitionProxy( 1746): ServiceWatcher could not start.
06-04 02:09:54.157 D/LocationManagerService( 1746): Unable to bind ActivityRecognitionProxy.
06-04 02:09:54.159 I/GnssLocationProvider( 1746): WakeLock acquired by sendMessage(2, 1, null)
06-04 02:09:54.263 D/StorageNotification( 1999): Notifying about private volume: VolumeInfo{private}:
06-04 02:09:54.263 D/StorageNotification( 1999):     type=PRIVATE diskId=null partGuid=null mountFlags=0 mountUserId=-1 
06-04 02:09:54.263 D/StorageNotification( 1999):     state=MOUNTED 
06-04 02:09:54.263 D/StorageNotification( 1999):     fsType=null fsUuid=null fsLabel=null 
06-04 02:09:54.263 D/StorageNotification( 1999):     path=/data internalPath=null 
06-04 02:09:54.270 I/art     ( 1746): Wrote stack traces to '/data/anr/traces.txt'
06-04 02:09:54.333 I/CommonTimeManagementService( 1746): No common time service detected on this platform.  Common time services will be unavailable.
06-04 02:09:54.347 I/InputReader( 1746): Reconfiguring input devices.  changes=0x00000020
06-04 02:09:54.378 I/MmsServiceBroker( 1746): Delay connecting to MmsService until an API is called
06-04 02:09:54.455 W/        ( 1276): debuggerd: resuming target 1324
06-04 02:09:54.467 W/        ( 1276): debuggerd: handling request: pid=1329 uid=1041 gid=1005 tid=1329
06-04 02:09:54.609 W/        ( 1275): debuggerd: handling request: pid=1329 uid=1041 gid=1005 tid=1329
06-04 02:09:54.617 W/VoiceInteractionManagerService( 1746): no available voice interaction services found for user 0
06-04 02:09:54.618 W/VoiceInteractionManagerService( 1746): no available voice recognition services found for user 0
06-04 02:09:54.691 I/InputReader( 1746): Reconfiguring input devices.  changes=0x00000010
06-04 02:09:54.895 W/ActivityManager( 1746): Slow operation: 228ms so far, now at startProcess: returned from zygote!
06-04 02:09:54.895 W/ActivityManager( 1746): Slow operation: 229ms so far, now at startProcess: done updating battery stats
06-04 02:09:54.896 W/ActivityManager( 1746): Slow operation: 230ms so far, now at startProcess: building log message
06-04 02:09:54.897 I/ActivityManager( 1746): Start proc 2200:com.android.phone/1001 for added application com.android.phone
06-04 02:09:54.897 W/ActivityManager( 1746): Slow operation: 231ms so far, now at startProcess: starting to update pids map
06-04 02:09:54.897 W/ActivityManager( 1746): Slow operation: 231ms so far, now at startProcess: done updating pids map
06-04 02:09:54.915 I/ActivityManager( 1746): START u0 {act=android.intent.action.MAIN cat=[android.intent.category.HOME] flg=0x10000100 cmp=com.android.settings/.FallbackHome} from uid 0 on display 0
06-04 02:09:54.985 W/System  ( 1746): ClassLoader referenced unknown path: 
06-04 02:09:54.986 W/System  ( 1746): ClassLoader referenced unknown path: /system/priv-app/Settings/lib/x86_64
06-04 02:09:55.001 I/SoftMPEG4Encoder( 1334): Construct SoftMPEG4Encoder
06-04 02:09:55.023 W/ACodec  ( 1337): do not know color format 0x7f000789 = 2130708361
06-04 02:09:55.024 E/OMXNodeInstance( 1334): getConfig(5360017:google.mpeg4.encoder, ConfigAndroidIntraRefresh(0x6f60000a)) ERROR: Undefined(0x80001001)
06-04 02:09:55.136 D/ApplicationLoaders( 1746): ignored Vulkan layer search path /system/priv-app/Settings/lib/x86_64:/system/priv-app/Settings/Settings.apk!/lib/x86_64:/system/lib64:/vendor/lib64 for namespace 0x79afe2b19160
06-04 02:09:55.151 I/MediaPlayerService( 1337): MediaPlayerService::getOMX
06-04 02:09:55.153 I/OMXClient( 1337): MuxOMX ctor
06-04 02:09:55.154 I/OMXMaster( 1334): makeComponentInstance(OMX.google.vp8.encoder) in mediacodec process
06-04 02:09:55.219 I/ActivityManager( 1746): Loaded persisted task ids for user 0
06-04 02:09:55.288 W/art     ( 2200): Unexpected CPU variant for X86 using defaults: x86_64
06-04 02:09:55.458 W/ActivityManager( 1746): Slow operation: 134ms so far, now at startProcess: returned from zygote!
06-04 02:09:55.458 W/ActivityManager( 1746): Slow operation: 135ms so far, now at startProcess: done updating battery stats
06-04 02:09:55.458 W/ActivityManager( 1746): Slow operation: 135ms so far, now at startProcess: building log message
06-04 02:09:55.458 I/ActivityManager( 1746): Start proc 2208:com.android.settings/1000 for activity com.android.settings/.FallbackHome
06-04 02:09:55.458 W/ActivityManager( 1746): Slow operation: 135ms so far, now at startProcess: starting to update pids map
06-04 02:09:55.459 W/ActivityManager( 1746): Slow operation: 136ms so far, now at startProcess: done updating pids map
06-04 02:09:55.459 W/ActivityManager( 1746): Slow operation: 136ms so far, now at startProcess: done starting proc!
06-04 02:09:55.619 W/art     ( 2208): Unexpected CPU variant for X86 using defaults: x86_64
06-04 02:09:55.674 W/art     ( 1746): Long monitor contention with owner main (1746) at void com.android.server.am.ActivityManagerService.systemReady(java.lang.Runnable)(ActivityManagerService.java:13368) waiters=0 in void com.android.server.am.ActivityManagerService.dispatchUidsChanged() for 1.012s
06-04 02:09:55.691 I/SystemServer( 1746): Enabled StrictMode for system server main thread.
06-04 02:09:55.864 D/ConditionProviders.SCP( 1746): onConnected
06-04 02:09:55.867 D/ZenLog  ( 1746): set_zen_mode: off,readXml
06-04 02:09:55.981 D/ConditionProviders( 1746): Subscribing to condition://android/schedule?days=1.2.3.4.5&start=22.0&end=7.0&exitAtAlarm=false with ComponentInfo{android/com.android.server.notification.ScheduleConditionProvider}
06-04 02:09:55.982 D/ZenLog  ( 1746): subscribe: condition://android/schedule?days=1.2.3.4.5&start=22.0&end=7.0&exitAtAlarm=false,ok
06-04 02:09:55.984 D/ConditionProviders( 1746): Subscribing to condition://android/schedule?days=6.7&start=23.30&end=10.0&exitAtAlarm=false with ComponentInfo{android/com.android.server.notification.ScheduleConditionProvider}
06-04 02:09:55.984 D/ZenLog  ( 1746): subscribe: condition://android/schedule?days=6.7&start=23.30&end=10.0&exitAtAlarm=false,ok
06-04 02:09:55.985 D/ConditionProviders( 1746): Subscribing to condition://android/event?userId=-10000&calendar=&reply=1 with ComponentInfo{android/com.android.server.notification.EventConditionProvider}
06-04 02:09:55.985 D/ZenLog  ( 1746): subscribe: condition://android/event?userId=-10000&calendar=&reply=1,ok
06-04 02:09:56.455 D/PermissionCache( 1324): checking android.permission.READ_FRAME_BUFFER for uid=1000 => granted (158821 us)
06-04 02:09:56.501 D/gralloc ( 1324): Registering a buffer in the process that created it. This may cause memory ordering problems.
06-04 02:09:56.502 E/libEGL  ( 1324): called unimplemented OpenGL ES API
06-04 02:09:56.502 E/SurfaceFlinger( 1324): glCheckFramebufferStatusOES error -2040240378
06-04 02:09:56.503 E/SurfaceFlinger( 1324): got GL_FRAMEBUFFER_COMPLETE_OES error while taking screenshot
06-04 02:09:56.573 W/System  ( 2200): ClassLoader referenced unknown path: /system/priv-app/TeleService/lib/x86_64
06-04 02:09:56.721 W/art     ( 1746): Long monitor contention with owner Binder:1746_4 (2030) at void com.android.server.am.ActivityManagerService.attachApplication(android.app.IApplicationThread)(ActivityManagerService.java:6669) waiters=0 in void com.android.server.am.ActivityManagerService$LocalService.notifyAppTransitionCancelled() for 529ms
06-04 02:09:56.760 W/art     ( 1746): Long monitor contention with owner Binder:1746_4 (2030) at void com.android.server.am.ActivityManagerService.attachApplication(android.app.IApplicationThread)(ActivityManagerService.java:6669) waiters=1 in int com.android.server.am.ActivityManagerService.getMemoryTrimLevel() for 449ms
06-04 02:09:56.838 I/WifiScanningService( 1746): wifi driver unloaded
06-04 02:09:56.851 D/RttService( 1746): SCAN_AVAILABLE : 1
06-04 02:09:56.852 D/RttService( 1746): DefaultState got{ when=-1ms what=160513 target=com.android.internal.util.StateMachine$SmHandler }
06-04 02:09:56.854 D/ZenLog  ( 1746): set_zen_mode: off,cleanUpZenRules
06-04 02:09:56.894 W/System  ( 2208): ClassLoader referenced unknown path: /system/priv-app/Settings/lib/x86_64
06-04 02:09:57.137 W/ACodec  ( 1337): do not know color format 0x7f000789 = 2130708361
06-04 02:09:57.139 E/OMXNodeInstance( 1334): getConfig(5360018:google.vp8.encoder, ConfigAndroidIntraRefresh(0x6f60000a)) ERROR: Undefined(0x80001001)
06-04 02:09:57.201 I/MediaPlayerService( 1337): MediaPlayerService::getOMX
06-04 02:09:57.206 W/        ( 1275): debuggerd: resuming target 1329
06-04 02:09:57.223 I/OMXClient( 1337): MuxOMX ctor
06-04 02:09:57.227 W/        ( 1276): debuggerd: handling request: pid=1330 uid=1047 gid=1005 tid=1330
06-04 02:09:57.229 W/        ( 1275): debuggerd: handling request: pid=1330 uid=1047 gid=1005 tid=1330
06-04 02:09:57.267 W/System  ( 1746): ClassLoader referenced unknown path: /system/priv-app/Telecom/lib/x86_64
06-04 02:09:57.300 I/MediaPlayerService( 1337): MediaPlayerService::getOMX
06-04 02:09:57.313 I/OMXClient( 1337): MuxOMX ctor
06-04 02:09:57.313 W/MediaCodecList( 1337): unable to open media codecs configuration xml file: /data/misc/media/media_codecs_profiling_results.xml
06-04 02:09:57.391 D/ApplicationLoaders( 1746): ignored Vulkan layer search path /system/priv-app/Telecom/lib/x86_64:/system/priv-app/Telecom/Telecom.apk!/lib/x86_64:/system/lib64:/vendor/lib64 for namespace 0x79afe2b191d0
06-04 02:09:57.397 I/MediaPlayerService( 1337): MediaPlayerService::getOMX
06-04 02:09:57.412 I/OMXClient( 1746): MuxOMX ctor
06-04 02:09:57.561 I/OMXMaster( 1334): makeComponentInstance(OMX.google.vorbis.decoder) in mediacodec process
06-04 02:09:57.941 W/System  ( 2200): ClassLoader referenced unknown path: /system/priv-app/TelephonyProvider/lib/x86_64
06-04 02:09:57.946 D/ApplicationLoaders( 2200): ignored Vulkan layer search path /system/priv-app/TelephonyProvider/lib/x86_64:/system/lib64:/vendor/lib64 for namespace 0x79afe2b090f0
06-04 02:09:58.302 E/BluetoothAdapter( 1746): Bluetooth binder is null
06-04 02:09:58.386 I/Telecom ( 1746): SystemStateProvider: Registering car mode receiver: android.content.IntentFilter@e6337af: TS.init@AAA
06-04 02:09:58.589 D/gralloc_ranchu( 2208): Emulator without host-side GPU emulation detected. Loading gralloc.default.so from /vendor/lib64/hw/gralloc.goldfish.default.so...
06-04 02:09:58.614 W/WindowManager( 1746): App freeze timeout expired.
06-04 02:09:58.614 W/WindowManager( 1746): Force clearing freeze: AppWindowToken{3012573 token=Token{37a46ad ActivityRecord{39b57c4 u0 com.android.settings/.FallbackHome t1}}}
06-04 02:09:58.623 D/gralloc_ranchu( 2208): gralloc.default.so not found in /vendor. Trying /system/lib64/hw/gralloc.goldfish.default.so...
06-04 02:09:58.779 I/WindowManager( 1746): Screen frozen for +2s623ms due to Window{f7cea6a u0 KeyguardScrim}
06-04 02:09:59.074 I/ActivityManager( 1746): Displayed com.android.settings/.FallbackHome: +3s751ms
06-04 02:09:59.153 I/Telecom ( 1746): Telecom: Non-call EVENT: AUDIO_ROUTE, Entering state QuiescentEarpieceRoute
06-04 02:09:59.343 I/Telecom ( 1746): CallAudioModeStateMachine: Message received: null.: TS.init->CAMSM.pM_1@AAA_0
06-04 02:09:59.440 I/MediaPlayerService( 1337): MediaPlayerService::getOMX
06-04 02:09:59.456 I/OMXClient( 1999): MuxOMX ctor
06-04 02:09:59.551 E/ActivityThread( 1746): Failed to find provider info for call_log
06-04 02:09:59.557 W/        ( 1275): debuggerd: resuming target 1330
06-04 02:09:59.569 D/TelephonyProvider( 2200): dbh.onOpen: ok, queried table=siminfo
06-04 02:09:59.590 E/BluetoothAdapter( 1746): Bluetooth binder is null
06-04 02:09:59.612 W/        ( 1276): debuggerd: handling request: pid=1331 uid=1019 gid=1019 tid=1331
06-04 02:09:59.614 W/        ( 1275): debuggerd: handling request: pid=1331 uid=1019 gid=1019 tid=1331
06-04 02:09:59.799 I/OMXMaster( 1334): makeComponentInstance(OMX.google.vorbis.decoder) in mediacodec process
06-04 02:09:59.817 I/Telecom ( 1746): Class: TelecomSystem.INSTANCE being set
06-04 02:09:59.818 E/BluetoothAdapter( 1746): Bluetooth binder is null
06-04 02:09:59.828 D/TelephonyProvider( 2200): dbh.onOpen: ok, queried table=carriers
06-04 02:10:00.146 W/        ( 1275): debuggerd: resuming target 1331
06-04 02:10:00.191 W/        ( 1276): debuggerd: handling request: pid=1334 uid=1046 gid=1006 tid=1334
06-04 02:10:00.194 W/        ( 1275): debuggerd: handling request: pid=1334 uid=1046 gid=1006 tid=1334
06-04 02:10:01.046 I/art     ( 1746): Starting a blocking GC Explicit
06-04 02:10:01.327 W/        ( 1275): debuggerd: resuming target 1334
06-04 02:10:01.379 W/        ( 1276): debuggerd: handling request: pid=1335 uid=1013 gid=1031 tid=1335
06-04 02:10:01.412 W/        ( 1275): debuggerd: handling request: pid=1335 uid=1013 gid=1031 tid=1335
06-04 02:10:01.944 W/        ( 1275): debuggerd: resuming target 1335
06-04 02:10:02.757 W/        ( 1276): debuggerd: handling request: pid=1336 uid=1040 gid=1026 tid=1336
06-04 02:10:02.767 W/        ( 1275): debuggerd: handling request: pid=1336 uid=1040 gid=1026 tid=1336
06-04 02:10:03.433 W/        ( 1275): debuggerd: resuming target 1336
06-04 02:10:03.456 W/        ( 1276): debuggerd: handling request: pid=1337 uid=1013 gid=1005 tid=1337
06-04 02:10:03.502 W/        ( 1275): debuggerd: handling request: pid=1337 uid=1013 gid=1005 tid=1337
06-04 02:10:04.313 W/ContextImpl( 1746): Calling a method in the system process without a qualified user: android.app.ContextImpl.startService:1357 com.android.server.content.SyncManager$13.run:658 android.os.Handler.handleCallback:751 android.os.Handler.dispatchMessage:95 android.os.Looper.loop:154 
06-04 02:10:04.319 I/Choreographer( 2208): Skipped 231 frames!  The application may be doing too much work on its main thread.
06-04 02:10:04.503 W/art     ( 1746): Long monitor contention with owner Binder:1746_1 (1771) at android.app.IActivityManager$ContentProviderHolder com.android.server.am.ActivityManagerService.getContentProviderImpl(android.app.IApplicationThread, java.lang.String, android.os.IBinder, boolean, int)(ActivityManagerService.java:10666) waiters=0 in android.content.ComponentName com.android.server.am.ActivityManagerService.startService(android.app.IApplicationThread, android.content.Intent, java.lang.String, java.lang.String, int) for 186ms
06-04 02:10:04.904 W/        ( 1275): debuggerd: resuming target 1337
06-04 02:10:04.908 W/        ( 1276): debuggerd: handling request: pid=2066 uid=1023 gid=1023 tid=2066
06-04 02:10:05.153 I/MediaPlayerService( 1337): MediaPlayerService::getOMX
06-04 02:10:05.167 I/Choreographer( 2208): Skipped 33 frames!  The application may be doing too much work on its main thread.
06-04 02:10:05.174 I/OMXClient( 1999): MuxOMX ctor
06-04 02:10:05.219 I/OMXMaster( 1334): makeComponentInstance(OMX.google.vorbis.decoder) in mediacodec process
06-04 02:10:06.926 W/        ( 1276): debuggerd: resuming target 2066
06-04 02:10:07.594 I/MediaPlayerService( 1337): MediaPlayerService::getOMX
06-04 02:10:07.596 I/OMXClient( 1999): MuxOMX ctor
06-04 02:10:07.635 I/OMXMaster( 1334): makeComponentInstance(OMX.google.vorbis.decoder) in mediacodec process
06-04 02:10:08.422 W/art     ( 1746): Suspending all threads took: 113.320ms
06-04 02:10:08.751 I/art     ( 1746): Explicit concurrent mark sweep GC freed 18947(1501KB) AllocSpace objects, 9(4MB) LOS objects, 30% free, 9MB/13MB, paused 119.515ms total 7.661s
06-04 02:10:08.753 I/art     ( 1746): WaitForGcToComplete blocked for 21.969ms for cause Background
06-04 02:10:10.588 W/GnssLocationProvider( 1746): Could not open GPS configuration file /etc/gps.conf
06-04 02:10:10.589 E/GnssLocationProvider( 1746): no AGPS interface in set_agps_server
06-04 02:10:10.811 W/art     ( 1746): Long monitor contention with owner main (1746) at boolean java.io.UnixFileSystem.rename0(java.io.File, java.io.File)(UnixFileSystem.java:-2) waiters=0 in com.android.server.wallpaper.WallpaperManagerService$WallpaperData com.android.server.wallpaper.WallpaperManagerService$WallpaperObserver.dataForEvent(boolean, boolean) for 129ms
06-04 02:10:10.831 W/art     ( 2200): Long monitor contention with owner RILReceiver0 (2291) at void com.android.internal.telephony.RIL.acquireWakeLock(com.android.internal.telephony.RILRequest, int)(RIL.java:2478) waiters=0 in void com.android.internal.telephony.RIL.acquireWakeLock(com.android.internal.telephony.RILRequest, int) for 115ms
06-04 02:10:11.892 I/Choreographer( 1999): Skipped 1342 frames!  The application may be doing too much work on its main thread.
06-04 02:10:12.036 W/System  ( 1746): ClassLoader referenced unknown path: /system/priv-app/FusedLocation/lib/x86_64
06-04 02:10:12.577 D/ApplicationLoaders( 1746): ignored Vulkan layer search path /system/priv-app/FusedLocation/lib/x86_64:/system/priv-app/FusedLocation/FusedLocation.apk!/lib/x86_64:/system/lib64:/vendor/lib64 for namespace 0x79afe2b19240
06-04 02:10:13.266 V/WiredAccessoryManager( 1746): notifyWiredAccessoryChanged: when=0 bits= mask=54
06-04 02:10:13.267 V/WiredAccessoryManager( 1746): newName=h2w newState=0 headsetState=0 prev headsetState=0
06-04 02:10:13.267 E/WiredAccessoryManager( 1746): No state change.
06-04 02:10:13.268 V/WiredAccessoryManager( 1746): init()
06-04 02:10:13.336 D/ConditionProviders.SCP( 1746): onSubscribe condition://android/schedule?days=1.2.3.4.5&start=22.0&end=7.0&exitAtAlarm=false
06-04 02:10:13.412 D/ConditionProviders.SCP( 1746): setRegistered true
06-04 02:10:13.417 D/ConditionProviders.SCP( 1746): notifyCondition condition://android/schedule?days=1.2.3.4.5&start=22.0&end=7.0&exitAtAlarm=false STATE_TRUE reason=meetsSchedule
06-04 02:10:13.468 D/ConditionProviders.SCP( 1746): Scheduling evaluate for Thu Jun 04 07:00:00 UTC 2020 (1591254000000), in +4h49m46s586ms, now=Thu Jun 04 02:10:13 UTC 2020 (1591236613414)
06-04 02:10:13.506 D/ConditionProviders.SCP( 1746): onSubscribe condition://android/schedule?days=6.7&start=23.30&end=10.0&exitAtAlarm=false
06-04 02:10:13.509 D/ConditionProviders.SCP( 1746): notifyCondition condition://android/schedule?days=6.7&start=23.30&end=10.0&exitAtAlarm=false STATE_FALSE reason=!meetsSchedule
06-04 02:10:13.542 I/StatusBarManagerService( 1746): registerStatusBar bar=com.android.internal.statusbar.IStatusBar$Stub$Proxy@db491e5
06-04 02:10:13.544 D/ConditionProviders.SCP( 1746): notifyCondition condition://android/schedule?days=1.2.3.4.5&start=22.0&end=7.0&exitAtAlarm=false STATE_TRUE reason=meetsSchedule
06-04 02:10:13.547 D/ConditionProviders.SCP( 1746): Scheduling evaluate for Thu Jun 04 07:00:00 UTC 2020 (1591254000000), in +4h49m46s492ms, now=Thu Jun 04 02:10:13 UTC 2020 (1591236613508)
06-04 02:10:13.743 I/Telecom ( 1746): WiredHeadsetManager: ACTION_HEADSET_PLUG event, plugged in: false, : WHC.oADA@AAE
06-04 02:10:13.997 I/ActivityManager( 1746): user 0 is still locked. Cannot load recents
06-04 02:10:14.544 D/ZenLog  ( 1746): config: conditionChanged,ZenModeConfig[user=0,allowCalls=true,allowRepeatCallers=false,allowMessages=false,allowCallsFrom=contacts,allowMessagesFrom=contacts,allowReminders=true,allowEvents=true,allowWhenScreenOff=true,allowWhenScreenOn=true,automaticRules={55791e34e80a438d872f3ee0d75d2aff=ZenRule[enabled=false,snoozing=false,name=Weeknight,zenMode=ZEN_MODE_ALARMS,conditionId=condition://android/schedule?days=1.2.3.4.5&start=22.0&end=7.0&exitAtAlarm=false,condition=Condition[id=condition://android/schedule?days=1.2.3.4.5&start=22.0&end=7.0&exitAtAlarm=false,summary=...,line1=...,line2=...,icon=0,state=STATE_TRUE,flags=2],component=ComponentInfo{android/com.android.server.notification.ScheduleConditionProvider},id=55791e34e80a438d872f3ee0d75d2aff,creationTime=1574383122597,enabler=null], f3f3db1d05034b449d11e2dd0fddc917=ZenRule[enabled=false,snoozing=false,name=Weekend,zenMode=ZEN_MODE_ALARMS,conditionId=condition://android/schedule?days=6.7&start=23.30&end=10.0&exitAtAlarm=false,condition=Condition[id=condition://android/schedule?days=6.7&start=23.30&end=10.0&exitAtAlarm=false,summary=...,line1=...,line2=...,icon=0,state=STATE_FALSE,flags=2],component=ComponentInfo{android/com.android.server.notification.ScheduleConditionProvider},id=f3f3db1d05034b449d11e2dd0fddc917,creationTime=1574383122598,enabler=null], a952894dbb2144c8bc7bbcd244ed361b=ZenRule[enabled=false,snoozing=false,name=Event,zenMode=ZEN_MODE_ALARMS,conditionId=condition://android/event?userId=-10000&calendar=&reply=1,condition=Condition[id=condition://android/event?userId=-10000&calendar=&reply=1,summary=...,line1=...,line2=...,icon=0,state=STATE_FALSE,flags=2],component=ComponentInfo{android/com.android.server.notification.EventConditionProvider},id=a952894dbb2144c8bc7bbcd244ed361b,creationTime=1574383122610,enabler=null]},manualRule=null],Diff[automaticRule[55791e34e80a438d872f3ee0d75d2aff].condition:Condition[id=condition://android/schedule?days=1.2.3.4.5&start=22.0&end=7.0&exitAtAlarm=false,summary=...,line1=...,line2=...,icon=0,state=STATE_FALSE,flags=2]->Condition[id=condition://android/schedule?days=1.2.3.4.5&start=22.0&end=7.0&exitAtAlarm=false,summary=...,line1=...,line2=...,icon=0,state=STATE_TRUE,flags=2]]
06-04 02:10:15.168 D/ZenLog  ( 1746): set_zen_mode: off,conditionChanged
06-04 02:10:15.429 W/ProcessCpuTracker( 1746): Skipping unknown process pid 2277
06-04 02:10:15.915 W/ProcessCpuTracker( 1746): Skipping unknown process pid 2297
06-04 02:10:15.917 W/ProcessCpuTracker( 1746): Skipping unknown process pid 2304
06-04 02:10:18.178 E/ActivityManager( 1746): ANR in system
06-04 02:10:18.178 E/ActivityManager( 1746): PID: 1746
06-04 02:10:18.178 E/ActivityManager( 1746): Reason: executing service com.android.server.telecom/.components.TelecomService
06-04 02:10:18.178 E/ActivityManager( 1746): Load: 12.27 / 5.21 / 2.04
06-04 02:10:18.178 E/ActivityManager( 1746): CPU usage from 0ms to 28602ms later (2020-06-04 02:09:48.694 to 2020-06-04 02:10:17.297) with 99% awake:
06-04 02:10:18.178 E/ActivityManager( 1746):   62% 1324/surfaceflinger: 24% user + 37% kernel / faults: 74 minor
06-04 02:10:18.178 E/ActivityManager( 1746):   31% 1390/bootanimation: 12% user + 18% kernel
06-04 02:10:18.178 E/ActivityManager( 1746):   27% 1746/system_server: 9.3% user + 18% kernel / faults: 3660 minor 37 major
06-04 02:10:18.178 E/ActivityManager( 1746):   10% 1334/media.codec: 4% user + 6.4% kernel / faults: 4621 minor 12 major
06-04 02:10:18.178 E/ActivityManager( 1746):   7.6% 1999/com.android.systemui: 2.4% user + 5.1% kernel / faults: 2312 minor 13 major
06-04 02:10:18.178 E/ActivityManager( 1746):   4% 8/rcu_preempt: 0% user + 4% kernel
06-04 02:10:18.178 E/ActivityManager( 1746):   1.6% 1326/adbd: 0.2% user + 1.3% kernel / faults: 1019 minor
06-04 02:10:18.178 E/ActivityManager( 1746):   0.8% 1336/media.extractor: 0.3% user + 0.5% kernel / faults: 93 minor
06-04 02:10:18.178 E/ActivityManager( 1746):   0.9% 1337/mediaserver: 0.4% user + 0.4% kernel / faults: 76 minor
06-04 02:10:18.178 E/ActivityManager( 1746):   0.2% 1276/debuggerd64: 0% user + 0.2% kernel / faults: 83 minor
06-04 02:10:18.178 E/ActivityManager( 1746):   0.7% 1323/servicemanager: 0.1% user + 0.6% kernel
06-04 02:10:18.178 E/ActivityManager( 1746):   0.4% 1257/kworker/0:1H: 0% user + 0.4% kernel
06-04 02:10:18.178 E/ActivityManager( 1746):   0.4% 1269/logd: 0% user + 0.3% kernel / faults: 16 minor
06-04 02:10:18.178 E/ActivityManager( 1746):   0.1% 1275/debuggerd: 0% user + 0% kernel / faults: 182 minor
06-04 02:10:18.178 E/ActivityManager( 1746):   0.2% 1327/zygote64: 0.1% user + 0.1% kernel / faults: 301 minor
06-04 02:10:18.178 E/ActivityManager( 1746):   0.3% 1338/netd: 0% user + 0.2% kernel / faults: 59 minor
06-04 02:10:18.178 E/ActivityManager( 1746):   0.2% 1329/audioserver: 0% user + 0.2% kernel / faults: 40 minor
06-04 02:10:18.178 E/ActivityManager( 1746):   0.2% 17/kworker/u4:1: 0% user + 0.2% kernel
06-04 02:10:18.178 E/ActivityManager( 1746):   0.1% 3/ksoftirqd/0: 0% user + 0.1% kernel
06-04 02:10:18.178 E/ActivityManager( 1746):   0.1% 12/ksoftirqd/1: 0% user + 0.1% kernel
06-04 02:10:18.178 E/ActivityManager( 1746):   0.1% 1267/jbd2/vdc-8: 0% user + 0.1% kernel
06-04 02:10:18.178 E/ActivityManager( 1746):   0% 1330/cameraserver: 0% user + 0% kernel / faults: 65 minor
06-04 02:10:18.178 E/ActivityManager( 1746):   0.1% 1993/com.android.inputmethod.latin: 0% user + 0.1% kernel / faults: 100 minor
06-04 02:10:18.178 E/ActivityManager( 1746):   0.1% 811/kworker/0:2: 0% user + 0.1% kernel
06-04 02:10:18.178 E/ActivityManager( 1746):   0.1% 1358/logcat: 0.1% user + 0% kernel
06-04 02:10:18.178 E/ActivityManager( 1746):   0% 1//init: 0% user + 0% kernel / faults: 1 minor
06-04 02:10:18.178 E/ActivityManager( 1746):   0.1% 13/kworker/1:0: 0% user + 0.1% kernel
06-04 02:10:18.178 E/ActivityManager( 1746):   0% 1339/rild: 0% user + 0% kernel / faults: 5 minor
06-04 02:10:18.178 E/ActivityManager( 1746):   0% 1319/healthd: 0% user + 0% kernel
06-04 02:10:18.178 E/ActivityManager( 1746):   0% 1512/ipv6proxy: 0% user + 0% kernel
06-04 02:10:18.178 E/ActivityManager( 1746):   0% 11/migration/1: 0% user + 0% kernel
06-04 02:10:18.178 E/ActivityManager( 1746):   0% 1322/lmkd: 0% user + 0% kernel
06-04 02:10:18.178 E/ActivityManager( 1746):   0% 1333/keystore: 0% user + 0% kernel
06-04 02:10:18.178 E/ActivityManager( 1746):   0% 1520/hostapd: 0% user + 0% kernel
06-04 02:10:18.178 E/ActivityManager( 1746):  +0% 2200/com.android.phone: 0% user + 0% kernel
06-04 02:10:18.178 E/ActivityManager( 1746):  +0% 2208/com.android.settings: 0% user + 0% kernel
06-04 02:10:18.178 E/ActivityManager( 1746):  +0% 2316/sh: 0% user + 0% kernel
06-04 02:10:18.178 E/ActivityManager( 1746):  +0% 2318/sh: 0% user + 0% kernel
06-04 02:10:18.178 E/ActivityManager( 1746): 100% TOTAL: 37% user + 61% kernel + 1% softirq
06-04 02:10:18.178 E/ActivityManager( 1746): CPU usage from 26752ms to 27727ms later (2020-06-04 02:10:15.447 to 2020-06-04 02:10:16.421):
06-04 02:10:18.178 E/ActivityManager( 1746):   100% 1324/surfaceflinger: 53% user + 47% kernel
06-04 02:10:18.178 E/ActivityManager( 1746):     49% 1324/surfaceflinger: 25% user + 23% kernel
06-04 02:10:18.178 E/ActivityManager( 1746):     25% 1376/DispSync: 3.2% user + 22% kernel
06-04 02:10:18.178 E/ActivityManager( 1746):     20% 1384/EventThread: 17% user + 3.2% kernel
06-04 02:10:18.178 E/ActivityManager( 1746):     2.1% 1382/EventThread: 0% user + 2.1% kernel
06-04 02:10:18.178 E/ActivityManager( 1746):     2.1% 1383/POSIX timer 1: 0% user + 2.1% kernel
06-04 02:10:18.178 E/ActivityManager( 1746):     1% 1375/Binder:1324_2: 0% user + 1% kernel
06-04 02:10:18.178 E/ActivityManager( 1746):     1% 1381/POSIX timer 0: 0% user + 1% kernel
06-04 02:10:18.178 E/ActivityManager( 1746):     1% 2198/Binder:1324_5: 1% user + 0% kernel
06-04 02:10:18.178 E/ActivityManager( 1746):   27% 1390/bootanimation: 0% user + 27% kernel
06-04 02:10:18.178 E/ActivityManager( 1746):     26% 1505/BootAnimation: 0% user + 26% kernel
06-04 02:10:18.178 E/ActivityManager( 1746):   16% 2208/com.android.settings: 1.4% user + 14% kernel / faults: 33 minor
06-04 02:10:18.178 E/ActivityManager( 1746):     13% 2208/ndroid.settings: 0% user + 13% kernel
06-04 02:10:18.178 E/ActivityManager( 1746):     2.2% 2223/Jit thread pool: 1.4% user + 0.7% kernel
06-04 02:10:18.178 E/ActivityManager( 1746):     0.7% 2237/Binder:2208_3: 0% user + 0.7% kernel
06-04 02:10:18.178 E/ActivityManager( 1746):   20% 1746/system_server: 2% user + 18% kernel / faults: 23 minor
06-04 02:10:18.178 E/ActivityManager( 1746):     7.2% 1788/ActivityManager: 0% user + 7.2% kernel
06-04 02:10:18.178 E/ActivityManager( 1746):     3% 2292/Binder:1746_6: 1% user + 2% kernel
06-04 02:10:18.178 E/ActivityManager( 1746):     2% 1771/Binder:1746_1: 0% user + 2% kernel
06-04 02:10:18.178 E/ActivityManager( 1746):     2% 1978/Binder:1746_3: 0% user + 2% kernel
06-04 02:10:18.178 E/ActivityManager( 1746):     2% 2030/Binder:1746_4: 0% user + 2% kernel
06-04 02:10:18.178 E/ActivityManager( 1746):     1% 1772/Binder:1746_2: 1% user + 0% kernel
06-04 02:10:18.178 E/ActivityManager( 1746):     1% 1969/onProviders.ECP: 0% user + 1% kernel
06-04 02:10:18.178 E/ActivityManager( 1746):   12% 2200/com.android.phone: 0% user + 12% kernel / faults: 331 minor 3 major
06-04 02:10:18.178 E/ActivityManager( 1746):     11% 2200/m.android.phone: 0% user + 11% kernel
06-04 02:10:18.178 E/ActivityManager( 1746):     0.7% 2285/RILSender0: 0% user + 0.7% kernel
06-04 02:10:18.178 E/ActivityManager( 1746):    +0% 2315/DcHandlerThread: 0% user + 0% kernel
06-04 02:10:18.178 E/ActivityManager( 1746):   11% 1999/com.android.systemui: 2.4% user + 8.9% kernel / faults: 167 minor 1 major
06-04 02:10:18.178 E/ActivityManager( 1746):     11% 1999/ndroid.systemui: 3.2% user + 8.1% kernel
06-04 02:10:18.178 E/ActivityManager( 1746):   2% 1//init: 0% user + 2% kernel / faults: 1 minor
06-04 02:10:18.178 E/ActivityManager( 1746):   0.6% 1512/ipv6proxy: 0% user + 0
06-04 02:10:18.991 W/art     ( 1746): Long monitor contention with owner android.ui (1789) at void com.android.server.am.AppErrors.handleShowAnrUi(android.os.Message)(AppErrors.java:925) waiters=1 in void com.android.server.am.BroadcastQueue.processNextBroadcast(boolean) for 416ms
06-04 02:10:19.012 D/GpsNetInitiatedHandler( 1746): location enabled :true
06-04 02:10:19.122 W/art     ( 1746): Long monitor contention with owner android.ui (1789) at void com.android.server.am.AppErrors.handleShowAnrUi(android.os.Message)(AppErrors.java:925) waiters=2 in android.content.Intent com.android.server.am.ActivityManagerService.registerReceiver(android.app.IApplicationThread, java.lang.String, android.content.IIntentReceiver, android.content.IntentFilter, java.lang.String, int) for 515ms
06-04 02:10:19.571 W/ActivityManager( 1746): Slow operation: 83ms so far, now at startProcess: asking zygote to start proc
06-04 02:10:19.898 W/art     ( 1746): Suspending all threads took: 34.695ms
06-04 02:10:20.044 I/art     ( 1746): Background sticky concurrent mark sweep GC freed 21876(1469KB) AllocSpace objects, 7(884KB) LOS objects, 21% free, 10MB/13MB, paused 39.454ms total 1.026s
06-04 02:10:20.333 W/ActivityManager( 1746): Slow operation: 844ms so far, now at startProcess: returned from zygote!
06-04 02:10:20.333 W/ActivityManager( 1746): Slow operation: 845ms so far, now at startProcess: done updating battery stats
06-04 02:10:20.334 W/ActivityManager( 1746): Slow operation: 846ms so far, now at startProcess: building log message
06-04 02:10:20.335 I/ActivityManager( 1746): Start proc 2325:com.android.cellbroadcastreceiver/u0a4 for broadcast com.android.cellbroadcastreceiver/.CellBroadcastReceiver
06-04 02:10:20.335 W/ActivityManager( 1746): Slow operation: 847ms so far, now at startProcess: starting to update pids map
06-04 02:10:20.335 W/ActivityManager( 1746): Slow operation: 847ms so far, now at startProcess: done updating pids map
06-04 02:10:20.335 W/ActivityManager( 1746): Slow operation: 849ms so far, now at startProcess: done starting proc!
06-04 02:10:20.617 W/art     ( 2325): Unexpected CPU variant for X86 using defaults: x86_64
06-04 02:10:21.671 W/art     ( 1746): Long monitor contention with owner HeapTaskDaemon (1758) at void java.lang.ref.ReferenceQueue.add(java.lang.ref.Reference)(ReferenceQueue.java:260) waiters=1 in void java.lang.Object.wait!() for 1.626s
06-04 02:10:21.676 W/art     ( 1746): Long monitor contention with owner main (1746) at void com.android.server.am.BroadcastQueue.processNextBroadcast(boolean)(BroadcastQueue.java:760) waiters=1 in void com.android.server.am.ActivityStackSupervisor.handleDisplayChanged(int) for 2.154s
06-04 02:10:21.698 W/art     ( 1746): Long monitor contention with owner Binder:1746_5 (2080) at android.content.pm.UserInfo com.android.server.am.UserController.getCurrentUser()(UserController.java:1438) waiters=3 in void com.android.server.am.ActivityManagerService.attachApplication(android.app.IApplicationThread) for 546ms
06-04 02:10:21.710 W/art     ( 1746): Long monitor contention with owner main (1746) at void com.android.server.am.BroadcastQueue.processNextBroadcast(boolean)(BroadcastQueue.java:760) waiters=2 in android.content.Intent com.android.server.am.ActivityManagerService.registerReceiver(android.app.IApplicationThread, java.lang.String, android.content.IIntentReceiver, android.content.IntentFilter, java.lang.String, int) for 1.868s
06-04 02:10:21.881 W/art     ( 1746): Long monitor contention with owner Binder:1746_5 (2080) at android.content.pm.UserInfo com.android.server.am.UserController.getCurrentUser()(UserController.java:1438) waiters=4 in void com.android.server.am.ActivityManagerService.ensureBootCompleted() for 505ms
06-04 02:10:21.954 I/Choreographer( 1746): Skipped 35 frames!  The application may be doing too much work on its main thread.
06-04 02:10:21.992 V/KeyguardServiceDelegate( 1746): *** Keyguard started
06-04 02:10:22.283 W/SystemConfig( 2200): No directory /system/etc/sysconfig, skipping
06-04 02:10:22.391 W/KeyguardServiceDelegate( 1746): onScreenTurningOn(): no keyguard service!
06-04 02:10:22.549 D/AccessibilityManagerService( 1746): Ignoring non-encryption-aware service ComponentInfo{com.example.android.apis/com.example.android.apis.accessibility.ClockBackService}
06-04 02:10:22.737 D/AccessibilityManagerService( 1746): Ignoring non-encryption-aware service ComponentInfo{com.example.android.apis/com.example.android.apis.accessibility.MagnificationService}
06-04 02:10:22.737 D/AccessibilityManagerService( 1746): Ignoring non-encryption-aware service ComponentInfo{com.example.android.apis/com.example.android.apis.accessibility.TaskBackService}
06-04 02:10:23.717 I/Choreographer( 1746): Skipped 104 frames!  The application may be doing too much work on its main thread.
06-04 02:10:23.968 W/VibratorService( 1746): Tried to stop vibrating but there is no vibrator device.
06-04 02:10:25.545 W/WindowManager( 1746): Keyguard drawn timeout. Setting mKeyguardDrawComplete
06-04 02:10:25.837 I/Choreographer( 1746): Skipped 52 frames!  The application may be doing too much work on its main thread.
06-04 02:10:26.392 D/PhoneSwitcherNetworkRequstListener( 2200): Registering NetworkFactory
06-04 02:10:26.529 D/ConnectivityService( 1746): Got NetworkFactory Messenger for PhoneSwitcherNetworkRequstListener
06-04 02:10:27.291 D/ConnectivityService( 1746): Got NetworkFactory Messenger for TelephonyNetworkFactory[0]
06-04 02:10:28.185 D/CarrierConfigLoader( 2200): CarrierConfigLoader has started
06-04 02:10:28.205 E/BluetoothAdapter( 2200): Bluetooth binder is null
06-04 02:10:29.988 I/Telephony( 2200): TtyManager: updateUiTtyMode -1 -> 0
06-04 02:10:31.446 W/art     ( 1746): Long monitor contention with owner ActivityManager (1788) at void com.android.server.am.AppErrors.appNotResponding(com.android.server.am.ProcessRecord, com.android.server.am.ActivityRecord, com.android.server.am.ActivityRecord, boolean, java.lang.String)(AppErrors.java:884) waiters=1 in java.lang.String com.android.server.am.ActivityManagerService.checkContentProviderAccess(java.lang.String, int) for 13.050s
06-04 02:10:31.811 D/AlarmManagerService( 1746): Kernel timezone updated to 0 minutes west of GMT
06-04 02:10:31.989 E/ActivityThread( 1746): Failed to find provider info for com.android.calendar
06-04 02:10:32.068 D/AlarmManagerService( 1746): Setting time of day to sec=1591236633
06-04 02:10:33.644 W/AlarmManagerService( 1746): Unable to set rtc to 1591236633: No such device
06-04 02:10:33.729 D/ConditionProviders.SCP( 1746): onReceive android.intent.action.TIME_SET
06-04 02:10:33.732 D/ConditionProviders.SCP( 1746): notifyCondition condition://android/schedule?days=6.7&start=23.30&end=10.0&exitAtAlarm=false STATE_FALSE reason=!meetsSchedule
06-04 02:10:33.746 D/ConditionProviders.SCP( 1746): notifyCondition condition://android/schedule?days=1.2.3.4.5&start=22.0&end=7.0&exitAtAlarm=false STATE_TRUE reason=meetsSchedule
06-04 02:10:33.750 D/ConditionProviders.SCP( 1746): Scheduling evaluate for Thu Jun 04 07:00:00 UTC 2020 (1591254000000), in +4h49m26s270ms, now=Thu Jun 04 02:10:33 UTC 2020 (1591236633730)
06-04 02:10:33.965 E/ActivityThread( 1746): Failed to find provider info for com.android.calendar
06-04 02:10:33.987 E/ActivityThread( 1746): Failed to find provider info for com.android.calendar
06-04 02:10:33.988 E/ActivityThread( 1746): Failed to find provider info for com.android.calendar
06-04 02:10:34.845 W/art     ( 1746): Long monitor contention with owner Binder:1746_5 (2080) at android.content.pm.UserInfo com.android.server.am.UserController.getCurrentUser()(UserController.java:1438) waiters=5 in android.content.Intent com.android.server.am.ActivityManagerService.registerReceiver(android.app.IApplicationThread, java.lang.String, android.content.IIntentReceiver, android.content.IntentFilter, java.lang.String, int) for 11.823s
06-04 02:10:35.024 W/art     ( 1746): Long monitor contention with owner android.bg (1787) at android.content.Intent com.android.server.am.ActivityManagerService.registerReceiver(android.app.IApplicationThread, java.lang.String, android.content.IIntentReceiver, android.content.IntentFilter, java.lang.String, int)(ActivityManagerService.java:17547) waiters=0 in int com.android.server.am.ActivityManagerService.broadcastIntent(android.app.IApplicationThread, android.content.Intent, java.lang.String, android.content.IIntentReceiver, int, java.lang.String, android.os.Bundle, java.lang.String[], int, android.os.Bundle, boolean, boolean, int) for 133ms
06-04 02:10:35.834 W/BroadcastQueue( 1746): Timeout of broadcast BroadcastRecord{80d3eb6 u-1 android.intent.action.TIME_TICK} - receiver=android.os.BinderProxy@840c3a, started 10102ms ago
06-04 02:10:35.834 W/BroadcastQueue( 1746): Receiver during timeout: BroadcastFilter{a13fe48 u0 ReceiverList{2cf10eb 1999 com.android.systemui/10021/u0 remote:840c3a}}
06-04 02:10:36.549 W/art     ( 1746): Long monitor contention with owner BackgroundDexOptService_PostBootUpdate (2358) at void com.android.server.power.PowerManagerService.acquireWakeLockInternal(android.os.IBinder, int, java.lang.String, java.lang.String, android.os.WorkSource, java.lang.String, int, int)(PowerManagerService.java:862) waiters=0 in void com.android.server.power.PowerManagerService.handleSandman() for 236ms
06-04 02:10:36.703 W/art     ( 1999): Suspending all threads took: 161.202ms
06-04 02:10:36.784 W/art     ( 2325): Suspending all threads took: 2.250s
06-04 02:10:37.277 I/Process ( 1746): Sending signal. PID: 1999 SIG: 3
06-04 02:10:37.279 I/art     ( 1999): Thread[3,tid=2017,WaitingInMainSignalCatcherLoop,Thread*=0x79afde296400,peer=0x12c005e0,"Signal Catcher"]: reacting to signal 3
06-04 02:10:37.279 I/art     ( 1999): 
06-04 02:10:37.357 I/art     ( 1999): Background sticky concurrent mark sweep GC freed 18109(2MB) AllocSpace objects, 2(40KB) LOS objects, 30% free, 7MB/10MB, paused 173.362ms total 1.587s
06-04 02:10:38.076 W/art     ( 1999): Suspending all threads took: 314.168ms
06-04 02:10:38.228 D/PhoneSwitcherNetworkRequstListener( 2200): got request NetworkRequest [ REQUEST id=1, [ Capabilities: INTERNET&NOT_RESTRICTED&TRUSTED&NOT_VPN] ] with score 0
06-04 02:10:38.326 D/TelephonyDebugService( 2200): TelephonyDebugService()
06-04 02:10:38.395 D/CarrierConfigLoader( 2200): mHandler: 12 phoneId: 0
06-04 02:10:38.523 W/art     ( 1999): Suspending all threads took: 59.361ms
06-04 02:10:38.948 E/ActivityManager( 1746): ANR in com.android.systemui
06-04 02:10:38.948 E/ActivityManager( 1746): PID: 1999
06-04 02:10:38.948 E/ActivityManager( 1746): Reason: Broadcast of Intent { act=android.intent.action.TIME_TICK flg=0x50000014 (has extras) }
06-04 02:10:38.948 E/ActivityManager( 1746): Load: 0.0 / 0.0 / 0.0
06-04 02:10:38.948 E/ActivityManager( 1746): CPU usage from 17056ms to 0ms ago (2020-06-04 02:10:17.297 to 2020-06-04 02:10:35.925):
06-04 02:10:38.948 E/ActivityManager( 1746):   102% 1324/surfaceflinger: 32% user + 70% kernel / faults: 4 minor
06-04 02:10:38.948 E/ActivityManager( 1746):   28% 1746/system_server: 6% user + 22% kernel / faults: 4532 minor 73 major
06-04 02:10:38.948 E/ActivityManager( 1746):   18% 1390/bootanimation: 0% user + 18% kernel
