06-04 02:09:14.085 W/AlarmManagerService( 1746): no wall clock RTC found
06-04 02:09:14.088 D/AlarmManagerService( 1746): Kernel timezone updated to 0 minutes west of GMT
06-04 02:09:14.176 I/SystemServer( 1746): InitWatchdog
06-04 02:09:14.178 I/SystemServer( 1746): StartInputManagerService
06-04 02:09:14.188 I/InputManager( 1746): Initializing input manager, mUseDevInputEventForAudioJack=true
06-04 02:09:14.236 I/SystemServer( 1746): StartWindowManagerService
06-04 02:09:14.553 I/WindowManager( 1746): No existing display settings /data/system/display_settings.xml; starting empty
06-04 02:09:15.111 I/SystemServer( 1746): StartVrManagerService
06-04 02:09:15.111 I/SystemServiceManager( 1746): Starting com.android.server.vr.VrManagerService
06-04 02:09:15.142 W/VrManagerService( 1746): init_native: Could not open VR hardware module, error No such file or directory (-2).
06-04 02:09:15.172 I/InputManager( 1746): Starting input manager
06-04 02:09:15.270 I/SystemServer( 1746): No Bluetooth Service (emulator)
06-04 02:09:15.271 I/SystemServer( 1746): ConnectivityMetricsLoggerService
06-04 02:09:15.271 D/EventHub( 1746): No input device configuration file found for device 'Power Button'.
06-04 02:09:15.277 I/SystemServiceManager( 1746): Starting com.android.server.connectivity.MetricsLoggerService
06-04 02:09:15.332 I/SystemServer( 1746): IpConnectivityMetrics
06-04 02:09:15.333 I/SystemServiceManager( 1746): Starting com.android.server.connectivity.IpConnectivityMetrics
06-04 02:09:15.353 I/SystemServer( 1746): PinnerService
06-04 02:09:15.354 I/SystemServiceManager( 1746): Starting com.android.server.PinnerService
06-04 02:09:15.391 W/EventHub( 1746): Unable to disable kernel key repeat for /dev/input/event0: Function not implemented
06-04 02:09:15.392 I/EventHub( 1746): New device: id=1, fd=91, path='/dev/input/event0', name='Power Button', classes=0x1, configuration='', keyLayout='/system/usr/keylayout/Generic.kl', keyCharacterMap='/system/usr/keychars/Generic.kcm', builtinKeyboard=false, wakeMechanism=EPOLLWAKEUP, usingClockIoctl=true
06-04 02:09:15.406 I/SystemServiceManager( 1746): Starting com.android.server.InputMethodManagerService$Lifecycle
06-04 02:09:15.602 W/EventHub( 1746): Unable to disable kernel key repeat for /dev/input/event1: Function not implemented
06-04 02:09:15.602 I/EventHub( 1746): New device: id=2, fd=92, path='/dev/input/event1', name='qwerty2', classes=0x95, configuration='/system/usr/idc/qwerty2.idc', keyLayout='/system/usr/keylayout/qwerty.kl', keyCharacterMap='/system/usr/keychars/qwerty2.kcm', builtinKeyboard=true, wakeMechanism=EPOLLWAKEUP, usingClockIoctl=true
06-04 02:09:15.603 E/EventHub( 1746): could not get driver version for /dev/input/mice, Not a typewriter
06-04 02:09:15.730 I/InputReader( 1746): Device added: id=-1, name='Virtual', sources=0x00000301
06-04 02:09:15.743 I/InputReader( 1746):   Touch device 'qwerty2' could not query the properties of its associated display.  The device will be inoperable until the display size becomes available.
06-04 02:09:15.744 I/InputReader( 1746): Device added: id=0, name='qwerty2', sources=0x80001103
06-04 02:09:15.745 I/InputReader( 1746): Device added: id=1, name='Power Button', sources=0x00000101
06-04 02:09:16.316 I/SystemServer( 1746): StartAccessibilityManagerService
06-04 02:09:16.408 I/ActivityManager( 1746): Config changes=1df8 {1.0 ?mcc?mnc [en_US] ldltr sw360dp w360dp h640dp 480dpi nrml long port ?uimode ?night -touch -keyb/v/h -nav/h s.2}
06-04 02:09:16.495 I/ActivityManager( 1746): Config changes=508 {1.0 ?mcc?mnc [en_US] ldltr sw360dp w360dp h568dp 480dpi nrml port ?uimode ?night finger -keyb/v/h -nav/h s.3}
06-04 02:09:17.002 I/SystemServiceManager( 1746): Starting com.android.server.MountService$Lifecycle
06-04 02:09:17.192 I/InputReader( 1746): Reconfiguring input devices.  changes=0x00000004
06-04 02:09:17.193 I/InputReader( 1746): Device reconfigured: id=0, name='qwerty2', size 1080x1920, orientation 0, mode 1, display id 0
06-04 02:09:17.232 I/InputReader( 1746): Reconfiguring input devices.  changes=0x00000004
06-04 02:09:17.462 D/MountService( 1746): Thinking about init, mSystemReady=false, mDaemonConnected=true
06-04 02:09:17.462 D/MountService( 1746): Thinking about reset, mSystemReady=false, mDaemonConnected=true
06-04 02:09:17.467 I/SystemServiceManager( 1746): Starting com.android.server.UiModeManagerService
06-04 02:09:17.481 D/MountService( 1746): Thinking about init, mSystemReady=false, mDaemonConnected=true
06-04 02:09:17.481 D/MountService( 1746): Thinking about reset, mSystemReady=false, mDaemonConnected=true
06-04 02:09:17.491 D/CryptdConnector( 1746): SND -> {1 cryptfs getfield SystemLocale}
06-04 02:09:17.558 D/CryptdConnector( 1746): RCV <- {200 1 -1}
06-04 02:09:17.572 I/ActivityManager( 1746): Config changes=200 {1.0 ?mcc?mnc [en_US] ldltr sw360dp w360dp h568dp 480dpi nrml port finger -keyb/v/h -nav/h s.4}
06-04 02:09:17.646 W/MountService( 1746): No primary storage mounted!
06-04 02:09:17.647 D/VoldConnector( 1746): SND -> {1 asec list}
06-04 02:09:17.693 D/VoldConnector( 1746): RCV <- {200 1 asec operation succeeded}
06-04 02:09:17.695 I/PackageManager( 1746): No secure containers found
06-04 02:09:17.699 W/PackageManager( 1746): Unknown permission com.google.android.googleapps.permission.GOOGLE_AUTH in package com.android.providers.calendar
06-04 02:09:17.699 W/PackageManager( 1746): Unknown permission com.google.android.googleapps.permission.GOOGLE_AUTH.cl in package com.android.providers.calendar
06-04 02:09:17.716 W/PackageManager( 1746): Not granting permission android.permission.GLOBAL_SEARCH to package com.android.quicksearchbox (protectionLevel=18 flags=0x3808be45)
06-04 02:09:17.724 W/PackageManager( 1746): Not granting permission android.permission.WRITE_EXTERNAL_STORAGE to package gov.nasa.arc.astrobee.android.gs.manager because it was previously installed without
06-04 02:09:17.724 W/PackageManager( 1746): Not granting permission android.permission.READ_EXTERNAL_STORAGE to package gov.nasa.arc.astrobee.android.gs.manager because it was previously installed without
06-04 02:09:17.725 W/PackageManager( 1746): Unknown permission com.android.launcher.permission.READ_SETTINGS in package com.android.launcher3
06-04 02:09:17.725 W/PackageManager( 1746): Unknown permission com.android.launcher.permission.WRITE_SETTINGS in package com.android.launcher3
06-04 02:09:17.725 W/PackageManager( 1746): Not granting permission android.permission.BIND_APPWIDGET to package com.android.launcher3 (protectionLevel=18 flags=0x3c4bbe45)
06-04 02:09:17.725 W/PackageManager( 1746): Unknown permission com.google.android.googleapps.permission.GOOGLE_AUTH.mail in package com.android.calendar
06-04 02:09:17.726 W/PackageManager( 1746): Unknown permission com.google.android.providers.settings.permission.WRITE_GSETTINGS in package com.android.sdksetup
06-04 02:09:17.727 W/PackageManager( 1746): Unknown permission com.google.android.permission.INSTALL_WEARABLE_PACKAGES in package com.android.packageinstaller
06-04 02:09:17.727 W/PackageManager( 1746): Not granting permission android.permission.DELETE_PACKAGES to package com.svox.pico (protectionLevel=18 flags=0x3808be45)
06-04 02:09:17.727 W/PackageManager( 1746): Not granting permission android.permission.READ_CONTACTS to package com.example.android.apis because it was previously installed without
06-04 02:09:17.727 W/PackageManager( 1746): Not granting permission android.permission.WRITE_CONTACTS to package com.example.android.apis because it was previously installed without
06-04 02:09:17.727 W/PackageManager( 1746): Not granting permission android.permission.ACCESS_COARSE_LOCATION to package com.example.android.apis because it was previously installed without
06-04 02:09:17.728 W/PackageManager( 1746): Not granting permission android.permission.WRITE_EXTERNAL_STORAGE to package com.example.android.apis because it was previously installed without
06-04 02:09:17.728 W/PackageManager( 1746): Not granting permission android.permission.SEND_SMS to package com.example.android.apis because it was previously installed without
06-04 02:09:17.728 W/PackageManager( 1746): Not granting permission android.permission.RECEIVE_SMS to package com.example.android.apis because it was previously installed without
06-04 02:09:17.728 W/PackageManager( 1746): Not granting permission android.permission.RECEIVE_MMS to package com.example.android.apis because it was previously installed without
06-04 02:09:17.728 W/PackageManager( 1746): Not granting permission android.permission.READ_SMS to package com.example.android.apis because it was previously installed without
06-04 02:09:17.728 W/PackageManager( 1746): Not granting permission android.permission.READ_PHONE_STATE to package com.example.android.apis because it was previously installed without
06-04 02:09:17.728 W/PackageManager( 1746): Not granting permission android.permission.RECORD_AUDIO to package com.example.android.apis because it was previously installed without
06-04 02:09:17.728 W/PackageManager( 1746): Not granting permission android.permission.CAMERA to package com.example.android.apis because it was previously installed without
06-04 02:09:17.728 W/PackageManager( 1746): Not granting permission android.permission.READ_EXTERNAL_STORAGE to package com.example.android.apis because it was previously installed without
06-04 02:09:17.728 W/PackageManager( 1746): Unknown permission android.permission.RUN_INSTRUMENTATION in package org.chromium.webview_shell
06-04 02:09:17.729 W/PackageManager( 1746): Unknown permission com.google.android.googleapps.permission.GOOGLE_AUTH in package com.android.settings
06-04 02:09:17.729 W/PackageManager( 1746): Unknown permission com.android.launcher.permission.READ_SETTINGS in package com.android.settings
06-04 02:09:17.729 W/PackageManager( 1746): Unknown permission com.android.launcher.permission.WRITE_SETTINGS in package com.android.settings
06-04 02:09:17.821 W/PackageManager( 1746): No disk maintenance in 8531811820; running immediately
06-04 02:09:17.822 W/PackageManager( 1746): Unknown permission com.android.smspush.WAPPUSH_MANAGER_BIND in package com.android.phone
06-04 02:09:17.824 W/PackageManager( 1746): Unknown permission com.google.android.googleapps.permission.ACCESS_GOOGLE_PASSWORD in package com.android.development
06-04 02:09:17.824 W/PackageManager( 1746): Unknown permission com.google.android.googleapps.permission.GOOGLE_AUTH in package com.android.development
06-04 02:09:17.824 W/PackageManager( 1746): Unknown permission com.google.android.googleapps.permission.GOOGLE_AUTH.ALL_SERVICES in package com.android.development
06-04 02:09:17.824 W/PackageManager( 1746): Unknown permission com.google.android.googleapps.permission.GOOGLE_AUTH.YouTubeUser in package com.android.development
06-04 02:09:17.824 W/PackageManager( 1746): Not granting permission android.permission.BIND_APPWIDGET to package com.android.widgetpreview (protectionLevel=18 flags=0x3808be44)
06-04 02:09:18.517 W/art     ( 1746): Long monitor contention with owner MountService (1941) at void com.android.server.pm.PackageManagerService.loadMediaPackages(android.util.ArrayMap, int[], boolean)(PackageManagerService.java:19317) waiters=0 in void com.android.server.pm.PackageManagerService.performFstrimIfNeeded() for 691ms
06-04 02:09:18.519 I/SystemServer( 1746): StartLockSettingsService
06-04 02:09:18.541 I/SystemServiceManager( 1746): Starting com.android.server.LockSettingsService$Lifecycle
06-04 02:09:18.561 W/MountService( 1746): No primary storage defined yet; hacking together a stub
06-04 02:09:18.565 W/MountService( 1746): No primary storage defined yet; hacking together a stub
06-04 02:09:18.569 W/MountService( 1746): No primary storage mounted!
06-04 02:09:18.569 D/VoldConnector( 1746): SND -> {2 asec list}
06-04 02:09:18.574 D/VoldConnector( 1746): RCV <- {200 2 asec operation succeeded}
06-04 02:09:18.577 I/MountService( 1746): Running fstrim idle maintenance
06-04 02:09:18.579 D/VoldConnector( 1746): SND -> {3 fstrim dotrim}
06-04 02:09:18.679 D/VoldConnector( 1746): RCV <- {200 3 Command succeeded}
06-04 02:09:18.685 D/vold    ( 1277): Starting trim of /cache
06-04 02:09:18.687 W/vold    ( 1277): Trim failed on /cache: Operation not supported on transport endpoint
06-04 02:09:18.688 D/vold    ( 1277): Starting trim of /data
06-04 02:09:18.688 W/vold    ( 1277): Trim failed on /data: Operation not supported on transport endpoint
06-04 02:09:18.712 D/VoldConnector( 1746): RCV <- {662 /cache -1 -1}
06-04 02:09:18.730 D/VoldConnector( 1746): RCV <- {662 /data -1 -1}
06-04 02:09:18.757 E/VoldConnector( 1746): Error handling '662 /cache -1 -1': java.lang.NullPointerException: Attempt to invoke virtual method 'void android.os.DropBoxManager.addText(java.lang.String, java.lang.String)' on a null object reference
06-04 02:09:18.761 I/SystemServiceManager( 1746): Starting com.android.server.DeviceIdleController
06-04 02:09:18.804 E/VoldConnector( 1746): Error handling '662 /data -1 -1': java.lang.NullPointerException: Attempt to invoke virtual method 'void android.os.DropBoxManager.addText(java.lang.String, java.lang.String)' on a null object reference
06-04 02:09:18.830 I/SystemServiceManager( 1746): Starting com.android.server.devicepolicy.DevicePolicyManagerService$Lifecycle
06-04 02:09:18.886 I/SystemServer( 1746): StartStatusBarManagerService
06-04 02:09:18.975 I/SystemServer( 1746): StartClipboardService
06-04 02:09:18.999 I/SystemServer( 1746): StartNetworkManagementService
06-04 02:09:19.039 I/NetworkManagement( 1746): onDaemonConnected()
06-04 02:09:19.083 I/SystemServiceManager( 1746): Starting com.android.server.TextServicesManagerService$Lifecycle
06-04 02:09:19.140 I/SystemServer( 1746): StartNetworkScoreService
06-04 02:09:19.186 I/SystemServer( 1746): StartNetworkStatsService
06-04 02:09:19.334 I/SystemServer( 1746): StartNetworkPolicyManagerService
06-04 02:09:19.399 I/SystemServer( 1746): No Wi-Fi NAN Service (NAN support Not Present)
06-04 02:09:19.844 W/art     ( 1746): Verification of void com.android.server.wifi.p2p.WifiP2pService.<init>(android.content.Context) took 152.562ms
06-04 02:09:19.847 I/SystemServiceManager( 1746): Starting com.android.server.wifi.p2p.WifiP2pService
06-04 02:09:20.126 I/UsageStatsService( 1746): User[0] Rollover scheduled @ 2020-02-27 08:12:24(1582791144326)
06-04 02:09:20.262 I/WifiP2pService( 1746): Registering wifip2p
06-04 02:09:20.274 I/SystemServiceManager( 1746): Starting com.android.server.wifi.WifiService
06-04 02:09:20.556 I/UsageStatsService( 1746): User[0] Rolling over usage stats
06-04 02:09:20.593 I/UsageStatsService( 1746): User[0] Flushing usage stats to disk
06-04 02:09:20.772 I/art     ( 1746): Background sticky concurrent mark sweep GC freed 33373(2MB) AllocSpace objects, 16(320KB) LOS objects, 25% free, 8MB/10MB, paused 8.285ms total 541.066ms
06-04 02:09:21.640 D/HS20    ( 1746): Passpoint is disabled
06-04 02:09:21.841 W/art     ( 1746): Verification of void com.android.server.wifi.WifiNetworkHistory.readNetworkHistory(java.util.Map, java.util.concurrent.ConcurrentHashMap, java.util.Set) took 135.020ms
06-04 02:09:22.105 D/CommandListener( 1338): Clearing all IP addresses on wlan0
06-04 02:09:22.325 D/WifiApConfigStore( 1746): 2G band allowed channels are:1,6,11
06-04 02:09:22.351 E/WifiLogger( 1746): no ring buffers found
06-04 02:09:22.352 E/WifiLogger( 1746): Failed to start packet fate monitoring
06-04 02:09:22.409 I/UsageStatsService( 1746): User[0] Rollover scheduled @ 2020-06-05 02:09:16(1591322956409)
06-04 02:09:22.421 I/UsageStatsService( 1746): User[0] Rolling over usage stats complete. Took 1881 milliseconds
06-04 02:09:22.463 D/WifiController( 1746): isAirplaneModeOn = true, isWifiEnabled = false, isScanningAvailable = false
06-04 02:09:22.472 I/WifiService( 1746): Registering wifi
06-04 02:09:22.492 I/SystemServiceManager( 1746): Starting com.android.server.wifi.scanner.WifiScanningService
06-04 02:09:22.493 I/WifiScanningService( 1746): Creating wifiscanner
06-04 02:09:22.511 I/WifiScanningService( 1746): Publishing wifiscanner
06-04 02:09:22.518 I/SystemServiceManager( 1746): Starting com.android.server.wifi.RttService
06-04 02:09:22.520 I/RttService( 1746): Creating rttmanager
06-04 02:09:22.524 I/RttService( 1746): Starting rttmanager
06-04 02:09:22.526 I/SystemServer( 1746): StartConnectivityService
06-04 02:09:22.585 D/ConnectivityService( 1746): ConnectivityService starting up
06-04 02:09:22.629 D/ConnectivityService( 1746): wifiOnly=false
06-04 02:09:22.794 I/SystemServer( 1746): StartNsdService
06-04 02:09:22.832 I/SystemServer( 1746): StartUpdateLockService
06-04 02:09:22.839 I/SystemServiceManager( 1746): Starting com.android.server.RecoverySystemService
06-04 02:09:22.861 I/SystemServiceManager( 1746): Starting com.android.server.notification.NotificationManagerService
06-04 02:09:23.114 D/ConditionProviders.SCP( 1746): new ScheduleConditionProvider()
06-04 02:09:23.168 D/ZenLog  ( 1746): config: readXml,ZenModeConfig[user=0,allowCalls=true,allowRepeatCallers=false,allowMessages=false,allowCallsFrom=contacts,allowMessagesFrom=contacts,allowReminders=true,allowEvents=true,allowWhenScreenOff=true,allowWhenScreenOn=true,automaticRules={55791e34e80a438d872f3ee0d75d2aff=ZenRule[enabled=false,snoozing=false,name=Weeknight,zenMode=ZEN_MODE_ALARMS,conditionId=condition://android/schedule?days=1.2.3.4.5&start=22.0&end=7.0&exitAtAlarm=false,condition=Condition[id=condition://android/schedule?days=1.2.3.4.5&start=22.0&end=7.0&exitAtAlarm=false,summary=...,line1=...,line2=...,icon=0,state=STATE_FALSE,flags=2],component=ComponentInfo{android/com.android.server.notification.ScheduleConditionProvider},id=55791e34e80a438d872f3ee0d75d2aff,creationTime=1574383122597,enabler=null], f3f3db1d05034b449d11e2dd0fddc917=ZenRule[enabled=false,snoozing=false,name=Weekend,zenMode=ZEN_MODE_ALARMS,conditionId=condition://android/schedule?days=6.7&start=23.30&end=10.0&exitAtAlarm=false,condition=Condition[id=condition://android/schedule?days=6.7&start=23.30&end=10.0&exitAtAlarm=false,summary=...,line1=...,line2=...,icon=0,state=STATE_FALSE,flags=2],component=ComponentInfo{android/com.android.server.notification.ScheduleConditionProvider},id=f3f3db1d05034b449d11e2dd0fddc917,creationTime=1574383122598,enabler=null], a952894dbb2144c8bc7bbcd244ed361b=ZenRule[enabled=false,snoozing=false,name=Event,zenMode=ZEN_MODE_ALARMS,conditionId=condition://android/event?userId=-10000&calendar=&reply=1,condition=Condition[id=condition://android/event?userId=-10000&calendar=&reply=1,summary=...,line1=...,line2=...,icon=0,state=STATE_FALSE,flags=2],component=ComponentInfo{android/com.android.server.notification.EventConditionProvider},id=a952894dbb2144c8bc7bbcd244ed361b,creationTime=1574383122610,enabler=null]},manualRule=null],Diff[automaticRule[55791e34e80a438d872f3ee0d75d2aff]:insert,automaticRule[a86a5edf67924472a007666f83df9068]:delete,automaticRule[d5564825b0794cf29edd0e0824334621]:delete,automaticRule[f3f3db1d05034b449d11e2dd0fddc917]:insert,automaticRule[aca3bfcacd174aa6adc1ec3ad53e22e7]:delete,automaticRule[a952894dbb2144c8bc7bbcd244ed361b]:insert]
06-04 02:09:23.338 D/ZenLog  ( 1746): set_zen_mode: off,init
06-04 02:09:23.416 I/SystemServiceManager( 1746): Starting com.android.server.storage.DeviceStorageMonitorService
06-04 02:09:23.487 I/SystemServer( 1746): StartLocationManagerService
06-04 02:09:23.646 I/SystemServer( 1746): StartCountryDetectorService
06-04 02:09:23.670 I/SystemServer( 1746): StartSearchManagerService
06-04 02:09:23.681 I/SystemServiceManager( 1746): Starting com.android.server.search.SearchManagerService$Lifecycle
06-04 02:09:23.701 I/SystemServiceManager( 1746): Starting com.android.server.DropBoxManagerService
06-04 02:09:23.722 I/SystemServer( 1746): StartWallpaperManagerService
06-04 02:09:23.722 I/SystemServiceManager( 1746): Starting com.android.server.wallpaper.WallpaperManagerService$Lifecycle
06-04 02:09:23.766 E/BitmapFactory( 1746): Unable to decode stream: java.io.FileNotFoundException: /data/system/users/0/wallpaper_orig (No such file or directory)
06-04 02:09:23.766 E/WallpaperManagerService( 1746): Invalid wallpaper data
06-04 02:09:23.766 E/WallpaperManagerService( 1746): Unable to apply new wallpaper
06-04 02:09:23.805 I/SystemServer( 1746): StartAudioService
06-04 02:09:23.806 I/SystemServiceManager( 1746): Starting com.android.server.audio.AudioService$Lifecycle
06-04 02:09:24.017 W/TelecomManager( 1746): Telecom Service not found.
06-04 02:09:24.115 D/PermissionCache( 1329): checking android.permission.MODIFY_AUDIO_SETTINGS for uid=1000 => granted (1582 us)
06-04 02:09:24.142 D/PermissionCache( 1329): checking android.permission.MODIFY_AUDIO_SETTINGS for uid=1000 => granted (36944 us)
06-04 02:09:24.220 W/AudioFlinger( 1329): no wake lock to update, system not ready yet
06-04 02:09:24.516 I/SystemServiceManager( 1746): Starting com.android.server.DockObserver
06-04 02:09:24.519 W/DockObserver( 1746): This kernel does not have dock station support
06-04 02:09:24.536 I/SystemServer( 1746): StartWiredAccessoryManager
06-04 02:09:24.581 W/WiredAccessoryManager( 1746): This kernel does not have usb audio support
06-04 02:09:24.593 W/WiredAccessoryManager( 1746): This kernel does not have HDMI audio support
06-04 02:09:24.594 I/SystemServiceManager( 1746): Starting com.android.server.midi.MidiService$Lifecycle
06-04 02:09:24.614 I/SystemServiceManager( 1746): Starting com.android.server.usb.UsbService$Lifecycle
06-04 02:09:24.698 I/SystemServer( 1746): StartSerialService
06-04 02:09:24.714 E/HardwarePropertiesManagerService-JNI( 1746): Couldn't load thermal module (No such file or directory)
06-04 02:09:24.717 I/SystemServiceManager( 1746): Starting com.android.server.twilight.TwilightService
06-04 02:09:24.719 I/SystemServiceManager( 1746): Starting com.android.server.job.JobSchedulerService
06-04 02:09:24.866 I/SystemServiceManager( 1746): Starting com.android.server.soundtrigger.SoundTriggerService
06-04 02:09:24.882 I/SystemServiceManager( 1746): Starting com.android.server.backup.BackupManagerService$Lifecycle
06-04 02:09:24.902 I/SystemServiceManager( 1746): Starting com.android.server.appwidget.AppWidgetService
06-04 02:09:24.968 I/SystemServiceManager( 1746): Starting com.android.server.voiceinteraction.VoiceInteractionManagerService
06-04 02:09:24.989 I/SystemServer( 1746): Gesture Launcher Service
06-04 02:09:24.989 I/SystemServiceManager( 1746): Starting com.android.server.GestureLauncherService
06-04 02:09:25.073 I/SystemServiceManager( 1746): Starting com.android.server.SensorNotificationService
06-04 02:09:25.074 I/SystemServiceManager( 1746): Starting com.android.server.ContextHubSystemService
06-04 02:09:25.082 E/ContextHubService( 1746): ** Could not load context_hub module : err No such file or directory
06-04 02:09:25.082 W/ContextHubService( 1746): No Context Hub Module present
06-04 02:09:25.083 I/SystemServer( 1746): StartDiskStatsService
06-04 02:09:25.091 I/SystemServer( 1746): StartSamplingProfilerService
06-04 02:09:25.125 I/SystemServer( 1746): StartNetworkTimeUpdateService
06-04 02:09:25.141 I/SystemServer( 1746): StartCommonTimeManagementService
06-04 02:09:25.148 I/SystemServer( 1746): CertBlacklister
06-04 02:09:25.164 I/SystemServiceManager( 1746): Starting com.android.server.emergency.EmergencyAffordanceService
06-04 02:09:25.175 I/SystemServiceManager( 1746): Starting com.android.server.dreams.DreamManagerService
06-04 02:09:25.194 I/SystemServer( 1746): StartAssetAtlasService
06-04 02:09:25.251 I/SystemServiceManager( 1746): Starting com.android.server.print.PrintManagerService
06-04 02:09:25.314 I/SystemServiceManager( 1746): Starting com.android.server.restrictions.RestrictionsManagerService
06-04 02:09:25.337 I/SystemServiceManager( 1746): Starting com.android.server.media.MediaSessionService
06-04 02:09:25.361 I/SystemServer( 1746): StartMediaRouterService
06-04 02:09:25.386 I/SystemServiceManager( 1746): Starting com.android.server.trust.TrustManagerService
06-04 02:09:25.403 D/AssetAtlas( 1746): Loaded configuration: SliceMinArea (1280x896) flags=0x2 count=91
06-04 02:09:25.464 I/SystemServiceManager( 1746): Starting com.android.server.fingerprint.FingerprintService
06-04 02:09:25.529 D/gralloc_ranchu( 1746): Emulator without host-side GPU emulation detected. Loading gralloc.default.so from /vendor/lib64/hw/gralloc.goldfish.default.so...
06-04 02:09:25.543 D/PermissionCache( 1341): checking android.permission.MANAGE_FINGERPRINT for uid=1000 => granted (32576 us)
06-04 02:09:25.549 D/gralloc_ranchu( 1746): gralloc.default.so not found in /vendor. Trying /system/lib64/hw/gralloc.goldfish.default.so...
06-04 02:09:25.561 V/fingerprintd( 1341): nativeOpenHal()
06-04 02:09:25.657 D/FingerprintHal( 1341): ----------------> fingerprint_open ----------------->
06-04 02:09:25.680 E/fingerprintd( 1341): Wrong fp version. Expected 512, got 513
06-04 02:09:25.712 D/FingerprintHal( 1341): ----------------> set_notify_callback ----------------->
06-04 02:09:25.712 D/FingerprintHal( 1341): fingerprint callback notification set
06-04 02:09:25.712 V/fingerprintd( 1341): fingerprint HAL successfully initialized
06-04 02:09:25.718 V/fingerprintd( 1341): setActiveGroup(0, /data/system/users/0/fpdata, 27)
06-04 02:09:25.718 D/FingerprintHal( 1341): ----------------> fingerprint_set_active_group -----------------> path /data/system/users/0/fpdata
06-04 02:09:25.719 D/FingerprintHal( 1341): ----------------> loadFingerprints ----------------->
06-04 02:09:25.719 E/FingerprintHal( 1341): Could not load fingerprints from storage at /data/system/users/0/fpdata/emufp.bin; it has not yet been created.
06-04 02:09:25.733 D/FingerprintHal( 1341): ----------------> loadAuthenticatorId ----------------->
06-04 02:09:25.773 D/FingerprintHal( 1341): ----------------> listenerFunction ----------------->
06-04 02:09:25.840 D/FingerprintHal( 1341): Read authenticator id (0x6b8b4567327b23c6)
06-04 02:09:25.851 D/FingerprintHal( 1341): ----------------> fingerprint_get_auth_id ----------------->
06-04 02:09:25.851 D/FingerprintHal( 1341): ----------------> fingerprint_get_auth_id auth id 6b8b4567327b23c6----------------->
06-04 02:09:25.852 V/FingerprintService( 1746): Fingerprint HAL id: 134803301384192
06-04 02:09:25.854 I/SystemServer( 1746): StartBackgroundDexOptService
06-04 02:09:25.913 I/SystemServiceManager( 1746): Starting com.android.server.pm.ShortcutService$Lifecycle
06-04 02:09:25.970 I/SystemServiceManager( 1746): Starting com.android.server.pm.LauncherAppsService
06-04 02:09:26.034 I/SystemServiceManager( 1746): Starting com.android.server.media.projection.MediaProjectionManagerService
06-04 02:09:26.096 V/MediaRouter( 1746): Adding route: RouteInfo{ name=Phone, description=null, status=null, category=RouteCategory{ name=null types=ROUTE_TYPE_LIVE_AUDIO ROUTE_TYPE_LIVE_VIDEO  groupable=false }, supportedTypes=ROUTE_TYPE_LIVE_AUDIO ROUTE_TYPE_LIVE_VIDEO , presentationDisplay=null }
06-04 02:09:26.132 W/AssetAtlasService( 1746): Could not find EGL configuration
06-04 02:09:26.137 D/AssetAtlas( 1746): Rendered atlas in 518.84ms (443.95+74.89ms)
06-04 02:09:26.156 V/MediaRouter( 1746): Updating audio routes: AudioRoutesInfo{ type=SPEAKER }
06-04 02:09:26.172 V/MediaRouter( 1746): Selecting route: RouteInfo{ name=Phone, description=null, status=null, category=RouteCategory{ name=null types=ROUTE_TYPE_LIVE_AUDIO ROUTE_TYPE_LIVE_VIDEO  groupable=false }, supportedTypes=ROUTE_TYPE_LIVE_AUDIO ROUTE_TYPE_LIVE_VIDEO , presentationDisplay=null }
06-04 02:09:26.249 I/WindowManager( 1746): SAFE MODE not enabled
06-04 02:09:26.277 I/SystemServiceManager( 1746): Starting com.android.server.MmsServiceBroker
06-04 02:09:26.354 W/VibratorService( 1746): Tried to stop vibrating but there is no vibrator device.
06-04 02:09:26.379 I/art     ( 1746): Background partial concurrent mark sweep GC freed 16443(1332KB) AllocSpace objects, 12(240KB) LOS objects, 23% free, 12MB/16MB, paused 25.936ms total 772.653ms
06-04 02:09:27.047 E/LockSettingsStorage( 1746): Cannot read file java.io.FileNotFoundException: /data/system/gatekeeper.password.key: open failed: ENOENT (No such file or directory)
06-04 02:09:27.048 E/LockSettingsStorage( 1746): Cannot read file java.io.FileNotFoundException: /data/system/password.key: open failed: ENOENT (No such file or directory)
06-04 02:09:27.062 E/LockSettingsStorage( 1746): Cannot read file java.io.FileNotFoundException: /data/system/gatekeeper.pattern.key: open failed: ENOENT (No such file or directory)
06-04 02:09:27.064 E/LockSettingsStorage( 1746): Cannot read file java.io.FileNotFoundException: /data/system/gatekeeper.gesture.key: open failed: ENOENT (No such file or directory)
06-04 02:09:27.066 E/LockSettingsStorage( 1746): Cannot read file java.io.FileNotFoundException: /data/system/gesture.key: open failed: ENOENT (No such file or directory)
06-04 02:09:27.066 I/SystemServiceManager( 1746): Starting phase 480
06-04 02:09:27.108 I/DevicePolicyManagerService( 1746): Set ro.device_owner property to false
06-04 02:09:27.182 I/SystemServiceManager( 1746): Starting phase 500
06-04 02:09:27.234 D/ConnectivityMetricsLoggerService( 1746): onBootPhase: PHASE_SYSTEM_SERVICES_READY
06-04 02:09:27.332 I/WifiService( 1746): WifiService starting up with Wi-Fi disabled
06-04 02:09:27.356 I/WifiScanningService( 1746): Starting wifiscanner
06-04 02:09:27.392 I/RttService( 1746): Registering rttmanager
06-04 02:09:27.453 D/ZenLog  ( 1746): config: cleanUpZenRules,ZenModeConfig[user=0,allowCalls=true,allowRepeatCallers=false,allowMessages=false,allowCallsFrom=contacts,allowMessagesFrom=contacts,allowReminders=true,allowEvents=true,allowWhenScreenOff=true,allowWhenScreenOn=true,automaticRules={55791e34e80a438d872f3ee0d75d2aff=ZenRule[enabled=false,snoozing=false,name=Weeknight,zenMode=ZEN_MODE_ALARMS,conditionId=condition://android/schedule?days=1.2.3.4.5&start=22.0&end=7.0&exitAtAlarm=false,condition=Condition[id=condition://android/schedule?days=1.2.3.4.5&start=22.0&end=7.0&exitAtAlarm=false,summary=...,line1=...,line2=...,icon=0,state=STATE_FALSE,flags=2],component=ComponentInfo{android/com.android.server.notification.ScheduleConditionProvider},id=55791e34e80a438d872f3ee0d75d2aff,creationTime=1574383122597,enabler=null], f3f3db1d05034b449d11e2dd0fddc917=ZenRule[enabled=false,snoozing=false,name=Weekend,zenMode=ZEN_MODE_ALARMS,conditionId=condition://android/schedule?days=6.7&start=23.30&end=10.0&exitAtAlarm=false,condition=Condition[id=condition://android/schedule?days=6.7&start=23.30&end=10.0&exitAtAlarm=false,summary=...,line1=...,line2=...,icon=0,state=STATE_FALSE,flags=2],component=ComponentInfo{android/com.android.server.notification.ScheduleConditionProvider},id=f3f3db1d05034b449d11e2dd0fddc917,creationTime=1574383122598,enabler=null], a952894dbb2144c8bc7bbcd244ed361b=ZenRule[enabled=false,snoozing=false,name=Event,zenMode=ZEN_MODE_ALARMS,conditionId=condition://android/event?userId=-10000&calendar=&reply=1,condition=Condition[id=condition://android/event?userId=-10000&calendar=&reply=1,summary=...,line1=...,line2=...,icon=0,state=STATE_FALSE,flags=2],component=ComponentInfo{android/com.android.server.notification.EventConditionProvider},id=a952894dbb2144c8bc7bbcd244ed361b,creationTime=1574383122610,enabler=null]},manualRule=null],Diff[]
06-04 02:09:27.454 D/ZenLog  ( 1746): set_zen_mode: off,onSystemReady
06-04 02:09:27.485 D/PermissionCache( 1329): checking android.permission.CAPTURE_AUDIO_HOTWORD for uid=1000 => granted (1076 us)
06-04 02:09:27.488 W/SoundTriggerHelper( 1746): listModules status=0, # of modules=0
06-04 02:09:27.488 D/ContextHubSystemService( 1746): onBootPhase: PHASE_SYSTEM_SERVICES_READY
06-04 02:09:27.876 W/KeyguardServiceDelegate( 1746): onScreenTurningOn(): no keyguard service!
06-04 02:09:27.913 V/UserManagerService( 1746): Found /data/user_de/0 with serial number 0
06-04 02:09:27.914 V/UserManagerService( 1746): Found /data/user/0 with serial number 0
06-04 02:09:27.914 V/UserManagerService( 1746): Found /data/system_de/0 with serial number 0
06-04 02:09:27.915 V/UserManagerService( 1746): Found /data/system_ce/0 with serial number 0
06-04 02:09:28.446 I/ActivityManager( 1746): System now ready
06-04 02:09:28.545 I/SystemServer( 1746): Making services ready
06-04 02:09:28.545 I/SystemServiceManager( 1746): Starting phase 550
06-04 02:09:28.890 W/WindowManager( 1746): Keyguard drawn timeout. Setting mKeyguardDrawComplete
06-04 02:09:29.163 E/InputMethodManagerService( 1746): Ignoring updateSystemUiLocked due to an invalid token. uid:1000 token:null
06-04 02:09:29.873 I/Zygote  ( 1746): Process: zygote socket opened, supported ABIS: x86_64
06-04 02:09:29.964 W/ActivityManager( 1746): Slow operation: 131ms so far, now at startProcess: returned from zygote!
06-04 02:09:29.964 W/ActivityManager( 1746): Slow operation: 132ms so far, now at startProcess: done updating battery stats
06-04 02:09:29.966 W/ActivityManager( 1746): Slow operation: 133ms so far, now at startProcess: building log message
06-04 02:09:29.966 I/ActivityManager( 1746): Start proc 1993:com.android.inputmethod.latin/u0a41 for service com.android.inputmethod.latin/.LatinIME
06-04 02:09:29.966 W/ActivityManager( 1746): Slow operation: 134ms so far, now at startProcess: starting to update pids map
06-04 02:09:29.967 W/ActivityManager( 1746): Slow operation: 135ms so far, now at startProcess: done updating pids map
06-04 02:09:29.967 W/ActivityManager( 1746): Slow operation: 136ms so far, now at startProcess: done starting proc!
06-04 02:09:29.968 V/InputMethodManagerService( 1746): Adding window token: android.os.Binder@72d9b82
06-04 02:09:29.970 D/MountService( 1746): Thinking about init, mSystemReady=true, mDaemonConnected=true
06-04 02:09:29.972 D/MountService( 1746): Setting up emulation state, initlocked=false
06-04 02:09:29.973 D/CryptdConnector( 1746): SND -> {2 cryptfs unlock_user_key 0 0 ! !}
06-04 02:09:29.977 D/vold    ( 1277): e4crypt_unlock_user_key 0 serial=0 token_present=0
06-04 02:09:29.978 W/art     ( 1746): Long monitor contention with owner main (1746) at int com.android.server.am.ActivityManagerService.bindService(android.app.IApplicationThread, android.os.IBinder, android.content.Intent, java.lang.String, android.app.IServiceConnection, int, java.lang.String, int)(ActivityManagerService.java:17301) waiters=0 in void com.android.server.am.ActivityManagerService.dispatchUidsChanged() for 130ms
06-04 02:09:30.048 E/BitmapFactory( 1746): Unable to decode stream: java.io.FileNotFoundException: /data/system/users/0/wallpaper_orig (No such file or directory)
06-04 02:09:30.048 E/WallpaperManagerService( 1746): Invalid wallpaper data
06-04 02:09:30.048 E/WallpaperManagerService( 1746): Unable to apply new wallpaper
06-04 02:09:30.071 D/CryptdConnector( 1746): RCV <- {200 2 Command succeeded}
06-04 02:09:30.150 D/MountService( 1746): Thinking about reset, mSystemReady=true, mDaemonConnected=true
06-04 02:09:30.153 D/VoldConnector( 1746): SND -> {4 volume reset}
06-04 02:09:30.157 D/vold    ( 1277): Recognized experimental block major ID 253 as virtio-blk (emulator's virtual SD card device)
06-04 02:09:30.158 V/vold    ( 1277): /system/bin/sgdisk
06-04 02:09:30.158 V/vold    ( 1277):     --android-dump
06-04 02:09:30.158 V/vold    ( 1277):     /dev/block/vold/disk:253,48
06-04 02:09:30.172 D/VoldConnector( 1746): RCV <- {651 emulated 7}
06-04 02:09:30.174 D/VoldConnector( 1746): RCV <- {659 emulated}
06-04 02:09:30.175 D/VoldConnector( 1746): RCV <- {650 emulated 2 "" ""}
06-04 02:09:30.176 D/VoldConnector( 1746): RCV <- {651 emulated 0}
06-04 02:09:30.177 D/VoldConnector( 1746): RCV <- {649 disk:253,48}
06-04 02:09:30.178 D/VoldConnector( 1746): RCV <- {640 disk:253,48 5}
06-04 02:09:30.179 D/VoldConnector( 1746): RCV <- {641 disk:253,48 524288000}
06-04 02:09:30.214 D/VoldConnector( 1746): RCV <- {642 disk:253,48 Virtual}
06-04 02:09:30.216 D/VoldConnector( 1746): RCV <- {644 disk:253,48 /sys//devices/pci0000:00/0000:00:06.0/virtio3/block/vdd}
06-04 02:09:30.210 V/MountService( 1746): Found primary storage at VolumeInfo{emulated}:
06-04 02:09:30.210 V/MountService( 1746):     type=EMULATED diskId=null partGuid=null mountFlags=0 mountUserId=-1 
06-04 02:09:30.210 V/MountService( 1746):     state=UNMOUNTED 
06-04 02:09:30.210 V/MountService( 1746):     fsType=null fsUuid=null fsLabel=null 
06-04 02:09:30.210 V/MountService( 1746):     path=null internalPath=null 
06-04 02:09:30.225 W/art     ( 1993): Unexpected CPU variant for X86 using defaults: x86_64
06-04 02:09:30.277 W/ActivityManager( 1746): Slow operation: 142ms so far, now at startProcess: returned from zygote!
06-04 02:09:30.280 W/ActivityManager( 1746): Slow operation: 142ms so far, now at startProcess: done updating battery stats
06-04 02:09:30.285 W/ActivityManager( 1746): Slow operation: 150ms so far, now at startProcess: building log message
06-04 02:09:30.285 I/ActivityManager( 1746): Start proc 1999:com.android.systemui/u0a21 for service com.android.systemui/.ImageWallpaper
06-04 02:09:30.285 W/ActivityManager( 1746): Slow operation: 150ms so far, now at startProcess: starting to update pids map
06-04 02:09:30.285 W/ActivityManager( 1746): Slow operation: 150ms so far, now at startProcess: done updating pids map
06-04 02:09:30.286 W/ActivityManager( 1746): Slow operation: 150ms so far, now at startProcess: done starting proc!
06-04 02:09:30.307 W/art     ( 1999): Unexpected CPU variant for X86 using defaults: x86_64
06-04 02:09:30.318 I/ActivityManager( 1746): Force stopping com.android.providers.media appid=10010 user=-1: vold reset
06-04 02:09:30.369 E/BluetoothAdapter( 1746): Bluetooth binder is null
06-04 02:09:30.455 D/UsbAlsaManager( 1746): Adding ALSA device AlsaDevice: [card: 0, device: 0, type: 1]
06-04 02:09:30.455 D/UsbAlsaManager( 1746): Adding ALSA device AlsaDevice: [card: 0, device: 0, type: 2]
06-04 02:09:30.458 I/SystemServer( 1746): WebViewFactory preparation
06-04 02:09:30.531 E/BluetoothAdapter( 1746): Bluetooth binder is null
06-04 02:09:30.562 I/AudioFlinger( 1329): systemReady
06-04 02:09:30.761 D/WebViewFactory( 1746): Setting new address space to 114394000
06-04 02:09:31.341 I/Zygote  ( 1746): Process: zygote socket opened, supported ABIS: x86
06-04 02:09:31.529 I/art     ( 1328): Starting a blocking GC Background
06-04 02:09:31.643 E/WVMExtractor( 1746): Failed to open libwvm.so: dlopen failed: library "libwvm.so" not found
06-04 02:09:31.802 W/System  ( 1999): ClassLoader referenced unknown path: /system/priv-app/SystemUI/lib/x86_64
06-04 02:09:32.038 W/ActivityManager( 1746): Slow operation: 1068ms so far, now at startProcess: returned from zygote!
06-04 02:09:32.038 W/ActivityManager( 1746): Slow operation: 1069ms so far, now at startProcess: done updating battery stats
06-04 02:09:32.039 W/ActivityManager( 1746): Slow operation: 1069ms so far, now at startProcess: building log message
06-04 02:09:32.039 I/ActivityManager( 1746): Start proc 2031:WebViewLoader-x86/1037 [android.webkit.WebViewFactory$RelroFileCreator] for 
06-04 02:09:32.039 W/ActivityManager( 1746): Slow operation: 1070ms so far, now at startProcess: starting to update pids map
06-04 02:09:32.039 W/ActivityManager( 1746): Slow operation: 1070ms so far, now at startProcess: done updating pids map
06-04 02:09:32.039 W/ActivityManager( 1746): Slow operation: 1071ms so far, now at startProcess: done starting proc!
06-04 02:09:32.172 W/art     ( 2031): Unexpected CPU variant for X86 using defaults: x86
06-04 02:09:32.237 W/ActivityManager( 1746): Slow operation: 164ms so far, now at startProcess: returned from zygote!
06-04 02:09:32.238 W/ActivityManager( 1746): Slow operation: 165ms so far, now at startProcess: done updating battery stats
06-04 02:09:32.238 W/ActivityManager( 1746): Slow operation: 165ms so far, now at startProcess: building log message
06-04 02:09:32.238 I/ActivityManager( 1746): Start proc 2037:WebViewLoader-x86_64/1037 [android.webkit.WebViewFactory$RelroFileCreator] for 
06-04 02:09:32.238 W/ActivityManager( 1746): Slow operation: 165ms so far, now at startProcess: starting to update pids map
06-04 02:09:32.238 W/ActivityManager( 1746): Slow operation: 165ms so far, now at startProcess: done updating pids map
06-04 02:09:32.238 W/ActivityManager( 1746): Slow operation: 166ms so far, now at startProcess: done starting proc!
06-04 02:09:32.285 W/art     ( 2037): Unexpected CPU variant for X86 using defaults: x86_64
06-04 02:09:32.293 D/NetworkManagement( 1746): enabling bandwidth control
06-04 02:09:32.656 W/art     ( 1746): Long monitor contention with owner android.bg (1787) at void java.io.FileDescriptor.sync()(FileDescriptor.java:-2) waiters=0 in void com.android.server.pm.ShortcutService.handleOnUidStateChanged(int, int) for 2.309s
06-04 02:09:33.089 I/MediaPlayerService( 1337): MediaPlayerService::getOMX
06-04 02:09:33.133 V/vold    ( 1277): DISK gpt BB9123B5-D349-492B-A02C-70E73BB77C56
06-04 02:09:33.134 V/vold    ( 1277): 
06-04 02:09:33.134 V/vold    ( 1277): PART 1 19A710A2-B3CA-11E4-B026-10604B889DCF EED9717C-D445-490C-8E8D-2D167B319359 android_meta
06-04 02:09:33.134 V/vold    ( 1277): 
06-04 02:09:33.135 V/vold    ( 1277): PART 2 193D1EA4-B3CA-11E4-B075-10604B889DCF 8F368E03-8B01-C40D-EBD0-D1FEEDFE912E android_expand
06-04 02:09:33.135 V/vold    ( 1277): 
06-04 02:09:33.277 E/vold    ( 1277): Failed to load key for GUID 8f368e038b01c40debd0d1feedfe912e: No such file or directory
06-04 02:09:33.295 D/VoldConnector( 1746): RCV <- {643 disk:253,48}
06-04 02:09:33.346 V/WebViewFactory( 2037): RelroFileCreator (64bit = true),  32-bit lib: /system/app/webview/webview.apk!/lib/x86/libwebviewchromium.so, 64-bit lib: /system/app/webview/webview.apk!/lib/x86_64/libwebviewchromium.so
06-04 02:09:33.415 D/VoldConnector( 1746): RCV <- {200 4 Command succeeded}
06-04 02:09:33.456 E/VoldConnector( 1746): NDC Command {4 volume reset} took too long (3302ms)
06-04 02:09:33.459 D/VoldConnector( 1746): SND -> {5 volume user_added 0 0}
06-04 02:09:33.526 D/VoldConnector( 1746): RCV <- {200 5 Command succeeded}
06-04 02:09:33.570 V/WebViewFactory( 2031): RelroFileCreator (64bit = false),  32-bit lib: /system/app/webview/webview.apk!/lib/x86/libwebviewchromium.so, 64-bit lib: /system/app/webview/webview.apk!/lib/x86_64/libwebviewchromium.so
06-04 02:09:33.586 I/OMXClient( 1337): MuxOMX ctor
06-04 02:09:33.682 D/VoldConnector( 1746): SND -> {6 volume mount emulated 3 -1}
06-04 02:09:33.690 D/VoldConnector( 1746): RCV <- {651 emulated 1}
06-04 02:09:33.692 D/VoldConnector( 1746): RCV <- {656 emulated /data/media}
06-04 02:09:33.693 D/VoldConnector( 1746): RCV <- {655 emulated /storage/emulated}
06-04 02:09:33.713 V/vold    ( 1277): Waiting for FUSE to spin up...
06-04 02:09:33.774 V/vold    ( 1277): Waiting for FUSE to spin up...
06-04 02:09:33.830 V/vold    ( 1277): Waiting for FUSE to spin up...
06-04 02:09:33.884 V/vold    ( 1277): Waiting for FUSE to spin up...
06-04 02:09:33.952 V/vold    ( 1277): Waiting for FUSE to spin up...
06-04 02:09:33.968 I/MediaPlayerService( 1337): MediaPlayerService::getOMX
06-04 02:09:34.003 V/vold    ( 1277): Waiting for FUSE to spin up...
06-04 02:09:34.002 I/OMXClient( 1337): MuxOMX ctor
06-04 02:09:34.056 V/vold    ( 1277): Waiting for FUSE to spin up...
06-04 02:09:34.067 I/OMXMaster( 1334): makeComponentInstance(OMX.google.mp3.decoder) in mediacodec process
06-04 02:09:34.107 V/vold    ( 1277): Waiting for FUSE to spin up...
06-04 02:09:34.160 V/vold    ( 1277): Waiting for FUSE to spin up...
06-04 02:09:34.214 V/vold    ( 1277): Waiting for FUSE to spin up...
06-04 02:09:34.270 V/vold    ( 1277): Waiting for FUSE to spin up...
06-04 02:09:34.323 V/vold    ( 1277): Waiting for FUSE to spin up...
06-04 02:09:34.374 V/vold    ( 1277): Waiting for FUSE to spin up...
06-04 02:09:34.431 V/vold    ( 1277): Waiting for FUSE to spin up...
06-04 02:09:34.459 W/sdcard  ( 2066): Device explicitly disabled sdcardfs
06-04 02:09:34.483 V/vold    ( 1277): Waiting for FUSE to spin up...
06-04 02:09:34.534 V/vold    ( 1277): Waiting for FUSE to spin up...
06-04 02:09:34.588 V/vold    ( 1277): Waiting for FUSE to spin up...
06-04 02:09:34.639 V/vold    ( 1277): Waiting for FUSE to spin up...
06-04 02:09:34.700 V/vold    ( 1277): Waiting for FUSE to spin up...
06-04 02:09:34.760 V/vold    ( 1277): Waiting for FUSE to spin up...
06-04 02:09:34.826 V/vold    ( 1277): Waiting for FUSE to spin up...
06-04 02:09:34.880 V/vold    ( 1277): Waiting for FUSE to spin up...
06-04 02:09:35.147 D/VoldConnector( 1746): RCV <- {651 emulated 2}
06-04 02:09:35.171 D/VoldConnector( 1746): RCV <- {200 6 Command succeeded}
06-04 02:09:35.173 E/VoldConnector( 1746): NDC Command {6 volume mount emulated 3 -1} took too long (1491ms)
06-04 02:09:35.223 V/SystemUIService( 1999): Starting SystemUI services for user 0.
06-04 02:09:35.337 I/LatinIME( 1993): Hardware accelerated drawing: true
06-04 02:09:35.623 W/ActivityManager( 1746): Slow operation: 76ms so far, now at getContentProviderImpl: after updateOomAdj
06-04 02:09:35.623 W/ActivityManager( 1746): Slow operation: 77ms so far, now at getContentProviderImpl: done!
06-04 02:09:35.716 I/art     ( 2031): System.exit called, status: 0
06-04 02:09:35.716 I/AndroidRuntime( 2031): VM exiting with result code 0, cleanup skipped.
06-04 02:09:35.744 I/MediaPlayerService( 1337): MediaPlayerService::getOMX
06-04 02:09:35.745 I/OMXClient( 1337): MuxOMX ctor
06-04 02:09:35.746 I/OMXMaster( 1334): makeComponentInstance(OMX.google.amrnb.decoder) in mediacodec process
06-04 02:09:36.099 I/art     ( 2037): System.exit called, status: 0
06-04 02:09:36.107 I/AndroidRuntime( 2037): VM exiting with result code 0, cleanup skipped.
06-04 02:09:36.171 I/MediaPlayerService( 1337): MediaPlayerService::getOMX
06-04 02:09:36.173 I/OMXClient( 1337): MuxOMX ctor
06-04 02:09:36.174 I/OMXMaster( 1334): makeComponentInstance(OMX.google.amrwb.decoder) in mediacodec process
06-04 02:09:36.194 V/MediaRouter( 1999): Adding route: RouteInfo{ name=Phone, description=null, status=null, category=RouteCategory{ name=null types=ROUTE_TYPE_LIVE_AUDIO ROUTE_TYPE_LIVE_VIDEO  groupable=false }, supportedTypes=ROUTE_TYPE_LIVE_AUDIO ROUTE_TYPE_LIVE_VIDEO , presentationDisplay=null }
06-04 02:09:36.254 I/MediaPlayerService( 1337): MediaPlayerService::getOMX
06-04 02:09:36.256 I/OMXClient( 1337): MuxOMX ctor
06-04 02:09:36.257 I/OMXMaster( 1334): makeComponentInstance(OMX.google.aac.decoder) in mediacodec process
06-04 02:09:36.289 V/MediaRouter( 1999): Updating audio routes: AudioRoutesInfo{ type=SPEAKER }
06-04 02:09:36.314 V/MediaRouter( 1999): Selecting route: RouteInfo{ name=Phone, description=null, status=null, category=RouteCategory{ name=null types=ROUTE_TYPE_LIVE_AUDIO ROUTE_TYPE_LIVE_VIDEO  groupable=false }, supportedTypes=ROUTE_TYPE_LIVE_AUDIO ROUTE_TYPE_LIVE_VIDEO , presentationDisplay=null }
06-04 02:09:36.624 I/MediaPlayerService( 1337): MediaPlayerService::getOMX
06-04 02:09:36.625 I/OMXClient( 1337): MuxOMX ctor
06-04 02:09:36.626 I/OMXMaster( 1334): makeComponentInstance(OMX.google.g711.alaw.decoder) in mediacodec process
06-04 02:09:36.855 W/ProcessCpuTracker( 1746): Skipping unknown process pid 2084
06-04 02:09:37.467 E/WVMExtractor( 1999): Failed to open libwvm.so: dlopen failed: library "libwvm.so" not found
06-04 02:09:37.990 I/MediaPlayerService( 1337): MediaPlayerService::getOMX
06-04 02:09:38.031 I/OMXClient( 1337): MuxOMX ctor
06-04 02:09:38.032 I/OMXMaster( 1334): makeComponentInstance(OMX.google.g711.mlaw.decoder) in mediacodec process
06-04 02:09:38.461 E/NetdConnector( 1746): NDC Command {3 bandwidth enable} took too long (6167ms)
06-04 02:09:38.976 W/InputAttributes( 1993): No editor info for this field. Bug?
06-04 02:09:39.071 I/MediaPlayerService( 1337): MediaPlayerService::getOMX
06-04 02:09:39.083 I/OMXClient( 1337): MuxOMX ctor
06-04 02:09:39.090 I/OMXMaster( 1334): makeComponentInstance(OMX.google.vorbis.decoder) in mediacodec process
06-04 02:09:39.767 I/LatinIME:LogUtils( 1993): Dictionary info: dictionary = userunigram.en_US ; version = 1591236579 ; date = ?
06-04 02:09:39.781 E/ActivityThread( 1993): Failed to find provider info for user_dictionary
06-04 02:09:39.862 I/LatinIME:LogUtils( 1993): Dictionary info: dictionary = UserHistoryDictionary.en_US ; version = 1591236579 ; date = ?
06-04 02:09:40.335 I/MediaPlayerService( 1337): MediaPlayerService::getOMX
06-04 02:09:40.342 I/OMXClient( 1337): MuxOMX ctor
06-04 02:09:40.343 I/OMXMaster( 1334): makeComponentInstance(OMX.google.opus.decoder) in mediacodec process
06-04 02:09:41.234 E/NetdConnector( 1746): NDC Command {4 strict enable} took too long (2750ms)
06-04 02:09:41.235 W/NetworkManagement( 1746): setDataSaverMode(): already false
06-04 02:09:41.333 I/MediaPlayerService( 1337): MediaPlayerService::getOMX
06-04 02:09:41.335 I/OMXClient( 1337): MuxOMX ctor
06-04 02:09:41.336 I/OMXMaster( 1334): makeComponentInstance(OMX.google.raw.decoder) in mediacodec process
06-04 02:09:41.365 I/MediaPlayerService( 1337): MediaPlayerService::getOMX
06-04 02:09:41.366 I/OMXClient( 1337): MuxOMX ctor
06-04 02:09:41.367 I/OMXMaster( 1334): makeComponentInstance(OMX.google.aac.encoder) in mediacodec process
06-04 02:09:41.559 I/MediaPlayerService( 1337): MediaPlayerService::getOMX
06-04 02:09:41.571 I/OMXClient( 1337): MuxOMX ctor
06-04 02:09:41.572 I/OMXMaster( 1334): makeComponentInstance(OMX.google.amrnb.encoder) in mediacodec process
06-04 02:09:41.641 I/MediaPlayerService( 1337): MediaPlayerService::getOMX
06-04 02:09:41.643 I/OMXClient( 1337): MuxOMX ctor
06-04 02:09:41.643 I/OMXMaster( 1334): makeComponentInstance(OMX.google.amrwb.encoder) in mediacodec process
