--------- beginning of main
06-04 02:06:37.170 W/auditd  ( 1269): type=2000 audit(0.0:1): initialized
06-04 02:06:41.780 I/auditd  ( 1269): type=1403 audit(0.0:2): policy loaded auid=4294967295 ses=4294967295
06-04 02:06:41.790 W/auditd  ( 1269): type=1404 audit(0.0:3): enforcing=1 old_enforcing=0 auid=4294967295 ses=4294967295
06-04 02:06:48.350 W/init    (    1): type=1400 audit(0.0:4): avc: denied { write } for name="tracing_on" dev="debugfs" ino=1037 scontext=u:r:init:s0 tcontext=u:object_r:debugfs:s0 tclass=file permissive=0
06-04 02:06:50.463 I/        ( 1276): debuggerd: starting
--------- beginning of system
06-04 02:06:51.064 I/vold    ( 1277): Vold 3.0 (the awakening) firing up
06-04 02:06:51.066 V/vold    ( 1277): Detected support for: ext4 vfat
06-04 02:06:51.424 D/vold    ( 1277): Recognized experimental block major ID 253 as virtio-blk (emulator's virtual SD card device)
06-04 02:06:51.425 V/vold    ( 1277): /system/bin/sgdisk
06-04 02:06:51.425 V/vold    ( 1277):     --android-dump
06-04 02:06:51.425 V/vold    ( 1277):     /dev/block/vold/disk:253,48
06-04 02:06:51.513 D/vold    ( 1277): e4crypt_init_user0
06-04 02:06:51.514 D/vold    ( 1277): e4crypt_prepare_user_storage for volume null, user 0, serial 0, flags 1
06-04 02:06:51.515 D/vold    ( 1277): Preparing: /data/system/users/0
06-04 02:06:51.519 D/vold    ( 1277): Preparing: /data/misc/profiles/cur/0
06-04 02:06:51.524 D/vold    ( 1277): Preparing: /data/misc/profiles/cur/0/foreign-dex
06-04 02:06:51.529 D/vold    ( 1277): Preparing: /data/system_de/0
06-04 02:06:51.530 D/vold    ( 1277): Preparing: /data/misc_de/0
06-04 02:06:51.541 D/vold    ( 1277): Preparing: /data/user_de/0
06-04 02:06:51.549 D/vold    ( 1277): e4crypt_unlock_user_key 0 serial=0 token_present=0
06-04 02:06:51.565 I/vdc     (    1): 200 1278 Command succeeded
06-04 02:06:51.940 I//system/bin/tzdatacheck( 1316): tzdata file /data/misc/zoneinfo/current/tzdata does not exist. No action required.
06-04 02:06:52.147 I/        ( 1275): debuggerd: starting
06-04 02:06:52.285 V/vold    ( 1277): DISK gpt BB9123B5-D349-492B-A02C-70E73BB77C56
06-04 02:06:52.286 V/vold    ( 1277): 
06-04 02:06:52.286 V/vold    ( 1277): PART 1 19A710A2-B3CA-11E4-B026-10604B889DCF EED9717C-D445-490C-8E8D-2D167B319359 android_meta
06-04 02:06:52.286 V/vold    ( 1277): 
06-04 02:06:52.286 V/vold    ( 1277): PART 2 193D1EA4-B3CA-11E4-B075-10604B889DCF 8F368E03-8B01-C40D-EBD0-D1FEEDFE912E android_expand
06-04 02:06:52.740 W/audioserver( 1329): type=1400 audit(0.0:5): avc: denied { getattr } for path="/vendor" dev="rootfs" ino=3995 scontext=u:r:audioserver:s0 tcontext=u:object_r:rootfs:s0 tclass=lnk_file permissive=0
06-04 02:06:52.810 W/mediacodec( 1334): type=1400 audit(0.0:6): avc: denied { getattr } for path="/vendor" dev="rootfs" ino=3995 scontext=u:r:mediacodec:s0 tcontext=u:object_r:rootfs:s0 tclass=lnk_file permissive=0
06-04 02:06:52.970 W/cameraserver( 1330): type=1400 audit(0.0:7): avc: denied { getattr } for path="/vendor" dev="rootfs" ino=3995 scontext=u:r:cameraserver:s0 tcontext=u:object_r:rootfs:s0 tclass=lnk_file permissive=0
06-04 02:06:53.170 W/mediadrmserver( 1335): type=1400 audit(0.0:8): avc: denied { getattr } for path="/vendor" dev="rootfs" ino=3995 scontext=u:r:mediadrmserver:s0 tcontext=u:object_r:rootfs:s0 tclass=lnk_file permissive=0
06-04 02:06:52.286 V/vold    ( 1277): 
06-04 02:06:52.371 E/vold    ( 1277): Failed to load key for GUID 8f368e038b01c40debd0d1feedfe912e: No such file or directory
06-04 02:06:53.585 I/lowmemorykiller( 1322): Using in-kernel low memory killer interface
06-04 02:06:53.655 I/qemu-props( 1321): connected to 'boot-properties' qemud service.
06-04 02:06:53.655 I/qemu-props( 1321): receiving..
06-04 02:06:53.656 I/qemu-props( 1321): received: qemu.cmdline=androidboot.logcat=v:* androidboot.consolepipe=qemu_pipe,pipe:logcat
06-04 02:06:53.825 I/qemu-props( 1321): receiving..
06-04 02:06:53.825 I/qemu-props( 1321): received: qemu.logcat=start
06-04 02:06:53.873 I/qemu-props( 1321): receiving..
06-04 02:06:53.873 I/qemu-props( 1321): received: ro.opengles.version=131072
06-04 02:06:53.875 I/qemu-props( 1321): receiving..
06-04 02:06:53.875 I/qemu-props( 1321): received: qemu.sf.fake_camera=back
06-04 02:06:53.893 I/qemu-props( 1321): receiving..
06-04 02:06:53.893 I/qemu-props( 1321): received: dalvik.vm.heapsize=256m
06-04 02:06:53.915 I/qemu-props( 1321): receiving..
06-04 02:06:53.915 I/qemu-props( 1321): received: qemu.hw.mainkeys=0
06-04 02:06:53.931 I/qemu-props( 1321): receiving..
06-04 02:06:53.931 I/qemu-props( 1321): received: qemu.sf.lcd_density=480
06-04 02:06:53.932 I/qemu-props( 1321): receiving..
06-04 02:06:53.932 I/qemu-props( 1321): received: qemu.timezone=Etc/UTC
06-04 02:06:53.985 I/        ( 1332): installd firing up
06-04 02:06:54.098 I/qemu-props( 1321): receiving..
06-04 02:06:54.099 I/qemu-props( 1321): exiting (8 properties set).
06-04 02:06:55.078 I/fingerprintd( 1341): Starting fingerprintd
06-04 02:06:55.677 I/perfprofd( 1351): starting Android Wide Profiling daemon
06-04 02:06:55.751 E/perfprofd( 1351): unable to open configuration file /data/data/com.google.android.gms/files/perfprofd.conf
06-04 02:06:55.756 I/perfprofd( 1351): random seed set to 1479848091
06-04 02:06:55.619 I/gatekeeperd( 1345): Starting gatekeeperd...
06-04 02:06:55.891 W/gatekeeperd( 1345): falling back to software GateKeeper
06-04 02:06:56.104 I/keystore( 1333): Found keymaster0 module Keymaster OpenSSL HAL, version 2
06-04 02:06:56.104 I/SoftKeymaster( 1333): system/keymaster/soft_keymaster_device.cpp, Line 131: Creating device
06-04 02:06:56.105 D/SoftKeymaster( 1333): system/keymaster/soft_keymaster_device.cpp, Line 132: Device address: 0x74e8d0e3d000
06-04 02:06:56.105 I/keystore( 1333): Keymaster0 module is software-only.  Using SoftKeymasterDevice instead.
06-04 02:06:56.105 I/SoftKeymaster( 1333): system/keymaster/soft_keymaster_device.cpp, Line 131: Creating device
06-04 02:06:56.105 D/SoftKeymaster( 1333): system/keymaster/soft_keymaster_device.cpp, Line 132: Device address: 0x74e8d0e3d400
06-04 02:06:56.859 I/Netd    ( 1338): Netd 1.0 starting
06-04 02:06:57.202 D/TetherController( 1338): Setting IP forward enable = 0
06-04 02:07:01.780 W/bootanimation( 1390): type=1400 audit(0.0:9): avc: denied { getattr } for path="/vendor" dev="rootfs" ino=3995 scontext=u:r:bootanim:s0 tcontext=u:object_r:rootfs:s0 tclass=lnk_file permissive=0
06-04 02:06:59.156 I/mediacodec( 1334): @@@ mediacodecservice starting
06-04 02:06:59.243 I/SurfaceFlinger( 1324): SurfaceFlinger is starting
06-04 02:06:59.252 W/        ( 1334): No seccomp filter defined for this architecture.
06-04 02:06:59.388 I/SurfaceFlinger( 1324): SurfaceFlinger's main thread ready to run. Initializing graphics H/W...
06-04 02:06:59.389 D/libEGL  ( 1324): Emulator without GPU support detected. Fallback to legacy software renderer, qemu.gles is set to 0.
06-04 02:06:59.569 D/libEGL  ( 1324): loaded /system/lib64/egl/libGLES_android.so
06-04 02:07:00.227 I/cameraserver( 1330): ServiceManager: 0xef5bc020
06-04 02:07:00.441 I/CameraService( 1330): CameraService started (pid=1330)
06-04 02:07:00.441 I/CameraService( 1330): CameraService process starting
06-04 02:07:00.476 W/BatteryNotifier( 1330): batterystats service unavailable!
06-04 02:07:00.477 W/BatteryNotifier( 1330): batterystats service unavailable!
06-04 02:07:00.556 D/gralloc_ranchu( 1324): Emulator without host-side GPU emulation detected. Loading gralloc.default.so from /vendor/lib64/hw/gralloc.goldfish.default.so...
06-04 02:07:00.559 D/gralloc_ranchu( 1324): gralloc.default.so not found in /vendor. Trying /system/lib64/hw/gralloc.goldfish.default.so...
06-04 02:07:00.603 I/gralloc ( 1324): using (fd=11)
06-04 02:07:00.603 I/gralloc ( 1324): id           = 
06-04 02:07:00.603 I/gralloc ( 1324): xres         = 1080 px
06-04 02:07:00.603 I/gralloc ( 1324): yres         = 1920 px
06-04 02:07:00.603 I/gralloc ( 1324): xres_virtual = 1080 px
06-04 02:07:00.603 I/gralloc ( 1324): yres_virtual = 3840 px
06-04 02:07:00.603 I/gralloc ( 1324): bpp          = 16
06-04 02:07:00.603 I/gralloc ( 1324): r            = 11:5
06-04 02:07:00.603 I/gralloc ( 1324): g            =  5:6
06-04 02:07:00.603 I/gralloc ( 1324): b            =  0:5
06-04 02:07:00.607 I/gralloc ( 1324): width        = 166 mm (165.253006 dpi)
06-04 02:07:00.607 I/gralloc ( 1324): height       = 296 mm (164.756760 dpi)
06-04 02:07:00.607 I/gralloc ( 1324): refresh rate = 60.00 Hz
06-04 02:07:00.618 E/SurfaceFlinger( 1324): hwcomposer module not found
06-04 02:07:00.624 W/SurfaceFlinger( 1324): no suitable EGLConfig found, trying a simpler query
06-04 02:07:00.625 W/SurfaceFlinger( 1324): EGL_SLOW_CONFIG selected!
06-04 02:07:00.625 I/SurfaceFlinger( 1324): EGL information:
06-04 02:07:00.625 I/SurfaceFlinger( 1324): vendor    : Android
06-04 02:07:00.625 I/SurfaceFlinger( 1324): version   : 1.4 Android META-EGL
06-04 02:07:00.625 I/SurfaceFlinger( 1324): extensions: EGL_KHR_get_all_proc_addresses EGL_ANDROID_presentation_time EGL_KHR_swap_buffers_with_damage EGL_ANDROID_create_native_client_buffer EGL_ANDROID_front_buffer_auto_refresh EGL_KHR_image_base EGL_KHR_fence_sync EGL_ANDROID_image_native_buffer 
06-04 02:07:00.625 I/SurfaceFlinger( 1324): Client API: OpenGL_ES
06-04 02:07:00.625 I/SurfaceFlinger( 1324): EGLSurface: 5-6-5-0, config=0x0
06-04 02:07:00.627 W/SurfaceFlinger( 1324): no suitable EGLConfig found, trying a simpler query
06-04 02:07:00.627 W/SurfaceFlinger( 1324): EGL_SLOW_CONFIG selected!
06-04 02:07:00.627 I/SurfaceFlinger( 1324): EGL information:
06-04 02:07:00.627 I/SurfaceFlinger( 1324): vendor    : Android
06-04 02:07:00.627 I/SurfaceFlinger( 1324): version   : 1.4 Android META-EGL
06-04 02:07:00.627 I/SurfaceFlinger( 1324): extensions: EGL_KHR_get_all_proc_addresses EGL_ANDROID_presentation_time EGL_KHR_swap_buffers_with_damage EGL_ANDROID_create_native_client_buffer EGL_ANDROID_front_buffer_auto_refresh EGL_KHR_image_base EGL_KHR_fence_sync EGL_ANDROID_image_native_buffer 
06-04 02:07:00.627 I/SurfaceFlinger( 1324): Client API: OpenGL_ES
06-04 02:07:00.627 I/SurfaceFlinger( 1324): EGLSurface: 5-6-5-0, config=0x0
06-04 02:07:00.694 I/SurfaceFlinger( 1324): OpenGL ES informations:
06-04 02:07:00.694 I/SurfaceFlinger( 1324): vendor    : Android
06-04 02:07:00.694 I/SurfaceFlinger( 1324): renderer  : Android PixelFlinger 1.4
06-04 02:07:00.694 I/SurfaceFlinger( 1324): version   : OpenGL ES-CM 1.0
06-04 02:07:00.694 I/SurfaceFlinger( 1324): extensions: GL_EXT_debug_marker GL_OES_byte_coordinates GL_OES_fixed_point GL_OES_single_precision GL_OES_read_format GL_OES_compressed_paletted_texture GL_OES_draw_texture GL_OES_matrix_get GL_OES_query_matrix GL_OES_EGL_image GL_OES_EGL_sync GL_OES_compressed_ETC1_RGB8_texture GL_ARB_texture_compression GL_ARB_texture_non_power_of_two GL_ANDROID_user_clip_plane GL_ANDROID_vertex_buffer_object GL_ANDROID_generate_mipmap 
06-04 02:07:00.694 I/SurfaceFlinger( 1324): GL_MAX_TEXTURE_SIZE = 4096
06-04 02:07:00.694 I/SurfaceFlinger( 1324): GL_MAX_VIEWPORT_DIMS = 4096
06-04 02:07:00.729 W/SurfaceFlinger( 1324): no suitable EGLConfig found, trying a simpler query
06-04 02:07:00.729 W/SurfaceFlinger( 1324): EGL_SLOW_CONFIG selected!
06-04 02:07:00.729 I/SurfaceFlinger( 1324): EGL information:
06-04 02:07:00.729 I/SurfaceFlinger( 1324): vendor    : Android
06-04 02:07:00.729 I/SurfaceFlinger( 1324): version   : 1.4 Android META-EGL
06-04 02:07:00.729 I/SurfaceFlinger( 1324): extensions: EGL_KHR_get_all_proc_addresses EGL_ANDROID_presentation_time EGL_KHR_swap_buffers_with_damage EGL_ANDROID_create_native_client_buffer EGL_ANDROID_front_buffer_auto_refresh EGL_KHR_image_base EGL_KHR_fence_sync EGL_ANDROID_image_native_buffer 
06-04 02:07:00.729 I/SurfaceFlinger( 1324): Client API: OpenGL_ES
06-04 02:07:00.729 I/SurfaceFlinger( 1324): EGLSurface: 5-6-5-0, config=0x0
06-04 02:07:00.766 E/libEGL  ( 1324): called unimplemented OpenGL ES API
06-04 02:07:00.767 E/SurfaceFlinger( 1324): Error while compiling shader: 
06-04 02:07:00.767 E/SurfaceFlinger( 1324): attribute vec4 position;
06-04 02:07:00.767 E/SurfaceFlinger( 1324): uniform mat4 projection;
06-04 02:07:00.767 E/SurfaceFlinger( 1324): uniform mat4 texture;
06-04 02:07:00.767 E/SurfaceFlinger( 1324): void main(void) {
06-04 02:07:00.767 E/SurfaceFlinger( 1324):     gl_Position = projection * position;
06-04 02:07:00.767 E/SurfaceFlinger( 1324): }
06-04 02:07:00.767 E/SurfaceFlinger( 1324): 
06-04 02:07:00.767 E/SurfaceFlinger( 1324): \F6\FF\FF\FF\FF\FF\FF\FF\9Fq\DBi}
06-04 02:07:00.767 E/SurfaceFlinger( 1324): Error while compiling shader: 
06-04 02:07:00.767 E/SurfaceFlinger( 1324): precision mediump float;
06-04 02:07:00.767 E/SurfaceFlinger( 1324): uniform vec4 color;
06-04 02:07:00.767 E/SurfaceFlinger( 1324): void main(void) {
06-04 02:07:00.767 E/SurfaceFlinger( 1324):     gl_FragColor = color;
06-04 02:07:00.767 E/SurfaceFlinger( 1324): }
06-04 02:07:00.767 E/SurfaceFlinger( 1324): 
06-04 02:07:00.767 E/SurfaceFlinger( 1324): \F6\FF\FF\FF\FF\FF\FF\FF\9Fq\DBi}
06-04 02:07:00.767 E/SurfaceFlinger( 1324): Error while linking shaders:
06-04 02:07:00.767 E/SurfaceFlinger( 1324): Error while compiling shader: 
06-04 02:07:00.767 E/SurfaceFlinger( 1324): attribute vec4 position;
06-04 02:07:00.767 E/SurfaceFlinger( 1324): uniform mat4 projection;
06-04 02:07:00.767 E/SurfaceFlinger( 1324): uniform mat4 texture;
06-04 02:07:00.767 E/SurfaceFlinger( 1324): void main(void) {
06-04 02:07:00.767 E/SurfaceFlinger( 1324):     gl_Position = projection * position;
06-04 02:07:00.767 E/SurfaceFlinger( 1324): }
06-04 02:07:00.767 E/SurfaceFlinger( 1324): 
06-04 02:07:00.767 E/SurfaceFlinger( 1324): \F6\FF\FF\FF\FF\FF\FF\FF\9Fq\DBi}
06-04 02:07:00.767 E/SurfaceFlinger( 1324): Error while compiling shader: 
06-04 02:07:00.767 E/SurfaceFlinger( 1324): precision mediump float;
06-04 02:07:00.767 E/SurfaceFlinger( 1324): uniform vec4 color;
06-04 02:07:00.767 E/SurfaceFlinger( 1324): void main(void) {
06-04 02:07:00.767 E/SurfaceFlinger( 1324):     gl_FragColor = color;
06-04 02:07:00.767 E/SurfaceFlinger( 1324): }
06-04 02:07:00.767 E/SurfaceFlinger( 1324): 
06-04 02:07:00.767 E/SurfaceFlinger( 1324): \F6\FF\FF\FF\FF\FF\FF\FF\9Fq\DBi}
06-04 02:07:00.767 E/SurfaceFlinger( 1324): Error while linking shaders:
06-04 02:07:00.768 E/SurfaceFlinger( 1324): Error while compiling shader: 
06-04 02:07:00.768 E/SurfaceFlinger( 1324): attribute vec4 position;
06-04 02:07:00.768 E/SurfaceFlinger( 1324): uniform mat4 projection;
06-04 02:07:00.768 E/SurfaceFlinger( 1324): uniform mat4 texture;
06-04 02:07:00.768 E/SurfaceFlinger( 1324): void main(void) {
06-04 02:07:00.768 E/SurfaceFlinger( 1324):     gl_Position = projection * position;
06-04 02:07:00.768 E/SurfaceFlinger( 1324): }
06-04 02:07:00.768 E/SurfaceFlinger( 1324): 
06-04 02:07:00.768 E/SurfaceFlinger( 1324): \F6\FF\FF\FF\FF\FF\FF\FF\9Fq\DBi}
06-04 02:07:00.768 E/SurfaceFlinger( 1324): Error while compiling shader: 
06-04 02:07:00.768 E/SurfaceFlinger( 1324): precision mediump float;
06-04 02:07:00.768 E/SurfaceFlinger( 1324): uniform vec4 color;
06-04 02:07:00.768 E/SurfaceFlinger( 1324): void main(void) {
06-04 02:07:00.768 E/SurfaceFlinger( 1324):     gl_FragColor = color;
06-04 02:07:00.768 E/SurfaceFlinger( 1324):     gl_FragColor.a = 1.0;
06-04 02:07:00.768 E/SurfaceFlinger( 1324): }
06-04 02:07:00.768 E/SurfaceFlinger( 1324): 
06-04 02:07:00.768 E/SurfaceFlinger( 1324): \F6\FF\FF\FF\FF\FF\FF\FF\9Fq\DBi}
06-04 02:07:00.768 E/SurfaceFlinger( 1324): Error while linking shaders:
06-04 02:07:00.768 E/SurfaceFlinger( 1324): Error while compiling shader: 
06-04 02:07:00.768 E/SurfaceFlinger( 1324): attribute vec4 position;
06-04 02:07:00.768 E/SurfaceFlinger( 1324): uniform mat4 projection;
06-04 02:07:00.768 E/SurfaceFlinger( 1324): uniform mat4 texture;
06-04 02:07:00.768 E/SurfaceFlinger( 1324): void main(void) {
06-04 02:07:00.768 E/SurfaceFlinger( 1324):     gl_Position = projection * position;
06-04 02:07:00.768 E/SurfaceFlinger( 1324): }
06-04 02:07:00.768 E/SurfaceFlinger( 1324): 
06-04 02:07:00.768 E/SurfaceFlinger( 1324): \F6\FF\FF\FF\FF\FF\FF\FF\9Fq\DBi}
06-04 02:07:00.768 E/SurfaceFlinger( 1324): Error while compiling shader: 
06-04 02:07:00.768 E/SurfaceFlinger( 1324): precision mediump float;
06-04 02:07:00.768 E/SurfaceFlinger( 1324): uniform vec4 color;
06-04 02:07:00.768 E/SurfaceFlinger( 1324): void main(void) {
06-04 02:07:00.768 E/SurfaceFlinger( 1324):     gl_FragColor = color;
06-04 02:07:00.768 E/SurfaceFlinger( 1324):     gl_FragColor.a = 1.0;
06-04 02:07:00.768 E/SurfaceFlinger( 1324): }
06-04 02:07:00.768 E/SurfaceFlinger( 1324): 
06-04 02:07:00.768 E/SurfaceFlinger( 1324): \F6\FF\FF\FF\FF\FF\FF\FF\9Fq\DBi}
06-04 02:07:00.768 E/SurfaceFlinger( 1324): Error while linking shaders:
06-04 02:07:00.768 E/SurfaceFlinger( 1324): Error while compiling shader: 
06-04 02:07:00.768 E/SurfaceFlinger( 1324): attribute vec4 position;
06-04 02:07:00.768 E/SurfaceFlinger( 1324): uniform mat4 projection;
06-04 02:07:00.768 E/SurfaceFlinger( 1324): uniform mat4 texture;
06-04 02:07:00.768 E/SurfaceFlinger( 1324): void main(void) {
06-04 02:07:00.768 E/SurfaceFlinger( 1324):     gl_Position = projection * position;
06-04 02:07:00.768 E/SurfaceFlinger( 1324): }
06-04 02:07:00.768 E/SurfaceFlinger( 1324): 
06-04 02:07:00.768 E/SurfaceFlinger( 1324): \F6\FF\FF\FF\FF\FF\FF\FF\9Fq\DBi}
06-04 02:07:00.768 E/SurfaceFlinger( 1324): Error while compiling shader: 
06-04 02:07:00.768 E/SurfaceFlinger( 1324): precision mediump float;
06-04 02:07:00.768 E/SurfaceFlinger( 1324): uniform vec4 color;
06-04 02:07:00.768 E/SurfaceFlinger( 1324): uniform float alphaPlane;
06-04 02:07:00.768 E/SurfaceFlinger( 1324): void main(void) {
06-04 02:07:00.768 E/SurfaceFlinger( 1324):     gl_FragColor = color;
06-04 02:07:00.768 E/SurfaceFlinger( 1324):     gl_FragColor.a *= alphaPlane;
06-04 02:07:00.768 E/SurfaceFlinger( 1324): }
06-04 02:07:00.768 E/SurfaceFlinger( 1324): 
06-04 02:07:00.768 E/SurfaceFlinger( 1324): \F6\FF\FF\FF\FF\FF\FF\FF\9Fq\DBi}
06-04 02:07:00.768 E/SurfaceFlinger( 1324): Error while linking shaders:
06-04 02:07:00.768 E/SurfaceFlinger( 1324): Error while compiling shader: 
06-04 02:07:00.768 E/SurfaceFlinger( 1324): attribute vec4 position;
06-04 02:07:00.768 E/SurfaceFlinger( 1324): uniform mat4 projection;
06-04 02:07:00.768 E/SurfaceFlinger( 1324): uniform mat4 texture;
06-04 02:07:00.768 E/SurfaceFlinger( 1324): void main(void) {
06-04 02:07:00.768 E/SurfaceFlinger( 1324):     gl_Position = projection * position;
06-04 02:07:00.768 E/SurfaceFlinger( 1324): }
06-04 02:07:00.768 E/SurfaceFlinger( 1324): 
06-04 02:07:00.768 E/SurfaceFlinger( 1324): \F6\FF\FF\FF\FF\FF\FF\FF\9Fq\DBi}
06-04 02:07:00.768 E/SurfaceFlinger( 1324): Error while compiling shader: 
06-04 02:07:00.768 E/SurfaceFlinger( 1324): precision mediump float;
06-04 02:07:00.768 E/SurfaceFlinger( 1324): uniform vec4 color;
06-04 02:07:00.768 E/SurfaceFlinger( 1324): uniform float alphaPlane;
06-04 02:07:00.768 E/SurfaceFlinger( 1324): void main(void) {
06-04 02:07:00.768 E/SurfaceFlinger( 1324):     gl_FragColor = color;
06-04 02:07:00.768 E/SurfaceFlinger( 1324):     gl_FragColor *= alphaPlane;
06-04 02:07:00.768 E/SurfaceFlinger( 1324): }
06-04 02:07:00.768 E/SurfaceFlinger( 1324): 
06-04 02:07:00.768 E/SurfaceFlinger( 1324): \F6\FF\FF\FF\FF\FF\FF\FF\9Fq\DBi}
06-04 02:07:00.768 E/SurfaceFlinger( 1324): Error while linking shaders:
06-04 02:07:00.769 E/SurfaceFlinger( 1324): Error while compiling shader: 
06-04 02:07:00.769 E/SurfaceFlinger( 1324): attribute vec4 position;
06-04 02:07:00.769 E/SurfaceFlinger( 1324): uniform mat4 projection;
06-04 02:07:00.769 E/SurfaceFlinger( 1324): uniform mat4 texture;
06-04 02:07:00.769 E/SurfaceFlinger( 1324): void main(void) {
06-04 02:07:00.769 E/SurfaceFlinger( 1324):     gl_Position = projection * position;
06-04 02:07:00.769 E/SurfaceFlinger( 1324): }
06-04 02:07:00.769 E/SurfaceFlinger( 1324): 
06-04 02:07:00.769 E/SurfaceFlinger( 1324): \F6\FF\FF\FF\FF\FF\FF\FF\9Fq\DBi}
06-04 02:07:00.769 E/SurfaceFlinger( 1324): Error while compiling shader: 
06-04 02:07:00.769 E/SurfaceFlinger( 1324): precision mediump float;
06-04 02:07:00.769 E/SurfaceFlinger( 1324): uniform vec4 color;
06-04 02:07:00.769 E/SurfaceFlinger( 1324): uniform float alphaPlane;
06-04 02:07:00.769 E/SurfaceFlinger( 1324): void main(void) {
06-04 02:07:00.769 E/SurfaceFlinger( 1324):     gl_FragColor = color;
06-04 02:07:00.769 E/SurfaceFlinger( 1324):     gl_FragColor.a = 1.0;
06-04 02:07:00.769 E/SurfaceFlinger( 1324):     gl_FragColor.a *= alphaPlane;
06-04 02:07:00.769 E/SurfaceFlinger( 1324): }
06-04 02:07:00.769 E/SurfaceFlinger( 1324): 
06-04 02:07:00.769 E/SurfaceFlinger( 1324): \F6\FF\FF\FF\FF\FF\FF\FF\9Fq\DBi}
06-04 02:07:00.769 E/SurfaceFlinger( 1324): Error while linking shaders:
06-04 02:07:00.769 E/SurfaceFlinger( 1324): Error while compiling shader: 
06-04 02:07:00.769 E/SurfaceFlinger( 1324): attribute vec4 position;
06-04 02:07:00.769 E/SurfaceFlinger( 1324): uniform mat4 projection;
06-04 02:07:00.769 E/SurfaceFlinger( 1324): uniform mat4 texture;
06-04 02:07:00.769 E/SurfaceFlinger( 1324): void main(void) {
06-04 02:07:00.769 E/SurfaceFlinger( 1324):     gl_Position = projection * position;
06-04 02:07:00.769 E/SurfaceFlinger( 1324): }
06-04 02:07:00.769 E/SurfaceFlinger( 1324): 
06-04 02:07:00.769 E/SurfaceFlinger( 1324): \F6\FF\FF\FF\FF\FF\FF\FF\9Fq\DBi}
06-04 02:07:00.769 E/SurfaceFlinger( 1324): Error while compiling shader: 
06-04 02:07:00.769 E/SurfaceFlinger( 1324): precision mediump float;
06-04 02:07:00.769 E/SurfaceFlinger( 1324): uniform vec4 color;
06-04 02:07:00.769 E/SurfaceFlinger( 1324): uniform float alphaPlane;
06-04 02:07:00.769 E/SurfaceFlinger( 1324): void main(void) {
06-04 02:07:00.769 E/SurfaceFlinger( 1324):     gl_FragColor = color;
06-04 02:07:00.769 E/SurfaceFlinger( 1324):     gl_FragColor.a = 1.0;
06-04 02:07:00.769 E/SurfaceFlinger( 1324):     gl_FragColor *= alphaPlane;
06-04 02:07:00.769 E/SurfaceFlinger( 1324): }
06-04 02:07:00.769 E/SurfaceFlinger( 1324): 
06-04 02:07:00.769 E/SurfaceFlinger( 1324): \F6\FF\FF\FF\FF\FF\FF\FF\9Fq\DBi}
06-04 02:07:00.769 E/SurfaceFlinger( 1324): Error while linking shaders:
06-04 02:07:00.769 E/SurfaceFlinger( 1324): Error while compiling shader: 
06-04 02:07:00.769 E/SurfaceFlinger( 1324): attribute vec4 texCoords;
06-04 02:07:00.769 E/SurfaceFlinger( 1324): varying vec2 outTexCoords;
06-04 02:07:00.769 E/SurfaceFlinger( 1324): attribute vec4 position;
06-04 02:07:00.769 E/SurfaceFlinger( 1324): uniform mat4 projection;
06-04 02:07:00.769 E/SurfaceFlinger( 1324): uniform mat4 texture;
06-04 02:07:00.769 E/SurfaceFlinger( 1324): void main(void) {
06-04 02:07:00.769 E/SurfaceFlinger( 1324):     gl_Position = projection * position;
06-04 02:07:00.769 E/SurfaceFlinger( 1324):     outTexCoords = (texture * texCoords).st;
06-04 02:07:00.769 E/SurfaceFlinger( 1324): }
06-04 02:07:00.769 E/SurfaceFlinger( 1324): 
06-04 02:07:00.769 E/SurfaceFlinger( 1324): \F6\FF\FF\FF\FF\FF\FF\FF\9Fq\DBi}
06-04 02:07:00.769 E/SurfaceFlinger( 1324): Error while compiling shader: 
06-04 02:07:00.769 E/SurfaceFlinger( 1324): #extension GL_OES_EGL_image_external : require
06-04 02:07:00.769 E/SurfaceFlinger( 1324): precision mediump float;
06-04 02:07:00.769 E/SurfaceFlinger( 1324): uniform samplerExternalOES sampler;
06-04 02:07:00.769 E/SurfaceFlinger( 1324): varying vec2 outTexCoords;
06-04 02:07:00.769 E/SurfaceFlinger( 1324): void main(void) {
06-04 02:07:00.769 E/SurfaceFlinger( 1324):     gl_FragColor = texture2D(sampler, outTexCoords);
06-04 02:07:00.769 E/SurfaceFlinger( 1324): }
06-04 02:07:00.769 E/SurfaceFlinger( 1324): 
06-04 02:07:00.769 E/SurfaceFlinger( 1324): \F6\FF\FF\FF\FF\FF\FF\FF\9Fq\DBi}
06-04 02:07:00.769 E/SurfaceFlinger( 1324): Error while linking shaders:
06-04 02:07:00.769 E/SurfaceFlinger( 1324): Error while compiling shader: 
06-04 02:07:00.769 E/SurfaceFlinger( 1324): attribute vec4 texCoords;
06-04 02:07:00.769 E/SurfaceFlinger( 1324): varying vec2 outTexCoords;
06-04 02:07:00.769 E/SurfaceFlinger( 1324): attribute vec4 position;
06-04 02:07:00.769 E/SurfaceFlinger( 1324): uniform mat4 projection;
06-04 02:07:00.769 E/SurfaceFlinger( 1324): uniform mat4 texture;
06-04 02:07:00.769 E/SurfaceFlinger( 1324): void main(void) {
06-04 02:07:00.769 E/SurfaceFlinger( 1324):     gl_Position = projection * position;
06-04 02:07:00.769 E/SurfaceFlinger( 1324):     outTexCoords = (texture * texCoords).st;
06-04 02:07:00.769 E/SurfaceFlinger( 1324): }
06-04 02:07:00.769 E/SurfaceFlinger( 1324): 
06-04 02:07:00.769 E/SurfaceFlinger( 1324): \F6\FF\FF\FF\FF\FF\FF\FF\9Fq\DBi}
06-04 02:07:00.769 E/SurfaceFlinger( 1324): Error while compiling shader: 
06-04 02:07:00.769 E/SurfaceFlinger( 1324): #extension GL_OES_EGL_image_external : require
06-04 02:07:00.769 E/SurfaceFlinger( 1324): precision mediump float;
06-04 02:07:00.769 E/SurfaceFlinger( 1324): uniform samplerExternalOES sampler;
06-04 02:07:00.769 E/SurfaceFlinger( 1324): varying vec2 outTexCoords;
06-04 02:07:00.769 E/SurfaceFlinger( 1324): void main(void) {
06-04 02:07:00.769 E/SurfaceFlinger( 1324):     gl_FragColor = texture2D(sampler, outTexCoords);
06-04 02:07:00.769 E/SurfaceFlinger( 1324): }
06-04 02:07:00.769 E/SurfaceFlinger( 1324): 
06-04 02:07:00.769 E/SurfaceFlinger( 1324): \F6\FF\FF\FF\FF\FF\FF\FF\9Fq\DBi}
06-04 02:07:00.769 E/SurfaceFlinger( 1324): Error while linking shaders:
06-04 02:07:00.772 E/SurfaceFlinger( 1324): Error while compiling shader: 
06-04 02:07:00.772 E/SurfaceFlinger( 1324): attribute vec4 texCoords;
06-04 02:07:00.772 E/SurfaceFlinger( 1324): varying vec2 outTexCoords;
06-04 02:07:00.772 E/SurfaceFlinger( 1324): attribute vec4 position;
06-04 02:07:00.772 E/SurfaceFlinger( 1324): uniform mat4 projection;
06-04 02:07:00.772 E/SurfaceFlinger( 1324): uniform mat4 texture;
06-04 02:07:00.772 E/SurfaceFlinger( 1324): void main(void) {
06-04 02:07:00.772 E/SurfaceFlinger( 1324):     gl_Position = projection * position;
06-04 02:07:00.772 E/SurfaceFlinger( 1324):     outTexCoords = (texture * texCoords).st;
06-04 02:07:00.772 E/SurfaceFlinger( 1324): }
06-04 02:07:00.772 E/SurfaceFlinger( 1324): 
06-04 02:07:00.772 E/SurfaceFlinger( 1324): \F6\FF\FF\FF\FF\FF\FF\FF\9Fq\DBi}
06-04 02:07:00.772 E/SurfaceFlinger( 1324): Error while compiling shader: 
06-04 02:07:00.772 E/SurfaceFlinger( 1324): #extension GL_OES_EGL_image_external : require
06-04 02:07:00.772 E/SurfaceFlinger( 1324): precision mediump float;
06-04 02:07:00.772 E/SurfaceFlinger( 1324): uniform samplerExternalOES sampler;
06-04 02:07:00.772 E/SurfaceFlinger( 1324): varying vec2 outTexCoords;
06-04 02:07:00.772 E/SurfaceFlinger( 1324): void main(void) {
06-04 02:07:00.772 E/SurfaceFlinger( 1324):     gl_FragColor = texture2D(sampler, outTexCoords);
06-04 02:07:00.772 E/SurfaceFlinger( 1324):     gl_FragColor.a = 1.0;
06-04 02:07:00.772 E/SurfaceFlinger( 1324): }
06-04 02:07:00.772 E/SurfaceFlinger( 1324): 
06-04 02:07:00.772 E/SurfaceFlinger( 1324): \F6\FF\FF\FF\FF\FF\FF\FF\9Fq\DBi}
06-04 02:07:00.772 E/SurfaceFlinger( 1324): Error while linking shaders:
06-04 02:07:00.772 E/SurfaceFlinger( 1324): Error while compiling shader: 
06-04 02:07:00.772 E/SurfaceFlinger( 1324): attribute vec4 texCoords;
06-04 02:07:00.772 E/SurfaceFlinger( 1324): varying vec2 outTexCoords;
06-04 02:07:00.772 E/SurfaceFlinger( 1324): attribute vec4 position;
06-04 02:07:00.772 E/SurfaceFlinger( 1324): uniform mat4 projection;
06-04 02:07:00.772 E/SurfaceFlinger( 1324): uniform mat4 texture;
06-04 02:07:00.772 E/SurfaceFlinger( 1324): void main(void) {
06-04 02:07:00.772 E/SurfaceFlinger( 1324):     gl_Position = projection * position;
06-04 02:07:00.772 E/SurfaceFlinger( 1324):     outTexCoords = (texture * texCoords).st;
06-04 02:07:00.772 E/SurfaceFlinger( 1324): }
06-04 02:07:00.772 E/SurfaceFlinger( 1324): 
06-04 02:07:00.772 E/SurfaceFlinger( 1324): \F6\FF\FF\FF\FF\FF\FF\FF\9Fq\DBi}
06-04 02:07:00.772 E/SurfaceFlinger( 1324): Error while compiling shader: 
06-04 02:07:00.772 E/SurfaceFlinger( 1324): #extension GL_OES_EGL_image_external : require
06-04 02:07:00.772 E/SurfaceFlinger( 1324): precision mediump float;
06-04 02:07:00.772 E/SurfaceFlinger( 1324): uniform samplerExternalOES sampler;
06-04 02:07:00.772 E/SurfaceFlinger( 1324): varying vec2 outTexCoords;
06-04 02:07:00.772 E/SurfaceFlinger( 1324): void main(void) {
06-04 02:07:00.772 E/SurfaceFlinger( 1324):     gl_FragColor = texture2D(sampler, outTexCoords);
06-04 02:07:00.772 E/SurfaceFlinger( 1324):     gl_FragColor.a = 1.0;
06-04 02:07:00.772 E/SurfaceFlinger( 1324): }
06-04 02:07:00.772 E/SurfaceFlinger( 1324): 
06-04 02:07:00.772 E/SurfaceFlinger( 1324): \F6\FF\FF\FF\FF\FF\FF\FF\9Fq\DBi}
06-04 02:07:00.772 E/SurfaceFlinger( 1324): Error while linking shaders:
06-04 02:07:00.772 E/SurfaceFlinger( 1324): Error while compiling shader: 
06-04 02:07:00.772 E/SurfaceFlinger( 1324): attribute vec4 texCoords;
06-04 02:07:00.772 E/SurfaceFlinger( 1324): varying vec2 outTexCoords;
06-04 02:07:00.772 E/SurfaceFlinger( 1324): attribute vec4 position;
06-04 02:07:00.772 E/SurfaceFlinger( 1324): uniform mat4 projection;
06-04 02:07:00.772 E/SurfaceFlinger( 1324): uniform mat4 texture;
06-04 02:07:00.772 E/SurfaceFlinger( 1324): void main(void) {
06-04 02:07:00.772 E/SurfaceFlinger( 1324):     gl_Position = projection * position;
06-04 02:07:00.772 E/SurfaceFlinger( 1324):     outTexCoords = (texture * texCoords).st;
06-04 02:07:00.772 E/SurfaceFlinger( 1324): }
06-04 02:07:00.772 E/SurfaceFlinger( 1324): 
06-04 02:07:00.772 E/SurfaceFlinger( 1324): \F6\FF\FF\FF\FF\FF\FF\FF\9Fq\DBi}
06-04 02:07:00.772 E/SurfaceFlinger( 1324): Error while compiling shader: 
06-04 02:07:00.772 E/SurfaceFlinger( 1324): #extension GL_OES_EGL_image_external : require
06-04 02:07:00.772 E/SurfaceFlinger( 1324): precision mediump float;
06-04 02:07:00.772 E/SurfaceFlinger( 1324): uniform samplerExternalOES sampler;
06-04 02:07:00.772 E/SurfaceFlinger( 1324): varying vec2 outTexCoords;
06-04 02:07:00.772 E/SurfaceFlinger( 1324): uniform float alphaPlane;
06-04 02:07:00.772 E/SurfaceFlinger( 1324): void main(void) {
06-04 02:07:00.772 E/SurfaceFlinger( 1324):     gl_FragColor = texture2D(sampler, outTexCoords);
06-04 02:07:00.772 E/SurfaceFlinger( 1324):     gl_FragColor.a *= alphaPlane;
06-04 02:07:00.772 E/SurfaceFlinger( 1324): }
06-04 02:07:00.772 E/SurfaceFlinger( 1324): 
06-04 02:07:00.772 E/SurfaceFlinger( 1324): \F6\FF\FF\FF\FF\FF\FF\FF\9Fq\DBi}
06-04 02:07:00.772 E/SurfaceFlinger( 1324): Error while linking shaders:
06-04 02:07:00.772 E/SurfaceFlinger( 1324): Error while compiling shader: 
06-04 02:07:00.772 E/SurfaceFlinger( 1324): attribute vec4 texCoords;
06-04 02:07:00.772 E/SurfaceFlinger( 1324): varying vec2 outTexCoords;
06-04 02:07:00.772 E/SurfaceFlinger( 1324): attribute vec4 position;
06-04 02:07:00.772 E/SurfaceFlinger( 1324): uniform mat4 projection;
06-04 02:07:00.772 E/SurfaceFlinger( 1324): uniform mat4 texture;
06-04 02:07:00.772 E/SurfaceFlinger( 1324): void main(void) {
06-04 02:07:00.772 E/SurfaceFlinger( 1324):     gl_Position = projection * position;
06-04 02:07:00.772 E/SurfaceFlinger( 1324):     outTexCoords = (texture * texCoords).st;
06-04 02:07:00.772 E/SurfaceFlinger( 1324): }
06-04 02:07:00.772 E/SurfaceFlinger( 1324): 
06-04 02:07:00.772 E/SurfaceFlinger( 1324): \F6\FF\FF\FF\FF\FF\FF\FF\9Fq\DBi}
06-04 02:07:00.772 E/SurfaceFlinger( 1324): Error while compiling shader: 
06-04 02:07:00.772 E/SurfaceFlinger( 1324): #extension GL_OES_EGL_image_external : require
06-04 02:07:00.772 E/SurfaceFlinger( 1324): precision mediump float;
06-04 02:07:00.772 E/SurfaceFlinger( 1324): uniform samplerExternalOES sampler;
06-04 02:07:00.772 E/SurfaceFlinger( 1324): varying vec2 outTexCoords;
06-04 02:07:00.772 E/SurfaceFlinger( 1324): uniform float alphaPlane;
06-04 02:07:00.772 E/SurfaceFlinger( 1324): void main(void) {
06-04 02:07:00.772 E/SurfaceFlinger( 1324):     gl_FragColor = texture2D(sampler, outTexCoords);
06-04 02:07:00.772 E/SurfaceFlinger( 1324):     gl_FragColor *= alphaPlane;
06-04 02:07:00.772 E/SurfaceFlinger( 1324): }
06-04 02:07:00.772 E/SurfaceFlinger( 1324): 
06-04 02:07:00.772 E/SurfaceFlinger( 1324): \F6\FF\FF\FF\FF\FF\FF\FF\9Fq\DBi}
06-04 02:07:00.772 E/SurfaceFlinger( 1324): Error while linking shaders:
06-04 02:07:00.773 E/SurfaceFlinger( 1324): Error while compiling shader: 
06-04 02:07:00.773 E/SurfaceFlinger( 1324): attribute vec4 texCoords;
06-04 02:07:00.773 E/SurfaceFlinger( 1324): varying vec2 outTexCoords;
06-04 02:07:00.773 E/SurfaceFlinger( 1324): attribute vec4 position;
06-04 02:07:00.773 E/SurfaceFlinger( 1324): uniform mat4 projection;
06-04 02:07:00.773 E/SurfaceFlinger( 1324): uniform mat4 texture;
06-04 02:07:00.773 E/SurfaceFlinger( 1324): void main(void) {
06-04 02:07:00.773 E/SurfaceFlinger( 1324):     gl_Position = projection * position;
06-04 02:07:00.773 E/SurfaceFlinger( 1324):     outTexCoords = (texture * texCoords).st;
06-04 02:07:00.773 E/SurfaceFlinger( 1324): }
06-04 02:07:00.773 E/SurfaceFlinger( 1324): 
06-04 02:07:00.773 E/SurfaceFlinger( 1324): \F6\FF\FF\FF\FF\FF\FF\FF\9Fq\DBi}
06-04 02:07:00.773 E/SurfaceFlinger( 1324): Error while compiling shader: 
06-04 02:07:00.773 E/SurfaceFlinger( 1324): #extension GL_OES_EGL_image_external : require
06-04 02:07:00.773 E/SurfaceFlinger( 1324): precision mediump float;
06-04 02:07:00.773 E/SurfaceFlinger( 1324): uniform samplerExternalOES sampler;
06-04 02:07:00.773 E/SurfaceFlinger( 1324): varying vec2 outTexCoords;
06-04 02:07:00.773 E/SurfaceFlinger( 1324): uniform float alphaPlane;
06-04 02:07:00.773 E/SurfaceFlinger( 1324): void main(void) {
06-04 02:07:00.773 E/SurfaceFlinger( 1324):     gl_FragColor = texture2D(sampler, outTexCoords);
06-04 02:07:00.773 E/SurfaceFlinger( 1324):     gl_FragColor.a = 1.0;
06-04 02:07:00.773 E/SurfaceFlinger( 1324):     gl_FragColor.a *= alphaPlane;
06-04 02:07:00.773 E/SurfaceFlinger( 1324): }
06-04 02:07:00.773 E/SurfaceFlinger( 1324): 
06-04 02:07:00.773 E/SurfaceFlinger( 1324): \F6\FF\FF\FF\FF\FF\FF\FF\9Fq\DBi}
06-04 02:07:00.773 E/SurfaceFlinger( 1324): Error while linking shaders:
06-04 02:07:00.773 E/SurfaceFlinger( 1324): Error while compiling shader: 
06-04 02:07:00.773 E/SurfaceFlinger( 1324): attribute vec4 texCoords;
06-04 02:07:00.773 E/SurfaceFlinger( 1324): varying vec2 outTexCoords;
06-04 02:07:00.773 E/SurfaceFlinger( 1324): attribute vec4 position;
06-04 02:07:00.773 E/SurfaceFlinger( 1324): uniform mat4 projection;
06-04 02:07:00.773 E/SurfaceFlinger( 1324): uniform mat4 texture;
06-04 02:07:00.773 E/SurfaceFlinger( 1324): void main(void) {
06-04 02:07:00.773 E/SurfaceFlinger( 1324):     gl_Position = projection * position;
06-04 02:07:00.773 E/SurfaceFlinger( 1324):     outTexCoords = (texture * texCoords).st;
06-04 02:07:00.773 E/SurfaceFlinger( 1324): }
06-04 02:07:00.773 E/SurfaceFlinger( 1324): 
06-04 02:07:00.773 E/SurfaceFlinger( 1324): \F6\FF\FF\FF\FF\FF\FF\FF\9Fq\DBi}
06-04 02:07:00.773 E/SurfaceFlinger( 1324): Error while compiling shader: 
06-04 02:07:00.773 E/SurfaceFlinger( 1324): #extension GL_OES_EGL_image_external : require
06-04 02:07:00.773 E/SurfaceFlinger( 1324): precision mediump float;
06-04 02:07:00.773 E/SurfaceFlinger( 1324): uniform samplerExternalOES sampler;
06-04 02:07:00.773 E/SurfaceFlinger( 1324): varying vec2 outTexCoords;
06-04 02:07:00.773 E/SurfaceFlinger( 1324): uniform float alphaPlane;
06-04 02:07:00.773 E/SurfaceFlinger( 1324): void main(void) {
06-04 02:07:00.773 E/SurfaceFlinger( 1324):     gl_FragColor = texture2D(sampler, outTexCoords);
06-04 02:07:00.773 E/SurfaceFlinger( 1324):     gl_FragColor.a = 1.0;
06-04 02:07:00.773 E/SurfaceFlinger( 1324):     gl_FragColor *= alphaPlane;
06-04 02:07:00.773 E/SurfaceFlinger( 1324): }
06-04 02:07:00.773 E/SurfaceFlinger( 1324): 
06-04 02:07:00.773 E/SurfaceFlinger( 1324): \F6\FF\FF\FF\FF\FF\FF\FF\9Fq\DBi}
06-04 02:07:00.773 E/SurfaceFlinger( 1324): Error while linking shaders:
06-04 02:07:00.773 E/SurfaceFlinger( 1324): Error while compiling shader: 
06-04 02:07:00.773 E/SurfaceFlinger( 1324): attribute vec4 texCoords;
06-04 02:07:00.773 E/SurfaceFlinger( 1324): varying vec2 outTexCoords;
06-04 02:07:00.773 E/SurfaceFlinger( 1324): attribute vec4 position;
06-04 02:07:00.773 E/SurfaceFlinger( 1324): uniform mat4 projection;
06-04 02:07:00.773 E/SurfaceFlinger( 1324): uniform mat4 texture;
06-04 02:07:00.773 E/SurfaceFlinger( 1324): void main(void) {
06-04 02:07:00.773 E/SurfaceFlinger( 1324):     gl_Position = projection * position;
06-04 02:07:00.773 E/SurfaceFlinger( 1324):     outTexCoords = (texture * texCoords).st;
06-04 02:07:00.773 E/SurfaceFlinger( 1324): }
06-04 02:07:00.773 E/SurfaceFlinger( 1324): 
06-04 02:07:00.773 E/SurfaceFlinger( 1324): \F6\FF\FF\FF\FF\FF\FF\FF\9Fq\DBi}
06-04 02:07:00.773 E/SurfaceFlinger( 1324): Error while compiling shader: 
06-04 02:07:00.773 E/SurfaceFlinger( 1324): precision mediump float;
06-04 02:07:00.773 E/SurfaceFlinger( 1324): uniform sampler2D sampler;
06-04 02:07:00.773 E/SurfaceFlinger( 1324): varying vec2 outTexCoords;
06-04 02:07:00.773 E/SurfaceFlinger( 1324): void main(void) {
06-04 02:07:00.773 E/SurfaceFlinger( 1324):     gl_FragColor = texture2D(sampler, outTexCoords);
06-04 02:07:00.773 E/SurfaceFlinger( 1324): }
06-04 02:07:00.773 E/SurfaceFlinger( 1324): 
06-04 02:07:00.773 E/SurfaceFlinger( 1324): \F6\FF\FF\FF\FF\FF\FF\FF\9Fq\DBi}
06-04 02:07:00.773 E/SurfaceFlinger( 1324): Error while linking shaders:
06-04 02:07:00.773 E/SurfaceFlinger( 1324): Error while compiling shader: 
06-04 02:07:00.773 E/SurfaceFlinger( 1324): attribute vec4 texCoords;
06-04 02:07:00.773 E/SurfaceFlinger( 1324): varying vec2 outTexCoords;
06-04 02:07:00.773 E/SurfaceFlinger( 1324): attribute vec4 position;
06-04 02:07:00.773 E/SurfaceFlinger( 1324): uniform mat4 projection;
06-04 02:07:00.773 E/SurfaceFlinger( 1324): uniform mat4 texture;
06-04 02:07:00.773 E/SurfaceFlinger( 1324): void main(void) {
06-04 02:07:00.773 E/SurfaceFlinger( 1324):     gl_Position = projection * position;
06-04 02:07:00.773 E/SurfaceFlinger( 1324):     outTexCoords = (texture * texCoords).st;
06-04 02:07:00.773 E/SurfaceFlinger( 1324): }
06-04 02:07:00.773 E/SurfaceFlinger( 1324): 
06-04 02:07:00.773 E/SurfaceFlinger( 1324): \F6\FF\FF\FF\FF\FF\FF\FF\9Fq\DBi}
06-04 02:07:00.773 E/SurfaceFlinger( 1324): Error while compiling shader: 
06-04 02:07:00.773 E/SurfaceFlinger( 1324): precision mediump float;
06-04 02:07:00.773 E/SurfaceFlinger( 1324): uniform sampler2D sampler;
06-04 02:07:00.773 E/SurfaceFlinger( 1324): varying vec2 outTexCoords;
06-04 02:07:00.773 E/SurfaceFlinger( 1324): void main(void) {
06-04 02:07:00.773 E/SurfaceFlinger( 1324):     gl_FragColor = texture2D(sampler, outTexCoords);
06-04 02:07:00.773 E/SurfaceFlinger( 1324): }
06-04 02:07:00.773 E/SurfaceFlinger( 1324): 
06-04 02:07:00.773 E/SurfaceFlinger( 1324): \F6\FF\FF\FF\FF\FF\FF\FF\9Fq\DBi}
06-04 02:07:00.773 E/SurfaceFlinger( 1324): Error while linking shaders:
06-04 02:07:00.774 E/SurfaceFlinger( 1324): Error while compiling shader: 
06-04 02:07:00.774 E/SurfaceFlinger( 1324): attribute vec4 texCoords;
06-04 02:07:00.774 E/SurfaceFlinger( 1324): varying vec2 outTexCoords;
06-04 02:07:00.774 E/SurfaceFlinger( 1324): attribute vec4 position;
06-04 02:07:00.774 E/SurfaceFlinger( 1324): uniform mat4 projection;
06-04 02:07:00.774 E/SurfaceFlinger( 1324): uniform mat4 texture;
06-04 02:07:00.774 E/SurfaceFlinger( 1324): void main(void) {
06-04 02:07:00.774 E/SurfaceFlinger( 1324):     gl_Position = projection * position;
06-04 02:07:00.774 E/SurfaceFlinger( 1324):     outTexCoords = (texture * texCoords).st;
06-04 02:07:00.774 E/SurfaceFlinger( 1324): }
06-04 02:07:00.774 E/SurfaceFlinger( 1324): 
06-04 02:07:00.774 E/SurfaceFlinger( 1324): \F6\FF\FF\FF\FF\FF\FF\FF\9Fq\DBi}
06-04 02:07:00.774 E/SurfaceFlinger( 1324): Error while compiling shader: 
06-04 02:07:00.774 E/SurfaceFlinger( 1324): precision mediump float;
06-04 02:07:00.774 E/SurfaceFlinger( 1324): uniform sampler2D sampler;
06-04 02:07:00.774 E/SurfaceFlinger( 1324): varying vec2 outTexCoords;
06-04 02:07:00.774 E/SurfaceFlinger( 1324): void main(void) {
06-04 02:07:00.774 E/SurfaceFlinger( 1324):     gl_FragColor = texture2D(sampler, outTexCoords);
06-04 02:07:00.774 E/SurfaceFlinger( 1324):     gl_FragColor.a = 1.0;
06-04 02:07:00.774 E/SurfaceFlinger( 1324): }
06-04 02:07:00.774 E/SurfaceFlinger( 1324): 
06-04 02:07:00.774 E/SurfaceFlinger( 1324): \F6\FF\FF\FF\FF\FF\FF\FF\9Fq\DBi}
06-04 02:07:00.774 E/SurfaceFlinger( 1324): Error while linking shaders:
06-04 02:07:00.774 E/SurfaceFlinger( 1324): Error while compiling shader: 
06-04 02:07:00.774 E/SurfaceFlinger( 1324): attribute vec4 texCoords;
06-04 02:07:00.774 E/SurfaceFlinger( 1324): varying vec2 outTexCoords;
06-04 02:07:00.774 E/SurfaceFlinger( 1324): attribute vec4 position;
06-04 02:07:00.774 E/SurfaceFlinger( 1324): uniform mat4 projection;
06-04 02:07:00.774 E/SurfaceFlinger( 1324): uniform mat4 texture;
06-04 02:07:00.774 E/SurfaceFlinger( 1324): void main(void) {
06-04 02:07:00.774 E/SurfaceFlinger( 1324):     gl_Position = projection * position;
06-04 02:07:00.774 E/SurfaceFlinger( 1324):     outTexCoords = (texture * texCoords).st;
06-04 02:07:00.774 E/SurfaceFlinger( 1324): }
06-04 02:07:00.774 E/SurfaceFlinger( 1324): 
06-04 02:07:00.774 E/SurfaceFlinger( 1324): \F6\FF\FF\FF\FF\FF\FF\FF\9Fq\DBi}
06-04 02:07:00.774 E/SurfaceFlinger( 1324): Error while compiling shader: 
06-04 02:07:00.774 E/SurfaceFlinger( 1324): precision mediump float;
06-04 02:07:00.774 E/SurfaceFlinger( 1324): uniform sampler2D sampler;
06-04 02:07:00.774 E/SurfaceFlinger( 1324): varying vec2 outTexCoords;
06-04 02:07:00.774 E/SurfaceFlinger( 1324): void main(void) {
06-04 02:07:00.774 E/SurfaceFlinger( 1324):     gl_FragColor = texture2D(sampler, outTexCoords);
06-04 02:07:00.774 E/SurfaceFlinger( 1324):     gl_FragColor.a = 1.0;
06-04 02:07:00.774 E/SurfaceFlinger( 1324): }
06-04 02:07:00.774 E/SurfaceFlinger( 1324): 
06-04 02:07:00.774 E/SurfaceFlinger( 1324): \F6\FF\FF\FF\FF\FF\FF\FF\9Fq\DBi}
06-04 02:07:00.774 E/SurfaceFlinger( 1324): Error while linking shaders:
06-04 02:07:00.774 E/SurfaceFlinger( 1324): Error while compiling shader: 
06-04 02:07:00.774 E/SurfaceFlinger( 1324): attribute vec4 texCoords;
06-04 02:07:00.774 E/SurfaceFlinger( 1324): varying vec2 outTexCoords;
06-04 02:07:00.774 E/SurfaceFlinger( 1324): attribute vec4 position;
06-04 02:07:00.774 E/SurfaceFlinger( 1324): uniform mat4 projection;
06-04 02:07:00.774 E/SurfaceFlinger( 1324): uniform mat4 texture;
06-04 02:07:00.774 E/SurfaceFlinger( 1324): void main(void) {
06-04 02:07:00.774 E/SurfaceFlinger( 1324):     gl_Position = projection * position;
06-04 02:07:00.774 E/SurfaceFlinger( 1324):     outTexCoords = (texture * texCoords).st;
06-04 02:07:00.774 E/SurfaceFlinger( 1324): }
06-04 02:07:00.774 E/SurfaceFlinger( 1324): 
06-04 02:07:00.774 E/SurfaceFlinger( 1324): \F6\FF\FF\FF\FF\FF\FF\FF\9Fq\DBi}
06-04 02:07:00.774 E/SurfaceFlinger( 1324): Error while compiling shader: 
06-04 02:07:00.774 E/SurfaceFlinger( 1324): precision mediump float;
06-04 02:07:00.774 E/SurfaceFlinger( 1324): uniform sampler2D sampler;
06-04 02:07:00.774 E/SurfaceFlinger( 1324): varying vec2 outTexCoords;
06-04 02:07:00.774 E/SurfaceFlinger( 1324): uniform float alphaPlane;
06-04 02:07:00.774 E/SurfaceFlinger( 1324): void main(void) {
06-04 02:07:00.774 E/SurfaceFlinger( 1324):     gl_FragColor = texture2D(sampler, outTexCoords);
06-04 02:07:00.774 E/SurfaceFlinger( 1324):     gl_FragColor.a *= alphaPlane;
06-04 02:07:00.774 E/SurfaceFlinger( 1324): }
06-04 02:07:00.774 E/SurfaceFlinger( 1324): 
06-04 02:07:00.774 E/SurfaceFlinger( 1324): \F6\FF\FF\FF\FF\FF\FF\FF\9Fq\DBi}
06-04 02:07:00.774 E/SurfaceFlinger( 1324): Error while linking shaders:
06-04 02:07:00.774 E/SurfaceFlinger( 1324): Error while compiling shader: 
06-04 02:07:00.774 E/SurfaceFlinger( 1324): attribute vec4 texCoords;
06-04 02:07:00.774 E/SurfaceFlinger( 1324): varying vec2 outTexCoords;
06-04 02:07:00.774 E/SurfaceFlinger( 1324): attribute vec4 position;
06-04 02:07:00.774 E/SurfaceFlinger( 1324): uniform mat4 projection;
06-04 02:07:00.774 E/SurfaceFlinger( 1324): uniform mat4 texture;
06-04 02:07:00.774 E/SurfaceFlinger( 1324): void main(void) {
06-04 02:07:00.774 E/SurfaceFlinger( 1324):     gl_Position = projection * position;
06-04 02:07:00.774 E/SurfaceFlinger( 1324):     outTexCoords = (texture * texCoords).st;
06-04 02:07:00.774 E/SurfaceFlinger( 1324): }
06-04 02:07:00.774 E/SurfaceFlinger( 1324): 
06-04 02:07:00.774 E/SurfaceFlinger( 1324): \F6\FF\FF\FF\FF\FF\FF\FF\9Fq\DBi}
06-04 02:07:00.774 E/SurfaceFlinger( 1324): Error while compiling shader: 
06-04 02:07:00.774 E/SurfaceFlinger( 1324): precision mediump float;
06-04 02:07:00.774 E/SurfaceFlinger( 1324): uniform sampler2D sampler;
06-04 02:07:00.774 E/SurfaceFlinger( 1324): varying vec2 outTexCoords;
06-04 02:07:00.774 E/SurfaceFlinger( 1324): uniform float alphaPlane;
06-04 02:07:00.774 E/SurfaceFlinger( 1324): void main(void) {
06-04 02:07:00.774 E/SurfaceFlinger( 1324):     gl_FragColor = texture2D(sampler, outTexCoords);
06-04 02:07:00.774 E/SurfaceFlinger( 1324):     gl_FragColor *= alphaPlane;
06-04 02:07:00.774 E/SurfaceFlinger( 1324): }
06-04 02:07:00.774 E/SurfaceFlinger( 1324): 
06-04 02:07:00.774 E/SurfaceFlinger( 1324): \F6\FF\FF\FF\FF\FF\FF\FF\9Fq\DBi}
06-04 02:07:00.774 E/SurfaceFlinger( 1324): Error while linking shaders:
06-04 02:07:00.774 E/SurfaceFlinger( 1324): Error while compiling shader: 
06-04 02:07:00.774 E/SurfaceFlinger( 1324): attribute vec4 texCoords;
06-04 02:07:00.774 E/SurfaceFlinger( 1324): varying vec2 outTexCoords;
06-04 02:07:00.774 E/SurfaceFlinger( 1324): attribute vec4 position;
06-04 02:07:00.774 E/SurfaceFlinger( 1324): uniform mat4 projection;
06-04 02:07:00.774 E/SurfaceFlinger( 1324): uniform mat4 texture;
06-04 02:07:00.774 E/SurfaceFlinger( 1324): void main(void) {
06-04 02:07:00.774 E/SurfaceFlinger( 1324):     gl_Position = projection * position;
06-04 02:07:00.774 E/SurfaceFlinger( 1324):     outTexCoords = (texture * texCoords).st;
06-04 02:07:00.774 E/SurfaceFlinger( 1324): }
06-04 02:07:00.774 E/SurfaceFlinger( 1324): 
06-04 02:07:00.774 E/SurfaceFlinger( 1324): \F6\FF\FF\FF\FF\FF\FF\FF\9Fq\DBi}
06-04 02:07:00.774 E/SurfaceFlinger( 1324): Error while compiling shader: 
06-04 02:07:00.774 E/SurfaceFlinger( 1324): precision mediump float;
06-04 02:07:00.774 E/SurfaceFlinger( 1324): uniform sampler2D sampler;
06-04 02:07:00.774 E/SurfaceFlinger( 1324): varying vec2 outTexCoords;
06-04 02:07:00.774 E/SurfaceFlinger( 1324): uniform float alphaPlane;
06-04 02:07:00.774 E/SurfaceFlinger( 1324): void main(void) {
06-04 02:07:00.774 E/SurfaceFlinger( 1324):     gl_FragColor = texture2D(sampler, outTexCoords);
06-04 02:07:00.774 E/SurfaceFlinger( 1324):     gl_FragColor.a = 1.0;
06-04 02:07:00.774 E/SurfaceFlinger( 1324):     gl_FragColor.a *= alphaPlane;
06-04 02:07:00.774 E/SurfaceFlinger( 1324): }
06-04 02:07:00.774 E/SurfaceFlinger( 1324): 
06-04 02:07:00.774 E/SurfaceFlinger( 1324): \F6\FF\FF\FF\FF\FF\FF\FF\9Fq\DBi}
06-04 02:07:00.775 E/SurfaceFlinger( 1324): Error while linking shaders:
06-04 02:07:00.775 E/SurfaceFlinger( 1324): Error while compiling shader: 
06-04 02:07:00.775 E/SurfaceFlinger( 1324): attribute vec4 texCoords;
06-04 02:07:00.775 E/SurfaceFlinger( 1324): varying vec2 outTexCoords;
06-04 02:07:00.775 E/SurfaceFlinger( 1324): attribute vec4 position;
06-04 02:07:00.775 E/SurfaceFlinger( 1324): uniform mat4 projection;
06-04 02:07:00.775 E/SurfaceFlinger( 1324): uniform mat4 texture;
06-04 02:07:00.775 E/SurfaceFlinger( 1324): void main(void) {
06-04 02:07:00.775 E/SurfaceFlinger( 1324):     gl_Position = projection * position;
06-04 02:07:00.775 E/SurfaceFlinger( 1324):     outTexCoords = (texture * texCoords).st;
06-04 02:07:00.775 E/SurfaceFlinger( 1324): }
06-04 02:07:00.775 E/SurfaceFlinger( 1324): 
06-04 02:07:00.775 E/SurfaceFlinger( 1324): \F6\FF\FF\FF\FF\FF\FF\FF\9Fq\DBi}
06-04 02:07:00.775 E/SurfaceFlinger( 1324): Error while compiling shader: 
06-04 02:07:00.775 E/SurfaceFlinger( 1324): precision mediump float;
06-04 02:07:00.775 E/SurfaceFlinger( 1324): uniform sampler2D sampler;
06-04 02:07:00.775 E/SurfaceFlinger( 1324): varying vec2 outTexCoords;
06-04 02:07:00.775 E/SurfaceFlinger( 1324): uniform float alphaPlane;
06-04 02:07:00.775 E/SurfaceFlinger( 1324): void main(void) {
06-04 02:07:00.775 E/SurfaceFlinger( 1324):     gl_FragColor = texture2D(sampler, outTexCoords);
06-04 02:07:00.775 E/SurfaceFlinger( 1324):     gl_FragColor.a = 1.0;
06-04 02:07:00.775 E/SurfaceFlinger( 1324):     gl_FragColor *= alphaPlane;
06-04 02:07:00.775 E/SurfaceFlinger( 1324): }
06-04 02:07:00.775 E/SurfaceFlinger( 1324): 
06-04 02:07:00.775 E/SurfaceFlinger( 1324): \F6\FF\FF\FF\FF\FF\FF\FF\9Fq\DBi}
06-04 02:07:00.775 E/SurfaceFlinger( 1324): Error while linking shaders:
06-04 02:07:00.775 D/SurfaceFlinger( 1324): shader cache generated - 24 shaders in 9.053158 ms
06-04 02:07:01.104 D/EmulatedCamera_QemuClient( 1330): Emulated camera list: 
06-04 02:07:01.107 D/EmulatedCamera_FakeCamera( 1330): Initialize: Fake camera is facing back
06-04 02:07:01.191 V/EmulatedCamera_Device( 1330): initializeWhiteBalanceModes with auto, 1.000000, 1.000000
06-04 02:07:01.192 V/EmulatedCamera_Device( 1330): initializeWhiteBalanceModes with incandescent, 1.380000, 0.600000
06-04 02:07:01.192 V/EmulatedCamera_Device( 1330): initializeWhiteBalanceModes with daylight, 1.090000, 0.920000
06-04 02:07:01.192 V/EmulatedCamera_Device( 1330): initializeWhiteBalanceModes with twilight, 0.920000, 1.220000
06-04 02:07:01.192 V/EmulatedCamera_Device( 1330): setWhiteBalanceMode with white balance auto
06-04 02:07:01.193 E/EmulatedCamera_Factory( 1330): 1 cameras are being emulated. 0 of them are fake cameras.
