06-04 02:07:01.194 E/EmulatedCamera_HotplugThread( 1330): createFileIfNotExists: Could not create file '/data/misc/media/emulator.camera.hotplug.0', error: 'Permission denied' (13)
06-04 02:07:01.303 D/SurfaceFlinger( 1324): Set power mode=2, type=0 flinger=0x7d0269847000
06-04 02:07:01.482 I/CameraService( 1330): Loaded "Emulated Camera Module" camera module
06-04 02:07:01.482 E/CameraService( 1330): setUpVendorTags: Vendor tag operations not fully defined. Ignoring definitions.
06-04 02:07:01.483 V/EmulatedCamera_Camera( 1330): getCameraInfo
06-04 02:07:01.532 V/EmulatedCamera_BaseCamera( 1330): getCameraInfo
06-04 02:07:01.533 I/CameraFlashlight( 1330): Opening camera 0
06-04 02:07:01.533 V/EmulatedCamera_Camera( 1330): getCameraInfo
06-04 02:07:01.533 V/EmulatedCamera_BaseCamera( 1330): getCameraInfo
06-04 02:07:01.533 V/EmulatedCamera_Camera( 1330): connectCamera
06-04 02:07:01.533 V/EmulatedCamera_FakeDevice( 1330): connectDevice
06-04 02:07:01.534 V/EmulatedCamera_CallbackNotifier( 1330): setCallbacks: 0xefc52e80, 0xefc52ed0, 0xefc52ff0, 0xefc53110 (0xef5c3140)
06-04 02:07:01.691 V/EmulatedCamera_Preview( 1330): setPreviewWindow: current: 0x0 -> new: 0xef5c3150
06-04 02:07:01.691 V/EmulatedCamera_Preview( 1330): setPreviewWindow: current: 0xef5c3150 -> new: 0x0
06-04 02:07:01.691 V/EmulatedCamera_Camera( 1330): doStopPreview
06-04 02:07:01.693 V/EmulatedCamera_Preview( 1330): setPreviewWindow: current: 0x0 -> new: 0x0
06-04 02:07:01.693 V/EmulatedCamera_Camera( 1330): releaseCamera
06-04 02:07:01.693 V/EmulatedCamera_Camera( 1330): doStopPreview
06-04 02:07:01.693 V/EmulatedCamera_FakeDevice( 1330): disconnectDevice
06-04 02:07:01.693 W/EmulatedCamera_Device( 1330): Initialize: Emulated camera device is already initialized: mState = 1
06-04 02:07:01.693 D/EmulatedCamera_FakeCamera( 1330): Initialize: Fake camera is facing back
06-04 02:07:01.694 V/EmulatedCamera_Device( 1330): initializeWhiteBalanceModes with auto, 1.000000, 1.000000
06-04 02:07:01.694 V/EmulatedCamera_Device( 1330): initializeWhiteBalanceModes with incandescent, 1.380000, 0.600000
06-04 02:07:01.694 V/EmulatedCamera_Device( 1330): initializeWhiteBalanceModes with daylight, 1.090000, 0.920000
06-04 02:07:01.694 V/EmulatedCamera_Device( 1330): initializeWhiteBalanceModes with twilight, 0.920000, 1.220000
06-04 02:07:01.695 V/EmulatedCamera_Device( 1330): setWhiteBalanceMode with white balance auto
06-04 02:07:01.695 I/CameraFlashlight( 1330): Destroying camera 0
06-04 02:07:01.695 V/EmulatedCamera_Camera( 1330): closeCamera
06-04 02:07:01.695 V/EmulatedCamera_Camera( 1330): doStopPreview
06-04 02:07:01.695 W/EmulatedCamera_Device( 1330): Initialize: Emulated camera device is already initialized: mState = 1
06-04 02:07:01.695 D/EmulatedCamera_FakeCamera( 1330): Initialize: Fake camera is facing back
06-04 02:07:01.696 V/EmulatedCamera_Device( 1330): initializeWhiteBalanceModes with auto, 1.000000, 1.000000
06-04 02:07:01.696 V/EmulatedCamera_Device( 1330): initializeWhiteBalanceModes with incandescent, 1.380000, 0.600000
06-04 02:07:01.696 V/EmulatedCamera_Device( 1330): initializeWhiteBalanceModes with daylight, 1.090000, 0.920000
06-04 02:07:01.696 V/EmulatedCamera_Device( 1330): initializeWhiteBalanceModes with twilight, 0.920000, 1.220000
06-04 02:07:01.696 V/EmulatedCamera_Device( 1330): setWhiteBalanceMode with white balance auto
06-04 02:07:01.784 V/EmulatedCamera_Camera( 1330): getCameraInfo
06-04 02:07:01.785 V/EmulatedCamera_BaseCamera( 1330): getCameraInfo
06-04 02:07:01.788 I/ServiceManager( 1330): Waiting for service media.camera.proxy...
06-04 02:07:02.132 I/        ( 1329): sMaxFastTracks = 8
06-04 02:07:02.192 I/audioserver( 1329): ServiceManager: 0xf04bc020
06-04 02:07:02.270 W/BatteryNotifier( 1329): batterystats service unavailable!
06-04 02:07:02.271 I/AudioFlinger( 1329): Using default 3000 mSec as standby time.
06-04 02:07:02.279 I/AudioPolicyService( 1329): AudioPolicyService CSTOR in new mode
06-04 02:07:02.499 I/APM::ConfigParsingUtils( 1329): loadAudioPolicyConfig() loaded /system/etc/audio_policy.conf
06-04 02:07:02.791 I/ServiceManager( 1330): Waiting for service media.camera.proxy...
06-04 02:07:02.834 D/audio_hw_generic( 1329): Emulator host-side ALSA audio emulation detected.
06-04 02:07:02.837 D/audio_hw_generic( 1329): mixer 0 name Master Playback Volume
06-04 02:07:02.837 D/audio_hw_generic( 1329): set ctl 0 to 100
06-04 02:07:02.838 D/audio_hw_generic( 1329): set ctl 1 to 100
06-04 02:07:02.838 D/audio_hw_generic( 1329): mixer 1 name Master Playback Switch
06-04 02:07:02.839 D/audio_hw_generic( 1329): set ctl 0 to 1
06-04 02:07:02.839 D/audio_hw_generic( 1329): set ctl 1 to 1
06-04 02:07:02.839 D/audio_hw_generic( 1329): mixer 2 name Capture Volume
06-04 02:07:02.839 D/audio_hw_generic( 1329): set ctl 0 to 100
06-04 02:07:02.839 D/audio_hw_generic( 1329): set ctl 1 to 100
06-04 02:07:02.839 D/audio_hw_generic( 1329): mixer 3 name Capture Switch
06-04 02:07:02.839 D/audio_hw_generic( 1329): set ctl 0 to 1
06-04 02:07:02.840 D/audio_hw_generic( 1329): set ctl 1 to 1
06-04 02:07:02.931 D/audio_hw_generic( 1329): mixer 4 name Line Phantom Jack
06-04 02:07:02.931 D/audio_hw_generic( 1329): mixer 5 name Line Out Phantom Jack
06-04 02:07:02.931 D/audio_hw_generic( 1329): mixer 6 name Playback Channel Map
06-04 02:07:02.931 D/audio_hw_generic( 1329): mixer 7 name Capture Channel Map
06-04 02:07:02.931 I/AudioFlinger( 1329): loadHwModule() Loaded primary audio interface from Generic audio HW HAL (audio) handle 10
06-04 02:07:02.933 I/AudioFlinger( 1329): openOutput(), module 10 Device 2, SamplingRate 48000, Format 0x000001, Channels 3, flags 2
06-04 02:07:02.963 I/AudioFlinger( 1329): HAL output buffer size 720 frames, normal sink buffer size 1152 frames
06-04 02:07:03.056 I/mediaserver( 1335): ServiceManager: 0xf13bc0a0
06-04 02:07:03.217 I/mediaserver( 1337): ServiceManager: 0xeac3c0a0
06-04 02:07:03.364 I/BufferProvider( 1329): found effect "Multichannel Downmix To Stereo" from The Android Open Source Project
06-04 02:07:03.422 I/AudioFlinger( 1329): Using module 10 has the primary audio interface
06-04 02:07:03.428 I/AudioFlinger( 1329): AudioFlinger's thread 0xeff03b00 ready to run
06-04 02:07:03.436 W/BatteryNotifier( 1329): batterystats service unavailable!
06-04 02:07:03.438 W/BatteryNotifier( 1329): batterystats service unavailable!
06-04 02:07:03.478 V/MediaUtils( 1336): physMem: 1043894272
06-04 02:07:03.479 V/MediaUtils( 1336): requested limit: 208778840
06-04 02:07:03.479 V/MediaUtils( 1336): actual limit: 208778840
06-04 02:07:03.479 V/MediaUtils( 1336): original limits: 4294967295/4294967295
06-04 02:07:03.479 V/MediaUtils( 1336): new limits: 208778840/4294967295
06-04 02:07:03.497 W/BatteryNotifier( 1329): batterystats service unavailable!
06-04 02:07:03.503 W/AudioFlinger( 1329): no wake lock to update, system not ready yet
06-04 02:07:03.531 W/BatteryNotifier( 1337): batterystats service unavailable!
06-04 02:07:03.596 W//system/bin/mediaextractor( 1336): libminijail: allowing syscall: socketcall
06-04 02:07:03.597 W//system/bin/mediaextractor( 1336): libminijail: allowing syscall: writev
06-04 02:07:03.597 W//system/bin/mediaextractor( 1336): libminijail: allowing syscall: fcntl64
06-04 02:07:03.598 W//system/bin/mediaextractor( 1336): libminijail: allowing syscall: clock_gettime
06-04 02:07:03.612 W//system/bin/mediaextractor( 1336): libminijail: logging seccomp filter failures
06-04 02:07:03.633 I/AudioFlinger( 1329): AudioFlinger's thread 0xefa03200 ready to run
06-04 02:07:03.684 I/r_submix( 1329): adev_open(name=audio_hw_if)
06-04 02:07:03.685 I/r_submix( 1329): adev_init_check()
06-04 02:07:03.685 I/AudioFlinger( 1329): loadHwModule() Loaded r_submix audio interface from Wifi Display audio HAL (audio) handle 18
06-04 02:07:03.686 D/r_submix( 1329): adev_open_input_stream(addr=0)
06-04 02:07:03.686 D/r_submix( 1329): submix_audio_device_create_pipe_l(addr=0, idx=9)
06-04 02:07:03.686 D/r_submix( 1329):   now using address 0 for route 9
06-04 02:07:03.736 I/AudioFlinger( 1329): AudioFlinger's thread 0xefb03280 ready to run
06-04 02:07:03.742 D/r_submix( 1329): adev_close_input_stream()
06-04 02:07:03.742 D/r_submix( 1329): submix_audio_device_release_pipe_l(idx=9) addr=0
06-04 02:07:03.742 D/r_submix( 1329): submix_audio_device_destroy_pipe_l(): pipe destroyed
06-04 02:07:03.747 I/RadioService( 1329): RadioService
06-04 02:07:03.747 I/RadioService( 1329): onFirstRef
06-04 02:07:03.748 E/RadioService( 1329): couldn't load radio module radio.primary (No such file or directory)
06-04 02:07:03.762 E/SoundTriggerHwService( 1329): couldn't load sound trigger module sound_trigger.primary (No such file or directory)
06-04 02:07:03.810 I/ServiceManager( 1330): Waiting for service media.camera.proxy...
06-04 02:07:04.820 I/ServiceManager( 1330): Waiting for service media.camera.proxy...
06-04 02:07:05.823 I/ServiceManager( 1330): Waiting for service media.camera.proxy...
06-04 02:07:06.520 W/BatteryNotifier( 1329): batterystats service unavailable!
06-04 02:07:17.523 D/AndroidRuntime( 1327): >>>>>> START com.android.internal.os.ZygoteInit uid 0 <<<<<<
06-04 02:07:17.576 E/SurfaceFlinger( 1324): ro.sf.lcd_density must be defined as a build property
06-04 02:07:17.762 D/libEGL  ( 1390): Emulator without GPU support detected. Fallback to legacy software renderer, qemu.gles is set to 0.
06-04 02:07:17.787 D/libEGL  ( 1390): loaded /system/lib64/egl/libGLES_android.so
06-04 02:07:18.362 D/AndroidRuntime( 1327): CheckJNI is ON
06-04 02:07:18.754 D/gralloc_ranchu( 1390): Emulator without host-side GPU emulation detected. Loading gralloc.default.so from /vendor/lib64/hw/gralloc.goldfish.default.so...
06-04 02:07:18.758 D/gralloc_ranchu( 1390): gralloc.default.so not found in /vendor. Trying /system/lib64/hw/gralloc.goldfish.default.so...
06-04 02:07:18.861 I/art     ( 1327): option[0]=-Xzygote
06-04 02:07:18.861 I/art     ( 1327): option[1]=-Xcheck:jni
06-04 02:07:18.862 I/art     ( 1327): option[2]=-Xstacktracefile:/data/anr/traces.txt
06-04 02:07:18.862 I/art     ( 1327): option[3]=exit
06-04 02:07:18.862 I/art     ( 1327): option[4]=vfprintf
06-04 02:07:18.862 I/art     ( 1327): option[5]=sensitiveThread
06-04 02:07:18.862 I/art     ( 1327): option[6]=-verbose:gc
06-04 02:07:18.862 I/art     ( 1327): option[7]=-Xms4m
06-04 02:07:18.862 I/art     ( 1327): option[8]=-Xmx256m
06-04 02:07:18.862 I/art     ( 1327): option[9]=-Xusejit:true
06-04 02:07:18.862 I/art     ( 1327): option[10]=-Xjitsaveprofilinginfo
06-04 02:07:18.862 I/art     ( 1327): option[11]=-agentlib:jdwp=transport=dt_android_adb,suspend=n,server=y
06-04 02:07:18.862 I/art     ( 1327): option[12]=-Xlockprofthreshold:500
06-04 02:07:18.862 I/art     ( 1327): option[13]=-Ximage-compiler-option
06-04 02:07:18.862 I/art     ( 1327): option[14]=--runtime-arg
06-04 02:07:18.863 I/art     ( 1327): option[15]=-Ximage-compiler-option
06-04 02:07:18.863 I/art     ( 1327): option[16]=-Xms64m
06-04 02:07:18.863 I/art     ( 1327): option[17]=-Ximage-compiler-option
06-04 02:07:18.863 I/art     ( 1327): option[18]=--runtime-arg
06-04 02:07:18.863 I/art     ( 1327): option[19]=-Ximage-compiler-option
06-04 02:07:18.863 I/art     ( 1327): option[20]=-Xmx64m
06-04 02:07:18.863 I/art     ( 1327): option[21]=-Ximage-compiler-option
06-04 02:07:18.863 I/art     ( 1327): option[22]=--image-classes=/system/etc/preloaded-classes
06-04 02:07:18.863 I/art     ( 1327): option[23]=-Ximage-compiler-option
06-04 02:07:18.863 I/art     ( 1327): option[24]=--compiled-classes=/system/etc/compiled-classes
06-04 02:07:18.863 I/art     ( 1327): option[25]=-Xcompiler-option
06-04 02:07:18.863 I/art     ( 1327): option[26]=--runtime-arg
06-04 02:07:18.863 I/art     ( 1327): option[27]=-Xcompiler-option
06-04 02:07:18.863 I/art     ( 1327): option[28]=-Xms64m
06-04 02:07:18.863 I/art     ( 1327): option[29]=-Xcompiler-option
06-04 02:07:18.864 I/art     ( 1327): option[30]=--runtime-arg
06-04 02:07:18.864 I/art     ( 1327): option[31]=-Xcompiler-option
06-04 02:07:18.864 I/art     ( 1327): option[32]=-Xmx512m
06-04 02:07:18.864 I/art     ( 1327): option[33]=-Ximage-compiler-option
06-04 02:07:18.864 I/art     ( 1327): option[34]=--instruction-set-variant=x86_64
06-04 02:07:18.864 I/art     ( 1327): option[35]=-Xcompiler-option
06-04 02:07:18.864 I/art     ( 1327): option[36]=--instruction-set-variant=x86_64
06-04 02:07:18.864 I/art     ( 1327): option[37]=-Ximage-compiler-option
06-04 02:07:18.864 I/art     ( 1327): option[38]=--instruction-set-features=default
06-04 02:07:18.864 I/art     ( 1327): option[39]=-Xcompiler-option
06-04 02:07:18.864 I/art     ( 1327): option[40]=--instruction-set-features=default
06-04 02:07:18.864 I/art     ( 1327): option[41]=-Duser.locale=en-US
06-04 02:07:18.864 I/art     ( 1327): option[42]=--cpu-abilist=x86_64
06-04 02:07:18.864 I/art     ( 1327): option[43]=-Xfingerprint:Android/sdk_phone_x86_64/generic_x86_64:7.1.1/NYC/4931657:userdebug/test-keys
06-04 02:07:20.777 E/hostapd ( 1520): Configuration file: /system/etc/simulated_hostapd.conf
06-04 02:07:21.459 I/hostapd ( 1520): rfkill: Cannot get wiphy information
06-04 02:07:21.532 I/hostapd ( 1520): nl80211: Could not re-add multicast membership for vendor events: -2 (No such file or directory)
06-04 02:07:21.534 I/hostapd ( 1520): wlan1: interface state UNINITIALIZED->COUNTRY_UPDATE
06-04 02:07:22.055 D/AndroidRuntime( 1328): >>>>>> START com.android.internal.os.ZygoteInit uid 0 <<<<<<
06-04 02:07:22.107 E/ipv6proxy( 1512): Failed to forward Router Advertisement from eth0 to wlan1: Network is unreachable
06-04 02:07:22.108 E/ipv6proxy( 1512): Failed to forward Router Advertisement from eth0 to radio0-peer: Cannot assign requested address
06-04 02:07:23.063 D/AndroidRuntime( 1328): CheckJNI is ON
06-04 02:07:23.437 I/art     ( 1328): option[0]=-Xzygote
06-04 02:07:23.438 I/art     ( 1328): option[1]=-Xcheck:jni
06-04 02:07:23.438 I/art     ( 1328): option[2]=-Xstacktracefile:/data/anr/traces.txt
06-04 02:07:23.438 I/art     ( 1328): option[3]=exit
06-04 02:07:23.438 I/art     ( 1328): option[4]=vfprintf
06-04 02:07:23.438 I/art     ( 1328): option[5]=sensitiveThread
06-04 02:07:23.438 I/art     ( 1328): option[6]=-verbose:gc
06-04 02:07:23.438 I/art     ( 1328): option[7]=-Xms4m
06-04 02:07:23.438 I/art     ( 1328): option[8]=-Xmx256m
06-04 02:07:23.438 I/art     ( 1328): option[9]=-Xusejit:true
06-04 02:07:23.439 I/art     ( 1328): option[10]=-Xjitsaveprofilinginfo
06-04 02:07:23.439 I/art     ( 1328): option[11]=-agentlib:jdwp=transport=dt_android_adb,suspend=n,server=y
06-04 02:07:23.439 I/art     ( 1328): option[12]=-Xlockprofthreshold:500
06-04 02:07:23.439 I/art     ( 1328): option[13]=-Ximage-compiler-option
06-04 02:07:23.439 I/art     ( 1328): option[14]=--runtime-arg
06-04 02:07:23.439 I/art     ( 1328): option[15]=-Ximage-compiler-option
06-04 02:07:23.439 I/art     ( 1328): option[16]=-Xms64m
06-04 02:07:23.439 I/art     ( 1328): option[17]=-Ximage-compiler-option
06-04 02:07:23.439 I/art     ( 1328): option[18]=--runtime-arg
06-04 02:07:23.439 I/art     ( 1328): option[19]=-Ximage-compiler-option
06-04 02:07:23.439 I/art     ( 1328): option[20]=-Xmx64m
06-04 02:07:23.439 I/art     ( 1328): option[21]=-Ximage-compiler-option
06-04 02:07:23.440 I/art     ( 1328): option[22]=--image-classes=/system/etc/preloaded-classes
06-04 02:07:23.490 I/art     ( 1328): option[23]=-Ximage-compiler-option
06-04 02:07:23.491 I/art     ( 1328): option[24]=--compiled-classes=/system/etc/compiled-classes
06-04 02:07:23.491 I/art     ( 1328): option[25]=-Xcompiler-option
06-04 02:07:23.491 I/art     ( 1328): option[26]=--runtime-arg
06-04 02:07:23.491 I/art     ( 1328): option[27]=-Xcompiler-option
06-04 02:07:23.491 I/art     ( 1328): option[28]=-Xms64m
06-04 02:07:23.491 I/art     ( 1328): option[29]=-Xcompiler-option
06-04 02:07:23.491 I/art     ( 1328): option[30]=--runtime-arg
06-04 02:07:23.491 I/art     ( 1328): option[31]=-Xcompiler-option
06-04 02:07:23.491 I/art     ( 1328): option[32]=-Xmx512m
06-04 02:07:23.491 I/art     ( 1328): option[33]=-Ximage-compiler-option
06-04 02:07:23.491 I/art     ( 1328): option[34]=--instruction-set-variant=x86
06-04 02:07:23.491 I/art     ( 1328): option[35]=-Xcompiler-option
06-04 02:07:23.492 I/art     ( 1328): option[36]=--instruction-set-variant=x86
06-04 02:07:23.492 I/art     ( 1328): option[37]=-Ximage-compiler-option
06-04 02:07:23.492 I/art     ( 1328): option[38]=--instruction-set-features=default
06-04 02:07:23.492 I/art     ( 1328): option[39]=-Xcompiler-option
06-04 02:07:23.492 I/art     ( 1328): option[40]=--instruction-set-features=default
06-04 02:07:23.492 I/art     ( 1328): option[41]=-Duser.locale=en-US
06-04 02:07:23.492 I/art     ( 1328): option[42]=--cpu-abilist=x86
06-04 02:07:23.492 I/art     ( 1328): option[43]=-Xfingerprint:Android/sdk_phone_x86_64/generic_x86_64:7.1.1/NYC/4931657:userdebug/test-keys
06-04 02:07:26.062 E/ipv6proxy( 1512): Failed to forward Router Advertisement from eth0 to wlan1: Network is unreachable
06-04 02:07:26.562 I/hostapd ( 1520): wlan1: interface state COUNTRY_UPDATE->HT_SCAN
06-04 02:07:28.046 E/hostapd ( 1520): Using interface wlan1 with hwaddr 02:00:00:00:01:00 and ssid "AndroidWifi"
06-04 02:07:28.115 I/hostapd ( 1520): wlan1: interface state HT_SCAN->ENABLED
06-04 02:07:28.115 I/hostapd ( 1520): wlan1: AP-ENABLED 
06-04 02:07:29.589 D/ICU     ( 1327): No timezone override file found: /data/misc/zoneinfo/current/icu/icu_tzdata.dat
06-04 02:07:32.601 D/ICU     ( 1328): No timezone override file found: /data/misc/zoneinfo/current/icu/icu_tzdata.dat
06-04 02:07:33.684 E/memtrack( 1327): Couldn't load memtrack module (No such file or directory)
06-04 02:07:33.684 E/android.os.Debug( 1327): failed to load memtrack module: -2
06-04 02:07:33.768 I/Radio-JNI( 1327): register_android_hardware_Radio DONE
06-04 02:07:34.300 I/SamplingProfilerIntegration( 1327): Profiling disabled.
06-04 02:07:34.312 D/Zygote  ( 1327): begin preload
06-04 02:07:34.312 I/Zygote  ( 1327): Installing ICU cache reference pinning...
06-04 02:07:34.321 I/Zygote  ( 1327): Preloading ICU data...
06-04 02:07:37.210 I/Zygote  ( 1327): Preloading classes...
06-04 02:07:37.584 W/Zygote  ( 1327): Class not found for preloading: [Landroid.view.Display$ColorTransform;
06-04 02:07:37.946 E/memtrack( 1328): Couldn't load memtrack module (No such file or directory)
06-04 02:07:37.947 E/android.os.Debug( 1328): failed to load memtrack module: -2
06-04 02:07:37.982 I/Radio-JNI( 1328): register_android_hardware_Radio DONE
06-04 02:07:38.801 I/SamplingProfilerIntegration( 1328): Profiling disabled.
06-04 02:07:39.035 D/Zygote  ( 1328): begin preload
06-04 02:07:39.035 I/Zygote  ( 1328): Installing ICU cache reference pinning...
06-04 02:07:39.090 I/Zygote  ( 1328): Preloading ICU data...
06-04 02:07:41.184 I/Zygote  ( 1328): Preloading classes...
06-04 02:07:41.684 W/Zygote  ( 1328): Class not found for preloading: [Landroid.view.Display$ColorTransform;
06-04 02:07:46.947 E/Typeface( 1327): Error mapping font file /system/fonts/DroidSansFallback.ttf
06-04 02:07:48.038 E/Typeface( 1328): Error mapping font file /system/fonts/DroidSansFallback.ttf
06-04 02:07:54.793 W/art     ( 1327): Suspending all threads took: 42.774ms
06-04 02:07:55.239 I/art     ( 1327): Background concurrent mark sweep GC freed 21949(2MB) AllocSpace objects, 116(2MB) LOS objects, 33% free, 2MB/4MB, paused 50.707ms total 1.085s
06-04 02:07:56.141 I/art     ( 1327): Thread[1,tid=1327,Native,Thread*=0x79afde295a00,peer=0x12c060d0,"main"] recursive attempt to load library "/system/lib64/libmedia_jni.so"
06-04 02:07:56.148 D/MtpDeviceJNI( 1327): register_android_mtp_MtpDevice
06-04 02:07:56.173 I/art     ( 1327): Thread[1,tid=1327,Native,Thread*=0x79afde295a00,peer=0x12c060d0,"main"] recursive attempt to load library "/system/lib64/libmedia_jni.so"
06-04 02:07:56.175 I/art     ( 1327): Thread[1,tid=1327,Native,Thread*=0x79afde295a00,peer=0x12c060d0,"main"] recursive attempt to load library "/system/lib64/libmedia_jni.so"
06-04 02:07:56.945 I/art     ( 1328): Background concurrent mark sweep GC freed 21944(2MB) AllocSpace objects, 109(2016KB) LOS objects, 33% free, 3MB/5MB, paused 74.650ms total 1.178s
06-04 02:07:57.774 I/art     ( 1328): Thread[1,tid=1328,Native,Thread*=0xe7e8b400,peer=0x12c060d0,"main"] recursive attempt to load library "/system/lib/libmedia_jni.so"
06-04 02:07:57.782 D/MtpDeviceJNI( 1328): register_android_mtp_MtpDevice
06-04 02:07:57.785 I/art     ( 1328): Thread[1,tid=1328,Native,Thread*=0xe7e8b400,peer=0x12c060d0,"main"] recursive attempt to load library "/system/lib/libmedia_jni.so"
06-04 02:07:57.786 I/art     ( 1328): Thread[1,tid=1328,Native,Thread*=0xe7e8b400,peer=0x12c060d0,"main"] recursive attempt to load library "/system/lib/libmedia_jni.so"
06-04 02:07:57.913 I/art     ( 1327): Background sticky concurrent mark sweep GC freed 4530(1931KB) AllocSpace objects, 14(240KB) LOS objects, 63% free, 1532KB/4MB, paused 2.619ms total 451.232ms
06-04 02:08:00.051 W/Zygote  ( 1327): Class not found for preloading: android.view.Display$ColorTransform
06-04 02:08:00.052 W/Zygote  ( 1327): Class not found for preloading: android.view.Display$ColorTransform$1
06-04 02:08:01.347 W/Zygote  ( 1328): Class not found for preloading: android.view.Display$ColorTransform
06-04 02:08:01.348 W/Zygote  ( 1328): Class not found for preloading: android.view.Display$ColorTransform$1
06-04 02:08:04.739 I/System  ( 1327): Loaded time zone names for "" in 2139ms (2091ms in ICU)
06-04 02:08:04.845 W/art     ( 1328): Suspending all threads took: 33.748ms
06-04 02:08:04.983 I/art     ( 1328): Background sticky concurrent mark sweep GC freed 16770(2MB) AllocSpace objects, 22(400KB) LOS objects, 67% free, 1657KB/5MB, paused 35.125ms total 363.715ms
06-04 02:08:05.334 I/System  ( 1327): Loaded time zone names for "en_US" in 589ms (583ms in ICU)
06-04 02:08:07.088 I/System  ( 1328): Loaded time zone names for "" in 2053ms (1939ms in ICU)
06-04 02:08:07.599 I/Zygote  ( 1327): ...preloaded 4158 classes in 30342ms.
06-04 02:08:07.624 I/art     ( 1327): VMRuntime.preloadDexCaches starting
06-04 02:08:08.215 I/System  ( 1328): Loaded time zone names for "en_US" in 1077ms (1052ms in ICU)
06-04 02:08:10.199 I/Zygote  ( 1328): ...preloaded 4158 classes in 29014ms.
06-04 02:08:10.334 I/art     ( 1328): VMRuntime.preloadDexCaches starting
06-04 02:08:10.501 I/art     ( 1327): VMRuntime.preloadDexCaches strings total=283712 before=39625 after=39625
06-04 02:08:10.501 I/art     ( 1327): VMRuntime.preloadDexCaches types total=23581 before=7877 after=7904
06-04 02:08:10.501 I/art     ( 1327): VMRuntime.preloadDexCaches fields total=112007 before=40903 after=41117
06-04 02:08:10.502 I/art     ( 1327): VMRuntime.preloadDexCaches methods total=197534 before=82457 after=83017
06-04 02:08:10.502 I/art     ( 1327): VMRuntime.preloadDexCaches finished
06-04 02:08:10.509 I/Zygote  ( 1327): Preloading resources...
06-04 02:08:12.781 W/Resources( 1327): Preloaded drawable resource #0x108025c (android:drawable/dialog_background_material) that varies with configuration!!
06-04 02:08:12.876 W/Resources( 1327): Preloaded drawable resource #0x1080298 (android:drawable/editbox_dropdown_background_dark) that varies with configuration!!
06-04 02:08:12.999 W/Resources( 1327): Preloaded color resource #0x10600e2 (android:color/material_grey_800) that varies with configuration!!
06-04 02:08:12.999 W/Resources( 1327): Preloaded drawable resource #0x10802c9 (android:drawable/floating_popup_background_dark) that varies with configuration!!
06-04 02:08:13.033 I/art     ( 1328): VMRuntime.preloadDexCaches strings total=283712 before=39625 after=39625
06-04 02:08:13.034 I/art     ( 1328): VMRuntime.preloadDexCaches types total=23581 before=7877 after=7904
06-04 02:08:13.034 I/art     ( 1328): VMRuntime.preloadDexCaches fields total=112007 before=40903 after=41117
06-04 02:08:13.034 I/art     ( 1328): VMRuntime.preloadDexCaches methods total=197534 before=82457 after=83017
06-04 02:08:13.034 I/art     ( 1328): VMRuntime.preloadDexCaches finished
06-04 02:08:13.091 I/Zygote  ( 1328): Preloading resources...
06-04 02:08:13.814 I/art     ( 1327): Background concurrent mark sweep GC freed 23735(1475KB) AllocSpace objects, 3(52KB) LOS objects, 55% free, 3MB/7MB, paused 1.856ms total 471.499ms
06-04 02:08:14.363 W/Resources( 1327): Preloaded drawable resource #0x108030b (android:drawable/ic_clear_disabled) that varies with configuration!!
06-04 02:08:14.366 W/Resources( 1327): Preloaded drawable resource #0x1080310 (android:drawable/ic_clear_normal) that varies with configuration!!
06-04 02:08:14.547 W/Resources( 1327): Preloaded drawable resource #0x1080359 (android:drawable/ic_go) that varies with configuration!!
06-04 02:08:14.855 W/Resources( 1327): Preloaded drawable resource #0x1080038 (android:drawable/ic_menu_close_clear_cancel) that varies with configuration!!
06-04 02:08:14.907 W/Resources( 1327): Preloaded drawable resource #0x1080045 (android:drawable/ic_menu_more) that varies with configuration!!
06-04 02:08:15.353 W/Resources( 1328): Preloaded drawable resource #0x108025c (android:drawable/dialog_background_material) that varies with configuration!!
06-04 02:08:15.371 W/Resources( 1328): Preloaded drawable resource #0x1080298 (android:drawable/editbox_dropdown_background_dark) that varies with configuration!!
06-04 02:08:15.461 W/Resources( 1328): Preloaded color resource #0x10600e2 (android:color/material_grey_800) that varies with configuration!!
06-04 02:08:15.462 W/Resources( 1328): Preloaded drawable resource #0x10802c9 (android:drawable/floating_popup_background_dark) that varies with configuration!!
06-04 02:08:15.633 W/Resources( 1327): Preloaded drawable resource #0x10804e8 (android:drawable/menu_background_fill_parent_width) that varies with configuration!!
06-04 02:08:16.548 W/Resources( 1328): Preloaded drawable resource #0x108030b (android:drawable/ic_clear_disabled) that varies with configuration!!
06-04 02:08:16.623 W/Resources( 1328): Preloaded drawable resource #0x1080310 (android:drawable/ic_clear_normal) that varies with configuration!!
06-04 02:08:16.895 W/Resources( 1328): Preloaded drawable resource #0x1080359 (android:drawable/ic_go) that varies with configuration!!
06-04 02:08:17.196 W/Resources( 1328): Preloaded drawable resource #0x1080038 (android:drawable/ic_menu_close_clear_cancel) that varies with configuration!!
06-04 02:08:17.391 W/Resources( 1328): Preloaded drawable resource #0x1080045 (android:drawable/ic_menu_more) that varies with configuration!!
06-04 02:08:17.949 I/art     ( 1328): Background sticky concurrent mark sweep GC freed 9661(596KB) AllocSpace objects, 3(120KB) LOS objects, 15% free, 4MB/5MB, paused 12.644ms total 267.166ms
06-04 02:08:18.130 W/Resources( 1328): Preloaded drawable resource #0x10804e8 (android:drawable/menu_background_fill_parent_width) that varies with configuration!!
06-04 02:08:18.486 W/Resources( 1327): Preloaded drawable resource #0x108077e (android:drawable/text_edit_paste_window) that varies with configuration!!
06-04 02:08:18.744 W/Resources( 1327): Preloaded drawable resource #0x1080096 (android:drawable/toast_frame) that varies with configuration!!
06-04 02:08:18.745 I/Zygote  ( 1327): ...preloaded 114 resources in 8235ms.
06-04 02:08:19.213 W/Resources( 1327): Preloaded color resource #0x106010b (android:color/background_cache_hint_selector_material_dark) that varies with configuration!!
06-04 02:08:19.217 W/Resources( 1327): Preloaded color resource #0x1060110 (android:color/btn_default_material_dark) that varies with configuration!!
06-04 02:08:19.288 I/Zygote  ( 1327): ...preloaded 41 resources in 543ms.
06-04 02:08:19.354 D/libEGL  ( 1327): Emulator without GPU support detected. Fallback to legacy software renderer, qemu.gles is set to 0.
06-04 02:08:19.491 I/art     ( 1328): Background concurrent mark sweep GC freed 3610(191KB) AllocSpace objects, 3(72KB) LOS objects, 45% free, 4MB/8MB, paused 929us total 348.298ms
06-04 02:08:19.499 D/libEGL  ( 1327): loaded /system/lib64/egl/libGLES_android.so
06-04 02:08:20.887 I/Zygote  ( 1327): Preloading shared libraries...
06-04 02:08:21.116 W/Resources( 1328): Preloaded drawable resource #0x108077e (android:drawable/text_edit_paste_window) that varies with configuration!!
06-04 02:08:21.233 E/Hyphenator( 1327): error loading hyphenation /system/usr/hyphen-data/hyph-as.hyb
06-04 02:08:21.233 E/Hyphenator( 1327): java.io.FileNotFoundException: /system/usr/hyphen-data/hyph-as.hyb: open failed: ENOENT (No such file or directory)
06-04 02:08:21.233 E/Hyphenator( 1327): 	at libcore.io.IoBridge.open(IoBridge.java:455)
06-04 02:08:21.233 E/Hyphenator( 1327): 	at java.io.RandomAccessFile.<init>(RandomAccessFile.java:247)
06-04 02:08:21.233 E/Hyphenator( 1327): 	at android.text.Hyphenator.loadHyphenator(Hyphenator.java:118)
06-04 02:08:21.233 E/Hyphenator( 1327): 	at android.text.Hyphenator.init(Hyphenator.java:224)
06-04 02:08:21.233 E/Hyphenator( 1327): 	at com.android.internal.os.ZygoteInit.preloadTextResources(ZygoteInit.java:252)
06-04 02:08:21.233 E/Hyphenator( 1327): 	at com.android.internal.os.ZygoteInit.preload(ZygoteInit.java:206)
06-04 02:08:21.233 E/Hyphenator( 1327): 	at com.android.internal.os.ZygoteInit.main(ZygoteInit.java:743)
06-04 02:08:21.233 E/Hyphenator( 1327): Caused by: android.system.ErrnoException: open failed: ENOENT (No such file or directory)
06-04 02:08:21.233 E/Hyphenator( 1327): 	at libcore.io.Posix.open(Native Method)
06-04 02:08:21.233 E/Hyphenator( 1327): 	at libcore.io.BlockGuardOs.open(BlockGuardOs.java:187)
06-04 02:08:21.233 E/Hyphenator( 1327): 	at libcore.io.IoBridge.open(IoBridge.java:441)
06-04 02:08:21.233 E/Hyphenator( 1327): 	... 6 more
06-04 02:08:21.235 E/Hyphenator( 1327): error loading hyphenation /system/usr/hyphen-data/hyph-bn.hyb
06-04 02:08:21.235 E/Hyphenator( 1327): java.io.FileNotFoundException: /system/usr/hyphen-data/hyph-bn.hyb: open failed: ENOENT (No such file or directory)
06-04 02:08:21.235 E/Hyphenator( 1327): 	at libcore.io.IoBridge.open(IoBridge.java:455)
06-04 02:08:21.235 E/Hyphenator( 1327): 	at java.io.RandomAccessFile.<init>(RandomAccessFile.java:247)
06-04 02:08:21.235 E/Hyphenator( 1327): 	at android.text.Hyphenator.loadHyphenator(Hyphenator.java:118)
06-04 02:08:21.235 E/Hyphenator( 1327): 	at android.text.Hyphenator.init(Hyphenator.java:224)
06-04 02:08:21.235 E/Hyphenator( 1327): 	at com.android.internal.os.ZygoteInit.preloadTextResources(ZygoteInit.java:252)
06-04 02:08:21.235 E/Hyphenator( 1327): 	at com.android.internal.os.ZygoteInit.preload(ZygoteInit.java:206)
06-04 02:08:21.235 E/Hyphenator( 1327): 	at com.android.internal.os.ZygoteInit.main(ZygoteInit.java:743)
06-04 02:08:21.235 E/Hyphenator( 1327): Caused by: android.system.ErrnoException: open failed: ENOENT (No such file or directory)
06-04 02:08:21.235 E/Hyphenator( 1327): 	at libcore.io.Posix.open(Native Method)
06-04 02:08:21.235 E/Hyphenator( 1327): 	at libcore.io.BlockGuardOs.open(BlockGuardOs.java:187)
06-04 02:08:21.235 E/Hyphenator( 1327): 	at libcore.io.IoBridge.open(IoBridge.java:441)
06-04 02:08:21.235 E/Hyphenator( 1327): 	... 6 more
06-04 02:08:21.237 E/Hyphenator( 1327): error loading hyphenation /system/usr/hyphen-data/hyph-cy.hyb
06-04 02:08:21.237 E/Hyphenator( 1327): java.io.FileNotFoundException: /system/usr/hyphen-data/hyph-cy.hyb: open failed: ENOENT (No such file or directory)
06-04 02:08:21.237 E/Hyphenator( 1327): 	at libcore.io.IoBridge.open(IoBridge.java:455)
06-04 02:08:21.237 E/Hyphenator( 1327): 	at java.io.RandomAccessFile.<init>(RandomAccessFile.java:247)
06-04 02:08:21.237 E/Hyphenator( 1327): 	at android.text.Hyphenator.loadHyphenator(Hyphenator.java:118)
06-04 02:08:21.237 E/Hyphenator( 1327): 	at android.text.Hyphenator.init(Hyphenator.java:224)
06-04 02:08:21.237 E/Hyphenator( 1327): 	at com.android.internal.os.ZygoteInit.preloadTextResources(ZygoteInit.java:252)
06-04 02:08:21.237 E/Hyphenator( 1327): 	at com.android.internal.os.ZygoteInit.preload(ZygoteInit.java:206)
06-04 02:08:21.237 E/Hyphenator( 1327): 	at com.android.internal.os.ZygoteInit.main(ZygoteInit.java:743)
06-04 02:08:21.237 E/Hyphenator( 1327): Caused by: android.system.ErrnoException: open failed: ENOENT (No such file or directory)
06-04 02:08:21.237 E/Hyphenator( 1327): 	at libcore.io.Posix.open(Native Method)
06-04 02:08:21.237 E/Hyphenator( 1327): 	at libcore.io.BlockGuardOs.open(BlockGuardOs.java:187)
06-04 02:08:21.237 E/Hyphenator( 1327): 	at libcore.io.IoBridge.open(IoBridge.java:441)
06-04 02:08:21.237 E/Hyphenator( 1327): 	... 6 more
06-04 02:08:21.239 E/Hyphenator( 1327): error loading hyphenation /system/usr/hyphen-data/hyph-da.hyb
06-04 02:08:21.239 E/Hyphenator( 1327): java.io.FileNotFoundException: /system/usr/hyphen-data/hyph-da.hyb: open failed: ENOENT (No such file or directory)
06-04 02:08:21.239 E/Hyphenator( 1327): 	at libcore.io.IoBridge.open(IoBridge.java:455)
06-04 02:08:21.239 E/Hyphenator( 1327): 	at java.io.RandomAccessFile.<init>(RandomAccessFile.java:247)
06-04 02:08:21.239 E/Hyphenator( 1327): 	at android.text.Hyphenator.loadHyphenator(Hyphenator.java:118)
06-04 02:08:21.239 E/Hyphenator( 1327): 	at android.text.Hyphenator.init(Hyphenator.java:224)
06-04 02:08:21.239 E/Hyphenator( 1327): 	at com.android.internal.os.ZygoteInit.preloadTextResources(ZygoteInit.java:252)
06-04 02:08:21.239 E/Hyphenator( 1327): 	at com.android.internal.os.ZygoteInit.preload(ZygoteInit.java:206)
06-04 02:08:21.239 E/Hyphenator( 1327): 	at com.android.internal.os.ZygoteInit.main(ZygoteInit.java:743)
06-04 02:08:21.239 E/Hyphenator( 1327): Caused by: android.system.ErrnoException: open failed: ENOENT (No such file or directory)
06-04 02:08:21.239 E/Hyphenator( 1327): 	at libcore.io.Posix.open(Native Method)
06-04 02:08:21.239 E/Hyphenator( 1327): 	at libcore.io.BlockGuardOs.open(BlockGuardOs.java:187)
06-04 02:08:21.239 E/Hyphenator( 1327): 	at libcore.io.IoBridge.open(IoBridge.java:441)
06-04 02:08:21.239 E/Hyphenator( 1327): 	... 6 more
06-04 02:08:21.265 W/Resources( 1328): Preloaded drawable resource #0x1080096 (android:drawable/toast_frame) that varies with configuration!!
06-04 02:08:21.266 I/Zygote  ( 1328): ...preloaded 114 resources in 8174ms.
06-04 02:08:21.301 E/Hyphenator( 1327): error loading hyphenation /system/usr/hyphen-data/hyph-de-1901.hyb
06-04 02:08:21.301 E/Hyphenator( 1327): java.io.FileNotFoundException: /system/usr/hyphen-data/hyph-de-1901.hyb: open failed: ENOENT (No such file or directory)
06-04 02:08:21.301 E/Hyphenator( 1327): 	at libcore.io.IoBridge.open(IoBridge.java:455)
06-04 02:08:21.301 E/Hyphenator( 1327): 	at java.io.RandomAccessFile.<init>(RandomAccessFile.java:247)
06-04 02:08:21.301 E/Hyphenator( 1327): 	at android.text.Hyphenator.loadHyphenator(Hyphenator.java:118)
06-04 02:08:21.301 E/Hyphenator( 1327): 	at android.text.Hyphenator.init(Hyphenator.java:224)
06-04 02:08:21.301 E/Hyphenator( 1327): 	at com.android.internal.os.ZygoteInit.preloadTextResources(ZygoteInit.java:252)
06-04 02:08:21.301 E/Hyphenator( 1327): 	at com.android.internal.os.ZygoteInit.preload(ZygoteInit.java:206)
06-04 02:08:21.301 E/Hyphenator( 1327): 	at com.android.internal.os.ZygoteInit.main(ZygoteInit.java:743)
06-04 02:08:21.301 E/Hyphenator( 1327): Caused by: android.system.ErrnoException: open failed: ENOENT (No such file or directory)
06-04 02:08:21.301 E/Hyphenator( 1327): 	at libcore.io.Posix.open(Native Method)
06-04 02:08:21.301 E/Hyphenator( 1327): 	at libcore.io.BlockGuardOs.open(BlockGuardOs.java:187)
06-04 02:08:21.301 E/Hyphenator( 1327): 	at libcore.io.IoBridge.open(IoBridge.java:441)
06-04 02:08:21.301 E/Hyphenator( 1327): 	... 6 more
06-04 02:08:21.304 E/Hyphenator( 1327): error loading hyphenation /system/usr/hyphen-data/hyph-de-1996.hyb
06-04 02:08:21.304 E/Hyphenator( 1327): java.io.FileNotFoundException: /system/usr/hyphen-data/hyph-de-1996.hyb: open failed: ENOENT (No such file or directory)
06-04 02:08:21.304 E/Hyphenator( 1327): 	at libcore.io.IoBridge.open(IoBridge.java:455)
06-04 02:08:21.304 E/Hyphenator( 1327): 	at java.io.RandomAccessFile.<init>(RandomAccessFile.java:247)
06-04 02:08:21.304 E/Hyphenator( 1327): 	at android.text.Hyphenator.loadHyphenator(Hyphenator.java:118)
06-04 02:08:21.304 E/Hyphenator( 1327): 	at android.text.Hyphenator.init(Hyphenator.java:224)
06-04 02:08:21.304 E/Hyphenator( 1327): 	at com.android.internal.os.ZygoteInit.preloadTextResources(ZygoteInit.java:252)
06-04 02:08:21.304 E/Hyphenator( 1327): 	at com.android.internal.os.ZygoteInit.preload(ZygoteInit.java:206)
06-04 02:08:21.304 E/Hyphenator( 1327): 	at com.android.internal.os.ZygoteInit.main(ZygoteInit.java:743)
06-04 02:08:21.304 E/Hyphenator( 1327): Caused by: android.system.ErrnoException: open failed: ENOENT (No such file or directory)
06-04 02:08:21.304 E/Hyphenator( 1327): 	at libcore.io.Posix.open(Native Method)
06-04 02:08:21.304 E/Hyphenator( 1327): 	at libcore.io.BlockGuardOs.open(BlockGuardOs.java:187)
06-04 02:08:21.304 E/Hyphenator( 1327): 	at libcore.io.IoBridge.open(IoBridge.java:441)
06-04 02:08:21.304 E/Hyphenator( 1327): 	... 6 more
06-04 02:08:21.306 E/Hyphenator( 1327): error loading hyphenation /system/usr/hyphen-data/hyph-de-ch-1901.hyb
06-04 02:08:21.306 E/Hyphenator( 1327): java.io.FileNotFoundException: /system/usr/hyphen-data/hyph-de-ch-1901.hyb: open failed: ENOENT (No such file or directory)
06-04 02:08:21.306 E/Hyphenator( 1327): 	at libcore.io.IoBridge.open(IoBridge.java:455)
06-04 02:08:21.306 E/Hyphenator( 1327): 	at java.io.RandomAccessFile.<init>(RandomAccessFile.java:247)
06-04 02:08:21.306 E/Hyphenator( 1327): 	at android.text.Hyphenator.loadHyphenator(Hyphenator.java:118)
06-04 02:08:21.306 E/Hyphenator( 1327): 	at android.text.Hyphenator.init(Hyphenator.java:224)
06-04 02:08:21.306 E/Hyphenator( 1327): 	at com.android.internal.os.ZygoteInit.preloadTextResources(ZygoteInit.java:252)
06-04 02:08:21.306 E/Hyphenator( 1327): 	at com.android.internal.os.ZygoteInit.preload(ZygoteInit.java:206)
06-04 02:08:21.306 E/Hyphenator( 1327): 	at com.android.internal.os.ZygoteInit.main(ZygoteInit.java:743)
06-04 02:08:21.306 E/Hyphenator( 1327): Caused by: android.system.ErrnoException: open failed: ENOENT (No such file or directory)
06-04 02:08:21.306 E/Hyphenator( 1327): 	at libcore.io.Posix.open(Native Method)
06-04 02:08:21.306 E/Hyphenator( 1327): 	at libcore.io.BlockGuardOs.open(BlockGuardOs.java:187)
06-04 02:08:21.306 E/Hyphenator( 1327): 	at libcore.io.IoBridge.open(IoBridge.java:441)
06-04 02:08:21.306 E/Hyphenator( 1327): 	... 6 more
06-04 02:08:21.307 E/Hyphenator( 1327): error loading hyphenation /system/usr/hyphen-data/hyph-en-gb.hyb
06-04 02:08:21.307 E/Hyphenator( 1327): java.io.FileNotFoundException: /system/usr/hyphen-data/hyph-en-gb.hyb: open failed: ENOENT (No such file or directory)
06-04 02:08:21.307 E/Hyphenator( 1327): 	at libcore.io.IoBridge.open(IoBridge.java:455)
06-04 02:08:21.307 E/Hyphenator( 1327): 	at java.io.RandomAccessFile.<init>(RandomAccessFile.java:247)
06-04 02:08:21.307 E/Hyphenator( 1327): 	at android.text.Hyphenator.loadHyphenator(Hyphenator.java:118)
06-04 02:08:21.307 E/Hyphenator( 1327): 	at android.text.Hyphenator.init(Hyphenator.java:224)
06-04 02:08:21.307 E/Hyphenator( 1327): 	at com.android.internal.os.ZygoteInit.preloadTextResources(ZygoteInit.java:252)
06-04 02:08:21.307 E/Hyphenator( 1327): 	at com.android.internal.os.ZygoteInit.preload(ZygoteInit.java:206)
06-04 02:08:21.307 E/Hyphenator( 1327): 	at com.android.internal.os.ZygoteInit.main(ZygoteInit.java:743)
06-04 02:08:21.307 E/Hyphenator( 1327): Caused by: android.system.ErrnoException: open failed: ENOENT (No such file or directory)
06-04 02:08:21.307 E/Hyphenator( 1327): 	at libcore.io.Posix.open(Native Method)
06-04 02:08:21.307 E/Hyphenator( 1327): 	at libcore.io.BlockGuardOs.open(BlockGuardOs.java:187)
06-04 02:08:21.307 E/Hyphenator( 1327): 	at libcore.io.IoBridge.open(IoBridge.java:441)
06-04 02:08:21.307 E/Hyphenator( 1327): 	... 6 more
06-04 02:08:21.309 E/Hyphenator( 1327): error loading hyphenation /system/usr/hyphen-data/hyph-en-us.hyb
06-04 02:08:21.309 E/Hyphenator( 1327): java.io.FileNotFoundException: /system/usr/hyphen-data/hyph-en-us.hyb: open failed: ENOENT (No such file or directory)
06-04 02:08:21.309 E/Hyphenator( 1327): 	at libcore.io.IoBridge.open(IoBridge.java:455)
06-04 02:08:21.309 E/Hyphenator( 1327): 	at java.io.RandomAccessFile.<init>(RandomAccessFile.java:247)
06-04 02:08:21.309 E/Hyphenator( 1327): 	at android.text.Hyphenator.loadHyphenator(Hyphenator.java:118)
06-04 02:08:21.309 E/Hyphenator( 1327): 	at android.text.Hyphenator.init(Hyphenator.java:224)
06-04 02:08:21.309 E/Hyphenator( 1327): 	at com.android.internal.os.ZygoteInit.preloadTextResources(ZygoteInit.java:252)
06-04 02:08:21.309 E/Hyphenator( 1327): 	at com.android.internal.os.ZygoteInit.preload(ZygoteInit.java:206)
06-04 02:08:21.309 E/Hyphenator( 1327): 	at com.android.internal.os.ZygoteInit.main(ZygoteInit.java:743)
06-04 02:08:21.309 E/Hyphenator( 1327): Caused by: android.system.ErrnoException: open failed: ENOENT (No such file or directory)
06-04 02:08:21.309 E/Hyphenator( 1327): 	at libcore.io.Posix.open(Native Method)
06-04 02:08:21.309 E/Hyphenator( 1327): 	at libcore.io.BlockGuardOs.open(BlockGuardOs.java:187)
06-04 02:08:21.309 E/Hyphenator( 1327): 	at libcore.io.IoBridge.open(IoBridge.java:441)
06-04 02:08:21.309 E/Hyphenator( 1327): 	... 6 more
06-04 02:08:21.382 E/Hyphenator( 1327): error loading hyphenation /system/usr/hyphen-data/hyph-es.hyb
06-04 02:08:21.382 E/Hyphenator( 1327): java.io.FileNotFoundException: /system/usr/hyphen-data/hyph-es.hyb: open failed: ENOENT (No such file or directory)
06-04 02:08:21.382 E/Hyphenator( 1327): 	at libcore.io.IoBridge.open(IoBridge.java:455)
06-04 02:08:21.382 E/Hyphenator( 1327): 	at java.io.RandomAccessFile.<init>(RandomAccessFile.java:247)
06-04 02:08:21.382 E/Hyphenator( 1327): 	at android.text.Hyphenator.loadHyphenator(Hyphenator.java:118)
06-04 02:08:21.382 E/Hyphenator( 1327): 	at android.text.Hyphenator.init(Hyphenator.java:224)
06-04 02:08:21.382 E/Hyphenator( 1327): 	at com.android.internal.os.ZygoteInit.preloadTextResources(ZygoteInit.java:252)
06-04 02:08:21.382 E/Hyphenator( 1327): 	at com.android.internal.os.ZygoteInit.preload(ZygoteInit.java:206)
06-04 02:08:21.382 E/Hyphenator( 1327): 	at com.android.internal.os.ZygoteInit.main(ZygoteInit.java:743)
06-04 02:08:21.382 E/Hyphenator( 1327): Caused by: android.system.ErrnoException: open failed: ENOENT (No such file or directory)
06-04 02:08:21.382 E/Hyphenator( 1327): 	at libcore.io.Posix.open(Native Method)
06-04 02:08:21.382 E/Hyphenator( 1327): 	at libcore.io.BlockGuardOs.open(BlockGuardOs.java:187)
06-04 02:08:21.382 E/Hyphenator( 1327): 	at libcore.io.IoBridge.open(IoBridge.java:441)
06-04 02:08:21.382 E/Hyphenator( 1327): 	... 6 more
06-04 02:08:21.384 E/Hyphenator( 1327): error loading hyphenation /system/usr/hyphen-data/hyph-et.hyb
06-04 02:08:21.384 E/Hyphenator( 1327): java.io.FileNotFoundException: /system/usr/hyphen-data/hyph-et.hyb: open failed: ENOENT (No such file or directory)
06-04 02:08:21.384 E/Hyphenator( 1327): 	at libcore.io.IoBridge.open(IoBridge.java:455)
06-04 02:08:21.384 E/Hyphenator( 1327): 	at java.io.RandomAccessFile.<init>(RandomAccessFile.java:247)
06-04 02:08:21.384 E/Hyphenator( 1327): 	at android.text.Hyphenator.loadHyphenator(Hyphenator.java:118)
06-04 02:08:21.384 E/Hyphenator( 1327): 	at android.text.Hyphenator.init(Hyphenator.java:224)
06-04 02:08:21.384 E/Hyphenator( 1327): 	at com.android.internal.os.ZygoteInit.preloadTextResources(ZygoteInit.java:252)
06-04 02:08:21.384 E/Hyphenator( 1327): 	at com.android.internal.os.ZygoteInit.preload(ZygoteInit.java:206)
06-04 02:08:21.384 E/Hyphenator( 1327): 	at com.android.internal.os.ZygoteInit.main(ZygoteInit.java:743)
06-04 02:08:21.384 E/Hyphenator( 1327): Caused by: android.system.ErrnoException: open failed: ENOENT (No such file or directory)
06-04 02:08:21.384 E/Hyphenator( 1327): 	at libcore.io.Posix.open(Native Method)
06-04 02:08:21.384 E/Hyphenator( 1327): 	at libcore.io.BlockGuardOs.open(BlockGuardOs.java:187)
06-04 02:08:21.384 E/Hyphenator( 1327): 	at libcore.io.IoBridge.open(IoBridge.java:441)
06-04 02:08:21.384 E/Hyphenator( 1327): 	... 6 more
06-04 02:08:21.386 E/Hyphenator( 1327): error loading hyphenation /system/usr/hyphen-data/hyph-eu.hyb
06-04 02:08:21.386 E/Hyphenator( 1327): java.io.FileNotFoundException: /system/usr/hyphen-data/hyph-eu.hyb: open failed: ENOENT (No such file or directory)
06-04 02:08:21.386 E/Hyphenator( 1327): 	at libcore.io.IoBridge.open(IoBridge.java:455)
06-04 02:08:21.386 E/Hyphenator( 1327): 	at java.io.RandomAccessFile.<init>(RandomAccessFile.java:247)
06-04 02:08:21.386 E/Hyphenator( 1327): 	at android.text.Hyphenator.loadHyphenator(Hyphenator.java:118)
06-04 02:08:21.386 E/Hyphenator( 1327): 	at android.text.Hyphenator.init(Hyphenator.java:224)
06-04 02:08:21.386 E/Hyphenator( 1327): 	at com.android.internal.os.ZygoteInit.preloadTextResources(ZygoteInit.java:252)
06-04 02:08:21.386 E/Hyphenator( 1327): 	at com.android.internal.os.ZygoteInit.preload(ZygoteInit.java:206)
06-04 02:08:21.386 E/Hyphenator( 1327): 	at com.android.internal.os.ZygoteInit.main(ZygoteInit.java:743)
06-04 02:08:21.386 E/Hyphenator( 1327): Caused by: android.system.ErrnoException: open failed: ENOENT (No such file or directory)
06-04 02:08:21.386 E/Hyphenator( 1327): 	at libcore.io.Posix.open(Native Method)
06-04 02:08:21.386 E/Hyphenator( 1327): 	at libcore.io.BlockGuardOs.open(BlockGuardOs.java:187)
06-04 02:08:21.386 E/Hyphenator( 1327): 	at libcore.io.IoBridge.open(IoBridge.java:441)
06-04 02:08:21.386 E/Hyphenator( 1327): 	... 6 more
06-04 02:08:21.388 E/Hyphenator( 1327): error loading hyphenation /system/usr/hyphen-data/hyph-fr.hyb
06-04 02:08:21.388 E/Hyphenator( 1327): java.io.FileNotFoundException: /system/usr/hyphen-data/hyph-fr.hyb: open failed: ENOENT (No such file or directory)
06-04 02:08:21.388 E/Hyphenator( 1327): 	at libcore.io.IoBridge.open(IoBridge.java:455)
06-04 02:08:21.388 E/Hyphenator( 1327): 	at java.io.RandomAccessFile.<init>(RandomAccessFile.java:247)
06-04 02:08:21.388 E/Hyphenator( 1327): 	at android.text.Hyphenator.loadHyphenator(Hyphenator.java:118)
06-04 02:08:21.388 E/Hyphenator( 1327): 	at android.text.Hyphenator.init(Hyphenator.java:224)
06-04 02:08:21.388 E/Hyphenator( 1327): 	at com.android.internal.os.ZygoteInit.preloadTextResources(ZygoteInit.java:252)
06-04 02:08:21.388 E/Hyphenator( 1327): 	at com.android.internal.os.ZygoteInit.preload(ZygoteInit.java:206)
06-04 02:08:21.388 E/Hyphenator( 1327): 	at com.android.internal.os.ZygoteInit.main(ZygoteInit.java:743)
06-04 02:08:21.388 E/Hyphenator( 1327): Caused by: android.system.ErrnoException: open failed: ENOENT (No such file or directory)
06-04 02:08:21.388 E/Hyphenator( 1327): 	at libcore.io.Posix.open(Native Method)
06-04 02:08:21.388 E/Hyphenator( 1327): 	at libcore.io.BlockGuardOs.open(BlockGuardOs.java:187)
06-04 02:08:21.388 E/Hyphenator( 1327): 	at libcore.io.IoBridge.open(IoBridge.java:441)
06-04 02:08:21.388 E/Hyphenator( 1327): 	... 6 more
06-04 02:08:21.441 E/Hyphenator( 1327): error loading hyphenation /system/usr/hyphen-data/hyph-ga.hyb
06-04 02:08:21.441 E/Hyphenator( 1327): java.io.FileNotFoundException: /system/usr/hyphen-data/hyph-ga.hyb: open failed: ENOENT (No such file or directory)
06-04 02:08:21.441 E/Hyphenator( 1327): 	at libcore.io.IoBridge.open(IoBridge.java:455)
06-04 02:08:21.441 E/Hyphenator( 1327): 	at java.io.RandomAccessFile.<init>(RandomAccessFile.java:247)
06-04 02:08:21.441 E/Hyphenator( 1327): 	at android.text.Hyphenator.loadHyphenator(Hyphenator.java:118)
06-04 02:08:21.441 E/Hyphenator( 1327): 	at android.text.Hyphenator.init(Hyphenator.java:224)
06-04 02:08:21.441 E/Hyphenator( 1327): 	at com.android.internal.os.ZygoteInit.preloadTextResources(ZygoteInit.java:252)
06-04 02:08:21.441 E/Hyphenator( 1327): 	at com.android.internal.os.ZygoteInit.preload(ZygoteInit.java:206)
06-04 02:08:21.441 E/Hyphenator( 1327): 	at com.android.internal.os.ZygoteInit.main(ZygoteInit.java:743)
06-04 02:08:21.441 E/Hyphenator( 1327): Caused by: android.system.ErrnoException: open failed: ENOENT (No such file or directory)
06-04 02:08:21.441 E/Hyphenator( 1327): 	at libcore.io.Posix.open(Native Method)
06-04 02:08:21.441 E/Hyphenator( 1327): 	at libcore.io.BlockGuardOs.open(BlockGuardOs.java:187)
06-04 02:08:21.441 E/Hyphenator( 1327): 	at libcore.io.IoBridge.open(IoBridge.java:441)
06-04 02:08:21.441 E/Hyphenator( 1327): 	... 6 more
06-04 02:08:21.443 E/Hyphenator( 1327): error loading hyphenation /system/usr/hyphen-data/hyph-gu.hyb
06-04 02:08:21.443 E/Hyphenator( 1327): java.io.FileNotFoundException: /system/usr/hyphen-data/hyph-gu.hyb: open failed: ENOENT (No such file or directory)
06-04 02:08:21.443 E/Hyphenator( 1327): 	at libcore.io.IoBridge.open(IoBridge.java:455)
06-04 02:08:21.443 E/Hyphenator( 1327): 	at java.io.RandomAccessFile.<init>(RandomAccessFile.java:247)
06-04 02:08:21.443 E/Hyphenator( 1327): 	at android.text.Hyphenator.loadHyphenator(Hyphenator.java:118)
06-04 02:08:21.443 E/Hyphenator( 1327): 	at android.text.Hyphenator.init(Hyphenator.java:224)
06-04 02:08:21.443 E/Hyphenator( 1327): 	at com.android.internal.os.ZygoteInit.preloadTextResources(ZygoteInit.java:252)
06-04 02:08:21.443 E/Hyphenator( 1327): 	at com.android.internal.os.ZygoteInit.preload(ZygoteInit.java:206)
06-04 02:08:21.443 E/Hyphenator( 1327): 	at com.android.internal.os.ZygoteInit.main(ZygoteInit.java:743)
06-04 02:08:21.443 E/Hyphenator( 1327): Caused by: android.system.ErrnoException: open failed: ENOENT (No such file or directory)
06-04 02:08:21.443 E/Hyphenator( 1327): 	at libcore.io.Posix.open(Native Method)
06-04 02:08:21.443 E/Hyphenator( 1327): 	at libcore.io.BlockGuardOs.open(BlockGuardOs.java:187)
06-04 02:08:21.443 E/Hyphenator( 1327): 	at libcore.io.IoBridge.open(IoBridge.java:441)
