06-05 11:59:44.466 I/ActivityManager( 1734): Start proc 2739:com.android.calendar/u0a26 for broadcast com.android.calendar/.alerts.AlertReceiver
06-05 11:59:44.466 W/ActivityManager( 1734): Slow operation: 104ms so far, now at startProcess: starting to update pids map
06-05 11:59:44.467 W/ActivityManager( 1734): Slow operation: 104ms so far, now at startProcess: done updating pids map
06-05 11:59:44.467 W/ActivityManager( 1734): Slow operation: 105ms so far, now at startProcess: done starting proc!
06-05 11:59:44.539 W/art     ( 2739): Unexpected CPU variant for X86 using defaults: x86_64
06-05 11:59:44.577 W/CountryDetector( 2721): No location permissions, not registering for location updates.
06-05 11:59:44.586 W/ActivityManager( 1734): Slow operation: 114ms so far, now at startProcess: returned from zygote!
06-05 11:59:44.586 W/ActivityManager( 1734): Slow operation: 115ms so far, now at startProcess: done updating battery stats
06-05 11:59:44.587 W/ActivityManager( 1734): Slow operation: 115ms so far, now at startProcess: building log message
06-05 11:59:44.587 I/ActivityManager( 1734): Start proc 2751:com.android.carrierconfig/u0a3 for service com.android.carrierconfig/.DefaultCarrierConfigService
06-05 11:59:44.587 W/ActivityManager( 1734): Slow operation: 115ms so far, now at startProcess: starting to update pids map
06-05 11:59:44.587 W/ActivityManager( 1734): Slow operation: 115ms so far, now at startProcess: done updating pids map
06-05 11:59:44.587 W/ActivityManager( 1734): Slow operation: 117ms so far, now at startProcess: done starting proc!
06-05 11:59:44.628 W/art     ( 2751): Unexpected CPU variant for X86 using defaults: x86_64
06-05 11:59:44.817 W/System  ( 2751): ClassLoader referenced unknown path: /system/priv-app/CarrierConfig/lib/x86_64
06-05 11:59:44.904 D/DefaultCarrierConfigService( 2751): Service created
06-05 11:59:44.926 D/CarrierConfigLoader( 2211): Connected to config app: com.android.carrierconfig/com.android.carrierconfig.DefaultCarrierConfigService
06-05 11:59:44.927 D/CarrierConfigLoader( 2211): mHandler: 3 phoneId: 0
06-05 11:59:44.931 D/DefaultCarrierConfigService( 2751): Config being fetched
06-05 11:59:44.975 D/DefaultCarrierConfigService( 2751): java.io.FileNotFoundException: carrier_config_.xml
06-05 11:59:44.981 E/CarrierConfigLoader( 2211): Cannot save config with null packageName or iccid.
06-05 11:59:44.996 D/CarrierConfigLoader( 2211): mHandler: 5 phoneId: 0
06-05 11:59:45.006 E/PhoneInterfaceManager( 2211): [PhoneIntfMgr] getCarrierPackageNamesForIntent: No UICC
06-05 11:59:45.223 I/Telecom ( 1734): PhoneAccountRegistrar: SimCallManager queried, returning: null: TSI.gSCMFU@AAc
06-05 11:59:45.422 W/System  ( 2739): ClassLoader referenced unknown path: /system/app/Calendar/lib/x86_64
06-05 11:59:45.855 D/ExtensionsFactory( 2739): No custom extensions.
06-05 11:59:45.926 D/AlertReceiver( 2739): onReceive: a=android.intent.action.BOOT_COMPLETED Intent { act=android.intent.action.BOOT_COMPLETED flg=0x9000010 cmp=com.android.calendar/.alerts.AlertReceiver (has extras) }
06-05 11:59:45.976 I/AlarmClock( 2453): AlarmInitReceiver android.intent.action.BOOT_COMPLETED
06-05 11:59:46.096 D/AlertUtils( 2739): Flushing old alerts from shared prefs table
06-05 11:59:46.178 D/AlertService( 2739): 0 Action = android.intent.action.BOOT_COMPLETED
06-05 11:59:46.260 D/AlertService( 2739): Scheduling next alarm with AlarmScheduler. sEventReminderReceived: null
06-05 11:59:46.386 V/AlarmClock( 2453): AlarmInitReceiver finished
06-05 11:59:46.414 W/ActivityManager( 1734): Slow operation: 66ms so far, now at startProcess: returned from zygote!
06-05 11:59:46.415 W/ActivityManager( 1734): Slow operation: 66ms so far, now at startProcess: done updating battery stats
06-05 11:59:46.445 W/ActivityManager( 1734): Slow operation: 66ms so far, now at startProcess: building log message
06-05 11:59:46.445 I/ActivityManager( 1734): Start proc 2776:com.android.email/u0a34 for broadcast com.android.email/.service.EmailBroadcastReceiver
06-05 11:59:46.446 W/ActivityManager( 1734): Slow operation: 97ms so far, now at startProcess: starting to update pids map
06-05 11:59:46.446 W/ActivityManager( 1734): Slow operation: 97ms so far, now at startProcess: done updating pids map
06-05 11:59:46.446 W/ActivityManager( 1734): Slow operation: 98ms so far, now at startProcess: done starting proc!
06-05 11:59:46.480 W/art     ( 2776): Unexpected CPU variant for X86 using defaults: x86_64
06-05 11:59:47.328 W/ActivityManager( 1734): Slow operation: 126ms so far, now at startProcess: returned from zygote!
06-05 11:59:47.328 W/ActivityManager( 1734): Slow operation: 127ms so far, now at startProcess: done updating battery stats
06-05 11:59:47.328 W/ActivityManager( 1734): Slow operation: 127ms so far, now at startProcess: building log message
06-05 11:59:47.329 I/ActivityManager( 1734): Start proc 2790:com.android.providers.calendar/u0a2 for content provider com.android.providers.calendar/.CalendarProvider2
06-05 11:59:47.329 W/ActivityManager( 1734): Slow operation: 127ms so far, now at startProcess: starting to update pids map
06-05 11:59:47.329 W/ActivityManager( 1734): Slow operation: 127ms so far, now at startProcess: done updating pids map
06-05 11:59:47.329 W/ActivityManager( 1734): Slow operation: 127ms so far, now at startProcess: done starting proc!
06-05 11:59:47.329 W/ActivityManager( 1734): Slow operation: 129ms so far, now at getContentProviderImpl: after start process
06-05 11:59:47.329 W/ActivityManager( 1734): Slow operation: 130ms so far, now at getContentProviderImpl: updating data structures
06-05 11:59:47.329 W/ActivityManager( 1734): Slow operation: 130ms so far, now at getContentProviderImpl: done!
06-05 11:59:47.330 W/art     ( 1734): Long monitor contention with owner Binder:1734_2 (1755) at android.app.IActivityManager$ContentProviderHolder com.android.server.am.ActivityManagerService.getContentProviderImpl(android.app.IApplicationThread, java.lang.String, android.os.IBinder, boolean, int)(ActivityManagerService.java:10666) waiters=0 in void com.android.server.am.ActivityManagerService.dispatchUidsChanged() for 128ms
06-05 11:59:47.348 W/art     ( 2790): Unexpected CPU variant for X86 using defaults: x86_64
06-05 11:59:51.326 W/System  ( 2776): ClassLoader referenced unknown path: /system/app/Email/lib/x86_64
06-05 11:59:52.340 W/System  ( 2790): ClassLoader referenced unknown path: /system/priv-app/CalendarProvider/lib/x86_64
06-05 11:59:55.301 W/art     ( 1734): Long monitor contention with owner PackageInstaller (1911) at long com.android.org.conscrypt.NativeCrypto.d2i_PUBKEY(byte[])(NativeCrypto.java:-2) waiters=0 in android.content.pm.PackageInstaller$SessionInfo com.android.server.pm.PackageInstallerSession.generateInfo() for 24.135s
06-05 11:59:55.348 I/ActivityManager( 1734): Start proc 2805:com.android.defcontainer/u0a7 for service com.android.defcontainer/.DefaultContainerService
06-05 11:59:55.388 W/art     ( 2805): Unexpected CPU variant for X86 using defaults: x86_64
06-05 11:59:55.625 I/CalendarProvider2( 2790): Created com.android.providers.calendar.CalendarAlarmManager@73e5715(com.android.providers.calendar.CalendarProvider2@351aa2a)
06-05 11:59:56.461 D/AlarmScheduler( 2739): No events found starting within 1 week.
06-05 11:59:57.013 W/ActivityManager( 1734): Unable to start service Intent { act=com.android.email.EXCHANGE_INTENT pkg=com.android.exchange } U=0: not found
06-05 11:59:57.020 I/PackageManager.DexOptimizer( 1734): Running dexopt (dex2oat) on: /data/app/vmdl736930912.tmp/base.apk pkg=jp.jaxa.iss.kibo.rpc.defaultapk isa=x86_64 vmSafeMode=false debuggable=true target-filter=interpret-only oatDir = /data/app/vmdl736930912.tmp/oat sharedLibraries=null
06-05 11:59:57.099 I/CalendarProvider2( 2790): Sending notification intent: Intent { act=android.intent.action.PROVIDER_CHANGED dat=content://com.android.calendar flg=0x20000000 }
06-05 11:59:57.102 W/ContentResolver( 2790): Failed to get type for: content://com.android.calendar (Unknown URL content://com.android.calendar)
06-05 11:59:57.142 D/ActivityThread( 2776): Loading provider com.android.email.provider;com.android.email.notifier: com.android.email.provider.EmailProvider
06-05 11:59:57.226 W/ActivityManager( 1734): Unable to start service Intent { act=com.android.email.EXCHANGE_INTENT pkg=com.android.exchange } U=0: not found
06-05 11:59:57.247 D/ActivityThread( 2776): Loading provider com.android.email.provider;com.android.email.notifier: com.android.email.provider.EmailProvider
06-05 11:59:57.251 W/ActivityManager( 1734): Unable to start service Intent { act=com.android.email.EXCHANGE_INTENT pkg=com.android.exchange } U=0: not found
06-05 11:59:57.638 I/SystemBroadcastReceiver( 1986): Boot has been completed
06-05 11:59:57.639 I/SystemBroadcastReceiver( 1986): toggleAppIcon() : FLAG_SYSTEM = true
06-05 11:59:57.906 W/ActivityManager( 1734): Slow operation: 126ms so far, now at startProcess: returned from zygote!
06-05 11:59:57.907 W/ActivityManager( 1734): Slow operation: 126ms so far, now at startProcess: done updating battery stats
06-05 11:59:57.908 W/ActivityManager( 1734): Slow operation: 128ms so far, now at startProcess: building log message
06-05 11:59:57.908 I/ActivityManager( 1734): Start proc 2830:com.android.managedprovisioning/u0a14 for broadcast com.android.managedprovisioning/.BootReminder
06-05 11:59:57.909 W/ActivityManager( 1734): Slow operation: 128ms so far, now at startProcess: starting to update pids map
06-05 11:59:57.909 W/ActivityManager( 1734): Slow operation: 128ms so far, now at startProcess: done updating pids map
06-05 11:59:57.909 W/ActivityManager( 1734): Slow operation: 131ms so far, now at startProcess: done starting proc!
06-05 11:59:57.914 W/art     ( 1734): Long monitor contention with owner Binder:1734_1 (1754) at void com.android.server.am.BroadcastQueue.processNextBroadcast(boolean)(BroadcastQueue.java:760) waiters=1 in com.android.server.am.ProcessRecord com.android.server.am.ActivityManagerService.findAppProcess(android.os.IBinder, java.lang.String) for 107ms
06-05 11:59:57.946 W/art     ( 2830): Unexpected CPU variant for X86 using defaults: x86_64
06-05 11:59:58.021 W/art     ( 2776): Long monitor contention with owner AsyncTask #1 (2824) at long android.database.sqlite.SQLiteConnection.nativeOpen(java.lang.String, int, java.lang.String, boolean, boolean)(SQLiteConnection.java:-2) waiters=0 in android.database.sqlite.SQLiteDatabase com.android.email.provider.EmailProvider.getDatabase(android.content.Context) for 546ms
06-05 11:59:58.096 W/ActivityManager( 1734): Unable to start service Intent { cmp=com.android.email/.service.AttachmentService } U=0: not found
06-05 11:59:58.099 W/ActivityManager( 1734): Unable to start service Intent { act=com.android.email.EXCHANGE_INTENT pkg=com.android.exchange } U=0: not found
06-05 11:59:58.122 W/dex2oat ( 2823): Unexpected CPU variant for X86 using defaults: x86_64
06-05 11:59:58.194 W/ActivityManager( 1734): Unable to start service Intent { cmp=com.android.email/.service.AttachmentService } U=0: not found
06-05 11:59:58.204 W/art     ( 2776): Long monitor contention with owner AsyncTask #2 (2825) at android.database.sqlite.SQLiteDatabase com.android.email.provider.EmailProvider.getDatabase(android.content.Context)(EmailProvider.java:478) waiters=0 in void com.android.email.provider.AccountReconciler.reconcileAccounts(android.content.Context) for 539ms
06-05 11:59:58.247 I/dex2oat ( 2823): /system/bin/dex2oat --compiler-filter=interpret-only --debuggable
06-05 11:59:58.260 W/ActivityManager( 1734): Unable to start service Intent { act=com.android.email.EXCHANGE_INTENT pkg=com.android.exchange } U=0: not found
06-05 11:59:58.276 W/ActivityManager( 1734): Unable to start service Intent { act=com.android.email.EXCHANGE_INTENT pkg=com.android.exchange } U=0: not found
06-05 11:59:58.314 E/ActivityThread( 2776): Service com.android.email.service.EmailBroadcastProcessorService has leaked ServiceConnection com.android.emailcommon.service.ServiceProxy$ProxyConnection@fcc51a6 that was originally bound here
06-05 11:59:58.314 E/ActivityThread( 2776): android.app.ServiceConnectionLeaked: Service com.android.email.service.EmailBroadcastProcessorService has leaked ServiceConnection com.android.emailcommon.service.ServiceProxy$ProxyConnection@fcc51a6 that was originally bound here
06-05 11:59:58.314 E/ActivityThread( 2776): 	at android.app.LoadedApk$ServiceDispatcher.<init>(LoadedApk.java:1336)
06-05 11:59:58.314 E/ActivityThread( 2776): 	at android.app.LoadedApk.getServiceDispatcher(LoadedApk.java:1231)
06-05 11:59:58.314 E/ActivityThread( 2776): 	at android.app.ContextImpl.bindServiceCommon(ContextImpl.java:1450)
06-05 11:59:58.314 E/ActivityThread( 2776): 	at android.app.ContextImpl.bindService(ContextImpl.java:1422)
06-05 11:59:58.314 E/ActivityThread( 2776): 	at android.content.ContextWrapper.bindService(ContextWrapper.java:636)
06-05 11:59:58.314 E/ActivityThread( 2776): 	at com.android.emailcommon.service.ServiceProxy.setTask(ServiceProxy.java:181)
06-05 11:59:58.314 E/ActivityThread( 2776): 	at com.android.emailcommon.service.ServiceProxy.test(ServiceProxy.java:224)
06-05 11:59:58.314 E/ActivityThread( 2776): 	at com.android.email.service.EmailServiceUtils.isServiceAvailable(EmailServiceUtils.java:160)
06-05 11:59:58.314 E/ActivityThread( 2776): 	at com.android.email.provider.AccountReconciler.reconcileAccountsInternal(AccountReconciler.java:171)
06-05 11:59:58.314 E/ActivityThread( 2776): 	at com.android.email.provider.AccountReconciler.reconcileAccounts(AccountReconciler.java:115)
06-05 11:59:58.314 E/ActivityThread( 2776): 	at com.android.email.service.EmailBroadcastProcessorService.reconcileAndStartServices(EmailBroadcastProcessorService.java:305)
06-05 11:59:58.314 E/ActivityThread( 2776): 	at com.android.email.service.EmailBroadcastProcessorService.onBootCompleted(EmailBroadcastProcessorService.java:295)
06-05 11:59:58.314 E/ActivityThread( 2776): 	at com.android.email.service.EmailBroadcastProcessorService.onHandleIntent(EmailBroadcastProcessorService.java:130)
06-05 11:59:58.314 E/ActivityThread( 2776): 	at android.app.IntentService$ServiceHandler.handleMessage(IntentService.java:68)
06-05 11:59:58.314 E/ActivityThread( 2776): 	at android.os.Handler.dispatchMessage(Handler.java:102)
06-05 11:59:58.314 E/ActivityThread( 2776): 	at android.os.Looper.loop(Looper.java:154)
06-05 11:59:58.314 E/ActivityThread( 2776): 	at android.os.HandlerThread.run(HandlerThread.java:61)
06-05 11:59:58.323 I/Email   ( 2776): Observing account changes for notifications
06-05 11:59:58.326 W/ActivityManager( 1734): Unbind failed: could not find connection for android.os.BinderProxy@99f2ecd
06-05 11:59:58.332 W/ActivityManager( 1734): Unable to start service Intent { cmp=com.android.email/.service.AttachmentService } U=0: not found
06-05 11:59:58.354 W/ActivityManager( 1734): Unable to start service Intent { act=com.android.email.EXCHANGE_INTENT pkg=com.android.exchange } U=0: not found
06-05 11:59:58.381 W/System  ( 2830): ClassLoader referenced unknown path: /system/priv-app/ManagedProvisioning/lib/x86_64
06-05 11:59:58.530 W/ActivityManager( 1734): Unable to start service Intent { act=com.android.email.EXCHANGE_INTENT pkg=com.android.exchange } U=0: not found
06-05 11:59:58.651 W/art     ( 2847): Unexpected CPU variant for X86 using defaults: x86_64
06-05 11:59:58.661 W/ActivityManager( 1734): Slow operation: 57ms so far, now at startProcess: returned from zygote!
06-05 11:59:58.661 W/ActivityManager( 1734): Slow operation: 57ms so far, now at startProcess: done updating battery stats
06-05 11:59:58.666 W/ActivityManager( 1734): Slow operation: 62ms so far, now at startProcess: building log message
06-05 11:59:58.666 I/ActivityManager( 1734): Start proc 2847:com.android.messaging/u0a54 for broadcast com.android.messaging/.receiver.BootAndPackageReplacedReceiver
06-05 11:59:58.666 W/ActivityManager( 1734): Slow operation: 62ms so far, now at startProcess: starting to update pids map
06-05 11:59:58.666 W/ActivityManager( 1734): Slow operation: 62ms so far, now at startProcess: done updating pids map
06-05 11:59:58.666 W/ActivityManager( 1734): Slow operation: 64ms so far, now at startProcess: done starting proc!
06-05 11:59:58.845 W/System  ( 2847): ClassLoader referenced unknown path: /system/app/messaging/lib/x86_64
06-05 12:00:00.663 V/VvmBootCompletedRcvr( 2211): processing subId list
06-05 12:00:00.868 E/VvmBootCompletedRcvr( 2211): phone account ComponentInfo{com.android.phone/com.android.services.telephony.TelephonyConnectionService}, [e2f7d48dd2b5ca523e7313cf4ba0f6ea830b6281], UserHandle{0} has invalid subId -1
06-05 12:00:00.924 I/MessagingApp( 2847): Carrier config changed. Reloading MMS config.
06-05 12:00:01.279 I/MessagingAppDataModel( 2847): Fixup: Send failed - 0 Download failed - 0
06-05 12:00:01.317 I/ActivityManager( 1734): Waited long enough for: ServiceRecord{39c592b u0 com.android.calendar/.alerts.InitAlarmsService}
06-05 12:00:01.501 W/art     ( 2847): Long monitor contention with owner Thread-2 (2863) at void com.android.messaging.sms.o.load()(SourceFile:-1) waiters=0 in void com.android.messaging.sms.o.load() for 207ms
06-05 12:00:01.921 I/MessagingAppDataModel( 2847): SyncMessagesAction: Starting batch for messages from 1590625725905 to 1591358400300 (message update limit = 80, message scan limit = 4000)
06-05 12:00:02.147 I/VvmSimChangeReceiver( 2211): Received SIM change for invalid subscription id.
06-05 12:00:02.262 D/AlertReceiver( 2739): onReceive: a=android.intent.action.PROVIDER_CHANGED Intent { act=android.intent.action.PROVIDER_CHANGED dat=content://com.android.calendar flg=0x20000010 cmp=com.android.calendar/.alerts.AlertReceiver }
06-05 12:00:02.324 D/AlertService( 2739): 0 Action = android.intent.action.PROVIDER_CHANGED
06-05 12:00:03.007 I/MessagingAppDataModel( 2847): SyncMessagesAction: All messages now in sync
06-05 12:00:03.058 W/art     ( 1734): Suspending all threads took: 7.543ms
06-05 12:00:03.120 I/art     ( 1734): Background partial concurrent mark sweep GC freed 14317(1162KB) AllocSpace objects, 15(556KB) LOS objects, 29% free, 9MB/13MB, paused 17.026ms total 269.673ms
06-05 12:00:05.099 W/MediaScanner( 2643): Error opening directory '/oem/media/', skipping: No such file or directory.
06-05 12:00:05.375 V/MediaScanner( 2643): pruneDeadThumbnailFiles... android.content.ContentProviderClient$CursorWrapperInner@5e838d7
06-05 12:00:05.387 V/MediaScanner( 2643): /pruneDeadThumbnailFiles... android.content.ContentProviderClient$CursorWrapperInner@5e838d7
06-05 12:00:07.368 I/GlobalDismissManager( 2739): no sender configured
06-05 12:00:07.369 D/AlertService( 2739): Beginning updateAlertNotification
06-05 12:00:07.471 D/AlertService( 2739): No fired or scheduled alerts
06-05 12:00:07.529 D/AlertService( 2739): Scheduling next alarm with AlarmScheduler. sEventReminderReceived: null
06-05 12:00:07.573 D/AlarmScheduler( 2739): No events found starting within 1 week.
06-05 12:00:07.790 W/dex2oat ( 2823): Before Android 4.1, method android.graphics.PorterDuffColorFilter android.support.graphics.drawable.VectorDrawableCompat.updateTintFilter(android.graphics.PorterDuffColorFilter, android.content.res.ColorStateList, android.graphics.PorterDuff$Mode) would have incorrectly overridden the package-private method in android.graphics.drawable.Drawable
06-05 12:00:08.402 W/dex2oat ( 2823): Before Android 4.1, method int android.support.v7.widget.ListViewCompat.lookForSelectablePosition(int, boolean) would have incorrectly overridden the package-private method in android.widget.ListView
06-05 12:00:11.404 I/art     ( 1734): Background partial concurrent mark sweep GC freed 2258(118KB) AllocSpace objects, 1(20KB) LOS objects, 29% free, 9MB/13MB, paused 2.108ms total 193.160ms
06-05 12:00:16.359 D/InitAlarmsService( 2739): Clearing and rescheduling alarms.
06-05 12:00:23.238 W/dex2oat ( 2823): Verification of void boofcv.alg.geo.f.HelperNister5.setupA1(org.ejml.data.DMatrixRMaj) took 143.386ms
06-05 12:00:23.375 W/dex2oat ( 2823): Verification of void boofcv.alg.geo.f.HelperNister5.setupA2(org.ejml.data.DMatrixRMaj) took 117.346ms
06-05 12:00:25.706 W/dex2oat ( 2823): Verification of double org.apache.commons.math3.optim.nonlinear.scalar.noderiv.BOBYQAOptimizer.bobyqb(double[], double[]) took 246.627ms
06-05 12:00:25.989 W/dex2oat ( 2823): Verification of double org.apache.commons.math3.optimization.direct.BOBYQAOptimizer.bobyqb(double[], double[]) took 266.670ms
06-05 12:00:26.107 W/dex2oat ( 2823): Verification of double[] org.apache.commons.math3.optimization.direct.BOBYQAOptimizer.trsbox(double, org.apache.commons.math3.linear.ArrayRealVector, org.apache.commons.math3.linear.ArrayRealVector, org.apache.commons.math3.linear.ArrayRealVector, org.apache.commons.math3.linear.ArrayRealVector, org.apache.commons.math3.linear.ArrayRealVector) took 105.332ms
06-05 12:00:28.121 W/dex2oat ( 2823): Verification of void com.google.common.net.TldPatterns.<clinit>() took 111.233ms
06-05 12:00:35.069 W/dex2oat ( 2823): Compilation of java.lang.String org.opencv.android.StaticHelper.getLibraryList() took 119.138ms
06-05 12:00:35.076 W/dex2oat ( 2823): Compilation of void org.opencv.android.Utils.nBitmapToMat2(android.graphics.Bitmap, long, boolean) took 123.842ms
06-05 12:00:42.046 I/dex2oat ( 2823): dex2oat took 44.029s (threads: 2) arena alloc=591KB (606080B) java alloc=11MB (11985688B) native alloc=29MB (30859488B) free=5MB (5840672B)
06-05 12:00:42.416 D/installd( 1327): Detected label change from u:object_r:system_data_file:s0 to u:object_r:app_data_file:s0:c512,c768 at /data/data/jp.jaxa.iss.kibo.rpc.defaultapk; running recursive restorecon
06-05 12:00:42.433 D/installd( 1327): Detected label change from u:object_r:system_data_file:s0 to u:object_r:app_data_file:s0:c512,c768 at /data/user_de/0/jp.jaxa.iss.kibo.rpc.defaultapk; running recursive restorecon
06-05 12:00:42.447 V/BackupManagerService( 1734): restoreAtInstall pkg=jp.jaxa.iss.kibo.rpc.defaultapk token=1 restoreSet=0
06-05 12:00:42.448 W/BackupManagerService( 1734): Requested unavailable transport: android/com.android.internal.backup.LocalTransport
06-05 12:00:42.448 W/BackupManagerService( 1734): No transport
06-05 12:00:42.449 V/BackupManagerService( 1734): Finishing install immediately
06-05 12:00:42.493 I/GnssLocationProvider( 1734): WakeLock acquired by sendMessage(3, 0, com.android.server.location.GnssLocationProvider$GpsRequest@da19694)
06-05 12:00:42.500 D/VoldConnector( 1734): SND -> {9 volume remount_uid 10064 default}
06-05 12:00:42.519 D/vold    ( 1275): Remounting 10064 as mode default
06-05 12:00:42.551 D/VoldConnector( 1734): RCV <- {200 9 Command succeeded}
06-05 12:00:42.562 I/GnssLocationProvider( 1734): WakeLock acquired by sendMessage(3, 0, com.android.server.location.GnssLocationProvider$GpsRequest@426653d)
06-05 12:00:42.565 D/VoldConnector( 1734): SND -> {10 volume remount_uid 10064 write}
06-05 12:00:42.578 D/vold    ( 1275): Remounting 10064 as mode write
06-05 12:00:42.600 D/VoldConnector( 1734): RCV <- {200 10 Command succeeded}
06-05 12:00:42.605 I/GnssLocationProvider( 1734): WakeLock acquired by sendMessage(3, 0, com.android.server.location.GnssLocationProvider$GpsRequest@15fe132)
06-05 12:00:42.675 I/art     ( 1734): Starting a blocking GC Explicit
06-05 12:00:43.037 I/GnssLocationProvider( 1734): WakeLock released by handleMessage(3, 0, com.android.server.location.GnssLocationProvider$GpsRequest@da19694)
06-05 12:00:43.038 I/GnssLocationProvider( 1734): WakeLock released by handleMessage(3, 0, com.android.server.location.GnssLocationProvider$GpsRequest@426653d)
06-05 12:00:43.040 I/GnssLocationProvider( 1734): WakeLock released by handleMessage(3, 0, com.android.server.location.GnssLocationProvider$GpsRequest@15fe132)
06-05 12:00:43.060 I/art     ( 1734): Explicit concurrent mark sweep GC freed 18394(1088KB) AllocSpace objects, 8(160KB) LOS objects, 29% free, 9MB/13MB, paused 1.847ms total 379.837ms
06-05 12:00:43.062 E/        ( 1327): Couldn't opendir /data/app/vmdl736930912.tmp: No such file or directory
06-05 12:00:43.224 I/InputReader( 1734): Reconfiguring input devices.  changes=0x00000010
06-05 12:00:43.262 I/art     ( 2710): System.exit called, status: 0
06-05 12:00:43.263 I/AndroidRuntime( 2710): VM exiting with result code 0.
06-05 12:00:43.337 W/ActivityManager( 1734): Slow operation: 139ms so far, now at startProcess: returned from zygote!
06-05 12:00:43.337 W/ActivityManager( 1734): Slow operation: 140ms so far, now at startProcess: done updating battery stats
06-05 12:00:43.338 W/ActivityManager( 1734): Slow operation: 140ms so far, now at startProcess: building log message
06-05 12:00:43.338 I/ActivityManager( 1734): Start proc 2880:com.android.gallery3d/u0a39 for broadcast com.android.gallery3d/.app.PackagesMonitor
06-05 12:00:43.338 W/ActivityManager( 1734): Slow operation: 141ms so far, now at startProcess: starting to update pids map
06-05 12:00:43.338 W/ActivityManager( 1734): Slow operation: 141ms so far, now at startProcess: done updating pids map
06-05 12:00:43.338 W/ActivityManager( 1734): Slow operation: 157ms so far, now at startProcess: done starting proc!
06-05 12:00:43.394 W/art     ( 2880): Unexpected CPU variant for X86 using defaults: x86_64
06-05 12:00:43.644 W/art     ( 1734): Long monitor contention with owner main (1734) at java.util.List com.android.server.pm.PackageManagerService.queryIntentServicesInternal(android.content.Intent, java.lang.String, int, int)(PackageManagerService.java:6105) waiters=1 in int com.android.server.pm.PackageManagerService.getPackageUid(java.lang.String, int, int) for 507ms
06-05 12:00:43.707 E/PhoneInterfaceManager( 2211): [PhoneIntfMgr] getCarrierPackageNamesForIntent: No UICC
06-05 12:00:43.708 D/CarrierSvcBindHelper( 2211): No carrier app for: 0
06-05 12:00:43.710 D/CarrierConfigLoader( 2211): mHandler: 9 phoneId: 0
06-05 12:00:43.866 W/art     ( 1734): Long monitor contention with owner android.bg (1772) at void com.android.server.pm.ShortcutService.handlePackageAdded(java.lang.String, int)(ShortcutService.java:2696) waiters=0 in void com.android.server.pm.ShortcutService.handleOnUidStateChanged(int, int) for 515ms
06-05 12:00:44.438 W/VoiceInteractionManagerService( 1734): no available voice recognition services found for user 0
06-05 12:00:44.863 W/ActivityManager( 1734): Slow operation: 66ms so far, now at startProcess: returned from zygote!
06-05 12:00:44.864 W/ActivityManager( 1734): Slow operation: 66ms so far, now at startProcess: done updating battery stats
06-05 12:00:44.864 W/ActivityManager( 1734): Slow operation: 67ms so far, now at startProcess: building log message
06-05 12:00:44.864 I/ActivityManager( 1734): Start proc 2901:com.svox.pico/u0a49 for broadcast com.svox.pico/.VoiceDataInstallerReceiver
06-05 12:00:44.864 W/ActivityManager( 1734): Slow operation: 67ms so far, now at startProcess: starting to update pids map
06-05 12:00:44.864 W/ActivityManager( 1734): Slow operation: 67ms so far, now at startProcess: done updating pids map
06-05 12:00:44.864 W/ActivityManager( 1734): Slow operation: 68ms so far, now at startProcess: done starting proc!
06-05 12:00:44.914 W/art     ( 2901): Unexpected CPU variant for X86 using defaults: x86_64
06-05 12:00:45.128 I/ActivityManager( 1734): Killing 2548:com.android.keychain/1000 (adj 906): empty #17
06-05 12:00:45.156 D/ActivityManager( 1734): cleanUpApplicationRecord -- 2548
06-05 12:02:09.285 D/AndroidRuntime( 2915): >>>>>> START com.android.internal.os.RuntimeInit uid 2000 <<<<<<
06-05 12:02:09.316 D/AndroidRuntime( 2915): CheckJNI is ON
06-05 12:02:09.738 W/art     ( 2915): Unexpected CPU variant for X86 using defaults: x86_64
06-05 12:02:09.788 D/ICU     ( 2915): No timezone override file found: /data/misc/zoneinfo/current/icu/icu_tzdata.dat
06-05 12:02:09.996 E/memtrack( 2915): Couldn't load memtrack module (No such file or directory)
06-05 12:02:09.996 E/android.os.Debug( 2915): failed to load memtrack module: -2
06-05 12:02:10.004 I/Radio-JNI( 2915): register_android_hardware_Radio DONE
06-05 12:02:10.148 D/AndroidRuntime( 2915): Calling main entry com.android.commands.am.Am
06-05 12:02:10.237 I/ActivityManager( 1734): Start proc 2925:gov.nasa.arc.astrobee.android.gs.manager/u0a63 for service gov.nasa.arc.astrobee.android.gs.manager/.ManagerService
06-05 12:02:10.239 D/AndroidRuntime( 2915): Shutting down VM
06-05 12:02:10.273 I/art     ( 2925): Not late-enabling -Xcheck:jni (already on)
06-05 12:02:10.279 W/art     ( 2925): Unexpected CPU variant for X86 using defaults: x86_64
06-05 12:02:10.539 W/System  ( 2925): ClassLoader referenced unknown path: /data/app/gov.nasa.arc.astrobee.android.gs.manager-1/lib/x86_64
06-05 12:02:11.168 E/Notification( 2925): setLatestEventInfo() is deprecated and you should feel deprecated.
06-05 12:02:11.168 E/Notification( 2925): java.lang.Throwable
06-05 12:02:11.168 E/Notification( 2925): 	at android.app.Notification.setLatestEventInfo(Notification.java:2076)
06-05 12:02:11.168 E/Notification( 2925): 	at org.ros.android.NodeMainExecutorService.onStartCommand(NodeMainExecutorService.java:220)
06-05 12:02:11.168 E/Notification( 2925): 	at android.app.ActivityThread.handleServiceArgs(ActivityThread.java:3326)
06-05 12:02:11.168 E/Notification( 2925): 	at android.app.ActivityThread.-wrap21(ActivityThread.java)
06-05 12:02:11.168 E/Notification( 2925): 	at android.app.ActivityThread$H.handleMessage(ActivityThread.java:1582)
06-05 12:02:11.168 E/Notification( 2925): 	at android.os.Handler.dispatchMessage(Handler.java:102)
06-05 12:02:11.168 E/Notification( 2925): 	at android.os.Looper.loop(Looper.java:154)
06-05 12:02:11.168 E/Notification( 2925): 	at android.app.ActivityThread.main(ActivityThread.java:6119)
06-05 12:02:11.168 E/Notification( 2925): 	at java.lang.reflect.Method.invoke(Native Method)
06-05 12:02:11.168 E/Notification( 2925): 	at com.android.internal.os.ZygoteInit$MethodAndArgsCaller.run(ZygoteInit.java:886)
06-05 12:02:11.168 E/Notification( 2925): 	at com.android.internal.os.ZygoteInit.main(ZygoteInit.java:776)
06-05 12:02:13.542 I/Registrar( 2925): MasterXmlRpcEndpoint URI: http://llp:11311
06-05 12:02:13.964 I/Registrar( 2925): Registering publisher: Publisher<PublisherDefinition<PublisherIdentifier<NodeIdentifier</guest_science_manager, http://hlp:60045/>, TopicIdentifier</rosout>>, Topic<TopicIdentifier</rosout>, TopicDescription<rosgraph_msgs/Log, acffd30cd6b6de30f120938c17c593fb>>>>
06-05 12:02:14.163 D/NotificationSQLiteLog( 1734): Pruned event entries: 19
06-05 12:02:15.139 I/Registrar( 2925): Response<Success, Registered [/guest_science_manager] as publisher of [/rosout], [http://10.42.0.34:35723/, http://10.42.0.34:42624/]>
06-05 12:02:15.167 I/DefaultPublisher( 2925): Publisher registered: Publisher<PublisherDefinition<PublisherIdentifier<NodeIdentifier</guest_science_manager, http://hlp:60045/>, TopicIdentifier</rosout>>, Topic<TopicIdentifier</rosout>, TopicDescription<rosgraph_msgs/Log, acffd30cd6b6de30f120938c17c593fb>>>>
06-05 12:02:15.316 I/Registrar( 2925): Registering subscriber: Subscriber<Topic<TopicIdentifier</clock>, TopicDescription<rosgraph_msgs/Clock, a9c97c1d230cfc112e270351a944ee47>>>
06-05 12:02:15.523 I/Registrar( 2925): Response<Success, Subscribed to [/clock], [http://10.42.0.34:36338/]>
06-05 12:02:15.549 I/DefaultSubscriber( 2925): Subscriber registered: Subscriber<Topic<TopicIdentifier</clock>, TopicDescription<rosgraph_msgs/Clock, a9c97c1d230cfc112e270351a944ee47>>>
06-05 12:02:15.813 I/Registrar( 2925): Registering publisher: Publisher<PublisherDefinition<PublisherIdentifier<NodeIdentifier</guest_science_manager, http://hlp:60045/>, TopicIdentifier</gs/gs_manager/ack>>, Topic<TopicIdentifier</gs/gs_manager/ack>, TopicDescription<ff_msgs/AckStamped, cebddec69fd770df54633be444a9187d>>>>
06-05 12:02:15.992 I/Registrar( 2925): Registering publisher: Publisher<PublisherDefinition<PublisherIdentifier<NodeIdentifier</guest_science_manager, http://hlp:60045/>, TopicIdentifier</gs/gs_manager/config>>, Topic<TopicIdentifier</gs/gs_manager/config>, TopicDescription<ff_msgs/GuestScienceConfig, c6f632ed2411de4159494a3e7754794e>>>>
06-05 12:02:15.993 I/Registrar( 2925): Response<Success, Registered [/guest_science_manager] as publisher of [/gs/gs_manager/ack], [http://10.42.0.34:35484/]>
06-05 12:02:16.004 I/DefaultPublisher( 2925): Publisher registered: Publisher<PublisherDefinition<PublisherIdentifier<NodeIdentifier</guest_science_manager, http://hlp:60045/>, TopicIdentifier</gs/gs_manager/ack>>, Topic<TopicIdentifier</gs/gs_manager/ack>, TopicDescription<ff_msgs/AckStamped, cebddec69fd770df54633be444a9187d>>>>
06-05 12:02:16.082 I/art     ( 2925): Background sticky concurrent mark sweep GC freed 24188(1972KB) AllocSpace objects, 14(284KB) LOS objects, 28% free, 7MB/10MB, paused 9.958ms total 377.951ms
06-05 12:02:16.243 I/Registrar( 2925): Registering publisher: Publisher<PublisherDefinition<PublisherIdentifier<NodeIdentifier</guest_science_manager, http://hlp:60045/>, TopicIdentifier</gs/data>>, Topic<TopicIdentifier</gs/data>, TopicDescription<ff_msgs/GuestScienceData, edd2c791ea93ffa7cb0ec80c5bb00972>>>>
06-05 12:02:16.268 I/Registrar( 2925): Response<Success, Registered [/guest_science_manager] as publisher of [/gs/gs_manager/config], [http://10.42.0.34:37143/]>
06-05 12:02:16.271 I/DefaultPublisher( 2925): Publisher registered: Publisher<PublisherDefinition<PublisherIdentifier<NodeIdentifier</guest_science_manager, http://hlp:60045/>, TopicIdentifier</gs/gs_manager/config>>, Topic<TopicIdentifier</gs/gs_manager/config>, TopicDescription<ff_msgs/GuestScienceConfig, c6f632ed2411de4159494a3e7754794e>>>>
06-05 12:02:16.475 I/Registrar( 2925): Registering publisher: Publisher<PublisherDefinition<PublisherIdentifier<NodeIdentifier</guest_science_manager, http://hlp:60045/>, TopicIdentifier</gs/gs_manager/state>>, Topic<TopicIdentifier</gs/gs_manager/state>, TopicDescription<ff_msgs/GuestScienceState, 24e5a1ba8527257cc710720a32de6e51>>>>
06-05 12:02:16.655 I/Registrar( 2925): Response<Success, Registered [/guest_science_manager] as publisher of [/gs/data], [http://10.42.0.34:37491/, http://10.42.0.34:37143/, http://10.42.0.34:42624/]>
06-05 12:02:16.773 I/DefaultPublisher( 2925): Publisher registered: Publisher<PublisherDefinition<PublisherIdentifier<NodeIdentifier</guest_science_manager, http://hlp:60045/>, TopicIdentifier</gs/data>>, Topic<TopicIdentifier</gs/data>, TopicDescription<ff_msgs/GuestScienceData, edd2c791ea93ffa7cb0ec80c5bb00972>>>>
06-05 12:02:16.931 I/Registrar( 2925): Registering subscriber: Subscriber<Topic<TopicIdentifier</mgt/executive/command>, TopicDescription<ff_msgs/CommandStamped, ac01350894b1be9e3a7b4f390a14812d>>>
06-05 12:02:17.197 I/Registrar( 2925): Response<Success, Registered [/guest_science_manager] as publisher of [/gs/gs_manager/state], [http://10.42.0.34:37143/]>
06-05 12:02:17.212 I/DefaultPublisher( 2925): Publisher registered: Publisher<PublisherDefinition<PublisherIdentifier<NodeIdentifier</guest_science_manager, http://hlp:60045/>, TopicIdentifier</gs/gs_manager/state>>, Topic<TopicIdentifier</gs/gs_manager/state>, TopicDescription<ff_msgs/GuestScienceState, 24e5a1ba8527257cc710720a32de6e51>>>>
06-05 12:02:17.386 I/Registrar( 2925): Response<Success, Subscribed to [/mgt/executive/command], [http://10.42.0.34:35484/]>
06-05 12:02:17.429 I/DefaultSubscriber( 2925): Subscriber registered: Subscriber<Topic<TopicIdentifier</mgt/executive/command>, TopicDescription<ff_msgs/CommandStamped, ac01350894b1be9e3a7b4f390a14812d>>>
06-05 12:02:17.485 W/ActivityManager( 1734): Slow operation: 193ms so far, now at startProcess: returned from zygote!
06-05 12:02:17.489 W/ActivityManager( 1734): Slow operation: 197ms so far, now at startProcess: done updating battery stats
06-05 12:02:17.490 W/ActivityManager( 1734): Slow operation: 198ms so far, now at startProcess: building log message
06-05 12:02:17.490 I/ActivityManager( 1734): Start proc 3000:jp.jaxa.iss.kibo.rpc.defaultapk/u0a64 for broadcast jp.jaxa.iss.kibo.rpc.defaultapk/gov.nasa.arc.astrobee.android.gs.InfoInqueryBroadcastReceiver
06-05 12:02:17.490 W/ActivityManager( 1734): Slow operation: 199ms so far, now at startProcess: starting to update pids map
06-05 12:02:17.491 W/ActivityManager( 1734): Slow operation: 199ms so far, now at startProcess: done updating pids map
06-05 12:02:17.491 W/ActivityManager( 1734): Slow operation: 203ms so far, now at startProcess: done starting proc!
06-05 12:02:17.581 I/art     ( 3000): Not late-enabling -Xcheck:jni (already on)
06-05 12:02:17.587 W/art     ( 1734): Long monitor contention with owner ActivityManager (1773) at void com.android.server.am.BroadcastQueue.processNextBroadcast(boolean)(BroadcastQueue.java:760) waiters=1 in android.content.ComponentName com.android.server.am.ActivityManagerService.startService(android.app.IApplicationThread, android.content.Intent, java.lang.String, java.lang.String, int) for 174ms
06-05 12:02:17.628 W/art     ( 3000): Unexpected CPU variant for X86 using defaults: x86_64
06-05 12:02:17.784 W/art     ( 2925): Suspending all threads took: 11.942ms
06-05 12:02:17.933 I/art     ( 2925): Background partial concurrent mark sweep GC freed 22297(1840KB) AllocSpace objects, 34(680KB) LOS objects, 36% free, 7MB/11MB, paused 56.480ms total 534.013ms
06-05 12:02:18.820 I/ActivityManager( 1734): Killing 2628:com.android.printspooler/u0a51 (adj 906): empty #17
06-05 12:02:18.950 D/ActivityManager( 1734): cleanUpApplicationRecord -- 2628
06-05 12:02:24.358 D/ManagerTimeoutTimer( 2925): Still waiting for the apk to start or stop. 4999.0 milliseconds left.
06-05 12:02:24.569 D/OpenCV/StaticHelper( 3000): Trying to get library list
06-05 12:02:24.640 I/art     ( 2925): Do partial code cache collection, code=29KB, data=29KB
06-05 12:02:24.696 I/art     ( 2925): After code cache collection, code=27KB, data=28KB
06-05 12:02:24.696 I/art     ( 2925): Increasing code cache capacity to 128KB
06-05 12:02:24.739 E/OpenCV/StaticHelper( 3000): OpenCV error: Cannot load info library for OpenCV
06-05 12:02:24.739 D/OpenCV/StaticHelper( 3000): Library list: ""
06-05 12:02:24.739 D/OpenCV/StaticHelper( 3000): First attempt to load libs
06-05 12:02:24.739 D/OpenCV/StaticHelper( 3000): Trying to init OpenCV libs
06-05 12:02:24.739 D/OpenCV/StaticHelper( 3000): Trying to load library opencv_java3
06-05 12:02:24.957 D/OpenCV/StaticHelper( 3000): Library opencv_java3 loaded
06-05 12:02:24.958 D/OpenCV/StaticHelper( 3000): First attempt to load libs is OK
06-05 12:02:24.964 I/OpenCV/StaticHelper( 3000): 
06-05 12:02:24.964 I/OpenCV/StaticHelper( 3000): General configuration for OpenCV 3.4.4 =====================================
06-05 12:02:24.965 I/OpenCV/StaticHelper( 3000):   Version control:               3.4.4
06-05 12:02:24.965 I/OpenCV/StaticHelper( 3000): 
06-05 12:02:24.965 I/OpenCV/StaticHelper( 3000):   Extra modules:
06-05 12:02:24.965 I/OpenCV/StaticHelper( 3000):     Location (extra):            /build/3_4-contrib_pack-contrib-android/opencv_contrib/modules
06-05 12:02:24.965 I/OpenCV/StaticHelper( 3000):     Version control (extra):     3.4.4
06-05 12:02:24.965 I/OpenCV/StaticHelper( 3000): 
06-05 12:02:24.965 I/OpenCV/StaticHelper( 3000):   Platform:
06-05 12:02:24.965 I/OpenCV/StaticHelper( 3000):     Timestamp:                   2018-11-17T00:27:32Z
06-05 12:02:24.965 I/OpenCV/StaticHelper( 3000):     Host:                        Linux 4.15.0-38-generic x86_64
06-05 12:02:24.975 I/OpenCV/StaticHelper( 3000):     Target:                      Linux 1 x86_64
06-05 12:02:24.975 I/OpenCV/StaticHelper( 3000):     CMake:                       2.8.12.2
06-05 12:02:24.975 I/OpenCV/StaticHelper( 3000):     CMake generator:             Ninja
06-05 12:02:24.975 I/OpenCV/StaticHelper( 3000):     CMake build tool:            /usr/bin/ninja
06-05 12:02:24.992 I/OpenCV/StaticHelper( 3000):     Configuration:               Release
06-05 12:02:24.992 I/OpenCV/StaticHelper( 3000): 
06-05 12:02:24.992 I/OpenCV/StaticHelper( 3000):   CPU/HW features:
06-05 12:02:24.992 I/OpenCV/StaticHelper( 3000):     Baseline:                    SSE SSE2 SSE3
06-05 12:02:24.992 I/OpenCV/StaticHelper( 3000):       requested:                 SSE3
06-05 12:02:24.992 I/OpenCV/StaticHelper( 3000):     Dispatched code generation:  SSE4_1 SSE4_2 FP16 AVX AVX2
06-05 12:02:24.992 I/OpenCV/StaticHelper( 3000):       requested:                 SSE4_1 SSE4_2 AVX FP16 AVX2 AVX512_SKX
06-05 12:02:24.992 I/OpenCV/StaticHelper( 3000):       SSE4_1 (4 files):          + SSSE3 SSE4_1
06-05 12:02:24.992 I/OpenCV/StaticHelper( 3000):       SSE4_2 (1 files):          + SSSE3 SSE4_1 POPCNT SSE4_2
06-05 12:02:24.992 I/OpenCV/StaticHelper( 3000):       FP16 (0 files):            + SSSE3 SSE4_1 POPCNT SSE4_2 FP16 AVX
06-05 12:02:24.992 I/OpenCV/StaticHelper( 3000):       AVX (5 files):             + SSSE3 SSE4_1 POPCNT SSE4_2 AVX
06-05 12:02:24.992 I/OpenCV/StaticHelper( 3000):       AVX2 (10 files):           + SSSE3 SSE4_1 POPCNT SSE4_2 FP16 FMA3 AVX AVX2
06-05 12:02:24.992 I/OpenCV/StaticHelper( 3000): 
06-05 12:02:24.992 I/OpenCV/StaticHelper( 3000):   C/C++:
06-05 12:02:24.993 I/OpenCV/StaticHelper( 3000):     Built as dynamic libs?:      NO
06-05 12:02:24.993 I/OpenCV/StaticHelper( 3000):     C++ Compiler:                /usr/bin/ccache /opt/android/android-ndk-r10e/toolchains/x86_64-4.9/prebuilt/linux-x86_64/bin/x86_64-linux-android-g++ (ver 4.9)
06-05 12:02:24.993 I/OpenCV/StaticHelper( 3000):     C++ flags (Release):         -fexceptions -frtti --sysroot=/opt/android/android-ndk-r10e/platforms/android-21/arch-x86_64 -funwind-tables -funswitch-loops -finline-limit=300 -fsigned-char -no-canonical-prefixes -fdata-sections -ffunction-sections -Wa,--noexecstack  -DANDROID -D__ANDROID_API__=21   -fsigned-char -W -Wall -Werror=return-type -Werror=non-virtual-dtor -Werror=address -Werror=sequence-point -Wformat -Werror=format-security -Wmissing-declarations -Wundef -Winit-self -Wpointer-arith -Wshadow -Wsign-promo -Wuninitialized -Winit-self -Wno-narrowing -Wno-delete-non-virtual-dtor -Wno-comment -Wno-missing-field-initializers -fdiagnostics-show-option -Wno-long-long -fomit-frame-pointer  -msse -msse2 -msse3 -fvisibility=hidden -fvisibility-inlines-hidden -fomit-frame-pointer -fstrict-aliasing -O3 -DNDEBUG  -DNDEBUG
06-05 12:02:24.993 I/OpenCV/StaticHelper( 3000):     C++ flags (Debug):           -fexceptions -frtti --sysroot=/opt/android/android-ndk-r10e/platforms/android-21/arch-x86_64 -funwind-tables -funswitch-loops -finline-limit=300 -fsigned-char -no-canonical-prefixes -fdata-sections -ffunction-sections -Wa,--noexecstack  -DANDROID -D__ANDROID_API__=21   -fsigned-char -W -Wall -Werror=return-type -Werror=non-virtual-dtor -Werror=address -Werror=sequence-point -Wformat -Werror=format-security -Wmissing-declarations -Wundef -Winit-self -Wpointer-arith -Wshadow -Wsign-promo -Wuninitialized -Winit-self -Wno-narrowing -Wno-delete-non-virtual-dtor -Wno-comment -Wno-missing-field-initializers -fdiagnostics-show-option -Wno-long-long -fomit-frame-pointer  -msse -msse2 -msse3 -fvisibility=hidden -fvisibility-inlines-hidden -fno-omit-frame-pointer -fno-strict-aliasing -O0 -g -DDEBUG -D_DEBUG  -DDEBUG -D_DEBUG
06-05 12:02:24.993 I/OpenCV/StaticHelper( 3000):     C Compiler:                  /usr/bin/ccache /opt/android/android-ndk-r10e/toolchains/x86_64-4.9/prebuilt/linux-x86_64/bin/x86_64-linux-android-gcc
06-05 12:02:24.993 I/OpenCV/StaticHelper( 3000):     C flags (Release):           -fexceptions --sysroot=/opt/android/android-ndk-r10e/platforms/android-21/arch-x86_64 -funwind-tables -funswitch-loops -finline-limit=300 -fsigned-char -no-canonical-prefixes -fdata-sections -ffunction-sections -Wa,--noexecstack  -DANDROID -D__ANDROID_API__=21   -fsigned-char -W -Wall -Werror=return-type -Werror=non-virtual-dtor -Werror=address -Werror=sequence-point -Wformat -Werror=format-security -Wmissing-declarations -Wmissing-prototypes -Wstrict-prototypes -Wundef -Winit-self -Wpointer-arith -Wshadow -Wuninitialized -Winit-self -Wno-narrowing -Wno-comment -Wno-missing-field-initializers -fdiagnostics-show-option -Wno-long-long -fomit-frame-pointer  -msse -msse2 -msse3 -fvisibility=hidden -fomit-frame-pointer -fstrict-aliasing -O3 -DNDEBUG  -DNDEBUG
06-05 12:02:24.993 I/OpenCV/StaticHelper( 3000):     C flags (Debug):             -fexceptions --sysroot=/opt/android/android-ndk-r10e/platforms/android-21/arch-x86_64 -funwind-tables -funswitch-loops -finline-limit=300 -fsigned-char -no-canonical-prefixes -fdata-sections -ffunction-sections -Wa,--noexecstack  -DANDROID -D__ANDROID_API__=21   -fsigned-char -W -Wall -Werror=return-type -Werror=non-virtual-dtor -Werror=address -Werror=sequence-point -Wformat -Werror=format-security -Wmissing-declarations -Wmissing-prototypes -Wstrict-prototypes -Wundef -Winit-self -Wpointer-arith -Wshadow -Wuninitialized -Winit-self -Wno-narrowing -Wno-comment -Wno-missing-field-initializers -fdiagnostics-show-option -Wno-long-long -fomit-frame-pointer  -msse -msse2 -msse3 -fvisibility=hidden -fno-omit-frame-pointer -fno-strict-aliasing -O0 -g -DDEBUG -D_DEBUG  -DDEBUG -D_DEBUG
06-05 12:02:24.993 I/OpenCV/StaticHelper( 3000):     Linker flags (Release):      -Wl,--exclude-libs,libippicv.a -Wl,--exclude-libs,libippiw.a  -Wl,--no-undefined -Wl,--gc-sections -Wl,-z,noexecstack -Wl,-z,relro -Wl,-z,now    
06-05 12:02:24.993 I/OpenCV/StaticHelper( 3000):     Linker flags (Debug):        -Wl,--exclude-libs,libippicv.a -Wl,--exclude-libs,libippiw.a  -Wl,--no-undefined -Wl,--gc-sections -Wl,-z,noexecstack -Wl,-z,relro -Wl,-z,now    
06-05 12:02:24.993 I/OpenCV/StaticHelper( 3000):     ccache:                      YES
06-05 12:02:24.993 I/OpenCV/StaticHelper( 3000):     Precompiled headers:         NO
06-05 12:02:24.993 I/OpenCV/StaticHelper( 3000):     Extra dependencies:          z dl m log
06-05 12:02:24.993 I/OpenCV/StaticHelper( 3000):     3rdparty dependencies:       tbb libcpufeatures ittnotify libjpeg-turbo libwebp libpng libtiff libjasper IlmImf libprotobuf quirc ippiw ippicv
06-05 12:02:24.993 I/OpenCV/StaticHelper( 3000): 
06-05 12:02:24.993 I/OpenCV/StaticHelper( 3000):   OpenCV modules:
06-05 12:02:24.993 I/OpenCV/StaticHelper( 3000):     To be built:                 aruco bgsegm bioinspired calib3d ccalib core datasets dnn dnn_objdetect dpm face features2d flann fuzzy hfs highgui img_hash imgcodecs imgproc java java_bindings_generator line_descriptor ml objdetect optflow phase_unwrapping photo plot reg rgbd saliency shape stereo stitching structured_light superres surface_matching text tracking video videoio videostab xfeatures2d ximgproc xobjdetect xphoto
06-05 12:02:24.994 I/OpenCV/StaticHelper( 3000):     Disabled:                    world
06-05 12:02:24.994 I/OpenCV/StaticHelper( 3000):     Disabled by dependency:      -
06-05 12:02:24.994 I/OpenCV/StaticHelper( 3000):     Unavailable:                 cnn_3dobj cudaarithm cudabgsegm cudacodec cudafeatures2d cudafilters cudaimgproc cudalegacy cudaobjdetect cudaoptflow cudastereo cudawarping cudev cvv freetype hdf js matlab ovis python2 python3 sfm ts viz
06-05 12:02:24.994 I/OpenCV/StaticHelper( 3000):     Applications:                android_examples
06-05 12:02:24.994 I/OpenCV/StaticHelper( 3000):     Documentation:               NO
06-05 12:02:24.994 I/OpenCV/StaticHelper( 3000):     Non-free algorithms:         NO
06-05 12:02:24.994 I/OpenCV/StaticHelper( 3000): 
06-05 12:02:24.994 I/OpenCV/StaticHelper( 3000):   Android NDK:                   location: /opt/android/android-ndk-r10e
06-05 12:02:24.994 I/OpenCV/StaticHelper( 3000):     Android ABI:                 x86_64
06-05 12:02:24.994 I/OpenCV/StaticHelper( 3000):     NDK toolchain:               x86_64-4.9
06-05 12:02:24.994 I/OpenCV/StaticHelper( 3000):     STL type:                    gnustl_static
06-05 12:02:24.994 I/OpenCV/StaticHelper( 3000):     Native API level:            21
06-05 12:02:24.994 I/OpenCV/StaticHelper( 3000):   Android SDK:                   /opt/android/android-sdk-java7 (tools: 25.2.2 build tools: 23.0.3)
06-05 12:02:24.994 I/OpenCV/StaticHelper( 3000):     android tool:                /opt/android/android-sdk-java7/tools/android
06-05 12:02:24.994 I/OpenCV/StaticHelper( 3000):     SDK target:                  android-21
06-05 12:02:24.994 I/OpenCV/StaticHelper( 3000):     Projects build scripts:      Ant/Eclipse compatible
06-05 12:02:24.994 I/OpenCV/StaticHelper( 3000): 
06-05 12:02:24.994 I/OpenCV/StaticHelper( 3000):   GUI: 
06-05 12:02:24.994 I/OpenCV/StaticHelper( 3000): 
06-05 12:02:24.995 I/OpenCV/StaticHelper( 3000):   Media I/O: 
06-05 12:02:24.995 I/OpenCV/StaticHelper( 3000):     ZLib:                        z (ver 1.2.3)
06-05 12:02:24.995 I/OpenCV/StaticHelper( 3000):     JPEG:                        build-libjpeg-turbo (ver 1.5.3-62)
06-05 12:02:24.995 I/OpenCV/StaticHelper( 3000):     WEBP:                        build (ver encoder: 0x020e)
06-05 12:02:24.995 I/OpenCV/StaticHelper( 3000):     PNG:                         build (ver 1.6.35)
06-05 12:02:24.995 I/OpenCV/StaticHelper( 3000):     TIFF:                        build (ver 42 - 4.0.9)
06-05 12:02:24.995 I/OpenCV/StaticHelper( 3000):     JPEG 2000:                   build (ver 1.900.1)
06-05 12:02:24.995 I/OpenCV/StaticHelper( 3000):     OpenEXR:                     build (ver 1.7.1)
06-05 12:02:24.995 I/OpenCV/StaticHelper( 3000):     HDR:                         YES
06-05 12:02:25.005 I/OpenCV/StaticHelper( 3000):     SUNRASTER:                   YES
06-05 12:02:25.005 I/OpenCV/StaticHelper( 3000):     PXM:                         YES
06-05 12:02:25.005 I/OpenCV/StaticHelper( 3000): 
06-05 12:02:25.005 I/OpenCV/StaticHelper( 3000):   Video I/O:
06-05 12:02:25.005 I/OpenCV/StaticHelper( 3000): 
06-05 12:02:25.007 I/OpenCV/StaticHelper( 3000):   Parallel framework:            TBB (ver 2018.0 interface 10001)
