06-05 11:55:31.853 I/SystemServiceManager( 1734): Starting com.android.server.AlarmManagerService
06-05 11:55:31.883 W/AlarmManagerService( 1734): no wall clock RTC found
06-05 11:55:31.885 D/AlarmManagerService( 1734): Kernel timezone updated to 0 minutes west of GMT
06-05 11:55:31.929 I/SystemServer( 1734): InitWatchdog
06-05 11:55:31.952 I/SystemServer( 1734): StartInputManagerService
06-05 11:55:31.962 I/InputManager( 1734): Initializing input manager, mUseDevInputEventForAudioJack=true
06-05 11:55:31.969 I/SystemServer( 1734): StartWindowManagerService
06-05 11:55:32.272 I/WindowManager( 1734): No existing display settings /data/system/display_settings.xml; starting empty
06-05 11:55:32.602 I/SystemServer( 1734): StartVrManagerService
06-05 11:55:32.602 I/SystemServiceManager( 1734): Starting com.android.server.vr.VrManagerService
06-05 11:55:32.634 W/VrManagerService( 1734): init_native: Could not open VR hardware module, error No such file or directory (-2).
06-05 11:55:32.662 I/InputManager( 1734): Starting input manager
06-05 11:55:32.691 D/EventHub( 1734): No input device configuration file found for device 'Power Button'.
06-05 11:55:32.751 W/EventHub( 1734): Unable to disable kernel key repeat for /dev/input/event0: Function not implemented
06-05 11:55:32.752 I/EventHub( 1734): New device: id=1, fd=91, path='/dev/input/event0', name='Power Button', classes=0x1, configuration='', keyLayout='/system/usr/keylayout/Generic.kl', keyCharacterMap='/system/usr/keychars/Generic.kcm', builtinKeyboard=false, wakeMechanism=EPOLLWAKEUP, usingClockIoctl=true
06-05 11:55:32.761 I/SystemServer( 1734): No Bluetooth Service (emulator)
06-05 11:55:32.761 I/SystemServer( 1734): ConnectivityMetricsLoggerService
06-05 11:55:32.762 I/SystemServiceManager( 1734): Starting com.android.server.connectivity.MetricsLoggerService
06-05 11:55:32.781 I/SystemServer( 1734): IpConnectivityMetrics
06-05 11:55:32.782 I/SystemServiceManager( 1734): Starting com.android.server.connectivity.IpConnectivityMetrics
06-05 11:55:32.784 I/SystemServer( 1734): PinnerService
06-05 11:55:32.784 I/SystemServiceManager( 1734): Starting com.android.server.PinnerService
06-05 11:55:32.788 I/SystemServiceManager( 1734): Starting com.android.server.InputMethodManagerService$Lifecycle
06-05 11:55:32.836 W/EventHub( 1734): Unable to disable kernel key repeat for /dev/input/event1: Function not implemented
06-05 11:55:32.836 I/EventHub( 1734): New device: id=2, fd=92, path='/dev/input/event1', name='qwerty2', classes=0x95, configuration='/system/usr/idc/qwerty2.idc', keyLayout='/system/usr/keylayout/qwerty.kl', keyCharacterMap='/system/usr/keychars/qwerty2.kcm', builtinKeyboard=true, wakeMechanism=EPOLLWAKEUP, usingClockIoctl=true
06-05 11:55:32.837 E/EventHub( 1734): could not get driver version for /dev/input/mice, Not a typewriter
06-05 11:55:33.011 I/InputReader( 1734): Device added: id=-1, name='Virtual', sources=0x00000301
06-05 11:55:33.017 I/InputReader( 1734):   Touch device 'qwerty2' could not query the properties of its associated display.  The device will be inoperable until the display size becomes available.
06-05 11:55:33.018 I/InputReader( 1734): Device added: id=0, name='qwerty2', sources=0x80001103
06-05 11:55:33.019 I/InputReader( 1734): Device added: id=1, name='Power Button', sources=0x00000101
06-05 11:55:34.689 I/SystemServer( 1734): StartAccessibilityManagerService
06-05 11:55:34.876 I/ActivityManager( 1734): Config changes=1df8 {1.0 ?mcc?mnc [en_US] ldltr sw360dp w360dp h640dp 480dpi nrml long port ?uimode ?night -touch -keyb/v/h -nav/h s.2}
06-05 11:55:35.045 I/ActivityManager( 1734): Config changes=508 {1.0 ?mcc?mnc [en_US] ldltr sw360dp w360dp h568dp 480dpi nrml port ?uimode ?night finger -keyb/v/h -nav/h s.3}
06-05 11:55:35.231 I/SystemServiceManager( 1734): Starting com.android.server.MountService$Lifecycle
06-05 11:55:35.342 I/InputReader( 1734): Reconfiguring input devices.  changes=0x00000004
06-05 11:55:35.343 I/InputReader( 1734): Device reconfigured: id=0, name='qwerty2', size 1080x1920, orientation 0, mode 1, display id 0
06-05 11:55:35.365 I/InputReader( 1734): Reconfiguring input devices.  changes=0x00000004
06-05 11:55:35.581 I/SystemServiceManager( 1734): Starting com.android.server.UiModeManagerService
06-05 11:55:35.608 I/ActivityManager( 1734): Config changes=200 {1.0 ?mcc?mnc [en_US] ldltr sw360dp w360dp h568dp 480dpi nrml port finger -keyb/v/h -nav/h s.4}
06-05 11:55:35.721 D/MountService( 1734): Thinking about init, mSystemReady=false, mDaemonConnected=true
06-05 11:55:35.722 D/MountService( 1734): Thinking about reset, mSystemReady=false, mDaemonConnected=true
06-05 11:55:35.730 D/MountService( 1734): Thinking about init, mSystemReady=false, mDaemonConnected=true
06-05 11:55:35.730 D/MountService( 1734): Thinking about reset, mSystemReady=false, mDaemonConnected=true
06-05 11:55:35.733 D/CryptdConnector( 1734): SND -> {1 cryptfs getfield SystemLocale}
06-05 11:55:35.852 W/PackageManager( 1734): No disk maintenance in 735411852; running immediately
06-05 11:55:35.853 I/SystemServer( 1734): StartLockSettingsService
06-05 11:55:35.858 D/CryptdConnector( 1734): RCV <- {200 1 -1}
06-05 11:55:35.860 I/SystemServiceManager( 1734): Starting com.android.server.LockSettingsService$Lifecycle
06-05 11:55:35.866 W/MountService( 1734): No primary storage mounted!
06-05 11:55:35.867 D/VoldConnector( 1734): SND -> {1 asec list}
06-05 11:55:35.924 D/VoldConnector( 1734): RCV <- {200 1 asec operation succeeded}
06-05 11:55:35.926 I/PackageManager( 1734): No secure containers found
06-05 11:55:35.980 W/PackageManager( 1734): Unknown permission com.google.android.googleapps.permission.GOOGLE_AUTH in package com.android.providers.calendar
06-05 11:55:35.981 W/PackageManager( 1734): Unknown permission com.google.android.googleapps.permission.GOOGLE_AUTH.cl in package com.android.providers.calendar
06-05 11:55:35.982 W/PackageManager( 1734): Not granting permission android.permission.GLOBAL_SEARCH to package com.android.quicksearchbox (protectionLevel=18 flags=0x3808be45)
06-05 11:55:35.983 W/PackageManager( 1734): Not granting permission android.permission.WRITE_EXTERNAL_STORAGE to package gov.nasa.arc.astrobee.android.gs.manager because it was previously installed without
06-05 11:55:35.983 W/PackageManager( 1734): Not granting permission android.permission.READ_EXTERNAL_STORAGE to package gov.nasa.arc.astrobee.android.gs.manager because it was previously installed without
06-05 11:55:35.984 W/PackageManager( 1734): Unknown permission com.android.launcher.permission.READ_SETTINGS in package com.android.launcher3
06-05 11:55:35.984 W/PackageManager( 1734): Unknown permission com.android.launcher.permission.WRITE_SETTINGS in package com.android.launcher3
06-05 11:55:35.984 W/PackageManager( 1734): Not granting permission android.permission.BIND_APPWIDGET to package com.android.launcher3 (protectionLevel=18 flags=0x3c4bbe45)
06-05 11:55:35.984 W/PackageManager( 1734): Unknown permission com.google.android.googleapps.permission.GOOGLE_AUTH.mail in package com.android.calendar
06-05 11:55:35.985 W/PackageManager( 1734): Unknown permission com.google.android.providers.settings.permission.WRITE_GSETTINGS in package com.android.sdksetup
06-05 11:55:35.986 W/PackageManager( 1734): Unknown permission com.google.android.permission.INSTALL_WEARABLE_PACKAGES in package com.android.packageinstaller
06-05 11:55:35.986 W/PackageManager( 1734): Not granting permission android.permission.DELETE_PACKAGES to package com.svox.pico (protectionLevel=18 flags=0x3808be45)
06-05 11:55:35.986 W/PackageManager( 1734): Not granting permission android.permission.READ_CONTACTS to package com.example.android.apis because it was previously installed without
06-05 11:55:35.986 W/PackageManager( 1734): Not granting permission android.permission.WRITE_CONTACTS to package com.example.android.apis because it was previously installed without
06-05 11:55:35.986 W/PackageManager( 1734): Not granting permission android.permission.ACCESS_COARSE_LOCATION to package com.example.android.apis because it was previously installed without
06-05 11:55:35.986 W/PackageManager( 1734): Not granting permission android.permission.WRITE_EXTERNAL_STORAGE to package com.example.android.apis because it was previously installed without
06-05 11:55:35.986 W/PackageManager( 1734): Not granting permission android.permission.SEND_SMS to package com.example.android.apis because it was previously installed without
06-05 11:55:35.987 W/PackageManager( 1734): Not granting permission android.permission.RECEIVE_SMS to package com.example.android.apis because it was previously installed without
06-05 11:55:35.987 W/PackageManager( 1734): Not granting permission android.permission.RECEIVE_MMS to package com.example.android.apis because it was previously installed without
06-05 11:55:35.987 W/PackageManager( 1734): Not granting permission android.permission.READ_SMS to package com.example.android.apis because it was previously installed without
06-05 11:55:35.987 W/PackageManager( 1734): Not granting permission android.permission.READ_PHONE_STATE to package com.example.android.apis because it was previously installed without
06-05 11:55:35.987 W/PackageManager( 1734): Not granting permission android.permission.RECORD_AUDIO to package com.example.android.apis because it was previously installed without
06-05 11:55:35.987 W/PackageManager( 1734): Not granting permission android.permission.CAMERA to package com.example.android.apis because it was previously installed without
06-05 11:55:35.987 W/PackageManager( 1734): Not granting permission android.permission.READ_EXTERNAL_STORAGE to package com.example.android.apis because it was previously installed without
06-05 11:55:35.987 W/PackageManager( 1734): Unknown permission android.permission.RUN_INSTRUMENTATION in package org.chromium.webview_shell
06-05 11:55:35.988 W/PackageManager( 1734): Unknown permission com.google.android.googleapps.permission.GOOGLE_AUTH in package com.android.settings
06-05 11:55:35.988 W/PackageManager( 1734): Unknown permission com.android.launcher.permission.READ_SETTINGS in package com.android.settings
06-05 11:55:35.988 W/PackageManager( 1734): Unknown permission com.android.launcher.permission.WRITE_SETTINGS in package com.android.settings
06-05 11:55:35.989 W/PackageManager( 1734): Unknown permission com.android.smspush.WAPPUSH_MANAGER_BIND in package com.android.phone
06-05 11:55:36.011 W/PackageManager( 1734): Unknown permission com.google.android.googleapps.permission.ACCESS_GOOGLE_PASSWORD in package com.android.development
06-05 11:55:36.012 W/PackageManager( 1734): Unknown permission com.google.android.googleapps.permission.GOOGLE_AUTH in package com.android.development
06-05 11:55:36.012 W/PackageManager( 1734): Unknown permission com.google.android.googleapps.permission.GOOGLE_AUTH.ALL_SERVICES in package com.android.development
06-05 11:55:36.012 W/PackageManager( 1734): Unknown permission com.google.android.googleapps.permission.GOOGLE_AUTH.YouTubeUser in package com.android.development
06-05 11:55:36.012 W/PackageManager( 1734): Not granting permission android.permission.BIND_APPWIDGET to package com.android.widgetpreview (protectionLevel=18 flags=0x3808be44)
06-05 11:55:36.086 I/SystemServiceManager( 1734): Starting com.android.server.DeviceIdleController
06-05 11:55:36.691 W/MountService( 1734): No primary storage defined yet; hacking together a stub
06-05 11:55:36.695 W/MountService( 1734): No primary storage defined yet; hacking together a stub
06-05 11:55:36.698 W/art     ( 1734): Long monitor contention with owner MountService (1933) at void com.android.server.pm.PackageManagerService.loadMediaPackages(android.util.ArrayMap, int[], boolean)(PackageManagerService.java:19317) waiters=0 in android.content.pm.ApplicationInfo com.android.server.pm.PackageManagerService.getApplicationInfo(java.lang.String, int, int) for 577ms
06-05 11:55:36.765 W/MountService( 1734): No primary storage mounted!
06-05 11:55:36.765 D/VoldConnector( 1734): SND -> {2 asec list}
06-05 11:55:36.768 D/VoldConnector( 1734): RCV <- {200 2 asec operation succeeded}
06-05 11:55:36.780 I/MountService( 1734): Running fstrim idle maintenance
06-05 11:55:36.782 D/VoldConnector( 1734): SND -> {3 fstrim dotrim}
06-05 11:55:36.792 D/VoldConnector( 1734): RCV <- {200 3 Command succeeded}
06-05 11:55:36.834 D/vold    ( 1275): Starting trim of /cache
06-05 11:55:36.835 W/vold    ( 1275): Trim failed on /cache: Operation not supported on transport endpoint
06-05 11:55:36.836 D/VoldConnector( 1734): RCV <- {662 /cache -1 -1}
06-05 11:55:36.851 D/vold    ( 1275): Starting trim of /data
06-05 11:55:36.851 W/vold    ( 1275): Trim failed on /data: Operation not supported on transport endpoint
06-05 11:55:36.851 D/VoldConnector( 1734): RCV <- {662 /data -1 -1}
06-05 11:55:36.876 E/VoldConnector( 1734): Error handling '662 /cache -1 -1': java.lang.NullPointerException: Attempt to invoke virtual method 'void android.os.DropBoxManager.addText(java.lang.String, java.lang.String)' on a null object reference
06-05 11:55:36.912 E/VoldConnector( 1734): Error handling '662 /data -1 -1': java.lang.NullPointerException: Attempt to invoke virtual method 'void android.os.DropBoxManager.addText(java.lang.String, java.lang.String)' on a null object reference
06-05 11:55:36.914 I/SystemServiceManager( 1734): Starting com.android.server.devicepolicy.DevicePolicyManagerService$Lifecycle
06-05 11:55:37.028 I/SystemServer( 1734): StartStatusBarManagerService
06-05 11:55:37.045 I/SystemServer( 1734): StartClipboardService
06-05 11:55:37.065 I/SystemServer( 1734): StartNetworkManagementService
06-05 11:55:37.109 I/UsageStatsService( 1734): User[0] Rollover scheduled @ 2020-06-06 11:55:34(1591444534910)
06-05 11:55:37.120 I/NetworkManagement( 1734): onDaemonConnected()
06-05 11:55:37.154 I/SystemServiceManager( 1734): Starting com.android.server.TextServicesManagerService$Lifecycle
06-05 11:55:37.228 I/SystemServer( 1734): StartNetworkScoreService
06-05 11:55:37.285 I/SystemServer( 1734): StartNetworkStatsService
06-05 11:55:37.348 I/SystemServer( 1734): StartNetworkPolicyManagerService
06-05 11:55:37.389 E/AppIdleHistory( 1734): Unable to read app idle file for user 0
06-05 11:55:37.404 I/SystemServer( 1734): No Wi-Fi NAN Service (NAN support Not Present)
06-05 11:55:37.782 W/art     ( 1734): Verification of void com.android.server.wifi.p2p.WifiP2pService.<init>(android.content.Context) took 150.394ms
06-05 11:55:37.785 I/SystemServiceManager( 1734): Starting com.android.server.wifi.p2p.WifiP2pService
06-05 11:55:38.336 I/WifiP2pService( 1734): Registering wifip2p
06-05 11:55:38.450 I/SystemServiceManager( 1734): Starting com.android.server.wifi.WifiService
06-05 11:55:38.973 W/art     ( 1734): Verification of java.lang.String com.android.server.wifi.WifiStateMachine.getLogRecString(android.os.Message) took 104.651ms
06-05 11:55:39.311 D/HS20    ( 1734): Passpoint is disabled
06-05 11:55:39.669 D/CommandListener( 1333): Clearing all IP addresses on wlan0
06-05 11:55:39.802 D/WifiApConfigStore( 1734): 2G band allowed channels are:1,6,11
06-05 11:55:39.807 E/WifiLogger( 1734): no ring buffers found
06-05 11:55:39.807 E/WifiLogger( 1734): Failed to start packet fate monitoring
06-05 11:55:39.897 D/WifiController( 1734): isAirplaneModeOn = true, isWifiEnabled = false, isScanningAvailable = false
06-05 11:55:39.967 I/WifiService( 1734): Registering wifi
06-05 11:55:39.982 I/SystemServiceManager( 1734): Starting com.android.server.wifi.scanner.WifiScanningService
06-05 11:55:39.982 I/WifiScanningService( 1734): Creating wifiscanner
06-05 11:55:40.027 I/WifiScanningService( 1734): Publishing wifiscanner
06-05 11:55:40.043 I/SystemServiceManager( 1734): Starting com.android.server.wifi.RttService
06-05 11:55:40.142 I/RttService( 1734): Creating rttmanager
06-05 11:55:40.202 I/art     ( 1734): Background sticky concurrent mark sweep GC freed 35300(2MB) AllocSpace objects, 13(260KB) LOS objects, 24% free, 8MB/11MB, paused 7.331ms total 698.820ms
06-05 11:55:40.226 I/RttService( 1734): Starting rttmanager
06-05 11:55:40.232 I/SystemServer( 1734): StartConnectivityService
06-05 11:55:40.304 D/ConnectivityService( 1734): ConnectivityService starting up
06-05 11:55:40.372 D/ConnectivityService( 1734): wifiOnly=false
06-05 11:55:40.594 I/SystemServer( 1734): StartNsdService
06-05 11:55:40.627 I/SystemServer( 1734): StartUpdateLockService
06-05 11:55:40.644 I/SystemServiceManager( 1734): Starting com.android.server.RecoverySystemService
06-05 11:55:40.651 I/SystemServiceManager( 1734): Starting com.android.server.notification.NotificationManagerService
06-05 11:55:40.918 D/ConditionProviders.SCP( 1734): new ScheduleConditionProvider()
06-05 11:55:40.991 D/ZenLog  ( 1734): config: readXml,ZenModeConfig[user=0,allowCalls=true,allowRepeatCallers=false,allowMessages=false,allowCallsFrom=contacts,allowMessagesFrom=contacts,allowReminders=true,allowEvents=true,allowWhenScreenOff=true,allowWhenScreenOn=true,automaticRules={370bd6672ef541ba946db9ac4aef0faf=ZenRule[enabled=false,snoozing=false,name=Weeknight,zenMode=ZEN_MODE_ALARMS,conditionId=condition://android/schedule?days=1.2.3.4.5&start=22.0&end=7.0&exitAtAlarm=false,condition=Condition[id=condition://android/schedule?days=1.2.3.4.5&start=22.0&end=7.0&exitAtAlarm=false,summary=...,line1=...,line2=...,icon=0,state=STATE_TRUE,flags=2],component=ComponentInfo{android/com.android.server.notification.ScheduleConditionProvider},id=370bd6672ef541ba946db9ac4aef0faf,creationTime=1590622727817,enabler=null], a53ffdf89c814123a52adbdd46bc948d=ZenRule[enabled=false,snoozing=false,name=Weekend,zenMode=ZEN_MODE_ALARMS,conditionId=condition://android/schedule?days=6.7&start=23.30&end=10.0&exitAtAlarm=false,condition=Condition[id=condition://android/schedule?days=6.7&start=23.30&end=10.0&exitAtAlarm=false,summary=...,line1=...,line2=...,icon=0,state=STATE_FALSE,flags=2],component=ComponentInfo{android/com.android.server.notification.ScheduleConditionProvider},id=a53ffdf89c814123a52adbdd46bc948d,creationTime=1590622727818,enabler=null], fc8bb1aacabb4877a1d1d167106f6e77=ZenRule[enabled=false,snoozing=false,name=Event,zenMode=ZEN_MODE_ALARMS,conditionId=condition://android/event?userId=-10000&calendar=&reply=1,condition=Condition[id=condition://android/event?userId=-10000&calendar=&reply=1,summary=...,line1=...,line2=...,icon=0,state=STATE_FALSE,flags=2],component=ComponentInfo{android/com.android.server.notification.EventConditionProvider},id=fc8bb1aacabb4877a1d1d167106f6e77,creationTime=1590622727822,enabler=null]},manualRule=null],Diff[automaticRule[370bd6672ef541ba946db9ac4aef0faf]:insert,automaticRule[d1286a8bc68a4e8db360a84cb8728b83]:delete,automaticRule[a53ffdf89c814123a52adbdd46bc948d]:insert,automaticRule[1ef78933342746eca73b3762d5dc7cee]:delete,automaticRule[fc8bb1aacabb4877a1d1d167106f6e77]:insert,automaticRule[0d74c7a077d64bad808667cbf7f3fff6]:delete]
06-05 11:55:41.148 D/ZenLog  ( 1734): set_zen_mode: off,init
06-05 11:55:41.185 I/SystemServiceManager( 1734): Starting com.android.server.storage.DeviceStorageMonitorService
06-05 11:55:41.223 I/SystemServer( 1734): StartLocationManagerService
06-05 11:55:41.236 I/SystemServer( 1734): StartCountryDetectorService
06-05 11:55:41.243 I/SystemServer( 1734): StartSearchManagerService
06-05 11:55:41.243 I/SystemServiceManager( 1734): Starting com.android.server.search.SearchManagerService$Lifecycle
06-05 11:55:41.262 I/SystemServiceManager( 1734): Starting com.android.server.DropBoxManagerService
06-05 11:55:41.269 I/SystemServer( 1734): StartWallpaperManagerService
06-05 11:55:41.269 I/SystemServiceManager( 1734): Starting com.android.server.wallpaper.WallpaperManagerService$Lifecycle
06-05 11:55:41.301 E/BitmapFactory( 1734): Unable to decode stream: java.io.FileNotFoundException: /data/system/users/0/wallpaper_orig (No such file or directory)
06-05 11:55:41.301 E/WallpaperManagerService( 1734): Invalid wallpaper data
06-05 11:55:41.301 E/WallpaperManagerService( 1734): Unable to apply new wallpaper
06-05 11:55:41.314 I/SystemServer( 1734): StartAudioService
06-05 11:55:41.315 I/SystemServiceManager( 1734): Starting com.android.server.audio.AudioService$Lifecycle
06-05 11:55:41.472 W/TelecomManager( 1734): Telecom Service not found.
06-05 11:55:41.509 D/PermissionCache( 1324): checking android.permission.MODIFY_AUDIO_SETTINGS for uid=1000 => granted (4759 us)
06-05 11:55:41.570 D/PermissionCache( 1324): checking android.permission.MODIFY_AUDIO_SETTINGS for uid=1000 => granted (1211 us)
06-05 11:55:41.589 W/AudioFlinger( 1324): no wake lock to update, system not ready yet
06-05 11:55:42.031 I/SystemServiceManager( 1734): Starting com.android.server.DockObserver
06-05 11:55:42.062 W/DockObserver( 1734): This kernel does not have dock station support
06-05 11:55:42.066 I/SystemServer( 1734): StartWiredAccessoryManager
06-05 11:55:42.101 W/WiredAccessoryManager( 1734): This kernel does not have usb audio support
06-05 11:55:42.102 W/WiredAccessoryManager( 1734): This kernel does not have HDMI audio support
06-05 11:55:42.103 I/SystemServiceManager( 1734): Starting com.android.server.midi.MidiService$Lifecycle
06-05 11:55:42.115 I/SystemServiceManager( 1734): Starting com.android.server.usb.UsbService$Lifecycle
06-05 11:55:42.351 I/SystemServer( 1734): StartSerialService
06-05 11:55:42.356 E/HardwarePropertiesManagerService-JNI( 1734): Couldn't load thermal module (No such file or directory)
06-05 11:55:42.359 I/SystemServiceManager( 1734): Starting com.android.server.twilight.TwilightService
06-05 11:55:42.392 I/SystemServiceManager( 1734): Starting com.android.server.job.JobSchedulerService
06-05 11:55:42.492 I/SystemServiceManager( 1734): Starting com.android.server.soundtrigger.SoundTriggerService
06-05 11:55:42.519 I/SystemServiceManager( 1734): Starting com.android.server.backup.BackupManagerService$Lifecycle
06-05 11:55:42.594 I/SystemServiceManager( 1734): Starting com.android.server.appwidget.AppWidgetService
06-05 11:55:42.678 I/SystemServiceManager( 1734): Starting com.android.server.voiceinteraction.VoiceInteractionManagerService
06-05 11:55:42.717 I/SystemServer( 1734): Gesture Launcher Service
06-05 11:55:42.718 I/SystemServiceManager( 1734): Starting com.android.server.GestureLauncherService
06-05 11:55:42.719 I/SystemServiceManager( 1734): Starting com.android.server.SensorNotificationService
06-05 11:55:42.720 I/SystemServiceManager( 1734): Starting com.android.server.ContextHubSystemService
06-05 11:55:42.762 E/ContextHubService( 1734): ** Could not load context_hub module : err No such file or directory
06-05 11:55:42.762 W/ContextHubService( 1734): No Context Hub Module present
06-05 11:55:42.763 I/SystemServer( 1734): StartDiskStatsService
06-05 11:55:42.766 I/SystemServer( 1734): StartSamplingProfilerService
06-05 11:55:42.814 I/SystemServer( 1734): StartNetworkTimeUpdateService
06-05 11:55:42.830 I/SystemServer( 1734): StartCommonTimeManagementService
06-05 11:55:42.836 I/SystemServer( 1734): CertBlacklister
06-05 11:55:42.883 I/SystemServiceManager( 1734): Starting com.android.server.emergency.EmergencyAffordanceService
06-05 11:55:42.888 I/SystemServiceManager( 1734): Starting com.android.server.dreams.DreamManagerService
06-05 11:55:42.972 I/SystemServer( 1734): StartAssetAtlasService
06-05 11:55:43.044 D/AssetAtlas( 1734): Loaded configuration: SliceMinArea (1280x896) flags=0x2 count=91
06-05 11:55:43.048 I/SystemServiceManager( 1734): Starting com.android.server.print.PrintManagerService
06-05 11:55:43.095 I/SystemServiceManager( 1734): Starting com.android.server.restrictions.RestrictionsManagerService
06-05 11:55:43.111 I/SystemServiceManager( 1734): Starting com.android.server.media.MediaSessionService
06-05 11:55:43.144 I/SystemServer( 1734): StartMediaRouterService
06-05 11:55:43.165 I/SystemServiceManager( 1734): Starting com.android.server.trust.TrustManagerService
06-05 11:55:43.185 I/SystemServiceManager( 1734): Starting com.android.server.fingerprint.FingerprintService
06-05 11:55:43.194 D/gralloc_ranchu( 1734): Emulator without host-side GPU emulation detected. Loading gralloc.default.so from /vendor/lib64/hw/gralloc.goldfish.default.so...
06-05 11:55:43.198 D/gralloc_ranchu( 1734): gralloc.default.so not found in /vendor. Trying /system/lib64/hw/gralloc.goldfish.default.so...
06-05 11:55:43.333 D/PermissionCache( 1336): checking android.permission.MANAGE_FINGERPRINT for uid=1000 => granted (22778 us)
06-05 11:55:43.337 V/fingerprintd( 1336): nativeOpenHal()
06-05 11:55:43.416 D/FingerprintHal( 1336): ----------------> fingerprint_open ----------------->
06-05 11:55:43.419 E/fingerprintd( 1336): Wrong fp version. Expected 512, got 513
06-05 11:55:43.419 D/FingerprintHal( 1336): ----------------> set_notify_callback ----------------->
06-05 11:55:43.419 D/FingerprintHal( 1336): fingerprint callback notification set
06-05 11:55:43.419 V/fingerprintd( 1336): fingerprint HAL successfully initialized
06-05 11:55:43.420 D/FingerprintHal( 1336): ----------------> listenerFunction ----------------->
06-05 11:55:43.454 V/fingerprintd( 1336): setActiveGroup(0, /data/system/users/0/fpdata, 27)
06-05 11:55:43.454 D/FingerprintHal( 1336): ----------------> fingerprint_set_active_group -----------------> path /data/system/users/0/fpdata
06-05 11:55:43.454 D/FingerprintHal( 1336): ----------------> loadFingerprints ----------------->
06-05 11:55:43.455 E/FingerprintHal( 1336): Could not load fingerprints from storage at /data/system/users/0/fpdata/emufp.bin; it has not yet been created.
06-05 11:55:43.455 D/FingerprintHal( 1336): ----------------> loadAuthenticatorId ----------------->
06-05 11:55:43.460 D/FingerprintHal( 1336): Read authenticator id (0x6b8b4567327b23c6)
06-05 11:55:43.462 D/FingerprintHal( 1336): ----------------> fingerprint_get_auth_id ----------------->
06-05 11:55:43.462 D/FingerprintHal( 1336): ----------------> fingerprint_get_auth_id auth id 6b8b4567327b23c6----------------->
06-05 11:55:43.462 V/FingerprintService( 1734): Fingerprint HAL id: 124325797871616
06-05 11:55:43.465 I/SystemServer( 1734): StartBackgroundDexOptService
06-05 11:55:43.506 I/SystemServiceManager( 1734): Starting com.android.server.pm.ShortcutService$Lifecycle
06-05 11:55:43.589 I/SystemServiceManager( 1734): Starting com.android.server.pm.LauncherAppsService
06-05 11:55:43.637 I/SystemServiceManager( 1734): Starting com.android.server.media.projection.MediaProjectionManagerService
06-05 11:55:43.648 V/MediaRouter( 1734): Adding route: RouteInfo{ name=Phone, description=null, status=null, category=RouteCategory{ name=null types=ROUTE_TYPE_LIVE_AUDIO ROUTE_TYPE_LIVE_VIDEO  groupable=false }, supportedTypes=ROUTE_TYPE_LIVE_AUDIO ROUTE_TYPE_LIVE_VIDEO , presentationDisplay=null }
06-05 11:55:43.706 V/MediaRouter( 1734): Updating audio routes: AudioRoutesInfo{ type=SPEAKER }
06-05 11:55:43.722 W/AssetAtlasService( 1734): Could not find EGL configuration
06-05 11:55:43.726 D/AssetAtlas( 1734): Rendered atlas in 399.41ms (345.72+53.69ms)
06-05 11:55:43.735 V/MediaRouter( 1734): Selecting route: RouteInfo{ name=Phone, description=null, status=null, category=RouteCategory{ name=null types=ROUTE_TYPE_LIVE_AUDIO ROUTE_TYPE_LIVE_VIDEO  groupable=false }, supportedTypes=ROUTE_TYPE_LIVE_AUDIO ROUTE_TYPE_LIVE_VIDEO , presentationDisplay=null }
06-05 11:55:43.745 I/WindowManager( 1734): SAFE MODE not enabled
06-05 11:55:43.746 I/SystemServiceManager( 1734): Starting com.android.server.MmsServiceBroker
06-05 11:55:43.788 W/VibratorService( 1734): Tried to stop vibrating but there is no vibrator device.
06-05 11:55:44.073 I/art     ( 1734): Background partial concurrent mark sweep GC freed 15334(1214KB) AllocSpace objects, 5(100KB) LOS objects, 24% free, 12MB/16MB, paused 1.971ms total 757.967ms
06-05 11:55:44.647 E/LockSettingsStorage( 1734): Cannot read file java.io.FileNotFoundException: /data/system/gatekeeper.password.key: open failed: ENOENT (No such file or directory)
06-05 11:55:44.649 E/LockSettingsStorage( 1734): Cannot read file java.io.FileNotFoundException: /data/system/password.key: open failed: ENOENT (No such file or directory)
06-05 11:55:44.681 E/LockSettingsStorage( 1734): Cannot read file java.io.FileNotFoundException: /data/system/gatekeeper.pattern.key: open failed: ENOENT (No such file or directory)
06-05 11:55:44.683 E/LockSettingsStorage( 1734): Cannot read file java.io.FileNotFoundException: /data/system/gatekeeper.gesture.key: open failed: ENOENT (No such file or directory)
06-05 11:55:44.685 E/LockSettingsStorage( 1734): Cannot read file java.io.FileNotFoundException: /data/system/gesture.key: open failed: ENOENT (No such file or directory)
06-05 11:55:44.685 I/SystemServiceManager( 1734): Starting phase 480
06-05 11:55:44.745 I/DevicePolicyManagerService( 1734): Set ro.device_owner property to false
06-05 11:55:44.792 I/SystemServiceManager( 1734): Starting phase 500
06-05 11:55:44.943 D/ConnectivityMetricsLoggerService( 1734): onBootPhase: PHASE_SYSTEM_SERVICES_READY
06-05 11:55:45.060 I/WifiService( 1734): WifiService starting up with Wi-Fi disabled
06-05 11:55:45.090 I/WifiScanningService( 1734): Starting wifiscanner
06-05 11:55:45.232 I/RttService( 1734): Registering rttmanager
06-05 11:55:45.325 D/ZenLog  ( 1734): config: cleanUpZenRules,ZenModeConfig[user=0,allowCalls=true,allowRepeatCallers=false,allowMessages=false,allowCallsFrom=contacts,allowMessagesFrom=contacts,allowReminders=true,allowEvents=true,allowWhenScreenOff=true,allowWhenScreenOn=true,automaticRules={370bd6672ef541ba946db9ac4aef0faf=ZenRule[enabled=false,snoozing=false,name=Weeknight,zenMode=ZEN_MODE_ALARMS,conditionId=condition://android/schedule?days=1.2.3.4.5&start=22.0&end=7.0&exitAtAlarm=false,condition=Condition[id=condition://android/schedule?days=1.2.3.4.5&start=22.0&end=7.0&exitAtAlarm=false,summary=...,line1=...,line2=...,icon=0,state=STATE_TRUE,flags=2],component=ComponentInfo{android/com.android.server.notification.ScheduleConditionProvider},id=370bd6672ef541ba946db9ac4aef0faf,creationTime=1590622727817,enabler=null], a53ffdf89c814123a52adbdd46bc948d=ZenRule[enabled=false,snoozing=false,name=Weekend,zenMode=ZEN_MODE_ALARMS,conditionId=condition://android/schedule?days=6.7&start=23.30&end=10.0&exitAtAlarm=false,condition=Condition[id=condition://android/schedule?days=6.7&start=23.30&end=10.0&exitAtAlarm=false,summary=...,line1=...,line2=...,icon=0,state=STATE_FALSE,flags=2],component=ComponentInfo{android/com.android.server.notification.ScheduleConditionProvider},id=a53ffdf89c814123a52adbdd46bc948d,creationTime=1590622727818,enabler=null], fc8bb1aacabb4877a1d1d167106f6e77=ZenRule[enabled=false,snoozing=false,name=Event,zenMode=ZEN_MODE_ALARMS,conditionId=condition://android/event?userId=-10000&calendar=&reply=1,condition=Condition[id=condition://android/event?userId=-10000&calendar=&reply=1,summary=...,line1=...,line2=...,icon=0,state=STATE_FALSE,flags=2],component=ComponentInfo{android/com.android.server.notification.EventConditionProvider},id=fc8bb1aacabb4877a1d1d167106f6e77,creationTime=1590622727822,enabler=null]},manualRule=null],Diff[]
06-05 11:55:45.325 D/ZenLog  ( 1734): set_zen_mode: off,onSystemReady
06-05 11:55:45.367 D/PermissionCache( 1324): checking android.permission.CAPTURE_AUDIO_HOTWORD for uid=1000 => granted (892 us)
06-05 11:55:45.369 W/SoundTriggerHelper( 1734): listModules status=0, # of modules=0
06-05 11:55:45.369 D/ContextHubSystemService( 1734): onBootPhase: PHASE_SYSTEM_SERVICES_READY
06-05 11:55:45.617 W/ProcessCpuTracker( 1734): Skipping unknown process pid 1977
06-05 11:55:45.847 W/KeyguardServiceDelegate( 1734): onScreenTurningOn(): no keyguard service!
06-05 11:55:45.893 V/UserManagerService( 1734): Found /data/user_de/0 with serial number 0
06-05 11:55:45.894 V/UserManagerService( 1734): Found /data/user/0 with serial number 0
06-05 11:55:45.895 V/UserManagerService( 1734): Found /data/system_de/0 with serial number 0
06-05 11:55:45.895 V/UserManagerService( 1734): Found /data/system_ce/0 with serial number 0
06-05 11:55:46.295 I/ActivityManager( 1734): System now ready
06-05 11:55:46.378 I/SystemServer( 1734): Making services ready
06-05 11:55:46.378 I/SystemServiceManager( 1734): Starting phase 550
06-05 11:55:46.850 W/WindowManager( 1734): Keyguard drawn timeout. Setting mKeyguardDrawComplete
06-05 11:55:46.887 E/InputMethodManagerService( 1734): Ignoring updateSystemUiLocked due to an invalid token. uid:1000 token:null
06-05 11:55:47.677 I/Zygote  ( 1734): Process: zygote socket opened, supported ABIS: x86_64
06-05 11:55:47.754 W/ActivityManager( 1734): Slow operation: 183ms so far, now at startProcess: returned from zygote!
06-05 11:55:47.755 W/ActivityManager( 1734): Slow operation: 184ms so far, now at startProcess: done updating battery stats
06-05 11:55:47.756 W/ActivityManager( 1734): Slow operation: 185ms so far, now at startProcess: building log message
06-05 11:55:47.757 I/ActivityManager( 1734): Start proc 1986:com.android.inputmethod.latin/u0a41 for service com.android.inputmethod.latin/.LatinIME
06-05 11:55:47.757 W/ActivityManager( 1734): Slow operation: 186ms so far, now at startProcess: starting to update pids map
06-05 11:55:47.757 W/ActivityManager( 1734): Slow operation: 186ms so far, now at startProcess: done updating pids map
06-05 11:55:47.757 W/ActivityManager( 1734): Slow operation: 194ms so far, now at startProcess: done starting proc!
06-05 11:55:47.758 V/InputMethodManagerService( 1734): Adding window token: android.os.Binder@3ec8327
06-05 11:55:47.776 E/BitmapFactory( 1734): Unable to decode stream: java.io.FileNotFoundException: /data/system/users/0/wallpaper_orig (No such file or directory)
06-05 11:55:47.776 E/WallpaperManagerService( 1734): Invalid wallpaper data
06-05 11:55:47.776 E/WallpaperManagerService( 1734): Unable to apply new wallpaper
06-05 11:55:47.817 D/MountService( 1734): Thinking about init, mSystemReady=true, mDaemonConnected=true
06-05 11:55:47.818 D/MountService( 1734): Setting up emulation state, initlocked=false
06-05 11:55:47.819 D/CryptdConnector( 1734): SND -> {2 cryptfs unlock_user_key 0 0 ! !}
06-05 11:55:47.834 D/vold    ( 1275): e4crypt_unlock_user_key 0 serial=0 token_present=0
06-05 11:55:47.852 D/CryptdConnector( 1734): RCV <- {200 2 Command succeeded}
06-05 11:55:47.854 D/MountService( 1734): Thinking about reset, mSystemReady=true, mDaemonConnected=true
06-05 11:55:47.856 D/VoldConnector( 1734): SND -> {4 volume reset}
06-05 11:55:47.903 W/art     ( 1986): Unexpected CPU variant for X86 using defaults: x86_64
06-05 11:55:47.910 W/ActivityManager( 1734): Slow operation: 105ms so far, now at startProcess: returned from zygote!
06-05 11:55:47.911 W/ActivityManager( 1734): Slow operation: 106ms so far, now at startProcess: done updating battery stats
06-05 11:55:47.911 W/ActivityManager( 1734): Slow operation: 106ms so far, now at startProcess: building log message
06-05 11:55:47.911 I/ActivityManager( 1734): Start proc 1991:com.android.systemui/u0a21 for service com.android.systemui/.ImageWallpaper
06-05 11:55:47.911 W/ActivityManager( 1734): Slow operation: 106ms so far, now at startProcess: starting to update pids map
06-05 11:55:47.912 W/ActivityManager( 1734): Slow operation: 107ms so far, now at startProcess: done updating pids map
06-05 11:55:47.912 W/ActivityManager( 1734): Slow operation: 107ms so far, now at startProcess: done starting proc!
06-05 11:55:47.915 I/ActivityManager( 1734): Force stopping com.android.providers.media appid=10010 user=-1: vold reset
06-05 11:55:47.884 D/VoldConnector( 1734): RCV <- {651 emulated 7}
06-05 11:55:47.935 D/vold    ( 1275): Recognized experimental block major ID 253 as virtio-blk (emulator's virtual SD card device)
06-05 11:55:47.936 V/vold    ( 1275): /system/bin/sgdisk
06-05 11:55:47.936 V/vold    ( 1275):     --android-dump
06-05 11:55:47.936 V/vold    ( 1275):     /dev/block/vold/disk:253,48
06-05 11:55:47.939 D/VoldConnector( 1734): RCV <- {659 emulated}
06-05 11:55:47.950 D/VoldConnector( 1734): RCV <- {650 emulated 2 "" ""}
06-05 11:55:48.010 D/VoldConnector( 1734): RCV <- {651 emulated 0}
06-05 11:55:48.011 D/VoldConnector( 1734): RCV <- {651 public:253,48 7}
06-05 11:55:48.012 D/VoldConnector( 1734): RCV <- {659 public:253,48}
06-05 11:55:48.037 W/art     ( 1991): Unexpected CPU variant for X86 using defaults: x86_64
06-05 11:55:48.072 V/MountService( 1734): Found primary storage at VolumeInfo{emulated}:
06-05 11:55:48.072 V/MountService( 1734):     type=EMULATED diskId=null partGuid=null mountFlags=0 mountUserId=-1 
06-05 11:55:48.072 V/MountService( 1734):     state=UNMOUNTED 
06-05 11:55:48.072 V/MountService( 1734):     fsType=null fsUuid=null fsLabel=null 
06-05 11:55:48.072 V/MountService( 1734):     path=null internalPath=null 
06-05 11:55:48.084 D/UsbAlsaManager( 1734): Adding ALSA device AlsaDevice: [card: 0, device: 0, type: 1]
06-05 11:55:48.084 D/UsbAlsaManager( 1734): Adding ALSA device AlsaDevice: [card: 0, device: 0, type: 2]
06-05 11:55:48.086 I/SystemServer( 1734): WebViewFactory preparation
06-05 11:55:48.090 E/BluetoothAdapter( 1734): Bluetooth binder is null
06-05 11:55:48.141 E/BluetoothAdapter( 1734): Bluetooth binder is null
06-05 11:55:48.171 I/AudioFlinger( 1324): systemReady
06-05 11:55:48.212 D/VoldConnector( 1734): RCV <- {649 disk:253,48}
06-05 11:55:48.213 D/VoldConnector( 1734): RCV <- {640 disk:253,48 5}
06-05 11:55:48.215 D/VoldConnector( 1734): RCV <- {641 disk:253,48 549453824}
06-05 11:55:48.231 D/VoldConnector( 1734): RCV <- {642 disk:253,48 Virtual}
06-05 11:55:48.233 D/VoldConnector( 1734): RCV <- {644 disk:253,48 /sys//devices/pci0000:00/0000:00:06.0/virtio3/block/vdd}
06-05 11:55:48.296 D/WebViewFactory( 1734): Setting new address space to 114394000
06-05 11:55:48.537 E/WVMExtractor( 1734): Failed to open libwvm.so: dlopen failed: library "libwvm.so" not found
06-05 11:55:49.157 I/Zygote  ( 1734): Process: zygote socket opened, supported ABIS: x86
06-05 11:55:49.172 W/System  ( 1991): ClassLoader referenced unknown path: /system/priv-app/SystemUI/lib/x86_64
06-05 11:55:49.185 I/MediaPlayerService( 1332): MediaPlayerService::getOMX
06-05 11:55:49.203 V/vold    ( 1275): DISK mbr
06-05 11:55:49.203 V/vold    ( 1275): 
06-05 11:55:49.277 W/vold    ( 1275): disk:253,48 has unknown partition table; trying entire device
06-05 11:55:49.278 V/vold    ( 1275): /system/bin/blkid
06-05 11:55:49.278 V/vold    ( 1275):     -c
06-05 11:55:49.278 V/vold    ( 1275):     /dev/null
06-05 11:55:49.278 V/vold    ( 1275):     -s
06-05 11:55:49.278 V/vold    ( 1275):     TYPE
06-05 11:55:49.278 V/vold    ( 1275):     -s
06-05 11:55:49.278 V/vold    ( 1275):     UUID
06-05 11:55:49.278 V/vold    ( 1275):     -s
06-05 11:55:49.278 V/vold    ( 1275):     LABEL
06-05 11:55:49.278 V/vold    ( 1275):     /dev/block/vold/disk:253,48
06-05 11:55:49.817 I/art     ( 1323): Starting a blocking GC Background
06-05 11:55:49.828 I/OMXClient( 1332): MuxOMX ctor
06-05 11:55:50.333 I/MediaPlayerService( 1332): MediaPlayerService::getOMX
06-05 11:55:50.390 I/OMXClient( 1332): MuxOMX ctor
06-05 11:55:50.463 I/OMXMaster( 1329): makeComponentInstance(OMX.google.mp3.decoder) in mediacodec process
06-05 11:55:50.475 I/art     ( 1323): Background concurrent mark sweep GC freed 265(21KB) AllocSpace objects, 0(0B) LOS objects, 39% free, 6MB/10MB, paused 72.841ms total 613.478ms
06-05 11:55:51.134 V/vold    ( 1275): /dev/block/vold/disk:253,48: LABEL="SDCARD" UUID="1EFF-1C1B" TYPE="vfat" 
06-05 11:55:51.134 V/vold    ( 1275): 
06-05 11:55:51.219 D/VoldConnector( 1734): RCV <- {650 public:253,48 0 "disk:253,48" ""}
06-05 11:55:51.336 D/VoldConnector( 1734): RCV <- {651 public:253,48 0}
06-05 11:55:51.370 D/VoldConnector( 1734): RCV <- {643 disk:253,48}
06-05 11:55:51.372 D/VoldConnector( 1734): RCV <- {200 4 Command succeeded}
06-05 11:55:51.376 E/VoldConnector( 1734): NDC Command {4 volume reset} took too long (3519ms)
06-05 11:55:51.378 D/VoldConnector( 1734): SND -> {5 volume user_added 0 0}
06-05 11:55:51.388 D/VoldConnector( 1734): RCV <- {200 5 Command succeeded}
06-05 11:55:51.532 W/ActivityManager( 1734): Slow operation: 2883ms so far, now at startProcess: returned from zygote!
06-05 11:55:51.533 W/ActivityManager( 1734): Slow operation: 2884ms so far, now at startProcess: done updating battery stats
06-05 11:55:51.535 W/ActivityManager( 1734): Slow operation: 2885ms so far, now at startProcess: building log message
06-05 11:55:51.535 I/ActivityManager( 1734): Start proc 2029:WebViewLoader-x86/1037 [android.webkit.WebViewFactory$RelroFileCreator] for 
06-05 11:55:51.535 W/ActivityManager( 1734): Slow operation: 2886ms so far, now at startProcess: starting to update pids map
06-05 11:55:51.535 W/ActivityManager( 1734): Slow operation: 2886ms so far, now at startProcess: done updating pids map
06-05 11:55:51.535 W/ActivityManager( 1734): Slow operation: 2889ms so far, now at startProcess: done starting proc!
06-05 11:55:51.554 W/art     ( 1734): Long monitor contention with owner main (1734) at int com.android.server.am.ActivityManagerService.startIsolatedProcess(java.lang.String, java.lang.String[], java.lang.String, java.lang.String, int, java.lang.Runnable)(ActivityManagerService.java:3509) waiters=0 in void com.android.server.am.ActivityManagerService$MainHandler.handleMessage(android.os.Message) for 970ms
06-05 11:55:51.821 W/ActivityManager( 1734): Slow operation: 282ms so far, now at startProcess: returned from zygote!
06-05 11:55:51.821 W/ActivityManager( 1734): Slow operation: 283ms so far, now at startProcess: done updating battery stats
06-05 11:55:51.821 W/ActivityManager( 1734): Slow operation: 283ms so far, now at startProcess: building log message
06-05 11:55:51.822 I/ActivityManager( 1734): Start proc 2038:WebViewLoader-x86_64/1037 [android.webkit.WebViewFactory$RelroFileCreator] for 
06-05 11:55:51.822 W/ActivityManager( 1734): Slow operation: 284ms so far, now at startProcess: starting to update pids map
06-05 11:55:51.822 W/ActivityManager( 1734): Slow operation: 284ms so far, now at startProcess: done updating pids map
06-05 11:55:51.822 W/ActivityManager( 1734): Slow operation: 285ms so far, now at startProcess: done starting proc!
06-05 11:55:51.823 W/art     ( 1734): Long monitor contention with owner main (1734) at int com.android.server.am.ActivityManagerService.startIsolatedProcess(java.lang.String, java.lang.String[], java.lang.String, java.lang.String, int, java.lang.Runnable)(ActivityManagerService.java:3509) waiters=1 in void com.android.server.am.ActivityManagerService.publishContentProviders(android.app.IApplicationThread, java.util.List) for 910ms
06-05 11:55:51.926 D/NetworkManagement( 1734): enabling bandwidth control
06-05 11:55:51.930 W/art     ( 1734): Long monitor contention with owner main (1734) at int com.android.server.am.ActivityManagerService.startIsolatedProcess(java.lang.String, java.lang.String[], java.lang.String, java.lang.String, int, java.lang.Runnable)(ActivityManagerService.java:3509) waiters=2 in int com.android.server.am.ActivityManagerService.getAppStartMode(int, java.lang.String) for 368ms
06-05 11:55:51.936 W/art     ( 1734): Long monitor contention with owner main (1734) at int com.android.server.am.ActivityManagerService.startIsolatedProcess(java.lang.String, java.lang.String[], java.lang.String, java.lang.String, int, java.lang.Runnable)(ActivityManagerService.java:3509) waiters=3 in android.content.Intent com.android.server.am.ActivityManagerService.registerReceiver(android.app.IApplicationThread, java.lang.String, android.content.IIntentReceiver, android.content.IntentFilter, java.lang.String, int) for 294ms
06-05 11:55:51.951 D/VoldConnector( 1734): SND -> {6 volume mount emulated 3 -1}
06-05 11:55:51.959 V/vold    ( 1275): Waiting for FUSE to spin up...
06-05 11:55:51.991 D/VoldConnector( 1734): RCV <- {651 emulated 1}
06-05 11:55:52.014 W/art     ( 2029): Unexpected CPU variant for X86 using defaults: x86
06-05 11:55:52.026 W/art     ( 2038): Unexpected CPU variant for X86 using defaults: x86_64
06-05 11:55:52.080 V/vold    ( 1275): Waiting for FUSE to spin up...
06-05 11:55:52.082 D/VoldConnector( 1734): RCV <- {656 emulated /data/media}
06-05 11:55:52.084 D/VoldConnector( 1734): RCV <- {655 emulated /storage/emulated}
06-05 11:55:52.140 V/vold    ( 1275): Waiting for FUSE to spin up...
06-05 11:55:52.202 V/vold    ( 1275): Waiting for FUSE to spin up...
06-05 11:55:52.301 V/vold    ( 1275): Waiting for FUSE to spin up...
06-05 11:55:52.352 V/vold    ( 1275): Waiting for FUSE to spin up...
06-05 11:55:52.377 I/MediaPlayerService( 1332): MediaPlayerService::getOMX
06-05 11:55:52.379 I/OMXClient( 1332): MuxOMX ctor
06-05 11:55:52.410 V/vold    ( 1275): Waiting for FUSE to spin up...
06-05 11:55:52.470 V/vold    ( 1275): Waiting for FUSE to spin up...
06-05 11:55:52.471 I/OMXMaster( 1329): makeComponentInstance(OMX.google.amrnb.decoder) in mediacodec process
06-05 11:55:52.530 V/vold    ( 1275): Waiting for FUSE to spin up...
06-05 11:55:52.572 V/WebViewFactory( 2038): RelroFileCreator (64bit = true),  32-bit lib: /system/app/webview/webview.apk!/lib/x86/libwebviewchromium.so, 64-bit lib: /system/app/webview/webview.apk!/lib/x86_64/libwebviewchromium.so
06-05 11:55:52.590 V/vold    ( 1275): Waiting for FUSE to spin up...
06-05 11:55:52.632 V/SystemUIService( 1991): Starting SystemUI services for user 0.
06-05 11:55:52.646 V/vold    ( 1275): Waiting for FUSE to spin up...
06-05 11:55:52.700 V/vold    ( 1275): Waiting for FUSE to spin up...
06-05 11:55:52.750 V/vold    ( 1275): Waiting for FUSE to spin up...
06-05 11:55:52.772 W/sdcard  ( 2044): Device explicitly disabled sdcardfs
06-05 11:55:52.785 I/MediaPlayerService( 1332): MediaPlayerService::getOMX
06-05 11:55:52.792 I/OMXClient( 1332): MuxOMX ctor
06-05 11:55:52.793 I/OMXMaster( 1329): makeComponentInstance(OMX.google.amrwb.decoder) in mediacodec process
06-05 11:55:52.810 V/vold    ( 1275): Waiting for FUSE to spin up...
06-05 11:55:52.913 V/vold    ( 1275): Waiting for FUSE to spin up...
06-05 11:55:52.921 W/ActivityManager( 1734): Slow operation: 83ms so far, now at getContentProviderImpl: before updateLruProcess
06-05 11:55:52.944 I/MediaPlayerService( 1332): MediaPlayerService::getOMX
06-05 11:55:52.946 I/OMXClient( 1332): MuxOMX ctor
06-05 11:55:52.947 I/OMXMaster( 1329): makeComponentInstance(OMX.google.aac.decoder) in mediacodec process
06-05 11:55:52.959 W/ActivityManager( 1734): Slow operation: 121ms so far, now at getContentProviderImpl: after updateLruProcess
06-05 11:55:52.959 W/ActivityManager( 1734): Slow operation: 121ms so far, now at getContentProviderImpl: before updateOomAdj
06-05 11:55:52.967 V/WebViewFactory( 2029): RelroFileCreator (64bit = false),  32-bit lib: /system/app/webview/webview.apk!/lib/x86/libwebviewchromium.so, 64-bit lib: /system/app/webview/webview.apk!/lib/x86_64/libwebviewchromium.so
06-05 11:55:52.970 V/vold    ( 1275): Waiting for FUSE to spin up...
06-05 11:55:53.041 W/ActivityManager( 1734): Slow operation: 203ms so far, now at getContentProviderImpl: after updateOomAdj
06-05 11:55:53.042 W/ActivityManager( 1734): Slow operation: 204ms so far, now at getContentProviderImpl: done!
06-05 11:55:53.149 D/VoldConnector( 1734): RCV <- {651 emulated 2}
06-05 11:55:53.157 D/VoldConnector( 1734): RCV <- {200 6 Command succeeded}
06-05 11:55:53.161 E/VoldConnector( 1734): NDC Command {6 volume mount emulated 3 -1} took too long (1210ms)
06-05 11:55:53.163 D/VoldConnector( 1734): SND -> {7 volume mount public:253,48 2 0}
06-05 11:55:53.167 V/vold    ( 1275): /system/bin/blkid
06-05 11:55:53.167 V/vold    ( 1275):     -c
06-05 11:55:53.167 V/vold    ( 1275):     /dev/null
06-05 11:55:53.167 V/vold    ( 1275):     -s
06-05 11:55:53.167 V/vold    ( 1275):     TYPE
06-05 11:55:53.167 V/vold    ( 1275):     -s
06-05 11:55:53.167 V/vold    ( 1275):     UUID
06-05 11:55:53.167 V/vold    ( 1275):     -s
06-05 11:55:53.168 V/vold    ( 1275):     LABEL
06-05 11:55:53.168 V/vold    ( 1275):     /dev/block/vold/public:253,48
06-05 11:55:53.169 D/VoldConnector( 1734): RCV <- {651 public:253,48 1}
06-05 11:55:53.684 I/MediaPlayerService( 1332): MediaPlayerService::getOMX
06-05 11:55:53.686 I/OMXClient( 1332): MuxOMX ctor
06-05 11:55:53.686 I/OMXMaster( 1329): makeComponentInstance(OMX.google.g711.alaw.decoder) in mediacodec process
06-05 11:55:53.691 W/art     ( 1986): Suspending all threads took: 45.291ms
06-05 11:55:53.700 V/MediaRouter( 1991): Adding route: RouteInfo{ name=Phone, description=null, status=null, category=RouteCategory{ name=null types=ROUTE_TYPE_LIVE_AUDIO ROUTE_TYPE_LIVE_VIDEO  groupable=false }, supportedTypes=ROUTE_TYPE_LIVE_AUDIO ROUTE_TYPE_LIVE_VIDEO , presentationDisplay=null }
06-05 11:55:53.766 V/MediaRouter( 1991): Updating audio routes: AudioRoutesInfo{ type=SPEAKER }
06-05 11:55:53.827 V/MediaRouter( 1991): Selecting route: RouteInfo{ name=Phone, description=null, status=null, category=RouteCategory{ name=null types=ROUTE_TYPE_LIVE_AUDIO ROUTE_TYPE_LIVE_VIDEO  groupable=false }, supportedTypes=ROUTE_TYPE_LIVE_AUDIO ROUTE_TYPE_LIVE_VIDEO , presentationDisplay=null }
06-05 11:55:54.070 W/art     ( 1734): Long monitor contention with owner android.bg (1772) at boolean java.io.UnixFileSystem.rename0(java.io.File, java.io.File)(UnixFileSystem.java:-2) waiters=0 in void com.android.server.pm.ShortcutService.handleOnUidStateChanged(int, int) for 6.109s
06-05 11:55:54.404 I/LatinIME( 1986): Hardware accelerated drawing: true
06-05 11:55:55.025 V/vold    ( 1275): /dev/block/vold/public:253,48: LABEL="SDCARD" UUID="1EFF-1C1B" TYPE="vfat" 
06-05 11:55:55.025 V/vold    ( 1275): 
06-05 11:55:55.073 V/vold    ( 1275): /system/bin/fsck_msdos
06-05 11:55:55.073 V/vold    ( 1275):     -p
06-05 11:55:55.073 V/vold    ( 1275):     -f
06-05 11:55:55.073 V/vold    ( 1275):     /dev/block/vold/public:253,48
06-05 11:55:55.079 D/VoldConnector( 1734): RCV <- {652 public:253,48 vfat}
