06-05 11:56:42.276 W/AppOps  ( 1734): 	at com.android.server.SystemServer.run(SystemServer.java:349)
06-05 11:56:42.276 W/AppOps  ( 1734): 	at com.android.server.SystemServer.main(SystemServer.java:219)
06-05 11:56:42.276 W/AppOps  ( 1734): 	at java.lang.reflect.Method.invoke(Native Method)
06-05 11:56:42.276 W/AppOps  ( 1734): 	at com.android.internal.os.ZygoteInit$MethodAndArgsCaller.run(ZygoteInit.java:886)
06-05 11:56:42.276 W/AppOps  ( 1734): 	at com.android.internal.os.ZygoteInit.main(ZygoteInit.java:776)
06-05 11:56:42.318 E/JavaBinder( 1734): !!! FAILED BINDER TRANSACTION !!!  (parcel size = 256)
06-05 11:56:42.319 W/ContentService( 1734): Found dead observer, removing
06-05 11:56:42.319 E/JavaBinder( 1734): !!! FAILED BINDER TRANSACTION !!!  (parcel size = 256)
06-05 11:56:42.359 W/ContentService( 1734): Found dead observer, removing
06-05 11:56:42.495 D/CarrierConfigLoader( 2211): CarrierConfigLoader has started
06-05 11:56:42.602 E/BluetoothAdapter( 2211): Bluetooth binder is null
06-05 11:56:42.686 W/art     ( 1734): Long monitor contention with owner android.bg (1772) at void com.android.server.am.ActivityManagerService$3.handleMessage(android.os.Message)(ActivityManagerService.java:2374) waiters=0 in java.lang.String com.android.server.am.ActivityManagerService.checkContentProviderAccess(java.lang.String, int) for 1.464s
06-05 11:56:42.844 I/Telephony( 2211): TtyManager: updateUiTtyMode -1 -> 0
06-05 11:56:43.172 E/ActivityThread( 1734): Failed to find provider info for com.android.calendar
06-05 11:56:43.176 E/ActivityThread( 1734): Failed to find provider info for com.android.calendar
06-05 11:56:43.674 D/AlarmManagerService( 1734): Kernel timezone updated to 0 minutes west of GMT
06-05 11:56:43.819 D/AlarmManagerService( 1734): Setting time of day to sec=1591358204
06-05 11:56:44.766 W/AlarmManagerService( 1734): Unable to set rtc to 1591358204: No such device
06-05 11:56:44.798 E/JavaBinder( 1734): !!! FAILED BINDER TRANSACTION !!!  (parcel size = 76)
06-05 11:56:44.799 W/ActivityManager( 1734): Failed to update preferences for: com.android.systemui
06-05 11:56:44.800 E/JavaBinder( 1734): !!! FAILED BINDER TRANSACTION !!!  (parcel size = 236)
06-05 11:56:44.801 W/BroadcastQueue( 1734): Can't deliver broadcast to com.android.systemui (pid 1991). Crashing it.
06-05 11:56:44.801 E/JavaBinder( 1734): !!! FAILED BINDER TRANSACTION !!!  (parcel size = 124)
06-05 11:56:44.802 I/ActivityManager( 1734): Killing 1991:com.android.systemui/u0a21 (adj -800): scheduleCrash for 'can't deliver broadcast' failed
06-05 11:56:45.818 W/BroadcastQueue( 1734): Failure sending broadcast Intent { act=android.intent.action.TIME_SET flg=0x24000010 }
06-05 11:56:45.818 W/BroadcastQueue( 1734): android.os.DeadObjectException: Transaction failed on small parcel; remote process probably died
06-05 11:56:45.818 W/BroadcastQueue( 1734): 	at android.os.BinderProxy.transactNative(Native Method)
06-05 11:56:45.818 W/BroadcastQueue( 1734): 	at android.os.BinderProxy.transact(Binder.java:615)
06-05 11:56:45.818 W/BroadcastQueue( 1734): 	at android.app.ApplicationThreadProxy.scheduleRegisteredReceiver(ApplicationThreadNative.java:1201)
06-05 11:56:45.818 W/BroadcastQueue( 1734): 	at com.android.server.am.BroadcastQueue.performReceiveLocked(BroadcastQueue.java:474)
06-05 11:56:45.818 W/BroadcastQueue( 1734): 	at com.android.server.am.BroadcastQueue.deliverToRegisteredReceiverLocked(BroadcastQueue.java:666)
06-05 11:56:45.818 W/BroadcastQueue( 1734): 	at com.android.server.am.BroadcastQueue.processNextBroadcast(BroadcastQueue.java:787)
06-05 11:56:45.818 W/BroadcastQueue( 1734): 	at com.android.server.am.BroadcastQueue$BroadcastHandler.handleMessage(BroadcastQueue.java:172)
06-05 11:56:45.818 W/BroadcastQueue( 1734): 	at android.os.Handler.dispatchMessage(Handler.java:102)
06-05 11:56:45.818 W/BroadcastQueue( 1734): 	at android.os.Looper.loop(Looper.java:154)
06-05 11:56:45.818 W/BroadcastQueue( 1734): 	at android.os.HandlerThread.run(HandlerThread.java:61)
06-05 11:56:45.818 W/BroadcastQueue( 1734): 	at com.android.server.ServiceThread.run(ServiceThread.java:46)
06-05 11:56:45.827 W/art     ( 1734): Long monitor contention with owner ActivityManager (1773) at void com.android.server.am.BroadcastQueue.processNextBroadcast(boolean)(BroadcastQueue.java:760) waiters=0 in int com.android.server.am.ActivityManagerService.broadcastIntent(android.app.IApplicationThread, android.content.Intent, java.lang.String, android.content.IIntentReceiver, int, java.lang.String, android.os.Bundle, java.lang.String[], int, android.os.Bundle, boolean, boolean, int) for 1.012s
06-05 11:56:45.853 D/ConditionProviders.SCP( 1734): onReceive android.intent.action.TIME_SET
06-05 11:56:45.874 D/ConditionProviders.SCP( 1734): notifyCondition condition://android/schedule?days=6.7&start=23.30&end=10.0&exitAtAlarm=false STATE_FALSE reason=!meetsSchedule
06-05 11:56:45.921 D/ConditionProviders.SCP( 1734): notifyCondition condition://android/schedule?days=1.2.3.4.5&start=22.0&end=7.0&exitAtAlarm=false STATE_FALSE reason=!meetsSchedule
06-05 11:56:45.925 D/ConditionProviders.SCP( 1734): Scheduling evaluate for Fri Jun 05 22:00:00 UTC 2020 (1591394400000), in +10h3m14s147ms, now=Fri Jun 05 11:56:45 UTC 2020 (1591358205853)
06-05 11:56:47.036 E/ActivityThread( 2211): Failed to find provider info for com.android.contacts
06-05 11:56:47.037 W/CallerInfoCache( 2211): cursor is null
06-05 11:56:47.050 W/System  ( 2346): ClassLoader referenced unknown path: /system/priv-app/CellBroadcastReceiver/lib/x86_64
06-05 11:56:48.271 W/art     ( 1734): Long monitor contention with owner Binder:1734_5 (2200) at int com.android.server.am.ActivityManagerService.broadcastIntent(android.app.IApplicationThread, android.content.Intent, java.lang.String, android.content.IIntentReceiver, int, java.lang.String, android.os.Bundle, java.lang.String[], int, android.os.Bundle, boolean, boolean, int)(ActivityManagerService.java:18551) waiters=0 in void com.android.server.am.ActivityManagerService.idleUids() for 894ms
06-05 11:56:49.578 W/art     ( 1734): Long monitor contention with owner BackgroundDexOptService_PostBootUpdate (2379) at void com.android.server.power.PowerManagerService.acquireWakeLockInternal(android.os.IBinder, int, java.lang.String, java.lang.String, android.os.WorkSource, java.lang.String, int, int)(PowerManagerService.java:862) waiters=0 in void com.android.server.power.PowerManagerService.handleSandman() for 373ms
06-05 11:56:50.081 D/PhoneSwitcherNetworkRequstListener( 2211): got request NetworkRequest [ REQUEST id=1, [ Capabilities: INTERNET&NOT_RESTRICTED&TRUSTED&NOT_VPN] ] with score 0
06-05 11:56:50.154 D/TelephonyDebugService( 2211): TelephonyDebugService()
06-05 11:56:50.188 D/CarrierConfigLoader( 2211): mHandler: 12 phoneId: 0
06-05 11:56:50.719 I/art     ( 1986): Wrote stack traces to '/data/anr/traces.txt'
06-05 11:56:51.179 W/art     ( 2346): Suspending all threads took: 1.899s
06-05 11:56:51.811 E/ActivityThread( 1734): Failed to find provider info for com.android.calendar
06-05 11:56:51.812 E/ActivityThread( 1734): Failed to find provider info for com.android.calendar
06-05 11:56:52.024 I/WindowManager( 1734): WIN DEATH: Window{78e83ea u0 DockedStackDivider}
06-05 11:56:52.133 W/WallpaperManagerService( 1734): Wallpaper service gone: ComponentInfo{com.android.systemui/com.android.systemui.ImageWallpaper}
06-05 11:56:52.263 W/AudioService( 1734): Current remote volume controller died, unregistering
06-05 11:56:52.160 I/ActivityManager( 1734): Process com.android.systemui (pid 1991) has died
06-05 11:56:52.276 D/ActivityManager( 1734): cleanUpApplicationRecord -- 1991
06-05 11:56:52.281 W/VolumeController( 1734): Error calling dismiss
06-05 11:56:52.281 W/VolumeController( 1734): android.os.DeadObjectException
06-05 11:56:52.281 W/VolumeController( 1734): 	at android.os.BinderProxy.transactNative(Native Method)
06-05 11:56:52.281 W/VolumeController( 1734): 	at android.os.BinderProxy.transact(Binder.java:615)
06-05 11:56:52.281 W/VolumeController( 1734): 	at android.media.IVolumeController$Stub$Proxy.dismiss(IVolumeController.java:162)
06-05 11:56:52.281 W/VolumeController( 1734): 	at com.android.server.audio.AudioService$VolumeController.postDismiss(AudioService.java:6138)
06-05 11:56:52.281 W/VolumeController( 1734): 	at com.android.server.audio.AudioService.setVolumeController(AudioService.java:5986)
06-05 11:56:52.281 W/VolumeController( 1734): 	at com.android.server.audio.AudioService$4.binderDied(AudioService.java:5995)
06-05 11:56:52.281 W/VolumeController( 1734): 	at android.os.BinderProxy.sendDeathNotice(Binder.java:688)
06-05 11:56:52.313 W/ActivityManager( 1734): Scheduling restart of crashed service com.android.systemui/.keyguard.KeyguardService in 0ms
06-05 11:56:52.314 W/ActivityManager( 1734): Scheduling restart of crashed service com.android.systemui/.ImageWallpaper in 0ms
06-05 11:56:52.314 W/ActivityManager( 1734): Scheduling restart of crashed service com.android.systemui/.SystemUIService in 0ms
06-05 11:56:52.324 W/libprocessgroup( 1734): failed to open /acct/uid_10021/pid_1991/cgroup.procs: No such file or directory
06-05 11:56:52.325 W/libprocessgroup( 1734): failed to open /acct/uid_10021/pid_1991/cgroup.procs: No such file or directory
06-05 11:56:52.386 W/ActivityManager( 1734): Re-adding persistent process ProcessRecord{c10b30 1991:com.android.systemui/u0a21}
06-05 11:56:52.539 W/ActivityManager( 1734): Slow operation: 153ms so far, now at startProcess: returned from zygote!
06-05 11:56:52.539 W/ActivityManager( 1734): Slow operation: 153ms so far, now at startProcess: done updating battery stats
06-05 11:56:52.540 W/ActivityManager( 1734): Slow operation: 153ms so far, now at startProcess: building log message
06-05 11:56:52.540 I/ActivityManager( 1734): Start proc 2391:com.android.systemui/u0a21 for restart com.android.systemui
06-05 11:56:52.540 W/ActivityManager( 1734): Slow operation: 154ms so far, now at startProcess: starting to update pids map
06-05 11:56:52.540 W/ActivityManager( 1734): Slow operation: 154ms so far, now at startProcess: done updating pids map
06-05 11:56:52.543 W/art     ( 1734): Long monitor contention with owner Binder:1734_7 (2312) at void com.android.server.am.ActivityManagerService$AppDeathRecipient.binderDied()(ActivityManagerService.java:1475) waiters=0 in android.content.Intent com.android.server.am.ActivityManagerService.registerReceiver(android.app.IApplicationThread, java.lang.String, android.content.IIntentReceiver, android.content.IntentFilter, java.lang.String, int) for 296ms
06-05 11:56:52.544 W/art     ( 1734): Long monitor contention with owner Binder:1734_7 (2312) at void com.android.server.am.ActivityManagerService$AppDeathRecipient.binderDied()(ActivityManagerService.java:1475) waiters=1 in void com.android.server.am.ActiveServices$ServiceRestarter.run() for 232ms
06-05 11:56:52.823 W/art     ( 2391): Unexpected CPU variant for X86 using defaults: x86_64
06-05 11:56:53.818 W/System  ( 2391): ClassLoader referenced unknown path: /system/priv-app/SystemUI/lib/x86_64
06-05 11:56:54.276 V/SystemUIService( 2391): Starting SystemUI services for user 0.
06-05 11:56:54.689 V/MediaRouter( 2391): Adding route: RouteInfo{ name=Phone, description=null, status=null, category=RouteCategory{ name=null types=ROUTE_TYPE_LIVE_AUDIO ROUTE_TYPE_LIVE_VIDEO  groupable=false }, supportedTypes=ROUTE_TYPE_LIVE_AUDIO ROUTE_TYPE_LIVE_VIDEO , presentationDisplay=null }
06-05 11:56:54.739 V/MediaRouter( 2391): Updating audio routes: AudioRoutesInfo{ type=SPEAKER }
06-05 11:56:54.790 V/MediaRouter( 2391): Selecting route: RouteInfo{ name=Phone, description=null, status=null, category=RouteCategory{ name=null types=ROUTE_TYPE_LIVE_AUDIO ROUTE_TYPE_LIVE_VIDEO  groupable=false }, supportedTypes=ROUTE_TYPE_LIVE_AUDIO ROUTE_TYPE_LIVE_VIDEO , presentationDisplay=null }
06-05 11:56:55.141 D/TrustManagerService( 1734): Removing dead TrustListener.
06-05 11:56:56.087 E/WVMExtractor( 2391): Failed to open libwvm.so: dlopen failed: library "libwvm.so" not found
06-05 11:56:57.156 W/WallpaperManagerService( 1734): Wallpaper reconnect timed out, reverting to built-in wallpaper!
06-05 11:56:57.252 I/MediaPlayerService( 1332): MediaPlayerService::getOMX
06-05 11:56:57.277 I/OMXClient( 2391): MuxOMX ctor
06-05 11:56:57.337 I/OMXMaster( 1329): makeComponentInstance(OMX.google.vorbis.decoder) in mediacodec process
06-05 11:56:59.167 W/art     ( 1734): Long monitor contention with owner BackgroundDexOptService_PostBootUpdate (2379) at boolean android.os.MessageQueue.enqueueMessage(android.os.Message, long)(MessageQueue.java:541) waiters=0 in android.os.Message android.os.MessageQueue.next() for 244ms
06-05 11:57:00.833 W/art     ( 1734): Long monitor contention with owner AlarmManager (1920) at boolean android.os.MessageQueue.enqueueMessage(android.os.Message, long)(MessageQueue.java:541) waiters=0 in android.os.Message android.os.MessageQueue.next() for 214ms
06-05 11:57:00.862 W/art     ( 1734): Long monitor contention with owner AlarmManager (1920) at void com.android.server.AlarmManagerService$AlarmThread.run()(AlarmManagerService.java:2498) waiters=0 in void com.android.server.AlarmManagerService.setImpl(int, long, long, long, android.app.PendingIntent, android.app.IAlarmListener, java.lang.String, int, android.os.WorkSource, android.app.AlarmManager$AlarmClockInfo, int, java.lang.String) for 258ms
06-05 11:57:02.339 W/art     ( 1734): Long monitor contention with owner BackgroundDexOptService_PostBootUpdate (2379) at void com.android.server.power.PowerManagerService.acquireWakeLockInternal(android.os.IBinder, int, java.lang.String, java.lang.String, android.os.WorkSource, java.lang.String, int, int)(PowerManagerService.java:862) waiters=0 in void com.android.server.power.PowerManagerService.handleSandman() for 163ms
06-05 11:57:02.376 W/WindowManager( 1734): ***** BOOT TIMEOUT: forcing display enabled
06-05 11:57:02.393 I/SurfaceFlinger( 1319): Boot is finished (215413 ms)
06-05 11:57:02.475 I/vol.Events( 2391): writeEvent collection_started
06-05 11:57:02.762 W/art     ( 1734): Long monitor contention with owner BackgroundDexOptService_PostBootUpdate (2379) at boolean android.os.MessageQueue.enqueueMessage(android.os.Message, long)(MessageQueue.java:541) waiters=0 in android.os.Message android.os.MessageQueue.next() for 118ms
06-05 11:57:02.825 I/SystemServiceManager( 1734): Starting phase 1000
06-05 11:57:03.194 I/vol.Events( 2391): writeEvent external_ringer_mode_changed normal
06-05 11:57:03.195 I/vol.Events( 2391): writeEvent internal_ringer_mode_changed normal
06-05 11:57:03.302 I/MediaPlayerService( 1332): MediaPlayerService::getOMX
06-05 11:57:03.379 I/OMXClient( 2391): MuxOMX ctor
06-05 11:57:03.393 I/OMXMaster( 1329): makeComponentInstance(OMX.google.vorbis.decoder) in mediacodec process
06-05 11:57:03.423 W/art     ( 1734): Long monitor contention with owner Binder:1734_7 (2312) at void com.android.server.am.ActivityManagerService$AppDeathRecipient.binderDied()(ActivityManagerService.java:1475) waiters=3 in void com.android.server.am.ActivityManagerService$3.handleMessage(android.os.Message) for 1.681s
06-05 11:57:03.812 W/ActivityManager( 1734): Slow operation: 595ms so far, now at startProcess: returned from zygote!
06-05 11:57:03.812 W/ActivityManager( 1734): Slow operation: 596ms so far, now at startProcess: done updating battery stats
06-05 11:57:03.813 W/ActivityManager( 1734): Slow operation: 597ms so far, now at startProcess: building log message
06-05 11:57:03.813 I/ActivityManager( 1734): Start proc 2426:android.ext.services/u0a12 for on-hold
06-05 11:57:03.814 W/ActivityManager( 1734): Slow operation: 597ms so far, now at startProcess: starting to update pids map
06-05 11:57:03.814 W/ActivityManager( 1734): Slow operation: 597ms so far, now at startProcess: done updating pids map
06-05 11:57:03.920 D/ActivityManager( 1734): Finishing user boot 0
06-05 11:57:04.046 D/CryptdConnector( 1734): SND -> {3 cryptfs prepare_user_storage ! 0 0 2}
06-05 11:57:04.091 D/vold    ( 1275): e4crypt_prepare_user_storage for volume null, user 0, serial 0, flags 2
06-05 11:57:04.093 D/vold    ( 1275): Preparing: /data/system_ce/0
06-05 11:57:04.094 D/vold    ( 1275): Preparing: /data/misc_ce/0
06-05 11:57:04.094 D/vold    ( 1275): Preparing: /data/media/0
06-05 11:57:04.094 D/vold    ( 1275): Preparing: /data/data
06-05 11:57:04.134 D/CryptdConnector( 1734): RCV <- {200 3 Command succeeded}
06-05 11:57:04.144 V/UserManagerService( 1734): Found /data/user/0 with serial number 0
06-05 11:57:04.145 V/UserManagerService( 1734): Found /data/system_ce/0 with serial number 0
06-05 11:57:04.148 V/PackageManager( 1734): reconcileAppsData for null u0 0x2
06-05 11:57:05.873 I/MediaPlayerService( 1332): MediaPlayerService::getOMX
06-05 11:57:05.886 I/OMXClient( 2391): MuxOMX ctor
06-05 11:57:05.890 I/OMXMaster( 1329): makeComponentInstance(OMX.google.vorbis.decoder) in mediacodec process
06-05 11:57:08.494 W/art     ( 2426): Unexpected CPU variant for X86 using defaults: x86_64
06-05 11:57:10.224 V/PackageManager( 1734): reconcileAppsData finished 81 packages
06-05 11:57:10.237 W/art     ( 1734): Long monitor contention with owner android.display (1793) at void com.android.server.am.ActivityManagerService.finishBooting()(ActivityManagerService.java:6823) waiters=1 in android.content.Intent com.android.server.am.ActivityManagerService.registerReceiver(android.app.IApplicationThread, java.lang.String, android.content.IIntentReceiver, android.content.IntentFilter, java.lang.String, int) for 7.008s
06-05 11:57:10.292 W/art     ( 1734): Long monitor contention with owner android.display (1793) at void com.android.server.am.ActivityManagerService.finishBooting()(ActivityManagerService.java:6823) waiters=2 in void com.android.server.am.BroadcastQueue.processNextBroadcast(boolean) for 6.367s
06-05 11:57:10.294 D/MountService( 1734): onUnlockUser 0
06-05 11:57:10.295 D/VoldConnector( 1734): SND -> {8 volume user_started 0}
06-05 11:57:10.304 W/art     ( 1734): Long monitor contention with owner android.display (1793) at void com.android.server.am.ActivityManagerService.finishBooting()(ActivityManagerService.java:6823) waiters=3 in void com.android.server.am.ActivityManagerService.attachApplication(android.app.IApplicationThread) for 1.355s
06-05 11:57:10.334 W/art     ( 1734): Long monitor contention with owner android.display (1793) at void com.android.server.am.ActivityManagerService.finishBooting()(ActivityManagerService.java:6823) waiters=4 in android.content.pm.UserInfo com.android.server.am.UserController.getCurrentUser() for 1.012s
06-05 11:57:10.499 W/art     ( 1734): Long monitor contention with owner android.display (1793) at void com.android.server.am.ActivityManagerService.finishBooting()(ActivityManagerService.java:6823) waiters=1 in void com.android.server.am.ActivityManagerService$3.handleMessage(android.os.Message) for 7.075s
06-05 11:57:10.500 D/vold    ( 1275): Linking /storage/emulated/0 to /mnt/user/0/primary
06-05 11:57:10.502 D/VoldConnector( 1734): RCV <- {200 8 Command succeeded}
06-05 11:57:10.527 D/MountService( 1734): Volume public:253,48 broadcasting mounted to UserHandle{0}
06-05 11:57:10.776 W/art     ( 1734): Long monitor contention with owner android.display (1793) at void com.android.server.am.ActivityManagerService.finishBooting()(ActivityManagerService.java:6823) waiters=5 in void com.android.server.am.ActivityManagerService.publishContentProviders(android.app.IApplicationThread, java.util.List) for 1.152s
06-05 11:57:10.962 W/art     ( 1734): Long monitor contention with owner Binder:1734_7 (2312) at void com.android.server.am.ActivityManagerService.attachApplication(android.app.IApplicationThread)(ActivityManagerService.java:6669) waiters=2 in android.content.pm.UserInfo com.android.server.am.UserController.getCurrentUser() for 628ms
06-05 11:57:11.036 W/art     ( 1734): Long monitor contention with owner Binder:1734_7 (2312) at void com.android.server.am.ActivityManagerService.attachApplication(android.app.IApplicationThread)(ActivityManagerService.java:6669) waiters=3 in void com.android.server.am.ActivityManagerService$3.handleMessage(android.os.Message) for 536ms
06-05 11:57:11.101 W/art     ( 1734): Long monitor contention with owner Binder:1734_7 (2312) at void com.android.server.am.ActivityManagerService.attachApplication(android.app.IApplicationThread)(ActivityManagerService.java:6669) waiters=4 in int com.android.server.am.ActivityManagerService.broadcastIntent(android.app.IApplicationThread, android.content.Intent, java.lang.String, android.content.IIntentReceiver, int, java.lang.String, android.os.Bundle, java.lang.String[], int, android.os.Bundle, boolean, boolean, int) for 567ms
06-05 11:57:11.103 D/MountService( 1734): Volume emulated broadcasting mounted to UserHandle{0}
06-05 11:57:11.104 W/art     ( 1734): Long monitor contention with owner Binder:1734_7 (2312) at void com.android.server.am.ActivityManagerService.attachApplication(android.app.IApplicationThread)(ActivityManagerService.java:6669) waiters=6 in android.content.Intent com.android.server.am.ActivityManagerService.registerReceiver(android.app.IApplicationThread, java.lang.String, android.content.IIntentReceiver, android.content.IntentFilter, java.lang.String, int) for 383ms
06-05 11:57:11.111 W/art     ( 1734): Long monitor contention with owner Binder:1734_7 (2312) at void com.android.server.am.ActivityManagerService.attachApplication(android.app.IApplicationThread)(ActivityManagerService.java:6669) waiters=5 in boolean com.android.server.am.ActivityManagerService.isUserRunning(int, int) for 478ms
06-05 11:57:11.116 W/art     ( 1734): Long monitor contention with owner Binder:1734_7 (2312) at void com.android.server.am.ActivityManagerService.attachApplication(android.app.IApplicationThread)(ActivityManagerService.java:6669) waiters=7 in void com.android.server.am.ActivityManagerService.dispatchProcessesChanged() for 377ms
06-05 11:57:11.568 W/System  ( 2426): ClassLoader referenced unknown path: /system/priv-app/ExtServices/lib/x86_64
06-05 11:57:11.858 W/ActivityManager( 1734): Slow operation: 432ms so far, now at startProcess: returned from zygote!
06-05 11:57:11.858 W/ActivityManager( 1734): Slow operation: 433ms so far, now at startProcess: done updating battery stats
06-05 11:57:11.859 W/ActivityManager( 1734): Slow operation: 433ms so far, now at startProcess: building log message
06-05 11:57:11.859 I/ActivityManager( 1734): Start proc 2453:com.android.deskclock/u0a31 for broadcast com.android.deskclock/.AlarmInitReceiver
06-05 11:57:11.859 W/ActivityManager( 1734): Slow operation: 433ms so far, now at startProcess: starting to update pids map
06-05 11:57:11.859 W/ActivityManager( 1734): Slow operation: 433ms so far, now at startProcess: done updating pids map
06-05 11:57:11.859 W/ActivityManager( 1734): Slow operation: 436ms so far, now at startProcess: done starting proc!
06-05 11:57:11.860 W/art     ( 1734): Long monitor contention with owner Binder:1734_8 (2389) at void com.android.server.am.BroadcastQueue.processNextBroadcast(boolean)(BroadcastQueue.java:760) waiters=0 in void com.android.server.am.ActivityManagerService.dispatchUidsChanged() for 434ms
06-05 11:57:12.050 W/art     ( 2453): Unexpected CPU variant for X86 using defaults: x86_64
06-05 11:57:12.242 V/BackupManagerService( 1734): No ancestral data
06-05 11:57:12.367 W/art     ( 1734): Suspending all threads took: 87.558ms
06-05 11:57:12.374 E/GnssLocationProvider( 1734): no AGPS interface in set_agps_server
06-05 11:57:12.761 I/art     ( 1734): Background partial concurrent mark sweep GC freed 41800(3MB) AllocSpace objects, 5(180KB) LOS objects, 29% free, 9MB/13MB, paused 93.534ms total 2.193s
06-05 11:57:12.992 I/vol.Events( 2391): writeEvent level_changed STREAM_ALARM 6
06-05 11:57:13.022 I/vol.Events( 2391): writeEvent level_changed STREAM_BLUETOOTH_SCO 7
06-05 11:57:13.106 I/vol.Events( 2391): writeEvent level_changed STREAM_MUSIC 11
06-05 11:57:13.150 I/vol.Events( 2391): writeEvent level_changed STREAM_RING 5
06-05 11:57:13.172 I/vol.Events( 2391): writeEvent level_changed STREAM_SYSTEM 5
06-05 11:57:13.240 I/vol.Events( 2391): writeEvent level_changed STREAM_VOICE_CALL 4
06-05 11:57:13.389 V/BackupManagerService( 1734): Starting with transport android/com.android.internal.backup.LocalTransport
06-05 11:57:13.390 V/BackupManagerService( 1734): Found transports: 1
06-05 11:57:13.391 W/BackupManagerService( 1734): Proposed transport ComponentInfo{android/com.android.internal.backup.LocalTransportService} not whitelisted; ignoring
06-05 11:57:13.433 I/BackupManagerService( 1734): Backup enabled => false
06-05 11:57:13.656 I/InputAttributes( 1986): InputType.TYPE_NULL is specified
06-05 11:57:13.703 W/System  ( 2453): ClassLoader referenced unknown path: /system/app/DeskClock/lib/x86_64
06-05 11:57:13.817 W/art     ( 1734): Long monitor contention with owner backup (2454) at boolean java.io.UnixFileSystem.checkAccess0(java.io.File, int)(UnixFileSystem.java:-2) waiters=0 in void com.android.server.backup.BackupManagerService.setBackupEnabled(boolean) for 260ms
06-05 11:57:14.099 V/KeyValueBackupJob( 1734): Scheduling k/v pass in 241 minutes
06-05 11:57:14.351 W/VoiceInteractionManagerService( 1734): no available voice interaction services found for user 0
06-05 11:57:14.352 W/VoiceInteractionManagerService( 1734): no available voice recognition services found for user 0
06-05 11:57:14.364 D/StorageNotification( 2391): Notifying about private volume: VolumeInfo{private}:
06-05 11:57:14.364 D/StorageNotification( 2391):     type=PRIVATE diskId=null partGuid=null mountFlags=0 mountUserId=-1 
06-05 11:57:14.364 D/StorageNotification( 2391):     state=MOUNTED 
06-05 11:57:14.364 D/StorageNotification( 2391):     fsType=null fsUuid=null fsLabel=null 
06-05 11:57:14.364 D/StorageNotification( 2391):     path=/data internalPath=null 
06-05 11:57:14.379 D/StorageNotification( 2391): Notifying about public volume: VolumeInfo{public:253,48}:
06-05 11:57:14.379 D/StorageNotification( 2391):     type=PUBLIC diskId=disk:253,48 partGuid=null mountFlags=VISIBLE 
06-05 11:57:14.379 D/StorageNotification( 2391):     mountUserId=0 state=MOUNTED 
06-05 11:57:14.379 D/StorageNotification( 2391):     fsType=vfat fsUuid=1EFF-1C1B fsLabel=SDCARD 
06-05 11:57:14.379 D/StorageNotification( 2391):     path=/storage/1EFF-1C1B internalPath=/mnt/media_rw/1EFF-1C1B 
06-05 11:57:14.397 W/art     ( 1734): Long monitor contention with owner android.bg (1772) at boolean android.os.MessageQueue.enqueueMessage(android.os.Message, long)(MessageQueue.java:541) waiters=0 in android.os.Message android.os.MessageQueue.next() for 349ms
06-05 11:57:14.406 I/ActivityManager( 1734): Loading recents for user 0 into memory.
06-05 11:57:14.421 D/ActivityManager( 1734): Sending BOOT_COMPLETE user #0
06-05 11:57:14.436 I/GnssLocationProvider( 1734): WakeLock released by handleMessage(2, 1, null)
06-05 11:57:14.930 W/BroadcastQueue( 1734): Timeout of broadcast BroadcastRecord{d8d0d2d u-1 android.intent.action.TIME_TICK} - receiver=android.os.BinderProxy@1250bbf, started 14054ms ago
06-05 11:57:14.930 W/BroadcastQueue( 1734): Receiver during timeout: BroadcastFilter{1fccdd5 u0 ReceiverList{b14628c 2391 com.android.systemui/10021/u0 remote:1250bbf}}
06-05 11:57:14.940 W/ActivityManager( 1734): Timeout executing service: ServiceRecord{f122a5f u0 com.android.systemui/.keyguard.KeyguardService}
06-05 11:57:15.223 I/Process ( 1734): Sending signal. PID: 2391 SIG: 3
06-05 11:57:15.225 I/art     ( 2391): Thread[3,tid=2399,WaitingInMainSignalCatcherLoop,Thread*=0x7a8e06c96400,peer=0x12c1f310,"Signal Catcher"]: reacting to signal 3
06-05 11:57:15.264 I/art     ( 2391): 
06-05 11:57:15.688 I/SyncManager( 1734): Got SyncJobService instance.
06-05 11:57:15.939 V/KeyguardServiceDelegate( 1734): *** Keyguard connected (yay!)
06-05 11:57:16.084 I/LatinIME( 1986): Timeout waiting for dictionary load
06-05 11:57:16.135 W/ifconfig( 2485): type=1400 audit(0.0:10): avc: denied { ioctl } for path="socket:[14472]" dev="sockfs" ino=14472 ioctlcmd=8927 scontext=u:r:shell:s0 tcontext=u:r:shell:s0 tclass=udp_socket permissive=0
06-05 11:57:16.405 W/ifconfig( 2485): type=1400 audit(0.0:11): avc: denied { ioctl } for path="socket:[14472]" dev="sockfs" ino=14472 ioctlcmd=891d scontext=u:r:shell:s0 tcontext=u:r:shell:s0 tclass=udp_socket permissive=0
06-05 11:57:16.575 W/ifconfig( 2485): type=1400 audit(0.0:12): avc: denied { ioctl } for path="socket:[14472]" dev="sockfs" ino=14472 ioctlcmd=8970 scontext=u:r:shell:s0 tcontext=u:r:shell:s0 tclass=udp_socket permissive=0
06-05 11:57:16.773 E/ActivityManager( 1734): ANR in com.android.systemui
06-05 11:57:16.773 E/ActivityManager( 1734): PID: 2391
06-05 11:57:16.773 E/ActivityManager( 1734): Reason: executing service com.android.systemui/.keyguard.KeyguardService
06-05 11:57:16.773 E/ActivityManager( 1734): Load: 0.0 / 0.0 / 0.0
06-05 11:57:16.773 E/ActivityManager( 1734): CPU usage from 37863ms to 0ms ago (2020-06-05 11:56:36.136 to 2020-06-05 11:57:14.944):
06-05 11:57:16.773 E/ActivityManager( 1734):   99% 1319/surfaceflinger: 27% user + 71% kernel / faults: 2043 minor
06-05 11:57:16.773 E/ActivityManager( 1734):   31% 1734/system_server: 4.6% user + 26% kernel / faults: 6473 minor 125 major
06-05 11:57:16.773 E/ActivityManager( 1734):   17% 2226/com.android.settings: 3.4% user + 14% kernel / faults: 38 minor 1 major
06-05 11:57:16.773 E/ActivityManager( 1734):   2.7% 1329/media.codec: 0% user + 2.7% kernel / faults: 1796 minor
06-05 11:57:16.773 E/ActivityManager( 1734):   2.5% 2211/com.android.phone: 0.3% user + 2.2% kernel / faults: 1180 minor 17 major
06-05 11:57:16.773 E/ActivityManager( 1734):   0.8% 1327/installd: 0% user + 0.8% kernel / faults: 1 minor
06-05 11:57:16.773 E/ActivityManager( 1734):   1.5% 8/rcu_preempt: 0% user + 1.5% kernel
06-05 11:57:16.773 E/ActivityManager( 1734):   0.9% 1321/adbd: 0% user + 0.9% kernel / faults: 813 minor
06-05 11:57:16.773 E/ActivityManager( 1734):   0.6% 1331/media.extractor: 0% user + 0.6% kernel / faults: 59 minor
06-05 11:57:16.773 E/ActivityManager( 1734):   0.6% 1318/servicemanager: 0% user + 0.6% kernel
06-05 11:57:16.773 E/ActivityManager( 1734):   0.4% 1322/zygote64: 0% user + 0.4% kernel / faults: 580 minor
06-05 11:57:16.773 E/ActivityManager( 1734):   0.4% 1265/logd: 0% user + 0.4% kernel / faults: 35 minor
06-05 11:57:16.773 E/ActivityManager( 1734):   0.3% 1324/audioserver: 0% user + 0.3% kernel / faults: 3 minor
06-05 11:57:16.773 E/ActivityManager( 1734):   0.3% 1986/com.android.inputmethod.latin: 0% user + 0.3% kernel / faults: 366 minor
06-05 11:57:16.773 E/ActivityManager( 1734):   0.2% 1332/mediaserver: 0% user + 0.2% kernel / faults: 2 minor
06-05 11:57:16.773 E/ActivityManager( 1734):   0.2% 1346/logcat: 0% user + 0.2% kernel / faults: 4 minor
06-05 11:57:16.773 E/ActivityManager( 1734):   0.2% 3/ksoftirqd/0: 0% user + 0.2% kernel
06-05 11:57:16.773 E/ActivityManager( 1734):   0.1% 1253/kworker/0:1H: 0% user + 0.1% kernel
06-05 11:57:16.773 E/ActivityManager( 1734):   0.1% 1//init: 0% user + 0.1% kernel / faults: 2 minor
06-05 11:57:16.773 E/ActivityManager( 1734):   0.1% 12/ksoftirqd/1: 0% user + 0.1% kernel
06-05 11:57:16.773 E/ActivityManager( 1734):   0% 13/kworker/1:0: 0% user + 0% kernel
06-05 11:57:16.773 E/ActivityManager( 1734):   0% 17/kworker/u4:1: 0% user + 0% kernel
06-05 11:57:16.773 E/ActivityManager( 1734):   0% 809/kworker/0:2: 0% user + 0% kernel
06-05 11:57:16.773 E/ActivityManager( 1734):   0% 1334/rild: 0% user + 0% kernel / faults: 1 minor
06-05 11:57:16.773 E/ActivityManager( 1734):   0% 2044/sdcard: 0% user + 0% kernel / faults: 12 minor
06-05 11:57:16.773 E/ActivityManager( 1734):   0% 1263/jbd2/vdc-8: 0% user + 0% kernel
06-05 11:57:16.773 E/ActivityManager( 1734):   0% 1275/vold: 0% user + 0% kernel / faults: 12 minor
06-05 11:57:16.773 E/ActivityManager( 1734):   0% 1516/hostapd: 0% user + 0% kernel
06-05 11:57:16.773 E/ActivityManager( 1734):   0% 1317/lmkd: 0% user + 0% kernel
06-05 11:57:16.773 E/ActivityManager( 1734):  +0% 2346/com.android.cellbroadcastreceiver: 0% user + 0% kernel
06-05 11:57:16.773 E/ActivityManager( 1734):  +0% 2391/com.android.systemui: 0% user + 0% kernel
06-05 11:57:16.773 E/ActivityManager( 1734):  +0% 2426/android.ext.services: 0% user + 0% kernel
06-05 11:57:16.773 E/ActivityManager( 1734):  +0% 2453/com.android.deskclock: 0% user + 0% kernel
06-05 11:57:16.773 E/ActivityManager( 1734): 100% TOTAL: 22% user + 76% kernel + 1% softirq
06-05 11:57:16.773 E/ActivityManager( 1734): CPU usage from 246999ms to 246999ms ago (1970-01-01 00:00:00.000 to 1970-01-01 00:00:00.000) with 0% awake:
06-05 11:57:16.773 E/ActivityManager( 1734): 0% TOTAL: 0% user + 0% kernel
06-05 11:57:16.818 I/Choreographer( 2391): Skipped 185 frames!  The application may be doing too much work on its main thread.
06-05 11:57:16.821 I/ActivityManager( 1734): Killing 2391:com.android.systemui/u0a21 (adj -800): bg anr
06-05 11:57:17.210 D/FallbackHome( 2226): User unlocked and real home found; let's go!
06-05 11:57:17.222 I/ActivityManager( 1734): Skipping duplicate ANR: ProcessRecord{c10b30 2391:com.android.systemui/u0a21} Broadcast of Intent { act=android.intent.action.TIME_TICK flg=0x50000014 (has extras) }
06-05 11:57:17.316 D/CarrierSvcBindHelper( 2211): Received android.intent.action.USER_UNLOCKED
06-05 11:57:17.319 E/PhoneInterfaceManager( 2211): [PhoneIntfMgr] getCarrierPackageNamesForIntent: No UICC
06-05 11:57:17.320 D/CarrierSvcBindHelper( 2211): No carrier app for: 0
06-05 11:57:17.334 W/InputDispatcher( 1734): channel '9508c13 DockedStackDivider (server)' ~ Consumer closed input channel or an error occurred.  events=0x9
06-05 11:57:17.387 W/AudioService( 1734): Current remote volume controller died, unregistering
06-05 11:57:17.390 W/VolumeController( 1734): Error calling dismiss
06-05 11:57:17.390 W/VolumeController( 1734): android.os.DeadObjectException
06-05 11:57:17.390 W/VolumeController( 1734): 	at android.os.BinderProxy.transactNative(Native Method)
06-05 11:57:17.390 W/VolumeController( 1734): 	at android.os.BinderProxy.transact(Binder.java:615)
06-05 11:57:17.390 W/VolumeController( 1734): 	at android.media.IVolumeController$Stub$Proxy.dismiss(IVolumeController.java:162)
06-05 11:57:17.390 W/VolumeController( 1734): 	at com.android.server.audio.AudioService$VolumeController.postDismiss(AudioService.java:6138)
06-05 11:57:17.390 W/VolumeController( 1734): 	at com.android.server.audio.AudioService.setVolumeController(AudioService.java:5986)
06-05 11:57:17.390 W/VolumeController( 1734): 	at com.android.server.audio.AudioService$4.binderDied(AudioService.java:5995)
06-05 11:57:17.390 W/VolumeController( 1734): 	at android.os.BinderProxy.sendDeathNotice(Binder.java:688)
06-05 11:57:17.406 V/KeyguardServiceDelegate( 1734): *** Keyguard disconnected (boo!)
06-05 11:57:17.422 E/InputDispatcher( 1734): channel '9508c13 DockedStackDivider (server)' ~ Channel is unrecoverably broken and will be disposed!
06-05 11:57:17.435 I/ActivityManager( 1734): START u0 {act=android.intent.action.MAIN cat=[android.intent.category.HOME] flg=0x10000100 cmp=com.android.launcher3/.Launcher} from uid 0 on display 0
06-05 11:57:17.467 I/WindowManager( 1734): WIN DEATH: Window{9508c13 u0 DockedStackDivider}
06-05 11:57:17.467 W/InputDispatcher( 1734): Attempted to unregister already unregistered input channel '9508c13 DockedStackDivider (server)'
06-05 11:57:17.677 I/BackupManagerService( 1734): Found stale backup journal, scheduling
06-05 11:57:18.014 I/AccountManagerService( 1734): User 0 is unlocked - opening CE database
06-05 11:57:18.090 W/art     ( 1734): Long monitor contention with owner android.display (1793) at void com.android.server.wm.WindowAnimator$1.doFrame(long)(WindowAnimator.java:144) waiters=0 in void com.android.server.wm.WindowManagerService.prepareAppTransition(int, boolean) for 120ms
06-05 11:57:18.391 W/ActivityManager( 1734): Slow operation: 197ms so far, now at startProcess: returned from zygote!
06-05 11:57:18.391 W/ActivityManager( 1734): Slow operation: 197ms so far, now at startProcess: done updating battery stats
06-05 11:57:18.391 W/ActivityManager( 1734): Slow operation: 198ms so far, now at startProcess: building log message
06-05 11:57:18.391 I/ActivityManager( 1734): Start proc 2501:com.android.launcher3/u0a42 for activity com.android.launcher3/.Launcher
06-05 11:57:18.392 W/ActivityManager( 1734): Slow operation: 198ms so far, now at startProcess: starting to update pids map
06-05 11:57:18.392 W/ActivityManager( 1734): Slow operation: 198ms so far, now at startProcess: done updating pids map
06-05 11:57:18.392 W/ActivityManager( 1734): Slow operation: 202ms so far, now at startProcess: done starting proc!
06-05 11:57:18.500 W/art     ( 2501): Unexpected CPU variant for X86 using defaults: x86_64
06-05 11:57:18.649 W/art     ( 2453): Suspending all threads took: 861.770ms
06-05 11:57:19.058 I/Choreographer( 2226): Skipped 104 frames!  The application may be doing too much work on its main thread.
06-05 11:57:19.060 W/art     ( 1734): Long monitor contention with owner Binder:1734_8 (2389) at void com.android.server.am.ActivityManagerService.activityPaused(android.os.IBinder)(ActivityManagerService.java:6916) waiters=0 in void com.android.server.am.ActivityManagerService$AppDeathRecipient.binderDied() for 1.669s
06-05 11:57:19.061 I/ActivityManager( 1734): Process com.android.systemui (pid 2391) has died
06-05 11:57:19.062 D/ActivityManager( 1734): cleanUpApplicationRecord -- 2391
06-05 11:57:19.069 W/ActivityManager( 1734): Scheduling restart of crashed service com.android.systemui/.keyguard.KeyguardService in 0ms
06-05 11:57:19.069 W/ActivityManager( 1734): Scheduling restart of crashed service com.android.systemui/.ImageWallpaper in 0ms
06-05 11:57:19.070 W/ActivityManager( 1734): Scheduling restart of crashed service com.android.systemui/.SystemUIService in 0ms
06-05 11:57:19.085 W/ActivityManager( 1734): Re-adding persistent process ProcessRecord{c10b30 2391:com.android.systemui/u0a21}
06-05 11:57:19.266 W/libprocessgroup( 1734): failed to open /acct/uid_10021/pid_2391/cgroup.procs: No such file or directory
06-05 11:57:19.357 W/ActivityManager( 1734): Slow operation: 265ms so far, now at startProcess: returned from zygote!
06-05 11:57:19.357 W/ActivityManager( 1734): Slow operation: 271ms so far, now at startProcess: done updating battery stats
06-05 11:57:19.358 W/ActivityManager( 1734): Slow operation: 271ms so far, now at startProcess: building log message
06-05 11:57:19.358 I/ActivityManager( 1734): Start proc 2528:com.android.systemui/u0a21 for restart com.android.systemui
06-05 11:57:19.358 W/ActivityManager( 1734): Slow operation: 271ms so far, now at startProcess: starting to update pids map
06-05 11:57:19.358 W/ActivityManager( 1734): Slow operation: 272ms so far, now at startProcess: done updating pids map
06-05 11:57:19.408 W/art     ( 1734): Long monitor contention with owner Binder:1734_8 (2389) at void com.android.server.am.ActivityManagerService.activityPaused(android.os.IBinder)(ActivityManagerService.java:6916) waiters=1 in void com.android.server.am.ActivityManagerService$MainHandler.handleMessage(android.os.Message) for 1.806s
06-05 11:57:19.411 W/art     ( 1734): Long monitor contention with owner Binder:1734_8 (2389) at void com.android.server.am.ActivityManagerService.activityPaused(android.os.IBinder)(ActivityManagerService.java:6916) waiters=2 in boolean com.android.server.am.ActivityManagerService.isUserRunning(int, int) for 1.735s
06-05 11:57:19.448 W/art     ( 1734): Long monitor contention with owner Binder:1734_8 (2389) at void com.android.server.am.ActivityManagerService.activityPaused(android.os.IBinder)(ActivityManagerService.java:6916) waiters=5 in int com.android.server.am.ActivityManagerService.broadcastIntent(android.app.IApplicationThread, android.content.Intent, java.lang.String, android.content.IIntentReceiver, int, java.lang.String, android.os.Bundle, java.lang.String[], int, android.os.Bundle, boolean, boolean, int) for 875ms
06-05 11:57:19.450 W/WallpaperManagerService( 1734): Wallpaper service gone: ComponentInfo{com.android.systemui/com.android.systemui.ImageWallpaper}
06-05 11:57:19.452 W/art     ( 1734): Long monitor contention with owner Binder:1734_8 (2389) at void com.android.server.am.ActivityManagerService.activityPaused(android.os.IBinder)(ActivityManagerService.java:6916) waiters=3 in java.lang.String com.android.server.am.ActivityManagerService.checkContentProviderAccess(java.lang.String, int) for 1.357s
06-05 11:57:19.453 W/art     ( 1734): Long monitor contention with owner Binder:1734_8 (2389) at void com.android.server.am.ActivityManagerService.activityPaused(android.os.IBinder)(ActivityManagerService.java:6916) waiters=4 in void com.android.server.am.ActivityManagerService.dispatchUidsChanged() for 1.259s
06-05 11:57:19.454 W/art     ( 1734): Long monitor contention with owner Binder:1734_8 (2389) at void com.android.server.am.ActivityManagerService.activityPaused(android.os.IBinder)(ActivityManagerService.java:6916) waiters=7 in void com.android.server.am.ActivityManagerService.publishContentProviders(android.app.IApplicationThread, java.util.List) for 512ms
06-05 11:57:19.456 W/art     ( 1734): Long monitor contention with owner Binder:1734_8 (2389) at void com.android.server.am.ActivityManagerService.activityPaused(android.os.IBinder)(ActivityManagerService.java:6916) waiters=6 in void com.android.server.am.ActivityManagerService.attachApplication(android.app.IApplicationThread) for 783ms
06-05 11:57:19.573 W/art     ( 2528): Unexpected CPU variant for X86 using defaults: x86_64
06-05 11:57:19.720 W/art     ( 1734): Long monitor contention with owner Binder:1734_8 (2389) at void com.android.server.am.ActivityManagerService.activityPaused(android.os.IBinder)(ActivityManagerService.java:6916) waiters=8 in void com.android.server.am.ActivityManagerService$3.handleMessage(android.os.Message) for 735ms
06-05 11:57:19.917 W/art     ( 1734): Long monitor contention with owner Binder:1734_2 (1755) at java.lang.String com.android.server.am.ActivityManagerService.checkContentProviderAccess(java.lang.String, int)(ActivityManagerService.java:10435) waiters=4 in void com.android.server.am.ActivityManagerService.dispatchUidsChanged() for 463ms
06-05 11:57:19.922 W/art     ( 1734): Long monitor contention with owner Binder:1734_9 (2390) at void com.android.server.am.ActivityManagerService.attachApplication(android.app.IApplicationThread)(ActivityManagerService.java:6669) waiters=3 in void com.android.server.am.ActiveServices$ServiceRestarter.run() for 456ms
06-05 11:57:20.042 W/System  ( 2501): ClassLoader referenced unknown path: /system/app/Launcher3/lib/x86_64
06-05 11:57:20.153 W/art     ( 1734): Long monitor contention with owner Binder:1734_9 (2390) at void com.android.server.am.ActivityManagerService.attachApplication(android.app.IApplicationThread)(ActivityManagerService.java:6669) waiters=3 in void com.android.server.am.ActivityManagerService$3.handleMessage(android.os.Message) for 432ms
06-05 11:57:20.421 W/System  ( 2528): ClassLoader referenced unknown path: /system/priv-app/SystemUI/lib/x86_64
06-05 11:57:20.436 W/art     ( 1734): Long monitor contention with owner Binder:1734_9 (2390) at void com.android.server.am.ActivityManagerService.attachApplication(android.app.IApplicationThread)(ActivityManagerService.java:6669) waiters=3 in boolean com.android.server.am.ActivityManagerService.isUserRunning(int, int) for 739ms
06-05 11:57:20.545 I/FusedLocation( 1734): engine started (com.android.location.fused)
06-05 11:57:20.584 D/LauncherProvider( 2501): Launcher process started
06-05 11:57:21.256 W/art     ( 2548): Unexpected CPU variant for X86 using defaults: x86_64
06-05 11:57:21.263 W/ActivityManager( 1734): Slow operation: 223ms so far, now at startProcess: returned from zygote!
06-05 11:57:21.266 W/ActivityManager( 1734): Slow operation: 225ms so far, now at startProcess: done updating battery stats
06-05 11:57:21.266 W/ActivityManager( 1734): Slow operation: 226ms so far, now at startProcess: building log message
06-05 11:57:21.267 I/ActivityManager( 1734): Start proc 2548:com.android.keychain/1000 for service com.android.keychain/.KeyChainService
06-05 11:57:21.267 W/ActivityManager( 1734): Slow operation: 226ms so far, now at startProcess: starting to update pids map
06-05 11:57:21.267 W/ActivityManager( 1734): Slow operation: 226ms so far, now at startProcess: done updating pids map
06-05 11:57:21.267 W/ActivityManager( 1734): Slow operation: 242ms so far, now at startProcess: done starting proc!
06-05 11:57:21.453 V/Launcher( 2501): LauncherAppState inited
06-05 11:57:21.629 V/SystemUIService( 2528): Starting SystemUI services for user 0.
06-05 11:57:22.758 V/MediaRouter( 2528): Adding route: RouteInfo{ name=Phone, description=null, status=null, category=RouteCategory{ name=null types=ROUTE_TYPE_LIVE_AUDIO ROUTE_TYPE_LIVE_VIDEO  groupable=false }, supportedTypes=ROUTE_TYPE_LIVE_AUDIO ROUTE_TYPE_LIVE_VIDEO , presentationDisplay=null }
06-05 11:57:23.193 V/MediaRouter( 2528): Updating audio routes: AudioRoutesInfo{ type=SPEAKER }
06-05 11:57:23.247 V/MediaRouter( 2528): Selecting route: RouteInfo{ name=Phone, description=null, status=null, category=RouteCategory{ name=null types=ROUTE_TYPE_LIVE_AUDIO ROUTE_TYPE_LIVE_VIDEO  groupable=false }, supportedTypes=ROUTE_TYPE_LIVE_AUDIO ROUTE_TYPE_LIVE_VIDEO , presentationDisplay=null }
06-05 11:57:23.811 D/TrustManagerService( 1734): Removing dead TrustListener.
06-05 11:57:24.466 W/WallpaperManagerService( 1734): Wallpaper reconnect timed out, reverting to built-in wallpaper!
06-05 11:57:25.101 W/art     ( 1734): Long monitor contention with owner android.fg (1791) at void com.android.server.wm.WindowManagerService.removeWindowToken(android.os.IBinder)(WindowManagerService.java:3463) waiters=0 in void com.android.server.wm.WindowManagerService$H.handleMessage(android.os.Message) for 424ms
06-05 11:57:25.818 W/art     ( 1734): Long monitor contention with owner android.display (1793) at void com.android.server.wm.WindowManagerService$H.handleMessage(android.os.Message)(WindowManagerService.java:8549) waiters=0 in void com.android.server.wm.WindowManagerService.addWindowToken(android.os.IBinder, int) for 702ms
06-05 11:57:25.838 I/Choreographer( 1734): Skipped 81 frames!  The application may be doing too much work on its main thread.
06-05 11:57:26.123 E/WVMExtractor( 2528): Failed to open libwvm.so: dlopen failed: library "libwvm.so" not found
06-05 11:57:26.606 W/art     ( 1734): Long monitor contention with owner android.display (1793) at void com.android.server.wm.WindowAnimator$1.doFrame(long)(WindowAnimator.java:144) waiters=0 in int com.android.server.wm.WindowManagerService.addWindow(com.android.server.wm.Session, android.view.IWindow, int, android.view.WindowManager$LayoutParams, int, int, android.graphics.Rect, android.graphics.Rect, android.graphics.Rect, android.view.InputChannel) for 137ms
06-05 11:57:26.694 I/Choreographer( 2501): Skipped 42 frames!  The application may be doing too much work on its main thread.
06-05 11:57:26.858 E/NetdConnector( 1734): NDC Command {18 firewall disable_chain standby} took too long (6345ms)
06-05 11:57:27.276 W/ActivityManager( 1734): Launch timeout has expired, giving up wake lock!
06-05 11:57:27.336 I/Choreographer( 2501): Skipped 32 frames!  The application may be doing too much work on its main thread.
06-05 11:57:27.402 D/gralloc_ranchu( 2501): Emulator without host-side GPU emulation detected. Loading gralloc.default.so from /vendor/lib64/hw/gralloc.goldfish.default.so...
06-05 11:57:27.408 D/gralloc_ranchu( 2501): gralloc.default.so not found in /vendor. Trying /system/lib64/hw/gralloc.goldfish.default.so...
06-05 11:57:27.472 I/MediaPlayerService( 1332): MediaPlayerService::getOMX
06-05 11:57:27.490 I/OMXClient( 2528): MuxOMX ctor
06-05 11:57:27.522 I/OMXMaster( 1329): makeComponentInstance(OMX.google.vorbis.decoder) in mediacodec process
06-05 11:57:27.765 I/ActivityManager( 1734): Displayed com.android.launcher3/.Launcher: +9s575ms
06-05 11:57:28.837 V/GridSizeMigrationTask( 2501): Workspace migration completed in 1484
06-05 11:57:28.842 D/Launcher.Model( 2501): loadWorkspace: loading default favorites
06-05 11:57:28.992 I/vol.Events( 2528): writeEvent collection_started
06-05 11:57:29.111 W/art     ( 1734): Long monitor contention with owner android.bg (1772) at void com.android.server.NetworkManagementService.setFirewallChainEnabled(int, boolean)(NetworkManagementService.java:2207) waiters=0 in void com.android.server.NetworkManagementService.setUidCleartextNetworkPolicy(int, int) for 7.190s
06-05 11:57:29.186 I/vol.Events( 2528): writeEvent external_ringer_mode_changed normal
06-05 11:57:29.187 I/vol.Events( 2528): writeEvent internal_ringer_mode_changed normal
06-05 11:57:29.440 W/System  ( 2548): ClassLoader referenced unknown path: /system/app/KeyChain/lib/x86_64
06-05 11:57:29.953 I/AlarmClock( 2453): AlarmInitReceiver android.intent.action.TIME_SET
06-05 11:57:30.126 I/MediaPlayerService( 1332): MediaPlayerService::getOMX
06-05 11:57:30.148 I/OMXClient( 2528): MuxOMX ctor
06-05 11:57:30.168 I/OMXMaster( 1329): makeComponentInstance(OMX.google.vorbis.decoder) in mediacodec process
06-05 11:57:30.337 W/art     ( 1734): Long monitor contention with owner android.bg (1772) at java.util.List com.android.server.pm.PackageManagerService.queryIntentActivitiesInternal(android.content.Intent, java.lang.String, int, int)(PackageManagerService.java:5338) waiters=0 in java.lang.String[] com.android.server.pm.PackageManagerService.getPackagesForUid(int) for 609ms
