06-05 11:54:43.634 E/Hyphenator( 1323): 	... 6 more
06-05 11:54:43.636 E/Hyphenator( 1323): error loading hyphenation /system/usr/hyphen-data/hyph-hr.hyb
06-05 11:54:43.636 E/Hyphenator( 1323): java.io.FileNotFoundException: /system/usr/hyphen-data/hyph-hr.hyb: open failed: ENOENT (No such file or directory)
06-05 11:54:43.636 E/Hyphenator( 1323): 	at libcore.io.IoBridge.open(IoBridge.java:455)
06-05 11:54:43.636 E/Hyphenator( 1323): 	at java.io.RandomAccessFile.<init>(RandomAccessFile.java:247)
06-05 11:54:43.636 E/Hyphenator( 1323): 	at android.text.Hyphenator.loadHyphenator(Hyphenator.java:118)
06-05 11:54:43.636 E/Hyphenator( 1323): 	at android.text.Hyphenator.init(Hyphenator.java:224)
06-05 11:54:43.636 E/Hyphenator( 1323): 	at com.android.internal.os.ZygoteInit.preloadTextResources(ZygoteInit.java:252)
06-05 11:54:43.636 E/Hyphenator( 1323): 	at com.android.internal.os.ZygoteInit.preload(ZygoteInit.java:206)
06-05 11:54:43.636 E/Hyphenator( 1323): 	at com.android.internal.os.ZygoteInit.main(ZygoteInit.java:743)
06-05 11:54:43.636 E/Hyphenator( 1323): Caused by: android.system.ErrnoException: open failed: ENOENT (No such file or directory)
06-05 11:54:43.636 E/Hyphenator( 1323): 	at libcore.io.Posix.open(Native Method)
06-05 11:54:43.636 E/Hyphenator( 1323): 	at libcore.io.BlockGuardOs.open(BlockGuardOs.java:187)
06-05 11:54:43.636 E/Hyphenator( 1323): 	at libcore.io.IoBridge.open(IoBridge.java:441)
06-05 11:54:43.636 E/Hyphenator( 1323): 	... 6 more
06-05 11:54:43.637 E/Hyphenator( 1323): error loading hyphenation /system/usr/hyphen-data/hyph-hu.hyb
06-05 11:54:43.637 E/Hyphenator( 1323): java.io.FileNotFoundException: /system/usr/hyphen-data/hyph-hu.hyb: open failed: ENOENT (No such file or directory)
06-05 11:54:43.637 E/Hyphenator( 1323): 	at libcore.io.IoBridge.open(IoBridge.java:455)
06-05 11:54:43.637 E/Hyphenator( 1323): 	at java.io.RandomAccessFile.<init>(RandomAccessFile.java:247)
06-05 11:54:43.637 E/Hyphenator( 1323): 	at android.text.Hyphenator.loadHyphenator(Hyphenator.java:118)
06-05 11:54:43.637 E/Hyphenator( 1323): 	at android.text.Hyphenator.init(Hyphenator.java:224)
06-05 11:54:43.637 E/Hyphenator( 1323): 	at com.android.internal.os.ZygoteInit.preloadTextResources(ZygoteInit.java:252)
06-05 11:54:43.637 E/Hyphenator( 1323): 	at com.android.internal.os.ZygoteInit.preload(ZygoteInit.java:206)
06-05 11:54:43.637 E/Hyphenator( 1323): 	at com.android.internal.os.ZygoteInit.main(ZygoteInit.java:743)
06-05 11:54:43.637 E/Hyphenator( 1323): Caused by: android.system.ErrnoException: open failed: ENOENT (No such file or directory)
06-05 11:54:43.637 E/Hyphenator( 1323): 	at libcore.io.Posix.open(Native Method)
06-05 11:54:43.637 E/Hyphenator( 1323): 	at libcore.io.BlockGuardOs.open(BlockGuardOs.java:187)
06-05 11:54:43.637 E/Hyphenator( 1323): 	at libcore.io.IoBridge.open(IoBridge.java:441)
06-05 11:54:43.637 E/Hyphenator( 1323): 	... 6 more
06-05 11:54:43.639 E/Hyphenator( 1323): error loading hyphenation /system/usr/hyphen-data/hyph-hy.hyb
06-05 11:54:43.639 E/Hyphenator( 1323): java.io.FileNotFoundException: /system/usr/hyphen-data/hyph-hy.hyb: open failed: ENOENT (No such file or directory)
06-05 11:54:43.639 E/Hyphenator( 1323): 	at libcore.io.IoBridge.open(IoBridge.java:455)
06-05 11:54:43.639 E/Hyphenator( 1323): 	at java.io.RandomAccessFile.<init>(RandomAccessFile.java:247)
06-05 11:54:43.639 E/Hyphenator( 1323): 	at android.text.Hyphenator.loadHyphenator(Hyphenator.java:118)
06-05 11:54:43.639 E/Hyphenator( 1323): 	at android.text.Hyphenator.init(Hyphenator.java:224)
06-05 11:54:43.639 E/Hyphenator( 1323): 	at com.android.internal.os.ZygoteInit.preloadTextResources(ZygoteInit.java:252)
06-05 11:54:43.639 E/Hyphenator( 1323): 	at com.android.internal.os.ZygoteInit.preload(ZygoteInit.java:206)
06-05 11:54:43.639 E/Hyphenator( 1323): 	at com.android.internal.os.ZygoteInit.main(ZygoteInit.java:743)
06-05 11:54:43.639 E/Hyphenator( 1323): Caused by: android.system.ErrnoException: open failed: ENOENT (No such file or directory)
06-05 11:54:43.639 E/Hyphenator( 1323): 	at libcore.io.Posix.open(Native Method)
06-05 11:54:43.639 E/Hyphenator( 1323): 	at libcore.io.BlockGuardOs.open(BlockGuardOs.java:187)
06-05 11:54:43.639 E/Hyphenator( 1323): 	at libcore.io.IoBridge.open(IoBridge.java:441)
06-05 11:54:43.639 E/Hyphenator( 1323): 	... 6 more
06-05 11:54:43.783 E/Hyphenator( 1323): error loading hyphenation /system/usr/hyphen-data/hyph-kn.hyb
06-05 11:54:43.783 E/Hyphenator( 1323): java.io.FileNotFoundException: /system/usr/hyphen-data/hyph-kn.hyb: open failed: ENOENT (No such file or directory)
06-05 11:54:43.783 E/Hyphenator( 1323): 	at libcore.io.IoBridge.open(IoBridge.java:455)
06-05 11:54:43.783 E/Hyphenator( 1323): 	at java.io.RandomAccessFile.<init>(RandomAccessFile.java:247)
06-05 11:54:43.783 E/Hyphenator( 1323): 	at android.text.Hyphenator.loadHyphenator(Hyphenator.java:118)
06-05 11:54:43.783 E/Hyphenator( 1323): 	at android.text.Hyphenator.init(Hyphenator.java:224)
06-05 11:54:43.783 E/Hyphenator( 1323): 	at com.android.internal.os.ZygoteInit.preloadTextResources(ZygoteInit.java:252)
06-05 11:54:43.783 E/Hyphenator( 1323): 	at com.android.internal.os.ZygoteInit.preload(ZygoteInit.java:206)
06-05 11:54:43.783 E/Hyphenator( 1323): 	at com.android.internal.os.ZygoteInit.main(ZygoteInit.java:743)
06-05 11:54:43.783 E/Hyphenator( 1323): Caused by: android.system.ErrnoException: open failed: ENOENT (No such file or directory)
06-05 11:54:43.783 E/Hyphenator( 1323): 	at libcore.io.Posix.open(Native Method)
06-05 11:54:43.783 E/Hyphenator( 1323): 	at libcore.io.BlockGuardOs.open(BlockGuardOs.java:187)
06-05 11:54:43.783 E/Hyphenator( 1323): 	at libcore.io.IoBridge.open(IoBridge.java:441)
06-05 11:54:43.783 E/Hyphenator( 1323): 	... 6 more
06-05 11:54:43.785 E/Hyphenator( 1323): error loading hyphenation /system/usr/hyphen-data/hyph-ml.hyb
06-05 11:54:43.785 E/Hyphenator( 1323): java.io.FileNotFoundException: /system/usr/hyphen-data/hyph-ml.hyb: open failed: ENOENT (No such file or directory)
06-05 11:54:43.785 E/Hyphenator( 1323): 	at libcore.io.IoBridge.open(IoBridge.java:455)
06-05 11:54:43.785 E/Hyphenator( 1323): 	at java.io.RandomAccessFile.<init>(RandomAccessFile.java:247)
06-05 11:54:43.785 E/Hyphenator( 1323): 	at android.text.Hyphenator.loadHyphenator(Hyphenator.java:118)
06-05 11:54:43.785 E/Hyphenator( 1323): 	at android.text.Hyphenator.init(Hyphenator.java:224)
06-05 11:54:43.785 E/Hyphenator( 1323): 	at com.android.internal.os.ZygoteInit.preloadTextResources(ZygoteInit.java:252)
06-05 11:54:43.785 E/Hyphenator( 1323): 	at com.android.internal.os.ZygoteInit.preload(ZygoteInit.java:206)
06-05 11:54:43.785 E/Hyphenator( 1323): 	at com.android.internal.os.ZygoteInit.main(ZygoteInit.java:743)
06-05 11:54:43.785 E/Hyphenator( 1323): Caused by: android.system.ErrnoException: open failed: ENOENT (No such file or directory)
06-05 11:54:43.785 E/Hyphenator( 1323): 	at libcore.io.Posix.open(Native Method)
06-05 11:54:43.785 E/Hyphenator( 1323): 	at libcore.io.BlockGuardOs.open(BlockGuardOs.java:187)
06-05 11:54:43.785 E/Hyphenator( 1323): 	at libcore.io.IoBridge.open(IoBridge.java:441)
06-05 11:54:43.785 E/Hyphenator( 1323): 	... 6 more
06-05 11:54:43.787 E/Hyphenator( 1323): error loading hyphenation /system/usr/hyphen-data/hyph-mn-cyrl.hyb
06-05 11:54:43.787 E/Hyphenator( 1323): java.io.FileNotFoundException: /system/usr/hyphen-data/hyph-mn-cyrl.hyb: open failed: ENOENT (No such file or directory)
06-05 11:54:43.787 E/Hyphenator( 1323): 	at libcore.io.IoBridge.open(IoBridge.java:455)
06-05 11:54:43.787 E/Hyphenator( 1323): 	at java.io.RandomAccessFile.<init>(RandomAccessFile.java:247)
06-05 11:54:43.787 E/Hyphenator( 1323): 	at android.text.Hyphenator.loadHyphenator(Hyphenator.java:118)
06-05 11:54:43.787 E/Hyphenator( 1323): 	at android.text.Hyphenator.init(Hyphenator.java:224)
06-05 11:54:43.787 E/Hyphenator( 1323): 	at com.android.internal.os.ZygoteInit.preloadTextResources(ZygoteInit.java:252)
06-05 11:54:43.787 E/Hyphenator( 1323): 	at com.android.internal.os.ZygoteInit.preload(ZygoteInit.java:206)
06-05 11:54:43.787 E/Hyphenator( 1323): 	at com.android.internal.os.ZygoteInit.main(ZygoteInit.java:743)
06-05 11:54:43.787 E/Hyphenator( 1323): Caused by: android.system.ErrnoException: open failed: ENOENT (No such file or directory)
06-05 11:54:43.787 E/Hyphenator( 1323): 	at libcore.io.Posix.open(Native Method)
06-05 11:54:43.787 E/Hyphenator( 1323): 	at libcore.io.BlockGuardOs.open(BlockGuardOs.java:187)
06-05 11:54:43.787 E/Hyphenator( 1323): 	at libcore.io.IoBridge.open(IoBridge.java:441)
06-05 11:54:43.787 E/Hyphenator( 1323): 	... 6 more
06-05 11:54:43.789 E/Hyphenator( 1323): error loading hyphenation /system/usr/hyphen-data/hyph-mr.hyb
06-05 11:54:43.789 E/Hyphenator( 1323): java.io.FileNotFoundException: /system/usr/hyphen-data/hyph-mr.hyb: open failed: ENOENT (No such file or directory)
06-05 11:54:43.789 E/Hyphenator( 1323): 	at libcore.io.IoBridge.open(IoBridge.java:455)
06-05 11:54:43.789 E/Hyphenator( 1323): 	at java.io.RandomAccessFile.<init>(RandomAccessFile.java:247)
06-05 11:54:43.789 E/Hyphenator( 1323): 	at android.text.Hyphenator.loadHyphenator(Hyphenator.java:118)
06-05 11:54:43.789 E/Hyphenator( 1323): 	at android.text.Hyphenator.init(Hyphenator.java:224)
06-05 11:54:43.789 E/Hyphenator( 1323): 	at com.android.internal.os.ZygoteInit.preloadTextResources(ZygoteInit.java:252)
06-05 11:54:43.789 E/Hyphenator( 1323): 	at com.android.internal.os.ZygoteInit.preload(ZygoteInit.java:206)
06-05 11:54:43.789 E/Hyphenator( 1323): 	at com.android.internal.os.ZygoteInit.main(ZygoteInit.java:743)
06-05 11:54:43.789 E/Hyphenator( 1323): Caused by: android.system.ErrnoException: open failed: ENOENT (No such file or directory)
06-05 11:54:43.789 E/Hyphenator( 1323): 	at libcore.io.Posix.open(Native Method)
06-05 11:54:43.789 E/Hyphenator( 1323): 	at libcore.io.BlockGuardOs.open(BlockGuardOs.java:187)
06-05 11:54:43.789 E/Hyphenator( 1323): 	at libcore.io.IoBridge.open(IoBridge.java:441)
06-05 11:54:43.789 E/Hyphenator( 1323): 	... 6 more
06-05 11:54:43.827 I/Zygote  ( 1322): Warmed up JCA providers in 984ms.
06-05 11:54:43.827 D/Zygote  ( 1322): end preload
06-05 11:54:43.851 E/Hyphenator( 1323): error loading hyphenation /system/usr/hyphen-data/hyph-nb.hyb
06-05 11:54:43.851 E/Hyphenator( 1323): java.io.FileNotFoundException: /system/usr/hyphen-data/hyph-nb.hyb: open failed: ENOENT (No such file or directory)
06-05 11:54:43.851 E/Hyphenator( 1323): 	at libcore.io.IoBridge.open(IoBridge.java:455)
06-05 11:54:43.851 E/Hyphenator( 1323): 	at java.io.RandomAccessFile.<init>(RandomAccessFile.java:247)
06-05 11:54:43.851 E/Hyphenator( 1323): 	at android.text.Hyphenator.loadHyphenator(Hyphenator.java:118)
06-05 11:54:43.851 E/Hyphenator( 1323): 	at android.text.Hyphenator.init(Hyphenator.java:224)
06-05 11:54:43.851 E/Hyphenator( 1323): 	at com.android.internal.os.ZygoteInit.preloadTextResources(ZygoteInit.java:252)
06-05 11:54:43.851 E/Hyphenator( 1323): 	at com.android.internal.os.ZygoteInit.preload(ZygoteInit.java:206)
06-05 11:54:43.851 E/Hyphenator( 1323): 	at com.android.internal.os.ZygoteInit.main(ZygoteInit.java:743)
06-05 11:54:43.851 E/Hyphenator( 1323): Caused by: android.system.ErrnoException: open failed: ENOENT (No such file or directory)
06-05 11:54:43.851 E/Hyphenator( 1323): 	at libcore.io.Posix.open(Native Method)
06-05 11:54:43.851 E/Hyphenator( 1323): 	at libcore.io.BlockGuardOs.open(BlockGuardOs.java:187)
06-05 11:54:43.851 E/Hyphenator( 1323): 	at libcore.io.IoBridge.open(IoBridge.java:441)
06-05 11:54:43.851 E/Hyphenator( 1323): 	... 6 more
06-05 11:54:43.853 E/Hyphenator( 1323): error loading hyphenation /system/usr/hyphen-data/hyph-nn.hyb
06-05 11:54:43.853 E/Hyphenator( 1323): java.io.FileNotFoundException: /system/usr/hyphen-data/hyph-nn.hyb: open failed: ENOENT (No such file or directory)
06-05 11:54:43.853 E/Hyphenator( 1323): 	at libcore.io.IoBridge.open(IoBridge.java:455)
06-05 11:54:43.853 E/Hyphenator( 1323): 	at java.io.RandomAccessFile.<init>(RandomAccessFile.java:247)
06-05 11:54:43.853 E/Hyphenator( 1323): 	at android.text.Hyphenator.loadHyphenator(Hyphenator.java:118)
06-05 11:54:43.853 E/Hyphenator( 1323): 	at android.text.Hyphenator.init(Hyphenator.java:224)
06-05 11:54:43.853 E/Hyphenator( 1323): 	at com.android.internal.os.ZygoteInit.preloadTextResources(ZygoteInit.java:252)
06-05 11:54:43.853 E/Hyphenator( 1323): 	at com.android.internal.os.ZygoteInit.preload(ZygoteInit.java:206)
06-05 11:54:43.853 E/Hyphenator( 1323): 	at com.android.internal.os.ZygoteInit.main(ZygoteInit.java:743)
06-05 11:54:43.853 E/Hyphenator( 1323): Caused by: android.system.ErrnoException: open failed: ENOENT (No such file or directory)
06-05 11:54:43.853 E/Hyphenator( 1323): 	at libcore.io.Posix.open(Native Method)
06-05 11:54:43.853 E/Hyphenator( 1323): 	at libcore.io.BlockGuardOs.open(BlockGuardOs.java:187)
06-05 11:54:43.853 E/Hyphenator( 1323): 	at libcore.io.IoBridge.open(IoBridge.java:441)
06-05 11:54:43.853 E/Hyphenator( 1323): 	... 6 more
06-05 11:54:43.855 E/Hyphenator( 1323): error loading hyphenation /system/usr/hyphen-data/hyph-or.hyb
06-05 11:54:43.855 E/Hyphenator( 1323): java.io.FileNotFoundException: /system/usr/hyphen-data/hyph-or.hyb: open failed: ENOENT (No such file or directory)
06-05 11:54:43.855 E/Hyphenator( 1323): 	at libcore.io.IoBridge.open(IoBridge.java:455)
06-05 11:54:43.855 E/Hyphenator( 1323): 	at java.io.RandomAccessFile.<init>(RandomAccessFile.java:247)
06-05 11:54:43.855 E/Hyphenator( 1323): 	at android.text.Hyphenator.loadHyphenator(Hyphenator.java:118)
06-05 11:54:43.855 E/Hyphenator( 1323): 	at android.text.Hyphenator.init(Hyphenator.java:224)
06-05 11:54:43.855 E/Hyphenator( 1323): 	at com.android.internal.os.ZygoteInit.preloadTextResources(ZygoteInit.java:252)
06-05 11:54:43.855 E/Hyphenator( 1323): 	at com.android.internal.os.ZygoteInit.preload(ZygoteInit.java:206)
06-05 11:54:43.855 E/Hyphenator( 1323): 	at com.android.internal.os.ZygoteInit.main(ZygoteInit.java:743)
06-05 11:54:43.855 E/Hyphenator( 1323): Caused by: android.system.ErrnoException: open failed: ENOENT (No such file or directory)
06-05 11:54:43.855 E/Hyphenator( 1323): 	at libcore.io.Posix.open(Native Method)
06-05 11:54:43.855 E/Hyphenator( 1323): 	at libcore.io.BlockGuardOs.open(BlockGuardOs.java:187)
06-05 11:54:43.855 E/Hyphenator( 1323): 	at libcore.io.IoBridge.open(IoBridge.java:441)
06-05 11:54:43.855 E/Hyphenator( 1323): 	... 6 more
06-05 11:54:43.857 E/Hyphenator( 1323): error loading hyphenation /system/usr/hyphen-data/hyph-pa.hyb
06-05 11:54:43.857 E/Hyphenator( 1323): java.io.FileNotFoundException: /system/usr/hyphen-data/hyph-pa.hyb: open failed: ENOENT (No such file or directory)
06-05 11:54:43.857 E/Hyphenator( 1323): 	at libcore.io.IoBridge.open(IoBridge.java:455)
06-05 11:54:43.857 E/Hyphenator( 1323): 	at java.io.RandomAccessFile.<init>(RandomAccessFile.java:247)
06-05 11:54:43.857 E/Hyphenator( 1323): 	at android.text.Hyphenator.loadHyphenator(Hyphenator.java:118)
06-05 11:54:43.857 E/Hyphenator( 1323): 	at android.text.Hyphenator.init(Hyphenator.java:224)
06-05 11:54:43.857 E/Hyphenator( 1323): 	at com.android.internal.os.ZygoteInit.preloadTextResources(ZygoteInit.java:252)
06-05 11:54:43.857 E/Hyphenator( 1323): 	at com.android.internal.os.ZygoteInit.preload(ZygoteInit.java:206)
06-05 11:54:43.857 E/Hyphenator( 1323): 	at com.android.internal.os.ZygoteInit.main(ZygoteInit.java:743)
06-05 11:54:43.857 E/Hyphenator( 1323): Caused by: android.system.ErrnoException: open failed: ENOENT (No such file or directory)
06-05 11:54:43.857 E/Hyphenator( 1323): 	at libcore.io.Posix.open(Native Method)
06-05 11:54:43.857 E/Hyphenator( 1323): 	at libcore.io.BlockGuardOs.open(BlockGuardOs.java:187)
06-05 11:54:43.857 E/Hyphenator( 1323): 	at libcore.io.IoBridge.open(IoBridge.java:441)
06-05 11:54:43.857 E/Hyphenator( 1323): 	... 6 more
06-05 11:54:43.859 E/Hyphenator( 1323): error loading hyphenation /system/usr/hyphen-data/hyph-pt.hyb
06-05 11:54:43.859 E/Hyphenator( 1323): java.io.FileNotFoundException: /system/usr/hyphen-data/hyph-pt.hyb: open failed: ENOENT (No such file or directory)
06-05 11:54:43.859 E/Hyphenator( 1323): 	at libcore.io.IoBridge.open(IoBridge.java:455)
06-05 11:54:43.859 E/Hyphenator( 1323): 	at java.io.RandomAccessFile.<init>(RandomAccessFile.java:247)
06-05 11:54:43.859 E/Hyphenator( 1323): 	at android.text.Hyphenator.loadHyphenator(Hyphenator.java:118)
06-05 11:54:43.859 E/Hyphenator( 1323): 	at android.text.Hyphenator.init(Hyphenator.java:224)
06-05 11:54:43.859 E/Hyphenator( 1323): 	at com.android.internal.os.ZygoteInit.preloadTextResources(ZygoteInit.java:252)
06-05 11:54:43.859 E/Hyphenator( 1323): 	at com.android.internal.os.ZygoteInit.preload(ZygoteInit.java:206)
06-05 11:54:43.859 E/Hyphenator( 1323): 	at com.android.internal.os.ZygoteInit.main(ZygoteInit.java:743)
06-05 11:54:43.859 E/Hyphenator( 1323): Caused by: android.system.ErrnoException: open failed: ENOENT (No such file or directory)
06-05 11:54:43.859 E/Hyphenator( 1323): 	at libcore.io.Posix.open(Native Method)
06-05 11:54:43.859 E/Hyphenator( 1323): 	at libcore.io.BlockGuardOs.open(BlockGuardOs.java:187)
06-05 11:54:43.859 E/Hyphenator( 1323): 	at libcore.io.IoBridge.open(IoBridge.java:441)
06-05 11:54:43.859 E/Hyphenator( 1323): 	... 6 more
06-05 11:54:43.872 I/art     ( 1322): Starting a blocking GC Explicit
06-05 11:54:43.950 E/Hyphenator( 1323): error loading hyphenation /system/usr/hyphen-data/hyph-sl.hyb
06-05 11:54:43.950 E/Hyphenator( 1323): java.io.FileNotFoundException: /system/usr/hyphen-data/hyph-sl.hyb: open failed: ENOENT (No such file or directory)
06-05 11:54:43.950 E/Hyphenator( 1323): 	at libcore.io.IoBridge.open(IoBridge.java:455)
06-05 11:54:43.950 E/Hyphenator( 1323): 	at java.io.RandomAccessFile.<init>(RandomAccessFile.java:247)
06-05 11:54:43.950 E/Hyphenator( 1323): 	at android.text.Hyphenator.loadHyphenator(Hyphenator.java:118)
06-05 11:54:43.950 E/Hyphenator( 1323): 	at android.text.Hyphenator.init(Hyphenator.java:224)
06-05 11:54:43.950 E/Hyphenator( 1323): 	at com.android.internal.os.ZygoteInit.preloadTextResources(ZygoteInit.java:252)
06-05 11:54:43.950 E/Hyphenator( 1323): 	at com.android.internal.os.ZygoteInit.preload(ZygoteInit.java:206)
06-05 11:54:43.950 E/Hyphenator( 1323): 	at com.android.internal.os.ZygoteInit.main(ZygoteInit.java:743)
06-05 11:54:43.950 E/Hyphenator( 1323): Caused by: android.system.ErrnoException: open failed: ENOENT (No such file or directory)
06-05 11:54:43.950 E/Hyphenator( 1323): 	at libcore.io.Posix.open(Native Method)
06-05 11:54:43.950 E/Hyphenator( 1323): 	at libcore.io.BlockGuardOs.open(BlockGuardOs.java:187)
06-05 11:54:43.950 E/Hyphenator( 1323): 	at libcore.io.IoBridge.open(IoBridge.java:441)
06-05 11:54:43.950 E/Hyphenator( 1323): 	... 6 more
06-05 11:54:43.952 E/Hyphenator( 1323): error loading hyphenation /system/usr/hyphen-data/hyph-ta.hyb
06-05 11:54:43.952 E/Hyphenator( 1323): java.io.FileNotFoundException: /system/usr/hyphen-data/hyph-ta.hyb: open failed: ENOENT (No such file or directory)
06-05 11:54:43.952 E/Hyphenator( 1323): 	at libcore.io.IoBridge.open(IoBridge.java:455)
06-05 11:54:43.952 E/Hyphenator( 1323): 	at java.io.RandomAccessFile.<init>(RandomAccessFile.java:247)
06-05 11:54:43.952 E/Hyphenator( 1323): 	at android.text.Hyphenator.loadHyphenator(Hyphenator.java:118)
06-05 11:54:43.952 E/Hyphenator( 1323): 	at android.text.Hyphenator.init(Hyphenator.java:224)
06-05 11:54:43.952 E/Hyphenator( 1323): 	at com.android.internal.os.ZygoteInit.preloadTextResources(ZygoteInit.java:252)
06-05 11:54:43.952 E/Hyphenator( 1323): 	at com.android.internal.os.ZygoteInit.preload(ZygoteInit.java:206)
06-05 11:54:43.952 E/Hyphenator( 1323): 	at com.android.internal.os.ZygoteInit.main(ZygoteInit.java:743)
06-05 11:54:43.952 E/Hyphenator( 1323): Caused by: android.system.ErrnoException: open failed: ENOENT (No such file or directory)
06-05 11:54:43.952 E/Hyphenator( 1323): 	at libcore.io.Posix.open(Native Method)
06-05 11:54:43.952 E/Hyphenator( 1323): 	at libcore.io.BlockGuardOs.open(BlockGuardOs.java:187)
06-05 11:54:43.952 E/Hyphenator( 1323): 	at libcore.io.IoBridge.open(IoBridge.java:441)
06-05 11:54:43.952 E/Hyphenator( 1323): 	... 6 more
06-05 11:54:43.954 E/Hyphenator( 1323): error loading hyphenation /system/usr/hyphen-data/hyph-te.hyb
06-05 11:54:43.954 E/Hyphenator( 1323): java.io.FileNotFoundException: /system/usr/hyphen-data/hyph-te.hyb: open failed: ENOENT (No such file or directory)
06-05 11:54:43.954 E/Hyphenator( 1323): 	at libcore.io.IoBridge.open(IoBridge.java:455)
06-05 11:54:43.954 E/Hyphenator( 1323): 	at java.io.RandomAccessFile.<init>(RandomAccessFile.java:247)
06-05 11:54:43.954 E/Hyphenator( 1323): 	at android.text.Hyphenator.loadHyphenator(Hyphenator.java:118)
06-05 11:54:43.954 E/Hyphenator( 1323): 	at android.text.Hyphenator.init(Hyphenator.java:224)
06-05 11:54:43.954 E/Hyphenator( 1323): 	at com.android.internal.os.ZygoteInit.preloadTextResources(ZygoteInit.java:252)
06-05 11:54:43.954 E/Hyphenator( 1323): 	at com.android.internal.os.ZygoteInit.preload(ZygoteInit.java:206)
06-05 11:54:43.954 E/Hyphenator( 1323): 	at com.android.internal.os.ZygoteInit.main(ZygoteInit.java:743)
06-05 11:54:43.954 E/Hyphenator( 1323): Caused by: android.system.ErrnoException: open failed: ENOENT (No such file or directory)
06-05 11:54:43.954 E/Hyphenator( 1323): 	at libcore.io.Posix.open(Native Method)
06-05 11:54:43.954 E/Hyphenator( 1323): 	at libcore.io.BlockGuardOs.open(BlockGuardOs.java:187)
06-05 11:54:43.954 E/Hyphenator( 1323): 	at libcore.io.IoBridge.open(IoBridge.java:441)
06-05 11:54:43.954 E/Hyphenator( 1323): 	... 6 more
06-05 11:54:43.956 E/Hyphenator( 1323): error loading hyphenation /system/usr/hyphen-data/hyph-tk.hyb
06-05 11:54:43.956 E/Hyphenator( 1323): java.io.FileNotFoundException: /system/usr/hyphen-data/hyph-tk.hyb: open failed: ENOENT (No such file or directory)
06-05 11:54:43.956 E/Hyphenator( 1323): 	at libcore.io.IoBridge.open(IoBridge.java:455)
06-05 11:54:43.956 E/Hyphenator( 1323): 	at java.io.RandomAccessFile.<init>(RandomAccessFile.java:247)
06-05 11:54:43.956 E/Hyphenator( 1323): 	at android.text.Hyphenator.loadHyphenator(Hyphenator.java:118)
06-05 11:54:43.956 E/Hyphenator( 1323): 	at android.text.Hyphenator.init(Hyphenator.java:224)
06-05 11:54:43.956 E/Hyphenator( 1323): 	at com.android.internal.os.ZygoteInit.preloadTextResources(ZygoteInit.java:252)
06-05 11:54:43.956 E/Hyphenator( 1323): 	at com.android.internal.os.ZygoteInit.preload(ZygoteInit.java:206)
06-05 11:54:43.956 E/Hyphenator( 1323): 	at com.android.internal.os.ZygoteInit.main(ZygoteInit.java:743)
06-05 11:54:43.956 E/Hyphenator( 1323): Caused by: android.system.ErrnoException: open failed: ENOENT (No such file or directory)
06-05 11:54:43.956 E/Hyphenator( 1323): 	at libcore.io.Posix.open(Native Method)
06-05 11:54:43.956 E/Hyphenator( 1323): 	at libcore.io.BlockGuardOs.open(BlockGuardOs.java:187)
06-05 11:54:43.956 E/Hyphenator( 1323): 	at libcore.io.IoBridge.open(IoBridge.java:441)
06-05 11:54:43.956 E/Hyphenator( 1323): 	... 6 more
06-05 11:54:43.958 E/Hyphenator( 1323): error loading hyphenation /system/usr/hyphen-data/hyph-und-ethi.hyb
06-05 11:54:43.958 E/Hyphenator( 1323): java.io.FileNotFoundException: /system/usr/hyphen-data/hyph-und-ethi.hyb: open failed: ENOENT (No such file or directory)
06-05 11:54:43.958 E/Hyphenator( 1323): 	at libcore.io.IoBridge.open(IoBridge.java:455)
06-05 11:54:43.958 E/Hyphenator( 1323): 	at java.io.RandomAccessFile.<init>(RandomAccessFile.java:247)
06-05 11:54:43.958 E/Hyphenator( 1323): 	at android.text.Hyphenator.loadHyphenator(Hyphenator.java:118)
06-05 11:54:43.958 E/Hyphenator( 1323): 	at android.text.Hyphenator.init(Hyphenator.java:224)
06-05 11:54:43.958 E/Hyphenator( 1323): 	at com.android.internal.os.ZygoteInit.preloadTextResources(ZygoteInit.java:252)
06-05 11:54:43.958 E/Hyphenator( 1323): 	at com.android.internal.os.ZygoteInit.preload(ZygoteInit.java:206)
06-05 11:54:43.958 E/Hyphenator( 1323): 	at com.android.internal.os.ZygoteInit.main(ZygoteInit.java:743)
06-05 11:54:43.958 E/Hyphenator( 1323): Caused by: android.system.ErrnoException: open failed: ENOENT (No such file or directory)
06-05 11:54:43.958 E/Hyphenator( 1323): 	at libcore.io.Posix.open(Native Method)
06-05 11:54:43.958 E/Hyphenator( 1323): 	at libcore.io.BlockGuardOs.open(BlockGuardOs.java:187)
06-05 11:54:43.958 E/Hyphenator( 1323): 	at libcore.io.IoBridge.open(IoBridge.java:441)
06-05 11:54:43.958 E/Hyphenator( 1323): 	... 6 more
06-05 11:54:44.456 I/art     ( 1322): Explicit concurrent mark sweep GC freed 15349(1175KB) AllocSpace objects, 1(16KB) LOS objects, 39% free, 6MB/10MB, paused 1.866ms total 496.603ms
06-05 11:54:44.521 I/art     ( 1322): Starting a blocking GC Explicit
06-05 11:54:44.636 I/art     ( 1322): Explicit concurrent mark sweep GC freed 1225(47KB) AllocSpace objects, 2(116KB) LOS objects, 39% free, 6MB/10MB, paused 293us total 113.708ms
06-05 11:54:44.728 I/art     ( 1322): Starting a blocking GC HeapTrim
06-05 11:54:44.773 I/art     ( 1322): Starting a blocking GC Background
06-05 11:54:44.868 I/Zygote  ( 1323): Uninstalled ICU cache reference pinning...
06-05 11:54:44.971 I/Zygote  ( 1323): Installed AndroidKeyStoreProvider in 103ms.
06-05 11:54:44.995 I/art     ( 1322): Background concurrent mark sweep GC freed 81(3KB) AllocSpace objects, 0(0B) LOS objects, 39% free, 6MB/10MB, paused 237us total 220.640ms
06-05 11:54:45.380 I/art     ( 1323): Background sticky concurrent mark sweep GC freed 12286(994KB) AllocSpace objects, 3(120KB) LOS objects, 15% free, 6MB/7MB, paused 3.031ms total 352.465ms
06-05 11:54:45.763 I/Zygote  ( 1322): System server process 1734 has been created
06-05 11:54:45.901 I/Zygote  ( 1322): Accepting command socket connections
06-05 11:54:46.353 I/Zygote  ( 1323): Warmed up JCA providers in 1382ms.
06-05 11:54:46.353 D/Zygote  ( 1323): end preload
06-05 11:54:46.354 I/art     ( 1323): Starting a blocking GC Explicit
06-05 11:54:46.695 I/art     ( 1323): Explicit concurrent mark sweep GC freed 5504(280KB) AllocSpace objects, 4(164KB) LOS objects, 39% free, 6MB/10MB, paused 474us total 338.278ms
06-05 11:54:46.752 I/art     ( 1323): Starting a blocking GC Explicit
06-05 11:54:47.012 I/art     ( 1323): Explicit concurrent mark sweep GC freed 59(2328B) AllocSpace objects, 0(0B) LOS objects, 39% free, 6MB/10MB, paused 440us total 258.582ms
06-05 11:54:47.016 I/Zygote  ( 1323): Accepting command socket connections
06-05 11:54:47.183 I/Zygote  ( 1734): Process: zygote socket opened, supported ABIS: x86
06-05 11:54:47.189 I/InstallerConnection( 1734): connecting...
06-05 11:54:47.284 I/        ( 1327): new connection
06-05 11:54:47.611 I/InstallerConnection( 1734): disconnecting...
06-05 11:54:47.624 E/        ( 1327): eof
06-05 11:54:47.624 E/        ( 1327): failed to read size
06-05 11:54:47.624 I/        ( 1327): closing connection
06-05 11:54:48.800 I/SystemServer( 1734): Entered the Android system server!
06-05 11:54:51.191 I/SystemServiceManager( 1734): Starting com.android.server.pm.Installer
06-05 11:54:51.290 I/Installer( 1734): Waiting for installd to be ready.
06-05 11:54:51.291 I/InstallerConnection( 1734): connecting...
06-05 11:54:51.293 I/        ( 1327): new connection
06-05 11:54:51.294 I/SystemServiceManager( 1734): Starting com.android.server.am.ActivityManagerService$Lifecycle
06-05 11:54:51.811 I/ActivityManager( 1734): Memory class: 256
06-05 11:54:51.902 I/ServiceThread( 1734): Enabled StrictMode logging for ActivityManager looper.
06-05 11:54:52.048 I/ServiceThread( 1734): Enabled StrictMode logging for android.ui looper.
06-05 11:54:52.494 D/BatteryStatsImpl( 1734): Reading daily items from /data/system/batterystats-daily.xml
06-05 11:54:54.641 W/ProcessCpuTracker( 1734): Skipping unknown process pid 1782
06-05 11:54:54.643 W/ProcessCpuTracker( 1734): Skipping unknown process pid 1786
06-05 11:54:54.727 I/IntentFirewall( 1734): Read new rules (A:0 B:0 S:0)
06-05 11:54:54.950 I/ServiceThread( 1734): Enabled StrictMode logging for android.display looper.
06-05 11:54:55.029 D/AppOps  ( 1734): AppOpsService published
06-05 11:54:55.041 I/SystemServiceManager( 1734): Starting com.android.server.power.PowerManagerService
06-05 11:54:55.131 I/ServiceThread( 1734): Enabled StrictMode logging for PowerManagerService looper.
06-05 11:54:55.445 E/PowerManagerService-JNI( 1734): Couldn't load power module (No such file or directory)
06-05 11:54:55.448 W/libsuspend( 1734): Error writing 'on' to /sys/power/state: Invalid argument
06-05 11:54:55.483 I/libsuspend( 1734): Selected wakeup count
06-05 11:54:55.797 I/SystemServiceManager( 1734): Starting com.android.server.lights.LightsService
06-05 11:54:55.890 I/SystemServiceManager( 1734): Starting com.android.server.display.DisplayManagerService
06-05 11:54:55.979 I/SystemServiceManager( 1734): Starting phase 100
06-05 11:54:56.046 E/SurfaceFlinger( 1319): ro.sf.lcd_density must be defined as a build property
06-05 11:54:56.132 I/DisplayManagerService( 1734): Display device added: DisplayDeviceInfo{"Built-in Screen": uniqueId="local:0", 1080 x 1920, modeId 1, defaultModeId 1, supportedModes [{id=1, width=1080, height=1920, fps=60.000004}], colorMode 0, supportedColorModes [0], HdrCapabilities android.view.Display$HdrCapabilities@a69d6308, density 480, 480.0 x 480.0 dpi, appVsyncOff 1000000, presDeadline 16666666, touch INTERNAL, rotation 0, type BUILT_IN, state UNKNOWN, FLAG_DEFAULT_DISPLAY, FLAG_ROTATES_WITH_CONTENT, FLAG_SECURE, FLAG_SUPPORTS_PROTECTED_BUFFERS}
06-05 11:54:56.201 D/SurfaceFlinger( 1319): Set power mode=2, type=0 flinger=0x776374247000
06-05 11:54:56.201 D/SurfaceFlinger( 1319): Screen type=0 is already mode=2
06-05 11:54:56.293 I/DisplayManagerService( 1734): Display device changed state: "Built-in Screen", ON
06-05 11:54:56.301 I/SystemServer( 1734): StartPackageManagerService
06-05 11:54:56.843 W/SystemConfig( 1734): No directory /system/etc/sysconfig, skipping
06-05 11:54:57.291 D/SELinuxMMAC( 1734): Using policy file /system/etc/security/mac_permissions.xml
06-05 11:54:59.782 E/art     ( 1734): DexFile_getDexOptNeeded file '/system/framework/org.apache.http.legacy.jar' does not exist
06-05 11:54:59.786 W/PackageManager( 1734): Library not found: /system/framework/org.apache.http.legacy.jar
06-05 11:55:00.064 E/art     ( 1734): DexFile_getDexOptNeeded file '/system/framework/org.apache.http.legacy.jar' does not exist
06-05 11:55:00.065 W/PackageManager( 1734): Library not found: /system/framework/org.apache.http.legacy.jar
06-05 11:55:00.141 D/PackageManager( 1734): No files in app dir /vendor/overlay
06-05 11:55:00.572 V/NatController( 1333): runCmd(/system/bin/iptables -w -F natctrl_FORWARD) res=0
06-05 11:55:01.106 V/NatController( 1333): runCmd(/system/bin/ip6tables -w -F natctrl_FORWARD) res=0
06-05 11:55:01.432 W/PackageManager( 1734): Failed to parse /system/framework/oat: Missing base APK in /system/framework/oat
06-05 11:55:01.445 W/PackageManager( 1734): Failed to parse /system/framework/x86: Missing base APK in /system/framework/x86
06-05 11:55:01.447 W/PackageManager( 1734): Failed to parse /system/framework/x86_64: Missing base APK in /system/framework/x86_64
06-05 11:55:01.691 V/NatController( 1333): runCmd(/system/bin/iptables -w -A natctrl_FORWARD -j DROP) res=0
06-05 11:55:02.196 V/NatController( 1333): runCmd(/system/bin/iptables -w -t nat -F natctrl_nat_POSTROUTING) res=0
06-05 11:55:02.559 V/NatController( 1333): runCmd(/system/bin/ip6tables -w -t raw -F natctrl_raw_PREROUTING) res=0
06-05 11:55:02.751 V/NatController( 1333): runCmd(/system/bin/iptables -w -F natctrl_tether_counters) res=1
06-05 11:55:02.903 V/NatController( 1333): runCmd(/system/bin/ip6tables -w -F natctrl_tether_counters) res=1
06-05 11:55:03.121 V/NatController( 1333): runCmd(/system/bin/iptables -w -X natctrl_tether_counters) res=1
06-05 11:55:03.264 W/PackageParser( 1734): No actions in intent filter at /system/priv-app/Contacts/Contacts.apk Binary XML file line #409
06-05 11:55:03.516 V/NatController( 1333): runCmd(/system/bin/ip6tables -w -X natctrl_tether_counters) res=1
06-05 11:55:03.924 V/NatController( 1333): runCmd(/system/bin/iptables -w -N natctrl_tether_counters) res=0
06-05 11:55:04.147 V/NatController( 1333): runCmd(/system/bin/ip6tables -w -N natctrl_tether_counters) res=0
06-05 11:55:04.399 W/PackageParser( 1734): No actions in intent filter at /system/priv-app/Dialer/Dialer.apk Binary XML file line #186
06-05 11:55:04.531 V/NatController( 1333): runCmd(/system/bin/iptables -w -t mangle -A natctrl_mangle_FORWARD -p tcp --tcp-flags SYN SYN -j TCPMSS --clamp-mss-to-pmtu) res=0
06-05 11:55:05.105 W/PackageManager( 1734): Permission android.permission.DOWNLOAD_WITHOUT_NOTIFICATION from package com.android.providers.downloads in an unknown group android.permission-group.NETWORK
06-05 11:55:08.683 W/PackageParser( 1734): Ignoring duplicate uses-permissions/uses-permissions-sdk-m: android.permission.USE_CREDENTIALS in package: com.android.settings at: Binary XML file line #53
06-05 11:55:08.684 W/PackageParser( 1734): Ignoring duplicate uses-permissions/uses-permissions-sdk-m: android.permission.READ_SYNC_SETTINGS in package: com.android.settings at: Binary XML file line #58
06-05 11:55:08.685 W/PackageParser( 1734): Ignoring duplicate uses-permissions/uses-permissions-sdk-m: android.permission.WRITE_SYNC_SETTINGS in package: com.android.settings at: Binary XML file line #59
06-05 11:55:10.811 E/Netd    ( 1333): cannot find interface dummy0
06-05 11:55:11.095 W/PackageParser( 1734): Ignoring duplicate uses-permissions/uses-permissions-sdk-m: android.permission.INSTALL_GRANT_RUNTIME_PERMISSIONS in package: com.android.shell at: Binary XML file line #102
06-05 11:55:11.154 D/MDnsDS  ( 1333): MDnsSdListener::Hander starting up
06-05 11:55:11.171 D/MDnsDS  ( 1333): MDnsSdListener starting to monitor
06-05 11:55:11.171 D/MDnsDS  ( 1333): Going to poll with pollCount 1
06-05 11:55:12.005 W/PackageParser( 1734): Ignoring duplicate uses-permissions/uses-permissions-sdk-m: android.permission.CONFIGURE_WIFI_DISPLAY in package: com.android.systemui at: Binary XML file line #123
06-05 11:55:13.153 I/art     ( 1734): Background sticky concurrent mark sweep GC freed 33366(2MB) AllocSpace objects, 20(416KB) LOS objects, 31% free, 6MB/10MB, paused 2.891ms total 488.890ms
06-05 11:55:14.045 W/PackageManager( 1734): Non-privileged app; cap priority to 0; package: com.android.calendar activity: com.android.calendar.GoogleCalendarUriIntentFilter origPrio: 50
06-05 11:55:14.416 W/PackageManager( 1734): Non-privileged app; cap priority to 0; package: com.android.cts.ctsshim activity: com.android.cts.ctsshim.InstallPriority origPrio: 100
06-05 11:55:14.416 W/PackageManager( 1734): Non-privileged app; cap priority to 0; package: com.android.cts.ctsshim activity: com.android.cts.ctsshim.InstallPriority origPrio: 100
06-05 11:55:14.416 W/PackageManager( 1734): Non-privileged app; cap priority to 0; package: com.android.cts.ctsshim activity: com.android.cts.ctsshim.InstallPriority origPrio: 100
06-05 11:55:14.416 W/PackageManager( 1734): Non-privileged app; cap priority to 0; package: com.android.cts.ctsshim activity: com.android.cts.ctsshim.InstallPriority origPrio: 100
06-05 11:55:14.416 W/PackageManager( 1734): Non-privileged app; cap priority to 0; package: com.android.cts.ctsshim activity: com.android.cts.ctsshim.InstallPriority origPrio: 100
06-05 11:55:15.599 W/PackageParser( 1734): Ignoring duplicate uses-permissions/uses-permissions-sdk-m: android.permission.WRITE_CONTACTS in package: com.android.email at: Binary XML file line #40
06-05 11:55:16.883 W/PackageParser( 1734): Unknown element under <application>: permission at /system/app/Gallery2/Gallery2.apk Binary XML file line #238
06-05 11:55:16.883 W/PackageParser( 1734): Unknown element under <application>: permission at /system/app/Gallery2/Gallery2.apk Binary XML file line #241
06-05 11:55:18.467 W/PackageManager( 1734): Permission com.android.launcher3.permission.READ_SETTINGS from package com.android.launcher3 in an unknown group android.permission-group.SYSTEM_TOOLS
06-05 11:55:18.467 W/PackageManager( 1734): Permission com.android.launcher3.permission.WRITE_SETTINGS from package com.android.launcher3 in an unknown group android.permission-group.SYSTEM_TOOLS
06-05 11:55:18.467 W/PackageManager( 1734): Permission com.android.launcher.permission.INSTALL_SHORTCUT from package com.android.launcher3 in an unknown group android.permission-group.SYSTEM_TOOLS
06-05 11:55:21.349 D/PackageManager( 1734): No files in app dir /system/vendor/app
06-05 11:55:21.381 D/PackageManager( 1734): No files in app dir /oem/app
06-05 11:55:22.616 W/PackageParser( 1734): No actions in intent filter at /data/app/ApiDemos/ApiDemos.apk Binary XML file line #3145
06-05 11:55:22.617 W/PackageParser( 1734): No actions in intent filter at /data/app/ApiDemos/ApiDemos.apk Binary XML file line #3151
06-05 11:55:22.638 W/PackageManager( 1734): Package com.example.android.apis desires unavailable shared library com.example.will.never.exist; ignoring!
06-05 11:55:22.693 I/SELinux ( 1734): SELinux: Loaded file_contexts contexts from /file_contexts.bin.
06-05 11:55:23.316 D/PackageManager( 1734): No files in app dir /data/app-private
06-05 11:55:23.320 D/PackageManager( 1734): No files in app dir /data/app-ephemeral
06-05 11:55:23.343 E/PackageManager( 1734): There should probably be exactly one setup wizard; found 0: matches=[]
06-05 11:55:23.344 W/PackageManager( 1734): Protected action; cap priority to 0; package: com.android.cts.priv.ctsshim activity: com.android.cts.priv.ctsshim.InstallPriority origPrio: 100
06-05 11:55:23.344 W/PackageManager( 1734): Protected action; cap priority to 0; package: com.android.cts.priv.ctsshim activity: com.android.cts.priv.ctsshim.InstallPriority origPrio: 100
06-05 11:55:23.344 W/PackageManager( 1734): Protected action; cap priority to 0; package: com.android.cts.priv.ctsshim activity: com.android.cts.priv.ctsshim.InstallPriority origPrio: 100
06-05 11:55:23.344 W/PackageManager( 1734): Protected action; cap priority to 0; package: com.android.cts.priv.ctsshim activity: com.android.cts.priv.ctsshim.InstallPriority origPrio: 100
06-05 11:55:23.344 W/PackageManager( 1734): Protected action; cap priority to 0; package: com.android.packageinstaller activity: com.android.packageinstaller.PackageInstallerActivity origPrio: 1
06-05 11:55:23.345 W/PackageManager( 1734): Package com.android.camera desires unavailable shared library com.google.android.media.effects; ignoring!
06-05 11:55:23.345 W/PackageManager( 1734): Package com.android.gallery3d desires unavailable shared library com.google.android.media.effects; ignoring!
06-05 11:55:23.345 W/PackageManager( 1734): Package com.android.gallery3d desires unavailable shared library com.google.android.media.effects; ignoring!
06-05 11:55:23.345 W/PackageManager( 1734): Package com.example.android.apis desires unavailable shared library com.example.will.never.exist; ignoring!
06-05 11:55:23.346 I/PackageManager( 1734): Adjusting ABI for com.android.providers.downloads to x86_64 (requirer=com.android.mtp, scannedPackage=null)
06-05 11:55:23.368 I/PackageManager( 1734): Adjusting ABI for com.android.providers.downloads.ui to x86_64 (requirer=com.android.mtp, scannedPackage=null)
06-05 11:55:23.380 I/PackageManager( 1734): Adjusting ABI for com.android.providers.media to x86_64 (requirer=com.android.mtp, scannedPackage=null)
06-05 11:55:23.382 I/PackageManager( 1734): Adjusting ABI for com.android.keychain to x86_64 (requirer=android, scannedPackage=null)
06-05 11:55:23.385 I/PackageManager( 1734): Adjusting ABI for com.android.settings to x86_64 (requirer=android, scannedPackage=null)
06-05 11:55:23.387 I/PackageManager( 1734): Adjusting ABI for com.android.wallpaperbackup to x86_64 (requirer=android, scannedPackage=null)
06-05 11:55:23.390 I/PackageManager( 1734): Adjusting ABI for com.android.providers.settings to x86_64 (requirer=android, scannedPackage=null)
06-05 11:55:23.407 I/PackageManager( 1734): Adjusting ABI for com.android.inputdevices to x86_64 (requirer=android, scannedPackage=null)
06-05 11:55:23.409 I/PackageManager( 1734): Adjusting ABI for com.android.server.telecom to x86_64 (requirer=android, scannedPackage=null)
06-05 11:55:23.421 I/PackageManager( 1734): Adjusting ABI for com.android.location.fused to x86_64 (requirer=android, scannedPackage=null)
06-05 11:55:23.463 I/PackageManager( 1734): Time to scan packages: 23.99 seconds
06-05 11:55:23.467 W/PackageManager( 1734): Unknown permission com.google.android.googleapps.permission.GOOGLE_AUTH in package com.android.providers.calendar
06-05 11:55:23.467 W/PackageManager( 1734): Unknown permission com.google.android.googleapps.permission.GOOGLE_AUTH.cl in package com.android.providers.calendar
06-05 11:55:23.469 W/PackageManager( 1734): Not granting permission android.permission.GLOBAL_SEARCH to package com.android.quicksearchbox (protectionLevel=18 flags=0x3808be45)
06-05 11:55:23.482 W/PackageManager( 1734): Not granting permission android.permission.WRITE_EXTERNAL_STORAGE to package gov.nasa.arc.astrobee.android.gs.manager because it was previously installed without
06-05 11:55:23.482 W/PackageManager( 1734): Not granting permission android.permission.READ_EXTERNAL_STORAGE to package gov.nasa.arc.astrobee.android.gs.manager because it was previously installed without
06-05 11:55:23.483 W/PackageManager( 1734): Unknown permission com.android.launcher.permission.READ_SETTINGS in package com.android.launcher3
06-05 11:55:23.483 W/PackageManager( 1734): Unknown permission com.android.launcher.permission.WRITE_SETTINGS in package com.android.launcher3
06-05 11:55:23.483 W/PackageManager( 1734): Not granting permission android.permission.BIND_APPWIDGET to package com.android.launcher3 (protectionLevel=18 flags=0x3c4bbe45)
06-05 11:55:23.483 W/PackageManager( 1734): Unknown permission com.google.android.googleapps.permission.GOOGLE_AUTH.mail in package com.android.calendar
06-05 11:55:23.484 W/PackageManager( 1734): Unknown permission com.google.android.providers.settings.permission.WRITE_GSETTINGS in package com.android.sdksetup
06-05 11:55:23.485 W/PackageManager( 1734): Unknown permission com.google.android.permission.INSTALL_WEARABLE_PACKAGES in package com.android.packageinstaller
06-05 11:55:23.485 W/PackageManager( 1734): Not granting permission android.permission.DELETE_PACKAGES to package com.svox.pico (protectionLevel=18 flags=0x3808be45)
06-05 11:55:23.485 W/PackageManager( 1734): Not granting permission android.permission.READ_CONTACTS to package com.example.android.apis because it was previously installed without
06-05 11:55:23.485 W/PackageManager( 1734): Not granting permission android.permission.WRITE_CONTACTS to package com.example.android.apis because it was previously installed without
06-05 11:55:23.486 W/PackageManager( 1734): Not granting permission android.permission.ACCESS_COARSE_LOCATION to package com.example.android.apis because it was previously installed without
06-05 11:55:23.486 W/PackageManager( 1734): Not granting permission android.permission.WRITE_EXTERNAL_STORAGE to package com.example.android.apis because it was previously installed without
06-05 11:55:23.486 W/PackageManager( 1734): Not granting permission android.permission.SEND_SMS to package com.example.android.apis because it was previously installed without
06-05 11:55:23.486 W/PackageManager( 1734): Not granting permission android.permission.RECEIVE_SMS to package com.example.android.apis because it was previously installed without
06-05 11:55:23.486 W/PackageManager( 1734): Not granting permission android.permission.RECEIVE_MMS to package com.example.android.apis because it was previously installed without
06-05 11:55:23.486 W/PackageManager( 1734): Not granting permission android.permission.READ_SMS to package com.example.android.apis because it was previously installed without
06-05 11:55:23.486 W/PackageManager( 1734): Not granting permission android.permission.READ_PHONE_STATE to package com.example.android.apis because it was previously installed without
06-05 11:55:23.486 W/PackageManager( 1734): Not granting permission android.permission.RECORD_AUDIO to package com.example.android.apis because it was previously installed without
06-05 11:55:23.486 W/PackageManager( 1734): Not granting permission android.permission.CAMERA to package com.example.android.apis because it was previously installed without
06-05 11:55:23.486 W/PackageManager( 1734): Not granting permission android.permission.READ_EXTERNAL_STORAGE to package com.example.android.apis because it was previously installed without
06-05 11:55:23.487 W/PackageManager( 1734): Unknown permission android.permission.RUN_INSTRUMENTATION in package org.chromium.webview_shell
06-05 11:55:23.487 W/PackageManager( 1734): Unknown permission com.google.android.googleapps.permission.GOOGLE_AUTH in package com.android.settings
06-05 11:55:23.487 W/PackageManager( 1734): Unknown permission com.android.launcher.permission.READ_SETTINGS in package com.android.settings
06-05 11:55:23.488 W/PackageManager( 1734): Unknown permission com.android.launcher.permission.WRITE_SETTINGS in package com.android.settings
06-05 11:55:23.488 W/PackageManager( 1734): Unknown permission com.android.smspush.WAPPUSH_MANAGER_BIND in package com.android.phone
06-05 11:55:23.501 W/PackageManager( 1734): Unknown permission com.google.android.googleapps.permission.ACCESS_GOOGLE_PASSWORD in package com.android.development
06-05 11:55:23.501 W/PackageManager( 1734): Unknown permission com.google.android.googleapps.permission.GOOGLE_AUTH in package com.android.development
06-05 11:55:23.501 W/PackageManager( 1734): Unknown permission com.google.android.googleapps.permission.GOOGLE_AUTH.ALL_SERVICES in package com.android.development
06-05 11:55:23.501 W/PackageManager( 1734): Unknown permission com.google.android.googleapps.permission.GOOGLE_AUTH.YouTubeUser in package com.android.development
06-05 11:55:23.501 W/PackageManager( 1734): Not granting permission android.permission.BIND_APPWIDGET to package com.android.widgetpreview (protectionLevel=18 flags=0x3808be44)
06-05 11:55:23.503 V/PackageManager( 1734): reconcileAppsData for null u0 0x3
06-05 11:55:23.559 I/SELinux ( 1327): SELinux: Loaded file_contexts contexts from /file_contexts.bin.
06-05 11:55:28.842 V/PackageManager( 1734): reconcileAppsData finished 81 packages
06-05 11:55:29.413 E/PackageManager( 1734): There should probably be a verifier, but, none were found
06-05 11:55:29.596 D/PackageManager( 1734): Ephemeral resolver NOT found; no matching intent filters
06-05 11:55:29.597 I/PackageManager( 1734): Ephemeral deactivated; missing resolver and installer
06-05 11:55:29.604 W/art     ( 1734): Long monitor contention with owner main (1734) at int android.net.LocalSocketImpl.readba_native(byte[], int, int, java.io.FileDescriptor)(LocalSocketImpl.java:-2) waiters=0 in void com.android.server.pm.Settings$RuntimePermissionPersistence.writePermissionsSync(int) for 5.790s
06-05 11:55:29.634 I/art     ( 1734): Starting a blocking GC Explicit
06-05 11:55:29.810 I/art     ( 1734): Explicit concurrent mark sweep GC freed 38257(2MB) AllocSpace objects, 4(80KB) LOS objects, 33% free, 7MB/11MB, paused 839us total 164.428ms
06-05 11:55:29.821 I/SystemServer( 1734): StartOtaDexOptService
06-05 11:55:29.881 I/SystemServer( 1734): StartUserManagerService
06-05 11:55:29.882 I/SystemServiceManager( 1734): Starting com.android.server.pm.UserManagerService$LifeCycle
06-05 11:55:30.013 I/lowmemorykiller( 1317): ActivityManager connected
06-05 11:55:30.030 D/SensorService( 1734): nuSensorService starting...
06-05 11:55:30.124 D/SensorService( 1734): nuSensorService thread starting...
06-05 11:55:30.128 I/SystemServiceManager( 1734): Starting com.android.server.BatteryService
06-05 11:55:30.131 D/SensorService( 1734): new thread SensorEventAckReceiver
06-05 11:55:30.201 I/SystemServiceManager( 1734): Starting com.android.server.usage.UsageStatsService
06-05 11:55:30.421 I/SystemServiceManager( 1734): Starting com.android.server.webkit.WebViewUpdateService
06-05 11:55:30.457 I/SystemServer( 1734): Reading configuration...
06-05 11:55:30.457 I/SystemServer( 1734): StartSchedulingPolicyService
06-05 11:55:30.472 I/SystemServiceManager( 1734): Starting com.android.server.telecom.TelecomLoaderService
06-05 11:55:30.473 I/SystemServer( 1734): StartTelephonyRegistry
06-05 11:55:30.531 I/SystemServer( 1734): StartEntropyMixer
06-05 11:55:30.596 I/EntropyMixer( 1734): Writing entropy...
06-05 11:55:30.662 I/SystemServer( 1734): Camera Service
06-05 11:55:30.668 I/SystemServiceManager( 1734): Starting com.android.server.camera.CameraService
06-05 11:55:30.761 I/ServiceThread( 1734): Enabled StrictMode logging for CameraService_proxy looper.
06-05 11:55:30.771 I/SystemServer( 1734): StartAccountManagerService
06-05 11:55:30.781 I/SystemServiceManager( 1734): Starting com.android.server.accounts.AccountManagerService$Lifecycle
06-05 11:55:31.024 I/SystemServer( 1734): StartContentService
06-05 11:55:31.030 I/SystemServiceManager( 1734): Starting com.android.server.content.ContentService$Lifecycle
06-05 11:55:31.045 I/SystemServer( 1734): InstallSystemProviders
06-05 11:55:31.312 W/System  ( 1734): ClassLoader referenced unknown path: /system/priv-app/SettingsProvider/lib/x86_64
06-05 11:55:31.822 I/SystemServer( 1734): StartVibratorService
06-05 11:55:31.824 E/VibratorService( 1734): Couldn't load vibrator module (No such file or directory)
06-05 11:55:31.825 W/VibratorService( 1734): Tried to stop vibrating but there is no vibrator device.
06-05 11:55:31.845 I/SystemServer( 1734): StartConsumerIrService
06-05 11:55:31.847 E/ConsumerIrService( 1734): Can't open consumer IR HW Module, error: -2
06-05 11:55:31.852 I/SystemServer( 1734): StartAlarmManagerService
