06-06 00:03:13.105 W//system/bin/mediaextractor( 1335): libminijail: logging seccomp filter failures
06-06 00:03:13.136 I/audioserver( 1325): ServiceManager: 0xeb6bc020
06-06 00:03:13.202 W/BatteryNotifier( 1325): batterystats service unavailable!
06-06 00:03:13.203 I/AudioFlinger( 1325): Using default 3000 mSec as standby time.
06-06 00:03:13.216 I/AudioPolicyService( 1325): AudioPolicyService CSTOR in new mode
06-06 00:03:13.543 I/APM::ConfigParsingUtils( 1325): loadAudioPolicyConfig() loaded /system/etc/audio_policy.conf
06-06 00:03:13.694 D/audio_hw_generic( 1325): Emulator host-side ALSA audio emulation detected.
06-06 00:03:13.696 D/audio_hw_generic( 1325): mixer 0 name Master Playback Volume
06-06 00:03:13.697 D/audio_hw_generic( 1325): set ctl 0 to 100
06-06 00:03:13.698 D/audio_hw_generic( 1325): set ctl 1 to 100
06-06 00:03:13.698 D/audio_hw_generic( 1325): mixer 1 name Master Playback Switch
06-06 00:03:13.698 D/audio_hw_generic( 1325): set ctl 0 to 1
06-06 00:03:13.699 D/audio_hw_generic( 1325): set ctl 1 to 1
06-06 00:03:13.699 D/audio_hw_generic( 1325): mixer 2 name Capture Volume
06-06 00:03:13.699 D/audio_hw_generic( 1325): set ctl 0 to 100
06-06 00:03:13.699 D/audio_hw_generic( 1325): set ctl 1 to 100
06-06 00:03:13.699 D/audio_hw_generic( 1325): mixer 3 name Capture Switch
06-06 00:03:13.699 D/audio_hw_generic( 1325): set ctl 0 to 1
06-06 00:03:13.699 D/audio_hw_generic( 1325): set ctl 1 to 1
06-06 00:03:13.700 D/audio_hw_generic( 1325): mixer 4 name Line Phantom Jack
06-06 00:03:13.700 D/audio_hw_generic( 1325): mixer 5 name Line Out Phantom Jack
06-06 00:03:13.800 D/audio_hw_generic( 1325): mixer 6 name Playback Channel Map
06-06 00:03:13.800 D/audio_hw_generic( 1325): mixer 7 name Capture Channel Map
06-06 00:03:13.801 I/AudioFlinger( 1325): loadHwModule() Loaded primary audio interface from Generic audio HW HAL (audio) handle 10
06-06 00:03:13.802 I/AudioFlinger( 1325): openOutput(), module 10 Device 2, SamplingRate 48000, Format 0x000001, Channels 3, flags 2
06-06 00:03:13.834 I/AudioFlinger( 1325): HAL output buffer size 720 frames, normal sink buffer size 1152 frames
06-06 00:03:13.931 I/cameraserver( 1326): ServiceManager: 0xe693c020
06-06 00:03:13.941 I/CameraService( 1326): CameraService started (pid=1326)
06-06 00:03:13.941 I/CameraService( 1326): CameraService process starting
06-06 00:03:13.943 W/BatteryNotifier( 1326): batterystats service unavailable!
06-06 00:03:13.944 W/BatteryNotifier( 1326): batterystats service unavailable!
06-06 00:03:14.014 I/BufferProvider( 1325): found effect "Multichannel Downmix To Stereo" from The Android Open Source Project
06-06 00:03:14.019 I/AudioFlinger( 1325): Using module 10 has the primary audio interface
06-06 00:03:14.053 I/AudioFlinger( 1325): AudioFlinger's thread 0xeb103540 ready to run
06-06 00:03:14.084 W/BatteryNotifier( 1325): batterystats service unavailable!
06-06 00:03:14.086 W/BatteryNotifier( 1325): batterystats service unavailable!
06-06 00:03:14.241 W/BatteryNotifier( 1325): batterystats service unavailable!
06-06 00:03:14.244 W/AudioFlinger( 1325): no wake lock to update, system not ready yet
06-06 00:03:14.362 I/AudioFlinger( 1325): AudioFlinger's thread 0xeac030c0 ready to run
06-06 00:03:14.397 D/EmulatedCamera_QemuClient( 1326): Emulated camera list: 
06-06 00:03:14.399 D/EmulatedCamera_FakeCamera( 1326): Initialize: Fake camera is facing back
06-06 00:03:14.458 I/mediaserver( 1336): ServiceManager: 0xeb13c0a0
06-06 00:03:14.462 V/EmulatedCamera_Device( 1326): initializeWhiteBalanceModes with auto, 1.000000, 1.000000
06-06 00:03:14.463 V/EmulatedCamera_Device( 1326): initializeWhiteBalanceModes with incandescent, 1.380000, 0.600000
06-06 00:03:14.463 V/EmulatedCamera_Device( 1326): initializeWhiteBalanceModes with daylight, 1.090000, 0.920000
06-06 00:03:14.463 V/EmulatedCamera_Device( 1326): initializeWhiteBalanceModes with twilight, 0.920000, 1.220000
06-06 00:03:14.463 V/EmulatedCamera_Device( 1326): setWhiteBalanceMode with white balance auto
06-06 00:03:14.464 E/EmulatedCamera_Factory( 1326): 1 cameras are being emulated. 0 of them are fake cameras.
06-06 00:03:14.465 E/EmulatedCamera_HotplugThread( 1326): createFileIfNotExists: Could not create file '/data/misc/media/emulator.camera.hotplug.0', error: 'Permission denied' (13)
06-06 00:03:14.535 I/r_submix( 1325): adev_open(name=audio_hw_if)
06-06 00:03:14.535 I/r_submix( 1325): adev_init_check()
06-06 00:03:14.535 I/AudioFlinger( 1325): loadHwModule() Loaded r_submix audio interface from Wifi Display audio HAL (audio) handle 18
06-06 00:03:14.536 D/r_submix( 1325): adev_open_input_stream(addr=0)
06-06 00:03:14.536 D/r_submix( 1325): submix_audio_device_create_pipe_l(addr=0, idx=9)
06-06 00:03:14.536 D/r_submix( 1325):   now using address 0 for route 9
06-06 00:03:14.541 I/AudioFlinger( 1325): AudioFlinger's thread 0xead03980 ready to run
06-06 00:03:14.546 D/r_submix( 1325): adev_close_input_stream()
06-06 00:03:14.546 D/r_submix( 1325): submix_audio_device_release_pipe_l(idx=9) addr=0
06-06 00:03:14.546 D/r_submix( 1325): submix_audio_device_destroy_pipe_l(): pipe destroyed
06-06 00:03:14.601 I/CameraService( 1326): Loaded "Emulated Camera Module" camera module
06-06 00:03:14.601 E/CameraService( 1326): setUpVendorTags: Vendor tag operations not fully defined. Ignoring definitions.
06-06 00:03:14.602 V/EmulatedCamera_Camera( 1326): getCameraInfo
06-06 00:03:14.602 V/EmulatedCamera_BaseCamera( 1326): getCameraInfo
06-06 00:03:14.603 I/CameraFlashlight( 1326): Opening camera 0
06-06 00:03:14.603 V/EmulatedCamera_Camera( 1326): getCameraInfo
06-06 00:03:14.603 V/EmulatedCamera_BaseCamera( 1326): getCameraInfo
06-06 00:03:14.603 V/EmulatedCamera_Camera( 1326): connectCamera
06-06 00:03:14.603 V/EmulatedCamera_FakeDevice( 1326): connectDevice
06-06 00:03:14.611 I/RadioService( 1325): RadioService
06-06 00:03:14.611 I/RadioService( 1325): onFirstRef
06-06 00:03:14.618 E/RadioService( 1325): couldn't load radio module radio.primary (No such file or directory)
06-06 00:03:14.662 E/SoundTriggerHwService( 1325): couldn't load sound trigger module sound_trigger.primary (No such file or directory)
06-06 00:03:14.667 V/EmulatedCamera_CallbackNotifier( 1326): setCallbacks: 0xe6e54e80, 0xe6e54ed0, 0xe6e54ff0, 0xe6e55110 (0xe6943140)
06-06 00:03:14.701 W/BatteryNotifier( 1336): batterystats service unavailable!
06-06 00:03:14.783 V/EmulatedCamera_Preview( 1326): setPreviewWindow: current: 0x0 -> new: 0xe6943150
06-06 00:03:14.784 V/EmulatedCamera_Preview( 1326): setPreviewWindow: current: 0xe6943150 -> new: 0x0
06-06 00:03:14.784 V/EmulatedCamera_Camera( 1326): doStopPreview
06-06 00:03:14.785 V/EmulatedCamera_Preview( 1326): setPreviewWindow: current: 0x0 -> new: 0x0
06-06 00:03:14.846 V/EmulatedCamera_Camera( 1326): releaseCamera
06-06 00:03:14.846 V/EmulatedCamera_Camera( 1326): doStopPreview
06-06 00:03:14.846 V/EmulatedCamera_FakeDevice( 1326): disconnectDevice
06-06 00:03:14.847 W/EmulatedCamera_Device( 1326): Initialize: Emulated camera device is already initialized: mState = 1
06-06 00:03:14.847 D/EmulatedCamera_FakeCamera( 1326): Initialize: Fake camera is facing back
06-06 00:03:14.847 V/EmulatedCamera_Device( 1326): initializeWhiteBalanceModes with auto, 1.000000, 1.000000
06-06 00:03:14.848 V/EmulatedCamera_Device( 1326): initializeWhiteBalanceModes with incandescent, 1.380000, 0.600000
06-06 00:03:14.848 V/EmulatedCamera_Device( 1326): initializeWhiteBalanceModes with daylight, 1.090000, 0.920000
06-06 00:03:14.848 V/EmulatedCamera_Device( 1326): initializeWhiteBalanceModes with twilight, 0.920000, 1.220000
06-06 00:03:14.848 V/EmulatedCamera_Device( 1326): setWhiteBalanceMode with white balance auto
06-06 00:03:14.848 I/CameraFlashlight( 1326): Destroying camera 0
06-06 00:03:14.848 V/EmulatedCamera_Camera( 1326): closeCamera
06-06 00:03:14.849 V/EmulatedCamera_Camera( 1326): doStopPreview
06-06 00:03:14.849 W/EmulatedCamera_Device( 1326): Initialize: Emulated camera device is already initialized: mState = 1
06-06 00:03:14.849 D/EmulatedCamera_FakeCamera( 1326): Initialize: Fake camera is facing back
06-06 00:03:14.849 V/EmulatedCamera_Device( 1326): initializeWhiteBalanceModes with auto, 1.000000, 1.000000
06-06 00:03:14.849 V/EmulatedCamera_Device( 1326): initializeWhiteBalanceModes with incandescent, 1.380000, 0.600000
06-06 00:03:14.849 V/EmulatedCamera_Device( 1326): initializeWhiteBalanceModes with daylight, 1.090000, 0.920000
06-06 00:03:14.849 V/EmulatedCamera_Device( 1326): initializeWhiteBalanceModes with twilight, 0.920000, 1.220000
06-06 00:03:14.850 V/EmulatedCamera_Device( 1326): setWhiteBalanceMode with white balance auto
06-06 00:03:14.863 V/EmulatedCamera_Camera( 1326): getCameraInfo
06-06 00:03:14.864 V/EmulatedCamera_BaseCamera( 1326): getCameraInfo
06-06 00:03:14.881 I/ServiceManager( 1326): Waiting for service media.camera.proxy...
06-06 00:03:15.456 I/mediaserver( 1334): ServiceManager: 0xeefbc0a0
06-06 00:03:15.893 I/ServiceManager( 1326): Waiting for service media.camera.proxy...
06-06 00:03:16.901 I/ServiceManager( 1326): Waiting for service media.camera.proxy...
06-06 00:03:17.261 W/BatteryNotifier( 1325): batterystats service unavailable!
06-06 00:03:17.910 I/ServiceManager( 1326): Waiting for service media.camera.proxy...
06-06 00:03:18.921 I/ServiceManager( 1326): Waiting for service media.camera.proxy...
06-06 00:03:28.817 E/SurfaceFlinger( 1320): ro.sf.lcd_density must be defined as a build property
06-06 00:03:28.991 D/libEGL  ( 1579): Emulator without GPU support detected. Fallback to legacy software renderer, qemu.gles is set to 0.
06-06 00:03:29.021 D/AndroidRuntime( 1323): >>>>>> START com.android.internal.os.ZygoteInit uid 0 <<<<<<
06-06 00:03:29.052 D/libEGL  ( 1579): loaded /system/lib64/egl/libGLES_android.so
06-06 00:03:29.772 D/AndroidRuntime( 1323): CheckJNI is ON
06-06 00:03:30.050 I/art     ( 1323): option[0]=-Xzygote
06-06 00:03:30.051 I/art     ( 1323): option[1]=-Xcheck:jni
06-06 00:03:30.051 I/art     ( 1323): option[2]=-Xstacktracefile:/data/anr/traces.txt
06-06 00:03:30.051 I/art     ( 1323): option[3]=exit
06-06 00:03:30.051 I/art     ( 1323): option[4]=vfprintf
06-06 00:03:30.051 I/art     ( 1323): option[5]=sensitiveThread
06-06 00:03:30.051 I/art     ( 1323): option[6]=-verbose:gc
06-06 00:03:30.051 I/art     ( 1323): option[7]=-Xms4m
06-06 00:03:30.052 I/art     ( 1323): option[8]=-Xmx256m
06-06 00:03:30.052 I/art     ( 1323): option[9]=-Xusejit:true
06-06 00:03:30.052 I/art     ( 1323): option[10]=-Xjitsaveprofilinginfo
06-06 00:03:30.052 I/art     ( 1323): option[11]=-agentlib:jdwp=transport=dt_android_adb,suspend=n,server=y
06-06 00:03:30.052 I/art     ( 1323): option[12]=-Xlockprofthreshold:500
06-06 00:03:30.052 I/art     ( 1323): option[13]=-Ximage-compiler-option
06-06 00:03:30.052 I/art     ( 1323): option[14]=--runtime-arg
06-06 00:03:30.052 I/art     ( 1323): option[15]=-Ximage-compiler-option
06-06 00:03:30.052 I/art     ( 1323): option[16]=-Xms64m
06-06 00:03:30.052 I/art     ( 1323): option[17]=-Ximage-compiler-option
06-06 00:03:30.052 I/art     ( 1323): option[18]=--runtime-arg
06-06 00:03:30.052 I/art     ( 1323): option[19]=-Ximage-compiler-option
06-06 00:03:30.052 I/art     ( 1323): option[20]=-Xmx64m
06-06 00:03:30.052 I/art     ( 1323): option[21]=-Ximage-compiler-option
06-06 00:03:30.052 I/art     ( 1323): option[22]=--image-classes=/system/etc/preloaded-classes
06-06 00:03:30.052 I/art     ( 1323): option[23]=-Ximage-compiler-option
06-06 00:03:30.053 I/art     ( 1323): option[24]=--compiled-classes=/system/etc/compiled-classes
06-06 00:03:30.053 I/art     ( 1323): option[25]=-Xcompiler-option
06-06 00:03:30.053 I/art     ( 1323): option[26]=--runtime-arg
06-06 00:03:30.053 I/art     ( 1323): option[27]=-Xcompiler-option
06-06 00:03:30.053 I/art     ( 1323): option[28]=-Xms64m
06-06 00:03:30.053 I/art     ( 1323): option[29]=-Xcompiler-option
06-06 00:03:30.053 I/art     ( 1323): option[30]=--runtime-arg
06-06 00:03:30.053 I/art     ( 1323): option[31]=-Xcompiler-option
06-06 00:03:30.053 I/art     ( 1323): option[32]=-Xmx512m
06-06 00:03:30.053 I/art     ( 1323): option[33]=-Ximage-compiler-option
06-06 00:03:30.053 I/art     ( 1323): option[34]=--instruction-set-variant=x86_64
06-06 00:03:30.053 I/art     ( 1323): option[35]=-Xcompiler-option
06-06 00:03:30.053 I/art     ( 1323): option[36]=--instruction-set-variant=x86_64
06-06 00:03:30.053 I/art     ( 1323): option[37]=-Ximage-compiler-option
06-06 00:03:30.053 I/art     ( 1323): option[38]=--instruction-set-features=default
06-06 00:03:30.053 I/art     ( 1323): option[39]=-Xcompiler-option
06-06 00:03:30.053 I/art     ( 1323): option[40]=--instruction-set-features=default
06-06 00:03:30.053 I/art     ( 1323): option[41]=-Duser.locale=en-US
06-06 00:03:30.054 I/art     ( 1323): option[42]=--cpu-abilist=x86_64
06-06 00:03:30.054 I/art     ( 1323): option[43]=-Xfingerprint:Android/sdk_phone_x86_64/generic_x86_64:7.1.1/NYC/4931657:userdebug/test-keys
06-06 00:03:30.063 D/gralloc_ranchu( 1579): Emulator without host-side GPU emulation detected. Loading gralloc.default.so from /vendor/lib64/hw/gralloc.goldfish.default.so...
06-06 00:03:30.072 D/gralloc_ranchu( 1579): gralloc.default.so not found in /vendor. Trying /system/lib64/hw/gralloc.goldfish.default.so...
06-06 00:03:30.041 D/AndroidRuntime( 1324): >>>>>> START com.android.internal.os.ZygoteInit uid 0 <<<<<<
06-06 00:03:31.283 E/hostapd ( 1699): Configuration file: /system/etc/simulated_hostapd.conf
06-06 00:03:31.455 D/AndroidRuntime( 1324): CheckJNI is ON
06-06 00:03:31.731 I/art     ( 1324): option[0]=-Xzygote
06-06 00:03:31.731 I/art     ( 1324): option[1]=-Xcheck:jni
06-06 00:03:31.731 I/art     ( 1324): option[2]=-Xstacktracefile:/data/anr/traces.txt
06-06 00:03:31.731 I/art     ( 1324): option[3]=exit
06-06 00:03:31.731 I/art     ( 1324): option[4]=vfprintf
06-06 00:03:31.732 I/art     ( 1324): option[5]=sensitiveThread
06-06 00:03:31.732 I/art     ( 1324): option[6]=-verbose:gc
06-06 00:03:31.732 I/art     ( 1324): option[7]=-Xms4m
06-06 00:03:31.732 I/art     ( 1324): option[8]=-Xmx256m
06-06 00:03:31.732 I/art     ( 1324): option[9]=-Xusejit:true
06-06 00:03:31.732 I/art     ( 1324): option[10]=-Xjitsaveprofilinginfo
06-06 00:03:31.732 I/art     ( 1324): option[11]=-agentlib:jdwp=transport=dt_android_adb,suspend=n,server=y
06-06 00:03:31.732 I/art     ( 1324): option[12]=-Xlockprofthreshold:500
06-06 00:03:31.732 I/art     ( 1324): option[13]=-Ximage-compiler-option
06-06 00:03:31.732 I/art     ( 1324): option[14]=--runtime-arg
06-06 00:03:31.733 I/art     ( 1324): option[15]=-Ximage-compiler-option
06-06 00:03:31.733 I/art     ( 1324): option[16]=-Xms64m
06-06 00:03:31.733 I/art     ( 1324): option[17]=-Ximage-compiler-option
06-06 00:03:31.733 I/art     ( 1324): option[18]=--runtime-arg
06-06 00:03:31.733 I/art     ( 1324): option[19]=-Ximage-compiler-option
06-06 00:03:31.733 I/art     ( 1324): option[20]=-Xmx64m
06-06 00:03:31.733 I/art     ( 1324): option[21]=-Ximage-compiler-option
06-06 00:03:31.733 I/art     ( 1324): option[22]=--image-classes=/system/etc/preloaded-classes
06-06 00:03:31.733 I/art     ( 1324): option[23]=-Ximage-compiler-option
06-06 00:03:31.733 I/art     ( 1324): option[24]=--compiled-classes=/system/etc/compiled-classes
06-06 00:03:31.733 I/art     ( 1324): option[25]=-Xcompiler-option
06-06 00:03:31.733 I/art     ( 1324): option[26]=--runtime-arg
06-06 00:03:31.733 I/art     ( 1324): option[27]=-Xcompiler-option
06-06 00:03:31.733 I/art     ( 1324): option[28]=-Xms64m
06-06 00:03:31.733 I/art     ( 1324): option[29]=-Xcompiler-option
06-06 00:03:31.734 I/art     ( 1324): option[30]=--runtime-arg
06-06 00:03:31.734 I/art     ( 1324): option[31]=-Xcompiler-option
06-06 00:03:31.734 I/art     ( 1324): option[32]=-Xmx512m
06-06 00:03:31.734 I/art     ( 1324): option[33]=-Ximage-compiler-option
06-06 00:03:31.734 I/art     ( 1324): option[34]=--instruction-set-variant=x86
06-06 00:03:31.734 I/art     ( 1324): option[35]=-Xcompiler-option
06-06 00:03:31.734 I/art     ( 1324): option[36]=--instruction-set-variant=x86
06-06 00:03:31.734 I/art     ( 1324): option[37]=-Ximage-compiler-option
06-06 00:03:31.734 I/art     ( 1324): option[38]=--instruction-set-features=default
06-06 00:03:31.734 I/art     ( 1324): option[39]=-Xcompiler-option
06-06 00:03:31.734 I/art     ( 1324): option[40]=--instruction-set-features=default
06-06 00:03:31.734 I/art     ( 1324): option[41]=-Duser.locale=en-US
06-06 00:03:31.734 I/art     ( 1324): option[42]=--cpu-abilist=x86
06-06 00:03:31.734 I/art     ( 1324): option[43]=-Xfingerprint:Android/sdk_phone_x86_64/generic_x86_64:7.1.1/NYC/4931657:userdebug/test-keys
06-06 00:03:32.018 E/ipv6proxy( 1685): Failed to forward Router Advertisement from eth0 to wlan1: Network is unreachable
06-06 00:03:33.863 I/hostapd ( 1699): rfkill: Cannot get wiphy information
06-06 00:03:33.867 I/hostapd ( 1699): nl80211: Could not re-add multicast membership for vendor events: -2 (No such file or directory)
06-06 00:03:33.870 I/hostapd ( 1699): wlan1: interface state UNINITIALIZED->COUNTRY_UPDATE
06-06 00:03:38.896 I/hostapd ( 1699): wlan1: interface state COUNTRY_UPDATE->HT_SCAN
06-06 00:03:40.302 D/ICU     ( 1324): No timezone override file found: /data/misc/zoneinfo/current/icu/icu_tzdata.dat
06-06 00:03:40.314 E/hostapd ( 1699): Using interface wlan1 with hwaddr 02:00:00:00:01:00 and ssid "AndroidWifi"
06-06 00:03:40.347 I/hostapd ( 1699): wlan1: interface state HT_SCAN->ENABLED
06-06 00:03:40.347 I/hostapd ( 1699): wlan1: AP-ENABLED 
06-06 00:03:40.352 D/ICU     ( 1323): No timezone override file found: /data/misc/zoneinfo/current/icu/icu_tzdata.dat
06-06 00:03:46.292 E/memtrack( 1323): Couldn't load memtrack module (No such file or directory)
06-06 00:03:46.293 E/android.os.Debug( 1323): failed to load memtrack module: -2
06-06 00:03:46.412 I/Radio-JNI( 1323): register_android_hardware_Radio DONE
06-06 00:03:46.399 E/memtrack( 1324): Couldn't load memtrack module (No such file or directory)
06-06 00:03:46.416 E/android.os.Debug( 1324): failed to load memtrack module: -2
06-06 00:03:46.482 I/Radio-JNI( 1324): register_android_hardware_Radio DONE
06-06 00:03:47.141 I/SamplingProfilerIntegration( 1323): Profiling disabled.
06-06 00:03:47.189 D/Zygote  ( 1323): begin preload
06-06 00:03:47.189 I/Zygote  ( 1323): Installing ICU cache reference pinning...
06-06 00:03:47.232 I/SamplingProfilerIntegration( 1324): Profiling disabled.
06-06 00:03:47.299 I/Zygote  ( 1323): Preloading ICU data...
06-06 00:03:47.324 D/Zygote  ( 1324): begin preload
06-06 00:03:47.324 I/Zygote  ( 1324): Installing ICU cache reference pinning...
06-06 00:03:47.363 I/Zygote  ( 1324): Preloading ICU data...
06-06 00:03:49.739 I/Zygote  ( 1323): Preloading classes...
06-06 00:03:49.793 I/Zygote  ( 1324): Preloading classes...
06-06 00:03:50.074 W/Zygote  ( 1324): Class not found for preloading: [Landroid.view.Display$ColorTransform;
06-06 00:03:50.193 W/Zygote  ( 1323): Class not found for preloading: [Landroid.view.Display$ColorTransform;
06-06 00:03:57.714 E/Typeface( 1324): Error mapping font file /system/fonts/DroidSansFallback.ttf
06-06 00:03:57.839 E/Typeface( 1323): Error mapping font file /system/fonts/DroidSansFallback.ttf
06-06 00:04:05.109 I/art     ( 1323): Background concurrent mark sweep GC freed 21949(2MB) AllocSpace objects, 118(2MB) LOS objects, 33% free, 3MB/4MB, paused 3.383ms total 941.855ms
06-06 00:04:05.505 I/art     ( 1324): Background concurrent mark sweep GC freed 21946(2MB) AllocSpace objects, 79(1424KB) LOS objects, 33% free, 2MB/3MB, paused 3.328ms total 662.474ms
06-06 00:04:05.720 W/art     ( 1324): Suspending all threads took: 55.130ms
06-06 00:04:05.919 I/art     ( 1324): Background sticky concurrent mark sweep GC freed 224(1287KB) AllocSpace objects, 48(928KB) LOS objects, 47% free, 1777KB/3MB, paused 63.244ms total 315.104ms
06-06 00:04:06.037 I/art     ( 1323): Thread[1,tid=1323,Native,Thread*=0x74de9e495a00,peer=0x12c060d0,"main"] recursive attempt to load library "/system/lib64/libmedia_jni.so"
06-06 00:04:06.132 D/MtpDeviceJNI( 1323): register_android_mtp_MtpDevice
06-06 00:04:06.194 I/art     ( 1323): Thread[1,tid=1323,Native,Thread*=0x74de9e495a00,peer=0x12c060d0,"main"] recursive attempt to load library "/system/lib64/libmedia_jni.so"
06-06 00:04:06.196 I/art     ( 1323): Thread[1,tid=1323,Native,Thread*=0x74de9e495a00,peer=0x12c060d0,"main"] recursive attempt to load library "/system/lib64/libmedia_jni.so"
06-06 00:04:06.429 I/art     ( 1324): Thread[1,tid=1324,Native,Thread*=0xe3e0b400,peer=0x12c060d0,"main"] recursive attempt to load library "/system/lib/libmedia_jni.so"
06-06 00:04:06.452 D/MtpDeviceJNI( 1324): register_android_mtp_MtpDevice
06-06 00:04:06.455 I/art     ( 1324): Thread[1,tid=1324,Native,Thread*=0xe3e0b400,peer=0x12c060d0,"main"] recursive attempt to load library "/system/lib/libmedia_jni.so"
06-06 00:04:06.456 I/art     ( 1324): Thread[1,tid=1324,Native,Thread*=0xe3e0b400,peer=0x12c060d0,"main"] recursive attempt to load library "/system/lib/libmedia_jni.so"
06-06 00:04:10.309 W/Zygote  ( 1323): Class not found for preloading: android.view.Display$ColorTransform
06-06 00:04:10.381 W/Zygote  ( 1323): Class not found for preloading: android.view.Display$ColorTransform$1
06-06 00:04:10.619 W/Zygote  ( 1324): Class not found for preloading: android.view.Display$ColorTransform
06-06 00:04:10.691 W/Zygote  ( 1324): Class not found for preloading: android.view.Display$ColorTransform$1
06-06 00:04:13.767 W/art     ( 1323): Suspending all threads took: 62.526ms
06-06 00:04:13.989 I/art     ( 1323): Background sticky concurrent mark sweep GC freed 13771(2MB) AllocSpace objects, 10(160KB) LOS objects, 64% free, 1709KB/4MB, paused 111.879ms total 639.319ms
06-06 00:04:15.474 I/art     ( 1324): Background concurrent mark sweep GC freed 19500(1575KB) AllocSpace objects, 6(104KB) LOS objects, 41% free, 1472KB/2MB, paused 3.366ms total 727.976ms
06-06 00:04:16.471 I/System  ( 1323): Loaded time zone names for "" in 1815ms (1747ms in ICU)
06-06 00:04:17.091 I/System  ( 1324): Loaded time zone names for "" in 1632ms (1578ms in ICU)
06-06 00:04:17.246 I/System  ( 1323): Loaded time zone names for "en_US" in 774ms (740ms in ICU)
06-06 00:04:18.001 I/System  ( 1324): Loaded time zone names for "en_US" in 909ms (851ms in ICU)
06-06 00:04:18.664 I/Zygote  ( 1323): ...preloaded 4158 classes in 28784ms.
06-06 00:04:18.666 I/art     ( 1323): VMRuntime.preloadDexCaches starting
06-06 00:04:20.030 I/Zygote  ( 1324): ...preloaded 4158 classes in 30237ms.
06-06 00:04:20.032 I/art     ( 1324): VMRuntime.preloadDexCaches starting
06-06 00:04:20.767 I/art     ( 1323): VMRuntime.preloadDexCaches strings total=283712 before=39625 after=39625
06-06 00:04:20.767 I/art     ( 1323): VMRuntime.preloadDexCaches types total=23581 before=7877 after=7904
06-06 00:04:20.767 I/art     ( 1323): VMRuntime.preloadDexCaches fields total=112007 before=40903 after=41117
06-06 00:04:20.767 I/art     ( 1323): VMRuntime.preloadDexCaches methods total=197534 before=82457 after=83017
06-06 00:04:20.767 I/art     ( 1323): VMRuntime.preloadDexCaches finished
06-06 00:04:20.789 I/Zygote  ( 1323): Preloading resources...
06-06 00:04:22.329 I/art     ( 1324): VMRuntime.preloadDexCaches strings total=283712 before=39625 after=39625
06-06 00:04:22.329 I/art     ( 1324): VMRuntime.preloadDexCaches types total=23581 before=7877 after=7904
06-06 00:04:22.329 I/art     ( 1324): VMRuntime.preloadDexCaches fields total=112007 before=40903 after=41117
06-06 00:04:22.329 I/art     ( 1324): VMRuntime.preloadDexCaches methods total=197534 before=82457 after=83017
06-06 00:04:22.329 I/art     ( 1324): VMRuntime.preloadDexCaches finished
06-06 00:04:22.486 I/Zygote  ( 1324): Preloading resources...
06-06 00:04:23.811 W/Resources( 1323): Preloaded drawable resource #0x108025c (android:drawable/dialog_background_material) that varies with configuration!!
06-06 00:04:23.866 W/Resources( 1323): Preloaded drawable resource #0x1080298 (android:drawable/editbox_dropdown_background_dark) that varies with configuration!!
06-06 00:04:24.124 W/Resources( 1323): Preloaded color resource #0x10600e2 (android:color/material_grey_800) that varies with configuration!!
06-06 00:04:24.125 W/Resources( 1323): Preloaded drawable resource #0x10802c9 (android:drawable/floating_popup_background_dark) that varies with configuration!!
06-06 00:04:24.710 W/art     ( 1324): Suspending all threads took: 34.926ms
06-06 00:04:24.719 I/art     ( 1324): Background sticky concurrent mark sweep GC freed 8316(511KB) AllocSpace objects, 0(0B) LOS objects, 18% free, 2026KB/2MB, paused 36.354ms total 317.759ms
06-06 00:04:24.730 W/Resources( 1324): Preloaded drawable resource #0x108025c (android:drawable/dialog_background_material) that varies with configuration!!
06-06 00:04:24.817 W/Resources( 1324): Preloaded drawable resource #0x1080298 (android:drawable/editbox_dropdown_background_dark) that varies with configuration!!
06-06 00:04:25.113 W/Resources( 1323): Preloaded drawable resource #0x108030b (android:drawable/ic_clear_disabled) that varies with configuration!!
06-06 00:04:25.116 W/Resources( 1323): Preloaded drawable resource #0x1080310 (android:drawable/ic_clear_normal) that varies with configuration!!
06-06 00:04:25.157 W/Resources( 1324): Preloaded color resource #0x10600e2 (android:color/material_grey_800) that varies with configuration!!
06-06 00:04:25.158 W/Resources( 1324): Preloaded drawable resource #0x10802c9 (android:drawable/floating_popup_background_dark) that varies with configuration!!
06-06 00:04:25.402 W/Resources( 1323): Preloaded drawable resource #0x1080359 (android:drawable/ic_go) that varies with configuration!!
06-06 00:04:25.704 I/art     ( 1324): Background concurrent mark sweep GC freed 628(49KB) AllocSpace objects, 0(0B) LOS objects, 60% free, 2MB/6MB, paused 629us total 352.834ms
06-06 00:04:25.767 I/art     ( 1323): Background concurrent mark sweep GC freed 14694(875KB) AllocSpace objects, 6(132KB) LOS objects, 51% free, 3MB/7MB, paused 625us total 465.334ms
06-06 00:04:26.037 W/Resources( 1323): Preloaded drawable resource #0x1080038 (android:drawable/ic_menu_close_clear_cancel) that varies with configuration!!
06-06 00:04:26.167 W/Resources( 1323): Preloaded drawable resource #0x1080045 (android:drawable/ic_menu_more) that varies with configuration!!
06-06 00:04:26.457 W/Resources( 1324): Preloaded drawable resource #0x108030b (android:drawable/ic_clear_disabled) that varies with configuration!!
06-06 00:04:26.825 W/Resources( 1324): Preloaded drawable resource #0x1080310 (android:drawable/ic_clear_normal) that varies with configuration!!
06-06 00:04:27.469 W/Resources( 1324): Preloaded drawable resource #0x1080359 (android:drawable/ic_go) that varies with configuration!!
06-06 00:04:27.822 W/Resources( 1323): Preloaded drawable resource #0x10804e8 (android:drawable/menu_background_fill_parent_width) that varies with configuration!!
06-06 00:04:27.959 W/Resources( 1324): Preloaded drawable resource #0x1080038 (android:drawable/ic_menu_close_clear_cancel) that varies with configuration!!
06-06 00:04:28.087 W/Resources( 1324): Preloaded drawable resource #0x1080045 (android:drawable/ic_menu_more) that varies with configuration!!
06-06 00:04:28.804 W/Resources( 1324): Preloaded drawable resource #0x10804e8 (android:drawable/menu_background_fill_parent_width) that varies with configuration!!
06-06 00:04:30.452 W/Resources( 1323): Preloaded drawable resource #0x108077e (android:drawable/text_edit_paste_window) that varies with configuration!!
06-06 00:04:30.644 W/Resources( 1323): Preloaded drawable resource #0x1080096 (android:drawable/toast_frame) that varies with configuration!!
06-06 00:04:30.645 I/Zygote  ( 1323): ...preloaded 114 resources in 9855ms.
06-06 00:04:31.109 W/Resources( 1323): Preloaded color resource #0x106010b (android:color/background_cache_hint_selector_material_dark) that varies with configuration!!
06-06 00:04:31.184 W/Resources( 1323): Preloaded color resource #0x1060110 (android:color/btn_default_material_dark) that varies with configuration!!
06-06 00:04:31.258 I/Zygote  ( 1323): ...preloaded 41 resources in 613ms.
06-06 00:04:31.302 D/libEGL  ( 1323): Emulator without GPU support detected. Fallback to legacy software renderer, qemu.gles is set to 0.
06-06 00:04:31.466 D/libEGL  ( 1323): loaded /system/lib64/egl/libGLES_android.so
06-06 00:04:31.471 W/Resources( 1324): Preloaded drawable resource #0x108077e (android:drawable/text_edit_paste_window) that varies with configuration!!
06-06 00:04:31.607 W/Resources( 1324): Preloaded drawable resource #0x1080096 (android:drawable/toast_frame) that varies with configuration!!
06-06 00:04:31.608 I/Zygote  ( 1324): ...preloaded 114 resources in 9121ms.
06-06 00:04:31.944 W/Resources( 1324): Preloaded color resource #0x106010b (android:color/background_cache_hint_selector_material_dark) that varies with configuration!!
06-06 00:04:31.947 W/Resources( 1324): Preloaded color resource #0x1060110 (android:color/btn_default_material_dark) that varies with configuration!!
06-06 00:04:32.048 I/Zygote  ( 1324): ...preloaded 41 resources in 439ms.
06-06 00:04:32.092 D/libEGL  ( 1324): Emulator without GPU support detected. Fallback to legacy software renderer, qemu.gles is set to 0.
06-06 00:04:32.426 D/libEGL  ( 1324): loaded /system/lib/egl/libGLES_android.so
06-06 00:04:32.809 I/Zygote  ( 1323): Preloading shared libraries...
06-06 00:04:33.112 E/Hyphenator( 1323): error loading hyphenation /system/usr/hyphen-data/hyph-as.hyb
06-06 00:04:33.112 E/Hyphenator( 1323): java.io.FileNotFoundException: /system/usr/hyphen-data/hyph-as.hyb: open failed: ENOENT (No such file or directory)
06-06 00:04:33.112 E/Hyphenator( 1323): 	at libcore.io.IoBridge.open(IoBridge.java:455)
06-06 00:04:33.112 E/Hyphenator( 1323): 	at java.io.RandomAccessFile.<init>(RandomAccessFile.java:247)
06-06 00:04:33.112 E/Hyphenator( 1323): 	at android.text.Hyphenator.loadHyphenator(Hyphenator.java:118)
06-06 00:04:33.112 E/Hyphenator( 1323): 	at android.text.Hyphenator.init(Hyphenator.java:224)
06-06 00:04:33.112 E/Hyphenator( 1323): 	at com.android.internal.os.ZygoteInit.preloadTextResources(ZygoteInit.java:252)
06-06 00:04:33.112 E/Hyphenator( 1323): 	at com.android.internal.os.ZygoteInit.preload(ZygoteInit.java:206)
06-06 00:04:33.112 E/Hyphenator( 1323): 	at com.android.internal.os.ZygoteInit.main(ZygoteInit.java:743)
06-06 00:04:33.112 E/Hyphenator( 1323): Caused by: android.system.ErrnoException: open failed: ENOENT (No such file or directory)
06-06 00:04:33.112 E/Hyphenator( 1323): 	at libcore.io.Posix.open(Native Method)
06-06 00:04:33.112 E/Hyphenator( 1323): 	at libcore.io.BlockGuardOs.open(BlockGuardOs.java:187)
06-06 00:04:33.112 E/Hyphenator( 1323): 	at libcore.io.IoBridge.open(IoBridge.java:441)
06-06 00:04:33.112 E/Hyphenator( 1323): 	... 6 more
06-06 00:04:33.115 E/Hyphenator( 1323): error loading hyphenation /system/usr/hyphen-data/hyph-bn.hyb
06-06 00:04:33.115 E/Hyphenator( 1323): java.io.FileNotFoundException: /system/usr/hyphen-data/hyph-bn.hyb: open failed: ENOENT (No such file or directory)
06-06 00:04:33.115 E/Hyphenator( 1323): 	at libcore.io.IoBridge.open(IoBridge.java:455)
06-06 00:04:33.115 E/Hyphenator( 1323): 	at java.io.RandomAccessFile.<init>(RandomAccessFile.java:247)
06-06 00:04:33.115 E/Hyphenator( 1323): 	at android.text.Hyphenator.loadHyphenator(Hyphenator.java:118)
06-06 00:04:33.115 E/Hyphenator( 1323): 	at android.text.Hyphenator.init(Hyphenator.java:224)
06-06 00:04:33.115 E/Hyphenator( 1323): 	at com.android.internal.os.ZygoteInit.preloadTextResources(ZygoteInit.java:252)
06-06 00:04:33.115 E/Hyphenator( 1323): 	at com.android.internal.os.ZygoteInit.preload(ZygoteInit.java:206)
06-06 00:04:33.115 E/Hyphenator( 1323): 	at com.android.internal.os.ZygoteInit.main(ZygoteInit.java:743)
06-06 00:04:33.115 E/Hyphenator( 1323): Caused by: android.system.ErrnoException: open failed: ENOENT (No such file or directory)
06-06 00:04:33.115 E/Hyphenator( 1323): 	at libcore.io.Posix.open(Native Method)
06-06 00:04:33.115 E/Hyphenator( 1323): 	at libcore.io.BlockGuardOs.open(BlockGuardOs.java:187)
06-06 00:04:33.115 E/Hyphenator( 1323): 	at libcore.io.IoBridge.open(IoBridge.java:441)
06-06 00:04:33.115 E/Hyphenator( 1323): 	... 6 more
06-06 00:04:33.117 E/Hyphenator( 1323): error loading hyphenation /system/usr/hyphen-data/hyph-cy.hyb
06-06 00:04:33.117 E/Hyphenator( 1323): java.io.FileNotFoundException: /system/usr/hyphen-data/hyph-cy.hyb: open failed: ENOENT (No such file or directory)
06-06 00:04:33.117 E/Hyphenator( 1323): 	at libcore.io.IoBridge.open(IoBridge.java:455)
06-06 00:04:33.117 E/Hyphenator( 1323): 	at java.io.RandomAccessFile.<init>(RandomAccessFile.java:247)
06-06 00:04:33.117 E/Hyphenator( 1323): 	at android.text.Hyphenator.loadHyphenator(Hyphenator.java:118)
06-06 00:04:33.117 E/Hyphenator( 1323): 	at android.text.Hyphenator.init(Hyphenator.java:224)
06-06 00:04:33.117 E/Hyphenator( 1323): 	at com.android.internal.os.ZygoteInit.preloadTextResources(ZygoteInit.java:252)
06-06 00:04:33.117 E/Hyphenator( 1323): 	at com.android.internal.os.ZygoteInit.preload(ZygoteInit.java:206)
06-06 00:04:33.117 E/Hyphenator( 1323): 	at com.android.internal.os.ZygoteInit.main(ZygoteInit.java:743)
06-06 00:04:33.117 E/Hyphenator( 1323): Caused by: android.system.ErrnoException: open failed: ENOENT (No such file or directory)
06-06 00:04:33.117 E/Hyphenator( 1323): 	at libcore.io.Posix.open(Native Method)
06-06 00:04:33.117 E/Hyphenator( 1323): 	at libcore.io.BlockGuardOs.open(BlockGuardOs.java:187)
06-06 00:04:33.117 E/Hyphenator( 1323): 	at libcore.io.IoBridge.open(IoBridge.java:441)
06-06 00:04:33.117 E/Hyphenator( 1323): 	... 6 more
06-06 00:04:33.118 E/Hyphenator( 1323): error loading hyphenation /system/usr/hyphen-data/hyph-da.hyb
06-06 00:04:33.118 E/Hyphenator( 1323): java.io.FileNotFoundException: /system/usr/hyphen-data/hyph-da.hyb: open failed: ENOENT (No such file or directory)
06-06 00:04:33.118 E/Hyphenator( 1323): 	at libcore.io.IoBridge.open(IoBridge.java:455)
06-06 00:04:33.118 E/Hyphenator( 1323): 	at java.io.RandomAccessFile.<init>(RandomAccessFile.java:247)
06-06 00:04:33.118 E/Hyphenator( 1323): 	at android.text.Hyphenator.loadHyphenator(Hyphenator.java:118)
06-06 00:04:33.118 E/Hyphenator( 1323): 	at android.text.Hyphenator.init(Hyphenator.java:224)
06-06 00:04:33.118 E/Hyphenator( 1323): 	at com.android.internal.os.ZygoteInit.preloadTextResources(ZygoteInit.java:252)
06-06 00:04:33.118 E/Hyphenator( 1323): 	at com.android.internal.os.ZygoteInit.preload(ZygoteInit.java:206)
06-06 00:04:33.118 E/Hyphenator( 1323): 	at com.android.internal.os.ZygoteInit.main(ZygoteInit.java:743)
06-06 00:04:33.118 E/Hyphenator( 1323): Caused by: android.system.ErrnoException: open failed: ENOENT (No such file or directory)
06-06 00:04:33.118 E/Hyphenator( 1323): 	at libcore.io.Posix.open(Native Method)
06-06 00:04:33.118 E/Hyphenator( 1323): 	at libcore.io.BlockGuardOs.open(BlockGuardOs.java:187)
06-06 00:04:33.118 E/Hyphenator( 1323): 	at libcore.io.IoBridge.open(IoBridge.java:441)
06-06 00:04:33.118 E/Hyphenator( 1323): 	... 6 more
06-06 00:04:33.166 E/Hyphenator( 1323): error loading hyphenation /system/usr/hyphen-data/hyph-de-1901.hyb
06-06 00:04:33.166 E/Hyphenator( 1323): java.io.FileNotFoundException: /system/usr/hyphen-data/hyph-de-1901.hyb: open failed: ENOENT (No such file or directory)
06-06 00:04:33.166 E/Hyphenator( 1323): 	at libcore.io.IoBridge.open(IoBridge.java:455)
06-06 00:04:33.166 E/Hyphenator( 1323): 	at java.io.RandomAccessFile.<init>(RandomAccessFile.java:247)
06-06 00:04:33.166 E/Hyphenator( 1323): 	at android.text.Hyphenator.loadHyphenator(Hyphenator.java:118)
06-06 00:04:33.166 E/Hyphenator( 1323): 	at android.text.Hyphenator.init(Hyphenator.java:224)
06-06 00:04:33.166 E/Hyphenator( 1323): 	at com.android.internal.os.ZygoteInit.preloadTextResources(ZygoteInit.java:252)
06-06 00:04:33.166 E/Hyphenator( 1323): 	at com.android.internal.os.ZygoteInit.preload(ZygoteInit.java:206)
06-06 00:04:33.166 E/Hyphenator( 1323): 	at com.android.internal.os.ZygoteInit.main(ZygoteInit.java:743)
06-06 00:04:33.166 E/Hyphenator( 1323): Caused by: android.system.ErrnoException: open failed: ENOENT (No such file or directory)
06-06 00:04:33.166 E/Hyphenator( 1323): 	at libcore.io.Posix.open(Native Method)
06-06 00:04:33.166 E/Hyphenator( 1323): 	at libcore.io.BlockGuardOs.open(BlockGuardOs.java:187)
06-06 00:04:33.166 E/Hyphenator( 1323): 	at libcore.io.IoBridge.open(IoBridge.java:441)
06-06 00:04:33.166 E/Hyphenator( 1323): 	... 6 more
06-06 00:04:33.168 E/Hyphenator( 1323): error loading hyphenation /system/usr/hyphen-data/hyph-de-1996.hyb
06-06 00:04:33.168 E/Hyphenator( 1323): java.io.FileNotFoundException: /system/usr/hyphen-data/hyph-de-1996.hyb: open failed: ENOENT (No such file or directory)
06-06 00:04:33.168 E/Hyphenator( 1323): 	at libcore.io.IoBridge.open(IoBridge.java:455)
06-06 00:04:33.168 E/Hyphenator( 1323): 	at java.io.RandomAccessFile.<init>(RandomAccessFile.java:247)
06-06 00:04:33.168 E/Hyphenator( 1323): 	at android.text.Hyphenator.loadHyphenator(Hyphenator.java:118)
06-06 00:04:33.168 E/Hyphenator( 1323): 	at android.text.Hyphenator.init(Hyphenator.java:224)
06-06 00:04:33.168 E/Hyphenator( 1323): 	at com.android.internal.os.ZygoteInit.preloadTextResources(ZygoteInit.java:252)
06-06 00:04:33.168 E/Hyphenator( 1323): 	at com.android.internal.os.ZygoteInit.preload(ZygoteInit.java:206)
06-06 00:04:33.168 E/Hyphenator( 1323): 	at com.android.internal.os.ZygoteInit.main(ZygoteInit.java:743)
06-06 00:04:33.168 E/Hyphenator( 1323): Caused by: android.system.ErrnoException: open failed: ENOENT (No such file or directory)
06-06 00:04:33.168 E/Hyphenator( 1323): 	at libcore.io.Posix.open(Native Method)
06-06 00:04:33.168 E/Hyphenator( 1323): 	at libcore.io.BlockGuardOs.open(BlockGuardOs.java:187)
06-06 00:04:33.168 E/Hyphenator( 1323): 	at libcore.io.IoBridge.open(IoBridge.java:441)
06-06 00:04:33.168 E/Hyphenator( 1323): 	... 6 more
06-06 00:04:33.212 E/Hyphenator( 1323): error loading hyphenation /system/usr/hyphen-data/hyph-de-ch-1901.hyb
06-06 00:04:33.212 E/Hyphenator( 1323): java.io.FileNotFoundException: /system/usr/hyphen-data/hyph-de-ch-1901.hyb: open failed: ENOENT (No such file or directory)
06-06 00:04:33.212 E/Hyphenator( 1323): 	at libcore.io.IoBridge.open(IoBridge.java:455)
06-06 00:04:33.212 E/Hyphenator( 1323): 	at java.io.RandomAccessFile.<init>(RandomAccessFile.java:247)
06-06 00:04:33.212 E/Hyphenator( 1323): 	at android.text.Hyphenator.loadHyphenator(Hyphenator.java:118)
06-06 00:04:33.212 E/Hyphenator( 1323): 	at android.text.Hyphenator.init(Hyphenator.java:224)
06-06 00:04:33.212 E/Hyphenator( 1323): 	at com.android.internal.os.ZygoteInit.preloadTextResources(ZygoteInit.java:252)
06-06 00:04:33.212 E/Hyphenator( 1323): 	at com.android.internal.os.ZygoteInit.preload(ZygoteInit.java:206)
06-06 00:04:33.212 E/Hyphenator( 1323): 	at com.android.internal.os.ZygoteInit.main(ZygoteInit.java:743)
06-06 00:04:33.212 E/Hyphenator( 1323): Caused by: android.system.ErrnoException: open failed: ENOENT (No such file or directory)
06-06 00:04:33.212 E/Hyphenator( 1323): 	at libcore.io.Posix.open(Native Method)
06-06 00:04:33.212 E/Hyphenator( 1323): 	at libcore.io.BlockGuardOs.open(BlockGuardOs.java:187)
06-06 00:04:33.212 E/Hyphenator( 1323): 	at libcore.io.IoBridge.open(IoBridge.java:441)
06-06 00:04:33.212 E/Hyphenator( 1323): 	... 6 more
06-06 00:04:33.214 E/Hyphenator( 1323): error loading hyphenation /system/usr/hyphen-data/hyph-en-gb.hyb
06-06 00:04:33.214 E/Hyphenator( 1323): java.io.FileNotFoundException: /system/usr/hyphen-data/hyph-en-gb.hyb: open failed: ENOENT (No such file or directory)
06-06 00:04:33.214 E/Hyphenator( 1323): 	at libcore.io.IoBridge.open(IoBridge.java:455)
06-06 00:04:33.214 E/Hyphenator( 1323): 	at java.io.RandomAccessFile.<init>(RandomAccessFile.java:247)
06-06 00:04:33.214 E/Hyphenator( 1323): 	at android.text.Hyphenator.loadHyphenator(Hyphenator.java:118)
06-06 00:04:33.214 E/Hyphenator( 1323): 	at android.text.Hyphenator.init(Hyphenator.java:224)
06-06 00:04:33.214 E/Hyphenator( 1323): 	at com.android.internal.os.ZygoteInit.preloadTextResources(ZygoteInit.java:252)
06-06 00:04:33.214 E/Hyphenator( 1323): 	at com.android.internal.os.ZygoteInit.preload(ZygoteInit.java:206)
06-06 00:04:33.214 E/Hyphenator( 1323): 	at com.android.internal.os.ZygoteInit.main(ZygoteInit.java:743)
06-06 00:04:33.214 E/Hyphenator( 1323): Caused by: android.system.ErrnoException: open failed: ENOENT (No such file or directory)
06-06 00:04:33.214 E/Hyphenator( 1323): 	at libcore.io.Posix.open(Native Method)
06-06 00:04:33.214 E/Hyphenator( 1323): 	at libcore.io.BlockGuardOs.open(BlockGuardOs.java:187)
06-06 00:04:33.214 E/Hyphenator( 1323): 	at libcore.io.IoBridge.open(IoBridge.java:441)
06-06 00:04:33.214 E/Hyphenator( 1323): 	... 6 more
06-06 00:04:33.216 E/Hyphenator( 1323): error loading hyphenation /system/usr/hyphen-data/hyph-en-us.hyb
06-06 00:04:33.216 E/Hyphenator( 1323): java.io.FileNotFoundException: /system/usr/hyphen-data/hyph-en-us.hyb: open failed: ENOENT (No such file or directory)
06-06 00:04:33.216 E/Hyphenator( 1323): 	at libcore.io.IoBridge.open(IoBridge.java:455)
06-06 00:04:33.216 E/Hyphenator( 1323): 	at java.io.RandomAccessFile.<init>(RandomAccessFile.java:247)
06-06 00:04:33.216 E/Hyphenator( 1323): 	at android.text.Hyphenator.loadHyphenator(Hyphenator.java:118)
06-06 00:04:33.216 E/Hyphenator( 1323): 	at android.text.Hyphenator.init(Hyphenator.java:224)
06-06 00:04:33.216 E/Hyphenator( 1323): 	at com.android.internal.os.ZygoteInit.preloadTextResources(ZygoteInit.java:252)
06-06 00:04:33.216 E/Hyphenator( 1323): 	at com.android.internal.os.ZygoteInit.preload(ZygoteInit.java:206)
06-06 00:04:33.216 E/Hyphenator( 1323): 	at com.android.internal.os.ZygoteInit.main(ZygoteInit.java:743)
06-06 00:04:33.216 E/Hyphenator( 1323): Caused by: android.system.ErrnoException: open failed: ENOENT (No such file or directory)
06-06 00:04:33.216 E/Hyphenator( 1323): 	at libcore.io.Posix.open(Native Method)
06-06 00:04:33.216 E/Hyphenator( 1323): 	at libcore.io.BlockGuardOs.open(BlockGuardOs.java:187)
06-06 00:04:33.216 E/Hyphenator( 1323): 	at libcore.io.IoBridge.open(IoBridge.java:441)
06-06 00:04:33.216 E/Hyphenator( 1323): 	... 6 more
06-06 00:04:33.218 E/Hyphenator( 1323): error loading hyphenation /system/usr/hyphen-data/hyph-es.hyb
06-06 00:04:33.218 E/Hyphenator( 1323): java.io.FileNotFoundException: /system/usr/hyphen-data/hyph-es.hyb: open failed: ENOENT (No such file or directory)
06-06 00:04:33.218 E/Hyphenator( 1323): 	at libcore.io.IoBridge.open(IoBridge.java:455)
06-06 00:04:33.218 E/Hyphenator( 1323): 	at java.io.RandomAccessFile.<init>(RandomAccessFile.java:247)
06-06 00:04:33.218 E/Hyphenator( 1323): 	at android.text.Hyphenator.loadHyphenator(Hyphenator.java:118)
06-06 00:04:33.218 E/Hyphenator( 1323): 	at android.text.Hyphenator.init(Hyphenator.java:224)
06-06 00:04:33.218 E/Hyphenator( 1323): 	at com.android.internal.os.ZygoteInit.preloadTextResources(ZygoteInit.java:252)
06-06 00:04:33.218 E/Hyphenator( 1323): 	at com.android.internal.os.ZygoteInit.preload(ZygoteInit.java:206)
06-06 00:04:33.218 E/Hyphenator( 1323): 	at com.android.internal.os.ZygoteInit.main(ZygoteInit.java:743)
06-06 00:04:33.218 E/Hyphenator( 1323): Caused by: android.system.ErrnoException: open failed: ENOENT (No such file or directory)
06-06 00:04:33.218 E/Hyphenator( 1323): 	at libcore.io.Posix.open(Native Method)
06-06 00:04:33.218 E/Hyphenator( 1323): 	at libcore.io.BlockGuardOs.open(BlockGuardOs.java:187)
06-06 00:04:33.218 E/Hyphenator( 1323): 	at libcore.io.IoBridge.open(IoBridge.java:441)
06-06 00:04:33.218 E/Hyphenator( 1323): 	... 6 more
06-06 00:04:33.219 E/Hyphenator( 1323): error loading hyphenation /system/usr/hyphen-data/hyph-et.hyb
06-06 00:04:33.219 E/Hyphenator( 1323): java.io.FileNotFoundException: /system/usr/hyphen-data/hyph-et.hyb: open failed: ENOENT (No such file or directory)
06-06 00:04:33.219 E/Hyphenator( 1323): 	at libcore.io.IoBridge.open(IoBridge.java:455)
06-06 00:04:33.219 E/Hyphenator( 1323): 	at java.io.RandomAccessFile.<init>(RandomAccessFile.java:247)
06-06 00:04:33.219 E/Hyphenator( 1323): 	at android.text.Hyphenator.loadHyphenator(Hyphenator.java:118)
06-06 00:04:33.219 E/Hyphenator( 1323): 	at android.text.Hyphenator.init(Hyphenator.java:224)
06-06 00:04:33.219 E/Hyphenator( 1323): 	at com.android.internal.os.ZygoteInit.preloadTextResources(ZygoteInit.java:252)
06-06 00:04:33.219 E/Hyphenator( 1323): 	at com.android.internal.os.ZygoteInit.preload(ZygoteInit.java:206)
06-06 00:04:33.219 E/Hyphenator( 1323): 	at com.android.internal.os.ZygoteInit.main(ZygoteInit.java:743)
06-06 00:04:33.219 E/Hyphenator( 1323): Caused by: android.system.ErrnoException: open failed: ENOENT (No such file or directory)
06-06 00:04:33.219 E/Hyphenator( 1323): 	at libcore.io.Posix.open(Native Method)
06-06 00:04:33.219 E/Hyphenator( 1323): 	at libcore.io.BlockGuardOs.open(BlockGuardOs.java:187)
06-06 00:04:33.219 E/Hyphenator( 1323): 	at libcore.io.IoBridge.open(IoBridge.java:441)
06-06 00:04:33.219 E/Hyphenator( 1323): 	... 6 more
06-06 00:04:33.283 E/Hyphenator( 1323): error loading hyphenation /system/usr/hyphen-data/hyph-eu.hyb
06-06 00:04:33.283 E/Hyphenator( 1323): java.io.FileNotFoundException: /system/usr/hyphen-data/hyph-eu.hyb: open failed: ENOENT (No such file or directory)
06-06 00:04:33.283 E/Hyphenator( 1323): 	at libcore.io.IoBridge.open(IoBridge.java:455)
06-06 00:04:33.283 E/Hyphenator( 1323): 	at java.io.RandomAccessFile.<init>(RandomAccessFile.java:247)
06-06 00:04:33.283 E/Hyphenator( 1323): 	at android.text.Hyphenator.loadHyphenator(Hyphenator.java:118)
06-06 00:04:33.283 E/Hyphenator( 1323): 	at android.text.Hyphenator.init(Hyphenator.java:224)
06-06 00:04:33.283 E/Hyphenator( 1323): 	at com.android.internal.os.ZygoteInit.preloadTextResources(ZygoteInit.java:252)
06-06 00:04:33.283 E/Hyphenator( 1323): 	at com.android.internal.os.ZygoteInit.preload(ZygoteInit.java:206)
06-06 00:04:33.283 E/Hyphenator( 1323): 	at com.android.internal.os.ZygoteInit.main(ZygoteInit.java:743)
06-06 00:04:33.283 E/Hyphenator( 1323): Caused by: android.system.ErrnoException: open failed: ENOENT (No such file or directory)
06-06 00:04:33.283 E/Hyphenator( 1323): 	at libcore.io.Posix.open(Native Method)
06-06 00:04:33.283 E/Hyphenator( 1323): 	at libcore.io.BlockGuardOs.open(BlockGuardOs.java:187)
06-06 00:04:33.283 E/Hyphenator( 1323): 	at libcore.io.IoBridge.open(IoBridge.java:441)
06-06 00:04:33.283 E/Hyphenator( 1323): 	... 6 more
06-06 00:04:33.285 E/Hyphenator( 1323): error loading hyphenation /system/usr/hyphen-data/hyph-fr.hyb
06-06 00:04:33.285 E/Hyphenator( 1323): java.io.FileNotFoundException: /system/usr/hyphen-data/hyph-fr.hyb: open failed: ENOENT (No such file or directory)
06-06 00:04:33.285 E/Hyphenator( 1323): 	at libcore.io.IoBridge.open(IoBridge.java:455)
06-06 00:04:33.285 E/Hyphenator( 1323): 	at java.io.RandomAccessFile.<init>(RandomAccessFile.java:247)
06-06 00:04:33.285 E/Hyphenator( 1323): 	at android.text.Hyphenator.loadHyphenator(Hyphenator.java:118)
06-06 00:04:33.285 E/Hyphenator( 1323): 	at android.text.Hyphenator.init(Hyphenator.java:224)
06-06 00:04:33.285 E/Hyphenator( 1323): 	at com.android.internal.os.ZygoteInit.preloadTextResources(ZygoteInit.java:252)
06-06 00:04:33.285 E/Hyphenator( 1323): 	at com.android.internal.os.ZygoteInit.preload(ZygoteInit.java:206)
06-06 00:04:33.285 E/Hyphenator( 1323): 	at com.android.internal.os.ZygoteInit.main(ZygoteInit.java:743)
06-06 00:04:33.285 E/Hyphenator( 1323): Caused by: android.system.ErrnoException: open failed: ENOENT (No such file or directory)
06-06 00:04:33.285 E/Hyphenator( 1323): 	at libcore.io.Posix.open(Native Method)
06-06 00:04:33.285 E/Hyphenator( 1323): 	at libcore.io.BlockGuardOs.open(BlockGuardOs.java:187)
06-06 00:04:33.285 E/Hyphenator( 1323): 	at libcore.io.IoBridge.open(IoBridge.java:441)
06-06 00:04:33.285 E/Hyphenator( 1323): 	... 6 more
06-06 00:04:33.287 E/Hyphenator( 1323): error loading hyphenation /system/usr/hyphen-data/hyph-ga.hyb
06-06 00:04:33.287 E/Hyphenator( 1323): java.io.FileNotFoundException: /system/usr/hyphen-data/hyph-ga.hyb: open failed: ENOENT (No such file or directory)
06-06 00:04:33.287 E/Hyphenator( 1323): 	at libcore.io.IoBridge.open(IoBridge.java:455)
06-06 00:04:33.287 E/Hyphenator( 1323): 	at java.io.RandomAccessFile.<init>(RandomAccessFile.java:247)
06-06 00:04:33.287 E/Hyphenator( 1323): 	at android.text.Hyphenator.loadHyphenator(Hyphenator.java:118)
06-06 00:04:33.287 E/Hyphenator( 1323): 	at android.text.Hyphenator.init(Hyphenator.java:224)
06-06 00:04:33.287 E/Hyphenator( 1323): 	at com.android.internal.os.ZygoteInit.preloadTextResources(ZygoteInit.java:252)
06-06 00:04:33.287 E/Hyphenator( 1323): 	at com.android.internal.os.ZygoteInit.preload(ZygoteInit.java:206)
06-06 00:04:33.287 E/Hyphenator( 1323): 	at com.android.internal.os.ZygoteInit.main(ZygoteInit.java:743)
06-06 00:04:33.287 E/Hyphenator( 1323): Caused by: android.system.ErrnoException: open failed: ENOENT (No such file or directory)
06-06 00:04:33.287 E/Hyphenator( 1323): 	at libcore.io.Posix.open(Native Method)
06-06 00:04:33.287 E/Hyphenator( 1323): 	at libcore.io.BlockGuardOs.open(BlockGuardOs.java:187)
06-06 00:04:33.287 E/Hyphenator( 1323): 	at libcore.io.IoBridge.open(IoBridge.java:441)
06-06 00:04:33.287 E/Hyphenator( 1323): 	... 6 more
06-06 00:04:33.313 E/Hyphenator( 1323): error loading hyphenation /system/usr/hyphen-data/hyph-gu.hyb
06-06 00:04:33.313 E/Hyphenator( 1323): java.io.FileNotFoundException: /system/usr/hyphen-data/hyph-gu.hyb: open failed: ENOENT (No such file or directory)
06-06 00:04:33.313 E/Hyphenator( 1323): 	at libcore.io.IoBridge.open(IoBridge.java:455)
06-06 00:04:33.313 E/Hyphenator( 1323): 	at java.io.RandomAccessFile.<init>(RandomAccessFile.java:247)
