06-06 00:05:22.614 I/SystemServiceManager( 1956): Starting com.android.server.AlarmManagerService
06-06 00:05:22.636 W/AlarmManagerService( 1956): no wall clock RTC found
06-06 00:05:22.638 D/AlarmManagerService( 1956): Kernel timezone updated to 0 minutes west of GMT
06-06 00:05:22.694 I/SystemServer( 1956): InitWatchdog
06-06 00:05:22.696 I/SystemServer( 1956): StartInputManagerService
06-06 00:05:22.702 I/InputManager( 1956): Initializing input manager, mUseDevInputEventForAudioJack=true
06-06 00:05:22.722 I/SystemServer( 1956): StartWindowManagerService
06-06 00:05:23.087 I/WindowManager( 1956): No existing display settings /data/system/display_settings.xml; starting empty
06-06 00:05:24.141 I/SystemServer( 1956): StartVrManagerService
06-06 00:05:24.143 I/SystemServiceManager( 1956): Starting com.android.server.vr.VrManagerService
06-06 00:05:24.226 W/VrManagerService( 1956): init_native: Could not open VR hardware module, error No such file or directory (-2).
06-06 00:05:24.262 I/InputManager( 1956): Starting input manager
06-06 00:05:24.328 I/SystemServer( 1956): No Bluetooth Service (emulator)
06-06 00:05:24.328 I/SystemServer( 1956): ConnectivityMetricsLoggerService
06-06 00:05:24.329 I/SystemServiceManager( 1956): Starting com.android.server.connectivity.MetricsLoggerService
06-06 00:05:24.413 D/EventHub( 1956): No input device configuration file found for device 'Power Button'.
06-06 00:05:24.462 I/SystemServer( 1956): IpConnectivityMetrics
06-06 00:05:24.463 I/SystemServiceManager( 1956): Starting com.android.server.connectivity.IpConnectivityMetrics
06-06 00:05:24.466 I/SystemServer( 1956): PinnerService
06-06 00:05:24.466 I/SystemServiceManager( 1956): Starting com.android.server.PinnerService
06-06 00:05:24.472 I/SystemServiceManager( 1956): Starting com.android.server.InputMethodManagerService$Lifecycle
06-06 00:05:24.520 W/EventHub( 1956): Unable to disable kernel key repeat for /dev/input/event0: Function not implemented
06-06 00:05:24.522 I/EventHub( 1956): New device: id=1, fd=91, path='/dev/input/event0', name='Power Button', classes=0x1, configuration='', keyLayout='/system/usr/keylayout/Generic.kl', keyCharacterMap='/system/usr/keychars/Generic.kcm', builtinKeyboard=false, wakeMechanism=EPOLLWAKEUP, usingClockIoctl=true
06-06 00:05:24.586 W/EventHub( 1956): Unable to disable kernel key repeat for /dev/input/event1: Function not implemented
06-06 00:05:24.587 I/EventHub( 1956): New device: id=2, fd=92, path='/dev/input/event1', name='qwerty2', classes=0x95, configuration='/system/usr/idc/qwerty2.idc', keyLayout='/system/usr/keylayout/qwerty.kl', keyCharacterMap='/system/usr/keychars/qwerty2.kcm', builtinKeyboard=true, wakeMechanism=EPOLLWAKEUP, usingClockIoctl=true
06-06 00:05:24.587 E/EventHub( 1956): could not get driver version for /dev/input/mice, Not a typewriter
06-06 00:05:24.695 I/InputReader( 1956): Device added: id=-1, name='Virtual', sources=0x00000301
06-06 00:05:24.723 I/InputReader( 1956):   Touch device 'qwerty2' could not query the properties of its associated display.  The device will be inoperable until the display size becomes available.
06-06 00:05:24.724 I/InputReader( 1956): Device added: id=0, name='qwerty2', sources=0x80001103
06-06 00:05:24.725 I/InputReader( 1956): Device added: id=1, name='Power Button', sources=0x00000101
06-06 00:05:25.791 I/SystemServer( 1956): StartAccessibilityManagerService
06-06 00:05:25.939 I/ActivityManager( 1956): Config changes=1df8 {1.0 ?mcc?mnc [en_US] ldltr sw360dp w360dp h640dp 480dpi nrml long port ?uimode ?night -touch -keyb/v/h -nav/h s.2}
06-06 00:05:26.056 I/ActivityManager( 1956): Config changes=508 {1.0 ?mcc?mnc [en_US] ldltr sw360dp w360dp h568dp 480dpi nrml port ?uimode ?night finger -keyb/v/h -nav/h s.3}
06-06 00:05:26.287 I/SystemServiceManager( 1956): Starting com.android.server.MountService$Lifecycle
06-06 00:05:26.324 W/art     ( 1956): Long monitor contention with owner main (1956) at void com.android.server.am.ActivityManagerService.updateConfiguration(android.content.res.Configuration)(ActivityManagerService.java:18937) waiters=1 in void com.android.server.am.ActivityManagerService$UiHandler.handleMessage(android.os.Message) for 233ms
06-06 00:05:26.417 I/InputReader( 1956): Reconfiguring input devices.  changes=0x00000004
06-06 00:05:26.418 I/InputReader( 1956): Device reconfigured: id=0, name='qwerty2', size 1080x1920, orientation 0, mode 1, display id 0
06-06 00:05:26.441 I/InputReader( 1956): Reconfiguring input devices.  changes=0x00000004
06-06 00:05:26.605 I/SystemServiceManager( 1956): Starting com.android.server.UiModeManagerService
06-06 00:05:26.641 D/MountService( 1956): Thinking about init, mSystemReady=false, mDaemonConnected=true
06-06 00:05:26.642 D/MountService( 1956): Thinking about reset, mSystemReady=false, mDaemonConnected=true
06-06 00:05:26.670 D/MountService( 1956): Thinking about init, mSystemReady=false, mDaemonConnected=true
06-06 00:05:26.671 D/MountService( 1956): Thinking about reset, mSystemReady=false, mDaemonConnected=true
06-06 00:05:26.674 D/CryptdConnector( 1956): SND -> {1 cryptfs getfield SystemLocale}
06-06 00:05:26.676 I/ActivityManager( 1956): Config changes=200 {1.0 ?mcc?mnc [en_US] ldltr sw360dp w360dp h568dp 480dpi nrml port finger -keyb/v/h -nav/h s.4}
06-06 00:05:26.753 D/CryptdConnector( 1956): RCV <- {200 1 -1}
06-06 00:05:26.815 W/PackageManager( 1956): No disk maintenance in 779202814; running immediately
06-06 00:05:26.816 I/SystemServer( 1956): StartLockSettingsService
06-06 00:05:26.821 I/SystemServiceManager( 1956): Starting com.android.server.LockSettingsService$Lifecycle
06-06 00:05:26.840 W/MountService( 1956): No primary storage mounted!
06-06 00:05:26.840 D/VoldConnector( 1956): SND -> {1 asec list}
06-06 00:05:26.912 D/VoldConnector( 1956): RCV <- {200 1 asec operation succeeded}
06-06 00:05:26.914 I/PackageManager( 1956): No secure containers found
06-06 00:05:26.918 W/PackageManager( 1956): Unknown permission com.google.android.googleapps.permission.GOOGLE_AUTH in package com.android.providers.calendar
06-06 00:05:26.918 W/PackageManager( 1956): Unknown permission com.google.android.googleapps.permission.GOOGLE_AUTH.cl in package com.android.providers.calendar
06-06 00:05:26.919 W/PackageManager( 1956): Not granting permission android.permission.GLOBAL_SEARCH to package com.android.quicksearchbox (protectionLevel=18 flags=0x3808be45)
06-06 00:05:26.983 W/PackageManager( 1956): Not granting permission android.permission.WRITE_EXTERNAL_STORAGE to package gov.nasa.arc.astrobee.android.gs.manager because it was previously installed without
06-06 00:05:26.983 W/PackageManager( 1956): Not granting permission android.permission.READ_EXTERNAL_STORAGE to package gov.nasa.arc.astrobee.android.gs.manager because it was previously installed without
06-06 00:05:26.984 W/PackageManager( 1956): Unknown permission com.android.launcher.permission.READ_SETTINGS in package com.android.launcher3
06-06 00:05:26.984 W/PackageManager( 1956): Unknown permission com.android.launcher.permission.WRITE_SETTINGS in package com.android.launcher3
06-06 00:05:26.996 I/SystemServiceManager( 1956): Starting com.android.server.DeviceIdleController
06-06 00:05:27.000 W/PackageManager( 1956): Not granting permission android.permission.BIND_APPWIDGET to package com.android.launcher3 (protectionLevel=18 flags=0x3c4bbe45)
06-06 00:05:27.001 W/PackageManager( 1956): Unknown permission com.google.android.googleapps.permission.GOOGLE_AUTH.mail in package com.android.calendar
06-06 00:05:27.001 W/PackageManager( 1956): Unknown permission com.google.android.providers.settings.permission.WRITE_GSETTINGS in package com.android.sdksetup
06-06 00:05:27.013 W/PackageManager( 1956): Unknown permission com.google.android.permission.INSTALL_WEARABLE_PACKAGES in package com.android.packageinstaller
06-06 00:05:27.013 W/PackageManager( 1956): Not granting permission android.permission.DELETE_PACKAGES to package com.svox.pico (protectionLevel=18 flags=0x3808be45)
06-06 00:05:27.013 W/PackageManager( 1956): Not granting permission android.permission.READ_CONTACTS to package com.example.android.apis because it was previously installed without
06-06 00:05:27.014 W/PackageManager( 1956): Not granting permission android.permission.WRITE_CONTACTS to package com.example.android.apis because it was previously installed without
06-06 00:05:27.014 W/PackageManager( 1956): Not granting permission android.permission.ACCESS_COARSE_LOCATION to package com.example.android.apis because it was previously installed without
06-06 00:05:27.014 W/PackageManager( 1956): Not granting permission android.permission.WRITE_EXTERNAL_STORAGE to package com.example.android.apis because it was previously installed without
06-06 00:05:27.014 W/PackageManager( 1956): Not granting permission android.permission.SEND_SMS to package com.example.android.apis because it was previously installed without
06-06 00:05:27.014 W/PackageManager( 1956): Not granting permission android.permission.RECEIVE_SMS to package com.example.android.apis because it was previously installed without
06-06 00:05:27.014 W/PackageManager( 1956): Not granting permission android.permission.RECEIVE_MMS to package com.example.android.apis because it was previously installed without
06-06 00:05:27.014 W/PackageManager( 1956): Not granting permission android.permission.READ_SMS to package com.example.android.apis because it was previously installed without
06-06 00:05:27.014 W/PackageManager( 1956): Not granting permission android.permission.READ_PHONE_STATE to package com.example.android.apis because it was previously installed without
06-06 00:05:27.014 W/PackageManager( 1956): Not granting permission android.permission.RECORD_AUDIO to package com.example.android.apis because it was previously installed without
06-06 00:05:27.015 W/PackageManager( 1956): Not granting permission android.permission.CAMERA to package com.example.android.apis because it was previously installed without
06-06 00:05:27.015 W/PackageManager( 1956): Not granting permission android.permission.READ_EXTERNAL_STORAGE to package com.example.android.apis because it was previously installed without
06-06 00:05:27.015 W/PackageManager( 1956): Unknown permission android.permission.RUN_INSTRUMENTATION in package org.chromium.webview_shell
06-06 00:05:27.016 W/PackageManager( 1956): Unknown permission com.google.android.googleapps.permission.GOOGLE_AUTH in package com.android.settings
06-06 00:05:27.016 W/PackageManager( 1956): Unknown permission com.android.launcher.permission.READ_SETTINGS in package com.android.settings
06-06 00:05:27.016 W/PackageManager( 1956): Unknown permission com.android.launcher.permission.WRITE_SETTINGS in package com.android.settings
06-06 00:05:27.017 W/PackageManager( 1956): Unknown permission com.android.smspush.WAPPUSH_MANAGER_BIND in package com.android.phone
06-06 00:05:27.019 W/PackageManager( 1956): Unknown permission com.google.android.googleapps.permission.ACCESS_GOOGLE_PASSWORD in package com.android.development
06-06 00:05:27.019 W/PackageManager( 1956): Unknown permission com.google.android.googleapps.permission.GOOGLE_AUTH in package com.android.development
06-06 00:05:27.019 W/PackageManager( 1956): Unknown permission com.google.android.googleapps.permission.GOOGLE_AUTH.ALL_SERVICES in package com.android.development
06-06 00:05:27.019 W/PackageManager( 1956): Unknown permission com.google.android.googleapps.permission.GOOGLE_AUTH.YouTubeUser in package com.android.development
06-06 00:05:27.019 W/PackageManager( 1956): Not granting permission android.permission.BIND_APPWIDGET to package com.android.widgetpreview (protectionLevel=18 flags=0x3808be44)
06-06 00:05:27.593 W/art     ( 1956): Long monitor contention with owner MountService (2131) at void com.android.server.pm.PackageManagerService.loadMediaPackages(android.util.ArrayMap, int[], boolean)(PackageManagerService.java:19317) waiters=0 in android.content.pm.ApplicationInfo com.android.server.pm.PackageManagerService.getApplicationInfo(java.lang.String, int, int) for 592ms
06-06 00:05:27.617 W/MountService( 1956): No primary storage defined yet; hacking together a stub
06-06 00:05:27.703 W/MountService( 1956): No primary storage defined yet; hacking together a stub
06-06 00:05:27.711 I/SystemServiceManager( 1956): Starting com.android.server.devicepolicy.DevicePolicyManagerService$Lifecycle
06-06 00:05:27.709 W/MountService( 1956): No primary storage mounted!
06-06 00:05:27.711 D/VoldConnector( 1956): SND -> {2 asec list}
06-06 00:05:27.753 D/VoldConnector( 1956): RCV <- {200 2 asec operation succeeded}
06-06 00:05:27.755 I/MountService( 1956): Running fstrim idle maintenance
06-06 00:05:27.758 D/VoldConnector( 1956): SND -> {3 fstrim dotrim}
06-06 00:05:27.783 D/VoldConnector( 1956): RCV <- {200 3 Command succeeded}
06-06 00:05:27.790 D/vold    ( 1273): Starting trim of /cache
06-06 00:05:27.830 I/SystemServer( 1956): StartStatusBarManagerService
06-06 00:05:27.862 I/SystemServer( 1956): StartClipboardService
06-06 00:05:27.866 W/vold    ( 1273): Trim failed on /cache: Operation not supported on transport endpoint
06-06 00:05:27.867 D/vold    ( 1273): Starting trim of /data
06-06 00:05:27.867 W/vold    ( 1273): Trim failed on /data: Operation not supported on transport endpoint
06-06 00:05:27.871 D/VoldConnector( 1956): RCV <- {662 /cache -1 -1}
06-06 00:05:27.886 E/VoldConnector( 1956): Error handling '662 /cache -1 -1': java.lang.NullPointerException: Attempt to invoke virtual method 'void android.os.DropBoxManager.addText(java.lang.String, java.lang.String)' on a null object reference
06-06 00:05:27.888 D/VoldConnector( 1956): RCV <- {662 /data -1 -1}
06-06 00:05:27.909 I/SystemServer( 1956): StartNetworkManagementService
06-06 00:05:27.983 E/VoldConnector( 1956): Error handling '662 /data -1 -1': java.lang.NullPointerException: Attempt to invoke virtual method 'void android.os.DropBoxManager.addText(java.lang.String, java.lang.String)' on a null object reference
06-06 00:05:28.010 I/NetworkManagement( 1956): onDaemonConnected()
06-06 00:05:28.048 I/SystemServiceManager( 1956): Starting com.android.server.TextServicesManagerService$Lifecycle
06-06 00:05:28.107 I/SystemServer( 1956): StartNetworkScoreService
06-06 00:05:28.139 I/SystemServer( 1956): StartNetworkStatsService
06-06 00:05:28.184 I/SystemServer( 1956): StartNetworkPolicyManagerService
06-06 00:05:28.235 I/SystemServer( 1956): No Wi-Fi NAN Service (NAN support Not Present)
06-06 00:05:28.683 W/art     ( 1956): Verification of void com.android.server.wifi.p2p.WifiP2pService.<init>(android.content.Context) took 207.607ms
06-06 00:05:28.686 I/SystemServiceManager( 1956): Starting com.android.server.wifi.p2p.WifiP2pService
06-06 00:05:28.947 I/WifiP2pService( 1956): Registering wifip2p
06-06 00:05:28.964 I/SystemServiceManager( 1956): Starting com.android.server.wifi.WifiService
06-06 00:05:29.141 I/UsageStatsService( 1956): User[0] Rollover scheduled @ 2020-06-07 00:05:25(1591488325960)
06-06 00:05:29.250 E/AppIdleHistory( 1956): Unable to read app idle file for user 0
06-06 00:05:29.400 W/art     ( 1956): Verification of void com.android.server.wifi.WifiStateMachine.<init>(android.content.Context, com.android.server.wifi.FrameworkFacade, android.os.Looper, android.os.UserManager, com.android.server.wifi.WifiInjector, com.android.server.wifi.BackupManagerProxy, com.android.server.wifi.WifiCountryCode) took 116.603ms
06-06 00:05:30.050 W/art     ( 1956): Suspending all threads took: 17.999ms
06-06 00:05:30.097 D/HS20    ( 1956): Passpoint is disabled
06-06 00:05:30.169 I/art     ( 1956): Background sticky concurrent mark sweep GC freed 33690(2MB) AllocSpace objects, 13(260KB) LOS objects, 25% free, 8MB/10MB, paused 21.313ms total 447.197ms
06-06 00:05:30.216 W/art     ( 1956): Verification of void com.android.server.wifi.WifiNetworkHistory.readNetworkHistory(java.util.Map, java.util.concurrent.ConcurrentHashMap, java.util.Set) took 106.757ms
06-06 00:05:30.472 D/CommandListener( 1337): Clearing all IP addresses on wlan0
06-06 00:05:30.693 D/WifiApConfigStore( 1956): 2G band allowed channels are:1,6,11
06-06 00:05:30.702 E/WifiLogger( 1956): no ring buffers found
06-06 00:05:30.702 E/WifiLogger( 1956): Failed to start packet fate monitoring
06-06 00:05:30.769 D/WifiController( 1956): isAirplaneModeOn = true, isWifiEnabled = false, isScanningAvailable = false
06-06 00:05:30.797 I/WifiService( 1956): Registering wifi
06-06 00:05:30.843 I/SystemServiceManager( 1956): Starting com.android.server.wifi.scanner.WifiScanningService
06-06 00:05:30.843 I/WifiScanningService( 1956): Creating wifiscanner
06-06 00:05:30.879 I/WifiScanningService( 1956): Publishing wifiscanner
06-06 00:05:30.912 I/SystemServiceManager( 1956): Starting com.android.server.wifi.RttService
06-06 00:05:30.917 I/RttService( 1956): Creating rttmanager
06-06 00:05:30.923 I/RttService( 1956): Starting rttmanager
06-06 00:05:30.926 I/SystemServer( 1956): StartConnectivityService
06-06 00:05:31.036 D/ConnectivityService( 1956): ConnectivityService starting up
06-06 00:05:31.081 D/ConnectivityService( 1956): wifiOnly=false
06-06 00:05:31.200 I/SystemServer( 1956): StartNsdService
06-06 00:05:31.255 I/SystemServer( 1956): StartUpdateLockService
06-06 00:05:31.281 I/SystemServiceManager( 1956): Starting com.android.server.RecoverySystemService
06-06 00:05:31.361 I/SystemServiceManager( 1956): Starting com.android.server.notification.NotificationManagerService
06-06 00:05:31.552 D/ConditionProviders.SCP( 1956): new ScheduleConditionProvider()
06-06 00:05:31.649 D/ZenLog  ( 1956): config: readXml,ZenModeConfig[user=0,allowCalls=true,allowRepeatCallers=false,allowMessages=false,allowCallsFrom=contacts,allowMessagesFrom=contacts,allowReminders=true,allowEvents=true,allowWhenScreenOff=true,allowWhenScreenOn=true,automaticRules={370bd6672ef541ba946db9ac4aef0faf=ZenRule[enabled=false,snoozing=false,name=Weeknight,zenMode=ZEN_MODE_ALARMS,conditionId=condition://android/schedule?days=1.2.3.4.5&start=22.0&end=7.0&exitAtAlarm=false,condition=Condition[id=condition://android/schedule?days=1.2.3.4.5&start=22.0&end=7.0&exitAtAlarm=false,summary=...,line1=...,line2=...,icon=0,state=STATE_TRUE,flags=2],component=ComponentInfo{android/com.android.server.notification.ScheduleConditionProvider},id=370bd6672ef541ba946db9ac4aef0faf,creationTime=1590622727817,enabler=null], a53ffdf89c814123a52adbdd46bc948d=ZenRule[enabled=false,snoozing=false,name=Weekend,zenMode=ZEN_MODE_ALARMS,conditionId=condition://android/schedule?days=6.7&start=23.30&end=10.0&exitAtAlarm=false,condition=Condition[id=condition://android/schedule?days=6.7&start=23.30&end=10.0&exitAtAlarm=false,summary=...,line1=...,line2=...,icon=0,state=STATE_FALSE,flags=2],component=ComponentInfo{android/com.android.server.notification.ScheduleConditionProvider},id=a53ffdf89c814123a52adbdd46bc948d,creationTime=1590622727818,enabler=null], fc8bb1aacabb4877a1d1d167106f6e77=ZenRule[enabled=false,snoozing=false,name=Event,zenMode=ZEN_MODE_ALARMS,conditionId=condition://android/event?userId=-10000&calendar=&reply=1,condition=Condition[id=condition://android/event?userId=-10000&calendar=&reply=1,summary=...,line1=...,line2=...,icon=0,state=STATE_FALSE,flags=2],component=ComponentInfo{android/com.android.server.notification.EventConditionProvider},id=fc8bb1aacabb4877a1d1d167106f6e77,creationTime=1590622727822,enabler=null]},manualRule=null],Diff[automaticRule[370bd6672ef541ba946db9ac4aef0faf]:insert,automaticRule[f52a0779678b4642b8cd4622abec5058]:delete,automaticRule[a53ffdf89c814123a52adbdd46bc948d]:insert,automaticRule[c1eba6c3e474400fb4bfca99bb9d535d]:delete,automaticRule[6b7c157a361a43539fe6e04a464061ff]:delete,automaticRule[fc8bb1aacabb4877a1d1d167106f6e77]:insert]
06-06 00:05:31.762 D/ZenLog  ( 1956): set_zen_mode: off,init
06-06 00:05:31.799 I/SystemServiceManager( 1956): Starting com.android.server.storage.DeviceStorageMonitorService
06-06 00:05:31.838 I/SystemServer( 1956): StartLocationManagerService
06-06 00:05:31.915 I/SystemServer( 1956): StartCountryDetectorService
06-06 00:05:31.924 I/SystemServer( 1956): StartSearchManagerService
06-06 00:05:31.925 I/SystemServiceManager( 1956): Starting com.android.server.search.SearchManagerService$Lifecycle
06-06 00:05:31.994 I/SystemServiceManager( 1956): Starting com.android.server.DropBoxManagerService
06-06 00:05:32.012 I/SystemServer( 1956): StartWallpaperManagerService
06-06 00:05:32.013 I/SystemServiceManager( 1956): Starting com.android.server.wallpaper.WallpaperManagerService$Lifecycle
06-06 00:05:32.056 E/BitmapFactory( 1956): Unable to decode stream: java.io.FileNotFoundException: /data/system/users/0/wallpaper_orig (No such file or directory)
06-06 00:05:32.056 E/WallpaperManagerService( 1956): Invalid wallpaper data
06-06 00:05:32.056 E/WallpaperManagerService( 1956): Unable to apply new wallpaper
06-06 00:05:32.065 I/SystemServer( 1956): StartAudioService
06-06 00:05:32.066 I/SystemServiceManager( 1956): Starting com.android.server.audio.AudioService$Lifecycle
06-06 00:05:32.305 D/PermissionCache( 1325): checking android.permission.MODIFY_AUDIO_SETTINGS for uid=1000 => granted (29444 us)
06-06 00:05:32.331 W/TelecomManager( 1956): Telecom Service not found.
06-06 00:05:32.732 W/AudioFlinger( 1325): no wake lock to update, system not ready yet
06-06 00:05:33.105 I/SystemServiceManager( 1956): Starting com.android.server.DockObserver
06-06 00:05:33.108 W/DockObserver( 1956): This kernel does not have dock station support
06-06 00:05:33.126 I/SystemServer( 1956): StartWiredAccessoryManager
06-06 00:05:33.142 W/WiredAccessoryManager( 1956): This kernel does not have usb audio support
06-06 00:05:33.143 W/WiredAccessoryManager( 1956): This kernel does not have HDMI audio support
06-06 00:05:33.144 I/SystemServiceManager( 1956): Starting com.android.server.midi.MidiService$Lifecycle
06-06 00:05:33.155 I/SystemServiceManager( 1956): Starting com.android.server.usb.UsbService$Lifecycle
06-06 00:05:33.221 I/SystemServer( 1956): StartSerialService
06-06 00:05:33.225 E/HardwarePropertiesManagerService-JNI( 1956): Couldn't load thermal module (No such file or directory)
06-06 00:05:33.228 I/SystemServiceManager( 1956): Starting com.android.server.twilight.TwilightService
06-06 00:05:33.241 I/SystemServiceManager( 1956): Starting com.android.server.job.JobSchedulerService
06-06 00:05:33.301 I/SystemServiceManager( 1956): Starting com.android.server.soundtrigger.SoundTriggerService
06-06 00:05:33.324 I/SystemServiceManager( 1956): Starting com.android.server.backup.BackupManagerService$Lifecycle
06-06 00:05:33.335 I/SystemServiceManager( 1956): Starting com.android.server.appwidget.AppWidgetService
06-06 00:05:33.424 I/SystemServiceManager( 1956): Starting com.android.server.voiceinteraction.VoiceInteractionManagerService
06-06 00:05:33.443 I/SystemServer( 1956): Gesture Launcher Service
06-06 00:05:33.444 I/SystemServiceManager( 1956): Starting com.android.server.GestureLauncherService
06-06 00:05:33.445 I/SystemServiceManager( 1956): Starting com.android.server.SensorNotificationService
06-06 00:05:33.446 I/SystemServiceManager( 1956): Starting com.android.server.ContextHubSystemService
06-06 00:05:33.452 E/ContextHubService( 1956): ** Could not load context_hub module : err No such file or directory
06-06 00:05:33.452 W/ContextHubService( 1956): No Context Hub Module present
06-06 00:05:33.461 I/SystemServer( 1956): StartDiskStatsService
06-06 00:05:33.465 I/SystemServer( 1956): StartSamplingProfilerService
06-06 00:05:33.525 I/SystemServer( 1956): StartNetworkTimeUpdateService
06-06 00:05:33.542 I/SystemServer( 1956): StartCommonTimeManagementService
06-06 00:05:33.548 I/SystemServer( 1956): CertBlacklister
06-06 00:05:33.564 I/SystemServiceManager( 1956): Starting com.android.server.emergency.EmergencyAffordanceService
06-06 00:05:33.583 I/SystemServiceManager( 1956): Starting com.android.server.dreams.DreamManagerService
06-06 00:05:33.595 I/SystemServer( 1956): StartAssetAtlasService
06-06 00:05:33.701 I/SystemServiceManager( 1956): Starting com.android.server.print.PrintManagerService
06-06 00:05:33.735 I/SystemServiceManager( 1956): Starting com.android.server.restrictions.RestrictionsManagerService
06-06 00:05:33.754 D/AssetAtlas( 1956): Loaded configuration: SliceMinArea (1280x896) flags=0x2 count=91
06-06 00:05:33.757 I/SystemServiceManager( 1956): Starting com.android.server.media.MediaSessionService
06-06 00:05:33.811 I/SystemServer( 1956): StartMediaRouterService
06-06 00:05:33.851 I/SystemServiceManager( 1956): Starting com.android.server.trust.TrustManagerService
06-06 00:05:33.883 I/SystemServiceManager( 1956): Starting com.android.server.fingerprint.FingerprintService
06-06 00:05:33.926 D/gralloc_ranchu( 1956): Emulator without host-side GPU emulation detected. Loading gralloc.default.so from /vendor/lib64/hw/gralloc.goldfish.default.so...
06-06 00:05:33.980 D/gralloc_ranchu( 1956): gralloc.default.so not found in /vendor. Trying /system/lib64/hw/gralloc.goldfish.default.so...
06-06 00:05:33.991 D/PermissionCache( 1348): checking android.permission.MANAGE_FINGERPRINT for uid=1000 => granted (17962 us)
06-06 00:05:34.021 V/fingerprintd( 1348): nativeOpenHal()
06-06 00:05:34.154 D/FingerprintHal( 1348): ----------------> fingerprint_open ----------------->
06-06 00:05:34.156 E/fingerprintd( 1348): Wrong fp version. Expected 512, got 513
06-06 00:05:34.157 D/FingerprintHal( 1348): ----------------> set_notify_callback ----------------->
06-06 00:05:34.157 D/FingerprintHal( 1348): fingerprint callback notification set
06-06 00:05:34.157 V/fingerprintd( 1348): fingerprint HAL successfully initialized
06-06 00:05:34.163 V/fingerprintd( 1348): setActiveGroup(0, /data/system/users/0/fpdata, 27)
06-06 00:05:34.163 D/FingerprintHal( 1348): ----------------> fingerprint_set_active_group -----------------> path /data/system/users/0/fpdata
06-06 00:05:34.164 D/FingerprintHal( 1348): ----------------> loadFingerprints ----------------->
06-06 00:05:34.164 E/FingerprintHal( 1348): Could not load fingerprints from storage at /data/system/users/0/fpdata/emufp.bin; it has not yet been created.
06-06 00:05:34.164 D/FingerprintHal( 1348): ----------------> loadAuthenticatorId ----------------->
06-06 00:05:34.170 D/FingerprintHal( 1348): Read authenticator id (0x6b8b4567327b23c6)
06-06 00:05:34.172 D/FingerprintHal( 1348): ----------------> fingerprint_get_auth_id ----------------->
06-06 00:05:34.172 D/FingerprintHal( 1348): ----------------> fingerprint_get_auth_id auth id 6b8b4567327b23c6----------------->
06-06 00:05:34.173 V/FingerprintService( 1956): Fingerprint HAL id: 124073627926528
06-06 00:05:34.175 I/SystemServer( 1956): StartBackgroundDexOptService
06-06 00:05:34.195 D/FingerprintHal( 1348): ----------------> listenerFunction ----------------->
06-06 00:05:34.224 I/SystemServiceManager( 1956): Starting com.android.server.pm.ShortcutService$Lifecycle
06-06 00:05:34.321 I/SystemServiceManager( 1956): Starting com.android.server.pm.LauncherAppsService
06-06 00:05:34.341 I/SystemServiceManager( 1956): Starting com.android.server.media.projection.MediaProjectionManagerService
06-06 00:05:34.376 V/MediaRouter( 1956): Adding route: RouteInfo{ name=Phone, description=null, status=null, category=RouteCategory{ name=null types=ROUTE_TYPE_LIVE_AUDIO ROUTE_TYPE_LIVE_VIDEO  groupable=false }, supportedTypes=ROUTE_TYPE_LIVE_AUDIO ROUTE_TYPE_LIVE_VIDEO , presentationDisplay=null }
06-06 00:05:34.463 V/MediaRouter( 1956): Updating audio routes: AudioRoutesInfo{ type=SPEAKER }
06-06 00:05:34.470 V/MediaRouter( 1956): Selecting route: RouteInfo{ name=Phone, description=null, status=null, category=RouteCategory{ name=null types=ROUTE_TYPE_LIVE_AUDIO ROUTE_TYPE_LIVE_VIDEO  groupable=false }, supportedTypes=ROUTE_TYPE_LIVE_AUDIO ROUTE_TYPE_LIVE_VIDEO , presentationDisplay=null }
06-06 00:05:34.529 I/WindowManager( 1956): SAFE MODE not enabled
06-06 00:05:34.566 I/SystemServiceManager( 1956): Starting com.android.server.MmsServiceBroker
06-06 00:05:34.628 W/VibratorService( 1956): Tried to stop vibrating but there is no vibrator device.
06-06 00:05:34.834 W/AssetAtlasService( 1956): Could not find EGL configuration
06-06 00:05:34.838 D/AssetAtlas( 1956): Rendered atlas in 730.28ms (683.26+47.02ms)
06-06 00:05:34.893 W/art     ( 1956): Suspending all threads took: 53.086ms
06-06 00:05:35.095 I/art     ( 1956): Background partial concurrent mark sweep GC freed 17190(1306KB) AllocSpace objects, 5(100KB) LOS objects, 24% free, 12MB/16MB, paused 73.875ms total 935.190ms
06-06 00:05:35.463 E/LockSettingsStorage( 1956): Cannot read file java.io.FileNotFoundException: /data/system/gatekeeper.password.key: open failed: ENOENT (No such file or directory)
06-06 00:05:35.465 E/LockSettingsStorage( 1956): Cannot read file java.io.FileNotFoundException: /data/system/password.key: open failed: ENOENT (No such file or directory)
06-06 00:05:35.467 E/LockSettingsStorage( 1956): Cannot read file java.io.FileNotFoundException: /data/system/gatekeeper.pattern.key: open failed: ENOENT (No such file or directory)
06-06 00:05:35.469 E/LockSettingsStorage( 1956): Cannot read file java.io.FileNotFoundException: /data/system/gatekeeper.gesture.key: open failed: ENOENT (No such file or directory)
06-06 00:05:35.482 E/LockSettingsStorage( 1956): Cannot read file java.io.FileNotFoundException: /data/system/gesture.key: open failed: ENOENT (No such file or directory)
06-06 00:05:35.482 I/SystemServiceManager( 1956): Starting phase 480
06-06 00:05:35.523 I/DevicePolicyManagerService( 1956): Set ro.device_owner property to false
06-06 00:05:35.543 I/SystemServiceManager( 1956): Starting phase 500
06-06 00:05:35.584 D/ConnectivityMetricsLoggerService( 1956): onBootPhase: PHASE_SYSTEM_SERVICES_READY
06-06 00:05:35.726 I/WifiService( 1956): WifiService starting up with Wi-Fi disabled
06-06 00:05:35.749 I/WifiScanningService( 1956): Starting wifiscanner
06-06 00:05:35.801 I/RttService( 1956): Registering rttmanager
06-06 00:05:35.847 D/ZenLog  ( 1956): config: cleanUpZenRules,ZenModeConfig[user=0,allowCalls=true,allowRepeatCallers=false,allowMessages=false,allowCallsFrom=contacts,allowMessagesFrom=contacts,allowReminders=true,allowEvents=true,allowWhenScreenOff=true,allowWhenScreenOn=true,automaticRules={370bd6672ef541ba946db9ac4aef0faf=ZenRule[enabled=false,snoozing=false,name=Weeknight,zenMode=ZEN_MODE_ALARMS,conditionId=condition://android/schedule?days=1.2.3.4.5&start=22.0&end=7.0&exitAtAlarm=false,condition=Condition[id=condition://android/schedule?days=1.2.3.4.5&start=22.0&end=7.0&exitAtAlarm=false,summary=...,line1=...,line2=...,icon=0,state=STATE_TRUE,flags=2],component=ComponentInfo{android/com.android.server.notification.ScheduleConditionProvider},id=370bd6672ef541ba946db9ac4aef0faf,creationTime=1590622727817,enabler=null], a53ffdf89c814123a52adbdd46bc948d=ZenRule[enabled=false,snoozing=false,name=Weekend,zenMode=ZEN_MODE_ALARMS,conditionId=condition://android/schedule?days=6.7&start=23.30&end=10.0&exitAtAlarm=false,condition=Condition[id=condition://android/schedule?days=6.7&start=23.30&end=10.0&exitAtAlarm=false,summary=...,line1=...,line2=...,icon=0,state=STATE_FALSE,flags=2],component=ComponentInfo{android/com.android.server.notification.ScheduleConditionProvider},id=a53ffdf89c814123a52adbdd46bc948d,creationTime=1590622727818,enabler=null], fc8bb1aacabb4877a1d1d167106f6e77=ZenRule[enabled=false,snoozing=false,name=Event,zenMode=ZEN_MODE_ALARMS,conditionId=condition://android/event?userId=-10000&calendar=&reply=1,condition=Condition[id=condition://android/event?userId=-10000&calendar=&reply=1,summary=...,line1=...,line2=...,icon=0,state=STATE_FALSE,flags=2],component=ComponentInfo{android/com.android.server.notification.EventConditionProvider},id=fc8bb1aacabb4877a1d1d167106f6e77,creationTime=1590622727822,enabler=null]},manualRule=null],Diff[]
06-06 00:05:35.847 D/ZenLog  ( 1956): set_zen_mode: off,onSystemReady
06-06 00:05:35.969 D/PermissionCache( 1325): checking android.permission.CAPTURE_AUDIO_HOTWORD for uid=1000 => granted (9545 us)
06-06 00:05:35.982 W/SoundTriggerHelper( 1956): listModules status=0, # of modules=0
06-06 00:05:35.982 D/ContextHubSystemService( 1956): onBootPhase: PHASE_SYSTEM_SERVICES_READY
06-06 00:05:36.474 W/KeyguardServiceDelegate( 1956): onScreenTurningOn(): no keyguard service!
06-06 00:05:36.548 V/UserManagerService( 1956): Found /data/user_de/0 with serial number 0
06-06 00:05:36.549 V/UserManagerService( 1956): Found /data/user/0 with serial number 0
06-06 00:05:36.549 V/UserManagerService( 1956): Found /data/system_de/0 with serial number 0
06-06 00:05:36.562 V/UserManagerService( 1956): Found /data/system_ce/0 with serial number 0
06-06 00:05:36.662 W/art     ( 1956): Long monitor contention with owner android.ui (1994) at int com.android.server.wm.WindowManagerService.relayoutWindow(com.android.server.wm.Session, android.view.IWindow, int, android.view.WindowManager$LayoutParams, int, int, int, int, android.graphics.Rect, android.graphics.Rect, android.graphics.Rect, android.graphics.Rect, android.graphics.Rect, android.graphics.Rect, android.graphics.Rect, android.content.res.Configuration, android.view.Surface)(WindowManagerService.java:2857) waiters=0 in void com.android.server.wm.WindowManagerService$H.handleMessage(android.os.Message) for 181ms
06-06 00:05:37.393 I/ActivityManager( 1956): System now ready
06-06 00:05:37.467 I/SystemServer( 1956): Making services ready
06-06 00:05:37.467 I/SystemServiceManager( 1956): Starting phase 550
06-06 00:05:37.481 W/WindowManager( 1956): Keyguard drawn timeout. Setting mKeyguardDrawComplete
06-06 00:05:38.028 E/InputMethodManagerService( 1956): Ignoring updateSystemUiLocked due to an invalid token. uid:1000 token:null
06-06 00:05:38.833 I/Zygote  ( 1956): Process: zygote socket opened, supported ABIS: x86_64
06-06 00:05:39.107 W/ActivityManager( 1956): Slow operation: 312ms so far, now at startProcess: returned from zygote!
06-06 00:05:39.108 W/ActivityManager( 1956): Slow operation: 313ms so far, now at startProcess: done updating battery stats
06-06 00:05:39.109 W/ActivityManager( 1956): Slow operation: 314ms so far, now at startProcess: building log message
06-06 00:05:39.109 I/ActivityManager( 1956): Start proc 2186:com.android.inputmethod.latin/u0a41 for service com.android.inputmethod.latin/.LatinIME
06-06 00:05:39.161 W/ActivityManager( 1956): Slow operation: 315ms so far, now at startProcess: starting to update pids map
06-06 00:05:39.161 W/ActivityManager( 1956): Slow operation: 366ms so far, now at startProcess: done updating pids map
06-06 00:05:39.161 W/ActivityManager( 1956): Slow operation: 367ms so far, now at startProcess: done starting proc!
06-06 00:05:39.163 V/InputMethodManagerService( 1956): Adding window token: android.os.Binder@66849b9
06-06 00:05:39.164 D/MountService( 1956): Thinking about init, mSystemReady=true, mDaemonConnected=true
06-06 00:05:39.164 D/MountService( 1956): Setting up emulation state, initlocked=false
06-06 00:05:39.165 D/CryptdConnector( 1956): SND -> {2 cryptfs unlock_user_key 0 0 ! !}
06-06 00:05:39.169 D/vold    ( 1273): e4crypt_unlock_user_key 0 serial=0 token_present=0
06-06 00:05:39.249 E/BitmapFactory( 1956): Unable to decode stream: java.io.FileNotFoundException: /data/system/users/0/wallpaper_orig (No such file or directory)
06-06 00:05:39.249 E/WallpaperManagerService( 1956): Invalid wallpaper data
06-06 00:05:39.249 E/WallpaperManagerService( 1956): Unable to apply new wallpaper
06-06 00:05:39.262 D/CryptdConnector( 1956): RCV <- {200 2 Command succeeded}
06-06 00:05:39.264 D/MountService( 1956): Thinking about reset, mSystemReady=true, mDaemonConnected=true
06-06 00:05:39.293 D/VoldConnector( 1956): SND -> {4 volume reset}
06-06 00:05:39.298 D/vold    ( 1273): Recognized experimental block major ID 253 as virtio-blk (emulator's virtual SD card device)
06-06 00:05:39.298 V/vold    ( 1273): /system/bin/sgdisk
06-06 00:05:39.299 V/vold    ( 1273):     --android-dump
06-06 00:05:39.300 D/VoldConnector( 1956): RCV <- {651 emulated 7}
06-06 00:05:39.302 D/VoldConnector( 1956): RCV <- {659 emulated}
06-06 00:05:39.303 D/VoldConnector( 1956): RCV <- {650 emulated 2 "" ""}
06-06 00:05:39.304 D/VoldConnector( 1956): RCV <- {651 emulated 0}
06-06 00:05:39.305 D/VoldConnector( 1956): RCV <- {651 public:253,48 7}
06-06 00:05:39.306 D/VoldConnector( 1956): RCV <- {659 public:253,48}
06-06 00:05:39.307 D/VoldConnector( 1956): RCV <- {649 disk:253,48}
06-06 00:05:39.308 D/VoldConnector( 1956): RCV <- {640 disk:253,48 5}
06-06 00:05:39.309 D/VoldConnector( 1956): RCV <- {641 disk:253,48 549453824}
06-06 00:05:39.327 V/MountService( 1956): Found primary storage at VolumeInfo{emulated}:
06-06 00:05:39.327 V/MountService( 1956):     type=EMULATED diskId=null partGuid=null mountFlags=0 mountUserId=-1 
06-06 00:05:39.327 V/MountService( 1956):     state=UNMOUNTED 
06-06 00:05:39.327 V/MountService( 1956):     fsType=null fsUuid=null fsLabel=null 
06-06 00:05:39.327 V/MountService( 1956):     path=null internalPath=null 
06-06 00:05:39.299 V/vold    ( 1273):     /dev/block/vold/disk:253,48
06-06 00:05:39.341 I/ActivityManager( 1956): Force stopping com.android.providers.media appid=10010 user=-1: vold reset
06-06 00:05:39.353 W/art     ( 2186): Unexpected CPU variant for X86 using defaults: x86_64
06-06 00:05:39.310 D/VoldConnector( 1956): RCV <- {642 disk:253,48 Virtual}
06-06 00:05:39.402 D/VoldConnector( 1956): RCV <- {644 disk:253,48 /sys//devices/pci0000:00/0000:00:06.0/virtio3/block/vdd}
06-06 00:05:39.432 W/ActivityManager( 1956): Slow operation: 58ms so far, now at startProcess: building args
06-06 00:05:39.433 W/ActivityManager( 1956): Slow operation: 59ms so far, now at startProcess: asking zygote to start proc
06-06 00:05:39.651 W/ActivityManager( 1956): Slow operation: 276ms so far, now at startProcess: returned from zygote!
06-06 00:05:39.651 W/ActivityManager( 1956): Slow operation: 277ms so far, now at startProcess: done updating battery stats
06-06 00:05:39.651 W/ActivityManager( 1956): Slow operation: 277ms so far, now at startProcess: building log message
06-06 00:05:39.652 I/ActivityManager( 1956): Start proc 2199:com.android.systemui/u0a21 for service com.android.systemui/.ImageWallpaper
06-06 00:05:39.652 W/ActivityManager( 1956): Slow operation: 278ms so far, now at startProcess: starting to update pids map
06-06 00:05:39.652 W/ActivityManager( 1956): Slow operation: 278ms so far, now at startProcess: done updating pids map
06-06 00:05:39.652 W/ActivityManager( 1956): Slow operation: 279ms so far, now at startProcess: done starting proc!
06-06 00:05:39.661 W/art     ( 1956): Long monitor contention with owner main (1956) at int com.android.server.am.ActivityManagerService.bindService(android.app.IApplicationThread, android.os.IBinder, android.content.Intent, java.lang.String, android.app.IServiceConnection, int, java.lang.String, int)(ActivityManagerService.java:17301) waiters=0 in void com.android.server.am.ActivityManagerService.dispatchUidsChanged() for 281ms
06-06 00:05:39.679 W/art     ( 2199): Unexpected CPU variant for X86 using defaults: x86_64
06-06 00:05:39.745 D/UsbAlsaManager( 1956): Adding ALSA device AlsaDevice: [card: 0, device: 0, type: 1]
06-06 00:05:39.746 D/UsbAlsaManager( 1956): Adding ALSA device AlsaDevice: [card: 0, device: 0, type: 2]
06-06 00:05:39.748 I/SystemServer( 1956): WebViewFactory preparation
06-06 00:05:39.840 E/BluetoothAdapter( 1956): Bluetooth binder is null
06-06 00:05:39.880 E/BluetoothAdapter( 1956): Bluetooth binder is null
06-06 00:05:39.905 D/WebViewFactory( 1956): Setting new address space to 114394000
06-06 00:05:39.992 I/AudioFlinger( 1325): systemReady
06-06 00:05:40.400 E/WVMExtractor( 1956): Failed to open libwvm.so: dlopen failed: library "libwvm.so" not found
06-06 00:05:40.479 I/Zygote  ( 1956): Process: zygote socket opened, supported ABIS: x86
06-06 00:05:41.265 I/art     ( 1324): Starting a blocking GC Background
06-06 00:05:41.436 I/MediaPlayerService( 1336): MediaPlayerService::getOMX
06-06 00:05:41.537 I/OMXClient( 1336): MuxOMX ctor
06-06 00:05:41.730 I/MediaPlayerService( 1336): MediaPlayerService::getOMX
06-06 00:05:41.734 I/OMXClient( 1336): MuxOMX ctor
06-06 00:05:41.801 I/OMXMaster( 1333): makeComponentInstance(OMX.google.mp3.decoder) in mediacodec process
06-06 00:05:41.871 V/vold    ( 1273): DISK mbr
06-06 00:05:41.872 V/vold    ( 1273): 
06-06 00:05:41.967 W/vold    ( 1273): disk:253,48 has unknown partition table; trying entire device
06-06 00:05:41.971 V/vold    ( 1273): /system/bin/blkid
06-06 00:05:41.971 V/vold    ( 1273):     -c
06-06 00:05:41.971 V/vold    ( 1273):     /dev/null
06-06 00:05:41.971 V/vold    ( 1273):     -s
06-06 00:05:41.971 V/vold    ( 1273):     TYPE
06-06 00:05:41.971 V/vold    ( 1273):     -s
06-06 00:05:41.971 V/vold    ( 1273):     UUID
06-06 00:05:41.972 V/vold    ( 1273):     -s
06-06 00:05:41.972 V/vold    ( 1273):     LABEL
06-06 00:05:41.972 V/vold    ( 1273):     /dev/block/vold/disk:253,48
06-06 00:05:42.108 I/art     ( 1324): Background concurrent mark sweep GC freed 122(16KB) AllocSpace objects, 0(0B) LOS objects, 39% free, 6MB/10MB, paused 2.324ms total 703.320ms
06-06 00:05:43.294 V/vold    ( 1273): /dev/block/vold/disk:253,48: LABEL="SDCARD" UUID="1EFF-1C1B" TYPE="vfat" 
06-06 00:05:43.294 V/vold    ( 1273): 
06-06 00:05:43.372 W/ActivityManager( 1956): Slow operation: 3303ms so far, now at startProcess: returned from zygote!
06-06 00:05:43.374 W/ActivityManager( 1956): Slow operation: 3306ms so far, now at startProcess: done updating battery stats
06-06 00:05:43.375 W/ActivityManager( 1956): Slow operation: 3307ms so far, now at startProcess: building log message
06-06 00:05:43.376 I/ActivityManager( 1956): Start proc 2233:WebViewLoader-x86/1037 [android.webkit.WebViewFactory$RelroFileCreator] for 
06-06 00:05:43.376 W/ActivityManager( 1956): Slow operation: 3308ms so far, now at startProcess: starting to update pids map
06-06 00:05:43.376 W/ActivityManager( 1956): Slow operation: 3308ms so far, now at startProcess: done updating pids map
06-06 00:05:43.376 W/ActivityManager( 1956): Slow operation: 3309ms so far, now at startProcess: done starting proc!
06-06 00:05:43.383 W/art     ( 1956): Long monitor contention with owner Binder:1956_1 (1973) at void com.android.server.am.ActivityManagerService.attachApplication(android.app.IApplicationThread)(ActivityManagerService.java:6669) waiters=1 in void com.android.server.am.ActivityManagerService.dispatchProcessesChanged() for 3.320s
06-06 00:05:43.389 I/MediaPlayerService( 1336): MediaPlayerService::getOMX
06-06 00:05:43.391 D/VoldConnector( 1956): RCV <- {650 public:253,48 0 "disk:253,48" ""}
06-06 00:05:43.399 D/VoldConnector( 1956): RCV <- {651 public:253,48 0}
06-06 00:05:43.410 I/OMXClient( 1336): MuxOMX ctor
06-06 00:05:43.412 I/OMXMaster( 1333): makeComponentInstance(OMX.google.amrnb.decoder) in mediacodec process
06-06 00:05:43.431 W/ActivityManager( 1956): Slow operation: 52ms so far, now at startProcess: building args
06-06 00:05:43.432 W/ActivityManager( 1956): Slow operation: 53ms so far, now at startProcess: asking zygote to start proc
06-06 00:05:43.516 W/art     ( 2233): Unexpected CPU variant for X86 using defaults: x86
06-06 00:05:43.555 D/VoldConnector( 1956): RCV <- {643 disk:253,48}
06-06 00:05:43.573 D/VoldConnector( 1956): RCV <- {200 4 Command succeeded}
06-06 00:05:43.577 E/VoldConnector( 1956): NDC Command {4 volume reset} took too long (4284ms)
06-06 00:05:43.598 D/VoldConnector( 1956): SND -> {5 volume user_added 0 0}
06-06 00:05:43.608 I/MediaPlayerService( 1336): MediaPlayerService::getOMX
06-06 00:05:43.611 I/OMXClient( 1336): MuxOMX ctor
06-06 00:05:43.612 I/OMXMaster( 1333): makeComponentInstance(OMX.google.amrwb.decoder) in mediacodec process
06-06 00:05:43.648 D/VoldConnector( 1956): RCV <- {200 5 Command succeeded}
06-06 00:05:43.679 I/MediaPlayerService( 1336): MediaPlayerService::getOMX
06-06 00:05:43.688 I/OMXClient( 1336): MuxOMX ctor
06-06 00:05:43.689 I/OMXMaster( 1333): makeComponentInstance(OMX.google.aac.decoder) in mediacodec process
06-06 00:05:43.803 W/ActivityManager( 1956): Slow operation: 424ms so far, now at startProcess: returned from zygote!
06-06 00:05:43.804 W/ActivityManager( 1956): Slow operation: 425ms so far, now at startProcess: done updating battery stats
06-06 00:05:43.804 W/ActivityManager( 1956): Slow operation: 425ms so far, now at startProcess: building log message
06-06 00:05:43.804 I/ActivityManager( 1956): Start proc 2246:WebViewLoader-x86_64/1037 [android.webkit.WebViewFactory$RelroFileCreator] for 
06-06 00:05:43.804 W/ActivityManager( 1956): Slow operation: 425ms so far, now at startProcess: starting to update pids map
06-06 00:05:43.804 W/ActivityManager( 1956): Slow operation: 425ms so far, now at startProcess: done updating pids map
06-06 00:05:43.804 W/ActivityManager( 1956): Slow operation: 427ms so far, now at startProcess: done starting proc!
06-06 00:05:43.812 W/art     ( 1956): Long monitor contention with owner main (1956) at int com.android.server.am.ActivityManagerService.startIsolatedProcess(java.lang.String, java.lang.String[], java.lang.String, java.lang.String, int, java.lang.Runnable)(ActivityManagerService.java:3509) waiters=1 in void com.android.server.am.ActivityManagerService.attachApplication(android.app.IApplicationThread) for 3.699s
06-06 00:05:43.820 W/art     ( 1956): Long monitor contention with owner main (1956) at int com.android.server.am.ActivityManagerService.startIsolatedProcess(java.lang.String, java.lang.String[], java.lang.String, java.lang.String, int, java.lang.Runnable)(ActivityManagerService.java:3509) waiters=2 in void com.android.server.am.ActivityManagerService$MainHandler.handleMessage(android.os.Message) for 2.018s
06-06 00:05:43.822 W/art     ( 1956): Long monitor contention with owner main (1956) at int com.android.server.am.ActivityManagerService.startIsolatedProcess(java.lang.String, java.lang.String[], java.lang.String, java.lang.String, int, java.lang.Runnable)(ActivityManagerService.java:3509) waiters=3 in void com.android.server.am.ActivityManagerService.publishContentProviders(android.app.IApplicationThread, java.util.List) for 1.230s
06-06 00:05:43.830 W/art     ( 1956): Long monitor contention with owner main (1956) at int com.android.server.am.ActivityManagerService.startIsolatedProcess(java.lang.String, java.lang.String[], java.lang.String, java.lang.String, int, java.lang.Runnable)(ActivityManagerService.java:3509) waiters=3 in void com.android.server.am.ActivityManagerService.dispatchProcessesChanged() for 446ms
06-06 00:05:43.836 D/VoldConnector( 1956): SND -> {6 volume mount emulated 3 -1}
06-06 00:05:43.844 D/VoldConnector( 1956): RCV <- {651 emulated 1}
06-06 00:05:43.845 D/VoldConnector( 1956): RCV <- {656 emulated /data/media}
06-06 00:05:43.846 D/VoldConnector( 1956): RCV <- {655 emulated /storage/emulated}
06-06 00:05:43.879 V/vold    ( 1273): Waiting for FUSE to spin up...
06-06 00:05:43.881 D/NetworkManagement( 1956): enabling bandwidth control
06-06 00:05:44.043 W/art     ( 1956): Long monitor contention with owner Binder:1956_1 (1973) at com.android.server.am.ProcessRecord com.android.server.am.ActivityManagerService.findAppProcess(android.os.IBinder, java.lang.String)(ActivityManagerService.java:13717) waiters=2 in void com.android.server.am.ActivityManagerService.dispatchProcessesChanged() for 212ms
06-06 00:05:44.050 W/art     ( 1956): Long monitor contention with owner Binder:1956_1 (1973) at com.android.server.am.ProcessRecord com.android.server.am.ActivityManagerService.findAppProcess(android.os.IBinder, java.lang.String)(ActivityManagerService.java:13717) waiters=3 in void com.android.server.am.ActivityManagerService$MainHandler.handleMessage(android.os.Message) for 216ms
06-06 00:05:44.080 V/vold    ( 1273): Waiting for FUSE to spin up...
06-06 00:05:44.114 I/MediaPlayerService( 1336): MediaPlayerService::getOMX
06-06 00:05:44.116 I/OMXClient( 1336): MuxOMX ctor
06-06 00:05:44.117 I/OMXMaster( 1333): makeComponentInstance(OMX.google.g711.alaw.decoder) in mediacodec process
06-06 00:05:44.140 V/vold    ( 1273): Waiting for FUSE to spin up...
06-06 00:05:44.197 V/vold    ( 1273): Waiting for FUSE to spin up...
06-06 00:05:44.248 V/vold    ( 1273): Waiting for FUSE to spin up...
06-06 00:05:44.301 V/vold    ( 1273): Waiting for FUSE to spin up...
06-06 00:05:44.365 V/vold    ( 1273): Waiting for FUSE to spin up...
06-06 00:05:44.220 W/art     ( 2246): Unexpected CPU variant for X86 using defaults: x86_64
06-06 00:05:44.420 V/vold    ( 1273): Waiting for FUSE to spin up...
06-06 00:05:44.480 V/vold    ( 1273): Waiting for FUSE to spin up...
06-06 00:05:44.538 V/vold    ( 1273): Waiting for FUSE to spin up...
06-06 00:05:44.590 V/vold    ( 1273): Waiting for FUSE to spin up...
06-06 00:05:44.649 V/vold    ( 1273): Waiting for FUSE to spin up...
06-06 00:05:44.710 V/vold    ( 1273): Waiting for FUSE to spin up...
06-06 00:05:44.736 V/WebViewFactory( 2246): RelroFileCreator (64bit = true),  32-bit lib: /system/app/webview/webview.apk!/lib/x86/libwebviewchromium.so, 64-bit lib: /system/app/webview/webview.apk!/lib/x86_64/libwebviewchromium.so
06-06 00:05:44.770 V/vold    ( 1273): Waiting for FUSE to spin up...
06-06 00:05:44.798 W/System  ( 2199): ClassLoader referenced unknown path: /system/priv-app/SystemUI/lib/x86_64
06-06 00:05:44.825 V/vold    ( 1273): Waiting for FUSE to spin up...
06-06 00:05:44.879 V/WebViewFactory( 2233): RelroFileCreator (64bit = false),  32-bit lib: /system/app/webview/webview.apk!/lib/x86/libwebviewchromium.so, 64-bit lib: /system/app/webview/webview.apk!/lib/x86_64/libwebviewchromium.so
06-06 00:05:44.880 V/vold    ( 1273): Waiting for FUSE to spin up...
06-06 00:05:44.942 V/vold    ( 1273): Waiting for FUSE to spin up...
06-06 00:05:44.994 V/vold    ( 1273): Waiting for FUSE to spin up...
