06-06 00:07:15.486 W/art     ( 1956): Long monitor contention with owner Binder:1956_B (2595) at void com.android.server.am.ActivityManagerService.attachApplication(android.app.IApplicationThread)(ActivityManagerService.java:6669) waiters=6 in void com.android.server.am.ActivityManagerService.dispatchUidsChanged() for 2.170s
06-06 00:07:15.501 W/art     ( 1956): Long monitor contention with owner Binder:1956_2 (1974) at java.lang.String com.android.server.am.ActivityManagerService.checkContentProviderAccess(java.lang.String, int)(ActivityManagerService.java:10435) waiters=7 in com.android.server.am.ProcessRecord com.android.server.am.ActivityManagerService.findAppProcess(android.os.IBinder, java.lang.String) for 194ms
06-06 00:07:15.502 W/art     ( 1956): Long monitor contention with owner Binder:1956_B (2595) at void com.android.server.am.ActivityManagerService.attachApplication(android.app.IApplicationThread)(ActivityManagerService.java:6669) waiters=7 in android.content.Intent com.android.server.am.ActivityManagerService.registerReceiver(android.app.IApplicationThread, java.lang.String, android.content.IIntentReceiver, android.content.IntentFilter, java.lang.String, int) for 1.002s
06-06 00:07:15.523 W/art     ( 1956): Long monitor contention with owner AlarmManager (2117) at void com.android.server.AlarmManagerService$AlarmThread.run()(AlarmManagerService.java:2498) waiters=0 in void com.android.server.AlarmManagerService.setImpl(int, long, long, long, android.app.PendingIntent, android.app.IAlarmListener, java.lang.String, int, android.os.WorkSource, android.app.AlarmManager$AlarmClockInfo, int, java.lang.String) for 764ms
06-06 00:07:15.809 W/art     ( 1956): Long monitor contention with owner Binder:1956_B (2595) at void com.android.server.am.ActivityManagerService.attachApplication(android.app.IApplicationThread)(ActivityManagerService.java:6669) waiters=8 in int com.android.server.am.ActivityManagerService.bindService(android.app.IApplicationThread, android.os.IBinder, android.content.Intent, java.lang.String, android.app.IServiceConnection, int, java.lang.String, int) for 899ms
06-06 00:07:15.908 I/art     ( 1956): Background sticky concurrent mark sweep GC freed 40986(2MB) AllocSpace objects, 4(80KB) LOS objects, 25% free, 10MB/14MB, paused 12.908ms total 1.280s
06-06 00:07:15.938 W/art     ( 1956): Long monitor contention with owner main (1956) at void com.android.server.pm.UserManagerService$MainHandler.handleMessage(android.os.Message)(UserManagerService.java:3290) waiters=0 in int com.android.server.pm.PackageManagerService.checkUidPermission(java.lang.String, int) for 185ms
06-06 00:07:16.044 W/ActivityManager( 1956): Slow operation: 98ms so far, now at startProcess: returned from zygote!
06-06 00:07:16.045 W/ActivityManager( 1956): Slow operation: 99ms so far, now at startProcess: done updating battery stats
06-06 00:07:16.045 W/ActivityManager( 1956): Slow operation: 99ms so far, now at startProcess: building log message
06-06 00:07:16.045 I/ActivityManager( 1956): Start proc 2753:com.android.keychain/1000 for service com.android.keychain/.KeyChainService
06-06 00:07:16.045 W/ActivityManager( 1956): Slow operation: 100ms so far, now at startProcess: starting to update pids map
06-06 00:07:16.046 W/ActivityManager( 1956): Slow operation: 100ms so far, now at startProcess: done updating pids map
06-06 00:07:16.046 W/ActivityManager( 1956): Slow operation: 100ms so far, now at startProcess: done starting proc!
06-06 00:07:16.055 W/art     ( 2753): Unexpected CPU variant for X86 using defaults: x86_64
06-06 00:07:16.084 D/LauncherProvider( 2694): Launcher process started
06-06 00:07:16.351 V/Launcher( 2694): LauncherAppState inited
06-06 00:07:16.559 I/vol.Events( 2605): writeEvent collection_started
06-06 00:07:16.563 W/System  ( 2753): ClassLoader referenced unknown path: /system/app/KeyChain/lib/x86_64
06-06 00:07:16.643 I/vol.Events( 2605): writeEvent external_ringer_mode_changed normal
06-06 00:07:16.644 I/vol.Events( 2605): writeEvent internal_ringer_mode_changed normal
06-06 00:07:16.794 W/ActivityManager( 1956): Timeout executing service: ServiceRecord{9e5afba u0 com.android.systemui/.SystemUIService}
06-06 00:07:17.109 I/Process ( 1956): Sending signal. PID: 2605 SIG: 3
06-06 00:07:17.144 I/art     ( 2605): Thread[3,tid=2613,WaitingInMainSignalCatcherLoop,Thread*=0x74de9e496400,peer=0x12c1f310,"Signal Catcher"]: reacting to signal 3
06-06 00:07:17.145 I/art     ( 2605): 
06-06 00:07:17.161 W/art     ( 2605): Suspending all threads took: 12.821ms
06-06 00:07:17.872 I/art     ( 2605): Wrote stack traces to '/data/anr/traces.txt'
06-06 00:07:17.920 E/ActivityManager( 1956): ANR in com.android.systemui
06-06 00:07:17.920 E/ActivityManager( 1956): PID: 2605
06-06 00:07:17.920 E/ActivityManager( 1956): Reason: executing service com.android.systemui/.SystemUIService
06-06 00:07:17.920 E/ActivityManager( 1956): Load: 0.0 / 0.0 / 0.0
06-06 00:07:17.920 E/ActivityManager( 1956): CPU usage from 31215ms to 0ms ago (2020-06-06 00:06:45.584 to 2020-06-06 00:07:16.799):
06-06 00:07:17.920 E/ActivityManager( 1956):   92% 1320/surfaceflinger: 35% user + 57% kernel / faults: 2042 minor
06-06 00:07:17.920 E/ActivityManager( 1956):   31% 1956/system_server: 6.8% user + 24% kernel / faults: 3911 minor 102 major
06-06 00:07:17.920 E/ActivityManager( 1956):   16% 2433/com.android.settings: 3.8% user + 12% kernel / faults: 70 minor 1 major
06-06 00:07:17.920 E/ActivityManager( 1956):   2.5% 1333/media.codec: 0.4% user + 2.1% kernel / faults: 1767 minor
06-06 00:07:17.920 E/ActivityManager( 1956):   0.9% 1331/installd: 0% user + 0.9% kernel / faults: 1 minor
06-06 00:07:17.920 E/ActivityManager( 1956):   2.2% 8/rcu_preempt: 0% user + 2.2% kernel
06-06 00:07:17.920 E/ActivityManager( 1956):   1.7% 2414/com.android.phone: 0.1% user + 1.5% kernel / faults: 291 minor 3 major
06-06 00:07:17.920 E/ActivityManager( 1956):   1.5% 1322/adbd: 0% user + 1.4% kernel / faults: 1085 minor
06-06 00:07:17.920 E/ActivityManager( 1956):   0.9% 2529/com.android.cellbroadcastreceiver: 0.2% user + 0.7% kernel / faults: 1668 minor 1 major
06-06 00:07:17.920 E/ActivityManager( 1956):   0.7% 1323/zygote64: 0% user + 0.7% kernel / faults: 861 minor
06-06 00:07:17.920 E/ActivityManager( 1956):   0.8% 1265/logd: 0% user + 0.8% kernel / faults: 38 minor
06-06 00:07:17.920 E/ActivityManager( 1956):   0.7% 1319/servicemanager: 0% user + 0.7% kernel
06-06 00:07:17.920 E/ActivityManager( 1956):   0.4% 1335/media.extractor: 0.1% user + 0.3% kernel / faults: 41 minor
06-06 00:07:17.920 E/ActivityManager( 1956):   0.3% 1456/logcat: 0% user + 0.3% kernel / faults: 5 minor
06-06 00:07:17.920 E/ActivityManager( 1956):   0.2% 3/ksoftirqd/0: 0% user + 0.2% kernel
06-06 00:07:17.920 E/ActivityManager( 1956):   0.2% 2186/com.android.inputmethod.latin: 0% user + 0.2% kernel / faults: 42 minor
06-06 00:07:17.920 E/ActivityManager( 1956):   0.2% 1253/kworker/0:1H: 0% user + 0.2% kernel
06-06 00:07:17.920 E/ActivityManager( 1956):   0.1% 1336/mediaserver: 0% user + 0% kernel
06-06 00:07:17.920 E/ActivityManager( 1956):   0.1% 6/kworker/u4:0: 0% user + 0.1% kernel
06-06 00:07:17.920 E/ActivityManager( 1956):   0% 1273/vold: 0% user + 0% kernel / faults: 13 minor
06-06 00:07:17.920 E/ActivityManager( 1956):   0.1% 1263/jbd2/vdc-8: 0% user + 0.1% kernel
06-06 00:07:17.920 E/ActivityManager( 1956):   0% 12/ksoftirqd/1: 0% user + 0% kernel
06-06 00:07:17.920 E/ActivityManager( 1956):   0% 1318/lmkd: 0% user + 0% kernel
06-06 00:07:17.920 E/ActivityManager( 1956):   0% 673/kworker/1:1: 0% user + 0% kernel
06-06 00:07:17.920 E/ActivityManager( 1956):   0% 809/kworker/0:2: 0% user + 0% kernel
06-06 00:07:17.920 E/ActivityManager( 1956):   0% 1315/healthd: 0% user + 0% kernel
06-06 00:07:17.920 E/ActivityManager( 1956):   0% 1325/audioserver: 0% user + 0% kernel
06-06 00:07:17.920 E/ActivityManager( 1956):   0% 1332/keystore: 0% user + 0% kernel
06-06 00:07:17.920 E/ActivityManager( 1956):   0% 1337/netd: 0% user + 0% kernel / faults: 10 minor
06-06 00:07:17.920 E/ActivityManager( 1956):   0% 2253/sdcard: 0% user + 0% kernel / faults: 19 minor
06-06 00:07:17.920 E/ActivityManager( 1956):   0% 1//init: 0% user + 0% kernel / faults: 2 minor
06-06 00:07:17.920 E/ActivityManager( 1956):   0% 1348/fingerprintd: 0% user + 0% kernel
06-06 00:07:17.920 E/ActivityManager( 1956):  +0% 2605/com.android.systemui: 0% user + 0% kernel
06-06 00:07:17.920 E/ActivityManager( 1956):  +0% 2623/android.ext.services: 0% user + 0% kernel
06-06 00:07:17.920 E/ActivityManager( 1956):  +0% 2644/com.android.providers.calendar: 0% user + 0% kernel
06-06 00:07:17.920 E/ActivityManager( 1956):  +0% 2660/com.android.deskclock: 0% user + 0% kernel
06-06 00:07:17.920 E/ActivityManager( 1956):  +0% 2694/com.android.launcher3: 0% user + 0% kernel
06-06 00:07:17.920 E/ActivityManager( 1956):  +0% 2749/sh: 0% user + 0% kernel
06-06 00:07:17.920 E/ActivityManager( 1956):  +0% 2752/sh: 0% user + 0% kernel
06-06 00:07:17.920 E/ActivityManager( 1956):  +0% 2753/com.android.keychain: 0% user + 0% kernel
06-06 00:07:17.920 E/ActivityManager( 1956): 99% TOTAL: 28% user + 69% kernel + 1.6% softirq
06-06 00:07:17.920 E/ActivityManager( 1956): CPU usage from 268088ms to 268088ms ago (1970-01-01 00:00:00.000 to 1970-01-01 00:00:00.000) with 0% awake:
06-06 00:07:17.920 E/ActivityManager( 1956): 0% TOTAL: 0% user + 0% kernel
06-06 00:07:17.964 I/ActivityManager( 1956): Killing 2605:com.android.systemui/u0a21 (adj -800): bg anr
06-06 00:07:18.462 W/ActivityManager( 1956): Launch timeout has expired, giving up wake lock!
06-06 00:07:18.898 W/GnssLocationProvider( 1956): Could not open GPS configuration file /etc/gps.conf
06-06 00:07:18.899 E/GnssLocationProvider( 1956): no AGPS interface in set_agps_server
06-06 00:07:18.973 W/art     ( 2660): Suspending all threads took: 979.288ms
06-06 00:07:21.065 I/Choreographer( 2694): Skipped 47 frames!  The application may be doing too much work on its main thread.
06-06 00:07:20.176 W/ifconfig( 2790): type=1400 audit(0.0:13): avc: denied { ioctl } for path="socket:[14211]" dev="sockfs" ino=14211 ioctlcmd=8927 scontext=u:r:shell:s0 tcontext=u:r:shell:s0 tclass=udp_socket permissive=0
06-06 00:07:20.236 W/ifconfig( 2790): type=1400 audit(0.0:14): avc: denied { ioctl } for path="socket:[14211]" dev="sockfs" ino=14211 ioctlcmd=891d scontext=u:r:shell:s0 tcontext=u:r:shell:s0 tclass=udp_socket permissive=0
06-06 00:07:20.326 W/ifconfig( 2790): type=1400 audit(0.0:15): avc: denied { ioctl } for path="socket:[14211]" dev="sockfs" ino=14211 ioctlcmd=8970 scontext=u:r:shell:s0 tcontext=u:r:shell:s0 tclass=udp_socket permissive=0
06-06 00:07:21.196 V/GridSizeMigrationTask( 2694): Workspace migration completed in 501
06-06 00:07:21.224 D/Launcher.Model( 2694): loadWorkspace: loading default favorites
06-06 00:07:21.338 D/gralloc_ranchu( 2694): Emulator without host-side GPU emulation detected. Loading gralloc.default.so from /vendor/lib64/hw/gralloc.goldfish.default.so...
06-06 00:07:21.350 D/gralloc_ranchu( 2694): gralloc.default.so not found in /vendor. Trying /system/lib64/hw/gralloc.goldfish.default.so...
06-06 00:07:21.591 I/ActivityManager( 1956): Process com.android.systemui (pid 2605) has died
06-06 00:07:21.592 D/ActivityManager( 1956): cleanUpApplicationRecord -- 2605
06-06 00:07:21.593 W/ActivityManager( 1956): Scheduling restart of crashed service com.android.systemui/.SystemUIService in 0ms
06-06 00:07:21.594 W/ActivityManager( 1956): Scheduling restart of crashed service com.android.systemui/.ImageWallpaper in 0ms
06-06 00:07:21.594 W/ActivityManager( 1956): Scheduling restart of crashed service com.android.systemui/.keyguard.KeyguardService in 0ms
06-06 00:07:21.622 W/ActivityManager( 1956): Re-adding persistent process ProcessRecord{d585227 2605:com.android.systemui/u0a21}
06-06 00:07:21.795 W/ActivityManager( 1956): Slow operation: 173ms so far, now at startProcess: returned from zygote!
06-06 00:07:21.796 W/ActivityManager( 1956): Slow operation: 173ms so far, now at startProcess: done updating battery stats
06-06 00:07:21.797 W/ActivityManager( 1956): Slow operation: 174ms so far, now at startProcess: building log message
06-06 00:07:21.797 I/ActivityManager( 1956): Start proc 2799:com.android.systemui/u0a21 for restart com.android.systemui
06-06 00:07:21.797 W/ActivityManager( 1956): Slow operation: 175ms so far, now at startProcess: starting to update pids map
06-06 00:07:21.798 W/ActivityManager( 1956): Slow operation: 175ms so far, now at startProcess: done updating pids map
06-06 00:07:21.822 W/art     ( 1956): Long monitor contention with owner Binder:1956_F (2599) at void com.android.server.am.ActivityManagerService$AppDeathRecipient.binderDied()(ActivityManagerService.java:1475) waiters=0 in void com.android.server.am.ActiveServices$ServiceRestarter.run() for 199ms
06-06 00:07:21.876 W/art     ( 2799): Unexpected CPU variant for X86 using defaults: x86_64
06-06 00:07:21.893 W/art     ( 1956): Long monitor contention with owner Binder:1956_F (2599) at void com.android.server.am.ActivityManagerService$AppDeathRecipient.binderDied()(ActivityManagerService.java:1475) waiters=1 in android.content.Intent com.android.server.am.ActivityManagerService.registerReceiver(android.app.IApplicationThread, java.lang.String, android.content.IIntentReceiver, android.content.IntentFilter, java.lang.String, int) for 279ms
06-06 00:07:22.042 I/Choreographer( 2694): Skipped 57 frames!  The application may be doing too much work on its main thread.
06-06 00:07:22.052 I/ActivityManager( 1956): Displayed com.android.launcher3/.Launcher: +13s351ms
06-06 00:07:22.706 W/System  ( 2799): ClassLoader referenced unknown path: /system/priv-app/SystemUI/lib/x86_64
06-06 00:07:22.719 I/GnssLocationProvider( 1956): WakeLock released by handleMessage(13, 0, null)
06-06 00:07:22.874 V/SystemUIService( 2799): Starting SystemUI services for user 0.
06-06 00:07:22.878 I/BackupManagerService( 1956): Found stale backup journal, scheduling
06-06 00:07:22.882 W/libprocessgroup( 1956): failed to open /acct/uid_10021/pid_2605/cgroup.procs: No such file or directory
06-06 00:07:23.007 V/MediaRouter( 2799): Adding route: RouteInfo{ name=Phone, description=null, status=null, category=RouteCategory{ name=null types=ROUTE_TYPE_LIVE_AUDIO ROUTE_TYPE_LIVE_VIDEO  groupable=false }, supportedTypes=ROUTE_TYPE_LIVE_AUDIO ROUTE_TYPE_LIVE_VIDEO , presentationDisplay=null }
06-06 00:07:23.047 V/MediaRouter( 2799): Updating audio routes: AudioRoutesInfo{ type=SPEAKER }
06-06 00:07:23.067 V/MediaRouter( 2799): Selecting route: RouteInfo{ name=Phone, description=null, status=null, category=RouteCategory{ name=null types=ROUTE_TYPE_LIVE_AUDIO ROUTE_TYPE_LIVE_VIDEO  groupable=false }, supportedTypes=ROUTE_TYPE_LIVE_AUDIO ROUTE_TYPE_LIVE_VIDEO , presentationDisplay=null }
06-06 00:07:23.153 D/TrustManagerService( 1956): Removing dead TrustListener.
06-06 00:07:23.339 E/WVMExtractor( 2799): Failed to open libwvm.so: dlopen failed: library "libwvm.so" not found
06-06 00:07:23.578 I/AlarmClock( 2660): AlarmInitReceiver android.intent.action.TIME_SET
06-06 00:07:23.723 I/MediaPlayerService( 1336): MediaPlayerService::getOMX
06-06 00:07:23.742 I/OMXClient( 2799): MuxOMX ctor
06-06 00:07:23.775 I/OMXMaster( 1333): makeComponentInstance(OMX.google.vorbis.decoder) in mediacodec process
06-06 00:07:23.910 I/CalendarProvider2( 2644): Sending notification intent: Intent { act=android.intent.action.PROVIDER_CHANGED dat=content://com.android.calendar flg=0x20000000 }
06-06 00:07:23.915 W/ContentResolver( 2644): Failed to get type for: content://com.android.calendar (Unknown URL content://com.android.calendar)
06-06 00:07:25.761 I/MediaPlayerService( 1336): MediaPlayerService::getOMX
06-06 00:07:25.772 I/OMXClient( 2799): MuxOMX ctor
06-06 00:07:25.777 I/OMXMaster( 1333): makeComponentInstance(OMX.google.vorbis.decoder) in mediacodec process
06-06 00:07:25.789 I/vol.Events( 2799): writeEvent collection_started
06-06 00:07:25.886 I/vol.Events( 2799): writeEvent external_ringer_mode_changed normal
06-06 00:07:25.887 I/vol.Events( 2799): writeEvent internal_ringer_mode_changed normal
06-06 00:07:27.472 D/WIFI    ( 1956): Registering NetworkFactory
06-06 00:07:27.491 D/ConnectivityService( 1956): Got NetworkFactory Messenger for WIFI
06-06 00:07:27.492 D/WIFI_UT ( 1956): Registering NetworkFactory
06-06 00:07:27.493 D/ConnectivityService( 1956): Got NetworkFactory Messenger for WIFI_UT
06-06 00:07:27.496 D/WIFI    ( 1956): got request NetworkRequest [ REQUEST id=1, [ Capabilities: INTERNET&NOT_RESTRICTED&TRUSTED&NOT_VPN] ] with score 0
06-06 00:07:27.497 D/WIFI_UT ( 1956): got request NetworkRequest [ REQUEST id=1, [ Capabilities: INTERNET&NOT_RESTRICTED&TRUSTED&NOT_VPN] ] with score 0
06-06 00:07:27.511 I/AlarmClock( 2660): AlarmInitReceiver android.intent.action.LOCKED_BOOT_COMPLETED
06-06 00:07:27.514 I/MediaPlayerService( 1336): MediaPlayerService::getOMX
06-06 00:07:27.516 I/OMXClient( 2799): MuxOMX ctor
06-06 00:07:27.524 I/OMXMaster( 1333): makeComponentInstance(OMX.google.vorbis.decoder) in mediacodec process
06-06 00:07:27.672 V/AlarmClock( 2660): AlarmInitReceiver finished
06-06 00:07:27.698 I/art     ( 2694): Background sticky concurrent mark sweep GC freed 19967(1939KB) AllocSpace objects, 9(204KB) LOS objects, 23% free, 7MB/10MB, paused 14.529ms total 247.982ms
06-06 00:07:27.943 I/vol.Events( 2799): writeEvent level_changed STREAM_ALARM 6
06-06 00:07:27.986 I/vol.Events( 2799): writeEvent level_changed STREAM_BLUETOOTH_SCO 7
06-06 00:07:28.019 I/vol.Events( 2799): writeEvent level_changed STREAM_MUSIC 11
06-06 00:07:28.102 I/vol.Events( 2799): writeEvent level_changed STREAM_RING 5
06-06 00:07:28.127 I/vol.Events( 2799): writeEvent level_changed STREAM_SYSTEM 5
06-06 00:07:28.215 I/vol.Events( 2799): writeEvent level_changed STREAM_VOICE_CALL 4
06-06 00:07:28.544 D/StorageNotification( 2799): Notifying about private volume: VolumeInfo{private}:
06-06 00:07:28.544 D/StorageNotification( 2799):     type=PRIVATE diskId=null partGuid=null mountFlags=0 mountUserId=-1 
06-06 00:07:28.544 D/StorageNotification( 2799):     state=MOUNTED 
06-06 00:07:28.544 D/StorageNotification( 2799):     fsType=null fsUuid=null fsLabel=null 
06-06 00:07:28.544 D/StorageNotification( 2799):     path=/data internalPath=null 
06-06 00:07:28.571 D/StorageNotification( 2799): Notifying about public volume: VolumeInfo{public:253,48}:
06-06 00:07:28.571 D/StorageNotification( 2799):     type=PUBLIC diskId=disk:253,48 partGuid=null mountFlags=VISIBLE 
06-06 00:07:28.571 D/StorageNotification( 2799):     mountUserId=0 state=MOUNTED 
06-06 00:07:28.571 D/StorageNotification( 2799):     fsType=vfat fsUuid=1EFF-1C1B fsLabel=SDCARD 
06-06 00:07:28.571 D/StorageNotification( 2799):     path=/storage/1EFF-1C1B internalPath=/mnt/media_rw/1EFF-1C1B 
06-06 00:07:28.696 D/AlarmClock/Events( 2660): [Stopwatch] [Reset] [Reboot]
06-06 00:07:28.854 V/KeyguardServiceDelegate( 1956): *** Keyguard connected (yay!)
06-06 00:07:29.035 V/AlarmClock( 2660): AlarmInitReceiver finished
06-06 00:07:29.071 W/ActivityManager( 1956): Slow operation: 77ms so far, now at startProcess: returned from zygote!
06-06 00:07:29.071 W/ActivityManager( 1956): Slow operation: 78ms so far, now at startProcess: done updating battery stats
06-06 00:07:29.072 W/ActivityManager( 1956): Slow operation: 78ms so far, now at startProcess: building log message
06-06 00:07:29.072 I/ActivityManager( 1956): Start proc 2837:android.process.media/u0a10 for broadcast com.android.providers.downloads/.DownloadReceiver
06-06 00:07:29.072 W/ActivityManager( 1956): Slow operation: 78ms so far, now at startProcess: starting to update pids map
06-06 00:07:29.073 W/art     ( 2837): Unexpected CPU variant for X86 using defaults: x86_64
06-06 00:07:29.083 W/ActivityManager( 1956): Slow operation: 89ms so far, now at startProcess: done updating pids map
06-06 00:07:29.083 W/ActivityManager( 1956): Slow operation: 97ms so far, now at startProcess: done starting proc!
06-06 00:07:29.115 I/Choreographer( 2799): Skipped 45 frames!  The application may be doing too much work on its main thread.
06-06 00:07:29.237 D/LockSettings( 1956): Removing dead StrongAuthTracker.
06-06 00:07:29.237 D/LockSettings( 1956): Removing dead StrongAuthTracker.
06-06 00:07:29.604 W/System  ( 2837): ClassLoader referenced unknown path: /system/priv-app/DownloadProvider/lib/x86_64
06-06 00:07:29.674 I/StatusBarManagerService( 1956): registerStatusBar bar=com.android.internal.statusbar.IStatusBar$Stub$Proxy@f4c8622
06-06 00:07:29.724 W/System  ( 2837): ClassLoader referenced unknown path: /system/priv-app/MediaProvider/lib/x86_64
06-06 00:07:29.730 D/ApplicationLoaders( 2837): ignored Vulkan layer search path /system/priv-app/MediaProvider/lib/x86_64:/system/priv-app/MediaProvider/MediaProvider.apk!/lib/x86_64:/system/lib64:/vendor/lib64 for namespace 0x74dea2aba0f0
06-06 00:07:30.363 E/GnssLocationProvider( 1956): no AGPS interface in set_agps_server
06-06 00:07:30.481 I/GnssLocationProvider( 1956): WakeLock released by handleMessage(2, 1, null)
06-06 00:07:30.587 I/SyncManager( 1956): Got SyncJobService instance.
06-06 00:07:30.590 I/FusedLocation( 1956): engine started (com.android.location.fused)
06-06 00:07:31.318 E/NetdConnector( 1956): NDC Command {18 firewall disable_chain standby} took too long (705ms)
06-06 00:07:31.446 W/ActivityManager( 1956): Slow operation: 56ms so far, now at startProcess: returned from zygote!
06-06 00:07:31.447 W/ActivityManager( 1956): Slow operation: 56ms so far, now at startProcess: done updating battery stats
06-06 00:07:31.447 W/ActivityManager( 1956): Slow operation: 57ms so far, now at startProcess: building log message
06-06 00:07:31.447 I/ActivityManager( 1956): Start proc 2859:com.android.printspooler/u0a51 for service com.android.printspooler/.model.PrintSpoolerService
06-06 00:07:31.448 W/ActivityManager( 1956): Slow operation: 57ms so far, now at startProcess: starting to update pids map
06-06 00:07:31.448 W/ActivityManager( 1956): Slow operation: 57ms so far, now at startProcess: done updating pids map
06-06 00:07:31.448 W/ActivityManager( 1956): Slow operation: 68ms so far, now at startProcess: done starting proc!
06-06 00:07:31.466 W/art     ( 2859): Unexpected CPU variant for X86 using defaults: x86_64
06-06 00:07:31.990 W/art     ( 2799): Suspending all threads took: 25.781ms
06-06 00:07:32.101 I/art     ( 2799): Background sticky concurrent mark sweep GC freed 16296(2MB) AllocSpace objects, 2(40KB) LOS objects, 28% free, 7MB/10MB, paused 29.003ms total 243.078ms
06-06 00:07:32.505 I/art     ( 1956): Background partial concurrent mark sweep GC freed 24652(2MB) AllocSpace objects, 18(744KB) LOS objects, 29% free, 9MB/13MB, paused 2.302ms total 240.247ms
06-06 00:07:32.758 D/MediaScannerReceiver( 2837): action: android.intent.action.MEDIA_MOUNTED path: /storage/1EFF-1C1B
06-06 00:07:32.882 W/System  ( 2799): ClassLoader referenced unknown path: 
06-06 00:07:32.883 W/System  ( 2799): ClassLoader referenced unknown path: /system/priv-app/Dialer/lib/x86_64
06-06 00:07:32.887 D/ApplicationLoaders( 2799): ignored Vulkan layer search path /system/priv-app/Dialer/lib/x86_64:/system/lib64:/vendor/lib64 for namespace 0x74dea2d1a0f0
06-06 00:07:32.949 D/MediaScannerReceiver( 2837): action: android.intent.action.MEDIA_MOUNTED path: /storage/emulated/0
06-06 00:07:33.120 W/Binder  ( 2799): Binder call failed.
06-06 00:07:33.120 W/Binder  ( 2799): android.os.DeadObjectException
06-06 00:07:33.120 W/Binder  ( 2799): 	at android.os.BinderProxy.transactNative(Native Method)
06-06 00:07:33.120 W/Binder  ( 2799): 	at android.os.BinderProxy.transact(Binder.java:615)
06-06 00:07:33.120 W/Binder  ( 2799): 	at android.content.IIntentReceiver$Stub$Proxy.performReceive(IIntentReceiver.java:124)
06-06 00:07:33.120 W/Binder  ( 2799): 	at android.app.ActivityThread$ApplicationThread.scheduleRegisteredReceiver(ActivityThread.java:946)
06-06 00:07:33.120 W/Binder  ( 2799): 	at android.app.ApplicationThreadNative.onTransact(ApplicationThreadNative.java:404)
06-06 00:07:33.120 W/Binder  ( 2799): 	at android.os.Binder.execTransact(Binder.java:565)
06-06 00:07:33.283 E/BluetoothAdapter( 2799): Bluetooth binder is null
06-06 00:07:33.409 I/CameraManagerGlobal( 2799): Connecting to camera service
06-06 00:07:33.476 V/EmulatedCamera_Camera( 1326): getCameraInfo
06-06 00:07:33.477 V/EmulatedCamera_BaseCamera( 1326): getCameraInfo
06-06 00:07:33.478 I/CameraService( 1326): getCameraCharacteristics: Switching to HAL1 shim implementation...
06-06 00:07:33.478 V/EmulatedCamera_Camera( 1326): getCameraInfo
06-06 00:07:33.478 V/EmulatedCamera_BaseCamera( 1326): getCameraInfo
06-06 00:07:33.495 I/CameraService( 1326): CameraService::connect call (PID -1 "cameraserver", camera ID 0) for HAL version default and Camera API version 1
06-06 00:07:33.519 E/CameraService( 1326): getCameraPriorityFromProcState: Received invalid process state -1 from ActivityManagerService!
06-06 00:07:33.531 V/EmulatedCamera_Camera( 1326): getCameraInfo
06-06 00:07:33.532 V/EmulatedCamera_BaseCamera( 1326): getCameraInfo
06-06 00:07:33.705 E/WVMExtractor( 1336): Failed to open libwvm.so: dlopen failed: library "libwvm.so" not found
06-06 00:07:34.096 D/NuPlayerDriver( 1336): notifyListener_l(0xe99126c0), (1, 0, 0), loop setting(0, 0)
06-06 00:07:34.411 D/NuPlayerDriver( 1336): notifyListener_l(0xeb128f60), (1, 0, 0), loop setting(0, 0)
06-06 00:07:34.571 D/NuPlayerDriver( 1336): notifyListener_l(0xe9912900), (1, 0, 0), loop setting(0, 0)
06-06 00:07:34.640 I/CameraFlashlight( 1326): Opening camera 0
06-06 00:07:34.656 V/EmulatedCamera_Camera( 1326): getCameraInfo
06-06 00:07:34.657 V/EmulatedCamera_BaseCamera( 1326): getCameraInfo
06-06 00:07:34.657 V/EmulatedCamera_Camera( 1326): connectCamera
06-06 00:07:34.658 V/EmulatedCamera_FakeDevice( 1326): connectDevice
06-06 00:07:34.658 V/EmulatedCamera_CallbackNotifier( 1326): setCallbacks: 0xe6e54e80, 0xe6e54ed0, 0xe6e54ff0, 0xe6e55110 (0xe6943460)
06-06 00:07:34.658 V/EmulatedCamera_CallbackNotifier( 1326): enableMessage: msg_type = 0xc0d
06-06 00:07:34.658 V/EmulatedCamera_CallbackNotifier( 1326):     CAMERA_MSG_ERROR
06-06 00:07:34.658 V/EmulatedCamera_CallbackNotifier( 1326):     CAMERA_MSG_FOCUS
06-06 00:07:34.659 V/EmulatedCamera_CallbackNotifier( 1326):     CAMERA_MSG_ZOOM
06-06 00:07:34.659 V/EmulatedCamera_CallbackNotifier( 1326):     CAMERA_MSG_PREVIEW_METADATA
06-06 00:07:34.659 V/EmulatedCamera_CallbackNotifier( 1326): **** Currently enabled messages:
06-06 00:07:34.659 V/EmulatedCamera_CallbackNotifier( 1326):     CAMERA_MSG_ERROR
06-06 00:07:34.659 V/EmulatedCamera_CallbackNotifier( 1326):     CAMERA_MSG_FOCUS
06-06 00:07:34.659 V/EmulatedCamera_CallbackNotifier( 1326):     CAMERA_MSG_ZOOM
06-06 00:07:34.659 V/EmulatedCamera_CallbackNotifier( 1326):     CAMERA_MSG_PREVIEW_METADATA
06-06 00:07:34.675 V/EmulatedCamera_CallbackNotifier( 1326): disableMessage: msg_type = 0xffff
06-06 00:07:34.675 V/EmulatedCamera_CallbackNotifier( 1326):     CAMERA_MSG_ERROR
06-06 00:07:34.675 V/EmulatedCamera_CallbackNotifier( 1326):     CAMERA_MSG_SHUTTER
06-06 00:07:34.675 V/EmulatedCamera_CallbackNotifier( 1326):     CAMERA_MSG_FOCUS
06-06 00:07:34.675 V/EmulatedCamera_CallbackNotifier( 1326):     CAMERA_MSG_ZOOM
06-06 00:07:34.675 V/EmulatedCamera_CallbackNotifier( 1326):     CAMERA_MSG_PREVIEW_FRAME
06-06 00:07:34.675 V/EmulatedCamera_CallbackNotifier( 1326):     CAMERA_MSG_VIDEO_FRAME
06-06 00:07:34.675 V/EmulatedCamera_CallbackNotifier( 1326):     CAMERA_MSG_POSTVIEW_FRAME
06-06 00:07:34.675 V/EmulatedCamera_CallbackNotifier( 1326):     CAMERA_MSG_RAW_IMAGE
06-06 00:07:34.676 V/EmulatedCamera_CallbackNotifier( 1326):     CAMERA_MSG_COMPRESSED_IMAGE
06-06 00:07:34.676 V/EmulatedCamera_CallbackNotifier( 1326):     CAMERA_MSG_RAW_IMAGE_NOTIFY
06-06 00:07:34.676 V/EmulatedCamera_CallbackNotifier( 1326):     CAMERA_MSG_PREVIEW_METADATA
06-06 00:07:34.676 V/EmulatedCamera_CallbackNotifier( 1326): **** Currently enabled messages:
06-06 00:07:34.676 V/EmulatedCamera_Preview( 1326): setPreviewWindow: current: 0x0 -> new: 0x0
06-06 00:07:34.676 V/EmulatedCamera_Camera( 1326): doStopPreview
06-06 00:07:34.677 V/EmulatedCamera_Camera( 1326): cancelPicture
06-06 00:07:34.678 V/EmulatedCamera_Camera( 1326): releaseCamera
06-06 00:07:34.678 V/EmulatedCamera_Camera( 1326): doStopPreview
06-06 00:07:34.678 V/EmulatedCamera_FakeDevice( 1326): disconnectDevice
06-06 00:07:34.678 W/EmulatedCamera_Device( 1326): Initialize: Emulated camera device is already initialized: mState = 1
06-06 00:07:34.678 D/EmulatedCamera_FakeCamera( 1326): Initialize: Fake camera is facing back
06-06 00:07:34.691 V/EmulatedCamera_Device( 1326): initializeWhiteBalanceModes with auto, 1.000000, 1.000000
06-06 00:07:34.692 V/EmulatedCamera_Device( 1326): initializeWhiteBalanceModes with incandescent, 1.380000, 0.600000
06-06 00:07:34.692 V/EmulatedCamera_Device( 1326): initializeWhiteBalanceModes with daylight, 1.090000, 0.920000
06-06 00:07:34.692 V/EmulatedCamera_Device( 1326): initializeWhiteBalanceModes with twilight, 0.920000, 1.220000
06-06 00:07:34.692 V/EmulatedCamera_Device( 1326): setWhiteBalanceMode with white balance auto
06-06 00:07:34.693 I/CameraFlashlight( 1326): Destroying camera 0
06-06 00:07:34.693 V/EmulatedCamera_Camera( 1326): closeCamera
06-06 00:07:34.693 V/EmulatedCamera_Camera( 1326): doStopPreview
06-06 00:07:34.693 W/EmulatedCamera_Device( 1326): Initialize: Emulated camera device is already initialized: mState = 1
06-06 00:07:34.693 D/EmulatedCamera_FakeCamera( 1326): Initialize: Fake camera is facing back
06-06 00:07:34.699 V/EmulatedCamera_Device( 1326): initializeWhiteBalanceModes with auto, 1.000000, 1.000000
06-06 00:07:34.699 V/EmulatedCamera_Device( 1326): initializeWhiteBalanceModes with incandescent, 1.380000, 0.600000
06-06 00:07:34.699 V/EmulatedCamera_Device( 1326): initializeWhiteBalanceModes with daylight, 1.090000, 0.920000
06-06 00:07:34.699 V/EmulatedCamera_Device( 1326): initializeWhiteBalanceModes with twilight, 0.920000, 1.220000
06-06 00:07:34.699 V/EmulatedCamera_Device( 1326): setWhiteBalanceMode with white balance auto
06-06 00:07:34.722 I/CameraService( 1326): disconnect: Disconnected client for camera 0 for PID 1326
06-06 00:07:34.731 D/NuPlayerDriver( 1336): reset(0xe99126c0) at state 4
06-06 00:07:34.732 D/NuPlayerDriver( 1336): notifyListener_l(0xe99126c0), (8, 0, 0), loop setting(0, 0)
06-06 00:07:34.734 D/NuPlayerDriver( 1336): notifyResetComplete(0xe99126c0)
06-06 00:07:34.777 V/MediaScanner( 2837): pruneDeadThumbnailFiles... android.content.ContentProviderClient$CursorWrapperInner@f4d874b
06-06 00:07:34.797 D/NuPlayerDriver( 1336): reset(0xeb128f60) at state 4
06-06 00:07:34.797 D/NuPlayerDriver( 1336): notifyListener_l(0xeb128f60), (8, 0, 0), loop setting(0, 0)
06-06 00:07:34.799 V/MediaScanner( 2837): /pruneDeadThumbnailFiles... android.content.ContentProviderClient$CursorWrapperInner@f4d874b
06-06 00:07:34.804 D/NuPlayerDriver( 1336): notifyResetComplete(0xeb128f60)
06-06 00:07:34.826 D/NuPlayerDriver( 1336): reset(0xe9912900) at state 4
06-06 00:07:34.826 D/NuPlayerDriver( 1336): notifyListener_l(0xe9912900), (8, 0, 0), loop setting(0, 0)
06-06 00:07:34.826 D/NuPlayerDriver( 1336): notifyResetComplete(0xe9912900)
06-06 00:07:34.870 V/EmulatedCamera_Camera( 1326): getCameraInfo
06-06 00:07:34.870 V/EmulatedCamera_BaseCamera( 1326): getCameraInfo
06-06 00:07:34.904 V/EmulatedCamera_Camera( 1326): getCameraInfo
06-06 00:07:34.904 V/EmulatedCamera_BaseCamera( 1326): getCameraInfo
06-06 00:07:35.106 I/StatusBar( 2799): isKeyguardShowing() called before startKeyguard(), returning true
06-06 00:07:35.125 W/StatusBar( 2799): isKeyguardSecure() called before startKeyguard(), returning false
06-06 00:07:35.125 W/StatusBar( 2799): java.lang.Throwable
06-06 00:07:35.125 W/StatusBar( 2799): 	at com.android.systemui.statusbar.BaseStatusBar.isKeyguardSecure(BaseStatusBar.java:2647)
06-06 00:07:35.125 W/StatusBar( 2799): 	at com.android.systemui.statusbar.BaseStatusBar.isCameraAllowedByAdmin(BaseStatusBar.java:2670)
06-06 00:07:35.125 W/StatusBar( 2799): 	at com.android.systemui.statusbar.phone.KeyguardBottomAreaView.updateCameraVisibility(KeyguardBottomAreaView.java:309)
06-06 00:07:35.125 W/StatusBar( 2799): 	at com.android.systemui.statusbar.phone.KeyguardBottomAreaView.setPhoneStatusBar(KeyguardBottomAreaView.java:272)
06-06 00:07:35.125 W/StatusBar( 2799): 	at com.android.systemui.statusbar.phone.PhoneStatusBar.makeStatusBarView(PhoneStatusBar.java:904)
06-06 00:07:35.125 W/StatusBar( 2799): 	at com.android.systemui.statusbar.phone.PhoneStatusBar.addStatusBarWindow(PhoneStatusBar.java:3432)
06-06 00:07:35.125 W/StatusBar( 2799): 	at com.android.systemui.statusbar.phone.PhoneStatusBar.createAndAddWindows(PhoneStatusBar.java:3428)
06-06 00:07:35.125 W/StatusBar( 2799): 	at com.android.systemui.statusbar.BaseStatusBar.start(BaseStatusBar.java:765)
06-06 00:07:35.125 W/StatusBar( 2799): 	at com.android.systemui.statusbar.phone.PhoneStatusBar.start(PhoneStatusBar.java:686)
06-06 00:07:35.125 W/StatusBar( 2799): 	at com.android.systemui.statusbar.SystemBars.createStatusBarFromConfig(SystemBars.java:106)
06-06 00:07:35.125 W/StatusBar( 2799): 	at com.android.systemui.statusbar.SystemBars.onNoService(SystemBars.java:58)
06-06 00:07:35.125 W/StatusBar( 2799): 	at com.android.systemui.statusbar.ServiceMonitor.startService(ServiceMonitor.java:230)
06-06 00:07:35.125 W/StatusBar( 2799): 	at com.android.systemui.statusbar.ServiceMonitor.-wrap5(ServiceMonitor.java)
06-06 00:07:35.125 W/StatusBar( 2799): 	at com.android.systemui.statusbar.ServiceMonitor$1.handleMessage(ServiceMonitor.java:73)
06-06 00:07:35.125 W/StatusBar( 2799): 	at android.os.Handler.dispatchMessage(Handler.java:102)
06-06 00:07:35.125 W/StatusBar( 2799): 	at android.os.Looper.loop(Looper.java:154)
06-06 00:07:35.125 W/StatusBar( 2799): 	at android.app.ActivityThread.main(ActivityThread.java:6119)
06-06 00:07:35.125 W/StatusBar( 2799): 	at java.lang.reflect.Method.invoke(Native Method)
06-06 00:07:35.125 W/StatusBar( 2799): 	at com.android.internal.os.ZygoteInit$MethodAndArgsCaller.run(ZygoteInit.java:886)
06-06 00:07:35.125 W/StatusBar( 2799): 	at com.android.internal.os.ZygoteInit.main(ZygoteInit.java:776)
06-06 00:07:35.145 I/StatusBar( 2799): isKeyguardShowing() called before startKeyguard(), returning true
06-06 00:07:35.147 W/StatusBar( 2799): isKeyguardSecure() called before startKeyguard(), returning false
06-06 00:07:35.147 W/StatusBar( 2799): java.lang.Throwable
06-06 00:07:35.147 W/StatusBar( 2799): 	at com.android.systemui.statusbar.BaseStatusBar.isKeyguardSecure(BaseStatusBar.java:2647)
06-06 00:07:35.147 W/StatusBar( 2799): 	at com.android.systemui.statusbar.BaseStatusBar.isCameraAllowedByAdmin(BaseStatusBar.java:2670)
06-06 00:07:35.147 W/StatusBar( 2799): 	at com.android.systemui.statusbar.phone.KeyguardBottomAreaView.updateCameraVisibility(KeyguardBottomAreaView.java:309)
06-06 00:07:35.147 W/StatusBar( 2799): 	at com.android.systemui.statusbar.phone.KeyguardBottomAreaView.setUserSetupComplete(KeyguardBottomAreaView.java:281)
06-06 00:07:35.147 W/StatusBar( 2799): 	at com.android.systemui.statusbar.phone.PhoneStatusBar.makeStatusBarView(PhoneStatusBar.java:905)
06-06 00:07:35.147 W/StatusBar( 2799): 	at com.android.systemui.statusbar.phone.PhoneStatusBar.addStatusBarWindow(PhoneStatusBar.java:3432)
06-06 00:07:35.147 W/StatusBar( 2799): 	at com.android.systemui.statusbar.phone.PhoneStatusBar.createAndAddWindows(PhoneStatusBar.java:3428)
06-06 00:07:35.147 W/StatusBar( 2799): 	at com.android.systemui.statusbar.BaseStatusBar.start(BaseStatusBar.java:765)
06-06 00:07:35.147 W/StatusBar( 2799): 	at com.android.systemui.statusbar.phone.PhoneStatusBar.start(PhoneStatusBar.java:686)
06-06 00:07:35.147 W/StatusBar( 2799): 	at com.android.systemui.statusbar.SystemBars.createStatusBarFromConfig(SystemBars.java:106)
06-06 00:07:35.147 W/StatusBar( 2799): 	at com.android.systemui.statusbar.SystemBars.onNoService(SystemBars.java:58)
06-06 00:07:35.147 W/StatusBar( 2799): 	at com.android.systemui.statusbar.ServiceMonitor.startService(ServiceMonitor.java:230)
06-06 00:07:35.147 W/StatusBar( 2799): 	at com.android.systemui.statusbar.ServiceMonitor.-wrap5(ServiceMonitor.java)
06-06 00:07:35.147 W/StatusBar( 2799): 	at com.android.systemui.statusbar.ServiceMonitor$1.handleMessage(ServiceMonitor.java:73)
06-06 00:07:35.147 W/StatusBar( 2799): 	at android.os.Handler.dispatchMessage(Handler.java:102)
06-06 00:07:35.147 W/StatusBar( 2799): 	at android.os.Looper.loop(Looper.java:154)
06-06 00:07:35.147 W/StatusBar( 2799): 	at android.app.ActivityThread.main(ActivityThread.java:6119)
06-06 00:07:35.147 W/StatusBar( 2799): 	at java.lang.reflect.Method.invoke(Native Method)
06-06 00:07:35.147 W/StatusBar( 2799): 	at com.android.internal.os.ZygoteInit$MethodAndArgsCaller.run(ZygoteInit.java:886)
06-06 00:07:35.147 W/StatusBar( 2799): 	at com.android.internal.os.ZygoteInit.main(ZygoteInit.java:776)
06-06 00:07:35.500 V/EmulatedCamera_Camera( 1326): getCameraInfo
06-06 00:07:35.500 V/EmulatedCamera_BaseCamera( 1326): getCameraInfo
06-06 00:07:35.505 V/EmulatedCamera_Camera( 1326): getCameraInfo
06-06 00:07:35.506 V/EmulatedCamera_BaseCamera( 1326): getCameraInfo
06-06 00:07:36.009 I/StatusBar( 2799): isKeyguardShowing() called before startKeyguard(), returning true
06-06 00:07:36.019 W/StatusBar( 2799): isKeyguardSecure() called before startKeyguard(), returning false
06-06 00:07:36.019 W/StatusBar( 2799): java.lang.Throwable
06-06 00:07:36.019 W/StatusBar( 2799): 	at com.android.systemui.statusbar.BaseStatusBar.isKeyguardSecure(BaseStatusBar.java:2647)
06-06 00:07:36.019 W/StatusBar( 2799): 	at com.android.systemui.statusbar.BaseStatusBar.isCameraAllowedByAdmin(BaseStatusBar.java:2670)
06-06 00:07:36.019 W/StatusBar( 2799): 	at com.android.systemui.statusbar.phone.KeyguardBottomAreaView.updateCameraVisibility(KeyguardBottomAreaView.java:309)
06-06 00:07:36.019 W/StatusBar( 2799): 	at com.android.systemui.statusbar.phone.KeyguardBottomAreaView.setUserSetupComplete(KeyguardBottomAreaView.java:281)
06-06 00:07:36.019 W/StatusBar( 2799): 	at com.android.systemui.statusbar.phone.PhoneStatusBar$1.onChange(PhoneStatusBar.java:441)
06-06 00:07:36.019 W/StatusBar( 2799): 	at com.android.systemui.statusbar.phone.PhoneStatusBar.resetUserSetupObserver(PhoneStatusBar.java:3676)
06-06 00:07:36.019 W/StatusBar( 2799): 	at com.android.systemui.statusbar.phone.PhoneStatusBar.makeStatusBarView(PhoneStatusBar.java:1008)
06-06 00:07:36.019 W/StatusBar( 2799): 	at com.android.systemui.statusbar.phone.PhoneStatusBar.addStatusBarWindow(PhoneStatusBar.java:3432)
06-06 00:07:36.019 W/StatusBar( 2799): 	at com.android.systemui.statusbar.phone.PhoneStatusBar.createAndAddWindows(PhoneStatusBar.java:3428)
06-06 00:07:36.019 W/StatusBar( 2799): 	at com.android.systemui.statusbar.BaseStatusBar.start(BaseStatusBar.java:765)
06-06 00:07:36.019 W/StatusBar( 2799): 	at com.android.systemui.statusbar.phone.PhoneStatusBar.start(PhoneStatusBar.java:686)
06-06 00:07:36.019 W/StatusBar( 2799): 	at com.android.systemui.statusbar.SystemBars.createStatusBarFromConfig(SystemBars.java:106)
06-06 00:07:36.019 W/StatusBar( 2799): 	at com.android.systemui.statusbar.SystemBars.onNoService(SystemBars.java:58)
06-06 00:07:36.019 W/StatusBar( 2799): 	at com.android.systemui.statusbar.ServiceMonitor.startService(ServiceMonitor.java:230)
06-06 00:07:36.019 W/StatusBar( 2799): 	at com.android.systemui.statusbar.ServiceMonitor.-wrap5(ServiceMonitor.java)
06-06 00:07:36.019 W/StatusBar( 2799): 	at com.android.systemui.statusbar.ServiceMonitor$1.handleMessage(ServiceMonitor.java:73)
06-06 00:07:36.019 W/StatusBar( 2799): 	at android.os.Handler.dispatchMessage(Handler.java:102)
06-06 00:07:36.019 W/StatusBar( 2799): 	at android.os.Looper.loop(Looper.java:154)
06-06 00:07:36.019 W/StatusBar( 2799): 	at android.app.ActivityThread.main(ActivityThread.java:6119)
06-06 00:07:36.019 W/StatusBar( 2799): 	at java.lang.reflect.Method.invoke(Native Method)
06-06 00:07:36.019 W/StatusBar( 2799): 	at com.android.internal.os.ZygoteInit$MethodAndArgsCaller.run(ZygoteInit.java:886)
06-06 00:07:36.019 W/StatusBar( 2799): 	at com.android.internal.os.ZygoteInit.main(ZygoteInit.java:776)
06-06 00:07:36.085 E/SurfaceFlinger( 1320): ro.sf.lcd_density must be defined as a build property
06-06 00:07:36.106 D/OpenGLRenderer( 2799): profile bars disabled
06-06 00:07:36.109 D/OpenGLRenderer( 2799): ambientRatio = 1.50
06-06 00:07:36.205 D/PhoneStatusBar( 2799): disable: < EXPAND* icons alerts system_info BACK* HOME* RECENT* clock SEARCH* quick_settings >
06-06 00:07:36.455 W/ActivityManager( 1956): Slow operation: 127ms so far, now at startProcess: returned from zygote!
06-06 00:07:36.456 W/ActivityManager( 1956): Slow operation: 128ms so far, now at startProcess: done updating battery stats
06-06 00:07:36.474 W/ActivityManager( 1956): Slow operation: 146ms so far, now at startProcess: building log message
06-06 00:07:36.475 I/ActivityManager( 1956): Start proc 2902:android.process.acore/u0a1 for content provider com.android.providers.contacts/.ContactsProvider2
06-06 00:07:36.475 W/ActivityManager( 1956): Slow operation: 147ms so far, now at startProcess: starting to update pids map
06-06 00:07:36.475 W/ActivityManager( 1956): Slow operation: 147ms so far, now at startProcess: done updating pids map
06-06 00:07:36.475 W/ActivityManager( 1956): Slow operation: 150ms so far, now at startProcess: done starting proc!
06-06 00:07:36.475 W/ActivityManager( 1956): Slow operation: 154ms so far, now at getContentProviderImpl: after start process
06-06 00:07:36.475 W/ActivityManager( 1956): Slow operation: 154ms so far, now at getContentProviderImpl: updating data structures
06-06 00:07:36.476 W/ActivityManager( 1956): Slow operation: 155ms so far, now at getContentProviderImpl: done!
06-06 00:07:36.482 W/art     ( 1956): Long monitor contention with owner Binder:1956_7 (2591) at android.app.IActivityManager$ContentProviderHolder com.android.server.am.ActivityManagerService.getContentProviderImpl(android.app.IApplicationThread, java.lang.String, android.os.IBinder, boolean, int)(ActivityManagerService.java:10666) waiters=0 in android.content.Intent com.android.server.am.ActivityManagerService.registerReceiver(android.app.IApplicationThread, java.lang.String, android.content.IIntentReceiver, android.content.IntentFilter, java.lang.String, int) for 164ms
06-06 00:07:36.489 W/art     ( 2902): Unexpected CPU variant for X86 using defaults: x86_64
06-06 00:07:36.514 W/art     ( 1956): Long monitor contention with owner Binder:1956_7 (2591) at android.app.IActivityManager$ContentProviderHolder com.android.server.am.ActivityManagerService.getContentProviderImpl(android.app.IApplicationThread, java.lang.String, android.os.IBinder, boolean, int)(ActivityManagerService.java:10666) waiters=3 in android.content.pm.UserInfo com.android.server.am.UserController.getCurrentUser() for 156ms
06-06 00:07:36.726 V/MediaScanner( 2837): pruneDeadThumbnailFiles... android.content.ContentProviderClient$CursorWrapperInner@7faadb1
06-06 00:07:36.728 V/MediaScanner( 2837): /pruneDeadThumbnailFiles... android.content.ContentProviderClient$CursorWrapperInner@7faadb1
06-06 00:07:37.053 D/PhoneStatusBar( 2799): heads up is enabled
06-06 00:07:37.067 W/System  ( 2902): ClassLoader referenced unknown path: /system/priv-app/ContactsProvider/lib/x86_64
06-06 00:07:38.346 W/art     ( 1956): Long monitor contention with owner Binder:1956_C (2596) at int com.android.server.wm.WindowManagerService.relayoutWindow(com.android.server.wm.Session, android.view.IWindow, int, android.view.WindowManager$LayoutParams, int, int, int, int, android.graphics.Rect, android.graphics.Rect, android.graphics.Rect, android.graphics.Rect, android.graphics.Rect, android.graphics.Rect, android.graphics.Rect, android.content.res.Configuration, android.view.Surface)(WindowManagerService.java:2857) waiters=0 in void com.android.server.wm.WindowManagerService$H.handleMessage(android.os.Message) for 801ms
06-06 00:07:38.444 I/art     ( 2799): Background partial concurrent mark sweep GC freed 10135(1362KB) AllocSpace objects, 3(60KB) LOS objects, 23% free, 12MB/16MB, paused 6.048ms total 654.952ms
06-06 00:07:38.502 I/ContactsPerf( 2902): VoicemailContentProvider.onCreate start
06-06 00:07:38.556 I/ContactsPerf( 2902): VoicemailContentProvider.onCreate finish
06-06 00:07:38.584 W/System  ( 2902): ClassLoader referenced unknown path: /system/priv-app/BlockedNumberProvider/lib/x86_64
06-06 00:07:38.589 D/ApplicationLoaders( 2902): ignored Vulkan layer search path /system/priv-app/BlockedNumberProvider/lib/x86_64:/system/lib64:/vendor/lib64 for namespace 0x74dea2aba0f0
06-06 00:07:38.714 W/art     ( 1956): Long monitor contention with owner Binder:1956_11 (2601) at int com.android.server.wm.WindowManagerService.relayoutWindow(com.android.server.wm.Session, android.view.IWindow, int, android.view.WindowManager$LayoutParams, int, int, int, int, android.graphics.Rect, android.graphics.Rect, android.graphics.Rect, android.graphics.Rect, android.graphics.Rect, android.graphics.Rect, android.graphics.Rect, android.content.res.Configuration, android.view.Surface)(WindowManagerService.java:2857) waiters=0 in void com.android.server.wm.WindowManagerService$H.handleMessage(android.os.Message) for 330ms
06-06 00:07:38.869 W/art     ( 1956): Long monitor contention with owner Binder:1956_11 (2601) at int com.android.server.wm.WindowManagerService.relayoutWindow(com.android.server.wm.Session, android.view.IWindow, int, android.view.WindowManager$LayoutParams, int, int, int, int, android.graphics.Rect, android.graphics.Rect, android.graphics.Rect, android.graphics.Rect, android.graphics.Rect, android.graphics.Rect, android.graphics.Rect, android.content.res.Configuration, android.view.Surface)(WindowManagerService.java:2857) waiters=1 in void com.android.server.wm.WindowManagerService.finishDrawingWindow(com.android.server.wm.Session, android.view.IWindow) for 317ms
06-06 00:07:38.883 I/Choreographer( 1956): Skipped 30 frames!  The application may be doing too much work on its main thread.
06-06 00:07:38.898 W/KeyguardUpdateMonitor( 2799): invalid subId in handleSimStateChange()
06-06 00:07:39.051 V/KeyguardServiceDelegate( 1956): **** SHOWN CALLED ****
06-06 00:07:39.215 I/Choreographer( 2799): Skipped 374 frames!  The application may be doing too much work on its main thread.
06-06 00:07:39.240 W/System  ( 2902): ClassLoader referenced unknown path: /system/app/UserDictionaryProvider/lib/x86_64
06-06 00:07:39.313 D/ApplicationLoaders( 2902): ignored Vulkan layer search path /system/app/UserDictionaryProvider/lib/x86_64:/system/lib64:/vendor/lib64 for namespace 0x74dea2aba160
06-06 00:07:39.478 I/Choreographer( 1956): Skipped 34 frames!  The application may be doing too much work on its main thread.
06-06 00:07:39.588 D/ViewRootImpl[StatusBar]( 2799): changeCanvasOpacity: opaque=true
06-06 00:07:40.411 W/art     ( 1956): Long monitor contention with owner android.ui (1994) at int com.android.server.wm.WindowManagerService.relayoutWindow(com.android.server.wm.Session, android.view.IWindow, int, android.view.WindowManager$LayoutParams, int, int, int, int, android.graphics.Rect, android.graphics.Rect, android.graphics.Rect, android.graphics.Rect, android.graphics.Rect, android.graphics.Rect, android.graphics.Rect, android.content.res.Configuration, android.view.Surface)(WindowManagerService.java:2857) waiters=0 in void com.android.server.wm.WindowAnimator$1.doFrame(long) for 932ms
06-06 00:07:41.050 I/Choreographer( 1956): Skipped 37 frames!  The application may be doing too much work on its main thread.
06-06 00:07:41.091 W/art     ( 1956): Long monitor contention with owner android.display (2012) at void com.android.server.wm.WindowManagerService$H.handleMessage(android.os.Message)(WindowManagerService.java:8368) waiters=0 in int com.android.server.wm.WindowManagerService.relayoutWindow(com.android.server.wm.Session, android.view.IWindow, int, android.view.WindowManager$LayoutParams, int, int, int, int, android.graphics.Rect, android.graphics.Rect, android.graphics.Rect, android.graphics.Rect, android.graphics.Rect, android.graphics.Rect, android.graphics.Rect, android.content.res.Configuration, android.view.Surface) for 539ms
06-06 00:07:41.616 W/art     ( 1956): Long monitor contention with owner android.ui (1994) at int com.android.server.wm.WindowManagerService.relayoutWindow(com.android.server.wm.Session, android.view.IWindow, int, android.view.WindowManager$LayoutParams, int, int, int, int, android.graphics.Rect, android.graphics.Rect, android.graphics.Rect, android.graphics.Rect, android.graphics.Rect, android.graphics.Rect, android.graphics.Rect, android.content.res.Configuration, android.view.Surface)(WindowManagerService.java:2857) waiters=1 in int com.android.server.wm.WindowManagerService.relayoutWindow(com.android.server.wm.Session, android.view.IWindow, int, android.view.WindowManager$LayoutParams, int, int, int, int, android.graphics.Rect, android.graphics.Rect, android.graphics.Rect, android.graphics.Rect, android.graphics.Rect, android.graphics.Rect, android.graphics.Rect, android.content.res.Configuration, android.view.Surface) for 457ms
06-06 00:07:41.618 W/art     ( 1956): Long monitor contention with owner android.display (2012) at void com.android.server.wm.WindowManagerService$H.handleMessage(android.os.Message)(WindowManagerService.java:8368) waiters=1 in void com.android.server.wm.WindowManagerService.getInitialDisplaySize(int, android.graphics.Point) for 305ms
