06-06 00:06:24.011 W/art     ( 1956): Long monitor contention with owner ActivityManager (1993) at void com.android.server.am.BroadcastQueue.processNextBroadcast(boolean)(BroadcastQueue.java:760) waiters=1 in int com.android.server.am.ActivityManagerService.broadcastIntent(android.app.IApplicationThread, android.content.Intent, java.lang.String, android.content.IIntentReceiver, int, java.lang.String, android.os.Bundle, java.lang.String[], int, android.os.Bundle, boolean, boolean, int) for 229ms
06-06 00:06:24.381 W/art     ( 1956): Long monitor contention with owner ActivityManager (1993) at void com.android.server.am.BroadcastQueue.processNextBroadcast(boolean)(BroadcastQueue.java:760) waiters=2 in android.content.pm.UserInfo com.android.server.am.UserController.getCurrentUser() for 439ms
06-06 00:06:24.441 W/art     ( 1956): Long monitor contention with owner android.ui (1994) at void com.android.server.am.AppErrors.handleShowAnrUi(android.os.Message)(AppErrors.java:925) waiters=1 in int com.android.server.am.ActivityManagerService.broadcastIntent(android.app.IApplicationThread, android.content.Intent, java.lang.String, android.content.IIntentReceiver, int, java.lang.String, android.os.Bundle, java.lang.String[], int, android.os.Bundle, boolean, boolean, int) for 430ms
06-06 00:06:24.492 W/art     ( 1956): Long monitor contention with owner android.ui (1994) at void com.android.server.am.AppErrors.handleShowAnrUi(android.os.Message)(AppErrors.java:925) waiters=2 in void com.android.server.am.ActivityManagerService$MainHandler.handleMessage(android.os.Message) for 470ms
06-06 00:06:24.570 V/KeyguardServiceDelegate( 1956): *** Keyguard started
06-06 00:06:25.368 W/KeyguardServiceDelegate( 1956): onScreenTurningOn(): no keyguard service!
06-06 00:06:25.847 D/AccessibilityManagerService( 1956): Ignoring non-encryption-aware service ComponentInfo{com.example.android.apis/com.example.android.apis.accessibility.ClockBackService}
06-06 00:06:25.847 D/AccessibilityManagerService( 1956): Ignoring non-encryption-aware service ComponentInfo{com.example.android.apis/com.example.android.apis.accessibility.MagnificationService}
06-06 00:06:25.847 D/AccessibilityManagerService( 1956): Ignoring non-encryption-aware service ComponentInfo{com.example.android.apis/com.example.android.apis.accessibility.TaskBackService}
06-06 00:06:26.793 W/VibratorService( 1956): Tried to stop vibrating but there is no vibrator device.
06-06 00:06:27.194 W/WindowManager( 1956): Keyguard drawn timeout. Setting mKeyguardDrawComplete
06-06 00:06:27.267 W/ActivityManager( 1956): Slow operation: 127ms so far, now at startProcess: starting to update cpu stats
06-06 00:06:27.268 W/ActivityManager( 1956): Slow operation: 128ms so far, now at startProcess: done updating cpu stats
06-06 00:06:27.268 W/ActivityManager( 1956): Slow operation: 128ms so far, now at startProcess: getting gids from package manager
06-06 00:06:27.269 W/ActivityManager( 1956): Slow operation: 129ms so far, now at startProcess: building args
06-06 00:06:27.281 W/ActivityManager( 1956): Slow operation: 141ms so far, now at startProcess: asking zygote to start proc
06-06 00:06:27.888 W/art     ( 2529): Unexpected CPU variant for X86 using defaults: x86_64
06-06 00:06:27.933 W/ActivityManager( 1956): Slow operation: 793ms so far, now at startProcess: returned from zygote!
06-06 00:06:27.933 W/ActivityManager( 1956): Slow operation: 793ms so far, now at startProcess: done updating battery stats
06-06 00:06:27.934 W/ActivityManager( 1956): Slow operation: 794ms so far, now at startProcess: building log message
06-06 00:06:27.934 I/ActivityManager( 1956): Start proc 2529:com.android.cellbroadcastreceiver/u0a4 for broadcast com.android.cellbroadcastreceiver/.CellBroadcastReceiver
06-06 00:06:27.934 W/ActivityManager( 1956): Slow operation: 794ms so far, now at startProcess: starting to update pids map
06-06 00:06:27.934 W/ActivityManager( 1956): Slow operation: 794ms so far, now at startProcess: done updating pids map
06-06 00:06:27.934 W/ActivityManager( 1956): Slow operation: 815ms so far, now at startProcess: done starting proc!
06-06 00:06:27.959 W/art     ( 1956): Long monitor contention with owner main (1956) at void com.android.server.am.BroadcastQueue.processNextBroadcast(boolean)(BroadcastQueue.java:760) waiters=0 in android.content.Intent com.android.server.am.ActivityManagerService.registerReceiver(android.app.IApplicationThread, java.lang.String, android.content.IIntentReceiver, android.content.IntentFilter, java.lang.String, int) for 500ms
06-06 00:06:28.491 I/Choreographer( 1956): Skipped 75 frames!  The application may be doing too much work on its main thread.
06-06 00:06:31.876 W/SystemConfig( 2414): No directory /system/etc/sysconfig, skipping
06-06 00:06:32.095 W/art     ( 2199): Suspending all threads took: 17.820ms
06-06 00:06:32.556 I/art     ( 2199): Background sticky concurrent mark sweep GC freed 17522(2MB) AllocSpace objects, 2(40KB) LOS objects, 30% free, 6MB/10MB, paused 21.945ms total 955.541ms
06-06 00:06:34.607 D/PhoneSwitcherNetworkRequstListener( 2414): Registering NetworkFactory
06-06 00:06:37.390 W/BroadcastQueue( 1956): Timeout of broadcast BroadcastRecord{ae6ad9d u-1 android.intent.action.TIME_TICK} - receiver=android.os.BinderProxy@7b66f10, started 10011ms ago
06-06 00:06:37.391 W/BroadcastQueue( 1956): Receiver during timeout: BroadcastFilter{49f440e u0 ReceiverList{4e45a09 2199 com.android.systemui/10021/u0 remote:7b66f10}}
06-06 00:06:38.263 D/CarrierConfigLoader( 2414): CarrierConfigLoader has started
06-06 00:06:38.267 E/BluetoothAdapter( 2414): Bluetooth binder is null
06-06 00:06:39.362 D/ConnectivityService( 1956): Got NetworkFactory Messenger for PhoneSwitcherNetworkRequstListener
06-06 00:06:39.567 D/ConnectivityService( 1956): Got NetworkFactory Messenger for TelephonyNetworkFactory[0]
06-06 00:06:41.443 I/Process ( 1956): Sending signal. PID: 2199 SIG: 3
06-06 00:06:41.445 I/art     ( 2199): Thread[3,tid=2207,WaitingInMainSignalCatcherLoop,Thread*=0x74de9e496400,peer=0x12c005e0,"Signal Catcher"]: reacting to signal 3
06-06 00:06:41.445 I/art     ( 2199): 
06-06 00:06:41.524 W/System  ( 2199): ClassLoader referenced unknown path: 
06-06 00:06:41.525 W/System  ( 2199): ClassLoader referenced unknown path: /system/priv-app/Dialer/lib/x86_64
06-06 00:06:41.777 W/art     ( 1956): Long monitor contention with owner BackgroundDexOptService_PostBootUpdate (2571) at void com.android.server.power.PowerManagerService.acquireWakeLockInternal(android.os.IBinder, int, java.lang.String, java.lang.String, android.os.WorkSource, java.lang.String, int, int)(PowerManagerService.java:862) waiters=0 in void com.android.server.power.PowerManagerService.handleSandman() for 117ms
06-06 00:06:41.838 I/Telephony( 2414): TtyManager: updateUiTtyMode -1 -> 0
06-06 00:06:42.529 D/ApplicationLoaders( 2199): ignored Vulkan layer search path /system/priv-app/Dialer/lib/x86_64:/system/lib64:/vendor/lib64 for namespace 0x74dea2d1a0f0
06-06 00:06:42.726 E/ActivityManager( 1956): ANR in com.android.systemui
06-06 00:06:42.726 E/ActivityManager( 1956): PID: 2199
06-06 00:06:42.726 E/ActivityManager( 1956): Reason: Broadcast of Intent { act=android.intent.action.TIME_TICK flg=0x50000014 (has extras) }
06-06 00:06:42.726 E/ActivityManager( 1956): Load: 0.0 / 0.0 / 0.0
06-06 00:06:42.726 E/ActivityManager( 1956): CPU usage from 14397ms to 0ms ago (2020-06-06 00:06:23.091 to 2020-06-06 00:06:37.488):
06-06 00:06:42.726 E/ActivityManager( 1956):   101% 1320/surfaceflinger: 30% user + 70% kernel / faults: 3 minor
06-06 00:06:42.726 E/ActivityManager( 1956):   22% 1579/bootanimation: 3% user + 19% kernel
06-06 00:06:42.726 E/ActivityManager( 1956):   20% 1956/system_server: 2.2% user + 17% kernel / faults: 3762 minor 12 major
06-06 00:06:42.726 E/ActivityManager( 1956):   18% 2433/com.android.settings: 2.9% user + 15% kernel / faults: 122 minor 1 major
06-06 00:06:42.726 E/ActivityManager( 1956):   10% 2199/com.android.systemui: 0.6% user + 9.9% kernel / faults: 1338 minor 7 major
06-06 00:06:42.726 E/ActivityManager( 1956):   5.8% 2414/com.android.phone: 1.1% user + 4.7% kernel / faults: 1055 minor 6 major
06-06 00:06:42.726 E/ActivityManager( 1956):   2.1% 1322/adbd: 0% user + 2.1% kernel / faults: 536 minor
06-06 00:06:42.726 E/ActivityManager( 1956):   0.5% 1323/zygote64: 0% user + 0.5% kernel / faults: 150 minor
06-06 00:06:42.726 E/ActivityManager( 1956):   0.3% 8/rcu_preempt: 0% user + 0.3% kernel
06-06 00:06:42.726 E/ActivityManager( 1956):   0.2% 1319/servicemanager: 0% user + 0.2% kernel
06-06 00:06:42.726 E/ActivityManager( 1956):   0.2% 1325/audioserver: 0% user + 0.2% kernel
06-06 00:06:42.726 E/ActivityManager( 1956):   0.2% 1263/jbd2/vdc-8: 0% user + 0.2% kernel
06-06 00:06:42.726 E/ActivityManager( 1956):   0.1% 2186/com.android.inputmethod.latin: 0% user + 0.1% kernel
06-06 00:06:42.726 E/ActivityManager( 1956):   0% 1//init: 0% user + 0% kernel / faults: 1 minor
06-06 00:06:42.726 E/ActivityManager( 1956):   0% 3/ksoftirqd/0: 0% user + 0% kernel
06-06 00:06:42.726 E/ActivityManager( 1956):   0% 6/kworker/u4:0: 0% user + 0% kernel
06-06 00:06:42.726 E/ActivityManager( 1956):   0% 673/kworker/1:1: 0% user + 0% kernel
06-06 00:06:42.726 E/ActivityManager( 1956):   0% 809/kworker/0:2: 0% user + 0% kernel
06-06 00:06:42.726 E/ActivityManager( 1956):   0% 1332/keystore: 0% user + 0% kernel
06-06 00:06:42.726 E/ActivityManager( 1956):   0% 1337/netd: 0% user + 0% kernel / faults: 3 minor
06-06 00:06:42.726 E/ActivityManager( 1956):  +0% 2529/<pre-initialized>: 0% user + 0% kernel
06-06 00:06:42.726 E/ActivityManager( 1956): 100% TOTAL: 24% user + 73% kernel + 1.4% softirq
06-06 00:06:42.726 E/ActivityManager( 1956): CPU usage from 229488ms to 229488ms ago (1970-01-01 00:00:00.000 to 1970-01-01 00:00:00.000) with 0% awake:
06-06 00:06:42.726 E/ActivityManager( 1956): 0% TOTAL: 0% user + 0% kernel
06-06 00:06:42.857 I/ActivityManager( 1956): Killing 2199:com.android.systemui/u0a21 (adj -800): bg anr
06-06 00:06:43.195 D/AlarmManagerService( 1956): Kernel timezone updated to 0 minutes west of GMT
06-06 00:06:43.505 D/AlarmManagerService( 1956): Setting time of day to sec=1591402004
06-06 00:06:44.221 W/AlarmManagerService( 1956): Unable to set rtc to 1591402004: No such device
06-06 00:06:44.330 D/ConditionProviders.SCP( 1956): onReceive android.intent.action.TIME_SET
06-06 00:06:44.383 D/ConditionProviders.SCP( 1956): notifyCondition condition://android/schedule?days=6.7&start=23.30&end=10.0&exitAtAlarm=false STATE_TRUE reason=meetsSchedule
06-06 00:06:44.402 D/ConditionProviders.SCP( 1956): notifyCondition condition://android/schedule?days=1.2.3.4.5&start=22.0&end=7.0&exitAtAlarm=false STATE_FALSE reason=!meetsSchedule
06-06 00:06:44.408 D/ConditionProviders.SCP( 1956): Scheduling evaluate for Sat Jun 06 07:00:00 UTC 2020 (1591426800000), in +6h53m15s619ms, now=Sat Jun 06 00:06:44 UTC 2020 (1591402004381)
06-06 00:06:45.488 W/ActivityManager( 1956): Timeout executing service: ServiceRecord{29e2616 u0 com.android.systemui/.keyguard.KeyguardService}
06-06 00:06:46.011 W/art     ( 1956): Long monitor contention with owner ActivityManager (1993) at void com.android.server.am.ActiveServices.serviceTimeout(com.android.server.am.ProcessRecord)(ActiveServices.java:2825) waiters=0 in void com.android.server.am.ActivityManagerService$3.handleMessage(android.os.Message) for 143ms
06-06 00:06:46.153 W/art     ( 1956): Suspending all threads took: 296.242ms
06-06 00:06:47.121 I/ActivityManager( 1956): Skipping duplicate ANR: ProcessRecord{d585227 2199:com.android.systemui/u0a21} executing service com.android.systemui/.keyguard.KeyguardService
06-06 00:06:47.151 W/art     ( 1956): Long monitor contention with owner ActivityManager (1993) at void com.android.server.am.ActiveServices.serviceTimeout(com.android.server.am.ProcessRecord)(ActiveServices.java:2825) waiters=1 in java.lang.String com.android.server.am.ActivityManagerService.checkContentProviderAccess(java.lang.String, int) for 1.592s
06-06 00:06:47.245 I/art     ( 1956): Explicit concurrent mark sweep GC freed 59253(4MB) AllocSpace objects, 23(6MB) LOS objects, 28% free, 10MB/14MB, paused 1.237s total 29.690s
06-06 00:06:47.318 W/WindowManager( 1956): Timeout waiting for drawn: undrawn=[Window{46b651 u0 KeyguardScrim}]
06-06 00:06:47.400 W/WindowManager( 1956): Window freeze timeout expired.
06-06 00:06:47.407 W/WindowManager( 1956): Force clearing orientation change: Window{46b651 u0 KeyguardScrim}
06-06 00:06:47.502 W/art     ( 1956): Long monitor contention with owner ConditionProviders.ECP (2159) at java.lang.String com.android.server.am.ActivityManagerService.checkContentProviderAccess(java.lang.String, int)(ActivityManagerService.java:10435) waiters=1 in void com.android.server.am.PendingIntentRecord.completeFinalize() for 191ms
06-06 00:06:48.244 W/art     ( 1956): Long monitor contention with owner ConditionProviders.ECP (2159) at java.lang.String com.android.server.am.ActivityManagerService.checkContentProviderAccess(java.lang.String, int)(ActivityManagerService.java:10435) waiters=5 in void com.android.server.am.ActivityManagerService$3.handleMessage(android.os.Message) for 769ms
06-06 00:06:48.362 W/art     ( 1956): Long monitor contention with owner ConditionProviders.ECP (2159) at java.lang.String com.android.server.am.ActivityManagerService.checkContentProviderAccess(java.lang.String, int)(ActivityManagerService.java:10435) waiters=6 in boolean com.android.server.am.ActivityManagerService.isUserRunning(int, int) for 867ms
06-06 00:06:48.524 E/ActivityThread( 2414): Failed to find provider info for com.android.contacts
06-06 00:06:48.524 W/CallerInfoCache( 2414): cursor is null
06-06 00:06:51.052 D/TelephonyDebugService( 2414): TelephonyDebugService()
06-06 00:06:51.135 D/CarrierConfigLoader( 2414): mHandler: 12 phoneId: 0
06-06 00:06:51.139 D/PhoneSwitcherNetworkRequstListener( 2414): got request NetworkRequest [ REQUEST id=1, [ Capabilities: INTERNET&NOT_RESTRICTED&TRUSTED&NOT_VPN] ] with score 0
06-06 00:06:51.512 W/art     ( 1956): Long monitor contention with owner Binder:1956_4 (2217) at int com.android.server.am.ActivityManagerService.broadcastIntent(android.app.IApplicationThread, android.content.Intent, java.lang.String, android.content.IIntentReceiver, int, java.lang.String, android.os.Bundle, java.lang.String[], int, android.os.Bundle, boolean, boolean, int)(ActivityManagerService.java:18551) waiters=0 in boolean com.android.server.am.ActivityManagerService.isUserRunning(int, int) for 3.033s
06-06 00:06:51.788 I/WindowManager( 1956): WIN DEATH: Window{409ce24 u0 DockedStackDivider}
06-06 00:06:51.812 W/AudioService( 1956): Current remote volume controller died, unregistering
06-06 00:06:51.872 W/VolumeController( 1956): Error calling dismiss
06-06 00:06:51.872 W/VolumeController( 1956): android.os.DeadObjectException
06-06 00:06:51.872 W/VolumeController( 1956): 	at android.os.BinderProxy.transactNative(Native Method)
06-06 00:06:51.872 W/VolumeController( 1956): 	at android.os.BinderProxy.transact(Binder.java:615)
06-06 00:06:51.872 W/VolumeController( 1956): 	at android.media.IVolumeController$Stub$Proxy.dismiss(IVolumeController.java:162)
06-06 00:06:51.872 W/VolumeController( 1956): 	at com.android.server.audio.AudioService$VolumeController.postDismiss(AudioService.java:6138)
06-06 00:06:51.872 W/VolumeController( 1956): 	at com.android.server.audio.AudioService.setVolumeController(AudioService.java:5986)
06-06 00:06:51.872 W/VolumeController( 1956): 	at com.android.server.audio.AudioService$4.binderDied(AudioService.java:5995)
06-06 00:06:51.872 W/VolumeController( 1956): 	at android.os.BinderProxy.sendDeathNotice(Binder.java:688)
06-06 00:06:52.171 I/ActivityManager( 1956): Process com.android.systemui (pid 2199) has died
06-06 00:06:52.172 D/ActivityManager( 1956): cleanUpApplicationRecord -- 2199
06-06 00:06:52.216 W/ActivityManager( 1956): Scheduling restart of crashed service com.android.systemui/.SystemUIService in 0ms
06-06 00:06:52.217 W/ActivityManager( 1956): Scheduling restart of crashed service com.android.systemui/.ImageWallpaper in 0ms
06-06 00:06:52.218 W/ActivityManager( 1956): Scheduling restart of crashed service com.android.systemui/.keyguard.KeyguardService in 0ms
06-06 00:06:52.234 W/ActivityManager( 1956): Re-adding persistent process ProcessRecord{d585227 2199:com.android.systemui/u0a21}
06-06 00:06:52.405 W/art     ( 1956): Long monitor contention with owner Binder:1956_9 (2593) at boolean android.os.MessageQueue.enqueueMessage(android.os.Message, long)(MessageQueue.java:541) waiters=0 in android.os.Message android.os.MessageQueue.next() for 188ms
06-06 00:06:52.407 W/WallpaperManagerService( 1956): Wallpaper service gone: ComponentInfo{com.android.systemui/com.android.systemui.ImageWallpaper}
06-06 00:06:53.252 W/ActivityManager( 1956): Slow operation: 1017ms so far, now at startProcess: returned from zygote!
06-06 00:06:53.253 W/ActivityManager( 1956): Slow operation: 1018ms so far, now at startProcess: done updating battery stats
06-06 00:06:53.253 W/ActivityManager( 1956): Slow operation: 1019ms so far, now at startProcess: building log message
06-06 00:06:53.254 I/ActivityManager( 1956): Start proc 2605:com.android.systemui/u0a21 for restart com.android.systemui
06-06 00:06:53.254 W/ActivityManager( 1956): Slow operation: 1019ms so far, now at startProcess: starting to update pids map
06-06 00:06:53.254 W/ActivityManager( 1956): Slow operation: 1020ms so far, now at startProcess: done updating pids map
06-06 00:06:53.257 W/art     ( 1956): Long monitor contention with owner Binder:1956_3 (2216) at void com.android.server.am.ActivityManagerService$AppDeathRecipient.binderDied()(ActivityManagerService.java:1475) waiters=0 in void com.android.server.am.ActiveServices$ServiceRestarter.run() for 1.047s
06-06 00:06:53.263 W/art     ( 1956): Long monitor contention with owner Binder:1956_3 (2216) at void com.android.server.am.ActivityManagerService$AppDeathRecipient.binderDied()(ActivityManagerService.java:1475) waiters=1 in void com.android.server.am.ActivityManagerService.dispatchUidsChanged() for 1.007s
06-06 00:06:53.268 W/art     ( 1956): Long monitor contention with owner Binder:1956_3 (2216) at void com.android.server.am.ActivityManagerService$AppDeathRecipient.binderDied()(ActivityManagerService.java:1475) waiters=2 in android.content.Intent com.android.server.am.ActivityManagerService.registerReceiver(android.app.IApplicationThread, java.lang.String, android.content.IIntentReceiver, android.content.IntentFilter, java.lang.String, int) for 825ms
06-06 00:06:53.799 W/art     ( 2605): Unexpected CPU variant for X86 using defaults: x86_64
06-06 00:06:55.211 W/WindowManager( 1956): ***** BOOT TIMEOUT: forcing display enabled
06-06 00:06:56.658 W/art     ( 1956): Long monitor contention with owner ConditionProviders.ECP (2159) at void java.lang.ref.ReferenceQueue.add(java.lang.ref.Reference)(ReferenceQueue.java:260) waiters=1 in void java.lang.Object.wait!() for 311ms
06-06 00:06:56.671 W/art     ( 1956): Long monitor contention with owner ConditionProviders.ECP (2159) at boolean java.lang.ref.FinalizerReference.enqueueSentinelReference(java.lang.ref.FinalizerReference$Sentinel)(FinalizerReference.java:98) waiters=0 in void java.lang.ref.FinalizerReference.add(java.lang.Object) for 1.975s
06-06 00:06:56.698 W/art     ( 1956): Long monitor contention with owner ConditionProviders.ECP (2159) at boolean java.lang.ref.FinalizerReference.enqueueSentinelReference(java.lang.ref.FinalizerReference$Sentinel)(FinalizerReference.java:98) waiters=1 in void java.lang.ref.FinalizerReference.add(java.lang.Object) for 1.486s
06-06 00:06:56.710 I/SurfaceFlinger( 1320): Boot is finished (224420 ms)
06-06 00:06:56.856 W/art     ( 1956): Long monitor contention with owner ConditionProviders.ECP (2159) at void java.lang.Object.notifyAll!()(Object.java:-2) waiters=1 in void com.android.server.content.ContentService$ObserverNode$ObserverEntry.binderDied() for 280ms
06-06 00:06:56.861 W/art     ( 1956): Long monitor contention with owner ConditionProviders.ECP (2159) at void java.lang.Object.notifyAll!()(Object.java:-2) waiters=2 in void com.android.server.content.ContentService$ObserverNode$ObserverEntry.binderDied() for 285ms
06-06 00:06:56.863 W/art     ( 1956): Long monitor contention with owner ConditionProviders.ECP (2159) at void java.lang.Object.notifyAll!()(Object.java:-2) waiters=3 in void com.android.server.content.ContentService$ObserverNode$ObserverEntry.binderDied() for 286ms
06-06 00:06:56.864 W/art     ( 1956): Long monitor contention with owner ConditionProviders.ECP (2159) at void java.lang.Object.notifyAll!()(Object.java:-2) waiters=4 in void com.android.server.content.ContentService$ObserverNode$ObserverEntry.binderDied() for 288ms
06-06 00:06:56.865 W/art     ( 1956): Long monitor contention with owner ConditionProviders.ECP (2159) at void java.lang.Object.notifyAll!()(Object.java:-2) waiters=5 in void com.android.server.content.ContentService$ObserverNode$ObserverEntry.binderDied() for 288ms
06-06 00:06:56.867 W/art     ( 1956): Long monitor contention with owner ConditionProviders.ECP (2159) at void java.lang.Object.notifyAll!()(Object.java:-2) waiters=6 in void com.android.server.content.ContentService$ObserverNode$ObserverEntry.binderDied() for 290ms
06-06 00:06:56.868 W/art     ( 1956): Long monitor contention with owner ConditionProviders.ECP (2159) at void java.lang.Object.notifyAll!()(Object.java:-2) waiters=8 in void com.android.server.content.ContentService$ObserverNode$ObserverEntry.binderDied() for 291ms
06-06 00:06:56.869 W/art     ( 1956): Long monitor contention with owner ConditionProviders.ECP (2159) at void java.lang.Object.notifyAll!()(Object.java:-2) waiters=11 in void com.android.server.content.ContentService$ObserverNode$ObserverEntry.binderDied() for 292ms
06-06 00:06:56.870 W/art     ( 1956): Long monitor contention with owner ConditionProviders.ECP (2159) at void java.lang.Object.notifyAll!()(Object.java:-2) waiters=12 in void com.android.server.content.ContentService$ObserverNode$ObserverEntry.binderDied() for 293ms
06-06 00:06:56.922 W/art     ( 1956): Long monitor contention with owner ConditionProviders.ECP (2159) at void java.lang.Object.notifyAll!()(Object.java:-2) waiters=7 in void com.android.server.content.ContentService$ObserverNode$ObserverEntry.binderDied() for 344ms
06-06 00:06:56.924 W/art     ( 1956): Long monitor contention with owner ConditionProviders.ECP (2159) at void java.lang.Object.notifyAll!()(Object.java:-2) waiters=10 in void com.android.server.content.ContentService$ObserverNode$ObserverEntry.binderDied() for 347ms
06-06 00:06:56.926 W/art     ( 1956): Long monitor contention with owner BackgroundDexOptService_PostBootUpdate (2571) at boolean android.os.MessageQueue.enqueueMessage(android.os.Message, long)(MessageQueue.java:541) waiters=0 in android.os.Message android.os.MessageQueue.next() for 107ms
06-06 00:06:57.042 W/art     ( 1956): Long monitor contention with owner ConditionProviders.ECP (2159) at java.lang.String com.android.server.am.ActivityManagerService.checkContentProviderAccess(java.lang.String, int)(ActivityManagerService.java:10435) waiters=0 in android.content.Intent com.android.server.am.ActivityManagerService.registerReceiver(android.app.IApplicationThread, java.lang.String, android.content.IIntentReceiver, android.content.IntentFilter, java.lang.String, int) for 115ms
06-06 00:06:57.044 I/SystemServiceManager( 1956): Starting phase 1000
06-06 00:06:57.294 W/ActivityManager( 1956): Slow operation: 235ms so far, now at startProcess: returned from zygote!
06-06 00:06:57.294 W/ActivityManager( 1956): Slow operation: 236ms so far, now at startProcess: done updating battery stats
06-06 00:06:57.295 W/ActivityManager( 1956): Slow operation: 236ms so far, now at startProcess: building log message
06-06 00:06:57.295 I/ActivityManager( 1956): Start proc 2623:android.ext.services/u0a12 for on-hold
06-06 00:06:57.295 W/ActivityManager( 1956): Slow operation: 236ms so far, now at startProcess: starting to update pids map
06-06 00:06:57.295 W/ActivityManager( 1956): Slow operation: 237ms so far, now at startProcess: done updating pids map
06-06 00:06:57.325 D/ActivityManager( 1956): Finishing user boot 0
06-06 00:06:57.419 D/CryptdConnector( 1956): SND -> {3 cryptfs prepare_user_storage ! 0 0 2}
06-06 00:06:57.421 W/WallpaperManagerService( 1956): Wallpaper reconnect timed out, reverting to built-in wallpaper!
06-06 00:06:57.449 W/art     ( 2623): Unexpected CPU variant for X86 using defaults: x86_64
06-06 00:06:57.519 D/vold    ( 1273): e4crypt_prepare_user_storage for volume null, user 0, serial 0, flags 2
06-06 00:06:57.430 W/System  ( 2605): ClassLoader referenced unknown path: /system/priv-app/SystemUI/lib/x86_64
06-06 00:06:57.694 D/vold    ( 1273): Preparing: /data/system_ce/0
06-06 00:06:57.695 D/vold    ( 1273): Preparing: /data/misc_ce/0
06-06 00:06:57.695 D/vold    ( 1273): Preparing: /data/media/0
06-06 00:06:57.695 D/vold    ( 1273): Preparing: /data/data
06-06 00:06:57.698 D/CryptdConnector( 1956): RCV <- {200 3 Command succeeded}
06-06 00:06:57.710 V/UserManagerService( 1956): Found /data/user/0 with serial number 0
06-06 00:06:57.710 V/UserManagerService( 1956): Found /data/system_ce/0 with serial number 0
06-06 00:06:57.724 V/PackageManager( 1956): reconcileAppsData for null u0 0x2
06-06 00:06:59.234 W/System  ( 2529): ClassLoader referenced unknown path: /system/priv-app/CellBroadcastReceiver/lib/x86_64
06-06 00:07:00.002 W/libprocessgroup( 1956): failed to open /acct/uid_10021/pid_2199/cgroup.procs: No such file or directory
06-06 00:07:02.087 V/PackageManager( 1956): reconcileAppsData finished 81 packages
06-06 00:07:02.174 W/art     ( 1956): Long monitor contention with owner android.display (2012) at void com.android.server.am.ActivityManagerService.finishBooting()(ActivityManagerService.java:6823) waiters=0 in android.content.Intent com.android.server.am.ActivityManagerService.registerReceiver(android.app.IApplicationThread, java.lang.String, android.content.IIntentReceiver, android.content.IntentFilter, java.lang.String, int) for 4.849s
06-06 00:07:02.191 W/art     ( 1956): Long monitor contention with owner android.display (2012) at void com.android.server.am.ActivityManagerService.finishBooting()(ActivityManagerService.java:6823) waiters=1 in android.content.Intent com.android.server.am.ActivityManagerService.registerReceiver(android.app.IApplicationThread, java.lang.String, android.content.IIntentReceiver, android.content.IntentFilter, java.lang.String, int) for 4.936s
06-06 00:07:02.201 W/art     ( 1956): Long monitor contention with owner android.display (2012) at void com.android.server.am.ActivityManagerService.finishBooting()(ActivityManagerService.java:6823) waiters=2 in void com.android.server.am.BroadcastQueue.processNextBroadcast(boolean) for 4.873s
06-06 00:07:02.222 W/art     ( 1956): Long monitor contention with owner android.display (2012) at void com.android.server.am.ActivityManagerService.finishBooting()(ActivityManagerService.java:6823) waiters=3 in android.content.IIntentSender com.android.server.am.ActivityManagerService.getIntentSender(int, java.lang.String, android.os.IBinder, java.lang.String, int, android.content.Intent[], java.lang.String[], int, android.os.Bundle, int) for 4.798s
06-06 00:07:02.223 W/art     ( 1956): Long monitor contention with owner android.display (2012) at void com.android.server.am.ActivityManagerService.finishBooting()(ActivityManagerService.java:6823) waiters=4 in void com.android.server.am.ActivityManagerService.attachApplication(android.app.IApplicationThread) for 4.447s
06-06 00:07:02.226 W/art     ( 1956): Long monitor contention with owner android.display (2012) at void com.android.server.am.ActivityManagerService.finishBooting()(ActivityManagerService.java:6823) waiters=5 in android.content.Intent com.android.server.am.ActivityManagerService.registerReceiver(android.app.IApplicationThread, java.lang.String, android.content.IIntentReceiver, android.content.IntentFilter, java.lang.String, int) for 4.025s
06-06 00:07:02.233 W/art     ( 1956): Long monitor contention with owner android.display (2012) at void com.android.server.am.ActivityManagerService.finishBooting()(ActivityManagerService.java:6823) waiters=7 in void com.android.server.am.ActivityManagerService.publishContentProviders(android.app.IApplicationThread, java.util.List) for 2.286s
06-06 00:07:02.338 W/art     ( 1956): Long monitor contention with owner android.display (2012) at void com.android.server.am.ActivityManagerService.finishBooting()(ActivityManagerService.java:6823) waiters=8 in int com.android.server.am.PendingIntentRecord.sendInner(int, android.content.Intent, java.lang.String, android.content.IIntentReceiver, java.lang.String, android.os.IBinder, java.lang.String, int, int, int, android.os.Bundle, android.app.IActivityContainer) for 2.022s
06-06 00:07:02.345 W/art     ( 1956): Long monitor contention with owner android.fg (2010) at android.content.IIntentSender com.android.server.am.ActivityManagerService.getIntentSender(int, java.lang.String, android.os.IBinder, java.lang.String, int, android.content.Intent[], java.lang.String[], int, android.os.Bundle, int)(ActivityManagerService.java:7103) waiters=4 in void com.android.server.am.ActivityManagerService.attachApplication(android.app.IApplicationThread) for 121ms
06-06 00:07:02.444 D/MountService( 1956): onUnlockUser 0
06-06 00:07:02.445 D/VoldConnector( 1956): SND -> {8 volume user_started 0}
06-06 00:07:02.554 D/vold    ( 1273): Linking /storage/emulated/0 to /mnt/user/0/primary
06-06 00:07:02.558 D/VoldConnector( 1956): RCV <- {200 8 Command succeeded}
06-06 00:07:02.569 W/art     ( 1956): Long monitor contention with owner android.fg (2010) at int com.android.server.am.ActivityManagerService.bindService(android.app.IApplicationThread, android.os.IBinder, android.content.Intent, java.lang.String, android.app.IServiceConnection, int, java.lang.String, int)(ActivityManagerService.java:17301) waiters=3 in com.android.server.am.ProcessRecord com.android.server.am.ActivityManagerService.findAppProcess(android.os.IBinder, java.lang.String) for 277ms
06-06 00:07:02.583 D/MountService( 1956): Volume public:253,48 broadcasting mounted to UserHandle{0}
06-06 00:07:02.618 W/art     ( 1956): Long monitor contention with owner android.display (2012) at void com.android.server.am.ActivityManagerService.finishBooting()(ActivityManagerService.java:6823) waiters=6 in void com.android.server.am.ActivityManagerService$3.handleMessage(android.os.Message) for 3.768s
06-06 00:07:02.680 W/art     ( 1956): Long monitor contention with owner android.fg (2010) at int com.android.server.am.ActivityManagerService.bindService(android.app.IApplicationThread, android.os.IBinder, android.content.Intent, java.lang.String, android.app.IServiceConnection, int, java.lang.String, int)(ActivityManagerService.java:17301) waiters=3 in int com.android.server.am.PendingIntentRecord.sendInner(int, android.content.Intent, java.lang.String, android.content.IIntentReceiver, java.lang.String, android.os.IBinder, java.lang.String, int, int, int, android.os.Bundle, android.app.IActivityContainer) for 336ms
06-06 00:07:02.775 W/art     ( 1956): Long monitor contention with owner android.fg (2010) at int com.android.server.am.ActivityManagerService.bindService(android.app.IApplicationThread, android.os.IBinder, android.content.Intent, java.lang.String, android.app.IServiceConnection, int, java.lang.String, int)(ActivityManagerService.java:17301) waiters=4 in android.content.Intent com.android.server.am.ActivityManagerService.registerReceiver(android.app.IApplicationThread, java.lang.String, android.content.IIntentReceiver, android.content.IntentFilter, java.lang.String, int) for 434ms
06-06 00:07:02.777 W/art     ( 1956): Long monitor contention with owner android.fg (2010) at int com.android.server.am.ActivityManagerService.bindService(android.app.IApplicationThread, android.os.IBinder, android.content.Intent, java.lang.String, android.app.IServiceConnection, int, java.lang.String, int)(ActivityManagerService.java:17301) waiters=5 in void com.android.server.am.ActivityManagerService.updateConfiguration(android.content.res.Configuration) for 433ms
06-06 00:07:02.782 D/MountService( 1956): Volume emulated broadcasting mounted to UserHandle{0}
06-06 00:07:02.825 W/art     ( 1956): Long monitor contention with owner Binder:1956_6 (2232) at void com.android.server.am.ActivityManagerService.attachApplication(android.app.IApplicationThread)(ActivityManagerService.java:6669) waiters=5 in boolean com.android.server.am.ActivityManagerService.unbindService(android.app.IServiceConnection) for 320ms
06-06 00:07:02.836 W/art     ( 1956): Long monitor contention with owner Binder:1956_6 (2232) at void com.android.server.am.ActivityManagerService.attachApplication(android.app.IApplicationThread)(ActivityManagerService.java:6669) waiters=6 in void com.android.server.am.ActivityManagerService.dispatchProcessesChanged() for 305ms
06-06 00:07:02.858 W/art     ( 1956): Long monitor contention with owner android.fg (2010) at void com.android.server.wallpaper.WallpaperManagerService$WallpaperConnection.-com_android_server_wallpaper_WallpaperManagerService$WallpaperConnection_lambda$1()(WallpaperManagerService.java:610) waiters=0 in com.android.server.wallpaper.WallpaperManagerService$WallpaperData com.android.server.wallpaper.WallpaperManagerService$WallpaperObserver.dataForEvent(boolean, boolean) for 4.049s
06-06 00:07:02.859 W/art     ( 1956): Long monitor contention with owner MountService (2131) at int com.android.server.am.ActivityManagerService.broadcastIntent(android.app.IApplicationThread, android.content.Intent, java.lang.String, android.content.IIntentReceiver, int, java.lang.String, android.os.Bundle, java.lang.String[], int, android.os.Bundle, boolean, boolean, int)(ActivityManagerService.java:18551) waiters=6 in com.android.server.am.ProcessRecord com.android.server.am.ActivityManagerService.findAppProcess(android.os.IBinder, java.lang.String) for 254ms
06-06 00:07:03.092 I/Choreographer( 1956): Skipped 30 frames!  The application may be doing too much work on its main thread.
06-06 00:07:03.544 W/System  ( 2623): ClassLoader referenced unknown path: /system/priv-app/ExtServices/lib/x86_64
06-06 00:07:03.567 W/ActivityManager( 1956): Slow operation: 343ms so far, now at startProcess: returned from zygote!
06-06 00:07:03.567 W/ActivityManager( 1956): Slow operation: 343ms so far, now at startProcess: done updating battery stats
06-06 00:07:03.568 W/ActivityManager( 1956): Slow operation: 344ms so far, now at startProcess: building log message
06-06 00:07:03.568 I/ActivityManager( 1956): Start proc 2644:com.android.providers.calendar/u0a2 for content provider com.android.providers.calendar/.CalendarProvider2
06-06 00:07:03.568 W/ActivityManager( 1956): Slow operation: 345ms so far, now at startProcess: starting to update pids map
06-06 00:07:03.569 W/ActivityManager( 1956): Slow operation: 345ms so far, now at startProcess: done updating pids map
06-06 00:07:03.569 W/ActivityManager( 1956): Slow operation: 347ms so far, now at startProcess: done starting proc!
06-06 00:07:03.570 W/ActivityManager( 1956): Slow operation: 375ms so far, now at getContentProviderImpl: after start process
06-06 00:07:03.577 W/ActivityManager( 1956): Slow operation: 382ms so far, now at getContentProviderImpl: updating data structures
06-06 00:07:03.578 W/ActivityManager( 1956): Slow operation: 382ms so far, now at getContentProviderImpl: done!
06-06 00:07:03.612 W/art     ( 1956): Long monitor contention with owner ConditionProviders.ECP (2159) at android.app.IActivityManager$ContentProviderHolder com.android.server.am.ActivityManagerService.getContentProviderImpl(android.app.IApplicationThread, java.lang.String, android.os.IBinder, boolean, int)(ActivityManagerService.java:10666) waiters=2 in java.lang.String com.android.server.am.ActivityManagerService.checkContentProviderAccess(java.lang.String, int) for 342ms
06-06 00:07:03.661 W/art     ( 1956): Long monitor contention with owner ConditionProviders.ECP (2159) at android.app.IActivityManager$ContentProviderHolder com.android.server.am.ActivityManagerService.getContentProviderImpl(android.app.IApplicationThread, java.lang.String, android.os.IBinder, boolean, int)(ActivityManagerService.java:10666) waiters=3 in android.content.Intent com.android.server.am.ActivityManagerService.registerReceiver(android.app.IApplicationThread, java.lang.String, android.content.IIntentReceiver, android.content.IntentFilter, java.lang.String, int) for 314ms
06-06 00:07:03.965 V/SystemUIService( 2605): Starting SystemUI services for user 0.
06-06 00:07:04.030 V/BackupManagerService( 1956): No ancestral data
06-06 00:07:04.262 W/art     ( 2644): Unexpected CPU variant for X86 using defaults: x86_64
06-06 00:07:04.757 V/BackupManagerService( 1956): Starting with transport android/com.android.internal.backup.LocalTransport
06-06 00:07:04.757 V/BackupManagerService( 1956): Found transports: 1
06-06 00:07:04.758 W/BackupManagerService( 1956): Proposed transport ComponentInfo{android/com.android.internal.backup.LocalTransportService} not whitelisted; ignoring
06-06 00:07:04.914 I/BackupManagerService( 1956): Backup enabled => false
06-06 00:07:05.187 V/MediaRouter( 2605): Adding route: RouteInfo{ name=Phone, description=null, status=null, category=RouteCategory{ name=null types=ROUTE_TYPE_LIVE_AUDIO ROUTE_TYPE_LIVE_VIDEO  groupable=false }, supportedTypes=ROUTE_TYPE_LIVE_AUDIO ROUTE_TYPE_LIVE_VIDEO , presentationDisplay=null }
06-06 00:07:05.324 V/MediaRouter( 2605): Updating audio routes: AudioRoutesInfo{ type=SPEAKER }
06-06 00:07:05.349 W/System  ( 2644): ClassLoader referenced unknown path: /system/priv-app/CalendarProvider/lib/x86_64
06-06 00:07:05.417 V/MediaRouter( 2605): Selecting route: RouteInfo{ name=Phone, description=null, status=null, category=RouteCategory{ name=null types=ROUTE_TYPE_LIVE_AUDIO ROUTE_TYPE_LIVE_VIDEO  groupable=false }, supportedTypes=ROUTE_TYPE_LIVE_AUDIO ROUTE_TYPE_LIVE_VIDEO , presentationDisplay=null }
06-06 00:07:06.040 W/art     ( 2660): Unexpected CPU variant for X86 using defaults: x86_64
06-06 00:07:06.050 W/ActivityManager( 1956): Slow operation: 196ms so far, now at startProcess: returned from zygote!
06-06 00:07:06.064 I/InputAttributes( 2186): InputType.TYPE_NULL is specified
06-06 00:07:06.071 W/ActivityManager( 1956): Slow operation: 217ms so far, now at startProcess: done updating battery stats
06-06 00:07:06.072 W/ActivityManager( 1956): Slow operation: 218ms so far, now at startProcess: building log message
06-06 00:07:06.072 I/ActivityManager( 1956): Start proc 2660:com.android.deskclock/u0a31 for broadcast com.android.deskclock/.AlarmInitReceiver
06-06 00:07:06.072 W/ActivityManager( 1956): Slow operation: 218ms so far, now at startProcess: starting to update pids map
06-06 00:07:06.072 W/ActivityManager( 1956): Slow operation: 218ms so far, now at startProcess: done updating pids map
06-06 00:07:06.072 W/ActivityManager( 1956): Slow operation: 219ms so far, now at startProcess: done starting proc!
06-06 00:07:06.207 D/TrustManagerService( 1956): Removing dead TrustListener.
06-06 00:07:06.493 W/art     ( 1956): Long monitor contention with owner backup (2643) at boolean java.io.UnixFileSystem.checkAccess0(java.io.File, int)(UnixFileSystem.java:-2) waiters=0 in void com.android.server.backup.BackupManagerService.setBackupEnabled(boolean) for 841ms
06-06 00:07:06.723 V/KeyValueBackupJob( 1956): Scheduling k/v pass in 244 minutes
06-06 00:07:07.578 E/WVMExtractor( 2605): Failed to open libwvm.so: dlopen failed: library "libwvm.so" not found
06-06 00:07:07.947 W/VoiceInteractionManagerService( 1956): no available voice interaction services found for user 0
06-06 00:07:07.947 W/VoiceInteractionManagerService( 1956): no available voice recognition services found for user 0
06-06 00:07:07.962 I/ActivityManager( 1956): Loading recents for user 0 into memory.
06-06 00:07:08.090 D/ActivityManager( 1956): Sending BOOT_COMPLETE user #0
06-06 00:07:08.345 D/FallbackHome( 2433): User unlocked and real home found; let's go!
06-06 00:07:08.533 D/CarrierSvcBindHelper( 2414): Received android.intent.action.USER_UNLOCKED
06-06 00:07:08.543 E/PhoneInterfaceManager( 2414): [PhoneIntfMgr] getCarrierPackageNamesForIntent: No UICC
06-06 00:07:08.543 D/CarrierSvcBindHelper( 2414): No carrier app for: 0
06-06 00:07:08.591 I/ActivityManager( 1956): START u0 {act=android.intent.action.MAIN cat=[android.intent.category.HOME] flg=0x10000100 cmp=com.android.launcher3/.Launcher} from uid 0 on display 0
06-06 00:07:08.875 I/MediaPlayerService( 1336): MediaPlayerService::getOMX
06-06 00:07:08.904 W/ActivityManager( 1956): Slow operation: 204ms so far, now at startProcess: returned from zygote!
06-06 00:07:08.904 W/ActivityManager( 1956): Slow operation: 204ms so far, now at startProcess: done updating battery stats
06-06 00:07:08.905 W/ActivityManager( 1956): Slow operation: 205ms so far, now at startProcess: building log message
06-06 00:07:08.905 I/ActivityManager( 1956): Start proc 2694:com.android.launcher3/u0a42 for activity com.android.launcher3/.Launcher
06-06 00:07:08.905 W/ActivityManager( 1956): Slow operation: 205ms so far, now at startProcess: starting to update pids map
06-06 00:07:08.905 W/ActivityManager( 1956): Slow operation: 205ms so far, now at startProcess: done updating pids map
06-06 00:07:08.905 W/ActivityManager( 1956): Slow operation: 206ms so far, now at startProcess: done starting proc!
06-06 00:07:08.915 W/art     ( 2694): Unexpected CPU variant for X86 using defaults: x86_64
06-06 00:07:08.995 I/OMXClient( 2605): MuxOMX ctor
06-06 00:07:09.094 I/OMXMaster( 1333): makeComponentInstance(OMX.google.vorbis.decoder) in mediacodec process
06-06 00:07:09.103 W/art     ( 1956): Long monitor contention with owner Binder:1956_2 (1974) at void com.android.server.am.ActivityManagerService.activityPaused(android.os.IBinder)(ActivityManagerService.java:6916) waiters=0 in void com.android.server.am.ActivityManagerService$MainHandler.handleMessage(android.os.Message) for 433ms
06-06 00:07:09.153 I/Choreographer( 2433): Skipped 39 frames!  The application may be doing too much work on its main thread.
06-06 00:07:09.379 I/CalendarProvider2( 2644): Created com.android.providers.calendar.CalendarAlarmManager@e05e837(com.android.providers.calendar.CalendarProvider2@6ced1a4)
06-06 00:07:09.554 I/AccountManagerService( 1956): User 0 is unlocked - opening CE database
06-06 00:07:10.276 W/art     ( 1956): Long monitor contention with owner android.display (2012) at void com.android.server.wm.WindowAnimator$1.doFrame(long)(WindowAnimator.java:144) waiters=0 in void com.android.server.wm.WindowManagerService.startAppFreezingScreen(android.os.IBinder, int) for 105ms
06-06 00:07:10.595 W/art     ( 1956): Long monitor contention with owner android.display (2012) at void com.android.server.wm.WindowAnimator$1.doFrame(long)(WindowAnimator.java:144) waiters=0 in void com.android.server.wm.WindowManagerService.executeAppTransition() for 151ms
06-06 00:07:11.077 I/LatinIME( 2186): Timeout waiting for dictionary load
06-06 00:07:11.744 I/MediaPlayerService( 1336): MediaPlayerService::getOMX
06-06 00:07:11.752 I/OMXClient( 2605): MuxOMX ctor
06-06 00:07:11.757 I/OMXMaster( 1333): makeComponentInstance(OMX.google.vorbis.decoder) in mediacodec process
06-06 00:07:13.132 W/art     ( 1956): Long monitor contention with owner backup (2643) at void com.android.server.AlarmManagerService.setImpl(int, long, long, long, android.app.PendingIntent, android.app.IAlarmListener, java.lang.String, int, android.os.WorkSource, android.app.AlarmManager$AlarmClockInfo, int, java.lang.String)(AlarmManagerService.java:1072) waiters=0 in void com.android.server.AlarmManagerService$AlarmThread.run() for 5.051s
06-06 00:07:13.136 W/art     ( 1956): Long monitor contention with owner backup (2643) at boolean com.android.server.AlarmManagerService$Batch.remove(android.app.PendingIntent, android.app.IAlarmListener)(AlarmManagerService.java:433) waiters=0 in void com.android.server.job.JobSchedulerService.updateUidState(int, int) for 2.725s
06-06 00:07:07.796 W/ifconfig( 2649): type=1400 audit(0.0:10): avc: denied { ioctl } for path="socket:[13869]" dev="sockfs" ino=13869 ioctlcmd=8927 scontext=u:r:shell:s0 tcontext=u:r:shell:s0 tclass=udp_socket permissive=0
06-06 00:07:08.096 W/ifconfig( 2649): type=1400 audit(0.0:11): avc: denied { ioctl } for path="socket:[13869]" dev="sockfs" ino=13869 ioctlcmd=891d scontext=u:r:shell:s0 tcontext=u:r:shell:s0 tclass=udp_socket permissive=0
06-06 00:07:08.166 W/ifconfig( 2649): type=1400 audit(0.0:12): avc: denied { ioctl } for path="socket:[13869]" dev="sockfs" ino=13869 ioctlcmd=8970 scontext=u:r:shell:s0 tcontext=u:r:shell:s0 tclass=udp_socket permissive=0
06-06 00:07:13.299 I/Choreographer( 1956): Skipped 160 frames!  The application may be doing too much work on its main thread.
06-06 00:07:13.530 I/MediaPlayerService( 1336): MediaPlayerService::getOMX
06-06 00:07:13.537 I/OMXClient( 2605): MuxOMX ctor
06-06 00:07:13.553 I/OMXMaster( 1333): makeComponentInstance(OMX.google.vorbis.decoder) in mediacodec process
06-06 00:07:14.472 I/Choreographer( 1956): Skipped 64 frames!  The application may be doing too much work on its main thread.
06-06 00:07:14.473 W/art     ( 1956): Long monitor contention with owner android.display (2012) at void com.android.server.wm.WindowAnimator$1.doFrame(long)(WindowAnimator.java:144) waiters=0 in void com.android.server.wm.WindowManagerService.executeAppTransition() for 1.158s
06-06 00:07:14.778 W/art     ( 1956): Long monitor contention with owner android.display (2012) at void com.android.server.wm.WindowManagerService$H.handleMessage(android.os.Message)(WindowManagerService.java:8549) waiters=0 in void com.android.server.wm.WindowManagerService.executeAppTransition() for 243ms
06-06 00:07:14.870 W/System  ( 2660): ClassLoader referenced unknown path: /system/app/DeskClock/lib/x86_64
06-06 00:07:15.263 W/art     ( 1956): Long monitor contention with owner android.display (2012) at void com.android.server.wm.WindowAnimator$1.doFrame(long)(WindowAnimator.java:144) waiters=0 in void com.android.server.wm.WindowManagerService.executeAppTransition() for 294ms
06-06 00:07:15.269 W/art     ( 1956): Long monitor contention with owner android.display (2012) at void com.android.server.wm.WindowAnimator$1.doFrame(long)(WindowAnimator.java:144) waiters=1 in int com.android.server.wm.WindowManagerService.relayoutWindow(com.android.server.wm.Session, android.view.IWindow, int, android.view.WindowManager$LayoutParams, int, int, int, int, android.graphics.Rect, android.graphics.Rect, android.graphics.Rect, android.graphics.Rect, android.graphics.Rect, android.graphics.Rect, android.graphics.Rect, android.content.res.Configuration, android.view.Surface) for 262ms
06-06 00:07:15.282 W/art     ( 1956): Long monitor contention with owner Binder:1956_B (2595) at void com.android.server.am.ActivityManagerService.attachApplication(android.app.IApplicationThread)(ActivityManagerService.java:6669) waiters=0 in void com.android.server.am.ActivityManagerService.publishContentProviders(android.app.IApplicationThread, java.util.List) for 5.658s
06-06 00:07:15.284 W/art     ( 1956): Long monitor contention with owner Binder:1956_B (2595) at void com.android.server.am.ActivityManagerService.attachApplication(android.app.IApplicationThread)(ActivityManagerService.java:6669) waiters=1 in java.lang.String com.android.server.am.ActivityManagerService.checkContentProviderAccess(java.lang.String, int) for 5.503s
06-06 00:07:15.291 W/art     ( 1956): Long monitor contention with owner Binder:1956_B (2595) at void com.android.server.am.ActivityManagerService.attachApplication(android.app.IApplicationThread)(ActivityManagerService.java:6669) waiters=2 in java.lang.String com.android.server.am.ActivityManagerService.checkContentProviderAccess(java.lang.String, int) for 5.098s
06-06 00:07:15.435 I/Choreographer( 2433): Skipped 38 frames!  The application may be doing too much work on its main thread.
06-06 00:07:15.444 W/System  ( 2694): ClassLoader referenced unknown path: /system/app/Launcher3/lib/x86_64
06-06 00:07:15.462 W/art     ( 1956): Long monitor contention with owner Binder:1956_B (2595) at void com.android.server.am.ActivityManagerService.attachApplication(android.app.IApplicationThread)(ActivityManagerService.java:6669) waiters=3 in void com.android.server.am.ActivityStack$ActivityStackHandler.handleMessage(android.os.Message) for 4.671s
06-06 00:07:15.464 W/art     ( 1956): Long monitor contention with owner Binder:1956_B (2595) at void com.android.server.am.ActivityManagerService.attachApplication(android.app.IApplicationThread)(ActivityManagerService.java:6669) waiters=4 in void com.android.server.am.ActivityManagerService$3.handleMessage(android.os.Message) for 2.208s
06-06 00:07:15.485 W/art     ( 1956): Long monitor contention with owner Binder:1956_B (2595) at void com.android.server.am.ActivityManagerService.attachApplication(android.app.IApplicationThread)(ActivityManagerService.java:6669) waiters=5 in int com.android.server.am.PendingIntentRecord.sendInner(int, android.content.Intent, java.lang.String, android.content.IIntentReceiver, java.lang.String, android.os.IBinder, java.lang.String, int, int, int, android.os.Bundle, android.app.IActivityContainer) for 2.170s
