06-06 02:51:30.216 E/Hyphenator( 1325): java.io.FileNotFoundException: /system/usr/hyphen-data/hyph-hi.hyb: open failed: ENOENT (No such file or directory)
06-06 02:51:30.216 E/Hyphenator( 1325): 	at libcore.io.IoBridge.open(IoBridge.java:455)
06-06 02:51:30.216 E/Hyphenator( 1325): 	at java.io.RandomAccessFile.<init>(RandomAccessFile.java:247)
06-06 02:51:30.216 E/Hyphenator( 1325): 	at android.text.Hyphenator.loadHyphenator(Hyphenator.java:118)
06-06 02:51:30.216 E/Hyphenator( 1325): 	at android.text.Hyphenator.init(Hyphenator.java:224)
06-06 02:51:30.216 E/Hyphenator( 1325): 	at com.android.internal.os.ZygoteInit.preloadTextResources(ZygoteInit.java:252)
06-06 02:51:30.216 E/Hyphenator( 1325): 	at com.android.internal.os.ZygoteInit.preload(ZygoteInit.java:206)
06-06 02:51:30.216 E/Hyphenator( 1325): 	at com.android.internal.os.ZygoteInit.main(ZygoteInit.java:743)
06-06 02:51:30.216 E/Hyphenator( 1325): Caused by: android.system.ErrnoException: open failed: ENOENT (No such file or directory)
06-06 02:51:30.216 E/Hyphenator( 1325): 	at libcore.io.Posix.open(Native Method)
06-06 02:51:30.216 E/Hyphenator( 1325): 	at libcore.io.BlockGuardOs.open(BlockGuardOs.java:187)
06-06 02:51:30.216 E/Hyphenator( 1325): 	at libcore.io.IoBridge.open(IoBridge.java:441)
06-06 02:51:30.216 E/Hyphenator( 1325): 	... 6 more
06-06 02:51:30.218 E/Hyphenator( 1325): error loading hyphenation /system/usr/hyphen-data/hyph-hr.hyb
06-06 02:51:30.218 E/Hyphenator( 1325): java.io.FileNotFoundException: /system/usr/hyphen-data/hyph-hr.hyb: open failed: ENOENT (No such file or directory)
06-06 02:51:30.218 E/Hyphenator( 1325): 	at libcore.io.IoBridge.open(IoBridge.java:455)
06-06 02:51:30.218 E/Hyphenator( 1325): 	at java.io.RandomAccessFile.<init>(RandomAccessFile.java:247)
06-06 02:51:30.218 E/Hyphenator( 1325): 	at android.text.Hyphenator.loadHyphenator(Hyphenator.java:118)
06-06 02:51:30.218 E/Hyphenator( 1325): 	at android.text.Hyphenator.init(Hyphenator.java:224)
06-06 02:51:30.218 E/Hyphenator( 1325): 	at com.android.internal.os.ZygoteInit.preloadTextResources(ZygoteInit.java:252)
06-06 02:51:30.218 E/Hyphenator( 1325): 	at com.android.internal.os.ZygoteInit.preload(ZygoteInit.java:206)
06-06 02:51:30.218 E/Hyphenator( 1325): 	at com.android.internal.os.ZygoteInit.main(ZygoteInit.java:743)
06-06 02:51:30.218 E/Hyphenator( 1325): Caused by: android.system.ErrnoException: open failed: ENOENT (No such file or directory)
06-06 02:51:30.218 E/Hyphenator( 1325): 	at libcore.io.Posix.open(Native Method)
06-06 02:51:30.218 E/Hyphenator( 1325): 	at libcore.io.BlockGuardOs.open(BlockGuardOs.java:187)
06-06 02:51:30.218 E/Hyphenator( 1325): 	at libcore.io.IoBridge.open(IoBridge.java:441)
06-06 02:51:30.218 E/Hyphenator( 1325): 	... 6 more
06-06 02:51:30.292 E/Hyphenator( 1325): error loading hyphenation /system/usr/hyphen-data/hyph-hu.hyb
06-06 02:51:30.292 E/Hyphenator( 1325): java.io.FileNotFoundException: /system/usr/hyphen-data/hyph-hu.hyb: open failed: ENOENT (No such file or directory)
06-06 02:51:30.292 E/Hyphenator( 1325): 	at libcore.io.IoBridge.open(IoBridge.java:455)
06-06 02:51:30.292 E/Hyphenator( 1325): 	at java.io.RandomAccessFile.<init>(RandomAccessFile.java:247)
06-06 02:51:30.292 E/Hyphenator( 1325): 	at android.text.Hyphenator.loadHyphenator(Hyphenator.java:118)
06-06 02:51:30.292 E/Hyphenator( 1325): 	at android.text.Hyphenator.init(Hyphenator.java:224)
06-06 02:51:30.292 E/Hyphenator( 1325): 	at com.android.internal.os.ZygoteInit.preloadTextResources(ZygoteInit.java:252)
06-06 02:51:30.292 E/Hyphenator( 1325): 	at com.android.internal.os.ZygoteInit.preload(ZygoteInit.java:206)
06-06 02:51:30.292 E/Hyphenator( 1325): 	at com.android.internal.os.ZygoteInit.main(ZygoteInit.java:743)
06-06 02:51:30.292 E/Hyphenator( 1325): Caused by: android.system.ErrnoException: open failed: ENOENT (No such file or directory)
06-06 02:51:30.292 E/Hyphenator( 1325): 	at libcore.io.Posix.open(Native Method)
06-06 02:51:30.292 E/Hyphenator( 1325): 	at libcore.io.BlockGuardOs.open(BlockGuardOs.java:187)
06-06 02:51:30.292 E/Hyphenator( 1325): 	at libcore.io.IoBridge.open(IoBridge.java:441)
06-06 02:51:30.292 E/Hyphenator( 1325): 	... 6 more
06-06 02:51:30.337 E/Hyphenator( 1325): error loading hyphenation /system/usr/hyphen-data/hyph-hy.hyb
06-06 02:51:30.337 E/Hyphenator( 1325): java.io.FileNotFoundException: /system/usr/hyphen-data/hyph-hy.hyb: open failed: ENOENT (No such file or directory)
06-06 02:51:30.337 E/Hyphenator( 1325): 	at libcore.io.IoBridge.open(IoBridge.java:455)
06-06 02:51:30.337 E/Hyphenator( 1325): 	at java.io.RandomAccessFile.<init>(RandomAccessFile.java:247)
06-06 02:51:30.337 E/Hyphenator( 1325): 	at android.text.Hyphenator.loadHyphenator(Hyphenator.java:118)
06-06 02:51:30.337 E/Hyphenator( 1325): 	at android.text.Hyphenator.init(Hyphenator.java:224)
06-06 02:51:30.337 E/Hyphenator( 1325): 	at com.android.internal.os.ZygoteInit.preloadTextResources(ZygoteInit.java:252)
06-06 02:51:30.337 E/Hyphenator( 1325): 	at com.android.internal.os.ZygoteInit.preload(ZygoteInit.java:206)
06-06 02:51:30.337 E/Hyphenator( 1325): 	at com.android.internal.os.ZygoteInit.main(ZygoteInit.java:743)
06-06 02:51:30.337 E/Hyphenator( 1325): Caused by: android.system.ErrnoException: open failed: ENOENT (No such file or directory)
06-06 02:51:30.337 E/Hyphenator( 1325): 	at libcore.io.Posix.open(Native Method)
06-06 02:51:30.337 E/Hyphenator( 1325): 	at libcore.io.BlockGuardOs.open(BlockGuardOs.java:187)
06-06 02:51:30.337 E/Hyphenator( 1325): 	at libcore.io.IoBridge.open(IoBridge.java:441)
06-06 02:51:30.337 E/Hyphenator( 1325): 	... 6 more
06-06 02:51:30.400 E/Hyphenator( 1325): error loading hyphenation /system/usr/hyphen-data/hyph-kn.hyb
06-06 02:51:30.400 E/Hyphenator( 1325): java.io.FileNotFoundException: /system/usr/hyphen-data/hyph-kn.hyb: open failed: ENOENT (No such file or directory)
06-06 02:51:30.400 E/Hyphenator( 1325): 	at libcore.io.IoBridge.open(IoBridge.java:455)
06-06 02:51:30.400 E/Hyphenator( 1325): 	at java.io.RandomAccessFile.<init>(RandomAccessFile.java:247)
06-06 02:51:30.400 E/Hyphenator( 1325): 	at android.text.Hyphenator.loadHyphenator(Hyphenator.java:118)
06-06 02:51:30.400 E/Hyphenator( 1325): 	at android.text.Hyphenator.init(Hyphenator.java:224)
06-06 02:51:30.400 E/Hyphenator( 1325): 	at com.android.internal.os.ZygoteInit.preloadTextResources(ZygoteInit.java:252)
06-06 02:51:30.400 E/Hyphenator( 1325): 	at com.android.internal.os.ZygoteInit.preload(ZygoteInit.java:206)
06-06 02:51:30.400 E/Hyphenator( 1325): 	at com.android.internal.os.ZygoteInit.main(ZygoteInit.java:743)
06-06 02:51:30.400 E/Hyphenator( 1325): Caused by: android.system.ErrnoException: open failed: ENOENT (No such file or directory)
06-06 02:51:30.400 E/Hyphenator( 1325): 	at libcore.io.Posix.open(Native Method)
06-06 02:51:30.400 E/Hyphenator( 1325): 	at libcore.io.BlockGuardOs.open(BlockGuardOs.java:187)
06-06 02:51:30.400 E/Hyphenator( 1325): 	at libcore.io.IoBridge.open(IoBridge.java:441)
06-06 02:51:30.400 E/Hyphenator( 1325): 	... 6 more
06-06 02:51:30.403 E/Hyphenator( 1325): error loading hyphenation /system/usr/hyphen-data/hyph-ml.hyb
06-06 02:51:30.403 E/Hyphenator( 1325): java.io.FileNotFoundException: /system/usr/hyphen-data/hyph-ml.hyb: open failed: ENOENT (No such file or directory)
06-06 02:51:30.403 E/Hyphenator( 1325): 	at libcore.io.IoBridge.open(IoBridge.java:455)
06-06 02:51:30.403 E/Hyphenator( 1325): 	at java.io.RandomAccessFile.<init>(RandomAccessFile.java:247)
06-06 02:51:30.403 E/Hyphenator( 1325): 	at android.text.Hyphenator.loadHyphenator(Hyphenator.java:118)
06-06 02:51:30.403 E/Hyphenator( 1325): 	at android.text.Hyphenator.init(Hyphenator.java:224)
06-06 02:51:30.403 E/Hyphenator( 1325): 	at com.android.internal.os.ZygoteInit.preloadTextResources(ZygoteInit.java:252)
06-06 02:51:30.403 E/Hyphenator( 1325): 	at com.android.internal.os.ZygoteInit.preload(ZygoteInit.java:206)
06-06 02:51:30.403 E/Hyphenator( 1325): 	at com.android.internal.os.ZygoteInit.main(ZygoteInit.java:743)
06-06 02:51:30.403 E/Hyphenator( 1325): Caused by: android.system.ErrnoException: open failed: ENOENT (No such file or directory)
06-06 02:51:30.403 E/Hyphenator( 1325): 	at libcore.io.Posix.open(Native Method)
06-06 02:51:30.403 E/Hyphenator( 1325): 	at libcore.io.BlockGuardOs.open(BlockGuardOs.java:187)
06-06 02:51:30.403 E/Hyphenator( 1325): 	at libcore.io.IoBridge.open(IoBridge.java:441)
06-06 02:51:30.403 E/Hyphenator( 1325): 	... 6 more
06-06 02:51:30.405 E/Hyphenator( 1325): error loading hyphenation /system/usr/hyphen-data/hyph-mn-cyrl.hyb
06-06 02:51:30.405 E/Hyphenator( 1325): java.io.FileNotFoundException: /system/usr/hyphen-data/hyph-mn-cyrl.hyb: open failed: ENOENT (No such file or directory)
06-06 02:51:30.405 E/Hyphenator( 1325): 	at libcore.io.IoBridge.open(IoBridge.java:455)
06-06 02:51:30.405 E/Hyphenator( 1325): 	at java.io.RandomAccessFile.<init>(RandomAccessFile.java:247)
06-06 02:51:30.405 E/Hyphenator( 1325): 	at android.text.Hyphenator.loadHyphenator(Hyphenator.java:118)
06-06 02:51:30.405 E/Hyphenator( 1325): 	at android.text.Hyphenator.init(Hyphenator.java:224)
06-06 02:51:30.405 E/Hyphenator( 1325): 	at com.android.internal.os.ZygoteInit.preloadTextResources(ZygoteInit.java:252)
06-06 02:51:30.405 E/Hyphenator( 1325): 	at com.android.internal.os.ZygoteInit.preload(ZygoteInit.java:206)
06-06 02:51:30.405 E/Hyphenator( 1325): 	at com.android.internal.os.ZygoteInit.main(ZygoteInit.java:743)
06-06 02:51:30.405 E/Hyphenator( 1325): Caused by: android.system.ErrnoException: open failed: ENOENT (No such file or directory)
06-06 02:51:30.405 E/Hyphenator( 1325): 	at libcore.io.Posix.open(Native Method)
06-06 02:51:30.405 E/Hyphenator( 1325): 	at libcore.io.BlockGuardOs.open(BlockGuardOs.java:187)
06-06 02:51:30.405 E/Hyphenator( 1325): 	at libcore.io.IoBridge.open(IoBridge.java:441)
06-06 02:51:30.405 E/Hyphenator( 1325): 	... 6 more
06-06 02:51:30.430 E/Hyphenator( 1325): error loading hyphenation /system/usr/hyphen-data/hyph-mr.hyb
06-06 02:51:30.430 E/Hyphenator( 1325): java.io.FileNotFoundException: /system/usr/hyphen-data/hyph-mr.hyb: open failed: ENOENT (No such file or directory)
06-06 02:51:30.430 E/Hyphenator( 1325): 	at libcore.io.IoBridge.open(IoBridge.java:455)
06-06 02:51:30.430 E/Hyphenator( 1325): 	at java.io.RandomAccessFile.<init>(RandomAccessFile.java:247)
06-06 02:51:30.430 E/Hyphenator( 1325): 	at android.text.Hyphenator.loadHyphenator(Hyphenator.java:118)
06-06 02:51:30.430 E/Hyphenator( 1325): 	at android.text.Hyphenator.init(Hyphenator.java:224)
06-06 02:51:30.430 E/Hyphenator( 1325): 	at com.android.internal.os.ZygoteInit.preloadTextResources(ZygoteInit.java:252)
06-06 02:51:30.430 E/Hyphenator( 1325): 	at com.android.internal.os.ZygoteInit.preload(ZygoteInit.java:206)
06-06 02:51:30.430 E/Hyphenator( 1325): 	at com.android.internal.os.ZygoteInit.main(ZygoteInit.java:743)
06-06 02:51:30.430 E/Hyphenator( 1325): Caused by: android.system.ErrnoException: open failed: ENOENT (No such file or directory)
06-06 02:51:30.430 E/Hyphenator( 1325): 	at libcore.io.Posix.open(Native Method)
06-06 02:51:30.430 E/Hyphenator( 1325): 	at libcore.io.BlockGuardOs.open(BlockGuardOs.java:187)
06-06 02:51:30.430 E/Hyphenator( 1325): 	at libcore.io.IoBridge.open(IoBridge.java:441)
06-06 02:51:30.430 E/Hyphenator( 1325): 	... 6 more
06-06 02:51:30.433 E/Hyphenator( 1325): error loading hyphenation /system/usr/hyphen-data/hyph-nb.hyb
06-06 02:51:30.433 E/Hyphenator( 1325): java.io.FileNotFoundException: /system/usr/hyphen-data/hyph-nb.hyb: open failed: ENOENT (No such file or directory)
06-06 02:51:30.433 E/Hyphenator( 1325): 	at libcore.io.IoBridge.open(IoBridge.java:455)
06-06 02:51:30.433 E/Hyphenator( 1325): 	at java.io.RandomAccessFile.<init>(RandomAccessFile.java:247)
06-06 02:51:30.433 E/Hyphenator( 1325): 	at android.text.Hyphenator.loadHyphenator(Hyphenator.java:118)
06-06 02:51:30.433 E/Hyphenator( 1325): 	at android.text.Hyphenator.init(Hyphenator.java:224)
06-06 02:51:30.433 E/Hyphenator( 1325): 	at com.android.internal.os.ZygoteInit.preloadTextResources(ZygoteInit.java:252)
06-06 02:51:30.433 E/Hyphenator( 1325): 	at com.android.internal.os.ZygoteInit.preload(ZygoteInit.java:206)
06-06 02:51:30.433 E/Hyphenator( 1325): 	at com.android.internal.os.ZygoteInit.main(ZygoteInit.java:743)
06-06 02:51:30.433 E/Hyphenator( 1325): Caused by: android.system.ErrnoException: open failed: ENOENT (No such file or directory)
06-06 02:51:30.433 E/Hyphenator( 1325): 	at libcore.io.Posix.open(Native Method)
06-06 02:51:30.433 E/Hyphenator( 1325): 	at libcore.io.BlockGuardOs.open(BlockGuardOs.java:187)
06-06 02:51:30.433 E/Hyphenator( 1325): 	at libcore.io.IoBridge.open(IoBridge.java:441)
06-06 02:51:30.433 E/Hyphenator( 1325): 	... 6 more
06-06 02:51:30.435 E/Hyphenator( 1325): error loading hyphenation /system/usr/hyphen-data/hyph-nn.hyb
06-06 02:51:30.435 E/Hyphenator( 1325): java.io.FileNotFoundException: /system/usr/hyphen-data/hyph-nn.hyb: open failed: ENOENT (No such file or directory)
06-06 02:51:30.435 E/Hyphenator( 1325): 	at libcore.io.IoBridge.open(IoBridge.java:455)
06-06 02:51:30.435 E/Hyphenator( 1325): 	at java.io.RandomAccessFile.<init>(RandomAccessFile.java:247)
06-06 02:51:30.435 E/Hyphenator( 1325): 	at android.text.Hyphenator.loadHyphenator(Hyphenator.java:118)
06-06 02:51:30.435 E/Hyphenator( 1325): 	at android.text.Hyphenator.init(Hyphenator.java:224)
06-06 02:51:30.435 E/Hyphenator( 1325): 	at com.android.internal.os.ZygoteInit.preloadTextResources(ZygoteInit.java:252)
06-06 02:51:30.435 E/Hyphenator( 1325): 	at com.android.internal.os.ZygoteInit.preload(ZygoteInit.java:206)
06-06 02:51:30.435 E/Hyphenator( 1325): 	at com.android.internal.os.ZygoteInit.main(ZygoteInit.java:743)
06-06 02:51:30.435 E/Hyphenator( 1325): Caused by: android.system.ErrnoException: open failed: ENOENT (No such file or directory)
06-06 02:51:30.435 E/Hyphenator( 1325): 	at libcore.io.Posix.open(Native Method)
06-06 02:51:30.435 E/Hyphenator( 1325): 	at libcore.io.BlockGuardOs.open(BlockGuardOs.java:187)
06-06 02:51:30.435 E/Hyphenator( 1325): 	at libcore.io.IoBridge.open(IoBridge.java:441)
06-06 02:51:30.435 E/Hyphenator( 1325): 	... 6 more
06-06 02:51:30.436 E/Hyphenator( 1325): error loading hyphenation /system/usr/hyphen-data/hyph-or.hyb
06-06 02:51:30.436 E/Hyphenator( 1325): java.io.FileNotFoundException: /system/usr/hyphen-data/hyph-or.hyb: open failed: ENOENT (No such file or directory)
06-06 02:51:30.436 E/Hyphenator( 1325): 	at libcore.io.IoBridge.open(IoBridge.java:455)
06-06 02:51:30.436 E/Hyphenator( 1325): 	at java.io.RandomAccessFile.<init>(RandomAccessFile.java:247)
06-06 02:51:30.436 E/Hyphenator( 1325): 	at android.text.Hyphenator.loadHyphenator(Hyphenator.java:118)
06-06 02:51:30.436 E/Hyphenator( 1325): 	at android.text.Hyphenator.init(Hyphenator.java:224)
06-06 02:51:30.436 E/Hyphenator( 1325): 	at com.android.internal.os.ZygoteInit.preloadTextResources(ZygoteInit.java:252)
06-06 02:51:30.436 E/Hyphenator( 1325): 	at com.android.internal.os.ZygoteInit.preload(ZygoteInit.java:206)
06-06 02:51:30.436 E/Hyphenator( 1325): 	at com.android.internal.os.ZygoteInit.main(ZygoteInit.java:743)
06-06 02:51:30.436 E/Hyphenator( 1325): Caused by: android.system.ErrnoException: open failed: ENOENT (No such file or directory)
06-06 02:51:30.436 E/Hyphenator( 1325): 	at libcore.io.Posix.open(Native Method)
06-06 02:51:30.436 E/Hyphenator( 1325): 	at libcore.io.BlockGuardOs.open(BlockGuardOs.java:187)
06-06 02:51:30.436 E/Hyphenator( 1325): 	at libcore.io.IoBridge.open(IoBridge.java:441)
06-06 02:51:30.436 E/Hyphenator( 1325): 	... 6 more
06-06 02:51:30.492 E/Hyphenator( 1325): error loading hyphenation /system/usr/hyphen-data/hyph-pa.hyb
06-06 02:51:30.492 E/Hyphenator( 1325): java.io.FileNotFoundException: /system/usr/hyphen-data/hyph-pa.hyb: open failed: ENOENT (No such file or directory)
06-06 02:51:30.492 E/Hyphenator( 1325): 	at libcore.io.IoBridge.open(IoBridge.java:455)
06-06 02:51:30.492 E/Hyphenator( 1325): 	at java.io.RandomAccessFile.<init>(RandomAccessFile.java:247)
06-06 02:51:30.492 E/Hyphenator( 1325): 	at android.text.Hyphenator.loadHyphenator(Hyphenator.java:118)
06-06 02:51:30.492 E/Hyphenator( 1325): 	at android.text.Hyphenator.init(Hyphenator.java:224)
06-06 02:51:30.492 E/Hyphenator( 1325): 	at com.android.internal.os.ZygoteInit.preloadTextResources(ZygoteInit.java:252)
06-06 02:51:30.492 E/Hyphenator( 1325): 	at com.android.internal.os.ZygoteInit.preload(ZygoteInit.java:206)
06-06 02:51:30.492 E/Hyphenator( 1325): 	at com.android.internal.os.ZygoteInit.main(ZygoteInit.java:743)
06-06 02:51:30.492 E/Hyphenator( 1325): Caused by: android.system.ErrnoException: open failed: ENOENT (No such file or directory)
06-06 02:51:30.492 E/Hyphenator( 1325): 	at libcore.io.Posix.open(Native Method)
06-06 02:51:30.492 E/Hyphenator( 1325): 	at libcore.io.BlockGuardOs.open(BlockGuardOs.java:187)
06-06 02:51:30.492 E/Hyphenator( 1325): 	at libcore.io.IoBridge.open(IoBridge.java:441)
06-06 02:51:30.492 E/Hyphenator( 1325): 	... 6 more
06-06 02:51:30.494 E/Hyphenator( 1325): error loading hyphenation /system/usr/hyphen-data/hyph-pt.hyb
06-06 02:51:30.494 E/Hyphenator( 1325): java.io.FileNotFoundException: /system/usr/hyphen-data/hyph-pt.hyb: open failed: ENOENT (No such file or directory)
06-06 02:51:30.494 E/Hyphenator( 1325): 	at libcore.io.IoBridge.open(IoBridge.java:455)
06-06 02:51:30.494 E/Hyphenator( 1325): 	at java.io.RandomAccessFile.<init>(RandomAccessFile.java:247)
06-06 02:51:30.494 E/Hyphenator( 1325): 	at android.text.Hyphenator.loadHyphenator(Hyphenator.java:118)
06-06 02:51:30.494 E/Hyphenator( 1325): 	at android.text.Hyphenator.init(Hyphenator.java:224)
06-06 02:51:30.494 E/Hyphenator( 1325): 	at com.android.internal.os.ZygoteInit.preloadTextResources(ZygoteInit.java:252)
06-06 02:51:30.494 E/Hyphenator( 1325): 	at com.android.internal.os.ZygoteInit.preload(ZygoteInit.java:206)
06-06 02:51:30.494 E/Hyphenator( 1325): 	at com.android.internal.os.ZygoteInit.main(ZygoteInit.java:743)
06-06 02:51:30.494 E/Hyphenator( 1325): Caused by: android.system.ErrnoException: open failed: ENOENT (No such file or directory)
06-06 02:51:30.494 E/Hyphenator( 1325): 	at libcore.io.Posix.open(Native Method)
06-06 02:51:30.494 E/Hyphenator( 1325): 	at libcore.io.BlockGuardOs.open(BlockGuardOs.java:187)
06-06 02:51:30.494 E/Hyphenator( 1325): 	at libcore.io.IoBridge.open(IoBridge.java:441)
06-06 02:51:30.494 E/Hyphenator( 1325): 	... 6 more
06-06 02:51:30.496 E/Hyphenator( 1325): error loading hyphenation /system/usr/hyphen-data/hyph-sl.hyb
06-06 02:51:30.496 E/Hyphenator( 1325): java.io.FileNotFoundException: /system/usr/hyphen-data/hyph-sl.hyb: open failed: ENOENT (No such file or directory)
06-06 02:51:30.496 E/Hyphenator( 1325): 	at libcore.io.IoBridge.open(IoBridge.java:455)
06-06 02:51:30.496 E/Hyphenator( 1325): 	at java.io.RandomAccessFile.<init>(RandomAccessFile.java:247)
06-06 02:51:30.496 E/Hyphenator( 1325): 	at android.text.Hyphenator.loadHyphenator(Hyphenator.java:118)
06-06 02:51:30.496 E/Hyphenator( 1325): 	at android.text.Hyphenator.init(Hyphenator.java:224)
06-06 02:51:30.496 E/Hyphenator( 1325): 	at com.android.internal.os.ZygoteInit.preloadTextResources(ZygoteInit.java:252)
06-06 02:51:30.496 E/Hyphenator( 1325): 	at com.android.internal.os.ZygoteInit.preload(ZygoteInit.java:206)
06-06 02:51:30.496 E/Hyphenator( 1325): 	at com.android.internal.os.ZygoteInit.main(ZygoteInit.java:743)
06-06 02:51:30.496 E/Hyphenator( 1325): Caused by: android.system.ErrnoException: open failed: ENOENT (No such file or directory)
06-06 02:51:30.496 E/Hyphenator( 1325): 	at libcore.io.Posix.open(Native Method)
06-06 02:51:30.496 E/Hyphenator( 1325): 	at libcore.io.BlockGuardOs.open(BlockGuardOs.java:187)
06-06 02:51:30.496 E/Hyphenator( 1325): 	at libcore.io.IoBridge.open(IoBridge.java:441)
06-06 02:51:30.496 E/Hyphenator( 1325): 	... 6 more
06-06 02:51:30.498 E/Hyphenator( 1325): error loading hyphenation /system/usr/hyphen-data/hyph-ta.hyb
06-06 02:51:30.498 E/Hyphenator( 1325): java.io.FileNotFoundException: /system/usr/hyphen-data/hyph-ta.hyb: open failed: ENOENT (No such file or directory)
06-06 02:51:30.498 E/Hyphenator( 1325): 	at libcore.io.IoBridge.open(IoBridge.java:455)
06-06 02:51:30.498 E/Hyphenator( 1325): 	at java.io.RandomAccessFile.<init>(RandomAccessFile.java:247)
06-06 02:51:30.498 E/Hyphenator( 1325): 	at android.text.Hyphenator.loadHyphenator(Hyphenator.java:118)
06-06 02:51:30.498 E/Hyphenator( 1325): 	at android.text.Hyphenator.init(Hyphenator.java:224)
06-06 02:51:30.498 E/Hyphenator( 1325): 	at com.android.internal.os.ZygoteInit.preloadTextResources(ZygoteInit.java:252)
06-06 02:51:30.498 E/Hyphenator( 1325): 	at com.android.internal.os.ZygoteInit.preload(ZygoteInit.java:206)
06-06 02:51:30.498 E/Hyphenator( 1325): 	at com.android.internal.os.ZygoteInit.main(ZygoteInit.java:743)
06-06 02:51:30.498 E/Hyphenator( 1325): Caused by: android.system.ErrnoException: open failed: ENOENT (No such file or directory)
06-06 02:51:30.498 E/Hyphenator( 1325): 	at libcore.io.Posix.open(Native Method)
06-06 02:51:30.498 E/Hyphenator( 1325): 	at libcore.io.BlockGuardOs.open(BlockGuardOs.java:187)
06-06 02:51:30.498 E/Hyphenator( 1325): 	at libcore.io.IoBridge.open(IoBridge.java:441)
06-06 02:51:30.498 E/Hyphenator( 1325): 	... 6 more
06-06 02:51:30.527 E/Hyphenator( 1325): error loading hyphenation /system/usr/hyphen-data/hyph-te.hyb
06-06 02:51:30.527 E/Hyphenator( 1325): java.io.FileNotFoundException: /system/usr/hyphen-data/hyph-te.hyb: open failed: ENOENT (No such file or directory)
06-06 02:51:30.527 E/Hyphenator( 1325): 	at libcore.io.IoBridge.open(IoBridge.java:455)
06-06 02:51:30.527 E/Hyphenator( 1325): 	at java.io.RandomAccessFile.<init>(RandomAccessFile.java:247)
06-06 02:51:30.527 E/Hyphenator( 1325): 	at android.text.Hyphenator.loadHyphenator(Hyphenator.java:118)
06-06 02:51:30.527 E/Hyphenator( 1325): 	at android.text.Hyphenator.init(Hyphenator.java:224)
06-06 02:51:30.527 E/Hyphenator( 1325): 	at com.android.internal.os.ZygoteInit.preloadTextResources(ZygoteInit.java:252)
06-06 02:51:30.527 E/Hyphenator( 1325): 	at com.android.internal.os.ZygoteInit.preload(ZygoteInit.java:206)
06-06 02:51:30.527 E/Hyphenator( 1325): 	at com.android.internal.os.ZygoteInit.main(ZygoteInit.java:743)
06-06 02:51:30.527 E/Hyphenator( 1325): Caused by: android.system.ErrnoException: open failed: ENOENT (No such file or directory)
06-06 02:51:30.527 E/Hyphenator( 1325): 	at libcore.io.Posix.open(Native Method)
06-06 02:51:30.527 E/Hyphenator( 1325): 	at libcore.io.BlockGuardOs.open(BlockGuardOs.java:187)
06-06 02:51:30.527 E/Hyphenator( 1325): 	at libcore.io.IoBridge.open(IoBridge.java:441)
06-06 02:51:30.527 E/Hyphenator( 1325): 	... 6 more
06-06 02:51:30.529 E/Hyphenator( 1325): error loading hyphenation /system/usr/hyphen-data/hyph-tk.hyb
06-06 02:51:30.529 E/Hyphenator( 1325): java.io.FileNotFoundException: /system/usr/hyphen-data/hyph-tk.hyb: open failed: ENOENT (No such file or directory)
06-06 02:51:30.529 E/Hyphenator( 1325): 	at libcore.io.IoBridge.open(IoBridge.java:455)
06-06 02:51:30.529 E/Hyphenator( 1325): 	at java.io.RandomAccessFile.<init>(RandomAccessFile.java:247)
06-06 02:51:30.529 E/Hyphenator( 1325): 	at android.text.Hyphenator.loadHyphenator(Hyphenator.java:118)
06-06 02:51:30.529 E/Hyphenator( 1325): 	at android.text.Hyphenator.init(Hyphenator.java:224)
06-06 02:51:30.529 E/Hyphenator( 1325): 	at com.android.internal.os.ZygoteInit.preloadTextResources(ZygoteInit.java:252)
06-06 02:51:30.529 E/Hyphenator( 1325): 	at com.android.internal.os.ZygoteInit.preload(ZygoteInit.java:206)
06-06 02:51:30.529 E/Hyphenator( 1325): 	at com.android.internal.os.ZygoteInit.main(ZygoteInit.java:743)
06-06 02:51:30.529 E/Hyphenator( 1325): Caused by: android.system.ErrnoException: open failed: ENOENT (No such file or directory)
06-06 02:51:30.529 E/Hyphenator( 1325): 	at libcore.io.Posix.open(Native Method)
06-06 02:51:30.529 E/Hyphenator( 1325): 	at libcore.io.BlockGuardOs.open(BlockGuardOs.java:187)
06-06 02:51:30.529 E/Hyphenator( 1325): 	at libcore.io.IoBridge.open(IoBridge.java:441)
06-06 02:51:30.529 E/Hyphenator( 1325): 	... 6 more
06-06 02:51:30.584 W/art     ( 1325): Suspending all threads took: 41.947ms
06-06 02:51:30.641 E/Hyphenator( 1325): error loading hyphenation /system/usr/hyphen-data/hyph-und-ethi.hyb
06-06 02:51:30.641 E/Hyphenator( 1325): java.io.FileNotFoundException: /system/usr/hyphen-data/hyph-und-ethi.hyb: open failed: ENOENT (No such file or directory)
06-06 02:51:30.641 E/Hyphenator( 1325): 	at libcore.io.IoBridge.open(IoBridge.java:455)
06-06 02:51:30.641 E/Hyphenator( 1325): 	at java.io.RandomAccessFile.<init>(RandomAccessFile.java:247)
06-06 02:51:30.641 E/Hyphenator( 1325): 	at android.text.Hyphenator.loadHyphenator(Hyphenator.java:118)
06-06 02:51:30.641 E/Hyphenator( 1325): 	at android.text.Hyphenator.init(Hyphenator.java:224)
06-06 02:51:30.641 E/Hyphenator( 1325): 	at com.android.internal.os.ZygoteInit.preloadTextResources(ZygoteInit.java:252)
06-06 02:51:30.641 E/Hyphenator( 1325): 	at com.android.internal.os.ZygoteInit.preload(ZygoteInit.java:206)
06-06 02:51:30.641 E/Hyphenator( 1325): 	at com.android.internal.os.ZygoteInit.main(ZygoteInit.java:743)
06-06 02:51:30.641 E/Hyphenator( 1325): Caused by: android.system.ErrnoException: open failed: ENOENT (No such file or directory)
06-06 02:51:30.641 E/Hyphenator( 1325): 	at libcore.io.Posix.open(Native Method)
06-06 02:51:30.641 E/Hyphenator( 1325): 	at libcore.io.BlockGuardOs.open(BlockGuardOs.java:187)
06-06 02:51:30.641 E/Hyphenator( 1325): 	at libcore.io.IoBridge.open(IoBridge.java:441)
06-06 02:51:30.641 E/Hyphenator( 1325): 	... 6 more
06-06 02:51:30.687 I/art     ( 1325): Background sticky concurrent mark sweep GC freed 10133(848KB) AllocSpace objects, 3(120KB) LOS objects, 12% free, 6MB/7MB, paused 43.100ms total 192.681ms
06-06 02:51:31.905 I/Zygote  ( 1325): Uninstalled ICU cache reference pinning...
06-06 02:51:32.001 I/Zygote  ( 1325): Installed AndroidKeyStoreProvider in 94ms.
06-06 02:51:32.735 I/Zygote  ( 1325): Warmed up JCA providers in 732ms.
06-06 02:51:32.735 D/Zygote  ( 1325): end preload
06-06 02:51:32.739 I/art     ( 1325): Starting a blocking GC Explicit
06-06 02:51:33.041 I/art     ( 1325): Explicit concurrent mark sweep GC freed 7223(403KB) AllocSpace objects, 3(132KB) LOS objects, 39% free, 6MB/10MB, paused 2.553ms total 201.620ms
06-06 02:51:33.054 I/art     ( 1325): Starting a blocking GC Explicit
06-06 02:51:33.203 I/art     ( 1325): Explicit concurrent mark sweep GC freed 61(2128B) AllocSpace objects, 0(0B) LOS objects, 39% free, 6MB/10MB, paused 32ms total 122.974ms
06-06 02:51:33.212 I/Zygote  ( 1325): Accepting command socket connections
06-06 02:51:33.358 I/Zygote  ( 1841): Process: zygote socket opened, supported ABIS: x86
06-06 02:51:33.598 I/InstallerConnection( 1841): connecting...
06-06 02:51:33.633 I/        ( 1329): new connection
06-06 02:51:34.036 I/InstallerConnection( 1841): disconnecting...
06-06 02:51:34.036 E/        ( 1329): eof
06-06 02:51:34.037 E/        ( 1329): failed to read size
06-06 02:51:34.037 I/        ( 1329): closing connection
06-06 02:51:35.411 I/SystemServer( 1841): Entered the Android system server!
06-06 02:51:37.700 I/SystemServiceManager( 1841): Starting com.android.server.pm.Installer
06-06 02:51:37.797 I/Installer( 1841): Waiting for installd to be ready.
06-06 02:51:37.798 I/InstallerConnection( 1841): connecting...
06-06 02:51:37.840 I/        ( 1329): new connection
06-06 02:51:37.842 I/SystemServiceManager( 1841): Starting com.android.server.am.ActivityManagerService$Lifecycle
06-06 02:51:38.222 I/ActivityManager( 1841): Memory class: 256
06-06 02:51:38.291 I/ServiceThread( 1841): Enabled StrictMode logging for ActivityManager looper.
06-06 02:51:38.384 I/ServiceThread( 1841): Enabled StrictMode logging for android.ui looper.
06-06 02:51:38.736 D/BatteryStatsImpl( 1841): Reading daily items from /data/system/batterystats-daily.xml
06-06 02:51:40.781 W/ProcessCpuTracker( 1841): Skipping unknown process pid 1909
06-06 02:51:40.862 I/IntentFirewall( 1841): Read new rules (A:0 B:0 S:0)
06-06 02:51:41.072 I/ServiceThread( 1841): Enabled StrictMode logging for android.display looper.
06-06 02:51:41.191 D/AppOps  ( 1841): AppOpsService published
06-06 02:51:41.192 I/SystemServiceManager( 1841): Starting com.android.server.power.PowerManagerService
06-06 02:51:41.215 I/ServiceThread( 1841): Enabled StrictMode logging for PowerManagerService looper.
06-06 02:51:41.231 E/PowerManagerService-JNI( 1841): Couldn't load power module (No such file or directory)
06-06 02:51:41.232 W/libsuspend( 1841): Error writing 'on' to /sys/power/state: Invalid argument
06-06 02:51:41.233 I/libsuspend( 1841): Selected wakeup count
06-06 02:51:41.292 I/SystemServiceManager( 1841): Starting com.android.server.lights.LightsService
06-06 02:51:41.381 I/SystemServiceManager( 1841): Starting com.android.server.display.DisplayManagerService
06-06 02:51:41.443 I/SystemServiceManager( 1841): Starting phase 100
06-06 02:51:41.504 E/SurfaceFlinger( 1321): ro.sf.lcd_density must be defined as a build property
06-06 02:51:41.601 I/DisplayManagerService( 1841): Display device added: DisplayDeviceInfo{"Built-in Screen": uniqueId="local:0", 1080 x 1920, modeId 1, defaultModeId 1, supportedModes [{id=1, width=1080, height=1920, fps=60.000004}], colorMode 0, supportedColorModes [0], HdrCapabilities android.view.Display$HdrCapabilities@a69d6308, density 480, 480.0 x 480.0 dpi, appVsyncOff 1000000, presDeadline 16666666, touch INTERNAL, rotation 0, type BUILT_IN, state UNKNOWN, FLAG_DEFAULT_DISPLAY, FLAG_ROTATES_WITH_CONTENT, FLAG_SECURE, FLAG_SUPPORTS_PROTECTED_BUFFERS}
06-06 02:51:41.605 D/SurfaceFlinger( 1321): Set power mode=2, type=0 flinger=0x7c32c1447000
06-06 02:51:41.605 D/SurfaceFlinger( 1321): Screen type=0 is already mode=2
06-06 02:51:41.622 I/DisplayManagerService( 1841): Display device changed state: "Built-in Screen", ON
06-06 02:51:41.626 I/SystemServer( 1841): StartPackageManagerService
06-06 02:51:42.386 W/SystemConfig( 1841): No directory /system/etc/sysconfig, skipping
06-06 02:51:42.906 D/SELinuxMMAC( 1841): Using policy file /system/etc/security/mac_permissions.xml
06-06 02:51:45.213 E/art     ( 1841): DexFile_getDexOptNeeded file '/system/framework/org.apache.http.legacy.jar' does not exist
06-06 02:51:45.216 W/PackageManager( 1841): Library not found: /system/framework/org.apache.http.legacy.jar
06-06 02:51:45.405 E/art     ( 1841): DexFile_getDexOptNeeded file '/system/framework/org.apache.http.legacy.jar' does not exist
06-06 02:51:45.406 W/PackageManager( 1841): Library not found: /system/framework/org.apache.http.legacy.jar
06-06 02:51:45.464 D/PackageManager( 1841): No files in app dir /vendor/overlay
06-06 02:51:45.522 V/NatController( 1338): runCmd(/system/bin/iptables -w -F natctrl_FORWARD) res=0
06-06 02:51:46.161 V/NatController( 1338): runCmd(/system/bin/ip6tables -w -F natctrl_FORWARD) res=0
06-06 02:51:46.701 V/NatController( 1338): runCmd(/system/bin/iptables -w -A natctrl_FORWARD -j DROP) res=0
06-06 02:51:46.941 W/PackageManager( 1841): Failed to parse /system/framework/oat: Missing base APK in /system/framework/oat
06-06 02:51:46.945 W/PackageManager( 1841): Failed to parse /system/framework/x86: Missing base APK in /system/framework/x86
06-06 02:51:46.947 W/PackageManager( 1841): Failed to parse /system/framework/x86_64: Missing base APK in /system/framework/x86_64
06-06 02:51:47.122 V/NatController( 1338): runCmd(/system/bin/iptables -w -t nat -F natctrl_nat_POSTROUTING) res=0
06-06 02:51:47.511 V/NatController( 1338): runCmd(/system/bin/ip6tables -w -t raw -F natctrl_raw_PREROUTING) res=0
06-06 02:51:47.965 V/NatController( 1338): runCmd(/system/bin/iptables -w -F natctrl_tether_counters) res=1
06-06 02:51:48.408 W/PackageParser( 1841): No actions in intent filter at /system/priv-app/Contacts/Contacts.apk Binary XML file line #409
06-06 02:51:48.762 V/NatController( 1338): runCmd(/system/bin/ip6tables -w -F natctrl_tether_counters) res=1
06-06 02:51:49.271 V/NatController( 1338): runCmd(/system/bin/iptables -w -X natctrl_tether_counters) res=1
06-06 02:51:49.499 W/PackageParser( 1841): No actions in intent filter at /system/priv-app/Dialer/Dialer.apk Binary XML file line #186
06-06 02:51:49.594 V/NatController( 1338): runCmd(/system/bin/ip6tables -w -X natctrl_tether_counters) res=1
06-06 02:51:49.950 V/NatController( 1338): runCmd(/system/bin/iptables -w -N natctrl_tether_counters) res=0
06-06 02:51:50.035 W/PackageManager( 1841): Permission android.permission.DOWNLOAD_WITHOUT_NOTIFICATION from package com.android.providers.downloads in an unknown group android.permission-group.NETWORK
06-06 02:51:50.158 V/NatController( 1338): runCmd(/system/bin/ip6tables -w -N natctrl_tether_counters) res=0
06-06 02:51:50.381 V/NatController( 1338): runCmd(/system/bin/iptables -w -t mangle -A natctrl_mangle_FORWARD -p tcp --tcp-flags SYN SYN -j TCPMSS --clamp-mss-to-pmtu) res=0
06-06 02:51:53.133 W/PackageParser( 1841): Ignoring duplicate uses-permissions/uses-permissions-sdk-m: android.permission.USE_CREDENTIALS in package: com.android.settings at: Binary XML file line #53
06-06 02:51:53.134 W/PackageParser( 1841): Ignoring duplicate uses-permissions/uses-permissions-sdk-m: android.permission.READ_SYNC_SETTINGS in package: com.android.settings at: Binary XML file line #58
06-06 02:51:53.134 W/PackageParser( 1841): Ignoring duplicate uses-permissions/uses-permissions-sdk-m: android.permission.WRITE_SYNC_SETTINGS in package: com.android.settings at: Binary XML file line #59
06-06 02:51:54.770 W/PackageParser( 1841): Ignoring duplicate uses-permissions/uses-permissions-sdk-m: android.permission.INSTALL_GRANT_RUNTIME_PERMISSIONS in package: com.android.shell at: Binary XML file line #102
06-06 02:51:55.279 E/Netd    ( 1338): cannot find interface dummy0
06-06 02:51:55.532 D/MDnsDS  ( 1338): MDnsSdListener::Hander starting up
06-06 02:51:55.539 D/MDnsDS  ( 1338): MDnsSdListener starting to monitor
06-06 02:51:55.539 D/MDnsDS  ( 1338): Going to poll with pollCount 1
06-06 02:51:55.799 W/PackageParser( 1841): Ignoring duplicate uses-permissions/uses-permissions-sdk-m: android.permission.CONFIGURE_WIFI_DISPLAY in package: com.android.systemui at: Binary XML file line #123
06-06 02:51:56.638 I/art     ( 1841): Background sticky concurrent mark sweep GC freed 33423(2MB) AllocSpace objects, 20(416KB) LOS objects, 31% free, 6MB/10MB, paused 2.603ms total 324.272ms
06-06 02:51:57.488 W/PackageManager( 1841): Non-privileged app; cap priority to 0; package: com.android.calendar activity: com.android.calendar.GoogleCalendarUriIntentFilter origPrio: 50
06-06 02:51:57.835 W/PackageManager( 1841): Non-privileged app; cap priority to 0; package: com.android.cts.ctsshim activity: com.android.cts.ctsshim.InstallPriority origPrio: 100
06-06 02:51:57.836 W/PackageManager( 1841): Non-privileged app; cap priority to 0; package: com.android.cts.ctsshim activity: com.android.cts.ctsshim.InstallPriority origPrio: 100
06-06 02:51:57.836 W/PackageManager( 1841): Non-privileged app; cap priority to 0; package: com.android.cts.ctsshim activity: com.android.cts.ctsshim.InstallPriority origPrio: 100
06-06 02:51:57.836 W/PackageManager( 1841): Non-privileged app; cap priority to 0; package: com.android.cts.ctsshim activity: com.android.cts.ctsshim.InstallPriority origPrio: 100
06-06 02:51:57.836 W/PackageManager( 1841): Non-privileged app; cap priority to 0; package: com.android.cts.ctsshim activity: com.android.cts.ctsshim.InstallPriority origPrio: 100
06-06 02:51:58.931 W/PackageParser( 1841): Ignoring duplicate uses-permissions/uses-permissions-sdk-m: android.permission.WRITE_CONTACTS in package: com.android.email at: Binary XML file line #40
06-06 02:52:00.628 W/PackageParser( 1841): Unknown element under <application>: permission at /system/app/Gallery2/Gallery2.apk Binary XML file line #238
06-06 02:52:00.629 W/PackageParser( 1841): Unknown element under <application>: permission at /system/app/Gallery2/Gallery2.apk Binary XML file line #241
06-06 02:52:01.947 W/PackageManager( 1841): Permission com.android.launcher3.permission.READ_SETTINGS from package com.android.launcher3 in an unknown group android.permission-group.SYSTEM_TOOLS
06-06 02:52:01.947 W/PackageManager( 1841): Permission com.android.launcher3.permission.WRITE_SETTINGS from package com.android.launcher3 in an unknown group android.permission-group.SYSTEM_TOOLS
06-06 02:52:01.947 W/PackageManager( 1841): Permission com.android.launcher.permission.INSTALL_SHORTCUT from package com.android.launcher3 in an unknown group android.permission-group.SYSTEM_TOOLS
06-06 02:52:04.467 D/PackageManager( 1841): No files in app dir /system/vendor/app
06-06 02:52:04.469 D/PackageManager( 1841): No files in app dir /oem/app
06-06 02:52:05.462 W/PackageParser( 1841): No actions in intent filter at /data/app/ApiDemos/ApiDemos.apk Binary XML file line #3145
06-06 02:52:05.463 W/PackageParser( 1841): No actions in intent filter at /data/app/ApiDemos/ApiDemos.apk Binary XML file line #3151
06-06 02:52:05.494 W/PackageManager( 1841): Package com.example.android.apis desires unavailable shared library com.example.will.never.exist; ignoring!
06-06 02:52:05.606 I/SELinux ( 1841): SELinux: Loaded file_contexts contexts from /file_contexts.bin.
06-06 02:52:06.166 D/PackageManager( 1841): No files in app dir /data/app-private
06-06 02:52:06.170 D/PackageManager( 1841): No files in app dir /data/app-ephemeral
06-06 02:52:06.185 E/PackageManager( 1841): There should probably be exactly one setup wizard; found 0: matches=[]
06-06 02:52:06.186 W/PackageManager( 1841): Protected action; cap priority to 0; package: com.android.cts.priv.ctsshim activity: com.android.cts.priv.ctsshim.InstallPriority origPrio: 100
06-06 02:52:06.186 W/PackageManager( 1841): Protected action; cap priority to 0; package: com.android.cts.priv.ctsshim activity: com.android.cts.priv.ctsshim.InstallPriority origPrio: 100
06-06 02:52:06.186 W/PackageManager( 1841): Protected action; cap priority to 0; package: com.android.cts.priv.ctsshim activity: com.android.cts.priv.ctsshim.InstallPriority origPrio: 100
06-06 02:52:06.186 W/PackageManager( 1841): Protected action; cap priority to 0; package: com.android.cts.priv.ctsshim activity: com.android.cts.priv.ctsshim.InstallPriority origPrio: 100
06-06 02:52:06.186 W/PackageManager( 1841): Protected action; cap priority to 0; package: com.android.packageinstaller activity: com.android.packageinstaller.PackageInstallerActivity origPrio: 1
06-06 02:52:06.187 W/PackageManager( 1841): Package com.android.camera desires unavailable shared library com.google.android.media.effects; ignoring!
06-06 02:52:06.187 W/PackageManager( 1841): Package com.android.gallery3d desires unavailable shared library com.google.android.media.effects; ignoring!
06-06 02:52:06.187 W/PackageManager( 1841): Package com.android.gallery3d desires unavailable shared library com.google.android.media.effects; ignoring!
06-06 02:52:06.187 W/PackageManager( 1841): Package com.example.android.apis desires unavailable shared library com.example.will.never.exist; ignoring!
06-06 02:52:06.188 I/PackageManager( 1841): Adjusting ABI for com.android.providers.media to x86_64 (requirer=com.android.mtp, scannedPackage=null)
06-06 02:52:06.235 I/PackageManager( 1841): Adjusting ABI for com.android.providers.downloads.ui to x86_64 (requirer=com.android.mtp, scannedPackage=null)
06-06 02:52:06.238 I/PackageManager( 1841): Adjusting ABI for com.android.providers.downloads to x86_64 (requirer=com.android.mtp, scannedPackage=null)
06-06 02:52:06.330 I/PackageManager( 1841): Adjusting ABI for com.android.keychain to x86_64 (requirer=android, scannedPackage=null)
06-06 02:52:06.333 I/PackageManager( 1841): Adjusting ABI for com.android.server.telecom to x86_64 (requirer=android, scannedPackage=null)
06-06 02:52:06.335 I/PackageManager( 1841): Adjusting ABI for com.android.settings to x86_64 (requirer=android, scannedPackage=null)
06-06 02:52:06.337 I/PackageManager( 1841): Adjusting ABI for com.android.wallpaperbackup to x86_64 (requirer=android, scannedPackage=null)
06-06 02:52:06.339 I/PackageManager( 1841): Adjusting ABI for com.android.inputdevices to x86_64 (requirer=android, scannedPackage=null)
06-06 02:52:06.361 I/PackageManager( 1841): Adjusting ABI for com.android.location.fused to x86_64 (requirer=android, scannedPackage=null)
06-06 02:52:06.382 I/PackageManager( 1841): Adjusting ABI for com.android.providers.settings to x86_64 (requirer=android, scannedPackage=null)
06-06 02:52:06.402 I/PackageManager( 1841): Time to scan packages: 21.453 seconds
06-06 02:52:06.406 W/PackageManager( 1841): Unknown permission com.google.android.googleapps.permission.GOOGLE_AUTH in package com.android.providers.calendar
06-06 02:52:06.406 W/PackageManager( 1841): Unknown permission com.google.android.googleapps.permission.GOOGLE_AUTH.cl in package com.android.providers.calendar
06-06 02:52:06.408 W/PackageManager( 1841): Not granting permission android.permission.GLOBAL_SEARCH to package com.android.quicksearchbox (protectionLevel=18 flags=0x3808be45)
06-06 02:52:06.442 W/PackageManager( 1841): Not granting permission android.permission.WRITE_EXTERNAL_STORAGE to package gov.nasa.arc.astrobee.android.gs.manager because it was previously installed without
06-06 02:52:06.442 W/PackageManager( 1841): Not granting permission android.permission.READ_EXTERNAL_STORAGE to package gov.nasa.arc.astrobee.android.gs.manager because it was previously installed without
06-06 02:52:06.443 W/PackageManager( 1841): Unknown permission com.android.launcher.permission.READ_SETTINGS in package com.android.launcher3
06-06 02:52:06.443 W/PackageManager( 1841): Unknown permission com.android.launcher.permission.WRITE_SETTINGS in package com.android.launcher3
06-06 02:52:06.443 W/PackageManager( 1841): Not granting permission android.permission.BIND_APPWIDGET to package com.android.launcher3 (protectionLevel=18 flags=0x3c4bbe45)
06-06 02:52:06.444 W/PackageManager( 1841): Unknown permission com.google.android.googleapps.permission.GOOGLE_AUTH.mail in package com.android.calendar
06-06 02:52:06.444 W/PackageManager( 1841): Unknown permission com.google.android.providers.settings.permission.WRITE_GSETTINGS in package com.android.sdksetup
06-06 02:52:06.445 W/PackageManager( 1841): Unknown permission com.google.android.permission.INSTALL_WEARABLE_PACKAGES in package com.android.packageinstaller
06-06 02:52:06.446 W/PackageManager( 1841): Not granting permission android.permission.DELETE_PACKAGES to package com.svox.pico (protectionLevel=18 flags=0x3808be45)
06-06 02:52:06.446 W/PackageManager( 1841): Not granting permission android.permission.READ_CONTACTS to package com.example.android.apis because it was previously installed without
06-06 02:52:06.446 W/PackageManager( 1841): Not granting permission android.permission.WRITE_CONTACTS to package com.example.android.apis because it was previously installed without
06-06 02:52:06.446 W/PackageManager( 1841): Not granting permission android.permission.ACCESS_COARSE_LOCATION to package com.example.android.apis because it was previously installed without
06-06 02:52:06.446 W/PackageManager( 1841): Not granting permission android.permission.WRITE_EXTERNAL_STORAGE to package com.example.android.apis because it was previously installed without
06-06 02:52:06.446 W/PackageManager( 1841): Not granting permission android.permission.SEND_SMS to package com.example.android.apis because it was previously installed without
06-06 02:52:06.446 W/PackageManager( 1841): Not granting permission android.permission.RECEIVE_SMS to package com.example.android.apis because it was previously installed without
06-06 02:52:06.446 W/PackageManager( 1841): Not granting permission android.permission.RECEIVE_MMS to package com.example.android.apis because it was previously installed without
06-06 02:52:06.446 W/PackageManager( 1841): Not granting permission android.permission.READ_SMS to package com.example.android.apis because it was previously installed without
06-06 02:52:06.447 W/PackageManager( 1841): Not granting permission android.permission.READ_PHONE_STATE to package com.example.android.apis because it was previously installed without
06-06 02:52:06.447 W/PackageManager( 1841): Not granting permission android.permission.RECORD_AUDIO to package com.example.android.apis because it was previously installed without
06-06 02:52:06.447 W/PackageManager( 1841): Not granting permission android.permission.CAMERA to package com.example.android.apis because it was previously installed without
06-06 02:52:06.447 W/PackageManager( 1841): Not granting permission android.permission.READ_EXTERNAL_STORAGE to package com.example.android.apis because it was previously installed without
06-06 02:52:06.447 W/PackageManager( 1841): Unknown permission android.permission.RUN_INSTRUMENTATION in package org.chromium.webview_shell
06-06 02:52:06.448 W/PackageManager( 1841): Unknown permission com.google.android.googleapps.permission.GOOGLE_AUTH in package com.android.settings
06-06 02:52:06.448 W/PackageManager( 1841): Unknown permission com.android.launcher.permission.READ_SETTINGS in package com.android.settings
06-06 02:52:06.448 W/PackageManager( 1841): Unknown permission com.android.launcher.permission.WRITE_SETTINGS in package com.android.settings
06-06 02:52:06.449 W/PackageManager( 1841): Unknown permission com.android.smspush.WAPPUSH_MANAGER_BIND in package com.android.phone
06-06 02:52:06.453 W/PackageManager( 1841): Unknown permission com.google.android.googleapps.permission.ACCESS_GOOGLE_PASSWORD in package com.android.development
06-06 02:52:06.453 W/PackageManager( 1841): Unknown permission com.google.android.googleapps.permission.GOOGLE_AUTH in package com.android.development
06-06 02:52:06.453 W/PackageManager( 1841): Unknown permission com.google.android.googleapps.permission.GOOGLE_AUTH.ALL_SERVICES in package com.android.development
06-06 02:52:06.453 W/PackageManager( 1841): Unknown permission com.google.android.googleapps.permission.GOOGLE_AUTH.YouTubeUser in package com.android.development
06-06 02:52:06.453 W/PackageManager( 1841): Not granting permission android.permission.BIND_APPWIDGET to package com.android.widgetpreview (protectionLevel=18 flags=0x3808be44)
06-06 02:52:06.455 V/PackageManager( 1841): reconcileAppsData for null u0 0x3
06-06 02:52:06.541 I/SELinux ( 1329): SELinux: Loaded file_contexts contexts from /file_contexts.bin.
06-06 02:52:12.117 V/PackageManager( 1841): reconcileAppsData finished 81 packages
06-06 02:52:13.041 E/PackageManager( 1841): There should probably be a verifier, but, none were found
06-06 02:52:13.161 D/PackageManager( 1841): Ephemeral resolver NOT found; no matching intent filters
06-06 02:52:13.163 I/PackageManager( 1841): Ephemeral deactivated; missing resolver and installer
06-06 02:52:13.166 I/art     ( 1841): Starting a blocking GC Explicit
06-06 02:52:13.183 W/art     ( 1841): Long monitor contention with owner main (1841) at int android.net.LocalSocketImpl.readba_native(byte[], int, int, java.io.FileDescriptor)(LocalSocketImpl.java:-2) waiters=0 in void com.android.server.pm.Settings$RuntimePermissionPersistence.writePermissionsSync(int) for 6.404s
06-06 02:52:13.414 I/art     ( 1841): Explicit concurrent mark sweep GC freed 37824(2MB) AllocSpace objects, 4(80KB) LOS objects, 33% free, 7MB/10MB, paused 9.756ms total 200.406ms
06-06 02:52:13.449 I/SystemServer( 1841): StartOtaDexOptService
06-06 02:52:13.508 I/SystemServer( 1841): StartUserManagerService
06-06 02:52:13.509 I/SystemServiceManager( 1841): Starting com.android.server.pm.UserManagerService$LifeCycle
06-06 02:52:13.613 I/lowmemorykiller( 1319): ActivityManager connected
06-06 02:52:13.626 D/SensorService( 1841): nuSensorService starting...
06-06 02:52:13.764 D/SensorService( 1841): nuSensorService thread starting...
06-06 02:52:13.773 D/SensorService( 1841): new thread SensorEventAckReceiver
06-06 02:52:13.774 I/SystemServiceManager( 1841): Starting com.android.server.BatteryService
06-06 02:52:13.850 I/SystemServiceManager( 1841): Starting com.android.server.usage.UsageStatsService
06-06 02:52:14.100 I/SystemServiceManager( 1841): Starting com.android.server.webkit.WebViewUpdateService
06-06 02:52:14.173 I/SystemServer( 1841): Reading configuration...
06-06 02:52:14.173 I/SystemServer( 1841): StartSchedulingPolicyService
06-06 02:52:14.181 I/SystemServiceManager( 1841): Starting com.android.server.telecom.TelecomLoaderService
06-06 02:52:14.182 I/SystemServer( 1841): StartTelephonyRegistry
06-06 02:52:14.326 I/SystemServer( 1841): StartEntropyMixer
06-06 02:52:14.367 I/EntropyMixer( 1841): Writing entropy...
06-06 02:52:14.452 I/SystemServer( 1841): Camera Service
06-06 02:52:14.460 I/SystemServiceManager( 1841): Starting com.android.server.camera.CameraService
06-06 02:52:14.494 I/ServiceThread( 1841): Enabled StrictMode logging for CameraService_proxy looper.
06-06 02:52:14.499 I/SystemServer( 1841): StartAccountManagerService
06-06 02:52:14.512 I/SystemServiceManager( 1841): Starting com.android.server.accounts.AccountManagerService$Lifecycle
06-06 02:52:14.628 I/SystemServer( 1841): StartContentService
06-06 02:52:14.682 I/SystemServiceManager( 1841): Starting com.android.server.content.ContentService$Lifecycle
06-06 02:52:14.724 I/SystemServer( 1841): InstallSystemProviders
06-06 02:52:14.802 W/System  ( 1841): ClassLoader referenced unknown path: /system/priv-app/SettingsProvider/lib/x86_64
06-06 02:52:15.135 I/SystemServer( 1841): StartVibratorService
06-06 02:52:15.137 E/VibratorService( 1841): Couldn't load vibrator module (No such file or directory)
06-06 02:52:15.137 W/VibratorService( 1841): Tried to stop vibrating but there is no vibrator device.
06-06 02:52:15.176 I/SystemServer( 1841): StartConsumerIrService
