06-06 02:53:31.602 W/art     ( 1841): Long monitor contention with owner Binder:1841_7 (2365) at void com.android.server.power.PowerManagerService.acquireWakeLockInternal(android.os.IBinder, int, java.lang.String, java.lang.String, android.os.WorkSource, java.lang.String, int, int)(PowerManagerService.java:862) waiters=0 in void com.android.server.power.PowerManagerService.updateUidProcStateInternal(int, int) for 1.758s
06-06 02:53:31.882 W/BroadcastQueue( 1841): Timeout of broadcast BroadcastRecord{7ad6e07 u-1 android.intent.action.TIME_TICK} - receiver=android.os.BinderProxy@f493fda, started 10005ms ago
06-06 02:53:31.882 W/BroadcastQueue( 1841): Receiver during timeout: BroadcastFilter{5446ae8 u0 ReceiverList{40cc0b 2102 com.android.systemui/10021/u0 remote:f493fda}}
06-06 02:53:32.076 D/CarrierConfigLoader( 2328): CarrierConfigLoader has started
06-06 02:53:32.175 E/BluetoothAdapter( 2328): Bluetooth binder is null
06-06 02:53:32.186 E/ActivityThread( 2328): Failed to find provider info for com.android.contacts
06-06 02:53:32.187 W/CallerInfoCache( 2328): cursor is null
06-06 02:53:32.255 W/System  ( 2443): ClassLoader referenced unknown path: /system/priv-app/CellBroadcastReceiver/lib/x86_64
06-06 02:53:32.482 W/ProcessCpuTracker( 1841): Skipping unknown process pid 2479
06-06 02:53:32.551 W/art     ( 1841): Long monitor contention with owner main (1841) at int com.android.server.am.ActivityManagerService.broadcastIntent(android.app.IApplicationThread, android.content.Intent, java.lang.String, android.content.IIntentReceiver, int, java.lang.String, android.os.Bundle, java.lang.String[], int, android.os.Bundle, boolean, boolean, int)(ActivityManagerService.java:18551) waiters=2 in java.lang.String com.android.server.am.ActivityManagerService.checkContentProviderAccess(java.lang.String, int) for 8.082s
06-06 02:53:33.906 W/art     ( 1841): Long monitor contention with owner main (1841) at int com.android.server.am.ActivityManagerService.broadcastIntent(android.app.IApplicationThread, android.content.Intent, java.lang.String, android.content.IIntentReceiver, int, java.lang.String, android.os.Bundle, java.lang.String[], int, android.os.Bundle, boolean, boolean, int)(ActivityManagerService.java:18551) waiters=0 in boolean com.android.server.am.ActivityManagerService.isUserRunning(int, int) for 9.031s
06-06 02:53:33.993 D/ZenLog  ( 1841): config: conditionChanged,ZenModeConfig[user=0,allowCalls=true,allowRepeatCallers=false,allowMessages=false,allowCallsFrom=contacts,allowMessagesFrom=contacts,allowReminders=true,allowEvents=true,allowWhenScreenOff=true,allowWhenScreenOn=true,automaticRules={370bd6672ef541ba946db9ac4aef0faf=ZenRule[enabled=false,snoozing=false,name=Weeknight,zenMode=ZEN_MODE_ALARMS,conditionId=condition://android/schedule?days=1.2.3.4.5&start=22.0&end=7.0&exitAtAlarm=false,condition=Condition[id=condition://android/schedule?days=1.2.3.4.5&start=22.0&end=7.0&exitAtAlarm=false,summary=...,line1=...,line2=...,icon=0,state=STATE_FALSE,flags=2],component=ComponentInfo{android/com.android.server.notification.ScheduleConditionProvider},id=370bd6672ef541ba946db9ac4aef0faf,creationTime=1590622727817,enabler=null], a53ffdf89c814123a52adbdd46bc948d=ZenRule[enabled=false,snoozing=false,name=Weekend,zenMode=ZEN_MODE_ALARMS,conditionId=condition://android/schedule?days=6.7&start=23.30&end=10.0&exitAtAlarm=false,condition=Condition[id=condition://android/schedule?days=6.7&start=23.30&end=10.0&exitAtAlarm=false,summary=...,line1=...,line2=...,icon=0,state=STATE_FALSE,flags=2],component=ComponentInfo{android/com.android.server.notification.ScheduleConditionProvider},id=a53ffdf89c814123a52adbdd46bc948d,creationTime=1590622727818,enabler=null], fc8bb1aacabb4877a1d1d167106f6e77=ZenRule[enabled=false,snoozing=false,name=Event,zenMode=ZEN_MODE_ALARMS,conditionId=condition://android/event?userId=-10000&calendar=&reply=1,condition=Condition[id=condition://android/event?userId=-10000&calendar=&reply=1,summary=...,line1=...,line2=...,icon=0,state=STATE_FALSE,flags=2],component=ComponentInfo{android/com.android.server.notification.EventConditionProvider},id=fc8bb1aacabb4877a1d1d167106f6e77,creationTime=1590622727822,enabler=null]},manualRule=null],Diff[automaticRule[370bd6672ef541ba946db9ac4aef0faf].condition:Condition[id=condition://android/schedule?days=1.2.3.4.5&start=22.0&end=7.0&exitAtAlarm=false,summary=...,line1=...,line2=...,icon=0,state=STATE_TRUE,flags=2]->Condition[id=condition://android/schedule?days=1.2.3.4.5&start=22.0&end=7.0&exitAtAlarm=false,summary=...,line1=...,line2=...,icon=0,state=STATE_FALSE,flags=2]]
06-06 02:53:34.061 D/ZenLog  ( 1841): config: conditionChanged,ZenModeConfig[user=0,allowCalls=true,allowRepeatCallers=false,allowMessages=false,allowCallsFrom=contacts,allowMessagesFrom=contacts,allowReminders=true,allowEvents=true,allowWhenScreenOff=true,allowWhenScreenOn=true,automaticRules={370bd6672ef541ba946db9ac4aef0faf=ZenRule[enabled=false,snoozing=false,name=Weeknight,zenMode=ZEN_MODE_ALARMS,conditionId=condition://android/schedule?days=1.2.3.4.5&start=22.0&end=7.0&exitAtAlarm=false,condition=Condition[id=condition://android/schedule?days=1.2.3.4.5&start=22.0&end=7.0&exitAtAlarm=false,summary=...,line1=...,line2=...,icon=0,state=STATE_FALSE,flags=2],component=ComponentInfo{android/com.android.server.notification.ScheduleConditionProvider},id=370bd6672ef541ba946db9ac4aef0faf,creationTime=1590622727817,enabler=null], a53ffdf89c814123a52adbdd46bc948d=ZenRule[enabled=false,snoozing=false,name=Weekend,zenMode=ZEN_MODE_ALARMS,conditionId=condition://android/schedule?days=6.7&start=23.30&end=10.0&exitAtAlarm=false,condition=Condition[id=condition://android/schedule?days=6.7&start=23.30&end=10.0&exitAtAlarm=false,summary=...,line1=...,line2=...,icon=0,state=STATE_TRUE,flags=2],component=ComponentInfo{android/com.android.server.notification.ScheduleConditionProvider},id=a53ffdf89c814123a52adbdd46bc948d,creationTime=1590622727818,enabler=null], fc8bb1aacabb4877a1d1d167106f6e77=ZenRule[enabled=false,snoozing=false,name=Event,zenMode=ZEN_MODE_ALARMS,conditionId=condition://android/event?userId=-10000&calendar=&reply=1,condition=Condition[id=condition://android/event?userId=-10000&calendar=&reply=1,summary=...,line1=...,line2=...,icon=0,state=STATE_FALSE,flags=2],component=ComponentInfo{android/com.android.server.notification.EventConditionProvider},id=fc8bb1aacabb4877a1d1d167106f6e77,creationTime=1590622727822,enabler=null]},manualRule=null],Diff[automaticRule[a53ffdf89c814123a52adbdd46bc948d].condition:Condition[id=condition://android/schedule?days=6.7&start=23.30&end=10.0&exitAtAlarm=false,summary=...,line1=...,line2=...,icon=0,state=STATE_FALSE,flags=2]->Condition[id=condition://android/schedule?days=6.7&start=23.30&end=10.0&exitAtAlarm=false,summary=...,line1=...,line2=...,icon=0,state=STATE_TRUE,flags=2]]
06-06 02:53:34.383 I/Process ( 1841): Sending signal. PID: 2102 SIG: 3
06-06 02:53:34.385 I/art     ( 2102): Thread[3,tid=2114,WaitingInMainSignalCatcherLoop,Thread*=0x7aa23de96400,peer=0x12c005e0,"Signal Catcher"]: reacting to signal 3
06-06 02:53:34.385 I/art     ( 2102): 
06-06 02:53:34.541 I/GnssLocationProvider( 1841): WakeLock released by handleMessage(13, 0, null)
06-06 02:53:34.543 E/GnssLocationProvider( 1841): no AGPS interface in set_agps_server
06-06 02:53:34.689 W/art     ( 1841): Long monitor contention with owner Binder:1841_1 (1873) at android.content.Intent com.android.server.am.ActivityManagerService.registerReceiver(android.app.IApplicationThread, java.lang.String, android.content.IIntentReceiver, android.content.IntentFilter, java.lang.String, int)(ActivityManagerService.java:17625) waiters=1 in java.lang.String com.android.server.am.ActivityManagerService.checkContentProviderAccess(java.lang.String, int) for 781ms
06-06 02:53:35.149 W/art     ( 1841): Long monitor contention with owner Binder:1841_1 (1873) at android.content.Intent com.android.server.am.ActivityManagerService.registerReceiver(android.app.IApplicationThread, java.lang.String, android.content.IIntentReceiver, android.content.IntentFilter, java.lang.String, int)(ActivityManagerService.java:17625) waiters=1 in boolean com.android.server.am.ActivityManagerService.isUserRunning(int, int) for 1.235s
06-06 02:53:35.325 W/art     ( 1841): Long monitor contention with owner android.bg (1896) at boolean android.os.MessageQueue.enqueueMessage(android.os.Message, long)(MessageQueue.java:541) waiters=0 in android.os.Message android.os.MessageQueue.next() for 778ms
06-06 02:53:35.326 W/art     ( 1841): Long monitor contention with owner android.bg (1896) at void com.android.server.power.PowerManagerService.releaseWakeLockInternal(android.os.IBinder, int)(PowerManagerService.java:937) waiters=0 in void com.android.server.power.PowerManagerService.acquireWakeLockInternal(android.os.IBinder, int, java.lang.String, java.lang.String, android.os.WorkSource, java.lang.String, int, int) for 612ms
06-06 02:53:35.328 W/art     ( 1841): Long monitor contention with owner android.bg (1896) at void com.android.server.power.PowerManagerService.releaseWakeLockInternal(android.os.IBinder, int)(PowerManagerService.java:937) waiters=1 in void com.android.server.power.PowerManagerService.releaseWakeLockInternal(android.os.IBinder, int) for 362ms
06-06 02:53:35.359 I/Telephony( 2328): TtyManager: updateUiTtyMode -1 -> 0
06-06 02:53:35.442 I/GnssLocationProvider( 1841): WakeLock released by handleMessage(2, 1, null)
06-06 02:53:35.538 D/ZenLog  ( 1841): set_zen_mode: off,conditionChanged
06-06 02:53:35.904 E/ActivityManager( 1841): ANR in com.android.systemui
06-06 02:53:35.904 E/ActivityManager( 1841): PID: 2102
06-06 02:53:35.904 E/ActivityManager( 1841): Reason: Broadcast of Intent { act=android.intent.action.TIME_TICK flg=0x50000014 (has extras) }
06-06 02:53:35.904 E/ActivityManager( 1841): Load: 0.0 / 0.0 / 0.0
06-06 02:53:35.904 E/ActivityManager( 1841): CPU usage from 21406ms to 0ms ago (2020-06-06 02:53:10.488 to 2020-06-06 02:53:31.894):
06-06 02:53:35.904 E/ActivityManager( 1841):   99% 1321/surfaceflinger: 37% user + 62% kernel / faults: 8 minor
06-06 02:53:35.904 E/ActivityManager( 1841):   24% 1503/bootanimation: 2.2% user + 22% kernel
06-06 02:53:35.904 E/ActivityManager( 1841):   21% 1841/system_server: 3.1% user + 18% kernel / faults: 4716 minor 22 major
06-06 02:53:35.904 E/ActivityManager( 1841):   17% 2346/com.android.settings: 5.4% user + 12% kernel / faults: 2390 minor 10 major
06-06 02:53:35.904 E/ActivityManager( 1841):   8.8% 2102/com.android.systemui: 0% user + 8.8% kernel / faults: 2584 minor 20 major
06-06 02:53:35.904 E/ActivityManager( 1841):   4.2% 2328/com.android.phone: 0.9% user + 3.3% kernel / faults: 1538 minor 10 major
06-06 02:53:35.904 E/ActivityManager( 1841):   1.8% 8/rcu_preempt: 0% user + 1.8% kernel
06-06 02:53:35.904 E/ActivityManager( 1841):   1.7% 1323/adbd: 0% user + 1.6% kernel / faults: 917 minor
06-06 02:53:35.904 E/ActivityManager( 1841):   0.5% 1320/servicemanager: 0% user + 0.5% kernel
06-06 02:53:35.904 E/ActivityManager( 1841):   0.4% 1267/logd: 0.2% user + 0.1% kernel / faults: 13 minor
06-06 02:53:35.904 E/ActivityManager( 1841):   0.4% 1408/logcat: 0% user + 0.4% kernel / faults: 2 minor
06-06 02:53:35.904 E/ActivityManager( 1841):   0.3% 1326/audioserver: 0.1% user + 0.1% kernel / faults: 15 minor
06-06 02:53:35.904 E/ActivityManager( 1841):   0.1% 1324/zygote64: 0% user + 0.1% kernel / faults: 155 minor
06-06 02:53:35.904 E/ActivityManager( 1841):   0.2% 2097/com.android.inputmethod.latin: 0% user + 0.2% kernel / faults: 85 minor
06-06 02:53:35.904 E/ActivityManager( 1841):   0.1% 1255/kworker/0:1H: 0% user + 0.1% kernel
06-06 02:53:35.904 E/ActivityManager( 1841):   0.1% 3/ksoftirqd/0: 0% user + 0.1% kernel
06-06 02:53:35.904 E/ActivityManager( 1841):   0.1% 17/kworker/u4:1: 0% user + 0.1% kernel
06-06 02:53:35.904 E/ActivityManager( 1841):   0% 1//init: 0% user + 0% kernel / faults: 1 minor
06-06 02:53:35.904 E/ActivityManager( 1841):   0% 12/ksoftirqd/1: 0% user + 0% kernel
06-06 02:53:35.904 E/ActivityManager( 1841):   0% 13/kworker/1:0: 0% user + 0% kernel
06-06 02:53:35.904 E/ActivityManager( 1841):   0% 809/kworker/0:2: 0% user + 0% kernel
06-06 02:53:35.904 E/ActivityManager( 1841):   0% 1265/jbd2/vdc-8: 0% user + 0% kernel
06-06 02:53:35.904 E/ActivityManager( 1841):   0% 1330/keystore: 0% user + 0% kernel
06-06 02:53:35.904 E/ActivityManager( 1841):  +0% 2443/com.android.cellbroadcastreceiver: 0% user + 0% kernel
06-06 02:53:35.904 E/ActivityManager( 1841): 100% TOTAL: 27% user + 70% kernel + 1.4% softirq
06-06 02:53:35.904 E/ActivityManager( 1841): CPU usage from 219894ms to 219894ms ago (1970-01-01 00:00:00.000 to 1970-01-01 00:00:00.000) with 0% awake:
06-06 02:53:35.904 E/ActivityManager( 1841): 0% TOTAL: 0% user + 0% kernel
06-06 02:53:35.926 D/ZenLog  ( 1841): set_zen_mode: off,conditionChanged
06-06 02:53:36.251 I/art     ( 1841): Background partial concurrent mark sweep GC freed 13169(1260KB) AllocSpace objects, 11(5MB) LOS objects, 30% free, 9MB/13MB, paused 2.650ms total 708.301ms
06-06 02:53:37.390 I/art     ( 2102): Wrote stack traces to '/data/anr/traces.txt'
06-06 02:53:37.428 W/art     ( 1841): Long monitor contention with owner AsyncTask #4 (2449) at boolean com.android.server.am.ActivityManagerService.isUserRunning(int, int)(ActivityManagerService.java:21741) waiters=1 in android.content.Intent com.android.server.am.ActivityManagerService.registerReceiver(android.app.IApplicationThread, java.lang.String, android.content.IIntentReceiver, android.content.IntentFilter, java.lang.String, int) for 1.672s
06-06 02:53:37.440 W/art     ( 1841): Long monitor contention with owner AsyncTask #4 (2449) at boolean com.android.server.am.ActivityManagerService.isUserRunning(int, int)(ActivityManagerService.java:21741) waiters=2 in void com.android.server.am.ActivityManagerService.appendDropBoxProcessHeaders(com.android.server.am.ProcessRecord, java.lang.String, java.lang.StringBuilder) for 1.524s
06-06 02:53:37.444 I/ActivityManager( 1841): Killing 2102:com.android.systemui/u0a21 (adj -800): bg anr
06-06 02:53:37.449 W/ActivityManager( 1841): Timeout executing service: ServiceRecord{63322af u0 com.android.systemui/.keyguard.KeyguardService}
06-06 02:53:37.450 W/art     ( 1841): Long monitor contention with owner AsyncTask #4 (2449) at boolean com.android.server.am.ActivityManagerService.isUserRunning(int, int)(ActivityManagerService.java:21741) waiters=3 in int com.android.server.am.ActivityManagerService.getMemoryTrimLevel() for 1.449s
06-06 02:53:37.942 I/ActivityManager( 1841): Skipping duplicate ANR: ProcessRecord{430898a 2102:com.android.systemui/u0a21} executing service com.android.systemui/.keyguard.KeyguardService
06-06 02:53:38.605 D/AlarmManagerService( 1841): Kernel timezone updated to 0 minutes west of GMT
06-06 02:53:38.732 D/AlarmManagerService( 1841): Setting time of day to sec=1591412019
06-06 02:53:39.443 W/AlarmManagerService( 1841): Unable to set rtc to 1591412019: No such device
06-06 02:53:40.190 E/ActivityThread( 1841): Failed to find provider info for com.android.calendar
06-06 02:53:40.193 E/ActivityThread( 1841): Failed to find provider info for com.android.calendar
06-06 02:53:40.481 W/art     ( 1841): Long monitor contention with owner AsyncTask #4 (2449) at boolean com.android.server.am.ActivityManagerService.isUserRunning(int, int)(ActivityManagerService.java:21741) waiters=4 in void com.android.server.am.ActivityManagerService$3.handleMessage(android.os.Message) for 2.965s
06-06 02:53:40.483 W/art     ( 1841): Long monitor contention with owner AlarmManager (2028) at boolean android.os.MessageQueue.enqueueMessage(android.os.Message, long)(MessageQueue.java:541) waiters=0 in android.os.Message android.os.MessageQueue.next() for 989ms
06-06 02:53:40.507 W/art     ( 1841): Long monitor contention with owner BackgroundDexOptService_PostBootUpdate (2510) at void com.android.server.power.PowerManagerService.releaseWakeLockInternal(android.os.IBinder, int)(PowerManagerService.java:937) waiters=0 in void com.android.server.power.PowerManagerService.releaseWakeLockInternal(android.os.IBinder, int) for 881ms
06-06 02:53:40.645 D/ConditionProviders.SCP( 1841): onReceive android.intent.action.TIME_SET
06-06 02:53:40.678 D/ConditionProviders.SCP( 1841): notifyCondition condition://android/schedule?days=6.7&start=23.30&end=10.0&exitAtAlarm=false STATE_TRUE reason=meetsSchedule
06-06 02:53:40.679 D/ConditionProviders.SCP( 1841): notifyCondition condition://android/schedule?days=1.2.3.4.5&start=22.0&end=7.0&exitAtAlarm=false STATE_FALSE reason=!meetsSchedule
06-06 02:53:40.786 D/ConditionProviders.SCP( 1841): Scheduling evaluate for Sat Jun 06 07:00:00 UTC 2020 (1591426800000), in +4h6m19s355ms, now=Sat Jun 06 02:53:40 UTC 2020 (1591412020645)
06-06 02:53:42.403 W/WindowManager( 1841): ***** BOOT TIMEOUT: forcing display enabled
06-06 02:53:42.434 I/SurfaceFlinger( 1321): Boot is finished (210383 ms)
06-06 02:53:42.536 I/SystemServiceManager( 1841): Starting phase 1000
06-06 02:53:42.963 W/ActivityManager( 1841): Slow operation: 298ms so far, now at startProcess: returned from zygote!
06-06 02:53:42.964 W/ActivityManager( 1841): Slow operation: 298ms so far, now at startProcess: done updating battery stats
06-06 02:53:42.965 W/ActivityManager( 1841): Slow operation: 299ms so far, now at startProcess: building log message
06-06 02:53:42.965 I/ActivityManager( 1841): Start proc 2521:android.ext.services/u0a12 for on-hold
06-06 02:53:42.965 W/ActivityManager( 1841): Slow operation: 300ms so far, now at startProcess: starting to update pids map
06-06 02:53:42.965 W/ActivityManager( 1841): Slow operation: 300ms so far, now at startProcess: done updating pids map
06-06 02:53:43.138 D/ActivityManager( 1841): Finishing user boot 0
06-06 02:53:43.184 D/CryptdConnector( 1841): SND -> {3 cryptfs prepare_user_storage ! 0 0 2}
06-06 02:53:43.283 D/vold    ( 1277): e4crypt_prepare_user_storage for volume null, user 0, serial 0, flags 2
06-06 02:53:43.284 D/vold    ( 1277): Preparing: /data/system_ce/0
06-06 02:53:43.285 D/vold    ( 1277): Preparing: /data/misc_ce/0
06-06 02:53:43.285 D/vold    ( 1277): Preparing: /data/media/0
06-06 02:53:43.285 D/vold    ( 1277): Preparing: /data/data
06-06 02:53:43.287 D/CryptdConnector( 1841): RCV <- {200 3 Command succeeded}
06-06 02:53:43.322 V/UserManagerService( 1841): Found /data/user/0 with serial number 0
06-06 02:53:43.323 V/UserManagerService( 1841): Found /data/system_ce/0 with serial number 0
06-06 02:53:43.333 V/PackageManager( 1841): reconcileAppsData for null u0 0x2
06-06 02:53:43.448 W/art     ( 2521): Unexpected CPU variant for X86 using defaults: x86_64
06-06 02:53:45.069 I/WindowManager( 1841): WIN DEATH: Window{2040111 u0 DockedStackDivider}
06-06 02:53:45.099 W/AudioService( 1841): Current remote volume controller died, unregistering
06-06 02:53:45.110 W/WallpaperManagerService( 1841): Wallpaper service gone: ComponentInfo{com.android.systemui/com.android.systemui.ImageWallpaper}
06-06 02:53:45.129 W/VolumeController( 1841): Error calling dismiss
06-06 02:53:45.129 W/VolumeController( 1841): android.os.DeadObjectException
06-06 02:53:45.129 W/VolumeController( 1841): 	at android.os.BinderProxy.transactNative(Native Method)
06-06 02:53:45.129 W/VolumeController( 1841): 	at android.os.BinderProxy.transact(Binder.java:615)
06-06 02:53:45.129 W/VolumeController( 1841): 	at android.media.IVolumeController$Stub$Proxy.dismiss(IVolumeController.java:162)
06-06 02:53:45.129 W/VolumeController( 1841): 	at com.android.server.audio.AudioService$VolumeController.postDismiss(AudioService.java:6138)
06-06 02:53:45.129 W/VolumeController( 1841): 	at com.android.server.audio.AudioService.setVolumeController(AudioService.java:5986)
06-06 02:53:45.129 W/VolumeController( 1841): 	at com.android.server.audio.AudioService$4.binderDied(AudioService.java:5995)
06-06 02:53:45.129 W/VolumeController( 1841): 	at android.os.BinderProxy.sendDeathNotice(Binder.java:688)
06-06 02:53:46.700 V/PackageManager( 1841): reconcileAppsData finished 81 packages
06-06 02:53:46.726 W/art     ( 1841): Long monitor contention with owner android.display (1917) at void com.android.server.am.ActivityManagerService.finishBooting()(ActivityManagerService.java:6823) waiters=2 in android.content.Intent com.android.server.am.ActivityManagerService.registerReceiver(android.app.IApplicationThread, java.lang.String, android.content.IIntentReceiver, android.content.IntentFilter, java.lang.String, int) for 3.963s
06-06 02:53:46.730 W/art     ( 1841): Long monitor contention with owner android.display (1917) at void com.android.server.am.ActivityManagerService.finishBooting()(ActivityManagerService.java:6823) waiters=3 in void com.android.server.am.BroadcastQueue.processNextBroadcast(boolean) for 3.588s
06-06 02:53:46.735 W/art     ( 1841): Long monitor contention with owner android.display (1917) at void com.android.server.am.ActivityManagerService.finishBooting()(ActivityManagerService.java:6823) waiters=3 in void com.android.server.am.ActivityManagerService$3.handleMessage(android.os.Message) for 2.770s
06-06 02:53:46.736 W/art     ( 1841): Long monitor contention with owner android.display (1917) at void com.android.server.am.ActivityManagerService.finishBooting()(ActivityManagerService.java:6823) waiters=1 in int com.android.server.am.ActivityManagerService.broadcastIntent(android.app.IApplicationThread, android.content.Intent, java.lang.String, android.content.IIntentReceiver, int, java.lang.String, android.os.Bundle, java.lang.String[], int, android.os.Bundle, boolean, boolean, int) for 4.004s
06-06 02:53:46.737 W/ActivityManager( 1841): Timeout executing service: ServiceRecord{856c6a0 u0 com.android.phone/.TelephonyDebugService}
06-06 02:53:46.739 W/art     ( 1841): Long monitor contention with owner android.display (1917) at void com.android.server.am.ActivityManagerService.finishBooting()(ActivityManagerService.java:6823) waiters=4 in void com.android.server.am.ActivityManagerService.attachApplication(android.app.IApplicationThread) for 2.687s
06-06 02:53:46.792 W/art     ( 1841): Long monitor contention with owner android.display (1917) at void com.android.server.am.ActivityManagerService.finishBooting()(ActivityManagerService.java:6823) waiters=5 in void com.android.server.am.ActivityManagerService$AppDeathRecipient.binderDied() for 1.687s
06-06 02:53:46.793 I/ActivityManager( 1841): Process com.android.systemui (pid 2102) has died
06-06 02:53:46.794 D/ActivityManager( 1841): cleanUpApplicationRecord -- 2102
06-06 02:53:46.844 W/ActivityManager( 1841): Scheduling restart of crashed service com.android.systemui/.ImageWallpaper in 0ms
06-06 02:53:46.845 W/ActivityManager( 1841): Scheduling restart of crashed service com.android.systemui/.SystemUIService in 0ms
06-06 02:53:46.845 W/ActivityManager( 1841): Scheduling restart of crashed service com.android.systemui/.keyguard.KeyguardService in 0ms
06-06 02:53:46.865 W/ActivityManager( 1841): Re-adding persistent process ProcessRecord{430898a 2102:com.android.systemui/u0a21}
06-06 02:53:46.870 W/libprocessgroup( 1841): failed to open /acct/uid_10021/pid_2102/cgroup.procs: No such file or directory
06-06 02:53:47.182 W/System  ( 2521): ClassLoader referenced unknown path: /system/priv-app/ExtServices/lib/x86_64
06-06 02:53:47.208 W/ActivityManager( 1841): Slow operation: 343ms so far, now at startProcess: returned from zygote!
06-06 02:53:47.209 W/ActivityManager( 1841): Slow operation: 343ms so far, now at startProcess: done updating battery stats
06-06 02:53:47.209 W/ActivityManager( 1841): Slow operation: 344ms so far, now at startProcess: building log message
06-06 02:53:47.209 I/ActivityManager( 1841): Start proc 2539:com.android.systemui/u0a21 for restart com.android.systemui
06-06 02:53:47.209 W/ActivityManager( 1841): Slow operation: 344ms so far, now at startProcess: starting to update pids map
06-06 02:53:47.209 W/ActivityManager( 1841): Slow operation: 344ms so far, now at startProcess: done updating pids map
06-06 02:53:47.223 W/art     ( 1841): Long monitor contention with owner ActivityManager (1897) at void com.android.server.am.ActiveServices.serviceTimeout(com.android.server.am.ProcessRecord)(ActiveServices.java:2825) waiters=3 in void com.android.server.am.ActivityManagerService$3.handleMessage(android.os.Message) for 487ms
06-06 02:53:47.238 W/art     ( 1841): Long monitor contention with owner ActivityManager (1897) at void com.android.server.am.ActiveServices.serviceTimeout(com.android.server.am.ProcessRecord)(ActiveServices.java:2825) waiters=3 in int com.android.server.am.ActivityManagerService.broadcastIntent(android.app.IApplicationThread, android.content.Intent, java.lang.String, android.content.IIntentReceiver, int, java.lang.String, android.os.Bundle, java.lang.String[], int, android.os.Bundle, boolean, boolean, int) for 501ms
06-06 02:53:47.239 W/art     ( 1841): Long monitor contention with owner Binder:1841_6 (2364) at void com.android.server.am.ActivityManagerService.attachApplication(android.app.IApplicationThread)(ActivityManagerService.java:6669) waiters=3 in void com.android.server.am.ActivityManagerService.dispatchProcessesChanged() for 471ms
06-06 02:53:47.242 W/art     ( 1841): Long monitor contention with owner Binder:1841_2 (1874) at void com.android.server.am.ActivityManagerService$AppDeathRecipient.binderDied()(ActivityManagerService.java:1475) waiters=3 in void com.android.server.am.AppErrors.appNotResponding(com.android.server.am.ProcessRecord, com.android.server.am.ActivityRecord, com.android.server.am.ActivityRecord, boolean, java.lang.String) for 325ms
06-06 02:53:47.252 W/art     ( 1841): Long monitor contention with owner Binder:1841_2 (1874) at void com.android.server.am.ActivityManagerService$AppDeathRecipient.binderDied()(ActivityManagerService.java:1475) waiters=4 in android.content.Intent com.android.server.am.ActivityManagerService.registerReceiver(android.app.IApplicationThread, java.lang.String, android.content.IIntentReceiver, android.content.IntentFilter, java.lang.String, int) for 311ms
06-06 02:53:47.257 W/art     ( 2539): Unexpected CPU variant for X86 using defaults: x86_64
06-06 02:53:47.338 I/Process ( 1841): Sending signal. PID: 2328 SIG: 3
06-06 02:53:47.339 I/art     ( 2328): Thread[3,tid=2336,WaitingInMainSignalCatcherLoop,Thread*=0x7aa23de96400,peer=0x12c00af0,"Signal Catcher"]: reacting to signal 3
06-06 02:53:47.339 I/art     ( 2328): 
06-06 02:53:47.683 D/PhoneSwitcherNetworkRequstListener( 2328): got request NetworkRequest [ REQUEST id=1, [ Capabilities: INTERNET&NOT_RESTRICTED&TRUSTED&NOT_VPN] ] with score 0
06-06 02:53:47.733 D/TelephonyDebugService( 2328): TelephonyDebugService()
06-06 02:53:47.800 D/CarrierConfigLoader( 2328): mHandler: 12 phoneId: 0
06-06 02:53:48.118 W/System  ( 2539): ClassLoader referenced unknown path: /system/priv-app/SystemUI/lib/x86_64
06-06 02:53:48.370 W/ActivityManager( 1841): Slow operation: 114ms so far, now at startProcess: returned from zygote!
06-06 02:53:48.370 W/ActivityManager( 1841): Slow operation: 115ms so far, now at startProcess: done updating battery stats
06-06 02:53:48.371 W/ActivityManager( 1841): Slow operation: 115ms so far, now at startProcess: building log message
06-06 02:53:48.371 I/ActivityManager( 1841): Start proc 2553:com.android.deskclock/u0a31 for broadcast com.android.deskclock/.AlarmInitReceiver
06-06 02:53:48.371 W/ActivityManager( 1841): Slow operation: 115ms so far, now at startProcess: starting to update pids map
06-06 02:53:48.374 W/ActivityManager( 1841): Slow operation: 116ms so far, now at startProcess: done updating pids map
06-06 02:53:48.374 W/ActivityManager( 1841): Slow operation: 121ms so far, now at startProcess: done starting proc!
06-06 02:53:48.497 E/ActivityManager( 1841): ANR in com.android.phone
06-06 02:53:48.497 E/ActivityManager( 1841): PID: 2328
06-06 02:53:48.497 E/ActivityManager( 1841): Reason: executing service com.android.phone/.TelephonyDebugService
06-06 02:53:48.497 E/ActivityManager( 1841): Load: 0.0 / 0.0 / 0.0
06-06 02:53:48.497 E/ActivityManager( 1841): CPU usage from 8624ms to 0ms ago (2020-06-06 02:53:37.588 to 2020-06-06 02:53:46.754):
06-06 02:53:48.497 E/ActivityManager( 1841):   102% 1321/surfaceflinger: 35% user + 66% kernel / faults: 2039 minor
06-06 02:53:48.497 E/ActivityManager( 1841):   26% 1841/system_server: 3.4% user + 23% kernel / faults: 427 minor 20 major
06-06 02:53:48.497 E/ActivityManager( 1841):   15% 2346/com.android.settings: 3.2% user + 12% kernel
06-06 02:53:48.497 E/ActivityManager( 1841):   1% 1329/installd: 0% user + 1% kernel / faults: 1 minor
06-06 02:53:48.497 E/ActivityManager( 1841):   4.1% 2328/com.android.phone: 0.5% user + 3.5% kernel / faults: 126 minor 3 major
06-06 02:53:48.497 E/ActivityManager( 1841):   1.5% 8/rcu_preempt: 0% user + 1.5% kernel
06-06 02:53:48.497 E/ActivityManager( 1841):   0.9% 1320/servicemanager: 0.1% user + 0.8% kernel
06-06 02:53:48.497 E/ActivityManager( 1841):   0.9% 1323/adbd: 0% user + 0.9% kernel / faults: 347 minor
06-06 02:53:48.497 E/ActivityManager( 1841):   0.8% 2443/com.android.cellbroadcastreceiver: 0% user + 0.8% kernel / faults: 238 minor
06-06 02:53:48.497 E/ActivityManager( 1841):   0.4% 1324/zygote64: 0% user + 0.4% kernel / faults: 149 minor
06-06 02:53:48.497 E/ActivityManager( 1841):   0.4% 1267/logd: 0% user + 0.4% kernel / faults: 9 minor
06-06 02:53:48.497 E/ActivityManager( 1841):   0% 1277/vold: 0% user + 0% kernel / faults: 8 minor
06-06 02:53:48.497 E/ActivityManager( 1841):   0.2% 1//init: 0% user + 0.2% kernel / faults: 2 minor
06-06 02:53:48.497 E/ActivityManager( 1841):   0.2% 17/kworker/u4:1: 0% user + 0.2% kernel
06-06 02:53:48.497 E/ActivityManager( 1841):   0.1% 12/ksoftirqd/1: 0% user + 0.1% kernel
06-06 02:53:48.497 E/ActivityManager( 1841):   0.1% 3/ksoftirqd/0: 0% user + 0.1% kernel
06-06 02:53:48.497 E/ActivityManager( 1841):   0% 13/kworker/1:0: 0% user + 0% kernel
06-06 02:53:48.497 E/ActivityManager( 1841):   0% 1326/audioserver: 0% user + 0% kernel
06-06 02:53:48.497 E/ActivityManager( 1841):   0% 1334/media.extractor: 0% user + 0% kernel
06-06 02:53:48.497 E/ActivityManager( 1841):   0.1% 1339/rild: 0% user + 0.1% kernel
06-06 02:53:48.497 E/ActivityManager( 1841):  +0% 2521/android.ext.services: 0% user + 0% kernel
06-06 02:53:48.497 E/ActivityManager( 1841): 98% TOTAL: 23% user + 73% kernel + 1.3% softirq
06-06 02:53:48.497 E/ActivityManager( 1841): CPU usage from 234212ms to 234212ms ago (1970-01-01 00:00:00.000 to 1970-01-01 00:00:00.000) with 0% awake:
06-06 02:53:48.497 E/ActivityManager( 1841): 0% TOTAL: 0% user + 0% kernel
06-06 02:53:48.499 I/ActivityManager( 1841): Killing 2328:com.android.phone/1001 (adj -800): bg anr
06-06 02:53:48.576 D/MountService( 1841): onUnlockUser 0
06-06 02:53:48.576 D/VoldConnector( 1841): SND -> {8 volume user_started 0}
06-06 02:53:48.600 D/vold    ( 1277): Linking /storage/emulated/0 to /mnt/user/0/primary
06-06 02:53:48.630 W/art     ( 2553): Unexpected CPU variant for X86 using defaults: x86_64
06-06 02:53:48.633 D/VoldConnector( 1841): RCV <- {200 8 Command succeeded}
06-06 02:53:48.637 D/MountService( 1841): Volume public:253,48 broadcasting mounted to UserHandle{0}
06-06 02:53:48.698 D/MountService( 1841): Volume emulated broadcasting mounted to UserHandle{0}
06-06 02:53:49.410 V/BackupManagerService( 1841): No ancestral data
06-06 02:53:50.103 V/BackupManagerService( 1841): Starting with transport android/com.android.internal.backup.LocalTransport
06-06 02:53:50.104 V/BackupManagerService( 1841): Found transports: 1
06-06 02:53:50.105 W/BackupManagerService( 1841): Proposed transport ComponentInfo{android/com.android.internal.backup.LocalTransportService} not whitelisted; ignoring
06-06 02:53:50.112 I/BackupManagerService( 1841): Backup enabled => false
06-06 02:53:50.114 W/WallpaperManagerService( 1841): Wallpaper reconnect timed out, reverting to built-in wallpaper!
06-06 02:53:50.239 I/ServiceManager( 1320): service 'simphonebook' died
06-06 02:53:50.239 I/ServiceManager( 1320): service 'iphonesubinfo' died
06-06 02:53:50.240 I/ServiceManager( 1320): service 'isms' died
06-06 02:53:50.240 I/ServiceManager( 1320): service 'phone' died
06-06 02:53:50.240 I/ServiceManager( 1320): service 'carrier_config' died
06-06 02:53:50.240 I/ServiceManager( 1320): service 'isub' died
06-06 02:53:50.431 D/ConnectivityService( 1841): unregisterNetworkFactory for TelephonyNetworkFactory[0]
06-06 02:53:50.480 I/ActivityManager( 1841): Process com.android.phone (pid 2328) has died
06-06 02:53:50.481 D/ActivityManager( 1841): cleanUpApplicationRecord -- 2328
06-06 02:53:50.498 W/ActivityManager( 1841): Scheduling restart of crashed service com.android.phone/.TelephonyDebugService in 0ms
06-06 02:53:50.516 W/ActivityManager( 1841): Re-adding persistent process ProcessRecord{93c6b63 2328:com.android.phone/1001}
06-06 02:53:50.534 D/ConnectivityService( 1841): unregisterNetworkFactory for PhoneSwitcherNetworkRequstListener
06-06 02:53:50.540 W/libprocessgroup( 1841): failed to open /acct/uid_1001/pid_2328/cgroup.procs: No such file or directory
06-06 02:53:50.627 V/KeyValueBackupJob( 1841): Scheduling k/v pass in 245 minutes
06-06 02:53:50.644 I/SyncManager( 1841): Got SyncJobService instance.
06-06 02:53:50.747 W/ActivityManager( 1841): Slow operation: 231ms so far, now at startProcess: returned from zygote!
06-06 02:53:50.748 W/ActivityManager( 1841): Slow operation: 231ms so far, now at startProcess: done updating battery stats
06-06 02:53:50.748 W/ActivityManager( 1841): Slow operation: 232ms so far, now at startProcess: building log message
06-06 02:53:50.748 I/ActivityManager( 1841): Start proc 2577:com.android.phone/1001 for restart com.android.phone
06-06 02:53:50.748 W/ActivityManager( 1841): Slow operation: 232ms so far, now at startProcess: starting to update pids map
06-06 02:53:50.749 W/ActivityManager( 1841): Slow operation: 232ms so far, now at startProcess: done updating pids map
06-06 02:53:50.750 W/art     ( 1841): Long monitor contention with owner Binder:1841_6 (2364) at void com.android.server.am.ActivityManagerService$AppDeathRecipient.binderDied()(ActivityManagerService.java:1475) waiters=0 in void com.android.server.am.ActivityManagerService.dispatchUidsChanged() for 234ms
06-06 02:53:50.751 W/art     ( 1841): Long monitor contention with owner Binder:1841_6 (2364) at void com.android.server.am.ActivityManagerService$AppDeathRecipient.binderDied()(ActivityManagerService.java:1475) waiters=1 in android.content.Intent com.android.server.am.ActivityManagerService.registerReceiver(android.app.IApplicationThread, java.lang.String, android.content.IIntentReceiver, android.content.IntentFilter, java.lang.String, int) for 131ms
06-06 02:53:50.792 W/art     ( 1841): Long monitor contention with owner Binder:1841_6 (2364) at void com.android.server.am.ActivityManagerService$AppDeathRecipient.binderDied()(ActivityManagerService.java:1475) waiters=3 in int com.android.server.am.ActivityManagerService.getAppStartMode(int, java.lang.String) for 163ms
06-06 02:53:50.959 W/art     ( 2577): Unexpected CPU variant for X86 using defaults: x86_64
06-06 02:53:51.587 W/art     ( 1841): Long monitor contention with owner backup (2571) at int com.android.server.am.ActivityManagerService.getAppStartMode(int, java.lang.String)(ActivityManagerService.java:7896) waiters=0 in int com.android.server.am.ActivityManagerService.getMemoryTrimLevel() for 795ms
06-06 02:53:51.592 W/art     ( 1841): Long monitor contention with owner backup (2571) at int com.android.server.am.ActivityManagerService.getAppStartMode(int, java.lang.String)(ActivityManagerService.java:7896) waiters=1 in android.content.Intent com.android.server.am.ActivityManagerService.registerReceiver(android.app.IApplicationThread, java.lang.String, android.content.IIntentReceiver, android.content.IntentFilter, java.lang.String, int) for 566ms
06-06 02:53:52.115 W/VoiceInteractionManagerService( 1841): no available voice interaction services found for user 0
06-06 02:53:52.116 W/VoiceInteractionManagerService( 1841): no available voice recognition services found for user 0
06-06 02:53:52.266 W/art     ( 2539): Long monitor contention with owner Binder:2539_1 (2551) at void android.os.MessageQueue.nativeWake(long)(MessageQueue.java:-2) waiters=0 in android.os.Message android.os.MessageQueue.next() for 220ms
06-06 02:53:52.427 I/ActivityManager( 1841): Loading recents for user 0 into memory.
06-06 02:53:53.075 D/ActivityManager( 1841): Sending BOOT_COMPLETE user #0
06-06 02:53:53.083 W/art     ( 1841): Long monitor contention with owner main (1841) at void com.android.server.wallpaper.WallpaperManagerService$WallpaperConnection.onServiceConnected(android.content.ComponentName, android.os.IBinder)(WallpaperManagerService.java:636) waiters=0 in void com.android.server.wallpaper.WallpaperManagerService$WallpaperConnection.attachEngine(android.service.wallpaper.IWallpaperEngine) for 640ms
06-06 02:53:53.103 I/FusedLocation( 1841): engine started (com.android.location.fused)
06-06 02:53:53.804 D/FallbackHome( 2346): User unlocked and real home found; let's go!
06-06 02:53:54.236 W/art     ( 1841): Long monitor contention with owner Binder:1841_5 (2363) at int com.android.server.wm.WindowManagerService.relayoutWindow(com.android.server.wm.Session, android.view.IWindow, int, android.view.WindowManager$LayoutParams, int, int, int, int, android.graphics.Rect, android.graphics.Rect, android.graphics.Rect, android.graphics.Rect, android.graphics.Rect, android.graphics.Rect, android.graphics.Rect, android.content.res.Configuration, android.view.Surface)(WindowManagerService.java:2857) waiters=0 in void com.android.server.wm.WindowManagerService.pauseKeyDispatching(android.os.IBinder) for 313ms
06-06 02:53:54.400 V/SystemUIService( 2539): Starting SystemUI services for user 0.
06-06 02:53:54.465 E/NetdConnector( 1841): NDC Command {18 firewall disable_chain standby} took too long (3818ms)
06-06 02:53:54.470 W/art     ( 1841): Long monitor contention with owner android.bg (1896) at void com.android.server.NetworkManagementService.setFirewallChainEnabled(int, boolean)(NetworkManagementService.java:2207) waiters=0 in void com.android.server.NetworkManagementService.setUidCleartextNetworkPolicy(int, int) for 1.755s
06-06 02:53:54.542 W/art     ( 1841): Long monitor contention with owner android.bg (1896) at void com.android.server.net.NetworkPolicyManagerService$AppIdleStateChangeListener.onParoleStateChanged(boolean)(NetworkPolicyManagerService.java:3204) waiters=0 in void com.android.server.net.NetworkPolicyManagerService$1.onUidGone(int) for 3.791s
06-06 02:53:54.594 W/System  ( 2577): ClassLoader referenced unknown path: /system/priv-app/TeleService/lib/x86_64
06-06 02:53:50.843 W/ifconfig( 2573): type=1400 audit(0.0:10): avc: denied { ioctl } for path="socket:[13023]" dev="sockfs" ino=13023 ioctlcmd=8927 scontext=u:r:shell:s0 tcontext=u:r:shell:s0 tclass=udp_socket permissive=0
06-06 02:53:51.013 W/ifconfig( 2573): type=1400 audit(0.0:11): avc: denied { ioctl } for path="socket:[13023]" dev="sockfs" ino=13023 ioctlcmd=891d scontext=u:r:shell:s0 tcontext=u:r:shell:s0 tclass=udp_socket permissive=0
06-06 02:53:51.013 W/ifconfig( 2573): type=1400 audit(0.0:12): avc: denied { ioctl } for path="socket:[13023]" dev="sockfs" ino=13023 ioctlcmd=8970 scontext=u:r:shell:s0 tcontext=u:r:shell:s0 tclass=udp_socket permissive=0
06-06 02:53:54.822 W/art     ( 1841): Long monitor contention with owner android.display (1917) at void com.android.server.wm.WindowManagerService$H.handleMessage(android.os.Message)(WindowManagerService.java:8368) waiters=0 in void com.android.server.wm.WindowManagerService.pauseKeyDispatching(android.os.IBinder) for 400ms
06-06 02:53:54.928 I/art     ( 1841): Background sticky concurrent mark sweep GC freed 36119(2MB) AllocSpace objects, 11(572KB) LOS objects, 22% free, 10MB/13MB, paused 5.749ms total 1.673s
06-06 02:53:55.094 I/AccountManagerService( 1841): User 0 is unlocked - opening CE database
06-06 02:53:55.112 W/art     ( 1841): Long monitor contention with owner android.display (1917) at void com.android.server.wm.WindowAnimator$1.doFrame(long)(WindowAnimator.java:144) waiters=0 in void com.android.server.wm.WindowManagerService.prepareAppTransition(int, boolean) for 149ms
06-06 02:53:55.533 W/art     ( 1841): Long monitor contention with owner Binder:1841_3 (2109) at boolean com.android.server.am.ActivityManagerService.finishActivity(android.os.IBinder, int, android.content.Intent, int)(ActivityManagerService.java:4839) waiters=0 in android.content.Intent com.android.server.am.ActivityManagerService.registerReceiver(android.app.IApplicationThread, java.lang.String, android.content.IIntentReceiver, android.content.IntentFilter, java.lang.String, int) for 1.574s
06-06 02:53:55.535 I/Choreographer( 2346): Skipped 112 frames!  The application may be doing too much work on its main thread.
06-06 02:53:55.538 W/art     ( 1841): Long monitor contention with owner Binder:1841_3 (2109) at boolean com.android.server.am.ActivityManagerService.finishActivity(android.os.IBinder, int, android.content.Intent, int)(ActivityManagerService.java:4839) waiters=1 in android.app.IActivityManager$ContentProviderHolder com.android.server.am.ActivityManagerService.getContentProviderImpl(android.app.IApplicationThread, java.lang.String, android.os.IBinder, boolean, int) for 1.037s
06-06 02:53:55.544 W/art     ( 1841): Long monitor contention with owner Binder:1841_3 (2109) at boolean com.android.server.am.ActivityManagerService.finishActivity(android.os.IBinder, int, android.content.Intent, int)(ActivityManagerService.java:4839) waiters=3 in void com.android.server.am.ActivityManagerService.addPackageDependency(java.lang.String) for 744ms
06-06 02:53:55.593 W/System  ( 2577): ClassLoader referenced unknown path: /system/priv-app/TelephonyProvider/lib/x86_64
06-06 02:53:55.605 D/ApplicationLoaders( 2577): ignored Vulkan layer search path /system/priv-app/TelephonyProvider/lib/x86_64:/system/lib64:/vendor/lib64 for namespace 0x7aa2427e30f0
06-06 02:53:55.628 I/ActivityManager( 1841): START u0 {act=android.intent.action.MAIN cat=[android.intent.category.HOME] flg=0x10000100 cmp=com.android.launcher3/.Launcher} from uid 0 on display 0
06-06 02:53:55.682 W/art     ( 1841): Long monitor contention with owner BackgroundDexOptService_PostBootUpdate (2510) at void com.android.server.power.PowerManagerService.acquireWakeLockInternal(android.os.IBinder, int, java.lang.String, java.lang.String, android.os.WorkSource, java.lang.String, int, int)(PowerManagerService.java:862) waiters=0 in void com.android.server.power.PowerManagerService.monitor() for 137ms
06-06 02:53:56.038 W/System  ( 2553): ClassLoader referenced unknown path: /system/app/DeskClock/lib/x86_64
06-06 02:53:56.140 W/art     ( 2620): Unexpected CPU variant for X86 using defaults: x86_64
06-06 02:53:56.143 W/ActivityManager( 1841): Slow operation: 332ms so far, now at startProcess: returned from zygote!
06-06 02:53:56.144 W/ActivityManager( 1841): Slow operation: 333ms so far, now at startProcess: done updating battery stats
06-06 02:53:56.144 W/ActivityManager( 1841): Slow operation: 334ms so far, now at startProcess: building log message
06-06 02:53:56.145 I/ActivityManager( 1841): Start proc 2620:com.android.launcher3/u0a42 for activity com.android.launcher3/.Launcher
06-06 02:53:56.145 W/ActivityManager( 1841): Slow operation: 334ms so far, now at startProcess: starting to update pids map
06-06 02:53:56.145 W/ActivityManager( 1841): Slow operation: 335ms so far, now at startProcess: done updating pids map
06-06 02:53:56.145 W/ActivityManager( 1841): Slow operation: 337ms so far, now at startProcess: done starting proc!
06-06 02:53:56.182 I/Choreographer( 2346): Skipped 35 frames!  The application may be doing too much work on its main thread.
06-06 02:53:56.392 D/TelephonyProvider( 2577): dbh.onOpen: ok, queried table=siminfo
06-06 02:53:56.395 D/TelephonyProvider( 2577): dbh.onOpen: ok, queried table=carriers
06-06 02:53:56.785 W/RichInputConnection( 2097): Slow InputConnection: GET_TEXT_BEFORE_CURSOR took 2619 ms.
06-06 02:53:56.813 W/art     ( 1841): Long monitor contention with owner Binder:1841_3 (2109) at boolean com.android.server.am.ActivityManagerService.finishActivity(android.os.IBinder, int, android.content.Intent, int)(ActivityManagerService.java:4839) waiters=5 in boolean com.android.server.am.ActivityManagerService.isUserRunning(int, int) for 1.527s
06-06 02:53:56.813 W/art     ( 1841): Long monitor contention with owner Binder:1841_3 (2109) at boolean com.android.server.am.ActivityManagerService.finishActivity(android.os.IBinder, int, android.content.Intent, int)(ActivityManagerService.java:4839) waiters=2 in boolean com.android.server.am.ActivityManagerService.isUserRunning(int, int) for 2.037s
06-06 02:53:56.814 W/art     ( 1841): Long monitor contention with owner Binder:1841_3 (2109) at boolean com.android.server.am.ActivityManagerService.finishActivity(android.os.IBinder, int, android.content.Intent, int)(ActivityManagerService.java:4839) waiters=4 in int com.android.server.am.ActivityManagerService.getAppStartMode(int, java.lang.String) for 1.698s
06-06 02:53:56.885 I/InputAttributes( 2097): InputType.TYPE_NULL is specified
06-06 02:53:57.311 I/art     ( 2539): Background sticky concurrent mark sweep GC freed 2745(233KB) AllocSpace objects, 0(0B) LOS objects, 0% free, 9MB/10MB, paused 544us total 304.881ms
06-06 02:53:57.484 W/art     ( 1841): Long monitor contention with owner android.display (1917) at void com.android.server.wm.WindowAnimator$1.doFrame(long)(WindowAnimator.java:144) waiters=0 in void com.android.server.wm.WindowManagerService.executeAppTransition() for 138ms
06-06 02:53:58.009 W/art     ( 1841): Long monitor contention with owner Binder:1841_9 (2575) at void com.android.server.am.ActivityManagerService.activityPaused(android.os.IBinder)(ActivityManagerService.java:6916) waiters=3 in android.content.pm.UserInfo com.android.server.am.UserController.getCurrentUser() for 2.301s
06-06 02:53:58.011 W/art     ( 1841): Long monitor contention with owner Binder:1841_9 (2575) at void com.android.server.am.ActivityManagerService.activityPaused(android.os.IBinder)(ActivityManagerService.java:6916) waiters=4 in void com.android.server.am.ActivityManagerService$MainHandler.handleMessage(android.os.Message) for 2.227s
06-06 02:53:58.056 W/art     ( 1841): Long monitor contention with owner Binder:1841_9 (2575) at void com.android.server.am.ActivityManagerService.activityPaused(android.os.IBinder)(ActivityManagerService.java:6916) waiters=5 in android.content.Intent com.android.server.am.ActivityManagerService.registerReceiver(android.app.IApplicationThread, java.lang.String, android.content.IIntentReceiver, android.content.IntentFilter, java.lang.String, int) for 2.155s
06-06 02:53:58.057 W/art     ( 1841): Long monitor contention with owner Binder:1841_5 (2363) at void com.android.server.am.ActivityManagerService.attachApplication(android.app.IApplicationThread)(ActivityManagerService.java:6669) waiters=6 in void com.android.server.am.ActivityManagerService.publishContentProviders(android.app.IApplicationThread, java.util.List) for 1.297s
06-06 02:53:58.112 W/art     ( 1841): Long monitor contention with owner Binder:1841_5 (2363) at void com.android.server.am.ActivityManagerService.attachApplication(android.app.IApplicationThread)(ActivityManagerService.java:6669) waiters=6 in boolean com.android.server.am.ActivityManagerService.isUserRunning(int, int) for 1.298s
06-06 02:53:58.157 W/art     ( 1841): Long monitor contention with owner Binder:1841_5 (2363) at void com.android.server.am.ActivityManagerService.attachApplication(android.app.IApplicationThread)(ActivityManagerService.java:6669) waiters=6 in boolean com.android.server.am.ActivityManagerService.isUserRunning(int, int) for 1.343s
06-06 02:53:58.230 W/art     ( 1841): Long monitor contention with owner Binder:1841_5 (2363) at void com.android.server.am.ActivityManagerService.attachApplication(android.app.IApplicationThread)(ActivityManagerService.java:6669) waiters=6 in int com.android.server.am.ActivityManagerService.getAppStartMode(int, java.lang.String) for 1.415s
06-06 02:53:58.297 W/System  ( 2620): ClassLoader referenced unknown path: /system/app/Launcher3/lib/x86_64
06-06 02:53:58.623 V/MediaRouter( 2539): Adding route: RouteInfo{ name=Phone, description=null, status=null, category=RouteCategory{ name=null types=ROUTE_TYPE_LIVE_AUDIO ROUTE_TYPE_LIVE_VIDEO  groupable=false }, supportedTypes=ROUTE_TYPE_LIVE_AUDIO ROUTE_TYPE_LIVE_VIDEO , presentationDisplay=null }
06-06 02:53:58.656 I/art     ( 2539): Background partial concurrent mark sweep GC freed 57(3KB) AllocSpace objects, 0(0B) LOS objects, 28% free, 10MB/14MB, paused 835us total 591.022ms
06-06 02:53:58.752 V/MediaRouter( 2539): Updating audio routes: AudioRoutesInfo{ type=SPEAKER }
06-06 02:53:58.984 I/LatinIME( 2097): Timeout waiting for dictionary load
06-06 02:53:59.105 V/MediaRouter( 2539): Selecting route: RouteInfo{ name=Phone, description=null, status=null, category=RouteCategory{ name=null types=ROUTE_TYPE_LIVE_AUDIO ROUTE_TYPE_LIVE_VIDEO  groupable=false }, supportedTypes=ROUTE_TYPE_LIVE_AUDIO ROUTE_TYPE_LIVE_VIDEO , presentationDisplay=null }
06-06 02:53:59.232 D/LauncherProvider( 2620): Launcher process started
06-06 02:53:59.919 D/TrustManagerService( 1841): Removing dead TrustListener.
06-06 02:54:00.240 V/Launcher( 2620): LauncherAppState inited
06-06 02:54:01.758 W/art     ( 2620): Long monitor contention with owner main (2620) at void android.os.StrictMode$AndroidBlockGuardPolicy.onReadFromDisk()(StrictMode.java:1286) waiters=0 in android.content.SharedPreferences android.app.ContextImpl.getSharedPreferences(java.lang.String, int) for 147ms
