06-06 02:54:36.381 W/ActivityManager( 1841): Slow operation: 76ms so far, now at getContentProviderImpl: done!
06-06 02:54:36.431 W/art     ( 2872): Unexpected CPU variant for X86 using defaults: x86_64
06-06 02:54:36.632 W/System  ( 2872): ClassLoader referenced unknown path: /system/priv-app/CalendarProvider/lib/x86_64
06-06 02:54:37.270 I/CalendarProvider2( 2872): Created com.android.providers.calendar.CalendarAlarmManager@7d5ffe8(com.android.providers.calendar.CalendarProvider2@f86d601)
06-06 02:54:37.494 D/AlarmScheduler( 2836): No events found starting within 1 week.
06-06 02:54:38.066 W/ActivityManager( 1841): Unable to start service Intent { act=com.android.email.EXCHANGE_INTENT pkg=com.android.exchange } U=0: not found
06-06 02:54:38.102 D/ActivityThread( 2857): Loading provider com.android.email.provider;com.android.email.notifier: com.android.email.provider.EmailProvider
06-06 02:54:38.155 W/ActivityManager( 1841): Unable to start service Intent { act=com.android.email.EXCHANGE_INTENT pkg=com.android.exchange } U=0: not found
06-06 02:54:38.181 D/ActivityThread( 2857): Loading provider com.android.email.provider;com.android.email.notifier: com.android.email.provider.EmailProvider
06-06 02:54:38.191 W/ActivityManager( 1841): Unable to start service Intent { act=com.android.email.EXCHANGE_INTENT pkg=com.android.exchange } U=0: not found
06-06 02:54:38.466 W/ActivityManager( 1841): Unable to start service Intent { cmp=com.android.email/.service.AttachmentService } U=0: not found
06-06 02:54:38.472 W/ActivityManager( 1841): Unable to start service Intent { act=com.android.email.EXCHANGE_INTENT pkg=com.android.exchange } U=0: not found
06-06 02:54:38.499 I/SystemBroadcastReceiver( 2097): Boot has been completed
06-06 02:54:38.499 I/SystemBroadcastReceiver( 2097): toggleAppIcon() : FLAG_SYSTEM = true
06-06 02:54:38.504 I/CalendarProvider2( 2872): Sending notification intent: Intent { act=android.intent.action.PROVIDER_CHANGED dat=content://com.android.calendar flg=0x20000000 }
06-06 02:54:38.505 W/ContentResolver( 2872): Failed to get type for: content://com.android.calendar (Unknown URL content://com.android.calendar)
06-06 02:54:38.562 W/ActivityManager( 1841): Unable to start service Intent { cmp=com.android.email/.service.AttachmentService } U=0: not found
06-06 02:54:38.652 I/ActivityManager( 1841): Start proc 2896:com.android.managedprovisioning/u0a14 for broadcast com.android.managedprovisioning/.BootReminder
06-06 02:54:38.666 W/ActivityManager( 1841): Unable to start service Intent { act=com.android.email.EXCHANGE_INTENT pkg=com.android.exchange } U=0: not found
06-06 02:54:38.680 W/art     ( 2896): Unexpected CPU variant for X86 using defaults: x86_64
06-06 02:54:38.713 I/Email   ( 2857): Observing account changes for notifications
06-06 02:54:38.717 W/ActivityManager( 1841): Unable to start service Intent { act=com.android.email.EXCHANGE_INTENT pkg=com.android.exchange } U=0: not found
06-06 02:54:38.728 W/ActivityManager( 1841): Unable to start service Intent { cmp=com.android.email/.service.AttachmentService } U=0: not found
06-06 02:54:38.755 E/ActivityThread( 2857): Service com.android.email.service.EmailBroadcastProcessorService has leaked ServiceConnection com.android.emailcommon.service.ServiceProxy$ProxyConnection@af683ad that was originally bound here
06-06 02:54:38.755 E/ActivityThread( 2857): android.app.ServiceConnectionLeaked: Service com.android.email.service.EmailBroadcastProcessorService has leaked ServiceConnection com.android.emailcommon.service.ServiceProxy$ProxyConnection@af683ad that was originally bound here
06-06 02:54:38.755 E/ActivityThread( 2857): 	at android.app.LoadedApk$ServiceDispatcher.<init>(LoadedApk.java:1336)
06-06 02:54:38.755 E/ActivityThread( 2857): 	at android.app.LoadedApk.getServiceDispatcher(LoadedApk.java:1231)
06-06 02:54:38.755 E/ActivityThread( 2857): 	at android.app.ContextImpl.bindServiceCommon(ContextImpl.java:1450)
06-06 02:54:38.755 E/ActivityThread( 2857): 	at android.app.ContextImpl.bindService(ContextImpl.java:1422)
06-06 02:54:38.755 E/ActivityThread( 2857): 	at android.content.ContextWrapper.bindService(ContextWrapper.java:636)
06-06 02:54:38.755 E/ActivityThread( 2857): 	at com.android.emailcommon.service.ServiceProxy.setTask(ServiceProxy.java:181)
06-06 02:54:38.755 E/ActivityThread( 2857): 	at com.android.emailcommon.service.ServiceProxy.test(ServiceProxy.java:224)
06-06 02:54:38.755 E/ActivityThread( 2857): 	at com.android.email.service.EmailServiceUtils.isServiceAvailable(EmailServiceUtils.java:160)
06-06 02:54:38.755 E/ActivityThread( 2857): 	at com.android.email.provider.AccountReconciler.reconcileAccountsInternal(AccountReconciler.java:171)
06-06 02:54:38.755 E/ActivityThread( 2857): 	at com.android.email.provider.AccountReconciler.reconcileAccounts(AccountReconciler.java:115)
06-06 02:54:38.755 E/ActivityThread( 2857): 	at com.android.email.service.EmailBroadcastProcessorService.reconcileAndStartServices(EmailBroadcastProcessorService.java:305)
06-06 02:54:38.755 E/ActivityThread( 2857): 	at com.android.email.service.EmailBroadcastProcessorService.onBootCompleted(EmailBroadcastProcessorService.java:295)
06-06 02:54:38.755 E/ActivityThread( 2857): 	at com.android.email.service.EmailBroadcastProcessorService.onHandleIntent(EmailBroadcastProcessorService.java:130)
06-06 02:54:38.755 E/ActivityThread( 2857): 	at android.app.IntentService$ServiceHandler.handleMessage(IntentService.java:68)
06-06 02:54:38.755 E/ActivityThread( 2857): 	at android.os.Handler.dispatchMessage(Handler.java:102)
06-06 02:54:38.755 E/ActivityThread( 2857): 	at android.os.Looper.loop(Looper.java:154)
06-06 02:54:38.755 E/ActivityThread( 2857): 	at android.os.HandlerThread.run(HandlerThread.java:61)
06-06 02:54:38.757 W/ActivityManager( 1841): Unbind failed: could not find connection for android.os.BinderProxy@52e2ca0
06-06 02:54:38.830 W/ActivityManager( 1841): Unable to start service Intent { act=com.android.email.EXCHANGE_INTENT pkg=com.android.exchange } U=0: not found
06-06 02:54:38.851 W/System  ( 2896): ClassLoader referenced unknown path: /system/priv-app/ManagedProvisioning/lib/x86_64
06-06 02:54:38.920 W/ActivityManager( 1841): Unable to start service Intent { act=com.android.email.EXCHANGE_INTENT pkg=com.android.exchange } U=0: not found
06-06 02:54:39.006 I/ActivityManager( 1841): Start proc 2910:com.android.messaging/u0a54 for broadcast com.android.messaging/.receiver.BootAndPackageReplacedReceiver
06-06 02:54:39.019 W/art     ( 2910): Unexpected CPU variant for X86 using defaults: x86_64
06-06 02:54:39.197 W/System  ( 2910): ClassLoader referenced unknown path: /system/app/messaging/lib/x86_64
06-06 02:54:40.202 V/VvmBootCompletedRcvr( 2577): processing subId list
06-06 02:54:40.260 E/VvmBootCompletedRcvr( 2577): phone account ComponentInfo{com.android.phone/com.android.services.telephony.TelephonyConnectionService}, [e2f7d48dd2b5ca523e7313cf4ba0f6ea830b6281], UserHandle{0} has invalid subId -1
06-06 02:54:40.374 I/MessagingAppDataModel( 2910): Fixup: Send failed - 0 Download failed - 0
06-06 02:54:40.750 D/AlertReceiver( 2836): onReceive: a=android.intent.action.PROVIDER_CHANGED Intent { act=android.intent.action.PROVIDER_CHANGED dat=content://com.android.calendar flg=0x20000010 cmp=com.android.calendar/.alerts.AlertReceiver }
06-06 02:54:40.797 D/AlertService( 2836): 0 Action = android.intent.action.PROVIDER_CHANGED
06-06 02:54:40.999 I/MessagingAppDataModel( 2910): SyncMessagesAction: Starting batch for messages from 1590625725905 to 1591412080118 (message update limit = 80, message scan limit = 4000)
06-06 02:54:41.654 I/art     ( 2872): Waiting for a blocking GC DisableMovingGc
06-06 02:54:41.667 I/art     ( 2872): WaitForGcToComplete blocked for 13.465ms for cause DisableMovingGc
06-06 02:54:41.668 I/art     ( 2872): Starting a blocking GC DisableMovingGc
06-06 02:54:41.999 I/MessagingAppDataModel( 2910): SyncMessagesAction: All messages now in sync
06-06 02:54:42.945 W/MediaScanner( 2751): Error opening directory '/oem/media/', skipping: No such file or directory.
06-06 02:54:43.127 V/MediaScanner( 2751): pruneDeadThumbnailFiles... android.content.ContentProviderClient$CursorWrapperInner@77adc92
06-06 02:54:43.128 V/MediaScanner( 2751): /pruneDeadThumbnailFiles... android.content.ContentProviderClient$CursorWrapperInner@77adc92
06-06 02:54:45.840 I/GlobalDismissManager( 2836): no sender configured
06-06 02:54:45.844 D/AlertService( 2836): Beginning updateAlertNotification
06-06 02:54:45.882 D/AlertService( 2836): No fired or scheduled alerts
06-06 02:54:45.920 D/AlertService( 2836): Scheduling next alarm with AlarmScheduler. sEventReminderReceived: null
06-06 02:54:45.955 D/AlarmScheduler( 2836): No events found starting within 1 week.
06-06 02:54:51.237 I/ActivityManager( 1841): Waited long enough for: ServiceRecord{aa0d82b u0 com.android.calendar/.alerts.InitAlarmsService}
06-06 02:55:06.817 D/InitAlarmsService( 2836): Clearing and rescheduling alarms.
06-06 02:55:17.953 W//sbin/adbd( 1323): type=1400 audit(0.0:16): avc: denied { search } for comm=7365727669636520323137 name="security" dev="vdc" ino=35203 scontext=u:r:adbd:s0 tcontext=u:object_r:security_file:s0 tclass=dir permissive=0
06-06 02:56:07.159 D/AndroidRuntime( 2945): >>>>>> START com.android.internal.os.RuntimeInit uid 2000 <<<<<<
06-06 02:56:07.184 D/AndroidRuntime( 2945): CheckJNI is ON
06-06 02:56:07.605 W/art     ( 2945): Unexpected CPU variant for X86 using defaults: x86_64
06-06 02:56:07.647 D/ICU     ( 2945): No timezone override file found: /data/misc/zoneinfo/current/icu/icu_tzdata.dat
06-06 02:56:07.864 E/memtrack( 2945): Couldn't load memtrack module (No such file or directory)
06-06 02:56:07.865 E/android.os.Debug( 2945): failed to load memtrack module: -2
06-06 02:56:07.874 I/Radio-JNI( 2945): register_android_hardware_Radio DONE
06-06 02:56:08.006 D/AndroidRuntime( 2945): Calling main entry com.android.commands.pm.Pm
06-06 02:56:08.173 I/        ( 1329): free_cache(141638882) avail 800272384
06-06 02:56:38.971 W/ActivityManager( 1841): Slow operation: 111ms so far, now at startProcess: returned from zygote!
06-06 02:56:38.972 W/ActivityManager( 1841): Slow operation: 111ms so far, now at startProcess: done updating battery stats
06-06 02:56:38.972 W/ActivityManager( 1841): Slow operation: 112ms so far, now at startProcess: building log message
06-06 02:56:38.972 I/ActivityManager( 1841): Start proc 2956:com.android.defcontainer/u0a7 for service com.android.defcontainer/.DefaultContainerService
06-06 02:56:38.972 W/ActivityManager( 1841): Slow operation: 112ms so far, now at startProcess: starting to update pids map
06-06 02:56:38.973 W/ActivityManager( 1841): Slow operation: 112ms so far, now at startProcess: done updating pids map
06-06 02:56:38.973 W/ActivityManager( 1841): Slow operation: 112ms so far, now at startProcess: done starting proc!
06-06 02:56:38.995 W/art     ( 2956): Unexpected CPU variant for X86 using defaults: x86_64
06-06 02:56:39.735 I/PackageManager.DexOptimizer( 1841): Running dexopt (dex2oat) on: /data/app/vmdl994283981.tmp/base.apk pkg=jp.jaxa.iss.kibo.rpc.defaultapk isa=x86_64 vmSafeMode=false debuggable=true target-filter=interpret-only oatDir = /data/app/vmdl994283981.tmp/oat sharedLibraries=null
06-06 02:56:39.995 W/dex2oat ( 2971): Unexpected CPU variant for X86 using defaults: x86_64
06-06 02:56:40.012 I/dex2oat ( 2971): /system/bin/dex2oat --compiler-filter=interpret-only --debuggable
06-06 02:56:44.076 W/dex2oat ( 2971): Before Android 4.1, method android.graphics.PorterDuffColorFilter android.support.graphics.drawable.VectorDrawableCompat.updateTintFilter(android.graphics.PorterDuffColorFilter, android.content.res.ColorStateList, android.graphics.PorterDuff$Mode) would have incorrectly overridden the package-private method in android.graphics.drawable.Drawable
06-06 02:56:44.801 W/dex2oat ( 2971): Before Android 4.1, method int android.support.v7.widget.ListViewCompat.lookForSelectablePosition(int, boolean) would have incorrectly overridden the package-private method in android.widget.ListView
06-06 02:56:58.914 W/dex2oat ( 2971): Verification of void boofcv.alg.geo.f.HelperNister5.setupA1(org.ejml.data.DMatrixRMaj) took 163.775ms
06-06 02:56:59.055 W/dex2oat ( 2971): Verification of void boofcv.alg.geo.f.HelperNister5.setupA2(org.ejml.data.DMatrixRMaj) took 138.449ms
06-06 02:57:00.228 W/dex2oat ( 2971): Verification of org.apache.commons.math3.geometry.partitioning.BSPTree org.apache.commons.math3.geometry.partitioning.RegionFactory$DifferenceMerger.merge(org.apache.commons.math3.geometry.partitioning.BSPTree, org.apache.commons.math3.geometry.partitioning.BSPTree, org.apache.commons.math3.geometry.partitioning.BSPTree, boolean, boolean) took 116.361ms
06-06 02:57:00.424 W/dex2oat ( 2971): Verification of double org.apache.commons.math3.geometry.spherical.oned.LimitAngle.getTolerance() took 113.169ms
06-06 02:57:00.666 W/dex2oat ( 2971): Verification of void org.apache.commons.math3.linear.Array2DRowRealMatrix.setEntry(int, int, double) took 114.580ms
06-06 02:57:00.830 W/dex2oat ( 2971): Verification of org.apache.commons.math3.FieldElement[] org.apache.commons.math3.linear.BlockFieldMatrix.getRow(int) took 119.077ms
06-06 02:57:01.466 W/dex2oat ( 2971): Verification of boolean org.apache.commons.math3.linear.QRDecomposition$Solver.isNonSingular() took 412.208ms
06-06 02:57:02.145 W/dex2oat ( 2971): Verification of double org.apache.commons.math3.optim.nonlinear.scalar.noderiv.BOBYQAOptimizer.bobyqb(double[], double[]) took 261.795ms
06-06 02:57:02.424 W/dex2oat ( 2971): Verification of double org.apache.commons.math3.optimization.direct.BOBYQAOptimizer.bobyqb(double[], double[]) took 282.985ms
06-06 02:57:02.553 W/dex2oat ( 2971): Verification of double[] org.apache.commons.math3.optimization.direct.BOBYQAOptimizer.trsbox(double, org.apache.commons.math3.linear.ArrayRealVector, org.apache.commons.math3.linear.ArrayRealVector, org.apache.commons.math3.linear.ArrayRealVector, org.apache.commons.math3.linear.ArrayRealVector, org.apache.commons.math3.linear.ArrayRealVector) took 107.188ms
06-06 02:57:11.162 W/dex2oat ( 2971): Compilation of void org.opencv.android.Utils.nBitmapToMat2(android.graphics.Bitmap, long, boolean) took 116.135ms
06-06 02:57:11.171 W/dex2oat ( 2971): Compilation of java.lang.String org.opencv.android.StaticHelper.getLibraryList() took 128.063ms
06-06 02:57:17.820 I/dex2oat ( 2971): dex2oat took 37.835s (threads: 2) arena alloc=591KB (605968B) java alloc=11MB (11993688B) native alloc=29MB (30873288B) free=4MB (4778296B)
06-06 02:57:18.458 D/installd( 1329): Detected label change from u:object_r:system_data_file:s0 to u:object_r:app_data_file:s0:c512,c768 at /data/data/jp.jaxa.iss.kibo.rpc.defaultapk; running recursive restorecon
06-06 02:57:18.484 D/installd( 1329): Detected label change from u:object_r:system_data_file:s0 to u:object_r:app_data_file:s0:c512,c768 at /data/user_de/0/jp.jaxa.iss.kibo.rpc.defaultapk; running recursive restorecon
06-06 02:57:18.515 V/BackupManagerService( 1841): restoreAtInstall pkg=jp.jaxa.iss.kibo.rpc.defaultapk token=1 restoreSet=0
06-06 02:57:18.520 W/BackupManagerService( 1841): Requested unavailable transport: android/com.android.internal.backup.LocalTransport
06-06 02:57:18.520 W/BackupManagerService( 1841): No transport
06-06 02:57:18.520 V/BackupManagerService( 1841): Finishing install immediately
06-06 02:57:18.576 D/VoldConnector( 1841): SND -> {9 volume remount_uid 10064 default}
06-06 02:57:18.589 I/GnssLocationProvider( 1841): WakeLock acquired by sendMessage(3, 0, com.android.server.location.GnssLocationProvider$GpsRequest@86d2d83)
06-06 02:57:18.608 I/GnssLocationProvider( 1841): WakeLock released by handleMessage(3, 0, com.android.server.location.GnssLocationProvider$GpsRequest@86d2d83)
06-06 02:57:18.630 D/vold    ( 1277): Remounting 10064 as mode default
06-06 02:57:18.658 D/VoldConnector( 1841): RCV <- {200 9 Command succeeded}
06-06 02:57:18.664 D/VoldConnector( 1841): SND -> {10 volume remount_uid 10064 write}
06-06 02:57:18.668 I/GnssLocationProvider( 1841): WakeLock acquired by sendMessage(3, 0, com.android.server.location.GnssLocationProvider$GpsRequest@ac7b00)
06-06 02:57:18.670 I/GnssLocationProvider( 1841): WakeLock released by handleMessage(3, 0, com.android.server.location.GnssLocationProvider$GpsRequest@ac7b00)
06-06 02:57:18.672 D/vold    ( 1277): Remounting 10064 as mode write
06-06 02:57:18.688 D/VoldConnector( 1841): RCV <- {200 10 Command succeeded}
06-06 02:57:18.693 I/GnssLocationProvider( 1841): WakeLock acquired by sendMessage(3, 0, com.android.server.location.GnssLocationProvider$GpsRequest@8ea8f39)
06-06 02:57:18.694 I/GnssLocationProvider( 1841): WakeLock released by handleMessage(3, 0, com.android.server.location.GnssLocationProvider$GpsRequest@8ea8f39)
06-06 02:57:18.725 I/art     ( 1841): Starting a blocking GC Explicit
06-06 02:57:18.876 I/art     ( 1841): Explicit concurrent mark sweep GC freed 29713(1962KB) AllocSpace objects, 19(624KB) LOS objects, 29% free, 9MB/13MB, paused 3.412ms total 130.306ms
06-06 02:57:18.879 E/        ( 1329): Couldn't opendir /data/app/vmdl994283981.tmp: No such file or directory
06-06 02:57:19.129 I/InputReader( 1841): Reconfiguring input devices.  changes=0x00000010
06-06 02:57:19.284 W/ActivityManager( 1841): Slow operation: 151ms so far, now at startProcess: returned from zygote!
06-06 02:57:19.284 W/ActivityManager( 1841): Slow operation: 152ms so far, now at startProcess: done updating battery stats
06-06 02:57:19.285 W/ActivityManager( 1841): Slow operation: 153ms so far, now at startProcess: building log message
06-06 02:57:19.285 I/ActivityManager( 1841): Start proc 2977:com.android.gallery3d/u0a39 for broadcast com.android.gallery3d/.app.PackagesMonitor
06-06 02:57:19.286 W/ActivityManager( 1841): Slow operation: 153ms so far, now at startProcess: starting to update pids map
06-06 02:57:19.286 W/ActivityManager( 1841): Slow operation: 154ms so far, now at startProcess: done updating pids map
06-06 02:57:19.286 W/ActivityManager( 1841): Slow operation: 167ms so far, now at startProcess: done starting proc!
06-06 02:57:19.288 W/art     ( 1841): Long monitor contention with owner ActivityManager (1897) at void com.android.server.am.BroadcastQueue.processNextBroadcast(boolean)(BroadcastQueue.java:760) waiters=0 in boolean com.android.server.am.ActivityManagerService.isUserRunning(int, int) for 124ms
06-06 02:57:19.292 W/art     ( 1841): Long monitor contention with owner ActivityManager (1897) at void com.android.server.am.BroadcastQueue.processNextBroadcast(boolean)(BroadcastQueue.java:760) waiters=1 in void com.android.server.am.ActivityManagerService.dispatchUidsChanged() for 127ms
06-06 02:57:19.414 I/art     ( 2945): System.exit called, status: 0
06-06 02:57:19.415 I/AndroidRuntime( 2945): VM exiting with result code 0.
06-06 02:57:19.441 W/art     ( 2977): Unexpected CPU variant for X86 using defaults: x86_64
06-06 02:57:19.562 E/PhoneInterfaceManager( 2577): [PhoneIntfMgr] getCarrierPackageNamesForIntent: No UICC
06-06 02:57:19.563 D/CarrierSvcBindHelper( 2577): No carrier app for: 0
06-06 02:57:19.612 D/CarrierConfigLoader( 2577): mHandler: 9 phoneId: 0
06-06 02:57:20.552 W/VoiceInteractionManagerService( 1841): no available voice recognition services found for user 0
06-06 02:57:21.004 W/art     ( 2998): Unexpected CPU variant for X86 using defaults: x86_64
06-06 02:57:21.020 W/ActivityManager( 1841): Slow operation: 81ms so far, now at startProcess: returned from zygote!
06-06 02:57:21.020 W/ActivityManager( 1841): Slow operation: 81ms so far, now at startProcess: done updating battery stats
06-06 02:57:21.021 W/ActivityManager( 1841): Slow operation: 81ms so far, now at startProcess: building log message
06-06 02:57:21.021 I/ActivityManager( 1841): Start proc 2998:com.svox.pico/u0a49 for broadcast com.svox.pico/.VoiceDataInstallerReceiver
06-06 02:57:21.023 W/ActivityManager( 1841): Slow operation: 82ms so far, now at startProcess: starting to update pids map
06-06 02:57:21.023 W/ActivityManager( 1841): Slow operation: 84ms so far, now at startProcess: done updating pids map
06-06 02:57:21.023 W/ActivityManager( 1841): Slow operation: 85ms so far, now at startProcess: done starting proc!
06-06 02:58:44.379 D/AndroidRuntime( 3012): >>>>>> START com.android.internal.os.RuntimeInit uid 2000 <<<<<<
06-06 02:58:44.413 D/AndroidRuntime( 3012): CheckJNI is ON
06-06 02:58:44.884 W/art     ( 3012): Unexpected CPU variant for X86 using defaults: x86_64
06-06 02:58:44.934 D/ICU     ( 3012): No timezone override file found: /data/misc/zoneinfo/current/icu/icu_tzdata.dat
06-06 02:58:45.160 E/memtrack( 3012): Couldn't load memtrack module (No such file or directory)
06-06 02:58:45.160 E/android.os.Debug( 3012): failed to load memtrack module: -2
06-06 02:58:45.169 I/Radio-JNI( 3012): register_android_hardware_Radio DONE
06-06 02:58:45.318 D/AndroidRuntime( 3012): Calling main entry com.android.commands.am.Am
06-06 02:58:45.405 I/art     ( 3022): Not late-enabling -Xcheck:jni (already on)
06-06 02:58:45.406 W/art     ( 3022): Unexpected CPU variant for X86 using defaults: x86_64
06-06 02:58:45.413 W/ActivityManager( 1841): Slow operation: 52ms so far, now at startProcess: returned from zygote!
06-06 02:58:45.413 W/ActivityManager( 1841): Slow operation: 53ms so far, now at startProcess: done updating battery stats
06-06 02:58:45.414 W/ActivityManager( 1841): Slow operation: 53ms so far, now at startProcess: building log message
06-06 02:58:45.414 I/ActivityManager( 1841): Start proc 3022:gov.nasa.arc.astrobee.android.gs.manager/u0a63 for service gov.nasa.arc.astrobee.android.gs.manager/.ManagerService
06-06 02:58:45.414 W/ActivityManager( 1841): Slow operation: 54ms so far, now at startProcess: starting to update pids map
06-06 02:58:45.414 W/ActivityManager( 1841): Slow operation: 54ms so far, now at startProcess: done updating pids map
06-06 02:58:45.414 W/ActivityManager( 1841): Slow operation: 55ms so far, now at startProcess: done starting proc!
06-06 02:58:45.417 D/AndroidRuntime( 3012): Shutting down VM
06-06 02:58:45.686 W/System  ( 3022): ClassLoader referenced unknown path: /data/app/gov.nasa.arc.astrobee.android.gs.manager-1/lib/x86_64
06-06 02:58:46.313 E/Notification( 3022): setLatestEventInfo() is deprecated and you should feel deprecated.
06-06 02:58:46.313 E/Notification( 3022): java.lang.Throwable
06-06 02:58:46.313 E/Notification( 3022): 	at android.app.Notification.setLatestEventInfo(Notification.java:2076)
06-06 02:58:46.313 E/Notification( 3022): 	at org.ros.android.NodeMainExecutorService.onStartCommand(NodeMainExecutorService.java:220)
06-06 02:58:46.313 E/Notification( 3022): 	at android.app.ActivityThread.handleServiceArgs(ActivityThread.java:3326)
06-06 02:58:46.313 E/Notification( 3022): 	at android.app.ActivityThread.-wrap21(ActivityThread.java)
06-06 02:58:46.313 E/Notification( 3022): 	at android.app.ActivityThread$H.handleMessage(ActivityThread.java:1582)
06-06 02:58:46.313 E/Notification( 3022): 	at android.os.Handler.dispatchMessage(Handler.java:102)
06-06 02:58:46.313 E/Notification( 3022): 	at android.os.Looper.loop(Looper.java:154)
06-06 02:58:46.313 E/Notification( 3022): 	at android.app.ActivityThread.main(ActivityThread.java:6119)
06-06 02:58:46.313 E/Notification( 3022): 	at java.lang.reflect.Method.invoke(Native Method)
06-06 02:58:46.313 E/Notification( 3022): 	at com.android.internal.os.ZygoteInit$MethodAndArgsCaller.run(ZygoteInit.java:886)
06-06 02:58:46.313 E/Notification( 3022): 	at com.android.internal.os.ZygoteInit.main(ZygoteInit.java:776)
06-06 02:58:48.196 I/Registrar( 3022): MasterXmlRpcEndpoint URI: http://llp:11311
06-06 02:58:48.437 I/Registrar( 3022): Registering publisher: Publisher<PublisherDefinition<PublisherIdentifier<NodeIdentifier</guest_science_manager, http://hlp:48147/>, TopicIdentifier</rosout>>, Topic<TopicIdentifier</rosout>, TopicDescription<rosgraph_msgs/Log, acffd30cd6b6de30f120938c17c593fb>>>>
06-06 02:58:49.013 D/NotificationSQLiteLog( 1841): Pruned event entries: 19
06-06 02:58:49.494 I/Registrar( 3022): Response<Success, Registered [/guest_science_manager] as publisher of [/rosout], [http://10.42.0.34:43147/, http://10.42.0.34:43929/]>
06-06 02:58:49.502 I/DefaultPublisher( 3022): Publisher registered: Publisher<PublisherDefinition<PublisherIdentifier<NodeIdentifier</guest_science_manager, http://hlp:48147/>, TopicIdentifier</rosout>>, Topic<TopicIdentifier</rosout>, TopicDescription<rosgraph_msgs/Log, acffd30cd6b6de30f120938c17c593fb>>>>
06-06 02:58:49.702 I/Registrar( 3022): Registering subscriber: Subscriber<Topic<TopicIdentifier</clock>, TopicDescription<rosgraph_msgs/Clock, a9c97c1d230cfc112e270351a944ee47>>>
06-06 02:58:49.904 I/Registrar( 3022): Response<Success, Subscribed to [/clock], [http://10.42.0.34:42869/]>
06-06 02:58:49.964 I/DefaultSubscriber( 3022): Subscriber registered: Subscriber<Topic<TopicIdentifier</clock>, TopicDescription<rosgraph_msgs/Clock, a9c97c1d230cfc112e270351a944ee47>>>
06-06 02:58:50.193 I/Registrar( 3022): Registering publisher: Publisher<PublisherDefinition<PublisherIdentifier<NodeIdentifier</guest_science_manager, http://hlp:48147/>, TopicIdentifier</gs/gs_manager/ack>>, Topic<TopicIdentifier</gs/gs_manager/ack>, TopicDescription<ff_msgs/AckStamped, cebddec69fd770df54633be444a9187d>>>>
06-06 02:58:50.345 I/Registrar( 3022): Registering publisher: Publisher<PublisherDefinition<PublisherIdentifier<NodeIdentifier</guest_science_manager, http://hlp:48147/>, TopicIdentifier</gs/gs_manager/config>>, Topic<TopicIdentifier</gs/gs_manager/config>, TopicDescription<ff_msgs/GuestScienceConfig, c6f632ed2411de4159494a3e7754794e>>>>
06-06 02:58:50.462 I/Registrar( 3022): Response<Success, Registered [/guest_science_manager] as publisher of [/gs/gs_manager/ack], [http://10.42.0.34:39982/]>
06-06 02:58:50.484 I/DefaultPublisher( 3022): Publisher registered: Publisher<PublisherDefinition<PublisherIdentifier<NodeIdentifier</guest_science_manager, http://hlp:48147/>, TopicIdentifier</gs/gs_manager/ack>>, Topic<TopicIdentifier</gs/gs_manager/ack>, TopicDescription<ff_msgs/AckStamped, cebddec69fd770df54633be444a9187d>>>>
06-06 02:58:50.514 I/Registrar( 3022): Registering publisher: Publisher<PublisherDefinition<PublisherIdentifier<NodeIdentifier</guest_science_manager, http://hlp:48147/>, TopicIdentifier</gs/data>>, Topic<TopicIdentifier</gs/data>, TopicDescription<ff_msgs/GuestScienceData, edd2c791ea93ffa7cb0ec80c5bb00972>>>>
06-06 02:58:50.658 I/Registrar( 3022): Registering publisher: Publisher<PublisherDefinition<PublisherIdentifier<NodeIdentifier</guest_science_manager, http://hlp:48147/>, TopicIdentifier</gs/gs_manager/state>>, Topic<TopicIdentifier</gs/gs_manager/state>, TopicDescription<ff_msgs/GuestScienceState, 24e5a1ba8527257cc710720a32de6e51>>>>
06-06 02:58:50.819 I/Registrar( 3022): Response<Success, Registered [/guest_science_manager] as publisher of [/gs/gs_manager/config], [http://10.42.0.34:37461/]>
06-06 02:58:50.888 I/DefaultPublisher( 3022): Publisher registered: Publisher<PublisherDefinition<PublisherIdentifier<NodeIdentifier</guest_science_manager, http://hlp:48147/>, TopicIdentifier</gs/gs_manager/config>>, Topic<TopicIdentifier</gs/gs_manager/config>, TopicDescription<ff_msgs/GuestScienceConfig, c6f632ed2411de4159494a3e7754794e>>>>
06-06 02:58:50.977 I/Registrar( 3022): Response<Success, Registered [/guest_science_manager] as publisher of [/gs/data], [http://10.42.0.34:44437/, http://10.42.0.34:37461/, http://10.42.0.34:43929/]>
06-06 02:58:51.052 I/DefaultPublisher( 3022): Publisher registered: Publisher<PublisherDefinition<PublisherIdentifier<NodeIdentifier</guest_science_manager, http://hlp:48147/>, TopicIdentifier</gs/data>>, Topic<TopicIdentifier</gs/data>, TopicDescription<ff_msgs/GuestScienceData, edd2c791ea93ffa7cb0ec80c5bb00972>>>>
06-06 02:58:51.073 I/art     ( 3022): Background sticky concurrent mark sweep GC freed 26918(2MB) AllocSpace objects, 21(424KB) LOS objects, 21% free, 7MB/10MB, paused 4.298ms total 906.156ms
06-06 02:58:51.365 I/Registrar( 3022): Response<Success, Registered [/guest_science_manager] as publisher of [/gs/gs_manager/state], [http://10.42.0.34:37461/]>
06-06 02:58:51.408 I/Registrar( 3022): Registering subscriber: Subscriber<Topic<TopicIdentifier</mgt/executive/command>, TopicDescription<ff_msgs/CommandStamped, ac01350894b1be9e3a7b4f390a14812d>>>
06-06 02:58:51.441 I/DefaultPublisher( 3022): Publisher registered: Publisher<PublisherDefinition<PublisherIdentifier<NodeIdentifier</guest_science_manager, http://hlp:48147/>, TopicIdentifier</gs/gs_manager/state>>, Topic<TopicIdentifier</gs/gs_manager/state>, TopicDescription<ff_msgs/GuestScienceState, 24e5a1ba8527257cc710720a32de6e51>>>>
06-06 02:58:51.643 I/Registrar( 3022): Response<Success, Subscribed to [/mgt/executive/command], [http://10.42.0.34:39982/]>
06-06 02:58:51.662 I/DefaultSubscriber( 3022): Subscriber registered: Subscriber<Topic<TopicIdentifier</mgt/executive/command>, TopicDescription<ff_msgs/CommandStamped, ac01350894b1be9e3a7b4f390a14812d>>>
06-06 02:58:51.930 W/ActivityManager( 1841): Slow operation: 147ms so far, now at startProcess: returned from zygote!
06-06 02:58:51.930 W/ActivityManager( 1841): Slow operation: 148ms so far, now at startProcess: done updating battery stats
06-06 02:58:51.930 W/ActivityManager( 1841): Slow operation: 148ms so far, now at startProcess: building log message
06-06 02:58:51.931 I/ActivityManager( 1841): Start proc 3098:jp.jaxa.iss.kibo.rpc.defaultapk/u0a64 for broadcast jp.jaxa.iss.kibo.rpc.defaultapk/gov.nasa.arc.astrobee.android.gs.InfoInqueryBroadcastReceiver
06-06 02:58:51.931 W/ActivityManager( 1841): Slow operation: 148ms so far, now at startProcess: starting to update pids map
06-06 02:58:51.931 W/ActivityManager( 1841): Slow operation: 148ms so far, now at startProcess: done updating pids map
06-06 02:58:51.953 W/ActivityManager( 1841): Slow operation: 185ms so far, now at startProcess: done starting proc!
06-06 02:58:51.953 W/art     ( 1841): Long monitor contention with owner ActivityManager (1897) at void com.android.server.am.BroadcastQueue.processNextBroadcast(boolean)(BroadcastQueue.java:760) waiters=0 in void com.android.server.am.ActivityManagerService.dispatchUidsChanged() for 178ms
06-06 02:58:51.999 I/art     ( 3098): Not late-enabling -Xcheck:jni (already on)
06-06 02:58:52.000 W/art     ( 3098): Unexpected CPU variant for X86 using defaults: x86_64
06-06 02:58:52.344 I/art     ( 3022): Background partial concurrent mark sweep GC freed 20679(1774KB) AllocSpace objects, 30(592KB) LOS objects, 36% free, 7MB/11MB, paused 1.856ms total 402.967ms
06-06 02:58:52.906 I/ActivityManager( 1841): Killing 2684:com.android.keychain/1000 (adj 906): empty #17
06-06 02:58:53.007 D/ActivityManager( 1841): cleanUpApplicationRecord -- 2684
06-06 02:58:57.987 D/ManagerTimeoutTimer( 3022): Still waiting for the apk to start or stop. 4994.0 milliseconds left.
06-06 02:58:58.129 D/OpenCV/StaticHelper( 3098): Trying to get library list
06-06 02:58:58.213 E/OpenCV/StaticHelper( 3098): OpenCV error: Cannot load info library for OpenCV
06-06 02:58:58.214 D/OpenCV/StaticHelper( 3098): Library list: ""
06-06 02:58:58.214 D/OpenCV/StaticHelper( 3098): First attempt to load libs
06-06 02:58:58.214 D/OpenCV/StaticHelper( 3098): Trying to init OpenCV libs
06-06 02:58:58.214 D/OpenCV/StaticHelper( 3098): Trying to load library opencv_java3
06-06 02:58:58.478 D/OpenCV/StaticHelper( 3098): Library opencv_java3 loaded
06-06 02:58:58.478 D/OpenCV/StaticHelper( 3098): First attempt to load libs is OK
06-06 02:58:58.497 I/OpenCV/StaticHelper( 3098): 
06-06 02:58:58.497 I/OpenCV/StaticHelper( 3098): General configuration for OpenCV 3.4.4 =====================================
06-06 02:58:58.497 I/OpenCV/StaticHelper( 3098):   Version control:               3.4.4
06-06 02:58:58.497 I/OpenCV/StaticHelper( 3098): 
06-06 02:58:58.497 I/OpenCV/StaticHelper( 3098):   Extra modules:
06-06 02:58:58.497 I/OpenCV/StaticHelper( 3098):     Location (extra):            /build/3_4-contrib_pack-contrib-android/opencv_contrib/modules
06-06 02:58:58.497 I/OpenCV/StaticHelper( 3098):     Version control (extra):     3.4.4
06-06 02:58:58.497 I/OpenCV/StaticHelper( 3098): 
06-06 02:58:58.498 I/OpenCV/StaticHelper( 3098):   Platform:
06-06 02:58:58.498 I/OpenCV/StaticHelper( 3098):     Timestamp:                   2018-11-17T00:27:32Z
06-06 02:58:58.498 I/OpenCV/StaticHelper( 3098):     Host:                        Linux 4.15.0-38-generic x86_64
06-06 02:58:58.498 I/OpenCV/StaticHelper( 3098):     Target:                      Linux 1 x86_64
06-06 02:58:58.498 I/OpenCV/StaticHelper( 3098):     CMake:                       2.8.12.2
06-06 02:58:58.498 I/OpenCV/StaticHelper( 3098):     CMake generator:             Ninja
06-06 02:58:58.498 I/OpenCV/StaticHelper( 3098):     CMake build tool:            /usr/bin/ninja
06-06 02:58:58.498 I/OpenCV/StaticHelper( 3098):     Configuration:               Release
06-06 02:58:58.498 I/OpenCV/StaticHelper( 3098): 
06-06 02:58:58.498 I/OpenCV/StaticHelper( 3098):   CPU/HW features:
06-06 02:58:58.498 I/OpenCV/StaticHelper( 3098):     Baseline:                    SSE SSE2 SSE3
06-06 02:58:58.498 I/OpenCV/StaticHelper( 3098):       requested:                 SSE3
06-06 02:58:58.498 I/OpenCV/StaticHelper( 3098):     Dispatched code generation:  SSE4_1 SSE4_2 FP16 AVX AVX2
06-06 02:58:58.498 I/OpenCV/StaticHelper( 3098):       requested:                 SSE4_1 SSE4_2 AVX FP16 AVX2 AVX512_SKX
06-06 02:58:58.498 I/OpenCV/StaticHelper( 3098):       SSE4_1 (4 files):          + SSSE3 SSE4_1
06-06 02:58:58.498 I/OpenCV/StaticHelper( 3098):       SSE4_2 (1 files):          + SSSE3 SSE4_1 POPCNT SSE4_2
06-06 02:58:58.498 I/OpenCV/StaticHelper( 3098):       FP16 (0 files):            + SSSE3 SSE4_1 POPCNT SSE4_2 FP16 AVX
06-06 02:58:58.498 I/OpenCV/StaticHelper( 3098):       AVX (5 files):             + SSSE3 SSE4_1 POPCNT SSE4_2 AVX
06-06 02:58:58.498 I/OpenCV/StaticHelper( 3098):       AVX2 (10 files):           + SSSE3 SSE4_1 POPCNT SSE4_2 FP16 FMA3 AVX AVX2
06-06 02:58:58.499 I/OpenCV/StaticHelper( 3098): 
06-06 02:58:58.499 I/OpenCV/StaticHelper( 3098):   C/C++:
06-06 02:58:58.499 I/OpenCV/StaticHelper( 3098):     Built as dynamic libs?:      NO
06-06 02:58:58.499 I/OpenCV/StaticHelper( 3098):     C++ Compiler:                /usr/bin/ccache /opt/android/android-ndk-r10e/toolchains/x86_64-4.9/prebuilt/linux-x86_64/bin/x86_64-linux-android-g++ (ver 4.9)
06-06 02:58:58.499 I/OpenCV/StaticHelper( 3098):     C++ flags (Release):         -fexceptions -frtti --sysroot=/opt/android/android-ndk-r10e/platforms/android-21/arch-x86_64 -funwind-tables -funswitch-loops -finline-limit=300 -fsigned-char -no-canonical-prefixes -fdata-sections -ffunction-sections -Wa,--noexecstack  -DANDROID -D__ANDROID_API__=21   -fsigned-char -W -Wall -Werror=return-type -Werror=non-virtual-dtor -Werror=address -Werror=sequence-point -Wformat -Werror=format-security -Wmissing-declarations -Wundef -Winit-self -Wpointer-arith -Wshadow -Wsign-promo -Wuninitialized -Winit-self -Wno-narrowing -Wno-delete-non-virtual-dtor -Wno-comment -Wno-missing-field-initializers -fdiagnostics-show-option -Wno-long-long -fomit-frame-pointer  -msse -msse2 -msse3 -fvisibility=hidden -fvisibility-inlines-hidden -fomit-frame-pointer -fstrict-aliasing -O3 -DNDEBUG  -DNDEBUG
06-06 02:58:58.499 I/OpenCV/StaticHelper( 3098):     C++ flags (Debug):           -fexceptions -frtti --sysroot=/opt/android/android-ndk-r10e/platforms/android-21/arch-x86_64 -funwind-tables -funswitch-loops -finline-limit=300 -fsigned-char -no-canonical-prefixes -fdata-sections -ffunction-sections -Wa,--noexecstack  -DANDROID -D__ANDROID_API__=21   -fsigned-char -W -Wall -Werror=return-type -Werror=non-virtual-dtor -Werror=address -Werror=sequence-point -Wformat -Werror=format-security -Wmissing-declarations -Wundef -Winit-self -Wpointer-arith -Wshadow -Wsign-promo -Wuninitialized -Winit-self -Wno-narrowing -Wno-delete-non-virtual-dtor -Wno-comment -Wno-missing-field-initializers -fdiagnostics-show-option -Wno-long-long -fomit-frame-pointer  -msse -msse2 -msse3 -fvisibility=hidden -fvisibility-inlines-hidden -fno-omit-frame-pointer -fno-strict-aliasing -O0 -g -DDEBUG -D_DEBUG  -DDEBUG -D_DEBUG
06-06 02:58:58.499 I/OpenCV/StaticHelper( 3098):     C Compiler:                  /usr/bin/ccache /opt/android/android-ndk-r10e/toolchains/x86_64-4.9/prebuilt/linux-x86_64/bin/x86_64-linux-android-gcc
06-06 02:58:58.499 I/OpenCV/StaticHelper( 3098):     C flags (Release):           -fexceptions --sysroot=/opt/android/android-ndk-r10e/platforms/android-21/arch-x86_64 -funwind-tables -funswitch-loops -finline-limit=300 -fsigned-char -no-canonical-prefixes -fdata-sections -ffunction-sections -Wa,--noexecstack  -DANDROID -D__ANDROID_API__=21   -fsigned-char -W -Wall -Werror=return-type -Werror=non-virtual-dtor -Werror=address -Werror=sequence-point -Wformat -Werror=format-security -Wmissing-declarations -Wmissing-prototypes -Wstrict-prototypes -Wundef -Winit-self -Wpointer-arith -Wshadow -Wuninitialized -Winit-self -Wno-narrowing -Wno-comment -Wno-missing-field-initializers -fdiagnostics-show-option -Wno-long-long -fomit-frame-pointer  -msse -msse2 -msse3 -fvisibility=hidden -fomit-frame-pointer -fstrict-aliasing -O3 -DNDEBUG  -DNDEBUG
06-06 02:58:58.499 I/OpenCV/StaticHelper( 3098):     C flags (Debug):             -fexceptions --sysroot=/opt/android/android-ndk-r10e/platforms/android-21/arch-x86_64 -funwind-tables -funswitch-loops -finline-limit=300 -fsigned-char -no-canonical-prefixes -fdata-sections -ffunction-sections -Wa,--noexecstack  -DANDROID -D__ANDROID_API__=21   -fsigned-char -W -Wall -Werror=return-type -Werror=non-virtual-dtor -Werror=address -Werror=sequence-point -Wformat -Werror=format-security -Wmissing-declarations -Wmissing-prototypes -Wstrict-prototypes -Wundef -Winit-self -Wpointer-arith -Wshadow -Wuninitialized -Winit-self -Wno-narrowing -Wno-comment -Wno-missing-field-initializers -fdiagnostics-show-option -Wno-long-long -fomit-frame-pointer  -msse -msse2 -msse3 -fvisibility=hidden -fno-omit-frame-pointer -fno-strict-aliasing -O0 -g -DDEBUG -D_DEBUG  -DDEBUG -D_DEBUG
06-06 02:58:58.499 I/OpenCV/StaticHelper( 3098):     Linker flags (Release):      -Wl,--exclude-libs,libippicv.a -Wl,--exclude-libs,libippiw.a  -Wl,--no-undefined -Wl,--gc-sections -Wl,-z,noexecstack -Wl,-z,relro -Wl,-z,now    
06-06 02:58:58.499 I/OpenCV/StaticHelper( 3098):     Linker flags (Debug):        -Wl,--exclude-libs,libippicv.a -Wl,--exclude-libs,libippiw.a  -Wl,--no-undefined -Wl,--gc-sections -Wl,-z,noexecstack -Wl,-z,relro -Wl,-z,now    
06-06 02:58:58.499 I/OpenCV/StaticHelper( 3098):     ccache:                      YES
06-06 02:58:58.499 I/OpenCV/StaticHelper( 3098):     Precompiled headers:         NO
06-06 02:58:58.499 I/OpenCV/StaticHelper( 3098):     Extra dependencies:          z dl m log
06-06 02:58:58.499 I/OpenCV/StaticHelper( 3098):     3rdparty dependencies:       tbb libcpufeatures ittnotify libjpeg-turbo libwebp libpng libtiff libjasper IlmImf libprotobuf quirc ippiw ippicv
06-06 02:58:58.499 I/OpenCV/StaticHelper( 3098): 
06-06 02:58:58.499 I/OpenCV/StaticHelper( 3098):   OpenCV modules:
06-06 02:58:58.499 I/OpenCV/StaticHelper( 3098):     To be built:                 aruco bgsegm bioinspired calib3d ccalib core datasets dnn dnn_objdetect dpm face features2d flann fuzzy hfs highgui img_hash imgcodecs imgproc java java_bindings_generator line_descriptor ml objdetect optflow phase_unwrapping photo plot reg rgbd saliency shape stereo stitching structured_light superres surface_matching text tracking video videoio videostab xfeatures2d ximgproc xobjdetect xphoto
06-06 02:58:58.499 I/OpenCV/StaticHelper( 3098):     Disabled:                    world
06-06 02:58:58.500 I/OpenCV/StaticHelper( 3098):     Disabled by dependency:      -
06-06 02:58:58.500 I/OpenCV/StaticHelper( 3098):     Unavailable:                 cnn_3dobj cudaarithm cudabgsegm cudacodec cudafeatures2d cudafilters cudaimgproc cudalegacy cudaobjdetect cudaoptflow cudastereo cudawarping cudev cvv freetype hdf js matlab ovis python2 python3 sfm ts viz
06-06 02:58:58.500 I/OpenCV/StaticHelper( 3098):     Applications:                android_examples
06-06 02:58:58.500 I/OpenCV/StaticHelper( 3098):     Documentation:               NO
06-06 02:58:58.500 I/OpenCV/StaticHelper( 3098):     Non-free algorithms:         NO
06-06 02:58:58.500 I/OpenCV/StaticHelper( 3098): 
06-06 02:58:58.500 I/OpenCV/StaticHelper( 3098):   Android NDK:                   location: /opt/android/android-ndk-r10e
06-06 02:58:58.500 I/OpenCV/StaticHelper( 3098):     Android ABI:                 x86_64
06-06 02:58:58.500 I/OpenCV/StaticHelper( 3098):     NDK toolchain:               x86_64-4.9
06-06 02:58:58.500 I/OpenCV/StaticHelper( 3098):     STL type:                    gnustl_static
06-06 02:58:58.500 I/OpenCV/StaticHelper( 3098):     Native API level:            21
06-06 02:58:58.500 I/OpenCV/StaticHelper( 3098):   Android SDK:                   /opt/android/android-sdk-java7 (tools: 25.2.2 build tools: 23.0.3)
06-06 02:58:58.500 I/OpenCV/StaticHelper( 3098):     android tool:                /opt/android/android-sdk-java7/tools/android
06-06 02:58:58.500 I/OpenCV/StaticHelper( 3098):     SDK target:                  android-21
06-06 02:58:58.500 I/OpenCV/StaticHelper( 3098):     Projects build scripts:      Ant/Eclipse compatible
06-06 02:58:58.500 I/OpenCV/StaticHelper( 3098): 
06-06 02:58:58.500 I/OpenCV/StaticHelper( 3098):   GUI: 
06-06 02:58:58.500 I/OpenCV/StaticHelper( 3098): 
06-06 02:58:58.500 I/OpenCV/StaticHelper( 3098):   Media I/O: 
06-06 02:58:58.501 I/OpenCV/StaticHelper( 3098):     ZLib:                        z (ver 1.2.3)
06-06 02:58:58.501 I/OpenCV/StaticHelper( 3098):     JPEG:                        build-libjpeg-turbo (ver 1.5.3-62)
06-06 02:58:58.501 I/OpenCV/StaticHelper( 3098):     WEBP:                        build (ver encoder: 0x020e)
06-06 02:58:58.501 I/OpenCV/StaticHelper( 3098):     PNG:                         build (ver 1.6.35)
06-06 02:58:58.501 I/OpenCV/StaticHelper( 3098):     TIFF:                        build (ver 42 - 4.0.9)
06-06 02:58:58.501 I/OpenCV/StaticHelper( 3098):     JPEG 2000:                   build (ver 1.900.1)
06-06 02:58:58.501 I/OpenCV/StaticHelper( 3098):     OpenEXR:                     build (ver 1.7.1)
06-06 02:58:58.501 I/OpenCV/StaticHelper( 3098):     HDR:                         YES
06-06 02:58:58.510 I/OpenCV/StaticHelper( 3098):     SUNRASTER:                   YES
06-06 02:58:58.510 I/OpenCV/StaticHelper( 3098):     PXM:                         YES
06-06 02:58:58.510 I/OpenCV/StaticHelper( 3098): 
06-06 02:58:58.510 I/OpenCV/StaticHelper( 3098):   Video I/O:
06-06 02:58:58.510 I/OpenCV/StaticHelper( 3098): 
06-06 02:58:58.510 I/OpenCV/StaticHelper( 3098):   Parallel framework:            TBB (ver 2018.0 interface 10001)
06-06 02:58:58.510 I/OpenCV/StaticHelper( 3098): 
06-06 02:58:58.510 I/OpenCV/StaticHelper( 3098):   Trace:                         YES (with Intel ITT)
06-06 02:58:58.510 I/OpenCV/StaticHelper( 3098): 
06-06 02:58:58.511 I/OpenCV/StaticHelper( 3098):   Other third-party libraries:
06-06 02:58:58.511 I/OpenCV/StaticHelper( 3098):     Intel IPP:                   2019.0.0 Gold [2019.0.0]
06-06 02:58:58.511 I/OpenCV/StaticHelper( 3098):            at:                   /build/3_4-contrib_pack-contrib-android/build/o4a/3rdparty/ippicv/ippicv_lnx/icv
06-06 02:58:58.511 I/OpenCV/StaticHelper( 3098):     Intel IPP IW:                sources (2019.0.0)
06-06 02:58:58.511 I/OpenCV/StaticHelper( 3098):               at:                /build/3_4-contrib_pack-contrib-android/build/o4a/3rdparty/ippicv/ippicv_lnx/iw
06-06 02:58:58.511 I/OpenCV/StaticHelper( 3098):     Custom HAL:                  NO
06-06 02:58:58.511 I/OpenCV/StaticHelper( 3098):     Protobuf:                    build (3.5.1)
06-06 02:58:58.512 I/OpenCV/StaticHelper( 3098): 
06-06 02:58:58.512 I/OpenCV/StaticHelper( 3098):   Python (for build):            /usr/bin/python2.7
06-06 02:58:58.512 I/OpenCV/StaticHelper( 3098): 
06-06 02:58:58.512 I/OpenCV/StaticHelper( 3098):   Java:                          export all functions
06-06 02:58:58.512 I/OpenCV/StaticHelper( 3098):     ant:                         /usr/bin/ant (ver 1.9.3)
06-06 02:58:58.513 I/OpenCV/StaticHelper( 3098):     Java wrappers:               YES
06-06 02:58:58.513 I/OpenCV/StaticHelper( 3098):     Java tests:                  NO
06-06 02:58:58.513 I/OpenCV/StaticHelper( 3098): 
06-06 02:58:58.513 I/OpenCV/StaticHelper( 3098):   Install to:                    /build/3_4-contrib_pack-contrib-android/build/o4a/install
06-06 02:58:58.513 I/OpenCV/StaticHelper( 3098): -----------------------------------------------------------------
06-06 02:58:58.513 D/OpenCv  ( 3098): OpenCV loaded
06-06 02:58:59.037 I/Registrar( 3098): MasterXmlRpcEndpoint URI: http://llp:11311
06-06 02:58:59.156 I/Registrar( 3098): Registering publisher: Publisher<PublisherDefinition<PublisherIdentifier<NodeIdentifier</kibo_rpc_api, http://hlp:58030/>, TopicIdentifier</rosout>>, Topic<TopicIdentifier</rosout>, TopicDescription<rosgraph_msgs/Log, acffd30cd6b6de30f120938c17c593fb>>>>
06-06 02:59:00.587 I/art     ( 3022): Do partial code cache collection, code=29KB, data=29KB
06-06 02:59:00.594 I/art     ( 3022): After code cache collection, code=29KB, data=29KB
06-06 02:59:00.594 I/art     ( 3022): Increasing code cache capacity to 128KB
06-06 02:59:01.518 I/Registrar( 3098): Response<Success, Registered [/kibo_rpc_api] as publisher of [/rosout], [http://10.42.0.34:43147/, http://10.42.0.34:43929/]>
06-06 02:59:01.547 I/DefaultPublisher( 3098): Publisher registered: Publisher<PublisherDefinition<PublisherIdentifier<NodeIdentifier</kibo_rpc_api, http://hlp:58030/>, TopicIdentifier</rosout>>, Topic<TopicIdentifier</rosout>, TopicDescription<rosgraph_msgs/Log, acffd30cd6b6de30f120938c17c593fb>>>>
06-06 02:59:01.858 I/Registrar( 3098): Registering subscriber: Subscriber<Topic<TopicIdentifier</clock>, TopicDescription<rosgraph_msgs/Clock, a9c97c1d230cfc112e270351a944ee47>>>
06-06 02:59:01.984 I/Registrar( 3098): Response<Success, Subscribed to [/clock], [http://10.42.0.34:42869/]>
06-06 02:59:02.016 I/DefaultSubscriber( 3098): Subscriber registered: Subscriber<Topic<TopicIdentifier</clock>, TopicDescription<rosgraph_msgs/Clock, a9c97c1d230cfc112e270351a944ee47>>>
06-06 02:59:02.720 I/Registrar( 3098): Registering publisher: Publisher<PublisherDefinition<PublisherIdentifier<NodeIdentifier</kibo_rpc_api, http://hlp:58030/>, TopicIdentifier</command>>, Topic<TopicIdentifier</command>, TopicDescription<ff_msgs/CommandStamped, ac01350894b1be9e3a7b4f390a14812d>>>>
06-06 02:59:02.864 I/Registrar( 3098): MasterXmlRpcEndpoint URI: http://llp:11311
06-06 02:59:02.913 W/art     ( 3098): Suspending all threads took: 8.842ms
06-06 02:59:03.191 I/Registrar( 3098): Response<Success, Registered [/kibo_rpc_api] as publisher of [/command], [http://10.42.0.34:39982/, http://10.42.0.34:43929/, http://10.42.0.34:44437/]>
06-06 02:59:03.205 I/DefaultPublisher( 3098): Publisher registered: Publisher<PublisherDefinition<PublisherIdentifier<NodeIdentifier</kibo_rpc_api, http://hlp:58030/>, TopicIdentifier</command>>, Topic<TopicIdentifier</command>, TopicDescription<ff_msgs/CommandStamped, ac01350894b1be9e3a7b4f390a14812d>>>>
06-06 02:59:03.660 I/Registrar( 3098): Registering publisher: Publisher<PublisherDefinition<PublisherIdentifier<NodeIdentifier</GetterNode, http://hlp:50922/>, TopicIdentifier</rosout>>, Topic<TopicIdentifier</rosout>, TopicDescription<rosgraph_msgs/Log, acffd30cd6b6de30f120938c17c593fb>>>>
06-06 02:59:03.813 I/Registrar( 3098): Registering subscriber: Subscriber<Topic<TopicIdentifier</mgt/ack>, TopicDescription<ff_msgs/AckStamped, cebddec69fd770df54633be444a9187d>>>
06-06 02:59:04.216 I/Registrar( 3098): Response<Success, Subscribed to [/mgt/ack], [http://10.42.0.34:39982/]>
06-06 02:59:04.233 I/DefaultSubscriber( 3098): Subscriber registered: Subscriber<Topic<TopicIdentifier</mgt/ack>, TopicDescription<ff_msgs/AckStamped, cebddec69fd770df54633be444a9187d>>>
06-06 02:59:04.446 W/art     ( 3098): Suspending all threads took: 7.426ms
06-06 02:59:04.895 W/art     ( 3098): Suspending all threads took: 14.152ms
06-06 02:59:04.909 I/Registrar( 3098): Response<Success, Registered [/GetterNode] as publisher of [/rosout], [http://10.42.0.34:43147/, http://10.42.0.34:43929/]>
06-06 02:59:04.927 I/Registrar( 3098): Registering subscriber: Subscriber<Topic<TopicIdentifier</clock>, TopicDescription<rosgraph_msgs/Clock, a9c97c1d230cfc112e270351a944ee47>>>
06-06 02:59:05.032 I/DefaultPublisher( 3098): Publisher registered: Publisher<PublisherDefinition<PublisherIdentifier<NodeIdentifier</GetterNode, http://hlp:50922/>, TopicIdentifier</rosout>>, Topic<TopicIdentifier</rosout>, TopicDescription<rosgraph_msgs/Log, acffd30cd6b6de30f120938c17c593fb>>>>
06-06 02:59:05.788 I/Registrar( 3098): Response<Success, Subscribed to [/clock], [http://10.42.0.34:42869/]>
06-06 02:59:05.902 I/DefaultSubscriber( 3098): Subscriber registered: Subscriber<Topic<TopicIdentifier</clock>, TopicDescription<rosgraph_msgs/Clock, a9c97c1d230cfc112e270351a944ee47>>>
06-06 02:59:05.929 I/Registrar( 3098): Registering subscriber: Subscriber<Topic<TopicIdentifier</gnc/ekf>, TopicDescription<ff_msgs/EkfState, 543b97822b033d7199b506ad4005f134>>>
06-06 02:59:05.982 D/KiboRpcApi( 3098): GetterNode initialization started.
06-06 02:59:06.004 W/art     ( 3098): Long monitor contention with owner pool-1-thread-3 (3116) at void gov.nasa.arc.astrobee.ros.internal.RobotNodeMain.onStart(org.ros.node.ConnectedNode)(RobotNodeMain.java:61) waiters=0 in org.ros.message.MessageFactory gov.nasa.arc.astrobee.ros.internal.RobotNodeMain.getTopicMessageFactory() for 3.327s
