06-06 02:52:37.887 V/MediaRouter( 2102): Adding route: RouteInfo{ name=Phone, description=null, status=null, category=RouteCategory{ name=null types=ROUTE_TYPE_LIVE_AUDIO ROUTE_TYPE_LIVE_VIDEO  groupable=false }, supportedTypes=ROUTE_TYPE_LIVE_AUDIO ROUTE_TYPE_LIVE_VIDEO , presentationDisplay=null }
06-06 02:52:37.991 V/MediaRouter( 2102): Updating audio routes: AudioRoutesInfo{ type=SPEAKER }
06-06 02:52:38.074 V/MediaRouter( 2102): Selecting route: RouteInfo{ name=Phone, description=null, status=null, category=RouteCategory{ name=null types=ROUTE_TYPE_LIVE_AUDIO ROUTE_TYPE_LIVE_VIDEO  groupable=false }, supportedTypes=ROUTE_TYPE_LIVE_AUDIO ROUTE_TYPE_LIVE_VIDEO , presentationDisplay=null }
06-06 02:52:38.394 I/LatinIME( 2097): Hardware accelerated drawing: true
06-06 02:52:38.397 I/art     ( 2139): System.exit called, status: 0
06-06 02:52:38.398 I/AndroidRuntime( 2139): VM exiting with result code 0, cleanup skipped.
06-06 02:52:38.473 I/MediaPlayerService( 1337): MediaPlayerService::getOMX
06-06 02:52:38.477 I/OMXClient( 1337): MuxOMX ctor
06-06 02:52:38.536 I/OMXMaster( 1331): makeComponentInstance(OMX.google.g711.mlaw.decoder) in mediacodec process
06-06 02:52:39.143 W/art     ( 2097): Suspending all threads took: 40.056ms
06-06 02:52:39.354 V/vold    ( 1277): /dev/block/vold/public:253,48: LABEL="SDCARD" UUID="1EFF-1C1B" TYPE="vfat" 
06-06 02:52:39.354 V/vold    ( 1277): 
06-06 02:52:39.384 V/vold    ( 1277): /system/bin/fsck_msdos
06-06 02:52:39.384 V/vold    ( 1277):     -p
06-06 02:52:39.384 V/vold    ( 1277):     -f
06-06 02:52:39.384 V/vold    ( 1277):     /dev/block/vold/public:253,48
06-06 02:52:39.385 D/VoldConnector( 1841): RCV <- {652 public:253,48 vfat}
06-06 02:52:39.387 D/VoldConnector( 1841): RCV <- {653 public:253,48 1EFF-1C1B}
06-06 02:52:39.388 D/VoldConnector( 1841): RCV <- {654 public:253,48 SDCARD}
06-06 02:52:39.420 I/art     ( 2144): System.exit called, status: 0
06-06 02:52:39.421 I/AndroidRuntime( 2144): VM exiting with result code 0, cleanup skipped.
06-06 02:52:39.716 E/WVMExtractor( 2102): Failed to open libwvm.so: dlopen failed: library "libwvm.so" not found
06-06 02:52:40.170 I/fsck_msdos( 1277): ** /dev/block/vold/public:253,48
06-06 02:52:40.171 I/fsck_msdos( 1277): ** Phase 1 - Read and Compare FATs
06-06 02:52:40.171 I/fsck_msdos( 1277): Attempting to allocate 1046 KB for FAT
06-06 02:52:40.400 I/MediaPlayerService( 1337): MediaPlayerService::getOMX
06-06 02:52:40.450 I/OMXClient( 1337): MuxOMX ctor
06-06 02:52:40.452 I/OMXMaster( 1331): makeComponentInstance(OMX.google.vorbis.decoder) in mediacodec process
06-06 02:52:40.531 I/fsck_msdos( 1277): Attempting to allocate 1046 KB for FAT
06-06 02:52:40.644 E/NetdConnector( 1841): NDC Command {3 bandwidth enable} took too long (6410ms)
06-06 02:52:40.920 I/fsck_msdos( 1277): ** Phase 2 - Check Cluster Chains
06-06 02:52:40.940 I/fsck_msdos( 1277): ** Phase 3 - Checking Directories
06-06 02:52:40.942 I/fsck_msdos( 1277): ** Phase 4 - Checking for Lost Files
06-06 02:52:40.951 I/fsck_msdos( 1277): 2 files, 534464 free (267232 clusters)
06-06 02:52:41.092 I/Vold    ( 1277): Filesystem check completed OK
06-06 02:52:41.144 D/VoldConnector( 1841): RCV <- {656 public:253,48 /mnt/media_rw/1EFF-1C1B}
06-06 02:52:41.154 D/VoldConnector( 1841): RCV <- {655 public:253,48 /storage/1EFF-1C1B}
06-06 02:52:41.355 V/vold    ( 1277): Waiting for FUSE to spin up...
06-06 02:52:41.410 V/vold    ( 1277): Waiting for FUSE to spin up...
06-06 02:52:41.472 V/vold    ( 1277): Waiting for FUSE to spin up...
06-06 02:52:41.530 V/vold    ( 1277): Waiting for FUSE to spin up...
06-06 02:52:41.551 I/MediaPlayerService( 1337): MediaPlayerService::getOMX
06-06 02:52:41.591 V/vold    ( 1277): Waiting for FUSE to spin up...
06-06 02:52:41.600 I/OMXClient( 1337): MuxOMX ctor
06-06 02:52:41.601 I/OMXMaster( 1331): makeComponentInstance(OMX.google.opus.decoder) in mediacodec process
06-06 02:52:41.660 V/vold    ( 1277): Waiting for FUSE to spin up...
06-06 02:52:41.720 V/vold    ( 1277): Waiting for FUSE to spin up...
06-06 02:52:41.780 V/vold    ( 1277): Waiting for FUSE to spin up...
06-06 02:52:41.840 V/vold    ( 1277): Waiting for FUSE to spin up...
06-06 02:52:41.900 V/vold    ( 1277): Waiting for FUSE to spin up...
06-06 02:52:41.960 V/vold    ( 1277): Waiting for FUSE to spin up...
06-06 02:52:42.010 V/vold    ( 1277): Waiting for FUSE to spin up...
06-06 02:52:42.070 V/vold    ( 1277): Waiting for FUSE to spin up...
06-06 02:52:42.095 W/sdcard  ( 2219): Device explicitly disabled sdcardfs
06-06 02:52:42.241 V/vold    ( 1277): Waiting for FUSE to spin up...
06-06 02:52:42.300 V/vold    ( 1277): Waiting for FUSE to spin up...
06-06 02:52:42.386 D/VoldConnector( 1841): RCV <- {651 public:253,48 2}
06-06 02:52:42.400 D/VoldConnector( 1841): RCV <- {200 7 Command succeeded}
06-06 02:52:42.402 E/VoldConnector( 1841): NDC Command {7 volume mount public:253,48 2 0} took too long (5178ms)
06-06 02:52:42.854 W/InputAttributes( 2097): No editor info for this field. Bug?
06-06 02:52:43.330 I/MediaPlayerService( 1337): MediaPlayerService::getOMX
06-06 02:52:43.332 I/OMXClient( 1337): MuxOMX ctor
06-06 02:52:43.333 I/OMXMaster( 1331): makeComponentInstance(OMX.google.raw.decoder) in mediacodec process
06-06 02:52:43.423 I/MediaPlayerService( 1337): MediaPlayerService::getOMX
06-06 02:52:43.425 I/OMXClient( 1337): MuxOMX ctor
06-06 02:52:43.426 I/OMXMaster( 1331): makeComponentInstance(OMX.google.aac.encoder) in mediacodec process
06-06 02:52:43.666 I/vol.Events( 2102): writeEvent collection_started
06-06 02:52:43.748 I/LatinIME:LogUtils( 2097): Dictionary info: dictionary = userunigram.en_US ; version = 1591411963 ; date = ?
06-06 02:52:43.809 I/MediaPlayerService( 1337): MediaPlayerService::getOMX
06-06 02:52:43.838 E/ActivityThread( 2097): Failed to find provider info for user_dictionary
06-06 02:52:43.886 I/OMXClient( 1337): MuxOMX ctor
06-06 02:52:43.887 I/OMXMaster( 1331): makeComponentInstance(OMX.google.amrnb.encoder) in mediacodec process
06-06 02:52:43.894 E/NetdConnector( 1841): NDC Command {4 strict enable} took too long (3142ms)
06-06 02:52:43.895 W/NetworkManagement( 1841): setDataSaverMode(): already false
06-06 02:52:43.932 I/LatinIME:LogUtils( 2097): Dictionary info: dictionary = UserHistoryDictionary.en_US ; version = 1591411963 ; date = ?
06-06 02:52:44.003 I/vol.Events( 2102): writeEvent external_ringer_mode_changed normal
06-06 02:52:44.004 I/vol.Events( 2102): writeEvent internal_ringer_mode_changed normal
06-06 02:52:44.010 I/MediaPlayerService( 1337): MediaPlayerService::getOMX
06-06 02:52:44.055 W/ProcessCpuTracker( 1841): Skipping unknown process pid 2234
06-06 02:52:44.065 I/OMXClient( 1337): MuxOMX ctor
06-06 02:52:44.066 I/OMXMaster( 1331): makeComponentInstance(OMX.google.amrwb.encoder) in mediacodec process
06-06 02:52:44.303 I/MediaPlayerService( 1337): MediaPlayerService::getOMX
06-06 02:52:44.351 I/OMXClient( 1337): MuxOMX ctor
06-06 02:52:44.352 I/OMXMaster( 1331): makeComponentInstance(OMX.google.flac.encoder) in mediacodec process
06-06 02:52:45.207 I/MediaPlayerService( 1337): MediaPlayerService::getOMX
06-06 02:52:45.220 I/OMXClient( 1337): MuxOMX ctor
06-06 02:52:45.221 I/OMXMaster( 1331): makeComponentInstance(OMX.google.gsm.decoder) in mediacodec process
06-06 02:52:46.218 I/MediaPlayerService( 1337): MediaPlayerService::getOMX
06-06 02:52:46.219 I/OMXClient( 1337): MuxOMX ctor
06-06 02:52:46.241 I/OMXMaster( 1331): makeComponentInstance(OMX.google.mpeg4.decoder) in mediacodec process
06-06 02:52:46.684 E/NetdConnector( 1841): NDC Command {7 bandwidth setglobalalert 2097152} took too long (2372ms)
06-06 02:52:46.761 D/NetworkPolicy( 1841): setRestrictBackgroundUL(): false
06-06 02:52:46.766 W/NetworkManagement( 1841): setDataSaverMode(): already false
06-06 02:52:47.130 W/AudioService( 1841): onLoadSoundEffects(), Error 1 while loading samples
06-06 02:52:47.480 E/OMXNodeInstance( 1331): getExtensionIndex(533000f:google.mpeg4.decoder, OMX.google.android.index.configureVideoTunnelMode) ERROR: UnsupportedIndex(0x8000101a)
06-06 02:52:47.540 W/OMXNodeInstance( 1331): [533000f:google.mpeg4.decoder] component does not support metadata mode; using fallback
06-06 02:52:47.563 I/MediaPlayerService( 1337): MediaPlayerService::getOMX
06-06 02:52:47.565 I/OMXClient( 1337): MuxOMX ctor
06-06 02:52:47.566 I/OMXMaster( 1331): makeComponentInstance(OMX.google.h263.decoder) in mediacodec process
06-06 02:52:48.264 W/art     ( 1841): Long monitor contention with owner NetworkPolicy (2052) at boolean android.os.BinderProxy.transactNative(int, android.os.Parcel, android.os.Parcel, int)(Binder.java:-2) waiters=0 in void com.android.server.NetworkManagementService.setFirewallChainEnabled(int, boolean) for 1.159s
06-06 02:52:48.372 E/OMXNodeInstance( 1331): getExtensionIndex(5330010:google.h263.decoder, OMX.google.android.index.configureVideoTunnelMode) ERROR: UnsupportedIndex(0x8000101a)
06-06 02:52:48.373 W/OMXNodeInstance( 1331): [5330010:google.h263.decoder] component does not support metadata mode; using fallback
06-06 02:52:48.788 I/MediaPlayerService( 1337): MediaPlayerService::getOMX
06-06 02:52:48.825 I/OMXClient( 1337): MuxOMX ctor
06-06 02:52:48.855 I/OMXMaster( 1331): makeComponentInstance(OMX.google.h264.decoder) in mediacodec process
06-06 02:52:49.642 W/art     ( 1841): Suspending all threads took: 134.781ms
06-06 02:52:49.804 W/art     ( 1841): Long monitor contention with owner AlarmManager (2028) at void android.app.PendingIntent.send(android.content.Context, int, android.content.Intent, android.app.PendingIntent$OnFinished, android.os.Handler, java.lang.String, android.os.Bundle)(PendingIntent.java:839) waiters=0 in android.app.AlarmManager$AlarmClockInfo com.android.server.AlarmManagerService.getNextAlarmClockImpl(int) for 371ms
06-06 02:52:49.821 W/art     ( 2097): Long monitor contention with owner AsyncTask #1 (2241) at boolean android.os.MessageQueue.enqueueMessage(android.os.Message, long)(MessageQueue.java:541) waiters=0 in android.os.Message android.os.MessageQueue.next() for 2.171s
06-06 02:52:49.826 W/ActivityManager( 1841): Timeout executing service: ServiceRecord{59e1355 u0 com.android.server.telecom/.components.TelecomService}
06-06 02:52:49.973 I/vol.Events( 2102): writeEvent level_changed STREAM_ALARM 6
06-06 02:52:50.032 I/art     ( 1841): Background sticky concurrent mark sweep GC freed 41252(2MB) AllocSpace objects, 17(372KB) LOS objects, 20% free, 13MB/16MB, paused 143.864ms total 942.820ms
06-06 02:52:50.050 I/vol.Events( 2102): writeEvent level_changed STREAM_BLUETOOTH_SCO 7
06-06 02:52:50.062 W/ProcessCpuTracker( 1841): Skipping unknown process pid 2272
06-06 02:52:50.087 I/vol.Events( 2102): writeEvent level_changed STREAM_MUSIC 11
06-06 02:52:50.277 I/Process ( 1841): Sending signal. PID: 1841 SIG: 3
06-06 02:52:50.292 I/art     ( 1841): Thread[2,tid=1845,WaitingInMainSignalCatcherLoop,Thread*=0x7aa237430000,peer=0x12c010d0,"Signal Catcher"]: reacting to signal 3
06-06 02:52:50.292 I/art     ( 1841): 
06-06 02:52:50.340 W/art     ( 1841): Suspending all threads took: 45.266ms
06-06 02:52:50.501 I/vol.Events( 2102): writeEvent level_changed STREAM_RING 5
06-06 02:52:50.580 I/vol.Events( 2102): writeEvent level_changed STREAM_SYSTEM 5
06-06 02:52:50.706 I/vol.Events( 2102): writeEvent level_changed STREAM_VOICE_CALL 4
06-06 02:52:50.784 W/ACodec  ( 1337): [OMX.google.h264.decoder] stopping checking profiles after 32: 2/8000
06-06 02:52:50.812 E/OMXNodeInstance( 1331): getExtensionIndex(5330011:google.h264.decoder, OMX.google.android.index.configureVideoTunnelMode) ERROR: UnsupportedIndex(0x8000101a)
06-06 02:52:50.813 W/OMXNodeInstance( 1331): [5330011:google.h264.decoder] component does not support metadata mode; using fallback
06-06 02:52:50.849 I/MediaPlayerService( 1337): MediaPlayerService::getOMX
06-06 02:52:50.921 I/OMXClient( 1337): MuxOMX ctor
06-06 02:52:50.922 I/OMXMaster( 1331): makeComponentInstance(OMX.google.hevc.decoder) in mediacodec process
06-06 02:52:51.301 I/Process ( 1841): Sending signal. PID: 2102 SIG: 3
06-06 02:52:51.302 I/art     ( 2102): Thread[3,tid=2114,WaitingInMainSignalCatcherLoop,Thread*=0x7aa23de96400,peer=0x12c005e0,"Signal Catcher"]: reacting to signal 3
06-06 02:52:51.302 I/art     ( 2102): 
06-06 02:52:51.341 W/art     ( 2102): Suspending all threads took: 33.778ms
06-06 02:52:52.296 E/OMXNodeInstance( 1331): getExtensionIndex(5330012:google.hevc.decoder, OMX.google.android.index.configureVideoTunnelMode) ERROR: UnsupportedIndex(0x8000101a)
06-06 02:52:52.297 W/OMXNodeInstance( 1331): [5330012:google.hevc.decoder] component does not support metadata mode; using fallback
06-06 02:52:52.452 I/MediaPlayerService( 1337): MediaPlayerService::getOMX
06-06 02:52:52.454 I/OMXClient( 1337): MuxOMX ctor
06-06 02:52:52.455 I/OMXMaster( 1331): makeComponentInstance(OMX.google.vp8.decoder) in mediacodec process
06-06 02:52:52.591 I/art     ( 2102): Wrote stack traces to '/data/anr/traces.txt'
06-06 02:52:53.239 E/OMXNodeInstance( 1331): getExtensionIndex(5330013:google.vp8.decoder, OMX.google.android.index.configureVideoTunnelMode) ERROR: UnsupportedIndex(0x8000101a)
06-06 02:52:53.247 W/OMXNodeInstance( 1331): [5330013:google.vp8.decoder] component does not support metadata mode; using fallback
06-06 02:52:53.288 I/MediaPlayerService( 1337): MediaPlayerService::getOMX
06-06 02:52:53.289 I/OMXClient( 1337): MuxOMX ctor
06-06 02:52:53.320 I/OMXMaster( 1331): makeComponentInstance(OMX.google.vp9.decoder) in mediacodec process
06-06 02:52:53.783 E/OMXNodeInstance( 1331): getExtensionIndex(5330014:google.vp9.decoder, OMX.google.android.index.configureVideoTunnelMode) ERROR: UnsupportedIndex(0x8000101a)
06-06 02:52:53.784 W/OMXNodeInstance( 1331): [5330014:google.vp9.decoder] component does not support metadata mode; using fallback
06-06 02:52:53.823 I/MediaPlayerService( 1337): MediaPlayerService::getOMX
06-06 02:52:53.824 I/OMXClient( 1337): MuxOMX ctor
06-06 02:52:53.825 I/OMXMaster( 1331): makeComponentInstance(OMX.google.h263.encoder) in mediacodec process
06-06 02:52:54.445 W/        ( 1276): debuggerd: handling request: pid=1321 uid=1000 gid=1003 tid=1321
06-06 02:52:54.475 E/NetdConnector( 1841): NDC Command {8 firewall enable_chain standby} took too long (6210ms)
06-06 02:52:54.489 I/SoftMPEG4Encoder( 1331): Construct SoftMPEG4Encoder
06-06 02:52:54.549 W/ACodec  ( 1337): do not know color format 0x7f000789 = 2130708361
06-06 02:52:54.612 E/OMXNodeInstance( 1331): getConfig(5330015:google.h263.encoder, ConfigAndroidIntraRefresh(0x6f60000a)) ERROR: Undefined(0x80001001)
06-06 02:52:54.675 I/MediaPlayerService( 1337): MediaPlayerService::getOMX
06-06 02:52:54.676 I/OMXClient( 1337): MuxOMX ctor
06-06 02:52:54.677 I/OMXMaster( 1331): makeComponentInstance(OMX.google.h264.encoder) in mediacodec process
06-06 02:52:54.855 I/SystemServiceManager( 1841): Starting phase 600
06-06 02:52:54.946 E/NetdConnector( 1841): NDC Command {9 bandwidth gettetherstats} took too long (5208ms)
06-06 02:52:55.117 D/SensorNotificationService( 1841): Cannot obtain dynamic meta sensor, not supported.
06-06 02:52:55.444 I/GnssLocationProvider( 1841): WakeLock acquired by sendMessage(13, 0, null)
06-06 02:52:55.499 W/LocationManagerService( 1841): no network location provider found
06-06 02:52:55.521 W/        ( 1276): debuggerd: resuming target 1321
06-06 02:52:55.527 W/        ( 1276): debuggerd: handling request: pid=1326 uid=1041 gid=1005 tid=1326
06-06 02:52:55.626 E/LocationManagerService( 1841): no geocoder provider found
06-06 02:52:55.628 E/FlpHardwareProvider( 1841): Error hw_get_module 'flp': -2
06-06 02:52:55.628 D/LocationManagerService( 1841): FLP HAL not supported
06-06 02:52:55.638 D/LocationManagerService( 1841): Unable to bind FLP Geofence proxy.
06-06 02:52:55.639 E/ActivityRecognitionHardware( 1841): Error hw_get_module: -2
06-06 02:52:55.658 W/ACodec  ( 1337): do not know color format 0x7f000789 = 2130708361
06-06 02:52:55.671 D/LocationManagerService( 1841): Hardware Activity-Recognition not supported.
06-06 02:52:55.673 E/ActivityRecognitionProxy( 1841): ServiceWatcher could not start.
06-06 02:52:55.674 D/LocationManagerService( 1841): Unable to bind ActivityRecognitionProxy.
06-06 02:52:55.676 I/GnssLocationProvider( 1841): WakeLock acquired by sendMessage(2, 1, null)
06-06 02:52:55.701 I/MediaPlayerService( 1337): MediaPlayerService::getOMX
06-06 02:52:55.713 W/        ( 1275): debuggerd: handling request: pid=1326 uid=1041 gid=1005 tid=1326
06-06 02:52:55.726 I/OMXClient( 1337): MuxOMX ctor
06-06 02:52:55.727 I/OMXMaster( 1331): makeComponentInstance(OMX.google.mpeg4.encoder) in mediacodec process
06-06 02:52:56.478 I/SoftMPEG4Encoder( 1331): Construct SoftMPEG4Encoder
06-06 02:52:56.503 W/ACodec  ( 1337): do not know color format 0x7f000789 = 2130708361
06-06 02:52:56.505 E/OMXNodeInstance( 1331): getConfig(5330017:google.mpeg4.encoder, ConfigAndroidIntraRefresh(0x6f60000a)) ERROR: Undefined(0x80001001)
06-06 02:52:56.629 I/MediaPlayerService( 1337): MediaPlayerService::getOMX
06-06 02:52:56.641 I/OMXClient( 1337): MuxOMX ctor
06-06 02:52:56.642 I/OMXMaster( 1331): makeComponentInstance(OMX.google.vp8.encoder) in mediacodec process
06-06 02:52:57.091 W/        ( 1275): debuggerd: resuming target 1326
06-06 02:52:57.103 W/        ( 1276): debuggerd: handling request: pid=1327 uid=1047 gid=1005 tid=1327
06-06 02:52:57.106 W/        ( 1275): debuggerd: handling request: pid=1327 uid=1047 gid=1005 tid=1327
06-06 02:52:57.401 W/ACodec  ( 1337): do not know color format 0x7f000789 = 2130708361
06-06 02:52:57.403 E/OMXNodeInstance( 1331): getConfig(5330018:google.vp8.encoder, ConfigAndroidIntraRefresh(0x6f60000a)) ERROR: Undefined(0x80001001)
06-06 02:52:57.424 I/MediaPlayerService( 1337): MediaPlayerService::getOMX
06-06 02:52:57.426 I/OMXClient( 1337): MuxOMX ctor
06-06 02:52:57.461 I/MediaPlayerService( 1337): MediaPlayerService::getOMX
06-06 02:52:57.462 I/OMXClient( 1337): MuxOMX ctor
06-06 02:52:57.463 W/MediaCodecList( 1337): unable to open media codecs configuration xml file: /data/misc/media/media_codecs_profiling_results.xml
06-06 02:52:57.521 I/MediaPlayerService( 1337): MediaPlayerService::getOMX
06-06 02:52:57.525 I/OMXClient( 2102): MuxOMX ctor
06-06 02:52:57.544 I/OMXMaster( 1331): makeComponentInstance(OMX.google.vorbis.decoder) in mediacodec process
06-06 02:52:57.653 W/        ( 1275): debuggerd: resuming target 1327
06-06 02:52:57.657 W/        ( 1276): debuggerd: handling request: pid=1328 uid=1019 gid=1019 tid=1328
06-06 02:52:57.659 W/        ( 1275): debuggerd: handling request: pid=1328 uid=1019 gid=1019 tid=1328
06-06 02:52:58.195 W/        ( 1275): debuggerd: resuming target 1328
06-06 02:52:58.199 W/        ( 1276): debuggerd: handling request: pid=1331 uid=1046 gid=1006 tid=1331
06-06 02:52:58.234 W/        ( 1275): debuggerd: handling request: pid=1331 uid=1046 gid=1006 tid=1331
06-06 02:52:58.858 W/        ( 1275): debuggerd: resuming target 1331
06-06 02:52:58.873 W/        ( 1276): debuggerd: handling request: pid=1332 uid=1013 gid=1031 tid=1332
06-06 02:52:58.877 W/        ( 1275): debuggerd: handling request: pid=1332 uid=1013 gid=1031 tid=1332
06-06 02:52:59.382 I/MediaPlayerService( 1337): MediaPlayerService::getOMX
06-06 02:52:59.414 W/        ( 1275): debuggerd: resuming target 1332
06-06 02:52:59.417 W/        ( 1276): debuggerd: handling request: pid=1334 uid=1040 gid=1026 tid=1334
06-06 02:52:59.419 W/        ( 1275): debuggerd: handling request: pid=1334 uid=1040 gid=1026 tid=1334
06-06 02:52:59.463 I/OMXClient( 1841): MuxOMX ctor
06-06 02:52:59.476 I/CommonTimeManagementService( 1841): No common time service detected on this platform.  Common time services will be unavailable.
06-06 02:52:59.521 I/InputReader( 1841): Reconfiguring input devices.  changes=0x00000020
06-06 02:52:59.535 I/OMXMaster( 1331): makeComponentInstance(OMX.google.vorbis.decoder) in mediacodec process
06-06 02:52:59.556 I/MmsServiceBroker( 1841): Delay connecting to MmsService until an API is called
06-06 02:52:59.619 W/VoiceInteractionManagerService( 1841): no available voice interaction services found for user 0
06-06 02:52:59.619 W/VoiceInteractionManagerService( 1841): no available voice recognition services found for user 0
06-06 02:52:59.641 I/InputReader( 1841): Reconfiguring input devices.  changes=0x00000010
06-06 02:52:59.907 W/ActivityManager( 1841): Slow operation: 210ms so far, now at startProcess: returned from zygote!
06-06 02:52:59.907 W/ActivityManager( 1841): Slow operation: 210ms so far, now at startProcess: done updating battery stats
06-06 02:52:59.908 W/ActivityManager( 1841): Slow operation: 211ms so far, now at startProcess: building log message
06-06 02:52:59.908 I/ActivityManager( 1841): Start proc 2328:com.android.phone/1001 for added application com.android.phone
06-06 02:52:59.909 W/ActivityManager( 1841): Slow operation: 212ms so far, now at startProcess: starting to update pids map
06-06 02:52:59.909 W/ActivityManager( 1841): Slow operation: 212ms so far, now at startProcess: done updating pids map
06-06 02:52:59.925 I/ActivityManager( 1841): START u0 {act=android.intent.action.MAIN cat=[android.intent.category.HOME] flg=0x10000100 cmp=com.android.settings/.FallbackHome} from uid 0 on display 0
06-06 02:53:00.046 W/System  ( 1841): ClassLoader referenced unknown path: 
06-06 02:53:00.047 W/System  ( 1841): ClassLoader referenced unknown path: /system/priv-app/Settings/lib/x86_64
06-06 02:53:00.183 W/art     ( 2328): Unexpected CPU variant for X86 using defaults: x86_64
06-06 02:53:00.210 D/ApplicationLoaders( 1841): ignored Vulkan layer search path /system/priv-app/Settings/lib/x86_64:/system/priv-app/Settings/Settings.apk!/lib/x86_64:/system/lib64:/vendor/lib64 for namespace 0x7aa2427f3160
06-06 02:53:00.275 I/ActivityManager( 1841): Loaded persisted task ids for user 0
06-06 02:53:00.402 W/        ( 1275): debuggerd: resuming target 1334
06-06 02:53:00.406 W/        ( 1276): debuggerd: handling request: pid=1337 uid=1013 gid=1005 tid=1337
06-06 02:53:00.408 W/        ( 1275): debuggerd: handling request: pid=1337 uid=1013 gid=1005 tid=1337
06-06 02:53:00.732 W/ActivityManager( 1841): Slow operation: 236ms so far, now at startProcess: returned from zygote!
06-06 02:53:00.732 W/ActivityManager( 1841): Slow operation: 237ms so far, now at startProcess: done updating battery stats
06-06 02:53:00.732 W/ActivityManager( 1841): Slow operation: 237ms so far, now at startProcess: building log message
06-06 02:53:00.732 I/ActivityManager( 1841): Start proc 2346:com.android.settings/1000 for activity com.android.settings/.FallbackHome
06-06 02:53:00.733 W/ActivityManager( 1841): Slow operation: 237ms so far, now at startProcess: starting to update pids map
06-06 02:53:00.733 W/ActivityManager( 1841): Slow operation: 238ms so far, now at startProcess: done updating pids map
06-06 02:53:00.733 W/ActivityManager( 1841): Slow operation: 239ms so far, now at startProcess: done starting proc!
06-06 02:53:00.865 W/art     ( 2346): Unexpected CPU variant for X86 using defaults: x86_64
06-06 02:53:00.881 W/ProcessCpuTracker( 1841): Skipping unknown process pid 2323
06-06 02:53:01.107 W/art     ( 1841): Long monitor contention with owner main (1841) at void com.android.server.wm.WindowManagerService.continueSurfaceLayout()(WindowManagerService.java:5454) waiters=0 in void com.android.server.wm.WindowAnimator$1.doFrame(long) for 156ms
06-06 02:53:01.251 W/art     ( 1841): Long monitor contention with owner main (1841) at void com.android.server.am.ActivityManagerService.systemReady(java.lang.Runnable)(ActivityManagerService.java:13368) waiters=0 in void com.android.server.am.ActivityManagerService.dispatchUidsChanged() for 1.486s
06-06 02:53:01.261 I/SystemServer( 1841): Enabled StrictMode for system server main thread.
06-06 02:53:01.270 W/art     ( 1841): Long monitor contention with owner main (1841) at void com.android.server.am.ActivityManagerService.systemReady(java.lang.Runnable)(ActivityManagerService.java:13368) waiters=1 in int com.android.server.am.PendingIntentRecord.sendInner(int, android.content.Intent, java.lang.String, android.content.IIntentReceiver, java.lang.String, android.os.IBinder, java.lang.String, int, int, int, android.os.Bundle, android.app.IActivityContainer) for 1.252s
06-06 02:53:01.629 I/MediaPlayerService( 1337): MediaPlayerService::getOMX
06-06 02:53:01.636 I/OMXClient( 2102): MuxOMX ctor
06-06 02:53:01.646 I/OMXMaster( 1331): makeComponentInstance(OMX.google.vorbis.decoder) in mediacodec process
06-06 02:53:01.723 W/        ( 1275): debuggerd: resuming target 1337
06-06 02:53:01.727 W/        ( 1276): debuggerd: handling request: pid=2182 uid=1023 gid=1023 tid=2182
06-06 02:53:01.729 W/art     ( 1841): Long monitor contention with owner main (1841) at void com.android.server.am.ActivityManagerService.systemReady(java.lang.Runnable)(ActivityManagerService.java:13368) waiters=2 in void com.android.server.am.ActivityManagerService.attachApplication(android.app.IApplicationThread) for 655ms
06-06 02:53:01.811 W/art     ( 1841): Long monitor contention with owner Binder:1841_5 (2363) at void com.android.server.am.ActivityManagerService.attachApplication(android.app.IApplicationThread)(ActivityManagerService.java:6669) waiters=2 in void com.android.server.am.ActivityManagerService.dispatchUidsChanged() for 544ms
06-06 02:53:01.817 W/art     ( 1841): Long monitor contention with owner Binder:1841_5 (2363) at void com.android.server.am.ActivityManagerService.attachApplication(android.app.IApplicationThread)(ActivityManagerService.java:6669) waiters=3 in android.content.Intent com.android.server.am.ActivityManagerService.registerReceiver(android.app.IApplicationThread, java.lang.String, android.content.IIntentReceiver, android.content.IntentFilter, java.lang.String, int) for 505ms
06-06 02:53:01.818 D/ConditionProviders.SCP( 1841): onConnected
06-06 02:53:01.831 W/art     ( 1841): Long monitor contention with owner Binder:1841_5 (2363) at void com.android.server.am.ActivityManagerService.attachApplication(android.app.IApplicationThread)(ActivityManagerService.java:6669) waiters=4 in void com.android.server.am.ActivityManagerService$LocalService.notifyAppTransitionFinished() for 457ms
06-06 02:53:01.833 W/art     ( 1841): Long monitor contention with owner Binder:1841_5 (2363) at void com.android.server.am.ActivityManagerService.attachApplication(android.app.IApplicationThread)(ActivityManagerService.java:6669) waiters=2 in int com.android.server.am.PendingIntentRecord.sendInner(int, android.content.Intent, java.lang.String, android.content.IIntentReceiver, java.lang.String, android.os.IBinder, java.lang.String, int, int, int, android.os.Bundle, android.app.IActivityContainer) for 543ms
06-06 02:53:01.848 D/ZenLog  ( 1841): set_zen_mode: off,readXml
06-06 02:53:01.876 D/ConditionProviders( 1841): Subscribing to condition://android/schedule?days=1.2.3.4.5&start=22.0&end=7.0&exitAtAlarm=false with ComponentInfo{android/com.android.server.notification.ScheduleConditionProvider}
06-06 02:53:01.876 D/ZenLog  ( 1841): subscribe: condition://android/schedule?days=1.2.3.4.5&start=22.0&end=7.0&exitAtAlarm=false,ok
06-06 02:53:01.878 D/ConditionProviders( 1841): Subscribing to condition://android/schedule?days=6.7&start=23.30&end=10.0&exitAtAlarm=false with ComponentInfo{android/com.android.server.notification.ScheduleConditionProvider}
06-06 02:53:01.878 D/ZenLog  ( 1841): subscribe: condition://android/schedule?days=6.7&start=23.30&end=10.0&exitAtAlarm=false,ok
06-06 02:53:01.879 D/ConditionProviders( 1841): Subscribing to condition://android/event?userId=-10000&calendar=&reply=1 with ComponentInfo{android/com.android.server.notification.EventConditionProvider}
06-06 02:53:01.879 D/ZenLog  ( 1841): subscribe: condition://android/event?userId=-10000&calendar=&reply=1,ok
06-06 02:53:01.907 W/System  ( 2346): ClassLoader referenced unknown path: /system/priv-app/Settings/lib/x86_64
06-06 02:53:02.204 W/        ( 1276): debuggerd: resuming target 2182
06-06 02:53:02.207 W/        ( 1276): debuggerd: handling request: pid=2219 uid=1023 gid=1023 tid=2219
06-06 02:53:02.433 W/        ( 1276): debuggerd: resuming target 2219
06-06 02:53:03.135 W/System  ( 2328): ClassLoader referenced unknown path: /system/priv-app/TeleService/lib/x86_64
06-06 02:53:03.182 I/WifiScanningService( 1841): wifi driver unloaded
06-06 02:53:03.184 D/RttService( 1841): SCAN_AVAILABLE : 1
06-06 02:53:03.201 D/RttService( 1841): DefaultState got{ when=-16ms what=160513 target=com.android.internal.util.StateMachine$SmHandler }
06-06 02:53:03.202 D/ZenLog  ( 1841): set_zen_mode: off,cleanUpZenRules
06-06 02:53:03.753 W/System  ( 2328): ClassLoader referenced unknown path: /system/priv-app/TelephonyProvider/lib/x86_64
06-06 02:53:03.758 D/ApplicationLoaders( 2328): ignored Vulkan layer search path /system/priv-app/TelephonyProvider/lib/x86_64:/system/lib64:/vendor/lib64 for namespace 0x7aa2427e30f0
06-06 02:53:04.259 D/TelephonyProvider( 2328): dbh.onOpen: ok, queried table=siminfo
06-06 02:53:04.337 D/TelephonyProvider( 2328): dbh.onOpen: ok, queried table=carriers
06-06 02:53:05.134 I/MediaPlayerService( 1337): MediaPlayerService::getOMX
06-06 02:53:05.184 I/OMXClient( 2102): MuxOMX ctor
06-06 02:53:05.237 I/OMXMaster( 1331): makeComponentInstance(OMX.google.vorbis.decoder) in mediacodec process
06-06 02:53:05.576 I/LatinIME:LogUtils( 2097): Dictionary info: dictionary = main:en ; version = 54 ; date = 1414726273
06-06 02:53:05.826 W/ProcessCpuTracker( 1841): Skipping unknown process pid 2386
06-06 02:53:07.766 W/System  ( 1841): ClassLoader referenced unknown path: /system/priv-app/Telecom/lib/x86_64
06-06 02:53:07.985 D/ApplicationLoaders( 1841): ignored Vulkan layer search path /system/priv-app/Telecom/lib/x86_64:/system/priv-app/Telecom/Telecom.apk!/lib/x86_64:/system/lib64:/vendor/lib64 for namespace 0x7aa2427f31d0
06-06 02:53:08.201 D/gralloc_ranchu( 2346): Emulator without host-side GPU emulation detected. Loading gralloc.default.so from /vendor/lib64/hw/gralloc.goldfish.default.so...
06-06 02:53:08.205 D/gralloc_ranchu( 2346): gralloc.default.so not found in /vendor. Trying /system/lib64/hw/gralloc.goldfish.default.so...
06-06 02:53:08.427 I/ActivityManager( 1841): Displayed com.android.settings/.FallbackHome: +7s932ms
06-06 02:53:09.065 W/ProcessCpuTracker( 1841): Skipping unknown process pid 2366
06-06 02:53:09.366 I/art     ( 1841): Wrote stack traces to '/data/anr/traces.txt'
06-06 02:53:09.434 D/StorageNotification( 2102): Notifying about private volume: VolumeInfo{private}:
06-06 02:53:09.434 D/StorageNotification( 2102):     type=PRIVATE diskId=null partGuid=null mountFlags=0 mountUserId=-1 
06-06 02:53:09.434 D/StorageNotification( 2102):     state=MOUNTED 
06-06 02:53:09.434 D/StorageNotification( 2102):     fsType=null fsUuid=null fsLabel=null 
06-06 02:53:09.434 D/StorageNotification( 2102):     path=/data internalPath=null 
06-06 02:53:09.769 D/StorageNotification( 2102): Notifying about public volume: VolumeInfo{public:253,48}:
06-06 02:53:09.769 D/StorageNotification( 2102):     type=PUBLIC diskId=disk:253,48 partGuid=null mountFlags=VISIBLE 
06-06 02:53:09.769 D/StorageNotification( 2102):     mountUserId=0 state=MOUNTED 
06-06 02:53:09.769 D/StorageNotification( 2102):     fsType=vfat fsUuid=1EFF-1C1B fsLabel=SDCARD 
06-06 02:53:09.769 D/StorageNotification( 2102):     path=/storage/1EFF-1C1B internalPath=/mnt/media_rw/1EFF-1C1B 
06-06 02:53:10.585 W/ProcessCpuTracker( 1841): Skipping unknown process pid 2396
06-06 02:53:10.604 I/Choreographer( 2346): Skipped 40 frames!  The application may be doing too much work on its main thread.
06-06 02:53:11.248 E/ActivityManager( 1841): ANR in system
06-06 02:53:11.248 E/ActivityManager( 1841): PID: 1841
06-06 02:53:11.248 E/ActivityManager( 1841): Reason: executing service com.android.server.telecom/.components.TelecomService
06-06 02:53:11.248 E/ActivityManager( 1841): Load: 8.53 / 3.97 / 1.57
06-06 02:53:11.248 E/ActivityManager( 1841): CPU usage from 10504ms to 20497ms later (2020-06-06 02:53:00.495 to 2020-06-06 02:53:10.488):
06-06 02:53:11.248 E/ActivityManager( 1841):   37% 1503/bootanimation: 21% user + 15% kernel
06-06 02:53:11.248 E/ActivityManager( 1841):   33% 1841/system_server: 9.2% user + 24% kernel / faults: 904 minor 14 major
06-06 02:53:11.248 E/ActivityManager( 1841):   32% 1321/surfaceflinger: 21% user + 11% kernel / faults: 8 minor
06-06 02:53:11.248 E/ActivityManager( 1841):   11% 1331/media.codec: 5.9% user + 5.6% kernel / faults: 1265 minor
06-06 02:53:11.248 E/ActivityManager( 1841):   10% 2328/com.android.phone: 5% user + 5.8% kernel / faults: 5037 minor 54 major
06-06 02:53:11.248 E/ActivityManager( 1841):   9% 2102/com.android.systemui: 3.6% user + 5.4% kernel / faults: 328 minor 1 major
06-06 02:53:11.248 E/ActivityManager( 1841):   7.3% 8/rcu_preempt: 0% user + 7.3% kernel
06-06 02:53:11.248 E/ActivityManager( 1841):   3.2% 1323/adbd: 0.8% user + 2.4% kernel / faults: 565 minor
06-06 02:53:11.248 E/ActivityManager( 1841):   2.6% 1334/media.extractor: 0.7% user + 1.9% kernel / faults: 17 minor
06-06 02:53:11.248 E/ActivityManager( 1841):   1.5% 1337/mediaserver: 1.1% user + 0.4% kernel / faults: 19 minor
06-06 02:53:11.248 E/ActivityManager( 1841):   1.4% 1320/servicemanager: 0.8% user + 0.6% kernel
06-06 02:53:11.248 E/ActivityManager( 1841):   1% 1267/logd: 0.3% user + 0.7% kernel / faults: 14 minor
06-06 02:53:11.248 E/ActivityManager( 1841):   1% 2097/com.android.inputmethod.latin: 0.4% user + 0.6% kernel / faults: 108 minor
06-06 02:53:11.248 E/ActivityManager( 1841):   0.5% 1255/kworker/0:1H: 0% user + 0.5% kernel
06-06 02:53:11.248 E/ActivityManager( 1841):   0.5% 3/ksoftirqd/0: 0% user + 0.5% kernel
06-06 02:53:11.248 E/ActivityManager( 1841):   0% 1339/rild: 0% user + 0% kernel / faults: 5 minor
06-06 02:53:11.248 E/ActivityManager( 1841):   0.2% 17/kworker/u4:1: 0% user + 0.2% kernel
06-06 02:53:11.248 E/ActivityManager( 1841):   0.3% 1326/audioserver: 0% user + 0.3% kernel / faults: 1 minor
06-06 02:53:11.248 E/ActivityManager( 1841):   0% 1265/jbd2/vdc-8: 0% user + 0% kernel
06-06 02:53:11.248 E/ActivityManager( 1841):   0.2% 1276/debuggerd64: 0% user + 0.2% kernel / faults: 29 minor
06-06 02:53:11.248 E/ActivityManager( 1841):   0% 1319/lmkd: 0% user + 0% kernel
06-06 02:53:11.248 E/ActivityManager( 1841):   0% 1//init: 0% user + 0% kernel
06-06 02:53:11.248 E/ActivityManager( 1841):   0% 12/ksoftirqd/1: 0% user + 0% kernel
06-06 02:53:11.248 E/ActivityManager( 1841):   0.1% 1275/debuggerd: 0% user + 0.1% kernel / faults: 2 minor
06-06 02:53:11.248 E/ActivityManager( 1841):   0% 1316/healthd: 0% user + 0% kernel
06-06 02:53:11.248 E/ActivityManager( 1841):   0.1% 1408/logcat: 0.1% user + 0% kernel
06-06 02:53:11.248 E/ActivityManager( 1841):   0% 2182/sdcard: 0% user + 0% kernel / faults: 7 minor
06-06 02:53:11.248 E/ActivityManager( 1841):  +0% 2346/com.android.settings: 0% user + 0% kernel
06-06 02:53:11.248 E/ActivityManager( 1841):  +0% 2398/getprop: 0% user + 0% kernel
06-06 02:53:11.248 E/ActivityManager( 1841): 100% TOTAL: 46% user + 52% kernel + 0.8% softirq
06-06 02:53:11.248 E/ActivityManager( 1841): CPU usage from 19213ms to 20239ms later (2020-06-06 02:53:09.204 to 2020-06-06 02:53:10.230):
06-06 02:53:11.248 E/ActivityManager( 1841):   35% 2346/com.android.settings: 24% user + 10% kernel / faults: 6737 minor 3 major
06-06 02:53:11.248 E/ActivityManager( 1841):     34% 2346/ndroid.settings: 24% user + 10% kernel
06-06 02:53:11.248 E/ActivityManager( 1841):     0.6% 2352/Jit thread pool: 0% user + 0.6% kernel
06-06 02:53:11.248 E/ActivityManager( 1841):   26% 1321/surfaceflinger: 13% user + 13% kernel
06-06 02:53:11.248 E/ActivityManager( 1841):     11% 1321/surfaceflinger: 8% user + 3% kernel
06-06 02:53:11.248 E/ActivityManager( 1841):     7% 1491/DispSync: 2% user + 5% kernel
06-06 02:53:11.248 E/ActivityManager( 1841):     3% 1496/EventThread: 1% user + 2% kernel
06-06 02:53:11.248 E/ActivityManager( 1841):     2% 1494/EventThread: 1% user + 1% kernel
06-06 02:53:11.248 E/ActivityManager( 1841):     2% 1495/POSIX timer 1: 0% user + 2% kernel
06-06 02:53:11.248 E/ActivityManager( 1841):     1% 1493/POSIX timer 0: 0% user + 1% kernel
06-06 02:53:11.248 E/ActivityManager( 1841):     1% 2307/Binder:1321_5: 0% user + 1% kernel
06-06 02:53:11.248 E/ActivityManager( 1841):   30% 1841/system_server: 6.1% user + 24% kernel / faults: 66 minor
06-06 02:53:11.248 E/ActivityManager( 1841):     11% 1897/ActivityManager: 1.2% user + 9.7% kernel
06-06 02:53:11.248 E/ActivityManager( 1841):     3.6% 1896/android.bg: 1.2% user + 2.4% kernel
06-06 02:53:11.248 E/ActivityManager( 1841):     3.6% 2365/Binder:1841_7: 2.4% user + 1.2% kernel
06-06 02:53:11.248 E/ActivityManager( 1841):     2.4% 1841/system_server: 0% user + 2.4% kernel
06-06 02:53:11.248 E/ActivityManager( 1841):     2.4% 2027/SettingsProvide: 0% user + 2.4% kernel
06-06 02:53:11.248 E/ActivityManager( 1841):     2.4% 2109/Binder:1841_3: 1.2% user + 1.2% kernel
06-06 02:53:11.248 E/ActivityManager( 1841):     1.2% 1873/Binder:1841_1: 0% user + 1.2% kernel
06-06 02:53:11.248 E/ActivityManager( 1841):     1.2% 1874/Binder:1841_2: 0% user + 1.2% kernel
06-06 02:53:11.248 E/ActivityManager( 1841):     1.2% 2364/Binder:1841_6: 0% user + 1.2% kernel
06-06 02:53:11.248 E/ActivityManager( 1841):   25% 1503/bootanimation: 16% user + 9.3% kernel
06-06 02:53:11.248 E/ActivityManager( 1841):     20% 1628/BootAnimation: 12% user + 8.1% kernel
06-06 02:53:11.248 E/ActivityManager( 1841):   10% 2396/getprop: 8.3% user + 2.3% kernel / faults: 367 minor
06-06 02:53:11.248 E/ActivityManager( 1841):   9.5% 2328/com.android.phone: 4.7% user + 4.7% kernel / faults: 160 minor 1 major
06-06 02:53:11.248 E/ActivityManager( 1841):     7.1% 2328/m.android.phone: 3.5% user + 3.5% kernel
06-06 02:53:11.248 E/ActivityManager( 1841):     2.3% 2401/RILReceiver0: 2.3% user + 0% kernel
06-06 02:53:11.248 E/ActivityManager( 1841):   10% 2398/getprop: 6.5% user + 3.9% kernel / faults: 371 minor
06-06 02:53:11.248 E/ActivityManager( 1841):   8.7% 2102/com.android.systemui: 7.5% user + 1.2% kernel / faults: 120 minor 1 major
06-06 02:53:11.248 E/ActivityManager( 1841):     8.7% 2102/ndroid.systemui: 7.5% user + 1.2% kernel
06-06 02:53:11.248 E/ActivityManager( 1841):    +0% 2404/Keyboard: 0% user + 0% kernel
06-06 02:53:11.248 E/ActivityManager( 1841):   5.8% 8/rcu_preempt: 0% user + 5.8% kernel
06-06 02:53:11.248 E/ActivityManager( 1841):   3.9% 1267/logd: 0% user + 3.9% kernel / faults: 4 minor
06-06 02:53:11.248 E/ActivityManager( 1841):     1.9% 1270/logd.writer: 0.9% user + 0.9% kernel
06-06 02:53:11.248 E/ActivityManager( 1841):     1.9% 1478/logd.reader.per: 0% user + 1.9% kernel
06-06 02:53:11.248 E/ActivityManager( 1841):   0.1% 1//init: 0% user + 0.1% kernel
06-06 02:53:11.248 E/ActivityManager( 1841):   0.9% 3/ksoftirqd/0: 0% user + 0.9% kernel
06-06 02:53:11.248 E/ActivityManager( 1841):   0.9% 1255/kworker/0:1H: 0% user + 0.9% kernel
06-06 02:53:11.248 E/ActivityManager( 1841):   1.1% 1339/rild:
06-06 02:53:11.267 E/BluetoothAdapter( 1841): Bluetooth binder is null
06-06 02:53:11.557 W/GnssLocationProvider( 1841): Could not open GPS configuration file /etc/gps.conf
06-06 02:53:11.558 E/GnssLocationProvider( 1841): no AGPS interface in set_agps_server
06-06 02:53:11.823 I/Telecom ( 1841): SystemStateProvider: Registering car mode receiver: android.content.IntentFilter@d65c42: TS.init@AAA
06-06 02:53:11.924 I/Choreographer( 2346): Skipped 33 frames!  The application may be doing too much work on its main thread.
06-06 02:53:12.063 W/art     ( 1841): Long monitor contention with owner ActivityManager (1897) at int com.android.server.am.ActivityManagerService.bindService(android.app.IApplicationThread, android.os.IBinder, android.content.Intent, java.lang.String, android.app.IServiceConnection, int, java.lang.String, int)(ActivityManagerService.java:17301) waiters=0 in android.content.pm.UserInfo com.android.server.am.UserController.getCurrentUser() for 220ms
06-06 02:53:12.101 V/KeyguardServiceDelegate( 1841): *** Keyguard started
06-06 02:53:12.357 W/KeyguardServiceDelegate( 1841): onScreenTurningOn(): no keyguard service!
06-06 02:53:12.695 I/Choreographer( 2102): Skipped 1281 frames!  The application may be doing too much work on its main thread.
06-06 02:53:13.248 I/Telecom ( 1841): Telecom: Non-call EVENT: AUDIO_ROUTE, Entering state QuiescentEarpieceRoute
06-06 02:53:14.343 I/Telecom ( 1841): CallAudioModeStateMachine: Message received: null.: TS.init->CAMSM.pM_1@AAA_0
06-06 02:53:16.644 I/StatusBarManagerService( 1841): registerStatusBar bar=com.android.internal.statusbar.IStatusBar$Stub$Proxy@c9b5026
06-06 02:53:16.817 E/ActivityThread( 1841): Failed to find provider info for call_log
06-06 02:53:16.917 E/BluetoothAdapter( 1841): Bluetooth binder is null
06-06 02:53:17.498 I/Telecom ( 1841): Class: TelecomSystem.INSTANCE being set
06-06 02:53:17.520 E/BluetoothAdapter( 1841): Bluetooth binder is null
06-06 02:53:17.596 W/ContextImpl( 1841): Calling a method in the system process without a qualified user: android.app.ContextImpl.startService:1357 com.android.server.content.SyncManager$13.run:658 android.os.Handler.handleCallback:751 android.os.Handler.dispatchMessage:95 android.os.Looper.loop:154 
06-06 02:53:17.869 W/WindowManager( 1841): Keyguard drawn timeout. Setting mKeyguardDrawComplete
06-06 02:53:19.102 W/WindowManager( 1841): Timeout waiting for drawn: undrawn=[Window{6df6244 u0 KeyguardScrim}]
06-06 02:53:19.171 W/System  ( 1841): ClassLoader referenced unknown path: /system/priv-app/FusedLocation/lib/x86_64
06-06 02:53:19.177 D/ApplicationLoaders( 1841): ignored Vulkan layer search path /system/priv-app/FusedLocation/lib/x86_64:/system/priv-app/FusedLocation/FusedLocation.apk!/lib/x86_64:/system/lib64:/vendor/lib64 for namespace 0x7aa2427f3240
06-06 02:53:19.563 I/Choreographer( 1841): Skipped 81 frames!  The application may be doing too much work on its main thread.
06-06 02:53:19.759 V/WiredAccessoryManager( 1841): notifyWiredAccessoryChanged: when=0 bits= mask=54
06-06 02:53:19.759 V/WiredAccessoryManager( 1841): newName=h2w newState=0 headsetState=0 prev headsetState=0
06-06 02:53:19.759 E/WiredAccessoryManager( 1841): No state change.
06-06 02:53:19.759 V/WiredAccessoryManager( 1841): init()
06-06 02:53:19.925 D/ConditionProviders.SCP( 1841): onSubscribe condition://android/schedule?days=1.2.3.4.5&start=22.0&end=7.0&exitAtAlarm=false
06-06 02:53:20.030 W/WindowManager( 1841): Window freeze timeout expired.
06-06 02:53:20.031 W/WindowManager( 1841): Force clearing orientation change: Window{6df6244 u0 KeyguardScrim}
06-06 02:53:20.036 D/ConditionProviders.SCP( 1841): setRegistered true
06-06 02:53:20.096 D/ConditionProviders.SCP( 1841): notifyCondition condition://android/schedule?days=1.2.3.4.5&start=22.0&end=7.0&exitAtAlarm=false STATE_FALSE reason=!meetsSchedule
06-06 02:53:20.126 D/ConditionProviders.SCP( 1841): Scheduling evaluate for Sat Jun 06 07:00:00 UTC 2020 (1591426800000), in +4h6m39s962ms, now=Sat Jun 06 02:53:20 UTC 2020 (1591412000038)
06-06 02:53:20.128 D/ConditionProviders.SCP( 1841): onSubscribe condition://android/schedule?days=6.7&start=23.30&end=10.0&exitAtAlarm=false
06-06 02:53:20.294 W/SystemConfig( 2328): No directory /system/etc/sysconfig, skipping
06-06 02:53:20.311 D/ConditionProviders.SCP( 1841): notifyCondition condition://android/schedule?days=6.7&start=23.30&end=10.0&exitAtAlarm=false STATE_TRUE reason=meetsSchedule
06-06 02:53:20.312 D/ConditionProviders.SCP( 1841): notifyCondition condition://android/schedule?days=1.2.3.4.5&start=22.0&end=7.0&exitAtAlarm=false STATE_FALSE reason=!meetsSchedule
06-06 02:53:20.315 D/ConditionProviders.SCP( 1841): Scheduling evaluate for Sat Jun 06 07:00:00 UTC 2020 (1591426800000), in +4h6m39s871ms, now=Sat Jun 06 02:53:20 UTC 2020 (1591412000129)
06-06 02:53:20.492 I/Telecom ( 1841): WiredHeadsetManager: ACTION_HEADSET_PLUG event, plugged in: false, : WHC.oADA@AAE
06-06 02:53:20.493 D/GpsNetInitiatedHandler( 1841): location enabled :true
06-06 02:53:21.159 W/ActivityManager( 1841): Slow operation: 457ms so far, now at startProcess: returned from zygote!
06-06 02:53:21.159 W/ActivityManager( 1841): Slow operation: 457ms so far, now at startProcess: done updating battery stats
06-06 02:53:21.221 W/ActivityManager( 1841): Slow operation: 519ms so far, now at startProcess: building log message
06-06 02:53:21.222 I/ActivityManager( 1841): Start proc 2443:com.android.cellbroadcastreceiver/u0a4 for broadcast com.android.cellbroadcastreceiver/.CellBroadcastReceiver
06-06 02:53:21.222 W/ActivityManager( 1841): Slow operation: 520ms so far, now at startProcess: starting to update pids map
06-06 02:53:21.222 W/ActivityManager( 1841): Slow operation: 520ms so far, now at startProcess: done updating pids map
06-06 02:53:21.222 W/ActivityManager( 1841): Slow operation: 537ms so far, now at startProcess: done starting proc!
06-06 02:53:21.223 W/art     ( 1841): Long monitor contention with owner main (1841) at void com.android.server.am.BroadcastQueue.processNextBroadcast(boolean)(BroadcastQueue.java:760) waiters=0 in void com.android.server.am.ActivityManagerService.dispatchUidsChanged() for 521ms
06-06 02:53:21.229 W/art     ( 1841): Long monitor contention with owner main (1841) at void com.android.server.am.BroadcastQueue.processNextBroadcast(boolean)(BroadcastQueue.java:760) waiters=1 in android.content.Intent com.android.server.am.ActivityManagerService.registerReceiver(android.app.IApplicationThread, java.lang.String, android.content.IIntentReceiver, android.content.IntentFilter, java.lang.String, int) for 182ms
06-06 02:53:21.319 W/art     ( 2443): Unexpected CPU variant for X86 using defaults: x86_64
06-06 02:53:21.584 W/art     ( 2443): Long monitor contention with owner main (2443) at void java.lang.Daemons$Daemon.start()(Daemons.java:-1) waiters=0 in void java.lang.Daemons$FinalizerWatchdogDaemon.goToSleep() for 143ms
06-06 02:53:21.777 D/PhoneSwitcherNetworkRequstListener( 2328): Registering NetworkFactory
06-06 02:53:21.791 D/ConnectivityService( 1841): Got NetworkFactory Messenger for PhoneSwitcherNetworkRequstListener
06-06 02:53:21.842 W/BroadcastQueue( 1841): Timeout of broadcast BroadcastRecord{7ad6e07 u-1 android.intent.action.TIME_TICK} - receiver=android.app.LoadedApk$ReceiverDispatcher$InnerReceiver@8100dea, started 10027ms ago
06-06 02:53:21.843 W/BroadcastQueue( 1841): Receiver during timeout: BroadcastFilter{ce48f78 u0 ReceiverList{f68db 1841 system/1000/u0 local:8100dea}}
06-06 02:53:22.279 D/AccessibilityManagerService( 1841): Ignoring non-encryption-aware service ComponentInfo{com.example.android.apis/com.example.android.apis.accessibility.ClockBackService}
06-06 02:53:22.279 D/AccessibilityManagerService( 1841): Ignoring non-encryption-aware service ComponentInfo{com.example.android.apis/com.example.android.apis.accessibility.MagnificationService}
06-06 02:53:22.279 D/AccessibilityManagerService( 1841): Ignoring non-encryption-aware service ComponentInfo{com.example.android.apis/com.example.android.apis.accessibility.TaskBackService}
06-06 02:53:22.599 D/ConnectivityService( 1841): Got NetworkFactory Messenger for TelephonyNetworkFactory[0]
06-06 02:53:23.285 W/art     ( 1841): Suspending all threads took: 57.343ms
06-06 02:53:24.611 I/art     ( 1841): Background sticky concurrent mark sweep GC freed 46388(3MB) AllocSpace objects, 11(868KB) LOS objects, 7% free, 15MB/16MB, paused 110.842ms total 13.065s
06-06 02:53:24.644 W/art     ( 1841): Long monitor contention with owner ConditionProviders.ECP (2071) at android.content.pm.ProviderInfo com.android.server.pm.PackageManagerService.resolveContentProvider(java.lang.String, int, int)(PackageManagerService.java:6460) waiters=0 in int com.android.server.pm.PackageManagerService.checkUidPermission(java.lang.String, int) for 1.701s
06-06 02:53:24.650 W/art     ( 1841): Long monitor contention with owner ConditionProviders.ECP (2071) at android.content.pm.ProviderInfo com.android.server.pm.PackageManagerService.resolveContentProvider(java.lang.String, int, int)(PackageManagerService.java:6460) waiters=1 in boolean com.android.server.pm.PackageManagerService.isProtectedBroadcast(java.lang.String) for 1.649s
06-06 02:53:24.655 W/art     ( 1841): Long monitor contention with owner ConditionProviders.ECP (2071) at android.content.pm.ProviderInfo com.android.server.pm.PackageManagerService.resolveContentProvider(java.lang.String, int, int)(PackageManagerService.java:6460) waiters=2 in int com.android.server.pm.PackageManagerService.checkUidPermission(java.lang.String, int) for 187ms
06-06 02:53:24.677 W/art     ( 1841): Long monitor contention with owner main (1841) at int com.android.server.am.ActivityManagerService.broadcastIntent(android.app.IApplicationThread, android.content.Intent, java.lang.String, android.content.IIntentReceiver, int, java.lang.String, android.os.Bundle, java.lang.String[], int, android.os.Bundle, boolean, boolean, int)(ActivityManagerService.java:18551) waiters=1 in void com.android.server.am.ActivityManagerService$MainHandler.handleMessage(android.os.Message) for 976ms
06-06 02:53:24.687 W/VibratorService( 1841): Tried to stop vibrating but there is no vibrator device.
06-06 02:53:30.544 I/art     ( 2102): Background sticky concurrent mark sweep GC freed 18213(2MB) AllocSpace objects, 2(40KB) LOS objects, 29% free, 7MB/10MB, paused 2.395ms total 875.833ms
06-06 02:53:31.037 W/art     ( 1841): Long monitor contention with owner ActivityManager (1897) at void com.android.server.am.BroadcastQueue.processNextBroadcast(boolean)(BroadcastQueue.java:760) waiters=2 in java.lang.String com.android.server.am.ActivityManagerService.checkContentProviderAccess(java.lang.String, int) for 6.346s
06-06 02:53:31.353 I/ActivityManager( 1841): user 0 is still locked. Cannot load recents
